Unique ID: fbec6fb8c0c4ce91be4340e514f8c798,
Execution Time for Trace ID fbec6fb8c0c4ce91be4340e514f8c798: 1605 ms
Input: 5250000,
Cold Start: false
Unique ID: ecbc8d9b968e27ffcc1cbd5e3b9199ed,
Execution Time for Trace ID ecbc8d9b968e27ffcc1cbd5e3b9199ed: 1592 ms
Input: 5250000,
Cold Start: false
Unique ID: 0b688231ebb9063576df0d80c3b1a6d9,
Execution Time for Trace ID 0b688231ebb9063576df0d80c3b1a6d9: 1565 ms
Input: 5250000,
Cold Start: false
Unique ID: 4c7eef097c92979abd3272d02e71c611,
Execution Time for Trace ID 4c7eef097c92979abd3272d02e71c611: 1544 ms
Input: 5250000,
Cold Start: false
Unique ID: dc69313c47d551c1ad5bde94f2e9100e,
Execution Time for Trace ID dc69313c47d551c1ad5bde94f2e9100e: 1677 ms
Input: 5250000,
Cold Start: false
Unique ID: e2c26eb9d296abcc58b27dd90146ee14,
Execution Time for Trace ID e2c26eb9d296abcc58b27dd90146ee14: 1517 ms
Input: 5250000,
Cold Start: false
Unique ID: 5b8b17a1683ef621ee3969b9d5ab9459,
Execution Time for Trace ID 5b8b17a1683ef621ee3969b9d5ab9459: 1640 ms
Input: 5250000,
Cold Start: false
Unique ID: b8637df51b1c8d686c6427fbe8d285c2,
Execution Time for Trace ID b8637df51b1c8d686c6427fbe8d285c2: 1839 ms
Input: 5250000,
Cold Start: false
Unique ID: 0672380717a10c349c3eb4eeef3e4d0a,
Execution Time for Trace ID 0672380717a10c349c3eb4eeef3e4d0a: 2070 ms
Input: 5250000,
Cold Start: false
Unique ID: 497f429f20838a11c3650d6154429d66,
Execution Time for Trace ID 497f429f20838a11c3650d6154429d66: 2103 ms
Input: 5250000,
Cold Start: false
Unique ID: 3098b4d2257963ca0efdb2204fda1277,
Execution Time for Trace ID 3098b4d2257963ca0efdb2204fda1277: 1491 ms
Input: 5250000,
Cold Start: false
Unique ID: 3ef922eaeec265ca08e2fb9a86823aaa,
Execution Time for Trace ID 3ef922eaeec265ca08e2fb9a86823aaa: 1553 ms
Input: 5250000,
Cold Start: false
Unique ID: 8b72b46ca8544188f4bfd104c6c24e10,
Execution Time for Trace ID 8b72b46ca8544188f4bfd104c6c24e10: 1534 ms
Input: 5250000,
Cold Start: false
Unique ID: 2e288a9b0b1e4b328ab061f44f029a00,
Execution Time for Trace ID 2e288a9b0b1e4b328ab061f44f029a00: 1677 ms
Input: 5250000,
Cold Start: false
Unique ID: a7ea7644d458cbd43bf4a08af29d1461,
Execution Time for Trace ID a7ea7644d458cbd43bf4a08af29d1461: 2055 ms
Input: 5250000,
Cold Start: false
Unique ID: 1cfe3b7400c9c6c64330cb5f563255a6,
Execution Time for Trace ID 1cfe3b7400c9c6c64330cb5f563255a6: 1584 ms
Input: 5250000,
Cold Start: false
Unique ID: 0a5d89aa9eec2baddc876d73402f0125,
Execution Time for Trace ID 0a5d89aa9eec2baddc876d73402f0125: 1704 ms
Input: 5250000,
Cold Start: false
Unique ID: 3dd7f9625f5d59c225175b18be36fa29,
Execution Time for Trace ID 3dd7f9625f5d59c225175b18be36fa29: 1847 ms
Input: 5250000,
Cold Start: false
Unique ID: d0140929a907947ff74b0809eb32741f,
Execution Time for Trace ID d0140929a907947ff74b0809eb32741f: 2081 ms
Input: 5250000,
Cold Start: false
Unique ID: 9644c790078074a2ecf21f6116825640,
Execution Time for Trace ID 9644c790078074a2ecf21f6116825640: 2029 ms
Input: 5250000,
Cold Start: false
Unique ID: 3f5dca877c4909a49bbabc296f4cd125,
Execution Time for Trace ID 3f5dca877c4909a49bbabc296f4cd125: 1439 ms
Input: 5250000,
Cold Start: false
Unique ID: e4d1a2e1279473f9a028ed8ac96f9fd2,
Execution Time for Trace ID e4d1a2e1279473f9a028ed8ac96f9fd2: 1471 ms
Input: 5250000,
Cold Start: false
Unique ID: 934fb80d6cf52661986c5d0fd61e5842,
Execution Time for Trace ID 934fb80d6cf52661986c5d0fd61e5842: 1751 ms
Input: 5250000,
Cold Start: false
Unique ID: 310c9e41d874c9e4bbd18b78acd53038,
Execution Time for Trace ID 310c9e41d874c9e4bbd18b78acd53038: 2030 ms
Input: 5250000,
Cold Start: false
Unique ID: fb7cff58bd225512d77156461a57e35a,
Execution Time for Trace ID fb7cff58bd225512d77156461a57e35a: 1489 ms
Input: 5250000,
Cold Start: false
Unique ID: 89666fc5d3467d14df7cf02d76a37ca5,
Execution Time for Trace ID 89666fc5d3467d14df7cf02d76a37ca5: 1751 ms
Input: 5250000,
Cold Start: false
Unique ID: ba5cb1a86dc08eae3c242b06f55cb8af,
Execution Time for Trace ID ba5cb1a86dc08eae3c242b06f55cb8af: 2443 ms
Input: 5250000,
Cold Start: true
Unique ID: c028928adb91fc875f1e1bf8f4195739,
Execution Time for Trace ID c028928adb91fc875f1e1bf8f4195739: 2085 ms
Input: 5250000,
Cold Start: false
Unique ID: 853400b6e54a23f20952b019190eda0b,
Execution Time for Trace ID 853400b6e54a23f20952b019190eda0b: 2046 ms
Input: 5250000,
Cold Start: false
Unique ID: 435f36667be6e41e3ea970435e3c9a87,
Execution Time for Trace ID 435f36667be6e41e3ea970435e3c9a87: 1481 ms
Input: 5250000,
Cold Start: false
Unique ID: 882bb6384541abac693fa8944fb71ede,
Execution Time for Trace ID 882bb6384541abac693fa8944fb71ede: 1599 ms
Input: 5250000,
Cold Start: false
Unique ID: 9cb05bc2a21d41c37c1f4f33a3c5446d,
Execution Time for Trace ID 9cb05bc2a21d41c37c1f4f33a3c5446d: 1693 ms
Input: 5250000,
Cold Start: false
Unique ID: 29d3729924f98115478bceaec681adab,
Execution Time for Trace ID 29d3729924f98115478bceaec681adab: 1913 ms
Input: 5250000,
Cold Start: false
Unique ID: f4a20a8d50d377ae353bdac16d122c7a,
Execution Time for Trace ID f4a20a8d50d377ae353bdac16d122c7a: 2354 ms
Input: 5250000,
Cold Start: true
Unique ID: d14a1425e77d780e9a66f7e2ace167ee,
Execution Time for Trace ID d14a1425e77d780e9a66f7e2ace167ee: 1876 ms
Input: 5250000,
Cold Start: false
Unique ID: 97f99a37eadae5d61ebdbd56c35b745c,
Execution Time for Trace ID 97f99a37eadae5d61ebdbd56c35b745c: 1596 ms
Input: 5250000,
Cold Start: false
Unique ID: e4cdf9db708d7157a865d33e4c9146cd,
Execution Time for Trace ID e4cdf9db708d7157a865d33e4c9146cd: 1538 ms
Input: 5250000,
Cold Start: false
Unique ID: 48a3047e7ffed7eefe0f3136c21acca0,
Execution Time for Trace ID 48a3047e7ffed7eefe0f3136c21acca0: 1664 ms
Input: 5250000,
Cold Start: false
Unique ID: c8153b2dab3c140cb23f5b4b0ed6df92,
Execution Time for Trace ID c8153b2dab3c140cb23f5b4b0ed6df92: 1687 ms
Input: 5250000,
Cold Start: false
Unique ID: a448a0f28bf1c47b0ff1583a5fb45298,
Execution Time for Trace ID a448a0f28bf1c47b0ff1583a5fb45298: 1587 ms
Input: 5250000,
Cold Start: false
Unique ID: b8db1b3c8c4dc62c4536b5890896e25c,
Execution Time for Trace ID b8db1b3c8c4dc62c4536b5890896e25c: 1225 ms
Input: 5250000,
Cold Start: false
Unique ID: 677ba7855556172203aef17c0000936a,
Execution Time for Trace ID 677ba7855556172203aef17c0000936a: 1435 ms
Input: 5250000,
Cold Start: false
Unique ID: 6ed7a3ead042ed9d0910d42dc019b40e,
Execution Time for Trace ID 6ed7a3ead042ed9d0910d42dc019b40e: 1432 ms
Input: 5250000,
Cold Start: false
Unique ID: 3154e74d5871a15bea251d8502734bb4,
Execution Time for Trace ID 3154e74d5871a15bea251d8502734bb4: 1579 ms
Input: 5250000,
Cold Start: false
Unique ID: e094d6dd2bbfce04a575cdf17641972b,
Execution Time for Trace ID e094d6dd2bbfce04a575cdf17641972b: 1710 ms
Input: 5250000,
Cold Start: false
Unique ID: 64298370679e5daa9a5b8624df72d17e,
Execution Time for Trace ID 64298370679e5daa9a5b8624df72d17e: 1498 ms
Input: 5250000,
Cold Start: false
Unique ID: 4adb1704d517509be98becacc270d6cd,
Execution Time for Trace ID 4adb1704d517509be98becacc270d6cd: 1528 ms
Input: 5250000,
Cold Start: false
Unique ID: 5211166404ac7680486178f261481e32,
Execution Time for Trace ID 5211166404ac7680486178f261481e32: 1439 ms
Input: 5250000,
Cold Start: false
Unique ID: e63457f6e450d4e9322501c652f330a1,
Execution Time for Trace ID e63457f6e450d4e9322501c652f330a1: 2294 ms
Input: 5250000,
Cold Start: false
Unique ID: 2ebb79cfd0cdbddbb11ab99b8347a012,
Execution Time for Trace ID 2ebb79cfd0cdbddbb11ab99b8347a012: 1500 ms
Input: 5250000,
Cold Start: false
Unique ID: 1cd24a9ac0d237c2cee83ca28d053a38,
Execution Time for Trace ID 1cd24a9ac0d237c2cee83ca28d053a38: 2311 ms
Input: 5250000,
Cold Start: false
Unique ID: 935c6ce827fed033473fc814bc008f83,
Execution Time for Trace ID 935c6ce827fed033473fc814bc008f83: 1505 ms
Input: 5250000,
Cold Start: false
Unique ID: c8d72abade03cd2be575cb6cd6cbc1cd,
Execution Time for Trace ID c8d72abade03cd2be575cb6cd6cbc1cd: 1531 ms
Input: 5250000,
Cold Start: false
Unique ID: 4b28f36acb619fac6c11285dc3836576,
Execution Time for Trace ID 4b28f36acb619fac6c11285dc3836576: 2200 ms
Input: 5250000,
Cold Start: false
Unique ID: 1ba4cfbc6f2768bba904c9f76fc6a137,
Execution Time for Trace ID 1ba4cfbc6f2768bba904c9f76fc6a137: 2193 ms
Input: 5250000,
Cold Start: false
Unique ID: 4efe96347efe02bf4bdf9ebb5e6dbefb,
Execution Time for Trace ID 4efe96347efe02bf4bdf9ebb5e6dbefb: 1591 ms
Input: 5250000,
Cold Start: false
Unique ID: 467e560319634bf6f69d7e1098228491,
Execution Time for Trace ID 467e560319634bf6f69d7e1098228491: 1546 ms
Input: 5250000,
Cold Start: false
Unique ID: e830e2838267ee658a9f3c977296e27b,
Execution Time for Trace ID e830e2838267ee658a9f3c977296e27b: 1493 ms
Input: 5250000,
Cold Start: false
Unique ID: 16956f017071d80f5088906b2d6a9a36,
Execution Time for Trace ID 16956f017071d80f5088906b2d6a9a36: 1509 ms
Input: 5250000,
Cold Start: false
Unique ID: 2edb4399273b6bf6d1f76867badba0db,
Execution Time for Trace ID 2edb4399273b6bf6d1f76867badba0db: 1777 ms
Input: 5250000,
Cold Start: false
Unique ID: ba6769dde2190caf553bbf482f29ed5d,
Execution Time for Trace ID ba6769dde2190caf553bbf482f29ed5d: 1446 ms
Input: 5250000,
Cold Start: false
Unique ID: ef94885ff483709176ae64033ceb0618,
Execution Time for Trace ID ef94885ff483709176ae64033ceb0618: 1654 ms
Input: 5250000,
Cold Start: false
Unique ID: f4db071faab796db35edb7f2cd11354a,
Execution Time for Trace ID f4db071faab796db35edb7f2cd11354a: 1914 ms
Input: 5250000,
Cold Start: false
Unique ID: 2b9de06cb64fc5a980b58adddc1e9a8f,
Execution Time for Trace ID 2b9de06cb64fc5a980b58adddc1e9a8f: 1870 ms
Input: 5250000,
Cold Start: false
Unique ID: e8f3e0f60272181b3a91f959ddaa39a3,
Execution Time for Trace ID e8f3e0f60272181b3a91f959ddaa39a3: 1983 ms
Input: 5250000,
Cold Start: true
Unique ID: 8c90f6901dca26b06b373683cf6434a6,
Execution Time for Trace ID 8c90f6901dca26b06b373683cf6434a6: 1476 ms
Input: 5250000,
Cold Start: false
Unique ID: 740bb4a6d467c54081ba6ef158eb3aab,
Execution Time for Trace ID 740bb4a6d467c54081ba6ef158eb3aab: 1537 ms
Input: 5250000,
Cold Start: false
Unique ID: be6342a6f053b8d4de07adb7771630b7,
Execution Time for Trace ID be6342a6f053b8d4de07adb7771630b7: 1590 ms
Input: 5250000,
Cold Start: false
Unique ID: 735629e1d3cb5cf5e888e753f8d11993,
Execution Time for Trace ID 735629e1d3cb5cf5e888e753f8d11993: 2063 ms
Input: 5250000,
Cold Start: false
Unique ID: ec5e2b23fcba582c3cd7aebab327f320,
Execution Time for Trace ID ec5e2b23fcba582c3cd7aebab327f320: 2198 ms
Input: 5250000,
Cold Start: false
Unique ID: 81e66f3d8d32c52422e3a8ec6bcfd3b1,
Execution Time for Trace ID 81e66f3d8d32c52422e3a8ec6bcfd3b1: 1449 ms
Input: 5250000,
Cold Start: false
Unique ID: 9576c5602ea543f0d2759ce50841a87e,
Execution Time for Trace ID 9576c5602ea543f0d2759ce50841a87e: 1543 ms
Input: 5250000,
Cold Start: false
Unique ID: 8e43f07829db34017b23298fbc12c721,
Execution Time for Trace ID 8e43f07829db34017b23298fbc12c721: 1525 ms
Input: 5250000,
Cold Start: false
Unique ID: c370db884f37697448bd33fd82c97b24,
Execution Time for Trace ID c370db884f37697448bd33fd82c97b24: 1797 ms
Input: 5250000,
Cold Start: false
Unique ID: 8f91c645730935fdc5c8255b0f11fc7e,
Execution Time for Trace ID 8f91c645730935fdc5c8255b0f11fc7e: 1676 ms
Input: 5250000,
Cold Start: false
Unique ID: 0287b40e4b1933e66c45f7acf9136998,
Execution Time for Trace ID 0287b40e4b1933e66c45f7acf9136998: 1431 ms
Input: 5250000,
Cold Start: false
Unique ID: e6806b047132614ac41efc8b2cf244d4,
Execution Time for Trace ID e6806b047132614ac41efc8b2cf244d4: 1589 ms
Input: 5250000,
Cold Start: false
Unique ID: c804c90983a1c7e9a89a46401f586439,
Execution Time for Trace ID c804c90983a1c7e9a89a46401f586439: 1552 ms
Input: 5250000,
Cold Start: false
Unique ID: 5886a7093226c9f94c43d6e939454adb,
Execution Time for Trace ID 5886a7093226c9f94c43d6e939454adb: 1706 ms
Input: 5250000,
Cold Start: false
Unique ID: 30702ae282caed0ef3d716201586ac6d,
Execution Time for Trace ID 30702ae282caed0ef3d716201586ac6d: 1846 ms
Input: 5250000,
Cold Start: false
Unique ID: 6ab6d04e4aed0b5ea9632257394eba82,
Execution Time for Trace ID 6ab6d04e4aed0b5ea9632257394eba82: 1446 ms
Input: 5250000,
Cold Start: false
Unique ID: 09af51ab5133f2e08c7861417795de58,
Execution Time for Trace ID 09af51ab5133f2e08c7861417795de58: 1580 ms
Input: 5250000,
Cold Start: false
Unique ID: c4b68393cd1034d7422c7f7faedf9607,
Execution Time for Trace ID c4b68393cd1034d7422c7f7faedf9607: 1802 ms
Input: 5250000,
Cold Start: false
Unique ID: 3ba0034fb534cedafa67de9655734a81,
Execution Time for Trace ID 3ba0034fb534cedafa67de9655734a81: 1632 ms
Input: 5250000,
Cold Start: false
Unique ID: 70358a339f78b42abc509d8fd1d0cfb1,
Execution Time for Trace ID 70358a339f78b42abc509d8fd1d0cfb1: 1824 ms
Input: 5250000,
Cold Start: false
Unique ID: 5d2d19a39c64e28a6a51e5e8d9e4778b,
Execution Time for Trace ID 5d2d19a39c64e28a6a51e5e8d9e4778b: 1482 ms
Input: 5250000,
Cold Start: false
Unique ID: e9d799a1939922bc755dbdcf4e843286,
Execution Time for Trace ID e9d799a1939922bc755dbdcf4e843286: 1439 ms
Input: 5250000,
Cold Start: false
Unique ID: bb23eeb87735ef2e76fa949eef07ee17,
Execution Time for Trace ID bb23eeb87735ef2e76fa949eef07ee17: 1487 ms
Input: 5250000,
Cold Start: false
Unique ID: 76c78f6e486564371ff5ad5ec28b08ab,
Execution Time for Trace ID 76c78f6e486564371ff5ad5ec28b08ab: 1953 ms
Input: 5250000,
Cold Start: false
Unique ID: e570210b70af9d3f5e8eb51b7df051c0,
Execution Time for Trace ID e570210b70af9d3f5e8eb51b7df051c0: 2011 ms
Input: 5250000,
Cold Start: false
Unique ID: dd285d7e18a07b79c8a5be91bda2fdea,
Execution Time for Trace ID dd285d7e18a07b79c8a5be91bda2fdea: 1496 ms
Input: 5250000,
Cold Start: false
Unique ID: 9d51077fb4d91dfc41520a688dc6ee23,
Execution Time for Trace ID 9d51077fb4d91dfc41520a688dc6ee23: 1486 ms
Input: 5250000,
Cold Start: false
Unique ID: 07f04a3a912a3f7ecda8ae5e3942ce8e,
Execution Time for Trace ID 07f04a3a912a3f7ecda8ae5e3942ce8e: 1682 ms
Input: 5250000,
Cold Start: false
Unique ID: 7cc791a43c2d7d5b5e1e7d341744a28e,
Execution Time for Trace ID 7cc791a43c2d7d5b5e1e7d341744a28e: 1860 ms
Input: 5250000,
Cold Start: false
Unique ID: 4199f138e5e60ed63e4984888a14ed9c,
Execution Time for Trace ID 4199f138e5e60ed63e4984888a14ed9c: 1917 ms
Input: 5250000,
Cold Start: false
Unique ID: c0c4ca6c60b35f536d283c98fdf25fde,
Execution Time for Trace ID c0c4ca6c60b35f536d283c98fdf25fde: 1589 ms
Input: 5250000,
Cold Start: false
Unique ID: e39a5a6f59601862d5ec0b5535d3af99,
Execution Time for Trace ID e39a5a6f59601862d5ec0b5535d3af99: 1494 ms
Input: 5250000,
Cold Start: false
Unique ID: 53adc36c0c9c28595934673a291691b7,
Execution Time for Trace ID 53adc36c0c9c28595934673a291691b7: 1493 ms
Input: 5250000,
Cold Start: false
Unique ID: 11660862ce226a0292b6ec6efb478446,
Execution Time for Trace ID 11660862ce226a0292b6ec6efb478446: 1613 ms
Input: 5250000,
Cold Start: false
Unique ID: 42fb0002d5ccb6d5138ea69cebf7f9a7,
Execution Time for Trace ID 42fb0002d5ccb6d5138ea69cebf7f9a7: 1767 ms
Input: 5250000,
Cold Start: false
Unique ID: 33ec97ec730f1b31f37835393d827f49,
Execution Time for Trace ID 33ec97ec730f1b31f37835393d827f49: 1545 ms
Input: 5250000,
Cold Start: false
Unique ID: e7a9e20711d975da9bc4c6d583b2e61d,
Execution Time for Trace ID e7a9e20711d975da9bc4c6d583b2e61d: 1519 ms
Input: 5250000,
Cold Start: false
Unique ID: 2dd91c889367e99007e1637cb49910df,
Execution Time for Trace ID 2dd91c889367e99007e1637cb49910df: 1542 ms
Input: 5250000,
Cold Start: false
Unique ID: dd7a136d8fa271054d16a1d410c667cc,
Execution Time for Trace ID dd7a136d8fa271054d16a1d410c667cc: 1569 ms
Input: 5250000,
Cold Start: false
Unique ID: 24f0b90cd4a7346974e9f45269134e3a,
Execution Time for Trace ID 24f0b90cd4a7346974e9f45269134e3a: 1703 ms
Input: 5250000,
Cold Start: false
Unique ID: a73bd17987de1b77b8068024736c3ce0,
Execution Time for Trace ID a73bd17987de1b77b8068024736c3ce0: 1583 ms
Input: 5250000,
Cold Start: false
Unique ID: 927d07cf55686c11cd59db4334637d39,
Execution Time for Trace ID 927d07cf55686c11cd59db4334637d39: 1473 ms
Input: 5250000,
Cold Start: false
Unique ID: 2d669f84e9dac4321fd7d19c39377841,
Execution Time for Trace ID 2d669f84e9dac4321fd7d19c39377841: 1556 ms
Input: 5250000,
Cold Start: false
Unique ID: 670b5b088343526b2c204c177d05cfdf,
Execution Time for Trace ID 670b5b088343526b2c204c177d05cfdf: 1623 ms
Input: 5250000,
Cold Start: false
Unique ID: 83ae9119a623c28f7118d61489dc9a12,
Execution Time for Trace ID 83ae9119a623c28f7118d61489dc9a12: 1654 ms
Input: 5250000,
Cold Start: false
Unique ID: 5801d5f276e25ef4b8f585a3ae0ea35f,
Execution Time for Trace ID 5801d5f276e25ef4b8f585a3ae0ea35f: 1459 ms
Input: 5250000,
Cold Start: false
Unique ID: dca0e8b7584d72b44d0b55fda438148d,
Execution Time for Trace ID dca0e8b7584d72b44d0b55fda438148d: 1431 ms
Input: 5250000,
Cold Start: false
Unique ID: b24aa7789cc2cca479dfff5b760a7f70,
Execution Time for Trace ID b24aa7789cc2cca479dfff5b760a7f70: 1555 ms
Input: 5250000,
Cold Start: false
Unique ID: 807da043e6402c69cad61e036c8ca106,
Execution Time for Trace ID 807da043e6402c69cad61e036c8ca106: 1620 ms
Input: 5250000,
Cold Start: false
Unique ID: 3d45802dbacd98c1d89ae872b487b281,
Execution Time for Trace ID 3d45802dbacd98c1d89ae872b487b281: 1587 ms
Input: 5250000,
Cold Start: false
Unique ID: d30ca42c7a47684e634cde591e965ff7,
Execution Time for Trace ID d30ca42c7a47684e634cde591e965ff7: 1956 ms
Input: 5250000,
Cold Start: true
Unique ID: a6113df7ea29a2909cd802a06a93cfec,
Execution Time for Trace ID a6113df7ea29a2909cd802a06a93cfec: 1540 ms
Input: 5250000,
Cold Start: false
Unique ID: 81eaf8435ae5f161f6814f475637a1b4,
Execution Time for Trace ID 81eaf8435ae5f161f6814f475637a1b4: 1461 ms
Input: 5250000,
Cold Start: false
Unique ID: ad32caba174277768f49c02ff223c288,
Execution Time for Trace ID ad32caba174277768f49c02ff223c288: 1635 ms
Input: 5250000,
Cold Start: false
Unique ID: 7cb25a786ff9740302907766611335bc,
Execution Time for Trace ID 7cb25a786ff9740302907766611335bc: 620 ms
Input: 5250000,
Cold Start: false
Unique ID: 11507920c78e346ee6f36544a52a722d,
Execution Time for Trace ID 11507920c78e346ee6f36544a52a722d: 1676 ms
Input: 5250000,
Cold Start: false
Unique ID: e3bae57ef94f013e065aa4cb046a880d,
Execution Time for Trace ID e3bae57ef94f013e065aa4cb046a880d: 1498 ms
Input: 5250000,
Cold Start: false
Unique ID: 7b28a7a7f447e087f4a145f5cf7cf5b6,
Execution Time for Trace ID 7b28a7a7f447e087f4a145f5cf7cf5b6: 1380 ms
Input: 5250000,
Cold Start: false
Unique ID: 2a6017856814ee688f4378104f16b926,
Execution Time for Trace ID 2a6017856814ee688f4378104f16b926: 1530 ms
Input: 5250000,
Cold Start: false
Unique ID: e4db2ed54a10f62fb6371ba814ac6365,
Execution Time for Trace ID e4db2ed54a10f62fb6371ba814ac6365: 1617 ms
Input: 5250000,
Cold Start: false
Unique ID: fbf260884cfacacaa667dfa4049906fd,
Execution Time for Trace ID fbf260884cfacacaa667dfa4049906fd: 1508 ms
Input: 5250000,
Cold Start: false
Unique ID: 1354d375863e2d24eb66241797762539,
Execution Time for Trace ID 1354d375863e2d24eb66241797762539: 1640 ms
Input: 5250000,
Cold Start: false
Unique ID: a1a18980daf559777f41de1922ca5de9,
Execution Time for Trace ID a1a18980daf559777f41de1922ca5de9: 1780 ms
Input: 5250000,
Cold Start: false
Unique ID: 7f5ebb97d6f20e1a15038180173f0325,
Execution Time for Trace ID 7f5ebb97d6f20e1a15038180173f0325: 1775 ms
Input: 5250000,
Cold Start: false
Unique ID: 8a18ed899b42bd2816bd8066b976d178,
Execution Time for Trace ID 8a18ed899b42bd2816bd8066b976d178: 1865 ms
Input: 5250000,
Cold Start: false
Unique ID: 96e7acdf545b3209832d7f3c6b48cf6c,
Execution Time for Trace ID 96e7acdf545b3209832d7f3c6b48cf6c: 1444 ms
Input: 5250000,
Cold Start: false
Unique ID: b7940c7c54695f8c5c140ebe5b8de915,
Execution Time for Trace ID b7940c7c54695f8c5c140ebe5b8de915: 1469 ms
Input: 5250000,
Cold Start: false
Unique ID: 719d74ad6e72aea47c911ff0dbbed33e,
Execution Time for Trace ID 719d74ad6e72aea47c911ff0dbbed33e: 1424 ms
Input: 5250000,
Cold Start: false
Unique ID: 8b4ab90a8a1b8b7678af7ddf659e26ff,
Execution Time for Trace ID 8b4ab90a8a1b8b7678af7ddf659e26ff: 1747 ms
Input: 5250000,
Cold Start: false
Unique ID: 95d5ba21e6097d23e94481730d6bac5c,
Execution Time for Trace ID 95d5ba21e6097d23e94481730d6bac5c: 1778 ms
Input: 5250000,
Cold Start: false
Unique ID: 6d334104ae1d9598beccd5cb30ec55e4,
Execution Time for Trace ID 6d334104ae1d9598beccd5cb30ec55e4: 1490 ms
Input: 5250000,
Cold Start: false
Unique ID: a7feb1675e0455ff64e75771b9fa70f1,
Execution Time for Trace ID a7feb1675e0455ff64e75771b9fa70f1: 1617 ms
Input: 5250000,
Cold Start: false
Unique ID: 4f6e8cb12f9f9e9634cd5c234f23902a,
Execution Time for Trace ID 4f6e8cb12f9f9e9634cd5c234f23902a: 1571 ms
Input: 5250000,
Cold Start: false
Unique ID: 58b316d4545d6039ccad53c80e1f364e,
Execution Time for Trace ID 58b316d4545d6039ccad53c80e1f364e: 1626 ms
Input: 5250000,
Cold Start: false
Unique ID: d8910fbe017ce71df74b5b0b9f30bf34,
Execution Time for Trace ID d8910fbe017ce71df74b5b0b9f30bf34: 1584 ms
Input: 5250000,
Cold Start: false
Unique ID: 42977b6e0269847f21fe0cea8923263c,
Execution Time for Trace ID 42977b6e0269847f21fe0cea8923263c: 1512 ms
Input: 5250000,
Cold Start: false
Unique ID: cfd199b1354ba3765ac2d17ff8ef8845,
Execution Time for Trace ID cfd199b1354ba3765ac2d17ff8ef8845: 1422 ms
Input: 5250000,
Cold Start: false
Unique ID: 40fcc64bb54f43a0ac044fc7d0c16b05,
Execution Time for Trace ID 40fcc64bb54f43a0ac044fc7d0c16b05: 1582 ms
Input: 5250000,
Cold Start: false
Unique ID: 95187553a013d70b5d142b52f1b643ca,
Execution Time for Trace ID 95187553a013d70b5d142b52f1b643ca: 1518 ms
Input: 5250000,
Cold Start: false
Unique ID: 2da5ffb141787e5b22f51aa087c3df87,
Execution Time for Trace ID 2da5ffb141787e5b22f51aa087c3df87: 1527 ms
Input: 5250000,
Cold Start: false
Unique ID: a66b0e0f318e22653534232829f095eb,
Execution Time for Trace ID a66b0e0f318e22653534232829f095eb: 1436 ms
Input: 5250000,
Cold Start: false
Unique ID: 2b54adb3718209cf1be1389fc629026a,
Execution Time for Trace ID 2b54adb3718209cf1be1389fc629026a: 1576 ms
Input: 5250000,
Cold Start: false
Unique ID: 41800bf0b94f1acf0ecca46168696295,
Execution Time for Trace ID 41800bf0b94f1acf0ecca46168696295: 1632 ms
Input: 5250000,
Cold Start: false
Unique ID: 60085f9a2e92d9e59b90151da5f9cfbf,
Execution Time for Trace ID 60085f9a2e92d9e59b90151da5f9cfbf: 1888 ms
Input: 5250000,
Cold Start: false
Unique ID: 66c19b3acd410e738442d3304b4cce6f,
Execution Time for Trace ID 66c19b3acd410e738442d3304b4cce6f: 1999 ms
Input: 5250000,
Cold Start: false
Unique ID: dc9939a11baebd87eb5846effa9f5c08,
Execution Time for Trace ID dc9939a11baebd87eb5846effa9f5c08: 1467 ms
Input: 5250000,
Cold Start: false
Unique ID: 8e385b3e98a639600b4091accb94cdda,
Execution Time for Trace ID 8e385b3e98a639600b4091accb94cdda: 1436 ms
Input: 5250000,
Cold Start: false
Unique ID: 2b7745429b53b1b9294954bbac9f4807,
Execution Time for Trace ID 2b7745429b53b1b9294954bbac9f4807: 1521 ms
Input: 5250000,
Cold Start: false
Unique ID: cdfb9c56eb5b13c0cf43db55e3f5361d,
Execution Time for Trace ID cdfb9c56eb5b13c0cf43db55e3f5361d: 1578 ms
Input: 5250000,
Cold Start: false
Unique ID: ba112dbc02992c4b812c78ea5997defa,
Execution Time for Trace ID ba112dbc02992c4b812c78ea5997defa: 1729 ms
Input: 5250000,
Cold Start: false
Unique ID: ab6607b88c78aea71b9f96a214fef0e6,
Execution Time for Trace ID ab6607b88c78aea71b9f96a214fef0e6: 1619 ms
Input: 5250000,
Cold Start: false
Unique ID: a10791171b36bb1ac25540fcb4b9b748,
Execution Time for Trace ID a10791171b36bb1ac25540fcb4b9b748: 1566 ms
Input: 5250000,
Cold Start: false
Unique ID: 87523ae1961d0fd644e11ee4b6c2ddab,
Execution Time for Trace ID 87523ae1961d0fd644e11ee4b6c2ddab: 1688 ms
Input: 5250000,
Cold Start: false
Unique ID: f1ecb07791c0b712dc9e68bcc07422ac,
Execution Time for Trace ID f1ecb07791c0b712dc9e68bcc07422ac: 1728 ms
Input: 5250000,
Cold Start: false
Unique ID: ab93c18ba5004dcbfb4c7b22e59c89f9,
Execution Time for Trace ID ab93c18ba5004dcbfb4c7b22e59c89f9: 1765 ms
Input: 5250000,
Cold Start: true
Unique ID: 86a9a890c539d821023b46fe73c00a04,
Execution Time for Trace ID 86a9a890c539d821023b46fe73c00a04: 1471 ms
Input: 5250000,
Cold Start: false
Unique ID: e1a466d956d3e89382f2fdf64bb8f6a9,
Execution Time for Trace ID e1a466d956d3e89382f2fdf64bb8f6a9: 1517 ms
Input: 5250000,
Cold Start: false
Unique ID: b8f9ba87813db0ada77ae51156dfbaac,
Execution Time for Trace ID b8f9ba87813db0ada77ae51156dfbaac: 1430 ms
Input: 5250000,
Cold Start: false
Unique ID: affeaf7bc531b6b15d80a2c1b5071316,
Execution Time for Trace ID affeaf7bc531b6b15d80a2c1b5071316: 1526 ms
Input: 5250000,
Cold Start: false
Unique ID: 26783371d5d115fe974961a8fc6cd4e8,
Execution Time for Trace ID 26783371d5d115fe974961a8fc6cd4e8: 1471 ms
Input: 5250000,
Cold Start: false
Unique ID: dd11da917c842dea98c5114e31887b91,
Execution Time for Trace ID dd11da917c842dea98c5114e31887b91: 1482 ms
Input: 5250000,
Cold Start: false
Unique ID: a8a4ace0e0a6ae540205a9fc823be871,
Execution Time for Trace ID a8a4ace0e0a6ae540205a9fc823be871: 1622 ms
Input: 5250000,
Cold Start: false
Unique ID: 3f0e3f83cef22d5dc49be6238fe2dbdf,
Execution Time for Trace ID 3f0e3f83cef22d5dc49be6238fe2dbdf: 1794 ms
Input: 5250000,
Cold Start: false
Unique ID: 37f736b8ccccbade61a96e4c7698d184,
Execution Time for Trace ID 37f736b8ccccbade61a96e4c7698d184: 1676 ms
Input: 5250000,
Cold Start: false
Unique ID: 8123f006fc33823a2f4271caff6d6dde,
Execution Time for Trace ID 8123f006fc33823a2f4271caff6d6dde: 2012 ms
Input: 5250000,
Cold Start: false
Unique ID: 80ea3e0e1bb090509c00b35a08abe864,
Execution Time for Trace ID 80ea3e0e1bb090509c00b35a08abe864: 1120 ms
Input: 5250000,
Cold Start: false
Unique ID: 7cc2a1a6f9bd5f8f88bd18f66dcd656f,
Execution Time for Trace ID 7cc2a1a6f9bd5f8f88bd18f66dcd656f: 1481 ms
Input: 5250000,
Cold Start: false
Unique ID: 76683b01f9188865b9f516af4628344c,
Execution Time for Trace ID 76683b01f9188865b9f516af4628344c: 1535 ms
Input: 5250000,
Cold Start: false
Unique ID: 67cadc947bb7df3ad45bc37ac7eaeb3d,
Execution Time for Trace ID 67cadc947bb7df3ad45bc37ac7eaeb3d: 1567 ms
Input: 5250000,
Cold Start: false
Unique ID: e6ff629c5c10aba90eb536aad382a718,
Execution Time for Trace ID e6ff629c5c10aba90eb536aad382a718: 1844 ms
Input: 5250000,
Cold Start: false
Unique ID: a37e1b84a0e2f7cb980432f94e3313e5,
Execution Time for Trace ID a37e1b84a0e2f7cb980432f94e3313e5: 1493 ms
Input: 5250000,
Cold Start: false
Unique ID: 5cf05d7fa4e8510852f9cdc7786df165,
Execution Time for Trace ID 5cf05d7fa4e8510852f9cdc7786df165: 1573 ms
Input: 5250000,
Cold Start: false
Unique ID: ea6ff3e516cd8f3e38967cd4ac614d49,
Execution Time for Trace ID ea6ff3e516cd8f3e38967cd4ac614d49: 1480 ms
Input: 5250000,
Cold Start: false
Unique ID: 78cb1cc0a99937afb78a2e8cb169b026,
Execution Time for Trace ID 78cb1cc0a99937afb78a2e8cb169b026: 1632 ms
Input: 5250000,
Cold Start: false
Unique ID: 2c4454f19df7f570c398e7e61b7f3ee9,
Execution Time for Trace ID 2c4454f19df7f570c398e7e61b7f3ee9: 1828 ms
Input: 5250000,
Cold Start: false
Unique ID: 920d8e97b761164482e8cd7de778bee1,
Execution Time for Trace ID 920d8e97b761164482e8cd7de778bee1: 1444 ms
Input: 5250000,
Cold Start: false
Unique ID: 25ec8c5edce342f53f5e3c4b2aeb00f2,
Execution Time for Trace ID 25ec8c5edce342f53f5e3c4b2aeb00f2: 1429 ms
Input: 5250000,
Cold Start: false
Unique ID: 07b2a07de1ecba7f4718bf1bea97212b,
Execution Time for Trace ID 07b2a07de1ecba7f4718bf1bea97212b: 1550 ms
Input: 5250000,
Cold Start: false
Unique ID: ccf0ae1d3e6fde9f999d425e83b9823e,
Execution Time for Trace ID ccf0ae1d3e6fde9f999d425e83b9823e: 1572 ms
Input: 5250000,
Cold Start: false
Unique ID: 377787adad7a511bf84f05baf6ac5570,
Execution Time for Trace ID 377787adad7a511bf84f05baf6ac5570: 1985 ms
Input: 5250000,
Cold Start: false
Unique ID: e4ba0ed4873472c3f24167891f862265,
Execution Time for Trace ID e4ba0ed4873472c3f24167891f862265: 1336 ms
Input: 5250000,
Cold Start: false
Unique ID: e6a45e346b47cedafa11c564c4f7fe02,
Execution Time for Trace ID e6a45e346b47cedafa11c564c4f7fe02: 1637 ms
Input: 5250000,
Cold Start: false
Unique ID: bb9e6d5599f6cc9a812b72817ebdc86b,
Execution Time for Trace ID bb9e6d5599f6cc9a812b72817ebdc86b: 1561 ms
Input: 5250000,
Cold Start: false
Unique ID: d5e07c0deaaa7541515cb90405b8a113,
Execution Time for Trace ID d5e07c0deaaa7541515cb90405b8a113: 1684 ms
Input: 5250000,
Cold Start: false
Unique ID: df4cfa5386f373acb95b25dc5b2586bf,
Execution Time for Trace ID df4cfa5386f373acb95b25dc5b2586bf: 1871 ms
Input: 5250000,
Cold Start: false
Unique ID: 831ef43952f15a39482b9fcba06c3455,
Execution Time for Trace ID 831ef43952f15a39482b9fcba06c3455: 1426 ms
Input: 5250000,
Cold Start: false
Unique ID: d70189115a9db502a706be7945876e3b,
Execution Time for Trace ID d70189115a9db502a706be7945876e3b: 1460 ms
Input: 5250000,
Cold Start: false
Unique ID: 052991ffe8d14ec86efcd9627cd35c02,
Execution Time for Trace ID 052991ffe8d14ec86efcd9627cd35c02: 1836 ms
Input: 5250000,
Cold Start: false
Unique ID: e059a1b145c9a3129de3f22882ae21b3,
Execution Time for Trace ID e059a1b145c9a3129de3f22882ae21b3: 1985 ms
Input: 5250000,
Cold Start: false
Unique ID: 261ca03ebc350184eca0911c4846b555,
Execution Time for Trace ID 261ca03ebc350184eca0911c4846b555: 2018 ms
Input: 5250000,
Cold Start: false
Unique ID: ee7d5eaa83aa85a5813c8206a6fd04ca,
Execution Time for Trace ID ee7d5eaa83aa85a5813c8206a6fd04ca: 1527 ms
Input: 5250000,
Cold Start: false
Unique ID: 98aa63ec3ba1b4714a869d095a3b61f6,
Execution Time for Trace ID 98aa63ec3ba1b4714a869d095a3b61f6: 1477 ms
Input: 5250000,
Cold Start: false
Unique ID: bfe85997873e5832292c5fe69027fbcd,
Execution Time for Trace ID bfe85997873e5832292c5fe69027fbcd: 1794 ms
Input: 5250000,
Cold Start: false
Unique ID: 7ecc8feecfac457c3ac369189ce8b867,
Execution Time for Trace ID 7ecc8feecfac457c3ac369189ce8b867: 1953 ms
Input: 5250000,
Cold Start: false
Unique ID: 02d9e25d287e4a243c8ee965f7ed193f,
Execution Time for Trace ID 02d9e25d287e4a243c8ee965f7ed193f: 1941 ms
Input: 5250000,
Cold Start: true
