Unique ID: b4554267-9514-4784-bf8d-7830cc3a70f4,
Billed Duration for Request b4554267-9514-4784-bf8d-7830cc3a70f4: 1855 ms
Input: 5000000,
Cold Start: false
Unique ID: c685bfd2-fb00-42ab-94ed-05715008554e,
Billed Duration for Request c685bfd2-fb00-42ab-94ed-05715008554e: 1860 ms
Input: 5000000,
Cold Start: false
Unique ID: ac0d91d4-0c69-4d8f-8cea-56255cb8040c,
Billed Duration for Request ac0d91d4-0c69-4d8f-8cea-56255cb8040c: 1876 ms
Input: 5000000,
Cold Start: false
Unique ID: e18e65d6-a7c1-40f3-bef1-38694dac5572,
Billed Duration for Request e18e65d6-a7c1-40f3-bef1-38694dac5572: 1842 ms
Input: 5000000,
Cold Start: false
Unique ID: 405c104d-85e1-49db-9875-7916117a1a56,
Billed Duration for Request 405c104d-85e1-49db-9875-7916117a1a56: 1879 ms
Input: 5000000,
Cold Start: false
Unique ID: 91e8c498-9d42-4381-acff-e1ffca33d9e0,
Billed Duration for Request 91e8c498-9d42-4381-acff-e1ffca33d9e0: 1842 ms
Input: 5000000,
Cold Start: false
Unique ID: 23786edb-a777-47e9-be07-3411524f9ad1,
Billed Duration for Request 23786edb-a777-47e9-be07-3411524f9ad1: 1747 ms
Input: 5000000,
Cold Start: false
Unique ID: 5b6d5519-3638-4b7c-b045-ef9636f1a14c,
Billed Duration for Request 5b6d5519-3638-4b7c-b045-ef9636f1a14c: 1857 ms
Input: 5000000,
Cold Start: false
Unique ID: 6b276296-d8b9-4fd8-a497-96b384e7b4c9,
Billed Duration for Request 6b276296-d8b9-4fd8-a497-96b384e7b4c9: 1835 ms
Input: 5000000,
Cold Start: false
Unique ID: a69eadf1-6bae-4acc-8b41-eee451f78510,
Billed Duration for Request a69eadf1-6bae-4acc-8b41-eee451f78510: 1837 ms
Input: 5000000,
Cold Start: false
Unique ID: 1bc28f36-8b3e-49e0-87f8-1f6fc207c46f,
Billed Duration for Request 1bc28f36-8b3e-49e0-87f8-1f6fc207c46f: 1816 ms
Input: 5000000,
Cold Start: false
Unique ID: a6841f1f-b566-45df-8537-1e3e91b14377,
Billed Duration for Request a6841f1f-b566-45df-8537-1e3e91b14377: 1785 ms
Input: 5000000,
Cold Start: false
Unique ID: e9fa83c1-de1c-4368-8ed4-c6c6b954616e,
Billed Duration for Request e9fa83c1-de1c-4368-8ed4-c6c6b954616e: 1777 ms
Input: 5000000,
Cold Start: false
Unique ID: cc2edb0c-8098-41d1-a25f-7a63abd64de5,
Billed Duration for Request cc2edb0c-8098-41d1-a25f-7a63abd64de5: 1858 ms
Input: 5000000,
Cold Start: false
Unique ID: d1134d9a-b3c6-4478-a603-b21f04c7a2a1,
Billed Duration for Request d1134d9a-b3c6-4478-a603-b21f04c7a2a1: 1844 ms
Input: 5000000,
Cold Start: false
Unique ID: 80b3bb3a-2f4c-43d6-aa8b-3b2b36630833,
Billed Duration for Request 80b3bb3a-2f4c-43d6-aa8b-3b2b36630833: 1828 ms
Input: 5000000,
Cold Start: false
Unique ID: 6704706d-54e6-47dc-b1f2-356110f46875,
Billed Duration for Request 6704706d-54e6-47dc-b1f2-356110f46875: 1846 ms
Input: 5000000,
Cold Start: false
Unique ID: 642d39ba-5e55-4024-9838-963d810c7a2f,
Billed Duration for Request 642d39ba-5e55-4024-9838-963d810c7a2f: 1717 ms
Input: 5000000,
Cold Start: false
Unique ID: 8d699647-fe19-4fd4-a044-933516a32e85,
Billed Duration for Request 8d699647-fe19-4fd4-a044-933516a32e85: 1799 ms
Input: 5000000,
Cold Start: false
Unique ID: 4b1224da-8bb2-44a3-8fc5-0f3ea5223b81,
Billed Duration for Request 4b1224da-8bb2-44a3-8fc5-0f3ea5223b81: 1841 ms
Input: 5000000,
Cold Start: false
Unique ID: 3fc1c075-32d4-4716-afae-086449bdca70,
Billed Duration for Request 3fc1c075-32d4-4716-afae-086449bdca70: 1756 ms
Input: 5000000,
Cold Start: false
Unique ID: efa0c2b7-cad8-459c-90bd-35f5148f546f,
Billed Duration for Request efa0c2b7-cad8-459c-90bd-35f5148f546f: 1838 ms
Input: 5000000,
Cold Start: false
Unique ID: 445cb4f0-7725-49b4-a078-cffaea093038,
Billed Duration for Request 445cb4f0-7725-49b4-a078-cffaea093038: 1821 ms
Input: 5000000,
Cold Start: false
Unique ID: 7dd6b16a-cd8b-4fde-8cf4-92696f8eef70,
Billed Duration for Request 7dd6b16a-cd8b-4fde-8cf4-92696f8eef70: 1781 ms
Input: 5000000,
Cold Start: false
Unique ID: 5979a6e1-400e-4b53-8c4a-1dd08d927dda,
Billed Duration for Request 5979a6e1-400e-4b53-8c4a-1dd08d927dda: 1821 ms
Input: 5000000,
Cold Start: false
Unique ID: 2158b289-5fd4-4a57-88b9-9330fba6acfb,
Billed Duration for Request 2158b289-5fd4-4a57-88b9-9330fba6acfb: 1818 ms
Input: 5000000,
Cold Start: false
Unique ID: 27a2e589-96c4-4d3d-a490-8ed5317289a3,
Billed Duration for Request 27a2e589-96c4-4d3d-a490-8ed5317289a3: 1715 ms
Input: 5000000,
Cold Start: false
Unique ID: fe10a385-c101-4188-a792-4142079cbf52,
Billed Duration for Request fe10a385-c101-4188-a792-4142079cbf52: 1819 ms
Input: 5000000,
Cold Start: false
Unique ID: ada1e5fa-8b06-47da-bc44-956b64351f9c,
Billed Duration for Request ada1e5fa-8b06-47da-bc44-956b64351f9c: 1781 ms
Input: 5000000,
Cold Start: false
Unique ID: 1f0f15a7-b910-4cdb-ae6a-20542b7fb0cc,
Billed Duration for Request 1f0f15a7-b910-4cdb-ae6a-20542b7fb0cc: 1851 ms
Input: 5000000,
Cold Start: false
Unique ID: 645b77de-3330-4b2f-9c81-8f60792c8930,
Billed Duration for Request 645b77de-3330-4b2f-9c81-8f60792c8930: 1823 ms
Input: 5000000,
Cold Start: false
Unique ID: 3002bab8-6009-486d-bf43-b2e7fa15e245,
Billed Duration for Request 3002bab8-6009-486d-bf43-b2e7fa15e245: 1824 ms
Input: 5000000,
Cold Start: false
Unique ID: def87bd6-4c0f-4159-956c-1027ee6097a0,
Billed Duration for Request def87bd6-4c0f-4159-956c-1027ee6097a0: 1785 ms
Input: 5000000,
Cold Start: false
Unique ID: fd44d4cd-b997-4e89-86c0-3ace2b3fbd8c,
Billed Duration for Request fd44d4cd-b997-4e89-86c0-3ace2b3fbd8c: 1747 ms
Input: 5000000,
Cold Start: false
Unique ID: a8a24c90-0711-4ff6-b276-6220fe529fc0,
Billed Duration for Request a8a24c90-0711-4ff6-b276-6220fe529fc0: 1879 ms
Input: 5000000,
Cold Start: false
Unique ID: bdb7f5b0-88e8-4181-9c65-9c743235c120,
Billed Duration for Request bdb7f5b0-88e8-4181-9c65-9c743235c120: 1756 ms
Input: 5000000,
Cold Start: false
Unique ID: 22048127-c262-4fb4-8533-da64a30e9da7,
Billed Duration for Request 22048127-c262-4fb4-8533-da64a30e9da7: 1840 ms
Input: 5000000,
Cold Start: false
Unique ID: 9f7233eb-33fb-41aa-8a0d-b685407f9877,
Billed Duration for Request 9f7233eb-33fb-41aa-8a0d-b685407f9877: 1825 ms
Input: 5000000,
Cold Start: false
Unique ID: 0c3f5a9d-aab8-46fd-9439-d321083ff563,
Billed Duration for Request 0c3f5a9d-aab8-46fd-9439-d321083ff563: 1829 ms
Input: 5000000,
Cold Start: false
Unique ID: c41ce074-ba07-4cb5-865b-a603bdfae718,
Billed Duration for Request c41ce074-ba07-4cb5-865b-a603bdfae718: 1756 ms
Input: 5000000,
Cold Start: false
Unique ID: 1c2f022a-8c7a-4ed6-9cc6-46932c504e4d,
Billed Duration for Request 1c2f022a-8c7a-4ed6-9cc6-46932c504e4d: 1804 ms
Input: 5000000,
Cold Start: false
Unique ID: 436b8a1e-e5f8-4479-b9ff-50fe521d5a6f,
Billed Duration for Request 436b8a1e-e5f8-4479-b9ff-50fe521d5a6f: 1807 ms
Input: 5000000,
Cold Start: false
Unique ID: 4f9db7b9-ed5e-488c-8ed9-ef4c586e67e4,
Billed Duration for Request 4f9db7b9-ed5e-488c-8ed9-ef4c586e67e4: 1840 ms
Input: 5000000,
Cold Start: false
Unique ID: d54f281d-2db8-4421-b962-da9c9848a5d9,
Billed Duration for Request d54f281d-2db8-4421-b962-da9c9848a5d9: 1769 ms
Input: 5000000,
Cold Start: false
Unique ID: 197d0d5a-3e29-4fbb-ab6a-719a29753619,
Billed Duration for Request 197d0d5a-3e29-4fbb-ab6a-719a29753619: 1862 ms
Input: 5000000,
Cold Start: false
Unique ID: ad085112-d914-41b0-b357-6d10e5d7f42b,
Billed Duration for Request ad085112-d914-41b0-b357-6d10e5d7f42b: 1717 ms
Input: 5000000,
Cold Start: false
Unique ID: 3f089f53-c794-40dd-8edc-9987e1d42790,
Billed Duration for Request 3f089f53-c794-40dd-8edc-9987e1d42790: 1812 ms
Input: 5000000,
Cold Start: false
Unique ID: 4509dbce-644b-4f68-83df-be6e2adf907a,
Billed Duration for Request 4509dbce-644b-4f68-83df-be6e2adf907a: 1821 ms
Input: 5000000,
Cold Start: false
Unique ID: a5f49652-bc25-4939-afda-9cd9ad53d57d,
Billed Duration for Request a5f49652-bc25-4939-afda-9cd9ad53d57d: 1751 ms
Input: 5000000,
Cold Start: false
Unique ID: cfec7da5-99c3-4f55-9e11-fee4926e2c28,
Billed Duration for Request cfec7da5-99c3-4f55-9e11-fee4926e2c28: 1840 ms
Input: 5000000,
Cold Start: false
Unique ID: 7bb65dab-2576-4033-b66f-1cc325d11d63,
Billed Duration for Request 7bb65dab-2576-4033-b66f-1cc325d11d63: 1805 ms
Input: 5000000,
Cold Start: false
Unique ID: 981bf816-0ab6-4593-955c-54a8667e7d51,
Billed Duration for Request 981bf816-0ab6-4593-955c-54a8667e7d51: 1789 ms
Input: 5000000,
Cold Start: false
Unique ID: ce9df535-1f75-4aaa-9a1d-59ee390e437b,
Billed Duration for Request ce9df535-1f75-4aaa-9a1d-59ee390e437b: 1809 ms
Input: 5000000,
Cold Start: false
Unique ID: 95446683-e374-40e7-b870-2090bed2e6a9,
Billed Duration for Request 95446683-e374-40e7-b870-2090bed2e6a9: 1749 ms
Input: 5000000,
Cold Start: false
Unique ID: bbd36225-a96f-4a1d-acba-08ca8cb48848,
Billed Duration for Request bbd36225-a96f-4a1d-acba-08ca8cb48848: 1851 ms
Input: 5000000,
Cold Start: false
Unique ID: f2ba65ff-5452-41cc-8b97-8062e30dd907,
Billed Duration for Request f2ba65ff-5452-41cc-8b97-8062e30dd907: 1823 ms
Input: 5000000,
Cold Start: false
Unique ID: b053c8cb-edf2-49bb-b051-2262fba5a58c,
Billed Duration for Request b053c8cb-edf2-49bb-b051-2262fba5a58c: 1699 ms
Input: 5000000,
Cold Start: false
Unique ID: 0fc7f440-02d0-4655-9660-f5d85a5ac77c,
Billed Duration for Request 0fc7f440-02d0-4655-9660-f5d85a5ac77c: 1804 ms
Input: 5000000,
Cold Start: false
Unique ID: c7c11cdc-2f54-41d9-aa48-7a0712181536,
Billed Duration for Request c7c11cdc-2f54-41d9-aa48-7a0712181536: 1824 ms
Input: 5000000,
Cold Start: false
Unique ID: bca61331-b9b3-4182-a2ea-4033e9561fce,
Billed Duration for Request bca61331-b9b3-4182-a2ea-4033e9561fce: 1774 ms
Input: 5000000,
Cold Start: false
Unique ID: b5cd99f7-af94-4309-ab5a-07a42afaeedb,
Billed Duration for Request b5cd99f7-af94-4309-ab5a-07a42afaeedb: 1826 ms
Input: 5000000,
Cold Start: false
Unique ID: 726afb0e-57c3-4c06-afaf-5f6a7fbc2294,
Billed Duration for Request 726afb0e-57c3-4c06-afaf-5f6a7fbc2294: 1770 ms
Input: 5000000,
Cold Start: false
Unique ID: 8dce1a45-ae10-4979-848b-5c0751d370da,
Billed Duration for Request 8dce1a45-ae10-4979-848b-5c0751d370da: 1866 ms
Input: 5000000,
Cold Start: false
Unique ID: d8b59478-37b4-4fae-83f9-7e9bb17d7a84,
Billed Duration for Request d8b59478-37b4-4fae-83f9-7e9bb17d7a84: 1821 ms
Input: 5000000,
Cold Start: false
Unique ID: e28dd3f5-d07f-483e-b87c-08a781076ecb,
Billed Duration for Request e28dd3f5-d07f-483e-b87c-08a781076ecb: 1725 ms
Input: 5000000,
Cold Start: false
Unique ID: 979d8ab6-8514-450e-91da-ebfac2c592cc,
Billed Duration for Request 979d8ab6-8514-450e-91da-ebfac2c592cc: 1818 ms
Input: 5000000,
Cold Start: false
Unique ID: ecbfdac1-f073-4554-aedf-87b2bd14b53a,
Billed Duration for Request ecbfdac1-f073-4554-aedf-87b2bd14b53a: 1766 ms
Input: 5000000,
Cold Start: false
Unique ID: a7c07862-2567-4659-8f5b-1769daa3c6f5,
Billed Duration for Request a7c07862-2567-4659-8f5b-1769daa3c6f5: 1840 ms
Input: 5000000,
Cold Start: false
Unique ID: 62589498-d682-43f1-87f6-2846d19104fe,
Billed Duration for Request 62589498-d682-43f1-87f6-2846d19104fe: 1795 ms
Input: 5000000,
Cold Start: false
Unique ID: cfd69e21-c4c3-4aa6-984d-370d2c28f7e5,
Billed Duration for Request cfd69e21-c4c3-4aa6-984d-370d2c28f7e5: 1839 ms
Input: 5000000,
Cold Start: false
Unique ID: 033dd143-c9ea-41e7-b219-99f413d9b033,
Billed Duration for Request 033dd143-c9ea-41e7-b219-99f413d9b033: 1788 ms
Input: 5000000,
Cold Start: false
Unique ID: 09c1056c-f6f9-46a0-a7f0-bfd212a57422,
Billed Duration for Request 09c1056c-f6f9-46a0-a7f0-bfd212a57422: 1849 ms
Input: 5000000,
Cold Start: false
Unique ID: 81a7ba8b-dfeb-43ff-9311-616150092276,
Billed Duration for Request 81a7ba8b-dfeb-43ff-9311-616150092276: 1827 ms
Input: 5000000,
Cold Start: false
Unique ID: 117bdddd-5f8f-494a-b811-6de0811dc986,
Billed Duration for Request 117bdddd-5f8f-494a-b811-6de0811dc986: 1775 ms
Input: 5000000,
Cold Start: false
Unique ID: f9855f83-7d78-4ca1-8565-950ee68d830b,
Billed Duration for Request f9855f83-7d78-4ca1-8565-950ee68d830b: 1716 ms
Input: 5000000,
Cold Start: false
Unique ID: 4e5b5313-e943-46d3-87af-f001c8701110,
Billed Duration for Request 4e5b5313-e943-46d3-87af-f001c8701110: 1846 ms
Input: 5000000,
Cold Start: false
Unique ID: 2c3d9043-ccbb-4c77-a1d4-4d2717bc14b2,
Billed Duration for Request 2c3d9043-ccbb-4c77-a1d4-4d2717bc14b2: 1825 ms
Input: 5000000,
Cold Start: false
Unique ID: 29d4ee19-fef2-4287-a80f-069a81c38e87,
Billed Duration for Request 29d4ee19-fef2-4287-a80f-069a81c38e87: 1797 ms
Input: 5000000,
Cold Start: false
Unique ID: 707480b0-33d7-48c4-b8c1-ac867e8b968b,
Billed Duration for Request 707480b0-33d7-48c4-b8c1-ac867e8b968b: 1832 ms
Input: 5000000,
Cold Start: false
Unique ID: 70357a97-694e-4225-ab45-945eb9d243f1,
Billed Duration for Request 70357a97-694e-4225-ab45-945eb9d243f1: 1820 ms
Input: 5000000,
Cold Start: false
Unique ID: 83484c01-667a-4cc6-a775-cbc59500213b,
Billed Duration for Request 83484c01-667a-4cc6-a775-cbc59500213b: 1777 ms
Input: 5000000,
Cold Start: false
Unique ID: 41ff9181-2f46-47cf-aade-163bfb179e43,
Billed Duration for Request 41ff9181-2f46-47cf-aade-163bfb179e43: 1760 ms
Input: 5000000,
Cold Start: false
Unique ID: 9f0210f4-315b-4afa-9544-cff59e9637ad,
Billed Duration for Request 9f0210f4-315b-4afa-9544-cff59e9637ad: 1825 ms
Input: 5000000,
Cold Start: false
Unique ID: c4e20b42-3f87-4eb0-b328-d75079d905a5,
Billed Duration for Request c4e20b42-3f87-4eb0-b328-d75079d905a5: 1811 ms
Input: 5000000,
Cold Start: false
Unique ID: 722ab1e9-313a-4ebf-a9c4-7eb2e42fbf84,
Billed Duration for Request 722ab1e9-313a-4ebf-a9c4-7eb2e42fbf84: 1811 ms
Input: 5000000,
Cold Start: false
Unique ID: ff814e94-b024-40db-979f-d99fea6546ff,
Billed Duration for Request ff814e94-b024-40db-979f-d99fea6546ff: 1714 ms
Input: 5000000,
Cold Start: false
Unique ID: 8d957964-6e1f-48f0-a13b-29555949a8ba,
Billed Duration for Request 8d957964-6e1f-48f0-a13b-29555949a8ba: 1835 ms
Input: 5000000,
Cold Start: false
Unique ID: 3ec58dde-569e-4d6c-8f24-067e2e0796a3,
Billed Duration for Request 3ec58dde-569e-4d6c-8f24-067e2e0796a3: 1762 ms
Input: 5000000,
Cold Start: false
Unique ID: d3f0c79e-d2a6-4863-8664-28a0be358f97,
Billed Duration for Request d3f0c79e-d2a6-4863-8664-28a0be358f97: 1768 ms
Input: 5000000,
Cold Start: false
Unique ID: 3a0207d4-d394-4a36-a4d4-f81344589c73,
Billed Duration for Request 3a0207d4-d394-4a36-a4d4-f81344589c73: 1831 ms
Input: 5000000,
Cold Start: false
Unique ID: aa3f6c3f-f17f-46bf-b70e-571fd210a778,
Billed Duration for Request aa3f6c3f-f17f-46bf-b70e-571fd210a778: 1798 ms
Input: 5000000,
Cold Start: false
Unique ID: c1821a41-b13c-4ded-9a9d-a68ac04324f9,
Billed Duration for Request c1821a41-b13c-4ded-9a9d-a68ac04324f9: 1784 ms
Input: 5000000,
Cold Start: false
Unique ID: ac1a31aa-c92f-43cb-aa76-438f8cd0d046,
Billed Duration for Request ac1a31aa-c92f-43cb-aa76-438f8cd0d046: 1844 ms
Input: 5000000,
Cold Start: false
Unique ID: 84b9f8c9-b29c-4f9d-aaf2-69b1d3493b33,
Billed Duration for Request 84b9f8c9-b29c-4f9d-aaf2-69b1d3493b33: 1752 ms
Input: 5000000,
Cold Start: false
Unique ID: 6e9f74b5-b91e-4dc7-b4d4-74e9a5355e9a,
Billed Duration for Request 6e9f74b5-b91e-4dc7-b4d4-74e9a5355e9a: 1743 ms
Input: 5000000,
Cold Start: false
Unique ID: b2ca0abb-b43f-41fe-97a2-9e1409642bbf,
Billed Duration for Request b2ca0abb-b43f-41fe-97a2-9e1409642bbf: 1840 ms
Input: 5000000,
Cold Start: false
Unique ID: 11c16e55-7373-4d1c-9479-a499e62a4f97,
Billed Duration for Request 11c16e55-7373-4d1c-9479-a499e62a4f97: 1807 ms
Input: 5000000,
Cold Start: false
Unique ID: 4c92ca9b-e26a-4d9e-951e-bc561ba516d9,
Billed Duration for Request 4c92ca9b-e26a-4d9e-951e-bc561ba516d9: 1823 ms
Input: 5000000,
Cold Start: false
Unique ID: 1f907b06-f233-47fd-ac9e-46d78314f367,
Billed Duration for Request 1f907b06-f233-47fd-ac9e-46d78314f367: 1841 ms
Input: 5000000,
Cold Start: false
Unique ID: 37855e63-0e5d-4925-a046-55698a4a0903,
Billed Duration for Request 37855e63-0e5d-4925-a046-55698a4a0903: 1705 ms
Input: 5000000,
Cold Start: false
Unique ID: 336acf35-01c6-4be2-aea8-302834192b3c,
Billed Duration for Request 336acf35-01c6-4be2-aea8-302834192b3c: 1829 ms
Input: 5000000,
Cold Start: false
Unique ID: 0106f176-7cb7-489e-8146-43477973af84,
Billed Duration for Request 0106f176-7cb7-489e-8146-43477973af84: 1847 ms
Input: 5000000,
Cold Start: false
Unique ID: 6fbae101-94c5-461d-b7f5-f1e337817d48,
Billed Duration for Request 6fbae101-94c5-461d-b7f5-f1e337817d48: 1760 ms
Input: 5000000,
Cold Start: false
Unique ID: 5fb1e974-4f75-4971-9023-8f8057dd3cc2,
Billed Duration for Request 5fb1e974-4f75-4971-9023-8f8057dd3cc2: 1790 ms
Input: 5000000,
Cold Start: false
Unique ID: ee584384-305e-4fcc-a5e5-2c05652188fa,
Billed Duration for Request ee584384-305e-4fcc-a5e5-2c05652188fa: 1852 ms
Input: 5000000,
Cold Start: false
Unique ID: b73d9d56-184c-4d80-bf33-d61ffda9250e,
Billed Duration for Request b73d9d56-184c-4d80-bf33-d61ffda9250e: 1843 ms
Input: 5000000,
Cold Start: false
Unique ID: 6de82d72-0e8a-4870-89d0-69c00b810f8c,
Billed Duration for Request 6de82d72-0e8a-4870-89d0-69c00b810f8c: 1758 ms
Input: 5000000,
Cold Start: false
Unique ID: e90d7b57-fb5c-4855-ab0a-1789b035f2bd,
Billed Duration for Request e90d7b57-fb5c-4855-ab0a-1789b035f2bd: 1820 ms
Input: 5000000,
Cold Start: false
Unique ID: e1fd32f7-9e31-4ed9-a691-a59f17769bed,
Billed Duration for Request e1fd32f7-9e31-4ed9-a691-a59f17769bed: 1728 ms
Input: 5000000,
Cold Start: false
Unique ID: 9b8289ab-aab1-4213-b5ef-b99b2a9e8fce,
Billed Duration for Request 9b8289ab-aab1-4213-b5ef-b99b2a9e8fce: 1724 ms
Input: 5000000,
Cold Start: false
Unique ID: a87e9c74-55e9-481d-bec2-3350465cb5c6,
Billed Duration for Request a87e9c74-55e9-481d-bec2-3350465cb5c6: 1830 ms
Input: 5000000,
Cold Start: false
Unique ID: 991b158e-0d6e-44b0-900a-c9af7d8a63a2,
Billed Duration for Request 991b158e-0d6e-44b0-900a-c9af7d8a63a2: 1831 ms
Input: 5000000,
Cold Start: false
Unique ID: 6dd7ac55-8a6a-42f5-ba39-9ec5704ccc98,
Billed Duration for Request 6dd7ac55-8a6a-42f5-ba39-9ec5704ccc98: 1836 ms
Input: 5000000,
Cold Start: false
Unique ID: 5060c77b-5e3d-45aa-a0b8-89f389f5348e,
Billed Duration for Request 5060c77b-5e3d-45aa-a0b8-89f389f5348e: 1786 ms
Input: 5000000,
Cold Start: false
Unique ID: 7e26099c-2c3a-4ca5-abb1-db04ff7c706d,
Billed Duration for Request 7e26099c-2c3a-4ca5-abb1-db04ff7c706d: 1831 ms
Input: 5000000,
Cold Start: false
Unique ID: 7916e051-ce5c-4ced-8519-fdd8082c9888,
Billed Duration for Request 7916e051-ce5c-4ced-8519-fdd8082c9888: 1885 ms
Input: 5000000,
Cold Start: false
Unique ID: 788dfbc1-718d-405b-9a4c-05cd606f085b,
Billed Duration for Request 788dfbc1-718d-405b-9a4c-05cd606f085b: 1846 ms
Input: 5000000,
Cold Start: false
Unique ID: 53d47b70-e917-48b8-b94b-0644593f4136,
Billed Duration for Request 53d47b70-e917-48b8-b94b-0644593f4136: 1781 ms
Input: 5000000,
Cold Start: false
Unique ID: c7c03c6e-d695-4cc8-90b6-b1f50872c743,
Billed Duration for Request c7c03c6e-d695-4cc8-90b6-b1f50872c743: 1828 ms
Input: 5000000,
Cold Start: false
Unique ID: 4d31f732-533d-419b-823a-f889ff577423,
Billed Duration for Request 4d31f732-533d-419b-823a-f889ff577423: 1701 ms
Input: 5000000,
Cold Start: false
Unique ID: da295c69-b7c3-4f49-a592-6375749dd969,
Billed Duration for Request da295c69-b7c3-4f49-a592-6375749dd969: 1844 ms
Input: 5000000,
Cold Start: false
Unique ID: 08701e77-3f47-4908-b6d7-63d3f05bdb35,
Billed Duration for Request 08701e77-3f47-4908-b6d7-63d3f05bdb35: 1840 ms
Input: 5000000,
Cold Start: false
Unique ID: 463fa337-e119-4fd9-a6bb-0d2dea9cd24f,
Billed Duration for Request 463fa337-e119-4fd9-a6bb-0d2dea9cd24f: 1756 ms
Input: 5000000,
Cold Start: false
Unique ID: 5a0f248a-8729-4f72-a3aa-c9b829263587,
Billed Duration for Request 5a0f248a-8729-4f72-a3aa-c9b829263587: 1771 ms
Input: 5000000,
Cold Start: false
Unique ID: ede76f93-0902-48bc-98e2-1a42aa55ccdc,
Billed Duration for Request ede76f93-0902-48bc-98e2-1a42aa55ccdc: 1875 ms
Input: 5000000,
Cold Start: false
Unique ID: 48438219-5004-4da6-8590-f901491d2c06,
Billed Duration for Request 48438219-5004-4da6-8590-f901491d2c06: 1790 ms
Input: 5000000,
Cold Start: false
Unique ID: 00ec2f7d-74da-4d31-9e6f-93a903152ad6,
Billed Duration for Request 00ec2f7d-74da-4d31-9e6f-93a903152ad6: 1886 ms
Input: 5000000,
Cold Start: false
Unique ID: f0466118-646f-432d-a2ae-f0da6b3455fd,
Billed Duration for Request f0466118-646f-432d-a2ae-f0da6b3455fd: 1824 ms
Input: 5000000,
Cold Start: false
Unique ID: 9094b667-bdd9-45fc-98dd-acb540f88a31,
Billed Duration for Request 9094b667-bdd9-45fc-98dd-acb540f88a31: 1758 ms
Input: 5000000,
Cold Start: false
Unique ID: 03328959-eff1-4857-ba64-598195ef70ba,
Billed Duration for Request 03328959-eff1-4857-ba64-598195ef70ba: 1825 ms
Input: 5000000,
Cold Start: false
Unique ID: e3ef31b0-1027-4d6b-99a3-68ef14246e38,
Billed Duration for Request e3ef31b0-1027-4d6b-99a3-68ef14246e38: 1717 ms
Input: 5000000,
Cold Start: false
Unique ID: 27751a0e-8269-4bfe-808e-454710b6bc6c,
Billed Duration for Request 27751a0e-8269-4bfe-808e-454710b6bc6c: 1828 ms
Input: 5000000,
Cold Start: false
Unique ID: 246a2eb8-69a1-4cff-a6e4-eab685edd78e,
Billed Duration for Request 246a2eb8-69a1-4cff-a6e4-eab685edd78e: 1842 ms
Input: 5000000,
Cold Start: false
Unique ID: f8231616-55c8-44dc-92a2-3b3a37073dbd,
Billed Duration for Request f8231616-55c8-44dc-92a2-3b3a37073dbd: 1824 ms
Input: 5000000,
Cold Start: false
Unique ID: d9d8e642-6e20-4180-a7c7-ea56d42fc3ba,
Billed Duration for Request d9d8e642-6e20-4180-a7c7-ea56d42fc3ba: 1820 ms
Input: 5000000,
Cold Start: false
Unique ID: 56d8d69e-dcc7-4946-a9bc-1687f25c1fca,
Billed Duration for Request 56d8d69e-dcc7-4946-a9bc-1687f25c1fca: 1785 ms
Input: 5000000,
Cold Start: false
Unique ID: 159266c5-0b12-4276-b90b-3ecdc7044f93,
Billed Duration for Request 159266c5-0b12-4276-b90b-3ecdc7044f93: 1862 ms
Input: 5000000,
Cold Start: false
Unique ID: cf42d52a-3585-40f2-a487-def782b69525,
Billed Duration for Request cf42d52a-3585-40f2-a487-def782b69525: 1784 ms
Input: 5000000,
Cold Start: false
Unique ID: 0f2e7c00-9b02-41d8-ad9e-cfd04fa52f19,
Billed Duration for Request 0f2e7c00-9b02-41d8-ad9e-cfd04fa52f19: 1713 ms
Input: 5000000,
Cold Start: false
Unique ID: 4613c8df-9375-4dcc-a19e-33f7d3fe98ea,
Billed Duration for Request 4613c8df-9375-4dcc-a19e-33f7d3fe98ea: 1813 ms
Input: 5000000,
Cold Start: false
Unique ID: ef77cac9-cb4c-48fb-ba18-053edf2d92b7,
Billed Duration for Request ef77cac9-cb4c-48fb-ba18-053edf2d92b7: 1830 ms
Input: 5000000,
Cold Start: false
Unique ID: a3810916-827f-4dcd-84c8-ffd2fc824a40,
Billed Duration for Request a3810916-827f-4dcd-84c8-ffd2fc824a40: 1750 ms
Input: 5000000,
Cold Start: false
Unique ID: cf64e061-13c5-4f9b-a1ff-e7f7b29865d0,
Billed Duration for Request cf64e061-13c5-4f9b-a1ff-e7f7b29865d0: 1826 ms
Input: 5000000,
Cold Start: false
Unique ID: 2860c718-7c71-4a52-bd89-5932470e68ba,
Billed Duration for Request 2860c718-7c71-4a52-bd89-5932470e68ba: 1789 ms
Input: 5000000,
Cold Start: false
Unique ID: 9f3dbd0e-d73c-48fc-8ea0-11e8a0f5b033,
Billed Duration for Request 9f3dbd0e-d73c-48fc-8ea0-11e8a0f5b033: 1788 ms
Input: 5000000,
Cold Start: false
Unique ID: 141ee8eb-0848-4fee-84c9-67efa9cb7bb1,
Billed Duration for Request 141ee8eb-0848-4fee-84c9-67efa9cb7bb1: 1847 ms
Input: 5000000,
Cold Start: false
Unique ID: 3933b2e3-3058-4b7e-9d8c-cbd9d7e178d7,
Billed Duration for Request 3933b2e3-3058-4b7e-9d8c-cbd9d7e178d7: 1815 ms
Input: 5000000,
Cold Start: false
Unique ID: 6958a270-5085-47a6-89f1-3f25791347b4,
Billed Duration for Request 6958a270-5085-47a6-89f1-3f25791347b4: 1819 ms
Input: 5000000,
Cold Start: false
Unique ID: 16524dc9-1841-4607-ae5a-afa935e95e50,
Billed Duration for Request 16524dc9-1841-4607-ae5a-afa935e95e50: 1747 ms
Input: 5000000,
Cold Start: false
Unique ID: 3111552f-d8b4-4736-a475-351c11c985d8,
Billed Duration for Request 3111552f-d8b4-4736-a475-351c11c985d8: 1842 ms
Input: 5000000,
Cold Start: false
Unique ID: bfcf5bed-65b9-49d1-9788-d57e355d182e,
Billed Duration for Request bfcf5bed-65b9-49d1-9788-d57e355d182e: 1822 ms
Input: 5000000,
Cold Start: false
Unique ID: b750f148-9341-44e8-9699-f155418c72c1,
Billed Duration for Request b750f148-9341-44e8-9699-f155418c72c1: 1827 ms
Input: 5000000,
Cold Start: false
Unique ID: 3be1b2b4-f8a5-490d-b61c-aca18364ca10,
Billed Duration for Request 3be1b2b4-f8a5-490d-b61c-aca18364ca10: 1704 ms
Input: 5000000,
Cold Start: false
Unique ID: 704e2ccc-32be-4417-a186-e8f538018336,
Billed Duration for Request 704e2ccc-32be-4417-a186-e8f538018336: 1826 ms
Input: 5000000,
Cold Start: false
Unique ID: 9ac03078-d152-4967-b100-3408811907fb,
Billed Duration for Request 9ac03078-d152-4967-b100-3408811907fb: 1795 ms
Input: 5000000,
Cold Start: false
Unique ID: 3c1db1df-b8b9-4993-9931-8fa16fba6dfe,
Billed Duration for Request 3c1db1df-b8b9-4993-9931-8fa16fba6dfe: 1856 ms
Input: 5000000,
Cold Start: false
Unique ID: bb794eba-2007-4bbf-865f-414a8e282ef3,
Billed Duration for Request bb794eba-2007-4bbf-865f-414a8e282ef3: 1785 ms
Input: 5000000,
Cold Start: false
Unique ID: 1558e9ad-7e2e-4d6f-ba2a-14d547dc68e3,
Billed Duration for Request 1558e9ad-7e2e-4d6f-ba2a-14d547dc68e3: 1780 ms
Input: 5000000,
Cold Start: false
Unique ID: 7175045f-32e6-439b-b492-8a59b46666fb,
Billed Duration for Request 7175045f-32e6-439b-b492-8a59b46666fb: 1832 ms
Input: 5000000,
Cold Start: false
Unique ID: c3357cf3-b263-404b-86f2-9cdfc3e2a216,
Billed Duration for Request c3357cf3-b263-404b-86f2-9cdfc3e2a216: 1729 ms
Input: 5000000,
Cold Start: false
Unique ID: cf413b21-8824-464f-bcf5-dc9b7b331819,
Billed Duration for Request cf413b21-8824-464f-bcf5-dc9b7b331819: 1829 ms
Input: 5000000,
Cold Start: false
Unique ID: ff509c37-d71f-46ad-8b95-94729516d233,
Billed Duration for Request ff509c37-d71f-46ad-8b95-94729516d233: 1749 ms
Input: 5000000,
Cold Start: false
Unique ID: 6899c783-3a25-4006-b55d-8da737f4d841,
Billed Duration for Request 6899c783-3a25-4006-b55d-8da737f4d841: 1833 ms
Input: 5000000,
Cold Start: false
Unique ID: 13b4608d-8472-44d8-933d-79980e11b227,
Billed Duration for Request 13b4608d-8472-44d8-933d-79980e11b227: 1784 ms
Input: 5000000,
Cold Start: false
Unique ID: afb44e61-0367-486f-80d7-a20d56f86c8d,
Billed Duration for Request afb44e61-0367-486f-80d7-a20d56f86c8d: 1767 ms
Input: 5000000,
Cold Start: false
Unique ID: 5d8240f3-3e18-4d31-aa57-01b8c8538322,
Billed Duration for Request 5d8240f3-3e18-4d31-aa57-01b8c8538322: 1846 ms
Input: 5000000,
Cold Start: false
Unique ID: 30a31ffc-2744-441c-828d-8afa0e1d7e24,
Billed Duration for Request 30a31ffc-2744-441c-828d-8afa0e1d7e24: 1799 ms
Input: 5000000,
Cold Start: false
Unique ID: 27c48eaa-b551-4157-b313-c2789df93bc8,
Billed Duration for Request 27c48eaa-b551-4157-b313-c2789df93bc8: 1870 ms
Input: 5000000,
Cold Start: false
Unique ID: 04ed99d7-3bbc-483f-b4e2-b1228fe7a5c5,
Billed Duration for Request 04ed99d7-3bbc-483f-b4e2-b1228fe7a5c5: 1759 ms
Input: 5000000,
Cold Start: false
Unique ID: 02b5f6f4-d29d-47d4-95c1-888101796796,
Billed Duration for Request 02b5f6f4-d29d-47d4-95c1-888101796796: 1700 ms
Input: 5000000,
Cold Start: false
Unique ID: 6fd424da-40bf-4c0d-97c3-24dd99978ee3,
Billed Duration for Request 6fd424da-40bf-4c0d-97c3-24dd99978ee3: 1829 ms
Input: 5000000,
Cold Start: false
Unique ID: c0ac439f-7bb6-468b-8520-1b37e3559e4c,
Billed Duration for Request c0ac439f-7bb6-468b-8520-1b37e3559e4c: 1833 ms
Input: 5000000,
Cold Start: false
Unique ID: 2df9f35a-8372-4f39-a484-d2066e2ef1b9,
Billed Duration for Request 2df9f35a-8372-4f39-a484-d2066e2ef1b9: 1821 ms
Input: 5000000,
Cold Start: false
Unique ID: 4f824957-6109-4356-ab05-10992f5279fd,
Billed Duration for Request 4f824957-6109-4356-ab05-10992f5279fd: 1801 ms
Input: 5000000,
Cold Start: false
Unique ID: 7cbfa4a6-6b28-470b-8529-d7fb77465dbe,
Billed Duration for Request 7cbfa4a6-6b28-470b-8529-d7fb77465dbe: 1864 ms
Input: 5000000,
Cold Start: false
Unique ID: e594a11a-b442-4019-8bdc-090c868acc86,
Billed Duration for Request e594a11a-b442-4019-8bdc-090c868acc86: 1830 ms
Input: 5000000,
Cold Start: false
Unique ID: e7e317bb-b036-4357-8929-ab578b30781d,
Billed Duration for Request e7e317bb-b036-4357-8929-ab578b30781d: 1770 ms
Input: 5000000,
Cold Start: false
Unique ID: 98e7d025-a4c6-4eca-ad8c-f824a68945b0,
Billed Duration for Request 98e7d025-a4c6-4eca-ad8c-f824a68945b0: 1780 ms
Input: 5000000,
Cold Start: false
Unique ID: 9a4fcf2d-e45a-42a9-a70a-ed7963799bc8,
Billed Duration for Request 9a4fcf2d-e45a-42a9-a70a-ed7963799bc8: 1799 ms
Input: 5000000,
Cold Start: false
Unique ID: 635065b7-bbc7-408b-ba2e-06544ef68352,
Billed Duration for Request 635065b7-bbc7-408b-ba2e-06544ef68352: 1736 ms
Input: 5000000,
Cold Start: false
Unique ID: adef071c-f97e-4539-a1b2-46cc1d160d16,
Billed Duration for Request adef071c-f97e-4539-a1b2-46cc1d160d16: 1820 ms
Input: 5000000,
Cold Start: false
Unique ID: f15699d8-77f3-4b52-9727-61c1f4beea6c,
Billed Duration for Request f15699d8-77f3-4b52-9727-61c1f4beea6c: 1842 ms
Input: 5000000,
Cold Start: false
Unique ID: f4903f6f-beb3-44f9-a8db-2c49c524fbbc,
Billed Duration for Request f4903f6f-beb3-44f9-a8db-2c49c524fbbc: 1748 ms
Input: 5000000,
Cold Start: false
Unique ID: 2bd4aa14-a679-40a0-85a3-498a48aa8443,
Billed Duration for Request 2bd4aa14-a679-40a0-85a3-498a48aa8443: 1788 ms
Input: 5000000,
Cold Start: false
Unique ID: 57542c28-fab1-4158-9a43-6677f6fb4155,
Billed Duration for Request 57542c28-fab1-4158-9a43-6677f6fb4155: 1791 ms
Input: 5000000,
Cold Start: false
Unique ID: b8d85d4f-763c-480e-93b9-b2e30ce600c7,
Billed Duration for Request b8d85d4f-763c-480e-93b9-b2e30ce600c7: 1833 ms
Input: 5000000,
Cold Start: false
Unique ID: 7aa8ff3f-746c-4bd7-acc4-1e91a7f06c86,
Billed Duration for Request 7aa8ff3f-746c-4bd7-acc4-1e91a7f06c86: 1795 ms
Input: 5000000,
Cold Start: false
Unique ID: cbc04ad6-0fc5-41a8-99e6-1e277c8a9881,
Billed Duration for Request cbc04ad6-0fc5-41a8-99e6-1e277c8a9881: 1860 ms
Input: 5000000,
Cold Start: false
Unique ID: 718303c9-9437-46d5-b7aa-569fd8b1117f,
Billed Duration for Request 718303c9-9437-46d5-b7aa-569fd8b1117f: 1740 ms
Input: 5000000,
Cold Start: false
Unique ID: 930143c3-e7b5-4ca7-81f3-a6e196f4912e,
Billed Duration for Request 930143c3-e7b5-4ca7-81f3-a6e196f4912e: 1697 ms
Input: 5000000,
Cold Start: false
Unique ID: 47ca6e30-6fe8-4507-afe9-3b3e5c17a041,
Billed Duration for Request 47ca6e30-6fe8-4507-afe9-3b3e5c17a041: 1829 ms
Input: 5000000,
Cold Start: false
Unique ID: 05e377e0-bf46-4381-a685-793bf706bb5f,
Billed Duration for Request 05e377e0-bf46-4381-a685-793bf706bb5f: 1832 ms
Input: 5000000,
Cold Start: false
Unique ID: 0fa01730-b944-4e90-89d5-c7b5fed7348e,
Billed Duration for Request 0fa01730-b944-4e90-89d5-c7b5fed7348e: 1812 ms
Input: 5000000,
Cold Start: false
Unique ID: 05cc965c-0ad7-48d5-ab09-59bf1d46687a,
Billed Duration for Request 05cc965c-0ad7-48d5-ab09-59bf1d46687a: 1818 ms
Input: 5000000,
Cold Start: false
Unique ID: 3059a341-d687-4199-96ce-d2a9020f5daf,
Billed Duration for Request 3059a341-d687-4199-96ce-d2a9020f5daf: 1865 ms
Input: 5000000,
Cold Start: false
Unique ID: a2c301cc-0766-4ca8-a567-9f1b71d47e3e,
Billed Duration for Request a2c301cc-0766-4ca8-a567-9f1b71d47e3e: 1806 ms
Input: 5000000,
Cold Start: false
Unique ID: 4ffc9c99-4855-4b93-8e0d-53086dc7f5fb,
Billed Duration for Request 4ffc9c99-4855-4b93-8e0d-53086dc7f5fb: 1776 ms
Input: 5000000,
Cold Start: false
Unique ID: 956477eb-cf04-47ef-9b27-2bf6271df0e1,
Billed Duration for Request 956477eb-cf04-47ef-9b27-2bf6271df0e1: 1781 ms
Input: 5000000,
Cold Start: false
