Unique ID: 927da3df-904b-46cd-a6d2-838d5a2cf649,
Billed Duration for Request 927da3df-904b-46cd-a6d2-838d5a2cf649: 611 ms
Pi: 3.141274181818182,
Input: 5500000,
Cold Start: false
Unique ID: fb647e3a-9f34-4fda-9824-56aaafb66ef6,
Billed Duration for Request fb647e3a-9f34-4fda-9824-56aaafb66ef6: 601 ms
Pi: 3.141751272727273,
Input: 5500000,
Cold Start: false
Unique ID: dc57e33f-40ac-43c0-91cc-99867814933b,
Billed Duration for Request dc57e33f-40ac-43c0-91cc-99867814933b: 622 ms
Pi: 3.1412443636363636,
Input: 5500000,
Cold Start: false
Unique ID: 5dbeba89-9af8-4c1a-825d-b025c1a54fe3,
Billed Duration for Request 5dbeba89-9af8-4c1a-825d-b025c1a54fe3: 648 ms
Pi: 3.14224,
Input: 5500000,
Cold Start: false
Unique ID: b3765f03-8cd2-443c-9ca6-2aa557a8180f,
Billed Duration for Request b3765f03-8cd2-443c-9ca6-2aa557a8180f: 594 ms
Pi: 3.14108,
Input: 5500000,
Cold Start: false
Unique ID: a58d7aa6-29ae-41d9-b69a-75644630bbcc,
Billed Duration for Request a58d7aa6-29ae-41d9-b69a-75644630bbcc: 568 ms
Pi: 3.1406901818181816,
Input: 5500000,
Cold Start: false
Unique ID: 8894b571-ce69-4d8a-993f-836b6d0cf016,
Billed Duration for Request 8894b571-ce69-4d8a-993f-836b6d0cf016: 574 ms
Pi: 3.140181090909091,
Input: 5500000,
Cold Start: false
Unique ID: c3e42e77-5b18-4a11-93aa-d701bda30a02,
Billed Duration for Request c3e42e77-5b18-4a11-93aa-d701bda30a02: 601 ms
Pi: 3.142234181818182,
Input: 5500000,
Cold Start: false
Unique ID: f1e92d26-213f-4ec5-9a7a-d56360475eaa,
Billed Duration for Request f1e92d26-213f-4ec5-9a7a-d56360475eaa: 595 ms
Pi: 3.141557818181818,
Input: 5500000,
Cold Start: false
Unique ID: 26787e4b-b438-4546-8108-95144a7f2a7a,
Billed Duration for Request 26787e4b-b438-4546-8108-95144a7f2a7a: 582 ms
Pi: 3.141722909090909,
Input: 5500000,
Cold Start: false
Unique ID: 81f69d29-5d78-4825-94f9-d7aaddddd964,
Billed Duration for Request 81f69d29-5d78-4825-94f9-d7aaddddd964: 588 ms
Pi: 3.142218909090909,
Input: 5500000,
Cold Start: false
Unique ID: 3b0da4ce-fd58-426c-a907-a051b53d1012,
Billed Duration for Request 3b0da4ce-fd58-426c-a907-a051b53d1012: 615 ms
Pi: 3.141810909090909,
Input: 5500000,
Cold Start: false
Unique ID: 861270fa-6669-4614-909d-7430021c2f24,
Billed Duration for Request 861270fa-6669-4614-909d-7430021c2f24: 595 ms
Pi: 3.1415214545454546,
Input: 5500000,
Cold Start: false
Unique ID: c3ad7d71-3429-4c10-b545-60a86fbfe24e,
Billed Duration for Request c3ad7d71-3429-4c10-b545-60a86fbfe24e: 602 ms
Pi: 3.141538181818182,
Input: 5500000,
Cold Start: false
Unique ID: 268bcf43-0b33-4165-9ec3-65438ed1e7d7,
Billed Duration for Request 268bcf43-0b33-4165-9ec3-65438ed1e7d7: 584 ms
Pi: 3.142707636363636,
Input: 5500000,
Cold Start: false
Unique ID: ff6a3383-3b27-43e2-805e-05e1abc4ffc3,
Billed Duration for Request ff6a3383-3b27-43e2-805e-05e1abc4ffc3: 593 ms
Pi: 3.1410727272727272,
Input: 5500000,
Cold Start: false
Unique ID: 2a674c3d-8904-4a1f-a64c-abd6eec005b4,
Billed Duration for Request 2a674c3d-8904-4a1f-a64c-abd6eec005b4: 597 ms
Pi: 3.1420167272727273,
Input: 5500000,
Cold Start: false
Unique ID: 02486188-3f84-4ab9-8a1a-b5628cce5ef3,
Billed Duration for Request 02486188-3f84-4ab9-8a1a-b5628cce5ef3: 584 ms
Pi: 3.1422116363636365,
Input: 5500000,
Cold Start: false
Unique ID: 6a05f390-90cf-4985-9028-3f8620da512e,
Billed Duration for Request 6a05f390-90cf-4985-9028-3f8620da512e: 616 ms
Pi: 3.1405585454545455,
Input: 5500000,
Cold Start: false
Unique ID: 4a480649-f285-44f4-8338-3bed5eb8c734,
Billed Duration for Request 4a480649-f285-44f4-8338-3bed5eb8c734: 593 ms
Pi: 3.1416036363636364,
Input: 5500000,
Cold Start: false
Unique ID: 471add8f-0e37-4e91-bb71-86016d980938,
Billed Duration for Request 471add8f-0e37-4e91-bb71-86016d980938: 580 ms
Pi: 3.1414174545454547,
Input: 5500000,
Cold Start: false
Unique ID: 2671df28-fef5-44c0-b947-4ca6644695e5,
Billed Duration for Request 2671df28-fef5-44c0-b947-4ca6644695e5: 569 ms
Pi: 3.1413585454545454,
Input: 5500000,
Cold Start: false
Unique ID: 754c875c-d3cf-4808-913d-6c74b04641c7,
Billed Duration for Request 754c875c-d3cf-4808-913d-6c74b04641c7: 611 ms
Pi: 3.1425898181818184,
Input: 5500000,
Cold Start: false
Unique ID: 882b0d59-f7ca-4a70-b493-2beb4c39acc3,
Billed Duration for Request 882b0d59-f7ca-4a70-b493-2beb4c39acc3: 582 ms
Pi: 3.1406843636363635,
Input: 5500000,
Cold Start: false
Unique ID: b7f0aa99-255a-401a-85fd-b4ce75cc7bbd,
Billed Duration for Request b7f0aa99-255a-401a-85fd-b4ce75cc7bbd: 566 ms
Pi: 3.141456,
Input: 5500000,
Cold Start: false
Unique ID: 2bd16988-5bc9-4a97-9eb5-c508a2656b13,
Billed Duration for Request 2bd16988-5bc9-4a97-9eb5-c508a2656b13: 579 ms
Pi: 3.1423650909090908,
Input: 5500000,
Cold Start: false
Unique ID: 3310b9d7-7bb0-4aa9-81dc-543fcc60aca7,
Billed Duration for Request 3310b9d7-7bb0-4aa9-81dc-543fcc60aca7: 583 ms
Pi: 3.1422705454545454,
Input: 5500000,
Cold Start: false
Unique ID: d052248f-9076-49fd-933b-a71c57f3867f,
Billed Duration for Request d052248f-9076-49fd-933b-a71c57f3867f: 569 ms
Pi: 3.1422683636363637,
Input: 5500000,
Cold Start: false
Unique ID: 8a87d293-e6c1-4df5-9f33-5d0ecb669a5e,
Billed Duration for Request 8a87d293-e6c1-4df5-9f33-5d0ecb669a5e: 579 ms
Pi: 3.1429112727272726,
Input: 5500000,
Cold Start: false
Unique ID: 2c0bbe9c-1d0f-43a1-bdbc-26098a102af3,
Billed Duration for Request 2c0bbe9c-1d0f-43a1-bdbc-26098a102af3: 617 ms
Pi: 3.1420276363636366,
Input: 5500000,
Cold Start: false
Unique ID: cc8890c3-3267-4424-8364-012df7c5bd30,
Billed Duration for Request cc8890c3-3267-4424-8364-012df7c5bd30: 570 ms
Pi: 3.141370909090909,
Input: 5500000,
Cold Start: false
Unique ID: d18e4635-792f-49b7-b98c-593f6cb32db4,
Billed Duration for Request d18e4635-792f-49b7-b98c-593f6cb32db4: 579 ms
Pi: 3.1413483636363635,
Input: 5500000,
Cold Start: false
Unique ID: 879b007c-0961-4c84-a861-1dfa6a62284f,
Billed Duration for Request 879b007c-0961-4c84-a861-1dfa6a62284f: 601 ms
Pi: 3.1412429090909093,
Input: 5500000,
Cold Start: false
Unique ID: b24d437f-087e-4bd6-9582-8532c0bb34ca,
Billed Duration for Request b24d437f-087e-4bd6-9582-8532c0bb34ca: 565 ms
Pi: 3.1415367272727273,
Input: 5500000,
Cold Start: false
Unique ID: 789f4d99-0e7a-4676-867c-55484573434f,
Billed Duration for Request 789f4d99-0e7a-4676-867c-55484573434f: 594 ms
Pi: 3.1407541818181817,
Input: 5500000,
Cold Start: false
Unique ID: 5d3638d1-6cf0-467f-b2f2-2bac2f685080,
Billed Duration for Request 5d3638d1-6cf0-467f-b2f2-2bac2f685080: 619 ms
Pi: 3.1433476363636363,
Input: 5500000,
Cold Start: false
Unique ID: 35841e6c-13ad-4d09-9147-440164137577,
Billed Duration for Request 35841e6c-13ad-4d09-9147-440164137577: 570 ms
Pi: 3.141445090909091,
Input: 5500000,
Cold Start: false
Unique ID: 5f8a4807-c736-4c32-b2ff-aafc082a34d5,
Billed Duration for Request 5f8a4807-c736-4c32-b2ff-aafc082a34d5: 581 ms
Pi: 3.140311272727273,
Input: 5500000,
Cold Start: false
Unique ID: 7af8659f-e70f-420c-9612-8e1a8d8853c4,
Billed Duration for Request 7af8659f-e70f-420c-9612-8e1a8d8853c4: 594 ms
Pi: 3.141128727272727,
Input: 5500000,
Cold Start: false
Unique ID: e754e2a8-8e1e-4a05-b50a-76c1e4f8a754,
Billed Duration for Request e754e2a8-8e1e-4a05-b50a-76c1e4f8a754: 567 ms
Pi: 3.1422705454545454,
Input: 5500000,
Cold Start: false
Unique ID: 57a7d7ce-66ea-4647-b081-140811489f49,
Billed Duration for Request 57a7d7ce-66ea-4647-b081-140811489f49: 573 ms
Pi: 3.141627636363636,
Input: 5500000,
Cold Start: false
Unique ID: e0bbc222-043b-4b2c-8537-4fc3692efcad,
Billed Duration for Request e0bbc222-043b-4b2c-8537-4fc3692efcad: 594 ms
Pi: 3.140715636363636,
Input: 5500000,
Cold Start: false
Unique ID: a1dc4e7d-faa8-4de8-9ae1-8dbe1196681a,
Billed Duration for Request a1dc4e7d-faa8-4de8-9ae1-8dbe1196681a: 576 ms
Pi: 3.1415076363636363,
Input: 5500000,
Cold Start: false
Unique ID: 2e859c0f-b25f-4889-8f69-49ee9c2a9898,
Billed Duration for Request 2e859c0f-b25f-4889-8f69-49ee9c2a9898: 588 ms
Pi: 3.140426909090909,
Input: 5500000,
Cold Start: false
Unique ID: 5e352a9b-7262-4ef7-b67c-68e145a1c72a,
Billed Duration for Request 5e352a9b-7262-4ef7-b67c-68e145a1c72a: 575 ms
Pi: 3.141557818181818,
Input: 5500000,
Cold Start: false
Unique ID: cf0639f2-f71f-4f03-b3c0-add5ded7a100,
Billed Duration for Request cf0639f2-f71f-4f03-b3c0-add5ded7a100: 584 ms
Pi: 3.1409178181818183,
Input: 5500000,
Cold Start: false
Unique ID: 0dad84aa-9d35-4a2e-b329-d9945acdbb84,
Billed Duration for Request 0dad84aa-9d35-4a2e-b329-d9945acdbb84: 615 ms
Pi: 3.140376727272727,
Input: 5500000,
Cold Start: false
Unique ID: 7ee3ae9a-f179-4a13-823c-16a4c72275a3,
Billed Duration for Request 7ee3ae9a-f179-4a13-823c-16a4c72275a3: 581 ms
Pi: 3.1415614545454544,
Input: 5500000,
Cold Start: false
Unique ID: 899a8dbb-d869-4696-b2c6-2a86a6cd8770,
Billed Duration for Request 899a8dbb-d869-4696-b2c6-2a86a6cd8770: 593 ms
Pi: 3.14192,
Input: 5500000,
Cold Start: false
Unique ID: 03405a19-9047-4e4e-979e-b59b59fa101b,
Billed Duration for Request 03405a19-9047-4e4e-979e-b59b59fa101b: 586 ms
Pi: 3.1421403636363636,
Input: 5500000,
Cold Start: false
Unique ID: 25634736-8839-4f82-b1df-74d2c93df093,
Billed Duration for Request 25634736-8839-4f82-b1df-74d2c93df093: 622 ms
Pi: 3.1419069090909093,
Input: 5500000,
Cold Start: false
Unique ID: 4c0081a9-c3fc-4cf6-ae0d-4d07d244f51d,
Billed Duration for Request 4c0081a9-c3fc-4cf6-ae0d-4d07d244f51d: 568 ms
Pi: 3.141605818181818,
Input: 5500000,
Cold Start: false
Unique ID: 52a32be3-77f0-488d-9ef9-07a59ce45727,
Billed Duration for Request 52a32be3-77f0-488d-9ef9-07a59ce45727: 568 ms
Pi: 3.1406814545454544,
Input: 5500000,
Cold Start: false
Unique ID: 4a219fd5-7ecf-4d70-b0b1-be51bcc73df9,
Billed Duration for Request 4a219fd5-7ecf-4d70-b0b1-be51bcc73df9: 614 ms
Pi: 3.140869090909091,
Input: 5500000,
Cold Start: false
Unique ID: e70ba9a1-5e9d-455b-bde3-7980dfcbdb9f,
Billed Duration for Request e70ba9a1-5e9d-455b-bde3-7980dfcbdb9f: 585 ms
Pi: 3.1429607272727274,
Input: 5500000,
Cold Start: false
Unique ID: e89c2780-aa0b-4448-bf05-397b0b74cda5,
Billed Duration for Request e89c2780-aa0b-4448-bf05-397b0b74cda5: 568 ms
Pi: 3.140437818181818,
Input: 5500000,
Cold Start: false
Unique ID: 07a8b96a-848a-4717-9578-4cd7cfcbe77f,
Billed Duration for Request 07a8b96a-848a-4717-9578-4cd7cfcbe77f: 579 ms
Pi: 3.141484363636364,
Input: 5500000,
Cold Start: false
Unique ID: 88f3419c-12cb-43b3-9d6a-7fea20d58bc2,
Billed Duration for Request 88f3419c-12cb-43b3-9d6a-7fea20d58bc2: 580 ms
Pi: 3.141149090909091,
Input: 5500000,
Cold Start: false
Unique ID: c358d629-9163-44e8-8a5d-1e779d357399,
Billed Duration for Request c358d629-9163-44e8-8a5d-1e779d357399: 566 ms
Pi: 3.1424603636363635,
Input: 5500000,
Cold Start: false
Unique ID: 4fa99857-4b86-4868-9245-78474b483138,
Billed Duration for Request 4fa99857-4b86-4868-9245-78474b483138: 598 ms
Pi: 3.1414014545454547,
Input: 5500000,
Cold Start: false
Unique ID: 685c85f9-9a2c-401b-be51-822b88f8cfdc,
Billed Duration for Request 685c85f9-9a2c-401b-be51-822b88f8cfdc: 581 ms
Pi: 3.1405963636363636,
Input: 5500000,
Cold Start: false
Unique ID: 280f050f-7e03-4b14-b473-ee9767675f36,
Billed Duration for Request 280f050f-7e03-4b14-b473-ee9767675f36: 567 ms
Pi: 3.1411047272727273,
Input: 5500000,
Cold Start: false
Unique ID: 7ee4c2fc-38ce-4c55-b6ae-4879de2ce9a2,
Billed Duration for Request 7ee4c2fc-38ce-4c55-b6ae-4879de2ce9a2: 614 ms
Pi: 3.142596363636364,
Input: 5500000,
Cold Start: false
Unique ID: 2cc67ad8-091b-4ea8-95a9-2bd9f63c4d75,
Billed Duration for Request 2cc67ad8-091b-4ea8-95a9-2bd9f63c4d75: 579 ms
Pi: 3.141210181818182,
Input: 5500000,
Cold Start: false
Unique ID: 4b47a07b-0c0b-4f12-9227-af0e7f97a2fd,
Billed Duration for Request 4b47a07b-0c0b-4f12-9227-af0e7f97a2fd: 561 ms
Pi: 3.141917818181818,
Input: 5500000,
Cold Start: false
Unique ID: c140ef59-271e-43f4-8dd7-74f4d847cee6,
Billed Duration for Request c140ef59-271e-43f4-8dd7-74f4d847cee6: 594 ms
Pi: 3.1420814545454547,
Input: 5500000,
Cold Start: false
Unique ID: 8fee82c8-3379-408b-b7d9-ffa8fabbe67a,
Billed Duration for Request 8fee82c8-3379-408b-b7d9-ffa8fabbe67a: 577 ms
Pi: 3.1414625454545453,
Input: 5500000,
Cold Start: false
Unique ID: fe5bda06-a55d-4c4f-9d5a-2165760d56c1,
Billed Duration for Request fe5bda06-a55d-4c4f-9d5a-2165760d56c1: 568 ms
Pi: 3.140837818181818,
Input: 5500000,
Cold Start: false
Unique ID: b288ed82-ffbb-4497-bce6-fdd708248730,
Billed Duration for Request b288ed82-ffbb-4497-bce6-fdd708248730: 593 ms
Pi: 3.1414269090909093,
Input: 5500000,
Cold Start: false
Unique ID: d8980be6-846b-403b-b463-c54c6e3f18cc,
Billed Duration for Request d8980be6-846b-403b-b463-c54c6e3f18cc: 578 ms
Pi: 3.1421883636363637,
Input: 5500000,
Cold Start: false
Unique ID: 9b9d35b9-ffd3-4337-8f27-c665dab0906c,
Billed Duration for Request 9b9d35b9-ffd3-4337-8f27-c665dab0906c: 583 ms
Pi: 3.143045090909091,
Input: 5500000,
Cold Start: false
Unique ID: 58975e47-a18e-470e-aa7a-bd47f05c0402,
Billed Duration for Request 58975e47-a18e-470e-aa7a-bd47f05c0402: 615 ms
Pi: 3.1410276363636362,
Input: 5500000,
Cold Start: false
Unique ID: a3d31bc2-52ba-4f99-b8a0-cdbbb50c6916,
Billed Duration for Request a3d31bc2-52ba-4f99-b8a0-cdbbb50c6916: 578 ms
Pi: 3.140947636363636,
Input: 5500000,
Cold Start: false
Unique ID: 5889326e-26d8-4e89-882b-190cd0470665,
Billed Duration for Request 5889326e-26d8-4e89-882b-190cd0470665: 581 ms
Pi: 3.142304727272727,
Input: 5500000,
Cold Start: false
Unique ID: 6dc33ce9-a826-4574-a260-5124b0927c4f,
Billed Duration for Request 6dc33ce9-a826-4574-a260-5124b0927c4f: 583 ms
Pi: 3.139892363636364,
Input: 5500000,
Cold Start: false
Unique ID: 7784b01b-f8b3-4b96-9aa5-4f21189a455c,
Billed Duration for Request 7784b01b-f8b3-4b96-9aa5-4f21189a455c: 615 ms
Pi: 3.1410334545454544,
Input: 5500000,
Cold Start: false
Unique ID: 2a46d7a4-413f-46a9-bf9d-d1fe021e0e0c,
Billed Duration for Request 2a46d7a4-413f-46a9-bf9d-d1fe021e0e0c: 583 ms
Pi: 3.142764363636364,
Input: 5500000,
Cold Start: false
Unique ID: be5ca175-b42f-494e-a287-8e7efaf243d1,
Billed Duration for Request be5ca175-b42f-494e-a287-8e7efaf243d1: 580 ms
Pi: 3.1423592727272727,
Input: 5500000,
Cold Start: false
Unique ID: 5f7c0695-9f74-41f5-a00b-e392eae422c4,
Billed Duration for Request 5f7c0695-9f74-41f5-a00b-e392eae422c4: 566 ms
Pi: 3.141026181818182,
Input: 5500000,
Cold Start: false
Unique ID: f197e43c-97e5-4da1-b671-d35e6f1bc3c8,
Billed Duration for Request f197e43c-97e5-4da1-b671-d35e6f1bc3c8: 583 ms
Pi: 3.1404123636363637,
Input: 5500000,
Cold Start: false
Unique ID: c7724c60-dfe3-4479-aa78-eefefd06c20c,
Billed Duration for Request c7724c60-dfe3-4479-aa78-eefefd06c20c: 554 ms
Pi: 3.1409570909090907,
Input: 5500000,
Cold Start: false
Unique ID: f28af586-6c7c-4aa0-8772-d2021b04f0af,
Billed Duration for Request f28af586-6c7c-4aa0-8772-d2021b04f0af: 558 ms
Pi: 3.1425243636363636,
Input: 5500000,
Cold Start: false
Unique ID: ef2b0a1c-af63-45ed-ac6e-04b9965b0e9b,
Billed Duration for Request ef2b0a1c-af63-45ed-ac6e-04b9965b0e9b: 597 ms
Pi: 3.1413287272727275,
Input: 5500000,
Cold Start: false
Unique ID: 6f61abf9-3e7c-409a-a73e-36444bdbce67,
Billed Duration for Request 6f61abf9-3e7c-409a-a73e-36444bdbce67: 575 ms
Pi: 3.139898181818182,
Input: 5500000,
Cold Start: false
Unique ID: 965eb16a-5366-4173-98c2-499a88fa4038,
Billed Duration for Request 965eb16a-5366-4173-98c2-499a88fa4038: 548 ms
Pi: 3.1411818181818183,
Input: 5500000,
Cold Start: false
Unique ID: e6dca183-e991-4b09-8fc4-ecd7130f2c84,
Billed Duration for Request e6dca183-e991-4b09-8fc4-ecd7130f2c84: 583 ms
Pi: 3.1423185454545455,
Input: 5500000,
Cold Start: false
Unique ID: 500d0a98-21f8-4b3f-9cf9-e274e50967c7,
Billed Duration for Request 500d0a98-21f8-4b3f-9cf9-e274e50967c7: 620 ms
Pi: 3.141936,
Input: 5500000,
Cold Start: false
Unique ID: 0d365c93-f497-40fd-b8bf-d21cb226f1d8,
Billed Duration for Request 0d365c93-f497-40fd-b8bf-d21cb226f1d8: 565 ms
Pi: 3.1419432727272727,
Input: 5500000,
Cold Start: false
Unique ID: 3ff22a86-d2e5-4579-835c-95ca267d538a,
Billed Duration for Request 3ff22a86-d2e5-4579-835c-95ca267d538a: 577 ms
Pi: 3.141648,
Input: 5500000,
Cold Start: false
Unique ID: 1fc62325-03cf-4a8f-858b-79f5458ad1f6,
Billed Duration for Request 1fc62325-03cf-4a8f-858b-79f5458ad1f6: 615 ms
Pi: 3.141176,
Input: 5500000,
Cold Start: false
Unique ID: 38f76b71-6377-44a6-a2c1-ba7e043d47e5,
Billed Duration for Request 38f76b71-6377-44a6-a2c1-ba7e043d47e5: 565 ms
Pi: 3.1416865454545455,
Input: 5500000,
Cold Start: false
Unique ID: 389fa54f-ed37-4fbf-adc8-709c0cd942f2,
Billed Duration for Request 389fa54f-ed37-4fbf-adc8-709c0cd942f2: 574 ms
Pi: 3.14168,
Input: 5500000,
Cold Start: false
Unique ID: 13516a2c-0e96-4d01-9260-0aff8a7e4c79,
Billed Duration for Request 13516a2c-0e96-4d01-9260-0aff8a7e4c79: 578 ms
Pi: 3.1423985454545456,
Input: 5500000,
Cold Start: false
Unique ID: dff5ddfd-4eb9-431a-be49-a2ea0adb2837,
Billed Duration for Request dff5ddfd-4eb9-431a-be49-a2ea0adb2837: 570 ms
Pi: 3.1424814545454547,
Input: 5500000,
Cold Start: false
Unique ID: 0bc15b11-3b08-48ae-8d26-442ea9269bab,
Billed Duration for Request 0bc15b11-3b08-48ae-8d26-442ea9269bab: 616 ms
Pi: 3.1412778181818184,
Input: 5500000,
Cold Start: false
Unique ID: 89fe827e-4a73-4733-863e-341bb1dbe87d,
Billed Duration for Request 89fe827e-4a73-4733-863e-341bb1dbe87d: 583 ms
Pi: 3.141703272727273,
Input: 5500000,
Cold Start: false
Unique ID: 9ffbb3a4-a519-4f39-bb07-5f1738930404,
Billed Duration for Request 9ffbb3a4-a519-4f39-bb07-5f1738930404: 567 ms
Pi: 3.1409018181818182,
Input: 5500000,
Cold Start: false
Unique ID: d9fe8508-e444-4c52-8925-7c1e2269978e,
Billed Duration for Request d9fe8508-e444-4c52-8925-7c1e2269978e: 576 ms
Pi: 3.1416792727272727,
Input: 5500000,
Cold Start: false
Unique ID: 7458846e-e71e-4ae4-be6e-c3bc07d77257,
Billed Duration for Request 7458846e-e71e-4ae4-be6e-c3bc07d77257: 580 ms
Pi: 3.1413665454545456,
Input: 5500000,
Cold Start: false
Unique ID: 2a501402-bb9b-4db4-ac7d-da856bb90cef,
Billed Duration for Request 2a501402-bb9b-4db4-ac7d-da856bb90cef: 580 ms
Pi: 3.1418625454545452,
Input: 5500000,
Cold Start: false
Unique ID: 0f8d3499-6e19-4f4c-8c83-cc2765c9eab3,
Billed Duration for Request 0f8d3499-6e19-4f4c-8c83-cc2765c9eab3: 596 ms
Pi: 3.142059636363636,
Input: 5500000,
Cold Start: false
Unique ID: 6ca5afa7-f214-4471-a7e1-022518f972e5,
Billed Duration for Request 6ca5afa7-f214-4471-a7e1-022518f972e5: 540 ms
Pi: 3.1409665454545452,
Input: 5500000,
Cold Start: false
Unique ID: 4d99cc90-5796-4fff-bdcc-17bf424f425e,
Billed Duration for Request 4d99cc90-5796-4fff-bdcc-17bf424f425e: 579 ms
Pi: 3.1413214545454546,
Input: 5500000,
Cold Start: false
Unique ID: d939c5e3-0ba4-48cd-aa3b-20c385476da8,
Billed Duration for Request d939c5e3-0ba4-48cd-aa3b-20c385476da8: 601 ms
Pi: 3.140754909090909,
Input: 5500000,
Cold Start: false
Unique ID: 3b2fb421-97df-4c75-bf21-10a0dd11eaf4,
Billed Duration for Request 3b2fb421-97df-4c75-bf21-10a0dd11eaf4: 561 ms
Pi: 3.141720727272727,
Input: 5500000,
Cold Start: false
Unique ID: ce35c9dd-81f2-4c7c-8ec0-7d417847cbcf,
Billed Duration for Request ce35c9dd-81f2-4c7c-8ec0-7d417847cbcf: 565 ms
Pi: 3.1413563636363637,
Input: 5500000,
Cold Start: false
Unique ID: 725c6b6c-afbc-451d-bf25-3d5d3c3705bd,
Billed Duration for Request 725c6b6c-afbc-451d-bf25-3d5d3c3705bd: 603 ms
Pi: 3.1411323636363635,
Input: 5500000,
Cold Start: false
Unique ID: ccf6bdd4-d32b-410f-a6ea-cd0c80c529ab,
Billed Duration for Request ccf6bdd4-d32b-410f-a6ea-cd0c80c529ab: 577 ms
Pi: 3.1406116363636363,
Input: 5500000,
Cold Start: false
Unique ID: 3ca52fac-99c3-482f-9a24-8508a28ec7fd,
Billed Duration for Request 3ca52fac-99c3-482f-9a24-8508a28ec7fd: 565 ms
Pi: 3.142096,
Input: 5500000,
Cold Start: false
Unique ID: 22064f40-e64d-488f-bbac-a7ff318d080e,
Billed Duration for Request 22064f40-e64d-488f-bbac-a7ff318d080e: 620 ms
Pi: 3.1414494545454548,
Input: 5500000,
Cold Start: false
Unique ID: 946a78ed-0fe6-42f4-85bf-ced3c616bb5a,
Billed Duration for Request 946a78ed-0fe6-42f4-85bf-ced3c616bb5a: 577 ms
Pi: 3.1414196363636364,
Input: 5500000,
Cold Start: false
Unique ID: fdc121fc-7e55-4320-bdc0-0e86079ed8a9,
Billed Duration for Request fdc121fc-7e55-4320-bdc0-0e86079ed8a9: 569 ms
Pi: 3.1417098181818184,
Input: 5500000,
Cold Start: false
Unique ID: 4e0fc76f-99c9-42f8-b64e-d2a5a26df308,
Billed Duration for Request 4e0fc76f-99c9-42f8-b64e-d2a5a26df308: 582 ms
Pi: 3.1405992727272727,
Input: 5500000,
Cold Start: false
Unique ID: 3f3bafad-9d99-48a8-80a5-3be05fb2a851,
Billed Duration for Request 3f3bafad-9d99-48a8-80a5-3be05fb2a851: 560 ms
Pi: 3.1418305454545457,
Input: 5500000,
Cold Start: false
Unique ID: 4674c975-3dd9-4e4d-a020-236b28c7478f,
Billed Duration for Request 4674c975-3dd9-4e4d-a020-236b28c7478f: 581 ms
Pi: 3.1419643636363634,
Input: 5500000,
Cold Start: false
Unique ID: 942e3831-18a7-4d97-ba81-b353800cc635,
Billed Duration for Request 942e3831-18a7-4d97-ba81-b353800cc635: 601 ms
Pi: 3.142580363636364,
Input: 5500000,
Cold Start: false
Unique ID: a639f3ca-d872-4a88-9f9b-ef6728dad7a0,
Billed Duration for Request a639f3ca-d872-4a88-9f9b-ef6728dad7a0: 574 ms
Pi: 3.1432807272727272,
Input: 5500000,
Cold Start: false
Unique ID: 7046fe90-959e-4034-8939-e5d3e5159164,
Billed Duration for Request 7046fe90-959e-4034-8939-e5d3e5159164: 566 ms
Pi: 3.1410545454545455,
Input: 5500000,
Cold Start: false
Unique ID: 113045b5-6a70-4a40-be3a-7d1d9a034bc3,
Billed Duration for Request 113045b5-6a70-4a40-be3a-7d1d9a034bc3: 581 ms
Pi: 3.140824,
Input: 5500000,
Cold Start: false
Unique ID: 79ffbae6-7c90-41eb-ba84-cf33aa2c1d90,
Billed Duration for Request 79ffbae6-7c90-41eb-ba84-cf33aa2c1d90: 577 ms
Pi: 3.142746909090909,
Input: 5500000,
Cold Start: false
Unique ID: eeb00004-e28d-4589-9ca5-ac973fe6b4f5,
Billed Duration for Request eeb00004-e28d-4589-9ca5-ac973fe6b4f5: 583 ms
Pi: 3.1418690909090907,
Input: 5500000,
Cold Start: false
Unique ID: 48e95c8d-93dd-4110-8b90-db7a497d848b,
Billed Duration for Request 48e95c8d-93dd-4110-8b90-db7a497d848b: 606 ms
Pi: 3.141194181818182,
Input: 5500000,
Cold Start: false
Unique ID: 0f826a15-05f9-494b-b7dc-b05dbd8c69c2,
Billed Duration for Request 0f826a15-05f9-494b-b7dc-b05dbd8c69c2: 580 ms
Pi: 3.1413265454545454,
Input: 5500000,
Cold Start: false
Unique ID: a883ed5f-4237-4909-8363-12fbf96f96d5,
Billed Duration for Request a883ed5f-4237-4909-8363-12fbf96f96d5: 579 ms
Pi: 3.1411890909090907,
Input: 5500000,
Cold Start: false
Unique ID: bc1f4f9b-360c-469a-bf5b-93dc48e828fd,
Billed Duration for Request bc1f4f9b-360c-469a-bf5b-93dc48e828fd: 618 ms
Pi: 3.139711272727273,
Input: 5500000,
Cold Start: false
Unique ID: 7ce279db-b4ce-41b1-afb0-95722f210dcd,
Billed Duration for Request 7ce279db-b4ce-41b1-afb0-95722f210dcd: 580 ms
Pi: 3.141659636363636,
Input: 5500000,
Cold Start: false
Unique ID: dcd65839-0a4e-478b-9881-d38c381c333c,
Billed Duration for Request dcd65839-0a4e-478b-9881-d38c381c333c: 566 ms
Pi: 3.142287272727273,
Input: 5500000,
Cold Start: false
Unique ID: 4b678ed8-9094-4194-88d0-75d583434ce0,
Billed Duration for Request 4b678ed8-9094-4194-88d0-75d583434ce0: 577 ms
Pi: 3.141933090909091,
Input: 5500000,
Cold Start: false
Unique ID: f009e3c6-f921-4d6d-b21a-57aa85c93ad2,
Billed Duration for Request f009e3c6-f921-4d6d-b21a-57aa85c93ad2: 578 ms
Pi: 3.140861090909091,
Input: 5500000,
Cold Start: false
Unique ID: 4eb729ca-abd2-43cd-9b0f-b34fff740aee,
Billed Duration for Request 4eb729ca-abd2-43cd-9b0f-b34fff740aee: 564 ms
Pi: 3.1421476363636365,
Input: 5500000,
Cold Start: false
Unique ID: 85593077-05fc-4f07-bf25-83bbb589e72d,
Billed Duration for Request 85593077-05fc-4f07-bf25-83bbb589e72d: 562 ms
Pi: 3.142152,
Input: 5500000,
Cold Start: false
Unique ID: ed78d3d2-f64f-4458-8127-6af63a0999ca,
Billed Duration for Request ed78d3d2-f64f-4458-8127-6af63a0999ca: 581 ms
Pi: 3.1424632727272725,
Input: 5500000,
Cold Start: false
Unique ID: a31d8645-9132-4950-bc6e-ab358d68f445,
Billed Duration for Request a31d8645-9132-4950-bc6e-ab358d68f445: 583 ms
Pi: 3.142618181818182,
Input: 5500000,
Cold Start: false
Unique ID: 94c86bba-f736-4c9b-86a5-e623d08cc72b,
Billed Duration for Request 94c86bba-f736-4c9b-86a5-e623d08cc72b: 561 ms
Pi: 3.1412661818181817,
Input: 5500000,
Cold Start: false
Unique ID: f0b93e4c-71fc-44e1-a397-d3a300d9d81a,
Billed Duration for Request f0b93e4c-71fc-44e1-a397-d3a300d9d81a: 579 ms
Pi: 3.1411192727272725,
Input: 5500000,
Cold Start: false
Unique ID: 895ae75d-dc92-4ade-80d8-e9ce2eff199c,
Billed Duration for Request 895ae75d-dc92-4ade-80d8-e9ce2eff199c: 565 ms
Pi: 3.1413454545454544,
Input: 5500000,
Cold Start: false
Unique ID: a6ffb1b7-8bc3-4283-909a-436035e5eb6b,
Billed Duration for Request a6ffb1b7-8bc3-4283-909a-436035e5eb6b: 557 ms
Pi: 3.140741818181818,
Input: 5500000,
Cold Start: false
Unique ID: 48f1a42b-bebe-4c81-a112-ff2b9da16ed7,
Billed Duration for Request 48f1a42b-bebe-4c81-a112-ff2b9da16ed7: 614 ms
Pi: 3.141978909090909,
Input: 5500000,
Cold Start: false
Unique ID: f5ae654d-24ce-49bb-88af-be31cc07cc6a,
Billed Duration for Request f5ae654d-24ce-49bb-88af-be31cc07cc6a: 561 ms
Pi: 3.141920727272727,
Input: 5500000,
Cold Start: false
Unique ID: 93db1a13-d65f-4498-8d6b-2e15e2f36d52,
Billed Duration for Request 93db1a13-d65f-4498-8d6b-2e15e2f36d52: 579 ms
Pi: 3.1423781818181817,
Input: 5500000,
Cold Start: false
Unique ID: e6722c4b-d40d-45bc-8f9f-b3815caeee03,
Billed Duration for Request e6722c4b-d40d-45bc-8f9f-b3815caeee03: 560 ms
Pi: 3.141813090909091,
Input: 5500000,
Cold Start: false
Unique ID: e178ce64-01d9-4321-b701-e771ac4c0b1d,
Billed Duration for Request e178ce64-01d9-4321-b701-e771ac4c0b1d: 557 ms
Pi: 3.1410516363636365,
Input: 5500000,
Cold Start: false
Unique ID: 20c11951-cca5-4997-b111-e2b9dadf6e9e,
Billed Duration for Request 20c11951-cca5-4997-b111-e2b9dadf6e9e: 578 ms
Pi: 3.1412945454545453,
Input: 5500000,
Cold Start: false
Unique ID: 5fe33cfd-57e6-4ab5-a224-cefdc92cc76d,
Billed Duration for Request 5fe33cfd-57e6-4ab5-a224-cefdc92cc76d: 560 ms
Pi: 3.1413323636363635,
Input: 5500000,
Cold Start: false
Unique ID: 18538b05-47a3-44b7-8a8d-2dd158f7f8ff,
Billed Duration for Request 18538b05-47a3-44b7-8a8d-2dd158f7f8ff: 565 ms
Pi: 3.1412356363636365,
Input: 5500000,
Cold Start: false
Unique ID: f81f7c29-fa77-42a1-a676-1ea409001af0,
Billed Duration for Request f81f7c29-fa77-42a1-a676-1ea409001af0: 577 ms
Pi: 3.1420516363636364,
Input: 5500000,
Cold Start: false
Unique ID: 675afcc0-efbf-4b2d-ae6a-653e84f3b29a,
Billed Duration for Request 675afcc0-efbf-4b2d-ae6a-653e84f3b29a: 578 ms
Pi: 3.142736,
Input: 5500000,
Cold Start: false
Unique ID: 4399d324-2ba4-49ea-b15f-90bec86d0d7c,
Billed Duration for Request 4399d324-2ba4-49ea-b15f-90bec86d0d7c: 565 ms
Pi: 3.1410661818181818,
Input: 5500000,
Cold Start: false
Unique ID: bff6dad1-7f67-41ba-8cce-aefb07099e11,
Billed Duration for Request bff6dad1-7f67-41ba-8cce-aefb07099e11: 597 ms
Pi: 3.1419643636363634,
Input: 5500000,
Cold Start: false
Unique ID: 44683480-0596-467c-900e-a40c5369fe1a,
Billed Duration for Request 44683480-0596-467c-900e-a40c5369fe1a: 567 ms
Pi: 3.140850909090909,
Input: 5500000,
Cold Start: false
