Unique ID: 3bab641c-25c9-4be3-a4e5-27eb845a5bf4,
Billed Duration for Request 3bab641c-25c9-4be3-a4e5-27eb845a5bf4: 566 ms
Pi: 3.1421408,
Input: 5000000,
Cold Start: false
Unique ID: 7068acaa-bc7e-41cf-9885-c97c126c7d79,
Billed Duration for Request 7068acaa-bc7e-41cf-9885-c97c126c7d79: 582 ms
Pi: 3.1420808,
Input: 5000000,
Cold Start: false
Unique ID: cd6c015b-802f-426e-aca1-978af84b83be,
Billed Duration for Request cd6c015b-802f-426e-aca1-978af84b83be: 538 ms
Pi: 3.1419384,
Input: 5000000,
Cold Start: false
Unique ID: 3f5bded2-4d9d-465a-baef-0434199cafdf,
Billed Duration for Request 3f5bded2-4d9d-465a-baef-0434199cafdf: 627 ms
Pi: 3.1419248,
Input: 5000000,
Cold Start: true
Unique ID: 4539df5c-dff9-4fda-b70e-831698e48909,
Billed Duration for Request 4539df5c-dff9-4fda-b70e-831698e48909: 559 ms
Pi: 3.142336,
Input: 5000000,
Cold Start: false
Unique ID: bf35b33e-7767-4e5b-a8e6-ee1e47bd7f15,
Billed Duration for Request bf35b33e-7767-4e5b-a8e6-ee1e47bd7f15: 606 ms
Pi: 3.1428568,
Input: 5000000,
Cold Start: true
Unique ID: 7855cf59-aabe-444e-9a19-9ebc9ae7c743,
Billed Duration for Request 7855cf59-aabe-444e-9a19-9ebc9ae7c743: 525 ms
Pi: 3.1420352,
Input: 5000000,
Cold Start: false
Unique ID: 1e7159bb-096a-4974-9b0d-de1042d7d5b3,
Billed Duration for Request 1e7159bb-096a-4974-9b0d-de1042d7d5b3: 561 ms
Pi: 3.1408408,
Input: 5000000,
Cold Start: false
Unique ID: d9f6ee01-bd1d-436e-98fb-d3df12e7a2a9,
Billed Duration for Request d9f6ee01-bd1d-436e-98fb-d3df12e7a2a9: 548 ms
Pi: 3.140196,
Input: 5000000,
Cold Start: false
Unique ID: c09c5af2-aac6-4b9a-b3cd-f4e2247ab68f,
Billed Duration for Request c09c5af2-aac6-4b9a-b3cd-f4e2247ab68f: 530 ms
Pi: 3.1427888,
Input: 5000000,
Cold Start: false
Unique ID: dd4db638-b706-48cd-bde1-e289b7505ffe,
Billed Duration for Request dd4db638-b706-48cd-bde1-e289b7505ffe: 562 ms
Pi: 3.1406952,
Input: 5000000,
Cold Start: false
Unique ID: fcd9a4ef-96e6-41e3-8d0a-dde777b23072,
Billed Duration for Request fcd9a4ef-96e6-41e3-8d0a-dde777b23072: 542 ms
Pi: 3.1426352,
Input: 5000000,
Cold Start: false
Unique ID: 0945da37-a44e-49bf-9669-251646bc520b,
Billed Duration for Request 0945da37-a44e-49bf-9669-251646bc520b: 531 ms
Pi: 3.1412576,
Input: 5000000,
Cold Start: false
Unique ID: 8be6f462-09fd-49dc-85dc-9181159cff83,
Billed Duration for Request 8be6f462-09fd-49dc-85dc-9181159cff83: 563 ms
Pi: 3.1418416,
Input: 5000000,
Cold Start: false
Unique ID: 163eff5a-28b9-43e4-9441-f81d3029dbe8,
Billed Duration for Request 163eff5a-28b9-43e4-9441-f81d3029dbe8: 527 ms
Pi: 3.1403992,
Input: 5000000,
Cold Start: false
Unique ID: d8ed5223-4270-49cb-a48a-e93b47e5d431,
Billed Duration for Request d8ed5223-4270-49cb-a48a-e93b47e5d431: 527 ms
Pi: 3.1426824,
Input: 5000000,
Cold Start: false
Unique ID: 7b79eb63-ae27-455d-8833-4f503475c909,
Billed Duration for Request 7b79eb63-ae27-455d-8833-4f503475c909: 546 ms
Pi: 3.143536,
Input: 5000000,
Cold Start: false
Unique ID: ae132d8e-7bbc-4a2a-a223-0caecbb7164e,
Billed Duration for Request ae132d8e-7bbc-4a2a-a223-0caecbb7164e: 546 ms
Pi: 3.1413752,
Input: 5000000,
Cold Start: false
Unique ID: 20177659-efb5-41b3-90a0-489325936754,
Billed Duration for Request 20177659-efb5-41b3-90a0-489325936754: 541 ms
Pi: 3.1420824,
Input: 5000000,
Cold Start: false
Unique ID: f6f59dea-620a-4690-b9d8-413d06a1862b,
Billed Duration for Request f6f59dea-620a-4690-b9d8-413d06a1862b: 564 ms
Pi: 3.1422496,
Input: 5000000,
Cold Start: false
Unique ID: 0449c627-a332-445b-80b9-175150f166a6,
Billed Duration for Request 0449c627-a332-445b-80b9-175150f166a6: 540 ms
Pi: 3.1419016,
Input: 5000000,
Cold Start: false
Unique ID: 2fdafd38-e024-454d-abaf-960a274ef126,
Billed Duration for Request 2fdafd38-e024-454d-abaf-960a274ef126: 530 ms
Pi: 3.1423376,
Input: 5000000,
Cold Start: false
Unique ID: 7bd5eb85-d4ed-4376-9bc2-6b048bbf788e,
Billed Duration for Request 7bd5eb85-d4ed-4376-9bc2-6b048bbf788e: 558 ms
Pi: 3.1409896,
Input: 5000000,
Cold Start: false
Unique ID: 3470b4a4-d773-41f4-bf29-cbb90d3ebe4f,
Billed Duration for Request 3470b4a4-d773-41f4-bf29-cbb90d3ebe4f: 542 ms
Pi: 3.1407264,
Input: 5000000,
Cold Start: false
Unique ID: a5c584b0-5cec-4d28-8df2-41fdcaf4fb54,
Billed Duration for Request a5c584b0-5cec-4d28-8df2-41fdcaf4fb54: 529 ms
Pi: 3.1415512,
Input: 5000000,
Cold Start: false
Unique ID: 51485e76-cd54-4407-8152-d0ec24d7ff76,
Billed Duration for Request 51485e76-cd54-4407-8152-d0ec24d7ff76: 558 ms
Pi: 3.1428744,
Input: 5000000,
Cold Start: false
Unique ID: d6ef1959-c830-4d83-bff1-741cad3591f3,
Billed Duration for Request d6ef1959-c830-4d83-bff1-741cad3591f3: 545 ms
Pi: 3.1424552,
Input: 5000000,
Cold Start: false
Unique ID: 6b3fa903-1760-42c3-a6f2-b310babf4887,
Billed Duration for Request 6b3fa903-1760-42c3-a6f2-b310babf4887: 514 ms
Pi: 3.1419496,
Input: 5000000,
Cold Start: false
Unique ID: 6d7f6db5-a132-44de-b60b-b877e129c4a2,
Billed Duration for Request 6d7f6db5-a132-44de-b60b-b877e129c4a2: 562 ms
Pi: 3.1412728,
Input: 5000000,
Cold Start: false
Unique ID: c8e6e114-4bd7-4b5d-9114-e55b900437c3,
Billed Duration for Request c8e6e114-4bd7-4b5d-9114-e55b900437c3: 541 ms
Pi: 3.1418296,
Input: 5000000,
Cold Start: false
Unique ID: 18125988-79a5-45c7-aa5e-ad52c13a0a9c,
Billed Duration for Request 18125988-79a5-45c7-aa5e-ad52c13a0a9c: 531 ms
Pi: 3.1408216,
Input: 5000000,
Cold Start: false
Unique ID: 64750c84-be86-4899-9fa0-944cf13a31d7,
Billed Duration for Request 64750c84-be86-4899-9fa0-944cf13a31d7: 564 ms
Pi: 3.1411048,
Input: 5000000,
Cold Start: false
Unique ID: 28bf0b2d-2d3b-4a77-b2d5-ce9349f8b691,
Billed Duration for Request 28bf0b2d-2d3b-4a77-b2d5-ce9349f8b691: 528 ms
Pi: 3.1414488,
Input: 5000000,
Cold Start: false
Unique ID: d603f5be-b5fe-4102-9f86-868da2322671,
Billed Duration for Request d603f5be-b5fe-4102-9f86-868da2322671: 529 ms
Pi: 3.142768,
Input: 5000000,
Cold Start: false
Unique ID: 636707b6-f29c-4e28-9500-6137e3aa4a81,
Billed Duration for Request 636707b6-f29c-4e28-9500-6137e3aa4a81: 562 ms
Pi: 3.143636,
Input: 5000000,
Cold Start: false
Unique ID: fd9a027a-44f5-44e1-81ef-74c4942173ea,
Billed Duration for Request fd9a027a-44f5-44e1-81ef-74c4942173ea: 543 ms
Pi: 3.1423024,
Input: 5000000,
Cold Start: false
Unique ID: 415fc808-684e-4da7-997f-147d9c0cac84,
Billed Duration for Request 415fc808-684e-4da7-997f-147d9c0cac84: 531 ms
Pi: 3.14128,
Input: 5000000,
Cold Start: false
Unique ID: 8f4e0ff8-22f3-4ecf-8b3c-f7f30cbc23f3,
Billed Duration for Request 8f4e0ff8-22f3-4ecf-8b3c-f7f30cbc23f3: 559 ms
Pi: 3.1422568,
Input: 5000000,
Cold Start: false
Unique ID: 51b76f8e-33a3-4843-86da-58378eca4739,
Billed Duration for Request 51b76f8e-33a3-4843-86da-58378eca4739: 541 ms
Pi: 3.1403616,
Input: 5000000,
Cold Start: false
Unique ID: 4158529d-5bd5-4baf-bccd-ae09ef74f01e,
Billed Duration for Request 4158529d-5bd5-4baf-bccd-ae09ef74f01e: 531 ms
Pi: 3.143872,
Input: 5000000,
Cold Start: false
Unique ID: 4b2c6a22-3715-44e5-8d2e-90cb3271ff10,
Billed Duration for Request 4b2c6a22-3715-44e5-8d2e-90cb3271ff10: 557 ms
Pi: 3.1414984,
Input: 5000000,
Cold Start: false
Unique ID: 0ca690f9-2740-41e8-8d39-fc8e8839de10,
Billed Duration for Request 0ca690f9-2740-41e8-8d39-fc8e8839de10: 547 ms
Pi: 3.14104,
Input: 5000000,
Cold Start: false
Unique ID: f65af4f2-b01a-476e-b227-3f54fef1467a,
Billed Duration for Request f65af4f2-b01a-476e-b227-3f54fef1467a: 530 ms
Pi: 3.1411128,
Input: 5000000,
Cold Start: false
Unique ID: cdf0b142-ee37-4406-8ef0-fed20bd12c76,
Billed Duration for Request cdf0b142-ee37-4406-8ef0-fed20bd12c76: 560 ms
Pi: 3.141152,
Input: 5000000,
Cold Start: false
Unique ID: f21e173a-9698-4649-a27d-70403bceb72d,
Billed Duration for Request f21e173a-9698-4649-a27d-70403bceb72d: 541 ms
Pi: 3.141684,
Input: 5000000,
Cold Start: false
Unique ID: 277c271a-93a3-4b77-a836-7fcd5e1f2c8b,
Billed Duration for Request 277c271a-93a3-4b77-a836-7fcd5e1f2c8b: 531 ms
Pi: 3.1426,
Input: 5000000,
Cold Start: false
Unique ID: 026ae978-c138-4afd-ac20-5f451fed6275,
Billed Duration for Request 026ae978-c138-4afd-ac20-5f451fed6275: 563 ms
Pi: 3.1425376,
Input: 5000000,
Cold Start: false
Unique ID: 55fd3c41-46c4-4278-b6ca-c2933a1d11c3,
Billed Duration for Request 55fd3c41-46c4-4278-b6ca-c2933a1d11c3: 517 ms
Pi: 3.1410832,
Input: 5000000,
Cold Start: false
Unique ID: e98fccef-0ca1-4e1c-932c-d70ae1a6d9a8,
Billed Duration for Request e98fccef-0ca1-4e1c-932c-d70ae1a6d9a8: 536 ms
Pi: 3.1416456,
Input: 5000000,
Cold Start: false
Unique ID: d48903cd-9192-4541-9e24-c7db77a0e7cc,
Billed Duration for Request d48903cd-9192-4541-9e24-c7db77a0e7cc: 560 ms
Pi: 3.1397288,
Input: 5000000,
Cold Start: false
Unique ID: 7036c10a-a874-44cc-b350-fdc88763de91,
Billed Duration for Request 7036c10a-a874-44cc-b350-fdc88763de91: 530 ms
Pi: 3.1409904,
Input: 5000000,
Cold Start: false
Unique ID: fadf1624-91ab-4a32-a6c0-b0b8984dd6f8,
Billed Duration for Request fadf1624-91ab-4a32-a6c0-b0b8984dd6f8: 523 ms
Pi: 3.1410288,
Input: 5000000,
Cold Start: false
Unique ID: 3524fcaf-5f67-423e-98a2-744e304dd351,
Billed Duration for Request 3524fcaf-5f67-423e-98a2-744e304dd351: 612 ms
Pi: 3.1418504,
Input: 5000000,
Cold Start: false
Unique ID: 02ba659e-6483-4c7a-aaaf-f0e0309cd712,
Billed Duration for Request 02ba659e-6483-4c7a-aaaf-f0e0309cd712: 526 ms
Pi: 3.141548,
Input: 5000000,
Cold Start: false
Unique ID: 26c9f97e-062a-4572-ac1f-a7a81984d5bf,
Billed Duration for Request 26c9f97e-062a-4572-ac1f-a7a81984d5bf: 531 ms
Pi: 3.1420592,
Input: 5000000,
Cold Start: false
Unique ID: f8755617-a4c8-4444-97ea-a42156ae30c9,
Billed Duration for Request f8755617-a4c8-4444-97ea-a42156ae30c9: 531 ms
Pi: 3.140736,
Input: 5000000,
Cold Start: false
Unique ID: 9d663ea7-e3a7-4e14-be49-fb1c31786dcd,
Billed Duration for Request 9d663ea7-e3a7-4e14-be49-fb1c31786dcd: 522 ms
Pi: 3.141716,
Input: 5000000,
Cold Start: false
Unique ID: bd04fd1f-bc87-4993-be5f-9b840d60d052,
Billed Duration for Request bd04fd1f-bc87-4993-be5f-9b840d60d052: 529 ms
Pi: 3.1399784,
Input: 5000000,
Cold Start: false
Unique ID: 80b13d27-68c8-4fe3-b0da-b8b1c0381754,
Billed Duration for Request 80b13d27-68c8-4fe3-b0da-b8b1c0381754: 545 ms
Pi: 3.1409888,
Input: 5000000,
Cold Start: false
Unique ID: 99435af5-fc77-4f80-a0c7-0ec1546dd96b,
Billed Duration for Request 99435af5-fc77-4f80-a0c7-0ec1546dd96b: 542 ms
Pi: 3.1415624,
Input: 5000000,
Cold Start: false
Unique ID: c562b9d5-ae9c-4302-a5c1-2032463ead7c,
Billed Duration for Request c562b9d5-ae9c-4302-a5c1-2032463ead7c: 530 ms
Pi: 3.1417624,
Input: 5000000,
Cold Start: false
Unique ID: 3f02ce06-f4d0-4bf6-8a5b-3e50ec966022,
Billed Duration for Request 3f02ce06-f4d0-4bf6-8a5b-3e50ec966022: 531 ms
Pi: 3.141232,
Input: 5000000,
Cold Start: false
Unique ID: 32065fef-02b7-4543-983f-8fbb3404db5d,
Billed Duration for Request 32065fef-02b7-4543-983f-8fbb3404db5d: 523 ms
Pi: 3.1410624,
Input: 5000000,
Cold Start: false
Unique ID: 3fe0046c-6015-49d2-a058-fb018aee6b05,
Billed Duration for Request 3fe0046c-6015-49d2-a058-fb018aee6b05: 529 ms
Pi: 3.1414624,
Input: 5000000,
Cold Start: false
Unique ID: c7d52967-b619-46d1-ba75-a1ac183bb64a,
Billed Duration for Request c7d52967-b619-46d1-ba75-a1ac183bb64a: 536 ms
Pi: 3.140584,
Input: 5000000,
Cold Start: false
Unique ID: 388182e2-ad0c-4ea6-a85c-a20d7d919702,
Billed Duration for Request 388182e2-ad0c-4ea6-a85c-a20d7d919702: 517 ms
Pi: 3.1420968,
Input: 5000000,
Cold Start: false
Unique ID: 1a0bf0dc-3420-4dc7-a2e7-655d277c0a98,
Billed Duration for Request 1a0bf0dc-3420-4dc7-a2e7-655d277c0a98: 531 ms
Pi: 3.1418912,
Input: 5000000,
Cold Start: false
Unique ID: c76f7ce2-faaa-4919-a583-5d6ff6244910,
Billed Duration for Request c76f7ce2-faaa-4919-a583-5d6ff6244910: 527 ms
Pi: 3.1407584,
Input: 5000000,
Cold Start: false
Unique ID: 304b4c74-a0fe-4037-b57c-30202ecb3c31,
Billed Duration for Request 304b4c74-a0fe-4037-b57c-30202ecb3c31: 526 ms
Pi: 3.1414928,
Input: 5000000,
Cold Start: false
Unique ID: 737b48dc-d5ba-4f8a-b7fb-670beb2ac0ad,
Billed Duration for Request 737b48dc-d5ba-4f8a-b7fb-670beb2ac0ad: 530 ms
Pi: 3.1418336,
Input: 5000000,
Cold Start: false
Unique ID: 5e552b2f-7535-4e99-b219-b36e922d9a62,
Billed Duration for Request 5e552b2f-7535-4e99-b219-b36e922d9a62: 515 ms
Pi: 3.1402792,
Input: 5000000,
Cold Start: false
Unique ID: bb05c960-8437-4ff2-bf99-470a24663bec,
Billed Duration for Request bb05c960-8437-4ff2-bf99-470a24663bec: 520 ms
Pi: 3.1407616,
Input: 5000000,
Cold Start: false
Unique ID: f8508eb8-9531-4684-ab26-e2e292658a13,
Billed Duration for Request f8508eb8-9531-4684-ab26-e2e292658a13: 530 ms
Pi: 3.1412984,
Input: 5000000,
Cold Start: false
Unique ID: e46fbf7c-9985-450c-b8bc-06e38f3a0053,
Billed Duration for Request e46fbf7c-9985-450c-b8bc-06e38f3a0053: 545 ms
Pi: 3.1411888,
Input: 5000000,
Cold Start: false
Unique ID: 2f5e6a61-4d5d-4766-88e5-c4a1e8b7a843,
Billed Duration for Request 2f5e6a61-4d5d-4766-88e5-c4a1e8b7a843: 522 ms
Pi: 3.1413712,
Input: 5000000,
Cold Start: false
Unique ID: 926d4e63-20e6-4ae7-bd5c-973d712542d1,
Billed Duration for Request 926d4e63-20e6-4ae7-bd5c-973d712542d1: 513 ms
Pi: 3.1413936,
Input: 5000000,
Cold Start: false
Unique ID: 681b7fc1-288c-4fa5-9815-699b987c0ee1,
Billed Duration for Request 681b7fc1-288c-4fa5-9815-699b987c0ee1: 528 ms
Pi: 3.142072,
Input: 5000000,
Cold Start: false
Unique ID: c8d4d7df-d0c8-477b-b644-4e46900e2f20,
Billed Duration for Request c8d4d7df-d0c8-477b-b644-4e46900e2f20: 523 ms
Pi: 3.141328,
Input: 5000000,
Cold Start: false
Unique ID: 070edd50-8cc3-4b8a-a9b3-a6c6a17b57c5,
Billed Duration for Request 070edd50-8cc3-4b8a-a9b3-a6c6a17b57c5: 529 ms
Pi: 3.1416216,
Input: 5000000,
Cold Start: false
Unique ID: c89fd999-426a-4fa5-b112-308a87b54f78,
Billed Duration for Request c89fd999-426a-4fa5-b112-308a87b54f78: 525 ms
Pi: 3.1415488,
Input: 5000000,
Cold Start: false
Unique ID: 02737f45-ba9a-468d-ba3b-aa2f0ea15b71,
Billed Duration for Request 02737f45-ba9a-468d-ba3b-aa2f0ea15b71: 525 ms
Pi: 3.1418656,
Input: 5000000,
Cold Start: false
Unique ID: 1df25263-8dfe-4680-bef3-d0efd4821725,
Billed Duration for Request 1df25263-8dfe-4680-bef3-d0efd4821725: 529 ms
Pi: 3.1421688,
Input: 5000000,
Cold Start: false
Unique ID: f5cb737e-082c-443c-bdd2-55b02efe93ac,
Billed Duration for Request f5cb737e-082c-443c-bdd2-55b02efe93ac: 530 ms
Pi: 3.1425528,
Input: 5000000,
Cold Start: false
Unique ID: 1568031a-c22a-4005-bcc4-7e781c4fafc4,
Billed Duration for Request 1568031a-c22a-4005-bcc4-7e781c4fafc4: 524 ms
Pi: 3.1420728,
Input: 5000000,
Cold Start: false
Unique ID: ff59b463-6aa8-4cc1-9479-2bcf5e28db6f,
Billed Duration for Request ff59b463-6aa8-4cc1-9479-2bcf5e28db6f: 515 ms
Pi: 3.142668,
Input: 5000000,
Cold Start: false
Unique ID: 9fcc7d92-c6c0-4e55-9c5c-cedc7c784143,
Billed Duration for Request 9fcc7d92-c6c0-4e55-9c5c-cedc7c784143: 529 ms
Pi: 3.1411712,
Input: 5000000,
Cold Start: false
Unique ID: db1b3fb7-bc9b-41a5-8b34-dabbb0ce235c,
Billed Duration for Request db1b3fb7-bc9b-41a5-8b34-dabbb0ce235c: 521 ms
Pi: 3.142808,
Input: 5000000,
Cold Start: false
Unique ID: bcc709a9-dd8d-4361-b154-94da9e25bb57,
Billed Duration for Request bcc709a9-dd8d-4361-b154-94da9e25bb57: 527 ms
Pi: 3.1406864,
Input: 5000000,
Cold Start: false
Unique ID: 08382922-6e69-4cb1-8e39-913abb9d172a,
Billed Duration for Request 08382922-6e69-4cb1-8e39-913abb9d172a: 530 ms
Pi: 3.1414904,
Input: 5000000,
Cold Start: false
Unique ID: 9c2742e9-13f5-43cd-8863-c02d713cd77a,
Billed Duration for Request 9c2742e9-13f5-43cd-8863-c02d713cd77a: 525 ms
Pi: 3.1405768,
Input: 5000000,
Cold Start: false
Unique ID: 954c74dd-ba94-4c05-a46d-a560a816d67b,
Billed Duration for Request 954c74dd-ba94-4c05-a46d-a560a816d67b: 531 ms
Pi: 3.1408704,
Input: 5000000,
Cold Start: false
Unique ID: 1982a90f-8aae-4019-9b14-4b737a30d223,
Billed Duration for Request 1982a90f-8aae-4019-9b14-4b737a30d223: 526 ms
Pi: 3.1409728,
Input: 5000000,
Cold Start: false
Unique ID: 1fa3fb09-8e0b-4e2b-a95a-4f6ce6b6bee3,
Billed Duration for Request 1fa3fb09-8e0b-4e2b-a95a-4f6ce6b6bee3: 523 ms
Pi: 3.141504,
Input: 5000000,
Cold Start: false
Unique ID: 132e81de-b898-4eef-9c28-e62db0446825,
Billed Duration for Request 132e81de-b898-4eef-9c28-e62db0446825: 531 ms
Pi: 3.14062,
Input: 5000000,
Cold Start: false
Unique ID: 91bd617b-5d9f-498d-a4fd-ec8594e9d342,
Billed Duration for Request 91bd617b-5d9f-498d-a4fd-ec8594e9d342: 505 ms
Pi: 3.142528,
Input: 5000000,
Cold Start: false
Unique ID: 350e8383-929b-4447-bd66-45dbc0796bbf,
Billed Duration for Request 350e8383-929b-4447-bd66-45dbc0796bbf: 523 ms
Pi: 3.1397672,
Input: 5000000,
Cold Start: false
Unique ID: d37d4b53-d6b0-4cd2-89dc-3c1a6015330b,
Billed Duration for Request d37d4b53-d6b0-4cd2-89dc-3c1a6015330b: 534 ms
Pi: 3.1411336,
Input: 5000000,
Cold Start: false
Unique ID: ed5f63cf-aa26-4e15-930f-beed869c7634,
Billed Duration for Request ed5f63cf-aa26-4e15-930f-beed869c7634: 509 ms
Pi: 3.1423104,
Input: 5000000,
Cold Start: false
Unique ID: 3c465fbc-4cac-42f5-9a88-a8d4f5805096,
Billed Duration for Request 3c465fbc-4cac-42f5-9a88-a8d4f5805096: 526 ms
Pi: 3.1405744,
Input: 5000000,
Cold Start: false
Unique ID: fd28fca5-1de2-4ea6-a6d2-7401ab55ddb9,
Billed Duration for Request fd28fca5-1de2-4ea6-a6d2-7401ab55ddb9: 532 ms
Pi: 3.1414144,
Input: 5000000,
Cold Start: false
Unique ID: a1b20fdc-caf3-4a79-af11-790c2c0f7147,
Billed Duration for Request a1b20fdc-caf3-4a79-af11-790c2c0f7147: 527 ms
Pi: 3.1418192,
Input: 5000000,
Cold Start: false
Unique ID: d58346f4-ace8-458b-88bc-2c568b5fea4f,
Billed Duration for Request d58346f4-ace8-458b-88bc-2c568b5fea4f: 521 ms
Pi: 3.1420424,
Input: 5000000,
Cold Start: false
Unique ID: 1ce3b549-60ab-42c5-bf75-65c7dd91cfa9,
Billed Duration for Request 1ce3b549-60ab-42c5-bf75-65c7dd91cfa9: 531 ms
Pi: 3.141108,
Input: 5000000,
Cold Start: false
Unique ID: 23252b78-35d7-489c-bc29-2b02e59cf905,
Billed Duration for Request 23252b78-35d7-489c-bc29-2b02e59cf905: 521 ms
Pi: 3.1414616,
Input: 5000000,
Cold Start: false
Unique ID: 41ce6d1b-9c08-45e3-9f8c-cc8bdce5ba4b,
Billed Duration for Request 41ce6d1b-9c08-45e3-9f8c-cc8bdce5ba4b: 525 ms
Pi: 3.1407424,
Input: 5000000,
Cold Start: false
Unique ID: 12d3e21b-9611-44d5-8d6d-4614049defe4,
Billed Duration for Request 12d3e21b-9611-44d5-8d6d-4614049defe4: 531 ms
Pi: 3.1415216,
Input: 5000000,
Cold Start: false
Unique ID: 6389ac81-fb14-422a-af0c-475b45ed78bd,
Billed Duration for Request 6389ac81-fb14-422a-af0c-475b45ed78bd: 505 ms
Pi: 3.142496,
Input: 5000000,
Cold Start: false
Unique ID: e0b622a2-7fc8-480d-948a-bb15fb2b8627,
Billed Duration for Request e0b622a2-7fc8-480d-948a-bb15fb2b8627: 525 ms
Pi: 3.142456,
Input: 5000000,
Cold Start: false
Unique ID: 2c96c9a2-1121-4a3a-81a2-063a1ed507c8,
Billed Duration for Request 2c96c9a2-1121-4a3a-81a2-063a1ed507c8: 545 ms
Pi: 3.1435744,
Input: 5000000,
Cold Start: false
Unique ID: 3db052a4-0130-49d0-849c-7fe318f52e6d,
Billed Duration for Request 3db052a4-0130-49d0-849c-7fe318f52e6d: 509 ms
Pi: 3.14098,
Input: 5000000,
Cold Start: false
Unique ID: 8811f31e-7db7-4ed0-8e50-e475a26d3905,
Billed Duration for Request 8811f31e-7db7-4ed0-8e50-e475a26d3905: 526 ms
Pi: 3.1412864,
Input: 5000000,
Cold Start: false
Unique ID: ddfd77b6-2eb1-48de-9b3e-2366ea92def0,
Billed Duration for Request ddfd77b6-2eb1-48de-9b3e-2366ea92def0: 529 ms
Pi: 3.1417368,
Input: 5000000,
Cold Start: false
Unique ID: b81973f3-71a5-43b8-b429-4eec2034708e,
Billed Duration for Request b81973f3-71a5-43b8-b429-4eec2034708e: 527 ms
Pi: 3.1420128,
Input: 5000000,
Cold Start: false
Unique ID: 6a029571-5daf-483d-923d-7149faac170c,
Billed Duration for Request 6a029571-5daf-483d-923d-7149faac170c: 528 ms
Pi: 3.1415152,
Input: 5000000,
Cold Start: false
Unique ID: 623ea559-b1d5-4b16-89cd-ab124e679568,
Billed Duration for Request 623ea559-b1d5-4b16-89cd-ab124e679568: 533 ms
Pi: 3.1413064,
Input: 5000000,
Cold Start: false
Unique ID: 6b8a4d60-72f3-4426-98e8-5dc978bc4374,
Billed Duration for Request 6b8a4d60-72f3-4426-98e8-5dc978bc4374: 509 ms
Pi: 3.1412568,
Input: 5000000,
Cold Start: false
Unique ID: 5348264e-b0ca-4c8c-86f5-d6dcc7e88813,
Billed Duration for Request 5348264e-b0ca-4c8c-86f5-d6dcc7e88813: 521 ms
Pi: 3.1420576,
Input: 5000000,
Cold Start: false
Unique ID: c67a70d5-556b-418e-9d0b-7a502ff885f3,
Billed Duration for Request c67a70d5-556b-418e-9d0b-7a502ff885f3: 545 ms
Pi: 3.1409432,
Input: 5000000,
Cold Start: false
Unique ID: 2638cd0d-123d-4f0a-9b1d-174808afe41b,
Billed Duration for Request 2638cd0d-123d-4f0a-9b1d-174808afe41b: 510 ms
Pi: 3.1394376,
Input: 5000000,
Cold Start: false
Unique ID: 968aff8d-9dbe-4652-b792-45321d28ce0b,
Billed Duration for Request 968aff8d-9dbe-4652-b792-45321d28ce0b: 523 ms
Pi: 3.14152,
Input: 5000000,
Cold Start: false
Unique ID: 290e9f2c-41a4-4334-86c4-581aae963b23,
Billed Duration for Request 290e9f2c-41a4-4334-86c4-581aae963b23: 533 ms
Pi: 3.1425672,
Input: 5000000,
Cold Start: false
Unique ID: 72340485-ac15-4194-b85f-a39de0298af1,
Billed Duration for Request 72340485-ac15-4194-b85f-a39de0298af1: 526 ms
Pi: 3.1406576,
Input: 5000000,
Cold Start: false
Unique ID: 6ae1d4cf-87fe-4bcc-a724-b5aa0ba9c410,
Billed Duration for Request 6ae1d4cf-87fe-4bcc-a724-b5aa0ba9c410: 522 ms
Pi: 3.1411672,
Input: 5000000,
Cold Start: false
Unique ID: 42ab9c68-886e-4c49-97e3-b9dcc959a511,
Billed Duration for Request 42ab9c68-886e-4c49-97e3-b9dcc959a511: 537 ms
Pi: 3.141124,
Input: 5000000,
Cold Start: false
Unique ID: 97fad5e8-4601-4ff7-8c9f-de8c50e23761,
Billed Duration for Request 97fad5e8-4601-4ff7-8c9f-de8c50e23761: 509 ms
Pi: 3.1414608,
Input: 5000000,
Cold Start: false
Unique ID: 0b765620-827e-41a6-9721-5db1f1a407d2,
Billed Duration for Request 0b765620-827e-41a6-9721-5db1f1a407d2: 524 ms
Pi: 3.142,
Input: 5000000,
Cold Start: false
Unique ID: 5aa07d5f-3d4a-4910-adad-f678581f43f3,
Billed Duration for Request 5aa07d5f-3d4a-4910-adad-f678581f43f3: 546 ms
Pi: 3.142284,
Input: 5000000,
Cold Start: false
Unique ID: 5f3b5f03-85c2-41fc-a47c-b2cdb1e2c133,
Billed Duration for Request 5f3b5f03-85c2-41fc-a47c-b2cdb1e2c133: 506 ms
Pi: 3.1408352,
Input: 5000000,
Cold Start: false
Unique ID: eeda0bd0-b6e4-4de8-b673-deafc82f7f19,
Billed Duration for Request eeda0bd0-b6e4-4de8-b673-deafc82f7f19: 525 ms
Pi: 3.1421736,
Input: 5000000,
Cold Start: false
Unique ID: 463e4c5b-de53-466a-8fea-0654033d4223,
Billed Duration for Request 463e4c5b-de53-466a-8fea-0654033d4223: 532 ms
Pi: 3.1416416,
Input: 5000000,
Cold Start: false
Unique ID: 045c0aad-9d11-4ea8-b78c-9bfca32de4d8,
Billed Duration for Request 045c0aad-9d11-4ea8-b78c-9bfca32de4d8: 507 ms
Pi: 3.142368,
Input: 5000000,
Cold Start: false
Unique ID: 7e4fec3a-f11d-47bd-bd29-6c8ef24b0b60,
Billed Duration for Request 7e4fec3a-f11d-47bd-bd29-6c8ef24b0b60: 508 ms
Pi: 3.1412304,
Input: 5000000,
Cold Start: false
Unique ID: cdb9bd7a-676b-4fd1-9d03-3ee713c05355,
Billed Duration for Request cdb9bd7a-676b-4fd1-9d03-3ee713c05355: 545 ms
Pi: 3.1427032,
Input: 5000000,
Cold Start: false
Unique ID: 0f12e65a-b418-4f22-98a2-d4fb82fc4d71,
Billed Duration for Request 0f12e65a-b418-4f22-98a2-d4fb82fc4d71: 509 ms
Pi: 3.141248,
Input: 5000000,
Cold Start: false
Unique ID: 658fe465-3e20-49a2-83ec-eb5d8f831d2a,
Billed Duration for Request 658fe465-3e20-49a2-83ec-eb5d8f831d2a: 521 ms
Pi: 3.1413808,
Input: 5000000,
Cold Start: false
Unique ID: 9ac1e436-b147-4465-80d9-dadcf5e135a8,
Billed Duration for Request 9ac1e436-b147-4465-80d9-dadcf5e135a8: 561 ms
Pi: 3.1414112,
Input: 5000000,
Cold Start: false
Unique ID: dbbdbdb5-1c21-4cf3-a5ba-6709f0d182c0,
Billed Duration for Request dbbdbdb5-1c21-4cf3-a5ba-6709f0d182c0: 510 ms
Pi: 3.1421592,
Input: 5000000,
Cold Start: false
Unique ID: 69700f6e-1962-4c11-b1ff-bc1ecfb96a1e,
Billed Duration for Request 69700f6e-1962-4c11-b1ff-bc1ecfb96a1e: 519 ms
Pi: 3.1405368,
Input: 5000000,
Cold Start: false
Unique ID: 148d7f4d-80ae-4168-af57-007963ef52ea,
Billed Duration for Request 148d7f4d-80ae-4168-af57-007963ef52ea: 529 ms
Pi: 3.1421784,
Input: 5000000,
Cold Start: false
Unique ID: e180a947-e58f-47a2-bd02-c53095474380,
Billed Duration for Request e180a947-e58f-47a2-bd02-c53095474380: 509 ms
Pi: 3.1415904,
Input: 5000000,
Cold Start: false
Unique ID: 77319506-b0be-42d6-87f5-02063a0a55cf,
Billed Duration for Request 77319506-b0be-42d6-87f5-02063a0a55cf: 522 ms
Pi: 3.1403776,
Input: 5000000,
Cold Start: false
Unique ID: 5df7d2a3-9e33-4696-a472-719934ea209c,
Billed Duration for Request 5df7d2a3-9e33-4696-a472-719934ea209c: 530 ms
Pi: 3.1410256,
Input: 5000000,
Cold Start: false
Unique ID: 3df1273c-c12d-41e6-9980-6b2a5b766409,
Billed Duration for Request 3df1273c-c12d-41e6-9980-6b2a5b766409: 509 ms
Pi: 3.1404216,
Input: 5000000,
Cold Start: false
Unique ID: fc9eee57-33f0-477a-a824-a232967c1227,
Billed Duration for Request fc9eee57-33f0-477a-a824-a232967c1227: 526 ms
Pi: 3.1416416,
Input: 5000000,
Cold Start: false
Unique ID: d0f8c187-e855-493e-b431-f7f2581b84aa,
Billed Duration for Request d0f8c187-e855-493e-b431-f7f2581b84aa: 528 ms
Pi: 3.140056,
Input: 5000000,
Cold Start: false
Unique ID: 34e4f2d6-fef0-438e-a571-55767fd28b4d,
Billed Duration for Request 34e4f2d6-fef0-438e-a571-55767fd28b4d: 508 ms
Pi: 3.1425584,
Input: 5000000,
Cold Start: false
Unique ID: a9e6cdab-4ccd-45c6-9be7-a3de55c3fb3f,
Billed Duration for Request a9e6cdab-4ccd-45c6-9be7-a3de55c3fb3f: 525 ms
Pi: 3.1430032,
Input: 5000000,
Cold Start: false
Unique ID: 4444ae16-37a6-4df7-b247-d6485cb79c04,
Billed Duration for Request 4444ae16-37a6-4df7-b247-d6485cb79c04: 529 ms
Pi: 3.1432808,
Input: 5000000,
Cold Start: false
Unique ID: 16efd299-d556-477c-aa03-ce6bd22d4220,
Billed Duration for Request 16efd299-d556-477c-aa03-ce6bd22d4220: 517 ms
Pi: 3.1413768,
Input: 5000000,
Cold Start: false
Unique ID: 28260c62-54f0-45f2-95da-333dfcd5b097,
Billed Duration for Request 28260c62-54f0-45f2-95da-333dfcd5b097: 517 ms
Pi: 3.1422424,
Input: 5000000,
Cold Start: false
