Unique ID: 6f23e9c2-0016-4516-b280-219c378b60f5,
Billed Duration for Request 6f23e9c2-0016-4516-b280-219c378b60f5: 594 ms
Pi: 3.1414968,
Input: 5000000,
Cold Start: false
Unique ID: 7b75724e-6e66-4c5a-bbf3-86469809cd0e,
Billed Duration for Request 7b75724e-6e66-4c5a-bbf3-86469809cd0e: 593 ms
Pi: 3.1419936,
Input: 5000000,
Cold Start: true
Unique ID: 8eb5176f-9874-40c1-bb62-bea66867baf8,
Billed Duration for Request 8eb5176f-9874-40c1-bb62-bea66867baf8: 612 ms
Pi: 3.1416056,
Input: 5000000,
Cold Start: true
Unique ID: cbb8854c-cb7e-4d37-904a-da795ff22a3a,
Billed Duration for Request cbb8854c-cb7e-4d37-904a-da795ff22a3a: 549 ms
Pi: 3.1410704,
Input: 5000000,
Cold Start: true
Unique ID: 5bef9034-2fc0-44ea-bdcf-0ee7502d0024,
Billed Duration for Request 5bef9034-2fc0-44ea-bdcf-0ee7502d0024: 566 ms
Pi: 3.1415416,
Input: 5000000,
Cold Start: false
Unique ID: 66faffd5-4566-4bd3-909d-0714e9d877f5,
Billed Duration for Request 66faffd5-4566-4bd3-909d-0714e9d877f5: 548 ms
Pi: 3.1419016,
Input: 5000000,
Cold Start: false
Unique ID: f870981c-0561-4866-b680-e278421d91ad,
Billed Duration for Request f870981c-0561-4866-b680-e278421d91ad: 556 ms
Pi: 3.1406304,
Input: 5000000,
Cold Start: true
Unique ID: 6e409ebe-95ef-49c6-a13d-7cd674bff3c7,
Billed Duration for Request 6e409ebe-95ef-49c6-a13d-7cd674bff3c7: 552 ms
Pi: 3.1407688,
Input: 5000000,
Cold Start: false
Unique ID: 95c9ed08-8e98-46a2-b63b-8403f67041b6,
Billed Duration for Request 95c9ed08-8e98-46a2-b63b-8403f67041b6: 537 ms
Pi: 3.1419112,
Input: 5000000,
Cold Start: false
Unique ID: e1d0f6c4-bb87-4021-8b3f-8b2bf76b0fa5,
Billed Duration for Request e1d0f6c4-bb87-4021-8b3f-8b2bf76b0fa5: 511 ms
Pi: 3.1412024,
Input: 5000000,
Cold Start: false
Unique ID: 7a66a021-c8ff-4708-a22d-cdf5d5d85b7e,
Billed Duration for Request 7a66a021-c8ff-4708-a22d-cdf5d5d85b7e: 553 ms
Pi: 3.141256,
Input: 5000000,
Cold Start: false
Unique ID: 4d816fb0-377f-4857-b5fb-2517808c7c9a,
Billed Duration for Request 4d816fb0-377f-4857-b5fb-2517808c7c9a: 524 ms
Pi: 3.1414464,
Input: 5000000,
Cold Start: false
Unique ID: 0944d362-f6e8-4025-8e4d-0cb0bdc73fa4,
Billed Duration for Request 0944d362-f6e8-4025-8e4d-0cb0bdc73fa4: 505 ms
Pi: 3.1418736,
Input: 5000000,
Cold Start: false
Unique ID: ec2ce717-c90b-48e4-9e23-b54d57251095,
Billed Duration for Request ec2ce717-c90b-48e4-9e23-b54d57251095: 552 ms
Pi: 3.1432616,
Input: 5000000,
Cold Start: false
Unique ID: cf9fd9e4-0ad3-43d3-8db1-def8ae1eb0bc,
Billed Duration for Request cf9fd9e4-0ad3-43d3-8db1-def8ae1eb0bc: 530 ms
Pi: 3.1427048,
Input: 5000000,
Cold Start: false
Unique ID: 5b8a15fc-45f2-4252-8337-85c067992b02,
Billed Duration for Request 5b8a15fc-45f2-4252-8337-85c067992b02: 509 ms
Pi: 3.1426136,
Input: 5000000,
Cold Start: false
Unique ID: 1b943504-3299-4f98-947d-44504935fb13,
Billed Duration for Request 1b943504-3299-4f98-947d-44504935fb13: 550 ms
Pi: 3.1422792,
Input: 5000000,
Cold Start: false
Unique ID: 593c00f1-e987-4a8d-bd9e-1fe54bb3b741,
Billed Duration for Request 593c00f1-e987-4a8d-bd9e-1fe54bb3b741: 541 ms
Pi: 3.140376,
Input: 5000000,
Cold Start: false
Unique ID: b45e2320-6fbb-44de-a874-471d7baca960,
Billed Duration for Request b45e2320-6fbb-44de-a874-471d7baca960: 508 ms
Pi: 3.141616,
Input: 5000000,
Cold Start: false
Unique ID: 63ba92f0-93d1-426d-93de-b7a77746c970,
Billed Duration for Request 63ba92f0-93d1-426d-93de-b7a77746c970: 549 ms
Pi: 3.1415608,
Input: 5000000,
Cold Start: false
Unique ID: d5cd085c-990d-43e0-bc08-123d9dd605f0,
Billed Duration for Request d5cd085c-990d-43e0-bc08-123d9dd605f0: 533 ms
Pi: 3.142372,
Input: 5000000,
Cold Start: false
Unique ID: e25d5ab9-6d76-47b5-85ac-822d685e6ac8,
Billed Duration for Request e25d5ab9-6d76-47b5-85ac-822d685e6ac8: 508 ms
Pi: 3.141956,
Input: 5000000,
Cold Start: false
Unique ID: 99a0fe78-f3fa-4596-9604-1629fc46f6d5,
Billed Duration for Request 99a0fe78-f3fa-4596-9604-1629fc46f6d5: 548 ms
Pi: 3.1397936,
Input: 5000000,
Cold Start: false
Unique ID: c327aa0c-dc1a-4d79-8a91-9f82336822ac,
Billed Duration for Request c327aa0c-dc1a-4d79-8a91-9f82336822ac: 531 ms
Pi: 3.142484,
Input: 5000000,
Cold Start: false
Unique ID: 950e80f3-39f6-40ad-94e0-d7a0b5d5752a,
Billed Duration for Request 950e80f3-39f6-40ad-94e0-d7a0b5d5752a: 507 ms
Pi: 3.1412048,
Input: 5000000,
Cold Start: false
Unique ID: c155ea31-ffc9-4633-aeab-bf3e36248586,
Billed Duration for Request c155ea31-ffc9-4633-aeab-bf3e36248586: 554 ms
Pi: 3.140652,
Input: 5000000,
Cold Start: false
Unique ID: 36645763-c9a0-45d6-b236-559da4ed6b72,
Billed Duration for Request 36645763-c9a0-45d6-b236-559da4ed6b72: 532 ms
Pi: 3.141984,
Input: 5000000,
Cold Start: false
Unique ID: b5e76833-2e26-4049-878c-254caf8dc74a,
Billed Duration for Request b5e76833-2e26-4049-878c-254caf8dc74a: 508 ms
Pi: 3.1417368,
Input: 5000000,
Cold Start: false
Unique ID: 004b0db6-b3b0-4c73-826d-6d694be4f230,
Billed Duration for Request 004b0db6-b3b0-4c73-826d-6d694be4f230: 606 ms
Pi: 3.1421728,
Input: 5000000,
Cold Start: false
Unique ID: 1c71add4-abf9-4603-9b2f-ee1e713a8cc2,
Billed Duration for Request 1c71add4-abf9-4603-9b2f-ee1e713a8cc2: 530 ms
Pi: 3.1415424,
Input: 5000000,
Cold Start: false
Unique ID: 21b6d110-d0a3-4166-9093-b41c8fdddba7,
Billed Duration for Request 21b6d110-d0a3-4166-9093-b41c8fdddba7: 503 ms
Pi: 3.1415912,
Input: 5000000,
Cold Start: false
Unique ID: 91db52d2-95d6-4292-a84b-4a6df8f3468a,
Billed Duration for Request 91db52d2-95d6-4292-a84b-4a6df8f3468a: 509 ms
Pi: 3.141212,
Input: 5000000,
Cold Start: false
Unique ID: 7fad85ef-0daa-4ec6-a815-987b704aab04,
Billed Duration for Request 7fad85ef-0daa-4ec6-a815-987b704aab04: 529 ms
Pi: 3.1419576,
Input: 5000000,
Cold Start: false
Unique ID: a38f09b1-e44d-427b-a20d-f40f1d7b114f,
Billed Duration for Request a38f09b1-e44d-427b-a20d-f40f1d7b114f: 507 ms
Pi: 3.1421984,
Input: 5000000,
Cold Start: false
Unique ID: 1516772c-92de-4e64-9cbf-e025057abc3d,
Billed Duration for Request 1516772c-92de-4e64-9cbf-e025057abc3d: 490 ms
Pi: 3.1412896,
Input: 5000000,
Cold Start: false
Unique ID: 48da16e6-c621-44a9-b146-6aeff003a761,
Billed Duration for Request 48da16e6-c621-44a9-b146-6aeff003a761: 531 ms
Pi: 3.1425976,
Input: 5000000,
Cold Start: false
Unique ID: c690d788-bc4a-4e91-8b3f-5b4a8e1815b3,
Billed Duration for Request c690d788-bc4a-4e91-8b3f-5b4a8e1815b3: 507 ms
Pi: 3.1399768,
Input: 5000000,
Cold Start: false
Unique ID: 4b190ec6-9131-46f5-8712-5d0859ebaabe,
Billed Duration for Request 4b190ec6-9131-46f5-8712-5d0859ebaabe: 493 ms
Pi: 3.1411576,
Input: 5000000,
Cold Start: false
Unique ID: 51343e37-2e69-43ce-8072-4ed22f21c8ad,
Billed Duration for Request 51343e37-2e69-43ce-8072-4ed22f21c8ad: 534 ms
Pi: 3.1413696,
Input: 5000000,
Cold Start: false
Unique ID: b9dabd9e-21eb-408b-9f65-4497d9b5a9fc,
Billed Duration for Request b9dabd9e-21eb-408b-9f65-4497d9b5a9fc: 493 ms
Pi: 3.1408728,
Input: 5000000,
Cold Start: false
Unique ID: e46064e8-8bf9-4527-ad15-d7cd367cec88,
Billed Duration for Request e46064e8-8bf9-4527-ad15-d7cd367cec88: 522 ms
Pi: 3.140784,
Input: 5000000,
Cold Start: false
Unique ID: f1f93dcc-e4ff-4895-b183-8ed5fbb2c353,
Billed Duration for Request f1f93dcc-e4ff-4895-b183-8ed5fbb2c353: 516 ms
Pi: 3.1417736,
Input: 5000000,
Cold Start: false
Unique ID: 1caf874b-9ceb-4bc1-894a-54f655956112,
Billed Duration for Request 1caf874b-9ceb-4bc1-894a-54f655956112: 490 ms
Pi: 3.1414864,
Input: 5000000,
Cold Start: false
Unique ID: 914d4f0a-7baa-44cf-b7df-1938a9185692,
Billed Duration for Request 914d4f0a-7baa-44cf-b7df-1938a9185692: 491 ms
Pi: 3.1415344,
Input: 5000000,
Cold Start: false
Unique ID: c910c3a2-31af-4b16-8d36-cd17eca84a49,
Billed Duration for Request c910c3a2-31af-4b16-8d36-cd17eca84a49: 513 ms
Pi: 3.1422304,
Input: 5000000,
Cold Start: false
Unique ID: 7ca82121-1c1d-44d9-9df6-ed185c545989,
Billed Duration for Request 7ca82121-1c1d-44d9-9df6-ed185c545989: 505 ms
Pi: 3.1417704,
Input: 5000000,
Cold Start: false
Unique ID: 23f18b86-ddf8-409c-b3da-b066574eef64,
Billed Duration for Request 23f18b86-ddf8-409c-b3da-b066574eef64: 489 ms
Pi: 3.1404576,
Input: 5000000,
Cold Start: false
Unique ID: 9a832e4c-d112-4ffe-bdd0-4f2d46e50c83,
Billed Duration for Request 9a832e4c-d112-4ffe-bdd0-4f2d46e50c83: 512 ms
Pi: 3.1434072,
Input: 5000000,
Cold Start: false
Unique ID: ab42c304-9b8c-4555-b7e6-eb6a3d2533c1,
Billed Duration for Request ab42c304-9b8c-4555-b7e6-eb6a3d2533c1: 501 ms
Pi: 3.1412608,
Input: 5000000,
Cold Start: false
Unique ID: 5be35c19-67d0-47d5-8688-e28254dfff90,
Billed Duration for Request 5be35c19-67d0-47d5-8688-e28254dfff90: 495 ms
Pi: 3.14232,
Input: 5000000,
Cold Start: false
Unique ID: bdcac39f-da92-4bd5-b0b6-292ac0e3b1e3,
Billed Duration for Request bdcac39f-da92-4bd5-b0b6-292ac0e3b1e3: 527 ms
Pi: 3.1413872,
Input: 5000000,
Cold Start: false
Unique ID: 4a2c375f-afc0-459c-af17-da699f01c83b,
Billed Duration for Request 4a2c375f-afc0-459c-af17-da699f01c83b: 490 ms
Pi: 3.1411184,
Input: 5000000,
Cold Start: false
Unique ID: dd8ed4d5-1bda-4f7e-992b-b1e1b8563a6b,
Billed Duration for Request dd8ed4d5-1bda-4f7e-992b-b1e1b8563a6b: 493 ms
Pi: 3.1414424,
Input: 5000000,
Cold Start: false
Unique ID: 2bf6b205-2732-4fec-95a6-8dc934919002,
Billed Duration for Request 2bf6b205-2732-4fec-95a6-8dc934919002: 514 ms
Pi: 3.1406448,
Input: 5000000,
Cold Start: false
Unique ID: 280d4961-5191-4919-9119-c0b74be437c8,
Billed Duration for Request 280d4961-5191-4919-9119-c0b74be437c8: 489 ms
Pi: 3.1426888,
Input: 5000000,
Cold Start: false
Unique ID: 5140893d-65b2-48a5-beb2-615cccb08c87,
Billed Duration for Request 5140893d-65b2-48a5-beb2-615cccb08c87: 507 ms
Pi: 3.1416392,
Input: 5000000,
Cold Start: false
Unique ID: 9ce4b2b0-f1db-488c-b317-6bb0cf5bcde8,
Billed Duration for Request 9ce4b2b0-f1db-488c-b317-6bb0cf5bcde8: 525 ms
Pi: 3.1419592,
Input: 5000000,
Cold Start: false
Unique ID: 54f1b4e6-bec3-4f71-af84-c7ad1213e163,
Billed Duration for Request 54f1b4e6-bec3-4f71-af84-c7ad1213e163: 486 ms
Pi: 3.141664,
Input: 5000000,
Cold Start: false
Unique ID: 1e9ea297-feb3-440e-aafc-1caa2b9861b0,
Billed Duration for Request 1e9ea297-feb3-440e-aafc-1caa2b9861b0: 510 ms
Pi: 3.1422544,
Input: 5000000,
Cold Start: false
Unique ID: 9772a877-c41c-48d0-a7c2-ac996a87556b,
Billed Duration for Request 9772a877-c41c-48d0-a7c2-ac996a87556b: 512 ms
Pi: 3.1416312,
Input: 5000000,
Cold Start: false
Unique ID: 5faa181e-66ab-4c6f-9ba9-65022d309760,
Billed Duration for Request 5faa181e-66ab-4c6f-9ba9-65022d309760: 484 ms
Pi: 3.1417184,
Input: 5000000,
Cold Start: false
Unique ID: c2edfa93-f12d-4cfe-839c-72f67cd17c56,
Billed Duration for Request c2edfa93-f12d-4cfe-839c-72f67cd17c56: 508 ms
Pi: 3.1418352,
Input: 5000000,
Cold Start: false
Unique ID: 47345473-284f-4258-9457-09ff369e3508,
Billed Duration for Request 47345473-284f-4258-9457-09ff369e3508: 512 ms
Pi: 3.1415984,
Input: 5000000,
Cold Start: false
Unique ID: e959a7b1-cd34-4dd7-8824-b6fcb7a978ee,
Billed Duration for Request e959a7b1-cd34-4dd7-8824-b6fcb7a978ee: 486 ms
Pi: 3.1423384,
Input: 5000000,
Cold Start: false
Unique ID: 39f4df76-043f-4dca-95f3-4cd3c9de76af,
Billed Duration for Request 39f4df76-043f-4dca-95f3-4cd3c9de76af: 494 ms
Pi: 3.1415352,
Input: 5000000,
Cold Start: false
Unique ID: dff153c0-e9cf-4df4-bd81-6ddbc28b5dae,
Billed Duration for Request dff153c0-e9cf-4df4-bd81-6ddbc28b5dae: 508 ms
Pi: 3.140764,
Input: 5000000,
Cold Start: false
Unique ID: 58d71002-e8d4-4275-86c6-973cc0923dca,
Billed Duration for Request 58d71002-e8d4-4275-86c6-973cc0923dca: 487 ms
Pi: 3.1399904,
Input: 5000000,
Cold Start: false
Unique ID: 1683e305-f701-40c4-b66d-dffa8e89a9eb,
Billed Duration for Request 1683e305-f701-40c4-b66d-dffa8e89a9eb: 489 ms
Pi: 3.1421704,
Input: 5000000,
Cold Start: false
Unique ID: 9726d29d-8d59-45f0-a78d-49defe6c03ee,
Billed Duration for Request 9726d29d-8d59-45f0-a78d-49defe6c03ee: 516 ms
Pi: 3.1416976,
Input: 5000000,
Cold Start: false
Unique ID: cf191902-a29f-4474-b358-8b2e038c55d7,
Billed Duration for Request cf191902-a29f-4474-b358-8b2e038c55d7: 488 ms
Pi: 3.1423984,
Input: 5000000,
Cold Start: false
Unique ID: b0302143-2662-4677-8bd4-c2a199c4f275,
Billed Duration for Request b0302143-2662-4677-8bd4-c2a199c4f275: 490 ms
Pi: 3.1414144,
Input: 5000000,
Cold Start: false
Unique ID: e5919bbd-63c8-493e-848c-9fb0248266a6,
Billed Duration for Request e5919bbd-63c8-493e-848c-9fb0248266a6: 516 ms
Pi: 3.1407576,
Input: 5000000,
Cold Start: false
Unique ID: f3b3ad59-48ce-4b99-b269-74acbef77cd1,
Billed Duration for Request f3b3ad59-48ce-4b99-b269-74acbef77cd1: 487 ms
Pi: 3.1408624,
Input: 5000000,
Cold Start: false
Unique ID: 4488d77a-3a7a-40f4-9d4d-a431cc75c03c,
Billed Duration for Request 4488d77a-3a7a-40f4-9d4d-a431cc75c03c: 470 ms
Pi: 3.1413176,
Input: 5000000,
Cold Start: false
Unique ID: aab740fc-ca03-495e-b513-36cec4e6ea31,
Billed Duration for Request aab740fc-ca03-495e-b513-36cec4e6ea31: 511 ms
Pi: 3.1405808,
Input: 5000000,
Cold Start: false
Unique ID: 1e60962c-a69d-44ae-b15b-21e936b5c0b9,
Billed Duration for Request 1e60962c-a69d-44ae-b15b-21e936b5c0b9: 502 ms
Pi: 3.1409448,
Input: 5000000,
Cold Start: false
Unique ID: e5ed2463-910d-4a2d-887c-70d0b44ce4d9,
Billed Duration for Request e5ed2463-910d-4a2d-887c-70d0b44ce4d9: 492 ms
Pi: 3.1422328,
Input: 5000000,
Cold Start: false
Unique ID: af65d875-ac13-403b-bac1-5bbb2ff99213,
Billed Duration for Request af65d875-ac13-403b-bac1-5bbb2ff99213: 513 ms
Pi: 3.1408088,
Input: 5000000,
Cold Start: false
Unique ID: 785cf802-4d62-4e9e-a0ad-f46023aa322c,
Billed Duration for Request 785cf802-4d62-4e9e-a0ad-f46023aa322c: 489 ms
Pi: 3.1417656,
Input: 5000000,
Cold Start: false
Unique ID: 256f4d2c-6822-41bf-8969-718942869830,
Billed Duration for Request 256f4d2c-6822-41bf-8969-718942869830: 495 ms
Pi: 3.1416088,
Input: 5000000,
Cold Start: false
Unique ID: 9edfe598-a6c7-4f1a-9cc8-b9b48fb514c2,
Billed Duration for Request 9edfe598-a6c7-4f1a-9cc8-b9b48fb514c2: 511 ms
Pi: 3.1407584,
Input: 5000000,
Cold Start: false
Unique ID: f2804043-74ca-43ca-aa40-61fcf089bcba,
Billed Duration for Request f2804043-74ca-43ca-aa40-61fcf089bcba: 486 ms
Pi: 3.1404008,
Input: 5000000,
Cold Start: false
Unique ID: ee6e660e-b2ab-49b5-99f7-ff7f9219ae48,
Billed Duration for Request ee6e660e-b2ab-49b5-99f7-ff7f9219ae48: 478 ms
Pi: 3.1410168,
Input: 5000000,
Cold Start: false
Unique ID: 6f2b85b9-c284-465d-a5f8-865467b19a14,
Billed Duration for Request 6f2b85b9-c284-465d-a5f8-865467b19a14: 512 ms
Pi: 3.1411832,
Input: 5000000,
Cold Start: false
Unique ID: bd409cae-734d-44cb-a3be-4c4a2e882e8a,
Billed Duration for Request bd409cae-734d-44cb-a3be-4c4a2e882e8a: 487 ms
Pi: 3.1420488,
Input: 5000000,
Cold Start: false
Unique ID: a2112022-ae1e-49c7-9ece-d786ee5fa700,
Billed Duration for Request a2112022-ae1e-49c7-9ece-d786ee5fa700: 490 ms
Pi: 3.1423728,
Input: 5000000,
Cold Start: false
Unique ID: 48f2e3d5-578b-4f1d-b482-86203bde651f,
Billed Duration for Request 48f2e3d5-578b-4f1d-b482-86203bde651f: 510 ms
Pi: 3.1417176,
Input: 5000000,
Cold Start: false
Unique ID: 8fb737ea-2951-4534-a62e-5c1cac315d50,
Billed Duration for Request 8fb737ea-2951-4534-a62e-5c1cac315d50: 486 ms
Pi: 3.1428248,
Input: 5000000,
Cold Start: false
Unique ID: 5c854330-0cb4-4871-aef7-4c4bce09a5ab,
Billed Duration for Request 5c854330-0cb4-4871-aef7-4c4bce09a5ab: 477 ms
Pi: 3.1423192,
Input: 5000000,
Cold Start: false
Unique ID: 0d28a934-8725-4e39-991d-55463092a610,
Billed Duration for Request 0d28a934-8725-4e39-991d-55463092a610: 511 ms
Pi: 3.1421328,
Input: 5000000,
Cold Start: false
Unique ID: 3a0d910b-578b-4b2e-b31d-6b9b19a2c6bc,
Billed Duration for Request 3a0d910b-578b-4b2e-b31d-6b9b19a2c6bc: 485 ms
Pi: 3.1403336,
Input: 5000000,
Cold Start: false
Unique ID: e1cac358-6605-44ad-99dd-cef69129f101,
Billed Duration for Request e1cac358-6605-44ad-99dd-cef69129f101: 491 ms
Pi: 3.140644,
Input: 5000000,
Cold Start: false
Unique ID: 4c7d2ae8-00ba-4afc-a7dc-2c809e51f1ec,
Billed Duration for Request 4c7d2ae8-00ba-4afc-a7dc-2c809e51f1ec: 511 ms
Pi: 3.142404,
Input: 5000000,
Cold Start: false
Unique ID: 7da0cf09-eec2-4546-933d-b4ee56916e87,
Billed Duration for Request 7da0cf09-eec2-4546-933d-b4ee56916e87: 487 ms
Pi: 3.1418656,
Input: 5000000,
Cold Start: false
Unique ID: 3acd2dfd-27bd-44c7-8fc0-d79b42e9a351,
Billed Duration for Request 3acd2dfd-27bd-44c7-8fc0-d79b42e9a351: 491 ms
Pi: 3.1404592,
Input: 5000000,
Cold Start: false
Unique ID: d57995d1-b879-4c71-ba5b-ae14eaf79882,
Billed Duration for Request d57995d1-b879-4c71-ba5b-ae14eaf79882: 528 ms
Pi: 3.1401632,
Input: 5000000,
Cold Start: false
Unique ID: aa0fa218-80ca-4362-bfbf-b1450fb5f609,
Billed Duration for Request aa0fa218-80ca-4362-bfbf-b1450fb5f609: 505 ms
Pi: 3.1414664,
Input: 5000000,
Cold Start: false
Unique ID: 942c3f76-ba63-4c7d-a763-78db9d39f32a,
Billed Duration for Request 942c3f76-ba63-4c7d-a763-78db9d39f32a: 488 ms
Pi: 3.1414936,
Input: 5000000,
Cold Start: false
Unique ID: 3648eab0-85d9-4336-8810-fc7707b69e62,
Billed Duration for Request 3648eab0-85d9-4336-8810-fc7707b69e62: 508 ms
Pi: 3.1419288,
Input: 5000000,
Cold Start: false
Unique ID: 3e2b5426-df0a-444e-9c11-482a13dee325,
Billed Duration for Request 3e2b5426-df0a-444e-9c11-482a13dee325: 486 ms
Pi: 3.1422504,
Input: 5000000,
Cold Start: false
Unique ID: b2b34de8-f8f4-4c6a-ad93-8eed3fbdef0b,
Billed Duration for Request b2b34de8-f8f4-4c6a-ad93-8eed3fbdef0b: 474 ms
Pi: 3.1417744,
Input: 5000000,
Cold Start: false
Unique ID: 652292b8-669c-4e4b-a463-00a2f6ce4b1b,
Billed Duration for Request 652292b8-669c-4e4b-a463-00a2f6ce4b1b: 523 ms
Pi: 3.1421,
Input: 5000000,
Cold Start: false
Unique ID: 3e558bb6-ab0e-4e4c-9e88-cb6125b52757,
Billed Duration for Request 3e558bb6-ab0e-4e4c-9e88-cb6125b52757: 487 ms
Pi: 3.1404968,
Input: 5000000,
Cold Start: false
Unique ID: fbabba18-3e71-4c04-9a49-894a22dcb340,
Billed Duration for Request fbabba18-3e71-4c04-9a49-894a22dcb340: 489 ms
Pi: 3.1426672,
Input: 5000000,
Cold Start: false
Unique ID: c593680f-a159-4b25-a30a-ec253c1d005f,
Billed Duration for Request c593680f-a159-4b25-a30a-ec253c1d005f: 528 ms
Pi: 3.1410952,
Input: 5000000,
Cold Start: false
Unique ID: 5c8e1e0a-6e68-4637-b3d7-0a7b6c533f6e,
Billed Duration for Request 5c8e1e0a-6e68-4637-b3d7-0a7b6c533f6e: 487 ms
Pi: 3.1405208,
Input: 5000000,
Cold Start: false
Unique ID: 798322e8-28f2-402e-ad63-424b0efec35f,
Billed Duration for Request 798322e8-28f2-402e-ad63-424b0efec35f: 491 ms
Pi: 3.1415496,
Input: 5000000,
Cold Start: false
Unique ID: ffb64671-466d-4b12-93fd-e5bdc1f35576,
Billed Duration for Request ffb64671-466d-4b12-93fd-e5bdc1f35576: 512 ms
Pi: 3.1420288,
Input: 5000000,
Cold Start: false
Unique ID: b740a7c4-a0eb-49ab-ac10-110561e40930,
Billed Duration for Request b740a7c4-a0eb-49ab-ac10-110561e40930: 487 ms
Pi: 3.1416792,
Input: 5000000,
Cold Start: false
Unique ID: ee49b576-89af-4e3d-b2d7-1dbec55a3949,
Billed Duration for Request ee49b576-89af-4e3d-b2d7-1dbec55a3949: 472 ms
Pi: 3.1411152,
Input: 5000000,
Cold Start: false
Unique ID: 5cd513e4-a7c2-4f09-a4f7-c0cb63080607,
Billed Duration for Request 5cd513e4-a7c2-4f09-a4f7-c0cb63080607: 526 ms
Pi: 3.1408832,
Input: 5000000,
Cold Start: false
Unique ID: e2d0db58-439d-4988-adb1-038fcee5bf57,
Billed Duration for Request e2d0db58-439d-4988-adb1-038fcee5bf57: 492 ms
Pi: 3.1413136,
Input: 5000000,
Cold Start: false
Unique ID: 8b693e51-c95b-487d-9c57-7995a25639f8,
Billed Duration for Request 8b693e51-c95b-487d-9c57-7995a25639f8: 475 ms
Pi: 3.140948,
Input: 5000000,
Cold Start: false
Unique ID: 1aba2cdf-793f-4a6b-b309-7f92bc60249d,
Billed Duration for Request 1aba2cdf-793f-4a6b-b309-7f92bc60249d: 513 ms
Pi: 3.1413976,
Input: 5000000,
Cold Start: false
Unique ID: d44c499f-ed88-4353-ab65-8b5317a81e47,
Billed Duration for Request d44c499f-ed88-4353-ab65-8b5317a81e47: 488 ms
Pi: 3.1411744,
Input: 5000000,
Cold Start: false
Unique ID: ae2fa703-3a99-4054-952e-191ca307f8ec,
Billed Duration for Request ae2fa703-3a99-4054-952e-191ca307f8ec: 493 ms
Pi: 3.1408552,
Input: 5000000,
Cold Start: false
Unique ID: 44ad550b-fb37-4843-8961-f48a9aae7280,
Billed Duration for Request 44ad550b-fb37-4843-8961-f48a9aae7280: 512 ms
Pi: 3.1418512,
Input: 5000000,
Cold Start: false
Unique ID: eccfaf14-63ec-4390-80ee-54570bb8c574,
Billed Duration for Request eccfaf14-63ec-4390-80ee-54570bb8c574: 504 ms
Pi: 3.1415904,
Input: 5000000,
Cold Start: false
Unique ID: 2b1c28b2-6602-4989-bb89-5bb5058b2f1a,
Billed Duration for Request 2b1c28b2-6602-4989-bb89-5bb5058b2f1a: 492 ms
Pi: 3.1425464,
Input: 5000000,
Cold Start: false
Unique ID: a2be2026-fcf5-4ab0-865c-05c0770d30da,
Billed Duration for Request a2be2026-fcf5-4ab0-865c-05c0770d30da: 511 ms
Pi: 3.1414648,
Input: 5000000,
Cold Start: false
Unique ID: 9c7a17be-124c-45de-99f7-84c4718380bf,
Billed Duration for Request 9c7a17be-124c-45de-99f7-84c4718380bf: 487 ms
Pi: 3.1420216,
Input: 5000000,
Cold Start: false
Unique ID: 4b6e59bf-2fb4-4e1b-8dd8-7b586c889178,
Billed Duration for Request 4b6e59bf-2fb4-4e1b-8dd8-7b586c889178: 492 ms
Pi: 3.140668,
Input: 5000000,
Cold Start: false
Unique ID: 1c593fbe-89e4-4c4b-98d2-e1b1aa5ae78b,
Billed Duration for Request 1c593fbe-89e4-4c4b-98d2-e1b1aa5ae78b: 494 ms
Pi: 3.1426696,
Input: 5000000,
Cold Start: false
Unique ID: 634bad18-db79-4507-8055-b3ca14ea5b44,
Billed Duration for Request 634bad18-db79-4507-8055-b3ca14ea5b44: 504 ms
Pi: 3.1414944,
Input: 5000000,
Cold Start: false
Unique ID: 9407519a-3247-4cf1-be76-5b30b76cf088,
Billed Duration for Request 9407519a-3247-4cf1-be76-5b30b76cf088: 491 ms
Pi: 3.1410312,
Input: 5000000,
Cold Start: false
Unique ID: 3b854792-020f-4145-bc42-0642b913220a,
Billed Duration for Request 3b854792-020f-4145-bc42-0642b913220a: 507 ms
Pi: 3.1430576,
Input: 5000000,
Cold Start: false
Unique ID: 9fffa4b1-e06b-4aad-a4a9-443b7b1f0799,
Billed Duration for Request 9fffa4b1-e06b-4aad-a4a9-443b7b1f0799: 486 ms
Pi: 3.1409272,
Input: 5000000,
Cold Start: false
Unique ID: 144f9aae-736a-46d0-961b-8a0dcf548a02,
Billed Duration for Request 144f9aae-736a-46d0-961b-8a0dcf548a02: 500 ms
Pi: 3.140796,
Input: 5000000,
Cold Start: false
Unique ID: 27c34094-d62a-4ae9-aa40-dc8efcaf486b,
Billed Duration for Request 27c34094-d62a-4ae9-aa40-dc8efcaf486b: 508 ms
Pi: 3.1418328,
Input: 5000000,
Cold Start: false
Unique ID: 607d750b-b91f-4236-a767-91de7b8922b9,
Billed Duration for Request 607d750b-b91f-4236-a767-91de7b8922b9: 482 ms
Pi: 3.1430728,
Input: 5000000,
Cold Start: false
Unique ID: 76619be7-4ad7-4491-98f6-3ad8fed86db3,
Billed Duration for Request 76619be7-4ad7-4491-98f6-3ad8fed86db3: 491 ms
Pi: 3.1406576,
Input: 5000000,
Cold Start: false
Unique ID: 85d21725-5391-4f1f-8301-dd5212115ad9,
Billed Duration for Request 85d21725-5391-4f1f-8301-dd5212115ad9: 525 ms
Pi: 3.140748,
Input: 5000000,
Cold Start: false
Unique ID: b7a5afe7-f3ff-4e28-b782-05f58258dd61,
Billed Duration for Request b7a5afe7-f3ff-4e28-b782-05f58258dd61: 491 ms
Pi: 3.1410312,
Input: 5000000,
Cold Start: false
Unique ID: 87d0fcf6-ea9c-48f1-9ef0-b9226d3e9a62,
Billed Duration for Request 87d0fcf6-ea9c-48f1-9ef0-b9226d3e9a62: 489 ms
Pi: 3.141548,
Input: 5000000,
Cold Start: false
Unique ID: b74f4183-6db1-44d4-9af4-5c2f494a4eaa,
Billed Duration for Request b74f4183-6db1-44d4-9af4-5c2f494a4eaa: 511 ms
Pi: 3.1414904,
Input: 5000000,
Cold Start: false
Unique ID: e67f1d07-0041-4109-b035-dcfc9ac297d4,
Billed Duration for Request e67f1d07-0041-4109-b035-dcfc9ac297d4: 487 ms
Pi: 3.1411792,
Input: 5000000,
Cold Start: false
Unique ID: ab106072-afa4-4613-921b-080bb3dfe6c1,
Billed Duration for Request ab106072-afa4-4613-921b-080bb3dfe6c1: 491 ms
Pi: 3.1418248,
Input: 5000000,
Cold Start: false
Unique ID: e171e24a-348c-46bb-9d6e-9a5b2ace60c1,
Billed Duration for Request e171e24a-348c-46bb-9d6e-9a5b2ace60c1: 512 ms
Pi: 3.1430048,
Input: 5000000,
Cold Start: false
Unique ID: 8467ed42-63f2-4e18-8c48-c01bc6310ae1,
Billed Duration for Request 8467ed42-63f2-4e18-8c48-c01bc6310ae1: 488 ms
Pi: 3.1417016,
Input: 5000000,
Cold Start: false
Unique ID: be8a7b9c-c953-4996-bc2b-feccc150c531,
Billed Duration for Request be8a7b9c-c953-4996-bc2b-feccc150c531: 491 ms
Pi: 3.1419192,
Input: 5000000,
Cold Start: false
Unique ID: fa7f4970-561b-4d16-abe2-ff1c297c681e,
Billed Duration for Request fa7f4970-561b-4d16-abe2-ff1c297c681e: 528 ms
Pi: 3.1415768,
Input: 5000000,
Cold Start: false
Unique ID: db8b870c-0099-4e14-b947-2a20c764934d,
Billed Duration for Request db8b870c-0099-4e14-b947-2a20c764934d: 488 ms
Pi: 3.142256,
Input: 5000000,
Cold Start: false
Unique ID: 48953424-efb0-4c8f-b2e7-0bddafff2381,
Billed Duration for Request 48953424-efb0-4c8f-b2e7-0bddafff2381: 492 ms
Pi: 3.141564,
Input: 5000000,
Cold Start: false
Unique ID: c8d7b742-b02b-4e71-8102-e817fe82d641,
Billed Duration for Request c8d7b742-b02b-4e71-8102-e817fe82d641: 528 ms
Pi: 3.1427488,
Input: 5000000,
Cold Start: false
Unique ID: b4c1ee98-f861-4bb8-a044-8465f74eeff8,
Billed Duration for Request b4c1ee98-f861-4bb8-a044-8465f74eeff8: 490 ms
Pi: 3.142004,
Input: 5000000,
Cold Start: false
Unique ID: 8a412297-bb3f-4575-8268-38f2d9d82dfb,
Billed Duration for Request 8a412297-bb3f-4575-8268-38f2d9d82dfb: 494 ms
Pi: 3.1414856,
Input: 5000000,
Cold Start: false
Unique ID: 5031103f-3123-459b-b9e8-ef5c7a613fe6,
Billed Duration for Request 5031103f-3123-459b-b9e8-ef5c7a613fe6: 514 ms
Pi: 3.1424728,
Input: 5000000,
Cold Start: false
Unique ID: c43a825b-11f1-46b7-b6f6-d6a2ead83c9a,
Billed Duration for Request c43a825b-11f1-46b7-b6f6-d6a2ead83c9a: 505 ms
Pi: 3.1401712,
Input: 5000000,
Cold Start: false
Unique ID: 4eed4430-64ff-426c-8f82-a72b1671cf82,
Billed Duration for Request 4eed4430-64ff-426c-8f82-a72b1671cf82: 493 ms
Pi: 3.1428656,
Input: 5000000,
Cold Start: false
Unique ID: 0bcbfbd7-caf7-411e-915b-8d33345fae63,
Billed Duration for Request 0bcbfbd7-caf7-411e-915b-8d33345fae63: 525 ms
Pi: 3.1435056,
Input: 5000000,
Cold Start: false
