Unique ID: 14c888341ecd452631a2238ed8a6a9e6,
Execution Time for Trace ID 14c888341ecd452631a2238ed8a6a9e6: 417 ms
Input: 5000000,
Cold Start: false
Unique ID: c19a4edc6a1f728e0d0d2cf78a53656d,
Execution Time for Trace ID c19a4edc6a1f728e0d0d2cf78a53656d: 358 ms
Input: 5000000,
Cold Start: false
Unique ID: cbc097a3ed30ec6dcd52ee5b55584252,
Execution Time for Trace ID cbc097a3ed30ec6dcd52ee5b55584252: 359 ms
Input: 5000000,
Cold Start: false
Unique ID: 2a00f5a7ec4965f129c0353759aa9200,
Execution Time for Trace ID 2a00f5a7ec4965f129c0353759aa9200: 354 ms
Input: 5000000,
Cold Start: false
Unique ID: de68233d817d0c4c4ea0e5363c2b98f4,
Execution Time for Trace ID de68233d817d0c4c4ea0e5363c2b98f4: 304 ms
Input: 5000000,
Cold Start: false
Unique ID: cacbb654e71d1b158462ff7196d26de4,
Execution Time for Trace ID cacbb654e71d1b158462ff7196d26de4: 341 ms
Input: 5000000,
Cold Start: false
Unique ID: 12af2ff0b681fd5d04710e3eacce4c94,
Execution Time for Trace ID 12af2ff0b681fd5d04710e3eacce4c94: 377 ms
Input: 5000000,
Cold Start: false
Unique ID: 3f8f7eb4187ac6e2411d995d6904417f,
Execution Time for Trace ID 3f8f7eb4187ac6e2411d995d6904417f: 380 ms
Input: 5000000,
Cold Start: false
Unique ID: ccbb74ab2f5dc2ae9d4013e8db4f9e1d,
Execution Time for Trace ID ccbb74ab2f5dc2ae9d4013e8db4f9e1d: 308 ms
Input: 5000000,
Cold Start: false
Unique ID: a491377808bc964b5ae29c265573bed3,
Execution Time for Trace ID a491377808bc964b5ae29c265573bed3: 388 ms
Input: 5000000,
Cold Start: false
Unique ID: 9e82cec65d6f1a370414bc6cb89a69e5,
Execution Time for Trace ID 9e82cec65d6f1a370414bc6cb89a69e5: 306 ms
Input: 5000000,
Cold Start: false
Unique ID: a75c652cc4ce536dca3b33050a625104,
Execution Time for Trace ID a75c652cc4ce536dca3b33050a625104: 394 ms
Input: 5000000,
Cold Start: false
Unique ID: 25c3d5e1e96f0c48a07e665796f12c87,
Execution Time for Trace ID 25c3d5e1e96f0c48a07e665796f12c87: 310 ms
Input: 5000000,
Cold Start: false
Unique ID: 5885a8e7b430472d141b7b2ef9965112,
Execution Time for Trace ID 5885a8e7b430472d141b7b2ef9965112: 457 ms
Input: 5000000,
Cold Start: false
Unique ID: 6b9e5ef2c8a73e4fa0ef497d852ffd05,
Execution Time for Trace ID 6b9e5ef2c8a73e4fa0ef497d852ffd05: 294 ms
Input: 5000000,
Cold Start: false
Unique ID: cc4069b6bee5fa584e8837cf90f2f4aa,
Execution Time for Trace ID cc4069b6bee5fa584e8837cf90f2f4aa: 375 ms
Input: 5000000,
Cold Start: false
Unique ID: 65dfb0099c90989d7c6a565241a92f3c,
Execution Time for Trace ID 65dfb0099c90989d7c6a565241a92f3c: 169 ms
Input: 5000000,
Cold Start: false
Unique ID: 74a2fe8a8f822282ae952afd1a97b53c,
Execution Time for Trace ID 74a2fe8a8f822282ae952afd1a97b53c: 359 ms
Input: 5000000,
Cold Start: false
Unique ID: 784e3473f48c6af365e40bbbf628814e,
Execution Time for Trace ID 784e3473f48c6af365e40bbbf628814e: 312 ms
Input: 5000000,
Cold Start: false
Unique ID: 4862eaadcc5740abac492e46d1c82ea6,
Execution Time for Trace ID 4862eaadcc5740abac492e46d1c82ea6: 370 ms
Input: 5000000,
Cold Start: false
Unique ID: e9eb26d4f58026f92177cf80f899c498,
Execution Time for Trace ID e9eb26d4f58026f92177cf80f899c498: 171 ms
Input: 5000000,
Cold Start: false
Unique ID: cc3b8b22706e8ecb00ce51cdd4864f21,
Execution Time for Trace ID cc3b8b22706e8ecb00ce51cdd4864f21: 501 ms
Input: 5000000,
Cold Start: false
Unique ID: 5f806f802a5af600651d46a224d3aa49,
Execution Time for Trace ID 5f806f802a5af600651d46a224d3aa49: 356 ms
Input: 5000000,
Cold Start: false
Unique ID: 20303de77666918a59f5f53420c12367,
Execution Time for Trace ID 20303de77666918a59f5f53420c12367: 300 ms
Input: 5000000,
Cold Start: false
Unique ID: 967396127ff0cd3c0414bc6cb89a64f6,
Execution Time for Trace ID 967396127ff0cd3c0414bc6cb89a64f6: 173 ms
Input: 5000000,
Cold Start: false
Unique ID: 77642217b5df8cb58cb8b3a4eeecc3b8,
Execution Time for Trace ID 77642217b5df8cb58cb8b3a4eeecc3b8: 496 ms
Input: 5000000,
Cold Start: false
Unique ID: ae22585ebd50153b112c9b149ec64fb9,
Execution Time for Trace ID ae22585ebd50153b112c9b149ec64fb9: 359 ms
Input: 5000000,
Cold Start: false
Unique ID: 9b477b8c9bf83e2e112124668ee96a95,
Execution Time for Trace ID 9b477b8c9bf83e2e112124668ee96a95: 419 ms
Input: 5000000,
Cold Start: false
Unique ID: 3da3c7f135276cac290c3ad276794429,
Execution Time for Trace ID 3da3c7f135276cac290c3ad276794429: 364 ms
Input: 5000000,
Cold Start: false
Unique ID: d38ec257b4549280e9779d2c8bdade74,
Execution Time for Trace ID d38ec257b4549280e9779d2c8bdade74: 314 ms
Input: 5000000,
Cold Start: false
Unique ID: f5ca85fa4e9522c9808e2e6f7d343b56,
Execution Time for Trace ID f5ca85fa4e9522c9808e2e6f7d343b56: 373 ms
Input: 5000000,
Cold Start: false
Unique ID: d757b982dfabf9ae461e39b307b6f499,
Execution Time for Trace ID d757b982dfabf9ae461e39b307b6f499: 316 ms
Input: 5000000,
Cold Start: false
Unique ID: fb3eb23d22774d2556dc12e8f2881c62,
Execution Time for Trace ID fb3eb23d22774d2556dc12e8f2881c62: 375 ms
Input: 5000000,
Cold Start: false
Unique ID: 273b3016a35ca8ced98ac8067926d315,
Execution Time for Trace ID 273b3016a35ca8ced98ac8067926d315: 324 ms
Input: 5000000,
Cold Start: false
Unique ID: b6120e6e694aec87028125839295f241,
Execution Time for Trace ID b6120e6e694aec87028125839295f241: 179 ms
Input: 5000000,
Cold Start: false
Unique ID: 557a672b41e0074f9cc2ea7e673916e2,
Execution Time for Trace ID 557a672b41e0074f9cc2ea7e673916e2: 385 ms
Input: 5000000,
Cold Start: false
Unique ID: 722e454a99067bac4d23ef6b0294a569,
Execution Time for Trace ID 722e454a99067bac4d23ef6b0294a569: 507 ms
Input: 5000000,
Cold Start: false
Unique ID: ba0ca9568717e1652a6f3f6b751675a0,
Execution Time for Trace ID ba0ca9568717e1652a6f3f6b751675a0: 356 ms
Input: 5000000,
Cold Start: false
Unique ID: 24a6bee0b303559026369535e8b80292,
Execution Time for Trace ID 24a6bee0b303559026369535e8b80292: 170 ms
Input: 5000000,
Cold Start: false
Unique ID: d1a9f841153b1fc54df487f30e6c8464,
Execution Time for Trace ID d1a9f841153b1fc54df487f30e6c8464: 405 ms
Input: 5000000,
Cold Start: false
Unique ID: d2f7de081a9f6c8ff45f6ab2c9526d52,
Execution Time for Trace ID d2f7de081a9f6c8ff45f6ab2c9526d52: 496 ms
Input: 5000000,
Cold Start: false
Unique ID: 28f766f37ca250fef22c330e6264c752,
Execution Time for Trace ID 28f766f37ca250fef22c330e6264c752: 359 ms
Input: 5000000,
Cold Start: false
Unique ID: 15b6c7d5f9023abe99048326e9b4a602,
Execution Time for Trace ID 15b6c7d5f9023abe99048326e9b4a602: 295 ms
Input: 5000000,
Cold Start: false
Unique ID: b647b37b75d5b78ee979bcf460fac7ae,
Execution Time for Trace ID b647b37b75d5b78ee979bcf460fac7ae: 307 ms
Input: 5000000,
Cold Start: false
Unique ID: 4ff6a2ea70ab95ebf8f8df9ff8842bbd,
Execution Time for Trace ID 4ff6a2ea70ab95ebf8f8df9ff8842bbd: 359 ms
Input: 5000000,
Cold Start: false
Unique ID: 2f31168e0a9acf353e788cde68048ab0,
Execution Time for Trace ID 2f31168e0a9acf353e788cde68048ab0: 313 ms
Input: 5000000,
Cold Start: false
Unique ID: 268d8af63d76eaf4598d4b2d96c59a37,
Execution Time for Trace ID 268d8af63d76eaf4598d4b2d96c59a37: 364 ms
Input: 5000000,
Cold Start: false
Unique ID: 5cdc4837a7283e46014299772dbf2d2d,
Execution Time for Trace ID 5cdc4837a7283e46014299772dbf2d2d: 311 ms
Input: 5000000,
Cold Start: false
Unique ID: 982d93de792b165bd421d4d5a713895f,
Execution Time for Trace ID 982d93de792b165bd421d4d5a713895f: 369 ms
Input: 5000000,
Cold Start: false
Unique ID: 77f189e32d4434969d68a0b8b24e212a,
Execution Time for Trace ID 77f189e32d4434969d68a0b8b24e212a: 304 ms
Input: 5000000,
Cold Start: false
Unique ID: a156e814946ff69533f379c413aa3670,
Execution Time for Trace ID a156e814946ff69533f379c413aa3670: 367 ms
Input: 5000000,
Cold Start: false
Unique ID: 2129b94529c5364df6bf10b4d84f6029,
Execution Time for Trace ID 2129b94529c5364df6bf10b4d84f6029: 310 ms
Input: 5000000,
Cold Start: false
Unique ID: bf6ce57c20d3b494377072798727015c,
Execution Time for Trace ID bf6ce57c20d3b494377072798727015c: 376 ms
Input: 5000000,
Cold Start: false
Unique ID: ad45f4cb10e697567592fb1f3a7cf77a,
Execution Time for Trace ID ad45f4cb10e697567592fb1f3a7cf77a: 312 ms
Input: 5000000,
Cold Start: false
Unique ID: 3f05e62cc6a649565faf243d832c6aac,
Execution Time for Trace ID 3f05e62cc6a649565faf243d832c6aac: 383 ms
Input: 5000000,
Cold Start: false
Unique ID: 882622c0bb189b0bd09afe9e1122bec2,
Execution Time for Trace ID 882622c0bb189b0bd09afe9e1122bec2: 301 ms
Input: 5000000,
Cold Start: false
Unique ID: 23b5d638395e7cb8b3f69f6bbcfef079,
Execution Time for Trace ID 23b5d638395e7cb8b3f69f6bbcfef079: 390 ms
Input: 5000000,
Cold Start: false
Unique ID: b8b3d54b78fc3d5cc52cbc5e1eeb4eaa,
Execution Time for Trace ID b8b3d54b78fc3d5cc52cbc5e1eeb4eaa: 307 ms
Input: 5000000,
Cold Start: false
Unique ID: ba3df22fb17815904a95882940938a72,
Execution Time for Trace ID ba3df22fb17815904a95882940938a72: 396 ms
Input: 5000000,
Cold Start: false
Unique ID: 62362eaced0db166a258876b9618bcda,
Execution Time for Trace ID 62362eaced0db166a258876b9618bcda: 310 ms
Input: 5000000,
Cold Start: false
Unique ID: 7e59c3a4a1f237399105daf1b66c89ce,
Execution Time for Trace ID 7e59c3a4a1f237399105daf1b66c89ce: 456 ms
Input: 5000000,
Cold Start: false
Unique ID: eae00065fab1ca1fe26712abf0285123,
Execution Time for Trace ID eae00065fab1ca1fe26712abf0285123: 309 ms
Input: 5000000,
Cold Start: false
Unique ID: 4b0f4c571353e04c0a6659944e20abbd,
Execution Time for Trace ID 4b0f4c571353e04c0a6659944e20abbd: 341 ms
Input: 5000000,
Cold Start: false
Unique ID: 249896f8e329caa4367bedda812dfb9f,
Execution Time for Trace ID 249896f8e329caa4367bedda812dfb9f: 356 ms
Input: 5000000,
Cold Start: false
Unique ID: 5b220d80574a6613ca05f822c84a9e7c,
Execution Time for Trace ID 5b220d80574a6613ca05f822c84a9e7c: 310 ms
Input: 5000000,
Cold Start: false
Unique ID: d3396bf6fcffb6d73228e65f8ba88810,
Execution Time for Trace ID d3396bf6fcffb6d73228e65f8ba88810: 360 ms
Input: 5000000,
Cold Start: false
Unique ID: 48d5ef774e1d6a01bd72d1ae2ff7ce39,
Execution Time for Trace ID 48d5ef774e1d6a01bd72d1ae2ff7ce39: 318 ms
Input: 5000000,
Cold Start: false
Unique ID: 78992f8f583fc837d8541275f35c2030,
Execution Time for Trace ID 78992f8f583fc837d8541275f35c2030: 363 ms
Input: 5000000,
Cold Start: false
Unique ID: ae7d6ac1d8451c5e6f7077b9ba8c753b,
Execution Time for Trace ID ae7d6ac1d8451c5e6f7077b9ba8c753b: 313 ms
Input: 5000000,
Cold Start: false
Unique ID: f39f402d6125eeddcecdb748070529e8,
Execution Time for Trace ID f39f402d6125eeddcecdb748070529e8: 369 ms
Input: 5000000,
Cold Start: false
Unique ID: 8d9e41fe8cc167ce41b9915aff7c76eb,
Execution Time for Trace ID 8d9e41fe8cc167ce41b9915aff7c76eb: 309 ms
Input: 5000000,
Cold Start: false
Unique ID: ae0df3d2151a3433a258876b9618bbd1,
Execution Time for Trace ID ae0df3d2151a3433a258876b9618bbd1: 369 ms
Input: 5000000,
Cold Start: false
Unique ID: 3080cdcc410e6971da86056fffe6f552,
Execution Time for Trace ID 3080cdcc410e6971da86056fffe6f552: 183 ms
Input: 5000000,
Cold Start: false
Unique ID: bd01df87a90b9768389acb9580d759a0,
Execution Time for Trace ID bd01df87a90b9768389acb9580d759a0: 295 ms
Input: 5000000,
Cold Start: false
Unique ID: 64a6741c96849e9be4796090334e4ba2,
Execution Time for Trace ID 64a6741c96849e9be4796090334e4ba2: 503 ms
Input: 5000000,
Cold Start: false
Unique ID: 515ef419118275b6d29d38194980c468,
Execution Time for Trace ID 515ef419118275b6d29d38194980c468: 362 ms
Input: 5000000,
Cold Start: false
Unique ID: 073e019541ee10d43f1bcd2358cd3555,
Execution Time for Trace ID 073e019541ee10d43f1bcd2358cd3555: 312 ms
Input: 5000000,
Cold Start: false
Unique ID: e7304b700f55fe9780f284007b889536,
Execution Time for Trace ID e7304b700f55fe9780f284007b889536: 340 ms
Input: 5000000,
Cold Start: false
Unique ID: 50b601ce15ce0cfda44254e946a03102,
Execution Time for Trace ID 50b601ce15ce0cfda44254e946a03102: 291 ms
Input: 5000000,
Cold Start: false
Unique ID: ac5db63e38f51dcb65d4125b713ee73b,
Execution Time for Trace ID ac5db63e38f51dcb65d4125b713ee73b: 343 ms
Input: 5000000,
Cold Start: false
Unique ID: f5d097310115b7dc2cc937448da041ba,
Execution Time for Trace ID f5d097310115b7dc2cc937448da041ba: 365 ms
Input: 5000000,
Cold Start: false
Unique ID: 9c5f1e876f9fdc3a9381922af0103008,
Execution Time for Trace ID 9c5f1e876f9fdc3a9381922af0103008: 444 ms
Input: 5000000,
Cold Start: false
Unique ID: 8fc86b9bef5db447ab45cdb635064aa2,
Execution Time for Trace ID 8fc86b9bef5db447ab45cdb635064aa2: 381 ms
Input: 5000000,
Cold Start: false
Unique ID: a1c1cf72bcab2e4fc26f42016db4102e,
Execution Time for Trace ID a1c1cf72bcab2e4fc26f42016db4102e: 340 ms
Input: 5000000,
Cold Start: false
Unique ID: 9aad2fdafb3411bc54c08ac3419084ef,
Execution Time for Trace ID 9aad2fdafb3411bc54c08ac3419084ef: 371 ms
Input: 5000000,
Cold Start: false
Unique ID: f07e7ad96e8046edd6d9893b42b70be8,
Execution Time for Trace ID f07e7ad96e8046edd6d9893b42b70be8: 353 ms
Input: 5000000,
Cold Start: false
Unique ID: c98fd5c4a4fc10e066d23d59a05a877f,
Execution Time for Trace ID c98fd5c4a4fc10e066d23d59a05a877f: 374 ms
Input: 5000000,
Cold Start: false
Unique ID: 799bc3bef166b1c15c6d3e734921af3a,
Execution Time for Trace ID 799bc3bef166b1c15c6d3e734921af3a: 359 ms
Input: 5000000,
Cold Start: false
Unique ID: 86eab73858bdf3f572cc07db805f07b6,
Execution Time for Trace ID 86eab73858bdf3f572cc07db805f07b6: 385 ms
Input: 5000000,
Cold Start: false
Unique ID: 97dcee7431c631a08af92256ce1aee2b,
Execution Time for Trace ID 97dcee7431c631a08af92256ce1aee2b: 366 ms
Input: 5000000,
Cold Start: false
Unique ID: d95984b1d4be0b316e87324950162be9,
Execution Time for Trace ID d95984b1d4be0b316e87324950162be9: 380 ms
Input: 5000000,
Cold Start: false
Unique ID: d40af243ad927a65b7e5d911a7a22c92,
Execution Time for Trace ID d40af243ad927a65b7e5d911a7a22c92: 368 ms
Input: 5000000,
Cold Start: false
Unique ID: 649684133557b32756af846692f62d57,
Execution Time for Trace ID 649684133557b32756af846692f62d57: 390 ms
Input: 5000000,
Cold Start: false
Unique ID: dcb40f4bfc7fe30605856b6e7ed6e1b8,
Execution Time for Trace ID dcb40f4bfc7fe30605856b6e7ed6e1b8: 375 ms
Input: 5000000,
Cold Start: false
Unique ID: 558d8bf25f606d58714993e7fa678c28,
Execution Time for Trace ID 558d8bf25f606d58714993e7fa678c28: 402 ms
Input: 5000000,
Cold Start: false
Unique ID: 661386941b36b6fe710cc630cfe3274d,
Execution Time for Trace ID 661386941b36b6fe710cc630cfe3274d: 377 ms
Input: 5000000,
Cold Start: false
Unique ID: 1180d039861bcd85f2d1d8b570e4c9f7,
Execution Time for Trace ID 1180d039861bcd85f2d1d8b570e4c9f7: 397 ms
Input: 5000000,
Cold Start: false
Unique ID: b1e7a3a3bbb93e80a6d8d6fde651a044,
Execution Time for Trace ID b1e7a3a3bbb93e80a6d8d6fde651a044: 374 ms
Input: 5000000,
Cold Start: false
Unique ID: d7b24f7d5cc1f690b24c4b2680eda056,
Execution Time for Trace ID d7b24f7d5cc1f690b24c4b2680eda056: 410 ms
Input: 5000000,
Cold Start: false
Unique ID: 49abfcb8895d35468f3d8faa183be071,
Execution Time for Trace ID 49abfcb8895d35468f3d8faa183be071: 387 ms
Input: 5000000,
Cold Start: false
Unique ID: 6256526d326031c7e34af45ff3488a43,
Execution Time for Trace ID 6256526d326031c7e34af45ff3488a43: 376 ms
Input: 5000000,
Cold Start: false
Unique ID: 58c1befcd11602a087382681f4e0c21e,
Execution Time for Trace ID 58c1befcd11602a087382681f4e0c21e: 391 ms
Input: 5000000,
Cold Start: false
Unique ID: 9cc8b59e671e9e2074dbdab45250ef8c,
Execution Time for Trace ID 9cc8b59e671e9e2074dbdab45250ef8c: 323 ms
Input: 5000000,
Cold Start: false
Unique ID: acc95bcf499856d3e3ce6496b2ee2c27,
Execution Time for Trace ID acc95bcf499856d3e3ce6496b2ee2c27: 400 ms
Input: 5000000,
Cold Start: false
Unique ID: ab942fbee82f80b7a4241911b77677cc,
Execution Time for Trace ID ab942fbee82f80b7a4241911b77677cc: 314 ms
Input: 5000000,
Cold Start: false
Unique ID: cac7998e9b10e0af0a339882336bb3e3,
Execution Time for Trace ID cac7998e9b10e0af0a339882336bb3e3: 460 ms
Input: 5000000,
Cold Start: false
Unique ID: 0f2816ff74f8e873de3aaca985cae8ee,
Execution Time for Trace ID 0f2816ff74f8e873de3aaca985cae8ee: 311 ms
Input: 5000000,
Cold Start: false
Unique ID: 573477381ed04dc82a5fbeb4701597d7,
Execution Time for Trace ID 573477381ed04dc82a5fbeb4701597d7: 304 ms
Input: 5000000,
Cold Start: false
Unique ID: becbfc67e894ddfa8213752d1f289e33,
Execution Time for Trace ID becbfc67e894ddfa8213752d1f289e33: 310 ms
Input: 5000000,
Cold Start: false
Unique ID: 83911bc343ad5c8225e1150cdc0f3819,
Execution Time for Trace ID 83911bc343ad5c8225e1150cdc0f3819: 357 ms
Input: 5000000,
Cold Start: false
Unique ID: e168982cfdd2a0e19225a1740bb1818e,
Execution Time for Trace ID e168982cfdd2a0e19225a1740bb1818e: 307 ms
Input: 5000000,
Cold Start: false
Unique ID: d67d02f628db42afa63834c4ff231400,
Execution Time for Trace ID d67d02f628db42afa63834c4ff231400: 364 ms
Input: 5000000,
Cold Start: false
Unique ID: b974019321a74865d942c8c6863be9bb,
Execution Time for Trace ID b974019321a74865d942c8c6863be9bb: 322 ms
Input: 5000000,
Cold Start: false
Unique ID: b528cb135f34b0f0948554c07d91872f,
Execution Time for Trace ID b528cb135f34b0f0948554c07d91872f: 369 ms
Input: 5000000,
Cold Start: false
Unique ID: 15b4b784325256904c8b5fa2b2244fa4,
Execution Time for Trace ID 15b4b784325256904c8b5fa2b2244fa4: 309 ms
Input: 5000000,
Cold Start: false
Unique ID: 310c1c2d855b5e6c5cd54f47a6193ad3,
Execution Time for Trace ID 310c1c2d855b5e6c5cd54f47a6193ad3: 368 ms
Input: 5000000,
Cold Start: false
Unique ID: cfa3db7ccf0a185b54e26612a925c7a0,
Execution Time for Trace ID cfa3db7ccf0a185b54e26612a925c7a0: 317 ms
Input: 5000000,
Cold Start: false
Unique ID: 0a8ad5576891b7161a70daf456687e2c,
Execution Time for Trace ID 0a8ad5576891b7161a70daf456687e2c: 375 ms
Input: 5000000,
Cold Start: false
Unique ID: 8bca0a0b4974c54130b1bb3c24161327,
Execution Time for Trace ID 8bca0a0b4974c54130b1bb3c24161327: 311 ms
Input: 5000000,
Cold Start: false
Unique ID: 8131873b9b7e56630e15bc9f98ec48f8,
Execution Time for Trace ID 8131873b9b7e56630e15bc9f98ec48f8: 380 ms
Input: 5000000,
Cold Start: false
Unique ID: f212e95a55f9853abc50fcaf055dbbb2,
Execution Time for Trace ID f212e95a55f9853abc50fcaf055dbbb2: 311 ms
Input: 5000000,
Cold Start: false
Unique ID: 8246966b1a8b9a40f7c0997a79b52456,
Execution Time for Trace ID 8246966b1a8b9a40f7c0997a79b52456: 383 ms
Input: 5000000,
Cold Start: false
Unique ID: 2c1ffc879d7be7239bbdc8f44ffcbe1d,
Execution Time for Trace ID 2c1ffc879d7be7239bbdc8f44ffcbe1d: 315 ms
Input: 5000000,
Cold Start: false
Unique ID: 26e161eb9c1c6b71b5d0a9f550d973bc,
Execution Time for Trace ID 26e161eb9c1c6b71b5d0a9f550d973bc: 392 ms
Input: 5000000,
Cold Start: false
Unique ID: 1451f92b47f5e2324339045c88315879,
Execution Time for Trace ID 1451f92b47f5e2324339045c88315879: 310 ms
Input: 5000000,
Cold Start: false
Unique ID: 05fba7e4b432ed32d4ca766aa377b2fa,
Execution Time for Trace ID 05fba7e4b432ed32d4ca766aa377b2fa: 456 ms
Input: 5000000,
Cold Start: false
Unique ID: 76e8957192f92a0c331fb6b61382a7a5,
Execution Time for Trace ID 76e8957192f92a0c331fb6b61382a7a5: 313 ms
Input: 5000000,
Cold Start: false
Unique ID: 8c48c10198798ae859dfbecc2f029e9b,
Execution Time for Trace ID 8c48c10198798ae859dfbecc2f029e9b: 417 ms
Input: 5000000,
Cold Start: false
Unique ID: ce2ddcdb86fdcd56de35e3f7a8301379,
Execution Time for Trace ID ce2ddcdb86fdcd56de35e3f7a8301379: 318 ms
Input: 5000000,
Cold Start: false
Unique ID: 3d054a2a2d123545e836873da1bea55a,
Execution Time for Trace ID 3d054a2a2d123545e836873da1bea55a: 353 ms
Input: 5000000,
Cold Start: false
Unique ID: c967363fcfed0b715d7877d6ef1eb128,
Execution Time for Trace ID c967363fcfed0b715d7877d6ef1eb128: 312 ms
Input: 5000000,
Cold Start: false
Unique ID: 34949b36fd7649710ee6e0c98f9cf811,
Execution Time for Trace ID 34949b36fd7649710ee6e0c98f9cf811: 360 ms
Input: 5000000,
Cold Start: false
Unique ID: 8ecf745dd97833d220af851571499f10,
Execution Time for Trace ID 8ecf745dd97833d220af851571499f10: 315 ms
Input: 5000000,
Cold Start: false
Unique ID: 2fc56d116d376a6992bb21bc55f709fb,
Execution Time for Trace ID 2fc56d116d376a6992bb21bc55f709fb: 368 ms
Input: 5000000,
Cold Start: false
Unique ID: 32752879a1eaa2bb05bb3b1008e6f037,
Execution Time for Trace ID 32752879a1eaa2bb05bb3b1008e6f037: 309 ms
Input: 5000000,
Cold Start: false
Unique ID: b259452db71efc1db8d8522ca6d4ff27,
Execution Time for Trace ID b259452db71efc1db8d8522ca6d4ff27: 370 ms
Input: 5000000,
Cold Start: false
Unique ID: c6c7458f85bd8c117e763d941c0e9b6d,
Execution Time for Trace ID c6c7458f85bd8c117e763d941c0e9b6d: 315 ms
Input: 5000000,
Cold Start: false
Unique ID: ca9f1e2e5000398189d43f9afd3d5149,
Execution Time for Trace ID ca9f1e2e5000398189d43f9afd3d5149: 371 ms
Input: 5000000,
Cold Start: false
Unique ID: 0536c9cbd6a8e591a9de0a30e9adc794,
Execution Time for Trace ID 0536c9cbd6a8e591a9de0a30e9adc794: 385 ms
Input: 5000000,
Cold Start: false
Unique ID: 94562e469e8446c4b938b9784257e45b,
Execution Time for Trace ID 94562e469e8446c4b938b9784257e45b: 381 ms
Input: 5000000,
Cold Start: false
Unique ID: d644684c9ccacb1fd9d2ce7fa07c6f5b,
Execution Time for Trace ID d644684c9ccacb1fd9d2ce7fa07c6f5b: 380 ms
Input: 5000000,
Cold Start: false
Unique ID: b5a02ddfd5f9f5c2c9d01e617f9332f5,
Execution Time for Trace ID b5a02ddfd5f9f5c2c9d01e617f9332f5: 383 ms
Input: 5000000,
Cold Start: false
Unique ID: 8b9eb74f982b91dd1758592491fecfa1,
Execution Time for Trace ID 8b9eb74f982b91dd1758592491fecfa1: 373 ms
Input: 5000000,
Cold Start: false
Unique ID: ca9ba88eaffeff895d688a0c46202ab8,
Execution Time for Trace ID ca9ba88eaffeff895d688a0c46202ab8: 471 ms
Input: 5000000,
Cold Start: false
Unique ID: 6c58ee1b6633a4eea9282eb4915625af,
Execution Time for Trace ID 6c58ee1b6633a4eea9282eb4915625af: 372 ms
Input: 5000000,
Cold Start: false
Unique ID: 36bc9c1f236c109117a70609050d36c5,
Execution Time for Trace ID 36bc9c1f236c109117a70609050d36c5: 405 ms
Input: 5000000,
Cold Start: false
Unique ID: 3d734820723c6beeecc01deb5576f1c3,
Execution Time for Trace ID 3d734820723c6beeecc01deb5576f1c3: 290 ms
Input: 5000000,
Cold Start: false
Unique ID: b4c22521dcac231138021a889a3de5aa,
Execution Time for Trace ID b4c22521dcac231138021a889a3de5aa: 317 ms
Input: 5000000,
Cold Start: false
Unique ID: 386f778bc8e90e7e501644fadea38081,
Execution Time for Trace ID 386f778bc8e90e7e501644fadea38081: 297 ms
Input: 5000000,
Cold Start: false
Unique ID: 7caf2e2af61efe8d5095c6ff1409b04d,
Execution Time for Trace ID 7caf2e2af61efe8d5095c6ff1409b04d: 320 ms
Input: 5000000,
Cold Start: false
Unique ID: 6683cadae76595d87e483ea5797599d6,
Execution Time for Trace ID 6683cadae76595d87e483ea5797599d6: 183 ms
Input: 5000000,
Cold Start: false
Unique ID: cefc97d3f6cdac1068c5cfa5a197673d,
Execution Time for Trace ID cefc97d3f6cdac1068c5cfa5a197673d: 411 ms
Input: 5000000,
Cold Start: false
Unique ID: c7fb2b87fe43f0372e6817f684ec7519,
Execution Time for Trace ID c7fb2b87fe43f0372e6817f684ec7519: 350 ms
Input: 5000000,
Cold Start: false
Unique ID: 5d071064e6c08b442e944c365ea7673f,
Execution Time for Trace ID 5d071064e6c08b442e944c365ea7673f: 370 ms
Input: 5000000,
Cold Start: false
Unique ID: a2a239df3a0a5b38b25922477b085384,
Execution Time for Trace ID a2a239df3a0a5b38b25922477b085384: 340 ms
Input: 5000000,
Cold Start: false
Unique ID: 758c11d2d19b97c4fd168c339f94e9bb,
Execution Time for Trace ID 758c11d2d19b97c4fd168c339f94e9bb: 357 ms
Input: 5000000,
Cold Start: false
Unique ID: 8413723131d9b15952ad50df013f060e,
Execution Time for Trace ID 8413723131d9b15952ad50df013f060e: 347 ms
Input: 5000000,
Cold Start: false
Unique ID: 6363b731bc6b12919d961a466490b59c,
Execution Time for Trace ID 6363b731bc6b12919d961a466490b59c: 350 ms
Input: 5000000,
Cold Start: false
Unique ID: bd894d9b118f3037f1d8773cd1dc28ab,
Execution Time for Trace ID bd894d9b118f3037f1d8773cd1dc28ab: 170 ms
Input: 5000000,
Cold Start: false
Unique ID: 8ef49d7a3a6e61d34b8dd81d79c9b8cc,
Execution Time for Trace ID 8ef49d7a3a6e61d34b8dd81d79c9b8cc: 419 ms
Input: 5000000,
Cold Start: false
Unique ID: ec1101cf64b00bf5170076c3edcd6ec8,
Execution Time for Trace ID ec1101cf64b00bf5170076c3edcd6ec8: 342 ms
Input: 5000000,
Cold Start: false
Unique ID: a6ea5596b94c85a1557a3e17a039d5b2,
Execution Time for Trace ID a6ea5596b94c85a1557a3e17a039d5b2: 662 ms
Input: 5000000,
Cold Start: false
Unique ID: bacd02a29cdc904494c61af54b57940c,
Execution Time for Trace ID bacd02a29cdc904494c61af54b57940c: 394 ms
Input: 5000000,
Cold Start: false
Unique ID: 58bea40ccc052da56c3851c200f9beaf,
Execution Time for Trace ID 58bea40ccc052da56c3851c200f9beaf: 348 ms
Input: 5000000,
Cold Start: false
Unique ID: 76833b503f0b6ec27f5bea4c519940c0,
Execution Time for Trace ID 76833b503f0b6ec27f5bea4c519940c0: 278 ms
Input: 5000000,
Cold Start: false
Unique ID: eec1479f31c0c570595c8c26d235583f,
Execution Time for Trace ID eec1479f31c0c570595c8c26d235583f: 344 ms
Input: 5000000,
Cold Start: false
Unique ID: 8429856e4a0908a16aa7f188f8f7e5d3,
Execution Time for Trace ID 8429856e4a0908a16aa7f188f8f7e5d3: 336 ms
Input: 5000000,
Cold Start: false
Unique ID: 92d91f817cab712920b597496fba51e5,
Execution Time for Trace ID 92d91f817cab712920b597496fba51e5: 412 ms
Input: 5000000,
Cold Start: false
Unique ID: 220c9a8ed4a00dfceb9c8241b7d9602f,
Execution Time for Trace ID 220c9a8ed4a00dfceb9c8241b7d9602f: 331 ms
Input: 5000000,
Cold Start: false
Unique ID: 963545090eda4cbf529026a3e204c859,
Execution Time for Trace ID 963545090eda4cbf529026a3e204c859: 397 ms
Input: 5000000,
Cold Start: false
Unique ID: 57569d3548e4e17f2418846922172016,
Execution Time for Trace ID 57569d3548e4e17f2418846922172016: 280 ms
Input: 5000000,
Cold Start: false
Unique ID: 1fdd3148404552fbecc4d1f77d320916,
Execution Time for Trace ID 1fdd3148404552fbecc4d1f77d320916: 342 ms
Input: 5000000,
Cold Start: false
Unique ID: f420f1192e6be135c67a9165b5882201,
Execution Time for Trace ID f420f1192e6be135c67a9165b5882201: 339 ms
Input: 5000000,
Cold Start: false
Unique ID: 2d5e3d0ea520d69387f0850d85263894,
Execution Time for Trace ID 2d5e3d0ea520d69387f0850d85263894: 347 ms
Input: 5000000,
Cold Start: false
Unique ID: 097476cf817a36a341fb8cf478b77cd6,
Execution Time for Trace ID 097476cf817a36a341fb8cf478b77cd6: 171 ms
Input: 5000000,
Cold Start: false
Unique ID: 118f4e5e5f8e3fd7422adcf87b83e7ed,
Execution Time for Trace ID 118f4e5e5f8e3fd7422adcf87b83e7ed: 475 ms
Input: 5000000,
Cold Start: false
Unique ID: 0b4c465e2b4aca6b33a61c24ab1d37df,
Execution Time for Trace ID 0b4c465e2b4aca6b33a61c24ab1d37df: 342 ms
Input: 5000000,
Cold Start: false
Unique ID: 62e8d998f3071e4e28ae4c5cce367175,
Execution Time for Trace ID 62e8d998f3071e4e28ae4c5cce367175: 331 ms
Input: 5000000,
Cold Start: false
Unique ID: cc4c77ecff1479980eb80a81f4e57692,
Execution Time for Trace ID cc4c77ecff1479980eb80a81f4e57692: 278 ms
Input: 5000000,
Cold Start: false
Unique ID: 10146ed4174227a70e10e3b536ba0f97,
Execution Time for Trace ID 10146ed4174227a70e10e3b536ba0f97: 341 ms
Input: 5000000,
Cold Start: false
Unique ID: c45f7fc2459c87cc71605fbffab004a9,
Execution Time for Trace ID c45f7fc2459c87cc71605fbffab004a9: 168 ms
Input: 5000000,
Cold Start: false
Unique ID: 8d7d9282610ce51f6c2ecd02739a1fa3,
Execution Time for Trace ID 8d7d9282610ce51f6c2ecd02739a1fa3: 463 ms
Input: 5000000,
Cold Start: false
Unique ID: 208ba7cc100033aba2c241894ed2e72d,
Execution Time for Trace ID 208ba7cc100033aba2c241894ed2e72d: 339 ms
Input: 5000000,
Cold Start: false
Unique ID: 4f825be73889827156662dc2f266f75a,
Execution Time for Trace ID 4f825be73889827156662dc2f266f75a: 376 ms
Input: 5000000,
Cold Start: false
Unique ID: 2f48efdb2476da198b80e4616d634590,
Execution Time for Trace ID 2f48efdb2476da198b80e4616d634590: 335 ms
Input: 5000000,
Cold Start: false
Unique ID: 8676020581c6b6e7a0ad7bed25cfd34b,
Execution Time for Trace ID 8676020581c6b6e7a0ad7bed25cfd34b: 341 ms
Input: 5000000,
Cold Start: false
Unique ID: cc468b634bcb1b17e123800310a40ad1,
Execution Time for Trace ID cc468b634bcb1b17e123800310a40ad1: 167 ms
Input: 5000000,
Cold Start: false
Unique ID: 97d56a786be232954962c520b7d7a858,
Execution Time for Trace ID 97d56a786be232954962c520b7d7a858: 481 ms
Input: 5000000,
Cold Start: false
Unique ID: 0013ddd35fa96fb32469c219ab56018d,
Execution Time for Trace ID 0013ddd35fa96fb32469c219ab56018d: 342 ms
Input: 5000000,
Cold Start: false
Unique ID: d68a368d68a2fa74a2d7e9faedae7adc,
Execution Time for Trace ID d68a368d68a2fa74a2d7e9faedae7adc: 169 ms
Input: 5000000,
Cold Start: false
Unique ID: eaa54e1bdf64371686e49b6cebf3f615,
Execution Time for Trace ID eaa54e1bdf64371686e49b6cebf3f615: 379 ms
Input: 5000000,
Cold Start: false
Unique ID: 45bca1efb738cdca88b50179b8c3de26,
Execution Time for Trace ID 45bca1efb738cdca88b50179b8c3de26: 466 ms
Input: 5000000,
Cold Start: false
Unique ID: 314f20c196553a478bfa52ee5ad06d47,
Execution Time for Trace ID 314f20c196553a478bfa52ee5ad06d47: 338 ms
Input: 5000000,
Cold Start: false
Unique ID: c347bbbe81103b51f3a60cc3eba4ddb2,
Execution Time for Trace ID c347bbbe81103b51f3a60cc3eba4ddb2: 375 ms
Input: 5000000,
Cold Start: false
Unique ID: 8242cfad69aaf67474ede4bd662bef2e,
Execution Time for Trace ID 8242cfad69aaf67474ede4bd662bef2e: 343 ms
Input: 5000000,
Cold Start: false
Unique ID: fc99054fa4770899b0be9c54d8dd5b65,
Execution Time for Trace ID fc99054fa4770899b0be9c54d8dd5b65: 171 ms
Input: 5000000,
Cold Start: false
Unique ID: ac815c6bcec659e758487af4f26fb583,
Execution Time for Trace ID ac815c6bcec659e758487af4f26fb583: 349 ms
Input: 5000000,
Cold Start: false
Unique ID: 30c9e3aaccdd63bb65c6c95a6a208277,
Execution Time for Trace ID 30c9e3aaccdd63bb65c6c95a6a208277: 335 ms
Input: 5000000,
Cold Start: false
Unique ID: 25f2aeb57e621dc79443a990f66b073d,
Execution Time for Trace ID 25f2aeb57e621dc79443a990f66b073d: 351 ms
Input: 5000000,
Cold Start: false
Unique ID: 52e3256c009ffb9c755bd563bb07176c,
Execution Time for Trace ID 52e3256c009ffb9c755bd563bb07176c: 272 ms
Input: 5000000,
Cold Start: false
Unique ID: 910b499a93f468c1093b1dd63014eb68,
Execution Time for Trace ID 910b499a93f468c1093b1dd63014eb68: 409 ms
Input: 5000000,
Cold Start: false
Unique ID: 187df39592a9b6c44b24c607d4eae86d,
Execution Time for Trace ID 187df39592a9b6c44b24c607d4eae86d: 342 ms
Input: 5000000,
Cold Start: false
Unique ID: 958156fe31e831c5f0e8f25a9f14ed28,
Execution Time for Trace ID 958156fe31e831c5f0e8f25a9f14ed28: 380 ms
Input: 5000000,
Cold Start: false
Unique ID: 9bb6f81c2417cfdb4d9a534ac74cc5f8,
Execution Time for Trace ID 9bb6f81c2417cfdb4d9a534ac74cc5f8: 342 ms
Input: 5000000,
Cold Start: false
Unique ID: da8e47ceeb27cc8185527916e3bad71b,
Execution Time for Trace ID da8e47ceeb27cc8185527916e3bad71b: 372 ms
Input: 5000000,
Cold Start: false
Unique ID: 48b2ccca32e5c3559ce2d94a352dd069,
Execution Time for Trace ID 48b2ccca32e5c3559ce2d94a352dd069: 350 ms
Input: 5000000,
Cold Start: false
Unique ID: f17000aeed87152beffec589232354e2,
Execution Time for Trace ID f17000aeed87152beffec589232354e2: 277 ms
Input: 5000000,
Cold Start: false
Unique ID: d8f2a87492ed870136f6af744b551f26,
Execution Time for Trace ID d8f2a87492ed870136f6af744b551f26: 416 ms
Input: 5000000,
Cold Start: false
Unique ID: 803be6d5886a28593a1980f8d1c9c225,
Execution Time for Trace ID 803be6d5886a28593a1980f8d1c9c225: 278 ms
Input: 5000000,
Cold Start: false
Unique ID: 52e0867c916342475f5215555a9c1f68,
Execution Time for Trace ID 52e0867c916342475f5215555a9c1f68: 387 ms
Input: 5000000,
Cold Start: false
Unique ID: 83c077f675573b1c30a8790c602a0159,
Execution Time for Trace ID 83c077f675573b1c30a8790c602a0159: 273 ms
Input: 5000000,
Cold Start: false
Unique ID: ba12b4eebc650d8bb0b0dbfbd2324543,
Execution Time for Trace ID ba12b4eebc650d8bb0b0dbfbd2324543: 340 ms
Input: 5000000,
Cold Start: false
Unique ID: 01b1687ee732c42e427d549373ab7733,
Execution Time for Trace ID 01b1687ee732c42e427d549373ab7733: 277 ms
Input: 5000000,
Cold Start: false
Unique ID: 2d1f5a421180a8e9231b8e7be4ae737b,
Execution Time for Trace ID 2d1f5a421180a8e9231b8e7be4ae737b: 339 ms
Input: 5000000,
Cold Start: false
Unique ID: 71f76bfc86fe3da3a895de3a4c78db7e,
Execution Time for Trace ID 71f76bfc86fe3da3a895de3a4c78db7e: 278 ms
Input: 5000000,
Cold Start: false
Unique ID: cd66eebcd1be1a34d87c5d885b24e99e,
Execution Time for Trace ID cd66eebcd1be1a34d87c5d885b24e99e: 344 ms
Input: 5000000,
Cold Start: false
Unique ID: 1b0a0cf16e80e14dafa59af6ef8f1508,
Execution Time for Trace ID 1b0a0cf16e80e14dafa59af6ef8f1508: 277 ms
Input: 5000000,
Cold Start: false
Unique ID: 2e5e88da142f54fe02fe174be77ad525,
Execution Time for Trace ID 2e5e88da142f54fe02fe174be77ad525: 353 ms
Input: 5000000,
Cold Start: false
Unique ID: b62a81d85e4b58f9474189a454389ec2,
Execution Time for Trace ID b62a81d85e4b58f9474189a454389ec2: 275 ms
Input: 5000000,
Cold Start: false
Unique ID: a2748487e1a9bff713c670572df0fc54,
Execution Time for Trace ID a2748487e1a9bff713c670572df0fc54: 358 ms
Input: 5000000,
Cold Start: false
Unique ID: 85be55f8ef21e55cb09f4acab483de10,
Execution Time for Trace ID 85be55f8ef21e55cb09f4acab483de10: 275 ms
Input: 5000000,
Cold Start: false
Unique ID: 773919a56d24ed25b5dc76eb56b1461e,
Execution Time for Trace ID 773919a56d24ed25b5dc76eb56b1461e: 418 ms
Input: 5000000,
Cold Start: false
Unique ID: b93eead6d6e6fccee9579cf21796888f,
Execution Time for Trace ID b93eead6d6e6fccee9579cf21796888f: 278 ms
Input: 5000000,
Cold Start: false
Unique ID: a6df31e56db06718aa057840c18b4411,
Execution Time for Trace ID a6df31e56db06718aa057840c18b4411: 343 ms
Input: 5000000,
Cold Start: false
Unique ID: dc52c3e57cb937e357d8eea342bc74c9,
Execution Time for Trace ID dc52c3e57cb937e357d8eea342bc74c9: 338 ms
Input: 5000000,
Cold Start: false
Unique ID: 61c813649f08d3fef7e105849f5e2098,
Execution Time for Trace ID 61c813649f08d3fef7e105849f5e2098: 276 ms
Input: 5000000,
Cold Start: false
Unique ID: 138f24c3cc85b8e228909e54300755d3,
Execution Time for Trace ID 138f24c3cc85b8e228909e54300755d3: 341 ms
Input: 5000000,
Cold Start: false
Unique ID: f9b11645d8994da796167103e46d88ed,
Execution Time for Trace ID f9b11645d8994da796167103e46d88ed: 337 ms
Input: 5000000,
Cold Start: false
Unique ID: fc0f9fb3b2cbea4fccc4da15d017bf60,
Execution Time for Trace ID fc0f9fb3b2cbea4fccc4da15d017bf60: 338 ms
Input: 5000000,
Cold Start: false
Unique ID: 37e2f0552e78c373d751a51814ca4345,
Execution Time for Trace ID 37e2f0552e78c373d751a51814ca4345: 281 ms
Input: 5000000,
Cold Start: false
Unique ID: 76810c4b9385b7c7569a668b8b800046,
Execution Time for Trace ID 76810c4b9385b7c7569a668b8b800046: 413 ms
Input: 5000000,
Cold Start: false
Unique ID: 933d837cbc55b2ba802c67d8dc1c63a9,
Execution Time for Trace ID 933d837cbc55b2ba802c67d8dc1c63a9: 277 ms
Input: 5000000,
Cold Start: false
Unique ID: 7152ba363b48ab728f16cfc9dc071e60,
Execution Time for Trace ID 7152ba363b48ab728f16cfc9dc071e60: 327 ms
Input: 5000000,
Cold Start: false
Unique ID: e6f1b3fd0d08a35f9a583e8d99028ebe,
Execution Time for Trace ID e6f1b3fd0d08a35f9a583e8d99028ebe: 341 ms
Input: 5000000,
Cold Start: false
Unique ID: 2cdf15062cf05e28f8a752bd5e6fad59,
Execution Time for Trace ID 2cdf15062cf05e28f8a752bd5e6fad59: 273 ms
Input: 5000000,
Cold Start: false
Unique ID: 4a735df21aca4702976707f2eba51ca4,
Execution Time for Trace ID 4a735df21aca4702976707f2eba51ca4: 342 ms
Input: 5000000,
Cold Start: false
Unique ID: 6c90ec88d3f5688729cd6cead81acb9b,
Execution Time for Trace ID 6c90ec88d3f5688729cd6cead81acb9b: 336 ms
Input: 5000000,
Cold Start: false
Unique ID: 0bf4a2855e94351007d256a7edfc01eb,
Execution Time for Trace ID 0bf4a2855e94351007d256a7edfc01eb: 345 ms
Input: 5000000,
Cold Start: false
Unique ID: 7a8a02a89dcc0a32d50066b81ed8da24,
Execution Time for Trace ID 7a8a02a89dcc0a32d50066b81ed8da24: 334 ms
Input: 5000000,
Cold Start: false
Unique ID: c26b4d79cc539ab9b44d3fa29ff341d2,
Execution Time for Trace ID c26b4d79cc539ab9b44d3fa29ff341d2: 360 ms
Input: 5000000,
Cold Start: false
Unique ID: 446b800b6eba4a47b48a9f189b3492bf,
Execution Time for Trace ID 446b800b6eba4a47b48a9f189b3492bf: 279 ms
Input: 5000000,
Cold Start: false
Unique ID: 411a18c9c8420f0658df510555d2774a,
Execution Time for Trace ID 411a18c9c8420f0658df510555d2774a: 413 ms
Input: 5000000,
Cold Start: false
Unique ID: 58cfd8265ff6586c6ef9389cd4f3d709,
Execution Time for Trace ID 58cfd8265ff6586c6ef9389cd4f3d709: 276 ms
Input: 5000000,
Cold Start: false
Unique ID: f395855345131d50cc5ac9322120ab33,
Execution Time for Trace ID f395855345131d50cc5ac9322120ab33: 383 ms
Input: 5000000,
Cold Start: false
Unique ID: 3dc1a3b6898b33c2906a164efb469d5e,
Execution Time for Trace ID 3dc1a3b6898b33c2906a164efb469d5e: 338 ms
Input: 5000000,
Cold Start: false
Unique ID: 51aab07ca62c9a8ccacc4c6ec7227fa7,
Execution Time for Trace ID 51aab07ca62c9a8ccacc4c6ec7227fa7: 276 ms
Input: 5000000,
Cold Start: false
Unique ID: 52b81d482c8e23125c9f86d230f1e372,
Execution Time for Trace ID 52b81d482c8e23125c9f86d230f1e372: 340 ms
Input: 5000000,
Cold Start: false
Unique ID: 4c0d0cd19516068e73b76371f2bee294,
Execution Time for Trace ID 4c0d0cd19516068e73b76371f2bee294: 275 ms
Input: 5000000,
Cold Start: false
Unique ID: 5675e8821572a5535ab45498ab06d6e2,
Execution Time for Trace ID 5675e8821572a5535ab45498ab06d6e2: 348 ms
Input: 5000000,
Cold Start: false
Unique ID: 733557319fae825d9b41a42e11aa5f92,
Execution Time for Trace ID 733557319fae825d9b41a42e11aa5f92: 275 ms
Input: 5000000,
Cold Start: false
Unique ID: abc949aa1e9021837140e14e8ef4c2f3,
Execution Time for Trace ID abc949aa1e9021837140e14e8ef4c2f3: 345 ms
Input: 5000000,
Cold Start: false
Unique ID: 3e5b73f80deb7b8c24a639c17e41e18b,
Execution Time for Trace ID 3e5b73f80deb7b8c24a639c17e41e18b: 273 ms
Input: 5000000,
Cold Start: false
Unique ID: 7104a0fd19827bbbbc31700a68eeb866,
Execution Time for Trace ID 7104a0fd19827bbbbc31700a68eeb866: 350 ms
Input: 5000000,
Cold Start: false
Unique ID: 563f52ff6bc6cd8f50f52722891800b3,
Execution Time for Trace ID 563f52ff6bc6cd8f50f52722891800b3: 279 ms
Input: 5000000,
Cold Start: false
Unique ID: ddba595b8440b22697239e375f8a0d92,
Execution Time for Trace ID ddba595b8440b22697239e375f8a0d92: 352 ms
Input: 5000000,
Cold Start: false
Unique ID: b6cf35ff97b8567ddeff6050a5efa7f4,
Execution Time for Trace ID b6cf35ff97b8567ddeff6050a5efa7f4: 274 ms
Input: 5000000,
Cold Start: false
Unique ID: 421b984795fe08cffad065b2380ee4b9,
Execution Time for Trace ID 421b984795fe08cffad065b2380ee4b9: 352 ms
Input: 5000000,
Cold Start: false
Unique ID: b8851e1202758db2affc4ead79ba51cd,
Execution Time for Trace ID b8851e1202758db2affc4ead79ba51cd: 280 ms
Input: 5000000,
Cold Start: false
Unique ID: 0875f48b557cf89a6974668bfad63a2a,
Execution Time for Trace ID 0875f48b557cf89a6974668bfad63a2a: 424 ms
Input: 5000000,
Cold Start: false
Unique ID: 4c8e09faa10089aa1c2884209aa761ea,
Execution Time for Trace ID 4c8e09faa10089aa1c2884209aa761ea: 281 ms
Input: 5000000,
Cold Start: false
Unique ID: 1b2b7a21960b78ce8993abe4a3afe9a2,
Execution Time for Trace ID 1b2b7a21960b78ce8993abe4a3afe9a2: 336 ms
Input: 5000000,
Cold Start: false
Unique ID: 6d7370d6bea0bd9c8a39dae1cfe1a7ea,
Execution Time for Trace ID 6d7370d6bea0bd9c8a39dae1cfe1a7ea: 274 ms
Input: 5000000,
Cold Start: false
Unique ID: 328bdd0e695acb256aca04b4b61ecd95,
Execution Time for Trace ID 328bdd0e695acb256aca04b4b61ecd95: 341 ms
Input: 5000000,
Cold Start: false
Unique ID: 838b414a30e5b4e7bb941db25e95fc2f,
Execution Time for Trace ID 838b414a30e5b4e7bb941db25e95fc2f: 278 ms
Input: 5000000,
Cold Start: false
Unique ID: 243815166463f4d1092e78bc19419ecd,
Execution Time for Trace ID 243815166463f4d1092e78bc19419ecd: 346 ms
Input: 5000000,
Cold Start: false
Unique ID: 0376152d7f08aa4f830e3a6fb622915c,
Execution Time for Trace ID 0376152d7f08aa4f830e3a6fb622915c: 280 ms
Input: 5000000,
Cold Start: false
Unique ID: 6a540833aba61ac17cd72ff499d02316,
Execution Time for Trace ID 6a540833aba61ac17cd72ff499d02316: 355 ms
Input: 5000000,
Cold Start: false
Unique ID: f190fddccccf75101e3da9e914721037,
Execution Time for Trace ID f190fddccccf75101e3da9e914721037: 339 ms
Input: 5000000,
Cold Start: false
Unique ID: 55ce920b534dd0dc3b559a124d4fbb12,
Execution Time for Trace ID 55ce920b534dd0dc3b559a124d4fbb12: 351 ms
Input: 5000000,
Cold Start: false
Unique ID: 3e211e9449979aa7a23b1a51cf1667a1,
Execution Time for Trace ID 3e211e9449979aa7a23b1a51cf1667a1: 277 ms
Input: 5000000,
Cold Start: false
Unique ID: a66bc70d9c1f513b1131e6c9036cae7a,
Execution Time for Trace ID a66bc70d9c1f513b1131e6c9036cae7a: 417 ms
Input: 5000000,
Cold Start: false
Unique ID: f989250e2460ffe265e3c7c00c6d901f,
Execution Time for Trace ID f989250e2460ffe265e3c7c00c6d901f: 276 ms
Input: 5000000,
Cold Start: false
Unique ID: 32744f7296d6acd6b5bd995e36121cc8,
Execution Time for Trace ID 32744f7296d6acd6b5bd995e36121cc8: 389 ms
Input: 5000000,
Cold Start: false
Unique ID: 106627cb0d1228e67031c6752a16046f,
Execution Time for Trace ID 106627cb0d1228e67031c6752a16046f: 275 ms
Input: 5000000,
Cold Start: false
Unique ID: a80ce98cdfe3fd20f85e9f02a3b8e6f0,
Execution Time for Trace ID a80ce98cdfe3fd20f85e9f02a3b8e6f0: 342 ms
Input: 5000000,
Cold Start: false
Unique ID: 99e371e2973024e9be43175e761ab7ec,
Execution Time for Trace ID 99e371e2973024e9be43175e761ab7ec: 334 ms
Input: 5000000,
Cold Start: false
Unique ID: b6f40cfbcad38e9ec6e91a736f073c1e,
Execution Time for Trace ID b6f40cfbcad38e9ec6e91a736f073c1e: 348 ms
Input: 5000000,
Cold Start: false
Unique ID: 69c688c49f193f9b0cb330a550df3888,
Execution Time for Trace ID 69c688c49f193f9b0cb330a550df3888: 276 ms
Input: 5000000,
Cold Start: false
Unique ID: 339a996f45da4793004484f709540872,
Execution Time for Trace ID 339a996f45da4793004484f709540872: 352 ms
Input: 5000000,
Cold Start: false
Unique ID: d099e922675da936a5eedef0e9567a95,
Execution Time for Trace ID d099e922675da936a5eedef0e9567a95: 333 ms
Input: 5000000,
Cold Start: false
Unique ID: d31757bd3ee5ce4017e10636df85d86f,
Execution Time for Trace ID d31757bd3ee5ce4017e10636df85d86f: 354 ms
Input: 5000000,
Cold Start: false
Unique ID: 35c443968940e91ffbd1dccb105a5fe8,
Execution Time for Trace ID 35c443968940e91ffbd1dccb105a5fe8: 274 ms
Input: 5000000,
Cold Start: false
Unique ID: 4b8e92c60a6a7c3051a07b2246f8eed1,
Execution Time for Trace ID 4b8e92c60a6a7c3051a07b2246f8eed1: 412 ms
Input: 5000000,
Cold Start: false
Unique ID: e17f3ac259f1561812fdf5abb7b7ed14,
Execution Time for Trace ID e17f3ac259f1561812fdf5abb7b7ed14: 276 ms
Input: 5000000,
Cold Start: false
Unique ID: 8b1fc5f57659271aa1bc3e3aac27422f,
Execution Time for Trace ID 8b1fc5f57659271aa1bc3e3aac27422f: 370 ms
Input: 5000000,
Cold Start: false
Unique ID: effb9d0ace8c56ae2e6e54c59670bf83,
Execution Time for Trace ID effb9d0ace8c56ae2e6e54c59670bf83: 281 ms
Input: 5000000,
Cold Start: false
Unique ID: da409243700231f835beb353023c43fb,
Execution Time for Trace ID da409243700231f835beb353023c43fb: 340 ms
Input: 5000000,
Cold Start: false
Unique ID: 326bdb65e0d6601bc5096d905284ef1a,
Execution Time for Trace ID 326bdb65e0d6601bc5096d905284ef1a: 336 ms
Input: 5000000,
Cold Start: false
Unique ID: e141de753e477e0361721c20efa9e12b,
Execution Time for Trace ID e141de753e477e0361721c20efa9e12b: 346 ms
Input: 5000000,
Cold Start: false
Unique ID: bdf2d56edd32605696290da85b12ad5f,
Execution Time for Trace ID bdf2d56edd32605696290da85b12ad5f: 284 ms
Input: 5000000,
Cold Start: false
Unique ID: ec50f660e26b4728a263a3c56e09fd6a,
Execution Time for Trace ID ec50f660e26b4728a263a3c56e09fd6a: 348 ms
Input: 5000000,
Cold Start: false
Unique ID: 935ccea68ee8ad95a6f4601991006088,
Execution Time for Trace ID 935ccea68ee8ad95a6f4601991006088: 278 ms
Input: 5000000,
Cold Start: false
Unique ID: 1ffa0531d072ce86ef0947e3d26f6ae6,
Execution Time for Trace ID 1ffa0531d072ce86ef0947e3d26f6ae6: 428 ms
Input: 5000000,
Cold Start: false
Unique ID: 382680d526286afcef1ee3a43518a7ac,
Execution Time for Trace ID 382680d526286afcef1ee3a43518a7ac: 276 ms
Input: 5000000,
Cold Start: false
Unique ID: 035e185597117c07e73d42b137217043,
Execution Time for Trace ID 035e185597117c07e73d42b137217043: 389 ms
Input: 5000000,
Cold Start: false
Unique ID: 4149f6c0f70647ee156dec98e801e902,
Execution Time for Trace ID 4149f6c0f70647ee156dec98e801e902: 344 ms
Input: 5000000,
Cold Start: false
Unique ID: adfd714fbc2144ddc436f4f5a40e0e0c,
Execution Time for Trace ID adfd714fbc2144ddc436f4f5a40e0e0c: 274 ms
Input: 5000000,
Cold Start: false
Unique ID: 51c4d95a635781264774780b8fbb6143,
Execution Time for Trace ID 51c4d95a635781264774780b8fbb6143: 350 ms
Input: 5000000,
Cold Start: false
Unique ID: eef7f228fd232c96b57d14db333c433f,
Execution Time for Trace ID eef7f228fd232c96b57d14db333c433f: 274 ms
Input: 5000000,
Cold Start: false
Unique ID: 8d00a708940a6b064bad6d714d3795fa,
Execution Time for Trace ID 8d00a708940a6b064bad6d714d3795fa: 345 ms
Input: 5000000,
Cold Start: false
Unique ID: 2b478141200083a10671b2614ddac449,
Execution Time for Trace ID 2b478141200083a10671b2614ddac449: 418 ms
Input: 5000000,
Cold Start: false
Unique ID: c4d3ed66f57743ac1b8833bf63026d6b,
Execution Time for Trace ID c4d3ed66f57743ac1b8833bf63026d6b: 368 ms
Input: 5000000,
Cold Start: false
Unique ID: 29ebbadb12ee102f81b381d2fc03290a,
Execution Time for Trace ID 29ebbadb12ee102f81b381d2fc03290a: 420 ms
Input: 5000000,
Cold Start: false
Unique ID: aa7918e378fb6d1718cfb1ea12ed2f7c,
Execution Time for Trace ID aa7918e378fb6d1718cfb1ea12ed2f7c: 293 ms
Input: 5000000,
Cold Start: false
Unique ID: 5a7a0970f873580d3d0661e97777d7c1,
Execution Time for Trace ID 5a7a0970f873580d3d0661e97777d7c1: 306 ms
Input: 5000000,
Cold Start: false
Unique ID: f8438111e60da5f130446fd131c9f4b6,
Execution Time for Trace ID f8438111e60da5f130446fd131c9f4b6: 351 ms
Input: 5000000,
Cold Start: false
Unique ID: eda841eff3e716d423c6544fe1e32bcc,
Execution Time for Trace ID eda841eff3e716d423c6544fe1e32bcc: 309 ms
Input: 5000000,
Cold Start: false
Unique ID: e75b7ecedb331fae5d8900e9624bc8dd,
Execution Time for Trace ID e75b7ecedb331fae5d8900e9624bc8dd: 345 ms
Input: 5000000,
Cold Start: false
Unique ID: 37897135d5d1b705d53a895909af8190,
Execution Time for Trace ID 37897135d5d1b705d53a895909af8190: 308 ms
Input: 5000000,
Cold Start: false
Unique ID: 09f5c023e2436044fa7b10a94c2ec536,
Execution Time for Trace ID 09f5c023e2436044fa7b10a94c2ec536: 372 ms
Input: 5000000,
Cold Start: false
Unique ID: cb2675071ee7ba7bd59cdcc6ab4f84b3,
Execution Time for Trace ID cb2675071ee7ba7bd59cdcc6ab4f84b3: 304 ms
Input: 5000000,
Cold Start: false
Unique ID: 357e826197e351104b3f8595e8a82adf,
Execution Time for Trace ID 357e826197e351104b3f8595e8a82adf: 375 ms
Input: 5000000,
Cold Start: false
Unique ID: a7049c664c471dc93a48ffa8416ed9a0,
Execution Time for Trace ID a7049c664c471dc93a48ffa8416ed9a0: 310 ms
Input: 5000000,
Cold Start: false
Unique ID: 4a6f6cc8983c72e2ac8b99dbb918e410,
Execution Time for Trace ID 4a6f6cc8983c72e2ac8b99dbb918e410: 378 ms
Input: 5000000,
Cold Start: false
Unique ID: ddd9ba62d68efd929447e4d6c4a7b01e,
Execution Time for Trace ID ddd9ba62d68efd929447e4d6c4a7b01e: 308 ms
Input: 5000000,
Cold Start: false
Unique ID: 6a67cec7967e816fd0416becddcd6c21,
Execution Time for Trace ID 6a67cec7967e816fd0416becddcd6c21: 387 ms
Input: 5000000,
Cold Start: false
Unique ID: 12e4058215457b9f79b2418d40839538,
Execution Time for Trace ID 12e4058215457b9f79b2418d40839538: 309 ms
Input: 5000000,
Cold Start: false
Unique ID: 85c70f2d35fedb7ac7d1df2b815b2c1a,
Execution Time for Trace ID 85c70f2d35fedb7ac7d1df2b815b2c1a: 390 ms
Input: 5000000,
Cold Start: false
Unique ID: e7271efe760cba849dc9002a911ac391,
Execution Time for Trace ID e7271efe760cba849dc9002a911ac391: 308 ms
Input: 5000000,
Cold Start: false
Unique ID: 9295a9f246e53f4339c28c994f8c9d7a,
Execution Time for Trace ID 9295a9f246e53f4339c28c994f8c9d7a: 453 ms
Input: 5000000,
Cold Start: false
Unique ID: 51275e9363d2fa5caeca6614e65e8ca7,
Execution Time for Trace ID 51275e9363d2fa5caeca6614e65e8ca7: 306 ms
Input: 5000000,
Cold Start: false
Unique ID: b6fc6aac96feb8a5278e48b647611b7f,
Execution Time for Trace ID b6fc6aac96feb8a5278e48b647611b7f: 403 ms
Input: 5000000,
Cold Start: false
Unique ID: 75f7a364dbc5be5c4943d0a28984e262,
Execution Time for Trace ID 75f7a364dbc5be5c4943d0a28984e262: 358 ms
Input: 5000000,
Cold Start: false
Unique ID: c411f6205f2fd2d2829d60c4d86151ac,
Execution Time for Trace ID c411f6205f2fd2d2829d60c4d86151ac: 295 ms
Input: 5000000,
Cold Start: false
Unique ID: fcfeeb30b0c278f8e72a52a0a271ba9e,
Execution Time for Trace ID fcfeeb30b0c278f8e72a52a0a271ba9e: 360 ms
Input: 5000000,
Cold Start: false
Unique ID: d49e984c14fd27cd634f57780cd11afb,
Execution Time for Trace ID d49e984c14fd27cd634f57780cd11afb: 306 ms
Input: 5000000,
Cold Start: false
Unique ID: bdb814e22ab12c711a158169e21a89a2,
Execution Time for Trace ID bdb814e22ab12c711a158169e21a89a2: 368 ms
Input: 5000000,
Cold Start: false
Unique ID: eaec58996a114398290e73be54050168,
Execution Time for Trace ID eaec58996a114398290e73be54050168: 288 ms
Input: 5000000,
Cold Start: false
Unique ID: 30eee4a39717bcfa9005bffc3abe8131,
Execution Time for Trace ID 30eee4a39717bcfa9005bffc3abe8131: 368 ms
Input: 5000000,
Cold Start: false
Unique ID: 0bec765aaca7ca225b8e1769ef168b5b,
Execution Time for Trace ID 0bec765aaca7ca225b8e1769ef168b5b: 309 ms
Input: 5000000,
Cold Start: false
Unique ID: 5512d787b8a1d1122faa7234e5d9f8ce,
Execution Time for Trace ID 5512d787b8a1d1122faa7234e5d9f8ce: 455 ms
Input: 5000000,
Cold Start: false
Unique ID: 641c95b9dbf84cc6c94db59e8de17194,
Execution Time for Trace ID 641c95b9dbf84cc6c94db59e8de17194: 299 ms
Input: 5000000,
Cold Start: false
Unique ID: 3e6022371003a4fcc58b0044b4499be1,
Execution Time for Trace ID 3e6022371003a4fcc58b0044b4499be1: 342 ms
Input: 5000000,
Cold Start: false
Unique ID: 429b75c0f0b4ee20876c757b68f8348b,
Execution Time for Trace ID 429b75c0f0b4ee20876c757b68f8348b: 311 ms
Input: 5000000,
Cold Start: false
Unique ID: aa645e372424a12be151f46a72f0a5cb,
Execution Time for Trace ID aa645e372424a12be151f46a72f0a5cb: 360 ms
Input: 5000000,
Cold Start: false
Unique ID: f1b93d3f105dccf4093eb629edeac71b,
Execution Time for Trace ID f1b93d3f105dccf4093eb629edeac71b: 319 ms
Input: 5000000,
Cold Start: false
Unique ID: 0c415a67c82a1b9e72a3591300f0bfdf,
Execution Time for Trace ID 0c415a67c82a1b9e72a3591300f0bfdf: 366 ms
Input: 5000000,
Cold Start: false
Unique ID: 9e0c5f441bd0c31a418bd1ef34a6075e,
Execution Time for Trace ID 9e0c5f441bd0c31a418bd1ef34a6075e: 311 ms
Input: 5000000,
Cold Start: false
Unique ID: d62859d7eca66229c466cff80ffeb9ca,
Execution Time for Trace ID d62859d7eca66229c466cff80ffeb9ca: 375 ms
Input: 5000000,
Cold Start: false
Unique ID: c7602d279b3192f36485618f8a051135,
Execution Time for Trace ID c7602d279b3192f36485618f8a051135: 307 ms
Input: 5000000,
Cold Start: false
Unique ID: 64e572afb4c9f7ec8b1e74f4adae8d00,
Execution Time for Trace ID 64e572afb4c9f7ec8b1e74f4adae8d00: 378 ms
Input: 5000000,
Cold Start: false
Unique ID: 4d97d1bed89e41fd709420809a45f83b,
Execution Time for Trace ID 4d97d1bed89e41fd709420809a45f83b: 316 ms
Input: 5000000,
Cold Start: false
Unique ID: f895eb11510cbebeb2950fe22fda0620,
Execution Time for Trace ID f895eb11510cbebeb2950fe22fda0620: 386 ms
Input: 5000000,
Cold Start: false
Unique ID: 50022799e94400645d13a5522963a7e0,
Execution Time for Trace ID 50022799e94400645d13a5522963a7e0: 316 ms
Input: 5000000,
Cold Start: false
Unique ID: d7d02b2ae61864c2f636def0e851703f,
Execution Time for Trace ID d7d02b2ae61864c2f636def0e851703f: 387 ms
Input: 5000000,
Cold Start: false
Unique ID: 29f0e1d75cf4b32ff41b1d67fb843f27,
Execution Time for Trace ID 29f0e1d75cf4b32ff41b1d67fb843f27: 314 ms
Input: 5000000,
Cold Start: false
Unique ID: a05a388d972829e6cef7db4616b642ba,
Execution Time for Trace ID a05a388d972829e6cef7db4616b642ba: 457 ms
Input: 5000000,
Cold Start: false
Unique ID: 28f85551b91186d5945e9c95524eaa89,
Execution Time for Trace ID 28f85551b91186d5945e9c95524eaa89: 304 ms
Input: 5000000,
Cold Start: false
Unique ID: 75d8960a47111617e3bd052f3ea0b540,
Execution Time for Trace ID 75d8960a47111617e3bd052f3ea0b540: 402 ms
Input: 5000000,
Cold Start: false
Unique ID: 256f80e37bdb9c27cae437493edbc2cd,
Execution Time for Trace ID 256f80e37bdb9c27cae437493edbc2cd: 296 ms
Input: 5000000,
Cold Start: false
Unique ID: 83e28c53bed1d208c03f6d738c07d390,
Execution Time for Trace ID 83e28c53bed1d208c03f6d738c07d390: 357 ms
Input: 5000000,
Cold Start: false
Unique ID: 29e94745842c188495cf01ce8183d8ee,
Execution Time for Trace ID 29e94745842c188495cf01ce8183d8ee: 310 ms
Input: 5000000,
Cold Start: false
Unique ID: 88914c040492c177e9a6d2ff10fb3d0b,
Execution Time for Trace ID 88914c040492c177e9a6d2ff10fb3d0b: 364 ms
Input: 5000000,
Cold Start: false
Unique ID: 741287be42962b0f836bfe92edd36544,
Execution Time for Trace ID 741287be42962b0f836bfe92edd36544: 308 ms
Input: 5000000,
Cold Start: false
Unique ID: 675bfb3a9d8026c0436914a798dcda5b,
Execution Time for Trace ID 675bfb3a9d8026c0436914a798dcda5b: 380 ms
Input: 5000000,
Cold Start: false
Unique ID: a0a26a93701e07a7d5f8bf44b8694fd9,
Execution Time for Trace ID a0a26a93701e07a7d5f8bf44b8694fd9: 307 ms
Input: 5000000,
Cold Start: false
Unique ID: b8d0f36977499afe92f07685cd1eaa78,
Execution Time for Trace ID b8d0f36977499afe92f07685cd1eaa78: 452 ms
Input: 5000000,
Cold Start: false
Unique ID: 3cfcf24c7ee92cd24103f41a1f986846,
Execution Time for Trace ID 3cfcf24c7ee92cd24103f41a1f986846: 305 ms
Input: 5000000,
Cold Start: false
Unique ID: 3a648ee84bf22180bae49283411c2043,
Execution Time for Trace ID 3a648ee84bf22180bae49283411c2043: 417 ms
Input: 5000000,
Cold Start: false
Unique ID: ef39e0be0abc6addbe97ece6c2ca6c05,
Execution Time for Trace ID ef39e0be0abc6addbe97ece6c2ca6c05: 311 ms
Input: 5000000,
Cold Start: false
Unique ID: 13197c0db3577e048d84658512c2620d,
Execution Time for Trace ID 13197c0db3577e048d84658512c2620d: 359 ms
Input: 5000000,
Cold Start: false
Unique ID: 4a64f0915575f9dc55e1455a34a062f1,
Execution Time for Trace ID 4a64f0915575f9dc55e1455a34a062f1: 300 ms
Input: 5000000,
Cold Start: false
Unique ID: d7274e296824798f143b836ee4bf66a5,
Execution Time for Trace ID d7274e296824798f143b836ee4bf66a5: 354 ms
Input: 5000000,
Cold Start: false
Unique ID: 5b42a3600ba3c695261f258c4fe1d234,
Execution Time for Trace ID 5b42a3600ba3c695261f258c4fe1d234: 385 ms
Input: 5000000,
Cold Start: false
Unique ID: 0e3ada27121f93c139ac3d92bedbd986,
Execution Time for Trace ID 0e3ada27121f93c139ac3d92bedbd986: 374 ms
Input: 5000000,
Cold Start: false
Unique ID: 1954d40e4f41c06e0b3d56d1718c010f,
Execution Time for Trace ID 1954d40e4f41c06e0b3d56d1718c010f: 278 ms
Input: 5000000,
Cold Start: false
Unique ID: 39c24f08e4f6913b5fb5f04eccfb284d,
Execution Time for Trace ID 39c24f08e4f6913b5fb5f04eccfb284d: 375 ms
Input: 5000000,
Cold Start: false
Unique ID: 9f080d05cc99b35e82f97d12a3274387,
Execution Time for Trace ID 9f080d05cc99b35e82f97d12a3274387: 367 ms
Input: 5000000,
Cold Start: false
Unique ID: a7e2793cd4ca92bdcab7fa7e644a7ed9,
Execution Time for Trace ID a7e2793cd4ca92bdcab7fa7e644a7ed9: 385 ms
Input: 5000000,
Cold Start: false
Unique ID: caac602b0414a8d1508732dfed7f2105,
Execution Time for Trace ID caac602b0414a8d1508732dfed7f2105: 315 ms
Input: 5000000,
Cold Start: false
Unique ID: 538af7995c86a3f5f6fbcce128a1dce7,
Execution Time for Trace ID 538af7995c86a3f5f6fbcce128a1dce7: 395 ms
Input: 5000000,
Cold Start: false
Unique ID: 908f0d5c87f646a30c39acc097e2d930,
Execution Time for Trace ID 908f0d5c87f646a30c39acc097e2d930: 325 ms
Input: 5000000,
Cold Start: false
Unique ID: fb42b9e4e7122407ee41573261b1e99b,
Execution Time for Trace ID fb42b9e4e7122407ee41573261b1e99b: 455 ms
Input: 5000000,
Cold Start: false
Unique ID: 805ea0fd95a71bc5a0efde5d7934ef8a,
Execution Time for Trace ID 805ea0fd95a71bc5a0efde5d7934ef8a: 312 ms
Input: 5000000,
Cold Start: false
Unique ID: 27b101332d916b3348e5db787c364f37,
Execution Time for Trace ID 27b101332d916b3348e5db787c364f37: 344 ms
Input: 5000000,
Cold Start: false
Unique ID: a5dff6a0a148e6d156971261a9931ce6,
Execution Time for Trace ID a5dff6a0a148e6d156971261a9931ce6: 352 ms
Input: 5000000,
Cold Start: false
Unique ID: 2cedb47557a5654dfe099766c58350da,
Execution Time for Trace ID 2cedb47557a5654dfe099766c58350da: 368 ms
Input: 5000000,
Cold Start: false
Unique ID: d2ce1d23864a52560a249e29a2d9fbe8,
Execution Time for Trace ID d2ce1d23864a52560a249e29a2d9fbe8: 361 ms
Input: 5000000,
Cold Start: false
Unique ID: a3d309b40a3f9eba0e540dcb921b3598,
Execution Time for Trace ID a3d309b40a3f9eba0e540dcb921b3598: 381 ms
Input: 5000000,
Cold Start: false
Unique ID: 1603efee25c0f5f90b177aec2822db7c,
Execution Time for Trace ID 1603efee25c0f5f90b177aec2822db7c: 367 ms
Input: 5000000,
Cold Start: false
Unique ID: ba17a4dd7ed50a5f795e597627094b7b,
Execution Time for Trace ID ba17a4dd7ed50a5f795e597627094b7b: 394 ms
Input: 5000000,
Cold Start: false
Unique ID: e6c2cc88e7f39fa6e32eadeab4a20617,
Execution Time for Trace ID e6c2cc88e7f39fa6e32eadeab4a20617: 372 ms
Input: 5000000,
Cold Start: false
Unique ID: 04800929bd7964d5b818ae09df4ead55,
Execution Time for Trace ID 04800929bd7964d5b818ae09df4ead55: 390 ms
Input: 5000000,
Cold Start: false
Unique ID: bd900a654b0b49b30cc8e55491dac787,
Execution Time for Trace ID bd900a654b0b49b30cc8e55491dac787: 374 ms
Input: 5000000,
Cold Start: false
Unique ID: 3375eb7aa90d6fb761dc8669f2a8750a,
Execution Time for Trace ID 3375eb7aa90d6fb761dc8669f2a8750a: 376 ms
Input: 5000000,
Cold Start: false
Unique ID: b8eb9de346e1c5c872258ca4f21bc05d,
Execution Time for Trace ID b8eb9de346e1c5c872258ca4f21bc05d: 377 ms
Input: 5000000,
Cold Start: false
Unique ID: 56893e44461ca2d990a87d978b48131c,
Execution Time for Trace ID 56893e44461ca2d990a87d978b48131c: 375 ms
Input: 5000000,
Cold Start: false
Unique ID: 5a9b26fc1d635926a260b8fef759f840,
Execution Time for Trace ID 5a9b26fc1d635926a260b8fef759f840: 389 ms
Input: 5000000,
Cold Start: false
Unique ID: 7a7136beb2c30e4d01bc3a0da24294e6,
Execution Time for Trace ID 7a7136beb2c30e4d01bc3a0da24294e6: 313 ms
Input: 5000000,
Cold Start: false
Unique ID: e4373c70798ac11550ca1bd32f84a674,
Execution Time for Trace ID e4373c70798ac11550ca1bd32f84a674: 451 ms
Input: 5000000,
Cold Start: false
Unique ID: d161f8e1750f6f948feff5f6aee855fa,
Execution Time for Trace ID d161f8e1750f6f948feff5f6aee855fa: 313 ms
Input: 5000000,
Cold Start: false
Unique ID: e5da952716ccd2737b514a4a759352a5,
Execution Time for Trace ID e5da952716ccd2737b514a4a759352a5: 409 ms
Input: 5000000,
Cold Start: false
Unique ID: 261fd48e4929a04e6498e90013068c80,
Execution Time for Trace ID 261fd48e4929a04e6498e90013068c80: 311 ms
Input: 5000000,
Cold Start: false
Unique ID: 3a4d9815fbb2c58f1994c3da7a2289ae,
Execution Time for Trace ID 3a4d9815fbb2c58f1994c3da7a2289ae: 355 ms
Input: 5000000,
Cold Start: false
Unique ID: ec45f208a82dc5a7737217a7024f82a4,
Execution Time for Trace ID ec45f208a82dc5a7737217a7024f82a4: 379 ms
Input: 5000000,
Cold Start: false
Unique ID: 068b1556d1113d60b3ffe5947b9fdd76,
Execution Time for Trace ID 068b1556d1113d60b3ffe5947b9fdd76: 365 ms
Input: 5000000,
Cold Start: false
Unique ID: f757d533423a280fa72e1540ab822ef4,
Execution Time for Trace ID f757d533423a280fa72e1540ab822ef4: 379 ms
Input: 5000000,
Cold Start: false
Unique ID: 2a8fd4acdd62a5f5503fc9808a66352f,
Execution Time for Trace ID 2a8fd4acdd62a5f5503fc9808a66352f: 365 ms
Input: 5000000,
Cold Start: false
Unique ID: e345863599f41555cba7e619a2ccbda5,
Execution Time for Trace ID e345863599f41555cba7e619a2ccbda5: 374 ms
Input: 5000000,
Cold Start: false
Unique ID: aa9322f039df5a165c02508151c514e9,
Execution Time for Trace ID aa9322f039df5a165c02508151c514e9: 373 ms
Input: 5000000,
Cold Start: false
Unique ID: 61cef520de487267816a09eace1d8c8e,
Execution Time for Trace ID 61cef520de487267816a09eace1d8c8e: 375 ms
Input: 5000000,
Cold Start: false
Unique ID: 90ba99c7b418e65ffa16135293911fa7,
Execution Time for Trace ID 90ba99c7b418e65ffa16135293911fa7: 373 ms
Input: 5000000,
Cold Start: false
Unique ID: 624f5d1b0343d3559bfc548b5c4e9163,
Execution Time for Trace ID 624f5d1b0343d3559bfc548b5c4e9163: 314 ms
Input: 5000000,
Cold Start: false
Unique ID: 34bdf836dc19c9fcfeaf92ed92324f01,
Execution Time for Trace ID 34bdf836dc19c9fcfeaf92ed92324f01: 379 ms
Input: 5000000,
Cold Start: false
Unique ID: 266e8fb7d273b79aaa045af4b6da7ee3,
Execution Time for Trace ID 266e8fb7d273b79aaa045af4b6da7ee3: 313 ms
Input: 5000000,
Cold Start: false
Unique ID: 276dd5f54d85f38ded4d8001bd66279f,
Execution Time for Trace ID 276dd5f54d85f38ded4d8001bd66279f: 391 ms
Input: 5000000,
Cold Start: false
Unique ID: d107ebcab068b289aa7407027583bac4,
Execution Time for Trace ID d107ebcab068b289aa7407027583bac4: 309 ms
Input: 5000000,
Cold Start: false
Unique ID: c0bacc3c3e7f505f45565fa526c30518,
Execution Time for Trace ID c0bacc3c3e7f505f45565fa526c30518: 394 ms
Input: 5000000,
Cold Start: false
Unique ID: 4f58b2135bf66c7756e1758c08bd332b,
Execution Time for Trace ID 4f58b2135bf66c7756e1758c08bd332b: 308 ms
Input: 5000000,
Cold Start: false
Unique ID: e892f0bf12e6150f55d67a9df7a192fc,
Execution Time for Trace ID e892f0bf12e6150f55d67a9df7a192fc: 460 ms
Input: 5000000,
Cold Start: false
Unique ID: 34de757fa6acde343e43bad0210db034,
Execution Time for Trace ID 34de757fa6acde343e43bad0210db034: 309 ms
Input: 5000000,
Cold Start: false
Unique ID: 87a7e0d9d4231c416397065889fd8b7e,
Execution Time for Trace ID 87a7e0d9d4231c416397065889fd8b7e: 416 ms
Input: 5000000,
Cold Start: false
Unique ID: d1507e61ef8da1ac8880942f34a1eddc,
Execution Time for Trace ID d1507e61ef8da1ac8880942f34a1eddc: 353 ms
Input: 5000000,
Cold Start: false
Unique ID: eee3c40c61c6b9f33d0d79bef1df7258,
Execution Time for Trace ID eee3c40c61c6b9f33d0d79bef1df7258: 307 ms
Input: 5000000,
Cold Start: false
Unique ID: c83bc272b02591d0383fddbf89746d9a,
Execution Time for Trace ID c83bc272b02591d0383fddbf89746d9a: 357 ms
Input: 5000000,
Cold Start: false
Unique ID: 51695fc69671c4935197a2c56c31a5ea,
Execution Time for Trace ID 51695fc69671c4935197a2c56c31a5ea: 307 ms
Input: 5000000,
Cold Start: false
Unique ID: cdf4393307bbfb3835def39e8d25200a,
Execution Time for Trace ID cdf4393307bbfb3835def39e8d25200a: 351 ms
Input: 5000000,
Cold Start: false
Unique ID: 14c0b4187ee0ee67323d518caef7612c,
Execution Time for Trace ID 14c0b4187ee0ee67323d518caef7612c: 311 ms
Input: 5000000,
Cold Start: false
Unique ID: e12012a310be1c50238236aa43145c6c,
Execution Time for Trace ID e12012a310be1c50238236aa43145c6c: 359 ms
Input: 5000000,
Cold Start: false
Unique ID: 1504abdb6a0a1623eb0628e121198431,
Execution Time for Trace ID 1504abdb6a0a1623eb0628e121198431: 312 ms
Input: 5000000,
Cold Start: false
Unique ID: 82e05fba8d0508d7cf3d92ff94f1986b,
Execution Time for Trace ID 82e05fba8d0508d7cf3d92ff94f1986b: 365 ms
Input: 5000000,
Cold Start: false
Unique ID: f24379a460694961fddce5ff383c8200,
Execution Time for Trace ID f24379a460694961fddce5ff383c8200: 308 ms
Input: 5000000,
Cold Start: false
Unique ID: 2c068e2d76f6e42f12675af2987c677b,
Execution Time for Trace ID 2c068e2d76f6e42f12675af2987c677b: 361 ms
Input: 5000000,
Cold Start: false
Unique ID: 60926a85e50a83cf116f628574b3cefc,
Execution Time for Trace ID 60926a85e50a83cf116f628574b3cefc: 308 ms
Input: 5000000,
Cold Start: false
Unique ID: 46fe58578b0aeece104df9b07cae4c2e,
Execution Time for Trace ID 46fe58578b0aeece104df9b07cae4c2e: 373 ms
Input: 5000000,
Cold Start: false
Unique ID: 6ea96f06688292d1a487b8b7e0f2e94b,
Execution Time for Trace ID 6ea96f06688292d1a487b8b7e0f2e94b: 308 ms
Input: 5000000,
Cold Start: false
Unique ID: 0ad25717071a9076d6c78e7ecb762bfb,
Execution Time for Trace ID 0ad25717071a9076d6c78e7ecb762bfb: 386 ms
Input: 5000000,
Cold Start: false
Unique ID: 380903364b6ff2a2ab454de60db61144,
Execution Time for Trace ID 380903364b6ff2a2ab454de60db61144: 379 ms
Input: 5000000,
Cold Start: false
Unique ID: 9791b293a33957cfe0c2db942413824e,
Execution Time for Trace ID 9791b293a33957cfe0c2db942413824e: 394 ms
Input: 5000000,
Cold Start: false
Unique ID: 57b3a3c5760b13703e916de6e0192cac,
Execution Time for Trace ID 57b3a3c5760b13703e916de6e0192cac: 346 ms
Input: 5000000,
Cold Start: false
Unique ID: f3a4b577fc17a5e4c8a51969c38b7149,
Execution Time for Trace ID f3a4b577fc17a5e4c8a51969c38b7149: 453 ms
Input: 5000000,
Cold Start: false
Unique ID: 80668aab11e5a408aae9db59a10102e6,
Execution Time for Trace ID 80668aab11e5a408aae9db59a10102e6: 316 ms
Input: 5000000,
Cold Start: false
Unique ID: d441445a88bc718d7deb6956dcea8c94,
Execution Time for Trace ID d441445a88bc718d7deb6956dcea8c94: 411 ms
Input: 5000000,
Cold Start: false
Unique ID: bb504a8bb068650e39d233910647df3f,
Execution Time for Trace ID bb504a8bb068650e39d233910647df3f: 315 ms
Input: 5000000,
Cold Start: false
Unique ID: 037ea54b1410a3f4fb790cc28d6db691,
Execution Time for Trace ID 037ea54b1410a3f4fb790cc28d6db691: 355 ms
Input: 5000000,
Cold Start: false
Unique ID: 765c49424103673427140a4461375e3e,
Execution Time for Trace ID 765c49424103673427140a4461375e3e: 305 ms
Input: 5000000,
Cold Start: false
Unique ID: 346064221910ed152a976b8ff9f87b4c,
Execution Time for Trace ID 346064221910ed152a976b8ff9f87b4c: 360 ms
Input: 5000000,
Cold Start: false
Unique ID: d974a9a4dcc7d07ac43f19159f9e3247,
Execution Time for Trace ID d974a9a4dcc7d07ac43f19159f9e3247: 312 ms
Input: 5000000,
Cold Start: false
Unique ID: 69e1827fa8cac90cfffdaabaef44a3c5,
Execution Time for Trace ID 69e1827fa8cac90cfffdaabaef44a3c5: 398 ms
Input: 5000000,
Cold Start: false
Unique ID: d6de5ec0fe21ccb6272cf549da67bf0f,
Execution Time for Trace ID d6de5ec0fe21ccb6272cf549da67bf0f: 306 ms
Input: 5000000,
Cold Start: false
Unique ID: 587c5f17f2e53b73de1c22ca2d7fee10,
Execution Time for Trace ID 587c5f17f2e53b73de1c22ca2d7fee10: 358 ms
Input: 5000000,
Cold Start: false
Unique ID: 869a9cb6a7f49c3ff0a5014fabd0b37f,
Execution Time for Trace ID 869a9cb6a7f49c3ff0a5014fabd0b37f: 341 ms
Input: 5000000,
Cold Start: false
Unique ID: 1afef00edc39274a681f8f247cc4dfbd,
Execution Time for Trace ID 1afef00edc39274a681f8f247cc4dfbd: 367 ms
Input: 5000000,
Cold Start: false
Unique ID: 7faddcfc3eb54c735649427b6ae24f9b,
Execution Time for Trace ID 7faddcfc3eb54c735649427b6ae24f9b: 374 ms
Input: 5000000,
Cold Start: false
Unique ID: e5fbd18ca6a1b1d4810970dfe4112134,
Execution Time for Trace ID e5fbd18ca6a1b1d4810970dfe4112134: 312 ms
Input: 5000000,
Cold Start: false
Unique ID: 7552f060e5dcac0c7c16f0f3db1d5ec8,
Execution Time for Trace ID 7552f060e5dcac0c7c16f0f3db1d5ec8: 380 ms
Input: 5000000,
Cold Start: false
Unique ID: baa77d4de4518727c10fa855183d63df,
Execution Time for Trace ID baa77d4de4518727c10fa855183d63df: 302 ms
Input: 5000000,
Cold Start: false
Unique ID: d53cdc4b55b83e244aee76712d13f2b3,
Execution Time for Trace ID d53cdc4b55b83e244aee76712d13f2b3: 380 ms
Input: 5000000,
Cold Start: false
Unique ID: 4499f58f1f7dd4ff89bf9bd7009f06f8,
Execution Time for Trace ID 4499f58f1f7dd4ff89bf9bd7009f06f8: 313 ms
Input: 5000000,
Cold Start: false
Unique ID: 2708c3d58615e7ed9a368f931198d529,
Execution Time for Trace ID 2708c3d58615e7ed9a368f931198d529: 387 ms
Input: 5000000,
Cold Start: false
