Unique ID: db879f0fd4a2e409d9620446858a4687,
Execution Time for Trace ID db879f0fd4a2e409d9620446858a4687: 1673 ms
Input: 5750000,
Cold Start: false
Unique ID: 160b9dd04adda24c53a527d405bfb74c,
Execution Time for Trace ID 160b9dd04adda24c53a527d405bfb74c: 1791 ms
Input: 5750000,
Cold Start: false
Unique ID: 1bf5d86e36ca21fd463ed1b18a225ea9,
Execution Time for Trace ID 1bf5d86e36ca21fd463ed1b18a225ea9: 2285 ms
Input: 5750000,
Cold Start: false
Unique ID: d84455958d1daad97a9e80ec145cb761,
Execution Time for Trace ID d84455958d1daad97a9e80ec145cb761: 2180 ms
Input: 5750000,
Cold Start: false
Unique ID: 824d7b057d805030b60f5abc5fe69542,
Execution Time for Trace ID 824d7b057d805030b60f5abc5fe69542: 1733 ms
Input: 5750000,
Cold Start: false
Unique ID: bd0b90d90078e58d634e97751c5dd747,
Execution Time for Trace ID bd0b90d90078e58d634e97751c5dd747: 2396 ms
Input: 5750000,
Cold Start: false
Unique ID: 8237294a6421cb23e1276a26f1655f6c,
Execution Time for Trace ID 8237294a6421cb23e1276a26f1655f6c: 2347 ms
Input: 5750000,
Cold Start: false
Unique ID: c8c610d5b6f0910c4f06934b82048f13,
Execution Time for Trace ID c8c610d5b6f0910c4f06934b82048f13: 2016 ms
Input: 5750000,
Cold Start: false
Unique ID: 6a292ada6bdf25060b154f11ffe4491d,
Execution Time for Trace ID 6a292ada6bdf25060b154f11ffe4491d: 1691 ms
Input: 5750000,
Cold Start: false
Unique ID: 52f8e22d57fccc1dd6f391cfe3548cfd,
Execution Time for Trace ID 52f8e22d57fccc1dd6f391cfe3548cfd: 2125 ms
Input: 5750000,
Cold Start: false
Unique ID: 3cbc9e45bcb0285a2884165a1e45a6f4,
Execution Time for Trace ID 3cbc9e45bcb0285a2884165a1e45a6f4: 1913 ms
Input: 5750000,
Cold Start: false
Unique ID: ff1f354908c2b55c0e9bad60995b0dd4,
Execution Time for Trace ID ff1f354908c2b55c0e9bad60995b0dd4: 1713 ms
Input: 5750000,
Cold Start: false
Unique ID: 3f036d43f8371c5ef17427a744d7993a,
Execution Time for Trace ID 3f036d43f8371c5ef17427a744d7993a: 2085 ms
Input: 5750000,
Cold Start: false
Unique ID: 832980c45d416899d67a32f751043812,
Execution Time for Trace ID 832980c45d416899d67a32f751043812: 1703 ms
Input: 5750000,
Cold Start: false
Unique ID: df7b00b338b3212830f9296f69bb3712,
Execution Time for Trace ID df7b00b338b3212830f9296f69bb3712: 1926 ms
Input: 5750000,
Cold Start: false
Unique ID: 60169e91f7eb0397cc3e67e04b2a3195,
Execution Time for Trace ID 60169e91f7eb0397cc3e67e04b2a3195: 1817 ms
Input: 5750000,
Cold Start: false
Unique ID: 9e68119bb1aa86de3227faee17915238,
Execution Time for Trace ID 9e68119bb1aa86de3227faee17915238: 2048 ms
Input: 5750000,
Cold Start: false
Unique ID: efe6b20a48895d25bf5efb6df6c07104,
Execution Time for Trace ID efe6b20a48895d25bf5efb6df6c07104: 1800 ms
Input: 5750000,
Cold Start: false
Unique ID: f4d7899acde0037afca480eeeabb8a60,
Execution Time for Trace ID f4d7899acde0037afca480eeeabb8a60: 1687 ms
Input: 5750000,
Cold Start: false
Unique ID: 50733c9a5929dffaa2219a606b34eb81,
Execution Time for Trace ID 50733c9a5929dffaa2219a606b34eb81: 2167 ms
Input: 5750000,
Cold Start: false
Unique ID: c25ce335be8c771ac4bb7c82339bef0a,
Execution Time for Trace ID c25ce335be8c771ac4bb7c82339bef0a: 1809 ms
Input: 5750000,
Cold Start: false
Unique ID: bbc0991c387f56da9743403f89d571d4,
Execution Time for Trace ID bbc0991c387f56da9743403f89d571d4: 1534 ms
Input: 5750000,
Cold Start: false
Unique ID: c2c0674389f1921bf083aa3b7cdf8a62,
Execution Time for Trace ID c2c0674389f1921bf083aa3b7cdf8a62: 1808 ms
Input: 5750000,
Cold Start: false
Unique ID: 1fc395044ae42bde0942f7807cdcbf06,
Execution Time for Trace ID 1fc395044ae42bde0942f7807cdcbf06: 2266 ms
Input: 5750000,
Cold Start: false
Unique ID: 56217178e614dd5141cdbc800d4ad39a,
Execution Time for Trace ID 56217178e614dd5141cdbc800d4ad39a: 2113 ms
Input: 5750000,
Cold Start: false
Unique ID: d7174791eb5c2110e05e397a11076204,
Execution Time for Trace ID d7174791eb5c2110e05e397a11076204: 1712 ms
Input: 5750000,
Cold Start: false
Unique ID: df3e27495f687900c515aa697be46d51,
Execution Time for Trace ID df3e27495f687900c515aa697be46d51: 1966 ms
Input: 5750000,
Cold Start: false
Unique ID: 74b2dca32ed314ae5e11f10053649c02,
Execution Time for Trace ID 74b2dca32ed314ae5e11f10053649c02: 2212 ms
Input: 5750000,
Cold Start: false
Unique ID: f638246a74c6e51cad16d4da8718665c,
Execution Time for Trace ID f638246a74c6e51cad16d4da8718665c: 1638 ms
Input: 5750000,
Cold Start: false
Unique ID: ac886f8edbdcee19481e9f3cc093b9ee,
Execution Time for Trace ID ac886f8edbdcee19481e9f3cc093b9ee: 1609 ms
Input: 5750000,
Cold Start: false
Unique ID: 07a9224ff7e4bae215da0a3fbc437ef1,
Execution Time for Trace ID 07a9224ff7e4bae215da0a3fbc437ef1: 1894 ms
Input: 5750000,
Cold Start: false
Unique ID: f9170635b627b16b07a33fefc9ad6d77,
Execution Time for Trace ID f9170635b627b16b07a33fefc9ad6d77: 2178 ms
Input: 5750000,
Cold Start: false
Unique ID: f4e389ed390b658e18d93bcc7648964d,
Execution Time for Trace ID f4e389ed390b658e18d93bcc7648964d: 1797 ms
Input: 5750000,
Cold Start: false
Unique ID: 491b55e34182a16ba0401aafdd3afaaa,
Execution Time for Trace ID 491b55e34182a16ba0401aafdd3afaaa: 1602 ms
Input: 5750000,
Cold Start: false
Unique ID: a933e131b3b8d07d1ad0faae035089c2,
Execution Time for Trace ID a933e131b3b8d07d1ad0faae035089c2: 1731 ms
Input: 5750000,
Cold Start: false
Unique ID: 826ce6a3e6d4c46b1a6ba182eeada345,
Execution Time for Trace ID 826ce6a3e6d4c46b1a6ba182eeada345: 2015 ms
Input: 5750000,
Cold Start: false
Unique ID: b9a493ab7ee0a124c8f26b1b6b731e6a,
Execution Time for Trace ID b9a493ab7ee0a124c8f26b1b6b731e6a: 2170 ms
Input: 5750000,
Cold Start: false
Unique ID: 5ac43dc19c215ed3ff5fc5ec5024b5e5,
Execution Time for Trace ID 5ac43dc19c215ed3ff5fc5ec5024b5e5: 2111 ms
Input: 5750000,
Cold Start: false
Unique ID: 9a08f6e2f39a680f199f194d5963b9fd,
Execution Time for Trace ID 9a08f6e2f39a680f199f194d5963b9fd: 2099 ms
Input: 5750000,
Cold Start: false
Unique ID: 58d1694c607712bf83729109d13ba91e,
Execution Time for Trace ID 58d1694c607712bf83729109d13ba91e: 1562 ms
Input: 5750000,
Cold Start: false
Unique ID: dff1bf5d1aaf07c9d00b89e5b5c69971,
Execution Time for Trace ID dff1bf5d1aaf07c9d00b89e5b5c69971: 2072 ms
Input: 5750000,
Cold Start: false
Unique ID: 0eeac906686e78bf5d15df076c24dd6c,
Execution Time for Trace ID 0eeac906686e78bf5d15df076c24dd6c: 2216 ms
Input: 5750000,
Cold Start: false
Unique ID: be632de57d2097a863e71e152ad526a0,
Execution Time for Trace ID be632de57d2097a863e71e152ad526a0: 1840 ms
Input: 5750000,
Cold Start: false
Unique ID: 1811f53511bcffa7cc766a7dbd137956,
Execution Time for Trace ID 1811f53511bcffa7cc766a7dbd137956: 1668 ms
Input: 5750000,
Cold Start: false
Unique ID: 0824e2b3043dbe8bd9722715f299bb78,
Execution Time for Trace ID 0824e2b3043dbe8bd9722715f299bb78: 1710 ms
Input: 5750000,
Cold Start: false
Unique ID: e36e225e5fd9b6e9e7528be9e320c478,
Execution Time for Trace ID e36e225e5fd9b6e9e7528be9e320c478: 2311 ms
Input: 5750000,
Cold Start: false
Unique ID: 1d77e90460bfe3a5298ad69c4a4dfa66,
Execution Time for Trace ID 1d77e90460bfe3a5298ad69c4a4dfa66: 1922 ms
Input: 5750000,
Cold Start: false
Unique ID: 6e750051150b6d2dda3883ad8bf7f785,
Execution Time for Trace ID 6e750051150b6d2dda3883ad8bf7f785: 2036 ms
Input: 5750000,
Cold Start: false
Unique ID: 600dd665cd5c5075092de5c1fee361f5,
Execution Time for Trace ID 600dd665cd5c5075092de5c1fee361f5: 1901 ms
Input: 5750000,
Cold Start: false
Unique ID: 3834765f023296ff8cdaace7d1b68601,
Execution Time for Trace ID 3834765f023296ff8cdaace7d1b68601: 1986 ms
Input: 5750000,
Cold Start: false
Unique ID: f5cef84c650a53f1545c1e17d273e7e9,
Execution Time for Trace ID f5cef84c650a53f1545c1e17d273e7e9: 1871 ms
Input: 5750000,
Cold Start: false
Unique ID: 29b1e42eabf47efca53e768269b8ce7d,
Execution Time for Trace ID 29b1e42eabf47efca53e768269b8ce7d: 2182 ms
Input: 5750000,
Cold Start: false
Unique ID: 353d6a6b74c165861def29716a28d33a,
Execution Time for Trace ID 353d6a6b74c165861def29716a28d33a: 1958 ms
Input: 5750000,
Cold Start: false
Unique ID: 7faf1d8f38e07cd922eaccf2f00337e7,
Execution Time for Trace ID 7faf1d8f38e07cd922eaccf2f00337e7: 1887 ms
Input: 5750000,
Cold Start: false
Unique ID: dd8dac15491792fb685772db0a335c11,
Execution Time for Trace ID dd8dac15491792fb685772db0a335c11: 1700 ms
Input: 5750000,
Cold Start: false
Unique ID: 2f6310c5289231712f3d97c42f183ba8,
Execution Time for Trace ID 2f6310c5289231712f3d97c42f183ba8: 2225 ms
Input: 5750000,
Cold Start: false
Unique ID: 901fa6edcf309d8b5cbd4b522911a754,
Execution Time for Trace ID 901fa6edcf309d8b5cbd4b522911a754: 1702 ms
Input: 5750000,
Cold Start: false
Unique ID: bbb0f3a27df4cab9d6cd88f9a8f291f2,
Execution Time for Trace ID bbb0f3a27df4cab9d6cd88f9a8f291f2: 1633 ms
Input: 5750000,
Cold Start: false
Unique ID: e3043566d8fc3ccf831000c3633098f5,
Execution Time for Trace ID e3043566d8fc3ccf831000c3633098f5: 2210 ms
Input: 5750000,
Cold Start: false
Unique ID: f3513de71113701acff9619024f6408c,
Execution Time for Trace ID f3513de71113701acff9619024f6408c: 2043 ms
Input: 5750000,
Cold Start: false
Unique ID: 22418d1e71c41ef8f6885b312b9598e8,
Execution Time for Trace ID 22418d1e71c41ef8f6885b312b9598e8: 1821 ms
Input: 5750000,
Cold Start: false
Unique ID: 42f3cf33e5010ad16e94b14677f41313,
Execution Time for Trace ID 42f3cf33e5010ad16e94b14677f41313: 1700 ms
Input: 5750000,
Cold Start: false
Unique ID: 5f829b9f1438abde7297870bd23a598b,
Execution Time for Trace ID 5f829b9f1438abde7297870bd23a598b: 2077 ms
Input: 5750000,
Cold Start: false
Unique ID: 554237a3ec62a5e2d813ebb6c914d0fa,
Execution Time for Trace ID 554237a3ec62a5e2d813ebb6c914d0fa: 1711 ms
Input: 5750000,
Cold Start: false
Unique ID: 34de4374565dd0d637d2ae574ef2b698,
Execution Time for Trace ID 34de4374565dd0d637d2ae574ef2b698: 1708 ms
Input: 5750000,
Cold Start: false
Unique ID: 9c6d06617e8b516918c7983c56bf6fbb,
Execution Time for Trace ID 9c6d06617e8b516918c7983c56bf6fbb: 1710 ms
Input: 5750000,
Cold Start: false
Unique ID: bfc3571158616b19a8d0a596dea364c7,
Execution Time for Trace ID bfc3571158616b19a8d0a596dea364c7: 1691 ms
Input: 5750000,
Cold Start: false
Unique ID: e6a8c7df7c3067a71c60793984e8970d,
Execution Time for Trace ID e6a8c7df7c3067a71c60793984e8970d: 1759 ms
Input: 5750000,
Cold Start: false
Unique ID: 6cbcd201a816bf5f3372ce715d194862,
Execution Time for Trace ID 6cbcd201a816bf5f3372ce715d194862: 2033 ms
Input: 5750000,
Cold Start: false
Unique ID: 828d355265ebe7c33f2843d1d93d178f,
Execution Time for Trace ID 828d355265ebe7c33f2843d1d93d178f: 1709 ms
Input: 5750000,
Cold Start: false
Unique ID: e048ef0c82fc2ba86a497144e3b54d33,
Execution Time for Trace ID e048ef0c82fc2ba86a497144e3b54d33: 1915 ms
Input: 5750000,
Cold Start: false
Unique ID: 3fcb19b79b31dc8708944d6b21550a59,
Execution Time for Trace ID 3fcb19b79b31dc8708944d6b21550a59: 1749 ms
Input: 5750000,
Cold Start: false
Unique ID: 304ee716a3f3e78e1cb4e85914711e96,
Execution Time for Trace ID 304ee716a3f3e78e1cb4e85914711e96: 1963 ms
Input: 5750000,
Cold Start: false
Unique ID: e61ce84cc8d729854981c5e5e545f453,
Execution Time for Trace ID e61ce84cc8d729854981c5e5e545f453: 1686 ms
Input: 5750000,
Cold Start: false
Unique ID: 0f54ab2fd149fd7d3603eb0dbc1cb44c,
Execution Time for Trace ID 0f54ab2fd149fd7d3603eb0dbc1cb44c: 1842 ms
Input: 5750000,
Cold Start: false
Unique ID: a878adaea26acc751430c282da116604,
Execution Time for Trace ID a878adaea26acc751430c282da116604: 1614 ms
Input: 5750000,
Cold Start: false
Unique ID: 29847b027fe8519789a6d121eed197f9,
Execution Time for Trace ID 29847b027fe8519789a6d121eed197f9: 1990 ms
Input: 5750000,
Cold Start: false
Unique ID: 56165fc4c2d89713400e2d4a7ad52216,
Execution Time for Trace ID 56165fc4c2d89713400e2d4a7ad52216: 1959 ms
Input: 5750000,
Cold Start: false
Unique ID: 66f47fb8f5f6a4739a5551f5b0491d7a,
Execution Time for Trace ID 66f47fb8f5f6a4739a5551f5b0491d7a: 1921 ms
Input: 5750000,
Cold Start: false
Unique ID: 3e2ccf2b4203e464d3ce4db2aabfb520,
Execution Time for Trace ID 3e2ccf2b4203e464d3ce4db2aabfb520: 1836 ms
Input: 5750000,
Cold Start: false
Unique ID: 1da14b0354b2d00047e364c5a07b31e2,
Execution Time for Trace ID 1da14b0354b2d00047e364c5a07b31e2: 2393 ms
Input: 5750000,
Cold Start: false
Unique ID: 458793fe118541a5c3cf64c8f5608b78,
Execution Time for Trace ID 458793fe118541a5c3cf64c8f5608b78: 1746 ms
Input: 5750000,
Cold Start: false
Unique ID: f29f8704138a9a291cb4a0f433a5b2c6,
Execution Time for Trace ID f29f8704138a9a291cb4a0f433a5b2c6: 2016 ms
Input: 5750000,
Cold Start: false
Unique ID: 82c506497473f7862a67b4134fdb38ed,
Execution Time for Trace ID 82c506497473f7862a67b4134fdb38ed: 1633 ms
Input: 5750000,
Cold Start: false
Unique ID: 61249bcc9ca9e5dab6ed70cea21b3f88,
Execution Time for Trace ID 61249bcc9ca9e5dab6ed70cea21b3f88: 1710 ms
Input: 5750000,
Cold Start: false
Unique ID: 9d728b17eb483a8f569bd7f6d1b60b3b,
Execution Time for Trace ID 9d728b17eb483a8f569bd7f6d1b60b3b: 1716 ms
Input: 5750000,
Cold Start: false
Unique ID: 6e66041a050f09d0640beda6dac2c48c,
Execution Time for Trace ID 6e66041a050f09d0640beda6dac2c48c: 1730 ms
Input: 5750000,
Cold Start: false
Unique ID: 917875453d66de70d962273e956849f5,
Execution Time for Trace ID 917875453d66de70d962273e956849f5: 1661 ms
Input: 5750000,
Cold Start: false
Unique ID: 5dc90aa0f9d55d11dee9b642a2e82b21,
Execution Time for Trace ID 5dc90aa0f9d55d11dee9b642a2e82b21: 2310 ms
Input: 5750000,
Cold Start: false
Unique ID: f331e7ebe5c0eb934c5fb54dd0dde71b,
Execution Time for Trace ID f331e7ebe5c0eb934c5fb54dd0dde71b: 1890 ms
Input: 5750000,
Cold Start: false
Unique ID: 93ccebfe1dabaeb7d6e1b1b256a0e993,
Execution Time for Trace ID 93ccebfe1dabaeb7d6e1b1b256a0e993: 1967 ms
Input: 5750000,
Cold Start: false
Unique ID: da960cacb24aa28cf5901bbecfd381e0,
Execution Time for Trace ID da960cacb24aa28cf5901bbecfd381e0: 1795 ms
Input: 5750000,
Cold Start: false
Unique ID: 2bf9a50b1a4558519b47feded4d71ab6,
Execution Time for Trace ID 2bf9a50b1a4558519b47feded4d71ab6: 1991 ms
Input: 5750000,
Cold Start: false
Unique ID: 61a781b4ab11a4f49d2e78d7c36fd5e2,
Execution Time for Trace ID 61a781b4ab11a4f49d2e78d7c36fd5e2: 1650 ms
Input: 5750000,
Cold Start: false
Unique ID: 0289044167c04cc1f76a619dd227e5dc,
Execution Time for Trace ID 0289044167c04cc1f76a619dd227e5dc: 1938 ms
Input: 5750000,
Cold Start: false
Unique ID: 022b9e581a88d46344dd595e794770df,
Execution Time for Trace ID 022b9e581a88d46344dd595e794770df: 1989 ms
Input: 5750000,
Cold Start: false
Unique ID: a1a7f2cee3a70fa86b385a0c980574d9,
Execution Time for Trace ID a1a7f2cee3a70fa86b385a0c980574d9: 1661 ms
Input: 5750000,
Cold Start: false
Unique ID: 3054aaa703026907801b037ce6057d80,
Execution Time for Trace ID 3054aaa703026907801b037ce6057d80: 1955 ms
Input: 5750000,
Cold Start: false
Unique ID: 7df3b265db99595cbfedfdd8ba499cc3,
Execution Time for Trace ID 7df3b265db99595cbfedfdd8ba499cc3: 2204 ms
Input: 5750000,
Cold Start: false
Unique ID: 1b8f1c890d20eec926424409a2e4e6cd,
Execution Time for Trace ID 1b8f1c890d20eec926424409a2e4e6cd: 1864 ms
Input: 5750000,
Cold Start: false
Unique ID: 0a9ac7e62ffa963ec6fb367c6e5898e1,
Execution Time for Trace ID 0a9ac7e62ffa963ec6fb367c6e5898e1: 1724 ms
Input: 5750000,
Cold Start: false
Unique ID: ca647ef9ed5c2dd3fdc2eb8f848c933a,
Execution Time for Trace ID ca647ef9ed5c2dd3fdc2eb8f848c933a: 1642 ms
Input: 5750000,
Cold Start: false
Unique ID: 3ad7d13442f8a8a0800d1331b4643cf4,
Execution Time for Trace ID 3ad7d13442f8a8a0800d1331b4643cf4: 1815 ms
Input: 5750000,
Cold Start: false
Unique ID: fe3f9055c661c36d873de531aa3a1ea8,
Execution Time for Trace ID fe3f9055c661c36d873de531aa3a1ea8: 1722 ms
Input: 5750000,
Cold Start: false
Unique ID: 535a9bfd683ee76da93ac4968d849b58,
Execution Time for Trace ID 535a9bfd683ee76da93ac4968d849b58: 1969 ms
Input: 5750000,
Cold Start: false
Unique ID: 640d066c436cb795de5bcb4bd05be2dd,
Execution Time for Trace ID 640d066c436cb795de5bcb4bd05be2dd: 1698 ms
Input: 5750000,
Cold Start: false
Unique ID: 052e9c3808a6304d77d65645f9f93efc,
Execution Time for Trace ID 052e9c3808a6304d77d65645f9f93efc: 2067 ms
Input: 5750000,
Cold Start: false
Unique ID: b9a45f45ead0be6c92f85da7d6d88080,
Execution Time for Trace ID b9a45f45ead0be6c92f85da7d6d88080: 1691 ms
Input: 5750000,
Cold Start: false
Unique ID: 617d85691b2eff8988a94424fb7b0093,
Execution Time for Trace ID 617d85691b2eff8988a94424fb7b0093: 1912 ms
Input: 5750000,
Cold Start: false
Unique ID: 9884fd07c3c0e40c5614109d2a8d7187,
Execution Time for Trace ID 9884fd07c3c0e40c5614109d2a8d7187: 1925 ms
Input: 5750000,
Cold Start: false
Unique ID: f140d023f8da9395bc809d3d37bd7d62,
Execution Time for Trace ID f140d023f8da9395bc809d3d37bd7d62: 1753 ms
Input: 5750000,
Cold Start: false
Unique ID: 6a0399fb1b834ac2b69fe6d04f35f00e,
Execution Time for Trace ID 6a0399fb1b834ac2b69fe6d04f35f00e: 2132 ms
Input: 5750000,
Cold Start: false
Unique ID: 5cc549735f947b50c08088f4b48a965b,
Execution Time for Trace ID 5cc549735f947b50c08088f4b48a965b: 1891 ms
Input: 5750000,
Cold Start: false
Unique ID: c2fb31ca4cc895a531c1ec5ddae24ed6,
Execution Time for Trace ID c2fb31ca4cc895a531c1ec5ddae24ed6: 1767 ms
Input: 5750000,
Cold Start: false
Unique ID: 001c2ca31896709f3c96b5f830de777a,
Execution Time for Trace ID 001c2ca31896709f3c96b5f830de777a: 2029 ms
Input: 5750000,
Cold Start: false
Unique ID: b9353481a54367a58828f3e1310a4238,
Execution Time for Trace ID b9353481a54367a58828f3e1310a4238: 1628 ms
Input: 5750000,
Cold Start: false
Unique ID: 5c3047d753d25fa918f5dfc07cac3ff2,
Execution Time for Trace ID 5c3047d753d25fa918f5dfc07cac3ff2: 585 ms
Input: 5750000,
Cold Start: false
Unique ID: 51a8214ddd6290b0530ea0f79a9310a5,
Execution Time for Trace ID 51a8214ddd6290b0530ea0f79a9310a5: 2241 ms
Input: 5750000,
Cold Start: false
Unique ID: 318207b1a5efb9a89631c7ad390558b3,
Execution Time for Trace ID 318207b1a5efb9a89631c7ad390558b3: 1900 ms
Input: 5750000,
Cold Start: false
Unique ID: 30c0bbf1c10597b3c0a51e835e732ee7,
Execution Time for Trace ID 30c0bbf1c10597b3c0a51e835e732ee7: 2014 ms
Input: 5750000,
Cold Start: false
Unique ID: 0ae2d27949b1a50b9cc90ce01347e118,
Execution Time for Trace ID 0ae2d27949b1a50b9cc90ce01347e118: 1916 ms
Input: 5750000,
Cold Start: false
Unique ID: f6373f8385f2b3c345ea18d624cc4174,
Execution Time for Trace ID f6373f8385f2b3c345ea18d624cc4174: 1871 ms
Input: 5750000,
Cold Start: false
Unique ID: 1003a4ef167b20636f4a88388a21ab73,
Execution Time for Trace ID 1003a4ef167b20636f4a88388a21ab73: 1857 ms
Input: 5750000,
Cold Start: false
Unique ID: f595585ec7591213044de7c39053da30,
Execution Time for Trace ID f595585ec7591213044de7c39053da30: 1814 ms
Input: 5750000,
Cold Start: false
Unique ID: e3bed0979b72f9531905a5fa87876398,
Execution Time for Trace ID e3bed0979b72f9531905a5fa87876398: 1919 ms
Input: 5750000,
Cold Start: false
Unique ID: e79e67d91a98f16089e92e9920f57854,
Execution Time for Trace ID e79e67d91a98f16089e92e9920f57854: 1610 ms
Input: 5750000,
Cold Start: false
Unique ID: 652316b578c1542c075d38597cf9c1ed,
Execution Time for Trace ID 652316b578c1542c075d38597cf9c1ed: 1629 ms
Input: 5750000,
Cold Start: false
Unique ID: 424a466fd557b6242cc8e392720be277,
Execution Time for Trace ID 424a466fd557b6242cc8e392720be277: 2691 ms
Input: 5750000,
Cold Start: false
Unique ID: 6836c848d2ef62be192ba7aed8a83159,
Execution Time for Trace ID 6836c848d2ef62be192ba7aed8a83159: 1757 ms
Input: 5750000,
Cold Start: false
Unique ID: f2e15dac55b98bd23a7d2cf985ecadad,
Execution Time for Trace ID f2e15dac55b98bd23a7d2cf985ecadad: 1711 ms
Input: 5750000,
Cold Start: false
Unique ID: 78d89bb35d09d4b211450002fd47b768,
Execution Time for Trace ID 78d89bb35d09d4b211450002fd47b768: 2869 ms
Input: 5750000,
Cold Start: false
Unique ID: 2ce731d55a36c8145eb2b1660eedb36d,
Execution Time for Trace ID 2ce731d55a36c8145eb2b1660eedb36d: 1827 ms
Input: 5750000,
Cold Start: false
Unique ID: 89b348c772aa675ff953935e3c622879,
Execution Time for Trace ID 89b348c772aa675ff953935e3c622879: 2490 ms
Input: 5750000,
Cold Start: false
Unique ID: 358a3f50ed2fa5700585b37d845151bb,
Execution Time for Trace ID 358a3f50ed2fa5700585b37d845151bb: 1831 ms
Input: 5750000,
Cold Start: false
Unique ID: ac6de517f24cebce84e604342e9fdc81,
Execution Time for Trace ID ac6de517f24cebce84e604342e9fdc81: 2146 ms
Input: 5750000,
Cold Start: false
Unique ID: afe5d2b580fecb544f9b40780d3a6536,
Execution Time for Trace ID afe5d2b580fecb544f9b40780d3a6536: 1794 ms
Input: 5750000,
Cold Start: false
Unique ID: 1a8c95d9bc5af868e206f18a036726e1,
Execution Time for Trace ID 1a8c95d9bc5af868e206f18a036726e1: 1888 ms
Input: 5750000,
Cold Start: false
Unique ID: 41dbc6f3d35584354d55008d6df08bc1,
Execution Time for Trace ID 41dbc6f3d35584354d55008d6df08bc1: 2619 ms
Input: 5750000,
Cold Start: true
Unique ID: ae5e244010212feab4b6224bffa13aca,
Execution Time for Trace ID ae5e244010212feab4b6224bffa13aca: 2032 ms
Input: 5750000,
Cold Start: false
Unique ID: a21a7589d93951088f3bcc0b95779318,
Execution Time for Trace ID a21a7589d93951088f3bcc0b95779318: 1657 ms
Input: 5750000,
Cold Start: false
Unique ID: 12299bb58338b475a8e7d9738203cc91,
Execution Time for Trace ID 12299bb58338b475a8e7d9738203cc91: 1806 ms
Input: 5750000,
Cold Start: false
Unique ID: 3266f917a3c9787d4a2996e3725b9a15,
Execution Time for Trace ID 3266f917a3c9787d4a2996e3725b9a15: 1045 ms
Input: 5750000,
Cold Start: false
Unique ID: 0675fef2bc0a2c5ed009c9cff45db5f2,
Execution Time for Trace ID 0675fef2bc0a2c5ed009c9cff45db5f2: 1726 ms
Input: 5750000,
Cold Start: false
Unique ID: 4691e6296bbf6a64b156dc11603916f2,
Execution Time for Trace ID 4691e6296bbf6a64b156dc11603916f2: 1821 ms
Input: 5750000,
Cold Start: false
Unique ID: 910f4aca1c02c57f83e1dbe8add17a82,
Execution Time for Trace ID 910f4aca1c02c57f83e1dbe8add17a82: 2237 ms
Input: 5750000,
Cold Start: true
Unique ID: 085104b6561eae3bcde3ad8aa08275ca,
Execution Time for Trace ID 085104b6561eae3bcde3ad8aa08275ca: 1816 ms
Input: 5750000,
Cold Start: false
Unique ID: b433a06f46847de1568bc2179f6df0cf,
Execution Time for Trace ID b433a06f46847de1568bc2179f6df0cf: 1691 ms
Input: 5750000,
Cold Start: false
Unique ID: 78d36e563876108ddfd6d54ff6caaad3,
Execution Time for Trace ID 78d36e563876108ddfd6d54ff6caaad3: 1935 ms
Input: 5750000,
Cold Start: false
Unique ID: 0b12311f9a54b65c387dfed4ba8df3d4,
Execution Time for Trace ID 0b12311f9a54b65c387dfed4ba8df3d4: 1561 ms
Input: 5750000,
Cold Start: false
Unique ID: 2e2a4bf16737c251003a76bd1b46d2a3,
Execution Time for Trace ID 2e2a4bf16737c251003a76bd1b46d2a3: 1833 ms
Input: 5750000,
Cold Start: false
Unique ID: 698252581a5ab5fc8843b3b8114372ae,
Execution Time for Trace ID 698252581a5ab5fc8843b3b8114372ae: 1714 ms
Input: 5750000,
Cold Start: false
Unique ID: 3ac1f8bacd188448d27c87e929e428ac,
Execution Time for Trace ID 3ac1f8bacd188448d27c87e929e428ac: 1803 ms
Input: 5750000,
Cold Start: false
Unique ID: e7930667c71511efb6812984d56fab56,
Execution Time for Trace ID e7930667c71511efb6812984d56fab56: 1479 ms
Input: 5750000,
Cold Start: false
Unique ID: 00c916f2b3691af78e3661929179642e,
Execution Time for Trace ID 00c916f2b3691af78e3661929179642e: 1869 ms
Input: 5750000,
Cold Start: false
Unique ID: 614dc8ec7599444993ec36a5d06eb7c1,
Execution Time for Trace ID 614dc8ec7599444993ec36a5d06eb7c1: 2620 ms
Input: 5750000,
Cold Start: false
Unique ID: 202662588db25198a7fcbfa58c629319,
Execution Time for Trace ID 202662588db25198a7fcbfa58c629319: 1829 ms
Input: 5750000,
Cold Start: false
Unique ID: 8af1fa7bf72d2187650b1da22526041f,
Execution Time for Trace ID 8af1fa7bf72d2187650b1da22526041f: 1823 ms
Input: 5750000,
Cold Start: false
Unique ID: cf6acd459b6c97ce9b253e81591abdbc,
Execution Time for Trace ID cf6acd459b6c97ce9b253e81591abdbc: 2714 ms
Input: 5750000,
Cold Start: false
Unique ID: 940fbb40d88ce01f6893f62601e4745e,
Execution Time for Trace ID 940fbb40d88ce01f6893f62601e4745e: 2005 ms
Input: 5750000,
Cold Start: false
Unique ID: 685e8decdc2835d27ceb7e3cac7deab2,
Execution Time for Trace ID 685e8decdc2835d27ceb7e3cac7deab2: 2088 ms
Input: 5750000,
Cold Start: false
Unique ID: c18ab4e1061aed9450d7f8df16985778,
Execution Time for Trace ID c18ab4e1061aed9450d7f8df16985778: 1936 ms
Input: 5750000,
Cold Start: false
Unique ID: 9683042e73e827e701384ad5b951d647,
Execution Time for Trace ID 9683042e73e827e701384ad5b951d647: 2012 ms
Input: 5750000,
Cold Start: false
Unique ID: ba3dab54705fc131476fc4df6374dee6,
Execution Time for Trace ID ba3dab54705fc131476fc4df6374dee6: 1922 ms
Input: 5750000,
Cold Start: false
Unique ID: 9a4ac328b76c59406fec596413d84780,
Execution Time for Trace ID 9a4ac328b76c59406fec596413d84780: 1785 ms
Input: 5750000,
Cold Start: false
Unique ID: 33df744d2ecc9d9e49a7feb9e16f5179,
Execution Time for Trace ID 33df744d2ecc9d9e49a7feb9e16f5179: 1633 ms
Input: 5750000,
Cold Start: false
Unique ID: b3e57b982f097f1209bc19630ff23ea7,
Execution Time for Trace ID b3e57b982f097f1209bc19630ff23ea7: 1786 ms
Input: 5750000,
Cold Start: false
Unique ID: e29e2398c04654e2b80500afe1f83007,
Execution Time for Trace ID e29e2398c04654e2b80500afe1f83007: 1720 ms
Input: 5750000,
Cold Start: false
Unique ID: 6499ccbc4a58657d5956da1126dafdb0,
Execution Time for Trace ID 6499ccbc4a58657d5956da1126dafdb0: 1628 ms
Input: 5750000,
Cold Start: false
Unique ID: 8e52229fbd78fec2fc70930c9df430f6,
Execution Time for Trace ID 8e52229fbd78fec2fc70930c9df430f6: 2297 ms
Input: 5750000,
Cold Start: false
Unique ID: d4de9a3488319d3bf78689acc5b3ed5c,
Execution Time for Trace ID d4de9a3488319d3bf78689acc5b3ed5c: 1742 ms
Input: 5750000,
Cold Start: false
Unique ID: 718c6bc69aa67f550f726fb01e63e00b,
Execution Time for Trace ID 718c6bc69aa67f550f726fb01e63e00b: 1719 ms
Input: 5750000,
Cold Start: false
Unique ID: 4ecba61a7a25a67178e46d743b182934,
Execution Time for Trace ID 4ecba61a7a25a67178e46d743b182934: 1720 ms
Input: 5750000,
Cold Start: false
Unique ID: 0ce008126411c7a99cca0124ebad4730,
Execution Time for Trace ID 0ce008126411c7a99cca0124ebad4730: 1663 ms
Input: 5750000,
Cold Start: false
Unique ID: 664807f1b33d615c8bb3f84da69a04e7,
Execution Time for Trace ID 664807f1b33d615c8bb3f84da69a04e7: 2513 ms
Input: 5750000,
Cold Start: false
Unique ID: 43ffabbb945e2a89b3012e48de7040e1,
Execution Time for Trace ID 43ffabbb945e2a89b3012e48de7040e1: 1880 ms
Input: 5750000,
Cold Start: false
Unique ID: 283ea6e5900348361a96fe5cf50d2259,
Execution Time for Trace ID 283ea6e5900348361a96fe5cf50d2259: 1761 ms
Input: 5750000,
Cold Start: false
Unique ID: cda4713a4f5ae80d506291896b6ac22d,
Execution Time for Trace ID cda4713a4f5ae80d506291896b6ac22d: 1724 ms
Input: 5750000,
Cold Start: false
Unique ID: d1702b21c7612086ccd8ec9391b32fa3,
Execution Time for Trace ID d1702b21c7612086ccd8ec9391b32fa3: 1680 ms
Input: 5750000,
Cold Start: false
Unique ID: 9b309b6edd85571f358480dad2d0d093,
Execution Time for Trace ID 9b309b6edd85571f358480dad2d0d093: 1810 ms
Input: 5750000,
Cold Start: false
Unique ID: 039b8856142f4b1b4716c3e543765329,
Execution Time for Trace ID 039b8856142f4b1b4716c3e543765329: 1929 ms
Input: 5750000,
Cold Start: false
Unique ID: 8d1bb91bc72aa79d6b731a9ec4ccfd1c,
Execution Time for Trace ID 8d1bb91bc72aa79d6b731a9ec4ccfd1c: 2021 ms
Input: 5750000,
Cold Start: false
Unique ID: 1b4621e5d9010ff7b6ceb04126587596,
Execution Time for Trace ID 1b4621e5d9010ff7b6ceb04126587596: 1904 ms
Input: 5750000,
Cold Start: false
Unique ID: 9b606ff0139b681417b0d994ae34ed0d,
Execution Time for Trace ID 9b606ff0139b681417b0d994ae34ed0d: 2237 ms
Input: 5750000,
Cold Start: false
Unique ID: 3c2dc11b3c01d633fb5816515a1169ba,
Execution Time for Trace ID 3c2dc11b3c01d633fb5816515a1169ba: 1652 ms
Input: 5750000,
Cold Start: false
Unique ID: a9270f63de05bf9c55d965d1664a23b7,
Execution Time for Trace ID a9270f63de05bf9c55d965d1664a23b7: 2182 ms
Input: 5750000,
Cold Start: false
Unique ID: b04b972b68472fe37469a9090a90e6ae,
Execution Time for Trace ID b04b972b68472fe37469a9090a90e6ae: 2018 ms
Input: 5750000,
Cold Start: false
Unique ID: 2465ca53d2097f1bc3b7d125d96dd64f,
Execution Time for Trace ID 2465ca53d2097f1bc3b7d125d96dd64f: 726 ms
Input: 5750000,
Cold Start: false
Unique ID: 3ab8f137f852aadf4b67459fa1c4913e,
Execution Time for Trace ID 3ab8f137f852aadf4b67459fa1c4913e: 2207 ms
Input: 5750000,
Cold Start: false
Unique ID: c6268878de127b9dee7d922018b412db,
Execution Time for Trace ID c6268878de127b9dee7d922018b412db: 1821 ms
Input: 5750000,
Cold Start: false
Unique ID: ad28f8aaad495b0322fe9b6797d3dddc,
Execution Time for Trace ID ad28f8aaad495b0322fe9b6797d3dddc: 1819 ms
Input: 5750000,
Cold Start: false
Unique ID: 481e399fafc56923768a82081c14015d,
Execution Time for Trace ID 481e399fafc56923768a82081c14015d: 2320 ms
Input: 5750000,
Cold Start: false
Unique ID: 59380a6ed6f9825cb6ceb04126587b33,
Execution Time for Trace ID 59380a6ed6f9825cb6ceb04126587b33: 1808 ms
Input: 5750000,
Cold Start: false
Unique ID: 5eb24abdc98762b82a812c6a3f05fdc5,
Execution Time for Trace ID 5eb24abdc98762b82a812c6a3f05fdc5: 2072 ms
Input: 5750000,
Cold Start: false
Unique ID: 7ed0a0d9e52e800c932abeed31d9c64d,
Execution Time for Trace ID 7ed0a0d9e52e800c932abeed31d9c64d: 1675 ms
Input: 5750000,
Cold Start: false
Unique ID: 8217441cfa3e02228ea1170274f2f5a2,
Execution Time for Trace ID 8217441cfa3e02228ea1170274f2f5a2: 654 ms
Input: 5750000,
Cold Start: false
Unique ID: 2360194a10313f3d030789ec030dff81,
Execution Time for Trace ID 2360194a10313f3d030789ec030dff81: 1973 ms
Input: 5750000,
Cold Start: false
Unique ID: 34597795cd46aea01b70461658c57deb,
Execution Time for Trace ID 34597795cd46aea01b70461658c57deb: 1712 ms
Input: 5750000,
Cold Start: false
Unique ID: 946caa6415e03628d3c7479022b7b545,
Execution Time for Trace ID 946caa6415e03628d3c7479022b7b545: 1934 ms
Input: 5750000,
Cold Start: false
Unique ID: 61d86a008d4122789d9e9eb353996e40,
Execution Time for Trace ID 61d86a008d4122789d9e9eb353996e40: 2351 ms
Input: 5750000,
Cold Start: true
Unique ID: 212b2b091dbdff2219e9cf11a9eca01d,
Execution Time for Trace ID 212b2b091dbdff2219e9cf11a9eca01d: 1710 ms
Input: 5750000,
Cold Start: false
Unique ID: f7f280829dfe42003cdd5f10e047a26b,
Execution Time for Trace ID f7f280829dfe42003cdd5f10e047a26b: 2157 ms
Input: 5750000,
Cold Start: false
Unique ID: 20a5308828fe7d3f1a9ff2af3420f52d,
Execution Time for Trace ID 20a5308828fe7d3f1a9ff2af3420f52d: 1716 ms
Input: 5750000,
Cold Start: false
Unique ID: 6026e2ee351f847db239c0464ef5367b,
Execution Time for Trace ID 6026e2ee351f847db239c0464ef5367b: 2164 ms
Input: 5750000,
Cold Start: false
Unique ID: d472edf93aa5172da4598a2f177602b9,
Execution Time for Trace ID d472edf93aa5172da4598a2f177602b9: 1918 ms
Input: 5750000,
Cold Start: false
Unique ID: f1d6bcda6c82d9a29a99b54fdfb1495b,
Execution Time for Trace ID f1d6bcda6c82d9a29a99b54fdfb1495b: 1743 ms
Input: 5750000,
Cold Start: false
Unique ID: 3ef1b989a7ed114eb92d3f0f08e63bc5,
Execution Time for Trace ID 3ef1b989a7ed114eb92d3f0f08e63bc5: 2067 ms
Input: 5750000,
Cold Start: false
Unique ID: 31b09053b5d4aa2777e8e5cd20f6fdb9,
Execution Time for Trace ID 31b09053b5d4aa2777e8e5cd20f6fdb9: 1721 ms
Input: 5750000,
Cold Start: false
Unique ID: 9177f78c0387cab7f9f516ee1503cd96,
Execution Time for Trace ID 9177f78c0387cab7f9f516ee1503cd96: 576 ms
Input: 5750000,
Cold Start: false
Unique ID: 6e516e42741292f38cf6ee301ba0c741,
Execution Time for Trace ID 6e516e42741292f38cf6ee301ba0c741: 2023 ms
Input: 5750000,
Cold Start: false
Unique ID: 157151c880476cf469b86660334ad5ec,
Execution Time for Trace ID 157151c880476cf469b86660334ad5ec: 2011 ms
Input: 5750000,
Cold Start: false
Unique ID: 33039aa071d83e24ffca7d942e4cb80d,
Execution Time for Trace ID 33039aa071d83e24ffca7d942e4cb80d: 1932 ms
Input: 5750000,
Cold Start: false
Unique ID: cf184392e0dd55ffa6f69822db497b92,
Execution Time for Trace ID cf184392e0dd55ffa6f69822db497b92: 1712 ms
Input: 5750000,
Cold Start: false
Unique ID: d5598f4127d011467c125d2648c3aac5,
Execution Time for Trace ID d5598f4127d011467c125d2648c3aac5: 2088 ms
Input: 5750000,
Cold Start: false
Unique ID: d1761f57e43a575120fbe778456df763,
Execution Time for Trace ID d1761f57e43a575120fbe778456df763: 1928 ms
Input: 5750000,
Cold Start: false
Unique ID: b01fa2bcc9ac43bd608cc98e21eae2e5,
Execution Time for Trace ID b01fa2bcc9ac43bd608cc98e21eae2e5: 1827 ms
Input: 5750000,
Cold Start: false
Unique ID: 444885559a97d5e40551c5b8ba22032c,
Execution Time for Trace ID 444885559a97d5e40551c5b8ba22032c: 1729 ms
Input: 5750000,
Cold Start: false
Unique ID: e3b7c4ed3247244afca26c432989e28c,
Execution Time for Trace ID e3b7c4ed3247244afca26c432989e28c: 1630 ms
Input: 5750000,
Cold Start: false
Unique ID: 3c81cbd616202840a246d0ca83a210d8,
Execution Time for Trace ID 3c81cbd616202840a246d0ca83a210d8: 1961 ms
Input: 5750000,
Cold Start: false
Unique ID: ae1597725999d638e7dacf28357cb9ff,
Execution Time for Trace ID ae1597725999d638e7dacf28357cb9ff: 2127 ms
Input: 5750000,
Cold Start: false
Unique ID: 562a6d34d4b821171680274026e02860,
Execution Time for Trace ID 562a6d34d4b821171680274026e02860: 1875 ms
Input: 5750000,
Cold Start: false
Unique ID: 83574cbc4e0f2c9d133fc873e1abe290,
Execution Time for Trace ID 83574cbc4e0f2c9d133fc873e1abe290: 2148 ms
Input: 5750000,
Cold Start: false
Unique ID: f1f6dd9e55eb08490ff4b6538f2099e2,
Execution Time for Trace ID f1f6dd9e55eb08490ff4b6538f2099e2: 1820 ms
Input: 5750000,
Cold Start: false
Unique ID: 343812c1855a98008e5f73e08268a447,
Execution Time for Trace ID 343812c1855a98008e5f73e08268a447: 1824 ms
Input: 5750000,
Cold Start: false
Unique ID: 26b5cba09c4a0aa03b48c9c9dcaa701b,
Execution Time for Trace ID 26b5cba09c4a0aa03b48c9c9dcaa701b: 1972 ms
Input: 5750000,
Cold Start: false
Unique ID: a4f209e33f61a061836659dce2984907,
Execution Time for Trace ID a4f209e33f61a061836659dce2984907: 1917 ms
Input: 5750000,
Cold Start: false
Unique ID: eb8952788f4e182a1ed904b809e4c251,
Execution Time for Trace ID eb8952788f4e182a1ed904b809e4c251: 1815 ms
Input: 5750000,
Cold Start: false
Unique ID: 6df5f3dba2a76cfe1f40290c86cb7a4d,
Execution Time for Trace ID 6df5f3dba2a76cfe1f40290c86cb7a4d: 1941 ms
Input: 5750000,
Cold Start: false
Unique ID: 6cf1d1f85a81800d8f8776dd7d461712,
Execution Time for Trace ID 6cf1d1f85a81800d8f8776dd7d461712: 1627 ms
Input: 5750000,
Cold Start: false
Unique ID: 085f61ebc42a7e0c71f407134c2c5608,
Execution Time for Trace ID 085f61ebc42a7e0c71f407134c2c5608: 661 ms
Input: 5750000,
Cold Start: false
Unique ID: c643ec17775e67a220ee291bc2580d10,
Execution Time for Trace ID c643ec17775e67a220ee291bc2580d10: 1975 ms
Input: 5750000,
Cold Start: false
Unique ID: 702150076d76f14e0dd9d76a480e5093,
Execution Time for Trace ID 702150076d76f14e0dd9d76a480e5093: 1895 ms
Input: 5750000,
Cold Start: false
Unique ID: 5fa59acaa4a42f145151b99e87b9fcb3,
Execution Time for Trace ID 5fa59acaa4a42f145151b99e87b9fcb3: 1939 ms
Input: 5750000,
Cold Start: false
Unique ID: 92a01991b5d95e331fd42565359d8327,
Execution Time for Trace ID 92a01991b5d95e331fd42565359d8327: 1910 ms
Input: 5750000,
Cold Start: false
Unique ID: 8f56176bbfe97c7e1cb9d761b31405f0,
Execution Time for Trace ID 8f56176bbfe97c7e1cb9d761b31405f0: 1804 ms
Input: 5750000,
Cold Start: false
Unique ID: e8dec708ad9dbe32c55783ed5a1bddc8,
Execution Time for Trace ID e8dec708ad9dbe32c55783ed5a1bddc8: 2125 ms
Input: 5750000,
Cold Start: false
Unique ID: c587639fcf07a4002e483488a5816443,
Execution Time for Trace ID c587639fcf07a4002e483488a5816443: 2100 ms
Input: 5750000,
Cold Start: false
Unique ID: b2451cd2ad05c7c26d2f13dc5493b35b,
Execution Time for Trace ID b2451cd2ad05c7c26d2f13dc5493b35b: 1730 ms
Input: 5750000,
Cold Start: false
Unique ID: e8e7bf9daf3737a765a73bb655279c70,
Execution Time for Trace ID e8e7bf9daf3737a765a73bb655279c70: 2134 ms
Input: 5750000,
Cold Start: false
Unique ID: b8a86f1d38a776883a3cb50f754d1aac,
Execution Time for Trace ID b8a86f1d38a776883a3cb50f754d1aac: 1796 ms
Input: 5750000,
Cold Start: false
Unique ID: 20c77dde2000ab5ec53b32658f9987bc,
Execution Time for Trace ID 20c77dde2000ab5ec53b32658f9987bc: 1646 ms
Input: 5750000,
Cold Start: false
Unique ID: 526e4ca80eed9fb49329cdfe58c094ec,
Execution Time for Trace ID 526e4ca80eed9fb49329cdfe58c094ec: 1838 ms
Input: 5750000,
Cold Start: false
Unique ID: 2911d04ec6d422e908e03db06717c0dd,
Execution Time for Trace ID 2911d04ec6d422e908e03db06717c0dd: 1721 ms
Input: 5750000,
Cold Start: false
Unique ID: f80656b798931d3420433e4efe2953ca,
Execution Time for Trace ID f80656b798931d3420433e4efe2953ca: 1873 ms
Input: 5750000,
Cold Start: false
Unique ID: 6ac5c2e0a93de0a7092e7addff0df969,
Execution Time for Trace ID 6ac5c2e0a93de0a7092e7addff0df969: 1882 ms
Input: 5750000,
Cold Start: false
Unique ID: 5cd8033129dd8abf83a8742986649fe4,
Execution Time for Trace ID 5cd8033129dd8abf83a8742986649fe4: 1812 ms
Input: 5750000,
Cold Start: false
Unique ID: d547d72e44972bf8947ffa60edf89096,
Execution Time for Trace ID d547d72e44972bf8947ffa60edf89096: 1846 ms
Input: 5750000,
Cold Start: false
Unique ID: cda8e85fd267858e6c6d916f48ce9148,
Execution Time for Trace ID cda8e85fd267858e6c6d916f48ce9148: 1908 ms
Input: 5750000,
Cold Start: false
Unique ID: 1bdcd32261fb8538eb5e979c35503d96,
Execution Time for Trace ID 1bdcd32261fb8538eb5e979c35503d96: 1846 ms
Input: 5750000,
Cold Start: false
Unique ID: 80d4786c3815a4c48c5566e008e47c05,
Execution Time for Trace ID 80d4786c3815a4c48c5566e008e47c05: 1737 ms
Input: 5750000,
Cold Start: false
Unique ID: 0a17adb06806160eaba1b0054d659170,
Execution Time for Trace ID 0a17adb06806160eaba1b0054d659170: 1657 ms
Input: 5750000,
Cold Start: false
Unique ID: 02ecc1d6ae8ec8c9bde6d0145db56116,
Execution Time for Trace ID 02ecc1d6ae8ec8c9bde6d0145db56116: 1749 ms
Input: 5750000,
Cold Start: false
Unique ID: 6bb0b2c9c0f25ee9dae33bd21dfd19b6,
Execution Time for Trace ID 6bb0b2c9c0f25ee9dae33bd21dfd19b6: 1805 ms
Input: 5750000,
Cold Start: false
Unique ID: b5d3ba42f299834c13bf8db0ce441339,
Execution Time for Trace ID b5d3ba42f299834c13bf8db0ce441339: 1986 ms
Input: 5750000,
Cold Start: false
Unique ID: a9f94e4a41c244106c2ad856015537de,
Execution Time for Trace ID a9f94e4a41c244106c2ad856015537de: 1815 ms
Input: 5750000,
Cold Start: false
Unique ID: 9885d868c46f3a5246861c0a7a4e3ddd,
Execution Time for Trace ID 9885d868c46f3a5246861c0a7a4e3ddd: 1825 ms
Input: 5750000,
Cold Start: false
Unique ID: a5d93e5a13620191eb70220b753feb3d,
Execution Time for Trace ID a5d93e5a13620191eb70220b753feb3d: 1236 ms
Input: 5750000,
Cold Start: false
Unique ID: be1624bda8e50d6cd66967aa01badccf,
Execution Time for Trace ID be1624bda8e50d6cd66967aa01badccf: 1718 ms
Input: 5750000,
Cold Start: false
Unique ID: f8b798e33ac2e07d7b43b131de0c177d,
Execution Time for Trace ID f8b798e33ac2e07d7b43b131de0c177d: 1637 ms
Input: 5750000,
Cold Start: false
Unique ID: 930bc1339a879459d07f6b87c6cb2b5e,
Execution Time for Trace ID 930bc1339a879459d07f6b87c6cb2b5e: 1826 ms
Input: 5750000,
Cold Start: false
Unique ID: d009caf56401dd8d52e6cc8c46772197,
Execution Time for Trace ID d009caf56401dd8d52e6cc8c46772197: 1742 ms
Input: 5750000,
Cold Start: false
Unique ID: cd548cc8ffe95b5a658f6f5387770d4f,
Execution Time for Trace ID cd548cc8ffe95b5a658f6f5387770d4f: 2198 ms
Input: 5750000,
Cold Start: false
Unique ID: e4005e8c7a99e7018dda978e210449a6,
Execution Time for Trace ID e4005e8c7a99e7018dda978e210449a6: 1807 ms
Input: 5750000,
Cold Start: false
Unique ID: 5d9c5e9913fb6257c8678d7972852d8e,
Execution Time for Trace ID 5d9c5e9913fb6257c8678d7972852d8e: 1656 ms
Input: 5750000,
Cold Start: false
Unique ID: d285c53896caa4509071171fc64f4e5f,
Execution Time for Trace ID d285c53896caa4509071171fc64f4e5f: 1907 ms
Input: 5750000,
Cold Start: false
Unique ID: 4e923b79d382486076445649a5878f3a,
Execution Time for Trace ID 4e923b79d382486076445649a5878f3a: 1722 ms
Input: 5750000,
Cold Start: false
Unique ID: 1cb19460cc719c2366e2cbcf995594fa,
Execution Time for Trace ID 1cb19460cc719c2366e2cbcf995594fa: 2523 ms
Input: 5750000,
Cold Start: false
Unique ID: d7da493bc0276a259bf5e856e41ac5d5,
Execution Time for Trace ID d7da493bc0276a259bf5e856e41ac5d5: 2183 ms
Input: 5750000,
Cold Start: false
Unique ID: 8b7faaaf25c6c204bc15dd9e708eb0d2,
Execution Time for Trace ID 8b7faaaf25c6c204bc15dd9e708eb0d2: 1922 ms
Input: 5750000,
Cold Start: false
Unique ID: 88d3e323292fcd60f6d69dd401ed42d2,
Execution Time for Trace ID 88d3e323292fcd60f6d69dd401ed42d2: 2313 ms
Input: 5750000,
Cold Start: false
Unique ID: 0cb2b5d52d24200fdaf42b97551b58a5,
Execution Time for Trace ID 0cb2b5d52d24200fdaf42b97551b58a5: 1644 ms
Input: 5750000,
Cold Start: false
Unique ID: 7c548b96312600fcbee07f99652f20a8,
Execution Time for Trace ID 7c548b96312600fcbee07f99652f20a8: 2232 ms
Input: 5750000,
Cold Start: false
Unique ID: 081f812331f5775d6f2c4f48278965fe,
Execution Time for Trace ID 081f812331f5775d6f2c4f48278965fe: 2081 ms
Input: 5750000,
Cold Start: false
Unique ID: 4e802aa3d2570f3abf3c7f677b7c6c98,
Execution Time for Trace ID 4e802aa3d2570f3abf3c7f677b7c6c98: 1724 ms
Input: 5750000,
Cold Start: false
Unique ID: 91a0e1a6777bf47203a068c8e2b8d7c9,
Execution Time for Trace ID 91a0e1a6777bf47203a068c8e2b8d7c9: 1826 ms
Input: 5750000,
Cold Start: false
Unique ID: 13e7acb525759be04614c7f18ec0d259,
Execution Time for Trace ID 13e7acb525759be04614c7f18ec0d259: 2020 ms
Input: 5750000,
Cold Start: false
Unique ID: 04388e64917559ec6f6b7b3027a8d593,
Execution Time for Trace ID 04388e64917559ec6f6b7b3027a8d593: 1788 ms
Input: 5750000,
Cold Start: false
Unique ID: 8c35faf52cc1f0d7dd568396a647f925,
Execution Time for Trace ID 8c35faf52cc1f0d7dd568396a647f925: 1870 ms
Input: 5750000,
Cold Start: false
Unique ID: c1884500b927273d236e653561a16dca,
Execution Time for Trace ID c1884500b927273d236e653561a16dca: 2516 ms
Input: 5750000,
Cold Start: false
Unique ID: bb0be7f75e761cb8d9f3884620faf124,
Execution Time for Trace ID bb0be7f75e761cb8d9f3884620faf124: 1926 ms
Input: 5750000,
Cold Start: false
Unique ID: b5cbf2290c4ef5b70667d0075ab6acf9,
Execution Time for Trace ID b5cbf2290c4ef5b70667d0075ab6acf9: 1639 ms
Input: 5750000,
Cold Start: false
Unique ID: 3845ca5d5d8b26363ce8e991d8044c82,
Execution Time for Trace ID 3845ca5d5d8b26363ce8e991d8044c82: 1851 ms
Input: 5750000,
Cold Start: false
Unique ID: b777a0daf88e71a79783025a1ddb480f,
Execution Time for Trace ID b777a0daf88e71a79783025a1ddb480f: 1643 ms
Input: 5750000,
Cold Start: false
Unique ID: dcfb88b27b2788e0d9f1b37393d112ff,
Execution Time for Trace ID dcfb88b27b2788e0d9f1b37393d112ff: 2401 ms
Input: 5750000,
Cold Start: false
Unique ID: 13e7bae5767b8df0d2414439714ba40e,
Execution Time for Trace ID 13e7bae5767b8df0d2414439714ba40e: 1805 ms
Input: 5750000,
Cold Start: false
Unique ID: e731067cf69035e70f60b5e1b24c2749,
Execution Time for Trace ID e731067cf69035e70f60b5e1b24c2749: 1720 ms
Input: 5750000,
Cold Start: false
Unique ID: c7301509e924a21dbbe21eb128b12129,
Execution Time for Trace ID c7301509e924a21dbbe21eb128b12129: 1934 ms
Input: 5750000,
Cold Start: false
Unique ID: 2438ca68211e240367beef1ce92cf2e2,
Execution Time for Trace ID 2438ca68211e240367beef1ce92cf2e2: 1806 ms
Input: 5750000,
Cold Start: false
Unique ID: 5572a9385deb8b265b929267028d7668,
Execution Time for Trace ID 5572a9385deb8b265b929267028d7668: 1661 ms
Input: 5750000,
Cold Start: false
Unique ID: 983de31850f4d2b2c7b7f2325469b49a,
Execution Time for Trace ID 983de31850f4d2b2c7b7f2325469b49a: 2157 ms
Input: 5750000,
Cold Start: true
Unique ID: d91d351d6f80ff6ac2d0b0aa95e5c8de,
Execution Time for Trace ID d91d351d6f80ff6ac2d0b0aa95e5c8de: 1719 ms
Input: 5750000,
Cold Start: false
Unique ID: c5dc788156f71b9c2e0acdeb62474db0,
Execution Time for Trace ID c5dc788156f71b9c2e0acdeb62474db0: 1843 ms
Input: 5750000,
Cold Start: false
Unique ID: 1a6c93cf883f1070ac38f2c43cc05ef6,
Execution Time for Trace ID 1a6c93cf883f1070ac38f2c43cc05ef6: 1720 ms
Input: 5750000,
Cold Start: false
Unique ID: dc9e19e92298d281f23034d4847213a0,
Execution Time for Trace ID dc9e19e92298d281f23034d4847213a0: 1649 ms
Input: 5750000,
Cold Start: false
Unique ID: cea1980a905fe6d89650385615c28b18,
Execution Time for Trace ID cea1980a905fe6d89650385615c28b18: 1747 ms
Input: 5750000,
Cold Start: false
Unique ID: 4dc95ed0ca26edd64973d74619340779,
Execution Time for Trace ID 4dc95ed0ca26edd64973d74619340779: 1760 ms
Input: 5750000,
Cold Start: false
Unique ID: 4e41cd6467b425b9002a1276d0b84284,
Execution Time for Trace ID 4e41cd6467b425b9002a1276d0b84284: 1724 ms
Input: 5750000,
Cold Start: false
Unique ID: 682c93015b9dad0a226f87c5eb1d024c,
Execution Time for Trace ID 682c93015b9dad0a226f87c5eb1d024c: 2141 ms
Input: 5750000,
Cold Start: false
Unique ID: deb01f7dc0f0ba5f302d9354d2b0bb24,
Execution Time for Trace ID deb01f7dc0f0ba5f302d9354d2b0bb24: 1811 ms
Input: 5750000,
Cold Start: false
Unique ID: 2f9355a3a668ed83f66474ed72a8896f,
Execution Time for Trace ID 2f9355a3a668ed83f66474ed72a8896f: 1889 ms
Input: 5750000,
Cold Start: false
Unique ID: 916cba37da2d06f86e2339f4afdff413,
Execution Time for Trace ID 916cba37da2d06f86e2339f4afdff413: 1718 ms
Input: 5750000,
Cold Start: false
Unique ID: c821352286b414ff9111c04ca5f56269,
Execution Time for Trace ID c821352286b414ff9111c04ca5f56269: 1817 ms
Input: 5750000,
Cold Start: false
Unique ID: 2cab031140b83c251d201643c8eed666,
Execution Time for Trace ID 2cab031140b83c251d201643c8eed666: 1676 ms
Input: 5750000,
Cold Start: false
Unique ID: a3b22a09b4990cee400ab4649b832749,
Execution Time for Trace ID a3b22a09b4990cee400ab4649b832749: 1820 ms
Input: 5750000,
Cold Start: false
Unique ID: c2cbf62052f26c98048677c1395ab583,
Execution Time for Trace ID c2cbf62052f26c98048677c1395ab583: 1747 ms
Input: 5750000,
Cold Start: false
Unique ID: d70423d970b00d410b9a51a8b7fe983f,
Execution Time for Trace ID d70423d970b00d410b9a51a8b7fe983f: 2067 ms
Input: 5750000,
Cold Start: false
Unique ID: f15758bc3032c1b3031a0b2025b2b9be,
Execution Time for Trace ID f15758bc3032c1b3031a0b2025b2b9be: 1692 ms
Input: 5750000,
Cold Start: false
Unique ID: 8d663f111b315367bd86f1a89118f6a5,
Execution Time for Trace ID 8d663f111b315367bd86f1a89118f6a5: 613 ms
Input: 5750000,
Cold Start: false
Unique ID: 62bd4eca5b0b79f2022bef610d9aa511,
Execution Time for Trace ID 62bd4eca5b0b79f2022bef610d9aa511: 2070 ms
Input: 5750000,
Cold Start: false
Unique ID: 9e1bba0f662224e1ff03c3a7cb9c4fe9,
Execution Time for Trace ID 9e1bba0f662224e1ff03c3a7cb9c4fe9: 1847 ms
Input: 5750000,
Cold Start: false
Unique ID: 65e60984572eaa148b3dc5823b477865,
Execution Time for Trace ID 65e60984572eaa148b3dc5823b477865: 2052 ms
Input: 5750000,
Cold Start: false
Unique ID: ebde15eaec330491b94f4362c42f40e7,
Execution Time for Trace ID ebde15eaec330491b94f4362c42f40e7: 1697 ms
Input: 5750000,
Cold Start: false
Unique ID: b1a98b199bae4f784e8fc38ee055e1d7,
Execution Time for Trace ID b1a98b199bae4f784e8fc38ee055e1d7: 1682 ms
Input: 5750000,
Cold Start: false
Unique ID: ae6f33acdf0ea0265a69f6c9265630b7,
Execution Time for Trace ID ae6f33acdf0ea0265a69f6c9265630b7: 1758 ms
Input: 5750000,
Cold Start: false
Unique ID: 0a4297715663e77a324eae322a29751e,
Execution Time for Trace ID 0a4297715663e77a324eae322a29751e: 1722 ms
Input: 5750000,
Cold Start: false
Unique ID: 050a646430a7197b4f49303544337231,
Execution Time for Trace ID 050a646430a7197b4f49303544337231: 1869 ms
Input: 5750000,
Cold Start: false
Unique ID: a35580604b801ecd89857f0ddf668faa,
Execution Time for Trace ID a35580604b801ecd89857f0ddf668faa: 1890 ms
Input: 5750000,
Cold Start: false
Unique ID: cd0500c9dc6ff7e1a4d318ebf3defcc6,
Execution Time for Trace ID cd0500c9dc6ff7e1a4d318ebf3defcc6: 1645 ms
Input: 5750000,
Cold Start: false
Unique ID: d14045c0a927400f0b700bba550ae013,
Execution Time for Trace ID d14045c0a927400f0b700bba550ae013: 1862 ms
Input: 5750000,
Cold Start: false
Unique ID: 6503b73514d0a6dd35768eca1f8b075e,
Execution Time for Trace ID 6503b73514d0a6dd35768eca1f8b075e: 1686 ms
Input: 5750000,
Cold Start: false
Unique ID: c5fbc7178abe65dce31064d7d0b826a0,
Execution Time for Trace ID c5fbc7178abe65dce31064d7d0b826a0: 1676 ms
Input: 5750000,
Cold Start: false
Unique ID: 5779fcf098c54f81b9dc9930115c777c,
Execution Time for Trace ID 5779fcf098c54f81b9dc9930115c777c: 1869 ms
Input: 5750000,
Cold Start: false
Unique ID: 28f551ddaf6a8f29dabfeb329d86fe14,
Execution Time for Trace ID 28f551ddaf6a8f29dabfeb329d86fe14: 1739 ms
Input: 5750000,
Cold Start: false
Unique ID: 6ebd298b82cec81393c816a4aba2ee25,
Execution Time for Trace ID 6ebd298b82cec81393c816a4aba2ee25: 936 ms
Input: 5750000,
Cold Start: false
Unique ID: 211c88d124444ccba0e5811941e8c49e,
Execution Time for Trace ID 211c88d124444ccba0e5811941e8c49e: 2294 ms
Input: 5750000,
Cold Start: false
Unique ID: cf8f752e779d17730b44ed49b763a3e0,
Execution Time for Trace ID cf8f752e779d17730b44ed49b763a3e0: 2314 ms
Input: 5750000,
Cold Start: false
Unique ID: 4664117aa483c826d8f4de332b0f6bd4,
Execution Time for Trace ID 4664117aa483c826d8f4de332b0f6bd4: 1599 ms
Input: 5750000,
Cold Start: false
Unique ID: 8a45953a29f6be80b0d96f0997783c09,
Execution Time for Trace ID 8a45953a29f6be80b0d96f0997783c09: 2288 ms
Input: 5750000,
Cold Start: false
Unique ID: a6a0129f18687c73bd64a32157cce528,
Execution Time for Trace ID a6a0129f18687c73bd64a32157cce528: 2562 ms
Input: 5750000,
Cold Start: false
Unique ID: d6a1b8b8030e552aeef4e3417a389801,
Execution Time for Trace ID d6a1b8b8030e552aeef4e3417a389801: 1757 ms
Input: 5750000,
Cold Start: false
Unique ID: 483fcf54110ca23a9a80a18c33da6ace,
Execution Time for Trace ID 483fcf54110ca23a9a80a18c33da6ace: 2570 ms
Input: 5750000,
Cold Start: false
Unique ID: 9f4960d6bbe013c90eca24d11f7e8a2f,
Execution Time for Trace ID 9f4960d6bbe013c90eca24d11f7e8a2f: 1676 ms
Input: 5750000,
Cold Start: false
Unique ID: 22b2f2269aacf1bebd9a7ccaa86f8c04,
Execution Time for Trace ID 22b2f2269aacf1bebd9a7ccaa86f8c04: 1919 ms
Input: 5750000,
Cold Start: false
Unique ID: 6e7f8f04dbc5bf1d1d44b3f981bb65ba,
Execution Time for Trace ID 6e7f8f04dbc5bf1d1d44b3f981bb65ba: 1758 ms
Input: 5750000,
Cold Start: false
Unique ID: 5fe060310a1c3c6a23bf5f73142e02a6,
Execution Time for Trace ID 5fe060310a1c3c6a23bf5f73142e02a6: 2185 ms
Input: 5750000,
Cold Start: true
Unique ID: 740d81d90aa370b10fa62d6e141a4f58,
Execution Time for Trace ID 740d81d90aa370b10fa62d6e141a4f58: 1806 ms
Input: 5750000,
Cold Start: false
Unique ID: b547d69c02e8da15459593a95b5728e6,
Execution Time for Trace ID b547d69c02e8da15459593a95b5728e6: 1783 ms
Input: 5750000,
Cold Start: false
Unique ID: 4062e6cb64c735d78d5a2db78b86a151,
Execution Time for Trace ID 4062e6cb64c735d78d5a2db78b86a151: 1782 ms
Input: 5750000,
Cold Start: false
Unique ID: 2cf3973afb25392463f462085fe3a9c5,
Execution Time for Trace ID 2cf3973afb25392463f462085fe3a9c5: 1679 ms
Input: 5750000,
Cold Start: false
Unique ID: 578f933f1e10405a85d61a20bd2eb3ce,
Execution Time for Trace ID 578f933f1e10405a85d61a20bd2eb3ce: 2180 ms
Input: 5750000,
Cold Start: false
Unique ID: bda3833a548b162071cc6e8879ed4a3e,
Execution Time for Trace ID bda3833a548b162071cc6e8879ed4a3e: 2256 ms
Input: 5750000,
Cold Start: false
Unique ID: 441a25b4b65beba8f12105401203a7e3,
Execution Time for Trace ID 441a25b4b65beba8f12105401203a7e3: 1731 ms
Input: 5750000,
Cold Start: false
Unique ID: fe60f56bff4fdef91a9aac20bb77847b,
Execution Time for Trace ID fe60f56bff4fdef91a9aac20bb77847b: 2258 ms
Input: 5750000,
Cold Start: false
Unique ID: e360830a10d49955d2476c98be809add,
Execution Time for Trace ID e360830a10d49955d2476c98be809add: 1673 ms
Input: 5750000,
Cold Start: false
Unique ID: 31d11a8270bc5407b749360893c708d7,
Execution Time for Trace ID 31d11a8270bc5407b749360893c708d7: 1716 ms
Input: 5750000,
Cold Start: false
Unique ID: 050a19d6179ef0a809a8890c5ba5b366,
Execution Time for Trace ID 050a19d6179ef0a809a8890c5ba5b366: 2371 ms
Input: 5750000,
Cold Start: false
Unique ID: d1fbf0b4a75797fe585f6d320f3f66c8,
Execution Time for Trace ID d1fbf0b4a75797fe585f6d320f3f66c8: 1675 ms
Input: 5750000,
Cold Start: false
Unique ID: 17621b424b72752f6f2537e5faf3312d,
Execution Time for Trace ID 17621b424b72752f6f2537e5faf3312d: 1678 ms
Input: 5750000,
Cold Start: false
Unique ID: 523ded8ace658883478892aa314b364d,
Execution Time for Trace ID 523ded8ace658883478892aa314b364d: 2077 ms
Input: 5750000,
Cold Start: false
Unique ID: e8ed1f61561036044516cf2f5ae05a4f,
Execution Time for Trace ID e8ed1f61561036044516cf2f5ae05a4f: 1684 ms
Input: 5750000,
Cold Start: false
Unique ID: bf38a1de34911c316bb3dd7314920e42,
Execution Time for Trace ID bf38a1de34911c316bb3dd7314920e42: 1726 ms
Input: 5750000,
Cold Start: false
Unique ID: cb44f5ffb6af57d269dc0b18963b7330,
Execution Time for Trace ID cb44f5ffb6af57d269dc0b18963b7330: 1950 ms
Input: 5750000,
Cold Start: false
Unique ID: cfdf0039839c3a1496e2777133ab5790,
Execution Time for Trace ID cfdf0039839c3a1496e2777133ab5790: 1724 ms
Input: 5750000,
Cold Start: false
Unique ID: 73441da722abdadda5af597087a1321e,
Execution Time for Trace ID 73441da722abdadda5af597087a1321e: 1594 ms
Input: 5750000,
Cold Start: false
Unique ID: d22a8c31f22ef0653b389c02f5348d12,
Execution Time for Trace ID d22a8c31f22ef0653b389c02f5348d12: 1978 ms
Input: 5750000,
Cold Start: false
Unique ID: 16ec3fc6b01f2c552d0ebd4e32dee464,
Execution Time for Trace ID 16ec3fc6b01f2c552d0ebd4e32dee464: 1681 ms
Input: 5750000,
Cold Start: false
Unique ID: fca3a1911dc76e5de384c598e9e19ca7,
Execution Time for Trace ID fca3a1911dc76e5de384c598e9e19ca7: 613 ms
Input: 5750000,
Cold Start: false
Unique ID: 31d287c3226cad11d4b4cdc43ed3d1d0,
Execution Time for Trace ID 31d287c3226cad11d4b4cdc43ed3d1d0: 1688 ms
Input: 5750000,
Cold Start: false
Unique ID: e15d2213d6be26fa7960e038b29275eb,
Execution Time for Trace ID e15d2213d6be26fa7960e038b29275eb: 2470 ms
Input: 5750000,
Cold Start: false
Unique ID: b1059485352035b7051a33a0ef899f09,
Execution Time for Trace ID b1059485352035b7051a33a0ef899f09: 1711 ms
Input: 5750000,
Cold Start: false
Unique ID: 3a40f83025e59222b6c2f34e5d902884,
Execution Time for Trace ID 3a40f83025e59222b6c2f34e5d902884: 1392 ms
Input: 5750000,
Cold Start: false
Unique ID: 82099bef59943602c0603aeda04e60b0,
Execution Time for Trace ID 82099bef59943602c0603aeda04e60b0: 2574 ms
Input: 5750000,
Cold Start: false
Unique ID: f11d8b1d3f69879a56ac4eb9e6ba308c,
Execution Time for Trace ID f11d8b1d3f69879a56ac4eb9e6ba308c: 2056 ms
Input: 5750000,
Cold Start: false
Unique ID: a24700b39354d4d8dba9687ea5d117a6,
Execution Time for Trace ID a24700b39354d4d8dba9687ea5d117a6: 2168 ms
Input: 5750000,
Cold Start: false
Unique ID: ec16eb694a8277551a8c63d3c76e8df3,
Execution Time for Trace ID ec16eb694a8277551a8c63d3c76e8df3: 1709 ms
Input: 5750000,
Cold Start: false
Unique ID: 2f0ab1a44556cc107fc4de30b26d7c6d,
Execution Time for Trace ID 2f0ab1a44556cc107fc4de30b26d7c6d: 2056 ms
Input: 5750000,
Cold Start: false
Unique ID: 4d0ca2c8549369b4a5aa4519ec5d5ea4,
Execution Time for Trace ID 4d0ca2c8549369b4a5aa4519ec5d5ea4: 1788 ms
Input: 5750000,
Cold Start: false
Unique ID: 75d212424ebc0ac794bc181e9302a941,
Execution Time for Trace ID 75d212424ebc0ac794bc181e9302a941: 1634 ms
Input: 5750000,
Cold Start: false
Unique ID: 3345a0d8f9eede31e9aa85593cf54f11,
Execution Time for Trace ID 3345a0d8f9eede31e9aa85593cf54f11: 2119 ms
Input: 5750000,
Cold Start: false
Unique ID: 28a8e929c12edd0040b0c713766a5ac5,
Execution Time for Trace ID 28a8e929c12edd0040b0c713766a5ac5: 1672 ms
Input: 5750000,
Cold Start: false
Unique ID: 7f88bd6d72b9985ebd753c83452f3feb,
Execution Time for Trace ID 7f88bd6d72b9985ebd753c83452f3feb: 2179 ms
Input: 5750000,
Cold Start: false
Unique ID: f84ea6faeed6a4e53012ab4403fb3e56,
Execution Time for Trace ID f84ea6faeed6a4e53012ab4403fb3e56: 1596 ms
Input: 5750000,
Cold Start: false
Unique ID: c6b89f2e414292576dcbee9512514dfb,
Execution Time for Trace ID c6b89f2e414292576dcbee9512514dfb: 1778 ms
Input: 5750000,
Cold Start: false
Unique ID: 2640502790215fd98f5a8c6868369648,
Execution Time for Trace ID 2640502790215fd98f5a8c6868369648: 1742 ms
Input: 5750000,
Cold Start: false
Unique ID: 24850623c4b19961fa52dd3162da3974,
Execution Time for Trace ID 24850623c4b19961fa52dd3162da3974: 2474 ms
Input: 5750000,
Cold Start: false
Unique ID: 9a6f47dcd3e297835baef0727218b86e,
Execution Time for Trace ID 9a6f47dcd3e297835baef0727218b86e: 2272 ms
Input: 5750000,
Cold Start: false
Unique ID: e15bea8128eb25560a810274879c91f0,
Execution Time for Trace ID e15bea8128eb25560a810274879c91f0: 1803 ms
Input: 5750000,
Cold Start: false
Unique ID: 558446c211032dc15621668391855864,
Execution Time for Trace ID 558446c211032dc15621668391855864: 1752 ms
Input: 5750000,
Cold Start: false
Unique ID: 4df673eb7d0ff3831dfb4c76e929d443,
Execution Time for Trace ID 4df673eb7d0ff3831dfb4c76e929d443: 2371 ms
Input: 5750000,
Cold Start: false
Unique ID: 7f57e25a6eb438b36958bfedef12e1aa,
Execution Time for Trace ID 7f57e25a6eb438b36958bfedef12e1aa: 1889 ms
Input: 5750000,
Cold Start: false
Unique ID: e298147141b06c20881e5bffec7fb6f9,
Execution Time for Trace ID e298147141b06c20881e5bffec7fb6f9: 1698 ms
Input: 5750000,
Cold Start: false
Unique ID: 08f8750cd3ce26baeef85d497bb7f213,
Execution Time for Trace ID 08f8750cd3ce26baeef85d497bb7f213: 1536 ms
Input: 5750000,
Cold Start: false
Unique ID: aff48f37708bbe9a8c02da497980e0fa,
Execution Time for Trace ID aff48f37708bbe9a8c02da497980e0fa: 2475 ms
Input: 5750000,
Cold Start: false
Unique ID: 3d5cf6a7bd1a5c18d4011b5a560296ce,
Execution Time for Trace ID 3d5cf6a7bd1a5c18d4011b5a560296ce: 1994 ms
Input: 5750000,
Cold Start: false
Unique ID: 85ebfb396f079316823e4d3215cb1950,
Execution Time for Trace ID 85ebfb396f079316823e4d3215cb1950: 1692 ms
Input: 5750000,
Cold Start: false
Unique ID: ac60c30f8d20d94f23cd42cb5064bce5,
Execution Time for Trace ID ac60c30f8d20d94f23cd42cb5064bce5: 1674 ms
Input: 5750000,
Cold Start: false
Unique ID: 4c99272e36b04e25f75c4d8054643a25,
Execution Time for Trace ID 4c99272e36b04e25f75c4d8054643a25: 1773 ms
Input: 5750000,
Cold Start: false
Unique ID: 74905b3a90751e8dabf9093b7a818c18,
Execution Time for Trace ID 74905b3a90751e8dabf9093b7a818c18: 1994 ms
Input: 5750000,
Cold Start: false
Unique ID: b5f98c5b932fdb12b8fc157f9284b36b,
Execution Time for Trace ID b5f98c5b932fdb12b8fc157f9284b36b: 1855 ms
Input: 5750000,
Cold Start: false
Unique ID: c65885aba9c29e3565766ca269214506,
Execution Time for Trace ID c65885aba9c29e3565766ca269214506: 1720 ms
Input: 5750000,
Cold Start: false
Unique ID: 7cfb4370f17208c6fca39b85cf259216,
Execution Time for Trace ID 7cfb4370f17208c6fca39b85cf259216: 1993 ms
Input: 5750000,
Cold Start: false
Unique ID: 951352263cbdfea2e064da42dcc5da6e,
Execution Time for Trace ID 951352263cbdfea2e064da42dcc5da6e: 1769 ms
Input: 5750000,
Cold Start: false
Unique ID: 4ace8b533bef792b5591612ce163999b,
Execution Time for Trace ID 4ace8b533bef792b5591612ce163999b: 1991 ms
Input: 5750000,
Cold Start: false
Unique ID: d54b36d47cc9d5e04d25c7695854c801,
Execution Time for Trace ID d54b36d47cc9d5e04d25c7695854c801: 1695 ms
Input: 5750000,
Cold Start: false
Unique ID: 5c001bd454c6b537b71d1595e33afba8,
Execution Time for Trace ID 5c001bd454c6b537b71d1595e33afba8: 1869 ms
Input: 5750000,
Cold Start: false
Unique ID: cf55abba71dfcce1d2756633f8c29ae7,
Execution Time for Trace ID cf55abba71dfcce1d2756633f8c29ae7: 1877 ms
Input: 5750000,
Cold Start: false
Unique ID: 5f5961808bf35945e93a38fb7f641b86,
Execution Time for Trace ID 5f5961808bf35945e93a38fb7f641b86: 1690 ms
Input: 5750000,
Cold Start: false
Unique ID: f26fdfb4558845721d2cd096e6605d5e,
Execution Time for Trace ID f26fdfb4558845721d2cd096e6605d5e: 1700 ms
Input: 5750000,
Cold Start: false
Unique ID: 60f83309173e12a0f01e9051d38e6b80,
Execution Time for Trace ID 60f83309173e12a0f01e9051d38e6b80: 1748 ms
Input: 5750000,
Cold Start: false
Unique ID: 05f670d549d22777878748c24ee2ad5c,
Execution Time for Trace ID 05f670d549d22777878748c24ee2ad5c: 1677 ms
Input: 5750000,
Cold Start: false
Unique ID: 200d504e4aed58255bd061c570e4fbaf,
Execution Time for Trace ID 200d504e4aed58255bd061c570e4fbaf: 1646 ms
Input: 5750000,
Cold Start: false
Unique ID: 6a77b486a3794c419c591f7324b362a2,
Execution Time for Trace ID 6a77b486a3794c419c591f7324b362a2: 1664 ms
Input: 5750000,
Cold Start: false
Unique ID: e9782575f0f72bb839433ef59d09529a,
Execution Time for Trace ID e9782575f0f72bb839433ef59d09529a: 2242 ms
Input: 5750000,
Cold Start: false
Unique ID: f9faa8612861c228a91d147f91ecab21,
Execution Time for Trace ID f9faa8612861c228a91d147f91ecab21: 1685 ms
Input: 5750000,
Cold Start: false
Unique ID: 691f4cf0edb52b8c4522ff03cac41337,
Execution Time for Trace ID 691f4cf0edb52b8c4522ff03cac41337: 1740 ms
Input: 5750000,
Cold Start: false
Unique ID: d57ec96978b3037ab4793f55ff0ee228,
Execution Time for Trace ID d57ec96978b3037ab4793f55ff0ee228: 1635 ms
Input: 5750000,
Cold Start: false
Unique ID: 3ec3cbbec6c2846d39c14502b4fb33b2,
Execution Time for Trace ID 3ec3cbbec6c2846d39c14502b4fb33b2: 2135 ms
Input: 5750000,
Cold Start: false
Unique ID: 38a131523e6e30cfa5d4b4efc113534e,
Execution Time for Trace ID 38a131523e6e30cfa5d4b4efc113534e: 1742 ms
Input: 5750000,
Cold Start: false
Unique ID: f887875ae5f5f167d86f6836c7aee1d0,
Execution Time for Trace ID f887875ae5f5f167d86f6836c7aee1d0: 1761 ms
Input: 5750000,
Cold Start: false
Unique ID: 8922ee74688305fea6355bf2ca477531,
Execution Time for Trace ID 8922ee74688305fea6355bf2ca477531: 1735 ms
Input: 5750000,
Cold Start: false
Unique ID: ddb7d04263d0c643a3f0735d7d50658a,
Execution Time for Trace ID ddb7d04263d0c643a3f0735d7d50658a: 1578 ms
Input: 5750000,
Cold Start: false
Unique ID: 3489e5947438967aa981e2e944c75f88,
Execution Time for Trace ID 3489e5947438967aa981e2e944c75f88: 1650 ms
Input: 5750000,
Cold Start: false
Unique ID: cc45928454ad0540abb2604cdff6dd9f,
Execution Time for Trace ID cc45928454ad0540abb2604cdff6dd9f: 1678 ms
Input: 5750000,
Cold Start: false
Unique ID: bb9f0948831d0dd2e9c80a1da9e8f85e,
Execution Time for Trace ID bb9f0948831d0dd2e9c80a1da9e8f85e: 1627 ms
Input: 5750000,
Cold Start: false
Unique ID: 6ad80d0b383f82355e8fdb5d0afabfa8,
Execution Time for Trace ID 6ad80d0b383f82355e8fdb5d0afabfa8: 1984 ms
Input: 5750000,
Cold Start: false
Unique ID: a32f7f8a96d03eb32ecc832670a8488e,
Execution Time for Trace ID a32f7f8a96d03eb32ecc832670a8488e: 1688 ms
Input: 5750000,
Cold Start: false
Unique ID: 66a35cc2156f40056badc95e0829cdc0,
Execution Time for Trace ID 66a35cc2156f40056badc95e0829cdc0: 1988 ms
Input: 5750000,
Cold Start: false
Unique ID: 2288b552621de3968b333145d2cf75a7,
Execution Time for Trace ID 2288b552621de3968b333145d2cf75a7: 1715 ms
Input: 5750000,
Cold Start: false
Unique ID: b1abcb0e02b0e2a1ff5f87e510bf4155,
Execution Time for Trace ID b1abcb0e02b0e2a1ff5f87e510bf4155: 1983 ms
Input: 5750000,
Cold Start: false
Unique ID: e316bbcaedc4bf4d87d83dba4bedeb77,
Execution Time for Trace ID e316bbcaedc4bf4d87d83dba4bedeb77: 1599 ms
Input: 5750000,
Cold Start: false
Unique ID: 8ebeed6d03f6325981ceebf80fd72d00,
Execution Time for Trace ID 8ebeed6d03f6325981ceebf80fd72d00: 2059 ms
Input: 5750000,
Cold Start: false
Unique ID: 7c1ae7001bbdcf16da7e9ddacbcf33f1,
Execution Time for Trace ID 7c1ae7001bbdcf16da7e9ddacbcf33f1: 1696 ms
Input: 5750000,
Cold Start: false
Unique ID: 6533fa0df1b687ce961dc1937d967ed9,
Execution Time for Trace ID 6533fa0df1b687ce961dc1937d967ed9: 1628 ms
Input: 5750000,
Cold Start: false
Unique ID: 8fb895a53b424994ef9d684f947d78d3,
Execution Time for Trace ID 8fb895a53b424994ef9d684f947d78d3: 1633 ms
Input: 5750000,
Cold Start: false
Unique ID: 538520755aba866228f5dabbd8d603d5,
Execution Time for Trace ID 538520755aba866228f5dabbd8d603d5: 1594 ms
Input: 5750000,
Cold Start: false
Unique ID: 052aa667904fc5719b7c8290e0d7451b,
Execution Time for Trace ID 052aa667904fc5719b7c8290e0d7451b: 2152 ms
Input: 5750000,
Cold Start: false
Unique ID: 85da43df498030fee7d40f64bb727f8a,
Execution Time for Trace ID 85da43df498030fee7d40f64bb727f8a: 1717 ms
Input: 5750000,
Cold Start: false
Unique ID: 1bd4f44227f3a3e3d39d033a3342565c,
Execution Time for Trace ID 1bd4f44227f3a3e3d39d033a3342565c: 1606 ms
Input: 5750000,
Cold Start: false
Unique ID: 0408716a09d8e4eba02ff93d256843e2,
Execution Time for Trace ID 0408716a09d8e4eba02ff93d256843e2: 1803 ms
Input: 5750000,
Cold Start: false
Unique ID: ee06542508c19bb370add03ba4bd1d61,
Execution Time for Trace ID ee06542508c19bb370add03ba4bd1d61: 2356 ms
Input: 5750000,
Cold Start: false
Unique ID: c503bb8c0a5291fec165f85dd7f4c1ce,
Execution Time for Trace ID c503bb8c0a5291fec165f85dd7f4c1ce: 1752 ms
Input: 5750000,
Cold Start: false
Unique ID: e51451755e2526d8e4532e8ae7d216b0,
Execution Time for Trace ID e51451755e2526d8e4532e8ae7d216b0: 2050 ms
Input: 5750000,
Cold Start: false
Unique ID: cef1606f5e2044b460c81e954d363174,
Execution Time for Trace ID cef1606f5e2044b460c81e954d363174: 1731 ms
Input: 5750000,
Cold Start: false
Unique ID: b659f32a82d7ab733dcaa97bfb8e66be,
Execution Time for Trace ID b659f32a82d7ab733dcaa97bfb8e66be: 1885 ms
Input: 5750000,
Cold Start: false
Unique ID: 518d6a5d07956e64ba4e78ec26330038,
Execution Time for Trace ID 518d6a5d07956e64ba4e78ec26330038: 1698 ms
Input: 5750000,
Cold Start: false
Unique ID: df6c26be4d36891788b6942b01f8fbe6,
Execution Time for Trace ID df6c26be4d36891788b6942b01f8fbe6: 1738 ms
Input: 5750000,
Cold Start: false
Unique ID: d792e15e63ba2827845dedd00f6748c9,
Execution Time for Trace ID d792e15e63ba2827845dedd00f6748c9: 1817 ms
Input: 5750000,
Cold Start: false
Unique ID: 493c51ee1dde93a154ad9464a4f6bdac,
Execution Time for Trace ID 493c51ee1dde93a154ad9464a4f6bdac: 1757 ms
Input: 5750000,
Cold Start: false
Unique ID: b8f1231c3e029eea6f37a31ca1ba234f,
Execution Time for Trace ID b8f1231c3e029eea6f37a31ca1ba234f: 1683 ms
Input: 5750000,
Cold Start: false
Unique ID: a429e2de9e57dd2b047d5b51f44838d4,
Execution Time for Trace ID a429e2de9e57dd2b047d5b51f44838d4: 1856 ms
Input: 5750000,
Cold Start: false
Unique ID: 5b6631ac9ac11b7df69b48501ecf8d3c,
Execution Time for Trace ID 5b6631ac9ac11b7df69b48501ecf8d3c: 1689 ms
Input: 5750000,
Cold Start: false
Unique ID: f2cdd3147b5f9618d45bd781d3632a13,
Execution Time for Trace ID f2cdd3147b5f9618d45bd781d3632a13: 1712 ms
Input: 5750000,
Cold Start: false
Unique ID: d20089c62d8baad18306b0d815d9101b,
Execution Time for Trace ID d20089c62d8baad18306b0d815d9101b: 1760 ms
Input: 5750000,
Cold Start: false
Unique ID: cebf2edcb144bf7d3aaac76a5c49450e,
Execution Time for Trace ID cebf2edcb144bf7d3aaac76a5c49450e: 1723 ms
Input: 5750000,
Cold Start: false
Unique ID: 941d54555c59f5ca246e8b5122fef766,
Execution Time for Trace ID 941d54555c59f5ca246e8b5122fef766: 1978 ms
Input: 5750000,
Cold Start: false
Unique ID: 6dc0ffe5dbaac221a6669c5edeabec83,
Execution Time for Trace ID 6dc0ffe5dbaac221a6669c5edeabec83: 1883 ms
Input: 5750000,
Cold Start: false
Unique ID: 31d27a72bff1dfd2be1ddcf5de31e085,
Execution Time for Trace ID 31d27a72bff1dfd2be1ddcf5de31e085: 1870 ms
Input: 5750000,
Cold Start: false
Unique ID: 92c443982370eaef5f7293303bba1398,
Execution Time for Trace ID 92c443982370eaef5f7293303bba1398: 1685 ms
Input: 5750000,
Cold Start: false
Unique ID: cbe7920637271a39a319fed8f94a8bf4,
Execution Time for Trace ID cbe7920637271a39a319fed8f94a8bf4: 2060 ms
Input: 5750000,
Cold Start: false
Unique ID: a8f5fec9d4507268152129a881963c05,
Execution Time for Trace ID a8f5fec9d4507268152129a881963c05: 1775 ms
Input: 5750000,
Cold Start: false
Unique ID: 801de1980c7db0d4fbaef6f2fd3b3f5b,
Execution Time for Trace ID 801de1980c7db0d4fbaef6f2fd3b3f5b: 1629 ms
Input: 5750000,
Cold Start: false
