Unique ID: a1d53b976a0958eb5ee0a9eaf89a8175,
Execution Time for Trace ID a1d53b976a0958eb5ee0a9eaf89a8175: 1427 ms
Input: 5000000,
Cold Start: false
Unique ID: b4097be5655442ef4d57b2ec7ac0a8da,
Execution Time for Trace ID b4097be5655442ef4d57b2ec7ac0a8da: 1635 ms
Input: 5000000,
Cold Start: false
Unique ID: cbc5204fceafbed7500e9af2fc88106e,
Execution Time for Trace ID cbc5204fceafbed7500e9af2fc88106e: 1460 ms
Input: 5000000,
Cold Start: false
Unique ID: 31eeeb28cc26a6b11cc0c3b296dd23cc,
Execution Time for Trace ID 31eeeb28cc26a6b11cc0c3b296dd23cc: 1768 ms
Input: 5000000,
Cold Start: false
Unique ID: 9a65560402f7ac4f2840b95829cd879a,
Execution Time for Trace ID 9a65560402f7ac4f2840b95829cd879a: 1583 ms
Input: 5000000,
Cold Start: false
Unique ID: 766a31cd134784f025303464b634f314,
Execution Time for Trace ID 766a31cd134784f025303464b634f314: 1201 ms
Input: 5000000,
Cold Start: false
Unique ID: fc89d549ff2c6da1a85c221408f46f81,
Execution Time for Trace ID fc89d549ff2c6da1a85c221408f46f81: 1434 ms
Input: 5000000,
Cold Start: false
Unique ID: 92debc0dc1e7a772fac6215d819bde03,
Execution Time for Trace ID 92debc0dc1e7a772fac6215d819bde03: 1365 ms
Input: 5000000,
Cold Start: false
Unique ID: b33c87e4a1c38bc1343c60e7cb55425f,
Execution Time for Trace ID b33c87e4a1c38bc1343c60e7cb55425f: 1770 ms
Input: 5000000,
Cold Start: false
Unique ID: 56b2824bc4255d7a030cb3388623f851,
Execution Time for Trace ID 56b2824bc4255d7a030cb3388623f851: 1519 ms
Input: 5000000,
Cold Start: false
Unique ID: c60956a5858456d4de8bea65f6fd4160,
Execution Time for Trace ID c60956a5858456d4de8bea65f6fd4160: 1661 ms
Input: 5000000,
Cold Start: false
Unique ID: d9914ee800e965ebc371629f42d8ceec,
Execution Time for Trace ID d9914ee800e965ebc371629f42d8ceec: 2054 ms
Input: 5000000,
Cold Start: false
Unique ID: 501093f72c86b6afd6ff54fcdfa98ff6,
Execution Time for Trace ID 501093f72c86b6afd6ff54fcdfa98ff6: 1611 ms
Input: 5000000,
Cold Start: false
Unique ID: df9c7394ad1e6ebc675221ea35549223,
Execution Time for Trace ID df9c7394ad1e6ebc675221ea35549223: 1469 ms
Input: 5000000,
Cold Start: false
Unique ID: 645089ed8ebab57f4185ce813119ff8d,
Execution Time for Trace ID 645089ed8ebab57f4185ce813119ff8d: 2144 ms
Input: 5000000,
Cold Start: false
Unique ID: badfec8110641eb164c42831cda3bcb6,
Execution Time for Trace ID badfec8110641eb164c42831cda3bcb6: 1393 ms
Input: 5000000,
Cold Start: false
Unique ID: 85039b93ccc49cd01b76ef1d9d7d5386,
Execution Time for Trace ID 85039b93ccc49cd01b76ef1d9d7d5386: 1493 ms
Input: 5000000,
Cold Start: false
Unique ID: dd03c04934c9ca7679295e61245a3ed8,
Execution Time for Trace ID dd03c04934c9ca7679295e61245a3ed8: 1954 ms
Input: 5000000,
Cold Start: false
Unique ID: a2e7b8fa389346023eab6795df40cbf3,
Execution Time for Trace ID a2e7b8fa389346023eab6795df40cbf3: 1561 ms
Input: 5000000,
Cold Start: false
Unique ID: 63480992985caae913a89aba593b6542,
Execution Time for Trace ID 63480992985caae913a89aba593b6542: 1528 ms
Input: 5000000,
Cold Start: false
Unique ID: 9e97e515e614a07f12b755ddeac4f735,
Execution Time for Trace ID 9e97e515e614a07f12b755ddeac4f735: 2155 ms
Input: 5000000,
Cold Start: false
Unique ID: 9dd6091990ef9af7aac5bc49ae82d724,
Execution Time for Trace ID 9dd6091990ef9af7aac5bc49ae82d724: 1495 ms
Input: 5000000,
Cold Start: false
Unique ID: 25d18a01ceae967f1ff930c189a53a37,
Execution Time for Trace ID 25d18a01ceae967f1ff930c189a53a37: 2149 ms
Input: 5000000,
Cold Start: false
Unique ID: 8fb9471ff6b55533e5d95d755d4935b9,
Execution Time for Trace ID 8fb9471ff6b55533e5d95d755d4935b9: 1509 ms
Input: 5000000,
Cold Start: false
Unique ID: 774b6db4189b27e7f78f1becc1d1ac49,
Execution Time for Trace ID 774b6db4189b27e7f78f1becc1d1ac49: 1384 ms
Input: 5000000,
Cold Start: false
Unique ID: ba863228e467a45c71716c855d7006a8,
Execution Time for Trace ID ba863228e467a45c71716c855d7006a8: 1362 ms
Input: 5000000,
Cold Start: false
Unique ID: c47adb8f868746502ea677d6aace025c,
Execution Time for Trace ID c47adb8f868746502ea677d6aace025c: 1644 ms
Input: 5000000,
Cold Start: false
Unique ID: ba36b69ff46f9bdb30af9702047c28f0,
Execution Time for Trace ID ba36b69ff46f9bdb30af9702047c28f0: 1388 ms
Input: 5000000,
Cold Start: false
Unique ID: 96bb26f1f307fc156fe828028ddc02b0,
Execution Time for Trace ID 96bb26f1f307fc156fe828028ddc02b0: 1470 ms
Input: 5000000,
Cold Start: false
Unique ID: 96fcb4fd66c1adcc2186fcbcd6db783c,
Execution Time for Trace ID 96fcb4fd66c1adcc2186fcbcd6db783c: 1395 ms
Input: 5000000,
Cold Start: false
Unique ID: 25b69e06ad23f10b2fe43072bf85bf0c,
Execution Time for Trace ID 25b69e06ad23f10b2fe43072bf85bf0c: 1644 ms
Input: 5000000,
Cold Start: false
Unique ID: 60f89f6dc1014f5cd9e2b2f2b8509103,
Execution Time for Trace ID 60f89f6dc1014f5cd9e2b2f2b8509103: 1474 ms
Input: 5000000,
Cold Start: false
Unique ID: 63f0215087cb063a1be786ea638be2fb,
Execution Time for Trace ID 63f0215087cb063a1be786ea638be2fb: 1423 ms
Input: 5000000,
Cold Start: false
Unique ID: caf4ab4eb6670097b1a9b78891dbbcce,
Execution Time for Trace ID caf4ab4eb6670097b1a9b78891dbbcce: 1463 ms
Input: 5000000,
Cold Start: false
Unique ID: b65c04453006eea71a6ff6d980bd6042,
Execution Time for Trace ID b65c04453006eea71a6ff6d980bd6042: 1462 ms
Input: 5000000,
Cold Start: false
Unique ID: 39c5ac892388be1640413874fed287f4,
Execution Time for Trace ID 39c5ac892388be1640413874fed287f4: 1384 ms
Input: 5000000,
Cold Start: false
Unique ID: f88ca14f92c91522ae7b9189f5328f73,
Execution Time for Trace ID f88ca14f92c91522ae7b9189f5328f73: 1777 ms
Input: 5000000,
Cold Start: false
Unique ID: ea24f85417c1e3d17bc6b7c5ee89a57a,
Execution Time for Trace ID ea24f85417c1e3d17bc6b7c5ee89a57a: 1434 ms
Input: 5000000,
Cold Start: false
Unique ID: 1d9f52b517620a4d0cbba636ce26d7bf,
Execution Time for Trace ID 1d9f52b517620a4d0cbba636ce26d7bf: 1698 ms
Input: 5000000,
Cold Start: false
Unique ID: 4dad814211537f7ed20957f6a4526fc5,
Execution Time for Trace ID 4dad814211537f7ed20957f6a4526fc5: 1370 ms
Input: 5000000,
Cold Start: false
Unique ID: cc08c12194ebecaab4b7088da786468c,
Execution Time for Trace ID cc08c12194ebecaab4b7088da786468c: 1481 ms
Input: 5000000,
Cold Start: false
Unique ID: 7dd82ae8e69d54923c319bbb29694904,
Execution Time for Trace ID 7dd82ae8e69d54923c319bbb29694904: 1429 ms
Input: 5000000,
Cold Start: false
Unique ID: 9744a9fc8af1b5325388329a5d63b386,
Execution Time for Trace ID 9744a9fc8af1b5325388329a5d63b386: 1361 ms
Input: 5000000,
Cold Start: false
Unique ID: 83c09dce6cc05507274940b89164e5cc,
Execution Time for Trace ID 83c09dce6cc05507274940b89164e5cc: 1468 ms
Input: 5000000,
Cold Start: false
Unique ID: 53292a20254d4ee75f5e322580a6dad1,
Execution Time for Trace ID 53292a20254d4ee75f5e322580a6dad1: 1448 ms
Input: 5000000,
Cold Start: false
Unique ID: 94b7cdffd9687a3ea72cdea31f292d71,
Execution Time for Trace ID 94b7cdffd9687a3ea72cdea31f292d71: 1716 ms
Input: 5000000,
Cold Start: false
Unique ID: ec7c4f42edb03407121d448d3871a017,
Execution Time for Trace ID ec7c4f42edb03407121d448d3871a017: 1357 ms
Input: 5000000,
Cold Start: false
Unique ID: 45c8ec38c9f47379efc04e0472dbc094,
Execution Time for Trace ID 45c8ec38c9f47379efc04e0472dbc094: 1578 ms
Input: 5000000,
Cold Start: false
Unique ID: 9e88796439446d827f689a11c65d28b8,
Execution Time for Trace ID 9e88796439446d827f689a11c65d28b8: 1385 ms
Input: 5000000,
Cold Start: false
Unique ID: 9579cb32af6ce58fd69cab26d61640ae,
Execution Time for Trace ID 9579cb32af6ce58fd69cab26d61640ae: 1427 ms
Input: 5000000,
Cold Start: false
Unique ID: dc85e6b1be4e8841e7d1cce7d4a11a0d,
Execution Time for Trace ID dc85e6b1be4e8841e7d1cce7d4a11a0d: 1429 ms
Input: 5000000,
Cold Start: false
Unique ID: d680cf942c18f69e89ccc55cf803606e,
Execution Time for Trace ID d680cf942c18f69e89ccc55cf803606e: 1453 ms
Input: 5000000,
Cold Start: false
Unique ID: 61910057405758420fc978149e89a753,
Execution Time for Trace ID 61910057405758420fc978149e89a753: 1466 ms
Input: 5000000,
Cold Start: false
Unique ID: 0f39a8c9565749b02f76653f8a87a70a,
Execution Time for Trace ID 0f39a8c9565749b02f76653f8a87a70a: 1457 ms
Input: 5000000,
Cold Start: false
Unique ID: ccafa7e52f5ecd9dc4d39c6f50a443f9,
Execution Time for Trace ID ccafa7e52f5ecd9dc4d39c6f50a443f9: 1871 ms
Input: 5000000,
Cold Start: false
Unique ID: ba59a39fd09c4b9a02b5ae2bafe647c7,
Execution Time for Trace ID ba59a39fd09c4b9a02b5ae2bafe647c7: 1478 ms
Input: 5000000,
Cold Start: false
Unique ID: 37c013c85cad4b499e9d39cc3cb07b4c,
Execution Time for Trace ID 37c013c85cad4b499e9d39cc3cb07b4c: 1972 ms
Input: 5000000,
Cold Start: false
Unique ID: 8721fcf8ab83032e3ca01b765f7fd68b,
Execution Time for Trace ID 8721fcf8ab83032e3ca01b765f7fd68b: 1431 ms
Input: 5000000,
Cold Start: false
Unique ID: 62f83bd692572e10db06db54649d754e,
Execution Time for Trace ID 62f83bd692572e10db06db54649d754e: 1472 ms
Input: 5000000,
Cold Start: false
Unique ID: 994d2ee0a089c71a6490aa8bc58ad7ff,
Execution Time for Trace ID 994d2ee0a089c71a6490aa8bc58ad7ff: 1396 ms
Input: 5000000,
Cold Start: false
Unique ID: 0c6b820a246423a247dad82b86441b19,
Execution Time for Trace ID 0c6b820a246423a247dad82b86441b19: 1866 ms
Input: 5000000,
Cold Start: true
Unique ID: f65d45b054932ce0a97c4db99940c1a6,
Execution Time for Trace ID f65d45b054932ce0a97c4db99940c1a6: 1644 ms
Input: 5000000,
Cold Start: false
Unique ID: f8f04531cf19618d537da7ecd8f72d27,
Execution Time for Trace ID f8f04531cf19618d537da7ecd8f72d27: 1522 ms
Input: 5000000,
Cold Start: false
Unique ID: 0df73e5129c53352b14425f5660409b1,
Execution Time for Trace ID 0df73e5129c53352b14425f5660409b1: 1663 ms
Input: 5000000,
Cold Start: false
Unique ID: 599be95aaaac4dea0e3a990e134926cb,
Execution Time for Trace ID 599be95aaaac4dea0e3a990e134926cb: 1464 ms
Input: 5000000,
Cold Start: false
Unique ID: df6db71ee9405629e4ba4e8649013b2b,
Execution Time for Trace ID df6db71ee9405629e4ba4e8649013b2b: 1456 ms
Input: 5000000,
Cold Start: false
Unique ID: 7954c4d38f6e6ea4f934ca036582f825,
Execution Time for Trace ID 7954c4d38f6e6ea4f934ca036582f825: 2140 ms
Input: 5000000,
Cold Start: false
Unique ID: a92b4215fc0a53145b6ce75a1e73d110,
Execution Time for Trace ID a92b4215fc0a53145b6ce75a1e73d110: 1583 ms
Input: 5000000,
Cold Start: false
Unique ID: 7f51fe27eee7cbd2fa518c64e04ff89b,
Execution Time for Trace ID 7f51fe27eee7cbd2fa518c64e04ff89b: 1482 ms
Input: 5000000,
Cold Start: false
Unique ID: 227c7154ffced80bc0a8caa46926eb29,
Execution Time for Trace ID 227c7154ffced80bc0a8caa46926eb29: 1485 ms
Input: 5000000,
Cold Start: false
Unique ID: b6fbcaa038dc79216cfde307689903e8,
Execution Time for Trace ID b6fbcaa038dc79216cfde307689903e8: 1427 ms
Input: 5000000,
Cold Start: false
Unique ID: 0dd6eba42c19fb8dfdc69d5162a4d2de,
Execution Time for Trace ID 0dd6eba42c19fb8dfdc69d5162a4d2de: 1765 ms
Input: 5000000,
Cold Start: false
Unique ID: 1f323396e3db7f999d289b06f45adc9a,
Execution Time for Trace ID 1f323396e3db7f999d289b06f45adc9a: 1352 ms
Input: 5000000,
Cold Start: false
Unique ID: d365626afb7bbd575e6f0827b06281b7,
Execution Time for Trace ID d365626afb7bbd575e6f0827b06281b7: 1862 ms
Input: 5000000,
Cold Start: false
Unique ID: e15db521863414853e12789818697fa8,
Execution Time for Trace ID e15db521863414853e12789818697fa8: 1528 ms
Input: 5000000,
Cold Start: false
Unique ID: 0e146018575e7f71c43b25d6000263e2,
Execution Time for Trace ID 0e146018575e7f71c43b25d6000263e2: 1484 ms
Input: 5000000,
Cold Start: false
Unique ID: caaba2823121cfac5fa4607ac2261434,
Execution Time for Trace ID caaba2823121cfac5fa4607ac2261434: 1408 ms
Input: 5000000,
Cold Start: false
Unique ID: b680447c85a87dc25eb8e07e03dd0f28,
Execution Time for Trace ID b680447c85a87dc25eb8e07e03dd0f28: 1391 ms
Input: 5000000,
Cold Start: false
Unique ID: 3c7fee2a6c8f0a032d38d8bed5ee7b14,
Execution Time for Trace ID 3c7fee2a6c8f0a032d38d8bed5ee7b14: 1359 ms
Input: 5000000,
Cold Start: false
Unique ID: 8d7f00b09106119e2aa4e3d45d2082ca,
Execution Time for Trace ID 8d7f00b09106119e2aa4e3d45d2082ca: 1650 ms
Input: 5000000,
Cold Start: false
Unique ID: a209d2462a3ec2a93872c75b289ae756,
Execution Time for Trace ID a209d2462a3ec2a93872c75b289ae756: 1718 ms
Input: 5000000,
Cold Start: false
Unique ID: a7217a191c0cf02b72689b914f6e665b,
Execution Time for Trace ID a7217a191c0cf02b72689b914f6e665b: 1353 ms
Input: 5000000,
Cold Start: false
Unique ID: 28d9fd21d88e420e5087c2e1e51b885e,
Execution Time for Trace ID 28d9fd21d88e420e5087c2e1e51b885e: 1732 ms
Input: 5000000,
Cold Start: false
Unique ID: 2ac00076fc6f8f47a0b4405a40c0d3da,
Execution Time for Trace ID 2ac00076fc6f8f47a0b4405a40c0d3da: 1417 ms
Input: 5000000,
Cold Start: false
Unique ID: 07b66e5a4b141c215ed14257a2ac253b,
Execution Time for Trace ID 07b66e5a4b141c215ed14257a2ac253b: 1561 ms
Input: 5000000,
Cold Start: false
Unique ID: b9c8eac3c60ca4696173a23585463a37,
Execution Time for Trace ID b9c8eac3c60ca4696173a23585463a37: 1469 ms
Input: 5000000,
Cold Start: false
Unique ID: d079ea38fc0a09ea345fab850fd44e6f,
Execution Time for Trace ID d079ea38fc0a09ea345fab850fd44e6f: 1619 ms
Input: 5000000,
Cold Start: false
Unique ID: 301bc61cb4ea3d420fa37abf972d04c3,
Execution Time for Trace ID 301bc61cb4ea3d420fa37abf972d04c3: 1570 ms
Input: 5000000,
Cold Start: false
Unique ID: 66d4279d0d0e25e01e3ac63523188770,
Execution Time for Trace ID 66d4279d0d0e25e01e3ac63523188770: 1456 ms
Input: 5000000,
Cold Start: false
Unique ID: d502a595c359c10fdf6a9fa14afd2996,
Execution Time for Trace ID d502a595c359c10fdf6a9fa14afd2996: 1564 ms
Input: 5000000,
Cold Start: false
Unique ID: 5a78112e1b266021a76ed852f18208ad,
Execution Time for Trace ID 5a78112e1b266021a76ed852f18208ad: 1427 ms
Input: 5000000,
Cold Start: false
Unique ID: af5a094b44f781ddf6d533d5ec22d5b1,
Execution Time for Trace ID af5a094b44f781ddf6d533d5ec22d5b1: 1451 ms
Input: 5000000,
Cold Start: false
Unique ID: 6b7eff1100613c5f8764e9cd2634a4d6,
Execution Time for Trace ID 6b7eff1100613c5f8764e9cd2634a4d6: 1501 ms
Input: 5000000,
Cold Start: false
Unique ID: 9374656076ebe9ec202baf85b8560a89,
Execution Time for Trace ID 9374656076ebe9ec202baf85b8560a89: 1471 ms
Input: 5000000,
Cold Start: false
Unique ID: 30f8ec56b72c4b7795978d07770d8cf0,
Execution Time for Trace ID 30f8ec56b72c4b7795978d07770d8cf0: 491 ms
Input: 5000000,
Cold Start: false
Unique ID: c282e8a2832ea1a77b95dbf9455662a1,
Execution Time for Trace ID c282e8a2832ea1a77b95dbf9455662a1: 1498 ms
Input: 5000000,
Cold Start: false
Unique ID: 4abebe9e05cf7c87ccaad119454be66c,
Execution Time for Trace ID 4abebe9e05cf7c87ccaad119454be66c: 1652 ms
Input: 5000000,
Cold Start: false
Unique ID: 728784f169fad4bb2f2ddb4e1573831c,
Execution Time for Trace ID 728784f169fad4bb2f2ddb4e1573831c: 1474 ms
Input: 5000000,
Cold Start: false
Unique ID: 8445b70b525755a9c1569b00c832d032,
Execution Time for Trace ID 8445b70b525755a9c1569b00c832d032: 1362 ms
Input: 5000000,
Cold Start: false
Unique ID: d40d89bbd147a52ef561b204c1012155,
Execution Time for Trace ID d40d89bbd147a52ef561b204c1012155: 1661 ms
Input: 5000000,
Cold Start: false
Unique ID: 915d529cb96273a8b3be6f7a6cd74522,
Execution Time for Trace ID 915d529cb96273a8b3be6f7a6cd74522: 1440 ms
Input: 5000000,
Cold Start: false
Unique ID: 163117aedafefba89200aa29e3a0e4ae,
Execution Time for Trace ID 163117aedafefba89200aa29e3a0e4ae: 1314 ms
Input: 5000000,
Cold Start: false
Unique ID: b9c3358a4d8e9b32252c57e01af32a20,
Execution Time for Trace ID b9c3358a4d8e9b32252c57e01af32a20: 1371 ms
Input: 5000000,
Cold Start: false
Unique ID: ac449de37509cf40d5f460e4c63f2ebc,
Execution Time for Trace ID ac449de37509cf40d5f460e4c63f2ebc: 1526 ms
Input: 5000000,
Cold Start: false
Unique ID: 28c14867c844f436924b91f6ab576b5e,
Execution Time for Trace ID 28c14867c844f436924b91f6ab576b5e: 1394 ms
Input: 5000000,
Cold Start: false
Unique ID: 45bd628cf12e35b01cdfe4e49925fca4,
Execution Time for Trace ID 45bd628cf12e35b01cdfe4e49925fca4: 1387 ms
Input: 5000000,
Cold Start: false
Unique ID: cea8b0097e58b0a9875983892dfa43e1,
Execution Time for Trace ID cea8b0097e58b0a9875983892dfa43e1: 1446 ms
Input: 5000000,
Cold Start: false
Unique ID: ca40809d9acc02d53e4c4d87c9396827,
Execution Time for Trace ID ca40809d9acc02d53e4c4d87c9396827: 1425 ms
Input: 5000000,
Cold Start: false
Unique ID: 689ec34d15ff60ef4e962cf71fad3ae8,
Execution Time for Trace ID 689ec34d15ff60ef4e962cf71fad3ae8: 1662 ms
Input: 5000000,
Cold Start: false
Unique ID: dc8d74b20a9b85ef9865329bb5f31503,
Execution Time for Trace ID dc8d74b20a9b85ef9865329bb5f31503: 1530 ms
Input: 5000000,
Cold Start: false
Unique ID: 50c8eae9294a6ed0b328cc739b7c4e0d,
Execution Time for Trace ID 50c8eae9294a6ed0b328cc739b7c4e0d: 1342 ms
Input: 5000000,
Cold Start: false
Unique ID: f232e53ff8f62b507bdfa3a056eb9188,
Execution Time for Trace ID f232e53ff8f62b507bdfa3a056eb9188: 1509 ms
Input: 5000000,
Cold Start: false
Unique ID: 97dd1ea76f49a463b12fef5cb40a471c,
Execution Time for Trace ID 97dd1ea76f49a463b12fef5cb40a471c: 1383 ms
Input: 5000000,
Cold Start: false
Unique ID: bdf706b1597b382af73f49dcc128931b,
Execution Time for Trace ID bdf706b1597b382af73f49dcc128931b: 1638 ms
Input: 5000000,
Cold Start: false
Unique ID: 95d96e81503bf394c3f3b2cc4cdea234,
Execution Time for Trace ID 95d96e81503bf394c3f3b2cc4cdea234: 1620 ms
Input: 5000000,
Cold Start: false
Unique ID: 2eef8d7c91e388d4ddc1f618d75fd340,
Execution Time for Trace ID 2eef8d7c91e388d4ddc1f618d75fd340: 1609 ms
Input: 5000000,
Cold Start: false
Unique ID: 166ed4143420c351c17556817964dbf5,
Execution Time for Trace ID 166ed4143420c351c17556817964dbf5: 671 ms
Input: 5000000,
Cold Start: false
Unique ID: aed9e6b613dbf22ea2d68c9a9ee73d5c,
Execution Time for Trace ID aed9e6b613dbf22ea2d68c9a9ee73d5c: 1420 ms
Input: 5000000,
Cold Start: false
Unique ID: 1b100f033b84937edb522de417871763,
Execution Time for Trace ID 1b100f033b84937edb522de417871763: 1421 ms
Input: 5000000,
Cold Start: false
Unique ID: fc1988ef386b62d299e3cb7e327528dd,
Execution Time for Trace ID fc1988ef386b62d299e3cb7e327528dd: 1754 ms
Input: 5000000,
Cold Start: false
Unique ID: b095986a556d84e1ff7a215029623364,
Execution Time for Trace ID b095986a556d84e1ff7a215029623364: 612 ms
Input: 5000000,
Cold Start: false
Unique ID: 45fe09c0c815379c6b3dc488f9589c03,
Execution Time for Trace ID 45fe09c0c815379c6b3dc488f9589c03: 1488 ms
Input: 5000000,
Cold Start: false
Unique ID: 3cbff6093e41a4543fc59058164f0f15,
Execution Time for Trace ID 3cbff6093e41a4543fc59058164f0f15: 1564 ms
Input: 5000000,
Cold Start: false
Unique ID: e8713b4024599eb761b747c0b379cc38,
Execution Time for Trace ID e8713b4024599eb761b747c0b379cc38: 1392 ms
Input: 5000000,
Cold Start: false
Unique ID: 4f613675f37b0e6854e3f1de2ccc6a73,
Execution Time for Trace ID 4f613675f37b0e6854e3f1de2ccc6a73: 1391 ms
Input: 5000000,
Cold Start: false
Unique ID: f1f2bc5e57b3a08dc3edd19725cde986,
Execution Time for Trace ID f1f2bc5e57b3a08dc3edd19725cde986: 1657 ms
Input: 5000000,
Cold Start: false
Unique ID: 7ce9f02ddf5c607ba3857dcac851bc0d,
Execution Time for Trace ID 7ce9f02ddf5c607ba3857dcac851bc0d: 1560 ms
Input: 5000000,
Cold Start: false
Unique ID: 1b911c72fb070381419faaffa0217fae,
Execution Time for Trace ID 1b911c72fb070381419faaffa0217fae: 1376 ms
Input: 5000000,
Cold Start: false
Unique ID: afede2ca8476425605723f4057c5c6f9,
Execution Time for Trace ID afede2ca8476425605723f4057c5c6f9: 1472 ms
Input: 5000000,
Cold Start: false
Unique ID: 8263837d863d986c62377dc663ec53a4,
Execution Time for Trace ID 8263837d863d986c62377dc663ec53a4: 1370 ms
Input: 5000000,
Cold Start: false
Unique ID: d60388d4149690537a8d95da868c60b8,
Execution Time for Trace ID d60388d4149690537a8d95da868c60b8: 1587 ms
Input: 5000000,
Cold Start: false
Unique ID: 767eccf680e7712e4e962cf71fad3350,
Execution Time for Trace ID 767eccf680e7712e4e962cf71fad3350: 1429 ms
Input: 5000000,
Cold Start: false
Unique ID: d8a27e0392cb8535b52ac046b5789631,
Execution Time for Trace ID d8a27e0392cb8535b52ac046b5789631: 1694 ms
Input: 5000000,
Cold Start: false
Unique ID: 1d9fd30deb0ab150d646db6d33e132f4,
Execution Time for Trace ID 1d9fd30deb0ab150d646db6d33e132f4: 1595 ms
Input: 5000000,
Cold Start: false
Unique ID: 88e30f85f755105b0ed792f653117a22,
Execution Time for Trace ID 88e30f85f755105b0ed792f653117a22: 1449 ms
Input: 5000000,
Cold Start: false
Unique ID: bf45896570e13f71106298e8acec0454,
Execution Time for Trace ID bf45896570e13f71106298e8acec0454: 1657 ms
Input: 5000000,
Cold Start: false
Unique ID: 3e9ee81fffb50e64f564fd697e1f529d,
Execution Time for Trace ID 3e9ee81fffb50e64f564fd697e1f529d: 1753 ms
Input: 5000000,
Cold Start: false
Unique ID: 209cb0902163fbf58f8e4eaec5c175ff,
Execution Time for Trace ID 209cb0902163fbf58f8e4eaec5c175ff: 1563 ms
Input: 5000000,
Cold Start: false
Unique ID: 90091a3fa0063d26c672b87b61683878,
Execution Time for Trace ID 90091a3fa0063d26c672b87b61683878: 1488 ms
Input: 5000000,
Cold Start: false
Unique ID: 997f3ea03a3c4c975345c527262871e3,
Execution Time for Trace ID 997f3ea03a3c4c975345c527262871e3: 1733 ms
Input: 5000000,
Cold Start: false
Unique ID: 40d8dbad9f8bb8e440201041a23952be,
Execution Time for Trace ID 40d8dbad9f8bb8e440201041a23952be: 1573 ms
Input: 5000000,
Cold Start: false
Unique ID: e81582639d328798481faa2609562888,
Execution Time for Trace ID e81582639d328798481faa2609562888: 1393 ms
Input: 5000000,
Cold Start: false
Unique ID: 27f7903eb853257a62d56c060daa38b6,
Execution Time for Trace ID 27f7903eb853257a62d56c060daa38b6: 1821 ms
Input: 5000000,
Cold Start: false
Unique ID: 6958bd87880ce1667cbe3efe10e4b80c,
Execution Time for Trace ID 6958bd87880ce1667cbe3efe10e4b80c: 1454 ms
Input: 5000000,
Cold Start: false
Unique ID: 546d97e25f6890d1322032c6586a2af1,
Execution Time for Trace ID 546d97e25f6890d1322032c6586a2af1: 1352 ms
Input: 5000000,
Cold Start: false
Unique ID: 2228828f164dda34f40e78ec92ebc874,
Execution Time for Trace ID 2228828f164dda34f40e78ec92ebc874: 1452 ms
Input: 5000000,
Cold Start: false
Unique ID: d0fdca4a3a4545c85fc39d2d39855618,
Execution Time for Trace ID d0fdca4a3a4545c85fc39d2d39855618: 1488 ms
Input: 5000000,
Cold Start: false
Unique ID: cfda7415dfc973815e91cad0a6a99b39,
Execution Time for Trace ID cfda7415dfc973815e91cad0a6a99b39: 1560 ms
Input: 5000000,
Cold Start: false
Unique ID: 8e8d2b582f28a115f70f3ee209721fbe,
Execution Time for Trace ID 8e8d2b582f28a115f70f3ee209721fbe: 1580 ms
Input: 5000000,
Cold Start: false
Unique ID: 764b3081ffd67ad4d5dcd8223ef66e9b,
Execution Time for Trace ID 764b3081ffd67ad4d5dcd8223ef66e9b: 1675 ms
Input: 5000000,
Cold Start: false
Unique ID: bcb9c6e383c83aa948b8a67c521267f3,
Execution Time for Trace ID bcb9c6e383c83aa948b8a67c521267f3: 1462 ms
Input: 5000000,
Cold Start: false
Unique ID: 68d3b41e10ebc63c0da5a16c2354fc57,
Execution Time for Trace ID 68d3b41e10ebc63c0da5a16c2354fc57: 1477 ms
Input: 5000000,
Cold Start: false
Unique ID: ed1f8a9902bea1aa1d7c87e41f8c0703,
Execution Time for Trace ID ed1f8a9902bea1aa1d7c87e41f8c0703: 1394 ms
Input: 5000000,
Cold Start: false
Unique ID: bc0e863fdb3ae2ea3abc05e20ea736ed,
Execution Time for Trace ID bc0e863fdb3ae2ea3abc05e20ea736ed: 1633 ms
Input: 5000000,
Cold Start: false
Unique ID: 9c5b7284e55173417ddf1a3a52be301e,
Execution Time for Trace ID 9c5b7284e55173417ddf1a3a52be301e: 1357 ms
Input: 5000000,
Cold Start: false
Unique ID: 2404986e833d559039b5fc58faea1963,
Execution Time for Trace ID 2404986e833d559039b5fc58faea1963: 1636 ms
Input: 5000000,
Cold Start: false
Unique ID: fc3ef55eba0377258c0b9ba521f42966,
Execution Time for Trace ID fc3ef55eba0377258c0b9ba521f42966: 1422 ms
Input: 5000000,
Cold Start: false
Unique ID: e63124c742a55ead9afc11ad4ec3811e,
Execution Time for Trace ID e63124c742a55ead9afc11ad4ec3811e: 1490 ms
Input: 5000000,
Cold Start: false
Unique ID: f05f2c370b0482f8a89475fc0d24a84d,
Execution Time for Trace ID f05f2c370b0482f8a89475fc0d24a84d: 763 ms
Input: 5000000,
Cold Start: false
Unique ID: 7727b62fdb23383dbbcadbc130edb45f,
Execution Time for Trace ID 7727b62fdb23383dbbcadbc130edb45f: 1611 ms
Input: 5000000,
Cold Start: false
Unique ID: b68b0b11c86950ed253d801ef146fc56,
Execution Time for Trace ID b68b0b11c86950ed253d801ef146fc56: 1598 ms
Input: 5000000,
Cold Start: false
Unique ID: 99b71cd755072e8c59ea4598bf445ed5,
Execution Time for Trace ID 99b71cd755072e8c59ea4598bf445ed5: 1778 ms
Input: 5000000,
Cold Start: false
Unique ID: cd968c91f164e01da354bcec8875a3ea,
Execution Time for Trace ID cd968c91f164e01da354bcec8875a3ea: 1341 ms
Input: 5000000,
Cold Start: false
Unique ID: ccce9f433de18b3ff1b8cdf1258cd173,
Execution Time for Trace ID ccce9f433de18b3ff1b8cdf1258cd173: 1894 ms
Input: 5000000,
Cold Start: false
Unique ID: 87d03e0d5d83b26ff854cc8421f4d793,
Execution Time for Trace ID 87d03e0d5d83b26ff854cc8421f4d793: 1944 ms
Input: 5000000,
Cold Start: false
Unique ID: cbf3b28395680d73683631b8b76de919,
Execution Time for Trace ID cbf3b28395680d73683631b8b76de919: 1564 ms
Input: 5000000,
Cold Start: false
Unique ID: 3e36fc37a450df165873326583a27fa3,
Execution Time for Trace ID 3e36fc37a450df165873326583a27fa3: 2030 ms
Input: 5000000,
Cold Start: false
Unique ID: 0ec7022b5b3337e2cce6ef721569c984,
Execution Time for Trace ID 0ec7022b5b3337e2cce6ef721569c984: 1464 ms
Input: 5000000,
Cold Start: false
Unique ID: ba603ce077cdd396f068843425f3756b,
Execution Time for Trace ID ba603ce077cdd396f068843425f3756b: 1887 ms
Input: 5000000,
Cold Start: false
Unique ID: 755737b2e66dd557fe4453c86939fed6,
Execution Time for Trace ID 755737b2e66dd557fe4453c86939fed6: 1805 ms
Input: 5000000,
Cold Start: false
Unique ID: 6353cd1c9d1a99642c16b28118c24cac,
Execution Time for Trace ID 6353cd1c9d1a99642c16b28118c24cac: 1712 ms
Input: 5000000,
Cold Start: false
Unique ID: 30d49fad038461dcd6e36396951cf2f3,
Execution Time for Trace ID 30d49fad038461dcd6e36396951cf2f3: 1618 ms
Input: 5000000,
Cold Start: false
Unique ID: f78cd56b6e15d0eda6604b4039874b1f,
Execution Time for Trace ID f78cd56b6e15d0eda6604b4039874b1f: 1537 ms
Input: 5000000,
Cold Start: false
Unique ID: 91431f02f01a238a0b36604276c0f14c,
Execution Time for Trace ID 91431f02f01a238a0b36604276c0f14c: 1905 ms
Input: 5000000,
Cold Start: false
Unique ID: 97196c93949fe4b27723ae71ceee39e6,
Execution Time for Trace ID 97196c93949fe4b27723ae71ceee39e6: 1570 ms
Input: 5000000,
Cold Start: false
Unique ID: 40093ac60e7f7539fd30653fbad4f404,
Execution Time for Trace ID 40093ac60e7f7539fd30653fbad4f404: 1475 ms
Input: 5000000,
Cold Start: false
Unique ID: 1554fc48a5e9e3b04c4206e3a6965a29,
Execution Time for Trace ID 1554fc48a5e9e3b04c4206e3a6965a29: 1881 ms
Input: 5000000,
Cold Start: false
Unique ID: 51171c10d05aeba56bb0dfa01193de05,
Execution Time for Trace ID 51171c10d05aeba56bb0dfa01193de05: 1435 ms
Input: 5000000,
Cold Start: false
Unique ID: 17d24171dbf09d6f0bcecc6c263d1a25,
Execution Time for Trace ID 17d24171dbf09d6f0bcecc6c263d1a25: 2115 ms
Input: 5000000,
Cold Start: false
Unique ID: bace4e4c657f0f42db6bcae039f08b51,
Execution Time for Trace ID bace4e4c657f0f42db6bcae039f08b51: 1708 ms
Input: 5000000,
Cold Start: false
Unique ID: 164d033e8bc27b92f7d5473995c74f39,
Execution Time for Trace ID 164d033e8bc27b92f7d5473995c74f39: 1628 ms
Input: 5000000,
Cold Start: false
Unique ID: 49a31d27aeb388fa5c56d7975ce6e5b4,
Execution Time for Trace ID 49a31d27aeb388fa5c56d7975ce6e5b4: 2208 ms
Input: 5000000,
Cold Start: false
Unique ID: 75d5593032baa4e663df1b6b26610021,
Execution Time for Trace ID 75d5593032baa4e663df1b6b26610021: 1512 ms
Input: 5000000,
Cold Start: false
Unique ID: b2e18851fed4c201890672c5129eb9fe,
Execution Time for Trace ID b2e18851fed4c201890672c5129eb9fe: 1719 ms
Input: 5000000,
Cold Start: false
Unique ID: 6b0e7d7430937b1a0d837ebdea13edcb,
Execution Time for Trace ID 6b0e7d7430937b1a0d837ebdea13edcb: 1549 ms
Input: 5000000,
Cold Start: false
Unique ID: 274ae1a4172f11edf81377387a354be8,
Execution Time for Trace ID 274ae1a4172f11edf81377387a354be8: 1669 ms
Input: 5000000,
Cold Start: false
Unique ID: 595f8ecb6d3070733a4123371feb05b1,
Execution Time for Trace ID 595f8ecb6d3070733a4123371feb05b1: 2002 ms
Input: 5000000,
Cold Start: false
Unique ID: 9a0b1ef798760344b39c250d278d4bb5,
Execution Time for Trace ID 9a0b1ef798760344b39c250d278d4bb5: 1661 ms
Input: 5000000,
Cold Start: false
Unique ID: dfd6616b1a66128c2a0c2e710e672da9,
Execution Time for Trace ID dfd6616b1a66128c2a0c2e710e672da9: 2011 ms
Input: 5000000,
Cold Start: false
Unique ID: 8653645bb3503a8102343730aae47ac9,
Execution Time for Trace ID 8653645bb3503a8102343730aae47ac9: 1501 ms
Input: 5000000,
Cold Start: false
Unique ID: 6fcbcc2ce3c1d8313b650b886b2980ce,
Execution Time for Trace ID 6fcbcc2ce3c1d8313b650b886b2980ce: 1781 ms
Input: 5000000,
Cold Start: false
Unique ID: 7a5f13bb7182cf30ef0450d2451870c2,
Execution Time for Trace ID 7a5f13bb7182cf30ef0450d2451870c2: 1705 ms
Input: 5000000,
Cold Start: false
Unique ID: ce3ccf43ebfbb04d6b2f08ee529a1845,
Execution Time for Trace ID ce3ccf43ebfbb04d6b2f08ee529a1845: 1591 ms
Input: 5000000,
Cold Start: false
Unique ID: 0a1f61baf1dfab012a2b07044b2e3b36,
Execution Time for Trace ID 0a1f61baf1dfab012a2b07044b2e3b36: 1435 ms
Input: 5000000,
Cold Start: false
Unique ID: 3d4fe6d92c05347bd25cbac6ce0e4a8b,
Execution Time for Trace ID 3d4fe6d92c05347bd25cbac6ce0e4a8b: 1856 ms
Input: 5000000,
Cold Start: false
Unique ID: b75e7ab184f85780bcc502eb79d9a503,
Execution Time for Trace ID b75e7ab184f85780bcc502eb79d9a503: 1755 ms
Input: 5000000,
Cold Start: false
Unique ID: 4c8cf3b7d09b259d2978423e751b5a45,
Execution Time for Trace ID 4c8cf3b7d09b259d2978423e751b5a45: 1542 ms
Input: 5000000,
Cold Start: false
Unique ID: 0983655c3d02a7dff99b9af719db00c2,
Execution Time for Trace ID 0983655c3d02a7dff99b9af719db00c2: 1671 ms
Input: 5000000,
Cold Start: false
Unique ID: 7f42d42d132f21baa5640444bfa48665,
Execution Time for Trace ID 7f42d42d132f21baa5640444bfa48665: 1700 ms
Input: 5000000,
Cold Start: false
Unique ID: 51eb6d10fb34ac9b45fe59445595e065,
Execution Time for Trace ID 51eb6d10fb34ac9b45fe59445595e065: 1732 ms
Input: 5000000,
Cold Start: false
Unique ID: 6042dc8de2bedb2be52e47a2e61a46cf,
Execution Time for Trace ID 6042dc8de2bedb2be52e47a2e61a46cf: 1916 ms
Input: 5000000,
Cold Start: false
Unique ID: e91cd1ca749f26a7907afd1599367fec,
Execution Time for Trace ID e91cd1ca749f26a7907afd1599367fec: 1797 ms
Input: 5000000,
Cold Start: false
Unique ID: 9392a2a2d038911e9fd7b768e0454866,
Execution Time for Trace ID 9392a2a2d038911e9fd7b768e0454866: 1608 ms
Input: 5000000,
Cold Start: false
Unique ID: 5c474848b692ada2e58ee6973e803e38,
Execution Time for Trace ID 5c474848b692ada2e58ee6973e803e38: 1470 ms
Input: 5000000,
Cold Start: false
Unique ID: 8668a9a27957663eaf9a6e3a7e2886df,
Execution Time for Trace ID 8668a9a27957663eaf9a6e3a7e2886df: 1551 ms
Input: 5000000,
Cold Start: false
Unique ID: 47b3f5c213a4d80a95e84284f7dc593b,
Execution Time for Trace ID 47b3f5c213a4d80a95e84284f7dc593b: 1610 ms
Input: 5000000,
Cold Start: false
Unique ID: 385779b76213ed7f90a7ec4ae722c046,
Execution Time for Trace ID 385779b76213ed7f90a7ec4ae722c046: 1994 ms
Input: 5000000,
Cold Start: false
Unique ID: 56af3b109a1e3757132eacc71c5cd54c,
Execution Time for Trace ID 56af3b109a1e3757132eacc71c5cd54c: 1815 ms
Input: 5000000,
Cold Start: false
Unique ID: 7d3d5a57b4fb0313b497901151180684,
Execution Time for Trace ID 7d3d5a57b4fb0313b497901151180684: 2031 ms
Input: 5000000,
Cold Start: false
Unique ID: 1ba7fecdb16f5f34dc813bcee8578350,
Execution Time for Trace ID 1ba7fecdb16f5f34dc813bcee8578350: 1531 ms
Input: 5000000,
Cold Start: false
Unique ID: 5f11f4fb798e7aa8c25e1afc8b62421e,
Execution Time for Trace ID 5f11f4fb798e7aa8c25e1afc8b62421e: 1653 ms
Input: 5000000,
Cold Start: false
Unique ID: 1477dc4e38d700ded7da678e439be936,
Execution Time for Trace ID 1477dc4e38d700ded7da678e439be936: 2090 ms
Input: 5000000,
Cold Start: false
Unique ID: e92eb04667973369f45eba55d00de279,
Execution Time for Trace ID e92eb04667973369f45eba55d00de279: 1441 ms
Input: 5000000,
Cold Start: false
Unique ID: 9c64abebc12ad54d15b81bf852209429,
Execution Time for Trace ID 9c64abebc12ad54d15b81bf852209429: 1713 ms
Input: 5000000,
Cold Start: false
Unique ID: cf6f9e5b8cf33dd952322a2c4c0f5ec4,
Execution Time for Trace ID cf6f9e5b8cf33dd952322a2c4c0f5ec4: 1576 ms
Input: 5000000,
Cold Start: false
Unique ID: 5e857a6c3b16f7976d1c17b293147e22,
Execution Time for Trace ID 5e857a6c3b16f7976d1c17b293147e22: 1394 ms
Input: 5000000,
Cold Start: false
Unique ID: 02c5b4e401a8d27479b47ee599c6346d,
Execution Time for Trace ID 02c5b4e401a8d27479b47ee599c6346d: 1452 ms
Input: 5000000,
Cold Start: false
Unique ID: c925ce73aee62c9c53739e51137ed971,
Execution Time for Trace ID c925ce73aee62c9c53739e51137ed971: 1373 ms
Input: 5000000,
Cold Start: false
Unique ID: 6347428bc213910017f72ea74a9c7a12,
Execution Time for Trace ID 6347428bc213910017f72ea74a9c7a12: 1510 ms
Input: 5000000,
Cold Start: false
Unique ID: 1b8baf6473fc1f4bd6af1bc0237623be,
Execution Time for Trace ID 1b8baf6473fc1f4bd6af1bc0237623be: 1476 ms
Input: 5000000,
Cold Start: false
Unique ID: bf3cdb579546f879b398b05fea6bc60a,
Execution Time for Trace ID bf3cdb579546f879b398b05fea6bc60a: 796 ms
Input: 5000000,
Cold Start: false
Unique ID: 143acf811c1c66770b897e037b30fafc,
Execution Time for Trace ID 143acf811c1c66770b897e037b30fafc: 1517 ms
Input: 5000000,
Cold Start: false
Unique ID: d4bc73cdfca77d3f11d2ddcdef19215c,
Execution Time for Trace ID d4bc73cdfca77d3f11d2ddcdef19215c: 1566 ms
Input: 5000000,
Cold Start: false
Unique ID: 7b47073c2349a0526fb1960cb47dbd81,
Execution Time for Trace ID 7b47073c2349a0526fb1960cb47dbd81: 1760 ms
Input: 5000000,
Cold Start: false
Unique ID: feff22dd04e55612a19a81740a299f25,
Execution Time for Trace ID feff22dd04e55612a19a81740a299f25: 1448 ms
Input: 5000000,
Cold Start: false
Unique ID: cd6125fec6bd9d21b264e19d9a649fc0,
Execution Time for Trace ID cd6125fec6bd9d21b264e19d9a649fc0: 1530 ms
Input: 5000000,
Cold Start: false
Unique ID: d8d74f1d19b47eac828e5ba2d8a8f27f,
Execution Time for Trace ID d8d74f1d19b47eac828e5ba2d8a8f27f: 1425 ms
Input: 5000000,
Cold Start: false
Unique ID: 6e3566c65fc3c2a3d49e22b211a74f29,
Execution Time for Trace ID 6e3566c65fc3c2a3d49e22b211a74f29: 1707 ms
Input: 5000000,
Cold Start: false
Unique ID: f48b105c6e9fee518f40470460a28a84,
Execution Time for Trace ID f48b105c6e9fee518f40470460a28a84: 1517 ms
Input: 5000000,
Cold Start: false
Unique ID: 07b86c10c240a0b2be7d2c4b8b0e5d24,
Execution Time for Trace ID 07b86c10c240a0b2be7d2c4b8b0e5d24: 1506 ms
Input: 5000000,
Cold Start: false
Unique ID: 1d580a1ccf5778f78858a18fedd8176e,
Execution Time for Trace ID 1d580a1ccf5778f78858a18fedd8176e: 1636 ms
Input: 5000000,
Cold Start: false
Unique ID: 0f577e97bb5eeba7e1c3006e655224e6,
Execution Time for Trace ID 0f577e97bb5eeba7e1c3006e655224e6: 1262 ms
Input: 5000000,
Cold Start: false
Unique ID: 9f38a20a7939ef71be8f67bf92447668,
Execution Time for Trace ID 9f38a20a7939ef71be8f67bf92447668: 1729 ms
Input: 5000000,
Cold Start: false
Unique ID: fa3e234e39bd952eb18a10b4d1fac01b,
Execution Time for Trace ID fa3e234e39bd952eb18a10b4d1fac01b: 1578 ms
Input: 5000000,
Cold Start: false
Unique ID: 2818dba91e70a6135eccab9b54af675e,
Execution Time for Trace ID 2818dba91e70a6135eccab9b54af675e: 1464 ms
Input: 5000000,
Cold Start: false
Unique ID: a1f6edb5d8d9fc6a2294e4f582724c30,
Execution Time for Trace ID a1f6edb5d8d9fc6a2294e4f582724c30: 1410 ms
Input: 5000000,
Cold Start: false
Unique ID: 0f8dd6c149b415952595ff60e1f5eb6c,
Execution Time for Trace ID 0f8dd6c149b415952595ff60e1f5eb6c: 2019 ms
Input: 5000000,
Cold Start: false
Unique ID: 2c08a76d0289d6189d6f4994e50a1fe0,
Execution Time for Trace ID 2c08a76d0289d6189d6f4994e50a1fe0: 1406 ms
Input: 5000000,
Cold Start: false
Unique ID: 63090740e8502d15d12ea9949ca957e0,
Execution Time for Trace ID 63090740e8502d15d12ea9949ca957e0: 1607 ms
Input: 5000000,
Cold Start: false
Unique ID: 1e81c486030ca2bb2dfc18393dd177b2,
Execution Time for Trace ID 1e81c486030ca2bb2dfc18393dd177b2: 1524 ms
Input: 5000000,
Cold Start: false
Unique ID: 8bcd97ae88d7ccaf3f6635a731777611,
Execution Time for Trace ID 8bcd97ae88d7ccaf3f6635a731777611: 1557 ms
Input: 5000000,
Cold Start: false
Unique ID: 49d6599d9727f90d0c1cfaeba5bdcb48,
Execution Time for Trace ID 49d6599d9727f90d0c1cfaeba5bdcb48: 1521 ms
Input: 5000000,
Cold Start: false
Unique ID: be7ff25a024c20e9c084ec1c85d534b8,
Execution Time for Trace ID be7ff25a024c20e9c084ec1c85d534b8: 1600 ms
Input: 5000000,
Cold Start: false
Unique ID: 58255f816fdb76552cde3f2cffc6001f,
Execution Time for Trace ID 58255f816fdb76552cde3f2cffc6001f: 1575 ms
Input: 5000000,
Cold Start: false
Unique ID: 261e4cd24c2bd7f4d04596a26d1f9e25,
Execution Time for Trace ID 261e4cd24c2bd7f4d04596a26d1f9e25: 1514 ms
Input: 5000000,
Cold Start: false
Unique ID: 6d427795c703eb0eb52065dc1d12ab2d,
Execution Time for Trace ID 6d427795c703eb0eb52065dc1d12ab2d: 1488 ms
Input: 5000000,
Cold Start: false
Unique ID: faa626a64d728feb267c975b85495637,
Execution Time for Trace ID faa626a64d728feb267c975b85495637: 1339 ms
Input: 5000000,
Cold Start: false
Unique ID: 22af72f61807684c776d46a482c54d4c,
Execution Time for Trace ID 22af72f61807684c776d46a482c54d4c: 1359 ms
Input: 5000000,
Cold Start: false
Unique ID: c27b063983399529e7b1a52817f5694e,
Execution Time for Trace ID c27b063983399529e7b1a52817f5694e: 1409 ms
Input: 5000000,
Cold Start: false
Unique ID: 27f8e68a1c8f3ecb34844916497c240e,
Execution Time for Trace ID 27f8e68a1c8f3ecb34844916497c240e: 1468 ms
Input: 5000000,
Cold Start: false
Unique ID: f603c460729aeadcd8d7eb9e13c1a4ec,
Execution Time for Trace ID f603c460729aeadcd8d7eb9e13c1a4ec: 1599 ms
Input: 5000000,
Cold Start: false
Unique ID: ae6a2811ea48f7d0e269de177d9e2d69,
Execution Time for Trace ID ae6a2811ea48f7d0e269de177d9e2d69: 1527 ms
Input: 5000000,
Cold Start: false
Unique ID: 8fac9a5bbcc1f0538635be5f39e03184,
Execution Time for Trace ID 8fac9a5bbcc1f0538635be5f39e03184: 1526 ms
Input: 5000000,
Cold Start: false
Unique ID: d106fdf8069e185b8e7fd18d109315fc,
Execution Time for Trace ID d106fdf8069e185b8e7fd18d109315fc: 1337 ms
Input: 5000000,
Cold Start: false
Unique ID: ceba83f11a4a9f423ad5ab4f4c487d78,
Execution Time for Trace ID ceba83f11a4a9f423ad5ab4f4c487d78: 1609 ms
Input: 5000000,
Cold Start: false
Unique ID: 1b702f5822c27f133de41f68535be865,
Execution Time for Trace ID 1b702f5822c27f133de41f68535be865: 1430 ms
Input: 5000000,
Cold Start: false
Unique ID: 5b85ef460ffaa21bff20f1359ec529dc,
Execution Time for Trace ID 5b85ef460ffaa21bff20f1359ec529dc: 1518 ms
Input: 5000000,
Cold Start: false
Unique ID: 079783b2b8d3c8955267f9090f2ab6ad,
Execution Time for Trace ID 079783b2b8d3c8955267f9090f2ab6ad: 952 ms
Input: 5000000,
Cold Start: false
Unique ID: 64bf5ae984d25451b905417fe848d974,
Execution Time for Trace ID 64bf5ae984d25451b905417fe848d974: 1663 ms
Input: 5000000,
Cold Start: false
Unique ID: cd942a1b1b0fb7b067cc79ac6abfbc78,
Execution Time for Trace ID cd942a1b1b0fb7b067cc79ac6abfbc78: 1804 ms
Input: 5000000,
Cold Start: false
Unique ID: 86a492d8dbc17ca824663ac340b1ae52,
Execution Time for Trace ID 86a492d8dbc17ca824663ac340b1ae52: 1404 ms
Input: 5000000,
Cold Start: false
Unique ID: 1894aa49067e27b5426e0ab7dfde373a,
Execution Time for Trace ID 1894aa49067e27b5426e0ab7dfde373a: 2007 ms
Input: 5000000,
Cold Start: false
Unique ID: ee39dec4e427a5a091bc414e28c5cf0d,
Execution Time for Trace ID ee39dec4e427a5a091bc414e28c5cf0d: 1425 ms
Input: 5000000,
Cold Start: false
Unique ID: d33c3d90e0779f5ac50fba9231f3f33d,
Execution Time for Trace ID d33c3d90e0779f5ac50fba9231f3f33d: 1703 ms
Input: 5000000,
Cold Start: false
Unique ID: 778a894b99b7e6c249a1619e731a8e96,
Execution Time for Trace ID 778a894b99b7e6c249a1619e731a8e96: 1426 ms
Input: 5000000,
Cold Start: false
Unique ID: aeb4adf13b21db9b79fe7c1b55933581,
Execution Time for Trace ID aeb4adf13b21db9b79fe7c1b55933581: Not Found
Input: 5000000,
Cold Start: false
Unique ID: 0d2400dbc9ebf7139b568e4e1813595f,
Execution Time for Trace ID 0d2400dbc9ebf7139b568e4e1813595f: 1410 ms
Input: 5000000,
Cold Start: false
Unique ID: 8dbe542bf9975ffe9ab6c73711d77b2d,
Execution Time for Trace ID 8dbe542bf9975ffe9ab6c73711d77b2d: 1522 ms
Input: 5000000,
Cold Start: false
Unique ID: a7a3869feda528034c3b8156a9ada6bc,
Execution Time for Trace ID a7a3869feda528034c3b8156a9ada6bc: 1680 ms
Input: 5000000,
Cold Start: false
Unique ID: f14d1f97b38a886a10a58d2fdb7045ca,
Execution Time for Trace ID f14d1f97b38a886a10a58d2fdb7045ca: 1661 ms
Input: 5000000,
Cold Start: false
Unique ID: d6534b6b94ed7dd87fbf2aafa87801d4,
Execution Time for Trace ID d6534b6b94ed7dd87fbf2aafa87801d4: 1495 ms
Input: 5000000,
Cold Start: false
Unique ID: e8c8b0acb718b144258418bfc9862b9f,
Execution Time for Trace ID e8c8b0acb718b144258418bfc9862b9f: 1430 ms
Input: 5000000,
Cold Start: false
Unique ID: 37f0a33c0a949e7757b4d0c81e9c7f40,
Execution Time for Trace ID 37f0a33c0a949e7757b4d0c81e9c7f40: 1427 ms
Input: 5000000,
Cold Start: false
Unique ID: 1119560f6842bf6e5ed7ce3fd086d625,
Execution Time for Trace ID 1119560f6842bf6e5ed7ce3fd086d625: 1840 ms
Input: 5000000,
Cold Start: false
Unique ID: f7e4ba460c16827d06e3d6a8bfe1f396,
Execution Time for Trace ID f7e4ba460c16827d06e3d6a8bfe1f396: 1741 ms
Input: 5000000,
Cold Start: false
Unique ID: 8c37145a0c41802b9d01e7678b6a3d9d,
Execution Time for Trace ID 8c37145a0c41802b9d01e7678b6a3d9d: 1488 ms
Input: 5000000,
Cold Start: false
Unique ID: 25fdba190ec399e2209f69e72ca9d707,
Execution Time for Trace ID 25fdba190ec399e2209f69e72ca9d707: 1510 ms
Input: 5000000,
Cold Start: false
Unique ID: 23de2380f3c017efcb85a9ec3700afd9,
Execution Time for Trace ID 23de2380f3c017efcb85a9ec3700afd9: 1582 ms
Input: 5000000,
Cold Start: false
Unique ID: e578dbf2eb542481294b44017477a132,
Execution Time for Trace ID e578dbf2eb542481294b44017477a132: 1419 ms
Input: 5000000,
Cold Start: false
Unique ID: 389391307214341927d3c09363ff7d1a,
Execution Time for Trace ID 389391307214341927d3c09363ff7d1a: 1672 ms
Input: 5000000,
Cold Start: false
Unique ID: 681abaa99bb6fbc9ed3e86c5c603d69f,
Execution Time for Trace ID 681abaa99bb6fbc9ed3e86c5c603d69f: 1534 ms
Input: 5000000,
Cold Start: false
Unique ID: fde23ed06ea0f538a823245b4c818fb9,
Execution Time for Trace ID fde23ed06ea0f538a823245b4c818fb9: 1420 ms
Input: 5000000,
Cold Start: false
Unique ID: 79aabc3134b383286e3f1103aafac2a8,
Execution Time for Trace ID 79aabc3134b383286e3f1103aafac2a8: 1629 ms
Input: 5000000,
Cold Start: false
Unique ID: 68256553bb8c9f9e5bb9ae208f13b1f1,
Execution Time for Trace ID 68256553bb8c9f9e5bb9ae208f13b1f1: 1626 ms
Input: 5000000,
Cold Start: false
Unique ID: def07117612f0c0ba0eec14b6664c8f7,
Execution Time for Trace ID def07117612f0c0ba0eec14b6664c8f7: 1595 ms
Input: 5000000,
Cold Start: false
Unique ID: b0451766fbdbd273ec6c9a4fe08e04dc,
Execution Time for Trace ID b0451766fbdbd273ec6c9a4fe08e04dc: 1506 ms
Input: 5000000,
Cold Start: false
Unique ID: 3f037a8b683bf3b653746bb582037b91,
Execution Time for Trace ID 3f037a8b683bf3b653746bb582037b91: 616 ms
Input: 5000000,
Cold Start: false
Unique ID: 1a886a2972cf4b42f4d844175e52ae0e,
Execution Time for Trace ID 1a886a2972cf4b42f4d844175e52ae0e: 1605 ms
Input: 5000000,
Cold Start: false
Unique ID: ff4befd3066aaae751d0199ec29da413,
Execution Time for Trace ID ff4befd3066aaae751d0199ec29da413: 1396 ms
Input: 5000000,
Cold Start: false
Unique ID: a5a3a13e1e38b65a12ee92874ce60cfb,
Execution Time for Trace ID a5a3a13e1e38b65a12ee92874ce60cfb: 1633 ms
Input: 5000000,
Cold Start: false
Unique ID: 6f4c1da87f1d463ed2d5e284f9ed0436,
Execution Time for Trace ID 6f4c1da87f1d463ed2d5e284f9ed0436: 1714 ms
Input: 5000000,
Cold Start: false
Unique ID: 88a77d3b1bae12f935a9839957c349d2,
Execution Time for Trace ID 88a77d3b1bae12f935a9839957c349d2: 1345 ms
Input: 5000000,
Cold Start: false
Unique ID: 3099a50f7fdf952d87c31f7c974bb4ab,
Execution Time for Trace ID 3099a50f7fdf952d87c31f7c974bb4ab: 1514 ms
Input: 5000000,
Cold Start: false
Unique ID: 942e6ba0005adf0e8db97f64390437fe,
Execution Time for Trace ID 942e6ba0005adf0e8db97f64390437fe: 1409 ms
Input: 5000000,
Cold Start: false
Unique ID: cf6325b96aa874a70e3118022b0bb288,
Execution Time for Trace ID cf6325b96aa874a70e3118022b0bb288: 1531 ms
Input: 5000000,
Cold Start: false
Unique ID: 140546b60fc181eca56fcdfdf2af5174,
Execution Time for Trace ID 140546b60fc181eca56fcdfdf2af5174: 1562 ms
Input: 5000000,
Cold Start: false
Unique ID: b3243670420cf9d58ecc0044bb06024f,
Execution Time for Trace ID b3243670420cf9d58ecc0044bb06024f: 1457 ms
Input: 5000000,
Cold Start: false
Unique ID: 9a9d559569142d6817908971c1bc09a0,
Execution Time for Trace ID 9a9d559569142d6817908971c1bc09a0: 1412 ms
Input: 5000000,
Cold Start: false
Unique ID: 4b805dbf70f3741e386520599b89ba52,
Execution Time for Trace ID 4b805dbf70f3741e386520599b89ba52: 1435 ms
Input: 5000000,
Cold Start: false
Unique ID: a6fdf5765b2127661f9d7aaff52cc9df,
Execution Time for Trace ID a6fdf5765b2127661f9d7aaff52cc9df: 1415 ms
Input: 5000000,
Cold Start: false
Unique ID: 15795d9ae7828e3eabdedc9c01dce293,
Execution Time for Trace ID 15795d9ae7828e3eabdedc9c01dce293: 1414 ms
Input: 5000000,
Cold Start: false
Unique ID: f887b81ad47486c84d05c7994196e20d,
Execution Time for Trace ID f887b81ad47486c84d05c7994196e20d: 1433 ms
Input: 5000000,
Cold Start: false
Unique ID: 0b7351f13b5933471fd876fccddac3e1,
Execution Time for Trace ID 0b7351f13b5933471fd876fccddac3e1: 1334 ms
Input: 5000000,
Cold Start: false
Unique ID: 5f9c1ed92457de59f7483e1f5b317ad8,
Execution Time for Trace ID 5f9c1ed92457de59f7483e1f5b317ad8: 1621 ms
Input: 5000000,
Cold Start: false
Unique ID: c1b7607f525e2c66e899b2f1f28d141e,
Execution Time for Trace ID c1b7607f525e2c66e899b2f1f28d141e: 1344 ms
Input: 5000000,
Cold Start: false
Unique ID: 451226da238ec1bafebeb7e8c457eacb,
Execution Time for Trace ID 451226da238ec1bafebeb7e8c457eacb: 1474 ms
Input: 5000000,
Cold Start: false
Unique ID: 1937521c9bba2a6ca7dd84f7562eddb6,
Execution Time for Trace ID 1937521c9bba2a6ca7dd84f7562eddb6: 1407 ms
Input: 5000000,
Cold Start: false
Unique ID: 577a42cc15cd07c073d77bfb885c611e,
Execution Time for Trace ID 577a42cc15cd07c073d77bfb885c611e: 1535 ms
Input: 5000000,
Cold Start: false
Unique ID: dc0f172d78695850615f3c97942b2a95,
Execution Time for Trace ID dc0f172d78695850615f3c97942b2a95: 1481 ms
Input: 5000000,
Cold Start: false
Unique ID: 9ddf282c4bd46cb6992367230fab918a,
Execution Time for Trace ID 9ddf282c4bd46cb6992367230fab918a: 1523 ms
Input: 5000000,
Cold Start: false
Unique ID: 293549b2b33e1db7919c01123abf9f9e,
Execution Time for Trace ID 293549b2b33e1db7919c01123abf9f9e: 1419 ms
Input: 5000000,
Cold Start: false
Unique ID: eb665ca5e7d1318c17916c6961874b86,
Execution Time for Trace ID eb665ca5e7d1318c17916c6961874b86: 1610 ms
Input: 5000000,
Cold Start: false
Unique ID: 818309e81f502b93a2e79ef6346e16ac,
Execution Time for Trace ID 818309e81f502b93a2e79ef6346e16ac: 1606 ms
Input: 5000000,
Cold Start: false
Unique ID: bddcbd5122f4e3bae46fd32f8dce49b9,
Execution Time for Trace ID bddcbd5122f4e3bae46fd32f8dce49b9: 1455 ms
Input: 5000000,
Cold Start: false
Unique ID: 5ec24ed9c1aa88a9c8cdb4c2c76faf1f,
Execution Time for Trace ID 5ec24ed9c1aa88a9c8cdb4c2c76faf1f: 1592 ms
Input: 5000000,
Cold Start: false
Unique ID: 279554137cc8b4b86eff693780db67bf,
Execution Time for Trace ID 279554137cc8b4b86eff693780db67bf: 1510 ms
Input: 5000000,
Cold Start: false
Unique ID: 9e2a60c07892a7091d0bea9a0a3830f7,
Execution Time for Trace ID 9e2a60c07892a7091d0bea9a0a3830f7: 1484 ms
Input: 5000000,
Cold Start: false
Unique ID: 3daeab5dc6df424c1c79e32a0aac8c7e,
Execution Time for Trace ID 3daeab5dc6df424c1c79e32a0aac8c7e: 1449 ms
Input: 5000000,
Cold Start: false
Unique ID: 0716907fb8c6e414fefb889e6e4d908e,
Execution Time for Trace ID 0716907fb8c6e414fefb889e6e4d908e: 1687 ms
Input: 5000000,
Cold Start: false
Unique ID: 5115c1949c0783e648411d4f62bd4136,
Execution Time for Trace ID 5115c1949c0783e648411d4f62bd4136: 529 ms
Input: 5000000,
Cold Start: false
Unique ID: e1bfe828c7ea699abe9d16053d0bdbeb,
Execution Time for Trace ID e1bfe828c7ea699abe9d16053d0bdbeb: 1512 ms
Input: 5000000,
Cold Start: false
Unique ID: 41c21c2c3c11d46533605a732f11dc2e,
Execution Time for Trace ID 41c21c2c3c11d46533605a732f11dc2e: 1440 ms
Input: 5000000,
Cold Start: false
Unique ID: 23ce2b2f3b80156373b165a8f900033f,
Execution Time for Trace ID 23ce2b2f3b80156373b165a8f900033f: 1715 ms
Input: 5000000,
Cold Start: false
Unique ID: 3d1c0c3553ee47516b1b04a2b85d1266,
Execution Time for Trace ID 3d1c0c3553ee47516b1b04a2b85d1266: 1577 ms
Input: 5000000,
Cold Start: false
Unique ID: 9366e4085fd2e437e7154cfaa8b40735,
Execution Time for Trace ID 9366e4085fd2e437e7154cfaa8b40735: 1531 ms
Input: 5000000,
Cold Start: false
Unique ID: 7da3ceddb8321a93e206ff7d589ceea0,
Execution Time for Trace ID 7da3ceddb8321a93e206ff7d589ceea0: 1616 ms
Input: 5000000,
Cold Start: false
Unique ID: 64f65bf59d00bdedc196af727d6be15b,
Execution Time for Trace ID 64f65bf59d00bdedc196af727d6be15b: 1452 ms
Input: 5000000,
Cold Start: false
Unique ID: f0b2513041d62cae2cdb5b3495d7f43b,
Execution Time for Trace ID f0b2513041d62cae2cdb5b3495d7f43b: 1690 ms
Input: 5000000,
Cold Start: false
Unique ID: d40b4a0348b2c4d707b85e223e0337f0,
Execution Time for Trace ID d40b4a0348b2c4d707b85e223e0337f0: 1441 ms
Input: 5000000,
Cold Start: false
Unique ID: a08e3d12541b9e8601f041a1f5daea7b,
Execution Time for Trace ID a08e3d12541b9e8601f041a1f5daea7b: 1486 ms
Input: 5000000,
Cold Start: false
Unique ID: 949716aaa7cdbb8b12e874d9a289b3a0,
Execution Time for Trace ID 949716aaa7cdbb8b12e874d9a289b3a0: 730 ms
Input: 5000000,
Cold Start: false
Unique ID: c34fd5423a805d3eeb8d134ee54a597e,
Execution Time for Trace ID c34fd5423a805d3eeb8d134ee54a597e: 1546 ms
Input: 5000000,
Cold Start: false
Unique ID: cf135eec21935b6a55dcc4e915a26430,
Execution Time for Trace ID cf135eec21935b6a55dcc4e915a26430: 2218 ms
Input: 5000000,
Cold Start: false
Unique ID: 08f9d7a24777a1ebdac7d1794b54897d,
Execution Time for Trace ID 08f9d7a24777a1ebdac7d1794b54897d: 2212 ms
Input: 5000000,
Cold Start: false
Unique ID: d2872b176bf979688d4e201250234f97,
Execution Time for Trace ID d2872b176bf979688d4e201250234f97: 1961 ms
Input: 5000000,
Cold Start: false
Unique ID: 6cb8e4496526bd81377109857721644e,
Execution Time for Trace ID 6cb8e4496526bd81377109857721644e: 1696 ms
Input: 5000000,
Cold Start: false
Unique ID: 734fa354afc7836a8a57b10e24156b1f,
Execution Time for Trace ID 734fa354afc7836a8a57b10e24156b1f: 2056 ms
Input: 5000000,
Cold Start: false
Unique ID: 5e4c8ca084cfe95b0aff1f3c5fc85a18,
Execution Time for Trace ID 5e4c8ca084cfe95b0aff1f3c5fc85a18: 1626 ms
Input: 5000000,
Cold Start: false
Unique ID: 1eb5ca04f94d389e6a0ec353c7ddb0ed,
Execution Time for Trace ID 1eb5ca04f94d389e6a0ec353c7ddb0ed: 1528 ms
Input: 5000000,
Cold Start: false
Unique ID: 040679997083fbff3f2d57d86f2d64fb,
Execution Time for Trace ID 040679997083fbff3f2d57d86f2d64fb: 1633 ms
Input: 5000000,
Cold Start: false
Unique ID: 69ac5c87695c00346ec365c9a0eac80d,
Execution Time for Trace ID 69ac5c87695c00346ec365c9a0eac80d: 1457 ms
Input: 5000000,
Cold Start: false
Unique ID: 3e4a35af0bb66cf3b2b37a10eca87441,
Execution Time for Trace ID 3e4a35af0bb66cf3b2b37a10eca87441: 1584 ms
Input: 5000000,
Cold Start: false
Unique ID: 0d7e7c059694c2f3d39d02b4f64c4274,
Execution Time for Trace ID 0d7e7c059694c2f3d39d02b4f64c4274: 1598 ms
Input: 5000000,
Cold Start: false
Unique ID: 9821702b834c3418b3330d5bdd38da20,
Execution Time for Trace ID 9821702b834c3418b3330d5bdd38da20: 1452 ms
Input: 5000000,
Cold Start: false
Unique ID: 5cf0bea74b5d5d46b086cbec6c0b7773,
Execution Time for Trace ID 5cf0bea74b5d5d46b086cbec6c0b7773: 2355 ms
Input: 5000000,
Cold Start: false
Unique ID: 9853a28dfb26341087370bedfa4aae62,
Execution Time for Trace ID 9853a28dfb26341087370bedfa4aae62: 1792 ms
Input: 5000000,
Cold Start: false
Unique ID: 08540e8d5120ecb147c07a7653aceb2d,
Execution Time for Trace ID 08540e8d5120ecb147c07a7653aceb2d: 1642 ms
Input: 5000000,
Cold Start: false
Unique ID: 6e8a7ea0517d5a3f7e4089467a2c3c2f,
Execution Time for Trace ID 6e8a7ea0517d5a3f7e4089467a2c3c2f: 1549 ms
Input: 5000000,
Cold Start: false
Unique ID: b4f4f9e3f96f61d067bfb1dbeea64490,
Execution Time for Trace ID b4f4f9e3f96f61d067bfb1dbeea64490: 1441 ms
Input: 5000000,
Cold Start: false
Unique ID: f8608e47c64a0d30b1da5697bf6f3e27,
Execution Time for Trace ID f8608e47c64a0d30b1da5697bf6f3e27: 1746 ms
Input: 5000000,
Cold Start: false
Unique ID: 709a9c07225254a01f398892eb9ad2eb,
Execution Time for Trace ID 709a9c07225254a01f398892eb9ad2eb: 1586 ms
Input: 5000000,
Cold Start: false
Unique ID: 97059b8ba52af077cc93b1443ca79719,
Execution Time for Trace ID 97059b8ba52af077cc93b1443ca79719: 1522 ms
Input: 5000000,
Cold Start: false
Unique ID: 725d70a3005ffed583d93a921d8e8865,
Execution Time for Trace ID 725d70a3005ffed583d93a921d8e8865: 1803 ms
Input: 5000000,
Cold Start: false
Unique ID: 26cfae634a855cce8848dbfb0aca5614,
Execution Time for Trace ID 26cfae634a855cce8848dbfb0aca5614: 1644 ms
Input: 5000000,
Cold Start: false
Unique ID: d699b5116f79f8ede64666f58c2f7703,
Execution Time for Trace ID d699b5116f79f8ede64666f58c2f7703: 1595 ms
Input: 5000000,
Cold Start: false
Unique ID: 47c6fef296afd01d3442f930a7958470,
Execution Time for Trace ID 47c6fef296afd01d3442f930a7958470: 1491 ms
Input: 5000000,
Cold Start: false
Unique ID: e52f73a25c102627aeb8b640467d70d6,
Execution Time for Trace ID e52f73a25c102627aeb8b640467d70d6: 1820 ms
Input: 5000000,
Cold Start: false
Unique ID: 0323cc9eb6e9cc4aa775dce4537781ce,
Execution Time for Trace ID 0323cc9eb6e9cc4aa775dce4537781ce: 1755 ms
Input: 5000000,
Cold Start: false
Unique ID: 6743992351a8eba9d5b11e1ce9a1b0ce,
Execution Time for Trace ID 6743992351a8eba9d5b11e1ce9a1b0ce: 1587 ms
Input: 5000000,
Cold Start: false
Unique ID: 0efdf43cdb28b6d9408ddbdbf363917e,
Execution Time for Trace ID 0efdf43cdb28b6d9408ddbdbf363917e: 1445 ms
Input: 5000000,
Cold Start: false
Unique ID: b520d18ba4e22f72f769c215bc86f8dc,
Execution Time for Trace ID b520d18ba4e22f72f769c215bc86f8dc: 1538 ms
Input: 5000000,
Cold Start: false
Unique ID: 0e482828be4873f3169d92b6154088b8,
Execution Time for Trace ID 0e482828be4873f3169d92b6154088b8: 1383 ms
Input: 5000000,
Cold Start: false
Unique ID: 3e00f58ed55fb8585115ac1dc3262b34,
Execution Time for Trace ID 3e00f58ed55fb8585115ac1dc3262b34: 1620 ms
Input: 5000000,
Cold Start: false
Unique ID: ce813477b9dee4b9680b7094175bb912,
Execution Time for Trace ID ce813477b9dee4b9680b7094175bb912: 1632 ms
Input: 5000000,
Cold Start: false
Unique ID: 40f28f72afcfd5b3e23af04be01baf27,
Execution Time for Trace ID 40f28f72afcfd5b3e23af04be01baf27: 1476 ms
Input: 5000000,
Cold Start: false
Unique ID: 7de943f22e77a9bbf3539e687f868bbe,
Execution Time for Trace ID 7de943f22e77a9bbf3539e687f868bbe: 2210 ms
Input: 5000000,
Cold Start: false
Unique ID: 9bf41c50173a997a35e3268459c8faff,
Execution Time for Trace ID 9bf41c50173a997a35e3268459c8faff: 1491 ms
Input: 5000000,
Cold Start: false
Unique ID: 8feabfd8de08d72ac0c001f0dd8f180c,
Execution Time for Trace ID 8feabfd8de08d72ac0c001f0dd8f180c: 1352 ms
Input: 5000000,
Cold Start: false
Unique ID: 235699cceed8ef95a0777b07e8810618,
Execution Time for Trace ID 235699cceed8ef95a0777b07e8810618: 2122 ms
Input: 5000000,
Cold Start: false
Unique ID: f959a425fcb0fb01379d7057fbb53de4,
Execution Time for Trace ID f959a425fcb0fb01379d7057fbb53de4: 1740 ms
Input: 5000000,
Cold Start: false
Unique ID: e1cf83ebdc0ffcbe3947d9920c55b6de,
Execution Time for Trace ID e1cf83ebdc0ffcbe3947d9920c55b6de: 1651 ms
Input: 5000000,
Cold Start: false
Unique ID: 0e07abe91c36883d570279152ecab9d4,
Execution Time for Trace ID 0e07abe91c36883d570279152ecab9d4: 525 ms
Input: 5000000,
Cold Start: false
Unique ID: d8b33256c6f4aafecc74eab0018386f6,
Execution Time for Trace ID d8b33256c6f4aafecc74eab0018386f6: 1648 ms
Input: 5000000,
Cold Start: false
Unique ID: a075689d48eb44fb050202a372be44b1,
Execution Time for Trace ID a075689d48eb44fb050202a372be44b1: 1353 ms
Input: 5000000,
Cold Start: false
Unique ID: e8d01519f76d655c9f70682601733fb8,
Execution Time for Trace ID e8d01519f76d655c9f70682601733fb8: 1823 ms
Input: 5000000,
Cold Start: false
Unique ID: 2fc07059e10b2e2842ba9a47763ec263,
Execution Time for Trace ID 2fc07059e10b2e2842ba9a47763ec263: 1730 ms
Input: 5000000,
Cold Start: false
Unique ID: 8fa21c24e925fda8fd445153c53283bc,
Execution Time for Trace ID 8fa21c24e925fda8fd445153c53283bc: 1578 ms
Input: 5000000,
Cold Start: false
Unique ID: d61a26326650c38c3b79081a2abd2983,
Execution Time for Trace ID d61a26326650c38c3b79081a2abd2983: 1669 ms
Input: 5000000,
Cold Start: false
Unique ID: 8cbf1f87434e194424db977313654266,
Execution Time for Trace ID 8cbf1f87434e194424db977313654266: 1518 ms
Input: 5000000,
Cold Start: false
Unique ID: 2f2919b372394c425839157967917c52,
Execution Time for Trace ID 2f2919b372394c425839157967917c52: 570 ms
Input: 5000000,
Cold Start: false
Unique ID: 25a00e775db12a2342e47a7cd80bd255,
Execution Time for Trace ID 25a00e775db12a2342e47a7cd80bd255: 1635 ms
Input: 5000000,
Cold Start: false
Unique ID: b0bfc45707647b4d2c2ae2d3f1301bea,
Execution Time for Trace ID b0bfc45707647b4d2c2ae2d3f1301bea: 1428 ms
Input: 5000000,
Cold Start: false
Unique ID: 01f0fe7eeeef095b685dc2517a58f54d,
Execution Time for Trace ID 01f0fe7eeeef095b685dc2517a58f54d: 1648 ms
Input: 5000000,
Cold Start: false
Unique ID: 7146cfa297ef024cd16103979f8fa649,
Execution Time for Trace ID 7146cfa297ef024cd16103979f8fa649: 2114 ms
Input: 5000000,
Cold Start: false
Unique ID: 23dd25d04a05130e6ced8e903de4a710,
Execution Time for Trace ID 23dd25d04a05130e6ced8e903de4a710: 1641 ms
Input: 5000000,
Cold Start: false
Unique ID: 08856e1ed7eb1efc296cae4c08b501f9,
Execution Time for Trace ID 08856e1ed7eb1efc296cae4c08b501f9: 1352 ms
Input: 5000000,
Cold Start: false
Unique ID: 8c2b084c6585cf65f695bba6bbc6e19c,
Execution Time for Trace ID 8c2b084c6585cf65f695bba6bbc6e19c: 1777 ms
Input: 5000000,
Cold Start: false
Unique ID: 61b4c0716d7556b193baf713512396d6,
Execution Time for Trace ID 61b4c0716d7556b193baf713512396d6: 1420 ms
Input: 5000000,
Cold Start: false
Unique ID: 46d2729f714bcd7de5a774bec94afb77,
Execution Time for Trace ID 46d2729f714bcd7de5a774bec94afb77: 1431 ms
Input: 5000000,
Cold Start: false
Unique ID: e21c6a851d6a27534c93c37b32ad002f,
Execution Time for Trace ID e21c6a851d6a27534c93c37b32ad002f: 1489 ms
Input: 5000000,
Cold Start: false
Unique ID: 046a461e4f72a9a4a902064795ec1b02,
Execution Time for Trace ID 046a461e4f72a9a4a902064795ec1b02: 1537 ms
Input: 5000000,
Cold Start: false
Unique ID: 4dd1ee15075d05bed47f71c059aa0761,
Execution Time for Trace ID 4dd1ee15075d05bed47f71c059aa0761: 1486 ms
Input: 5000000,
Cold Start: false
Unique ID: 2ca3bedcb1a609bbedbb18a8c7b20502,
Execution Time for Trace ID 2ca3bedcb1a609bbedbb18a8c7b20502: 1418 ms
Input: 5000000,
Cold Start: false
Unique ID: dd0bb2e942a5ca96091e9162297ab08f,
Execution Time for Trace ID dd0bb2e942a5ca96091e9162297ab08f: 2044 ms
Input: 5000000,
Cold Start: false
Unique ID: 5fbd33c68f959ab2fc09a1004ec72662,
Execution Time for Trace ID 5fbd33c68f959ab2fc09a1004ec72662: 1854 ms
Input: 5000000,
Cold Start: false
Unique ID: e02bbebd8be7e38b21eea654c815648a,
Execution Time for Trace ID e02bbebd8be7e38b21eea654c815648a: 1416 ms
Input: 5000000,
Cold Start: false
Unique ID: 58b428fcd0ff7d0e2cdd83a68c8d4c42,
Execution Time for Trace ID 58b428fcd0ff7d0e2cdd83a68c8d4c42: 1612 ms
Input: 5000000,
Cold Start: false
Unique ID: 0ed6e40b54b5071ec1c567e0c75162da,
Execution Time for Trace ID 0ed6e40b54b5071ec1c567e0c75162da: 1497 ms
Input: 5000000,
Cold Start: false
Unique ID: 6ea4ca51d49a3db58af9fcf082461b75,
Execution Time for Trace ID 6ea4ca51d49a3db58af9fcf082461b75: 1353 ms
Input: 5000000,
Cold Start: false
Unique ID: 89ab3587cda9b286d2c022155e80bd0e,
Execution Time for Trace ID 89ab3587cda9b286d2c022155e80bd0e: 1650 ms
Input: 5000000,
Cold Start: false
Unique ID: b4fd2012a67744927017edf650f2c69a,
Execution Time for Trace ID b4fd2012a67744927017edf650f2c69a: 1331 ms
Input: 5000000,
Cold Start: false
Unique ID: 978fa59695a71b5f8f4f5d54b426f0e4,
Execution Time for Trace ID 978fa59695a71b5f8f4f5d54b426f0e4: 1694 ms
Input: 5000000,
Cold Start: false
Unique ID: 3be0fb676eef64903543cc270e3750a6,
Execution Time for Trace ID 3be0fb676eef64903543cc270e3750a6: 1946 ms
Input: 5000000,
Cold Start: false
Unique ID: 811487d58c7c64b3105abcd669b53b48,
Execution Time for Trace ID 811487d58c7c64b3105abcd669b53b48: 1425 ms
Input: 5000000,
Cold Start: false
Unique ID: a0494ac6fa843989f9ff0de0554d2ba3,
Execution Time for Trace ID a0494ac6fa843989f9ff0de0554d2ba3: 1935 ms
Input: 5000000,
Cold Start: false
Unique ID: 714747724a0b7774c5a1634df347a3fd,
Execution Time for Trace ID 714747724a0b7774c5a1634df347a3fd: 1592 ms
Input: 5000000,
Cold Start: false
Unique ID: 415e512e9970a81af21a2c41e506b142,
Execution Time for Trace ID 415e512e9970a81af21a2c41e506b142: 1356 ms
Input: 5000000,
Cold Start: false
Unique ID: b06ca010dd09b6538bc3c445c0e408af,
Execution Time for Trace ID b06ca010dd09b6538bc3c445c0e408af: 1753 ms
Input: 5000000,
Cold Start: false
Unique ID: 1ea07f01d8a5c35802a202c5a846106b,
Execution Time for Trace ID 1ea07f01d8a5c35802a202c5a846106b: 1516 ms
Input: 5000000,
Cold Start: false
Unique ID: 3679442f99d1a7f78a09ec1a2d49d90e,
Execution Time for Trace ID 3679442f99d1a7f78a09ec1a2d49d90e: 1850 ms
Input: 5000000,
Cold Start: false
Unique ID: aa5d5d3c753f4325797d12bbf4eee104,
Execution Time for Trace ID aa5d5d3c753f4325797d12bbf4eee104: 1516 ms
Input: 5000000,
Cold Start: false
Unique ID: 09d4d77134cea331630e3d08d43bec82,
Execution Time for Trace ID 09d4d77134cea331630e3d08d43bec82: 1611 ms
Input: 5000000,
Cold Start: false
Unique ID: 6a25bc10cf11565f79a7cffbd337db41,
Execution Time for Trace ID 6a25bc10cf11565f79a7cffbd337db41: 1842 ms
Input: 5000000,
Cold Start: false
Unique ID: 789c09900c90ed3f92708bd207390148,
Execution Time for Trace ID 789c09900c90ed3f92708bd207390148: 1584 ms
Input: 5000000,
Cold Start: false
Unique ID: dc1e9ff0d7e7bb5091b1b3e769ed64d2,
Execution Time for Trace ID dc1e9ff0d7e7bb5091b1b3e769ed64d2: 1356 ms
Input: 5000000,
Cold Start: false
Unique ID: 6f5767f5ef65da11f8b3e230d58ac9d2,
Execution Time for Trace ID 6f5767f5ef65da11f8b3e230d58ac9d2: 1849 ms
Input: 5000000,
Cold Start: false
Unique ID: 2e2e7b22fd8bf598142688fc684a9160,
Execution Time for Trace ID 2e2e7b22fd8bf598142688fc684a9160: 2146 ms
Input: 5000000,
Cold Start: false
Unique ID: ed7273d4fb555ac7d70c13cab774e3f5,
Execution Time for Trace ID ed7273d4fb555ac7d70c13cab774e3f5: 1546 ms
Input: 5000000,
Cold Start: false
Unique ID: c31ea5cdb41ccaa8146e03d9ce97690b,
Execution Time for Trace ID c31ea5cdb41ccaa8146e03d9ce97690b: 1519 ms
Input: 5000000,
Cold Start: false
Unique ID: 88cf1cda24cf5b8f7318fb96b3182972,
Execution Time for Trace ID 88cf1cda24cf5b8f7318fb96b3182972: 1751 ms
Input: 5000000,
Cold Start: false
Unique ID: 4e96fe3afe78189954a6b80dfc5bcfc6,
Execution Time for Trace ID 4e96fe3afe78189954a6b80dfc5bcfc6: 1516 ms
Input: 5000000,
Cold Start: false
Unique ID: 1109ff0a04ef585ceed28940185c9e59,
Execution Time for Trace ID 1109ff0a04ef585ceed28940185c9e59: 1432 ms
Input: 5000000,
Cold Start: false
Unique ID: ec93b86fe6ea5d7b52d6f978684e0a84,
Execution Time for Trace ID ec93b86fe6ea5d7b52d6f978684e0a84: 1668 ms
Input: 5000000,
Cold Start: false
Unique ID: bd1c5b9ec58f71395435b98cf5b6f5b2,
Execution Time for Trace ID bd1c5b9ec58f71395435b98cf5b6f5b2: 1595 ms
Input: 5000000,
Cold Start: false
Unique ID: 33fd4b07c2ac1819c1b1e889fb2108f1,
Execution Time for Trace ID 33fd4b07c2ac1819c1b1e889fb2108f1: 1435 ms
Input: 5000000,
Cold Start: false
Unique ID: 29b0930baa173b10c11f99ae2af89db3,
Execution Time for Trace ID 29b0930baa173b10c11f99ae2af89db3: 1524 ms
Input: 5000000,
Cold Start: false
Unique ID: 664f293432904ae5b459ea5b4f55bdb1,
Execution Time for Trace ID 664f293432904ae5b459ea5b4f55bdb1: 1340 ms
Input: 5000000,
Cold Start: false
Unique ID: eb5cfb175f5de7db9cb33f27fbf2754f,
Execution Time for Trace ID eb5cfb175f5de7db9cb33f27fbf2754f: 1592 ms
Input: 5000000,
Cold Start: false
Unique ID: 20866a608299d7d4b7721fb826513849,
Execution Time for Trace ID 20866a608299d7d4b7721fb826513849: 1581 ms
Input: 5000000,
Cold Start: false
Unique ID: db21e614082c7e9cfea06cd846693a7a,
Execution Time for Trace ID db21e614082c7e9cfea06cd846693a7a: 535 ms
Input: 5000000,
Cold Start: false
Unique ID: 2588709d102df3fda3ae6aa502c8e59d,
Execution Time for Trace ID 2588709d102df3fda3ae6aa502c8e59d: 1585 ms
Input: 5000000,
Cold Start: false
Unique ID: 292faa24675ac54df0dde14e736ca7fe,
Execution Time for Trace ID 292faa24675ac54df0dde14e736ca7fe: 1587 ms
Input: 5000000,
Cold Start: false
Unique ID: b826b11ce5cd72ed080ce2b5da6109f1,
Execution Time for Trace ID b826b11ce5cd72ed080ce2b5da6109f1: 1673 ms
Input: 5000000,
Cold Start: false
Unique ID: 16b9f751dd9e719aac2586e0f51b88d3,
Execution Time for Trace ID 16b9f751dd9e719aac2586e0f51b88d3: 1495 ms
Input: 5000000,
Cold Start: false
Unique ID: eb02f50b54e99feffcceb9d40e334519,
Execution Time for Trace ID eb02f50b54e99feffcceb9d40e334519: 1571 ms
Input: 5000000,
Cold Start: false
Unique ID: 69b2869ed8bffd217abdd113f3846d4b,
Execution Time for Trace ID 69b2869ed8bffd217abdd113f3846d4b: 1754 ms
Input: 5000000,
Cold Start: false
Unique ID: 06783bc2bea24e927168eaaeb09c2048,
Execution Time for Trace ID 06783bc2bea24e927168eaaeb09c2048: 1684 ms
Input: 5000000,
Cold Start: false
Unique ID: ea6cde64e7a45752febd482fd2837be3,
Execution Time for Trace ID ea6cde64e7a45752febd482fd2837be3: 1815 ms
Input: 5000000,
Cold Start: false
Unique ID: b25cbe45807a2d33f311730213d888f5,
Execution Time for Trace ID b25cbe45807a2d33f311730213d888f5: 1534 ms
Input: 5000000,
Cold Start: false
Unique ID: 71b333cd3940231b83b152d2e6f04747,
Execution Time for Trace ID 71b333cd3940231b83b152d2e6f04747: 2188 ms
Input: 5000000,
Cold Start: false
Unique ID: 69e246a2ac0ca75a831ebabbf9cfa8ad,
Execution Time for Trace ID 69e246a2ac0ca75a831ebabbf9cfa8ad: 1844 ms
Input: 5000000,
Cold Start: false
Unique ID: 9bbea7ee7a1bb7d73ef522b3048d89fc,
Execution Time for Trace ID 9bbea7ee7a1bb7d73ef522b3048d89fc: 1360 ms
Input: 5000000,
Cold Start: false
Unique ID: 56ec5c387a840a8ee6b18e7f6b039508,
Execution Time for Trace ID 56ec5c387a840a8ee6b18e7f6b039508: 2112 ms
Input: 5000000,
Cold Start: false
Unique ID: 1213ced0795263734c46420dfd58224a,
Execution Time for Trace ID 1213ced0795263734c46420dfd58224a: 1616 ms
Input: 5000000,
Cold Start: false
Unique ID: 9892f180e59ae8a6f82b11feeaef78f0,
Execution Time for Trace ID 9892f180e59ae8a6f82b11feeaef78f0: 2076 ms
Input: 5000000,
Cold Start: false
Unique ID: 7aeadcf05d47ac848f23db69d320da2f,
Execution Time for Trace ID 7aeadcf05d47ac848f23db69d320da2f: 3393 ms
Input: 5000000,
Cold Start: false
Unique ID: 504c2f08c4c72140484f9cf526e369f0,
Execution Time for Trace ID 504c2f08c4c72140484f9cf526e369f0: 2015 ms
Input: 5000000,
Cold Start: false
Unique ID: 5fd8a6e3fdea18e5fd0778e951717642,
Execution Time for Trace ID 5fd8a6e3fdea18e5fd0778e951717642: 1432 ms
Input: 5000000,
Cold Start: false
Unique ID: c515621cae4608a53859e52d378a1715,
Execution Time for Trace ID c515621cae4608a53859e52d378a1715: 2157 ms
Input: 5000000,
Cold Start: false
Unique ID: 952d9c1689d2e21828baca2c37aaa24b,
Execution Time for Trace ID 952d9c1689d2e21828baca2c37aaa24b: 2153 ms
Input: 5000000,
Cold Start: false
