Unique ID: 2a60f5a8-65db-486e-a575-b4c548abbe49,
Billed Duration for Request 2a60f5a8-65db-486e-a575-b4c548abbe49: 2135 ms
Input: 5750000,
Cold Start: false
Unique ID: de8e9214-2bf9-4e93-bdb2-6a1d2eabbfd9,
Billed Duration for Request de8e9214-2bf9-4e93-bdb2-6a1d2eabbfd9: 2215 ms
Input: 5750000,
Cold Start: false
Unique ID: 8dbb2321-1d8f-4e46-bfc5-f4a6f0657e7f,
Billed Duration for Request 8dbb2321-1d8f-4e46-bfc5-f4a6f0657e7f: 2121 ms
Input: 5750000,
Cold Start: false
Unique ID: 62c4aeb3-544a-4a56-841f-5e6090ad3b69,
Billed Duration for Request 62c4aeb3-544a-4a56-841f-5e6090ad3b69: 2190 ms
Input: 5750000,
Cold Start: false
Unique ID: 45a654d1-2ec7-4d39-a1f4-110d1016f7d1,
Billed Duration for Request 45a654d1-2ec7-4d39-a1f4-110d1016f7d1: 2186 ms
Input: 5750000,
Cold Start: false
Unique ID: c41c923e-2860-4f11-a6c2-3b869aeaf68f,
Billed Duration for Request c41c923e-2860-4f11-a6c2-3b869aeaf68f: 2259 ms
Input: 5750000,
Cold Start: false
Unique ID: b7ff50ab-bdc7-4bfb-84fe-e738083bfa21,
Billed Duration for Request b7ff50ab-bdc7-4bfb-84fe-e738083bfa21: 2224 ms
Input: 5750000,
Cold Start: false
Unique ID: 83b80f1c-1db3-42ee-8fff-9cf9e8e4b68b,
Billed Duration for Request 83b80f1c-1db3-42ee-8fff-9cf9e8e4b68b: 2116 ms
Input: 5750000,
Cold Start: false
Unique ID: 77a42f9a-0c5b-47fc-81c9-d8c635b88207,
Billed Duration for Request 77a42f9a-0c5b-47fc-81c9-d8c635b88207: 2194 ms
Input: 5750000,
Cold Start: false
Unique ID: 449baf4f-115e-429f-bd3d-59a7f2bc3679,
Billed Duration for Request 449baf4f-115e-429f-bd3d-59a7f2bc3679: 2134 ms
Input: 5750000,
Cold Start: false
Unique ID: 7fac6738-5f9f-4f12-b54f-ef45b9b65c06,
Billed Duration for Request 7fac6738-5f9f-4f12-b54f-ef45b9b65c06: 2058 ms
Input: 5750000,
Cold Start: false
Unique ID: 6a6c7900-07f5-4c90-8b9b-d101bca3ddec,
Billed Duration for Request 6a6c7900-07f5-4c90-8b9b-d101bca3ddec: 2061 ms
Input: 5750000,
Cold Start: false
Unique ID: fbb34e5b-ea79-426a-b512-8dcb8cd89507,
Billed Duration for Request fbb34e5b-ea79-426a-b512-8dcb8cd89507: 2108 ms
Input: 5750000,
Cold Start: false
Unique ID: a60578a9-a3dd-4796-bbbb-7783c8ecee39,
Billed Duration for Request a60578a9-a3dd-4796-bbbb-7783c8ecee39: 2195 ms
Input: 5750000,
Cold Start: false
Unique ID: aa66cebd-9a18-4be8-a2d3-0239f341bf8b,
Billed Duration for Request aa66cebd-9a18-4be8-a2d3-0239f341bf8b: 2118 ms
Input: 5750000,
Cold Start: false
Unique ID: cc096ef7-4678-4965-8108-7c1b2a1fc2a9,
Billed Duration for Request cc096ef7-4678-4965-8108-7c1b2a1fc2a9: 2217 ms
Input: 5750000,
Cold Start: false
Unique ID: 6b455de7-59cc-4eaa-a960-4d5ef25f8b88,
Billed Duration for Request 6b455de7-59cc-4eaa-a960-4d5ef25f8b88: 2056 ms
Input: 5750000,
Cold Start: false
Unique ID: 83a70f9f-d278-4b98-bbbe-4dc6c5860485,
Billed Duration for Request 83a70f9f-d278-4b98-bbbe-4dc6c5860485: 2144 ms
Input: 5750000,
Cold Start: false
Unique ID: 654ef727-abbe-43d7-aec4-cf14434d91d0,
Billed Duration for Request 654ef727-abbe-43d7-aec4-cf14434d91d0: 2037 ms
Input: 5750000,
Cold Start: false
Unique ID: 7ab84d02-95a8-4caf-a776-89b0080cd223,
Billed Duration for Request 7ab84d02-95a8-4caf-a776-89b0080cd223: 2151 ms
Input: 5750000,
Cold Start: false
Unique ID: b14e5f07-6365-4689-b366-fc9faaa225d3,
Billed Duration for Request b14e5f07-6365-4689-b366-fc9faaa225d3: 2012 ms
Input: 5750000,
Cold Start: false
Unique ID: 4e295fb1-db9f-4bd5-a75d-5ce21d127b02,
Billed Duration for Request 4e295fb1-db9f-4bd5-a75d-5ce21d127b02: 2028 ms
Input: 5750000,
Cold Start: false
Unique ID: ba463149-38dd-470b-95da-bfd4295cd231,
Billed Duration for Request ba463149-38dd-470b-95da-bfd4295cd231: 2102 ms
Input: 5750000,
Cold Start: false
Unique ID: 7fc4fb86-dd96-4f86-bd76-e823d6299de4,
Billed Duration for Request 7fc4fb86-dd96-4f86-bd76-e823d6299de4: 2125 ms
Input: 5750000,
Cold Start: false
Unique ID: 30c3ee80-d414-477f-b6fe-ad98eaf3a479,
Billed Duration for Request 30c3ee80-d414-477f-b6fe-ad98eaf3a479: 2090 ms
Input: 5750000,
Cold Start: false
Unique ID: 53826bfb-ed1d-4ebf-bcef-cb872a456f96,
Billed Duration for Request 53826bfb-ed1d-4ebf-bcef-cb872a456f96: 2123 ms
Input: 5750000,
Cold Start: false
Unique ID: 5e687e16-497a-4a52-bc79-ea7c2e496ed9,
Billed Duration for Request 5e687e16-497a-4a52-bc79-ea7c2e496ed9: 2050 ms
Input: 5750000,
Cold Start: false
Unique ID: b45e2bb0-25ee-49bc-8a88-d7f0dbe3adc7,
Billed Duration for Request b45e2bb0-25ee-49bc-8a88-d7f0dbe3adc7: 2104 ms
Input: 5750000,
Cold Start: false
Unique ID: 03a11fc2-cdb5-4888-a8ca-9a4e6a79b544,
Billed Duration for Request 03a11fc2-cdb5-4888-a8ca-9a4e6a79b544: 2068 ms
Input: 5750000,
Cold Start: false
Unique ID: 8327b3a7-69d7-4461-b18c-09dcbc893b57,
Billed Duration for Request 8327b3a7-69d7-4461-b18c-09dcbc893b57: 2138 ms
Input: 5750000,
Cold Start: false
Unique ID: f853252f-c161-4094-af55-980839413b50,
Billed Duration for Request f853252f-c161-4094-af55-980839413b50: 2012 ms
Input: 5750000,
Cold Start: false
Unique ID: 6ac4dd78-8a06-4305-9d51-88810a2ce0d3,
Billed Duration for Request 6ac4dd78-8a06-4305-9d51-88810a2ce0d3: 2038 ms
Input: 5750000,
Cold Start: false
Unique ID: 64a76b15-f892-4a58-afcc-f0d19796419e,
Billed Duration for Request 64a76b15-f892-4a58-afcc-f0d19796419e: 2126 ms
Input: 5750000,
Cold Start: false
Unique ID: e5735e22-9b2d-4147-9423-915fbd9a6646,
Billed Duration for Request e5735e22-9b2d-4147-9423-915fbd9a6646: 2127 ms
Input: 5750000,
Cold Start: false
Unique ID: a8677a68-33b9-47ab-bb91-97a668dc4648,
Billed Duration for Request a8677a68-33b9-47ab-bb91-97a668dc4648: 2086 ms
Input: 5750000,
Cold Start: false
Unique ID: 5f357f80-d4ba-4de2-8f14-3dac4ed3d6dc,
Billed Duration for Request 5f357f80-d4ba-4de2-8f14-3dac4ed3d6dc: 2112 ms
Input: 5750000,
Cold Start: false
Unique ID: f76f2bd3-f8c2-488f-a176-6e2d5bfce4b7,
Billed Duration for Request f76f2bd3-f8c2-488f-a176-6e2d5bfce4b7: 2033 ms
Input: 5750000,
Cold Start: false
Unique ID: 6561b863-2233-4fd5-b44c-17589ca1c3d6,
Billed Duration for Request 6561b863-2233-4fd5-b44c-17589ca1c3d6: 2091 ms
Input: 5750000,
Cold Start: false
Unique ID: 09dcdba0-a527-427b-b63d-b20641cdc446,
Billed Duration for Request 09dcdba0-a527-427b-b63d-b20641cdc446: 2035 ms
Input: 5750000,
Cold Start: false
Unique ID: 81b2a536-bbc3-472a-a418-184084f91604,
Billed Duration for Request 81b2a536-bbc3-472a-a418-184084f91604: 2157 ms
Input: 5750000,
Cold Start: false
Unique ID: ae7cee48-4c9e-4c94-bfdd-03b9f7dd6f79,
Billed Duration for Request ae7cee48-4c9e-4c94-bfdd-03b9f7dd6f79: 2039 ms
Input: 5750000,
Cold Start: false
Unique ID: 556739bc-5f37-44c6-b3e1-5292d583b1f6,
Billed Duration for Request 556739bc-5f37-44c6-b3e1-5292d583b1f6: 2029 ms
Input: 5750000,
Cold Start: false
Unique ID: 8de62086-7457-4130-9bf0-e860c2e832aa,
Billed Duration for Request 8de62086-7457-4130-9bf0-e860c2e832aa: 2091 ms
Input: 5750000,
Cold Start: false
Unique ID: d0509714-1fd6-4000-844f-874ef0079682,
Billed Duration for Request d0509714-1fd6-4000-844f-874ef0079682: 2114 ms
Input: 5750000,
Cold Start: false
Unique ID: fe14cf6e-cb3c-4164-9fbb-9c3e0f40fbc9,
Billed Duration for Request fe14cf6e-cb3c-4164-9fbb-9c3e0f40fbc9: 2130 ms
Input: 5750000,
Cold Start: false
Unique ID: 18156457-6675-4cdd-873d-412b238f9e7c,
Billed Duration for Request 18156457-6675-4cdd-873d-412b238f9e7c: 2182 ms
Input: 5750000,
Cold Start: false
Unique ID: e591d397-d932-4a19-aaf0-179494d01ca3,
Billed Duration for Request e591d397-d932-4a19-aaf0-179494d01ca3: 2056 ms
Input: 5750000,
Cold Start: false
Unique ID: f231136b-a0f2-4474-afc7-ed51c8225690,
Billed Duration for Request f231136b-a0f2-4474-afc7-ed51c8225690: 2083 ms
Input: 5750000,
Cold Start: false
Unique ID: 7a6204eb-234e-4f04-a85e-1cfb4d2fd078,
Billed Duration for Request 7a6204eb-234e-4f04-a85e-1cfb4d2fd078: 2067 ms
Input: 5750000,
Cold Start: false
Unique ID: 0ee31eb9-261f-46fe-950e-f34c52c80f5d,
Billed Duration for Request 0ee31eb9-261f-46fe-950e-f34c52c80f5d: 2136 ms
Input: 5750000,
Cold Start: false
Unique ID: d1800555-9b0a-4a2a-a78e-b5541afeecd1,
Billed Duration for Request d1800555-9b0a-4a2a-a78e-b5541afeecd1: 2031 ms
Input: 5750000,
Cold Start: false
Unique ID: fc2f069b-8d5a-48e8-82aa-0d90375dc644,
Billed Duration for Request fc2f069b-8d5a-48e8-82aa-0d90375dc644: 2039 ms
Input: 5750000,
Cold Start: false
Unique ID: e309e8ca-6eb8-49e9-b3d7-5f21e178b3a6,
Billed Duration for Request e309e8ca-6eb8-49e9-b3d7-5f21e178b3a6: 2170 ms
Input: 5750000,
Cold Start: false
Unique ID: f83e0ae5-beea-4013-95d2-985947de50e2,
Billed Duration for Request f83e0ae5-beea-4013-95d2-985947de50e2: 2126 ms
Input: 5750000,
Cold Start: false
Unique ID: 7f57d5bf-b3d5-4137-9a43-a50de9e45dc7,
Billed Duration for Request 7f57d5bf-b3d5-4137-9a43-a50de9e45dc7: 2126 ms
Input: 5750000,
Cold Start: false
Unique ID: ee67894d-cecd-480f-ad03-90115e5328eb,
Billed Duration for Request ee67894d-cecd-480f-ad03-90115e5328eb: 2053 ms
Input: 5750000,
Cold Start: false
Unique ID: c65bd986-d901-4fe9-9482-87433d643a52,
Billed Duration for Request c65bd986-d901-4fe9-9482-87433d643a52: 2080 ms
Input: 5750000,
Cold Start: false
Unique ID: f2fb7e10-fc71-4da9-89b9-ccaa474144bc,
Billed Duration for Request f2fb7e10-fc71-4da9-89b9-ccaa474144bc: 2066 ms
Input: 5750000,
Cold Start: false
Unique ID: 10b6afc8-0f5b-466a-89d1-f975ec458592,
Billed Duration for Request 10b6afc8-0f5b-466a-89d1-f975ec458592: 2128 ms
Input: 5750000,
Cold Start: false
Unique ID: 77038826-5d2e-4a10-9fea-eebea9dc696a,
Billed Duration for Request 77038826-5d2e-4a10-9fea-eebea9dc696a: 2017 ms
Input: 5750000,
Cold Start: false
Unique ID: bda9af28-f145-4b73-b673-972c58b2bc2f,
Billed Duration for Request bda9af28-f145-4b73-b673-972c58b2bc2f: 2134 ms
Input: 5750000,
Cold Start: false
Unique ID: 4925fc54-c32d-4176-bc63-9d90fcca81d1,
Billed Duration for Request 4925fc54-c32d-4176-bc63-9d90fcca81d1: 2060 ms
Input: 5750000,
Cold Start: false
Unique ID: b1f5d560-7876-46a1-bf3a-71a8b53ee85a,
Billed Duration for Request b1f5d560-7876-46a1-bf3a-71a8b53ee85a: 2128 ms
Input: 5750000,
Cold Start: false
Unique ID: 77d5a42e-f23c-40bd-a0f7-220ec7459642,
Billed Duration for Request 77d5a42e-f23c-40bd-a0f7-220ec7459642: 2111 ms
Input: 5750000,
Cold Start: false
Unique ID: 3dcfad9f-b64e-497f-9cc5-8e8c0143633e,
Billed Duration for Request 3dcfad9f-b64e-497f-9cc5-8e8c0143633e: 2089 ms
Input: 5750000,
Cold Start: false
Unique ID: 727fa388-64e6-4ea8-8981-bc074f59e64e,
Billed Duration for Request 727fa388-64e6-4ea8-8981-bc074f59e64e: 2067 ms
Input: 5750000,
Cold Start: false
Unique ID: 538a6f34-a579-4a75-877b-975ce3f3fd06,
Billed Duration for Request 538a6f34-a579-4a75-877b-975ce3f3fd06: 2102 ms
Input: 5750000,
Cold Start: false
Unique ID: 2a596d32-ec40-4d27-b0ac-d1cde233b75b,
Billed Duration for Request 2a596d32-ec40-4d27-b0ac-d1cde233b75b: 2064 ms
Input: 5750000,
Cold Start: false
Unique ID: 3a3aee47-6744-4739-bb39-f79ed2616023,
Billed Duration for Request 3a3aee47-6744-4739-bb39-f79ed2616023: 2034 ms
Input: 5750000,
Cold Start: false
Unique ID: 8442c325-a6f8-4465-a50d-2475c6861772,
Billed Duration for Request 8442c325-a6f8-4465-a50d-2475c6861772: 2136 ms
Input: 5750000,
Cold Start: false
Unique ID: cde57fbb-8741-46f6-95b7-cc3154e20de8,
Billed Duration for Request cde57fbb-8741-46f6-95b7-cc3154e20de8: 2138 ms
Input: 5750000,
Cold Start: false
Unique ID: 227ef283-f257-4b3b-a33c-209799e93185,
Billed Duration for Request 227ef283-f257-4b3b-a33c-209799e93185: 2041 ms
Input: 5750000,
Cold Start: false
Unique ID: 84b0e83f-fac0-421d-8eff-ff87e8edc24a,
Billed Duration for Request 84b0e83f-fac0-421d-8eff-ff87e8edc24a: 2108 ms
Input: 5750000,
Cold Start: false
Unique ID: f969ae01-607e-4644-a7d4-56a762b188ef,
Billed Duration for Request f969ae01-607e-4644-a7d4-56a762b188ef: 2129 ms
Input: 5750000,
Cold Start: false
Unique ID: 259cae96-c8f4-44b8-b70d-b48728b6769b,
Billed Duration for Request 259cae96-c8f4-44b8-b70d-b48728b6769b: 2086 ms
Input: 5750000,
Cold Start: false
Unique ID: 8e58b6df-1cf1-4561-9764-9fcf790b3e77,
Billed Duration for Request 8e58b6df-1cf1-4561-9764-9fcf790b3e77: 2072 ms
Input: 5750000,
Cold Start: false
Unique ID: 1d054853-4d93-4795-aef4-33f2c59c4daa,
Billed Duration for Request 1d054853-4d93-4795-aef4-33f2c59c4daa: 2102 ms
Input: 5750000,
Cold Start: false
Unique ID: c528511f-6a93-4512-b6cf-5a8fa6235591,
Billed Duration for Request c528511f-6a93-4512-b6cf-5a8fa6235591: 2049 ms
Input: 5750000,
Cold Start: false
Unique ID: efe605c7-8f6b-403f-8f24-335ad01cad7a,
Billed Duration for Request efe605c7-8f6b-403f-8f24-335ad01cad7a: 2076 ms
Input: 5750000,
Cold Start: false
Unique ID: d53c5ded-08da-430c-8e0c-bcce5b2b46aa,
Billed Duration for Request d53c5ded-08da-430c-8e0c-bcce5b2b46aa: 2135 ms
Input: 5750000,
Cold Start: false
Unique ID: 0b0d4deb-c5a9-4c93-a838-13842f66fd1e,
Billed Duration for Request 0b0d4deb-c5a9-4c93-a838-13842f66fd1e: 2112 ms
Input: 5750000,
Cold Start: false
Unique ID: ea8f5eed-077a-43b5-8917-5b9d63dfd9c1,
Billed Duration for Request ea8f5eed-077a-43b5-8917-5b9d63dfd9c1: 2038 ms
Input: 5750000,
Cold Start: false
Unique ID: 0f142df5-f9b7-4fc7-a76d-68520360ff45,
Billed Duration for Request 0f142df5-f9b7-4fc7-a76d-68520360ff45: 2085 ms
Input: 5750000,
Cold Start: false
Unique ID: 7d716009-c698-4746-8749-cd01e7ad24eb,
Billed Duration for Request 7d716009-c698-4746-8749-cd01e7ad24eb: 2123 ms
Input: 5750000,
Cold Start: false
Unique ID: 295d874d-a254-45bf-bfcb-eb441f70e756,
Billed Duration for Request 295d874d-a254-45bf-bfcb-eb441f70e756: 2152 ms
Input: 5750000,
Cold Start: false
Unique ID: 9dacdd70-d8ea-421f-b8f7-74ce723f071d,
Billed Duration for Request 9dacdd70-d8ea-421f-b8f7-74ce723f071d: 2067 ms
Input: 5750000,
Cold Start: false
Unique ID: c70add17-e6f8-4668-8a03-3918aa86fcc7,
Billed Duration for Request c70add17-e6f8-4668-8a03-3918aa86fcc7: 2073 ms
Input: 5750000,
Cold Start: false
Unique ID: 7aa76f00-d2d8-4edd-8281-2d4f7aa346cb,
Billed Duration for Request 7aa76f00-d2d8-4edd-8281-2d4f7aa346cb: 2068 ms
Input: 5750000,
Cold Start: false
Unique ID: fa49e182-9819-4898-8e01-a55ce1d739e8,
Billed Duration for Request fa49e182-9819-4898-8e01-a55ce1d739e8: 2031 ms
Input: 5750000,
Cold Start: false
Unique ID: 531e2dab-0d0c-47cc-bbb3-fd8f7f6a4628,
Billed Duration for Request 531e2dab-0d0c-47cc-bbb3-fd8f7f6a4628: 2118 ms
Input: 5750000,
Cold Start: false
Unique ID: bb3996c1-7676-49e6-b037-cd7457cbad70,
Billed Duration for Request bb3996c1-7676-49e6-b037-cd7457cbad70: 2117 ms
Input: 5750000,
Cold Start: false
Unique ID: 681ac61f-fd04-4a09-b310-c7efbe68ee99,
Billed Duration for Request 681ac61f-fd04-4a09-b310-c7efbe68ee99: 2059 ms
Input: 5750000,
Cold Start: false
Unique ID: 2077bf62-2a4a-4473-b370-0b447fa03f04,
Billed Duration for Request 2077bf62-2a4a-4473-b370-0b447fa03f04: 2108 ms
Input: 5750000,
Cold Start: false
Unique ID: 7b05de16-a5a7-478e-89cd-f05dfe355e6a,
Billed Duration for Request 7b05de16-a5a7-478e-89cd-f05dfe355e6a: 2113 ms
Input: 5750000,
Cold Start: false
Unique ID: 1c616280-9f7a-4713-8327-c6793e67e916,
Billed Duration for Request 1c616280-9f7a-4713-8327-c6793e67e916: 2107 ms
Input: 5750000,
Cold Start: false
Unique ID: b1b4a249-b720-422e-8c4b-52c6286a6cc4,
Billed Duration for Request b1b4a249-b720-422e-8c4b-52c6286a6cc4: 2072 ms
Input: 5750000,
Cold Start: false
Unique ID: dc2f1237-8cee-4f6a-be73-c118d3023787,
Billed Duration for Request dc2f1237-8cee-4f6a-be73-c118d3023787: 2080 ms
Input: 5750000,
Cold Start: false
Unique ID: d3b07c56-6b7b-4daf-a8c6-cc63da303fff,
Billed Duration for Request d3b07c56-6b7b-4daf-a8c6-cc63da303fff: 2052 ms
Input: 5750000,
Cold Start: false
Unique ID: c6913d65-4362-4221-8e0f-13eebeb65645,
Billed Duration for Request c6913d65-4362-4221-8e0f-13eebeb65645: 2036 ms
Input: 5750000,
Cold Start: false
Unique ID: fdead938-b0db-4181-b524-11abcf313a32,
Billed Duration for Request fdead938-b0db-4181-b524-11abcf313a32: 2122 ms
Input: 5750000,
Cold Start: false
Unique ID: 3cff8183-ae51-423a-9d72-a8a509404979,
Billed Duration for Request 3cff8183-ae51-423a-9d72-a8a509404979: 2136 ms
Input: 5750000,
Cold Start: false
Unique ID: a81bc2d7-0a98-4447-b244-25c4923291c9,
Billed Duration for Request a81bc2d7-0a98-4447-b244-25c4923291c9: 2044 ms
Input: 5750000,
Cold Start: false
Unique ID: 86f6962f-a60f-484f-8c3b-2b8d76b931f1,
Billed Duration for Request 86f6962f-a60f-484f-8c3b-2b8d76b931f1: 2090 ms
Input: 5750000,
Cold Start: false
Unique ID: 0647614e-3b46-4037-9fe3-fa4782b1f4eb,
Billed Duration for Request 0647614e-3b46-4037-9fe3-fa4782b1f4eb: 2166 ms
Input: 5750000,
Cold Start: false
Unique ID: 6dd18d8c-7a12-435b-b4a2-7c5f92fa8dde,
Billed Duration for Request 6dd18d8c-7a12-435b-b4a2-7c5f92fa8dde: 2127 ms
Input: 5750000,
Cold Start: false
Unique ID: 50b33cf5-fc62-4867-a667-85ff555c763b,
Billed Duration for Request 50b33cf5-fc62-4867-a667-85ff555c763b: 2048 ms
Input: 5750000,
Cold Start: false
Unique ID: 5c0ad3c2-342a-4b32-b098-754e2a97de2d,
Billed Duration for Request 5c0ad3c2-342a-4b32-b098-754e2a97de2d: 2105 ms
Input: 5750000,
Cold Start: false
Unique ID: 7d70c143-9adc-4edc-9e2b-1e2ac4433c2f,
Billed Duration for Request 7d70c143-9adc-4edc-9e2b-1e2ac4433c2f: 2068 ms
Input: 5750000,
Cold Start: false
Unique ID: 5be56453-49b1-4e4e-862e-a86d05eee15e,
Billed Duration for Request 5be56453-49b1-4e4e-862e-a86d05eee15e: 2038 ms
Input: 5750000,
Cold Start: false
Unique ID: f8fae6e5-c669-41b7-813b-eeba005f6721,
Billed Duration for Request f8fae6e5-c669-41b7-813b-eeba005f6721: 2140 ms
Input: 5750000,
Cold Start: false
Unique ID: 0b3b58fc-721a-4f62-9734-7d93aea762e9,
Billed Duration for Request 0b3b58fc-721a-4f62-9734-7d93aea762e9: 2153 ms
Input: 5750000,
Cold Start: false
Unique ID: 3dc40163-a8c8-418b-a6e8-d579ec5f063c,
Billed Duration for Request 3dc40163-a8c8-418b-a6e8-d579ec5f063c: 2046 ms
Input: 5750000,
Cold Start: false
Unique ID: b032f82f-5038-4288-bf1b-745287e1e613,
Billed Duration for Request b032f82f-5038-4288-bf1b-745287e1e613: 2112 ms
Input: 5750000,
Cold Start: false
Unique ID: 372b993c-c369-47f7-bd57-d5fabc34cf48,
Billed Duration for Request 372b993c-c369-47f7-bd57-d5fabc34cf48: 2153 ms
Input: 5750000,
Cold Start: false
Unique ID: 0940944a-a507-405c-b1d8-bbd314edf0e9,
Billed Duration for Request 0940944a-a507-405c-b1d8-bbd314edf0e9: 2112 ms
Input: 5750000,
Cold Start: false
Unique ID: 4fd1ec39-f95a-4d8e-8e94-d41fea888b85,
Billed Duration for Request 4fd1ec39-f95a-4d8e-8e94-d41fea888b85: 2055 ms
Input: 5750000,
Cold Start: false
Unique ID: 45511f0d-2ea6-4679-a9f9-f96b2c88e9c2,
Billed Duration for Request 45511f0d-2ea6-4679-a9f9-f96b2c88e9c2: 2087 ms
Input: 5750000,
Cold Start: false
Unique ID: 13931e11-dc40-41ca-ab24-b772793db130,
Billed Duration for Request 13931e11-dc40-41ca-ab24-b772793db130: 2067 ms
Input: 5750000,
Cold Start: false
Unique ID: 9a5bd2d8-d10c-4f4f-afbf-5375234420b4,
Billed Duration for Request 9a5bd2d8-d10c-4f4f-afbf-5375234420b4: 2033 ms
Input: 5750000,
Cold Start: false
Unique ID: cf8399a8-cc56-460a-9441-66a0d701dfd3,
Billed Duration for Request cf8399a8-cc56-460a-9441-66a0d701dfd3: 2133 ms
Input: 5750000,
Cold Start: false
Unique ID: 25251800-3a9c-4ece-ab7b-9f71dcc28dfb,
Billed Duration for Request 25251800-3a9c-4ece-ab7b-9f71dcc28dfb: 2116 ms
Input: 5750000,
Cold Start: false
Unique ID: 941ec2dc-ef43-477d-bea8-694a948838cf,
Billed Duration for Request 941ec2dc-ef43-477d-bea8-694a948838cf: 2045 ms
Input: 5750000,
Cold Start: false
Unique ID: 0bc8200b-5552-46cd-b516-9b4d2f0d2229,
Billed Duration for Request 0bc8200b-5552-46cd-b516-9b4d2f0d2229: 2089 ms
Input: 5750000,
Cold Start: false
Unique ID: 3399536e-3c02-4173-9ac9-e9376c049ac5,
Billed Duration for Request 3399536e-3c02-4173-9ac9-e9376c049ac5: 2145 ms
Input: 5750000,
Cold Start: false
Unique ID: 7ca307b1-f9dc-49b3-bc82-4bc79f53670f,
Billed Duration for Request 7ca307b1-f9dc-49b3-bc82-4bc79f53670f: 2128 ms
Input: 5750000,
Cold Start: false
Unique ID: 504f8fc4-77c2-41b6-bd33-12dce52c2bfa,
Billed Duration for Request 504f8fc4-77c2-41b6-bd33-12dce52c2bfa: 2033 ms
Input: 5750000,
Cold Start: false
Unique ID: fe42a10b-9081-4725-89ee-6a2b3050c2da,
Billed Duration for Request fe42a10b-9081-4725-89ee-6a2b3050c2da: 2087 ms
Input: 5750000,
Cold Start: false
Unique ID: 3217a2a9-2c18-41be-914f-459e8f6d30c3,
Billed Duration for Request 3217a2a9-2c18-41be-914f-459e8f6d30c3: 2036 ms
Input: 5750000,
Cold Start: false
Unique ID: d7ffb046-1720-4125-859d-edc318e5d76b,
Billed Duration for Request d7ffb046-1720-4125-859d-edc318e5d76b: 2018 ms
Input: 5750000,
Cold Start: false
Unique ID: fd06cc52-765c-4537-af54-1a1383245288,
Billed Duration for Request fd06cc52-765c-4537-af54-1a1383245288: 2158 ms
Input: 5750000,
Cold Start: false
Unique ID: 85afa187-f0dd-45e0-b9f5-fda5aab3502f,
Billed Duration for Request 85afa187-f0dd-45e0-b9f5-fda5aab3502f: 2120 ms
Input: 5750000,
Cold Start: false
Unique ID: 09282471-07ad-4add-a188-0b9ab2d3b4f4,
Billed Duration for Request 09282471-07ad-4add-a188-0b9ab2d3b4f4: 2038 ms
Input: 5750000,
Cold Start: false
Unique ID: 27100202-927a-4d05-baa2-25bdd471b141,
Billed Duration for Request 27100202-927a-4d05-baa2-25bdd471b141: 2121 ms
Input: 5750000,
Cold Start: false
Unique ID: 305b30e5-bc26-4db9-ab42-c83a12ca41ff,
Billed Duration for Request 305b30e5-bc26-4db9-ab42-c83a12ca41ff: 2134 ms
Input: 5750000,
Cold Start: false
Unique ID: 32e8f533-7568-4367-b30d-15d7eae22210,
Billed Duration for Request 32e8f533-7568-4367-b30d-15d7eae22210: 2111 ms
Input: 5750000,
Cold Start: false
