Unique ID: df7b757b-5ac0-42e2-96ba-84c7b0039b0d,
Billed Duration for Request df7b757b-5ac0-42e2-96ba-84c7b0039b0d: 571 ms
Pi: 3.141213090909091,
Input: 5500000,
Cold Start: false
Unique ID: 7acffd95-0595-4c4c-8daf-1dc803d59046,
Billed Duration for Request 7acffd95-0595-4c4c-8daf-1dc803d59046: 587 ms
Pi: 3.141914909090909,
Input: 5500000,
Cold Start: false
Unique ID: d6e7cd58-f429-43a6-9ddf-bd336fb4cc0b,
Billed Duration for Request d6e7cd58-f429-43a6-9ddf-bd336fb4cc0b: 581 ms
Pi: 3.142368727272727,
Input: 5500000,
Cold Start: false
Unique ID: 852c6faf-4dec-4539-bbfa-a47ecb0b45b7,
Billed Duration for Request 852c6faf-4dec-4539-bbfa-a47ecb0b45b7: 642 ms
Pi: 3.142144,
Input: 5500000,
Cold Start: false
Unique ID: 3436b7ba-45eb-48d4-acaf-d62e47416ee6,
Billed Duration for Request 3436b7ba-45eb-48d4-acaf-d62e47416ee6: 556 ms
Pi: 3.140947636363636,
Input: 5500000,
Cold Start: false
Unique ID: 1940d605-60b9-41da-a30a-35a8bcbb3204,
Billed Duration for Request 1940d605-60b9-41da-a30a-35a8bcbb3204: 553 ms
Pi: 3.141146909090909,
Input: 5500000,
Cold Start: false
Unique ID: 37901086-bcb3-4520-ae4d-334b4cfa4fd3,
Billed Duration for Request 37901086-bcb3-4520-ae4d-334b4cfa4fd3: 545 ms
Pi: 3.1402152727272727,
Input: 5500000,
Cold Start: false
Unique ID: 835726d8-72d2-471b-a444-65cc026cd3c2,
Billed Duration for Request 835726d8-72d2-471b-a444-65cc026cd3c2: 551 ms
Pi: 3.141936727272727,
Input: 5500000,
Cold Start: false
Unique ID: c05d2848-667d-4987-9b1b-4482dab9ba00,
Billed Duration for Request c05d2848-667d-4987-9b1b-4482dab9ba00: 553 ms
Pi: 3.140557818181818,
Input: 5500000,
Cold Start: false
Unique ID: 3eecaf34-aa24-4bcc-8ea2-2f2a2bfeb6dd,
Billed Duration for Request 3eecaf34-aa24-4bcc-8ea2-2f2a2bfeb6dd: 566 ms
Pi: 3.142381818181818,
Input: 5500000,
Cold Start: false
Unique ID: f705129c-43bb-4877-b505-7b4533168935,
Billed Duration for Request f705129c-43bb-4877-b505-7b4533168935: 551 ms
Pi: 3.141325090909091,
Input: 5500000,
Cold Start: false
Unique ID: 521235e8-2b35-4e11-8145-c4e03968c0f4,
Billed Duration for Request 521235e8-2b35-4e11-8145-c4e03968c0f4: 557 ms
Pi: 3.1417832727272725,
Input: 5500000,
Cold Start: false
Unique ID: 2bfef6a1-8128-474a-ac0f-94b86075906a,
Billed Duration for Request 2bfef6a1-8128-474a-ac0f-94b86075906a: 567 ms
Pi: 3.1421592727272727,
Input: 5500000,
Cold Start: false
Unique ID: 9aa95e4c-1afe-42b1-bfd2-61285f90f468,
Billed Duration for Request 9aa95e4c-1afe-42b1-bfd2-61285f90f468: 534 ms
Pi: 3.1422923636363636,
Input: 5500000,
Cold Start: false
Unique ID: 7a02294b-2fa1-484c-990e-05653c146347,
Billed Duration for Request 7a02294b-2fa1-484c-990e-05653c146347: 551 ms
Pi: 3.141805090909091,
Input: 5500000,
Cold Start: false
Unique ID: 371ee2e2-48ef-48a3-9533-cf7385c0e4e6,
Billed Duration for Request 371ee2e2-48ef-48a3-9533-cf7385c0e4e6: 550 ms
Pi: 3.141322909090909,
Input: 5500000,
Cold Start: false
Unique ID: 68d4b3ef-0d39-461d-9ce7-78c2d955896a,
Billed Duration for Request 68d4b3ef-0d39-461d-9ce7-78c2d955896a: 553 ms
Pi: 3.1415243636363637,
Input: 5500000,
Cold Start: false
Unique ID: a9ad8077-12e6-400e-a8f4-dff810fd2d78,
Billed Duration for Request a9ad8077-12e6-400e-a8f4-dff810fd2d78: 537 ms
Pi: 3.1416123636363635,
Input: 5500000,
Cold Start: false
Unique ID: 30bd20b4-3770-429c-a007-0cdabb9e14c2,
Billed Duration for Request 30bd20b4-3770-429c-a007-0cdabb9e14c2: 544 ms
Pi: 3.141773090909091,
Input: 5500000,
Cold Start: false
Unique ID: d56e95ba-24f8-4f99-9bba-3451bc519338,
Billed Duration for Request d56e95ba-24f8-4f99-9bba-3451bc519338: 555 ms
Pi: 3.1418654545454547,
Input: 5500000,
Cold Start: false
Unique ID: 8b8ad82a-81dc-4c2e-85b2-52887f5d4470,
Billed Duration for Request 8b8ad82a-81dc-4c2e-85b2-52887f5d4470: 556 ms
Pi: 3.141868363636364,
Input: 5500000,
Cold Start: false
Unique ID: ed9aa65e-2103-42e1-b4fd-75448bcdb2de,
Billed Duration for Request ed9aa65e-2103-42e1-b4fd-75448bcdb2de: 546 ms
Pi: 3.1417803636363635,
Input: 5500000,
Cold Start: false
Unique ID: 01c43625-a619-403f-bf56-58a382276eb6,
Billed Duration for Request 01c43625-a619-403f-bf56-58a382276eb6: 551 ms
Pi: 3.142090181818182,
Input: 5500000,
Cold Start: false
Unique ID: 25e72d72-a08f-4ee3-bbc2-005ed70d9d15,
Billed Duration for Request 25e72d72-a08f-4ee3-bbc2-005ed70d9d15: 541 ms
Pi: 3.141816,
Input: 5500000,
Cold Start: false
Unique ID: e082c2e1-1fcd-45c0-873b-c945f4767718,
Billed Duration for Request e082c2e1-1fcd-45c0-873b-c945f4767718: 533 ms
Pi: 3.140232727272727,
Input: 5500000,
Cold Start: false
Unique ID: f9a999fd-b82c-4c0b-a074-d961c95b7b27,
Billed Duration for Request f9a999fd-b82c-4c0b-a074-d961c95b7b27: 564 ms
Pi: 3.1416021818181816,
Input: 5500000,
Cold Start: false
Unique ID: a2a3463d-d84c-45e9-8a05-04798392764a,
Billed Duration for Request a2a3463d-d84c-45e9-8a05-04798392764a: 549 ms
Pi: 3.1399025454545453,
Input: 5500000,
Cold Start: false
Unique ID: 551854fb-bc81-4d4e-ab57-d4f4ba7555ff,
Billed Duration for Request 551854fb-bc81-4d4e-ab57-d4f4ba7555ff: 537 ms
Pi: 3.1426676363636363,
Input: 5500000,
Cold Start: false
Unique ID: c4a594fe-eaa7-4a1f-a47d-e8809b58350e,
Billed Duration for Request c4a594fe-eaa7-4a1f-a47d-e8809b58350e: 556 ms
Pi: 3.1428545454545453,
Input: 5500000,
Cold Start: false
Unique ID: 0a3bc126-045e-47f6-b1d5-c0825fa83527,
Billed Duration for Request 0a3bc126-045e-47f6-b1d5-c0825fa83527: 554 ms
Pi: 3.1414756363636362,
Input: 5500000,
Cold Start: false
Unique ID: 1269e2bf-80aa-4882-bfde-9af6d3810308,
Billed Duration for Request 1269e2bf-80aa-4882-bfde-9af6d3810308: 550 ms
Pi: 3.141408,
Input: 5500000,
Cold Start: false
Unique ID: e3a77a51-0a21-4b1d-a478-0e5525cfae0b,
Billed Duration for Request e3a77a51-0a21-4b1d-a478-0e5525cfae0b: 555 ms
Pi: 3.1427970909090908,
Input: 5500000,
Cold Start: false
Unique ID: 6b708fa2-3a91-415c-ac83-a73b53fc95fa,
Billed Duration for Request 6b708fa2-3a91-415c-ac83-a73b53fc95fa: 542 ms
Pi: 3.1411934545454545,
Input: 5500000,
Cold Start: false
Unique ID: 788c9e8c-10e3-4711-a407-488bffba23af,
Billed Duration for Request 788c9e8c-10e3-4711-a407-488bffba23af: 549 ms
Pi: 3.140818909090909,
Input: 5500000,
Cold Start: false
Unique ID: 16ad3c2f-1f64-4b55-adb3-968db04ba7a0,
Billed Duration for Request 16ad3c2f-1f64-4b55-adb3-968db04ba7a0: 551 ms
Pi: 3.140717090909091,
Input: 5500000,
Cold Start: false
Unique ID: 00698445-5eef-4056-bad1-2ddd1fd10b3d,
Billed Duration for Request 00698445-5eef-4056-bad1-2ddd1fd10b3d: 556 ms
Pi: 3.143016727272727,
Input: 5500000,
Cold Start: false
Unique ID: 51458c80-f4b3-4412-acc7-25108186d839,
Billed Duration for Request 51458c80-f4b3-4412-acc7-25108186d839: 561 ms
Pi: 3.142507636363636,
Input: 5500000,
Cold Start: false
Unique ID: 14289d3b-1b9e-43ad-90c4-8c1fc49cf23c,
Billed Duration for Request 14289d3b-1b9e-43ad-90c4-8c1fc49cf23c: 534 ms
Pi: 3.1414050909090907,
Input: 5500000,
Cold Start: false
Unique ID: 89ae8239-5da5-43b3-ac0e-ad8c67d7d733,
Billed Duration for Request 89ae8239-5da5-43b3-ac0e-ad8c67d7d733: 541 ms
Pi: 3.1426625454545456,
Input: 5500000,
Cold Start: false
Unique ID: 8f85c372-1d35-438d-8712-f50e8d4d57d1,
Billed Duration for Request 8f85c372-1d35-438d-8712-f50e8d4d57d1: 549 ms
Pi: 3.1411396363636364,
Input: 5500000,
Cold Start: false
Unique ID: 12515236-9cba-40fc-b23c-45076fcad6bc,
Billed Duration for Request 12515236-9cba-40fc-b23c-45076fcad6bc: 560 ms
Pi: 3.141149090909091,
Input: 5500000,
Cold Start: false
Unique ID: 2ea70a19-b456-455c-814f-23e65596ce41,
Billed Duration for Request 2ea70a19-b456-455c-814f-23e65596ce41: 547 ms
Pi: 3.1418225454545454,
Input: 5500000,
Cold Start: false
Unique ID: f0c2fa4b-fe9a-4946-8d0f-907cf9c1d75e,
Billed Duration for Request f0c2fa4b-fe9a-4946-8d0f-907cf9c1d75e: 534 ms
Pi: 3.1418298181818183,
Input: 5500000,
Cold Start: false
Unique ID: 4ca913fe-a3f8-4c15-9cff-5eb67f8bbfe6,
Billed Duration for Request 4ca913fe-a3f8-4c15-9cff-5eb67f8bbfe6: 551 ms
Pi: 3.141627636363636,
Input: 5500000,
Cold Start: false
Unique ID: 2608d0f8-76b3-46d1-8d37-83c89c3137e1,
Billed Duration for Request 2608d0f8-76b3-46d1-8d37-83c89c3137e1: 557 ms
Pi: 3.1410443636363636,
Input: 5500000,
Cold Start: false
Unique ID: c550d82b-770d-45ad-b587-c2b0c57dddd5,
Billed Duration for Request c550d82b-770d-45ad-b587-c2b0c57dddd5: 549 ms
Pi: 3.1402712727272726,
Input: 5500000,
Cold Start: false
Unique ID: c2e5e505-6373-4556-937e-9b603b6968e2,
Billed Duration for Request c2e5e505-6373-4556-937e-9b603b6968e2: 551 ms
Pi: 3.1417185454545455,
Input: 5500000,
Cold Start: false
Unique ID: 4306ead9-8aae-4d3d-bc96-587758ba19c2,
Billed Duration for Request 4306ead9-8aae-4d3d-bc96-587758ba19c2: 555 ms
Pi: 3.1411374545454547,
Input: 5500000,
Cold Start: false
Unique ID: e36d1d85-a734-4dbc-b14c-e91fea127ab9,
Billed Duration for Request e36d1d85-a734-4dbc-b14c-e91fea127ab9: 549 ms
Pi: 3.1406712727272725,
Input: 5500000,
Cold Start: false
Unique ID: 158031af-5f2e-4765-bdd0-387fbc5f2afd,
Billed Duration for Request 158031af-5f2e-4765-bdd0-387fbc5f2afd: 551 ms
Pi: 3.140826909090909,
Input: 5500000,
Cold Start: false
Unique ID: f2b60f81-6ed8-44f6-9cdb-931438e64537,
Billed Duration for Request f2b60f81-6ed8-44f6-9cdb-931438e64537: 535 ms
Pi: 3.1403163636363636,
Input: 5500000,
Cold Start: false
Unique ID: 8baa8fb4-b93f-400d-be55-8a8d547d7ea3,
Billed Duration for Request 8baa8fb4-b93f-400d-be55-8a8d547d7ea3: 548 ms
Pi: 3.1420276363636366,
Input: 5500000,
Cold Start: false
Unique ID: 6365e535-94a7-488b-b504-b1293bca52d8,
Billed Duration for Request 6365e535-94a7-488b-b504-b1293bca52d8: 553 ms
Pi: 3.140029818181818,
Input: 5500000,
Cold Start: false
Unique ID: fb0a86e2-fdcb-44b3-aee4-ae1bcf7c34c5,
Billed Duration for Request fb0a86e2-fdcb-44b3-aee4-ae1bcf7c34c5: 555 ms
Pi: 3.1418363636363638,
Input: 5500000,
Cold Start: false
Unique ID: be1e383c-1f8c-4aff-bf36-b2cfc3cc9704,
Billed Duration for Request be1e383c-1f8c-4aff-bf36-b2cfc3cc9704: 546 ms
Pi: 3.1415403636363637,
Input: 5500000,
Cold Start: false
Unique ID: 2e3c8b77-5ab6-4c02-a192-444a0e2d87de,
Billed Duration for Request 2e3c8b77-5ab6-4c02-a192-444a0e2d87de: 536 ms
Pi: 3.142421818181818,
Input: 5500000,
Cold Start: false
Unique ID: 757029d7-ad77-457b-abe3-eeb3454cd5d0,
Billed Duration for Request 757029d7-ad77-457b-abe3-eeb3454cd5d0: 548 ms
Pi: 3.142109090909091,
Input: 5500000,
Cold Start: false
Unique ID: 06f6efad-f02d-4bcb-8ace-21b283814b01,
Billed Duration for Request 06f6efad-f02d-4bcb-8ace-21b283814b01: 548 ms
Pi: 3.142136,
Input: 5500000,
Cold Start: false
Unique ID: ef8318fd-bd9f-4a12-997c-22c8f4e1bd76,
Billed Duration for Request ef8318fd-bd9f-4a12-997c-22c8f4e1bd76: 533 ms
Pi: 3.142642181818182,
Input: 5500000,
Cold Start: false
Unique ID: 5970ae0e-f658-4e54-a30f-eca3f63613a6,
Billed Duration for Request 5970ae0e-f658-4e54-a30f-eca3f63613a6: 536 ms
Pi: 3.1424574545454544,
Input: 5500000,
Cold Start: false
Unique ID: a165402b-75ec-4794-a01b-aba8609e521f,
Billed Duration for Request a165402b-75ec-4794-a01b-aba8609e521f: 532 ms
Pi: 3.1437047272727274,
Input: 5500000,
Cold Start: false
Unique ID: 4cc07f02-9482-463b-be9a-24ffd62b4f40,
Billed Duration for Request 4cc07f02-9482-463b-be9a-24ffd62b4f40: 531 ms
Pi: 3.141040727272727,
Input: 5500000,
Cold Start: false
Unique ID: b5cf38d7-4e9f-4016-a727-0bee029a196b,
Billed Duration for Request b5cf38d7-4e9f-4016-a727-0bee029a196b: 536 ms
Pi: 3.1418152727272726,
Input: 5500000,
Cold Start: false
Unique ID: 3ec974f4-82cc-41e3-a934-84270d8be2d3,
Billed Duration for Request 3ec974f4-82cc-41e3-a934-84270d8be2d3: 548 ms
Pi: 3.1406872727272725,
Input: 5500000,
Cold Start: false
Unique ID: 9e4faf43-8c18-41be-af0c-9c8f11997331,
Billed Duration for Request 9e4faf43-8c18-41be-af0c-9c8f11997331: 538 ms
Pi: 3.140826181818182,
Input: 5500000,
Cold Start: false
Unique ID: 6c3efd47-994c-40bc-b6be-95964b363b3d,
Billed Duration for Request 6c3efd47-994c-40bc-b6be-95964b363b3d: 550 ms
Pi: 3.1425156363636364,
Input: 5500000,
Cold Start: false
Unique ID: 9c128551-d724-47bb-a16d-4839e2f357b1,
Billed Duration for Request 9c128551-d724-47bb-a16d-4839e2f357b1: 538 ms
Pi: 3.141818909090909,
Input: 5500000,
Cold Start: false
Unique ID: cd8ebe0a-9211-47cd-a7e6-c9fa4af2c3c3,
Billed Duration for Request cd8ebe0a-9211-47cd-a7e6-c9fa4af2c3c3: 534 ms
Pi: 3.1408843636363635,
Input: 5500000,
Cold Start: false
Unique ID: 5f26e650-8cdc-438d-957c-61fd342e7047,
Billed Duration for Request 5f26e650-8cdc-438d-957c-61fd342e7047: 622 ms
Pi: 3.140909818181818,
Input: 5500000,
Cold Start: false
Unique ID: bbd4d1df-5164-4f33-9276-6db9105a41f4,
Billed Duration for Request bbd4d1df-5164-4f33-9276-6db9105a41f4: 546 ms
Pi: 3.141184,
Input: 5500000,
Cold Start: false
Unique ID: b2bb169d-d8ce-45cc-89e8-fb094c72c414,
Billed Duration for Request b2bb169d-d8ce-45cc-89e8-fb094c72c414: 532 ms
Pi: 3.141506181818182,
Input: 5500000,
Cold Start: false
Unique ID: 0706b433-0caa-4620-96d9-7a1e0d7b64a1,
Billed Duration for Request 0706b433-0caa-4620-96d9-7a1e0d7b64a1: 532 ms
Pi: 3.1418443636363635,
Input: 5500000,
Cold Start: false
Unique ID: 13d3b3d9-2c3c-45bf-84ca-0e1b8a7c8251,
Billed Duration for Request 13d3b3d9-2c3c-45bf-84ca-0e1b8a7c8251: 528 ms
Pi: 3.1414603636363636,
Input: 5500000,
Cold Start: false
Unique ID: 26d647d6-ccb1-4423-bf6f-dd35c2b11c09,
Billed Duration for Request 26d647d6-ccb1-4423-bf6f-dd35c2b11c09: 530 ms
Pi: 3.140429818181818,
Input: 5500000,
Cold Start: false
Unique ID: 1e34d404-54fb-46a4-91d6-7a91bd2656f6,
Billed Duration for Request 1e34d404-54fb-46a4-91d6-7a91bd2656f6: 537 ms
Pi: 3.141611636363636,
Input: 5500000,
Cold Start: false
Unique ID: e8d2b280-6fd5-441f-b58d-51ccdb9bacaa,
Billed Duration for Request e8d2b280-6fd5-441f-b58d-51ccdb9bacaa: 533 ms
Pi: 3.142564363636364,
Input: 5500000,
Cold Start: false
Unique ID: 46ef9268-3c0e-4ad2-ad69-d280775b139f,
Billed Duration for Request 46ef9268-3c0e-4ad2-ad69-d280775b139f: 528 ms
Pi: 3.14244,
Input: 5500000,
Cold Start: false
Unique ID: e7689c3f-e087-4dfb-825f-5a270c39cb83,
Billed Duration for Request e7689c3f-e087-4dfb-825f-5a270c39cb83: 537 ms
Pi: 3.140823272727273,
Input: 5500000,
Cold Start: false
Unique ID: cefe35f6-55b9-4c0e-b700-31fa5eba3464,
Billed Duration for Request cefe35f6-55b9-4c0e-b700-31fa5eba3464: 548 ms
Pi: 3.141643636363636,
Input: 5500000,
Cold Start: false
Unique ID: 0818c466-303e-4cc9-9f6f-c7a44568e57d,
Billed Duration for Request 0818c466-303e-4cc9-9f6f-c7a44568e57d: 532 ms
Pi: 3.14156,
Input: 5500000,
Cold Start: false
Unique ID: 0d30af8c-7a85-4a3c-b257-e2f999530b99,
Billed Duration for Request 0d30af8c-7a85-4a3c-b257-e2f999530b99: 536 ms
Pi: 3.141453818181818,
Input: 5500000,
Cold Start: false
Unique ID: 3cbc8183-f5d8-45d0-ad76-29be7901463f,
Billed Duration for Request 3cbc8183-f5d8-45d0-ad76-29be7901463f: 531 ms
Pi: 3.1422327272727273,
Input: 5500000,
Cold Start: false
Unique ID: 4aab0b4c-adfc-424a-9966-b90121aa5e28,
Billed Duration for Request 4aab0b4c-adfc-424a-9966-b90121aa5e28: 513 ms
Pi: 3.1416734545454545,
Input: 5500000,
Cold Start: false
Unique ID: ec7a223c-2f6a-4761-9330-5726affa3693,
Billed Duration for Request ec7a223c-2f6a-4761-9330-5726affa3693: 536 ms
Pi: 3.1415323636363635,
Input: 5500000,
Cold Start: false
Unique ID: 36e98d08-cae2-4e6b-893d-4b3baba679fc,
Billed Duration for Request 36e98d08-cae2-4e6b-893d-4b3baba679fc: 541 ms
Pi: 3.1412596363636363,
Input: 5500000,
Cold Start: false
Unique ID: 56025e35-4b26-481d-a366-63ddd7404588,
Billed Duration for Request 56025e35-4b26-481d-a366-63ddd7404588: 517 ms
Pi: 3.140776,
Input: 5500000,
Cold Start: false
Unique ID: aab180e3-2588-43bd-92ea-3344c3cc687e,
Billed Duration for Request aab180e3-2588-43bd-92ea-3344c3cc687e: 549 ms
Pi: 3.141581090909091,
Input: 5500000,
Cold Start: false
Unique ID: 38f0e5ac-8df8-4ce1-8e03-6e04de735388,
Billed Duration for Request 38f0e5ac-8df8-4ce1-8e03-6e04de735388: 510 ms
Pi: 3.1405505454545453,
Input: 5500000,
Cold Start: false
Unique ID: 16de5d0b-96cc-4ea3-ad45-61316a2241f6,
Billed Duration for Request 16de5d0b-96cc-4ea3-ad45-61316a2241f6: 518 ms
Pi: 3.141344,
Input: 5500000,
Cold Start: false
Unique ID: 6de6c772-8ae3-4c70-ae93-ba89625e7d45,
Billed Duration for Request 6de6c772-8ae3-4c70-ae93-ba89625e7d45: 531 ms
Pi: 3.1419461818181817,
Input: 5500000,
Cold Start: false
Unique ID: 688aebba-fad3-48a7-99b8-ce977c5c061d,
Billed Duration for Request 688aebba-fad3-48a7-99b8-ce977c5c061d: 510 ms
Pi: 3.1410516363636365,
Input: 5500000,
Cold Start: false
Unique ID: f58d4b20-c5c0-4e7c-866e-a747293d2593,
Billed Duration for Request f58d4b20-c5c0-4e7c-866e-a747293d2593: 516 ms
Pi: 3.1417316363636365,
Input: 5500000,
Cold Start: false
Unique ID: 76a69761-6122-41d8-8a22-454492e28127,
Billed Duration for Request 76a69761-6122-41d8-8a22-454492e28127: 537 ms
Pi: 3.141522909090909,
Input: 5500000,
Cold Start: false
Unique ID: 526e6078-504e-40c0-bd27-b509f6c71b76,
Billed Duration for Request 526e6078-504e-40c0-bd27-b509f6c71b76: 525 ms
Pi: 3.140808,
Input: 5500000,
Cold Start: false
Unique ID: a979d570-88dc-402e-b93b-174e6fb56570,
Billed Duration for Request a979d570-88dc-402e-b93b-174e6fb56570: 539 ms
Pi: 3.1416625454545453,
Input: 5500000,
Cold Start: false
Unique ID: 3d7dbd85-95d9-46fc-89aa-2c11b3426514,
Billed Duration for Request 3d7dbd85-95d9-46fc-89aa-2c11b3426514: 541 ms
Pi: 3.141813090909091,
Input: 5500000,
Cold Start: false
Unique ID: aae49031-bd7e-459d-b87a-73189733585e,
Billed Duration for Request aae49031-bd7e-459d-b87a-73189733585e: 542 ms
Pi: 3.142034909090909,
Input: 5500000,
Cold Start: false
Unique ID: 20dad7af-fbd1-42ed-8ebe-f531e6b7854b,
Billed Duration for Request 20dad7af-fbd1-42ed-8ebe-f531e6b7854b: 516 ms
Pi: 3.1410596363636363,
Input: 5500000,
Cold Start: false
Unique ID: d394ccce-4c12-4b0f-b005-f6d5b1db4094,
Billed Duration for Request d394ccce-4c12-4b0f-b005-f6d5b1db4094: 539 ms
Pi: 3.1410661818181818,
Input: 5500000,
Cold Start: false
Unique ID: cf95b262-7500-4354-8150-c50ccece4c11,
Billed Duration for Request cf95b262-7500-4354-8150-c50ccece4c11: 531 ms
Pi: 3.141423272727273,
Input: 5500000,
Cold Start: false
Unique ID: 54718cb9-0dfd-47dd-b12a-551a83dd1928,
Billed Duration for Request 54718cb9-0dfd-47dd-b12a-551a83dd1928: 516 ms
Pi: 3.1409701818181817,
Input: 5500000,
Cold Start: false
Unique ID: 7850ccd2-1786-4a2f-b386-808772ee02c7,
Billed Duration for Request 7850ccd2-1786-4a2f-b386-808772ee02c7: 536 ms
Pi: 3.1409847272727274,
Input: 5500000,
Cold Start: false
Unique ID: 96195cda-1dea-44f9-99be-fc2503916147,
Billed Duration for Request 96195cda-1dea-44f9-99be-fc2503916147: 530 ms
Pi: 3.1413003636363634,
Input: 5500000,
Cold Start: false
Unique ID: 80c59021-17cd-4938-ac16-f635d8c8a9c0,
Billed Duration for Request 80c59021-17cd-4938-ac16-f635d8c8a9c0: 516 ms
Pi: 3.14176,
Input: 5500000,
Cold Start: false
Unique ID: 743ccadb-6038-424b-96f2-befd0910a55f,
Billed Duration for Request 743ccadb-6038-424b-96f2-befd0910a55f: 539 ms
Pi: 3.142170181818182,
Input: 5500000,
Cold Start: false
Unique ID: 8bdc492c-19a8-4a12-bca3-e89bc54b2bb1,
Billed Duration for Request 8bdc492c-19a8-4a12-bca3-e89bc54b2bb1: 530 ms
Pi: 3.142674909090909,
Input: 5500000,
Cold Start: false
Unique ID: 41109e9a-c027-48c6-90c2-ad2f27267b2e,
Billed Duration for Request 41109e9a-c027-48c6-90c2-ad2f27267b2e: 529 ms
Pi: 3.1417825454545456,
Input: 5500000,
Cold Start: false
Unique ID: 27e9ba45-f4a6-4ad1-abeb-f11914bbecff,
Billed Duration for Request 27e9ba45-f4a6-4ad1-abeb-f11914bbecff: 535 ms
Pi: 3.1426952727272726,
Input: 5500000,
Cold Start: false
Unique ID: 142be49c-b7ce-492a-88bf-c6922cf7c119,
Billed Duration for Request 142be49c-b7ce-492a-88bf-c6922cf7c119: 547 ms
Pi: 3.1424938181818183,
Input: 5500000,
Cold Start: false
Unique ID: c7c7deee-9a5a-4b15-8364-a326f79aea76,
Billed Duration for Request c7c7deee-9a5a-4b15-8364-a326f79aea76: 512 ms
Pi: 3.1413083636363637,
Input: 5500000,
Cold Start: false
Unique ID: 67ca7e1e-620c-4e00-a374-626358aa5074,
Billed Duration for Request 67ca7e1e-620c-4e00-a374-626358aa5074: 544 ms
Pi: 3.1408254545454546,
Input: 5500000,
Cold Start: false
Unique ID: 2c107e95-9c38-4a9d-8723-9b3ae176ad2a,
Billed Duration for Request 2c107e95-9c38-4a9d-8723-9b3ae176ad2a: 526 ms
Pi: 3.142253090909091,
Input: 5500000,
Cold Start: false
Unique ID: 7d13bd11-9639-42f9-a0fd-04b86b9f7cb0,
Billed Duration for Request 7d13bd11-9639-42f9-a0fd-04b86b9f7cb0: 520 ms
Pi: 3.140509818181818,
Input: 5500000,
Cold Start: false
Unique ID: 19713a0f-a886-4c34-8c5c-61e6c2685270,
Billed Duration for Request 19713a0f-a886-4c34-8c5c-61e6c2685270: 549 ms
Pi: 3.141408,
Input: 5500000,
Cold Start: false
Unique ID: df846bec-f4e8-4172-8c0e-0977f5e74ee6,
Billed Duration for Request df846bec-f4e8-4172-8c0e-0977f5e74ee6: 546 ms
Pi: 3.143106909090909,
Input: 5500000,
Cold Start: false
Unique ID: 4ddc2f9c-9fb2-452a-974a-8a125aee8a7b,
Billed Duration for Request 4ddc2f9c-9fb2-452a-974a-8a125aee8a7b: 516 ms
Pi: 3.141562181818182,
Input: 5500000,
Cold Start: false
Unique ID: 441b0dd4-cbe0-40ca-973f-d3db2b76ef20,
Billed Duration for Request 441b0dd4-cbe0-40ca-973f-d3db2b76ef20: 544 ms
Pi: 3.1416923636363636,
Input: 5500000,
Cold Start: false
Unique ID: 91fb8ccb-8ec3-4a11-a0cc-678ab6b69747,
Billed Duration for Request 91fb8ccb-8ec3-4a11-a0cc-678ab6b69747: 528 ms
Pi: 3.141484363636364,
Input: 5500000,
Cold Start: false
Unique ID: ea3b4364-b395-46cd-8af8-29f8ac32011c,
Billed Duration for Request ea3b4364-b395-46cd-8af8-29f8ac32011c: 531 ms
Pi: 3.141413090909091,
Input: 5500000,
Cold Start: false
Unique ID: 16071783-4815-4e60-98fb-e2fe0c1b4f56,
Billed Duration for Request 16071783-4815-4e60-98fb-e2fe0c1b4f56: 539 ms
Pi: 3.141122181818182,
Input: 5500000,
Cold Start: false
Unique ID: 8ff9caa3-f6c7-45ae-8756-66b30c9fbedb,
Billed Duration for Request 8ff9caa3-f6c7-45ae-8756-66b30c9fbedb: 546 ms
Pi: 3.1406865454545456,
Input: 5500000,
Cold Start: false
Unique ID: ee549537-15f6-41ff-a9ac-f16dc3345375,
Billed Duration for Request ee549537-15f6-41ff-a9ac-f16dc3345375: 532 ms
Pi: 3.141888,
Input: 5500000,
Cold Start: false
Unique ID: 7df97bf5-1979-4e12-866a-23dcf865953a,
Billed Duration for Request 7df97bf5-1979-4e12-866a-23dcf865953a: 536 ms
Pi: 3.141845090909091,
Input: 5500000,
Cold Start: false
Unique ID: 81c26847-6e59-412c-abd7-ae381a104a2c,
Billed Duration for Request 81c26847-6e59-412c-abd7-ae381a104a2c: 526 ms
Pi: 3.142813818181818,
Input: 5500000,
Cold Start: false
Unique ID: d2314a79-bf31-4778-acf0-6887ff946a82,
Billed Duration for Request d2314a79-bf31-4778-acf0-6887ff946a82: 531 ms
Pi: 3.1419963636363635,
Input: 5500000,
Cold Start: false
Unique ID: f4dcdd07-f8cc-46d3-9224-2e2a58bee46f,
Billed Duration for Request f4dcdd07-f8cc-46d3-9224-2e2a58bee46f: 528 ms
Pi: 3.1415614545454544,
Input: 5500000,
Cold Start: false
Unique ID: e759fd1d-0fa2-41eb-bbb3-d0e24342a115,
Billed Duration for Request e759fd1d-0fa2-41eb-bbb3-d0e24342a115: 526 ms
Pi: 3.1404123636363637,
Input: 5500000,
Cold Start: false
Unique ID: 09de2a8c-d18f-41ec-ad1c-00a37d3fddea,
Billed Duration for Request 09de2a8c-d18f-41ec-ad1c-00a37d3fddea: 535 ms
Pi: 3.140941090909091,
Input: 5500000,
Cold Start: false
Unique ID: 1a2a4e72-7236-404a-bdc7-2f9ae7550385,
Billed Duration for Request 1a2a4e72-7236-404a-bdc7-2f9ae7550385: 541 ms
Pi: 3.1423214545454545,
Input: 5500000,
Cold Start: false
Unique ID: 46ce3140-4388-4be0-8e28-1d6df88e56aa,
Billed Duration for Request 46ce3140-4388-4be0-8e28-1d6df88e56aa: 527 ms
Pi: 3.1409832727272726,
Input: 5500000,
Cold Start: false
Unique ID: 7eab984b-f5ab-45f6-8bf5-313ad3e6826d,
Billed Duration for Request 7eab984b-f5ab-45f6-8bf5-313ad3e6826d: 534 ms
Pi: 3.1417236363636363,
Input: 5500000,
Cold Start: false
Unique ID: 2dc8dc70-8f4c-4e12-96c3-75bf428623ea,
Billed Duration for Request 2dc8dc70-8f4c-4e12-96c3-75bf428623ea: 540 ms
Pi: 3.1406945454545454,
Input: 5500000,
Cold Start: false
Unique ID: 74d0402c-20e7-4401-9cd9-c754b8d12434,
Billed Duration for Request 74d0402c-20e7-4401-9cd9-c754b8d12434: 532 ms
Pi: 3.1422458181818183,
Input: 5500000,
Cold Start: false
Unique ID: 2e06058c-0766-4d83-94da-b1286226cf97,
Billed Duration for Request 2e06058c-0766-4d83-94da-b1286226cf97: 532 ms
Pi: 3.142320727272727,
Input: 5500000,
Cold Start: false
Unique ID: 2d22000c-ae53-4279-8b4e-cab0012bb329,
Billed Duration for Request 2d22000c-ae53-4279-8b4e-cab0012bb329: 538 ms
Pi: 3.1407469090909093,
Input: 5500000,
Cold Start: false
Unique ID: 8a4db4ab-57ad-41ef-b4da-343136e58758,
Billed Duration for Request 8a4db4ab-57ad-41ef-b4da-343136e58758: 540 ms
Pi: 3.1409381818181816,
Input: 5500000,
Cold Start: false
Unique ID: ea7d348f-6585-4815-992c-ef129cfecdd4,
Billed Duration for Request ea7d348f-6585-4815-992c-ef129cfecdd4: 532 ms
Pi: 3.140842909090909,
Input: 5500000,
Cold Start: false
Unique ID: 87cf669a-8e35-4e4f-a63a-2da534f7f0c6,
Billed Duration for Request 87cf669a-8e35-4e4f-a63a-2da534f7f0c6: 544 ms
Pi: 3.1414334545454548,
Input: 5500000,
Cold Start: false
Unique ID: a0fdb7bd-dd80-46d7-bc70-fc0ddd980d5a,
Billed Duration for Request a0fdb7bd-dd80-46d7-bc70-fc0ddd980d5a: 530 ms
Pi: 3.140032727272727,
Input: 5500000,
Cold Start: false
Unique ID: a6c19b2a-5cc1-4382-8552-9e3e9169ae78,
Billed Duration for Request a6c19b2a-5cc1-4382-8552-9e3e9169ae78: 534 ms
Pi: 3.1417374545454546,
Input: 5500000,
Cold Start: false
Unique ID: c181d69c-f05d-4b96-b08d-fafc8ef21c2a,
Billed Duration for Request c181d69c-f05d-4b96-b08d-fafc8ef21c2a: 535 ms
Pi: 3.1410050909090907,
Input: 5500000,
Cold Start: false
Unique ID: e8006f2f-19b3-4c92-9992-931f06661d9b,
Billed Duration for Request e8006f2f-19b3-4c92-9992-931f06661d9b: 532 ms
Pi: 3.141453818181818,
Input: 5500000,
Cold Start: false
Unique ID: 78c4ee8d-89e3-4b86-8778-eb241ed2b050,
Billed Duration for Request 78c4ee8d-89e3-4b86-8778-eb241ed2b050: 531 ms
Pi: 3.142381818181818,
Input: 5500000,
Cold Start: false
Unique ID: 72d837a2-832e-4f8d-9be3-52fd9573dd4e,
Billed Duration for Request 72d837a2-832e-4f8d-9be3-52fd9573dd4e: 541 ms
Pi: 3.140890181818182,
Input: 5500000,
Cold Start: false
Unique ID: 8aae1701-e273-44be-aa53-f440f3858d3a,
Billed Duration for Request 8aae1701-e273-44be-aa53-f440f3858d3a: 531 ms
Pi: 3.1427767272727274,
Input: 5500000,
Cold Start: false
Unique ID: e28f8029-b498-42b7-94ed-f9302a044bf2,
Billed Duration for Request e28f8029-b498-42b7-94ed-f9302a044bf2: 529 ms
Pi: 3.1411156363636366,
Input: 5500000,
Cold Start: false
Unique ID: 071d05ec-713f-479d-b9b0-62093bbf653a,
Billed Duration for Request 071d05ec-713f-479d-b9b0-62093bbf653a: 561 ms
Pi: 3.1414458181818183,
Input: 5500000,
Cold Start: false
Unique ID: 2316aca4-d6f7-44d7-bdcb-ac518355791c,
Billed Duration for Request 2316aca4-d6f7-44d7-bdcb-ac518355791c: 527 ms
Pi: 3.1416,
Input: 5500000,
Cold Start: false
Unique ID: 39476cdc-8dfe-4fa7-b889-8731db952fda,
Billed Duration for Request 39476cdc-8dfe-4fa7-b889-8731db952fda: 533 ms
Pi: 3.1410683636363634,
Input: 5500000,
Cold Start: false
Unique ID: 4979306f-bddf-4fa7-9a4a-8e5a6223ebb8,
Billed Duration for Request 4979306f-bddf-4fa7-9a4a-8e5a6223ebb8: 537 ms
Pi: 3.141850909090909,
Input: 5500000,
Cold Start: false
