Unique ID: 3e635546-f83b-4386-9db1-f839dae7cae5,
Billed Duration for Request 3e635546-f83b-4386-9db1-f839dae7cae5: 610 ms
Pi: 3.141722909090909,
Input: 5500000,
Cold Start: false
Unique ID: 505e5614-e211-431a-8bd2-9ba4ec281dfc,
Billed Duration for Request 505e5614-e211-431a-8bd2-9ba4ec281dfc: 618 ms
Pi: 3.1431709090909092,
Input: 5500000,
Cold Start: false
Unique ID: 709d61fb-dff4-472d-a022-d186d2c2d8ed,
Billed Duration for Request 709d61fb-dff4-472d-a022-d186d2c2d8ed: 575 ms
Pi: 3.141904,
Input: 5500000,
Cold Start: false
Unique ID: 96a555ec-3404-49db-8202-2d240f4e7021,
Billed Duration for Request 96a555ec-3404-49db-8202-2d240f4e7021: 572 ms
Pi: 3.1408065454545455,
Input: 5500000,
Cold Start: false
Unique ID: 1ed6f6d1-0724-46da-8810-b27abae9d14d,
Billed Duration for Request 1ed6f6d1-0724-46da-8810-b27abae9d14d: 599 ms
Pi: 3.141655272727273,
Input: 5500000,
Cold Start: false
Unique ID: 641a18fc-8113-433f-a6dd-7c3890dc13f7,
Billed Duration for Request 641a18fc-8113-433f-a6dd-7c3890dc13f7: 558 ms
Pi: 3.141128727272727,
Input: 5500000,
Cold Start: false
Unique ID: 9e099d5f-e7ef-476f-809f-7383b8c3fd24,
Billed Duration for Request 9e099d5f-e7ef-476f-809f-7383b8c3fd24: 547 ms
Pi: 3.1409076363636363,
Input: 5500000,
Cold Start: false
Unique ID: e292c990-cdfe-4da6-a9bf-ae02f13b59d3,
Billed Duration for Request e292c990-cdfe-4da6-a9bf-ae02f13b59d3: 584 ms
Pi: 3.141568,
Input: 5500000,
Cold Start: false
Unique ID: a5644418-5745-4b43-85aa-e6e2522c6e35,
Billed Duration for Request a5644418-5745-4b43-85aa-e6e2522c6e35: 553 ms
Pi: 3.1414865454545455,
Input: 5500000,
Cold Start: false
Unique ID: b76ee625-4cd9-47bb-b920-82fac7abf334,
Billed Duration for Request b76ee625-4cd9-47bb-b920-82fac7abf334: 547 ms
Pi: 3.1417345454545456,
Input: 5500000,
Cold Start: false
Unique ID: 1bcb2c91-3a35-4db4-88db-6b3386820ca6,
Billed Duration for Request 1bcb2c91-3a35-4db4-88db-6b3386820ca6: 585 ms
Pi: 3.142440727272727,
Input: 5500000,
Cold Start: false
Unique ID: 77712cf8-f1c7-46a5-8457-49c8d3bffeab,
Billed Duration for Request 77712cf8-f1c7-46a5-8457-49c8d3bffeab: 556 ms
Pi: 3.140943272727273,
Input: 5500000,
Cold Start: false
Unique ID: 75745421-ff41-431d-b2f8-02d7d4dfaced,
Billed Duration for Request 75745421-ff41-431d-b2f8-02d7d4dfaced: 551 ms
Pi: 3.1418174545454547,
Input: 5500000,
Cold Start: false
Unique ID: 79190f1f-3750-4f9f-b242-7397b5585e4b,
Billed Duration for Request 79190f1f-3750-4f9f-b242-7397b5585e4b: 588 ms
Pi: 3.1419563636363637,
Input: 5500000,
Cold Start: false
Unique ID: d8a1a21e-7c34-4514-8e16-87ad4c277dd7,
Billed Duration for Request d8a1a21e-7c34-4514-8e16-87ad4c277dd7: 545 ms
Pi: 3.141898909090909,
Input: 5500000,
Cold Start: false
Unique ID: 87a8d88c-9436-4b9d-a0e4-495cb4eaf643,
Billed Duration for Request 87a8d88c-9436-4b9d-a0e4-495cb4eaf643: 567 ms
Pi: 3.1422276363636366,
Input: 5500000,
Cold Start: false
Unique ID: b6c75f31-b7a7-46c7-9605-5bd3829f9860,
Billed Duration for Request b6c75f31-b7a7-46c7-9605-5bd3829f9860: 605 ms
Pi: 3.1418574545454545,
Input: 5500000,
Cold Start: false
Unique ID: 10947647-42a4-4cbe-9402-5f85fd4727cd,
Billed Duration for Request 10947647-42a4-4cbe-9402-5f85fd4727cd: 537 ms
Pi: 3.1411730909090907,
Input: 5500000,
Cold Start: false
Unique ID: 85fa568d-76a1-42e8-a6bb-e1bd72bb06fa,
Billed Duration for Request 85fa568d-76a1-42e8-a6bb-e1bd72bb06fa: 548 ms
Pi: 3.1410661818181818,
Input: 5500000,
Cold Start: false
Unique ID: 8b53af75-8c90-4e89-8249-32a7b6f8c852,
Billed Duration for Request 8b53af75-8c90-4e89-8249-32a7b6f8c852: 602 ms
Pi: 3.1414690909090908,
Input: 5500000,
Cold Start: false
Unique ID: b318437b-7feb-42a3-91dd-56f4c7fcccc1,
Billed Duration for Request b318437b-7feb-42a3-91dd-56f4c7fcccc1: 537 ms
Pi: 3.1411185454545456,
Input: 5500000,
Cold Start: false
Unique ID: f85721fb-be6c-4703-8fbd-3e56210901e2,
Billed Duration for Request f85721fb-be6c-4703-8fbd-3e56210901e2: 555 ms
Pi: 3.1429156363636364,
Input: 5500000,
Cold Start: false
Unique ID: 03d49393-e48b-47e0-a115-175f4b30d032,
Billed Duration for Request 03d49393-e48b-47e0-a115-175f4b30d032: 606 ms
Pi: 3.1431869090909093,
Input: 5500000,
Cold Start: false
Unique ID: 78fbc2a0-40e2-44b8-8f0c-bae81548c34e,
Billed Duration for Request 78fbc2a0-40e2-44b8-8f0c-bae81548c34e: 558 ms
Pi: 3.141514909090909,
Input: 5500000,
Cold Start: false
Unique ID: af21eb62-673b-4814-b287-177708fa72f1,
Billed Duration for Request af21eb62-673b-4814-b287-177708fa72f1: 554 ms
Pi: 3.1415854545454547,
Input: 5500000,
Cold Start: false
Unique ID: 678fbfbc-cf8a-44f5-96e0-99d6f2a7f67f,
Billed Duration for Request 678fbfbc-cf8a-44f5-96e0-99d6f2a7f67f: 588 ms
Pi: 3.1427927272727274,
Input: 5500000,
Cold Start: false
Unique ID: 27678e1a-6469-4857-86aa-81f59a94fefc,
Billed Duration for Request 27678e1a-6469-4857-86aa-81f59a94fefc: 536 ms
Pi: 3.1414334545454548,
Input: 5500000,
Cold Start: false
Unique ID: b8e964e0-959a-4ed8-a1ee-ab03e9b602c2,
Billed Duration for Request b8e964e0-959a-4ed8-a1ee-ab03e9b602c2: 550 ms
Pi: 3.141903272727273,
Input: 5500000,
Cold Start: false
Unique ID: f34d227a-6244-4637-b60f-994e2f9b4eda,
Billed Duration for Request f34d227a-6244-4637-b60f-994e2f9b4eda: 581 ms
Pi: 3.141888727272727,
Input: 5500000,
Cold Start: false
Unique ID: 69a694c7-6e8e-41c0-9b5d-36df00ae8bd7,
Billed Duration for Request 69a694c7-6e8e-41c0-9b5d-36df00ae8bd7: 541 ms
Pi: 3.141442181818182,
Input: 5500000,
Cold Start: false
Unique ID: 373d141e-7bdd-4a0a-a7ac-e39dd5cdb4be,
Billed Duration for Request 373d141e-7bdd-4a0a-a7ac-e39dd5cdb4be: 550 ms
Pi: 3.1412574545454546,
Input: 5500000,
Cold Start: false
Unique ID: a1f04a1a-487f-49df-8613-bd94035d1ab1,
Billed Duration for Request a1f04a1a-487f-49df-8613-bd94035d1ab1: 582 ms
Pi: 3.141514909090909,
Input: 5500000,
Cold Start: false
Unique ID: eb3e2d0e-0deb-441f-a8e0-c962fb4d2d97,
Billed Duration for Request eb3e2d0e-0deb-441f-a8e0-c962fb4d2d97: 551 ms
Pi: 3.1407469090909093,
Input: 5500000,
Cold Start: false
Unique ID: d204138f-4457-4007-9e72-708cb693e015,
Billed Duration for Request d204138f-4457-4007-9e72-708cb693e015: 552 ms
Pi: 3.140483636363636,
Input: 5500000,
Cold Start: false
Unique ID: 375858be-fb49-4a39-9657-320639662a73,
Billed Duration for Request 375858be-fb49-4a39-9657-320639662a73: 577 ms
Pi: 3.141274909090909,
Input: 5500000,
Cold Start: false
Unique ID: d53c5fb5-b3c5-4a94-8e34-022e5e4aad79,
Billed Duration for Request d53c5fb5-b3c5-4a94-8e34-022e5e4aad79: 541 ms
Pi: 3.1409716363636364,
Input: 5500000,
Cold Start: false
Unique ID: 5673f289-c251-4ed4-a780-2cc454e769e1,
Billed Duration for Request 5673f289-c251-4ed4-a780-2cc454e769e1: 547 ms
Pi: 3.141792,
Input: 5500000,
Cold Start: false
Unique ID: e5f23dcc-7182-49a2-85e2-55a04a97cf7b,
Billed Duration for Request e5f23dcc-7182-49a2-85e2-55a04a97cf7b: 588 ms
Pi: 3.1421069090909093,
Input: 5500000,
Cold Start: false
Unique ID: 111a2699-e93a-4933-88cd-b9fb74840f77,
Billed Duration for Request 111a2699-e93a-4933-88cd-b9fb74840f77: 540 ms
Pi: 3.1414981818181817,
Input: 5500000,
Cold Start: false
Unique ID: 46f92958-ebc5-40cd-b9a8-ec0e73839a1b,
Billed Duration for Request 46f92958-ebc5-40cd-b9a8-ec0e73839a1b: 533 ms
Pi: 3.141591272727273,
Input: 5500000,
Cold Start: false
Unique ID: 4dc0f3bb-dea0-4dd6-8ea9-444298a9ea67,
Billed Duration for Request 4dc0f3bb-dea0-4dd6-8ea9-444298a9ea67: 599 ms
Pi: 3.14112,
Input: 5500000,
Cold Start: false
Unique ID: 9a83607f-4a03-4770-ad6b-17b7b91f19c6,
Billed Duration for Request 9a83607f-4a03-4770-ad6b-17b7b91f19c6: 536 ms
Pi: 3.1417803636363635,
Input: 5500000,
Cold Start: false
Unique ID: 385d5a2b-46ed-4fdd-8d4d-1b67ecc80c27,
Billed Duration for Request 385d5a2b-46ed-4fdd-8d4d-1b67ecc80c27: 532 ms
Pi: 3.141490181818182,
Input: 5500000,
Cold Start: false
Unique ID: a5c6a803-f357-46ca-a9a6-66d77bcfd3e6,
Billed Duration for Request a5c6a803-f357-46ca-a9a6-66d77bcfd3e6: 599 ms
Pi: 3.1414865454545455,
Input: 5500000,
Cold Start: false
Unique ID: 142a8662-b12f-4c80-a5e5-d1ae5df628a7,
Billed Duration for Request 142a8662-b12f-4c80-a5e5-d1ae5df628a7: 536 ms
Pi: 3.141789818181818,
Input: 5500000,
Cold Start: false
Unique ID: 852f2ee1-e84b-420f-8b5c-562bc055758c,
Billed Duration for Request 852f2ee1-e84b-420f-8b5c-562bc055758c: 549 ms
Pi: 3.1402741818181816,
Input: 5500000,
Cold Start: false
Unique ID: b7953696-7e79-49fa-91a3-deab3391bc96,
Billed Duration for Request b7953696-7e79-49fa-91a3-deab3391bc96: 601 ms
Pi: 3.1422814545454547,
Input: 5500000,
Cold Start: false
Unique ID: f6e85924-b2e9-4742-83ee-a2f065ffd6f9,
Billed Duration for Request f6e85924-b2e9-4742-83ee-a2f065ffd6f9: 536 ms
Pi: 3.1424603636363635,
Input: 5500000,
Cold Start: false
Unique ID: d5f7e959-1618-40bc-a073-fdc0f2f3341e,
Billed Duration for Request d5f7e959-1618-40bc-a073-fdc0f2f3341e: 546 ms
Pi: 3.141805090909091,
Input: 5500000,
Cold Start: false
Unique ID: 81b69ec0-7403-4485-b50e-d07930b352e3,
Billed Duration for Request 81b69ec0-7403-4485-b50e-d07930b352e3: 584 ms
Pi: 3.141605090909091,
Input: 5500000,
Cold Start: false
Unique ID: 8f526c62-c86f-4b79-84fd-c84a392fa3ea,
Billed Duration for Request 8f526c62-c86f-4b79-84fd-c84a392fa3ea: 536 ms
Pi: 3.141072,
Input: 5500000,
Cold Start: false
Unique ID: d0f15c27-27d8-487a-9637-31df4728a16c,
Billed Duration for Request d0f15c27-27d8-487a-9637-31df4728a16c: 546 ms
Pi: 3.1420574545454545,
Input: 5500000,
Cold Start: false
Unique ID: 60d8ad11-6389-4e29-a51d-0d2fcb07fa96,
Billed Duration for Request 60d8ad11-6389-4e29-a51d-0d2fcb07fa96: 579 ms
Pi: 3.1418603636363636,
Input: 5500000,
Cold Start: false
Unique ID: c148859f-60e2-40db-a77d-88f8a0b370fa,
Billed Duration for Request c148859f-60e2-40db-a77d-88f8a0b370fa: 536 ms
Pi: 3.1417694545454546,
Input: 5500000,
Cold Start: false
Unique ID: c92324a8-42c1-4dce-9ba1-c9390256bdb7,
Billed Duration for Request c92324a8-42c1-4dce-9ba1-c9390256bdb7: 545 ms
Pi: 3.1415978181818183,
Input: 5500000,
Cold Start: false
Unique ID: f95b61ca-e365-4abd-81d0-08119dbd80cf,
Billed Duration for Request f95b61ca-e365-4abd-81d0-08119dbd80cf: 584 ms
Pi: 3.1408,
Input: 5500000,
Cold Start: false
Unique ID: 4442d348-293e-46a2-8775-19f25976d108,
Billed Duration for Request 4442d348-293e-46a2-8775-19f25976d108: 544 ms
Pi: 3.1423854545454546,
Input: 5500000,
Cold Start: false
Unique ID: c0b9d3be-8737-4149-b2d4-a036db8149f5,
Billed Duration for Request c0b9d3be-8737-4149-b2d4-a036db8149f5: 537 ms
Pi: 3.142245090909091,
Input: 5500000,
Cold Start: false
Unique ID: ba9e50e3-85a1-47de-a1f8-0421514f8009,
Billed Duration for Request ba9e50e3-85a1-47de-a1f8-0421514f8009: 582 ms
Pi: 3.143176,
Input: 5500000,
Cold Start: false
Unique ID: 0b6d4018-e356-49d4-bd8b-39cc54c69d69,
Billed Duration for Request 0b6d4018-e356-49d4-bd8b-39cc54c69d69: 537 ms
Pi: 3.1414618181818184,
Input: 5500000,
Cold Start: false
Unique ID: 315030d5-e949-49d4-850d-ea616153a60d,
Billed Duration for Request 315030d5-e949-49d4-850d-ea616153a60d: 549 ms
Pi: 3.1413425454545454,
Input: 5500000,
Cold Start: false
Unique ID: 3438af22-9b4e-4756-a0f4-a069999df31e,
Billed Duration for Request 3438af22-9b4e-4756-a0f4-a069999df31e: 583 ms
Pi: 3.1416850909090908,
Input: 5500000,
Cold Start: false
Unique ID: da84617c-cf3c-4f25-afc2-d3ace1e877e8,
Billed Duration for Request da84617c-cf3c-4f25-afc2-d3ace1e877e8: 540 ms
Pi: 3.1408872727272725,
Input: 5500000,
Cold Start: false
Unique ID: 6d9d43d8-552d-4f0f-b665-a233099f99f7,
Billed Duration for Request 6d9d43d8-552d-4f0f-b665-a233099f99f7: 535 ms
Pi: 3.1414370909090907,
Input: 5500000,
Cold Start: false
Unique ID: b1c0529c-f445-4d64-b217-306f6b57732f,
Billed Duration for Request b1c0529c-f445-4d64-b217-306f6b57732f: 577 ms
Pi: 3.142546909090909,
Input: 5500000,
Cold Start: false
Unique ID: aed2c48d-7fde-4ada-99ce-d0eb0f1c2287,
Billed Duration for Request aed2c48d-7fde-4ada-99ce-d0eb0f1c2287: 536 ms
Pi: 3.1422574545454545,
Input: 5500000,
Cold Start: false
Unique ID: c90113c3-9ef6-440e-be45-328457639d32,
Billed Duration for Request c90113c3-9ef6-440e-be45-328457639d32: 531 ms
Pi: 3.1406552727272725,
Input: 5500000,
Cold Start: false
Unique ID: 8eb8814f-94f3-43d8-9668-44fef015b21a,
Billed Duration for Request 8eb8814f-94f3-43d8-9668-44fef015b21a: 599 ms
Pi: 3.141930909090909,
Input: 5500000,
Cold Start: false
Unique ID: ef670406-2000-4dfc-9876-41ccb946c7bf,
Billed Duration for Request ef670406-2000-4dfc-9876-41ccb946c7bf: 536 ms
Pi: 3.141805818181818,
Input: 5500000,
Cold Start: false
Unique ID: 485e9e1e-fdd7-4c62-a2c4-7eeb6363b43f,
Billed Duration for Request 485e9e1e-fdd7-4c62-a2c4-7eeb6363b43f: 532 ms
Pi: 3.1410050909090907,
Input: 5500000,
Cold Start: false
Unique ID: 2ab6c589-a657-45fa-a813-bbd9f6c7ae03,
Billed Duration for Request 2ab6c589-a657-45fa-a813-bbd9f6c7ae03: 577 ms
Pi: 3.1405614545454545,
Input: 5500000,
Cold Start: false
Unique ID: f1bbdf28-ad4d-4ed8-aff9-c748f81c8351,
Billed Duration for Request f1bbdf28-ad4d-4ed8-aff9-c748f81c8351: 540 ms
Pi: 3.1418283636363635,
Input: 5500000,
Cold Start: false
Unique ID: 8d2dc943-827a-4e1e-a9b7-14aa6d211883,
Billed Duration for Request 8d2dc943-827a-4e1e-a9b7-14aa6d211883: 547 ms
Pi: 3.1411541818181816,
Input: 5500000,
Cold Start: false
Unique ID: aaedf3dd-99fb-40e1-b35c-67e06457af7c,
Billed Duration for Request aaedf3dd-99fb-40e1-b35c-67e06457af7c: 578 ms
Pi: 3.1416123636363635,
Input: 5500000,
Cold Start: false
Unique ID: eaaab403-2b22-45bd-aff6-efecaf5b4040,
Billed Duration for Request eaaab403-2b22-45bd-aff6-efecaf5b4040: 536 ms
Pi: 3.141952,
Input: 5500000,
Cold Start: false
Unique ID: 4e29d3d6-38c4-44fa-8eb7-6ed004a2cb82,
Billed Duration for Request 4e29d3d6-38c4-44fa-8eb7-6ed004a2cb82: 530 ms
Pi: 3.142789090909091,
Input: 5500000,
Cold Start: false
Unique ID: a0535b74-7cb4-40e1-a820-dc95964a073d,
Billed Duration for Request a0535b74-7cb4-40e1-a820-dc95964a073d: 570 ms
Pi: 3.141525818181818,
Input: 5500000,
Cold Start: false
Unique ID: 346bd26e-3ab9-45e6-8dec-8edb50910472,
Billed Duration for Request 346bd26e-3ab9-45e6-8dec-8edb50910472: 536 ms
Pi: 3.1411083636363637,
Input: 5500000,
Cold Start: false
Unique ID: 75727d7a-6d57-4adb-add2-58e500299d98,
Billed Duration for Request 75727d7a-6d57-4adb-add2-58e500299d98: 543 ms
Pi: 3.1404763636363637,
Input: 5500000,
Cold Start: false
Unique ID: 39b79ad7-3896-4d88-8521-9f356ce26fab,
Billed Duration for Request 39b79ad7-3896-4d88-8521-9f356ce26fab: 584 ms
Pi: 3.140576727272727,
Input: 5500000,
Cold Start: false
Unique ID: 6bd127e0-86d1-4be2-88fa-cc2dd5feee75,
Billed Duration for Request 6bd127e0-86d1-4be2-88fa-cc2dd5feee75: 545 ms
Pi: 3.1426414545454544,
Input: 5500000,
Cold Start: false
Unique ID: a8c50849-7e91-4778-9acc-4e28e121336c,
Billed Duration for Request a8c50849-7e91-4778-9acc-4e28e121336c: 532 ms
Pi: 3.1420836363636364,
Input: 5500000,
Cold Start: false
Unique ID: 5a530418-e612-40f3-b667-5e9934d96af7,
Billed Duration for Request 5a530418-e612-40f3-b667-5e9934d96af7: 602 ms
Pi: 3.1415796363636366,
Input: 5500000,
Cold Start: false
Unique ID: cf6a2d31-e499-4aef-9687-623a29f1ecad,
Billed Duration for Request cf6a2d31-e499-4aef-9687-623a29f1ecad: 545 ms
Pi: 3.1427985454545455,
Input: 5500000,
Cold Start: false
Unique ID: ea149892-93ba-4de9-8c4e-1d1bc1bc4e77,
Billed Duration for Request ea149892-93ba-4de9-8c4e-1d1bc1bc4e77: 540 ms
Pi: 3.1416647272727274,
Input: 5500000,
Cold Start: false
Unique ID: 13608763-4256-4331-b271-66414a850989,
Billed Duration for Request 13608763-4256-4331-b271-66414a850989: 601 ms
Pi: 3.1404632727272728,
Input: 5500000,
Cold Start: false
Unique ID: 9fb80cd8-4705-4f5f-b36f-b026ddef7a7c,
Billed Duration for Request 9fb80cd8-4705-4f5f-b36f-b026ddef7a7c: 531 ms
Pi: 3.1412516363636365,
Input: 5500000,
Cold Start: false
Unique ID: 18f233f0-f453-4602-9939-087fa994b74e,
Billed Duration for Request 18f233f0-f453-4602-9939-087fa994b74e: 539 ms
Pi: 3.1414676363636365,
Input: 5500000,
Cold Start: false
Unique ID: 85026e35-a179-41e7-9dd9-e5b1fd4c2626,
Billed Duration for Request 85026e35-a179-41e7-9dd9-e5b1fd4c2626: 589 ms
Pi: 3.1409694545454547,
Input: 5500000,
Cold Start: false
Unique ID: 6e845fa7-148f-4c2c-9a25-b025813b9816,
Billed Duration for Request 6e845fa7-148f-4c2c-9a25-b025813b9816: 534 ms
Pi: 3.1410923636363637,
Input: 5500000,
Cold Start: false
Unique ID: 5dd8a9c2-30df-4822-884c-98057f7ab1d4,
Billed Duration for Request 5dd8a9c2-30df-4822-884c-98057f7ab1d4: 546 ms
Pi: 3.142580363636364,
Input: 5500000,
Cold Start: false
Unique ID: acb8c64b-92df-4a80-82fc-40f32c69225c,
Billed Duration for Request acb8c64b-92df-4a80-82fc-40f32c69225c: 599 ms
Pi: 3.1419345454545455,
Input: 5500000,
Cold Start: false
Unique ID: 342bfa46-130b-4d3f-b252-3b40037dde97,
Billed Duration for Request 342bfa46-130b-4d3f-b252-3b40037dde97: 608 ms
Pi: 3.1421963636363635,
Input: 5500000,
Cold Start: false
Unique ID: 8a11f050-e7dc-41bc-8375-8abab94b946b,
Billed Duration for Request 8a11f050-e7dc-41bc-8375-8abab94b946b: 551 ms
Pi: 3.1405745454545455,
Input: 5500000,
Cold Start: false
Unique ID: 886afc5f-0729-459d-9b6a-1dff62c6a8ab,
Billed Duration for Request 886afc5f-0729-459d-9b6a-1dff62c6a8ab: 540 ms
Pi: 3.140482909090909,
Input: 5500000,
Cold Start: false
Unique ID: c9ef145e-442e-457d-aff8-6e3cbc8b528e,
Billed Duration for Request c9ef145e-442e-457d-aff8-6e3cbc8b528e: 579 ms
Pi: 3.1422305454545456,
Input: 5500000,
Cold Start: false
Unique ID: 8433ce56-93df-40c9-a999-86ff850db7fb,
Billed Duration for Request 8433ce56-93df-40c9-a999-86ff850db7fb: 529 ms
Pi: 3.1420734545454545,
Input: 5500000,
Cold Start: false
Unique ID: 2cb852d8-cad8-4841-885f-7d63b1d8e1c9,
Billed Duration for Request 2cb852d8-cad8-4841-885f-7d63b1d8e1c9: 536 ms
Pi: 3.1419105454545453,
Input: 5500000,
Cold Start: false
Unique ID: dcd2ff32-fbfc-4c05-8b73-b04f5748575e,
Billed Duration for Request dcd2ff32-fbfc-4c05-8b73-b04f5748575e: 586 ms
Pi: 3.142148363636364,
Input: 5500000,
Cold Start: false
Unique ID: a7453045-54a7-46e1-b78c-553e9dee7e29,
Billed Duration for Request a7453045-54a7-46e1-b78c-553e9dee7e29: 548 ms
Pi: 3.14124,
Input: 5500000,
Cold Start: false
Unique ID: 39c1eceb-f35c-42a8-91d3-221e4aa7c4e1,
Billed Duration for Request 39c1eceb-f35c-42a8-91d3-221e4aa7c4e1: 540 ms
Pi: 3.141597090909091,
Input: 5500000,
Cold Start: false
Unique ID: 495486c4-5615-437b-a5d5-3b5880f0724f,
Billed Duration for Request 495486c4-5615-437b-a5d5-3b5880f0724f: 601 ms
Pi: 3.1422334545454547,
Input: 5500000,
Cold Start: false
Unique ID: ecfca60c-9cae-4536-b34e-34875f4a0adb,
Billed Duration for Request ecfca60c-9cae-4536-b34e-34875f4a0adb: 532 ms
Pi: 3.1411454545454545,
Input: 5500000,
Cold Start: false
Unique ID: 27ee396c-003f-4d78-aed1-a590fd94b342,
Billed Duration for Request 27ee396c-003f-4d78-aed1-a590fd94b342: 535 ms
Pi: 3.1413316363636365,
Input: 5500000,
Cold Start: false
Unique ID: 30957748-8b89-47fa-91a4-11aefd602bbe,
Billed Duration for Request 30957748-8b89-47fa-91a4-11aefd602bbe: 580 ms
Pi: 3.142061090909091,
Input: 5500000,
Cold Start: false
Unique ID: 6418fafe-1657-4ae9-86dc-567935a474ce,
Billed Duration for Request 6418fafe-1657-4ae9-86dc-567935a474ce: 532 ms
Pi: 3.1411323636363635,
Input: 5500000,
Cold Start: false
Unique ID: 2ac546a4-5ffb-4852-84f3-b138557d0bd4,
Billed Duration for Request 2ac546a4-5ffb-4852-84f3-b138557d0bd4: 536 ms
Pi: 3.142173090909091,
Input: 5500000,
Cold Start: false
Unique ID: 711dc48e-9b8e-44bb-929c-24764fc3392c,
Billed Duration for Request 711dc48e-9b8e-44bb-929c-24764fc3392c: 582 ms
Pi: 3.141872,
Input: 5500000,
Cold Start: false
Unique ID: abe557d1-1bc1-4c22-afca-9ad9cb87a6dd,
Billed Duration for Request abe557d1-1bc1-4c22-afca-9ad9cb87a6dd: 531 ms
Pi: 3.141981818181818,
Input: 5500000,
Cold Start: false
Unique ID: 53c9377c-2932-4c3a-9e6e-3f617416c04f,
Billed Duration for Request 53c9377c-2932-4c3a-9e6e-3f617416c04f: 532 ms
Pi: 3.1401992727272727,
Input: 5500000,
Cold Start: false
Unique ID: 3cbe0339-6490-4ffa-a24f-c5bc576f82d0,
Billed Duration for Request 3cbe0339-6490-4ffa-a24f-c5bc576f82d0: 597 ms
Pi: 3.1425272727272726,
Input: 5500000,
Cold Start: false
Unique ID: c4ceb74f-de87-48a3-8e8c-99b82d9da0b6,
Billed Duration for Request c4ceb74f-de87-48a3-8e8c-99b82d9da0b6: 531 ms
Pi: 3.140858181818182,
Input: 5500000,
Cold Start: false
Unique ID: d738fa1f-c17b-404b-8f6c-0b07a40c4031,
Billed Duration for Request d738fa1f-c17b-404b-8f6c-0b07a40c4031: 538 ms
Pi: 3.140896727272727,
Input: 5500000,
Cold Start: false
Unique ID: f97ced1b-784b-4d1e-8062-0cbaea25e8f3,
Billed Duration for Request f97ced1b-784b-4d1e-8062-0cbaea25e8f3: 598 ms
Pi: 3.1409556363636364,
Input: 5500000,
Cold Start: false
Unique ID: da3f20d6-5d19-4ef3-aae9-34dad6fe124f,
Billed Duration for Request da3f20d6-5d19-4ef3-aae9-34dad6fe124f: 536 ms
Pi: 3.1411563636363637,
Input: 5500000,
Cold Start: false
Unique ID: 17026df6-dad4-4f7b-9ec9-a2c37dd73ac4,
Billed Duration for Request 17026df6-dad4-4f7b-9ec9-a2c37dd73ac4: 539 ms
Pi: 3.143444363636364,
Input: 5500000,
Cold Start: false
Unique ID: 3c76c79d-d18f-47e6-9d9a-72d63beab579,
Billed Duration for Request 3c76c79d-d18f-47e6-9d9a-72d63beab579: 588 ms
Pi: 3.141770909090909,
Input: 5500000,
Cold Start: false
Unique ID: 6e45aa11-1925-4d36-b26f-9e53b52c1932,
Billed Duration for Request 6e45aa11-1925-4d36-b26f-9e53b52c1932: 532 ms
Pi: 3.1419534545454546,
Input: 5500000,
Cold Start: false
Unique ID: dc305eb3-b571-4573-a7a6-19a1015eef86,
Billed Duration for Request dc305eb3-b571-4573-a7a6-19a1015eef86: 538 ms
Pi: 3.1409047272727273,
Input: 5500000,
Cold Start: false
Unique ID: 00b120c4-1dd3-4acf-8f6a-fbb229196bdd,
Billed Duration for Request 00b120c4-1dd3-4acf-8f6a-fbb229196bdd: 583 ms
Pi: 3.142304,
Input: 5500000,
Cold Start: false
Unique ID: 2cea79fb-e9b7-461e-b9e2-0096c50584dc,
Billed Duration for Request 2cea79fb-e9b7-461e-b9e2-0096c50584dc: 535 ms
Pi: 3.1409192727272726,
Input: 5500000,
Cold Start: false
Unique ID: e8e7282d-c2a9-4c67-a30d-0c4ec6fb7386,
Billed Duration for Request e8e7282d-c2a9-4c67-a30d-0c4ec6fb7386: 535 ms
Pi: 3.1404712727272726,
Input: 5500000,
Cold Start: false
Unique ID: 1397f8bd-3f54-4435-b4d6-051ac4faa77f,
Billed Duration for Request 1397f8bd-3f54-4435-b4d6-051ac4faa77f: 578 ms
Pi: 3.142567272727273,
Input: 5500000,
Cold Start: false
Unique ID: bf2c625b-368f-4fae-8c70-b6a496d0b7a5,
Billed Duration for Request bf2c625b-368f-4fae-8c70-b6a496d0b7a5: 532 ms
Pi: 3.1424116363636365,
Input: 5500000,
Cold Start: false
Unique ID: 011e739a-0da1-4b78-becf-0e25795172fa,
Billed Duration for Request 011e739a-0da1-4b78-becf-0e25795172fa: 539 ms
Pi: 3.141922181818182,
Input: 5500000,
Cold Start: false
Unique ID: 225dc6cf-bc1c-44af-87f2-a9258bda2ea5,
Billed Duration for Request 225dc6cf-bc1c-44af-87f2-a9258bda2ea5: 583 ms
Pi: 3.142426181818182,
Input: 5500000,
Cold Start: false
Unique ID: ad939398-6f06-4187-a321-b44d7e527406,
Billed Duration for Request ad939398-6f06-4187-a321-b44d7e527406: 526 ms
Pi: 3.1419694545454546,
Input: 5500000,
Cold Start: false
Unique ID: bbfec380-4f21-46b9-9c05-7b062d9c616e,
Billed Duration for Request bbfec380-4f21-46b9-9c05-7b062d9c616e: 535 ms
Pi: 3.141722909090909,
Input: 5500000,
Cold Start: false
Unique ID: ecbd80c9-4a52-409d-bf2f-f7c82894a288,
Billed Duration for Request ecbd80c9-4a52-409d-bf2f-f7c82894a288: 582 ms
Pi: 3.1404916363636364,
Input: 5500000,
Cold Start: false
Unique ID: d9c13574-97ef-4f37-a682-2b0489087a77,
Billed Duration for Request d9c13574-97ef-4f37-a682-2b0489087a77: 532 ms
Pi: 3.1418647272727274,
Input: 5500000,
Cold Start: false
Unique ID: f6ae988c-9f9b-4b44-9a3b-0fe6dc67b582,
Billed Duration for Request f6ae988c-9f9b-4b44-9a3b-0fe6dc67b582: 539 ms
Pi: 3.142056727272727,
Input: 5500000,
Cold Start: false
Unique ID: eeb8c013-53d8-48c1-9bcd-c0149416649b,
Billed Duration for Request eeb8c013-53d8-48c1-9bcd-c0149416649b: 587 ms
Pi: 3.141424,
Input: 5500000,
Cold Start: false
Unique ID: 6c9e9276-a25a-4d46-b29f-1a3164116267,
Billed Duration for Request 6c9e9276-a25a-4d46-b29f-1a3164116267: 546 ms
Pi: 3.1413345454545456,
Input: 5500000,
Cold Start: false
Unique ID: 7f62843b-d5bc-4be7-b294-0381eb0b8271,
Billed Duration for Request 7f62843b-d5bc-4be7-b294-0381eb0b8271: 532 ms
Pi: 3.1417876363636363,
Input: 5500000,
Cold Start: false
Unique ID: 72b8b3fb-239f-4172-83bd-d71fe3d73617,
Billed Duration for Request 72b8b3fb-239f-4172-83bd-d71fe3d73617: 588 ms
Pi: 3.1413134545454544,
Input: 5500000,
Cold Start: false
Unique ID: a3d3794f-5191-4abf-bd47-c07940b675d7,
Billed Duration for Request a3d3794f-5191-4abf-bd47-c07940b675d7: 531 ms
Pi: 3.1420545454545454,
Input: 5500000,
Cold Start: false
Unique ID: b1613432-b6b2-4c96-bbc4-410d1565472c,
Billed Duration for Request b1613432-b6b2-4c96-bbc4-410d1565472c: 535 ms
Pi: 3.1421716363636363,
Input: 5500000,
Cold Start: false
Unique ID: 1a64320e-64d3-478d-b86f-e770eaf71529,
Billed Duration for Request 1a64320e-64d3-478d-b86f-e770eaf71529: 581 ms
Pi: 3.142168,
Input: 5500000,
Cold Start: false
Unique ID: aa90c059-7969-441b-b2bc-92190031994d,
Billed Duration for Request aa90c059-7969-441b-b2bc-92190031994d: 549 ms
Pi: 3.141232,
Input: 5500000,
Cold Start: false
Unique ID: 5da76245-0a43-4475-9ad6-b5a6c50350a9,
Billed Duration for Request 5da76245-0a43-4475-9ad6-b5a6c50350a9: 530 ms
Pi: 3.1412269090909093,
Input: 5500000,
Cold Start: false
Unique ID: 960472b3-ea4e-4122-85a3-d604712af181,
Billed Duration for Request 960472b3-ea4e-4122-85a3-d604712af181: 581 ms
Pi: 3.142688727272727,
Input: 5500000,
Cold Start: false
Unique ID: 76d7cb77-b527-46b7-8684-a1cb92f976ec,
Billed Duration for Request 76d7cb77-b527-46b7-8684-a1cb92f976ec: 529 ms
Pi: 3.1415825454545456,
Input: 5500000,
Cold Start: false
Unique ID: 8b1e4c96-5d04-424e-a715-d3bb95a901af,
Billed Duration for Request 8b1e4c96-5d04-424e-a715-d3bb95a901af: 539 ms
Pi: 3.1420545454545454,
Input: 5500000,
Cold Start: false
Unique ID: b564ee86-9a11-4545-a32c-743fa70eb102,
Billed Duration for Request b564ee86-9a11-4545-a32c-743fa70eb102: 581 ms
Pi: 3.141765090909091,
Input: 5500000,
Cold Start: false
Unique ID: 0be9b562-f57b-4058-aae4-4b462d994800,
Billed Duration for Request 0be9b562-f57b-4058-aae4-4b462d994800: 532 ms
Pi: 3.1420967272727274,
Input: 5500000,
Cold Start: false
Unique ID: 619b6483-fb2d-4689-94be-2e3d0eade159,
Billed Duration for Request 619b6483-fb2d-4689-94be-2e3d0eade159: 536 ms
Pi: 3.1416763636363636,
Input: 5500000,
Cold Start: false
Unique ID: a48b75ae-b8ed-482a-b235-6a210bb0d337,
Billed Duration for Request a48b75ae-b8ed-482a-b235-6a210bb0d337: 580 ms
Pi: 3.142061090909091,
Input: 5500000,
Cold Start: false
Unique ID: 13dc24b9-9b1d-42ae-bccf-7ec731a31aca,
Billed Duration for Request 13dc24b9-9b1d-42ae-bccf-7ec731a31aca: 530 ms
Pi: 3.1424414545454544,
Input: 5500000,
Cold Start: false
Unique ID: 73a025a1-8822-4001-9fe5-873f139d22dc,
Billed Duration for Request 73a025a1-8822-4001-9fe5-873f139d22dc: 536 ms
Pi: 3.1414734545454546,
Input: 5500000,
Cold Start: false
Unique ID: 2010f337-b2e6-4b2a-ade9-a4dbfb96f479,
Billed Duration for Request 2010f337-b2e6-4b2a-ade9-a4dbfb96f479: 562 ms
Pi: 3.139882181818182,
Input: 5500000,
Cold Start: false
