Unique ID: bf286c7a304ee20ad756f1e1b3f6b90b,
Execution Time for Trace ID bf286c7a304ee20ad756f1e1b3f6b90b: 390 ms
Input: 5750000,
Cold Start: false
Unique ID: f51809c26508572f3801d23eb8d007ea,
Execution Time for Trace ID f51809c26508572f3801d23eb8d007ea: 426 ms
Input: 5750000,
Cold Start: false
Unique ID: d807c5a4acad5b287dfbed617c50affa,
Execution Time for Trace ID d807c5a4acad5b287dfbed617c50affa: 435 ms
Input: 5750000,
Cold Start: false
Unique ID: 2f8989ece577c9e7f1f9a4388aeebf6e,
Execution Time for Trace ID 2f8989ece577c9e7f1f9a4388aeebf6e: 397 ms
Input: 5750000,
Cold Start: false
Unique ID: de9294e9456550806c60f7ea2c9910c0,
Execution Time for Trace ID de9294e9456550806c60f7ea2c9910c0: 419 ms
Input: 5750000,
Cold Start: false
Unique ID: f902e6f2a303c0a89bc7896d2681a0ad,
Execution Time for Trace ID f902e6f2a303c0a89bc7896d2681a0ad: 406 ms
Input: 5750000,
Cold Start: false
Unique ID: f37231ab4962ab7cd2f675c8a1d05514,
Execution Time for Trace ID f37231ab4962ab7cd2f675c8a1d05514: 420 ms
Input: 5750000,
Cold Start: false
Unique ID: 7f1f32cfef4f3bf0db7708fb94c94a19,
Execution Time for Trace ID 7f1f32cfef4f3bf0db7708fb94c94a19: 408 ms
Input: 5750000,
Cold Start: false
Unique ID: 83db9cac540b9d999d9e2c0ee2345af2,
Execution Time for Trace ID 83db9cac540b9d999d9e2c0ee2345af2: 392 ms
Input: 5750000,
Cold Start: false
Unique ID: 71425176dfab88a16472160b6d3d9e80,
Execution Time for Trace ID 71425176dfab88a16472160b6d3d9e80: 481 ms
Input: 5750000,
Cold Start: false
Unique ID: 63e8ad7b1b9b1076b3aa2ee41e9eb4ba,
Execution Time for Trace ID 63e8ad7b1b9b1076b3aa2ee41e9eb4ba: 412 ms
Input: 5750000,
Cold Start: false
Unique ID: c57631732f3f731a3bf637b3b388bd5e,
Execution Time for Trace ID c57631732f3f731a3bf637b3b388bd5e: 407 ms
Input: 5750000,
Cold Start: false
Unique ID: 5c766090ec4adb73f0ca01bfc22c07da,
Execution Time for Trace ID 5c766090ec4adb73f0ca01bfc22c07da: 416 ms
Input: 5750000,
Cold Start: false
Unique ID: bf124bc2a03ba4f8ff07af0fd9a7ffec,
Execution Time for Trace ID bf124bc2a03ba4f8ff07af0fd9a7ffec: 412 ms
Input: 5750000,
Cold Start: false
Unique ID: 9d9d1fe013a40b8255d2e5f49ba06adc,
Execution Time for Trace ID 9d9d1fe013a40b8255d2e5f49ba06adc: 398 ms
Input: 5750000,
Cold Start: false
Unique ID: e6635cdba65fe638088876feffd036aa,
Execution Time for Trace ID e6635cdba65fe638088876feffd036aa: 413 ms
Input: 5750000,
Cold Start: false
Unique ID: cebe08fe41f0426c424132e62b1fbc5a,
Execution Time for Trace ID cebe08fe41f0426c424132e62b1fbc5a: 408 ms
Input: 5750000,
Cold Start: false
Unique ID: c6af783881e31a8d7040b7a1563d30dd,
Execution Time for Trace ID c6af783881e31a8d7040b7a1563d30dd: 425 ms
Input: 5750000,
Cold Start: false
Unique ID: 1d4c92687667715fb549e4095b4e22d4,
Execution Time for Trace ID 1d4c92687667715fb549e4095b4e22d4: 400 ms
Input: 5750000,
Cold Start: false
Unique ID: 2ac48b1f2346770e210936398811f48d,
Execution Time for Trace ID 2ac48b1f2346770e210936398811f48d: 395 ms
Input: 5750000,
Cold Start: false
Unique ID: 41bbdd21adb5a94c66469c35cb2237af,
Execution Time for Trace ID 41bbdd21adb5a94c66469c35cb2237af: 410 ms
Input: 5750000,
Cold Start: false
Unique ID: 3781d7d63a22f6f7345e348e4d5d4efd,
Execution Time for Trace ID 3781d7d63a22f6f7345e348e4d5d4efd: 406 ms
Input: 5750000,
Cold Start: false
Unique ID: b726f49b09f5419daf37d7088d946780,
Execution Time for Trace ID b726f49b09f5419daf37d7088d946780: 419 ms
Input: 5750000,
Cold Start: false
Unique ID: 728e1305b59f627d257803d3ac922452,
Execution Time for Trace ID 728e1305b59f627d257803d3ac922452: 409 ms
Input: 5750000,
Cold Start: false
Unique ID: 6ada46521dfe1a7ddb9d05cd57b2ddca,
Execution Time for Trace ID 6ada46521dfe1a7ddb9d05cd57b2ddca: 398 ms
Input: 5750000,
Cold Start: false
Unique ID: e08baca37a23c8b4b579b8d162737474,
Execution Time for Trace ID e08baca37a23c8b4b579b8d162737474: 403 ms
Input: 5750000,
Cold Start: false
Unique ID: 807185f2adabf82e480a5e1c32ce1be7,
Execution Time for Trace ID 807185f2adabf82e480a5e1c32ce1be7: 420 ms
Input: 5750000,
Cold Start: false
Unique ID: dbc7e3825b5fcbfbfc497b4052f4ca85,
Execution Time for Trace ID dbc7e3825b5fcbfbfc497b4052f4ca85: 404 ms
Input: 5750000,
Cold Start: false
Unique ID: cfedc98b3568a247be92419d0664cdd6,
Execution Time for Trace ID cfedc98b3568a247be92419d0664cdd6: 402 ms
Input: 5750000,
Cold Start: false
Unique ID: e1a8f5e5249dfd8547cef5561cd615b7,
Execution Time for Trace ID e1a8f5e5249dfd8547cef5561cd615b7: 386 ms
Input: 5750000,
Cold Start: false
Unique ID: 6ed23647d8ab4bf15fe32a9f22fa377e,
Execution Time for Trace ID 6ed23647d8ab4bf15fe32a9f22fa377e: 409 ms
Input: 5750000,
Cold Start: false
Unique ID: 55c8f53fb128946aecff5cb740f99986,
Execution Time for Trace ID 55c8f53fb128946aecff5cb740f99986: 416 ms
Input: 5750000,
Cold Start: false
Unique ID: cb5f72c745fdd3298e41dd8d860b22e2,
Execution Time for Trace ID cb5f72c745fdd3298e41dd8d860b22e2: 389 ms
Input: 5750000,
Cold Start: false
Unique ID: b3faa20ca095882d1ff58823df707885,
Execution Time for Trace ID b3faa20ca095882d1ff58823df707885: 443 ms
Input: 5750000,
Cold Start: false
Unique ID: 49fe041691e7aa6877faf80d6e4f37d7,
Execution Time for Trace ID 49fe041691e7aa6877faf80d6e4f37d7: 429 ms
Input: 5750000,
Cold Start: false
Unique ID: 798abc63a13ff895125d8cd24ebdff67,
Execution Time for Trace ID 798abc63a13ff895125d8cd24ebdff67: 377 ms
Input: 5750000,
Cold Start: false
Unique ID: d288bb0a4b9ce21d224c51d33381858c,
Execution Time for Trace ID d288bb0a4b9ce21d224c51d33381858c: 412 ms
Input: 5750000,
Cold Start: false
Unique ID: 9da345397d9161848352b3a13c9490e4,
Execution Time for Trace ID 9da345397d9161848352b3a13c9490e4: 404 ms
Input: 5750000,
Cold Start: false
Unique ID: d015a9d458fb9f1c42f81e4f67dbb3e9,
Execution Time for Trace ID d015a9d458fb9f1c42f81e4f67dbb3e9: 425 ms
Input: 5750000,
Cold Start: false
Unique ID: 5e55cb992ba336d54379bbcbf20882ff,
Execution Time for Trace ID 5e55cb992ba336d54379bbcbf20882ff: 192 ms
Input: 5750000,
Cold Start: false
Unique ID: 0a2026700d5009f8bdcbb2146253870a,
Execution Time for Trace ID 0a2026700d5009f8bdcbb2146253870a: 406 ms
Input: 5750000,
Cold Start: false
Unique ID: 0ff24f5f9dc0f970c7121b810c435206,
Execution Time for Trace ID 0ff24f5f9dc0f970c7121b810c435206: 410 ms
Input: 5750000,
Cold Start: false
Unique ID: 89b61921fe2abb58592cce4309878bf1,
Execution Time for Trace ID 89b61921fe2abb58592cce4309878bf1: 406 ms
Input: 5750000,
Cold Start: false
Unique ID: 3aafd917f6f0d0807de69d1316c5af74,
Execution Time for Trace ID 3aafd917f6f0d0807de69d1316c5af74: 405 ms
Input: 5750000,
Cold Start: false
Unique ID: 7d880cb3bb557c359bcaf2c136b76f2e,
Execution Time for Trace ID 7d880cb3bb557c359bcaf2c136b76f2e: 423 ms
Input: 5750000,
Cold Start: false
Unique ID: e0c487a690cd585844ddf7ddb2aa6be3,
Execution Time for Trace ID e0c487a690cd585844ddf7ddb2aa6be3: 399 ms
Input: 5750000,
Cold Start: false
Unique ID: e4b2a7682402dd08026ebcd35872c114,
Execution Time for Trace ID e4b2a7682402dd08026ebcd35872c114: 402 ms
Input: 5750000,
Cold Start: false
Unique ID: 15194529812bf21ac7bff3ca3c902a6c,
Execution Time for Trace ID 15194529812bf21ac7bff3ca3c902a6c: 188 ms
Input: 5750000,
Cold Start: false
Unique ID: f67d890e470de4fc26632fc0c0a6cbee,
Execution Time for Trace ID f67d890e470de4fc26632fc0c0a6cbee: 420 ms
Input: 5750000,
Cold Start: false
Unique ID: 5de732953a80a6442db27248a3039565,
Execution Time for Trace ID 5de732953a80a6442db27248a3039565: 367 ms
Input: 5750000,
Cold Start: false
Unique ID: ae805fd5c1a3004e6c8065666e837989,
Execution Time for Trace ID ae805fd5c1a3004e6c8065666e837989: 411 ms
Input: 5750000,
Cold Start: false
Unique ID: 053035eeb7a230c38da265562e9e09df,
Execution Time for Trace ID 053035eeb7a230c38da265562e9e09df: 607 ms
Input: 5750000,
Cold Start: false
Unique ID: 525bbb4fadaf338f9fc34d8d00a30402,
Execution Time for Trace ID 525bbb4fadaf338f9fc34d8d00a30402: 408 ms
Input: 5750000,
Cold Start: false
Unique ID: bf25854a9ad36ec7f2984f8e04de95b4,
Execution Time for Trace ID bf25854a9ad36ec7f2984f8e04de95b4: 412 ms
Input: 5750000,
Cold Start: false
Unique ID: b5b835e9d77286c099ac6df6e3aff11e,
Execution Time for Trace ID b5b835e9d77286c099ac6df6e3aff11e: 189 ms
Input: 5750000,
Cold Start: false
Unique ID: cdecf103630dc2878cfb9deff62d9097,
Execution Time for Trace ID cdecf103630dc2878cfb9deff62d9097: 488 ms
Input: 5750000,
Cold Start: false
Unique ID: 8e0f17a869fa798af4b346b5e4f21917,
Execution Time for Trace ID 8e0f17a869fa798af4b346b5e4f21917: 411 ms
Input: 5750000,
Cold Start: false
Unique ID: 7ed9a1c9c76dd30fd7b1883699c1c35d,
Execution Time for Trace ID 7ed9a1c9c76dd30fd7b1883699c1c35d: 409 ms
Input: 5750000,
Cold Start: false
Unique ID: 048c7f48ffe6d7da0aa5d03c79e89e6e,
Execution Time for Trace ID 048c7f48ffe6d7da0aa5d03c79e89e6e: 366 ms
Input: 5750000,
Cold Start: false
Unique ID: 44f8793b0bef3cd10fa1f453cc1a98d9,
Execution Time for Trace ID 44f8793b0bef3cd10fa1f453cc1a98d9: 418 ms
Input: 5750000,
Cold Start: false
Unique ID: d09e5e0f48cef0fc71caa2e79414d866,
Execution Time for Trace ID d09e5e0f48cef0fc71caa2e79414d866: 396 ms
Input: 5750000,
Cold Start: false
Unique ID: 40cb2273b65bae4be3d78525e8a3c8b4,
Execution Time for Trace ID 40cb2273b65bae4be3d78525e8a3c8b4: 442 ms
Input: 5750000,
Cold Start: false
Unique ID: 057612bab74b57f170a6eb70f28770e8,
Execution Time for Trace ID 057612bab74b57f170a6eb70f28770e8: 404 ms
Input: 5750000,
Cold Start: false
Unique ID: 7d6ede5d746c4e40218a239aaa9d7e90,
Execution Time for Trace ID 7d6ede5d746c4e40218a239aaa9d7e90: 392 ms
Input: 5750000,
Cold Start: false
Unique ID: 75c889ad495a9278c819bdabd7ab6ed5,
Execution Time for Trace ID 75c889ad495a9278c819bdabd7ab6ed5: 407 ms
Input: 5750000,
Cold Start: false
Unique ID: acd917bd8584a56251b2ac4c7efae902,
Execution Time for Trace ID acd917bd8584a56251b2ac4c7efae902: 410 ms
Input: 5750000,
Cold Start: false
Unique ID: 5d05f248923bed27d0eecde3c82f5dcb,
Execution Time for Trace ID 5d05f248923bed27d0eecde3c82f5dcb: 418 ms
Input: 5750000,
Cold Start: false
Unique ID: 8242e6d55383b7d59940c1d1ef23061e,
Execution Time for Trace ID 8242e6d55383b7d59940c1d1ef23061e: 368 ms
Input: 5750000,
Cold Start: false
Unique ID: 63cc0f9cea51d62fdebe918431d8eee9,
Execution Time for Trace ID 63cc0f9cea51d62fdebe918431d8eee9: 391 ms
Input: 5750000,
Cold Start: false
Unique ID: 501629b3a013820d81b089599680fad2,
Execution Time for Trace ID 501629b3a013820d81b089599680fad2: 420 ms
Input: 5750000,
Cold Start: false
Unique ID: a8358dca1f4307101049dca39ab8c3c0,
Execution Time for Trace ID a8358dca1f4307101049dca39ab8c3c0: 406 ms
Input: 5750000,
Cold Start: false
Unique ID: 9082035efebd514d5f50e880c5708bf7,
Execution Time for Trace ID 9082035efebd514d5f50e880c5708bf7: 367 ms
Input: 5750000,
Cold Start: false
Unique ID: f7436a81f83358dc71901b907a668cc6,
Execution Time for Trace ID f7436a81f83358dc71901b907a668cc6: 415 ms
Input: 5750000,
Cold Start: false
Unique ID: 0a92b88e9be0cc7cda850aa833cfa5e2,
Execution Time for Trace ID 0a92b88e9be0cc7cda850aa833cfa5e2: 392 ms
Input: 5750000,
Cold Start: false
Unique ID: 1d438689966987d09525a35c8315875e,
Execution Time for Trace ID 1d438689966987d09525a35c8315875e: 360 ms
Input: 5750000,
Cold Start: false
Unique ID: 41a136f3a3b0f6bfdf09794120136e2a,
Execution Time for Trace ID 41a136f3a3b0f6bfdf09794120136e2a: 189 ms
Input: 5750000,
Cold Start: false
Unique ID: 06f73f27e133ea29957ce7b55bd7acdf,
Execution Time for Trace ID 06f73f27e133ea29957ce7b55bd7acdf: 423 ms
Input: 5750000,
Cold Start: false
Unique ID: ab0418cab38de38fa49d906e46bd352b,
Execution Time for Trace ID ab0418cab38de38fa49d906e46bd352b: 621 ms
Input: 5750000,
Cold Start: false
Unique ID: 676beaaffa303d81a0263101ccef8a79,
Execution Time for Trace ID 676beaaffa303d81a0263101ccef8a79: 367 ms
Input: 5750000,
Cold Start: false
Unique ID: 404a816a56f032e547584fd4745ea0dc,
Execution Time for Trace ID 404a816a56f032e547584fd4745ea0dc: 431 ms
Input: 5750000,
Cold Start: false
Unique ID: cd797dd2d845933546adfc09aed90c3d,
Execution Time for Trace ID cd797dd2d845933546adfc09aed90c3d: 392 ms
Input: 5750000,
Cold Start: false
Unique ID: dc856cb80348bcace8359e05071de4e0,
Execution Time for Trace ID dc856cb80348bcace8359e05071de4e0: 429 ms
Input: 5750000,
Cold Start: false
Unique ID: e85dd61cab8f0455486097b28744a936,
Execution Time for Trace ID e85dd61cab8f0455486097b28744a936: 404 ms
Input: 5750000,
Cold Start: false
Unique ID: f7c43119cc250a1c48c654ac407baee5,
Execution Time for Trace ID f7c43119cc250a1c48c654ac407baee5: 370 ms
Input: 5750000,
Cold Start: false
Unique ID: 2b57025da878f401addec00bc6be22f4,
Execution Time for Trace ID 2b57025da878f401addec00bc6be22f4: 419 ms
Input: 5750000,
Cold Start: false
Unique ID: a289098300d2bfa1ed77c27529f24f39,
Execution Time for Trace ID a289098300d2bfa1ed77c27529f24f39: 393 ms
Input: 5750000,
Cold Start: false
Unique ID: 8a2b6a17597ca8ef797ca58e9da47542,
Execution Time for Trace ID 8a2b6a17597ca8ef797ca58e9da47542: 370 ms
Input: 5750000,
Cold Start: false
Unique ID: de5507b134cbb089a071e77e52c8b0c4,
Execution Time for Trace ID de5507b134cbb089a071e77e52c8b0c4: 417 ms
Input: 5750000,
Cold Start: false
Unique ID: 9a887f66ef1b408ea19896d514ef299c,
Execution Time for Trace ID 9a887f66ef1b408ea19896d514ef299c: 417 ms
Input: 5750000,
Cold Start: false
Unique ID: 1567c38f51080446a6195743ab6eac19,
Execution Time for Trace ID 1567c38f51080446a6195743ab6eac19: 449 ms
Input: 5750000,
Cold Start: false
Unique ID: 73b9d2c3ac9acdaf908daa54c92c2382,
Execution Time for Trace ID 73b9d2c3ac9acdaf908daa54c92c2382: 401 ms
Input: 5750000,
Cold Start: false
Unique ID: 29ea76d6d0238dc83cecefe6b5ef3354,
Execution Time for Trace ID 29ea76d6d0238dc83cecefe6b5ef3354: 419 ms
Input: 5750000,
Cold Start: false
Unique ID: 257febc601debbf6d197b8b8998aa09f,
Execution Time for Trace ID 257febc601debbf6d197b8b8998aa09f: 417 ms
Input: 5750000,
Cold Start: false
Unique ID: 218e71a4285f7b19567c45c52e6cc0e3,
Execution Time for Trace ID 218e71a4285f7b19567c45c52e6cc0e3: 397 ms
Input: 5750000,
Cold Start: false
Unique ID: 0b0c99b35adfe1423f3f7b8387922faa,
Execution Time for Trace ID 0b0c99b35adfe1423f3f7b8387922faa: 419 ms
Input: 5750000,
Cold Start: false
Unique ID: 86288cf4ccc827cefc063634300c824b,
Execution Time for Trace ID 86288cf4ccc827cefc063634300c824b: 428 ms
Input: 5750000,
Cold Start: false
Unique ID: 2fa848fe67be74b2940414bf0ebc9b25,
Execution Time for Trace ID 2fa848fe67be74b2940414bf0ebc9b25: 428 ms
Input: 5750000,
Cold Start: false
Unique ID: b829fe977d605b4f17814d9b23c7533c,
Execution Time for Trace ID b829fe977d605b4f17814d9b23c7533c: 411 ms
Input: 5750000,
Cold Start: false
Unique ID: b64563c275c3e97fb557946f73086360,
Execution Time for Trace ID b64563c275c3e97fb557946f73086360: 398 ms
Input: 5750000,
Cold Start: false
Unique ID: bfa836c29286f11bb58084be3d0d83fb,
Execution Time for Trace ID bfa836c29286f11bb58084be3d0d83fb: 424 ms
Input: 5750000,
Cold Start: false
Unique ID: cc91df2bae9ee426507582d5c41aa383,
Execution Time for Trace ID cc91df2bae9ee426507582d5c41aa383: 413 ms
Input: 5750000,
Cold Start: false
Unique ID: 5a8801ace14be7f0f6316e58204760ed,
Execution Time for Trace ID 5a8801ace14be7f0f6316e58204760ed: 402 ms
Input: 5750000,
Cold Start: false
Unique ID: 62ec8318c76b2878c6b4c64c0e51a064,
Execution Time for Trace ID 62ec8318c76b2878c6b4c64c0e51a064: 368 ms
Input: 5750000,
Cold Start: false
Unique ID: a2dfda077c4a6d0e16644b07eb2c3774,
Execution Time for Trace ID a2dfda077c4a6d0e16644b07eb2c3774: 417 ms
Input: 5750000,
Cold Start: false
Unique ID: afc886c423d7e15fa496e7f089c421dc,
Execution Time for Trace ID afc886c423d7e15fa496e7f089c421dc: 399 ms
Input: 5750000,
Cold Start: false
Unique ID: e643e058f490306e75464aaff6e443ef,
Execution Time for Trace ID e643e058f490306e75464aaff6e443ef: 446 ms
Input: 5750000,
Cold Start: false
Unique ID: e46ca10037b6826e19a74dd89de5a699,
Execution Time for Trace ID e46ca10037b6826e19a74dd89de5a699: 416 ms
Input: 5750000,
Cold Start: false
Unique ID: 1b111fec67552703e803c0ab7c8fe39c,
Execution Time for Trace ID 1b111fec67552703e803c0ab7c8fe39c: 405 ms
Input: 5750000,
Cold Start: false
Unique ID: 8e45cace906bd5dcfae028426ac41bdf,
Execution Time for Trace ID 8e45cace906bd5dcfae028426ac41bdf: 402 ms
Input: 5750000,
Cold Start: false
Unique ID: 53079c23f3456a973eaef5bdbf5dd58b,
Execution Time for Trace ID 53079c23f3456a973eaef5bdbf5dd58b: 422 ms
Input: 5750000,
Cold Start: false
Unique ID: 109f633a29486ef60c55bb7d06409a8a,
Execution Time for Trace ID 109f633a29486ef60c55bb7d06409a8a: 409 ms
Input: 5750000,
Cold Start: false
Unique ID: ced5e2ddac01c0ff946686e66b3a0ef6,
Execution Time for Trace ID ced5e2ddac01c0ff946686e66b3a0ef6: 210 ms
Input: 5750000,
Cold Start: false
Unique ID: c601bd1297e1bd06b786dfac2b0e88bb,
Execution Time for Trace ID c601bd1297e1bd06b786dfac2b0e88bb: 419 ms
Input: 5750000,
Cold Start: false
Unique ID: 1f3fab9a2e85d102ede89408579744b4,
Execution Time for Trace ID 1f3fab9a2e85d102ede89408579744b4: 400 ms
Input: 5750000,
Cold Start: false
Unique ID: 81b3d800281b1bf3916ada400dfcf104,
Execution Time for Trace ID 81b3d800281b1bf3916ada400dfcf104: 365 ms
Input: 5750000,
Cold Start: false
Unique ID: 5480e0c6365603870dd7e1fcb147d7e6,
Execution Time for Trace ID 5480e0c6365603870dd7e1fcb147d7e6: 415 ms
Input: 5750000,
Cold Start: false
Unique ID: f022c647542d1b730510b4b830eea4c7,
Execution Time for Trace ID f022c647542d1b730510b4b830eea4c7: 397 ms
Input: 5750000,
Cold Start: false
Unique ID: bdf99bf232d68f8e2af23b0a3b79f3a6,
Execution Time for Trace ID bdf99bf232d68f8e2af23b0a3b79f3a6: 435 ms
Input: 5750000,
Cold Start: false
Unique ID: 1202116c17c11b963392b16c81bac47a,
Execution Time for Trace ID 1202116c17c11b963392b16c81bac47a: 424 ms
Input: 5750000,
Cold Start: false
Unique ID: 0cdd4d94f44375125f957cc91962f858,
Execution Time for Trace ID 0cdd4d94f44375125f957cc91962f858: 404 ms
Input: 5750000,
Cold Start: false
Unique ID: 0a98c3384c794b7c802025b95a5ef985,
Execution Time for Trace ID 0a98c3384c794b7c802025b95a5ef985: 364 ms
Input: 5750000,
Cold Start: false
Unique ID: 091f65007ae9bcf3acc3bff429c35963,
Execution Time for Trace ID 091f65007ae9bcf3acc3bff429c35963: 426 ms
Input: 5750000,
Cold Start: false
Unique ID: 7892bc371f1240507e5e43ad75600524,
Execution Time for Trace ID 7892bc371f1240507e5e43ad75600524: 413 ms
Input: 5750000,
Cold Start: false
Unique ID: 39360ed7ac5a75e2e58d0fde0b2dd919,
Execution Time for Trace ID 39360ed7ac5a75e2e58d0fde0b2dd919: 428 ms
Input: 5750000,
Cold Start: false
Unique ID: 0f0b6bd4571829e79d3649f3700bcb96,
Execution Time for Trace ID 0f0b6bd4571829e79d3649f3700bcb96: 417 ms
Input: 5750000,
Cold Start: false
Unique ID: e3443b9dcf0d2a75c1a2ff3b33a94ec7,
Execution Time for Trace ID e3443b9dcf0d2a75c1a2ff3b33a94ec7: 411 ms
Input: 5750000,
Cold Start: false
Unique ID: 138a561c950fed74191ee572f5c5d7b6,
Execution Time for Trace ID 138a561c950fed74191ee572f5c5d7b6: 375 ms
Input: 5750000,
Cold Start: false
Unique ID: 2b7c4ca27f6bce815687083c9a781dd6,
Execution Time for Trace ID 2b7c4ca27f6bce815687083c9a781dd6: 412 ms
Input: 5750000,
Cold Start: false
Unique ID: cff96da506311ff399b1d8907db53039,
Execution Time for Trace ID cff96da506311ff399b1d8907db53039: 416 ms
Input: 5750000,
Cold Start: false
Unique ID: 6a3616421ca6413dc4267ed937e61c3a,
Execution Time for Trace ID 6a3616421ca6413dc4267ed937e61c3a: 432 ms
Input: 5750000,
Cold Start: false
Unique ID: ab51e8753c23f81cc8c1e589691842ff,
Execution Time for Trace ID ab51e8753c23f81cc8c1e589691842ff: 424 ms
Input: 5750000,
Cold Start: false
Unique ID: 77a4cc6acc2fa145e58830c6af67db89,
Execution Time for Trace ID 77a4cc6acc2fa145e58830c6af67db89: 187 ms
Input: 5750000,
Cold Start: false
Unique ID: 0fd68a99be5e82a00c52b2b4b80062ed,
Execution Time for Trace ID 0fd68a99be5e82a00c52b2b4b80062ed: 390 ms
Input: 5750000,
Cold Start: false
Unique ID: 12aada46876e0ae942e6a1f6d24bba22,
Execution Time for Trace ID 12aada46876e0ae942e6a1f6d24bba22: 408 ms
Input: 5750000,
Cold Start: false
Unique ID: d98a0b2735ffbb0822c3cce9fcd0c9e2,
Execution Time for Trace ID d98a0b2735ffbb0822c3cce9fcd0c9e2: 378 ms
Input: 5750000,
Cold Start: false
Unique ID: 837e24a49d77d551265ebb18f7e0acf9,
Execution Time for Trace ID 837e24a49d77d551265ebb18f7e0acf9: 421 ms
Input: 5750000,
Cold Start: false
Unique ID: 6bf11718b91a0ee8771609dfa1aa74f2,
Execution Time for Trace ID 6bf11718b91a0ee8771609dfa1aa74f2: 407 ms
Input: 5750000,
Cold Start: false
Unique ID: 3da2916bd77929b8be9a17634e3eb2a0,
Execution Time for Trace ID 3da2916bd77929b8be9a17634e3eb2a0: 409 ms
Input: 5750000,
Cold Start: false
Unique ID: 432d89a796b6a8a2c5324999cfa6f0a9,
Execution Time for Trace ID 432d89a796b6a8a2c5324999cfa6f0a9: 411 ms
Input: 5750000,
Cold Start: false
Unique ID: 7f32c54e9394741ad49eae9905e15781,
Execution Time for Trace ID 7f32c54e9394741ad49eae9905e15781: 430 ms
Input: 5750000,
Cold Start: false
Unique ID: 3f01c36f34dbf6cbbbf5d86fe33757af,
Execution Time for Trace ID 3f01c36f34dbf6cbbbf5d86fe33757af: 405 ms
Input: 5750000,
Cold Start: false
Unique ID: 8f15b01b5685bb94e2e49729eea52b7f,
Execution Time for Trace ID 8f15b01b5685bb94e2e49729eea52b7f: 425 ms
Input: 5750000,
Cold Start: false
Unique ID: 6392188145bbe6d898980bcf1fbf14f7,
Execution Time for Trace ID 6392188145bbe6d898980bcf1fbf14f7: 410 ms
Input: 5750000,
Cold Start: false
Unique ID: 9058eca8254c9b9d8888c9c0b3c60766,
Execution Time for Trace ID 9058eca8254c9b9d8888c9c0b3c60766: 404 ms
Input: 5750000,
Cold Start: false
Unique ID: eb3b996d01f2ec461dd742cf82645642,
Execution Time for Trace ID eb3b996d01f2ec461dd742cf82645642: 426 ms
Input: 5750000,
Cold Start: false
Unique ID: 6591e3cfc90795fdf53297dadac14e28,
Execution Time for Trace ID 6591e3cfc90795fdf53297dadac14e28: 375 ms
Input: 5750000,
Cold Start: false
Unique ID: 808d51bb5ab1484714bced53d10bcb1d,
Execution Time for Trace ID 808d51bb5ab1484714bced53d10bcb1d: 408 ms
Input: 5750000,
Cold Start: false
Unique ID: d428b674846e02b9c64a65e4e36615fd,
Execution Time for Trace ID d428b674846e02b9c64a65e4e36615fd: 425 ms
Input: 5750000,
Cold Start: false
Unique ID: b76195f5f69478a20ea1adc45bb11989,
Execution Time for Trace ID b76195f5f69478a20ea1adc45bb11989: 424 ms
Input: 5750000,
Cold Start: false
Unique ID: fb3746f127657ba011b37001e40f44f2,
Execution Time for Trace ID fb3746f127657ba011b37001e40f44f2: 402 ms
Input: 5750000,
Cold Start: false
Unique ID: eb7e0dc13569e2a8218bcdcbfe34d7fc,
Execution Time for Trace ID eb7e0dc13569e2a8218bcdcbfe34d7fc: 416 ms
Input: 5750000,
Cold Start: false
Unique ID: 7cfa6afed5216264d56276f5ed1bc31b,
Execution Time for Trace ID 7cfa6afed5216264d56276f5ed1bc31b: 427 ms
Input: 5750000,
Cold Start: false
Unique ID: 61b2d715956fe9e310832b7e2d84425c,
Execution Time for Trace ID 61b2d715956fe9e310832b7e2d84425c: 460 ms
Input: 5750000,
Cold Start: false
Unique ID: 2df4a59553f93e1ea2c24ce76f288556,
Execution Time for Trace ID 2df4a59553f93e1ea2c24ce76f288556: 363 ms
Input: 5750000,
Cold Start: false
Unique ID: d9aec51973973fa75cfe1fdde3a0ed70,
Execution Time for Trace ID d9aec51973973fa75cfe1fdde3a0ed70: 415 ms
Input: 5750000,
Cold Start: false
Unique ID: 13022021ac1305049ac68dd594fdae49,
Execution Time for Trace ID 13022021ac1305049ac68dd594fdae49: 426 ms
Input: 5750000,
Cold Start: false
Unique ID: b6f41e765b75cb911165360c1da7078a,
Execution Time for Trace ID b6f41e765b75cb911165360c1da7078a: 382 ms
Input: 5750000,
Cold Start: false
Unique ID: d93915b186f5220bbad91bed42223169,
Execution Time for Trace ID d93915b186f5220bbad91bed42223169: 422 ms
Input: 5750000,
Cold Start: false
Unique ID: 3a5bda49aa925e6442da9e6414b620b9,
Execution Time for Trace ID 3a5bda49aa925e6442da9e6414b620b9: 355 ms
Input: 5750000,
Cold Start: false
Unique ID: dada88f29cc5ac3debe0073f98e97918,
Execution Time for Trace ID dada88f29cc5ac3debe0073f98e97918: 244 ms
Input: 5750000,
Cold Start: false
Unique ID: 73f72cf67a82067fb36151ef297eeaa7,
Execution Time for Trace ID 73f72cf67a82067fb36151ef297eeaa7: 419 ms
Input: 5750000,
Cold Start: false
Unique ID: 45c8f854c58879392d605e441a9cfba1,
Execution Time for Trace ID 45c8f854c58879392d605e441a9cfba1: 364 ms
Input: 5750000,
Cold Start: false
Unique ID: 582226b464ea34527edce2428356f3d9,
Execution Time for Trace ID 582226b464ea34527edce2428356f3d9: 330 ms
Input: 5750000,
Cold Start: false
Unique ID: 13bc7182a4c85e31fa9408269ba58331,
Execution Time for Trace ID 13bc7182a4c85e31fa9408269ba58331: 421 ms
Input: 5750000,
Cold Start: false
Unique ID: c60038158d22fe4d0190b00ef7314d34,
Execution Time for Trace ID c60038158d22fe4d0190b00ef7314d34: 420 ms
Input: 5750000,
Cold Start: false
Unique ID: 089e714409bb26b7635351c4a4d82241,
Execution Time for Trace ID 089e714409bb26b7635351c4a4d82241: 438 ms
Input: 5750000,
Cold Start: false
Unique ID: 4fdcdf2f9bd288f2f55a4766daef0811,
Execution Time for Trace ID 4fdcdf2f9bd288f2f55a4766daef0811: 415 ms
Input: 5750000,
Cold Start: false
Unique ID: b3ca11aed549d6e1c5a2fa83c6dfa3bd,
Execution Time for Trace ID b3ca11aed549d6e1c5a2fa83c6dfa3bd: 416 ms
Input: 5750000,
Cold Start: false
Unique ID: 6f1057c047b9be9bd460a970efb5964c,
Execution Time for Trace ID 6f1057c047b9be9bd460a970efb5964c: 384 ms
Input: 5750000,
Cold Start: false
Unique ID: 6510183f4eb4e3397a70a390d6657811,
Execution Time for Trace ID 6510183f4eb4e3397a70a390d6657811: 424 ms
Input: 5750000,
Cold Start: false
Unique ID: cb6c755beeb29f7cdada20c3813d323f,
Execution Time for Trace ID cb6c755beeb29f7cdada20c3813d323f: 430 ms
Input: 5750000,
Cold Start: false
Unique ID: 28e0b865987c4c42c2313947dd2f3b49,
Execution Time for Trace ID 28e0b865987c4c42c2313947dd2f3b49: 433 ms
Input: 5750000,
Cold Start: false
Unique ID: 450a6ca806766a7055b9caaf4f43da5b,
Execution Time for Trace ID 450a6ca806766a7055b9caaf4f43da5b: 418 ms
Input: 5750000,
Cold Start: false
Unique ID: 5bfdd39191476a4f13f866cce7d26735,
Execution Time for Trace ID 5bfdd39191476a4f13f866cce7d26735: 432 ms
Input: 5750000,
Cold Start: false
Unique ID: 09285586a77db0ac4a11bbcf4e734130,
Execution Time for Trace ID 09285586a77db0ac4a11bbcf4e734130: 379 ms
Input: 5750000,
Cold Start: false
Unique ID: 3181bdb695eb6925b1c68c43b157ed64,
Execution Time for Trace ID 3181bdb695eb6925b1c68c43b157ed64: 413 ms
Input: 5750000,
Cold Start: false
Unique ID: 086879fb0c5cbfb4badcb7987a79c0ae,
Execution Time for Trace ID 086879fb0c5cbfb4badcb7987a79c0ae: 411 ms
Input: 5750000,
Cold Start: false
Unique ID: 4f8d4d92b0dad5c3afdd791e03b68e57,
Execution Time for Trace ID 4f8d4d92b0dad5c3afdd791e03b68e57: 360 ms
Input: 5750000,
Cold Start: false
Unique ID: 6eae0069f68d021bbe471b082032bfb2,
Execution Time for Trace ID 6eae0069f68d021bbe471b082032bfb2: 416 ms
Input: 5750000,
Cold Start: false
Unique ID: 38fe09873cd31bd58644413e59b1352e,
Execution Time for Trace ID 38fe09873cd31bd58644413e59b1352e: 358 ms
Input: 5750000,
Cold Start: false
Unique ID: 727085534a6425880af353f63717184f,
Execution Time for Trace ID 727085534a6425880af353f63717184f: 362 ms
Input: 5750000,
Cold Start: false
Unique ID: e3275aaf226479652c8802bd93eebb8b,
Execution Time for Trace ID e3275aaf226479652c8802bd93eebb8b: 408 ms
Input: 5750000,
Cold Start: false
Unique ID: e581b637659d23da6a910122a758e312,
Execution Time for Trace ID e581b637659d23da6a910122a758e312: 354 ms
Input: 5750000,
Cold Start: false
Unique ID: 55040d2c743294d9a47ffc463250b18c,
Execution Time for Trace ID 55040d2c743294d9a47ffc463250b18c: 419 ms
Input: 5750000,
Cold Start: false
Unique ID: 92f270ff307ed82ca288972b716f6b52,
Execution Time for Trace ID 92f270ff307ed82ca288972b716f6b52: 427 ms
Input: 5750000,
Cold Start: false
Unique ID: 276dc70d3b107ec395d2024c102d9bd9,
Execution Time for Trace ID 276dc70d3b107ec395d2024c102d9bd9: 381 ms
Input: 5750000,
Cold Start: false
Unique ID: 2218b6b0b909fa71a3fcdf1c03bbb2f2,
Execution Time for Trace ID 2218b6b0b909fa71a3fcdf1c03bbb2f2: 412 ms
Input: 5750000,
Cold Start: false
Unique ID: 6c2ac449c8cd235e20b1bd5cebe7abdd,
Execution Time for Trace ID 6c2ac449c8cd235e20b1bd5cebe7abdd: 358 ms
Input: 5750000,
Cold Start: false
Unique ID: fdddad0ec26717bee9932ffe15739208,
Execution Time for Trace ID fdddad0ec26717bee9932ffe15739208: 393 ms
Input: 5750000,
Cold Start: false
Unique ID: 0fa11498b289d6b379c1d0b62f8e5521,
Execution Time for Trace ID 0fa11498b289d6b379c1d0b62f8e5521: 422 ms
Input: 5750000,
Cold Start: false
Unique ID: 0972b65b0696eaaafc59daa66745e1dc,
Execution Time for Trace ID 0972b65b0696eaaafc59daa66745e1dc: 414 ms
Input: 5750000,
Cold Start: false
Unique ID: 37ca06c0bf53cf1093d98bffd3a44eb1,
Execution Time for Trace ID 37ca06c0bf53cf1093d98bffd3a44eb1: 360 ms
Input: 5750000,
Cold Start: false
Unique ID: d3291a7feec56cc0bc9fa78e4706b6a8,
Execution Time for Trace ID d3291a7feec56cc0bc9fa78e4706b6a8: 429 ms
Input: 5750000,
Cold Start: false
Unique ID: 4c92a8e9f972643c2f290722e8310445,
Execution Time for Trace ID 4c92a8e9f972643c2f290722e8310445: 421 ms
Input: 5750000,
Cold Start: false
Unique ID: b8d65694fddb36a6ef48cc47db622918,
Execution Time for Trace ID b8d65694fddb36a6ef48cc47db622918: 415 ms
Input: 5750000,
Cold Start: false
Unique ID: 03131b9c3abc270cc2b27decaaa10a34,
Execution Time for Trace ID 03131b9c3abc270cc2b27decaaa10a34: 423 ms
Input: 5750000,
Cold Start: false
Unique ID: 1dc2e8790f25888c6da73bd32c43298a,
Execution Time for Trace ID 1dc2e8790f25888c6da73bd32c43298a: 358 ms
Input: 5750000,
Cold Start: false
Unique ID: 154b229a8b8d733d11867641841ab8d6,
Execution Time for Trace ID 154b229a8b8d733d11867641841ab8d6: 191 ms
Input: 5750000,
Cold Start: false
Unique ID: 9d25179ef2cca0de005efccaa07a1287,
Execution Time for Trace ID 9d25179ef2cca0de005efccaa07a1287: 424 ms
Input: 5750000,
Cold Start: false
Unique ID: 2d84b97a3f100da842ec9974c13cafff,
Execution Time for Trace ID 2d84b97a3f100da842ec9974c13cafff: 533 ms
Input: 5750000,
Cold Start: false
Unique ID: d3317d5dc01951fba10dbd32f8f76f41,
Execution Time for Trace ID d3317d5dc01951fba10dbd32f8f76f41: 419 ms
Input: 5750000,
Cold Start: false
Unique ID: 03b1a6e9de7a4d29df8035d612d107dd,
Execution Time for Trace ID 03b1a6e9de7a4d29df8035d612d107dd: 352 ms
Input: 5750000,
Cold Start: false
Unique ID: a21bbfba4ca51df3b7dc0d0b6ceb9cc4,
Execution Time for Trace ID a21bbfba4ca51df3b7dc0d0b6ceb9cc4: 393 ms
Input: 5750000,
Cold Start: false
Unique ID: b0fff196c603e53fffe91c8ea15ea305,
Execution Time for Trace ID b0fff196c603e53fffe91c8ea15ea305: 415 ms
Input: 5750000,
Cold Start: false
Unique ID: 1ccd0f75ea2911d25177fceed3fa1d67,
Execution Time for Trace ID 1ccd0f75ea2911d25177fceed3fa1d67: 427 ms
Input: 5750000,
Cold Start: false
Unique ID: 0dc3d95c97b794303256f2570981a47a,
Execution Time for Trace ID 0dc3d95c97b794303256f2570981a47a: 420 ms
Input: 5750000,
Cold Start: false
Unique ID: 12206c0cffddf23915eb3d6412d2fff8,
Execution Time for Trace ID 12206c0cffddf23915eb3d6412d2fff8: 354 ms
Input: 5750000,
Cold Start: false
Unique ID: cc4118cb952368684cc338fa6b5a3ff0,
Execution Time for Trace ID cc4118cb952368684cc338fa6b5a3ff0: 422 ms
Input: 5750000,
Cold Start: false
Unique ID: a747dd5c2ba778ac44fe12bb0172a2ba,
Execution Time for Trace ID a747dd5c2ba778ac44fe12bb0172a2ba: 437 ms
Input: 5750000,
Cold Start: false
Unique ID: dbd2dda04ed8f7a4318715a1743ebfd3,
Execution Time for Trace ID dbd2dda04ed8f7a4318715a1743ebfd3: 418 ms
Input: 5750000,
Cold Start: false
Unique ID: f4b21dcdeaa96ed4ae19a2e3d9f272ad,
Execution Time for Trace ID f4b21dcdeaa96ed4ae19a2e3d9f272ad: 419 ms
Input: 5750000,
Cold Start: false
Unique ID: a193594106fa04940bd92af050c95848,
Execution Time for Trace ID a193594106fa04940bd92af050c95848: 359 ms
Input: 5750000,
Cold Start: false
Unique ID: eb50a2d760e64bd2ba53d9aef8992d05,
Execution Time for Trace ID eb50a2d760e64bd2ba53d9aef8992d05: 418 ms
Input: 5750000,
Cold Start: false
Unique ID: 790722dde357055588cc7b8fffcc4f93,
Execution Time for Trace ID 790722dde357055588cc7b8fffcc4f93: 424 ms
Input: 5750000,
Cold Start: false
Unique ID: 5da97eedf72c6ecf811dad25ff3a007c,
Execution Time for Trace ID 5da97eedf72c6ecf811dad25ff3a007c: 361 ms
Input: 5750000,
Cold Start: false
Unique ID: ace8e78a5eba65aa9604aa3a84364e87,
Execution Time for Trace ID ace8e78a5eba65aa9604aa3a84364e87: 433 ms
Input: 5750000,
Cold Start: false
Unique ID: 66a06bdcb23b78718321bc2cbf334696,
Execution Time for Trace ID 66a06bdcb23b78718321bc2cbf334696: 419 ms
Input: 5750000,
Cold Start: false
Unique ID: 158f1eb90eb31bb5bb26c593ecc6c26a,
Execution Time for Trace ID 158f1eb90eb31bb5bb26c593ecc6c26a: 426 ms
Input: 5750000,
Cold Start: false
Unique ID: 5acb00d997087f7c0a9b884b3691fcfb,
Execution Time for Trace ID 5acb00d997087f7c0a9b884b3691fcfb: 526 ms
Input: 5750000,
Cold Start: false
Unique ID: e5d0a0bdf3f25db857e713e1feee2beb,
Execution Time for Trace ID e5d0a0bdf3f25db857e713e1feee2beb: 364 ms
Input: 5750000,
Cold Start: false
Unique ID: ce306a7a5db5cbf450b8483d36290220,
Execution Time for Trace ID ce306a7a5db5cbf450b8483d36290220: 388 ms
Input: 5750000,
Cold Start: false
Unique ID: 4d5c18edf490aa03ae78e02da2499fc2,
Execution Time for Trace ID 4d5c18edf490aa03ae78e02da2499fc2: 416 ms
Input: 5750000,
Cold Start: false
Unique ID: d6af0e36dce32970da976427de609e18,
Execution Time for Trace ID d6af0e36dce32970da976427de609e18: 661 ms
Input: 5750000,
Cold Start: false
Unique ID: ac427f23b6c95aca5321cc14686b9556,
Execution Time for Trace ID ac427f23b6c95aca5321cc14686b9556: 426 ms
Input: 5750000,
Cold Start: false
Unique ID: 2e7d9bbf922d60a8e42ac42780602f02,
Execution Time for Trace ID 2e7d9bbf922d60a8e42ac42780602f02: 416 ms
Input: 5750000,
Cold Start: false
Unique ID: 075838c04bc983ca30cc154b78092cda,
Execution Time for Trace ID 075838c04bc983ca30cc154b78092cda: 359 ms
Input: 5750000,
Cold Start: false
Unique ID: 4d16260f14ced9b507b20a970cf46b35,
Execution Time for Trace ID 4d16260f14ced9b507b20a970cf46b35: 415 ms
Input: 5750000,
Cold Start: false
Unique ID: f1ab68f0d73fe31e4dff886001d6c744,
Execution Time for Trace ID f1ab68f0d73fe31e4dff886001d6c744: 432 ms
Input: 5750000,
Cold Start: false
Unique ID: 88e366763ddd9d9971fa5130d1dc64e6,
Execution Time for Trace ID 88e366763ddd9d9971fa5130d1dc64e6: 425 ms
Input: 5750000,
Cold Start: false
Unique ID: 96bdc206ef02f0fcf847e9afc5cb76be,
Execution Time for Trace ID 96bdc206ef02f0fcf847e9afc5cb76be: 396 ms
Input: 5750000,
Cold Start: false
Unique ID: 929a0f9af90c3711ebd2d25822a3f246,
Execution Time for Trace ID 929a0f9af90c3711ebd2d25822a3f246: 356 ms
Input: 5750000,
Cold Start: false
Unique ID: 30eb70f080b9fe52bc95f3d8acd2f88c,
Execution Time for Trace ID 30eb70f080b9fe52bc95f3d8acd2f88c: 394 ms
Input: 5750000,
Cold Start: false
Unique ID: bcc729d157037ef30adbf4e4fcb25744,
Execution Time for Trace ID bcc729d157037ef30adbf4e4fcb25744: 406 ms
Input: 5750000,
Cold Start: false
Unique ID: 1dbdd43df53b5d24b734f5f19fe77c47,
Execution Time for Trace ID 1dbdd43df53b5d24b734f5f19fe77c47: 416 ms
Input: 5750000,
Cold Start: false
Unique ID: 8f624a18b38c5bc57ad4277cfa2f54cd,
Execution Time for Trace ID 8f624a18b38c5bc57ad4277cfa2f54cd: 430 ms
Input: 5750000,
Cold Start: false
Unique ID: 8dca17ed6ffbec5e56185b89b89abcff,
Execution Time for Trace ID 8dca17ed6ffbec5e56185b89b89abcff: 403 ms
Input: 5750000,
Cold Start: false
Unique ID: 71192e871aea5aef367876f5ea4674c8,
Execution Time for Trace ID 71192e871aea5aef367876f5ea4674c8: 414 ms
Input: 5750000,
Cold Start: false
Unique ID: 345b747b2095b613379354ab47762a40,
Execution Time for Trace ID 345b747b2095b613379354ab47762a40: 385 ms
Input: 5750000,
Cold Start: false
Unique ID: 5b35562f8315722f4b4578c698b8c00c,
Execution Time for Trace ID 5b35562f8315722f4b4578c698b8c00c: 355 ms
Input: 5750000,
Cold Start: false
Unique ID: 5d5848b56f46ca3922f9b65d62ca3d84,
Execution Time for Trace ID 5d5848b56f46ca3922f9b65d62ca3d84: 391 ms
Input: 5750000,
Cold Start: false
Unique ID: 70363bc4d2487fd59b228d8052ff3dc3,
Execution Time for Trace ID 70363bc4d2487fd59b228d8052ff3dc3: 429 ms
Input: 5750000,
Cold Start: false
Unique ID: f7c620573b37ea282a1b0a814cedbb9a,
Execution Time for Trace ID f7c620573b37ea282a1b0a814cedbb9a: 382 ms
Input: 5750000,
Cold Start: false
Unique ID: 34a8350793d3dc1189e69882c00a06cf,
Execution Time for Trace ID 34a8350793d3dc1189e69882c00a06cf: 411 ms
Input: 5750000,
Cold Start: false
Unique ID: 84f0fa450342c7742869e9d93b63e109,
Execution Time for Trace ID 84f0fa450342c7742869e9d93b63e109: 417 ms
Input: 5750000,
Cold Start: false
Unique ID: 030bc44dc88881869a3e5abd27771e2d,
Execution Time for Trace ID 030bc44dc88881869a3e5abd27771e2d: 374 ms
Input: 5750000,
Cold Start: false
Unique ID: c0eb3fc2d2f845492f346706c81ea421,
Execution Time for Trace ID c0eb3fc2d2f845492f346706c81ea421: 414 ms
Input: 5750000,
Cold Start: false
Unique ID: f5e9dd11cecfe4139b25b9695c3bb643,
Execution Time for Trace ID f5e9dd11cecfe4139b25b9695c3bb643: 359 ms
Input: 5750000,
Cold Start: false
Unique ID: 48f95d6e25420b91d9ec2d1ee131dffb,
Execution Time for Trace ID 48f95d6e25420b91d9ec2d1ee131dffb: 425 ms
Input: 5750000,
Cold Start: false
Unique ID: 8da953c20b7d85bc4ba1f3c96b8fef91,
Execution Time for Trace ID 8da953c20b7d85bc4ba1f3c96b8fef91: 420 ms
Input: 5750000,
Cold Start: false
Unique ID: 3ae4e7635fb1f9b817f78728242a3034,
Execution Time for Trace ID 3ae4e7635fb1f9b817f78728242a3034: 410 ms
Input: 5750000,
Cold Start: false
Unique ID: e2860f7d3a0d7598dea3bab4ba774f54,
Execution Time for Trace ID e2860f7d3a0d7598dea3bab4ba774f54: 418 ms
Input: 5750000,
Cold Start: false
Unique ID: 54aae25eb40460d7284ad8a632b219b5,
Execution Time for Trace ID 54aae25eb40460d7284ad8a632b219b5: 359 ms
Input: 5750000,
Cold Start: false
Unique ID: 66e10af512e05591314134efbba05a4a,
Execution Time for Trace ID 66e10af512e05591314134efbba05a4a: 353 ms
Input: 5750000,
Cold Start: false
Unique ID: 25d2ec811015308a67594b0594f98943,
Execution Time for Trace ID 25d2ec811015308a67594b0594f98943: 427 ms
Input: 5750000,
Cold Start: false
Unique ID: a70656031c34af9fd201d39fd1d849fe,
Execution Time for Trace ID a70656031c34af9fd201d39fd1d849fe: 415 ms
Input: 5750000,
Cold Start: false
Unique ID: e3ad87081f1c7014802b5959504c05ab,
Execution Time for Trace ID e3ad87081f1c7014802b5959504c05ab: 414 ms
Input: 5750000,
Cold Start: false
Unique ID: d2f132213e4a90b97f555bf3c7abca4f,
Execution Time for Trace ID d2f132213e4a90b97f555bf3c7abca4f: 361 ms
Input: 5750000,
Cold Start: false
Unique ID: 2c53ccd3b680f19924b73bf5ca151b58,
Execution Time for Trace ID 2c53ccd3b680f19924b73bf5ca151b58: 417 ms
Input: 5750000,
Cold Start: false
Unique ID: 91f1d73b68f8532d2bf4c9a118c59c03,
Execution Time for Trace ID 91f1d73b68f8532d2bf4c9a118c59c03: 432 ms
Input: 5750000,
Cold Start: false
Unique ID: c5159b669c55465c892f574d4b681d04,
Execution Time for Trace ID c5159b669c55465c892f574d4b681d04: 426 ms
Input: 5750000,
Cold Start: false
Unique ID: b77ca06e2eb5b873142cdcbde26fef79,
Execution Time for Trace ID b77ca06e2eb5b873142cdcbde26fef79: 410 ms
Input: 5750000,
Cold Start: false
Unique ID: 202b4e28da3ec4602943b4f247e55d9f,
Execution Time for Trace ID 202b4e28da3ec4602943b4f247e55d9f: 357 ms
Input: 5750000,
Cold Start: false
Unique ID: b711883039940749662fcd1c6ba1f84a,
Execution Time for Trace ID b711883039940749662fcd1c6ba1f84a: 422 ms
Input: 5750000,
Cold Start: false
Unique ID: efc38a41590d0b7bdc39303969dab1cb,
Execution Time for Trace ID efc38a41590d0b7bdc39303969dab1cb: 424 ms
Input: 5750000,
Cold Start: false
Unique ID: 0a4a9da407597823b3f8e7edfc077e94,
Execution Time for Trace ID 0a4a9da407597823b3f8e7edfc077e94: 438 ms
Input: 5750000,
Cold Start: false
Unique ID: 4201904ecf0c77abe8f7b11e48f05cf8,
Execution Time for Trace ID 4201904ecf0c77abe8f7b11e48f05cf8: 402 ms
Input: 5750000,
Cold Start: false
Unique ID: 1a151b2395b86a1094e5316dd10899ce,
Execution Time for Trace ID 1a151b2395b86a1094e5316dd10899ce: 379 ms
Input: 5750000,
Cold Start: false
Unique ID: 081a4c0720e0f12004a495c323f8a9a5,
Execution Time for Trace ID 081a4c0720e0f12004a495c323f8a9a5: 428 ms
Input: 5750000,
Cold Start: false
Unique ID: 29c85e9d169dce7906820464efad9957,
Execution Time for Trace ID 29c85e9d169dce7906820464efad9957: 364 ms
Input: 5750000,
Cold Start: false
Unique ID: 2bb3f9c60a02d3ded80640d564f00fde,
Execution Time for Trace ID 2bb3f9c60a02d3ded80640d564f00fde: 428 ms
Input: 5750000,
Cold Start: false
Unique ID: f6fe08a29d6dd44f88d7edfba2233c61,
Execution Time for Trace ID f6fe08a29d6dd44f88d7edfba2233c61: 413 ms
Input: 5750000,
Cold Start: false
Unique ID: 0acd2dfb76f8e2f1b316aac0648dbdae,
Execution Time for Trace ID 0acd2dfb76f8e2f1b316aac0648dbdae: 418 ms
Input: 5750000,
Cold Start: false
Unique ID: 5d50024690b8fcae3a1a37a8852f50b4,
Execution Time for Trace ID 5d50024690b8fcae3a1a37a8852f50b4: 414 ms
Input: 5750000,
Cold Start: false
Unique ID: 4c9d7193cea73472a102c6d739bbcc62,
Execution Time for Trace ID 4c9d7193cea73472a102c6d739bbcc62: 355 ms
Input: 5750000,
Cold Start: false
Unique ID: cff45f72ecd8c6414769fd6fac292324,
Execution Time for Trace ID cff45f72ecd8c6414769fd6fac292324: 407 ms
Input: 5750000,
Cold Start: false
Unique ID: 33e974b914c615046b5dc6d5867e872d,
Execution Time for Trace ID 33e974b914c615046b5dc6d5867e872d: 187 ms
Input: 5750000,
Cold Start: false
Unique ID: 6fcdb1897ccf9176a4837123bfdbf165,
Execution Time for Trace ID 6fcdb1897ccf9176a4837123bfdbf165: 424 ms
Input: 5750000,
Cold Start: false
Unique ID: 3ca5f38daeae106c5dea838c60aa7326,
Execution Time for Trace ID 3ca5f38daeae106c5dea838c60aa7326: 421 ms
Input: 5750000,
Cold Start: false
Unique ID: cf37b5d09631c37e487cfff86295d8d2,
Execution Time for Trace ID cf37b5d09631c37e487cfff86295d8d2: 356 ms
Input: 5750000,
Cold Start: false
Unique ID: 1d9b4885e60e707d959359c80430a646,
Execution Time for Trace ID 1d9b4885e60e707d959359c80430a646: 416 ms
Input: 5750000,
Cold Start: false
Unique ID: c6d473b268c5fe51294970d2d52af966,
Execution Time for Trace ID c6d473b268c5fe51294970d2d52af966: 409 ms
Input: 5750000,
Cold Start: false
Unique ID: 1cd1f7609f29bc89ced6f07637a5043b,
Execution Time for Trace ID 1cd1f7609f29bc89ced6f07637a5043b: 351 ms
Input: 5750000,
Cold Start: false
Unique ID: 5d37e0d40dc4c06cdd16179b33afdda9,
Execution Time for Trace ID 5d37e0d40dc4c06cdd16179b33afdda9: 385 ms
Input: 5750000,
Cold Start: false
Unique ID: 6f50bdc1255ad20f4cb79f5fb7d0fe93,
Execution Time for Trace ID 6f50bdc1255ad20f4cb79f5fb7d0fe93: 418 ms
Input: 5750000,
Cold Start: false
Unique ID: cdc904472b0826a91560c0e9fad453f9,
Execution Time for Trace ID cdc904472b0826a91560c0e9fad453f9: 188 ms
Input: 5750000,
Cold Start: false
Unique ID: b370d00274d9fd3e6719f4aaec52a55d,
Execution Time for Trace ID b370d00274d9fd3e6719f4aaec52a55d: 419 ms
Input: 5750000,
Cold Start: false
Unique ID: daf0fc93a7fe290880abe52036578d69,
Execution Time for Trace ID daf0fc93a7fe290880abe52036578d69: 416 ms
Input: 5750000,
Cold Start: false
Unique ID: 8414acc6f4acd24b3f7446438b076c22,
Execution Time for Trace ID 8414acc6f4acd24b3f7446438b076c22: 417 ms
Input: 5750000,
Cold Start: false
Unique ID: 48591d91c5507aab49643e9259f9bc99,
Execution Time for Trace ID 48591d91c5507aab49643e9259f9bc99: 422 ms
Input: 5750000,
Cold Start: false
Unique ID: 79c7e5a8fb48fa94640bce37ae0d5042,
Execution Time for Trace ID 79c7e5a8fb48fa94640bce37ae0d5042: 420 ms
Input: 5750000,
Cold Start: false
Unique ID: f6806a1a73bce8e72882b8486ac539e7,
Execution Time for Trace ID f6806a1a73bce8e72882b8486ac539e7: 407 ms
Input: 5750000,
Cold Start: false
Unique ID: e0253862b790226463a17a89fcab112f,
Execution Time for Trace ID e0253862b790226463a17a89fcab112f: 397 ms
Input: 5750000,
Cold Start: false
Unique ID: 02bc509c824788e001079d46e2c0cfc1,
Execution Time for Trace ID 02bc509c824788e001079d46e2c0cfc1: 360 ms
Input: 5750000,
Cold Start: false
Unique ID: 6f6baafc3edbf47373f13525a122e270,
Execution Time for Trace ID 6f6baafc3edbf47373f13525a122e270: 386 ms
Input: 5750000,
Cold Start: false
Unique ID: 40cb257a18a1e9ea80fb7f0ad294c5bb,
Execution Time for Trace ID 40cb257a18a1e9ea80fb7f0ad294c5bb: 426 ms
Input: 5750000,
Cold Start: false
Unique ID: cb1d93d96308fcf4946bdfcad40c8ae6,
Execution Time for Trace ID cb1d93d96308fcf4946bdfcad40c8ae6: 420 ms
Input: 5750000,
Cold Start: false
Unique ID: e413ad43ef81fa377956d8ae6ec4fa93,
Execution Time for Trace ID e413ad43ef81fa377956d8ae6ec4fa93: 408 ms
Input: 5750000,
Cold Start: false
Unique ID: e1ea5b97d96923db1e0fa43d15fdb369,
Execution Time for Trace ID e1ea5b97d96923db1e0fa43d15fdb369: 359 ms
Input: 5750000,
Cold Start: false
Unique ID: c331b5da3fa5f172b457ec6c5ee63a31,
Execution Time for Trace ID c331b5da3fa5f172b457ec6c5ee63a31: 390 ms
Input: 5750000,
Cold Start: false
Unique ID: 781a16a656877ba6b85feb5abfe95b8d,
Execution Time for Trace ID 781a16a656877ba6b85feb5abfe95b8d: 413 ms
Input: 5750000,
Cold Start: false
Unique ID: 383be0dd8e08b1b7f36d9d6229a9ab0f,
Execution Time for Trace ID 383be0dd8e08b1b7f36d9d6229a9ab0f: 392 ms
Input: 5750000,
Cold Start: false
Unique ID: d956861460ea30f42ff1bd4d772104fa,
Execution Time for Trace ID d956861460ea30f42ff1bd4d772104fa: 392 ms
Input: 5750000,
Cold Start: false
Unique ID: 1920d109fdce5b0dc49eb73221f0106b,
Execution Time for Trace ID 1920d109fdce5b0dc49eb73221f0106b: 440 ms
Input: 5750000,
Cold Start: false
Unique ID: 22fbddf3d4ca268bec6464673a949fef,
Execution Time for Trace ID 22fbddf3d4ca268bec6464673a949fef: 414 ms
Input: 5750000,
Cold Start: false
Unique ID: 84d8e777befcd603375ea44bc11bdfcb,
Execution Time for Trace ID 84d8e777befcd603375ea44bc11bdfcb: 378 ms
Input: 5750000,
Cold Start: false
Unique ID: 49c753b7ee541577f42fa4ffd9c0a81f,
Execution Time for Trace ID 49c753b7ee541577f42fa4ffd9c0a81f: 456 ms
Input: 5750000,
Cold Start: false
Unique ID: 47a04e4d1e696851d8fc74ea53686b2a,
Execution Time for Trace ID 47a04e4d1e696851d8fc74ea53686b2a: 405 ms
Input: 5750000,
Cold Start: false
Unique ID: 764504ed82db76af7282b8a4048c739f,
Execution Time for Trace ID 764504ed82db76af7282b8a4048c739f: 426 ms
Input: 5750000,
Cold Start: false
Unique ID: aa6c85df17bbc8a4d84872141805c2fb,
Execution Time for Trace ID aa6c85df17bbc8a4d84872141805c2fb: 478 ms
Input: 5750000,
Cold Start: false
Unique ID: 30693610ea39970b41b284c1b86d7584,
Execution Time for Trace ID 30693610ea39970b41b284c1b86d7584: 399 ms
Input: 5750000,
Cold Start: false
Unique ID: cb24ad46c3a4dda80e3746f3dc571713,
Execution Time for Trace ID cb24ad46c3a4dda80e3746f3dc571713: 415 ms
Input: 5750000,
Cold Start: false
Unique ID: 423a23ca54dd2e45e7a079c969174e67,
Execution Time for Trace ID 423a23ca54dd2e45e7a079c969174e67: 375 ms
Input: 5750000,
Cold Start: false
Unique ID: e2eecd8db17c0aef701f789b48ee0b01,
Execution Time for Trace ID e2eecd8db17c0aef701f789b48ee0b01: 394 ms
Input: 5750000,
Cold Start: false
Unique ID: a97ccea91bf64bbf0d2b3a91e3700b29,
Execution Time for Trace ID a97ccea91bf64bbf0d2b3a91e3700b29: 392 ms
Input: 5750000,
Cold Start: false
Unique ID: 8963a8e65ffdeeafb4a789a71c3d0be1,
Execution Time for Trace ID 8963a8e65ffdeeafb4a789a71c3d0be1: 414 ms
Input: 5750000,
Cold Start: false
Unique ID: 734fdd7f11494c257f4b1b18badec27f,
Execution Time for Trace ID 734fdd7f11494c257f4b1b18badec27f: 207 ms
Input: 5750000,
Cold Start: false
Unique ID: 0eb4e2930980364cb70e896d2e5e9272,
Execution Time for Trace ID 0eb4e2930980364cb70e896d2e5e9272: 450 ms
Input: 5750000,
Cold Start: false
Unique ID: a32333a852f9f912b26350927ef66859,
Execution Time for Trace ID a32333a852f9f912b26350927ef66859: 391 ms
Input: 5750000,
Cold Start: false
Unique ID: 32e301df396adb57b367dd084134b250,
Execution Time for Trace ID 32e301df396adb57b367dd084134b250: 396 ms
Input: 5750000,
Cold Start: false
Unique ID: 007bde6f995c9b2e59736e17e1be3ec6,
Execution Time for Trace ID 007bde6f995c9b2e59736e17e1be3ec6: 465 ms
Input: 5750000,
Cold Start: false
Unique ID: 8c8f78ed5023714bbdeb2d4e2efb17ba,
Execution Time for Trace ID 8c8f78ed5023714bbdeb2d4e2efb17ba: 414 ms
Input: 5750000,
Cold Start: false
Unique ID: aaa8e5838e637365382a8d929aaadaec,
Execution Time for Trace ID aaa8e5838e637365382a8d929aaadaec: 209 ms
Input: 5750000,
Cold Start: false
Unique ID: af88e383c5218b3ce32ccf89c2ca9654,
Execution Time for Trace ID af88e383c5218b3ce32ccf89c2ca9654: 428 ms
Input: 5750000,
Cold Start: false
Unique ID: b74830e3171669527fdb3e11192fb65f,
Execution Time for Trace ID b74830e3171669527fdb3e11192fb65f: 399 ms
Input: 5750000,
Cold Start: false
Unique ID: 9ec788e9d6cb4d29cf688211d6aadc16,
Execution Time for Trace ID 9ec788e9d6cb4d29cf688211d6aadc16: 410 ms
Input: 5750000,
Cold Start: false
Unique ID: ac640dd44720262d1a6b3d9f9188b7aa,
Execution Time for Trace ID ac640dd44720262d1a6b3d9f9188b7aa: 415 ms
Input: 5750000,
Cold Start: false
Unique ID: 723132ab75d9988664e73f74e54114c8,
Execution Time for Trace ID 723132ab75d9988664e73f74e54114c8: 390 ms
Input: 5750000,
Cold Start: false
Unique ID: 0aa35565a14b6989a4623f66217ce75e,
Execution Time for Trace ID 0aa35565a14b6989a4623f66217ce75e: 389 ms
Input: 5750000,
Cold Start: false
Unique ID: cec71e0fc66ab53efb397a9bec88e7c2,
Execution Time for Trace ID cec71e0fc66ab53efb397a9bec88e7c2: 408 ms
Input: 5750000,
Cold Start: false
Unique ID: 6f93ae55f24d585ab08254c58b6d2a24,
Execution Time for Trace ID 6f93ae55f24d585ab08254c58b6d2a24: 415 ms
Input: 5750000,
Cold Start: false
Unique ID: 54e0f1b8a64c11419ed417c892f45131,
Execution Time for Trace ID 54e0f1b8a64c11419ed417c892f45131: 384 ms
Input: 5750000,
Cold Start: false
Unique ID: d980a32ef6c6d257c54542702455615d,
Execution Time for Trace ID d980a32ef6c6d257c54542702455615d: 379 ms
Input: 5750000,
Cold Start: false
Unique ID: 2208dfaa06dcba8be2f2d7804134c75b,
Execution Time for Trace ID 2208dfaa06dcba8be2f2d7804134c75b: 445 ms
Input: 5750000,
Cold Start: false
Unique ID: 8aa65c15f02025e511d200cf89e3fda1,
Execution Time for Trace ID 8aa65c15f02025e511d200cf89e3fda1: 408 ms
Input: 5750000,
Cold Start: false
Unique ID: 84c6fe0bb12d8477550612bb39df2629,
Execution Time for Trace ID 84c6fe0bb12d8477550612bb39df2629: 388 ms
Input: 5750000,
Cold Start: false
Unique ID: 2a0bc869b9f3fbc89ba095baf387eca2,
Execution Time for Trace ID 2a0bc869b9f3fbc89ba095baf387eca2: 382 ms
Input: 5750000,
Cold Start: false
Unique ID: ff9be4ca95281ee544f6fbdfb8eea649,
Execution Time for Trace ID ff9be4ca95281ee544f6fbdfb8eea649: 379 ms
Input: 5750000,
Cold Start: false
Unique ID: 79a180c3bc4d805f6ec134a18740072f,
Execution Time for Trace ID 79a180c3bc4d805f6ec134a18740072f: 210 ms
Input: 5750000,
Cold Start: false
Unique ID: e6a1097c37c7052b70bc58f482c89758,
Execution Time for Trace ID e6a1097c37c7052b70bc58f482c89758: 400 ms
Input: 5750000,
Cold Start: false
Unique ID: c8ed52b4fa839180e65354b45e4dadd4,
Execution Time for Trace ID c8ed52b4fa839180e65354b45e4dadd4: 625 ms
Input: 5750000,
Cold Start: false
Unique ID: 0ec18f5b738de255027087270932bd7f,
Execution Time for Trace ID 0ec18f5b738de255027087270932bd7f: 421 ms
Input: 5750000,
Cold Start: false
Unique ID: 6149d0c093615b44a019faceb8806936,
Execution Time for Trace ID 6149d0c093615b44a019faceb8806936: 200 ms
Input: 5750000,
Cold Start: false
Unique ID: 4a2187ac372dc8a462f30cd7df7edabd,
Execution Time for Trace ID 4a2187ac372dc8a462f30cd7df7edabd: 442 ms
Input: 5750000,
Cold Start: false
Unique ID: 0e7808115793edbd635f679234688557,
Execution Time for Trace ID 0e7808115793edbd635f679234688557: 387 ms
Input: 5750000,
Cold Start: false
Unique ID: 1ea83da81c5ecb3efe10d074209768fe,
Execution Time for Trace ID 1ea83da81c5ecb3efe10d074209768fe: 395 ms
Input: 5750000,
Cold Start: false
Unique ID: 97d26e9311be4905c58eb14672982c7b,
Execution Time for Trace ID 97d26e9311be4905c58eb14672982c7b: 404 ms
Input: 5750000,
Cold Start: false
Unique ID: 7c0865aa4f7a9ce461b021d73bcdd101,
Execution Time for Trace ID 7c0865aa4f7a9ce461b021d73bcdd101: 465 ms
Input: 5750000,
Cold Start: false
Unique ID: 7cc84578d4461ff67e8326a43756f9db,
Execution Time for Trace ID 7cc84578d4461ff67e8326a43756f9db: 426 ms
Input: 5750000,
Cold Start: false
Unique ID: 599faa3263b378615b2ac8705613cf65,
Execution Time for Trace ID 599faa3263b378615b2ac8705613cf65: 408 ms
Input: 5750000,
Cold Start: false
Unique ID: b96b8d124cc758d84cbdf15c77ab29cf,
Execution Time for Trace ID b96b8d124cc758d84cbdf15c77ab29cf: 390 ms
Input: 5750000,
Cold Start: false
Unique ID: 9d68e2a45f6779f1f0660de9d035580c,
Execution Time for Trace ID 9d68e2a45f6779f1f0660de9d035580c: 425 ms
Input: 5750000,
Cold Start: false
Unique ID: f86727bdc81a8d0b37af4db73c57e90d,
Execution Time for Trace ID f86727bdc81a8d0b37af4db73c57e90d: 399 ms
Input: 5750000,
Cold Start: false
Unique ID: 6803c94ead8786edea86f8b47790d5a2,
Execution Time for Trace ID 6803c94ead8786edea86f8b47790d5a2: 393 ms
Input: 5750000,
Cold Start: false
Unique ID: 4897a6143d2f7a9f27e694b9a37f8139,
Execution Time for Trace ID 4897a6143d2f7a9f27e694b9a37f8139: 428 ms
Input: 5750000,
Cold Start: false
Unique ID: fdf6f8ee30847d20810c18a3439cfc35,
Execution Time for Trace ID fdf6f8ee30847d20810c18a3439cfc35: 414 ms
Input: 5750000,
Cold Start: false
Unique ID: a0ab9139aaade0e34aa7dfd698930e97,
Execution Time for Trace ID a0ab9139aaade0e34aa7dfd698930e97: 390 ms
Input: 5750000,
Cold Start: false
Unique ID: 136eb37e54254510536136d70ef79672,
Execution Time for Trace ID 136eb37e54254510536136d70ef79672: 396 ms
Input: 5750000,
Cold Start: false
Unique ID: 32344ace7c193eff9dd1f90fe963ef06,
Execution Time for Trace ID 32344ace7c193eff9dd1f90fe963ef06: 394 ms
Input: 5750000,
Cold Start: false
Unique ID: 82559541d6575f0e163e046168dd2eb3,
Execution Time for Trace ID 82559541d6575f0e163e046168dd2eb3: 384 ms
Input: 5750000,
Cold Start: false
Unique ID: 6a742dd952dce5693e4d6d5bd45082fc,
Execution Time for Trace ID 6a742dd952dce5693e4d6d5bd45082fc: 406 ms
Input: 5750000,
Cold Start: false
Unique ID: 7a7a0948d56b05c2356918eef30f6c78,
Execution Time for Trace ID 7a7a0948d56b05c2356918eef30f6c78: 411 ms
Input: 5750000,
Cold Start: false
Unique ID: 9c8cf7b40f22a1564e8834eef0fb7689,
Execution Time for Trace ID 9c8cf7b40f22a1564e8834eef0fb7689: 382 ms
Input: 5750000,
Cold Start: false
Unique ID: b495b8b9a638c80a7f287b60d8be30e4,
Execution Time for Trace ID b495b8b9a638c80a7f287b60d8be30e4: 261 ms
Input: 5750000,
Cold Start: false
Unique ID: df9423c6dfd748ca8c436644cd446e0a,
Execution Time for Trace ID df9423c6dfd748ca8c436644cd446e0a: 398 ms
Input: 5750000,
Cold Start: false
Unique ID: 8a9fc1792d31e178058c513c0152a22a,
Execution Time for Trace ID 8a9fc1792d31e178058c513c0152a22a: 256 ms
Input: 5750000,
Cold Start: false
Unique ID: 57eea303b3cdb785f972bc95323ae6a4,
Execution Time for Trace ID 57eea303b3cdb785f972bc95323ae6a4: 414 ms
Input: 5750000,
Cold Start: false
Unique ID: 81479ceca08180d0b887c4dc8ddbf232,
Execution Time for Trace ID 81479ceca08180d0b887c4dc8ddbf232: 504 ms
Input: 5750000,
Cold Start: false
Unique ID: 62d7f1a36763597881e568b80eda9a18,
Execution Time for Trace ID 62d7f1a36763597881e568b80eda9a18: 384 ms
Input: 5750000,
Cold Start: false
Unique ID: 4eb769003ff0425e041a171e930f7699,
Execution Time for Trace ID 4eb769003ff0425e041a171e930f7699: 195 ms
Input: 5750000,
Cold Start: false
Unique ID: 394f3fa1494378dd2fc77e6d32aa214f,
Execution Time for Trace ID 394f3fa1494378dd2fc77e6d32aa214f: 399 ms
Input: 5750000,
Cold Start: false
Unique ID: 6167624008b43dd843c0ee04ccc9d5e6,
Execution Time for Trace ID 6167624008b43dd843c0ee04ccc9d5e6: 357 ms
Input: 5750000,
Cold Start: false
Unique ID: 66b99399c6476e16f569637ebbcf4325,
Execution Time for Trace ID 66b99399c6476e16f569637ebbcf4325: 390 ms
Input: 5750000,
Cold Start: false
Unique ID: c0e0957223b48b37214d623fd943db48,
Execution Time for Trace ID c0e0957223b48b37214d623fd943db48: 559 ms
Input: 5750000,
Cold Start: false
Unique ID: 10d9355718957eca58cae0f88a935be4,
Execution Time for Trace ID 10d9355718957eca58cae0f88a935be4: 400 ms
Input: 5750000,
Cold Start: false
Unique ID: 8b560eabe1e5ad8cf91f57752c1b0f6e,
Execution Time for Trace ID 8b560eabe1e5ad8cf91f57752c1b0f6e: 382 ms
Input: 5750000,
Cold Start: false
Unique ID: d7d171b9a74d08dfa1854bee6902de42,
Execution Time for Trace ID d7d171b9a74d08dfa1854bee6902de42: 406 ms
Input: 5750000,
Cold Start: false
Unique ID: 03246d912272070d8b018f247d1939b2,
Execution Time for Trace ID 03246d912272070d8b018f247d1939b2: 387 ms
Input: 5750000,
Cold Start: false
Unique ID: 7f22237d2384096d537aa42c86af4e77,
Execution Time for Trace ID 7f22237d2384096d537aa42c86af4e77: 381 ms
Input: 5750000,
Cold Start: false
Unique ID: 8a1b6435d074d2c6b05189de3baf7ce9,
Execution Time for Trace ID 8a1b6435d074d2c6b05189de3baf7ce9: 408 ms
Input: 5750000,
Cold Start: false
Unique ID: 949bc92b0492e1764614f65be238d638,
Execution Time for Trace ID 949bc92b0492e1764614f65be238d638: 387 ms
Input: 5750000,
Cold Start: false
Unique ID: e49ca675aa76e953de393b77d446b3cb,
Execution Time for Trace ID e49ca675aa76e953de393b77d446b3cb: 428 ms
Input: 5750000,
Cold Start: false
Unique ID: de3893f5deed8dc6c6ad5f291994e844,
Execution Time for Trace ID de3893f5deed8dc6c6ad5f291994e844: 395 ms
Input: 5750000,
Cold Start: false
Unique ID: ee4c71980d3c2051a0f55c3df6cf66d3,
Execution Time for Trace ID ee4c71980d3c2051a0f55c3df6cf66d3: 396 ms
Input: 5750000,
Cold Start: false
Unique ID: 213cc06b668b6fa6fa3db44f39f8ef9a,
Execution Time for Trace ID 213cc06b668b6fa6fa3db44f39f8ef9a: 463 ms
Input: 5750000,
Cold Start: false
Unique ID: d4794bcd5af1a2c2b501dfe4b2a836ea,
Execution Time for Trace ID d4794bcd5af1a2c2b501dfe4b2a836ea: 415 ms
Input: 5750000,
Cold Start: false
Unique ID: c9c821b9e290df962b8a3816442b9b33,
Execution Time for Trace ID c9c821b9e290df962b8a3816442b9b33: 408 ms
Input: 5750000,
Cold Start: false
Unique ID: ece2e43dbcf763619508c6212a803c64,
Execution Time for Trace ID ece2e43dbcf763619508c6212a803c64: 373 ms
Input: 5750000,
Cold Start: false
Unique ID: 3a2fb4f7916a54c01106d6913be6ff1c,
Execution Time for Trace ID 3a2fb4f7916a54c01106d6913be6ff1c: 384 ms
Input: 5750000,
Cold Start: false
Unique ID: 54a3017f0d796a280476bb1b73f90885,
Execution Time for Trace ID 54a3017f0d796a280476bb1b73f90885: 388 ms
Input: 5750000,
Cold Start: false
Unique ID: bf9b6a389f495bf796ea62f046eec951,
Execution Time for Trace ID bf9b6a389f495bf796ea62f046eec951: 401 ms
Input: 5750000,
Cold Start: false
Unique ID: 7603278356187440cb002f2eff4d976c,
Execution Time for Trace ID 7603278356187440cb002f2eff4d976c: 404 ms
Input: 5750000,
Cold Start: false
Unique ID: 0fa69b2ebcafa7771b85c93d357290de,
Execution Time for Trace ID 0fa69b2ebcafa7771b85c93d357290de: 424 ms
Input: 5750000,
Cold Start: false
Unique ID: e90f316118e1bb4f5f4d10f24f0dbf5c,
Execution Time for Trace ID e90f316118e1bb4f5f4d10f24f0dbf5c: 392 ms
Input: 5750000,
Cold Start: false
Unique ID: 6d328dc6bdd2310ae0c870ae088b9cb6,
Execution Time for Trace ID 6d328dc6bdd2310ae0c870ae088b9cb6: 372 ms
Input: 5750000,
Cold Start: false
Unique ID: 4cd69df7e011ada3f4a602a580b3b0b2,
Execution Time for Trace ID 4cd69df7e011ada3f4a602a580b3b0b2: 189 ms
Input: 5750000,
Cold Start: false
Unique ID: bbc8b15d02358f4e016e05eefb61c8ef,
Execution Time for Trace ID bbc8b15d02358f4e016e05eefb61c8ef: 408 ms
Input: 5750000,
Cold Start: false
Unique ID: 81090989dc7bbbe26122a137a4e95772,
Execution Time for Trace ID 81090989dc7bbbe26122a137a4e95772: 389 ms
Input: 5750000,
Cold Start: false
Unique ID: 0c9dcd5d2cce06208b31806724f20869,
Execution Time for Trace ID 0c9dcd5d2cce06208b31806724f20869: 592 ms
Input: 5750000,
Cold Start: false
Unique ID: 74de066b00213432a0f55c3df6cf619e,
Execution Time for Trace ID 74de066b00213432a0f55c3df6cf619e: 382 ms
Input: 5750000,
Cold Start: false
Unique ID: f90a2153869984aca7025be3c5351428,
Execution Time for Trace ID f90a2153869984aca7025be3c5351428: 190 ms
Input: 5750000,
Cold Start: false
Unique ID: 2b67abde3303b2c9524347a3ccdf220c,
Execution Time for Trace ID 2b67abde3303b2c9524347a3ccdf220c: 407 ms
Input: 5750000,
Cold Start: false
Unique ID: 56394bce503df71e908fed93c1cdec52,
Execution Time for Trace ID 56394bce503df71e908fed93c1cdec52: 394 ms
Input: 5750000,
Cold Start: false
Unique ID: 0fdce3fe5f4bbebcce6f1ebea9d9d9fb,
Execution Time for Trace ID 0fdce3fe5f4bbebcce6f1ebea9d9d9fb: 595 ms
Input: 5750000,
Cold Start: false
Unique ID: 57105457b9b245d499216a11c144eb07,
Execution Time for Trace ID 57105457b9b245d499216a11c144eb07: 408 ms
Input: 5750000,
Cold Start: false
Unique ID: f10e67680382039dd36748235bfc6c43,
Execution Time for Trace ID f10e67680382039dd36748235bfc6c43: 408 ms
Input: 5750000,
Cold Start: false
Unique ID: cb418930af11ea99fe242ca0011a6e73,
Execution Time for Trace ID cb418930af11ea99fe242ca0011a6e73: 379 ms
Input: 5750000,
Cold Start: false
Unique ID: 6f226a048b49fb6dbc21c50ec84e9725,
Execution Time for Trace ID 6f226a048b49fb6dbc21c50ec84e9725: 421 ms
Input: 5750000,
Cold Start: false
Unique ID: 9608fcfd4b4997688ba8df2984cda544,
Execution Time for Trace ID 9608fcfd4b4997688ba8df2984cda544: 394 ms
Input: 5750000,
Cold Start: false
Unique ID: 5f802f108fc9e11a29d774b9c40e6682,
Execution Time for Trace ID 5f802f108fc9e11a29d774b9c40e6682: 377 ms
Input: 5750000,
Cold Start: false
Unique ID: b43fa9f0f83da24d5d80996a3b4af769,
Execution Time for Trace ID b43fa9f0f83da24d5d80996a3b4af769: 402 ms
Input: 5750000,
Cold Start: false
Unique ID: 251b2753fd3d9cbbf5ae56a8ef8b4bb3,
Execution Time for Trace ID 251b2753fd3d9cbbf5ae56a8ef8b4bb3: 382 ms
Input: 5750000,
Cold Start: false
Unique ID: 372a36354ad58926f90ab6b12e36c0ad,
Execution Time for Trace ID 372a36354ad58926f90ab6b12e36c0ad: 425 ms
Input: 5750000,
Cold Start: false
Unique ID: 290dc59843b31fd2c5a742d111ffbce7,
Execution Time for Trace ID 290dc59843b31fd2c5a742d111ffbce7: 388 ms
Input: 5750000,
Cold Start: false
Unique ID: aa5cd3ead95f75ed2027cef4ca76cc0c,
Execution Time for Trace ID aa5cd3ead95f75ed2027cef4ca76cc0c: 378 ms
Input: 5750000,
Cold Start: false
Unique ID: a0b2f57f1563290f8983a100bb00fbfd,
Execution Time for Trace ID a0b2f57f1563290f8983a100bb00fbfd: 192 ms
Input: 5750000,
Cold Start: false
Unique ID: 2dbd925891a3f8f3f97fdea34cb546df,
Execution Time for Trace ID 2dbd925891a3f8f3f97fdea34cb546df: 408 ms
Input: 5750000,
Cold Start: false
Unique ID: a3981fc70b260c389e015c1ef5e31db0,
Execution Time for Trace ID a3981fc70b260c389e015c1ef5e31db0: 386 ms
Input: 5750000,
Cold Start: false
Unique ID: aebb6639757f30e209925672a23783ea,
Execution Time for Trace ID aebb6639757f30e209925672a23783ea: 596 ms
Input: 5750000,
Cold Start: false
Unique ID: 5926075a89de6719a71094bad0790cba,
Execution Time for Trace ID 5926075a89de6719a71094bad0790cba: 420 ms
Input: 5750000,
Cold Start: false
Unique ID: 895f74c1f6437bdad07d59b01f6a863f,
Execution Time for Trace ID 895f74c1f6437bdad07d59b01f6a863f: 405 ms
Input: 5750000,
Cold Start: false
Unique ID: e23c7fd7d8a57880b6c5f6685f5fd8c3,
Execution Time for Trace ID e23c7fd7d8a57880b6c5f6685f5fd8c3: 388 ms
Input: 5750000,
Cold Start: false
Unique ID: ea18ecca68dae9c7e151c4c486164bb5,
Execution Time for Trace ID ea18ecca68dae9c7e151c4c486164bb5: 397 ms
Input: 5750000,
Cold Start: false
Unique ID: 53a4a20fac7602080d50068abc6fc552,
Execution Time for Trace ID 53a4a20fac7602080d50068abc6fc552: 409 ms
Input: 5750000,
Cold Start: false
Unique ID: 3f611ad1f732068dafc64183ec3794d9,
Execution Time for Trace ID 3f611ad1f732068dafc64183ec3794d9: 389 ms
Input: 5750000,
Cold Start: false
Unique ID: c5555ca6292b1923ace13c0756c10d78,
Execution Time for Trace ID c5555ca6292b1923ace13c0756c10d78: 431 ms
Input: 5750000,
Cold Start: false
Unique ID: 10addd91140512abee84de938691b548,
Execution Time for Trace ID 10addd91140512abee84de938691b548: 383 ms
Input: 5750000,
Cold Start: false
Unique ID: 804e077aeedade565ca8d770d3a77543,
Execution Time for Trace ID 804e077aeedade565ca8d770d3a77543: 396 ms
Input: 5750000,
Cold Start: false
Unique ID: 112148f724cab171f4bb746d8cdbd9c6,
Execution Time for Trace ID 112148f724cab171f4bb746d8cdbd9c6: 471 ms
Input: 5750000,
Cold Start: false
Unique ID: 487a02e527766e38f8e8b5420c5badc9,
Execution Time for Trace ID 487a02e527766e38f8e8b5420c5badc9: 419 ms
Input: 5750000,
Cold Start: false
Unique ID: 5e33ab54caebb7f2014fe89bf57abe37,
Execution Time for Trace ID 5e33ab54caebb7f2014fe89bf57abe37: 209 ms
Input: 5750000,
Cold Start: false
Unique ID: f1cc022f5b7d3295da8c586fbfe994b3,
Execution Time for Trace ID f1cc022f5b7d3295da8c586fbfe994b3: 480 ms
Input: 5750000,
Cold Start: false
Unique ID: d69998ff41a96f3518dd9aefc5e43626,
Execution Time for Trace ID d69998ff41a96f3518dd9aefc5e43626: 199 ms
Input: 5750000,
Cold Start: false
Unique ID: 8b6734c474c189fe6c9f946c028edce6,
Execution Time for Trace ID 8b6734c474c189fe6c9f946c028edce6: 426 ms
Input: 5750000,
Cold Start: false
Unique ID: fb7f969581fca103ee617ccec991bd3b,
Execution Time for Trace ID fb7f969581fca103ee617ccec991bd3b: 604 ms
Input: 5750000,
Cold Start: false
Unique ID: 39add5ff66e2ea3ba03f04d4e3693a10,
Execution Time for Trace ID 39add5ff66e2ea3ba03f04d4e3693a10: 410 ms
Input: 5750000,
Cold Start: false
Unique ID: 704409af2af982215e3e6b6113be6140,
Execution Time for Trace ID 704409af2af982215e3e6b6113be6140: 582 ms
Input: 5750000,
Cold Start: false
Unique ID: a9b29d2ebd171053b4542860e2bd7289,
Execution Time for Trace ID a9b29d2ebd171053b4542860e2bd7289: 379 ms
Input: 5750000,
Cold Start: false
Unique ID: 93e993cb36cc121b9cc7af27d6f35638,
Execution Time for Trace ID 93e993cb36cc121b9cc7af27d6f35638: 599 ms
Input: 5750000,
Cold Start: false
Unique ID: 785293f96f228f4dce0b209daf535b76,
Execution Time for Trace ID 785293f96f228f4dce0b209daf535b76: 400 ms
Input: 5750000,
Cold Start: false
Unique ID: a5d134ed477e27e2e601abaed34ee170,
Execution Time for Trace ID a5d134ed477e27e2e601abaed34ee170: 400 ms
Input: 5750000,
Cold Start: false
Unique ID: 3bce09525266c587aad432c66aeef5ae,
Execution Time for Trace ID 3bce09525266c587aad432c66aeef5ae: 429 ms
Input: 5750000,
Cold Start: false
Unique ID: e42fa934d3f4434b7f1f9c1babc6aece,
Execution Time for Trace ID e42fa934d3f4434b7f1f9c1babc6aece: 388 ms
Input: 5750000,
Cold Start: false
Unique ID: 37d9881080f2e95d51697dfbc6a2c1e5,
Execution Time for Trace ID 37d9881080f2e95d51697dfbc6a2c1e5: 190 ms
Input: 5750000,
Cold Start: false
Unique ID: 2bfef79c42c203db5701576bf4f3d45e,
Execution Time for Trace ID 2bfef79c42c203db5701576bf4f3d45e: 403 ms
Input: 5750000,
Cold Start: false
Unique ID: 7950dcdd893a9b335894ade94be293e5,
Execution Time for Trace ID 7950dcdd893a9b335894ade94be293e5: 399 ms
Input: 5750000,
Cold Start: false
Unique ID: 8e1581fc6994544f643cf94c951b5641,
Execution Time for Trace ID 8e1581fc6994544f643cf94c951b5641: 410 ms
Input: 5750000,
Cold Start: false
Unique ID: 25d0561dc1a6889c14287242f15b7483,
Execution Time for Trace ID 25d0561dc1a6889c14287242f15b7483: 389 ms
Input: 5750000,
Cold Start: false
Unique ID: 1a92c0a925b5f631898f81a5e63de3bb,
Execution Time for Trace ID 1a92c0a925b5f631898f81a5e63de3bb: 376 ms
Input: 5750000,
Cold Start: false
Unique ID: 19e71e857ae5dd58780cc4b5d410881f,
Execution Time for Trace ID 19e71e857ae5dd58780cc4b5d410881f: 403 ms
Input: 5750000,
Cold Start: false
Unique ID: 8fc4279d60f0b08b688ebce456af3402,
Execution Time for Trace ID 8fc4279d60f0b08b688ebce456af3402: 392 ms
Input: 5750000,
Cold Start: false
