Unique ID: 9b9ecf81-537f-4598-a258-55391e8d5893,
Billed Duration for Request 9b9ecf81-537f-4598-a258-55391e8d5893: 584 ms
Pi: 3.1419888,
Input: 5000000,
Cold Start: false
Unique ID: 2fc3a8ac-a418-4485-93c7-f0afd6060468,
Billed Duration for Request 2fc3a8ac-a418-4485-93c7-f0afd6060468: 554 ms
Pi: 3.141564,
Input: 5000000,
Cold Start: false
Unique ID: 27eb028a-6454-41be-8b7b-ce98b369cc98,
Billed Duration for Request 27eb028a-6454-41be-8b7b-ce98b369cc98: 536 ms
Pi: 3.1402824,
Input: 5000000,
Cold Start: false
Unique ID: f706fcd3-7875-4811-afbf-bf6f2e026148,
Billed Duration for Request f706fcd3-7875-4811-afbf-bf6f2e026148: 619 ms
Pi: 3.1417992,
Input: 5000000,
Cold Start: true
Unique ID: 0fc34e71-ffed-4de6-a67f-f47b413db601,
Billed Duration for Request 0fc34e71-ffed-4de6-a67f-f47b413db601: 595 ms
Pi: 3.141136,
Input: 5000000,
Cold Start: true
Unique ID: 388201aa-8cde-464e-b5ce-a502afca0dd9,
Billed Duration for Request 388201aa-8cde-464e-b5ce-a502afca0dd9: 536 ms
Pi: 3.1416064,
Input: 5000000,
Cold Start: false
Unique ID: 310b57c9-0450-4962-93f1-793d2d5482bd,
Billed Duration for Request 310b57c9-0450-4962-93f1-793d2d5482bd: 555 ms
Pi: 3.1418968,
Input: 5000000,
Cold Start: false
Unique ID: 3150db47-37ff-4c1f-9c86-7022d9f8de5d,
Billed Duration for Request 3150db47-37ff-4c1f-9c86-7022d9f8de5d: 581 ms
Pi: 3.1413824,
Input: 5000000,
Cold Start: false
Unique ID: da8bbe20-82ec-4d8d-8af1-e63e519c228b,
Billed Duration for Request da8bbe20-82ec-4d8d-8af1-e63e519c228b: 540 ms
Pi: 3.1407512,
Input: 5000000,
Cold Start: false
Unique ID: 06c01494-5ffe-4f92-bf43-28dc67a5cd61,
Billed Duration for Request 06c01494-5ffe-4f92-bf43-28dc67a5cd61: 530 ms
Pi: 3.141688,
Input: 5000000,
Cold Start: false
Unique ID: 0ce3f245-a5d1-4157-81f1-f2398b01925d,
Billed Duration for Request 0ce3f245-a5d1-4157-81f1-f2398b01925d: 556 ms
Pi: 3.1402032,
Input: 5000000,
Cold Start: false
Unique ID: 7adea3a8-44af-4bcc-b150-f97a13d59a9e,
Billed Duration for Request 7adea3a8-44af-4bcc-b150-f97a13d59a9e: 535 ms
Pi: 3.1416856,
Input: 5000000,
Cold Start: false
Unique ID: 103dee15-c481-4c8c-ae98-4be2e7585bf6,
Billed Duration for Request 103dee15-c481-4c8c-ae98-4be2e7585bf6: 545 ms
Pi: 3.1416256,
Input: 5000000,
Cold Start: false
Unique ID: d1bb8246-bdfc-423b-ba4e-6131f34b30c2,
Billed Duration for Request d1bb8246-bdfc-423b-ba4e-6131f34b30c2: 556 ms
Pi: 3.1406616,
Input: 5000000,
Cold Start: false
Unique ID: 5ce58465-2ad2-4473-84e1-a3e02dc9de49,
Billed Duration for Request 5ce58465-2ad2-4473-84e1-a3e02dc9de49: 537 ms
Pi: 3.142192,
Input: 5000000,
Cold Start: false
Unique ID: 6e84f0e6-e980-4608-b527-d014fb7406a1,
Billed Duration for Request 6e84f0e6-e980-4608-b527-d014fb7406a1: 546 ms
Pi: 3.139896,
Input: 5000000,
Cold Start: false
Unique ID: 50923249-7b00-48d2-ba51-fb065cb7437e,
Billed Duration for Request 50923249-7b00-48d2-ba51-fb065cb7437e: 541 ms
Pi: 3.1416176,
Input: 5000000,
Cold Start: false
Unique ID: 0e772258-02ee-4f16-8861-542cbaa8dd93,
Billed Duration for Request 0e772258-02ee-4f16-8861-542cbaa8dd93: 541 ms
Pi: 3.141088,
Input: 5000000,
Cold Start: false
Unique ID: ed72ac31-376d-45f3-b08e-b8f3d12560a4,
Billed Duration for Request ed72ac31-376d-45f3-b08e-b8f3d12560a4: 544 ms
Pi: 3.1417832,
Input: 5000000,
Cold Start: false
Unique ID: 11aff166-63aa-4c96-85e8-4ab77ecbfd2f,
Billed Duration for Request 11aff166-63aa-4c96-85e8-4ab77ecbfd2f: 541 ms
Pi: 3.1428384,
Input: 5000000,
Cold Start: false
Unique ID: 87ce5a79-34c2-4d09-a2f4-b33596a21d86,
Billed Duration for Request 87ce5a79-34c2-4d09-a2f4-b33596a21d86: 540 ms
Pi: 3.1403088,
Input: 5000000,
Cold Start: false
Unique ID: c1e63a78-805d-42ba-b40e-bca939a201a7,
Billed Duration for Request c1e63a78-805d-42ba-b40e-bca939a201a7: 547 ms
Pi: 3.1424464,
Input: 5000000,
Cold Start: false
Unique ID: 0954ab82-4a63-40bc-80c2-2ba159debd3b,
Billed Duration for Request 0954ab82-4a63-40bc-80c2-2ba159debd3b: 550 ms
Pi: 3.1424344,
Input: 5000000,
Cold Start: false
Unique ID: 503a0ae5-a779-4300-ad06-374ba070ac26,
Billed Duration for Request 503a0ae5-a779-4300-ad06-374ba070ac26: 540 ms
Pi: 3.1421184,
Input: 5000000,
Cold Start: false
Unique ID: 13177046-7235-4db4-8ecb-7bd55878ee54,
Billed Duration for Request 13177046-7235-4db4-8ecb-7bd55878ee54: 546 ms
Pi: 3.1407208,
Input: 5000000,
Cold Start: false
Unique ID: 4aee63de-cbf1-49e0-8fbd-6ce4dd0ad64b,
Billed Duration for Request 4aee63de-cbf1-49e0-8fbd-6ce4dd0ad64b: 536 ms
Pi: 3.1411136,
Input: 5000000,
Cold Start: false
Unique ID: 060b6f46-daa0-4b6a-8aaf-03e83f190075,
Billed Duration for Request 060b6f46-daa0-4b6a-8aaf-03e83f190075: 536 ms
Pi: 3.141296,
Input: 5000000,
Cold Start: false
Unique ID: 819c67f1-f533-4ffc-9d15-b0d5ccb8ec15,
Billed Duration for Request 819c67f1-f533-4ffc-9d15-b0d5ccb8ec15: 534 ms
Pi: 3.1415784,
Input: 5000000,
Cold Start: false
Unique ID: c38f0666-5650-4090-b81f-ab31b120ec9f,
Billed Duration for Request c38f0666-5650-4090-b81f-ab31b120ec9f: 560 ms
Pi: 3.1417952,
Input: 5000000,
Cold Start: false
Unique ID: 2bcdbe4f-648b-4aeb-9635-ddf56f08f831,
Billed Duration for Request 2bcdbe4f-648b-4aeb-9635-ddf56f08f831: 540 ms
Pi: 3.141108,
Input: 5000000,
Cold Start: false
Unique ID: 5b381520-85b9-441a-b5f8-8b05a10fabdc,
Billed Duration for Request 5b381520-85b9-441a-b5f8-8b05a10fabdc: 547 ms
Pi: 3.1406088,
Input: 5000000,
Cold Start: false
Unique ID: 383ce51e-3f95-412a-89e3-377e56f7a810,
Billed Duration for Request 383ce51e-3f95-412a-89e3-377e56f7a810: 555 ms
Pi: 3.1425688,
Input: 5000000,
Cold Start: false
Unique ID: 2cc1b663-d6e5-4560-9dfc-66a2933ee299,
Billed Duration for Request 2cc1b663-d6e5-4560-9dfc-66a2933ee299: 531 ms
Pi: 3.1432528,
Input: 5000000,
Cold Start: false
Unique ID: d30c3f49-a7b4-4f89-892d-b182da6d0c8f,
Billed Duration for Request d30c3f49-a7b4-4f89-892d-b182da6d0c8f: 548 ms
Pi: 3.1407376,
Input: 5000000,
Cold Start: false
Unique ID: 6c96c233-9ab9-426d-be42-770d1bb144a4,
Billed Duration for Request 6c96c233-9ab9-426d-be42-770d1bb144a4: 559 ms
Pi: 3.1412272,
Input: 5000000,
Cold Start: false
Unique ID: 658a7c6f-ff9e-4606-a8cc-4cf21836e6d6,
Billed Duration for Request 658a7c6f-ff9e-4606-a8cc-4cf21836e6d6: 532 ms
Pi: 3.1429208,
Input: 5000000,
Cold Start: false
Unique ID: 75b69fe9-a1db-444c-be65-5dd95227635a,
Billed Duration for Request 75b69fe9-a1db-444c-be65-5dd95227635a: 529 ms
Pi: 3.1405368,
Input: 5000000,
Cold Start: false
Unique ID: 5735e6dc-6095-47d7-9cea-d1abb25b757a,
Billed Duration for Request 5735e6dc-6095-47d7-9cea-d1abb25b757a: 552 ms
Pi: 3.1414952,
Input: 5000000,
Cold Start: false
Unique ID: 624d5296-14f6-4875-bc5f-36e5733f1865,
Billed Duration for Request 624d5296-14f6-4875-bc5f-36e5733f1865: 532 ms
Pi: 3.1408256,
Input: 5000000,
Cold Start: false
Unique ID: 52f05aa4-e463-4a00-848f-083b2f7b4998,
Billed Duration for Request 52f05aa4-e463-4a00-848f-083b2f7b4998: 530 ms
Pi: 3.1421344,
Input: 5000000,
Cold Start: false
Unique ID: 9c3c3896-72b7-4ca7-985d-983979833c18,
Billed Duration for Request 9c3c3896-72b7-4ca7-985d-983979833c18: 550 ms
Pi: 3.1403168,
Input: 5000000,
Cold Start: false
Unique ID: b7dd9d0e-32c5-4f7e-b906-dc092bc9104b,
Billed Duration for Request b7dd9d0e-32c5-4f7e-b906-dc092bc9104b: 540 ms
Pi: 3.1415896,
Input: 5000000,
Cold Start: false
Unique ID: 3474c3e3-4815-4b5d-8180-8a14e283ded9,
Billed Duration for Request 3474c3e3-4815-4b5d-8180-8a14e283ded9: 555 ms
Pi: 3.1413176,
Input: 5000000,
Cold Start: false
Unique ID: b768d8fb-66a6-48db-a923-608c5a343a4f,
Billed Duration for Request b768d8fb-66a6-48db-a923-608c5a343a4f: 544 ms
Pi: 3.141344,
Input: 5000000,
Cold Start: false
Unique ID: 865dc695-3b8b-4117-922b-3849a2eb3e81,
Billed Duration for Request 865dc695-3b8b-4117-922b-3849a2eb3e81: 541 ms
Pi: 3.141192,
Input: 5000000,
Cold Start: false
Unique ID: 27ba126c-a651-4f62-a2f8-f9af0e051823,
Billed Duration for Request 27ba126c-a651-4f62-a2f8-f9af0e051823: 546 ms
Pi: 3.1415296,
Input: 5000000,
Cold Start: false
Unique ID: 916b668a-c3e0-470f-b7ed-303492c22889,
Billed Duration for Request 916b668a-c3e0-470f-b7ed-303492c22889: 536 ms
Pi: 3.1417952,
Input: 5000000,
Cold Start: false
Unique ID: 75636244-409b-4a8e-bdc4-7ea7d07db22b,
Billed Duration for Request 75636244-409b-4a8e-bdc4-7ea7d07db22b: 540 ms
Pi: 3.1406248,
Input: 5000000,
Cold Start: false
Unique ID: c1761244-c5ca-45c1-a677-10dd31cfd1e3,
Billed Duration for Request c1761244-c5ca-45c1-a677-10dd31cfd1e3: 548 ms
Pi: 3.1419408,
Input: 5000000,
Cold Start: false
Unique ID: 0f4a8c7b-e83a-4491-92a2-9d78ffe38ef9,
Billed Duration for Request 0f4a8c7b-e83a-4491-92a2-9d78ffe38ef9: 538 ms
Pi: 3.1423328,
Input: 5000000,
Cold Start: false
Unique ID: 2dc9389a-dae1-4f62-a0e7-c6d7e5c7a207,
Billed Duration for Request 2dc9389a-dae1-4f62-a0e7-c6d7e5c7a207: 532 ms
Pi: 3.1409528,
Input: 5000000,
Cold Start: false
Unique ID: 086e4851-3819-4122-a94a-1deb4b1f6d24,
Billed Duration for Request 086e4851-3819-4122-a94a-1deb4b1f6d24: 545 ms
Pi: 3.1424824,
Input: 5000000,
Cold Start: false
Unique ID: 00171dda-663f-46b0-9a94-e67270ed684e,
Billed Duration for Request 00171dda-663f-46b0-9a94-e67270ed684e: 545 ms
Pi: 3.1414968,
Input: 5000000,
Cold Start: false
Unique ID: a7c8e147-2d5a-43b6-8131-40a912398b51,
Billed Duration for Request a7c8e147-2d5a-43b6-8131-40a912398b51: 543 ms
Pi: 3.1416728,
Input: 5000000,
Cold Start: false
Unique ID: dbb7c405-4702-4a06-ab79-4c8dec020664,
Billed Duration for Request dbb7c405-4702-4a06-ab79-4c8dec020664: 548 ms
Pi: 3.1411696,
Input: 5000000,
Cold Start: false
Unique ID: 4648ed2d-3b8c-4b01-8b11-927af2716b6a,
Billed Duration for Request 4648ed2d-3b8c-4b01-8b11-927af2716b6a: 540 ms
Pi: 3.14142,
Input: 5000000,
Cold Start: false
Unique ID: 4093ff17-636f-4b34-8370-667ad9ec716f,
Billed Duration for Request 4093ff17-636f-4b34-8370-667ad9ec716f: 541 ms
Pi: 3.1402448,
Input: 5000000,
Cold Start: false
Unique ID: 5c948d02-74f5-4f34-ac79-dee9f3e93cd3,
Billed Duration for Request 5c948d02-74f5-4f34-ac79-dee9f3e93cd3: 533 ms
Pi: 3.141304,
Input: 5000000,
Cold Start: false
Unique ID: 30a6b71a-969c-468a-a10b-aca8f06cc23b,
Billed Duration for Request 30a6b71a-969c-468a-a10b-aca8f06cc23b: 537 ms
Pi: 3.1411368,
Input: 5000000,
Cold Start: false
Unique ID: 7d7fac2d-fbaa-42b9-82ba-cda92caeed07,
Billed Duration for Request 7d7fac2d-fbaa-42b9-82ba-cda92caeed07: 533 ms
Pi: 3.1402656,
Input: 5000000,
Cold Start: false
Unique ID: 30b5a328-120b-4ec2-b32f-f78e52cfe7e9,
Billed Duration for Request 30b5a328-120b-4ec2-b32f-f78e52cfe7e9: 548 ms
Pi: 3.1397896,
Input: 5000000,
Cold Start: false
Unique ID: afc72c9b-85e3-4ffb-9d8d-74038f042fb9,
Billed Duration for Request afc72c9b-85e3-4ffb-9d8d-74038f042fb9: 529 ms
Pi: 3.1421464,
Input: 5000000,
Cold Start: false
Unique ID: 9bd7e46f-903e-4be8-8ba8-57aa2333fd38,
Billed Duration for Request 9bd7e46f-903e-4be8-8ba8-57aa2333fd38: 528 ms
Pi: 3.1414808,
Input: 5000000,
Cold Start: false
Unique ID: 8a4d178c-6348-4ec0-9cdf-3702c420bb8b,
Billed Duration for Request 8a4d178c-6348-4ec0-9cdf-3702c420bb8b: 546 ms
Pi: 3.143124,
Input: 5000000,
Cold Start: false
Unique ID: 567d6f9d-1e08-4e6a-a6b6-7a7c50242844,
Billed Duration for Request 567d6f9d-1e08-4e6a-a6b6-7a7c50242844: 535 ms
Pi: 3.140936,
Input: 5000000,
Cold Start: false
Unique ID: 4a4436f1-f71f-446b-907f-677a2ac8f464,
Billed Duration for Request 4a4436f1-f71f-446b-907f-677a2ac8f464: 542 ms
Pi: 3.1406328,
Input: 5000000,
Cold Start: false
Unique ID: 90fc3be7-9348-4df3-b002-a08d8b2d256a,
Billed Duration for Request 90fc3be7-9348-4df3-b002-a08d8b2d256a: 547 ms
Pi: 3.1405576,
Input: 5000000,
Cold Start: false
Unique ID: edc10f85-83f5-4ae2-a21a-39e24405a6f5,
Billed Duration for Request edc10f85-83f5-4ae2-a21a-39e24405a6f5: 537 ms
Pi: 3.1429808,
Input: 5000000,
Cold Start: false
Unique ID: 5acbd93b-901c-4135-8d20-51dfca468ee9,
Billed Duration for Request 5acbd93b-901c-4135-8d20-51dfca468ee9: 543 ms
Pi: 3.1408056,
Input: 5000000,
Cold Start: false
Unique ID: 99d39686-7e09-459d-bc89-92a1355f64e7,
Billed Duration for Request 99d39686-7e09-459d-bc89-92a1355f64e7: 546 ms
Pi: 3.1422984,
Input: 5000000,
Cold Start: false
Unique ID: c5d771c8-b64d-44bc-87c1-4a9a94978e22,
Billed Duration for Request c5d771c8-b64d-44bc-87c1-4a9a94978e22: 538 ms
Pi: 3.1417616,
Input: 5000000,
Cold Start: false
Unique ID: 394154ee-ad0b-478e-b783-86d11bfcf015,
Billed Duration for Request 394154ee-ad0b-478e-b783-86d11bfcf015: 541 ms
Pi: 3.1419112,
Input: 5000000,
Cold Start: false
Unique ID: dc7516d4-b2b3-4dac-bf8e-b0dac1472121,
Billed Duration for Request dc7516d4-b2b3-4dac-bf8e-b0dac1472121: 525 ms
Pi: 3.140828,
Input: 5000000,
Cold Start: false
Unique ID: c77decca-aca4-495a-8bb1-41ee07258823,
Billed Duration for Request c77decca-aca4-495a-8bb1-41ee07258823: 537 ms
Pi: 3.1419952,
Input: 5000000,
Cold Start: false
Unique ID: 9df8ba59-8fbb-4ca5-9079-3caf725eeb94,
Billed Duration for Request 9df8ba59-8fbb-4ca5-9079-3caf725eeb94: 531 ms
Pi: 3.1410696,
Input: 5000000,
Cold Start: false
Unique ID: e2bc3e1a-12a2-4386-b0fd-187192d2b9cf,
Billed Duration for Request e2bc3e1a-12a2-4386-b0fd-187192d2b9cf: 542 ms
Pi: 3.1424696,
Input: 5000000,
Cold Start: false
Unique ID: 1f075ccc-9c9f-43cd-80a7-eb0c54da8fa7,
Billed Duration for Request 1f075ccc-9c9f-43cd-80a7-eb0c54da8fa7: 537 ms
Pi: 3.1410408,
Input: 5000000,
Cold Start: false
Unique ID: f972e5cb-1dc8-454e-8deb-789e73aaee2c,
Billed Duration for Request f972e5cb-1dc8-454e-8deb-789e73aaee2c: 542 ms
Pi: 3.141736,
Input: 5000000,
Cold Start: false
Unique ID: 626ce06f-d113-4336-a68c-32d466cebb71,
Billed Duration for Request 626ce06f-d113-4336-a68c-32d466cebb71: 547 ms
Pi: 3.1423992,
Input: 5000000,
Cold Start: false
Unique ID: a41a2db8-3396-4b97-b4e3-4053fe0d85a4,
Billed Duration for Request a41a2db8-3396-4b97-b4e3-4053fe0d85a4: 525 ms
Pi: 3.1405576,
Input: 5000000,
Cold Start: false
Unique ID: 09f9f0ea-ab8e-453f-8e11-a4ec7447813a,
Billed Duration for Request 09f9f0ea-ab8e-453f-8e11-a4ec7447813a: 541 ms
Pi: 3.1418344,
Input: 5000000,
Cold Start: false
Unique ID: 7fa3fe11-7d17-4475-86dd-ace017252918,
Billed Duration for Request 7fa3fe11-7d17-4475-86dd-ace017252918: 546 ms
Pi: 3.1424064,
Input: 5000000,
Cold Start: false
Unique ID: 5da5c86a-48ac-4209-b14d-de735f2005d7,
Billed Duration for Request 5da5c86a-48ac-4209-b14d-de735f2005d7: 540 ms
Pi: 3.1411136,
Input: 5000000,
Cold Start: false
Unique ID: 1abdd644-3e3c-4434-a817-65860ebb3920,
Billed Duration for Request 1abdd644-3e3c-4434-a817-65860ebb3920: 540 ms
Pi: 3.1421264,
Input: 5000000,
Cold Start: false
Unique ID: b4349c3c-43b8-4f26-b38f-312e40eaf908,
Billed Duration for Request b4349c3c-43b8-4f26-b38f-312e40eaf908: 546 ms
Pi: 3.1411608,
Input: 5000000,
Cold Start: false
Unique ID: 1f8e6f6c-6933-42d4-9aac-492ba76f7a4d,
Billed Duration for Request 1f8e6f6c-6933-42d4-9aac-492ba76f7a4d: 541 ms
Pi: 3.1417912,
Input: 5000000,
Cold Start: false
Unique ID: e3ffad93-09c8-4241-8902-c10ea05613b1,
Billed Duration for Request e3ffad93-09c8-4241-8902-c10ea05613b1: 522 ms
Pi: 3.1410232,
Input: 5000000,
Cold Start: false
Unique ID: ba731458-db49-45a3-be2a-326c65f50187,
Billed Duration for Request ba731458-db49-45a3-be2a-326c65f50187: 543 ms
Pi: 3.1408208,
Input: 5000000,
Cold Start: false
Unique ID: 89a363f6-bfdf-4653-b7bc-220b42e573a5,
Billed Duration for Request 89a363f6-bfdf-4653-b7bc-220b42e573a5: 538 ms
Pi: 3.1420416,
Input: 5000000,
Cold Start: false
Unique ID: c1909119-7a79-421b-8e56-798bbf506352,
Billed Duration for Request c1909119-7a79-421b-8e56-798bbf506352: 544 ms
Pi: 3.1409952,
Input: 5000000,
Cold Start: false
Unique ID: 545b6600-cc4a-451e-855f-98d52a822456,
Billed Duration for Request 545b6600-cc4a-451e-855f-98d52a822456: 546 ms
Pi: 3.143504,
Input: 5000000,
Cold Start: false
Unique ID: ac5fa79a-b988-4f57-9049-dc23eb32b042,
Billed Duration for Request ac5fa79a-b988-4f57-9049-dc23eb32b042: 537 ms
Pi: 3.1412408,
Input: 5000000,
Cold Start: false
Unique ID: 4d57332e-d49e-47c1-8a18-9c5ddda54362,
Billed Duration for Request 4d57332e-d49e-47c1-8a18-9c5ddda54362: 541 ms
Pi: 3.1418616,
Input: 5000000,
Cold Start: false
Unique ID: 54538d05-430e-4f8b-aee0-ee73984e55cd,
Billed Duration for Request 54538d05-430e-4f8b-aee0-ee73984e55cd: 532 ms
Pi: 3.141796,
Input: 5000000,
Cold Start: false
Unique ID: bd01e1d2-69c2-45d4-90fa-36f3268c464e,
Billed Duration for Request bd01e1d2-69c2-45d4-90fa-36f3268c464e: 542 ms
Pi: 3.1412304,
Input: 5000000,
Cold Start: false
Unique ID: 99986b6b-e3c6-4988-8f9c-bba4901dbf56,
Billed Duration for Request 99986b6b-e3c6-4988-8f9c-bba4901dbf56: 537 ms
Pi: 3.1415432,
Input: 5000000,
Cold Start: false
Unique ID: 4f125cc3-c063-4ff4-ad8f-5c26c5de35e5,
Billed Duration for Request 4f125cc3-c063-4ff4-ad8f-5c26c5de35e5: 546 ms
Pi: 3.1413168,
Input: 5000000,
Cold Start: false
Unique ID: 0b7b7207-e3b7-44b5-8d61-255de0da4607,
Billed Duration for Request 0b7b7207-e3b7-44b5-8d61-255de0da4607: 544 ms
Pi: 3.1408944,
Input: 5000000,
Cold Start: false
Unique ID: ed8e5c42-ff21-4e58-a53e-94e2bee772ad,
Billed Duration for Request ed8e5c42-ff21-4e58-a53e-94e2bee772ad: 540 ms
Pi: 3.1410144,
Input: 5000000,
Cold Start: false
Unique ID: d4aebfaa-66cd-42a2-8b4d-7258fbfff2a4,
Billed Duration for Request d4aebfaa-66cd-42a2-8b4d-7258fbfff2a4: 545 ms
Pi: 3.1421344,
Input: 5000000,
Cold Start: false
Unique ID: 9af985e9-d7be-40df-b734-5bda5968fa8c,
Billed Duration for Request 9af985e9-d7be-40df-b734-5bda5968fa8c: 538 ms
Pi: 3.1400608,
Input: 5000000,
Cold Start: false
Unique ID: 887fc02e-c849-4558-9b07-d9c5574a361b,
Billed Duration for Request 887fc02e-c849-4558-9b07-d9c5574a361b: 539 ms
Pi: 3.1420048,
Input: 5000000,
Cold Start: false
Unique ID: 79ca029f-0e67-4b7c-967b-c7fa99d4f34a,
Billed Duration for Request 79ca029f-0e67-4b7c-967b-c7fa99d4f34a: 544 ms
Pi: 3.1417016,
Input: 5000000,
Cold Start: false
Unique ID: 0ea1fef7-38fb-4960-aea0-ab66a929456f,
Billed Duration for Request 0ea1fef7-38fb-4960-aea0-ab66a929456f: 540 ms
Pi: 3.1413576,
Input: 5000000,
Cold Start: false
Unique ID: 6821dc77-5073-4857-8f47-744cdf23bd61,
Billed Duration for Request 6821dc77-5073-4857-8f47-744cdf23bd61: 539 ms
Pi: 3.1421112,
Input: 5000000,
Cold Start: false
Unique ID: cb98655e-d24e-40e7-94d4-5886048ed0c6,
Billed Duration for Request cb98655e-d24e-40e7-94d4-5886048ed0c6: 546 ms
Pi: 3.1403648,
Input: 5000000,
Cold Start: false
Unique ID: f9e75dde-29f1-4852-8f2c-515764a7a554,
Billed Duration for Request f9e75dde-29f1-4852-8f2c-515764a7a554: 540 ms
Pi: 3.1414104,
Input: 5000000,
Cold Start: false
Unique ID: 93273acf-0ca7-4d24-a1e0-7070e50d4b48,
Billed Duration for Request 93273acf-0ca7-4d24-a1e0-7070e50d4b48: 540 ms
Pi: 3.1398432,
Input: 5000000,
Cold Start: false
Unique ID: e8cbad2c-172c-4c22-af1d-620b2a6bf697,
Billed Duration for Request e8cbad2c-172c-4c22-af1d-620b2a6bf697: 541 ms
Pi: 3.1425544,
Input: 5000000,
Cold Start: false
Unique ID: ae9dd579-0fed-4987-ab1f-f5f253ab913d,
Billed Duration for Request ae9dd579-0fed-4987-ab1f-f5f253ab913d: 526 ms
Pi: 3.1420144,
Input: 5000000,
Cold Start: false
Unique ID: d9a4c684-5407-4aef-9c13-d3db8b2d3abf,
Billed Duration for Request d9a4c684-5407-4aef-9c13-d3db8b2d3abf: 540 ms
Pi: 3.1418952,
Input: 5000000,
Cold Start: false
Unique ID: d9b2e63f-9735-4c57-bd86-04f5fadb6897,
Billed Duration for Request d9b2e63f-9735-4c57-bd86-04f5fadb6897: 548 ms
Pi: 3.1404208,
Input: 5000000,
Cold Start: false
Unique ID: 58b55f26-1cda-4ab2-ab6a-564bdbe68037,
Billed Duration for Request 58b55f26-1cda-4ab2-ab6a-564bdbe68037: 534 ms
Pi: 3.14112,
Input: 5000000,
Cold Start: false
Unique ID: d200e5b0-3ea2-4076-aed8-ce2dc9b017b2,
Billed Duration for Request d200e5b0-3ea2-4076-aed8-ce2dc9b017b2: 532 ms
Pi: 3.1416224,
Input: 5000000,
Cold Start: false
Unique ID: 967a3d09-f516-4dd9-bc20-c4f0e59aac54,
Billed Duration for Request 967a3d09-f516-4dd9-bc20-c4f0e59aac54: 545 ms
Pi: 3.1417344,
Input: 5000000,
Cold Start: false
Unique ID: 4eb6de55-a287-40f5-accf-fa7aa9c425cd,
Billed Duration for Request 4eb6de55-a287-40f5-accf-fa7aa9c425cd: 538 ms
Pi: 3.140932,
Input: 5000000,
Cold Start: false
Unique ID: f4c301b1-813a-4406-8839-c312deb8a838,
Billed Duration for Request f4c301b1-813a-4406-8839-c312deb8a838: 540 ms
Pi: 3.141428,
Input: 5000000,
Cold Start: false
Unique ID: ed7b2669-b358-4a88-a551-6305f54df2dd,
Billed Duration for Request ed7b2669-b358-4a88-a551-6305f54df2dd: 548 ms
Pi: 3.1413864,
Input: 5000000,
Cold Start: false
Unique ID: 9d89c074-77fe-4324-8bf3-6a681ff80fb1,
Billed Duration for Request 9d89c074-77fe-4324-8bf3-6a681ff80fb1: 539 ms
Pi: 3.1426,
Input: 5000000,
Cold Start: false
Unique ID: 1129af94-78b0-4443-8ff2-3edf0d5f7e58,
Billed Duration for Request 1129af94-78b0-4443-8ff2-3edf0d5f7e58: 542 ms
Pi: 3.141356,
Input: 5000000,
Cold Start: false
Unique ID: 1af2bc39-efe4-421e-8a60-6cd9f80eda89,
Billed Duration for Request 1af2bc39-efe4-421e-8a60-6cd9f80eda89: 533 ms
Pi: 3.1431072,
Input: 5000000,
Cold Start: false
Unique ID: 1632720e-b168-4306-a765-af9eb4962508,
Billed Duration for Request 1632720e-b168-4306-a765-af9eb4962508: 520 ms
Pi: 3.1417312,
Input: 5000000,
Cold Start: false
Unique ID: 241653b6-aef3-4023-9e11-c7979582d18e,
Billed Duration for Request 241653b6-aef3-4023-9e11-c7979582d18e: 544 ms
Pi: 3.1404272,
Input: 5000000,
Cold Start: false
Unique ID: 5d232709-784b-4ee1-8d97-77e7151324f3,
Billed Duration for Request 5d232709-784b-4ee1-8d97-77e7151324f3: 547 ms
Pi: 3.1404408,
Input: 5000000,
Cold Start: false
Unique ID: f29df67b-b904-457c-8c12-020207a8e764,
Billed Duration for Request f29df67b-b904-457c-8c12-020207a8e764: 518 ms
Pi: 3.1413032,
Input: 5000000,
Cold Start: false
Unique ID: 39293714-d9f4-4545-8f4e-e78cc29340cd,
Billed Duration for Request 39293714-d9f4-4545-8f4e-e78cc29340cd: 539 ms
Pi: 3.142348,
Input: 5000000,
Cold Start: false
Unique ID: a4d83369-0e62-47aa-8430-6c7d2df8494a,
Billed Duration for Request a4d83369-0e62-47aa-8430-6c7d2df8494a: 546 ms
Pi: 3.141276,
Input: 5000000,
Cold Start: false
Unique ID: 8aa1e985-24be-4cd2-9dbf-0fa2184f0b2a,
Billed Duration for Request 8aa1e985-24be-4cd2-9dbf-0fa2184f0b2a: 536 ms
Pi: 3.1407008,
Input: 5000000,
Cold Start: false
Unique ID: b67e3bc8-4812-4a4d-93c6-384d836c0132,
Billed Duration for Request b67e3bc8-4812-4a4d-93c6-384d836c0132: 544 ms
Pi: 3.1417248,
Input: 5000000,
Cold Start: false
Unique ID: ee7a55da-686e-4e20-81de-5fb3f517cdc2,
Billed Duration for Request ee7a55da-686e-4e20-81de-5fb3f517cdc2: 546 ms
Pi: 3.1393584,
Input: 5000000,
Cold Start: false
Unique ID: d0c8ad31-5ef5-4fcf-bcdd-ffdd769d294f,
Billed Duration for Request d0c8ad31-5ef5-4fcf-bcdd-ffdd769d294f: 523 ms
Pi: 3.1419248,
Input: 5000000,
Cold Start: false
Unique ID: 551f8fe6-dcf0-442c-86ec-b23ccb104498,
Billed Duration for Request 551f8fe6-dcf0-442c-86ec-b23ccb104498: 540 ms
Pi: 3.142276,
Input: 5000000,
Cold Start: false
Unique ID: 2e724650-dea8-4b37-bd54-a9b1c3456135,
Billed Duration for Request 2e724650-dea8-4b37-bd54-a9b1c3456135: 548 ms
Pi: 3.1410368,
Input: 5000000,
Cold Start: false
Unique ID: 8e577514-768b-4b36-842d-7307e4b09c28,
Billed Duration for Request 8e577514-768b-4b36-842d-7307e4b09c28: 536 ms
Pi: 3.1419936,
Input: 5000000,
Cold Start: false
Unique ID: 10b4bc7f-772d-451c-af58-e7b23cf4ccc9,
Billed Duration for Request 10b4bc7f-772d-451c-af58-e7b23cf4ccc9: 541 ms
Pi: 3.1409592,
Input: 5000000,
Cold Start: false
Unique ID: 8820651e-7080-4a0d-8229-0a8f3ad4a802,
Billed Duration for Request 8820651e-7080-4a0d-8229-0a8f3ad4a802: 545 ms
Pi: 3.1407784,
Input: 5000000,
Cold Start: false
Unique ID: 5d52aff4-061e-4386-8f06-d7d686afe4ba,
Billed Duration for Request 5d52aff4-061e-4386-8f06-d7d686afe4ba: 540 ms
Pi: 3.1419656,
Input: 5000000,
Cold Start: false
Unique ID: 39e60b29-09f9-447b-9c9d-d21a398a965c,
Billed Duration for Request 39e60b29-09f9-447b-9c9d-d21a398a965c: 541 ms
Pi: 3.1400584,
Input: 5000000,
Cold Start: false
Unique ID: f1e3f789-f6b2-4840-a3aa-44b5f552f934,
Billed Duration for Request f1e3f789-f6b2-4840-a3aa-44b5f552f934: 546 ms
Pi: 3.1435488,
Input: 5000000,
Cold Start: false
Unique ID: 42837155-4366-4691-bcfe-64ee0266bc24,
Billed Duration for Request 42837155-4366-4691-bcfe-64ee0266bc24: 538 ms
Pi: 3.1425456,
Input: 5000000,
Cold Start: false
Unique ID: 55d6dab6-1b9d-460d-bb20-acdc34b7e8ef,
Billed Duration for Request 55d6dab6-1b9d-460d-bb20-acdc34b7e8ef: 542 ms
Pi: 3.139636,
Input: 5000000,
Cold Start: false
Unique ID: 1d7ecc05-4c26-4c01-a0ca-0210626fb9a2,
Billed Duration for Request 1d7ecc05-4c26-4c01-a0ca-0210626fb9a2: 547 ms
Pi: 3.142908,
Input: 5000000,
Cold Start: false
Unique ID: a0968243-8284-4853-84db-1bf0a07f772e,
Billed Duration for Request a0968243-8284-4853-84db-1bf0a07f772e: 541 ms
Pi: 3.1413,
Input: 5000000,
Cold Start: false
Unique ID: 275714f9-bf69-4988-b353-2a152c235ef8,
Billed Duration for Request 275714f9-bf69-4988-b353-2a152c235ef8: 540 ms
Pi: 3.1423248,
Input: 5000000,
Cold Start: false
Unique ID: 96cdbfc9-f42f-48c7-8de4-1d29f03cac6c,
Billed Duration for Request 96cdbfc9-f42f-48c7-8de4-1d29f03cac6c: 545 ms
Pi: 3.1420784,
Input: 5000000,
Cold Start: false
Unique ID: 196a95d1-1de1-4698-8d5a-dafb61728b71,
Billed Duration for Request 196a95d1-1de1-4698-8d5a-dafb61728b71: 559 ms
Pi: 3.1416608,
Input: 5000000,
Cold Start: false
Unique ID: 193fdf7f-ab81-428a-8943-91781f3e40ea,
Billed Duration for Request 193fdf7f-ab81-428a-8943-91781f3e40ea: 528 ms
Pi: 3.1410144,
Input: 5000000,
Cold Start: false
Unique ID: 8369a27c-bcc1-4c9a-ab5f-ed9fe6707c16,
Billed Duration for Request 8369a27c-bcc1-4c9a-ab5f-ed9fe6707c16: 546 ms
Pi: 3.1411688,
Input: 5000000,
Cold Start: false
Unique ID: 77a5f10b-1ee5-4a31-9710-8541e324cd24,
Billed Duration for Request 77a5f10b-1ee5-4a31-9710-8541e324cd24: 538 ms
Pi: 3.1418952,
Input: 5000000,
Cold Start: false
Unique ID: 2602ff2d-1a35-4fca-bf51-f15b581954bb,
Billed Duration for Request 2602ff2d-1a35-4fca-bf51-f15b581954bb: 536 ms
Pi: 3.1436056,
Input: 5000000,
Cold Start: false
