Unique ID: 380a4318-f3be-420c-a0fe-db73bfe8fa2f,
Billed Duration for Request 380a4318-f3be-420c-a0fe-db73bfe8fa2f: 598 ms
Pi: 3.1404918260869565,
Input: 5750000,
Cold Start: false
Unique ID: 6df1af68-ad3d-401c-8fb3-292facf0076d,
Billed Duration for Request 6df1af68-ad3d-401c-8fb3-292facf0076d: 632 ms
Pi: 3.143303652173913,
Input: 5750000,
Cold Start: false
Unique ID: 443b53ed-0f75-4917-b353-8ce7c7af62aa,
Billed Duration for Request 443b53ed-0f75-4917-b353-8ce7c7af62aa: 595 ms
Pi: 3.1416125217391304,
Input: 5750000,
Cold Start: false
Unique ID: 587016ec-2419-492e-8694-824ca9c92c2d,
Billed Duration for Request 587016ec-2419-492e-8694-824ca9c92c2d: 632 ms
Pi: 3.1419248695652175,
Input: 5750000,
Cold Start: false
Unique ID: a80df6d1-c024-4e9d-bf04-6b433ba7be5b,
Billed Duration for Request a80df6d1-c024-4e9d-bf04-6b433ba7be5b: 583 ms
Pi: 3.1427492173913043,
Input: 5750000,
Cold Start: false
Unique ID: 09ca7fcb-ab30-4eed-8a77-abea9457314b,
Billed Duration for Request 09ca7fcb-ab30-4eed-8a77-abea9457314b: 575 ms
Pi: 3.1409565217391306,
Input: 5750000,
Cold Start: false
Unique ID: 4d82527d-a1e9-41c5-85ef-9279420a94ce,
Billed Duration for Request 4d82527d-a1e9-41c5-85ef-9279420a94ce: 617 ms
Pi: 3.141631304347826,
Input: 5750000,
Cold Start: false
Unique ID: 39c4133d-9534-4e00-b200-d1f7aa8a6825,
Billed Duration for Request 39c4133d-9534-4e00-b200-d1f7aa8a6825: 579 ms
Pi: 3.1422045217391306,
Input: 5750000,
Cold Start: false
Unique ID: e8ad34c5-9da4-4992-bc8e-e7de772f10f1,
Billed Duration for Request e8ad34c5-9da4-4992-bc8e-e7de772f10f1: 591 ms
Pi: 3.1416048695652172,
Input: 5750000,
Cold Start: false
Unique ID: 02729c66-ef36-47b0-be9d-2195fc3973db,
Billed Duration for Request 02729c66-ef36-47b0-be9d-2195fc3973db: 625 ms
Pi: 3.1417015652173914,
Input: 5750000,
Cold Start: false
Unique ID: a55e7ff6-7446-44d9-a980-52ffbff0ae49,
Billed Duration for Request a55e7ff6-7446-44d9-a980-52ffbff0ae49: 619 ms
Pi: 3.1411513043478263,
Input: 5750000,
Cold Start: false
Unique ID: e70a0cd1-dddd-41ff-89ed-52b3ec4c7713,
Billed Duration for Request e70a0cd1-dddd-41ff-89ed-52b3ec4c7713: 575 ms
Pi: 3.1417558260869565,
Input: 5750000,
Cold Start: false
Unique ID: 698f227c-c938-4ffd-99ce-02f893b70cc5,
Billed Duration for Request 698f227c-c938-4ffd-99ce-02f893b70cc5: 581 ms
Pi: 3.142325565217391,
Input: 5750000,
Cold Start: false
Unique ID: 8ebe073d-d1e0-4b1c-907f-c2d89d330405,
Billed Duration for Request 8ebe073d-d1e0-4b1c-907f-c2d89d330405: 614 ms
Pi: 3.1409829565217393,
Input: 5750000,
Cold Start: false
Unique ID: 04ca7404-50bd-4eb7-a8c5-a091e29a1b88,
Billed Duration for Request 04ca7404-50bd-4eb7-a8c5-a091e29a1b88: 574 ms
Pi: 3.1406998260869563,
Input: 5750000,
Cold Start: false
Unique ID: f7fa3c78-a339-45bc-a07b-6cf4909a37cd,
Billed Duration for Request f7fa3c78-a339-45bc-a07b-6cf4909a37cd: 613 ms
Pi: 3.142768695652174,
Input: 5750000,
Cold Start: false
Unique ID: d103e882-da4b-47de-ad6d-c841f85025aa,
Billed Duration for Request d103e882-da4b-47de-ad6d-c841f85025aa: 561 ms
Pi: 3.1410045217391303,
Input: 5750000,
Cold Start: false
Unique ID: df4eda6c-edd0-48b2-8b12-ee6346185a9f,
Billed Duration for Request df4eda6c-edd0-48b2-8b12-ee6346185a9f: 574 ms
Pi: 3.1416083478260868,
Input: 5750000,
Cold Start: false
Unique ID: 51ee2059-cbed-4be4-a4e0-f4775563775d,
Billed Duration for Request 51ee2059-cbed-4be4-a4e0-f4775563775d: 628 ms
Pi: 3.1422246956521738,
Input: 5750000,
Cold Start: false
Unique ID: 713db2f4-6edd-4d0c-8388-731a193aa284,
Billed Duration for Request 713db2f4-6edd-4d0c-8388-731a193aa284: 563 ms
Pi: 3.142262260869565,
Input: 5750000,
Cold Start: false
Unique ID: 484a35dc-f637-4aed-98cd-6933e2804045,
Billed Duration for Request 484a35dc-f637-4aed-98cd-6933e2804045: 591 ms
Pi: 3.1414900869565217,
Input: 5750000,
Cold Start: false
Unique ID: 48927c0d-fe35-4627-9cee-1c850158d289,
Billed Duration for Request 48927c0d-fe35-4627-9cee-1c850158d289: 596 ms
Pi: 3.1416987826086955,
Input: 5750000,
Cold Start: false
Unique ID: 0c0e5ee2-43bd-4a41-b945-479c2adc70d1,
Billed Duration for Request 0c0e5ee2-43bd-4a41-b945-479c2adc70d1: 564 ms
Pi: 3.14112,
Input: 5750000,
Cold Start: false
Unique ID: 0375d2a4-ac21-476b-85f7-4a23b5ffcc86,
Billed Duration for Request 0375d2a4-ac21-476b-85f7-4a23b5ffcc86: 613 ms
Pi: 3.1417175652173914,
Input: 5750000,
Cold Start: false
Unique ID: adf83e1d-e08c-4c03-93a6-69184169db88,
Billed Duration for Request adf83e1d-e08c-4c03-93a6-69184169db88: 575 ms
Pi: 3.141730086956522,
Input: 5750000,
Cold Start: false
Unique ID: ce482e9f-1ec4-4b3a-98fa-1efd39d9a40b,
Billed Duration for Request ce482e9f-1ec4-4b3a-98fa-1efd39d9a40b: 562 ms
Pi: 3.141640347826087,
Input: 5750000,
Cold Start: false
Unique ID: 81a99582-5348-41dd-bcfc-5502a93cff5d,
Billed Duration for Request 81a99582-5348-41dd-bcfc-5502a93cff5d: 602 ms
Pi: 3.142105043478261,
Input: 5750000,
Cold Start: false
Unique ID: 25e7addf-3884-4f18-b2a5-f4a8db7d95b0,
Billed Duration for Request 25e7addf-3884-4f18-b2a5-f4a8db7d95b0: 576 ms
Pi: 3.1421481739130437,
Input: 5750000,
Cold Start: false
Unique ID: 3af0c48a-de47-4545-a321-74eba87a0dd0,
Billed Duration for Request 3af0c48a-de47-4545-a321-74eba87a0dd0: 561 ms
Pi: 3.141503304347826,
Input: 5750000,
Cold Start: false
Unique ID: abd4e2a0-8521-4312-a818-538cff613be8,
Billed Duration for Request abd4e2a0-8521-4312-a818-538cff613be8: 598 ms
Pi: 3.142309565217391,
Input: 5750000,
Cold Start: false
Unique ID: 3a30dac4-0ddb-44c2-8b06-cb6ea0c9db39,
Billed Duration for Request 3a30dac4-0ddb-44c2-8b06-cb6ea0c9db39: 569 ms
Pi: 3.141248695652174,
Input: 5750000,
Cold Start: false
Unique ID: 48a89c77-a7cf-4388-8676-3f34fda455e3,
Billed Duration for Request 48a89c77-a7cf-4388-8676-3f34fda455e3: 562 ms
Pi: 3.1412674782608696,
Input: 5750000,
Cold Start: false
Unique ID: f1912f8a-6f34-494f-b203-650bb1920855,
Billed Duration for Request f1912f8a-6f34-494f-b203-650bb1920855: 613 ms
Pi: 3.1425245217391304,
Input: 5750000,
Cold Start: false
Unique ID: 83172592-3697-4d5f-b5df-9a9da1c37a8f,
Billed Duration for Request 83172592-3697-4d5f-b5df-9a9da1c37a8f: 575 ms
Pi: 3.1414351304347825,
Input: 5750000,
Cold Start: false
Unique ID: ec332da2-0f4a-4c8a-95cb-32e2f0510389,
Billed Duration for Request ec332da2-0f4a-4c8a-95cb-32e2f0510389: 560 ms
Pi: 3.1416493913043477,
Input: 5750000,
Cold Start: false
Unique ID: 2f4dd86c-f41e-4918-a347-0a1fc353a816,
Billed Duration for Request 2f4dd86c-f41e-4918-a347-0a1fc353a816: 626 ms
Pi: 3.1422768695652175,
Input: 5750000,
Cold Start: false
Unique ID: 789f7cff-998b-44a7-bd66-170b8d7eac50,
Billed Duration for Request 789f7cff-998b-44a7-bd66-170b8d7eac50: 601 ms
Pi: 3.1421926956521737,
Input: 5750000,
Cold Start: false
Unique ID: d3a8d42b-940e-4c73-86dc-bee83b9d1a05,
Billed Duration for Request d3a8d42b-940e-4c73-86dc-bee83b9d1a05: 551 ms
Pi: 3.141808695652174,
Input: 5750000,
Cold Start: false
Unique ID: 420b17d1-c5e5-4de2-83a6-d25af801a65a,
Billed Duration for Request 420b17d1-c5e5-4de2-83a6-d25af801a65a: 580 ms
Pi: 3.141040695652174,
Input: 5750000,
Cold Start: false
Unique ID: 7c190cfb-a6de-4ddc-8a30-3a76edbdb733,
Billed Duration for Request 7c190cfb-a6de-4ddc-8a30-3a76edbdb733: 612 ms
Pi: 3.142398608695652,
Input: 5750000,
Cold Start: false
Unique ID: 65f4aa03-3a8a-4af4-a5ca-b5bea4c70847,
Billed Duration for Request 65f4aa03-3a8a-4af4-a5ca-b5bea4c70847: 560 ms
Pi: 3.1406775652173913,
Input: 5750000,
Cold Start: false
Unique ID: e40ff054-e960-4a7c-8142-eb9359864450,
Billed Duration for Request e40ff054-e960-4a7c-8142-eb9359864450: 578 ms
Pi: 3.141937391304348,
Input: 5750000,
Cold Start: false
Unique ID: 815e5d01-569f-4612-b294-6d1670477623,
Billed Duration for Request 815e5d01-569f-4612-b294-6d1670477623: 624 ms
Pi: 3.1398845217391305,
Input: 5750000,
Cold Start: false
Unique ID: 1bfb17d8-b4db-430f-a064-b1fb610cd75f,
Billed Duration for Request 1bfb17d8-b4db-430f-a064-b1fb610cd75f: 561 ms
Pi: 3.1408194782608696,
Input: 5750000,
Cold Start: false
Unique ID: 68514e0c-0542-44cd-af73-404240e522ae,
Billed Duration for Request 68514e0c-0542-44cd-af73-404240e522ae: 587 ms
Pi: 3.1411464347826086,
Input: 5750000,
Cold Start: false
Unique ID: 41836c04-55b9-4682-b551-cc72ec15d90b,
Billed Duration for Request 41836c04-55b9-4682-b551-cc72ec15d90b: 601 ms
Pi: 3.1413641739130433,
Input: 5750000,
Cold Start: false
Unique ID: cccac67b-35d4-4f12-b147-2d600f73f79a,
Billed Duration for Request cccac67b-35d4-4f12-b147-2d600f73f79a: 547 ms
Pi: 3.1416514782608695,
Input: 5750000,
Cold Start: false
Unique ID: ea752d87-c0de-4105-bc94-366e69c96dcb,
Billed Duration for Request ea752d87-c0de-4105-bc94-366e69c96dcb: 583 ms
Pi: 3.142646260869565,
Input: 5750000,
Cold Start: false
Unique ID: 63ded1af-667c-4db8-ad70-e4475006ddfe,
Billed Duration for Request 63ded1af-667c-4db8-ad70-e4475006ddfe: 613 ms
Pi: 3.1409572173913043,
Input: 5750000,
Cold Start: false
Unique ID: bcc30e47-0c24-46da-a176-f9766bb67ece,
Billed Duration for Request bcc30e47-0c24-46da-a176-f9766bb67ece: 553 ms
Pi: 3.141863652173913,
Input: 5750000,
Cold Start: false
Unique ID: a24c1779-8e2e-49e2-b7e4-0db117c4aee1,
Billed Duration for Request a24c1779-8e2e-49e2-b7e4-0db117c4aee1: 588 ms
Pi: 3.141561739130435,
Input: 5750000,
Cold Start: false
Unique ID: f89a18aa-5b23-4ca8-a7f5-db94f72f0719,
Billed Duration for Request f89a18aa-5b23-4ca8-a7f5-db94f72f0719: 594 ms
Pi: 3.1407346086956522,
Input: 5750000,
Cold Start: false
Unique ID: 52f0c388-9922-47e5-83b2-337aab255379,
Billed Duration for Request 52f0c388-9922-47e5-83b2-337aab255379: 564 ms
Pi: 3.1418852173913043,
Input: 5750000,
Cold Start: false
Unique ID: e094b608-faba-405d-a6cf-2a77f5b79461,
Billed Duration for Request e094b608-faba-405d-a6cf-2a77f5b79461: 587 ms
Pi: 3.142054956521739,
Input: 5750000,
Cold Start: false
Unique ID: 8e816335-ef34-4f8c-a6d5-a4f54a9d60d8,
Billed Duration for Request 8e816335-ef34-4f8c-a6d5-a4f54a9d60d8: 597 ms
Pi: 3.140623304347826,
Input: 5750000,
Cold Start: false
Unique ID: dabe7f41-cf86-4ff4-aac6-d2c04918a22b,
Billed Duration for Request dabe7f41-cf86-4ff4-aac6-d2c04918a22b: 564 ms
Pi: 3.142946782608696,
Input: 5750000,
Cold Start: false
Unique ID: e80eeae2-c9bf-4a8c-9298-4493b92e48f0,
Billed Duration for Request e80eeae2-c9bf-4a8c-9298-4493b92e48f0: 574 ms
Pi: 3.141609739130435,
Input: 5750000,
Cold Start: false
Unique ID: 28df0fc6-0fda-47fd-a794-9a8a37eaf8c1,
Billed Duration for Request 28df0fc6-0fda-47fd-a794-9a8a37eaf8c1: 613 ms
Pi: 3.141297391304348,
Input: 5750000,
Cold Start: false
Unique ID: c1ecc5ae-9ec6-420c-9d8c-87a90a611732,
Billed Duration for Request c1ecc5ae-9ec6-420c-9d8c-87a90a611732: 561 ms
Pi: 3.1419172173913044,
Input: 5750000,
Cold Start: false
Unique ID: 8fc3c355-733a-4ca8-8346-6d23c6c709dc,
Billed Duration for Request 8fc3c355-733a-4ca8-8346-6d23c6c709dc: 573 ms
Pi: 3.140609391304348,
Input: 5750000,
Cold Start: false
Unique ID: 27a33050-5a58-422d-b31a-cf933638dca1,
Billed Duration for Request 27a33050-5a58-422d-b31a-cf933638dca1: 589 ms
Pi: 3.1426226086956524,
Input: 5750000,
Cold Start: false
Unique ID: 7edea137-64ba-4e46-b848-7ad73a2786e0,
Billed Duration for Request 7edea137-64ba-4e46-b848-7ad73a2786e0: 548 ms
Pi: 3.140233739130435,
Input: 5750000,
Cold Start: false
Unique ID: d13f9c5d-3184-46b2-a2f7-78e8dc3ab541,
Billed Duration for Request d13f9c5d-3184-46b2-a2f7-78e8dc3ab541: 553 ms
Pi: 3.141335652173913,
Input: 5750000,
Cold Start: false
Unique ID: 968c4e43-3f5e-4762-9afb-791f84973b5d,
Billed Duration for Request 968c4e43-3f5e-4762-9afb-791f84973b5d: 621 ms
Pi: 3.1412187826086955,
Input: 5750000,
Cold Start: false
Unique ID: 694286e6-8536-49d4-82dd-84e55f37b43f,
Billed Duration for Request 694286e6-8536-49d4-82dd-84e55f37b43f: 557 ms
Pi: 3.1412173913043477,
Input: 5750000,
Cold Start: false
Unique ID: ccb9037e-ebcf-450c-8497-51c7860da466,
Billed Duration for Request ccb9037e-ebcf-450c-8497-51c7860da466: 554 ms
Pi: 3.1410991304347826,
Input: 5750000,
Cold Start: false
Unique ID: 7f35e405-ef0d-478b-8145-e071f85d8c79,
Billed Duration for Request 7f35e405-ef0d-478b-8145-e071f85d8c79: 595 ms
Pi: 3.1422852173913043,
Input: 5750000,
Cold Start: false
Unique ID: 944e0e3a-a9cc-41a0-9ad5-b3247fd3834c,
Billed Duration for Request 944e0e3a-a9cc-41a0-9ad5-b3247fd3834c: 560 ms
Pi: 3.141663304347826,
Input: 5750000,
Cold Start: false
Unique ID: 048e2c15-fe8b-4a12-8d03-e6faf077497f,
Billed Duration for Request 048e2c15-fe8b-4a12-8d03-e6faf077497f: 554 ms
Pi: 3.141257043478261,
Input: 5750000,
Cold Start: false
Unique ID: 20241942-921e-443c-bf58-3f22b87d45f0,
Billed Duration for Request 20241942-921e-443c-bf58-3f22b87d45f0: 613 ms
Pi: 3.141736347826087,
Input: 5750000,
Cold Start: false
Unique ID: 1e2e8ee7-1420-4d55-a1c8-15daa2f8309e,
Billed Duration for Request 1e2e8ee7-1420-4d55-a1c8-15daa2f8309e: 567 ms
Pi: 3.140912,
Input: 5750000,
Cold Start: false
Unique ID: 1347007e-7eee-4049-95de-badf4606c1ba,
Billed Duration for Request 1347007e-7eee-4049-95de-badf4606c1ba: 554 ms
Pi: 3.1417405217391305,
Input: 5750000,
Cold Start: false
Unique ID: a30c8621-7e56-4bf6-b3f7-aa9c61600b82,
Billed Duration for Request a30c8621-7e56-4bf6-b3f7-aa9c61600b82: 597 ms
Pi: 3.141304347826087,
Input: 5750000,
Cold Start: false
Unique ID: be403d71-0a53-46ed-858e-cbc19937e2f0,
Billed Duration for Request be403d71-0a53-46ed-858e-cbc19937e2f0: 611 ms
Pi: 3.1410281739130435,
Input: 5750000,
Cold Start: false
Unique ID: 428a0c45-c333-4015-90be-438e77b7235b,
Billed Duration for Request 428a0c45-c333-4015-90be-438e77b7235b: 559 ms
Pi: 3.141815652173913,
Input: 5750000,
Cold Start: false
Unique ID: 5b82cf4f-516e-4616-b6aa-0ba592292339,
Billed Duration for Request 5b82cf4f-516e-4616-b6aa-0ba592292339: 546 ms
Pi: 3.1427867826086957,
Input: 5750000,
Cold Start: false
Unique ID: d4ddeed2-68f6-4994-95ca-4b6b36e09576,
Billed Duration for Request d4ddeed2-68f6-4994-95ca-4b6b36e09576: 596 ms
Pi: 3.141309217391304,
Input: 5750000,
Cold Start: false
Unique ID: 1bf7ae80-6bec-43a0-bca5-8798a1957fd7,
Billed Duration for Request 1bf7ae80-6bec-43a0-bca5-8798a1957fd7: 559 ms
Pi: 3.1415652173913045,
Input: 5750000,
Cold Start: false
Unique ID: aa7abbc9-f81f-4a33-b1b4-63d3f9bf7fae,
Billed Duration for Request aa7abbc9-f81f-4a33-b1b4-63d3f9bf7fae: 559 ms
Pi: 3.1413467826086956,
Input: 5750000,
Cold Start: false
Unique ID: 7f6cacea-5c2c-46d9-a8ef-b169173e25a5,
Billed Duration for Request 7f6cacea-5c2c-46d9-a8ef-b169173e25a5: 614 ms
Pi: 3.1411652173913045,
Input: 5750000,
Cold Start: false
Unique ID: 8380e76e-80d4-42bd-9fc9-d860fb0de743,
Billed Duration for Request 8380e76e-80d4-42bd-9fc9-d860fb0de743: 556 ms
Pi: 3.141707130434783,
Input: 5750000,
Cold Start: false
Unique ID: 9893cefb-e301-41b3-9df4-b1b1bd4af59b,
Billed Duration for Request 9893cefb-e301-41b3-9df4-b1b1bd4af59b: 561 ms
Pi: 3.1411485217391304,
Input: 5750000,
Cold Start: false
Unique ID: c58ffd04-c28f-49a8-9ae7-dbafe107237a,
Billed Duration for Request c58ffd04-c28f-49a8-9ae7-dbafe107237a: 623 ms
Pi: 3.1417606956521738,
Input: 5750000,
Cold Start: false
Unique ID: c3b08c98-bc79-48b3-8f6f-a0875a1e03f5,
Billed Duration for Request c3b08c98-bc79-48b3-8f6f-a0875a1e03f5: 552 ms
Pi: 3.1426107826086955,
Input: 5750000,
Cold Start: false
Unique ID: 1fc1c4a8-1ea4-459f-8d43-a45464c80678,
Billed Duration for Request 1fc1c4a8-1ea4-459f-8d43-a45464c80678: 556 ms
Pi: 3.1418434782608697,
Input: 5750000,
Cold Start: false
Unique ID: 198efe80-5d8f-426f-8a2b-a5fc9738bc32,
Billed Duration for Request 198efe80-5d8f-426f-8a2b-a5fc9738bc32: 598 ms
Pi: 3.1432111304347825,
Input: 5750000,
Cold Start: false
Unique ID: bc453980-159c-485f-bcef-26f69839e8e5,
Billed Duration for Request bc453980-159c-485f-bcef-26f69839e8e5: 575 ms
Pi: 3.141097739130435,
Input: 5750000,
Cold Start: false
Unique ID: 847cedb6-e7ea-4c49-9f84-92a242e3a382,
Billed Duration for Request 847cedb6-e7ea-4c49-9f84-92a242e3a382: 548 ms
Pi: 3.1421641739130433,
Input: 5750000,
Cold Start: false
Unique ID: 1deecb66-6ac1-4aa3-9f08-0d9daee23070,
Billed Duration for Request 1deecb66-6ac1-4aa3-9f08-0d9daee23070: 611 ms
Pi: 3.142505739130435,
Input: 5750000,
Cold Start: false
Unique ID: 5a0d00e8-1073-4847-b32d-0a79df4b6c02,
Billed Duration for Request 5a0d00e8-1073-4847-b32d-0a79df4b6c02: 554 ms
Pi: 3.1423930434782608,
Input: 5750000,
Cold Start: false
Unique ID: 3d1c22d3-440d-43c6-8027-435f8b6c6b0e,
Billed Duration for Request 3d1c22d3-440d-43c6-8027-435f8b6c6b0e: 561 ms
Pi: 3.142973913043478,
Input: 5750000,
Cold Start: false
Unique ID: 028f3a52-1790-4516-a85b-9d8235a035a1,
Billed Duration for Request 028f3a52-1790-4516-a85b-9d8235a035a1: 600 ms
Pi: 3.1425384347826086,
Input: 5750000,
Cold Start: false
Unique ID: a907a883-d0cc-48c5-bf1a-71d879a93099,
Billed Duration for Request a907a883-d0cc-48c5-bf1a-71d879a93099: 559 ms
Pi: 3.1423958260869567,
Input: 5750000,
Cold Start: false
Unique ID: 13f97490-8da0-4dfe-b348-97a81aa93935,
Billed Duration for Request 13f97490-8da0-4dfe-b348-97a81aa93935: 564 ms
Pi: 3.1424194782608694,
Input: 5750000,
Cold Start: false
Unique ID: f6e41da8-c3cb-48f0-848e-6338c539a29c,
Billed Duration for Request f6e41da8-c3cb-48f0-848e-6338c539a29c: 599 ms
Pi: 3.141800347826087,
Input: 5750000,
Cold Start: false
Unique ID: 580d4502-dcf4-49e1-869d-6a3169aa2e05,
Billed Duration for Request 580d4502-dcf4-49e1-869d-6a3169aa2e05: 553 ms
Pi: 3.1411220869565217,
Input: 5750000,
Cold Start: false
Unique ID: 690eb3e8-57f5-45f8-899b-7623bda75cc8,
Billed Duration for Request 690eb3e8-57f5-45f8-899b-7623bda75cc8: 565 ms
Pi: 3.142256695652174,
Input: 5750000,
Cold Start: false
Unique ID: 8c51b368-74bb-4a04-bbd2-a7fefd176fe6,
Billed Duration for Request 8c51b368-74bb-4a04-bbd2-a7fefd176fe6: 627 ms
Pi: 3.1417328695652174,
Input: 5750000,
Cold Start: false
Unique ID: b22e140c-977e-46b0-ab00-6d7b323fa798,
Billed Duration for Request b22e140c-977e-46b0-ab00-6d7b323fa798: 557 ms
Pi: 3.1417001739130437,
Input: 5750000,
Cold Start: false
Unique ID: 3b019e3e-91a8-4180-94a2-7ff4b4a30ee5,
Billed Duration for Request 3b019e3e-91a8-4180-94a2-7ff4b4a30ee5: 562 ms
Pi: 3.1417419130434783,
Input: 5750000,
Cold Start: false
Unique ID: bb38223b-f024-4d20-8fab-91ebc87bed7d,
Billed Duration for Request bb38223b-f024-4d20-8fab-91ebc87bed7d: 595 ms
Pi: 3.141655652173913,
Input: 5750000,
Cold Start: false
Unique ID: ccdde3d7-8784-4a8c-a5ad-cabf54d1c88f,
Billed Duration for Request ccdde3d7-8784-4a8c-a5ad-cabf54d1c88f: 554 ms
Pi: 3.1424493913043476,
Input: 5750000,
Cold Start: false
Unique ID: 5edcbefc-9f23-4bf6-8925-3d818089c867,
Billed Duration for Request 5edcbefc-9f23-4bf6-8925-3d818089c867: 564 ms
Pi: 3.140497391304348,
Input: 5750000,
Cold Start: false
Unique ID: cf53a733-311f-4156-bf15-90fe98d89b12,
Billed Duration for Request cf53a733-311f-4156-bf15-90fe98d89b12: 612 ms
Pi: 3.140600347826087,
Input: 5750000,
Cold Start: false
Unique ID: e3659c85-e69b-4ced-bc10-df96d9bf9b9a,
Billed Duration for Request e3659c85-e69b-4ced-bc10-df96d9bf9b9a: 555 ms
Pi: 3.1419248695652175,
Input: 5750000,
Cold Start: false
Unique ID: c8d1862d-18ff-4d58-8720-ebe3f097daba,
Billed Duration for Request c8d1862d-18ff-4d58-8720-ebe3f097daba: 556 ms
Pi: 3.1415227826086958,
Input: 5750000,
Cold Start: false
Unique ID: bf58279f-4d89-4ae2-ae48-1d4cc20f8edf,
Billed Duration for Request bf58279f-4d89-4ae2-ae48-1d4cc20f8edf: 603 ms
Pi: 3.14168,
Input: 5750000,
Cold Start: false
Unique ID: 44063d7c-5e91-4643-9b86-f06e59da7b68,
Billed Duration for Request 44063d7c-5e91-4643-9b86-f06e59da7b68: 554 ms
Pi: 3.1425926956521737,
Input: 5750000,
Cold Start: false
Unique ID: 3b0001f6-4213-43c2-bb94-f3d8584fe482,
Billed Duration for Request 3b0001f6-4213-43c2-bb94-f3d8584fe482: 564 ms
Pi: 3.140464,
Input: 5750000,
Cold Start: false
Unique ID: 05918a3a-0f6c-4768-aaa8-9acd5b375a22,
Billed Duration for Request 05918a3a-0f6c-4768-aaa8-9acd5b375a22: 613 ms
Pi: 3.1410935652173912,
Input: 5750000,
Cold Start: false
Unique ID: 6ddeb463-c2f5-4b16-b217-b16c4488c323,
Billed Duration for Request 6ddeb463-c2f5-4b16-b217-b16c4488c323: 558 ms
Pi: 3.1405739130434784,
Input: 5750000,
Cold Start: false
Unique ID: 5408c99a-22b9-439e-9d58-ca43a7ce7e63,
Billed Duration for Request 5408c99a-22b9-439e-9d58-ca43a7ce7e63: 563 ms
Pi: 3.141072,
Input: 5750000,
Cold Start: false
Unique ID: ae447f55-bce8-4d8c-a6e2-99ee09a0512d,
Billed Duration for Request ae447f55-bce8-4d8c-a6e2-99ee09a0512d: 630 ms
Pi: 3.1412827826086955,
Input: 5750000,
Cold Start: false
Unique ID: 1a81f7fb-194a-40ad-a4a0-171f0ef2c34b,
Billed Duration for Request 1a81f7fb-194a-40ad-a4a0-171f0ef2c34b: 557 ms
Pi: 3.1420292173913045,
Input: 5750000,
Cold Start: false
Unique ID: 2bb16902-c73a-4c3f-9019-67559b57cbe4,
Billed Duration for Request 2bb16902-c73a-4c3f-9019-67559b57cbe4: 559 ms
Pi: 3.1403318260869564,
Input: 5750000,
Cold Start: false
Unique ID: f2073555-7ab6-4707-af4f-6249a8350912,
Billed Duration for Request f2073555-7ab6-4707-af4f-6249a8350912: 594 ms
Pi: 3.141122782608696,
Input: 5750000,
Cold Start: false
Unique ID: 17748dad-a320-49b5-8fa0-639ccc67727a,
Billed Duration for Request 17748dad-a320-49b5-8fa0-639ccc67727a: 556 ms
Pi: 3.142063304347826,
Input: 5750000,
Cold Start: false
Unique ID: c051de9d-02f0-4eb6-b990-35dd0f9bb3be,
Billed Duration for Request c051de9d-02f0-4eb6-b990-35dd0f9bb3be: 557 ms
Pi: 3.141081739130435,
Input: 5750000,
Cold Start: false
Unique ID: 196b235f-6f90-46b0-a3f5-4f2f0caebecb,
Billed Duration for Request 196b235f-6f90-46b0-a3f5-4f2f0caebecb: 596 ms
Pi: 3.1415144347826085,
Input: 5750000,
Cold Start: false
Unique ID: d1b173a1-ee71-484a-8438-13e336f217af,
Billed Duration for Request d1b173a1-ee71-484a-8438-13e336f217af: 553 ms
Pi: 3.141108869565217,
Input: 5750000,
Cold Start: false
Unique ID: 2173fbe9-8a90-4a70-9a34-8b8e6d6bc902,
Billed Duration for Request 2173fbe9-8a90-4a70-9a34-8b8e6d6bc902: 565 ms
Pi: 3.1427067826086956,
Input: 5750000,
Cold Start: false
Unique ID: a0bd8a73-e81e-40c4-a27a-63681d42e59e,
Billed Duration for Request a0bd8a73-e81e-40c4-a27a-63681d42e59e: 597 ms
Pi: 3.1394685217391305,
Input: 5750000,
Cold Start: false
Unique ID: 27cc4d63-bf37-4b8c-956b-e480dbe6dafd,
Billed Duration for Request 27cc4d63-bf37-4b8c-956b-e480dbe6dafd: 551 ms
Pi: 3.1425328695652173,
Input: 5750000,
Cold Start: false
Unique ID: f1fdb8c6-9358-4c78-a540-d9299cff1490,
Billed Duration for Request f1fdb8c6-9358-4c78-a540-d9299cff1490: 566 ms
Pi: 3.141746086956522,
Input: 5750000,
Cold Start: false
Unique ID: db27095e-6336-4a94-aaa0-239af3ba5bef,
Billed Duration for Request db27095e-6336-4a94-aaa0-239af3ba5bef: 608 ms
Pi: 3.1419081739130434,
Input: 5750000,
Cold Start: false
Unique ID: 11902edf-10b9-4cb8-92e8-9cbdb74477a9,
Billed Duration for Request 11902edf-10b9-4cb8-92e8-9cbdb74477a9: 553 ms
Pi: 3.1414991304347826,
Input: 5750000,
Cold Start: false
Unique ID: 9e73650c-0366-4642-be84-75c1b854d0bf,
Billed Duration for Request 9e73650c-0366-4642-be84-75c1b854d0bf: 562 ms
Pi: 3.141335652173913,
Input: 5750000,
Cold Start: false
Unique ID: 1a09b6e3-4bb4-4868-a140-e3b2b51ace31,
Billed Duration for Request 1a09b6e3-4bb4-4868-a140-e3b2b51ace31: 627 ms
Pi: 3.140774956521739,
Input: 5750000,
Cold Start: false
Unique ID: 56f6b387-dced-4e59-a0a8-858e5a7479b6,
Billed Duration for Request 56f6b387-dced-4e59-a0a8-858e5a7479b6: 553 ms
Pi: 3.1423220869565216,
Input: 5750000,
Cold Start: false
Unique ID: bb3300d0-89dd-409e-b8da-f118d9f2c6f1,
Billed Duration for Request bb3300d0-89dd-409e-b8da-f118d9f2c6f1: 562 ms
Pi: 3.141657043478261,
Input: 5750000,
Cold Start: false
Unique ID: fb55d740-ca5c-4456-9ece-7da692e85657,
Billed Duration for Request fb55d740-ca5c-4456-9ece-7da692e85657: 602 ms
Pi: 3.141504695652174,
Input: 5750000,
Cold Start: false
Unique ID: ad133916-3ef9-498c-86e9-e93d06fd833e,
Billed Duration for Request ad133916-3ef9-498c-86e9-e93d06fd833e: 565 ms
Pi: 3.142341565217391,
Input: 5750000,
Cold Start: false
Unique ID: 21eeaa5e-ed68-4556-a127-93ecff0e42e7,
Billed Duration for Request 21eeaa5e-ed68-4556-a127-93ecff0e42e7: 553 ms
Pi: 3.1402754782608695,
Input: 5750000,
Cold Start: false
Unique ID: a73eb529-0389-439f-803e-098ec6a572d0,
Billed Duration for Request a73eb529-0389-439f-803e-098ec6a572d0: 609 ms
Pi: 3.141661913043478,
Input: 5750000,
Cold Start: false
Unique ID: 0ae8957b-ee6c-432b-9a0c-3009847b0046,
Billed Duration for Request 0ae8957b-ee6c-432b-9a0c-3009847b0046: 555 ms
Pi: 3.141254260869565,
Input: 5750000,
Cold Start: false
Unique ID: 7ad6cd10-8ef2-4d60-b6fb-e35d3d5a1be6,
Billed Duration for Request 7ad6cd10-8ef2-4d60-b6fb-e35d3d5a1be6: 561 ms
Pi: 3.142130086956522,
Input: 5750000,
Cold Start: false
Unique ID: 9bcaa6a9-35df-4a73-84f1-2187b5853e64,
Billed Duration for Request 9bcaa6a9-35df-4a73-84f1-2187b5853e64: 629 ms
Pi: 3.1415262608695653,
Input: 5750000,
Cold Start: false
Unique ID: 157a64e6-5150-4d3b-b780-2f1796a4a341,
Billed Duration for Request 157a64e6-5150-4d3b-b780-2f1796a4a341: 552 ms
Pi: 3.1420173913043477,
Input: 5750000,
Cold Start: false
Unique ID: c918e1b6-348b-46db-8f2f-c36694afc022,
Billed Duration for Request c918e1b6-348b-46db-8f2f-c36694afc022: 546 ms
Pi: 3.141905391304348,
Input: 5750000,
Cold Start: false
Unique ID: 12ea735b-2b3e-4205-a2a9-b718523d82c6,
Billed Duration for Request 12ea735b-2b3e-4205-a2a9-b718523d82c6: 599 ms
Pi: 3.1404584347826088,
Input: 5750000,
Cold Start: false
Unique ID: c771c463-fcf7-4112-a1b1-b2be79b72938,
Billed Duration for Request c771c463-fcf7-4112-a1b1-b2be79b72938: 567 ms
Pi: 3.142678260869565,
Input: 5750000,
Cold Start: false
Unique ID: a65f9c5d-9c65-4258-b610-f682e41e33a1,
Billed Duration for Request a65f9c5d-9c65-4258-b610-f682e41e33a1: 545 ms
Pi: 3.1420612173913045,
Input: 5750000,
Cold Start: false
Unique ID: bf9a6673-36c4-4e72-b917-890cea68c799,
Billed Duration for Request bf9a6673-36c4-4e72-b917-890cea68c799: 625 ms
Pi: 3.1412786086956523,
Input: 5750000,
Cold Start: false
Unique ID: a65940a6-9cf0-49c9-a9d2-a65847baf02e,
Billed Duration for Request a65940a6-9cf0-49c9-a9d2-a65847baf02e: 557 ms
Pi: 3.141071304347826,
Input: 5750000,
Cold Start: false
Unique ID: 41748f0a-c3ca-4b20-ad4c-c55e6a763a49,
Billed Duration for Request 41748f0a-c3ca-4b20-ad4c-c55e6a763a49: 567 ms
Pi: 3.141200695652174,
Input: 5750000,
Cold Start: false
Unique ID: b951e9c0-9a2f-4ec3-87ca-f8f22782dd86,
Billed Duration for Request b951e9c0-9a2f-4ec3-87ca-f8f22782dd86: 599 ms
Pi: 3.1414191304347825,
Input: 5750000,
Cold Start: false
Unique ID: 27a2bd9f-a06f-4559-9237-849b51496e05,
Billed Duration for Request 27a2bd9f-a06f-4559-9237-849b51496e05: 555 ms
Pi: 3.1428612173913044,
Input: 5750000,
Cold Start: false
Unique ID: a04c3a33-9293-47f2-be65-1e1e37cabf18,
Billed Duration for Request a04c3a33-9293-47f2-be65-1e1e37cabf18: 566 ms
Pi: 3.1410622608695653,
Input: 5750000,
Cold Start: false
Unique ID: 589f0997-a0dc-43e9-9cb1-5377c7bda54b,
Billed Duration for Request 589f0997-a0dc-43e9-9cb1-5377c7bda54b: 613 ms
Pi: 3.1411422608695654,
Input: 5750000,
Cold Start: false
Unique ID: 6555acb6-a48f-4bde-97d9-6eacd9b40deb,
Billed Duration for Request 6555acb6-a48f-4bde-97d9-6eacd9b40deb: 553 ms
Pi: 3.1429613913043477,
Input: 5750000,
Cold Start: false
