Unique ID: f98a67cca41ee2d2d5618a9a485c6d8f,
Execution Time for Trace ID f98a67cca41ee2d2d5618a9a485c6d8f: 1459 ms
Input: 5000000,
Cold Start: false
Unique ID: e6ebc4d6a8d911d95f251780fe15f3db,
Execution Time for Trace ID e6ebc4d6a8d911d95f251780fe15f3db: 1466 ms
Input: 5000000,
Cold Start: false
Unique ID: 53b1dc07bc6360280bb4376227027cb5,
Execution Time for Trace ID 53b1dc07bc6360280bb4376227027cb5: 1524 ms
Input: 5000000,
Cold Start: false
Unique ID: bf7827cbf32785f22cbfaec33a73aab6,
Execution Time for Trace ID bf7827cbf32785f22cbfaec33a73aab6: 1429 ms
Input: 5000000,
Cold Start: false
Unique ID: 47e7220f182705c9964664d15cba74c3,
Execution Time for Trace ID 47e7220f182705c9964664d15cba74c3: 1681 ms
Input: 5000000,
Cold Start: false
Unique ID: e6af0ee33d77b306de53471fc2845ba4,
Execution Time for Trace ID e6af0ee33d77b306de53471fc2845ba4: 1493 ms
Input: 5000000,
Cold Start: false
Unique ID: c7a6bd9917b5b0536309e55dd0bd089b,
Execution Time for Trace ID c7a6bd9917b5b0536309e55dd0bd089b: 1806 ms
Input: 5000000,
Cold Start: false
Unique ID: 1e37bc1a4858994e0ebdd0dbfb86c698,
Execution Time for Trace ID 1e37bc1a4858994e0ebdd0dbfb86c698: 1513 ms
Input: 5000000,
Cold Start: false
Unique ID: 563aea8a9bf0947fdcf25940c8b50247,
Execution Time for Trace ID 563aea8a9bf0947fdcf25940c8b50247: 1908 ms
Input: 5000000,
Cold Start: false
Unique ID: c4ac2faee40633b10e0c34fce4196d1d,
Execution Time for Trace ID c4ac2faee40633b10e0c34fce4196d1d: 1530 ms
Input: 5000000,
Cold Start: false
Unique ID: 4a1deff9fc34e960ff2757c2544ef573,
Execution Time for Trace ID 4a1deff9fc34e960ff2757c2544ef573: 1369 ms
Input: 5000000,
Cold Start: false
Unique ID: 1714ae22c9a5660016ba5fdf325f4078,
Execution Time for Trace ID 1714ae22c9a5660016ba5fdf325f4078: 1886 ms
Input: 5000000,
Cold Start: false
Unique ID: 525b55c2e9d35503b6aaccd24e06fc53,
Execution Time for Trace ID 525b55c2e9d35503b6aaccd24e06fc53: 1492 ms
Input: 5000000,
Cold Start: false
Unique ID: a65e2946cdfd9e121e08fbdfe92d117d,
Execution Time for Trace ID a65e2946cdfd9e121e08fbdfe92d117d: 1524 ms
Input: 5000000,
Cold Start: false
Unique ID: ec681474080a46e9a2952a8915188c61,
Execution Time for Trace ID ec681474080a46e9a2952a8915188c61: 1494 ms
Input: 5000000,
Cold Start: false
Unique ID: 359ac460e5621b44ec7ed8f1a10df591,
Execution Time for Trace ID 359ac460e5621b44ec7ed8f1a10df591: 1613 ms
Input: 5000000,
Cold Start: false
Unique ID: 7eb3c70a61762069c6a0311a9c86f084,
Execution Time for Trace ID 7eb3c70a61762069c6a0311a9c86f084: 1463 ms
Input: 5000000,
Cold Start: false
Unique ID: e253dae1e5992797609f566eb045c9f6,
Execution Time for Trace ID e253dae1e5992797609f566eb045c9f6: 1610 ms
Input: 5000000,
Cold Start: false
Unique ID: bc57a2b3aa83110d4c55631ab102ff5e,
Execution Time for Trace ID bc57a2b3aa83110d4c55631ab102ff5e: 1505 ms
Input: 5000000,
Cold Start: false
Unique ID: 253edc4ff5cf84331c94f69234561825,
Execution Time for Trace ID 253edc4ff5cf84331c94f69234561825: 1362 ms
Input: 5000000,
Cold Start: false
Unique ID: 0c5779df47297a0ab2378ecea26457fb,
Execution Time for Trace ID 0c5779df47297a0ab2378ecea26457fb: 1513 ms
Input: 5000000,
Cold Start: false
Unique ID: 5573ad79188c1675366ed8afa66cf661,
Execution Time for Trace ID 5573ad79188c1675366ed8afa66cf661: 1722 ms
Input: 5000000,
Cold Start: false
Unique ID: 55313f2cba0301a6e26c62e0f1cdf2ec,
Execution Time for Trace ID 55313f2cba0301a6e26c62e0f1cdf2ec: 1600 ms
Input: 5000000,
Cold Start: false
Unique ID: 1a28e3534a5c9f3d0187b619cfca5674,
Execution Time for Trace ID 1a28e3534a5c9f3d0187b619cfca5674: 1402 ms
Input: 5000000,
Cold Start: false
Unique ID: 65a51cf95e1a193e0fc32c5a6a4e618f,
Execution Time for Trace ID 65a51cf95e1a193e0fc32c5a6a4e618f: 1449 ms
Input: 5000000,
Cold Start: false
Unique ID: f57c2c6dd13b4b042460f830d3e16fee,
Execution Time for Trace ID f57c2c6dd13b4b042460f830d3e16fee: 1832 ms
Input: 5000000,
Cold Start: false
Unique ID: aa5e8699d31e60563d81e44b25e14154,
Execution Time for Trace ID aa5e8699d31e60563d81e44b25e14154: 1363 ms
Input: 5000000,
Cold Start: false
Unique ID: cbe7f544f38fd46ee2c5534bb6059610,
Execution Time for Trace ID cbe7f544f38fd46ee2c5534bb6059610: 1589 ms
Input: 5000000,
Cold Start: false
Unique ID: 66a3224918e743323263ed61fe528fd8,
Execution Time for Trace ID 66a3224918e743323263ed61fe528fd8: 1419 ms
Input: 5000000,
Cold Start: false
Unique ID: 2478f99b64ababd1488923d2c7bac9fc,
Execution Time for Trace ID 2478f99b64ababd1488923d2c7bac9fc: 1423 ms
Input: 5000000,
Cold Start: false
Unique ID: 59cd1cbafee1c77df60ec8ae738164f8,
Execution Time for Trace ID 59cd1cbafee1c77df60ec8ae738164f8: 1402 ms
Input: 5000000,
Cold Start: false
Unique ID: 455dda44e46a3552072473fc6955f164,
Execution Time for Trace ID 455dda44e46a3552072473fc6955f164: 1489 ms
Input: 5000000,
Cold Start: false
Unique ID: 2fde126ba95bbe611980160ab1f629a3,
Execution Time for Trace ID 2fde126ba95bbe611980160ab1f629a3: 1916 ms
Input: 5000000,
Cold Start: false
Unique ID: dc123354a40cb82c49360dd2908e993c,
Execution Time for Trace ID dc123354a40cb82c49360dd2908e993c: 1353 ms
Input: 5000000,
Cold Start: false
Unique ID: aa7de191a3d1205b06c01dbc477a6b14,
Execution Time for Trace ID aa7de191a3d1205b06c01dbc477a6b14: 1624 ms
Input: 5000000,
Cold Start: false
Unique ID: cda0d1e025445873fd8bd3709892effd,
Execution Time for Trace ID cda0d1e025445873fd8bd3709892effd: 1491 ms
Input: 5000000,
Cold Start: false
Unique ID: 21d72f3a8c38402f13c4f6012e5e2f90,
Execution Time for Trace ID 21d72f3a8c38402f13c4f6012e5e2f90: 1364 ms
Input: 5000000,
Cold Start: false
Unique ID: 053498e82a677fe9626bdaa9a21905be,
Execution Time for Trace ID 053498e82a677fe9626bdaa9a21905be: 1806 ms
Input: 5000000,
Cold Start: true
Unique ID: 585bb6cdda81e887620483e5aa7d47b6,
Execution Time for Trace ID 585bb6cdda81e887620483e5aa7d47b6: 1499 ms
Input: 5000000,
Cold Start: false
Unique ID: 9928746e84da4248874a40b9ca291375,
Execution Time for Trace ID 9928746e84da4248874a40b9ca291375: 502 ms
Input: 5000000,
Cold Start: false
Unique ID: 416e04f3d8e8c85d32012e0cc45a035f,
Execution Time for Trace ID 416e04f3d8e8c85d32012e0cc45a035f: 1416 ms
Input: 5000000,
Cold Start: false
Unique ID: f378ae750c6e7c0a8be084f971b262f5,
Execution Time for Trace ID f378ae750c6e7c0a8be084f971b262f5: 1406 ms
Input: 5000000,
Cold Start: false
Unique ID: d98aecd02d0e4cc9ca12adad8469ef3d,
Execution Time for Trace ID d98aecd02d0e4cc9ca12adad8469ef3d: 1420 ms
Input: 5000000,
Cold Start: false
Unique ID: 5e48665fcf32165c0f0f5335ea676434,
Execution Time for Trace ID 5e48665fcf32165c0f0f5335ea676434: 1470 ms
Input: 5000000,
Cold Start: false
Unique ID: e7ebfb3fe0860b793bdef3e9d75a8b50,
Execution Time for Trace ID e7ebfb3fe0860b793bdef3e9d75a8b50: 1402 ms
Input: 5000000,
Cold Start: false
Unique ID: 59b1e461f4e9855987928394af8bac2d,
Execution Time for Trace ID 59b1e461f4e9855987928394af8bac2d: 1509 ms
Input: 5000000,
Cold Start: false
Unique ID: e01d6c2af7d36d167d92f8c7f97f6b18,
Execution Time for Trace ID e01d6c2af7d36d167d92f8c7f97f6b18: 1506 ms
Input: 5000000,
Cold Start: false
Unique ID: 34041dac883ad7736188a8168a54e00f,
Execution Time for Trace ID 34041dac883ad7736188a8168a54e00f: 1507 ms
Input: 5000000,
Cold Start: false
Unique ID: 078ed8dca3d0f5845246dbcbe6aff095,
Execution Time for Trace ID 078ed8dca3d0f5845246dbcbe6aff095: 1423 ms
Input: 5000000,
Cold Start: false
Unique ID: fa383c06194f01575abcaf7c2f42c8a2,
Execution Time for Trace ID fa383c06194f01575abcaf7c2f42c8a2: 1457 ms
Input: 5000000,
Cold Start: false
Unique ID: 9cfbe4d3d6e0b725b869ffedef43dd84,
Execution Time for Trace ID 9cfbe4d3d6e0b725b869ffedef43dd84: 1432 ms
Input: 5000000,
Cold Start: false
Unique ID: 74feecda1fd3aa02a69d6cca1dee2810,
Execution Time for Trace ID 74feecda1fd3aa02a69d6cca1dee2810: 1426 ms
Input: 5000000,
Cold Start: false
Unique ID: c23972f7d4fbccf60db7b19c406a27d9,
Execution Time for Trace ID c23972f7d4fbccf60db7b19c406a27d9: 1603 ms
Input: 5000000,
Cold Start: false
Unique ID: ebc582d7e124cc0429dac1c292ad426f,
Execution Time for Trace ID ebc582d7e124cc0429dac1c292ad426f: 1602 ms
Input: 5000000,
Cold Start: false
Unique ID: 8f8eb73fc68d8010900c35bd6d373c3f,
Execution Time for Trace ID 8f8eb73fc68d8010900c35bd6d373c3f: 1495 ms
Input: 5000000,
Cold Start: false
Unique ID: f7c829f688bac88d8693a6ce36a4a1f7,
Execution Time for Trace ID f7c829f688bac88d8693a6ce36a4a1f7: 1394 ms
Input: 5000000,
Cold Start: false
Unique ID: 991ea4f52a1fd2288181ce33bc1de865,
Execution Time for Trace ID 991ea4f52a1fd2288181ce33bc1de865: 1337 ms
Input: 5000000,
Cold Start: false
Unique ID: 6a402062caaf958abbe1e4add535920e,
Execution Time for Trace ID 6a402062caaf958abbe1e4add535920e: 1405 ms
Input: 5000000,
Cold Start: false
Unique ID: b6c75400a1c312211bf45ff4bc81f7cf,
Execution Time for Trace ID b6c75400a1c312211bf45ff4bc81f7cf: 1363 ms
Input: 5000000,
Cold Start: false
Unique ID: f7913f2ed781a60d75cb013bfed85ed3,
Execution Time for Trace ID f7913f2ed781a60d75cb013bfed85ed3: 1365 ms
Input: 5000000,
Cold Start: false
Unique ID: 90522dee93bc398369423e1c617caeb4,
Execution Time for Trace ID 90522dee93bc398369423e1c617caeb4: 1495 ms
Input: 5000000,
Cold Start: false
Unique ID: ef75b86fa70f043fff988eaa4dc2d00a,
Execution Time for Trace ID ef75b86fa70f043fff988eaa4dc2d00a: 1417 ms
Input: 5000000,
Cold Start: false
Unique ID: 821257335ef5a20c662887049313eab0,
Execution Time for Trace ID 821257335ef5a20c662887049313eab0: 1413 ms
Input: 5000000,
Cold Start: false
Unique ID: ae73885044d76c5bb5af12e4f1939ef6,
Execution Time for Trace ID ae73885044d76c5bb5af12e4f1939ef6: 1381 ms
Input: 5000000,
Cold Start: false
Unique ID: 3afc0135a9fd0083052c5959acbd37e3,
Execution Time for Trace ID 3afc0135a9fd0083052c5959acbd37e3: 1400 ms
Input: 5000000,
Cold Start: false
Unique ID: bcde20eb764627533ef888de83bad9b8,
Execution Time for Trace ID bcde20eb764627533ef888de83bad9b8: 1468 ms
Input: 5000000,
Cold Start: false
Unique ID: ef5b2bd08de9567719288402653c4444,
Execution Time for Trace ID ef5b2bd08de9567719288402653c4444: 1422 ms
Input: 5000000,
Cold Start: false
Unique ID: 08d0ae689bea65f96824def453a8059d,
Execution Time for Trace ID 08d0ae689bea65f96824def453a8059d: 1462 ms
Input: 5000000,
Cold Start: false
Unique ID: 8a34351a77c9ecabb22794ca195270cf,
Execution Time for Trace ID 8a34351a77c9ecabb22794ca195270cf: 1484 ms
Input: 5000000,
Cold Start: false
Unique ID: 2aa552248cc8ab7d12589b2b5d17197d,
Execution Time for Trace ID 2aa552248cc8ab7d12589b2b5d17197d: 1410 ms
Input: 5000000,
Cold Start: false
Unique ID: 5cdc3b66965b2a54e066e7052046c77b,
Execution Time for Trace ID 5cdc3b66965b2a54e066e7052046c77b: 1484 ms
Input: 5000000,
Cold Start: false
Unique ID: 5cff7331d5649ea87e2da27835aa3971,
Execution Time for Trace ID 5cff7331d5649ea87e2da27835aa3971: 1490 ms
Input: 5000000,
Cold Start: false
Unique ID: f92693f15acbac406c406a88a440f223,
Execution Time for Trace ID f92693f15acbac406c406a88a440f223: 1410 ms
Input: 5000000,
Cold Start: false
Unique ID: 654f531a7621a6e9588a160469f8fe64,
Execution Time for Trace ID 654f531a7621a6e9588a160469f8fe64: 1418 ms
Input: 5000000,
Cold Start: false
Unique ID: 593a4b8d4f4c9aa5fdc354244b5dc9be,
Execution Time for Trace ID 593a4b8d4f4c9aa5fdc354244b5dc9be: 1420 ms
Input: 5000000,
Cold Start: false
Unique ID: d1e25f2e8eba0ef53a5df73db6d5aee9,
Execution Time for Trace ID d1e25f2e8eba0ef53a5df73db6d5aee9: 1376 ms
Input: 5000000,
Cold Start: false
Unique ID: f6009ca4deeb394b393324639c42ed90,
Execution Time for Trace ID f6009ca4deeb394b393324639c42ed90: 1417 ms
Input: 5000000,
Cold Start: false
Unique ID: 792d0795cf0b3067e6b41ca4e407d982,
Execution Time for Trace ID 792d0795cf0b3067e6b41ca4e407d982: 1493 ms
Input: 5000000,
Cold Start: false
Unique ID: f75a418809a4ff5051ae072025ec7e75,
Execution Time for Trace ID f75a418809a4ff5051ae072025ec7e75: 1490 ms
Input: 5000000,
Cold Start: false
Unique ID: b9e1c152a43cb5e54980d714ff2b7eab,
Execution Time for Trace ID b9e1c152a43cb5e54980d714ff2b7eab: 1366 ms
Input: 5000000,
Cold Start: false
Unique ID: 37805192f08d78fa6c293037ae65af13,
Execution Time for Trace ID 37805192f08d78fa6c293037ae65af13: 1517 ms
Input: 5000000,
Cold Start: false
Unique ID: 7cee27d0a1bcb1326c346d9e49cf147f,
Execution Time for Trace ID 7cee27d0a1bcb1326c346d9e49cf147f: 1402 ms
Input: 5000000,
Cold Start: false
Unique ID: 009e10e896c74273390d72a3581a0bbe,
Execution Time for Trace ID 009e10e896c74273390d72a3581a0bbe: 1389 ms
Input: 5000000,
Cold Start: false
Unique ID: 0a29dc84ed1d21d85c40be2a0a307c4e,
Execution Time for Trace ID 0a29dc84ed1d21d85c40be2a0a307c4e: 1413 ms
Input: 5000000,
Cold Start: false
Unique ID: 099c19608fc9c920bc8bba3bcf96b339,
Execution Time for Trace ID 099c19608fc9c920bc8bba3bcf96b339: 1365 ms
Input: 5000000,
Cold Start: false
Unique ID: 59159699564a11e93cd69c24cff25af5,
Execution Time for Trace ID 59159699564a11e93cd69c24cff25af5: 1399 ms
Input: 5000000,
Cold Start: false
Unique ID: e8a249bdd6ebd98e7d5d840c7d71031e,
Execution Time for Trace ID e8a249bdd6ebd98e7d5d840c7d71031e: 1404 ms
Input: 5000000,
Cold Start: false
Unique ID: 07c064b889d2415e5d8e5f6e22d819f4,
Execution Time for Trace ID 07c064b889d2415e5d8e5f6e22d819f4: 1420 ms
Input: 5000000,
Cold Start: false
Unique ID: ed2e6f9f2a3a6c6c096a8fd6a0804c10,
Execution Time for Trace ID ed2e6f9f2a3a6c6c096a8fd6a0804c10: 1369 ms
Input: 5000000,
Cold Start: false
Unique ID: dba5cd79ed850765932d7a055a075a91,
Execution Time for Trace ID dba5cd79ed850765932d7a055a075a91: 1488 ms
Input: 5000000,
Cold Start: false
Unique ID: 137d3bdf55175c7f71c11d0adbf9c0ec,
Execution Time for Trace ID 137d3bdf55175c7f71c11d0adbf9c0ec: 1414 ms
Input: 5000000,
Cold Start: false
Unique ID: d7a69b53af9917f3d72a20f269afe69b,
Execution Time for Trace ID d7a69b53af9917f3d72a20f269afe69b: 1499 ms
Input: 5000000,
Cold Start: false
Unique ID: d455331e441af595e7e12a8f9e788462,
Execution Time for Trace ID d455331e441af595e7e12a8f9e788462: 1409 ms
Input: 5000000,
Cold Start: false
Unique ID: 5ccc26e35ffc20cc517509539e208810,
Execution Time for Trace ID 5ccc26e35ffc20cc517509539e208810: 1429 ms
Input: 5000000,
Cold Start: false
Unique ID: 7c37e7cff45a39133299b3476cb4f05f,
Execution Time for Trace ID 7c37e7cff45a39133299b3476cb4f05f: 1559 ms
Input: 5000000,
Cold Start: false
Unique ID: d22760451ac5208e73992f70bf0ccab9,
Execution Time for Trace ID d22760451ac5208e73992f70bf0ccab9: 1398 ms
Input: 5000000,
Cold Start: false
Unique ID: b8e7658d1a71d68f6f7863536ce834c1,
Execution Time for Trace ID b8e7658d1a71d68f6f7863536ce834c1: 1408 ms
Input: 5000000,
Cold Start: false
Unique ID: a754892e0be8b0ece3bff36ab296fe61,
Execution Time for Trace ID a754892e0be8b0ece3bff36ab296fe61: 1388 ms
Input: 5000000,
Cold Start: false
Unique ID: 35c5162f8c4e5c7d1a11a0a6dde782c0,
Execution Time for Trace ID 35c5162f8c4e5c7d1a11a0a6dde782c0: 1456 ms
Input: 5000000,
Cold Start: false
Unique ID: 0d6c3fb22f0f8d17522f6dfa2453a5a9,
Execution Time for Trace ID 0d6c3fb22f0f8d17522f6dfa2453a5a9: 1339 ms
Input: 5000000,
Cold Start: false
Unique ID: ce2665dacd67d2b3648cec5485514e4f,
Execution Time for Trace ID ce2665dacd67d2b3648cec5485514e4f: 1402 ms
Input: 5000000,
Cold Start: false
Unique ID: a00cc8a1437068fd3c7a8020c3eff28c,
Execution Time for Trace ID a00cc8a1437068fd3c7a8020c3eff28c: 1422 ms
Input: 5000000,
Cold Start: false
Unique ID: 4e8fe74b1b25ec44dc44fa4c50dd4cbd,
Execution Time for Trace ID 4e8fe74b1b25ec44dc44fa4c50dd4cbd: 1366 ms
Input: 5000000,
Cold Start: false
Unique ID: 04c4ded1d9288e3690e33709f98747c6,
Execution Time for Trace ID 04c4ded1d9288e3690e33709f98747c6: 1397 ms
Input: 5000000,
Cold Start: false
Unique ID: 9065c66ebad5abb6aaf0a72aea6afe62,
Execution Time for Trace ID 9065c66ebad5abb6aaf0a72aea6afe62: 1411 ms
Input: 5000000,
Cold Start: false
Unique ID: cb682c53fc4bdb6e6112d98b0f84adaa,
Execution Time for Trace ID cb682c53fc4bdb6e6112d98b0f84adaa: 1406 ms
Input: 5000000,
Cold Start: false
Unique ID: c1bcf523c136d1e652241b3afde9c27a,
Execution Time for Trace ID c1bcf523c136d1e652241b3afde9c27a: 1397 ms
Input: 5000000,
Cold Start: false
Unique ID: ef417852ae37520b0785bdbc40b2461a,
Execution Time for Trace ID ef417852ae37520b0785bdbc40b2461a: 1362 ms
Input: 5000000,
Cold Start: false
Unique ID: 90834bc42d18259ff18df11f5f9c1a57,
Execution Time for Trace ID 90834bc42d18259ff18df11f5f9c1a57: 1399 ms
Input: 5000000,
Cold Start: false
Unique ID: 606f628257af603882500de58e6c7ffc,
Execution Time for Trace ID 606f628257af603882500de58e6c7ffc: 1348 ms
Input: 5000000,
Cold Start: false
Unique ID: a7c5473b1d5ec35f7d9eb327beef9959,
Execution Time for Trace ID a7c5473b1d5ec35f7d9eb327beef9959: 1492 ms
Input: 5000000,
Cold Start: false
Unique ID: 7a3f53370e777f6f9e81a42ac112d601,
Execution Time for Trace ID 7a3f53370e777f6f9e81a42ac112d601: 1369 ms
Input: 5000000,
Cold Start: false
Unique ID: 94792784e0f8153eb41e99b3f1577c6a,
Execution Time for Trace ID 94792784e0f8153eb41e99b3f1577c6a: 1450 ms
Input: 5000000,
Cold Start: false
Unique ID: 7d2b5c2d7507220b67134c948488bf8c,
Execution Time for Trace ID 7d2b5c2d7507220b67134c948488bf8c: 1397 ms
Input: 5000000,
Cold Start: false
Unique ID: d1b50e56611d28c45f561bd21ecd3dff,
Execution Time for Trace ID d1b50e56611d28c45f561bd21ecd3dff: 1392 ms
Input: 5000000,
Cold Start: false
Unique ID: 2eff4017718343c51265fed3036b1c74,
Execution Time for Trace ID 2eff4017718343c51265fed3036b1c74: 1337 ms
Input: 5000000,
Cold Start: false
Unique ID: b25554052eee64c70095b720daf6f0f5,
Execution Time for Trace ID b25554052eee64c70095b720daf6f0f5: 1402 ms
Input: 5000000,
Cold Start: false
Unique ID: 2fd49897ff2f5b3f51d635a4f82f705f,
Execution Time for Trace ID 2fd49897ff2f5b3f51d635a4f82f705f: 1344 ms
Input: 5000000,
Cold Start: false
Unique ID: cd0488f9a0e8c50da8e6dae8a48aebd9,
Execution Time for Trace ID cd0488f9a0e8c50da8e6dae8a48aebd9: 1430 ms
Input: 5000000,
Cold Start: false
Unique ID: 2136f25f549d4e686d19abf016403844,
Execution Time for Trace ID 2136f25f549d4e686d19abf016403844: 1509 ms
Input: 5000000,
Cold Start: false
Unique ID: 8a66d3cf66aeac213b2d1f666b1d303b,
Execution Time for Trace ID 8a66d3cf66aeac213b2d1f666b1d303b: 1366 ms
Input: 5000000,
Cold Start: false
Unique ID: 228f7b757a5b89e1e3d54df3589fc172,
Execution Time for Trace ID 228f7b757a5b89e1e3d54df3589fc172: 1503 ms
Input: 5000000,
Cold Start: false
Unique ID: 3d26e136a8f597a1d2c5d829c78e0eeb,
Execution Time for Trace ID 3d26e136a8f597a1d2c5d829c78e0eeb: 1471 ms
Input: 5000000,
Cold Start: false
Unique ID: 4eca0a4f429bca024e68d16c2dc88baf,
Execution Time for Trace ID 4eca0a4f429bca024e68d16c2dc88baf: 1462 ms
Input: 5000000,
Cold Start: false
Unique ID: 803da63d7d5947c7e95ba47f8c67ef5e,
Execution Time for Trace ID 803da63d7d5947c7e95ba47f8c67ef5e: 1766 ms
Input: 5000000,
Cold Start: false
Unique ID: 34f8d198e99f3437d298ce17920848c0,
Execution Time for Trace ID 34f8d198e99f3437d298ce17920848c0: 1424 ms
Input: 5000000,
Cold Start: false
Unique ID: 0f6303dca70ff27e75a4fab54299af6d,
Execution Time for Trace ID 0f6303dca70ff27e75a4fab54299af6d: 1794 ms
Input: 5000000,
Cold Start: false
Unique ID: 2fa864c7ba1bf76328af76bfc33613af,
Execution Time for Trace ID 2fa864c7ba1bf76328af76bfc33613af: 1407 ms
Input: 5000000,
Cold Start: false
Unique ID: 6cae3825b456fe143079d37657484013,
Execution Time for Trace ID 6cae3825b456fe143079d37657484013: 1513 ms
Input: 5000000,
Cold Start: false
Unique ID: f3eb2534cc54b557be7b68c071f4aaec,
Execution Time for Trace ID f3eb2534cc54b557be7b68c071f4aaec: 1541 ms
Input: 5000000,
Cold Start: false
Unique ID: 8a3033aeb2521585edb8ecb40247a69b,
Execution Time for Trace ID 8a3033aeb2521585edb8ecb40247a69b: 1510 ms
Input: 5000000,
Cold Start: false
Unique ID: f594c1f27345cc708e0695f79c78acf0,
Execution Time for Trace ID f594c1f27345cc708e0695f79c78acf0: 1413 ms
Input: 5000000,
Cold Start: false
Unique ID: 009a30364816e9b08a32c9c488dc98ae,
Execution Time for Trace ID 009a30364816e9b08a32c9c488dc98ae: 1442 ms
Input: 5000000,
Cold Start: false
Unique ID: 8a39a61c69c9a4d2485d7d1c434fb3c2,
Execution Time for Trace ID 8a39a61c69c9a4d2485d7d1c434fb3c2: 1486 ms
Input: 5000000,
Cold Start: false
Unique ID: 267faf5a186c5806a93bc2601e5c64aa,
Execution Time for Trace ID 267faf5a186c5806a93bc2601e5c64aa: 1469 ms
Input: 5000000,
Cold Start: false
Unique ID: 4002e8330e171354e294ad375f47de7e,
Execution Time for Trace ID 4002e8330e171354e294ad375f47de7e: 1515 ms
Input: 5000000,
Cold Start: false
Unique ID: 41b1404a812ddbf72c0ceb590b8c2147,
Execution Time for Trace ID 41b1404a812ddbf72c0ceb590b8c2147: 1407 ms
Input: 5000000,
Cold Start: false
Unique ID: e1a3b7c0f2a4da80f061a9191f33cf43,
Execution Time for Trace ID e1a3b7c0f2a4da80f061a9191f33cf43: 1614 ms
Input: 5000000,
Cold Start: false
Unique ID: 0cbb04b27a64a02cb1f55592c3b7aaea,
Execution Time for Trace ID 0cbb04b27a64a02cb1f55592c3b7aaea: 1337 ms
Input: 5000000,
Cold Start: false
Unique ID: e3f661f4ac05539855bb5913748c5d06,
Execution Time for Trace ID e3f661f4ac05539855bb5913748c5d06: 1363 ms
Input: 5000000,
Cold Start: false
Unique ID: 16620bc79aea2bcc4868ba190eb048b5,
Execution Time for Trace ID 16620bc79aea2bcc4868ba190eb048b5: 1614 ms
Input: 5000000,
Cold Start: false
Unique ID: 7b2c100ab4c2133c8db946af41b657b8,
Execution Time for Trace ID 7b2c100ab4c2133c8db946af41b657b8: 1405 ms
Input: 5000000,
Cold Start: false
Unique ID: 4c6dbe030fed6477c22bf9a804b0e29b,
Execution Time for Trace ID 4c6dbe030fed6477c22bf9a804b0e29b: 1425 ms
Input: 5000000,
Cold Start: false
Unique ID: ed331b22401c0a81cca4e5f61d92e3ab,
Execution Time for Trace ID ed331b22401c0a81cca4e5f61d92e3ab: 1419 ms
Input: 5000000,
Cold Start: false
Unique ID: cbb09f7f20b64f405c1590b10f7d49e8,
Execution Time for Trace ID cbb09f7f20b64f405c1590b10f7d49e8: 1369 ms
Input: 5000000,
Cold Start: false
Unique ID: c0b3566e637106fdee3b6bbc401f2468,
Execution Time for Trace ID c0b3566e637106fdee3b6bbc401f2468: 1497 ms
Input: 5000000,
Cold Start: false
Unique ID: c9ee13902b1c6b4115ec70b6c4c03285,
Execution Time for Trace ID c9ee13902b1c6b4115ec70b6c4c03285: 1500 ms
Input: 5000000,
Cold Start: false
Unique ID: e1e27648d5292125bfb1b5e6bfd37209,
Execution Time for Trace ID e1e27648d5292125bfb1b5e6bfd37209: 1470 ms
Input: 5000000,
Cold Start: false
Unique ID: e7a59a298bcdb084083dc1efe399ea36,
Execution Time for Trace ID e7a59a298bcdb084083dc1efe399ea36: 1505 ms
Input: 5000000,
Cold Start: false
Unique ID: 840759a2a6481a236b74b1ef58ae0f70,
Execution Time for Trace ID 840759a2a6481a236b74b1ef58ae0f70: 1390 ms
Input: 5000000,
Cold Start: false
