Unique ID: 8052405238b1c406aaec335145930660,
Execution Time for Trace ID 8052405238b1c406aaec335145930660: 1657 ms
Input: 5500000,
Cold Start: false
Unique ID: 612c69f328451e2b462af60566d8d991,
Execution Time for Trace ID 612c69f328451e2b462af60566d8d991: 1652 ms
Input: 5500000,
Cold Start: false
Unique ID: b24594be6d9527bf95cfcb573ca622ea,
Execution Time for Trace ID b24594be6d9527bf95cfcb573ca622ea: 1692 ms
Input: 5500000,
Cold Start: false
Unique ID: 980540c81e88ce971449915816ee750c,
Execution Time for Trace ID 980540c81e88ce971449915816ee750c: 1587 ms
Input: 5500000,
Cold Start: false
Unique ID: 2af1f16e200ce512581367c49eb38533,
Execution Time for Trace ID 2af1f16e200ce512581367c49eb38533: 1750 ms
Input: 5500000,
Cold Start: false
Unique ID: ab919f838d8509696bf5646c3f0ea3de,
Execution Time for Trace ID ab919f838d8509696bf5646c3f0ea3de: 1744 ms
Input: 5500000,
Cold Start: false
Unique ID: 353a8c42421cfe942277806ab9954ee0,
Execution Time for Trace ID 353a8c42421cfe942277806ab9954ee0: 1693 ms
Input: 5500000,
Cold Start: false
Unique ID: 73e22896c93a7e3bf85c7cae0abe9b29,
Execution Time for Trace ID 73e22896c93a7e3bf85c7cae0abe9b29: 1690 ms
Input: 5500000,
Cold Start: false
Unique ID: 1b9dbc6074b2d0ca2c2f607b37ae888d,
Execution Time for Trace ID 1b9dbc6074b2d0ca2c2f607b37ae888d: 1485 ms
Input: 5500000,
Cold Start: false
Unique ID: 0e642d6056b69ea5024d31df69d49a43,
Execution Time for Trace ID 0e642d6056b69ea5024d31df69d49a43: 1696 ms
Input: 5500000,
Cold Start: false
Unique ID: ad682cd62d10e0ec15e1981295dbdff4,
Execution Time for Trace ID ad682cd62d10e0ec15e1981295dbdff4: 1571 ms
Input: 5500000,
Cold Start: false
Unique ID: f4db9e95c6abb14ae3e5d294751a8247,
Execution Time for Trace ID f4db9e95c6abb14ae3e5d294751a8247: 1683 ms
Input: 5500000,
Cold Start: false
Unique ID: c7fe6a4b0c132cc138f1c5caaa4fe207,
Execution Time for Trace ID c7fe6a4b0c132cc138f1c5caaa4fe207: 1748 ms
Input: 5500000,
Cold Start: false
Unique ID: d32f790031d859343c8e2b74ac8cf6ec,
Execution Time for Trace ID d32f790031d859343c8e2b74ac8cf6ec: 1641 ms
Input: 5500000,
Cold Start: false
Unique ID: 2f6e6cbef689b245d0106dde407506f1,
Execution Time for Trace ID 2f6e6cbef689b245d0106dde407506f1: 1598 ms
Input: 5500000,
Cold Start: false
Unique ID: fe1897e41313ce156a1b08535046437b,
Execution Time for Trace ID fe1897e41313ce156a1b08535046437b: 1805 ms
Input: 5500000,
Cold Start: false
Unique ID: 9bd39cba845dc02f62852b3b6b52bde3,
Execution Time for Trace ID 9bd39cba845dc02f62852b3b6b52bde3: 1591 ms
Input: 5500000,
Cold Start: false
Unique ID: 4afeecda125730bf7b9c50b947b87f43,
Execution Time for Trace ID 4afeecda125730bf7b9c50b947b87f43: 1548 ms
Input: 5500000,
Cold Start: false
Unique ID: 9a6448fc008941c5c12da31c76717c74,
Execution Time for Trace ID 9a6448fc008941c5c12da31c76717c74: 596 ms
Input: 5500000,
Cold Start: false
Unique ID: 87bbceb8d98f27e86abb1f42d4290ead,
Execution Time for Trace ID 87bbceb8d98f27e86abb1f42d4290ead: 1604 ms
Input: 5500000,
Cold Start: false
Unique ID: bea5f1c44f0c4241b7f8295249f49019,
Execution Time for Trace ID bea5f1c44f0c4241b7f8295249f49019: 1585 ms
Input: 5500000,
Cold Start: false
Unique ID: efce545ee2098ae8147ba27c3117b4bc,
Execution Time for Trace ID efce545ee2098ae8147ba27c3117b4bc: 1574 ms
Input: 5500000,
Cold Start: false
Unique ID: f77e8096ab4d5fa31dbcfd4768b72aa7,
Execution Time for Trace ID f77e8096ab4d5fa31dbcfd4768b72aa7: 906 ms
Input: 5500000,
Cold Start: false
Unique ID: 9de25fd2682aa6b0a1eb370c6771ef96,
Execution Time for Trace ID 9de25fd2682aa6b0a1eb370c6771ef96: 1587 ms
Input: 5500000,
Cold Start: false
Unique ID: 3a5e394cb13e17903feecd893e7f467f,
Execution Time for Trace ID 3a5e394cb13e17903feecd893e7f467f: 1627 ms
Input: 5500000,
Cold Start: false
Unique ID: 840c3cfa6efe24706c0bf8b89adee967,
Execution Time for Trace ID 840c3cfa6efe24706c0bf8b89adee967: 1726 ms
Input: 5500000,
Cold Start: false
Unique ID: dad98515451fbed94e47bda8c5a800ec,
Execution Time for Trace ID dad98515451fbed94e47bda8c5a800ec: 1671 ms
Input: 5500000,
Cold Start: false
Unique ID: 4f29103715b902fefeefa660f902f387,
Execution Time for Trace ID 4f29103715b902fefeefa660f902f387: 1692 ms
Input: 5500000,
Cold Start: false
Unique ID: e23f6aca58d6dce397d5740944a1ebbc,
Execution Time for Trace ID e23f6aca58d6dce397d5740944a1ebbc: 1578 ms
Input: 5500000,
Cold Start: false
Unique ID: 936b37dd9c8153ebb1883828b2e86ff5,
Execution Time for Trace ID 936b37dd9c8153ebb1883828b2e86ff5: 1710 ms
Input: 5500000,
Cold Start: false
Unique ID: b35fbe02845a7e6ecb29324a7079a731,
Execution Time for Trace ID b35fbe02845a7e6ecb29324a7079a731: 1629 ms
Input: 5500000,
Cold Start: false
Unique ID: b38e72d4731cc43c2411370cbb2eafeb,
Execution Time for Trace ID b38e72d4731cc43c2411370cbb2eafeb: 1731 ms
Input: 5500000,
Cold Start: false
Unique ID: cb3d274ee8bc37d2435e716bf6406961,
Execution Time for Trace ID cb3d274ee8bc37d2435e716bf6406961: 1862 ms
Input: 5500000,
Cold Start: false
Unique ID: 8e89b483d5ef7972a463f264b89304e6,
Execution Time for Trace ID 8e89b483d5ef7972a463f264b89304e6: 1824 ms
Input: 5500000,
Cold Start: false
Unique ID: e199d495257f167cddad1ca85984e12f,
Execution Time for Trace ID e199d495257f167cddad1ca85984e12f: 1940 ms
Input: 5500000,
Cold Start: false
Unique ID: a74b3e5e96d913c04512f23a930026c6,
Execution Time for Trace ID a74b3e5e96d913c04512f23a930026c6: 1611 ms
Input: 5500000,
Cold Start: false
Unique ID: e2e3712d7919df9b8216060b73ecf7d2,
Execution Time for Trace ID e2e3712d7919df9b8216060b73ecf7d2: 919 ms
Input: 5500000,
Cold Start: false
Unique ID: 8aaaa962e701a839372c0cad47fca5d6,
Execution Time for Trace ID 8aaaa962e701a839372c0cad47fca5d6: 1571 ms
Input: 5500000,
Cold Start: false
Unique ID: 5b074d9fc6dd16bed838b79de7598b45,
Execution Time for Trace ID 5b074d9fc6dd16bed838b79de7598b45: 1585 ms
Input: 5500000,
Cold Start: false
Unique ID: 2d363b816b4dcab56f7953c18bf6ad8f,
Execution Time for Trace ID 2d363b816b4dcab56f7953c18bf6ad8f: 2296 ms
Input: 5500000,
Cold Start: false
Unique ID: 281038b9e961a85fb02aedb2e69068ff,
Execution Time for Trace ID 281038b9e961a85fb02aedb2e69068ff: 587 ms
Input: 5500000,
Cold Start: false
Unique ID: 69f89b664bf0594f110a841a41b38103,
Execution Time for Trace ID 69f89b664bf0594f110a841a41b38103: 1606 ms
Input: 5500000,
Cold Start: false
Unique ID: 43d9f07045a4748b4c486f2be9b2175e,
Execution Time for Trace ID 43d9f07045a4748b4c486f2be9b2175e: 1542 ms
Input: 5500000,
Cold Start: false
Unique ID: 1abfb904f1334756e2db398c6684c9e7,
Execution Time for Trace ID 1abfb904f1334756e2db398c6684c9e7: 1582 ms
Input: 5500000,
Cold Start: false
Unique ID: 831aa99598e12abf9b0dc9ec760eb23c,
Execution Time for Trace ID 831aa99598e12abf9b0dc9ec760eb23c: 2480 ms
Input: 5500000,
Cold Start: false
Unique ID: a74a38aa52e5cfdb69eb466a3ed6978c,
Execution Time for Trace ID a74a38aa52e5cfdb69eb466a3ed6978c: 1292 ms
Input: 5500000,
Cold Start: false
Unique ID: c96612f9cc81fada19fb2b1c605f9121,
Execution Time for Trace ID c96612f9cc81fada19fb2b1c605f9121: 1618 ms
Input: 5500000,
Cold Start: false
Unique ID: 5b478ed42257962b023540ea6927b016,
Execution Time for Trace ID 5b478ed42257962b023540ea6927b016: 2277 ms
Input: 5500000,
Cold Start: false
Unique ID: 74cb227eeca4d8c5e52d0c0cd589c878,
Execution Time for Trace ID 74cb227eeca4d8c5e52d0c0cd589c878: 1789 ms
Input: 5500000,
Cold Start: false
Unique ID: 8ab360013d863268aea063018998de63,
Execution Time for Trace ID 8ab360013d863268aea063018998de63: 1581 ms
Input: 5500000,
Cold Start: false
Unique ID: 034fbeae85ab6bb63a0a7b41d0c5ca6e,
Execution Time for Trace ID 034fbeae85ab6bb63a0a7b41d0c5ca6e: 2166 ms
Input: 5500000,
Cold Start: false
Unique ID: b24b3de4679b97bf0b139aa4402590f6,
Execution Time for Trace ID b24b3de4679b97bf0b139aa4402590f6: 2093 ms
Input: 5500000,
Cold Start: false
Unique ID: 5808118cdb576207d81df3d1159c52e4,
Execution Time for Trace ID 5808118cdb576207d81df3d1159c52e4: 1544 ms
Input: 5500000,
Cold Start: false
Unique ID: 651e187ab52e77b85cdefc2cffd154a6,
Execution Time for Trace ID 651e187ab52e77b85cdefc2cffd154a6: 1488 ms
Input: 5500000,
Cold Start: false
Unique ID: 9584e7236e85ad0d4ce57fa643e0c4d3,
Execution Time for Trace ID 9584e7236e85ad0d4ce57fa643e0c4d3: 2200 ms
Input: 5500000,
Cold Start: false
Unique ID: 81f50d8a456530059efc71b91b3071a1,
Execution Time for Trace ID 81f50d8a456530059efc71b91b3071a1: 1885 ms
Input: 5500000,
Cold Start: false
Unique ID: 9e64b823d2df7945806be60580549903,
Execution Time for Trace ID 9e64b823d2df7945806be60580549903: 1773 ms
Input: 5500000,
Cold Start: false
Unique ID: 5a81b52c675a8c5d1d4601e77f968bbd,
Execution Time for Trace ID 5a81b52c675a8c5d1d4601e77f968bbd: 1605 ms
Input: 5500000,
Cold Start: false
Unique ID: 847e33f6b7bf30b3d814c41d0247e75f,
Execution Time for Trace ID 847e33f6b7bf30b3d814c41d0247e75f: 1900 ms
Input: 5500000,
Cold Start: false
Unique ID: 07b8092707b1cb4b06057f0716c87670,
Execution Time for Trace ID 07b8092707b1cb4b06057f0716c87670: 1695 ms
Input: 5500000,
Cold Start: false
Unique ID: f6731afd17851e2bc4e5cf3dd39c4b00,
Execution Time for Trace ID f6731afd17851e2bc4e5cf3dd39c4b00: 1549 ms
Input: 5500000,
Cold Start: false
Unique ID: 28301c0d7b5709d3ed4d7754b6133786,
Execution Time for Trace ID 28301c0d7b5709d3ed4d7754b6133786: 1792 ms
Input: 5500000,
Cold Start: false
Unique ID: 31e558bec9ca94a227e8ad09eff7640f,
Execution Time for Trace ID 31e558bec9ca94a227e8ad09eff7640f: 1578 ms
Input: 5500000,
Cold Start: false
Unique ID: 6e2ed1a40adb69c171f21c0932008c97,
Execution Time for Trace ID 6e2ed1a40adb69c171f21c0932008c97: 1550 ms
Input: 5500000,
Cold Start: false
Unique ID: 07f061b1b9217d9f13c6b5b682a26de4,
Execution Time for Trace ID 07f061b1b9217d9f13c6b5b682a26de4: 1986 ms
Input: 5500000,
Cold Start: false
Unique ID: e008b983bedb88119dac9ae4963d52af,
Execution Time for Trace ID e008b983bedb88119dac9ae4963d52af: 1514 ms
Input: 5500000,
Cold Start: false
Unique ID: bf6e0e555b6f9bcdf69aa664335f84fb,
Execution Time for Trace ID bf6e0e555b6f9bcdf69aa664335f84fb: 1978 ms
Input: 5500000,
Cold Start: false
Unique ID: ef06374c12cebffa380b162a90069f57,
Execution Time for Trace ID ef06374c12cebffa380b162a90069f57: 1675 ms
Input: 5500000,
Cold Start: false
Unique ID: 9e56bfbc4e481ec87efbf1afc9de02e5,
Execution Time for Trace ID 9e56bfbc4e481ec87efbf1afc9de02e5: 1595 ms
Input: 5500000,
Cold Start: false
Unique ID: 4ee7878a8d7c15f1ee2590e8cf3a8dea,
Execution Time for Trace ID 4ee7878a8d7c15f1ee2590e8cf3a8dea: 2015 ms
Input: 5500000,
Cold Start: false
Unique ID: fc06b8fa409754cdae02d7ca39557053,
Execution Time for Trace ID fc06b8fa409754cdae02d7ca39557053: 1650 ms
Input: 5500000,
Cold Start: false
Unique ID: b73d42a8a98fd8223da7e7e3c551ed13,
Execution Time for Trace ID b73d42a8a98fd8223da7e7e3c551ed13: 1749 ms
Input: 5500000,
Cold Start: false
Unique ID: c1d72108cc14db92cc0b5c47f678534b,
Execution Time for Trace ID c1d72108cc14db92cc0b5c47f678534b: 1585 ms
Input: 5500000,
Cold Start: false
Unique ID: 52d99a810b406038a9907e5130d2adf1,
Execution Time for Trace ID 52d99a810b406038a9907e5130d2adf1: 2133 ms
Input: 5500000,
Cold Start: false
Unique ID: 346f7af863d2c8bae255dfc3961d9fc5,
Execution Time for Trace ID 346f7af863d2c8bae255dfc3961d9fc5: 1617 ms
Input: 5500000,
Cold Start: false
Unique ID: 04c1f3eeea1232ac483a7bd138cc0344,
Execution Time for Trace ID 04c1f3eeea1232ac483a7bd138cc0344: 1888 ms
Input: 5500000,
Cold Start: false
Unique ID: 17cd2dfc684324d0592b98ff986cd49c,
Execution Time for Trace ID 17cd2dfc684324d0592b98ff986cd49c: 1780 ms
Input: 5500000,
Cold Start: false
Unique ID: 48597afeeb73ba2ce5fa4523c0ab85c4,
Execution Time for Trace ID 48597afeeb73ba2ce5fa4523c0ab85c4: 1687 ms
Input: 5500000,
Cold Start: false
Unique ID: 5954cfeedfb6a634fac6f2f6d47c5393,
Execution Time for Trace ID 5954cfeedfb6a634fac6f2f6d47c5393: 1898 ms
Input: 5500000,
Cold Start: false
Unique ID: f3a0ac1a06668aca28e2feeb66db7bde,
Execution Time for Trace ID f3a0ac1a06668aca28e2feeb66db7bde: 1528 ms
Input: 5500000,
Cold Start: true
Unique ID: 2d7ff97b0d1e67a232576d09d153199c,
Execution Time for Trace ID 2d7ff97b0d1e67a232576d09d153199c: 1931 ms
Input: 5500000,
Cold Start: false
Unique ID: a9ed0f790d10122d897d3bef27e5b80b,
Execution Time for Trace ID a9ed0f790d10122d897d3bef27e5b80b: 1576 ms
Input: 5500000,
Cold Start: false
Unique ID: f28e877197f8325ca7c369a149f8573f,
Execution Time for Trace ID f28e877197f8325ca7c369a149f8573f: 1942 ms
Input: 5500000,
Cold Start: false
Unique ID: 3e979fb8b8cc291693e5897b2f6730ce,
Execution Time for Trace ID 3e979fb8b8cc291693e5897b2f6730ce: 1618 ms
Input: 5500000,
Cold Start: false
Unique ID: 330c3ad6780d12e315ee6ceeb407df51,
Execution Time for Trace ID 330c3ad6780d12e315ee6ceeb407df51: 1577 ms
Input: 5500000,
Cold Start: false
Unique ID: 3efddda06ebebf6ad6d07eee2ac09e6c,
Execution Time for Trace ID 3efddda06ebebf6ad6d07eee2ac09e6c: 1509 ms
Input: 5500000,
Cold Start: false
Unique ID: f788ad116c19046450294b5c0ed2904f,
Execution Time for Trace ID f788ad116c19046450294b5c0ed2904f: 1816 ms
Input: 5500000,
Cold Start: false
Unique ID: f0af5d1d18daef715eccbaccd21b9346,
Execution Time for Trace ID f0af5d1d18daef715eccbaccd21b9346: 2373 ms
Input: 5500000,
Cold Start: false
Unique ID: df21c08fe5349adda726a430dca8aca8,
Execution Time for Trace ID df21c08fe5349adda726a430dca8aca8: 2004 ms
Input: 5500000,
Cold Start: false
Unique ID: a6055e5acea70849cc059a92b30519cd,
Execution Time for Trace ID a6055e5acea70849cc059a92b30519cd: 1943 ms
Input: 5500000,
Cold Start: false
Unique ID: 260e488f92fc65d86ec292cb9065b8d1,
Execution Time for Trace ID 260e488f92fc65d86ec292cb9065b8d1: 2479 ms
Input: 5500000,
Cold Start: false
Unique ID: d2836d5bb88e6533e35d3b4bb173e61e,
Execution Time for Trace ID d2836d5bb88e6533e35d3b4bb173e61e: 1571 ms
Input: 5500000,
Cold Start: false
Unique ID: 77501235a776fba7f4918446d0a3fa74,
Execution Time for Trace ID 77501235a776fba7f4918446d0a3fa74: 567 ms
Input: 5500000,
Cold Start: false
Unique ID: 2f7e2cd6a27802034610b874bdbe045d,
Execution Time for Trace ID 2f7e2cd6a27802034610b874bdbe045d: 1905 ms
Input: 5500000,
Cold Start: false
Unique ID: 6a15fc21d6196e0b7710d397dc90d179,
Execution Time for Trace ID 6a15fc21d6196e0b7710d397dc90d179: 1508 ms
Input: 5500000,
Cold Start: false
Unique ID: b9917b8f27aeb056650bd8988d558c7a,
Execution Time for Trace ID b9917b8f27aeb056650bd8988d558c7a: 2138 ms
Input: 5500000,
Cold Start: false
Unique ID: 7b0ac962906cb0f757d2944546ae07ed,
Execution Time for Trace ID 7b0ac962906cb0f757d2944546ae07ed: 1586 ms
Input: 5500000,
Cold Start: false
Unique ID: b27708f5ab5ba1fd0b0c94eb96e9fa03,
Execution Time for Trace ID b27708f5ab5ba1fd0b0c94eb96e9fa03: 1650 ms
Input: 5500000,
Cold Start: false
Unique ID: 0b51d4f2899159bafb9c1f62cff6fb03,
Execution Time for Trace ID 0b51d4f2899159bafb9c1f62cff6fb03: 2030 ms
Input: 5500000,
Cold Start: false
Unique ID: 0b409a08e79e89e4e18982d5b52ce9b9,
Execution Time for Trace ID 0b409a08e79e89e4e18982d5b52ce9b9: 1589 ms
Input: 5500000,
Cold Start: false
Unique ID: 8de183209d8101447f8d7cb566d71d2f,
Execution Time for Trace ID 8de183209d8101447f8d7cb566d71d2f: 1573 ms
Input: 5500000,
Cold Start: false
Unique ID: 269fcea67f10ba5a05a6e2eba86a0496,
Execution Time for Trace ID 269fcea67f10ba5a05a6e2eba86a0496: 2006 ms
Input: 5500000,
Cold Start: false
Unique ID: 42b77190a775dd6843066fced2a2d661,
Execution Time for Trace ID 42b77190a775dd6843066fced2a2d661: 1600 ms
Input: 5500000,
Cold Start: false
Unique ID: 692acbe8f4fc3e08ae73d66a4cb5038b,
Execution Time for Trace ID 692acbe8f4fc3e08ae73d66a4cb5038b: 1566 ms
Input: 5500000,
Cold Start: false
Unique ID: d82ed0a0e49f4d35d1294393c2cb6fba,
Execution Time for Trace ID d82ed0a0e49f4d35d1294393c2cb6fba: 2299 ms
Input: 5500000,
Cold Start: false
Unique ID: e90ffd53a5b3803b31c55a75cef3e437,
Execution Time for Trace ID e90ffd53a5b3803b31c55a75cef3e437: 2132 ms
Input: 5500000,
Cold Start: false
Unique ID: 99dd4abc5edacecbf3740967a7fc4603,
Execution Time for Trace ID 99dd4abc5edacecbf3740967a7fc4603: 2176 ms
Input: 5500000,
Cold Start: false
Unique ID: 7092d97a6b2db515eaba56a34b1a44cf,
Execution Time for Trace ID 7092d97a6b2db515eaba56a34b1a44cf: 1889 ms
Input: 5500000,
Cold Start: false
Unique ID: 895bf9be314f25c3e6931cacc7c66bfe,
Execution Time for Trace ID 895bf9be314f25c3e6931cacc7c66bfe: 1497 ms
Input: 5500000,
Cold Start: false
Unique ID: 4d8944eb3efece933612b0e13335919c,
Execution Time for Trace ID 4d8944eb3efece933612b0e13335919c: 2103 ms
Input: 5500000,
Cold Start: false
Unique ID: 624f389f88a67f7e9034b4030e5a76fc,
Execution Time for Trace ID 624f389f88a67f7e9034b4030e5a76fc: 1994 ms
Input: 5500000,
Cold Start: false
Unique ID: 03a2665cdac11046ba8e45f002848129,
Execution Time for Trace ID 03a2665cdac11046ba8e45f002848129: 1607 ms
Input: 5500000,
Cold Start: false
Unique ID: 5dbddbbdb380d298923dfe8451c30c9e,
Execution Time for Trace ID 5dbddbbdb380d298923dfe8451c30c9e: 1487 ms
Input: 5500000,
Cold Start: false
Unique ID: 457cb07d8b8d07e59d2d5a17e273670f,
Execution Time for Trace ID 457cb07d8b8d07e59d2d5a17e273670f: 2001 ms
Input: 5500000,
Cold Start: false
Unique ID: 5ca92633ab58d08aa9500f2036409850,
Execution Time for Trace ID 5ca92633ab58d08aa9500f2036409850: 1570 ms
Input: 5500000,
Cold Start: false
Unique ID: 394b0ba23f7924905535f4ff56f70c18,
Execution Time for Trace ID 394b0ba23f7924905535f4ff56f70c18: 1995 ms
Input: 5500000,
Cold Start: false
Unique ID: d318fd9631cbea48adc08615ddf98588,
Execution Time for Trace ID d318fd9631cbea48adc08615ddf98588: 1647 ms
Input: 5500000,
Cold Start: false
Unique ID: 0328ba74f3146ea377267a16b63b6e87,
Execution Time for Trace ID 0328ba74f3146ea377267a16b63b6e87: 589 ms
Input: 5500000,
Cold Start: false
Unique ID: 0d4ebe376ec846a3d4275e3f55d9423a,
Execution Time for Trace ID 0d4ebe376ec846a3d4275e3f55d9423a: 1779 ms
Input: 5500000,
Cold Start: false
Unique ID: e3d3c24fdb0f79cb6c87e2799956f549,
Execution Time for Trace ID e3d3c24fdb0f79cb6c87e2799956f549: 1587 ms
Input: 5500000,
Cold Start: false
Unique ID: aadf09523172f4d84fb46d4e126d2fe1,
Execution Time for Trace ID aadf09523172f4d84fb46d4e126d2fe1: 1584 ms
Input: 5500000,
Cold Start: false
Unique ID: 24734436b80d9ad1650bd8988d558c66,
Execution Time for Trace ID 24734436b80d9ad1650bd8988d558c66: 1809 ms
Input: 5500000,
Cold Start: false
Unique ID: 5e3317196ef228a66912ca640b6cce87,
Execution Time for Trace ID 5e3317196ef228a66912ca640b6cce87: 1583 ms
Input: 5500000,
Cold Start: false
Unique ID: a07bb63c141e95ca34c1d2c0afed418d,
Execution Time for Trace ID a07bb63c141e95ca34c1d2c0afed418d: 1599 ms
Input: 5500000,
Cold Start: false
Unique ID: 11830aa13c3565ca9ee7602f3b3bb6dc,
Execution Time for Trace ID 11830aa13c3565ca9ee7602f3b3bb6dc: 1551 ms
Input: 5500000,
Cold Start: false
Unique ID: b1df98f4c225308788d9adc077b42624,
Execution Time for Trace ID b1df98f4c225308788d9adc077b42624: 1774 ms
Input: 5500000,
Cold Start: false
Unique ID: dc36875cbad87d6b0c3c58c907c8add1,
Execution Time for Trace ID dc36875cbad87d6b0c3c58c907c8add1: 1646 ms
Input: 5500000,
Cold Start: false
Unique ID: 4a91efb3046209475a1e4fba2490480d,
Execution Time for Trace ID 4a91efb3046209475a1e4fba2490480d: 1681 ms
Input: 5500000,
Cold Start: false
Unique ID: 32ba163b670dc4f917efb60a25f19628,
Execution Time for Trace ID 32ba163b670dc4f917efb60a25f19628: 2309 ms
Input: 5500000,
Cold Start: false
Unique ID: 3c5fecf06dc342e9d62f6ee013a190f9,
Execution Time for Trace ID 3c5fecf06dc342e9d62f6ee013a190f9: 1576 ms
Input: 5500000,
Cold Start: false
Unique ID: 9e09d8a1dff03d275684ddc83892c8f3,
Execution Time for Trace ID 9e09d8a1dff03d275684ddc83892c8f3: 1695 ms
Input: 5500000,
Cold Start: false
Unique ID: fe36706c97ed7098bcba1b73c306307e,
Execution Time for Trace ID fe36706c97ed7098bcba1b73c306307e: 1911 ms
Input: 5500000,
Cold Start: false
Unique ID: 6c197cc5e66f50f34c600564328daf38,
Execution Time for Trace ID 6c197cc5e66f50f34c600564328daf38: 1736 ms
Input: 5500000,
Cold Start: false
Unique ID: 924a2a8fa01c6922df52de2bca7937ae,
Execution Time for Trace ID 924a2a8fa01c6922df52de2bca7937ae: 1569 ms
Input: 5500000,
Cold Start: false
Unique ID: 371085ce9316fc57ec3cf7af254ec2aa,
Execution Time for Trace ID 371085ce9316fc57ec3cf7af254ec2aa: 2099 ms
Input: 5500000,
Cold Start: false
Unique ID: 1ace7f8b13c7f06c9f9d20d3906a88d7,
Execution Time for Trace ID 1ace7f8b13c7f06c9f9d20d3906a88d7: 1547 ms
Input: 5500000,
Cold Start: false
Unique ID: ea896603ccf7cb0a6b9e6b4ef8b4be5a,
Execution Time for Trace ID ea896603ccf7cb0a6b9e6b4ef8b4be5a: 1585 ms
Input: 5500000,
Cold Start: false
Unique ID: ace6634680f49d74c39e04263515fe40,
Execution Time for Trace ID ace6634680f49d74c39e04263515fe40: 2218 ms
Input: 5500000,
Cold Start: false
Unique ID: 2638ea1bc0be567bbcf75d2a0108e7fd,
Execution Time for Trace ID 2638ea1bc0be567bbcf75d2a0108e7fd: 1877 ms
Input: 5500000,
Cold Start: false
Unique ID: d03fec7151de09d88b1aa584a188f4ee,
Execution Time for Trace ID d03fec7151de09d88b1aa584a188f4ee: 1610 ms
Input: 5500000,
Cold Start: false
Unique ID: 1f0bc2c987a1aa0735161ff72549467c,
Execution Time for Trace ID 1f0bc2c987a1aa0735161ff72549467c: 1881 ms
Input: 5500000,
Cold Start: false
Unique ID: 95346064e7345edb87f07825e4303111,
Execution Time for Trace ID 95346064e7345edb87f07825e4303111: 1652 ms
Input: 5500000,
Cold Start: false
Unique ID: 599bd782de52a89a3ab3c75dc44b85d5,
Execution Time for Trace ID 599bd782de52a89a3ab3c75dc44b85d5: 1607 ms
Input: 5500000,
Cold Start: false
Unique ID: 388aab17d0ab7535530dc836f20f10a5,
Execution Time for Trace ID 388aab17d0ab7535530dc836f20f10a5: 1579 ms
Input: 5500000,
Cold Start: false
Unique ID: b820eb30ffd3fddd00ed93c92faf2e8a,
Execution Time for Trace ID b820eb30ffd3fddd00ed93c92faf2e8a: 1609 ms
Input: 5500000,
Cold Start: false
Unique ID: a41b7a924fcf6f4d9189a8a56342d077,
Execution Time for Trace ID a41b7a924fcf6f4d9189a8a56342d077: 1643 ms
Input: 5500000,
Cold Start: false
Unique ID: ef28204189ab3fc874b031a48a634ce1,
Execution Time for Trace ID ef28204189ab3fc874b031a48a634ce1: 1600 ms
Input: 5500000,
Cold Start: false
Unique ID: 95b63faefb9fefabdb3b105356e30487,
Execution Time for Trace ID 95b63faefb9fefabdb3b105356e30487: 1544 ms
Input: 5500000,
Cold Start: false
Unique ID: 1601de52744d391dea2b184e4abb689d,
Execution Time for Trace ID 1601de52744d391dea2b184e4abb689d: 1598 ms
Input: 5500000,
Cold Start: false
Unique ID: e44514ac74781bafc2adf55eab8c9526,
Execution Time for Trace ID e44514ac74781bafc2adf55eab8c9526: 1584 ms
Input: 5500000,
Cold Start: false
