Unique ID: 8fcb0116ed7c5e78aad23d5f493e650c,
Execution Time for Trace ID 8fcb0116ed7c5e78aad23d5f493e650c: 1416 ms
Input: 5000000,
Cold Start: false
Unique ID: a0471bceaa874a7d78a2340c33720219,
Execution Time for Trace ID a0471bceaa874a7d78a2340c33720219: 1509 ms
Input: 5000000,
Cold Start: false
Unique ID: c66568a748ca883fcaf00d7e51ab3bea,
Execution Time for Trace ID c66568a748ca883fcaf00d7e51ab3bea: 1500 ms
Input: 5000000,
Cold Start: false
Unique ID: f5a303dabb54c3f47708538a4dc32e2f,
Execution Time for Trace ID f5a303dabb54c3f47708538a4dc32e2f: 1460 ms
Input: 5000000,
Cold Start: false
Unique ID: 4f5332a70b11f901471a2d87202b59de,
Execution Time for Trace ID 4f5332a70b11f901471a2d87202b59de: 1593 ms
Input: 5000000,
Cold Start: false
Unique ID: 7d8b555ceac4bc3ab131cd7aaefc1456,
Execution Time for Trace ID 7d8b555ceac4bc3ab131cd7aaefc1456: 1437 ms
Input: 5000000,
Cold Start: false
Unique ID: 8a587c92568ed7cd9b9b3ed4716e38fd,
Execution Time for Trace ID 8a587c92568ed7cd9b9b3ed4716e38fd: 1522 ms
Input: 5000000,
Cold Start: false
Unique ID: e100356241052d0efadc096963614d1f,
Execution Time for Trace ID e100356241052d0efadc096963614d1f: 1504 ms
Input: 5000000,
Cold Start: false
Unique ID: 15b616b36516871cabfd415c119f1982,
Execution Time for Trace ID 15b616b36516871cabfd415c119f1982: 1587 ms
Input: 5000000,
Cold Start: false
Unique ID: a8dddc750b2ed880f8120af9502a3714,
Execution Time for Trace ID a8dddc750b2ed880f8120af9502a3714: 721 ms
Input: 5000000,
Cold Start: false
Unique ID: dd0b73096d4de4ad0afd9afa45f02002,
Execution Time for Trace ID dd0b73096d4de4ad0afd9afa45f02002: 1763 ms
Input: 5000000,
Cold Start: false
Unique ID: eac03d824171b5ea9a9205c80eafbab9,
Execution Time for Trace ID eac03d824171b5ea9a9205c80eafbab9: 1598 ms
Input: 5000000,
Cold Start: false
Unique ID: aadb18ff63d65091243c1ad3c15d602f,
Execution Time for Trace ID aadb18ff63d65091243c1ad3c15d602f: 1950 ms
Input: 5000000,
Cold Start: false
Unique ID: 511c93306d6da9722cbf172554599878,
Execution Time for Trace ID 511c93306d6da9722cbf172554599878: 2028 ms
Input: 5000000,
Cold Start: false
Unique ID: e5296ce03abae2c219a2b5c043fc6a7e,
Execution Time for Trace ID e5296ce03abae2c219a2b5c043fc6a7e: 1965 ms
Input: 5000000,
Cold Start: false
Unique ID: c977a5089292dbf30144899254379c39,
Execution Time for Trace ID c977a5089292dbf30144899254379c39: 1357 ms
Input: 5000000,
Cold Start: false
Unique ID: 10a7683179b15aaad55e9c6d8da1b194,
Execution Time for Trace ID 10a7683179b15aaad55e9c6d8da1b194: 1573 ms
Input: 5000000,
Cold Start: false
Unique ID: 72ded82a7395e31256da3c071325791b,
Execution Time for Trace ID 72ded82a7395e31256da3c071325791b: 1958 ms
Input: 5000000,
Cold Start: false
Unique ID: caa2c7048a65111997b8d84e256ab78a,
Execution Time for Trace ID caa2c7048a65111997b8d84e256ab78a: 1978 ms
Input: 5000000,
Cold Start: false
Unique ID: 361f208f4f6a27f157f3a894d41c69f4,
Execution Time for Trace ID 361f208f4f6a27f157f3a894d41c69f4: 1694 ms
Input: 5000000,
Cold Start: false
Unique ID: 352dcb9a3de233f5f81b2c59f56f432d,
Execution Time for Trace ID 352dcb9a3de233f5f81b2c59f56f432d: 1832 ms
Input: 5000000,
Cold Start: false
Unique ID: 99d784fd56f6ec1843c3512ff96dc50d,
Execution Time for Trace ID 99d784fd56f6ec1843c3512ff96dc50d: 1746 ms
Input: 5000000,
Cold Start: false
Unique ID: 80c11819d076af1437ed4be15156a205,
Execution Time for Trace ID 80c11819d076af1437ed4be15156a205: 1806 ms
Input: 5000000,
Cold Start: false
Unique ID: 647e9056646933759c636e389b8bce34,
Execution Time for Trace ID 647e9056646933759c636e389b8bce34: 1389 ms
Input: 5000000,
Cold Start: false
Unique ID: 6ed8bb9e5aaa529e2ac60f14110f515f,
Execution Time for Trace ID 6ed8bb9e5aaa529e2ac60f14110f515f: 1485 ms
Input: 5000000,
Cold Start: false
Unique ID: 1ee8a4073904ff95312210fa66fab11a,
Execution Time for Trace ID 1ee8a4073904ff95312210fa66fab11a: 2220 ms
Input: 5000000,
Cold Start: true
Unique ID: 7ec971af60f35b3fc93e9c5bb01d8453,
Execution Time for Trace ID 7ec971af60f35b3fc93e9c5bb01d8453: 1909 ms
Input: 5000000,
Cold Start: false
Unique ID: ca0b19ecca271eb2c6b02964f2f98acc,
Execution Time for Trace ID ca0b19ecca271eb2c6b02964f2f98acc: 1363 ms
Input: 5000000,
Cold Start: false
Unique ID: 0521d2c613120b59324c7e07f6803bf6,
Execution Time for Trace ID 0521d2c613120b59324c7e07f6803bf6: 1518 ms
Input: 5000000,
Cold Start: false
Unique ID: 2da2464b9b3b2257e9102ed1716d6f82,
Execution Time for Trace ID 2da2464b9b3b2257e9102ed1716d6f82: 2210 ms
Input: 5000000,
Cold Start: true
Unique ID: 271b5fe336f0201d95e250a2e9dbeca0,
Execution Time for Trace ID 271b5fe336f0201d95e250a2e9dbeca0: 2251 ms
Input: 5000000,
Cold Start: true
Unique ID: a59243e5c7863f6cc92204e428c4bd9d,
Execution Time for Trace ID a59243e5c7863f6cc92204e428c4bd9d: 1805 ms
Input: 5000000,
Cold Start: false
Unique ID: 587a5573ec23b6ff5367abfb88798104,
Execution Time for Trace ID 587a5573ec23b6ff5367abfb88798104: 1758 ms
Input: 5000000,
Cold Start: false
Unique ID: bcd4505938ba890db4349f4c024cd958,
Execution Time for Trace ID bcd4505938ba890db4349f4c024cd958: 1978 ms
Input: 5000000,
Cold Start: false
Unique ID: 4a87e688b4c6e7184275f36daca18eca,
Execution Time for Trace ID 4a87e688b4c6e7184275f36daca18eca: 1357 ms
Input: 5000000,
Cold Start: false
Unique ID: b5aadbd3b43f22609e9335b2cba1c5d8,
Execution Time for Trace ID b5aadbd3b43f22609e9335b2cba1c5d8: 1587 ms
Input: 5000000,
Cold Start: false
Unique ID: 998096247e59c4e6a5605316967c1f86,
Execution Time for Trace ID 998096247e59c4e6a5605316967c1f86: 1567 ms
Input: 5000000,
Cold Start: false
Unique ID: 2097988a491c9d8cf354426c9df37085,
Execution Time for Trace ID 2097988a491c9d8cf354426c9df37085: 1631 ms
Input: 5000000,
Cold Start: false
Unique ID: c48a840103650ef2e73709203ba2c0e5,
Execution Time for Trace ID c48a840103650ef2e73709203ba2c0e5: 1817 ms
Input: 5000000,
Cold Start: false
Unique ID: 77db1ae38efb15314a7dac2aad137efd,
Execution Time for Trace ID 77db1ae38efb15314a7dac2aad137efd: 5967 ms
Input: 5000000,
Cold Start: false
Unique ID: 2a18ace1a56368337a839f7c82fbb84f,
Execution Time for Trace ID 2a18ace1a56368337a839f7c82fbb84f: 1466 ms
Input: 5000000,
Cold Start: false
Unique ID: 8e2ab44e981a43f794af15f3e42c9b63,
Execution Time for Trace ID 8e2ab44e981a43f794af15f3e42c9b63: 1515 ms
Input: 5000000,
Cold Start: false
Unique ID: f01b180fde744d2691825e1b7551cdb7,
Execution Time for Trace ID f01b180fde744d2691825e1b7551cdb7: 1550 ms
Input: 5000000,
Cold Start: false
Unique ID: 0f3a2941828a5f56d12bebd78bc36329,
Execution Time for Trace ID 0f3a2941828a5f56d12bebd78bc36329: 1687 ms
Input: 5000000,
Cold Start: false
Unique ID: ff4f07e10a5ca52d4a4ff93a82f2ab1c,
Execution Time for Trace ID ff4f07e10a5ca52d4a4ff93a82f2ab1c: 1802 ms
Input: 5000000,
Cold Start: false
Unique ID: 3a2528b7b10832b87a839f7c82fbb083,
Execution Time for Trace ID 3a2528b7b10832b87a839f7c82fbb083: 1469 ms
Input: 5000000,
Cold Start: false
Unique ID: 6e536638b47f8ecd23a402b6620798e0,
Execution Time for Trace ID 6e536638b47f8ecd23a402b6620798e0: 1571 ms
Input: 5000000,
Cold Start: false
Unique ID: 3cbc10e2fc0816513e74132f49b02754,
Execution Time for Trace ID 3cbc10e2fc0816513e74132f49b02754: 2029 ms
Input: 5000000,
Cold Start: false
Unique ID: 8ee6f000af79cc8b3a9cd466557a0b78,
Execution Time for Trace ID 8ee6f000af79cc8b3a9cd466557a0b78: 1366 ms
Input: 5000000,
Cold Start: false
Unique ID: 5d673a6063dc5d1d03d754af49144b3e,
Execution Time for Trace ID 5d673a6063dc5d1d03d754af49144b3e: 1518 ms
Input: 5000000,
Cold Start: false
Unique ID: 6734c399a6dd9507813497600246ca9e,
Execution Time for Trace ID 6734c399a6dd9507813497600246ca9e: 2530 ms
Input: 5000000,
Cold Start: false
Unique ID: a115bd8955afce4019144ec39b2470a5,
Execution Time for Trace ID a115bd8955afce4019144ec39b2470a5: 1521 ms
Input: 5000000,
Cold Start: false
Unique ID: 461831f4e4cbf942cbf7f6e8e3e36e1a,
Execution Time for Trace ID 461831f4e4cbf942cbf7f6e8e3e36e1a: 2351 ms
Input: 5000000,
Cold Start: true
Unique ID: 7258eefbfa65ba74ccda40438cb8912a,
Execution Time for Trace ID 7258eefbfa65ba74ccda40438cb8912a: 2068 ms
Input: 5000000,
Cold Start: false
Unique ID: 375f86ad8f98a743776bcb439fcb63d6,
Execution Time for Trace ID 375f86ad8f98a743776bcb439fcb63d6: 1423 ms
Input: 5000000,
Cold Start: false
Unique ID: c67937983725d8cda29408a7582f2518,
Execution Time for Trace ID c67937983725d8cda29408a7582f2518: 1859 ms
Input: 5000000,
Cold Start: false
Unique ID: ff6f4f690a2d39a290fa85fa7d5cf68f,
Execution Time for Trace ID ff6f4f690a2d39a290fa85fa7d5cf68f: 1871 ms
Input: 5000000,
Cold Start: false
Unique ID: fbebc9e0e5a1869b3ec185c7e12a3c41,
Execution Time for Trace ID fbebc9e0e5a1869b3ec185c7e12a3c41: 1424 ms
Input: 5000000,
Cold Start: false
Unique ID: 3d29fb842600bd79b502e40b1abed16b,
Execution Time for Trace ID 3d29fb842600bd79b502e40b1abed16b: 1392 ms
Input: 5000000,
Cold Start: false
Unique ID: 0e7f8ff34b69ca38ef917ae94e1eae1a,
Execution Time for Trace ID 0e7f8ff34b69ca38ef917ae94e1eae1a: 2406 ms
Input: 5000000,
Cold Start: false
Unique ID: 5a7167f31e083e58e41eae09b3d30af9,
Execution Time for Trace ID 5a7167f31e083e58e41eae09b3d30af9: 1366 ms
Input: 5000000,
Cold Start: false
Unique ID: 295ceb196a6d75e04647a7e21fc5d64f,
Execution Time for Trace ID 295ceb196a6d75e04647a7e21fc5d64f: 2485 ms
Input: 5000000,
Cold Start: true
Unique ID: 810a9e9aea1599099b9c53f319d178c4,
Execution Time for Trace ID 810a9e9aea1599099b9c53f319d178c4: 1870 ms
Input: 5000000,
Cold Start: false
Unique ID: ff0d6e565d311b0f67262b07e3bc497f,
Execution Time for Trace ID ff0d6e565d311b0f67262b07e3bc497f: 2100 ms
Input: 5000000,
Cold Start: false
Unique ID: d48a867c260df6fd5c7024b0ef357816,
Execution Time for Trace ID d48a867c260df6fd5c7024b0ef357816: 1667 ms
Input: 5000000,
Cold Start: false
Unique ID: 0970aab858c5f0a9544081cce3a01801,
Execution Time for Trace ID 0970aab858c5f0a9544081cce3a01801: 2028 ms
Input: 5000000,
Cold Start: false
Unique ID: 00842208a4bff02e602ab9f503f1cd7d,
Execution Time for Trace ID 00842208a4bff02e602ab9f503f1cd7d: 2019 ms
Input: 5000000,
Cold Start: false
Unique ID: 1d030b0c16e06ff2f0f63036f4e9333a,
Execution Time for Trace ID 1d030b0c16e06ff2f0f63036f4e9333a: 2115 ms
Input: 5000000,
Cold Start: false
Unique ID: 8b3b9cdd8fb7c21ea4d42091f1401b84,
Execution Time for Trace ID 8b3b9cdd8fb7c21ea4d42091f1401b84: 2060 ms
Input: 5000000,
Cold Start: false
Unique ID: e5c08f4f22bb67c60f3901ced95c956d,
Execution Time for Trace ID e5c08f4f22bb67c60f3901ced95c956d: 2597 ms
Input: 5000000,
Cold Start: true
Unique ID: fc8238e61fca65d03ee0e03d1fd57fdf,
Execution Time for Trace ID fc8238e61fca65d03ee0e03d1fd57fdf: 1394 ms
Input: 5000000,
Cold Start: false
Unique ID: b60a423f5d6c8f2db211086df6b33e31,
Execution Time for Trace ID b60a423f5d6c8f2db211086df6b33e31: 1459 ms
Input: 5000000,
Cold Start: false
Unique ID: a4d7afa9e7eba778de0aab22f540a998,
Execution Time for Trace ID a4d7afa9e7eba778de0aab22f540a998: 1576 ms
Input: 5000000,
Cold Start: false
Unique ID: 3fe94044928911142c32f4098d32047a,
Execution Time for Trace ID 3fe94044928911142c32f4098d32047a: 1501 ms
Input: 5000000,
Cold Start: false
Unique ID: a0c76feba414ef413259161fa207ecd9,
Execution Time for Trace ID a0c76feba414ef413259161fa207ecd9: 2204 ms
Input: 5000000,
Cold Start: false
Unique ID: 131e8bbb3efa4914e07c87e2091d476c,
Execution Time for Trace ID 131e8bbb3efa4914e07c87e2091d476c: 1363 ms
Input: 5000000,
Cold Start: false
Unique ID: 0af3b249c02309c82d2dbfffac4754b4,
Execution Time for Trace ID 0af3b249c02309c82d2dbfffac4754b4: 1853 ms
Input: 5000000,
Cold Start: false
Unique ID: a0080de854285e422a0f071c48d5ec5d,
Execution Time for Trace ID a0080de854285e422a0f071c48d5ec5d: 1920 ms
Input: 5000000,
Cold Start: false
Unique ID: b48da6732bea87e090c95be5d4869987,
Execution Time for Trace ID b48da6732bea87e090c95be5d4869987: 1340 ms
Input: 5000000,
Cold Start: false
Unique ID: 22225597b09f4275f63a2602de77c4cb,
Execution Time for Trace ID 22225597b09f4275f63a2602de77c4cb: 2262 ms
Input: 5000000,
Cold Start: false
Unique ID: 7bba8fd5483d8e7c576efed912423200,
Execution Time for Trace ID 7bba8fd5483d8e7c576efed912423200: 1515 ms
Input: 5000000,
Cold Start: false
Unique ID: 34b6d4f94c99fc1e9c005246cfe5fada,
Execution Time for Trace ID 34b6d4f94c99fc1e9c005246cfe5fada: 2051 ms
Input: 5000000,
Cold Start: true
Unique ID: a59e0f881a415057f4bac1685f24fbec,
Execution Time for Trace ID a59e0f881a415057f4bac1685f24fbec: 1684 ms
Input: 5000000,
Cold Start: false
Unique ID: 24c96b38fe884a6908be2bc0b58c3d1f,
Execution Time for Trace ID 24c96b38fe884a6908be2bc0b58c3d1f: 1954 ms
Input: 5000000,
Cold Start: false
Unique ID: 8378b82ab06b62e5fce36aef60ad076c,
Execution Time for Trace ID 8378b82ab06b62e5fce36aef60ad076c: 1931 ms
Input: 5000000,
Cold Start: false
Unique ID: 9fb8316a579954dc460d1d53cf03b769,
Execution Time for Trace ID 9fb8316a579954dc460d1d53cf03b769: 1468 ms
Input: 5000000,
Cold Start: false
Unique ID: 61372ca5ef656e75c54c0380ac8ead40,
Execution Time for Trace ID 61372ca5ef656e75c54c0380ac8ead40: 488 ms
Input: 5000000,
Cold Start: false
Unique ID: 0825ee2df56614d2bd117f7287b7d324,
Execution Time for Trace ID 0825ee2df56614d2bd117f7287b7d324: 1515 ms
Input: 5000000,
Cold Start: false
Unique ID: 55bea4596c577fdad93668f8159d933d,
Execution Time for Trace ID 55bea4596c577fdad93668f8159d933d: 1664 ms
Input: 5000000,
Cold Start: false
Unique ID: cb5ea25e034fa5622b3901b9802f074f,
Execution Time for Trace ID cb5ea25e034fa5622b3901b9802f074f: 1767 ms
Input: 5000000,
Cold Start: false
Unique ID: 66e9a1e27f766fc04b54d197eee8ab1e,
Execution Time for Trace ID 66e9a1e27f766fc04b54d197eee8ab1e: 1751 ms
Input: 5000000,
Cold Start: false
Unique ID: 4ea55a751423a5284c2b0cdffb54e006,
Execution Time for Trace ID 4ea55a751423a5284c2b0cdffb54e006: 1412 ms
Input: 5000000,
Cold Start: false
Unique ID: c152702ecfd2c44842fc0df224de8fb5,
Execution Time for Trace ID c152702ecfd2c44842fc0df224de8fb5: 1549 ms
Input: 5000000,
Cold Start: false
Unique ID: fdfbbad40eeb1717c7a305c509950bbe,
Execution Time for Trace ID fdfbbad40eeb1717c7a305c509950bbe: 1769 ms
Input: 5000000,
Cold Start: false
Unique ID: 22213086acf19692a3510e862a7d7dfb,
Execution Time for Trace ID 22213086acf19692a3510e862a7d7dfb: 1764 ms
Input: 5000000,
Cold Start: false
Unique ID: b566b8d7194155eab17e1ed2f2f7d96e,
Execution Time for Trace ID b566b8d7194155eab17e1ed2f2f7d96e: 1417 ms
Input: 5000000,
Cold Start: false
Unique ID: 3d1370ab5b78e2854070c49db9a7ca7d,
Execution Time for Trace ID 3d1370ab5b78e2854070c49db9a7ca7d: 1559 ms
Input: 5000000,
Cold Start: false
Unique ID: 24d8f77de8337bf88a8dd956c8e15803,
Execution Time for Trace ID 24d8f77de8337bf88a8dd956c8e15803: 1667 ms
Input: 5000000,
Cold Start: false
Unique ID: c7667065851cae32848e02180d09e271,
Execution Time for Trace ID c7667065851cae32848e02180d09e271: 1523 ms
Input: 5000000,
Cold Start: false
Unique ID: 8c84bfd4d33955bec6571ff09cded7c0,
Execution Time for Trace ID 8c84bfd4d33955bec6571ff09cded7c0: 1671 ms
Input: 5000000,
Cold Start: false
Unique ID: 452fb6dda93a0026eeee86dbcacb995e,
Execution Time for Trace ID 452fb6dda93a0026eeee86dbcacb995e: 1487 ms
Input: 5000000,
Cold Start: false
Unique ID: bb64ea50afba5caf7c5ad5decfb6aaa6,
Execution Time for Trace ID bb64ea50afba5caf7c5ad5decfb6aaa6: 1727 ms
Input: 5000000,
Cold Start: false
Unique ID: ff06ef6618ab5cb109d7ac42a8149754,
Execution Time for Trace ID ff06ef6618ab5cb109d7ac42a8149754: 1685 ms
Input: 5000000,
Cold Start: false
Unique ID: 1934aec74ba905e9a06d97996a6a8ba3,
Execution Time for Trace ID 1934aec74ba905e9a06d97996a6a8ba3: 1840 ms
Input: 5000000,
Cold Start: false
Unique ID: f40ee4e7a3857f449da4129c0b77f31f,
Execution Time for Trace ID f40ee4e7a3857f449da4129c0b77f31f: 1846 ms
Input: 5000000,
Cold Start: false
Unique ID: cae1e8357f2fb38465d9e1d553e3b2c2,
Execution Time for Trace ID cae1e8357f2fb38465d9e1d553e3b2c2: 1614 ms
Input: 5000000,
Cold Start: false
Unique ID: ffca1991f7e80cc661da5d1b3bfb9a3f,
Execution Time for Trace ID ffca1991f7e80cc661da5d1b3bfb9a3f: 634 ms
Input: 5000000,
Cold Start: false
Unique ID: a6e1fd38d68ad0dd9aea91deb8a8e69d,
Execution Time for Trace ID a6e1fd38d68ad0dd9aea91deb8a8e69d: 1643 ms
Input: 5000000,
Cold Start: false
Unique ID: a678d5d66cc929f6188e4c430df6ff89,
Execution Time for Trace ID a678d5d66cc929f6188e4c430df6ff89: 1812 ms
Input: 5000000,
Cold Start: false
Unique ID: d2af97c56d2f2ce5803fbaa249152964,
Execution Time for Trace ID d2af97c56d2f2ce5803fbaa249152964: 1636 ms
Input: 5000000,
Cold Start: false
Unique ID: 75ed2f3ccd77700172f2298e4dacb088,
Execution Time for Trace ID 75ed2f3ccd77700172f2298e4dacb088: 1690 ms
Input: 5000000,
Cold Start: false
Unique ID: ef63e5bf1b3bc06dc5c547f01c24b799,
Execution Time for Trace ID ef63e5bf1b3bc06dc5c547f01c24b799: 1565 ms
Input: 5000000,
Cold Start: false
Unique ID: 64272a016e68cdd742673a58eaee232d,
Execution Time for Trace ID 64272a016e68cdd742673a58eaee232d: 1505 ms
Input: 5000000,
Cold Start: false
Unique ID: 4e2c440fea7d88e84949656466863398,
Execution Time for Trace ID 4e2c440fea7d88e84949656466863398: 1488 ms
Input: 5000000,
Cold Start: false
Unique ID: f8ca9991329e5fcbb90ecc57b55c5ef2,
Execution Time for Trace ID f8ca9991329e5fcbb90ecc57b55c5ef2: 1720 ms
Input: 5000000,
Cold Start: false
Unique ID: 2d4a81b0c1905d829316ed677b0db29f,
Execution Time for Trace ID 2d4a81b0c1905d829316ed677b0db29f: 1358 ms
Input: 5000000,
Cold Start: false
Unique ID: 8bd2022f21cd4e1e232b377dc3b99353,
Execution Time for Trace ID 8bd2022f21cd4e1e232b377dc3b99353: 1492 ms
Input: 5000000,
Cold Start: false
Unique ID: 680efbfcfe1ce37cea514fbe263d2fdd,
Execution Time for Trace ID 680efbfcfe1ce37cea514fbe263d2fdd: 1449 ms
Input: 5000000,
Cold Start: false
Unique ID: 61093a413a3eae4ad1f67ec1066bca1d,
Execution Time for Trace ID 61093a413a3eae4ad1f67ec1066bca1d: 1758 ms
Input: 5000000,
Cold Start: false
Unique ID: a9939d12d1d6de36248a000f1b463392,
Execution Time for Trace ID a9939d12d1d6de36248a000f1b463392: 1598 ms
Input: 5000000,
Cold Start: false
Unique ID: fa62dc47d64defd7e03c4614add72e98,
Execution Time for Trace ID fa62dc47d64defd7e03c4614add72e98: 1454 ms
Input: 5000000,
Cold Start: false
Unique ID: 5280db41ebb871fd53b8bb3dbb3b3009,
Execution Time for Trace ID 5280db41ebb871fd53b8bb3dbb3b3009: 1454 ms
Input: 5000000,
Cold Start: false
Unique ID: e7fc652871dc5255d4a1f033872a9e03,
Execution Time for Trace ID e7fc652871dc5255d4a1f033872a9e03: 1448 ms
Input: 5000000,
Cold Start: false
Unique ID: 648079ddb4853cf7e68a67a3d5196ff8,
Execution Time for Trace ID 648079ddb4853cf7e68a67a3d5196ff8: 1911 ms
Input: 5000000,
Cold Start: false
Unique ID: 7946eadb799153be3f81db0ad1f45138,
Execution Time for Trace ID 7946eadb799153be3f81db0ad1f45138: 1960 ms
Input: 5000000,
Cold Start: false
Unique ID: 946975a0853e62b841cc4eca1cdaaa79,
Execution Time for Trace ID 946975a0853e62b841cc4eca1cdaaa79: 1406 ms
Input: 5000000,
Cold Start: false
Unique ID: 14cad063427e71537a20db87761a72dc,
Execution Time for Trace ID 14cad063427e71537a20db87761a72dc: 1579 ms
Input: 5000000,
Cold Start: false
Unique ID: da4452711b1401302110c2035e12e0ea,
Execution Time for Trace ID da4452711b1401302110c2035e12e0ea: 1501 ms
Input: 5000000,
Cold Start: false
Unique ID: f6187a793133659301968acaf935c701,
Execution Time for Trace ID f6187a793133659301968acaf935c701: 1818 ms
Input: 5000000,
Cold Start: false
Unique ID: 34a8f3298f310bd7081ffaf6fdd4e152,
Execution Time for Trace ID 34a8f3298f310bd7081ffaf6fdd4e152: 1716 ms
Input: 5000000,
Cold Start: false
Unique ID: eef6bea40a452ed1e49e95d35ee92942,
Execution Time for Trace ID eef6bea40a452ed1e49e95d35ee92942: 1365 ms
Input: 5000000,
Cold Start: false
Unique ID: d82ffe0892b084755fa8c2ec96d3311e,
Execution Time for Trace ID d82ffe0892b084755fa8c2ec96d3311e: 1345 ms
Input: 5000000,
Cold Start: false
Unique ID: 20c7e52bdf6797f20baf4776d38932fc,
Execution Time for Trace ID 20c7e52bdf6797f20baf4776d38932fc: 580 ms
Input: 5000000,
Cold Start: false
Unique ID: 530a5703cd853fb3d787c907457ed5b8,
Execution Time for Trace ID 530a5703cd853fb3d787c907457ed5b8: 1613 ms
Input: 5000000,
Cold Start: false
Unique ID: fa5272e82adb396c840a95a855067ad6,
Execution Time for Trace ID fa5272e82adb396c840a95a855067ad6: 1617 ms
Input: 5000000,
Cold Start: false
Unique ID: a00d07609a9dcbc91bbf803dcce8c4ec,
Execution Time for Trace ID a00d07609a9dcbc91bbf803dcce8c4ec: 1775 ms
Input: 5000000,
Cold Start: false
Unique ID: 276325d65b7262741956326192733ac3,
Execution Time for Trace ID 276325d65b7262741956326192733ac3: 1487 ms
Input: 5000000,
Cold Start: false
Unique ID: 0adce15dac3d4524c8d81e58ed8b0a8a,
Execution Time for Trace ID 0adce15dac3d4524c8d81e58ed8b0a8a: 1564 ms
Input: 5000000,
Cold Start: false
Unique ID: d53b7b0922241928c90f450af9b4615e,
Execution Time for Trace ID d53b7b0922241928c90f450af9b4615e: 1739 ms
Input: 5000000,
Cold Start: false
Unique ID: 4c084560dcb8224106ca160a543c34b2,
Execution Time for Trace ID 4c084560dcb8224106ca160a543c34b2: 1805 ms
Input: 5000000,
Cold Start: false
Unique ID: 60622eac74c63f15885efce8046da81d,
Execution Time for Trace ID 60622eac74c63f15885efce8046da81d: 1459 ms
Input: 5000000,
Cold Start: false
Unique ID: 712e33f2007a50b5fbb2ab4e93ff5277,
Execution Time for Trace ID 712e33f2007a50b5fbb2ab4e93ff5277: 1568 ms
Input: 5000000,
Cold Start: false
Unique ID: 69027e4789cf346516da27b80be7dc66,
Execution Time for Trace ID 69027e4789cf346516da27b80be7dc66: 1654 ms
Input: 5000000,
Cold Start: false
Unique ID: 01948377687fc24be62a3387dd7ac030,
Execution Time for Trace ID 01948377687fc24be62a3387dd7ac030: 1720 ms
Input: 5000000,
Cold Start: false
Unique ID: d2b549a8e4abd6b887ade83debc79194,
Execution Time for Trace ID d2b549a8e4abd6b887ade83debc79194: 1611 ms
Input: 5000000,
Cold Start: false
Unique ID: 5478a2dc47a158dd3478beb05a61730d,
Execution Time for Trace ID 5478a2dc47a158dd3478beb05a61730d: 1413 ms
Input: 5000000,
Cold Start: false
Unique ID: 2ec584e5c4ee2e814e91658c68ebc16e,
Execution Time for Trace ID 2ec584e5c4ee2e814e91658c68ebc16e: 1370 ms
Input: 5000000,
Cold Start: false
Unique ID: 924c12e850d607e9245e689fcf7b8ebb,
Execution Time for Trace ID 924c12e850d607e9245e689fcf7b8ebb: 1440 ms
Input: 5000000,
Cold Start: false
Unique ID: 279b1955ca84ec2633b09aa490d15c9b,
Execution Time for Trace ID 279b1955ca84ec2633b09aa490d15c9b: 1487 ms
Input: 5000000,
Cold Start: false
Unique ID: 7d1c46712a69aa5ee0b1537b626a81d1,
Execution Time for Trace ID 7d1c46712a69aa5ee0b1537b626a81d1: 1442 ms
Input: 5000000,
Cold Start: false
Unique ID: 68e1410f2cb97576997ea140af701167,
Execution Time for Trace ID 68e1410f2cb97576997ea140af701167: 1519 ms
Input: 5000000,
Cold Start: false
Unique ID: ce92ef2a62a83738d90589bfee0c7e5a,
Execution Time for Trace ID ce92ef2a62a83738d90589bfee0c7e5a: 1463 ms
Input: 5000000,
Cold Start: false
Unique ID: 842f9169e5916dbd64ad2e6ab8d8a46e,
Execution Time for Trace ID 842f9169e5916dbd64ad2e6ab8d8a46e: 1868 ms
Input: 5000000,
Cold Start: false
Unique ID: 477ac528310cc4781bb54a38168989bf,
Execution Time for Trace ID 477ac528310cc4781bb54a38168989bf: 2012 ms
Input: 5000000,
Cold Start: false
Unique ID: 654ffd3759fb6c8345d4e4122b73334b,
Execution Time for Trace ID 654ffd3759fb6c8345d4e4122b73334b: 1979 ms
Input: 5000000,
Cold Start: false
Unique ID: c106c696db2dfeb05ef44ba7f4f845ee,
Execution Time for Trace ID c106c696db2dfeb05ef44ba7f4f845ee: 1441 ms
Input: 5000000,
Cold Start: false
Unique ID: b1304b132bf8a897e86836c2b1893745,
Execution Time for Trace ID b1304b132bf8a897e86836c2b1893745: 1558 ms
Input: 5000000,
Cold Start: false
Unique ID: 6cef00a7220314899864fa07423ca704,
Execution Time for Trace ID 6cef00a7220314899864fa07423ca704: 1590 ms
Input: 5000000,
Cold Start: false
Unique ID: c1b7edb909be906e5785461124a0a120,
Execution Time for Trace ID c1b7edb909be906e5785461124a0a120: 1540 ms
Input: 5000000,
Cold Start: false
Unique ID: 2f1091a0dcad85857b2f45039710298d,
Execution Time for Trace ID 2f1091a0dcad85857b2f45039710298d: 2177 ms
Input: 5000000,
Cold Start: true
Unique ID: 19d6b93b67a00762ff42e809666eaae8,
Execution Time for Trace ID 19d6b93b67a00762ff42e809666eaae8: 1724 ms
Input: 5000000,
Cold Start: false
Unique ID: e436dca0c0ef8795ab182db33fa1bd61,
Execution Time for Trace ID e436dca0c0ef8795ab182db33fa1bd61: 1675 ms
Input: 5000000,
Cold Start: false
Unique ID: 681a537021b9ff1b5f66b3902c597022,
Execution Time for Trace ID 681a537021b9ff1b5f66b3902c597022: 1761 ms
Input: 5000000,
Cold Start: false
Unique ID: 2107e768205c1033fdf8c3040c82d345,
Execution Time for Trace ID 2107e768205c1033fdf8c3040c82d345: 1907 ms
Input: 5000000,
Cold Start: false
Unique ID: 50d864d89ca7095ca1e490e6d5e8a216,
Execution Time for Trace ID 50d864d89ca7095ca1e490e6d5e8a216: 2108 ms
Input: 5000000,
Cold Start: false
Unique ID: 31abfabaf9d8319c073e2943662215f5,
Execution Time for Trace ID 31abfabaf9d8319c073e2943662215f5: 1448 ms
Input: 5000000,
Cold Start: false
Unique ID: 3cbfab8576c5248653e0c44c76ecf03e,
Execution Time for Trace ID 3cbfab8576c5248653e0c44c76ecf03e: 1396 ms
Input: 5000000,
Cold Start: false
Unique ID: d712b6e00195db4807ad3cb369b56600,
Execution Time for Trace ID d712b6e00195db4807ad3cb369b56600: 1729 ms
Input: 5000000,
Cold Start: false
Unique ID: 90bf9f04df7f509bc14ea7bdb98fd505,
Execution Time for Trace ID 90bf9f04df7f509bc14ea7bdb98fd505: 2098 ms
Input: 5000000,
Cold Start: false
Unique ID: ea19ab3b8508419a401660a5c734c643,
Execution Time for Trace ID ea19ab3b8508419a401660a5c734c643: 2102 ms
Input: 5000000,
Cold Start: false
Unique ID: 6a17c4e5558ab3e7ece52549a7cac0eb,
Execution Time for Trace ID 6a17c4e5558ab3e7ece52549a7cac0eb: 1510 ms
Input: 5000000,
Cold Start: false
Unique ID: 9f8d0a50f1a835b6ce2deb31b47e7ed6,
Execution Time for Trace ID 9f8d0a50f1a835b6ce2deb31b47e7ed6: 1667 ms
Input: 5000000,
Cold Start: false
Unique ID: 7250a17a1477b8858412ea9772057dec,
Execution Time for Trace ID 7250a17a1477b8858412ea9772057dec: 1754 ms
Input: 5000000,
Cold Start: false
Unique ID: 1edb9bf1bfd0d6df3bd85f7c43f3af9e,
Execution Time for Trace ID 1edb9bf1bfd0d6df3bd85f7c43f3af9e: 1700 ms
Input: 5000000,
Cold Start: false
Unique ID: 495b57c0b19e34c23af44bbce765de88,
Execution Time for Trace ID 495b57c0b19e34c23af44bbce765de88: 1834 ms
Input: 5000000,
Cold Start: false
Unique ID: aae95ae09db19dab0206628632e2efa2,
Execution Time for Trace ID aae95ae09db19dab0206628632e2efa2: 1346 ms
Input: 5000000,
Cold Start: false
Unique ID: 5b7a6308ec67d0e34a8d1a487e700b24,
Execution Time for Trace ID 5b7a6308ec67d0e34a8d1a487e700b24: 1417 ms
Input: 5000000,
Cold Start: false
Unique ID: 9dad87072fa961994b1200b128fd2ae3,
Execution Time for Trace ID 9dad87072fa961994b1200b128fd2ae3: 1879 ms
Input: 5000000,
Cold Start: false
Unique ID: 628de19281266aefe42d1259f202e902,
Execution Time for Trace ID 628de19281266aefe42d1259f202e902: 2098 ms
Input: 5000000,
Cold Start: false
Unique ID: d51b54fc285d2f27ec83200e45772440,
Execution Time for Trace ID d51b54fc285d2f27ec83200e45772440: 2193 ms
Input: 5000000,
Cold Start: false
Unique ID: 5febb0bd505b698a95b29b82fbb4993c,
Execution Time for Trace ID 5febb0bd505b698a95b29b82fbb4993c: 1443 ms
Input: 5000000,
Cold Start: false
Unique ID: d30dfe5244443f76280ba392599f04b2,
Execution Time for Trace ID d30dfe5244443f76280ba392599f04b2: 1505 ms
Input: 5000000,
Cold Start: false
Unique ID: 51c0a129da262a49b64bf4e99aa96535,
Execution Time for Trace ID 51c0a129da262a49b64bf4e99aa96535: 1350 ms
Input: 5000000,
Cold Start: false
Unique ID: 5c520013949f94acfeb5063b19b8d9e4,
Execution Time for Trace ID 5c520013949f94acfeb5063b19b8d9e4: 2061 ms
Input: 5000000,
Cold Start: false
Unique ID: 66233d83deef7fb3347b86dade6bb54c,
Execution Time for Trace ID 66233d83deef7fb3347b86dade6bb54c: 2031 ms
Input: 5000000,
Cold Start: false
Unique ID: 162419add94d46fb737f5d5fc165f5e8,
Execution Time for Trace ID 162419add94d46fb737f5d5fc165f5e8: 1359 ms
Input: 5000000,
Cold Start: false
Unique ID: 956b8e044674b683cead67f34924c157,
Execution Time for Trace ID 956b8e044674b683cead67f34924c157: 1461 ms
Input: 5000000,
Cold Start: false
Unique ID: a8333f395dcca451922a90e760eeeb30,
Execution Time for Trace ID a8333f395dcca451922a90e760eeeb30: 1414 ms
Input: 5000000,
Cold Start: false
Unique ID: 277710140b6babb77664729dabe4f001,
Execution Time for Trace ID 277710140b6babb77664729dabe4f001: 2188 ms
Input: 5000000,
Cold Start: false
Unique ID: 85428f52d897d6a8831f819ed205d234,
Execution Time for Trace ID 85428f52d897d6a8831f819ed205d234: 2216 ms
Input: 5000000,
Cold Start: false
Unique ID: ae55c94d76dced5eaaa58cf5c3300eb2,
Execution Time for Trace ID ae55c94d76dced5eaaa58cf5c3300eb2: 1363 ms
Input: 5000000,
Cold Start: false
Unique ID: 72c1e6be341149e7d7d5721e8956172f,
Execution Time for Trace ID 72c1e6be341149e7d7d5721e8956172f: 1510 ms
Input: 5000000,
Cold Start: false
Unique ID: db6a221f99f776d5d60d20f27c6dab3a,
Execution Time for Trace ID db6a221f99f776d5d60d20f27c6dab3a: 1462 ms
Input: 5000000,
Cold Start: false
Unique ID: f3496baf3956abae62cd0cae842b9a32,
Execution Time for Trace ID f3496baf3956abae62cd0cae842b9a32: 1693 ms
Input: 5000000,
Cold Start: false
Unique ID: fcc4ded752f73a2162cd0cae842b9fb7,
Execution Time for Trace ID fcc4ded752f73a2162cd0cae842b9fb7: 1918 ms
Input: 5000000,
Cold Start: false
Unique ID: 0bdb289d079d0da3f235c0973910d0db,
Execution Time for Trace ID 0bdb289d079d0da3f235c0973910d0db: 1454 ms
Input: 5000000,
Cold Start: false
Unique ID: 1689a55a08a09c348321b12a8b774b7b,
Execution Time for Trace ID 1689a55a08a09c348321b12a8b774b7b: 1434 ms
Input: 5000000,
Cold Start: false
Unique ID: 926a9365c1a600e0738b1d3b957d7b67,
Execution Time for Trace ID 926a9365c1a600e0738b1d3b957d7b67: 1493 ms
Input: 5000000,
Cold Start: false
Unique ID: f82ca92eec2babcdf6d41a8777cc82cf,
Execution Time for Trace ID f82ca92eec2babcdf6d41a8777cc82cf: 1877 ms
Input: 5000000,
Cold Start: false
Unique ID: 6f5276059427df85e511981d2c5bd699,
Execution Time for Trace ID 6f5276059427df85e511981d2c5bd699: 1962 ms
Input: 5000000,
Cold Start: false
