Unique ID: 5941e0e5-6607-4d79-a962-3c9dd619eb63,
Billed Duration for Request 5941e0e5-6607-4d79-a962-3c9dd619eb63: 1937 ms
Input: 5500000,
Cold Start: false
Unique ID: 87c30f48-e483-49ee-8fed-c1a33a245b64,
Billed Duration for Request 87c30f48-e483-49ee-8fed-c1a33a245b64: 1953 ms
Input: 5500000,
Cold Start: false
Unique ID: 7d2a8cd5-2704-47e8-9f9f-0aae6f7b3a88,
Billed Duration for Request 7d2a8cd5-2704-47e8-9f9f-0aae6f7b3a88: 1994 ms
Input: 5500000,
Cold Start: false
Unique ID: b1fe7aa4-70dc-48f9-abaa-8d4625a6caf5,
Billed Duration for Request b1fe7aa4-70dc-48f9-abaa-8d4625a6caf5: 1961 ms
Input: 5500000,
Cold Start: false
Unique ID: 82c3fd42-72c8-4cf9-97cb-a59cbab7a2ae,
Billed Duration for Request 82c3fd42-72c8-4cf9-97cb-a59cbab7a2ae: 1942 ms
Input: 5500000,
Cold Start: false
Unique ID: ff417f68-114b-45cd-9a67-cc1697419984,
Billed Duration for Request ff417f68-114b-45cd-9a67-cc1697419984: 1794 ms
Input: 5500000,
Cold Start: false
Unique ID: 30af603d-a323-469c-996f-27508f6a0971,
Billed Duration for Request 30af603d-a323-469c-996f-27508f6a0971: 1982 ms
Input: 5500000,
Cold Start: false
Unique ID: b9fed62f-9c7b-48a3-baf1-d2cc03a15e37,
Billed Duration for Request b9fed62f-9c7b-48a3-baf1-d2cc03a15e37: 1833 ms
Input: 5500000,
Cold Start: false
Unique ID: e985fd53-c4d1-4618-8370-d7a3d8cfa198,
Billed Duration for Request e985fd53-c4d1-4618-8370-d7a3d8cfa198: 1973 ms
Input: 5500000,
Cold Start: false
Unique ID: 739f79a0-ecf8-4d40-8a48-2ddb0907643d,
Billed Duration for Request 739f79a0-ecf8-4d40-8a48-2ddb0907643d: 2027 ms
Input: 5500000,
Cold Start: false
Unique ID: 9d03a25b-f33b-4efa-8859-8ee5e4ba5475,
Billed Duration for Request 9d03a25b-f33b-4efa-8859-8ee5e4ba5475: 1955 ms
Input: 5500000,
Cold Start: false
Unique ID: c3d80121-eca5-4652-af4c-9d8b0f896df9,
Billed Duration for Request c3d80121-eca5-4652-af4c-9d8b0f896df9: 1929 ms
Input: 5500000,
Cold Start: false
Unique ID: 9e829552-3729-49b3-a3e1-80f3e1fca902,
Billed Duration for Request 9e829552-3729-49b3-a3e1-80f3e1fca902: 1934 ms
Input: 5500000,
Cold Start: false
Unique ID: bd15f3e7-b262-40ef-a871-cd456df270a0,
Billed Duration for Request bd15f3e7-b262-40ef-a871-cd456df270a0: 1922 ms
Input: 5500000,
Cold Start: false
Unique ID: ef89bf5f-f67d-44aa-a01a-a925d28e07e8,
Billed Duration for Request ef89bf5f-f67d-44aa-a01a-a925d28e07e8: 1836 ms
Input: 5500000,
Cold Start: false
Unique ID: 001ebf38-3f01-4ac1-8fc9-ced0710266a3,
Billed Duration for Request 001ebf38-3f01-4ac1-8fc9-ced0710266a3: 1836 ms
Input: 5500000,
Cold Start: false
Unique ID: a65a347b-f015-4080-95e2-e5684e72e3ad,
Billed Duration for Request a65a347b-f015-4080-95e2-e5684e72e3ad: 1994 ms
Input: 5500000,
Cold Start: false
Unique ID: 0cb13592-eb76-4b6a-af0f-92958890463c,
Billed Duration for Request 0cb13592-eb76-4b6a-af0f-92958890463c: 1989 ms
Input: 5500000,
Cold Start: false
Unique ID: b01fd92d-bd17-4dd9-8a55-f369ffa06308,
Billed Duration for Request b01fd92d-bd17-4dd9-8a55-f369ffa06308: 1999 ms
Input: 5500000,
Cold Start: false
Unique ID: c4566334-261b-4080-b0d7-4f9ca9fe183a,
Billed Duration for Request c4566334-261b-4080-b0d7-4f9ca9fe183a: 1919 ms
Input: 5500000,
Cold Start: false
Unique ID: 587a7b73-717e-436c-88a5-41633ef0168c,
Billed Duration for Request 587a7b73-717e-436c-88a5-41633ef0168c: 2005 ms
Input: 5500000,
Cold Start: false
Unique ID: 7a3842f9-9c97-48af-9e0f-4fa86ebdbb49,
Billed Duration for Request 7a3842f9-9c97-48af-9e0f-4fa86ebdbb49: 1922 ms
Input: 5500000,
Cold Start: false
Unique ID: 555c1858-d186-46f5-ac2f-9c466a163def,
Billed Duration for Request 555c1858-d186-46f5-ac2f-9c466a163def: 1951 ms
Input: 5500000,
Cold Start: false
Unique ID: a73744ae-c642-483f-9d7d-2ea5a93d6ae8,
Billed Duration for Request a73744ae-c642-483f-9d7d-2ea5a93d6ae8: 1939 ms
Input: 5500000,
Cold Start: false
Unique ID: 8d4ab2b2-c8c7-48f5-ae40-973175137d17,
Billed Duration for Request 8d4ab2b2-c8c7-48f5-ae40-973175137d17: 1818 ms
Input: 5500000,
Cold Start: false
Unique ID: 2f5a3669-4b86-46db-bab3-cbd235bbffdc,
Billed Duration for Request 2f5a3669-4b86-46db-bab3-cbd235bbffdc: 1776 ms
Input: 5500000,
Cold Start: false
Unique ID: d121f057-1220-47d9-af7a-b94a79f2c750,
Billed Duration for Request d121f057-1220-47d9-af7a-b94a79f2c750: 1992 ms
Input: 5500000,
Cold Start: false
Unique ID: 37e97c8c-bfd4-40e9-b228-b6010acfb9c1,
Billed Duration for Request 37e97c8c-bfd4-40e9-b228-b6010acfb9c1: 2008 ms
Input: 5500000,
Cold Start: false
Unique ID: 694c5f70-6d1a-4fcf-8b74-a2f8176b4620,
Billed Duration for Request 694c5f70-6d1a-4fcf-8b74-a2f8176b4620: 1993 ms
Input: 5500000,
Cold Start: false
Unique ID: 56b0f825-5d96-42e4-83e3-fb56b4ffac69,
Billed Duration for Request 56b0f825-5d96-42e4-83e3-fb56b4ffac69: 1914 ms
Input: 5500000,
Cold Start: false
Unique ID: f8d820d7-1658-4d0c-a9ef-cb59ffeaf205,
Billed Duration for Request f8d820d7-1658-4d0c-a9ef-cb59ffeaf205: 1991 ms
Input: 5500000,
Cold Start: false
Unique ID: d1c2625b-8b03-416e-8156-194b8b81a8af,
Billed Duration for Request d1c2625b-8b03-416e-8156-194b8b81a8af: 1963 ms
Input: 5500000,
Cold Start: false
Unique ID: 85e986ce-64df-4df1-8fe6-e2bf79670a7a,
Billed Duration for Request 85e986ce-64df-4df1-8fe6-e2bf79670a7a: 1916 ms
Input: 5500000,
Cold Start: false
Unique ID: 2a1f61b2-74ef-4ffe-bb41-8d4dcf8dc45c,
Billed Duration for Request 2a1f61b2-74ef-4ffe-bb41-8d4dcf8dc45c: 1966 ms
Input: 5500000,
Cold Start: false
Unique ID: e672c4f2-6650-4992-850e-24495823fdbe,
Billed Duration for Request e672c4f2-6650-4992-850e-24495823fdbe: 1821 ms
Input: 5500000,
Cold Start: false
Unique ID: bcf5eebf-457c-47ea-a5ac-09e7dfb9e8e8,
Billed Duration for Request bcf5eebf-457c-47ea-a5ac-09e7dfb9e8e8: 1822 ms
Input: 5500000,
Cold Start: false
Unique ID: 67684769-5cfe-499f-9d21-0c5942924975,
Billed Duration for Request 67684769-5cfe-499f-9d21-0c5942924975: 1974 ms
Input: 5500000,
Cold Start: false
Unique ID: 72370e4c-0f77-4c80-acaf-e77122d1e400,
Billed Duration for Request 72370e4c-0f77-4c80-acaf-e77122d1e400: 2016 ms
Input: 5500000,
Cold Start: false
Unique ID: ba21cdc9-5242-43f9-8a85-fd0ebdace4d5,
Billed Duration for Request ba21cdc9-5242-43f9-8a85-fd0ebdace4d5: 1939 ms
Input: 5500000,
Cold Start: false
Unique ID: 05002980-2d51-4dde-9b9a-f670641981b5,
Billed Duration for Request 05002980-2d51-4dde-9b9a-f670641981b5: 1991 ms
Input: 5500000,
Cold Start: false
Unique ID: bdfa40f8-515c-49c8-be38-402679b6984d,
Billed Duration for Request bdfa40f8-515c-49c8-be38-402679b6984d: 1924 ms
Input: 5500000,
Cold Start: false
Unique ID: f4f3d770-25e7-4837-b623-44e94ae522f9,
Billed Duration for Request f4f3d770-25e7-4837-b623-44e94ae522f9: 1934 ms
Input: 5500000,
Cold Start: false
Unique ID: 85bb5534-ce79-431d-9e04-eea0a68774d6,
Billed Duration for Request 85bb5534-ce79-431d-9e04-eea0a68774d6: 1958 ms
Input: 5500000,
Cold Start: false
Unique ID: 83f54e72-13dd-48eb-982f-4e869198b280,
Billed Duration for Request 83f54e72-13dd-48eb-982f-4e869198b280: 1837 ms
Input: 5500000,
Cold Start: false
Unique ID: 44bb3ca7-f4bd-4d44-8865-ad9b553c7f6e,
Billed Duration for Request 44bb3ca7-f4bd-4d44-8865-ad9b553c7f6e: 1815 ms
Input: 5500000,
Cold Start: false
Unique ID: 896f0fc2-e17a-4429-b2c6-3dc3c3b68a43,
Billed Duration for Request 896f0fc2-e17a-4429-b2c6-3dc3c3b68a43: 1986 ms
Input: 5500000,
Cold Start: false
Unique ID: c1821d45-731b-414f-94d4-620e60caa65b,
Billed Duration for Request c1821d45-731b-414f-94d4-620e60caa65b: 1989 ms
Input: 5500000,
Cold Start: false
Unique ID: 16e4c509-5cec-4912-92c1-83000173af52,
Billed Duration for Request 16e4c509-5cec-4912-92c1-83000173af52: 1923 ms
Input: 5500000,
Cold Start: false
Unique ID: 8f245246-1547-4c10-be1f-710a35e2b869,
Billed Duration for Request 8f245246-1547-4c10-be1f-710a35e2b869: 1995 ms
Input: 5500000,
Cold Start: false
Unique ID: 2a85cf6f-9c04-449e-bb7e-04d54ba64fee,
Billed Duration for Request 2a85cf6f-9c04-449e-bb7e-04d54ba64fee: 1948 ms
Input: 5500000,
Cold Start: false
Unique ID: cf6fd9c4-5a4f-41b7-8f15-3168fc7e01c6,
Billed Duration for Request cf6fd9c4-5a4f-41b7-8f15-3168fc7e01c6: 1953 ms
Input: 5500000,
Cold Start: false
Unique ID: b634ee3a-279f-45ee-ac15-01269fcccb34,
Billed Duration for Request b634ee3a-279f-45ee-ac15-01269fcccb34: 1962 ms
Input: 5500000,
Cold Start: false
Unique ID: a4d6eb14-206e-4fa1-963e-cf8a636df1bd,
Billed Duration for Request a4d6eb14-206e-4fa1-963e-cf8a636df1bd: 1796 ms
Input: 5500000,
Cold Start: false
Unique ID: fcfedba6-2b6e-4d3d-8e3c-68cf8ec3ee61,
Billed Duration for Request fcfedba6-2b6e-4d3d-8e3c-68cf8ec3ee61: 1810 ms
Input: 5500000,
Cold Start: false
Unique ID: 45a04cd7-b276-405b-b4ce-151468d0261b,
Billed Duration for Request 45a04cd7-b276-405b-b4ce-151468d0261b: 1981 ms
Input: 5500000,
Cold Start: false
Unique ID: b30ba69e-fdee-463a-8f86-34b59767055e,
Billed Duration for Request b30ba69e-fdee-463a-8f86-34b59767055e: 1989 ms
Input: 5500000,
Cold Start: false
Unique ID: 88ac0986-f1b6-49a9-90b9-a7cedc19cf5f,
Billed Duration for Request 88ac0986-f1b6-49a9-90b9-a7cedc19cf5f: 1995 ms
Input: 5500000,
Cold Start: false
Unique ID: f913b147-232b-48b1-a613-f32a623bc955,
Billed Duration for Request f913b147-232b-48b1-a613-f32a623bc955: 1946 ms
Input: 5500000,
Cold Start: false
Unique ID: baeef758-5ab1-42fc-8da7-cb26e73fac6b,
Billed Duration for Request baeef758-5ab1-42fc-8da7-cb26e73fac6b: 1964 ms
Input: 5500000,
Cold Start: false
Unique ID: 94af718a-fd7f-410f-be06-d6d6c84bcfe1,
Billed Duration for Request 94af718a-fd7f-410f-be06-d6d6c84bcfe1: 1939 ms
Input: 5500000,
Cold Start: false
Unique ID: 11622c39-573e-4936-802f-001fb4c38956,
Billed Duration for Request 11622c39-573e-4936-802f-001fb4c38956: 1941 ms
Input: 5500000,
Cold Start: false
Unique ID: 7c766675-ffdb-46fa-953d-c557d328c850,
Billed Duration for Request 7c766675-ffdb-46fa-953d-c557d328c850: 1841 ms
Input: 5500000,
Cold Start: false
Unique ID: 652665d0-de7c-46f2-9809-d305489d0598,
Billed Duration for Request 652665d0-de7c-46f2-9809-d305489d0598: 1813 ms
Input: 5500000,
Cold Start: false
Unique ID: 57f10f6c-804e-4e61-8df6-249b21b9e0c9,
Billed Duration for Request 57f10f6c-804e-4e61-8df6-249b21b9e0c9: 1982 ms
Input: 5500000,
Cold Start: false
Unique ID: 0311dde0-bb91-4e9a-af70-d4d3f7f3a444,
Billed Duration for Request 0311dde0-bb91-4e9a-af70-d4d3f7f3a444: 1987 ms
Input: 5500000,
Cold Start: false
Unique ID: 35285d2c-3e58-4e59-9cf6-d264f1fd63e1,
Billed Duration for Request 35285d2c-3e58-4e59-9cf6-d264f1fd63e1: 1979 ms
Input: 5500000,
Cold Start: false
Unique ID: c3d0c7ae-ac88-47bf-8b87-bdcda709e87f,
Billed Duration for Request c3d0c7ae-ac88-47bf-8b87-bdcda709e87f: 1938 ms
Input: 5500000,
Cold Start: false
Unique ID: 6af21e2e-72cf-4864-94ff-1d2040ee5c11,
Billed Duration for Request 6af21e2e-72cf-4864-94ff-1d2040ee5c11: 1917 ms
Input: 5500000,
Cold Start: false
Unique ID: fce809f3-e71b-41ad-92f8-15e8a6357e79,
Billed Duration for Request fce809f3-e71b-41ad-92f8-15e8a6357e79: 1996 ms
Input: 5500000,
Cold Start: false
Unique ID: 503f8f62-3da1-404b-80db-30cd480248b0,
Billed Duration for Request 503f8f62-3da1-404b-80db-30cd480248b0: 1970 ms
Input: 5500000,
Cold Start: false
Unique ID: 0f52936b-33f0-41f2-a5e6-6578dab87ab6,
Billed Duration for Request 0f52936b-33f0-41f2-a5e6-6578dab87ab6: 1957 ms
Input: 5500000,
Cold Start: false
Unique ID: 74ab51a8-a36b-415c-a434-c0c3a3dc49e1,
Billed Duration for Request 74ab51a8-a36b-415c-a434-c0c3a3dc49e1: 1805 ms
Input: 5500000,
Cold Start: false
Unique ID: 3c076730-e08b-47d6-b478-6e28ad7ac371,
Billed Duration for Request 3c076730-e08b-47d6-b478-6e28ad7ac371: 1788 ms
Input: 5500000,
Cold Start: false
Unique ID: 284dd241-f393-4640-85ba-faac09b0e686,
Billed Duration for Request 284dd241-f393-4640-85ba-faac09b0e686: 1999 ms
Input: 5500000,
Cold Start: false
Unique ID: 1d0892c4-f7fb-4185-8d18-77f7b4ea2058,
Billed Duration for Request 1d0892c4-f7fb-4185-8d18-77f7b4ea2058: 2003 ms
Input: 5500000,
Cold Start: false
Unique ID: 559a094d-ea2e-40f0-bcbf-214a6b4a9f59,
Billed Duration for Request 559a094d-ea2e-40f0-bcbf-214a6b4a9f59: 1998 ms
Input: 5500000,
Cold Start: false
Unique ID: e72e3b98-2cc1-4168-9999-8602bee8bc60,
Billed Duration for Request e72e3b98-2cc1-4168-9999-8602bee8bc60: 1925 ms
Input: 5500000,
Cold Start: false
Unique ID: 49e34595-1ba8-4662-9851-5cd6e95c6aca,
Billed Duration for Request 49e34595-1ba8-4662-9851-5cd6e95c6aca: 1933 ms
Input: 5500000,
Cold Start: false
Unique ID: 4bdcc7c1-38dd-4f28-8704-cd8c586686be,
Billed Duration for Request 4bdcc7c1-38dd-4f28-8704-cd8c586686be: 2012 ms
Input: 5500000,
Cold Start: false
Unique ID: 8d8c875d-b713-4cd1-9cfa-f1aa62a2ba33,
Billed Duration for Request 8d8c875d-b713-4cd1-9cfa-f1aa62a2ba33: 1948 ms
Input: 5500000,
Cold Start: false
Unique ID: 30bfd8bf-3cd7-4de4-ab62-4059ade6ea34,
Billed Duration for Request 30bfd8bf-3cd7-4de4-ab62-4059ade6ea34: 1956 ms
Input: 5500000,
Cold Start: false
Unique ID: 7df49e36-fe92-4a4e-9fb8-70fbbc1aacd8,
Billed Duration for Request 7df49e36-fe92-4a4e-9fb8-70fbbc1aacd8: 1820 ms
Input: 5500000,
Cold Start: false
Unique ID: 05b9e8a7-a0a0-4204-a2ac-a35a15ad71b2,
Billed Duration for Request 05b9e8a7-a0a0-4204-a2ac-a35a15ad71b2: 1829 ms
Input: 5500000,
Cold Start: false
Unique ID: 13d0a496-0266-4f35-9d9a-70874f7c86b9,
Billed Duration for Request 13d0a496-0266-4f35-9d9a-70874f7c86b9: 1986 ms
Input: 5500000,
Cold Start: false
Unique ID: 88ffb1ef-1f50-4bc0-8d75-53fcbd911cc9,
Billed Duration for Request 88ffb1ef-1f50-4bc0-8d75-53fcbd911cc9: 1996 ms
Input: 5500000,
Cold Start: false
Unique ID: 7c4b6a43-6524-41aa-91b2-8ff19a4cc0cc,
Billed Duration for Request 7c4b6a43-6524-41aa-91b2-8ff19a4cc0cc: 1947 ms
Input: 5500000,
Cold Start: false
Unique ID: 33d47bc4-3e4a-4658-8461-3fa5f864e0d5,
Billed Duration for Request 33d47bc4-3e4a-4658-8461-3fa5f864e0d5: 1925 ms
Input: 5500000,
Cold Start: false
Unique ID: 18c7eafd-5cdd-4656-a716-6fa26a1ba1a9,
Billed Duration for Request 18c7eafd-5cdd-4656-a716-6fa26a1ba1a9: 1999 ms
Input: 5500000,
Cold Start: false
Unique ID: 99d4c8b9-b1b0-4c53-8c72-e59c065f0cc5,
Billed Duration for Request 99d4c8b9-b1b0-4c53-8c72-e59c065f0cc5: 1944 ms
Input: 5500000,
Cold Start: false
Unique ID: accd729a-aa88-4667-afce-a38db6188951,
Billed Duration for Request accd729a-aa88-4667-afce-a38db6188951: 1961 ms
Input: 5500000,
Cold Start: false
Unique ID: 0eb305b7-48b0-4216-974a-af793d7bb8e3,
Billed Duration for Request 0eb305b7-48b0-4216-974a-af793d7bb8e3: 1804 ms
Input: 5500000,
Cold Start: false
Unique ID: 8c51ae80-8c8e-4142-81e2-7bf9d1aa96b4,
Billed Duration for Request 8c51ae80-8c8e-4142-81e2-7bf9d1aa96b4: 1830 ms
Input: 5500000,
Cold Start: false
Unique ID: 5ee84bc3-09ba-432c-bc81-0596eba847a4,
Billed Duration for Request 5ee84bc3-09ba-432c-bc81-0596eba847a4: 1980 ms
Input: 5500000,
Cold Start: false
Unique ID: 06b5f773-516d-46ec-ad9b-cf4bd2180ab8,
Billed Duration for Request 06b5f773-516d-46ec-ad9b-cf4bd2180ab8: 1994 ms
Input: 5500000,
Cold Start: false
Unique ID: 231ce3a6-d9e5-428f-8ef0-08943162f6ff,
Billed Duration for Request 231ce3a6-d9e5-428f-8ef0-08943162f6ff: 1791 ms
Input: 5500000,
Cold Start: false
Unique ID: 34a4c919-fea6-4779-b1d0-292ad297afd4,
Billed Duration for Request 34a4c919-fea6-4779-b1d0-292ad297afd4: 1841 ms
Input: 5500000,
Cold Start: false
Unique ID: 7e5dce7f-8ce6-4ce4-9dfe-07ffeb8de690,
Billed Duration for Request 7e5dce7f-8ce6-4ce4-9dfe-07ffeb8de690: 2014 ms
Input: 5500000,
Cold Start: false
Unique ID: 3479ecf7-1fce-44a1-85a1-5b413cf71b93,
Billed Duration for Request 3479ecf7-1fce-44a1-85a1-5b413cf71b93: 1999 ms
Input: 5500000,
Cold Start: false
Unique ID: 788cba8a-1974-45c6-bdcb-e2579544c0aa,
Billed Duration for Request 788cba8a-1974-45c6-bdcb-e2579544c0aa: 1970 ms
Input: 5500000,
Cold Start: false
Unique ID: 08fa233a-3284-4d27-92dc-fef96c6fd1f3,
Billed Duration for Request 08fa233a-3284-4d27-92dc-fef96c6fd1f3: 1991 ms
Input: 5500000,
Cold Start: false
Unique ID: 9d84db0b-b34a-4c20-9b37-38f78fa8bb14,
Billed Duration for Request 9d84db0b-b34a-4c20-9b37-38f78fa8bb14: 1932 ms
Input: 5500000,
Cold Start: false
Unique ID: 62dd8034-5365-42e6-8a42-71d45e38b509,
Billed Duration for Request 62dd8034-5365-42e6-8a42-71d45e38b509: 2000 ms
Input: 5500000,
Cold Start: false
Unique ID: 240cac4a-999c-428c-a7b2-bbbe9e591260,
Billed Duration for Request 240cac4a-999c-428c-a7b2-bbbe9e591260: 1960 ms
Input: 5500000,
Cold Start: false
Unique ID: a69ac477-552d-4580-9e4f-e231fb8f3eed,
Billed Duration for Request a69ac477-552d-4580-9e4f-e231fb8f3eed: 2012 ms
Input: 5500000,
Cold Start: false
Unique ID: 76c896e3-0f4f-4876-a2ab-36e0d62f5c81,
Billed Duration for Request 76c896e3-0f4f-4876-a2ab-36e0d62f5c81: 1836 ms
Input: 5500000,
Cold Start: false
Unique ID: aae22c82-de4e-45a6-a6b8-e0ea5f47fcdd,
Billed Duration for Request aae22c82-de4e-45a6-a6b8-e0ea5f47fcdd: 1794 ms
Input: 5500000,
Cold Start: false
Unique ID: 5cb21a89-4d99-4bfc-a90e-d3d7f8f255d7,
Billed Duration for Request 5cb21a89-4d99-4bfc-a90e-d3d7f8f255d7: 1957 ms
Input: 5500000,
Cold Start: false
Unique ID: b8243847-7452-44fe-ba44-87cac520569d,
Billed Duration for Request b8243847-7452-44fe-ba44-87cac520569d: 2018 ms
Input: 5500000,
Cold Start: false
Unique ID: afccf273-4c95-4ce6-bc49-58ece670fea9,
Billed Duration for Request afccf273-4c95-4ce6-bc49-58ece670fea9: 2066 ms
Input: 5500000,
Cold Start: false
Unique ID: c7969b03-64da-4463-af05-e5f3e3f0995f,
Billed Duration for Request c7969b03-64da-4463-af05-e5f3e3f0995f: 1950 ms
Input: 5500000,
Cold Start: false
Unique ID: 6fa3f4ea-ce7a-4eed-b740-f9f8bdc32825,
Billed Duration for Request 6fa3f4ea-ce7a-4eed-b740-f9f8bdc32825: 1978 ms
Input: 5500000,
Cold Start: false
Unique ID: 19eabc58-ecaa-464e-8255-95df65235487,
Billed Duration for Request 19eabc58-ecaa-464e-8255-95df65235487: 1949 ms
Input: 5500000,
Cold Start: false
Unique ID: 250ac4fb-8c7c-40da-b0df-a43023891941,
Billed Duration for Request 250ac4fb-8c7c-40da-b0df-a43023891941: 1952 ms
Input: 5500000,
Cold Start: false
Unique ID: 964c21d7-b397-4d65-922d-28ac4ce16c72,
Billed Duration for Request 964c21d7-b397-4d65-922d-28ac4ce16c72: 1833 ms
Input: 5500000,
Cold Start: false
Unique ID: 14653ff0-f6f9-44d9-8a3f-75739f140445,
Billed Duration for Request 14653ff0-f6f9-44d9-8a3f-75739f140445: 1782 ms
Input: 5500000,
Cold Start: false
Unique ID: 1c7af820-f1c3-4ecd-9a38-f62050c886d1,
Billed Duration for Request 1c7af820-f1c3-4ecd-9a38-f62050c886d1: 1999 ms
Input: 5500000,
Cold Start: false
Unique ID: cc0ca5ed-ef3d-4243-b070-80335d997c5c,
Billed Duration for Request cc0ca5ed-ef3d-4243-b070-80335d997c5c: 2032 ms
Input: 5500000,
Cold Start: false
Unique ID: 92e083e9-95e5-4abb-93e2-671cb3c5da7f,
Billed Duration for Request 92e083e9-95e5-4abb-93e2-671cb3c5da7f: 1939 ms
Input: 5500000,
Cold Start: false
Unique ID: b6797359-27a2-439c-8f5b-ecf7f664670c,
Billed Duration for Request b6797359-27a2-439c-8f5b-ecf7f664670c: 1994 ms
Input: 5500000,
Cold Start: false
Unique ID: 3c153169-e1ec-4590-b523-c2aadeedfa97,
Billed Duration for Request 3c153169-e1ec-4590-b523-c2aadeedfa97: 1934 ms
Input: 5500000,
Cold Start: false
Unique ID: 60360aea-68a3-417e-8374-9f7d1e5803e4,
Billed Duration for Request 60360aea-68a3-417e-8374-9f7d1e5803e4: 1933 ms
Input: 5500000,
Cold Start: false
Unique ID: 67c3658c-d6b5-4185-bbcd-8dbc214dcc32,
Billed Duration for Request 67c3658c-d6b5-4185-bbcd-8dbc214dcc32: 2001 ms
Input: 5500000,
Cold Start: false
Unique ID: 5897f412-79ca-419e-9486-df981e8e418e,
Billed Duration for Request 5897f412-79ca-419e-9486-df981e8e418e: 1806 ms
Input: 5500000,
Cold Start: false
Unique ID: 8802fae9-9e46-4965-878d-7c3703677982,
Billed Duration for Request 8802fae9-9e46-4965-878d-7c3703677982: 1835 ms
Input: 5500000,
Cold Start: false
Unique ID: bd0ab3de-effd-4f83-9bd7-e8815115410e,
Billed Duration for Request bd0ab3de-effd-4f83-9bd7-e8815115410e: 1949 ms
Input: 5500000,
Cold Start: false
Unique ID: 73efb88c-4e8d-4952-98d2-3218d1b55ab2,
Billed Duration for Request 73efb88c-4e8d-4952-98d2-3218d1b55ab2: 1997 ms
Input: 5500000,
Cold Start: false
Unique ID: 7dd0d485-615f-4932-9395-3f51b91474cd,
Billed Duration for Request 7dd0d485-615f-4932-9395-3f51b91474cd: 2013 ms
Input: 5500000,
Cold Start: false
Unique ID: d5200209-bfa9-408c-9d08-dc2a7f56eb66,
Billed Duration for Request d5200209-bfa9-408c-9d08-dc2a7f56eb66: 1972 ms
Input: 5500000,
Cold Start: false
Unique ID: d9940f24-2a87-40a0-8938-439f686b416a,
Billed Duration for Request d9940f24-2a87-40a0-8938-439f686b416a: 1930 ms
Input: 5500000,
Cold Start: false
Unique ID: 46c4d618-ab10-4c9a-a90f-a1ee89ff351a,
Billed Duration for Request 46c4d618-ab10-4c9a-a90f-a1ee89ff351a: 1959 ms
Input: 5500000,
Cold Start: false
Unique ID: 830d541f-91a0-4930-ad19-a2c543debaf4,
Billed Duration for Request 830d541f-91a0-4930-ad19-a2c543debaf4: 2003 ms
Input: 5500000,
Cold Start: false
Unique ID: acf9f8df-5c87-40b4-9053-11bb01e7a79f,
Billed Duration for Request acf9f8df-5c87-40b4-9053-11bb01e7a79f: 1809 ms
Input: 5500000,
Cold Start: false
Unique ID: 69728ea4-a6b1-490f-8ecf-76f44de41272,
Billed Duration for Request 69728ea4-a6b1-490f-8ecf-76f44de41272: 1842 ms
Input: 5500000,
Cold Start: false
Unique ID: 875fca68-1602-4a6e-81fb-a82107db19c0,
Billed Duration for Request 875fca68-1602-4a6e-81fb-a82107db19c0: 1961 ms
Input: 5500000,
Cold Start: false
Unique ID: 15be41d8-97ed-4815-a354-da12e8147ea8,
Billed Duration for Request 15be41d8-97ed-4815-a354-da12e8147ea8: 1992 ms
Input: 5500000,
Cold Start: false
Unique ID: 6bf1cf2b-27ce-430f-a404-0a6d07d5bfdb,
Billed Duration for Request 6bf1cf2b-27ce-430f-a404-0a6d07d5bfdb: 1970 ms
Input: 5500000,
Cold Start: false
Unique ID: e2ad52ed-5ce7-4044-98e9-a38a6f227f34,
Billed Duration for Request e2ad52ed-5ce7-4044-98e9-a38a6f227f34: 1933 ms
Input: 5500000,
Cold Start: false
Unique ID: aab428f7-8308-45ea-b5d8-37f66bd7b698,
Billed Duration for Request aab428f7-8308-45ea-b5d8-37f66bd7b698: 1940 ms
Input: 5500000,
Cold Start: false
Unique ID: 4c90fd6d-6984-4274-abbf-4fa54cb0c213,
Billed Duration for Request 4c90fd6d-6984-4274-abbf-4fa54cb0c213: 1962 ms
Input: 5500000,
Cold Start: false
Unique ID: 776f2364-2751-49a1-93c9-4aa77a63a5f4,
Billed Duration for Request 776f2364-2751-49a1-93c9-4aa77a63a5f4: 1998 ms
Input: 5500000,
Cold Start: false
Unique ID: dcdb9bb9-de60-478d-8116-23c4db6ba417,
Billed Duration for Request dcdb9bb9-de60-478d-8116-23c4db6ba417: 2012 ms
Input: 5500000,
Cold Start: false
Unique ID: dcf0e9aa-b4ca-45cd-b53c-f66fb917aa19,
Billed Duration for Request dcf0e9aa-b4ca-45cd-b53c-f66fb917aa19: 1813 ms
Input: 5500000,
Cold Start: false
Unique ID: fa088fc7-8196-49d0-97a9-5e1eacd20afd,
Billed Duration for Request fa088fc7-8196-49d0-97a9-5e1eacd20afd: 1800 ms
Input: 5500000,
Cold Start: false
Unique ID: 230b0bcb-4ce8-4980-b0b6-3d0342bff7da,
Billed Duration for Request 230b0bcb-4ce8-4980-b0b6-3d0342bff7da: 1960 ms
Input: 5500000,
Cold Start: false
Unique ID: 53cdb1d8-ce69-4343-864c-61fd57325343,
Billed Duration for Request 53cdb1d8-ce69-4343-864c-61fd57325343: 1972 ms
Input: 5500000,
Cold Start: false
Unique ID: a8cc4e7f-e2de-4a7a-94dd-69f424beabc2,
Billed Duration for Request a8cc4e7f-e2de-4a7a-94dd-69f424beabc2: 1920 ms
Input: 5500000,
Cold Start: false
Unique ID: cc15a447-c96e-4270-8167-5003e958cde9,
Billed Duration for Request cc15a447-c96e-4270-8167-5003e958cde9: 1924 ms
Input: 5500000,
Cold Start: false
Unique ID: 02e2e86a-8f03-4d72-952e-453ed7a81b6a,
Billed Duration for Request 02e2e86a-8f03-4d72-952e-453ed7a81b6a: 1999 ms
Input: 5500000,
Cold Start: false
Unique ID: dfb88132-fd03-4700-8967-117592137d2b,
Billed Duration for Request dfb88132-fd03-4700-8967-117592137d2b: 1963 ms
Input: 5500000,
Cold Start: false
Unique ID: e3db462a-f850-430b-97f4-d0cf211b725e,
Billed Duration for Request e3db462a-f850-430b-97f4-d0cf211b725e: 1993 ms
Input: 5500000,
Cold Start: false
Unique ID: 17e4f13a-7d95-48e6-adc1-402c521d6449,
Billed Duration for Request 17e4f13a-7d95-48e6-adc1-402c521d6449: 1797 ms
Input: 5500000,
Cold Start: false
Unique ID: 0dc43a41-7e73-4ceb-bd63-e2320b5750ec,
Billed Duration for Request 0dc43a41-7e73-4ceb-bd63-e2320b5750ec: 1808 ms
Input: 5500000,
Cold Start: false
Unique ID: 74d73a37-0bb1-4f22-ba05-32b1c06113da,
Billed Duration for Request 74d73a37-0bb1-4f22-ba05-32b1c06113da: 1962 ms
Input: 5500000,
Cold Start: false
Unique ID: ea5bc3c6-ba27-4bee-805d-99d35002f345,
Billed Duration for Request ea5bc3c6-ba27-4bee-805d-99d35002f345: 1974 ms
Input: 5500000,
Cold Start: false
Unique ID: ff9e7e2b-f9ad-41b0-a739-6efdd2382b53,
Billed Duration for Request ff9e7e2b-f9ad-41b0-a739-6efdd2382b53: 1979 ms
Input: 5500000,
Cold Start: false
Unique ID: 0e11997a-911e-4eca-8439-2ccd8d1635ef,
Billed Duration for Request 0e11997a-911e-4eca-8439-2ccd8d1635ef: 1935 ms
Input: 5500000,
Cold Start: false
Unique ID: 98d6fa3b-8811-4cab-90d9-6688610b76aa,
Billed Duration for Request 98d6fa3b-8811-4cab-90d9-6688610b76aa: 1912 ms
Input: 5500000,
Cold Start: false
Unique ID: 274ed7d0-f1cd-410f-8482-95b2f8d42354,
Billed Duration for Request 274ed7d0-f1cd-410f-8482-95b2f8d42354: 1964 ms
Input: 5500000,
Cold Start: false
Unique ID: 6a9acf74-c7bd-459d-bf69-7d917ff1c47a,
Billed Duration for Request 6a9acf74-c7bd-459d-bf69-7d917ff1c47a: 2053 ms
Input: 5500000,
Cold Start: false
Unique ID: a86826ac-b772-49b4-b66f-b67304b61ae6,
Billed Duration for Request a86826ac-b772-49b4-b66f-b67304b61ae6: 1840 ms
Input: 5500000,
Cold Start: false
Unique ID: 72d0bd0c-38c4-4dd0-b4dd-52cd50c88919,
Billed Duration for Request 72d0bd0c-38c4-4dd0-b4dd-52cd50c88919: 1785 ms
Input: 5500000,
Cold Start: false
Unique ID: 08430c91-ab63-4746-a65e-ac3f520eb6b8,
Billed Duration for Request 08430c91-ab63-4746-a65e-ac3f520eb6b8: 1970 ms
Input: 5500000,
Cold Start: false
Unique ID: e397d724-4e5b-4cd2-9621-e0159e49d8d3,
Billed Duration for Request e397d724-4e5b-4cd2-9621-e0159e49d8d3: 2003 ms
Input: 5500000,
Cold Start: false
Unique ID: a1c0bc65-6331-4f46-8e97-ad7ebaccb77e,
Billed Duration for Request a1c0bc65-6331-4f46-8e97-ad7ebaccb77e: 1994 ms
Input: 5500000,
Cold Start: false
Unique ID: a72b11dd-f147-4a4e-8cc7-3c572a5152a9,
Billed Duration for Request a72b11dd-f147-4a4e-8cc7-3c572a5152a9: 1939 ms
Input: 5500000,
Cold Start: false
Unique ID: 641f6165-edf9-4e32-a6f0-93e6001a6bb1,
Billed Duration for Request 641f6165-edf9-4e32-a6f0-93e6001a6bb1: 1940 ms
Input: 5500000,
Cold Start: false
Unique ID: 63b635d7-ae61-483b-ab3e-59a422a5648b,
Billed Duration for Request 63b635d7-ae61-483b-ab3e-59a422a5648b: 1994 ms
Input: 5500000,
Cold Start: false
Unique ID: 84273cb3-1e41-458d-90e5-550a512d3c0a,
Billed Duration for Request 84273cb3-1e41-458d-90e5-550a512d3c0a: 1961 ms
Input: 5500000,
Cold Start: false
Unique ID: 90105a4d-ee3d-427f-bfde-b7b7f9a467fd,
Billed Duration for Request 90105a4d-ee3d-427f-bfde-b7b7f9a467fd: 1794 ms
Input: 5500000,
Cold Start: false
Unique ID: 174eaaf7-d986-4b3b-84fb-61416119a9f3,
Billed Duration for Request 174eaaf7-d986-4b3b-84fb-61416119a9f3: 1795 ms
Input: 5500000,
Cold Start: false
Unique ID: 8f097faf-4e61-465f-9b3c-73c346d26904,
Billed Duration for Request 8f097faf-4e61-465f-9b3c-73c346d26904: 1992 ms
Input: 5500000,
Cold Start: false
Unique ID: dff899c8-49d6-4ece-9bd8-07e7b637efe7,
Billed Duration for Request dff899c8-49d6-4ece-9bd8-07e7b637efe7: 1986 ms
Input: 5500000,
Cold Start: false
Unique ID: b9952dcb-0dda-44a1-b7b7-05e756fbafa6,
Billed Duration for Request b9952dcb-0dda-44a1-b7b7-05e756fbafa6: 2008 ms
Input: 5500000,
Cold Start: false
Unique ID: 963bc6ea-0baf-46de-89bd-12af71fa5dc8,
Billed Duration for Request 963bc6ea-0baf-46de-89bd-12af71fa5dc8: 1932 ms
Input: 5500000,
Cold Start: false
Unique ID: 7bca701a-b31f-4b32-9471-2da3072e9580,
Billed Duration for Request 7bca701a-b31f-4b32-9471-2da3072e9580: 1912 ms
Input: 5500000,
Cold Start: false
Unique ID: 4f073f7f-aec0-47c3-9740-a9e86d3b12fc,
Billed Duration for Request 4f073f7f-aec0-47c3-9740-a9e86d3b12fc: 1994 ms
Input: 5500000,
Cold Start: false
Unique ID: 92534fdc-6808-4c35-b322-c385e580411e,
Billed Duration for Request 92534fdc-6808-4c35-b322-c385e580411e: 1955 ms
Input: 5500000,
Cold Start: false
Unique ID: bd25604f-0d44-407b-9837-147fce6f45e3,
Billed Duration for Request bd25604f-0d44-407b-9837-147fce6f45e3: 2027 ms
Input: 5500000,
Cold Start: false
Unique ID: 40c774d2-d72a-4741-ba04-a4488a9e6676,
Billed Duration for Request 40c774d2-d72a-4741-ba04-a4488a9e6676: 1834 ms
Input: 5500000,
Cold Start: false
Unique ID: 09733870-bb2f-4576-a874-cc55dd18703a,
Billed Duration for Request 09733870-bb2f-4576-a874-cc55dd18703a: 1769 ms
Input: 5500000,
Cold Start: false
Unique ID: 4d6f46c0-933c-4dad-bb36-f0791ce2d097,
Billed Duration for Request 4d6f46c0-933c-4dad-bb36-f0791ce2d097: 1956 ms
Input: 5500000,
Cold Start: false
Unique ID: 2248a15c-a334-4add-8b7e-632dab2e5cde,
Billed Duration for Request 2248a15c-a334-4add-8b7e-632dab2e5cde: 2001 ms
Input: 5500000,
Cold Start: false
Unique ID: 8af531d8-3137-4fff-80ab-9a9d8c7f68d1,
Billed Duration for Request 8af531d8-3137-4fff-80ab-9a9d8c7f68d1: 1918 ms
Input: 5500000,
Cold Start: false
Unique ID: e7a09d18-7b40-4e96-8601-9a9af0ba86e0,
Billed Duration for Request e7a09d18-7b40-4e96-8601-9a9af0ba86e0: 1942 ms
Input: 5500000,
Cold Start: false
Unique ID: 496a02de-bdb4-4023-9424-e55e1218a9ed,
Billed Duration for Request 496a02de-bdb4-4023-9424-e55e1218a9ed: 1999 ms
Input: 5500000,
Cold Start: false
Unique ID: e3750db8-84a2-437d-ac41-a17dcf163bb0,
Billed Duration for Request e3750db8-84a2-437d-ac41-a17dcf163bb0: 1941 ms
Input: 5500000,
Cold Start: false
Unique ID: 52d51f5f-98d1-4400-bc6a-12f3f2759d6d,
Billed Duration for Request 52d51f5f-98d1-4400-bc6a-12f3f2759d6d: 2002 ms
Input: 5500000,
Cold Start: false
