Unique ID: 14990a4e17877993438c08a971c43ee8,
Execution Time for Trace ID 14990a4e17877993438c08a971c43ee8: 1530 ms
Input: 5250000,
Cold Start: false
Unique ID: 4a2665187c7f02f73fb9b10b02f9e041,
Execution Time for Trace ID 4a2665187c7f02f73fb9b10b02f9e041: 1577 ms
Input: 5250000,
Cold Start: false
Unique ID: fdeb8fd7c621b0d61ca8ba4c072faf08,
Execution Time for Trace ID fdeb8fd7c621b0d61ca8ba4c072faf08: 677 ms
Input: 5250000,
Cold Start: false
Unique ID: c490992f3f45b50eea6df85999186f66,
Execution Time for Trace ID c490992f3f45b50eea6df85999186f66: 1970 ms
Input: 5250000,
Cold Start: false
Unique ID: c7675016750f07da54c05a23b7ea23b2,
Execution Time for Trace ID c7675016750f07da54c05a23b7ea23b2: 1937 ms
Input: 5250000,
Cold Start: false
Unique ID: 6641aaeda718215a520fa3c10d796be9,
Execution Time for Trace ID 6641aaeda718215a520fa3c10d796be9: 1907 ms
Input: 5250000,
Cold Start: false
Unique ID: cb4eac6c08828e44ab189014f31ac515,
Execution Time for Trace ID cb4eac6c08828e44ab189014f31ac515: 1598 ms
Input: 5250000,
Cold Start: false
Unique ID: 4110c5d0a0a2e705d392a82ad9c8e6c4,
Execution Time for Trace ID 4110c5d0a0a2e705d392a82ad9c8e6c4: 1486 ms
Input: 5250000,
Cold Start: false
Unique ID: 19c617b78588059dfced5aedfdf6da95,
Execution Time for Trace ID 19c617b78588059dfced5aedfdf6da95: 1726 ms
Input: 5250000,
Cold Start: false
Unique ID: 5ebec79ebbbc22a5b3691b9bbdb640f7,
Execution Time for Trace ID 5ebec79ebbbc22a5b3691b9bbdb640f7: 1681 ms
Input: 5250000,
Cold Start: false
Unique ID: d0291a687ab761593b3fd7bbac79c88b,
Execution Time for Trace ID d0291a687ab761593b3fd7bbac79c88b: 1436 ms
Input: 5250000,
Cold Start: false
Unique ID: 02083d68a46792677acb475d62c546f8,
Execution Time for Trace ID 02083d68a46792677acb475d62c546f8: 1591 ms
Input: 5250000,
Cold Start: false
Unique ID: 4110df98099afff648aa2356135fb498,
Execution Time for Trace ID 4110df98099afff648aa2356135fb498: 1744 ms
Input: 5250000,
Cold Start: false
Unique ID: 70fb9d27024612b8353aee7e17e32888,
Execution Time for Trace ID 70fb9d27024612b8353aee7e17e32888: 1946 ms
Input: 5250000,
Cold Start: false
Unique ID: 8d97a35b573969010c753ab4e2ce2d93,
Execution Time for Trace ID 8d97a35b573969010c753ab4e2ce2d93: 2101 ms
Input: 5250000,
Cold Start: false
Unique ID: f2006ca12ddaebbf6e5b988c63592a1c,
Execution Time for Trace ID f2006ca12ddaebbf6e5b988c63592a1c: 1463 ms
Input: 5250000,
Cold Start: false
Unique ID: d9ac731a56b2ca1dd30817af9c55a3cb,
Execution Time for Trace ID d9ac731a56b2ca1dd30817af9c55a3cb: 1549 ms
Input: 5250000,
Cold Start: false
Unique ID: 566854f8fbd1e79ee335fe96adc0682a,
Execution Time for Trace ID 566854f8fbd1e79ee335fe96adc0682a: 1552 ms
Input: 5250000,
Cold Start: false
Unique ID: 2dd5ac5591a6a7ae0d6174c530751567,
Execution Time for Trace ID 2dd5ac5591a6a7ae0d6174c530751567: 526 ms
Input: 5250000,
Cold Start: false
Unique ID: 4f16abad9e8ea53c5dbcbf837efcbcd2,
Execution Time for Trace ID 4f16abad9e8ea53c5dbcbf837efcbcd2: 1653 ms
Input: 5250000,
Cold Start: false
Unique ID: 7419db2ea4a46cabfb9f71b60b19f230,
Execution Time for Trace ID 7419db2ea4a46cabfb9f71b60b19f230: 1818 ms
Input: 5250000,
Cold Start: false
Unique ID: 4a300af8d8d431ea939085eb546846ab,
Execution Time for Trace ID 4a300af8d8d431ea939085eb546846ab: 1484 ms
Input: 5250000,
Cold Start: false
Unique ID: d2e33042efa68116da63a0fdb8c8d21d,
Execution Time for Trace ID d2e33042efa68116da63a0fdb8c8d21d: 1530 ms
Input: 5250000,
Cold Start: false
Unique ID: 90ba3115dc54fbbcfa0b9b80c1a8f442,
Execution Time for Trace ID 90ba3115dc54fbbcfa0b9b80c1a8f442: 1579 ms
Input: 5250000,
Cold Start: false
Unique ID: d2b93345beba70a7cc54f8bf49f9277f,
Execution Time for Trace ID d2b93345beba70a7cc54f8bf49f9277f: 2253 ms
Input: 5250000,
Cold Start: false
Unique ID: 789c41d4864a6f61fe5c1b2ffe73f279,
Execution Time for Trace ID 789c41d4864a6f61fe5c1b2ffe73f279: 1442 ms
Input: 5250000,
Cold Start: false
Unique ID: 968c07073242870d5ae60beb99d26f47,
Execution Time for Trace ID 968c07073242870d5ae60beb99d26f47: 1489 ms
Input: 5250000,
Cold Start: false
Unique ID: 90746ecc2c826986c054806df649991e,
Execution Time for Trace ID 90746ecc2c826986c054806df649991e: 1441 ms
Input: 5250000,
Cold Start: false
Unique ID: 75c1bc7a0cc7cee2750e8bb045ea976a,
Execution Time for Trace ID 75c1bc7a0cc7cee2750e8bb045ea976a: 2016 ms
Input: 5250000,
Cold Start: false
Unique ID: c0c7d6bab2fbe871ecb222374aff7eba,
Execution Time for Trace ID c0c7d6bab2fbe871ecb222374aff7eba: 2269 ms
Input: 5250000,
Cold Start: false
Unique ID: dacad12d1cddf004fb47f04d707c747a,
Execution Time for Trace ID dacad12d1cddf004fb47f04d707c747a: 1493 ms
Input: 5250000,
Cold Start: false
Unique ID: 11d235c73b9ebd1a09b7baccdfca53bb,
Execution Time for Trace ID 11d235c73b9ebd1a09b7baccdfca53bb: 1801 ms
Input: 5250000,
Cold Start: false
Unique ID: f92cb940fde2df01ebe4d8c3fa051c46,
Execution Time for Trace ID f92cb940fde2df01ebe4d8c3fa051c46: 2040 ms
Input: 5250000,
Cold Start: false
Unique ID: 2bf8c2e2bc467ba6b0bc3ce86dcbbe23,
Execution Time for Trace ID 2bf8c2e2bc467ba6b0bc3ce86dcbbe23: 1032 ms
Input: 5250000,
Cold Start: false
Unique ID: e5cea806357e9fc94ea8993e75674264,
Execution Time for Trace ID e5cea806357e9fc94ea8993e75674264: 2181 ms
Input: 5250000,
Cold Start: false
Unique ID: 848ab521ae3c09fb4e1f8909234173a8,
Execution Time for Trace ID 848ab521ae3c09fb4e1f8909234173a8: 1450 ms
Input: 5250000,
Cold Start: false
Unique ID: 11642d1715073789a53b6537cfec7082,
Execution Time for Trace ID 11642d1715073789a53b6537cfec7082: 2013 ms
Input: 5250000,
Cold Start: true
Unique ID: bc1a8227c012c36e62f8d24c12c689a3,
Execution Time for Trace ID bc1a8227c012c36e62f8d24c12c689a3: 1566 ms
Input: 5250000,
Cold Start: false
Unique ID: 77958d715860df8dff8cd4379e729680,
Execution Time for Trace ID 77958d715860df8dff8cd4379e729680: 1777 ms
Input: 5250000,
Cold Start: false
Unique ID: ed7e8486d92580f7e44dbce9935d3441,
Execution Time for Trace ID ed7e8486d92580f7e44dbce9935d3441: 1447 ms
Input: 5250000,
Cold Start: false
Unique ID: 9351265b09d0540e8b3249213bf8b785,
Execution Time for Trace ID 9351265b09d0540e8b3249213bf8b785: 2184 ms
Input: 5250000,
Cold Start: true
Unique ID: 0d933e1b5d8c9db2c9481cec74868a85,
Execution Time for Trace ID 0d933e1b5d8c9db2c9481cec74868a85: 1862 ms
Input: 5250000,
Cold Start: false
Unique ID: cc1dd66ab846f0311af85f4063462314,
Execution Time for Trace ID cc1dd66ab846f0311af85f4063462314: 1759 ms
Input: 5250000,
Cold Start: false
Unique ID: 02c0bdeb2e4048f3ed56888f48c98dd5,
Execution Time for Trace ID 02c0bdeb2e4048f3ed56888f48c98dd5: 2275 ms
Input: 5250000,
Cold Start: false
Unique ID: 559426d082fcc02d1fcf4b19431fe0cb,
Execution Time for Trace ID 559426d082fcc02d1fcf4b19431fe0cb: 1509 ms
Input: 5250000,
Cold Start: false
Unique ID: 6e895fc69695e26331fcbce3e2f6806b,
Execution Time for Trace ID 6e895fc69695e26331fcbce3e2f6806b: 2397 ms
Input: 5250000,
Cold Start: false
Unique ID: 7a47562a3745294f082ce27beed24d8f,
Execution Time for Trace ID 7a47562a3745294f082ce27beed24d8f: 1530 ms
Input: 5250000,
Cold Start: false
Unique ID: efc4416ec408a68909725aa3d7a9fb21,
Execution Time for Trace ID efc4416ec408a68909725aa3d7a9fb21: 1630 ms
Input: 5250000,
Cold Start: false
Unique ID: cc6d4043d3a90537f96476b663438f5f,
Execution Time for Trace ID cc6d4043d3a90537f96476b663438f5f: 1798 ms
Input: 5250000,
Cold Start: false
Unique ID: ef093fa480cdcee2e3fa077e0bf6a691,
Execution Time for Trace ID ef093fa480cdcee2e3fa077e0bf6a691: 2215 ms
Input: 5250000,
Cold Start: false
Unique ID: b41049d61b3ff29a026c7d2a92c26eb1,
Execution Time for Trace ID b41049d61b3ff29a026c7d2a92c26eb1: 1551 ms
Input: 5250000,
Cold Start: false
Unique ID: 7c45d95941f3ba9b6d7202eae335f8f9,
Execution Time for Trace ID 7c45d95941f3ba9b6d7202eae335f8f9: 1452 ms
Input: 5250000,
Cold Start: false
Unique ID: 519fcae7f6105fdd7e51cb2eb402017c,
Execution Time for Trace ID 519fcae7f6105fdd7e51cb2eb402017c: 1492 ms
Input: 5250000,
Cold Start: false
Unique ID: 47af19c974e92983bea1096f4efabab6,
Execution Time for Trace ID 47af19c974e92983bea1096f4efabab6: 1702 ms
Input: 5250000,
Cold Start: false
Unique ID: 9850406a1d3bd7d1ea14b6ccd4d70285,
Execution Time for Trace ID 9850406a1d3bd7d1ea14b6ccd4d70285: 2056 ms
Input: 5250000,
Cold Start: false
Unique ID: 4bc9a0131ebce66b93ea742ce79ee740,
Execution Time for Trace ID 4bc9a0131ebce66b93ea742ce79ee740: 1500 ms
Input: 5250000,
Cold Start: false
Unique ID: f220f82dfc178923666935a15b73b3e3,
Execution Time for Trace ID f220f82dfc178923666935a15b73b3e3: 1543 ms
Input: 5250000,
Cold Start: false
Unique ID: 20057c4c376aaaec59d040bf2bb43cb2,
Execution Time for Trace ID 20057c4c376aaaec59d040bf2bb43cb2: 1898 ms
Input: 5250000,
Cold Start: false
Unique ID: 0558260688bd39ddc010f2cd9e72ce79,
Execution Time for Trace ID 0558260688bd39ddc010f2cd9e72ce79: 1868 ms
Input: 5250000,
Cold Start: false
Unique ID: 74391d5126670042a6fd13b4cf08957e,
Execution Time for Trace ID 74391d5126670042a6fd13b4cf08957e: 2200 ms
Input: 5250000,
Cold Start: false
Unique ID: 3a7ede5e4ef04a090a06bde101bf3033,
Execution Time for Trace ID 3a7ede5e4ef04a090a06bde101bf3033: 1627 ms
Input: 5250000,
Cold Start: false
Unique ID: dfc326ec1980b0e782bc42d9f01dd34d,
Execution Time for Trace ID dfc326ec1980b0e782bc42d9f01dd34d: 1479 ms
Input: 5250000,
Cold Start: false
Unique ID: 6dcbb1b541de56985ec3cde4c931e2d1,
Execution Time for Trace ID 6dcbb1b541de56985ec3cde4c931e2d1: 1636 ms
Input: 5250000,
Cold Start: false
Unique ID: 4d3eabadeedeeac4344cb7eb7eb57885,
Execution Time for Trace ID 4d3eabadeedeeac4344cb7eb7eb57885: 2015 ms
Input: 5250000,
Cold Start: false
Unique ID: fb28ba193d013b376310014be90ee3eb,
Execution Time for Trace ID fb28ba193d013b376310014be90ee3eb: 1957 ms
Input: 5250000,
Cold Start: false
Unique ID: 6109121956873a953991ea5a8b701f9d,
Execution Time for Trace ID 6109121956873a953991ea5a8b701f9d: 1600 ms
Input: 5250000,
Cold Start: false
Unique ID: 4bc762140e10f1155e1dd00ec82a7aa1,
Execution Time for Trace ID 4bc762140e10f1155e1dd00ec82a7aa1: 1699 ms
Input: 5250000,
Cold Start: false
Unique ID: db84b68bf7e45ee082c5ea607b33a83f,
Execution Time for Trace ID db84b68bf7e45ee082c5ea607b33a83f: 1942 ms
Input: 5250000,
Cold Start: true
Unique ID: 5b5e78aa7f39b27f498803bf8c4f3e4c,
Execution Time for Trace ID 5b5e78aa7f39b27f498803bf8c4f3e4c: 2300 ms
Input: 5250000,
Cold Start: false
Unique ID: 15a1d348cb0cd938c004848d0d097b00,
Execution Time for Trace ID 15a1d348cb0cd938c004848d0d097b00: 1493 ms
Input: 5250000,
Cold Start: false
Unique ID: ba8ed857e6f69b311b4da92fa96dc013,
Execution Time for Trace ID ba8ed857e6f69b311b4da92fa96dc013: 1434 ms
Input: 5250000,
Cold Start: false
Unique ID: 1d71c4ab90abc8ec8ef9759193b3dbbd,
Execution Time for Trace ID 1d71c4ab90abc8ec8ef9759193b3dbbd: 1565 ms
Input: 5250000,
Cold Start: false
Unique ID: 44a695dd287ebbea0f31c2f7f40481b3,
Execution Time for Trace ID 44a695dd287ebbea0f31c2f7f40481b3: 1971 ms
Input: 5250000,
Cold Start: true
Unique ID: d128024b8678b4a04bd0528ad4923e52,
Execution Time for Trace ID d128024b8678b4a04bd0528ad4923e52: 1819 ms
Input: 5250000,
Cold Start: false
Unique ID: 87b846ac6bcfccffa92ad063238b4ad2,
Execution Time for Trace ID 87b846ac6bcfccffa92ad063238b4ad2: 1916 ms
Input: 5250000,
Cold Start: false
Unique ID: 28f4b58311aee754e66b990d32734e74,
Execution Time for Trace ID 28f4b58311aee754e66b990d32734e74: 1447 ms
Input: 5250000,
Cold Start: false
Unique ID: 76421f1c36b4b11c3822b46d7de2484e,
Execution Time for Trace ID 76421f1c36b4b11c3822b46d7de2484e: 1439 ms
Input: 5250000,
Cold Start: false
Unique ID: 104d96ea2098a93ae20ac17280a248fe,
Execution Time for Trace ID 104d96ea2098a93ae20ac17280a248fe: 1748 ms
Input: 5250000,
Cold Start: false
Unique ID: f3f17031859e539d3d6aec40cb07b83e,
Execution Time for Trace ID f3f17031859e539d3d6aec40cb07b83e: 1896 ms
Input: 5250000,
Cold Start: false
Unique ID: ff1e5e84e17c33c6b6d60566f81f852d,
Execution Time for Trace ID ff1e5e84e17c33c6b6d60566f81f852d: 1496 ms
Input: 5250000,
Cold Start: false
Unique ID: b92a2bb8a4b256394cf3f48ab8d40388,
Execution Time for Trace ID b92a2bb8a4b256394cf3f48ab8d40388: 2398 ms
Input: 5250000,
Cold Start: false
Unique ID: 2802c9ee35f4b702a91f7bffd24cc780,
Execution Time for Trace ID 2802c9ee35f4b702a91f7bffd24cc780: 1641 ms
Input: 5250000,
Cold Start: false
Unique ID: aaa05ed72a37ca005f8d4ea6883bcbc9,
Execution Time for Trace ID aaa05ed72a37ca005f8d4ea6883bcbc9: 1866 ms
Input: 5250000,
Cold Start: false
Unique ID: 1179cc2456ba5b0037a995ac8b915c4d,
Execution Time for Trace ID 1179cc2456ba5b0037a995ac8b915c4d: 1954 ms
Input: 5250000,
Cold Start: false
Unique ID: 14f5de3fc7382fcedea22a32f264fb68,
Execution Time for Trace ID 14f5de3fc7382fcedea22a32f264fb68: 2217 ms
Input: 5250000,
Cold Start: false
Unique ID: d057571637e3b0c1790ffb93556b884b,
Execution Time for Trace ID d057571637e3b0c1790ffb93556b884b: 1555 ms
Input: 5250000,
Cold Start: false
Unique ID: bada5d5f96d7aa9d99fc7a648fcc6906,
Execution Time for Trace ID bada5d5f96d7aa9d99fc7a648fcc6906: 1488 ms
Input: 5250000,
Cold Start: false
Unique ID: c5d7e3add3529dd5d57b330b82a82b33,
Execution Time for Trace ID c5d7e3add3529dd5d57b330b82a82b33: 1494 ms
Input: 5250000,
Cold Start: false
Unique ID: fbb8d9fac8360f1bdf5377325c6a2037,
Execution Time for Trace ID fbb8d9fac8360f1bdf5377325c6a2037: 1686 ms
Input: 5250000,
Cold Start: false
Unique ID: b49ba7e58f8cbd5dac03f5d709dcf864,
Execution Time for Trace ID b49ba7e58f8cbd5dac03f5d709dcf864: 1957 ms
Input: 5250000,
Cold Start: false
Unique ID: bf816e66a6b3ecf6450984bda6ab73bf,
Execution Time for Trace ID bf816e66a6b3ecf6450984bda6ab73bf: 1497 ms
Input: 5250000,
Cold Start: false
Unique ID: f27f66cbec2396ef0e70ede0008e30c3,
Execution Time for Trace ID f27f66cbec2396ef0e70ede0008e30c3: 1687 ms
Input: 5250000,
Cold Start: false
Unique ID: 85c5cb7133c6ecdacdf594bbde92ff22,
Execution Time for Trace ID 85c5cb7133c6ecdacdf594bbde92ff22: 1669 ms
Input: 5250000,
Cold Start: false
Unique ID: 940cab0152e145082eb678edc0774527,
Execution Time for Trace ID 940cab0152e145082eb678edc0774527: 2081 ms
Input: 5250000,
Cold Start: false
Unique ID: ba5bb63b839581f14cf7b8d662104c24,
Execution Time for Trace ID ba5bb63b839581f14cf7b8d662104c24: 2289 ms
Input: 5250000,
Cold Start: false
Unique ID: e4df13666ae12f072fb96a7775a09291,
Execution Time for Trace ID e4df13666ae12f072fb96a7775a09291: 1637 ms
Input: 5250000,
Cold Start: false
Unique ID: b80bb9e2fcdfddc9b7b29ad10c9646dc,
Execution Time for Trace ID b80bb9e2fcdfddc9b7b29ad10c9646dc: 1453 ms
Input: 5250000,
Cold Start: false
Unique ID: 181a19caa30f677e8a2db16d27295e43,
Execution Time for Trace ID 181a19caa30f677e8a2db16d27295e43: 1684 ms
Input: 5250000,
Cold Start: false
Unique ID: b80aa8fd28ffc34682d3e17f41aa5476,
Execution Time for Trace ID b80aa8fd28ffc34682d3e17f41aa5476: 2220 ms
Input: 5250000,
Cold Start: false
Unique ID: d3fd6234083f9241059b2132f72b68a6,
Execution Time for Trace ID d3fd6234083f9241059b2132f72b68a6: 2265 ms
Input: 5250000,
Cold Start: false
Unique ID: e9f912bcad3180d07a1f31facfe51d4a,
Execution Time for Trace ID e9f912bcad3180d07a1f31facfe51d4a: 1540 ms
Input: 5250000,
Cold Start: false
Unique ID: a2362568a7fce1bf502a8ec4ef8b6b8f,
Execution Time for Trace ID a2362568a7fce1bf502a8ec4ef8b6b8f: 1601 ms
Input: 5250000,
Cold Start: false
Unique ID: 287ec813bedc7239455a20665bac5480,
Execution Time for Trace ID 287ec813bedc7239455a20665bac5480: 1508 ms
Input: 5250000,
Cold Start: false
Unique ID: 0338e74901a88a7049bcb9882a27d76c,
Execution Time for Trace ID 0338e74901a88a7049bcb9882a27d76c: 1565 ms
Input: 5250000,
Cold Start: false
Unique ID: c755d321007d686d0533e4da6df11012,
Execution Time for Trace ID c755d321007d686d0533e4da6df11012: 1481 ms
Input: 5250000,
Cold Start: false
Unique ID: 54b447e523540fc42988dd3e29dd9d5c,
Execution Time for Trace ID 54b447e523540fc42988dd3e29dd9d5c: 1587 ms
Input: 5250000,
Cold Start: false
Unique ID: b8165e2eb98dc4e7f558f7a7c358983d,
Execution Time for Trace ID b8165e2eb98dc4e7f558f7a7c358983d: 1624 ms
Input: 5250000,
Cold Start: false
Unique ID: 5d31f71aebe694d98c16253fd460e6cd,
Execution Time for Trace ID 5d31f71aebe694d98c16253fd460e6cd: 1632 ms
Input: 5250000,
Cold Start: false
Unique ID: 06b531a16901db2e0265d9c1ed66d746,
Execution Time for Trace ID 06b531a16901db2e0265d9c1ed66d746: 1831 ms
Input: 5250000,
Cold Start: false
Unique ID: 1581c4fe5907dd2609daab5378c2f870,
Execution Time for Trace ID 1581c4fe5907dd2609daab5378c2f870: 2091 ms
Input: 5250000,
Cold Start: false
Unique ID: df3014a561907fa65a6b3dae4184601b,
Execution Time for Trace ID df3014a561907fa65a6b3dae4184601b: 1527 ms
Input: 5250000,
Cold Start: false
Unique ID: 40d8b609fe896c299b001cfe753f6a41,
Execution Time for Trace ID 40d8b609fe896c299b001cfe753f6a41: 1514 ms
Input: 5250000,
Cold Start: false
Unique ID: e15f1aebcd24cec987b6ca43940eeb3f,
Execution Time for Trace ID e15f1aebcd24cec987b6ca43940eeb3f: 1434 ms
Input: 5250000,
Cold Start: false
Unique ID: 6ce8cad9b37925f3f4e7b4636d2fd746,
Execution Time for Trace ID 6ce8cad9b37925f3f4e7b4636d2fd746: 1442 ms
Input: 5250000,
Cold Start: false
Unique ID: da77e85f8aa98fad55426f018f9a5910,
Execution Time for Trace ID da77e85f8aa98fad55426f018f9a5910: 1805 ms
Input: 5250000,
Cold Start: false
Unique ID: a8acfa388cd336f20fa72946bb5c31c7,
Execution Time for Trace ID a8acfa388cd336f20fa72946bb5c31c7: 1703 ms
Input: 5250000,
Cold Start: false
Unique ID: d06b06f07872eecafdddf563995fd67a,
Execution Time for Trace ID d06b06f07872eecafdddf563995fd67a: 1923 ms
Input: 5250000,
Cold Start: false
Unique ID: 2a302aad52846bdd958e710baff96093,
Execution Time for Trace ID 2a302aad52846bdd958e710baff96093: 1981 ms
Input: 5250000,
Cold Start: false
Unique ID: ba6ff0d4826b5b1f1df4420408e4a642,
Execution Time for Trace ID ba6ff0d4826b5b1f1df4420408e4a642: 1923 ms
Input: 5250000,
Cold Start: false
Unique ID: 332bb88f03f4ec563f8cca773f90e541,
Execution Time for Trace ID 332bb88f03f4ec563f8cca773f90e541: 1969 ms
Input: 5250000,
Cold Start: false
Unique ID: 6761d22d17ae8d14f62b14040cbda455,
Execution Time for Trace ID 6761d22d17ae8d14f62b14040cbda455: 1440 ms
Input: 5250000,
Cold Start: false
Unique ID: 7e33c3c4e7e69463b2cbf9d90801f557,
Execution Time for Trace ID 7e33c3c4e7e69463b2cbf9d90801f557: 1483 ms
Input: 5250000,
Cold Start: false
Unique ID: 683b2f3c60db2c9ee9f6e8300872ec5c,
Execution Time for Trace ID 683b2f3c60db2c9ee9f6e8300872ec5c: 1437 ms
Input: 5250000,
Cold Start: false
Unique ID: 0afd3b034e4a6d8e2bc93eee2a530943,
Execution Time for Trace ID 0afd3b034e4a6d8e2bc93eee2a530943: 1602 ms
Input: 5250000,
Cold Start: false
Unique ID: b30eb56946500fc7e66a655b39a11520,
Execution Time for Trace ID b30eb56946500fc7e66a655b39a11520: 1971 ms
Input: 5250000,
Cold Start: false
Unique ID: de4bb6a1d693c9282fac6ad7da198415,
Execution Time for Trace ID de4bb6a1d693c9282fac6ad7da198415: 1528 ms
Input: 5250000,
Cold Start: false
Unique ID: 563e4d1a31d4070b0d805ac3d65c3ed1,
Execution Time for Trace ID 563e4d1a31d4070b0d805ac3d65c3ed1: 1706 ms
Input: 5250000,
Cold Start: false
Unique ID: f75392e9e190cc2879c31d208c6eea0a,
Execution Time for Trace ID f75392e9e190cc2879c31d208c6eea0a: 1729 ms
Input: 5250000,
Cold Start: false
Unique ID: 026562e9c700340bc48a7f5d8f3c10a0,
Execution Time for Trace ID 026562e9c700340bc48a7f5d8f3c10a0: 1582 ms
Input: 5250000,
Cold Start: false
Unique ID: 43ed92e27694432f34e004a544b58e3d,
Execution Time for Trace ID 43ed92e27694432f34e004a544b58e3d: 1698 ms
Input: 5250000,
Cold Start: false
Unique ID: ea833ca86121860929fc6f4fb0e50407,
Execution Time for Trace ID ea833ca86121860929fc6f4fb0e50407: 1430 ms
Input: 5250000,
Cold Start: false
Unique ID: debbd8eb107302710ae2827ebd07a5d3,
Execution Time for Trace ID debbd8eb107302710ae2827ebd07a5d3: 1703 ms
Input: 5250000,
Cold Start: false
Unique ID: 7c3c0c77b0d9cd72216d9894d2fecec9,
Execution Time for Trace ID 7c3c0c77b0d9cd72216d9894d2fecec9: 1578 ms
Input: 5250000,
Cold Start: false
Unique ID: 5859838c4081354f1128ad3867eba8c3,
Execution Time for Trace ID 5859838c4081354f1128ad3867eba8c3: 1534 ms
Input: 5250000,
Cold Start: false
Unique ID: 51ed30e21e21373ee2b48f649a68dcd5,
Execution Time for Trace ID 51ed30e21e21373ee2b48f649a68dcd5: 1674 ms
Input: 5250000,
Cold Start: false
Unique ID: eadbfd6a6fd57a7599bc5d8d2c881bef,
Execution Time for Trace ID eadbfd6a6fd57a7599bc5d8d2c881bef: 1507 ms
Input: 5250000,
Cold Start: false
Unique ID: 17b8734f97731866f8a792cff710c62e,
Execution Time for Trace ID 17b8734f97731866f8a792cff710c62e: 1435 ms
Input: 5250000,
Cold Start: false
Unique ID: 95f4cb40013aa8e521fbf780ae81d8d4,
Execution Time for Trace ID 95f4cb40013aa8e521fbf780ae81d8d4: 1934 ms
Input: 5250000,
Cold Start: false
Unique ID: 560112cf83dc94c1db269f06b3537a52,
Execution Time for Trace ID 560112cf83dc94c1db269f06b3537a52: 1973 ms
Input: 5250000,
Cold Start: false
Unique ID: 7211a12dfae7d16ad836abbb2a952812,
Execution Time for Trace ID 7211a12dfae7d16ad836abbb2a952812: 1891 ms
Input: 5250000,
Cold Start: false
Unique ID: 31dffc2366dcc250d4b01cbf8f85d512,
Execution Time for Trace ID 31dffc2366dcc250d4b01cbf8f85d512: 1476 ms
Input: 5250000,
Cold Start: false
Unique ID: d2dfd26e2a8f7881c109d0a7925ac795,
Execution Time for Trace ID d2dfd26e2a8f7881c109d0a7925ac795: 1490 ms
Input: 5250000,
Cold Start: false
Unique ID: 1db1385ebd49d5b97f5573d4bab5f817,
Execution Time for Trace ID 1db1385ebd49d5b97f5573d4bab5f817: 1492 ms
Input: 5250000,
Cold Start: false
Unique ID: 5f3b1029a3e69285a4b87fbe36df116e,
Execution Time for Trace ID 5f3b1029a3e69285a4b87fbe36df116e: 1707 ms
Input: 5250000,
Cold Start: false
Unique ID: 045b4ac0a46e685fb3345d31f9b93269,
Execution Time for Trace ID 045b4ac0a46e685fb3345d31f9b93269: 1704 ms
Input: 5250000,
Cold Start: false
Unique ID: 1b6a10d4a0c42f42a9d2373667a31059,
Execution Time for Trace ID 1b6a10d4a0c42f42a9d2373667a31059: 1476 ms
Input: 5250000,
Cold Start: false
Unique ID: a13646775f1306192843620986f9fd95,
Execution Time for Trace ID a13646775f1306192843620986f9fd95: 1553 ms
Input: 5250000,
Cold Start: false
Unique ID: 0382d1f63b17085d5c11cf8afc7a7519,
Execution Time for Trace ID 0382d1f63b17085d5c11cf8afc7a7519: 1629 ms
Input: 5250000,
Cold Start: false
Unique ID: ba9e5c4bc7ec8da671753417c73ec113,
Execution Time for Trace ID ba9e5c4bc7ec8da671753417c73ec113: 1571 ms
Input: 5250000,
Cold Start: false
Unique ID: 6b1f06a43ff464f32977e3af80fd024b,
Execution Time for Trace ID 6b1f06a43ff464f32977e3af80fd024b: 1745 ms
Input: 5250000,
Cold Start: false
Unique ID: 3e2c98d48bf0c695c284dc8b874bc83d,
Execution Time for Trace ID 3e2c98d48bf0c695c284dc8b874bc83d: 1628 ms
Input: 5250000,
Cold Start: false
Unique ID: 3210a554ba88a3269dd9031a1db8814e,
Execution Time for Trace ID 3210a554ba88a3269dd9031a1db8814e: 1583 ms
Input: 5250000,
Cold Start: false
Unique ID: 24983e4ed7a90d0737f489cc6d0ba6e9,
Execution Time for Trace ID 24983e4ed7a90d0737f489cc6d0ba6e9: 1479 ms
Input: 5250000,
Cold Start: false
Unique ID: 78a703f3fbd3214c983e8c2d9bee2b9c,
Execution Time for Trace ID 78a703f3fbd3214c983e8c2d9bee2b9c: 1731 ms
Input: 5250000,
Cold Start: false
Unique ID: 4478fb3832978dbe29ab0d6797e48288,
Execution Time for Trace ID 4478fb3832978dbe29ab0d6797e48288: 1799 ms
Input: 5250000,
Cold Start: false
Unique ID: 18b48c8fd56cd69abd392b49ab3640c6,
Execution Time for Trace ID 18b48c8fd56cd69abd392b49ab3640c6: 1569 ms
Input: 5250000,
Cold Start: false
Unique ID: ca44b747481cc260dc8299bad45fc876,
Execution Time for Trace ID ca44b747481cc260dc8299bad45fc876: 1644 ms
Input: 5250000,
Cold Start: false
Unique ID: 4e3d73c6d4d5a8edc0a8c76ae1a6843f,
Execution Time for Trace ID 4e3d73c6d4d5a8edc0a8c76ae1a6843f: 1618 ms
Input: 5250000,
Cold Start: false
Unique ID: 5a31ecf9985d91f8288aa051f8920d4b,
Execution Time for Trace ID 5a31ecf9985d91f8288aa051f8920d4b: 1795 ms
Input: 5250000,
Cold Start: false
Unique ID: 33da1fff77ff48013397d5aa3dd40b50,
Execution Time for Trace ID 33da1fff77ff48013397d5aa3dd40b50: 1680 ms
Input: 5250000,
Cold Start: false
Unique ID: 85b776776a2ae659cd26ba3b6c84d137,
Execution Time for Trace ID 85b776776a2ae659cd26ba3b6c84d137: 1553 ms
Input: 5250000,
Cold Start: false
Unique ID: 75521c43062276a455bbbc22758af981,
Execution Time for Trace ID 75521c43062276a455bbbc22758af981: 1477 ms
Input: 5250000,
Cold Start: false
Unique ID: dfa597535629b01acb3ccca6b5a026fd,
Execution Time for Trace ID dfa597535629b01acb3ccca6b5a026fd: 1560 ms
Input: 5250000,
Cold Start: false
Unique ID: 120b0a04c6acc140d9bc698241a620ce,
Execution Time for Trace ID 120b0a04c6acc140d9bc698241a620ce: 1580 ms
Input: 5250000,
Cold Start: false
Unique ID: 9f5f4accaff7767d2770c6194ac6a907,
Execution Time for Trace ID 9f5f4accaff7767d2770c6194ac6a907: 1752 ms
Input: 5250000,
Cold Start: false
Unique ID: 3472dab83769aaec04f70f90ad88b526,
Execution Time for Trace ID 3472dab83769aaec04f70f90ad88b526: 1473 ms
Input: 5250000,
Cold Start: false
Unique ID: 2c7788f21b77b20e3da376013ee26689,
Execution Time for Trace ID 2c7788f21b77b20e3da376013ee26689: 1452 ms
Input: 5250000,
Cold Start: false
Unique ID: 3bc0f0dc9608035227001e20f9d82e1e,
Execution Time for Trace ID 3bc0f0dc9608035227001e20f9d82e1e: 992 ms
Input: 5250000,
Cold Start: false
Unique ID: f32e90865083db525b97d2ea8ef971d7,
Execution Time for Trace ID f32e90865083db525b97d2ea8ef971d7: 2031 ms
Input: 5250000,
Cold Start: false
Unique ID: 60c8db11decd005da250b8021c7d24a2,
Execution Time for Trace ID 60c8db11decd005da250b8021c7d24a2: 2066 ms
Input: 5250000,
Cold Start: false
Unique ID: 5985b725cb6554e0e66f39b5986f88ec,
Execution Time for Trace ID 5985b725cb6554e0e66f39b5986f88ec: 2178 ms
Input: 5250000,
Cold Start: false
Unique ID: 75a13c8e90447a7f7c3cf94063037fc8,
Execution Time for Trace ID 75a13c8e90447a7f7c3cf94063037fc8: 1442 ms
Input: 5250000,
Cold Start: false
Unique ID: 7e5a9813dd6cbc99a3d3143570b67338,
Execution Time for Trace ID 7e5a9813dd6cbc99a3d3143570b67338: 1523 ms
Input: 5250000,
Cold Start: false
Unique ID: f68244a5b109f62a4f593c3b1a8d9674,
Execution Time for Trace ID f68244a5b109f62a4f593c3b1a8d9674: 1874 ms
Input: 5250000,
Cold Start: false
Unique ID: 30bae9de89d1663148331465b9ccbb71,
Execution Time for Trace ID 30bae9de89d1663148331465b9ccbb71: 2000 ms
Input: 5250000,
Cold Start: false
Unique ID: 9d4b1572322c53ac200e674ebc8f80fd,
Execution Time for Trace ID 9d4b1572322c53ac200e674ebc8f80fd: 1417 ms
Input: 5250000,
Cold Start: false
Unique ID: 694d938f422673411e94f66da69e8353,
Execution Time for Trace ID 694d938f422673411e94f66da69e8353: 1485 ms
Input: 5250000,
Cold Start: false
Unique ID: e2c52bdf310ce6e7ab7ca0dc43560c88,
Execution Time for Trace ID e2c52bdf310ce6e7ab7ca0dc43560c88: 1871 ms
Input: 5250000,
Cold Start: false
Unique ID: 15f7858137debb9b1f05a89db5f8d336,
Execution Time for Trace ID 15f7858137debb9b1f05a89db5f8d336: 1997 ms
Input: 5250000,
Cold Start: false
Unique ID: 88834095499e31b9c7689698cf18308f,
Execution Time for Trace ID 88834095499e31b9c7689698cf18308f: 2195 ms
Input: 5250000,
Cold Start: false
Unique ID: 1303a57ab8939d701656cd6272179959,
Execution Time for Trace ID 1303a57ab8939d701656cd6272179959: 1435 ms
Input: 5250000,
Cold Start: false
Unique ID: f903cc0fa04080bd682fbb20dbccab2b,
Execution Time for Trace ID f903cc0fa04080bd682fbb20dbccab2b: 1531 ms
Input: 5250000,
Cold Start: false
Unique ID: 4ce855d0b6f3f7853cf1805667a79c9a,
Execution Time for Trace ID 4ce855d0b6f3f7853cf1805667a79c9a: 1792 ms
Input: 5250000,
Cold Start: false
Unique ID: 62fcc243770bfd07a6a3459c53875744,
Execution Time for Trace ID 62fcc243770bfd07a6a3459c53875744: 2255 ms
Input: 5250000,
Cold Start: false
Unique ID: 6f4426b2a01db711698829e6e004f366,
Execution Time for Trace ID 6f4426b2a01db711698829e6e004f366: 1522 ms
Input: 5250000,
Cold Start: false
Unique ID: 1a4de521a3ec7105d6ddd046d5bbe09b,
Execution Time for Trace ID 1a4de521a3ec7105d6ddd046d5bbe09b: 1553 ms
Input: 5250000,
Cold Start: false
Unique ID: 3a4ecf8ea40912ae00bab50f79fc3dfa,
Execution Time for Trace ID 3a4ecf8ea40912ae00bab50f79fc3dfa: 2408 ms
Input: 5250000,
Cold Start: false
Unique ID: b151709ac8eaaa37775aa4d964696ab7,
Execution Time for Trace ID b151709ac8eaaa37775aa4d964696ab7: 1567 ms
Input: 5250000,
Cold Start: false
Unique ID: 2f0945d5d7b398dde2021d22cb7ec239,
Execution Time for Trace ID 2f0945d5d7b398dde2021d22cb7ec239: 1667 ms
Input: 5250000,
Cold Start: false
Unique ID: e56c0bbfa192ae970b7a782cbe30c9c5,
Execution Time for Trace ID e56c0bbfa192ae970b7a782cbe30c9c5: 1709 ms
Input: 5250000,
Cold Start: false
Unique ID: 4da15ca084a22333a4109037e536d1ef,
Execution Time for Trace ID 4da15ca084a22333a4109037e536d1ef: 1442 ms
Input: 5250000,
Cold Start: false
Unique ID: 0d86bf00bbd0a7ed9b340b5987be4a28,
Execution Time for Trace ID 0d86bf00bbd0a7ed9b340b5987be4a28: 1475 ms
Input: 5250000,
Cold Start: false
Unique ID: d557905e25f2811de8fe76f4fd702b42,
Execution Time for Trace ID d557905e25f2811de8fe76f4fd702b42: 1727 ms
Input: 5250000,
Cold Start: false
Unique ID: 8fbede827c7bf8b329c565be7110c735,
Execution Time for Trace ID 8fbede827c7bf8b329c565be7110c735: 1837 ms
Input: 5250000,
Cold Start: false
Unique ID: cbffba9d9d3f4ea15146bbfb415c2ba6,
Execution Time for Trace ID cbffba9d9d3f4ea15146bbfb415c2ba6: 1995 ms
Input: 5250000,
Cold Start: false
Unique ID: 9e71bcb897e1e7d239c0d6991bd6956f,
Execution Time for Trace ID 9e71bcb897e1e7d239c0d6991bd6956f: 1544 ms
Input: 5250000,
Cold Start: false
Unique ID: a12988388bc4592df852be7e5b73ad9f,
Execution Time for Trace ID a12988388bc4592df852be7e5b73ad9f: 1744 ms
Input: 5250000,
Cold Start: false
Unique ID: 69b16e3a4bfd973911e3c1d96aacaa67,
Execution Time for Trace ID 69b16e3a4bfd973911e3c1d96aacaa67: 1904 ms
Input: 5250000,
Cold Start: false
Unique ID: 3f8f4547de5d977f521360dbb8151dd1,
Execution Time for Trace ID 3f8f4547de5d977f521360dbb8151dd1: 2111 ms
Input: 5250000,
Cold Start: false
Unique ID: 389618847d976a4733718d21205af862,
Execution Time for Trace ID 389618847d976a4733718d21205af862: 2067 ms
Input: 5250000,
Cold Start: false
