Unique ID: 61514b5823c293cef8ac8851629443d0,
Execution Time for Trace ID 61514b5823c293cef8ac8851629443d0: 1362 ms
Input: 5000000,
Cold Start: false
Unique ID: 175cc561afa337c93bf9c607e79c6499,
Execution Time for Trace ID 175cc561afa337c93bf9c607e79c6499: 1461 ms
Input: 5000000,
Cold Start: false
Unique ID: c66ac0d680104284aa04cfbfb74b85e7,
Execution Time for Trace ID c66ac0d680104284aa04cfbfb74b85e7: 1483 ms
Input: 5000000,
Cold Start: false
Unique ID: 982c7864a2f01158b7e03125c66fd584,
Execution Time for Trace ID 982c7864a2f01158b7e03125c66fd584: 1982 ms
Input: 5000000,
Cold Start: false
Unique ID: ea6b67d594ddd0ef8b7a87bc8cb4dce7,
Execution Time for Trace ID ea6b67d594ddd0ef8b7a87bc8cb4dce7: 1951 ms
Input: 5000000,
Cold Start: false
Unique ID: 07e0ce563e0aa47168b1fc5246529620,
Execution Time for Trace ID 07e0ce563e0aa47168b1fc5246529620: 1541 ms
Input: 5000000,
Cold Start: false
Unique ID: 1fc9fe2ca8b5b7f18466abfad09acdee,
Execution Time for Trace ID 1fc9fe2ca8b5b7f18466abfad09acdee: 1553 ms
Input: 5000000,
Cold Start: false
Unique ID: 11d3eaa3b29b7f03d3cfc487e6a6169e,
Execution Time for Trace ID 11d3eaa3b29b7f03d3cfc487e6a6169e: 1543 ms
Input: 5000000,
Cold Start: false
Unique ID: 7e6438eb349b90b0706a1ee3c8f4db3c,
Execution Time for Trace ID 7e6438eb349b90b0706a1ee3c8f4db3c: 1909 ms
Input: 5000000,
Cold Start: false
Unique ID: 4670460817d0ac8e5c86b7055d906958,
Execution Time for Trace ID 4670460817d0ac8e5c86b7055d906958: 1808 ms
Input: 5000000,
Cold Start: false
Unique ID: 24d065e87f0382d73e82ad0a8fa0eb87,
Execution Time for Trace ID 24d065e87f0382d73e82ad0a8fa0eb87: 1509 ms
Input: 5000000,
Cold Start: false
Unique ID: cf9a84929a2226e7912dc35301a1c5cd,
Execution Time for Trace ID cf9a84929a2226e7912dc35301a1c5cd: 1416 ms
Input: 5000000,
Cold Start: false
Unique ID: b41f251556990a1f72b0f625ce8a6500,
Execution Time for Trace ID b41f251556990a1f72b0f625ce8a6500: 1568 ms
Input: 5000000,
Cold Start: false
Unique ID: 0df65df93029af8e091cd1bac8257abf,
Execution Time for Trace ID 0df65df93029af8e091cd1bac8257abf: 1592 ms
Input: 5000000,
Cold Start: false
Unique ID: aed7eb54616b29557d53d2a1b6eaf104,
Execution Time for Trace ID aed7eb54616b29557d53d2a1b6eaf104: 1643 ms
Input: 5000000,
Cold Start: false
Unique ID: 0a9cb21776827333bd25e8fa150515d5,
Execution Time for Trace ID 0a9cb21776827333bd25e8fa150515d5: 1449 ms
Input: 5000000,
Cold Start: false
Unique ID: b72a8209700a2039b26975a9a8567931,
Execution Time for Trace ID b72a8209700a2039b26975a9a8567931: 1480 ms
Input: 5000000,
Cold Start: false
Unique ID: a415ea57a5dcc53e7eec7ef67678d051,
Execution Time for Trace ID a415ea57a5dcc53e7eec7ef67678d051: 1693 ms
Input: 5000000,
Cold Start: false
Unique ID: 1b9e59194a98d9e9e774ad52406f6e7a,
Execution Time for Trace ID 1b9e59194a98d9e9e774ad52406f6e7a: 1356 ms
Input: 5000000,
Cold Start: false
Unique ID: 3d31a5a88d5e9f4e213f8ac77416cac5,
Execution Time for Trace ID 3d31a5a88d5e9f4e213f8ac77416cac5: 1373 ms
Input: 5000000,
Cold Start: false
Unique ID: 6a930aaab17ae4df3bf9c607e79c631d,
Execution Time for Trace ID 6a930aaab17ae4df3bf9c607e79c631d: 1402 ms
Input: 5000000,
Cold Start: false
Unique ID: d64475984ae61b33b40b1664098dc4bb,
Execution Time for Trace ID d64475984ae61b33b40b1664098dc4bb: 2028 ms
Input: 5000000,
Cold Start: true
Unique ID: 1356f5a57017da03232731f9a76aa68c,
Execution Time for Trace ID 1356f5a57017da03232731f9a76aa68c: 1441 ms
Input: 5000000,
Cold Start: false
Unique ID: 0f15ed84fe77f60defa2e5e2e29ee95d,
Execution Time for Trace ID 0f15ed84fe77f60defa2e5e2e29ee95d: 2071 ms
Input: 5000000,
Cold Start: true
Unique ID: 3d80e56e09a5bdef77a9b031c78c08db,
Execution Time for Trace ID 3d80e56e09a5bdef77a9b031c78c08db: 1662 ms
Input: 5000000,
Cold Start: false
Unique ID: 76b767a8084203ba5f15139d57ba134b,
Execution Time for Trace ID 76b767a8084203ba5f15139d57ba134b: 1605 ms
Input: 5000000,
Cold Start: false
Unique ID: de6eb3f73c9c225f74a79fb0bdaa3a9f,
Execution Time for Trace ID de6eb3f73c9c225f74a79fb0bdaa3a9f: 1627 ms
Input: 5000000,
Cold Start: false
Unique ID: 87fedff30fb0985d213613115fee07b5,
Execution Time for Trace ID 87fedff30fb0985d213613115fee07b5: 1598 ms
Input: 5000000,
Cold Start: false
Unique ID: a6ae542b97bfa30e710c944115d26477,
Execution Time for Trace ID a6ae542b97bfa30e710c944115d26477: 1852 ms
Input: 5000000,
Cold Start: false
Unique ID: 804fdc2b12137b663e6d485db713f04d,
Execution Time for Trace ID 804fdc2b12137b663e6d485db713f04d: 1905 ms
Input: 5000000,
Cold Start: false
Unique ID: 94f4da8b5425d6a9088097d35ae44b16,
Execution Time for Trace ID 94f4da8b5425d6a9088097d35ae44b16: 1360 ms
Input: 5000000,
Cold Start: false
Unique ID: 4614d8da9022d94c12c59bf0693b9a82,
Execution Time for Trace ID 4614d8da9022d94c12c59bf0693b9a82: 1408 ms
Input: 5000000,
Cold Start: false
Unique ID: 5ccd2d05840e6cb7b7b50493fa22baae,
Execution Time for Trace ID 5ccd2d05840e6cb7b7b50493fa22baae: 1445 ms
Input: 5000000,
Cold Start: false
Unique ID: 5bcf0a5e03a34dfc5cb917d7c8e448bd,
Execution Time for Trace ID 5bcf0a5e03a34dfc5cb917d7c8e448bd: 1664 ms
Input: 5000000,
Cold Start: false
Unique ID: 64682e7efb3178cb5af35d2d5ded095d,
Execution Time for Trace ID 64682e7efb3178cb5af35d2d5ded095d: 1408 ms
Input: 5000000,
Cold Start: false
Unique ID: 2a4670b20f99c3978f731ecc55385ab8,
Execution Time for Trace ID 2a4670b20f99c3978f731ecc55385ab8: 1908 ms
Input: 5000000,
Cold Start: false
Unique ID: ac10fc981a5c02ba12c0f984e39fe0bd,
Execution Time for Trace ID ac10fc981a5c02ba12c0f984e39fe0bd: 1492 ms
Input: 5000000,
Cold Start: false
Unique ID: 38cebe7e4142975ebf7c994c7ac19d68,
Execution Time for Trace ID 38cebe7e4142975ebf7c994c7ac19d68: 1559 ms
Input: 5000000,
Cold Start: false
Unique ID: 3868e1de0b305dd97c8ccfb3fe04c33a,
Execution Time for Trace ID 3868e1de0b305dd97c8ccfb3fe04c33a: 1798 ms
Input: 5000000,
Cold Start: false
Unique ID: 44eeefc602f8109f9522a043122e8ac6,
Execution Time for Trace ID 44eeefc602f8109f9522a043122e8ac6: 1880 ms
Input: 5000000,
Cold Start: true
Unique ID: f74066e4f26664fd5ec75dbdafc116c4,
Execution Time for Trace ID f74066e4f26664fd5ec75dbdafc116c4: 1355 ms
Input: 5000000,
Cold Start: false
Unique ID: ec348ad27c4be935358d2dae28a7f218,
Execution Time for Trace ID ec348ad27c4be935358d2dae28a7f218: 1411 ms
Input: 5000000,
Cold Start: false
Unique ID: e069880eb43c9796bea6f70fbf2eeeb4,
Execution Time for Trace ID e069880eb43c9796bea6f70fbf2eeeb4: 1600 ms
Input: 5000000,
Cold Start: false
Unique ID: 0a25b732cdaa7f0551e73259abbe2045,
Execution Time for Trace ID 0a25b732cdaa7f0551e73259abbe2045: 1683 ms
Input: 5000000,
Cold Start: false
Unique ID: 9aeb392509dad1d1c58b2e0e84e4295f,
Execution Time for Trace ID 9aeb392509dad1d1c58b2e0e84e4295f: 1678 ms
Input: 5000000,
Cold Start: false
Unique ID: 5df364bb133e1b7322863dc054fba501,
Execution Time for Trace ID 5df364bb133e1b7322863dc054fba501: 1426 ms
Input: 5000000,
Cold Start: false
Unique ID: 62353bc8b385ca5e5cb02b7b311c84c7,
Execution Time for Trace ID 62353bc8b385ca5e5cb02b7b311c84c7: 1502 ms
Input: 5000000,
Cold Start: false
Unique ID: b210e4d77f61631d480eb6a2f02599d8,
Execution Time for Trace ID b210e4d77f61631d480eb6a2f02599d8: 1415 ms
Input: 5000000,
Cold Start: false
Unique ID: 6fe3091c2ced006dff66a3a9d912b019,
Execution Time for Trace ID 6fe3091c2ced006dff66a3a9d912b019: 1662 ms
Input: 5000000,
Cold Start: false
Unique ID: 72c92ec9f739c01d6e4944b98ef70c89,
Execution Time for Trace ID 72c92ec9f739c01d6e4944b98ef70c89: 1614 ms
Input: 5000000,
Cold Start: false
Unique ID: 6cbf421bbbcefba3dd1d4fcc8ece26c5,
Execution Time for Trace ID 6cbf421bbbcefba3dd1d4fcc8ece26c5: 1352 ms
Input: 5000000,
Cold Start: false
Unique ID: 35d93da4472fdac10f1f528fecd7485c,
Execution Time for Trace ID 35d93da4472fdac10f1f528fecd7485c: 1455 ms
Input: 5000000,
Cold Start: false
Unique ID: 4feecf54ec6fe530be9a3511a3aeb301,
Execution Time for Trace ID 4feecf54ec6fe530be9a3511a3aeb301: 1408 ms
Input: 5000000,
Cold Start: false
Unique ID: 1b881c369916b3668889071318fb4779,
Execution Time for Trace ID 1b881c369916b3668889071318fb4779: 1806 ms
Input: 5000000,
Cold Start: false
Unique ID: a7a1d836a2f75476914234768b5cd5d9,
Execution Time for Trace ID a7a1d836a2f75476914234768b5cd5d9: 1894 ms
Input: 5000000,
Cold Start: false
Unique ID: ab85661d97f972ca57fa73c97a5e7c51,
Execution Time for Trace ID ab85661d97f972ca57fa73c97a5e7c51: 1359 ms
Input: 5000000,
Cold Start: false
Unique ID: e81d676e7fe5423cb8f4a803448cecbe,
Execution Time for Trace ID e81d676e7fe5423cb8f4a803448cecbe: 1520 ms
Input: 5000000,
Cold Start: false
Unique ID: ae117dc412e845d66549659b2340c794,
Execution Time for Trace ID ae117dc412e845d66549659b2340c794: 1476 ms
Input: 5000000,
Cold Start: false
Unique ID: 09cba75881fbdfe287419023e56ef187,
Execution Time for Trace ID 09cba75881fbdfe287419023e56ef187: 1552 ms
Input: 5000000,
Cold Start: false
Unique ID: ede37dbfad622c98138ec1661bd8b808,
Execution Time for Trace ID ede37dbfad622c98138ec1661bd8b808: 1891 ms
Input: 5000000,
Cold Start: false
Unique ID: 97c81e3b3062fed439faeda0fd4b3bdd,
Execution Time for Trace ID 97c81e3b3062fed439faeda0fd4b3bdd: 1404 ms
Input: 5000000,
Cold Start: false
Unique ID: 95ce56e1711b6b29f5438ceb7beb8db0,
Execution Time for Trace ID 95ce56e1711b6b29f5438ceb7beb8db0: 1557 ms
Input: 5000000,
Cold Start: false
Unique ID: 50858553210fb19846d641c1e3c405db,
Execution Time for Trace ID 50858553210fb19846d641c1e3c405db: 1543 ms
Input: 5000000,
Cold Start: false
Unique ID: f793a77ecb26fe2f1bdf3a20aaec346a,
Execution Time for Trace ID f793a77ecb26fe2f1bdf3a20aaec346a: 1504 ms
Input: 5000000,
Cold Start: false
Unique ID: f4bf1428030df4c8b80c363877d928f9,
Execution Time for Trace ID f4bf1428030df4c8b80c363877d928f9: 1660 ms
Input: 5000000,
Cold Start: false
Unique ID: 481572497c2dae3b2381d46b330da501,
Execution Time for Trace ID 481572497c2dae3b2381d46b330da501: 1368 ms
Input: 5000000,
Cold Start: false
Unique ID: 3cdaedb4949e4bcb0a5636a486d365f4,
Execution Time for Trace ID 3cdaedb4949e4bcb0a5636a486d365f4: 1356 ms
Input: 5000000,
Cold Start: false
Unique ID: 7a5212e176fecb70280944f29f479fa9,
Execution Time for Trace ID 7a5212e176fecb70280944f29f479fa9: 1565 ms
Input: 5000000,
Cold Start: false
Unique ID: 5a3c4554603df9924bbbdfa7456cf38d,
Execution Time for Trace ID 5a3c4554603df9924bbbdfa7456cf38d: 1443 ms
Input: 5000000,
Cold Start: false
Unique ID: b567caf9c7c0469f39be34376448cdc2,
Execution Time for Trace ID b567caf9c7c0469f39be34376448cdc2: 1585 ms
Input: 5000000,
Cold Start: false
Unique ID: 6cc854035c7f67cabfc681c89cf7e320,
Execution Time for Trace ID 6cc854035c7f67cabfc681c89cf7e320: 1405 ms
Input: 5000000,
Cold Start: false
Unique ID: 5cb7b02ab3f4d64b00ee9b0e1cfb99c4,
Execution Time for Trace ID 5cb7b02ab3f4d64b00ee9b0e1cfb99c4: 1442 ms
Input: 5000000,
Cold Start: false
Unique ID: 486fe27b042f6cf4b84ac444255d94c3,
Execution Time for Trace ID 486fe27b042f6cf4b84ac444255d94c3: 1397 ms
Input: 5000000,
Cold Start: false
Unique ID: f5b280a9cb14397c2b1b34aac9233c96,
Execution Time for Trace ID f5b280a9cb14397c2b1b34aac9233c96: 1664 ms
Input: 5000000,
Cold Start: false
Unique ID: 12b6ef84f80907849ccbea61c9596fe9,
Execution Time for Trace ID 12b6ef84f80907849ccbea61c9596fe9: 1346 ms
Input: 5000000,
Cold Start: false
Unique ID: 38e089e22226a737afc2156a1a0c47a4,
Execution Time for Trace ID 38e089e22226a737afc2156a1a0c47a4: 1905 ms
Input: 5000000,
Cold Start: false
Unique ID: 1b354ddfdcd68500ad7283e67a9fe2b9,
Execution Time for Trace ID 1b354ddfdcd68500ad7283e67a9fe2b9: 1503 ms
Input: 5000000,
Cold Start: false
Unique ID: 101cb7a03393af3eb0a36a60c7cf7039,
Execution Time for Trace ID 101cb7a03393af3eb0a36a60c7cf7039: 1612 ms
Input: 5000000,
Cold Start: false
Unique ID: fa15d22e8eeb1cd306c80157bf9e43a0,
Execution Time for Trace ID fa15d22e8eeb1cd306c80157bf9e43a0: 1864 ms
Input: 5000000,
Cold Start: false
Unique ID: 3d730a5e30ec4add75c8d41514ea26dd,
Execution Time for Trace ID 3d730a5e30ec4add75c8d41514ea26dd: 2098 ms
Input: 5000000,
Cold Start: false
Unique ID: ddd97eac4ee656de281c78d404ee5712,
Execution Time for Trace ID ddd97eac4ee656de281c78d404ee5712: 1406 ms
Input: 5000000,
Cold Start: false
Unique ID: 2a44f37594cc511507fb19fe34d606e6,
Execution Time for Trace ID 2a44f37594cc511507fb19fe34d606e6: 1482 ms
Input: 5000000,
Cold Start: false
Unique ID: d949215b0c3658957c9b23331315dece,
Execution Time for Trace ID d949215b0c3658957c9b23331315dece: 1753 ms
Input: 5000000,
Cold Start: false
Unique ID: 493d4f462be521903cf9dcaaed4389fd,
Execution Time for Trace ID 493d4f462be521903cf9dcaaed4389fd: 1447 ms
Input: 5000000,
Cold Start: false
Unique ID: ed9d04e06e3793dd4bbbdfa7456cf3c8,
Execution Time for Trace ID ed9d04e06e3793dd4bbbdfa7456cf3c8: 2349 ms
Input: 5000000,
Cold Start: false
Unique ID: 32354ba595781d9222f015e19f9a1cb5,
Execution Time for Trace ID 32354ba595781d9222f015e19f9a1cb5: 2411 ms
Input: 5000000,
Cold Start: false
Unique ID: 29b39ff69867a8a776db931573d7b7b4,
Execution Time for Trace ID 29b39ff69867a8a776db931573d7b7b4: 1413 ms
Input: 5000000,
Cold Start: false
Unique ID: 0bf746fb8360a7df251bdf1138b1460e,
Execution Time for Trace ID 0bf746fb8360a7df251bdf1138b1460e: 1672 ms
Input: 5000000,
Cold Start: false
Unique ID: cebe3cd4a14d13d2f19ea0edbfd9cea6,
Execution Time for Trace ID cebe3cd4a14d13d2f19ea0edbfd9cea6: 1814 ms
Input: 5000000,
Cold Start: false
Unique ID: 9076dc68dfd7b57208c00aceaeabf975,
Execution Time for Trace ID 9076dc68dfd7b57208c00aceaeabf975: 1990 ms
Input: 5000000,
Cold Start: false
Unique ID: ebbbd81ea54ffa9f59ae589becb50c43,
Execution Time for Trace ID ebbbd81ea54ffa9f59ae589becb50c43: 1445 ms
Input: 5000000,
Cold Start: false
Unique ID: 8860c5f512b2faca74aef50040aa100f,
Execution Time for Trace ID 8860c5f512b2faca74aef50040aa100f: 1380 ms
Input: 5000000,
Cold Start: false
Unique ID: 26245c3f64f60c69cdb33103108bf761,
Execution Time for Trace ID 26245c3f64f60c69cdb33103108bf761: 1671 ms
Input: 5000000,
Cold Start: false
Unique ID: f57acae6cbf2f376be7c666895ecad3b,
Execution Time for Trace ID f57acae6cbf2f376be7c666895ecad3b: 1651 ms
Input: 5000000,
Cold Start: false
Unique ID: 14a0a46efd7e28d9da6313ad0a075385,
Execution Time for Trace ID 14a0a46efd7e28d9da6313ad0a075385: 1809 ms
Input: 5000000,
Cold Start: false
Unique ID: 94ff77c330cad9794c6e24dd2fc59d5e,
Execution Time for Trace ID 94ff77c330cad9794c6e24dd2fc59d5e: 1411 ms
Input: 5000000,
Cold Start: false
Unique ID: fd4eab5e4060f72bd4af07bb4cac561b,
Execution Time for Trace ID fd4eab5e4060f72bd4af07bb4cac561b: 1462 ms
Input: 5000000,
Cold Start: false
Unique ID: 5d8785a5a065ee358f9efa803b00bf1c,
Execution Time for Trace ID 5d8785a5a065ee358f9efa803b00bf1c: 1614 ms
Input: 5000000,
Cold Start: false
Unique ID: 4144bf050063a6c97419e7a5b697e882,
Execution Time for Trace ID 4144bf050063a6c97419e7a5b697e882: 1607 ms
Input: 5000000,
Cold Start: false
Unique ID: f56983cd675bed76169cd710f30c5e6c,
Execution Time for Trace ID f56983cd675bed76169cd710f30c5e6c: 1463 ms
Input: 5000000,
Cold Start: false
Unique ID: 356687b0c173dfb540b14882ddebd8ff,
Execution Time for Trace ID 356687b0c173dfb540b14882ddebd8ff: 1447 ms
Input: 5000000,
Cold Start: false
Unique ID: 77a7da3e08cc171535d00d35fd1f9b19,
Execution Time for Trace ID 77a7da3e08cc171535d00d35fd1f9b19: 1472 ms
Input: 5000000,
Cold Start: false
Unique ID: 12676a4c435a89fd71b0719791b4352d,
Execution Time for Trace ID 12676a4c435a89fd71b0719791b4352d: 1575 ms
Input: 5000000,
Cold Start: false
Unique ID: 7c51f5c5e2d4d2bab700fcc756b7d5c9,
Execution Time for Trace ID 7c51f5c5e2d4d2bab700fcc756b7d5c9: 1479 ms
Input: 5000000,
Cold Start: false
Unique ID: 267f170e08cd687e61d943ba55ccd9f4,
Execution Time for Trace ID 267f170e08cd687e61d943ba55ccd9f4: 1603 ms
Input: 5000000,
Cold Start: false
Unique ID: 7181e58fe5257c08a8455df808b38e42,
Execution Time for Trace ID 7181e58fe5257c08a8455df808b38e42: 1568 ms
Input: 5000000,
Cold Start: false
Unique ID: 9d9460e5c2f5fdf5b5cef008926f430d,
Execution Time for Trace ID 9d9460e5c2f5fdf5b5cef008926f430d: 1537 ms
Input: 5000000,
Cold Start: false
Unique ID: 2995f1b012001bb60219016aa11523f2,
Execution Time for Trace ID 2995f1b012001bb60219016aa11523f2: 1468 ms
Input: 5000000,
Cold Start: false
Unique ID: 2ec0548e3712ddb6c455cc0111164af5,
Execution Time for Trace ID 2ec0548e3712ddb6c455cc0111164af5: 1588 ms
Input: 5000000,
Cold Start: false
Unique ID: 363d42abdde4ad9dea97f543a6e7117c,
Execution Time for Trace ID 363d42abdde4ad9dea97f543a6e7117c: 1582 ms
Input: 5000000,
Cold Start: false
Unique ID: 5cd18e59c775e25ca0a7e4b935427191,
Execution Time for Trace ID 5cd18e59c775e25ca0a7e4b935427191: 1352 ms
Input: 5000000,
Cold Start: false
Unique ID: 6d8ca7361b56e7fed6c964764592a27c,
Execution Time for Trace ID 6d8ca7361b56e7fed6c964764592a27c: 1428 ms
Input: 5000000,
Cold Start: false
Unique ID: 5e40077fb5f4f42d440c2014898fd0f1,
Execution Time for Trace ID 5e40077fb5f4f42d440c2014898fd0f1: 1419 ms
Input: 5000000,
Cold Start: false
Unique ID: 4b46a4662307faf5cbcc4d238d2d3ce7,
Execution Time for Trace ID 4b46a4662307faf5cbcc4d238d2d3ce7: 1434 ms
Input: 5000000,
Cold Start: false
Unique ID: f8f52ef0c8907b4f1f4f673c17d42aca,
Execution Time for Trace ID f8f52ef0c8907b4f1f4f673c17d42aca: 1481 ms
Input: 5000000,
Cold Start: false
Unique ID: 2b74806b15803570b77947dcbc187f86,
Execution Time for Trace ID 2b74806b15803570b77947dcbc187f86: 1460 ms
Input: 5000000,
Cold Start: false
Unique ID: 43ed6f325825d30795c17555afaa53ca,
Execution Time for Trace ID 43ed6f325825d30795c17555afaa53ca: 1405 ms
Input: 5000000,
Cold Start: false
Unique ID: 93b5a933163f2a5f6a3b569c6632a70c,
Execution Time for Trace ID 93b5a933163f2a5f6a3b569c6632a70c: 1442 ms
Input: 5000000,
Cold Start: false
Unique ID: 8bfbc98f4d4008af2318b4f3a49a3df1,
Execution Time for Trace ID 8bfbc98f4d4008af2318b4f3a49a3df1: 1795 ms
Input: 5000000,
Cold Start: false
Unique ID: f917a6673457298b73e3830ccd92cc1e,
Execution Time for Trace ID f917a6673457298b73e3830ccd92cc1e: 1746 ms
Input: 5000000,
Cold Start: false
Unique ID: 22a90b8c0342dd2de8c750d493f2b6be,
Execution Time for Trace ID 22a90b8c0342dd2de8c750d493f2b6be: 1404 ms
Input: 5000000,
Cold Start: false
Unique ID: c021881cb5b7ea4e7e64c733cb2f06a7,
Execution Time for Trace ID c021881cb5b7ea4e7e64c733cb2f06a7: 1499 ms
Input: 5000000,
Cold Start: false
Unique ID: f3fb79e52d15fd4fb285c69e13b34737,
Execution Time for Trace ID f3fb79e52d15fd4fb285c69e13b34737: 1449 ms
Input: 5000000,
Cold Start: false
Unique ID: 54addd31fc7a086890379a9328d4820b,
Execution Time for Trace ID 54addd31fc7a086890379a9328d4820b: 1494 ms
Input: 5000000,
Cold Start: false
Unique ID: c9ef37e7b4491003274c71fec5c8163f,
Execution Time for Trace ID c9ef37e7b4491003274c71fec5c8163f: 1698 ms
Input: 5000000,
Cold Start: false
Unique ID: e8e76ec432bbcd64f5acdaa6c2eba2f4,
Execution Time for Trace ID e8e76ec432bbcd64f5acdaa6c2eba2f4: 1489 ms
Input: 5000000,
Cold Start: false
Unique ID: 0467443482fe48049c83df9a4f3fecdb,
Execution Time for Trace ID 0467443482fe48049c83df9a4f3fecdb: 1400 ms
Input: 5000000,
Cold Start: false
Unique ID: f39e19f022a47e7b2f1da12c93ba87cb,
Execution Time for Trace ID f39e19f022a47e7b2f1da12c93ba87cb: 1498 ms
Input: 5000000,
Cold Start: false
Unique ID: 0c6eb5110a0d79abd59f5acc73dd9efd,
Execution Time for Trace ID 0c6eb5110a0d79abd59f5acc73dd9efd: 1589 ms
Input: 5000000,
Cold Start: false
Unique ID: 092a6549d474993745bd7e89fb2bcf22,
Execution Time for Trace ID 092a6549d474993745bd7e89fb2bcf22: 1599 ms
Input: 5000000,
Cold Start: false
Unique ID: 24fa4936fa9c29ceb39e18779c5fff1f,
Execution Time for Trace ID 24fa4936fa9c29ceb39e18779c5fff1f: 1496 ms
Input: 5000000,
Cold Start: false
Unique ID: efd5ad036ce876ce5a3e67b40b76e56f,
Execution Time for Trace ID efd5ad036ce876ce5a3e67b40b76e56f: 1785 ms
Input: 5000000,
Cold Start: false
Unique ID: 1a2de4949b830dd261c0bea099b5c53c,
Execution Time for Trace ID 1a2de4949b830dd261c0bea099b5c53c: 1719 ms
Input: 5000000,
Cold Start: false
Unique ID: 90fb43a2ded63bcfd6925d3cebea3051,
Execution Time for Trace ID 90fb43a2ded63bcfd6925d3cebea3051: 1774 ms
Input: 5000000,
Cold Start: false
Unique ID: 9f4ad80fd39312291fd090ad5a6ebb4c,
Execution Time for Trace ID 9f4ad80fd39312291fd090ad5a6ebb4c: 1978 ms
Input: 5000000,
Cold Start: false
Unique ID: e1541dba22fe1a5156de38b690e37e89,
Execution Time for Trace ID e1541dba22fe1a5156de38b690e37e89: 1356 ms
Input: 5000000,
Cold Start: false
Unique ID: fde64e8187a7f20ef03212f5349e0f29,
Execution Time for Trace ID fde64e8187a7f20ef03212f5349e0f29: 1389 ms
Input: 5000000,
Cold Start: false
Unique ID: b8d109536c666c774a2edbef749de77f,
Execution Time for Trace ID b8d109536c666c774a2edbef749de77f: 1850 ms
Input: 5000000,
Cold Start: false
Unique ID: 2d66f6a2e752e53e15cb40c0e7dbc895,
Execution Time for Trace ID 2d66f6a2e752e53e15cb40c0e7dbc895: 1347 ms
Input: 5000000,
Cold Start: false
Unique ID: d41977df33a84412f7a36626cdac1882,
Execution Time for Trace ID d41977df33a84412f7a36626cdac1882: 1425 ms
Input: 5000000,
Cold Start: false
Unique ID: 3f95123657372518c10eea72a8f3778b,
Execution Time for Trace ID 3f95123657372518c10eea72a8f3778b: 1346 ms
Input: 5000000,
Cold Start: false
Unique ID: 5318b8d676f1984b38248e348d22de30,
Execution Time for Trace ID 5318b8d676f1984b38248e348d22de30: 1420 ms
Input: 5000000,
Cold Start: false
Unique ID: 723c3bc18e3c022fbb5ecc6701ac801b,
Execution Time for Trace ID 723c3bc18e3c022fbb5ecc6701ac801b: 2501 ms
Input: 5000000,
Cold Start: true
Unique ID: 549ff5da320e11d24b93a3d79846a8e2,
Execution Time for Trace ID 549ff5da320e11d24b93a3d79846a8e2: 937 ms
Input: 5000000,
Cold Start: false
Unique ID: 880a0345aa95294a54d827307b9ae4ab,
Execution Time for Trace ID 880a0345aa95294a54d827307b9ae4ab: 1794 ms
Input: 5000000,
Cold Start: false
Unique ID: 04b3c9ae1770ee6755798fe2d847d58c,
Execution Time for Trace ID 04b3c9ae1770ee6755798fe2d847d58c: 2415 ms
Input: 5000000,
Cold Start: true
Unique ID: b4cb8d6014ae6da90fd70e582c907d10,
Execution Time for Trace ID b4cb8d6014ae6da90fd70e582c907d10: 1198 ms
Input: 5000000,
Cold Start: false
Unique ID: 6bce9d2b65b3b69384302aafd9853541,
Execution Time for Trace ID 6bce9d2b65b3b69384302aafd9853541: 1575 ms
Input: 5000000,
Cold Start: false
Unique ID: 99a4103d8acc814ef8f582e0feb53e51,
Execution Time for Trace ID 99a4103d8acc814ef8f582e0feb53e51: 1480 ms
Input: 5000000,
Cold Start: false
Unique ID: c8a9f2a2833369ee85aa22624e3c5501,
Execution Time for Trace ID c8a9f2a2833369ee85aa22624e3c5501: 1538 ms
Input: 5000000,
Cold Start: false
Unique ID: 0ae76a84e4e73a3d13877cb34c2fd6bd,
Execution Time for Trace ID 0ae76a84e4e73a3d13877cb34c2fd6bd: 1432 ms
Input: 5000000,
Cold Start: false
Unique ID: 4ea89e04c90f332c976cfb6f777b3765,
Execution Time for Trace ID 4ea89e04c90f332c976cfb6f777b3765: 1561 ms
Input: 5000000,
Cold Start: false
Unique ID: c91d9c18179205d1dd1ff0f7a0d6ea92,
Execution Time for Trace ID c91d9c18179205d1dd1ff0f7a0d6ea92: 1476 ms
Input: 5000000,
Cold Start: false
Unique ID: 542f2ed09609ac78c73970843e789a82,
Execution Time for Trace ID 542f2ed09609ac78c73970843e789a82: 1610 ms
Input: 5000000,
Cold Start: false
Unique ID: 1a273211b1a68d76db6a8b665ee22fac,
Execution Time for Trace ID 1a273211b1a68d76db6a8b665ee22fac: 1896 ms
Input: 5000000,
Cold Start: false
Unique ID: c7ffd22a9037b312ae1aa9ba18a2f251,
Execution Time for Trace ID c7ffd22a9037b312ae1aa9ba18a2f251: 1441 ms
Input: 5000000,
Cold Start: false
Unique ID: 8f2b2d23ba446d9d631d0ed8da4f3d29,
Execution Time for Trace ID 8f2b2d23ba446d9d631d0ed8da4f3d29: 1482 ms
Input: 5000000,
Cold Start: false
Unique ID: c55b4cd8d91e5eacda4fb474c2b9f5db,
Execution Time for Trace ID c55b4cd8d91e5eacda4fb474c2b9f5db: 1575 ms
Input: 5000000,
Cold Start: false
Unique ID: 825684f4b6d91605a3090b77d30ae5ec,
Execution Time for Trace ID 825684f4b6d91605a3090b77d30ae5ec: 1506 ms
Input: 5000000,
Cold Start: false
Unique ID: 0aad4e2f66c1c3c6062ab039fb582027,
Execution Time for Trace ID 0aad4e2f66c1c3c6062ab039fb582027: 1785 ms
Input: 5000000,
Cold Start: true
Unique ID: fa7f3e5514e585b256de38b690e379f8,
Execution Time for Trace ID fa7f3e5514e585b256de38b690e379f8: 1444 ms
Input: 5000000,
Cold Start: false
Unique ID: 8bfac7fb50e0da107cd8f7aeb83b8b8d,
Execution Time for Trace ID 8bfac7fb50e0da107cd8f7aeb83b8b8d: 1539 ms
Input: 5000000,
Cold Start: false
Unique ID: 7385db3196da0caf2ed6e689b0ba299d,
Execution Time for Trace ID 7385db3196da0caf2ed6e689b0ba299d: 1812 ms
Input: 5000000,
Cold Start: false
Unique ID: 2b414a14b38370969edf804b61f2574e,
Execution Time for Trace ID 2b414a14b38370969edf804b61f2574e: 2059 ms
Input: 5000000,
Cold Start: false
Unique ID: 327e87c501c86b62ee621f4ed4315585,
Execution Time for Trace ID 327e87c501c86b62ee621f4ed4315585: 2318 ms
Input: 5000000,
Cold Start: true
Unique ID: 2edf63a4e167a40b25005f487f8b686f,
Execution Time for Trace ID 2edf63a4e167a40b25005f487f8b686f: 1495 ms
Input: 5000000,
Cold Start: false
Unique ID: c7f45f239a11c7e03f60f644c45d8a6c,
Execution Time for Trace ID c7f45f239a11c7e03f60f644c45d8a6c: 1450 ms
Input: 5000000,
Cold Start: false
Unique ID: 861797b0c40e898713a7b57442b27a5a,
Execution Time for Trace ID 861797b0c40e898713a7b57442b27a5a: 1435 ms
Input: 5000000,
Cold Start: false
Unique ID: 504dc0941cf0988084ae9f33eefa6afd,
Execution Time for Trace ID 504dc0941cf0988084ae9f33eefa6afd: 679 ms
Input: 5000000,
Cold Start: false
Unique ID: ea687351dc875e27122a2d74389005c8,
Execution Time for Trace ID ea687351dc875e27122a2d74389005c8: 2009 ms
Input: 5000000,
Cold Start: false
Unique ID: 5625514d213006069c857483543d519c,
Execution Time for Trace ID 5625514d213006069c857483543d519c: 1342 ms
Input: 5000000,
Cold Start: false
Unique ID: f9f63ac60c13371681315a50423a5b73,
Execution Time for Trace ID f9f63ac60c13371681315a50423a5b73: 1488 ms
Input: 5000000,
Cold Start: false
Unique ID: 94e24bec72d4f8e484ae9f33eefa6ff5,
Execution Time for Trace ID 94e24bec72d4f8e484ae9f33eefa6ff5: 1434 ms
Input: 5000000,
Cold Start: false
Unique ID: 9fffb3cc9435109113f1e46f2e392a90,
Execution Time for Trace ID 9fffb3cc9435109113f1e46f2e392a90: 2405 ms
Input: 5000000,
Cold Start: true
Unique ID: d334c46720db82de3f0ddb72d448de84,
Execution Time for Trace ID d334c46720db82de3f0ddb72d448de84: 2097 ms
Input: 5000000,
Cold Start: false
Unique ID: bc87362a7802b2186c7e661c9cbd99ce,
Execution Time for Trace ID bc87362a7802b2186c7e661c9cbd99ce: 1332 ms
Input: 5000000,
Cold Start: false
Unique ID: c32a8e52bb456cfe567d9418646b8f04,
Execution Time for Trace ID c32a8e52bb456cfe567d9418646b8f04: 1411 ms
Input: 5000000,
Cold Start: false
Unique ID: f7942699f2e55ed1f4491a7c9c5f4d1e,
Execution Time for Trace ID f7942699f2e55ed1f4491a7c9c5f4d1e: 1345 ms
Input: 5000000,
Cold Start: false
Unique ID: 57408015efc32bb9f9b2b5883279d883,
Execution Time for Trace ID 57408015efc32bb9f9b2b5883279d883: 1814 ms
Input: 5000000,
Cold Start: false
Unique ID: fde843aa6275efcfaa368c66079cff2e,
Execution Time for Trace ID fde843aa6275efcfaa368c66079cff2e: 1858 ms
Input: 5000000,
Cold Start: false
Unique ID: 91409e6b94b6f456ace97cc0d1829c90,
Execution Time for Trace ID 91409e6b94b6f456ace97cc0d1829c90: 1439 ms
Input: 5000000,
Cold Start: false
Unique ID: 9fe2217c0d540a243a7edda93c33c8d4,
Execution Time for Trace ID 9fe2217c0d540a243a7edda93c33c8d4: 1795 ms
Input: 5000000,
Cold Start: false
Unique ID: 1e174c03847e4053879ae1b4c063f152,
Execution Time for Trace ID 1e174c03847e4053879ae1b4c063f152: 1997 ms
Input: 5000000,
Cold Start: false
Unique ID: 75e117befe20313808b33223c7df6a12,
Execution Time for Trace ID 75e117befe20313808b33223c7df6a12: 2027 ms
Input: 5000000,
Cold Start: false
Unique ID: 956eb1ec63b72fc2096ae432698d24cf,
Execution Time for Trace ID 956eb1ec63b72fc2096ae432698d24cf: 1974 ms
Input: 5000000,
Cold Start: false
Unique ID: 4357547e6a4f564b5c02fa5c788c4eb4,
Execution Time for Trace ID 4357547e6a4f564b5c02fa5c788c4eb4: 1347 ms
Input: 5000000,
Cold Start: false
Unique ID: 8feac563c1c1b9a94d775918ae8d0d29,
Execution Time for Trace ID 8feac563c1c1b9a94d775918ae8d0d29: 1357 ms
Input: 5000000,
Cold Start: false
Unique ID: 96bf9d5c9f6007580f5dfab33611ab62,
Execution Time for Trace ID 96bf9d5c9f6007580f5dfab33611ab62: 1752 ms
Input: 5000000,
Cold Start: false
Unique ID: 81756d431c2d49934ca261d7f1860e25,
Execution Time for Trace ID 81756d431c2d49934ca261d7f1860e25: 2014 ms
Input: 5000000,
Cold Start: false
Unique ID: b75ea373f2992a8f0c755f86a98aea95,
Execution Time for Trace ID b75ea373f2992a8f0c755f86a98aea95: 1891 ms
Input: 5000000,
Cold Start: false
Unique ID: 0f206fa4744a8b16ff91d5ca6db4946c,
Execution Time for Trace ID 0f206fa4744a8b16ff91d5ca6db4946c: 1539 ms
Input: 5000000,
Cold Start: false
Unique ID: 124f9fe3a428a62e86bfc75c5e94be35,
Execution Time for Trace ID 124f9fe3a428a62e86bfc75c5e94be35: 1813 ms
Input: 5000000,
Cold Start: false
Unique ID: 08302eaff039eae8f2255fa794bfe67a,
Execution Time for Trace ID 08302eaff039eae8f2255fa794bfe67a: 1703 ms
Input: 5000000,
Cold Start: false
Unique ID: e022e4cd1ec3f29f179400e63362f3e9,
Execution Time for Trace ID e022e4cd1ec3f29f179400e63362f3e9: 2152 ms
Input: 5000000,
Cold Start: false
Unique ID: a3ee25234bf8d4003520f102876fe61e,
Execution Time for Trace ID a3ee25234bf8d4003520f102876fe61e: 2072 ms
Input: 5000000,
Cold Start: false
Unique ID: e282357abb6d7d3cd3a212c3a9bec48d,
Execution Time for Trace ID e282357abb6d7d3cd3a212c3a9bec48d: 1403 ms
Input: 5000000,
Cold Start: false
Unique ID: 534a5c14e2b06f5803efb9321d781982,
Execution Time for Trace ID 534a5c14e2b06f5803efb9321d781982: 1633 ms
Input: 5000000,
Cold Start: false
Unique ID: 82b45cfc5a0937dcc8c7fa7a8f773574,
Execution Time for Trace ID 82b45cfc5a0937dcc8c7fa7a8f773574: 1903 ms
Input: 5000000,
Cold Start: false
Unique ID: 851a11a1ca371ea8389648df77310014,
Execution Time for Trace ID 851a11a1ca371ea8389648df77310014: 1798 ms
Input: 5000000,
Cold Start: false
Unique ID: e4b23c463ca339ec53c15b1e42f1e351,
Execution Time for Trace ID e4b23c463ca339ec53c15b1e42f1e351: 1864 ms
Input: 5000000,
Cold Start: false
