Unique ID: 88177944-fd5b-472e-a50d-be012f794b93,
Billed Duration for Request 88177944-fd5b-472e-a50d-be012f794b93: 1844 ms
Input: 5000000,
Cold Start: false
Unique ID: 748c805c-f2af-4ebf-afb4-60967fd8a3e2,
Billed Duration for Request 748c805c-f2af-4ebf-afb4-60967fd8a3e2: 1865 ms
Input: 5000000,
Cold Start: false
Unique ID: a3cdacf7-ad06-4048-bfdc-1d33179a9ec7,
Billed Duration for Request a3cdacf7-ad06-4048-bfdc-1d33179a9ec7: 1832 ms
Input: 5000000,
Cold Start: false
Unique ID: 851412db-82d1-49e5-a6ca-50e83dfb5670,
Billed Duration for Request 851412db-82d1-49e5-a6ca-50e83dfb5670: 1830 ms
Input: 5000000,
Cold Start: false
Unique ID: 02f13ab7-0a57-4c5d-bc0f-332c1961b440,
Billed Duration for Request 02f13ab7-0a57-4c5d-bc0f-332c1961b440: 2145 ms
Input: 5000000,
Cold Start: true
Unique ID: 06edaa6f-6e83-43c6-ab62-102f74eba889,
Billed Duration for Request 06edaa6f-6e83-43c6-ab62-102f74eba889: 2057 ms
Input: 5000000,
Cold Start: true
Unique ID: 60515693-d6b9-4104-b2e1-87ea233acc81,
Billed Duration for Request 60515693-d6b9-4104-b2e1-87ea233acc81: 2129 ms
Input: 5000000,
Cold Start: true
Unique ID: 70e3be79-9405-488a-90fb-d47e5dd00eda,
Billed Duration for Request 70e3be79-9405-488a-90fb-d47e5dd00eda: 2108 ms
Input: 5000000,
Cold Start: true
Unique ID: 0e589d63-c427-48d2-8e58-304810688213,
Billed Duration for Request 0e589d63-c427-48d2-8e58-304810688213: 2157 ms
Input: 5000000,
Cold Start: true
Unique ID: a41b054f-cf3c-425e-8577-dda8c7b8c38e,
Billed Duration for Request a41b054f-cf3c-425e-8577-dda8c7b8c38e: 2206 ms
Input: 5000000,
Cold Start: true
Unique ID: be707e9f-41a9-43b0-b229-3914c38166c8,
Billed Duration for Request be707e9f-41a9-43b0-b229-3914c38166c8: 1801 ms
Input: 5000000,
Cold Start: false
Unique ID: 0b16c794-d68f-492b-b137-d2a394ee035d,
Billed Duration for Request 0b16c794-d68f-492b-b137-d2a394ee035d: 1838 ms
Input: 5000000,
Cold Start: false
Unique ID: eb5476ed-95e1-4a70-bea3-22fca2ca6b41,
Billed Duration for Request eb5476ed-95e1-4a70-bea3-22fca2ca6b41: 1810 ms
Input: 5000000,
Cold Start: false
Unique ID: 9fcc7101-6998-4a47-b316-8082a5472fac,
Billed Duration for Request 9fcc7101-6998-4a47-b316-8082a5472fac: 1828 ms
Input: 5000000,
Cold Start: false
Unique ID: d32729b1-6630-4d92-9702-673969a64f33,
Billed Duration for Request d32729b1-6630-4d92-9702-673969a64f33: 2099 ms
Input: 5000000,
Cold Start: false
Unique ID: 83cfaa4c-d3e4-4417-8991-d3c91d4c796a,
Billed Duration for Request 83cfaa4c-d3e4-4417-8991-d3c91d4c796a: 1792 ms
Input: 5000000,
Cold Start: false
Unique ID: 96782d23-fcf8-42f7-8b79-4ec7ee6d38d6,
Billed Duration for Request 96782d23-fcf8-42f7-8b79-4ec7ee6d38d6: 1869 ms
Input: 5000000,
Cold Start: false
Unique ID: 5678ede6-7db3-4590-befa-929f35d6f3d7,
Billed Duration for Request 5678ede6-7db3-4590-befa-929f35d6f3d7: 1765 ms
Input: 5000000,
Cold Start: false
Unique ID: 7275880a-a0ec-4e8c-83ca-154607375692,
Billed Duration for Request 7275880a-a0ec-4e8c-83ca-154607375692: 1857 ms
Input: 5000000,
Cold Start: false
Unique ID: fb00c9e9-0ff4-4d44-841f-dae5a80643ce,
Billed Duration for Request fb00c9e9-0ff4-4d44-841f-dae5a80643ce: 2174 ms
Input: 5000000,
Cold Start: false
Unique ID: 73e856f6-484d-47a3-91cc-a5c9e3beaf04,
Billed Duration for Request 73e856f6-484d-47a3-91cc-a5c9e3beaf04: 1943 ms
Input: 5000000,
Cold Start: false
Unique ID: c176c48c-54d5-422d-bd2a-a11ab9a55b6a,
Billed Duration for Request c176c48c-54d5-422d-bd2a-a11ab9a55b6a: 2066 ms
Input: 5000000,
Cold Start: false
Unique ID: e075b208-cb9c-4a06-9b36-a0efd79a7d2f,
Billed Duration for Request e075b208-cb9c-4a06-9b36-a0efd79a7d2f: 2112 ms
Input: 5000000,
Cold Start: false
Unique ID: 1624e687-bc80-477e-89a9-e0ac3f11bc5e,
Billed Duration for Request 1624e687-bc80-477e-89a9-e0ac3f11bc5e: 2080 ms
Input: 5000000,
Cold Start: false
Unique ID: 29117a0d-ca50-4ce2-9428-84467c37b356,
Billed Duration for Request 29117a0d-ca50-4ce2-9428-84467c37b356: 2023 ms
Input: 5000000,
Cold Start: false
Unique ID: 438ee4af-24a7-47ea-84de-1353b56b0d44,
Billed Duration for Request 438ee4af-24a7-47ea-84de-1353b56b0d44: 1759 ms
Input: 5000000,
Cold Start: false
Unique ID: 6f52a1d7-e86f-4b47-bd68-340c3e9a452d,
Billed Duration for Request 6f52a1d7-e86f-4b47-bd68-340c3e9a452d: 1860 ms
Input: 5000000,
Cold Start: false
Unique ID: e0e30f2e-f89a-40c0-b6db-d7b85166253f,
Billed Duration for Request e0e30f2e-f89a-40c0-b6db-d7b85166253f: 1836 ms
Input: 5000000,
Cold Start: false
Unique ID: de8caac9-a9cf-4f02-9092-0ba6381daddf,
Billed Duration for Request de8caac9-a9cf-4f02-9092-0ba6381daddf: 1808 ms
Input: 5000000,
Cold Start: false
Unique ID: 35dd17a5-cf13-4b6b-994e-9ba442ae20a7,
Billed Duration for Request 35dd17a5-cf13-4b6b-994e-9ba442ae20a7: 2023 ms
Input: 5000000,
Cold Start: false
Unique ID: 70f09e93-896b-45ed-b6e1-160edae248e5,
Billed Duration for Request 70f09e93-896b-45ed-b6e1-160edae248e5: 1954 ms
Input: 5000000,
Cold Start: false
Unique ID: 4b73d5f0-4b16-4a25-b3de-bf277f2639d5,
Billed Duration for Request 4b73d5f0-4b16-4a25-b3de-bf277f2639d5: 1966 ms
Input: 5000000,
Cold Start: false
Unique ID: b1fcf900-8dda-440e-8488-6c14782241d1,
Billed Duration for Request b1fcf900-8dda-440e-8488-6c14782241d1: 1919 ms
Input: 5000000,
Cold Start: false
Unique ID: f41cc2a9-233d-4120-9ebc-1e110d7953f4,
Billed Duration for Request f41cc2a9-233d-4120-9ebc-1e110d7953f4: 1819 ms
Input: 5000000,
Cold Start: false
Unique ID: 432b523c-e6c0-47cb-9344-6cabb73a3b0d,
Billed Duration for Request 432b523c-e6c0-47cb-9344-6cabb73a3b0d: 1839 ms
Input: 5000000,
Cold Start: false
Unique ID: d6b03fb1-845c-4988-a027-62de993a3705,
Billed Duration for Request d6b03fb1-845c-4988-a027-62de993a3705: 1765 ms
Input: 5000000,
Cold Start: false
Unique ID: d92bf662-333c-4fc2-b43b-7f824d6294f0,
Billed Duration for Request d92bf662-333c-4fc2-b43b-7f824d6294f0: 1855 ms
Input: 5000000,
Cold Start: false
Unique ID: adec584b-2f8e-43f3-8579-514c0135d973,
Billed Duration for Request adec584b-2f8e-43f3-8579-514c0135d973: 1876 ms
Input: 5000000,
Cold Start: false
Unique ID: bca06238-3b6e-4805-94df-40d12ffdaf1c,
Billed Duration for Request bca06238-3b6e-4805-94df-40d12ffdaf1c: 1821 ms
Input: 5000000,
Cold Start: false
Unique ID: 154b35c9-5439-4261-bb70-b0ca5cc19003,
Billed Duration for Request 154b35c9-5439-4261-bb70-b0ca5cc19003: 1793 ms
Input: 5000000,
Cold Start: false
Unique ID: 978194a4-707d-40e8-808d-924a2d235142,
Billed Duration for Request 978194a4-707d-40e8-808d-924a2d235142: 1897 ms
Input: 5000000,
Cold Start: false
Unique ID: 55e9f419-e940-4f5b-8739-1d07689d6de1,
Billed Duration for Request 55e9f419-e940-4f5b-8739-1d07689d6de1: 1810 ms
Input: 5000000,
Cold Start: false
Unique ID: 58b7ac64-d5f8-47ae-887c-9fff9fbb3c1e,
Billed Duration for Request 58b7ac64-d5f8-47ae-887c-9fff9fbb3c1e: 1870 ms
Input: 5000000,
Cold Start: false
Unique ID: 9589ac16-1734-4d33-9d5d-3cd9ae3805dd,
Billed Duration for Request 9589ac16-1734-4d33-9d5d-3cd9ae3805dd: 1792 ms
Input: 5000000,
Cold Start: false
Unique ID: e1fc20f0-00ec-4113-91d2-3a9d1974a7b4,
Billed Duration for Request e1fc20f0-00ec-4113-91d2-3a9d1974a7b4: 1839 ms
Input: 5000000,
Cold Start: false
Unique ID: 6eb203f3-62fd-47b1-aeca-2caeecc7a25a,
Billed Duration for Request 6eb203f3-62fd-47b1-aeca-2caeecc7a25a: 1768 ms
Input: 5000000,
Cold Start: false
Unique ID: db4b209b-bdeb-44d2-a1b8-c5d15c35f030,
Billed Duration for Request db4b209b-bdeb-44d2-a1b8-c5d15c35f030: 1833 ms
Input: 5000000,
Cold Start: false
Unique ID: ea7e8b26-ef2b-4656-ac3e-e6bf9f45e3e6,
Billed Duration for Request ea7e8b26-ef2b-4656-ac3e-e6bf9f45e3e6: 1819 ms
Input: 5000000,
Cold Start: false
Unique ID: 0f7a2f61-e045-4c94-a97d-b3a44763b31c,
Billed Duration for Request 0f7a2f61-e045-4c94-a97d-b3a44763b31c: 1809 ms
Input: 5000000,
Cold Start: false
Unique ID: b7d831a9-47af-4cb6-b168-d5ce33cd84e5,
Billed Duration for Request b7d831a9-47af-4cb6-b168-d5ce33cd84e5: 1879 ms
Input: 5000000,
Cold Start: false
Unique ID: 9cbced46-05e6-4e6a-877d-01184af0edac,
Billed Duration for Request 9cbced46-05e6-4e6a-877d-01184af0edac: 1794 ms
Input: 5000000,
Cold Start: false
Unique ID: d5e6ca61-0a2a-4fdc-92da-0258db4254bd,
Billed Duration for Request d5e6ca61-0a2a-4fdc-92da-0258db4254bd: 1871 ms
Input: 5000000,
Cold Start: false
Unique ID: 37d9fafb-c633-498b-bc60-3ec9facd0ae2,
Billed Duration for Request 37d9fafb-c633-498b-bc60-3ec9facd0ae2: 1816 ms
Input: 5000000,
Cold Start: false
Unique ID: 6ba23494-02fd-43ca-a4dd-48173be094c6,
Billed Duration for Request 6ba23494-02fd-43ca-a4dd-48173be094c6: 1779 ms
Input: 5000000,
Cold Start: false
Unique ID: d11c8ced-5713-4dbe-9573-d46fbf42ac8e,
Billed Duration for Request d11c8ced-5713-4dbe-9573-d46fbf42ac8e: 1838 ms
Input: 5000000,
Cold Start: false
Unique ID: a8465338-2044-42a6-b855-b6e0f93eed79,
Billed Duration for Request a8465338-2044-42a6-b855-b6e0f93eed79: 1764 ms
Input: 5000000,
Cold Start: false
Unique ID: 677428e1-b02e-467e-a78e-b4fb51abdda9,
Billed Duration for Request 677428e1-b02e-467e-a78e-b4fb51abdda9: 1754 ms
Input: 5000000,
Cold Start: false
Unique ID: 0134baec-3ed6-47e2-ad14-850c684a2531,
Billed Duration for Request 0134baec-3ed6-47e2-ad14-850c684a2531: 1841 ms
Input: 5000000,
Cold Start: false
Unique ID: f91f43b3-fda7-48b3-bb82-9257ef63618e,
Billed Duration for Request f91f43b3-fda7-48b3-bb82-9257ef63618e: 1815 ms
Input: 5000000,
Cold Start: false
Unique ID: 5de95901-f1d6-4d7d-ad90-9898d8a153e1,
Billed Duration for Request 5de95901-f1d6-4d7d-ad90-9898d8a153e1: 1864 ms
Input: 5000000,
Cold Start: false
Unique ID: a2e4d6fd-1250-46f2-9f7d-b74407853f11,
Billed Duration for Request a2e4d6fd-1250-46f2-9f7d-b74407853f11: 1849 ms
Input: 5000000,
Cold Start: false
Unique ID: 94326e14-1f06-4a6f-9de7-4afbacdefdd3,
Billed Duration for Request 94326e14-1f06-4a6f-9de7-4afbacdefdd3: 1871 ms
Input: 5000000,
Cold Start: false
Unique ID: 09e06ea1-21c2-42dd-b83c-6b1ad9a51fd3,
Billed Duration for Request 09e06ea1-21c2-42dd-b83c-6b1ad9a51fd3: 1822 ms
Input: 5000000,
Cold Start: false
Unique ID: 1070a9ce-544b-471c-a8ac-34d359b60101,
Billed Duration for Request 1070a9ce-544b-471c-a8ac-34d359b60101: 1786 ms
Input: 5000000,
Cold Start: false
Unique ID: 5a9535e3-9cc0-49e8-990d-416344f80fd0,
Billed Duration for Request 5a9535e3-9cc0-49e8-990d-416344f80fd0: 1768 ms
Input: 5000000,
Cold Start: false
Unique ID: f6cc9408-ad16-4960-957c-7483d7c5c82a,
Billed Duration for Request f6cc9408-ad16-4960-957c-7483d7c5c82a: 1831 ms
Input: 5000000,
Cold Start: false
Unique ID: 96da05e2-d472-4614-8fc2-b2de7a939b54,
Billed Duration for Request 96da05e2-d472-4614-8fc2-b2de7a939b54: 1841 ms
Input: 5000000,
Cold Start: false
Unique ID: 86da470d-74bd-4814-8fc1-1ca25b6b32da,
Billed Duration for Request 86da470d-74bd-4814-8fc1-1ca25b6b32da: 1802 ms
Input: 5000000,
Cold Start: false
Unique ID: 7ab854c9-1571-4e74-a67e-9e11cf07d6d0,
Billed Duration for Request 7ab854c9-1571-4e74-a67e-9e11cf07d6d0: 1777 ms
Input: 5000000,
Cold Start: false
Unique ID: c62abd5d-6ce6-4045-a283-367ccc5daeb5,
Billed Duration for Request c62abd5d-6ce6-4045-a283-367ccc5daeb5: 1815 ms
Input: 5000000,
Cold Start: false
Unique ID: 95708e5c-2cb7-49a4-b2b3-32c2eb72a095,
Billed Duration for Request 95708e5c-2cb7-49a4-b2b3-32c2eb72a095: 1881 ms
Input: 5000000,
Cold Start: false
Unique ID: 17b5051a-dcef-4368-8d62-af0120b302a5,
Billed Duration for Request 17b5051a-dcef-4368-8d62-af0120b302a5: 1861 ms
Input: 5000000,
Cold Start: false
Unique ID: fe2022ba-4ae2-4d22-bc31-c8ac9a10e0e8,
Billed Duration for Request fe2022ba-4ae2-4d22-bc31-c8ac9a10e0e8: 1815 ms
Input: 5000000,
Cold Start: false
Unique ID: a0829a70-a8fd-4699-876b-740d9826b667,
Billed Duration for Request a0829a70-a8fd-4699-876b-740d9826b667: 1816 ms
Input: 5000000,
Cold Start: false
Unique ID: ada49d5f-04b0-47ea-8d48-2c3b8aaa8ed3,
Billed Duration for Request ada49d5f-04b0-47ea-8d48-2c3b8aaa8ed3: 1802 ms
Input: 5000000,
Cold Start: false
Unique ID: f56e1f9d-5748-4527-bffd-46ceb3bbcf42,
Billed Duration for Request f56e1f9d-5748-4527-bffd-46ceb3bbcf42: 1747 ms
Input: 5000000,
Cold Start: false
Unique ID: 43dc5a50-c85d-49b2-98e2-417952c09cf0,
Billed Duration for Request 43dc5a50-c85d-49b2-98e2-417952c09cf0: 1836 ms
Input: 5000000,
Cold Start: false
Unique ID: bf5f01d5-b5d6-4cf3-97b9-9dc9ef39e67d,
Billed Duration for Request bf5f01d5-b5d6-4cf3-97b9-9dc9ef39e67d: 1774 ms
Input: 5000000,
Cold Start: false
Unique ID: 3766b94e-f7f2-4de6-a9eb-c6f95b87b0f6,
Billed Duration for Request 3766b94e-f7f2-4de6-a9eb-c6f95b87b0f6: 1864 ms
Input: 5000000,
Cold Start: false
Unique ID: 2679a53b-2b41-4d75-98bd-74e5f543c657,
Billed Duration for Request 2679a53b-2b41-4d75-98bd-74e5f543c657: 1794 ms
Input: 5000000,
Cold Start: false
Unique ID: 053a3824-9cf9-41cc-bf34-a88a91915acc,
Billed Duration for Request 053a3824-9cf9-41cc-bf34-a88a91915acc: 1837 ms
Input: 5000000,
Cold Start: false
Unique ID: 9ec8658e-b637-411e-8059-0e7fb5acb2b0,
Billed Duration for Request 9ec8658e-b637-411e-8059-0e7fb5acb2b0: 1809 ms
Input: 5000000,
Cold Start: false
Unique ID: 2677d436-f4af-48f2-bd96-ec1f3f3cb1f5,
Billed Duration for Request 2677d436-f4af-48f2-bd96-ec1f3f3cb1f5: 1825 ms
Input: 5000000,
Cold Start: false
Unique ID: a26204ea-b970-4ec2-83d4-f5a10e2bb3cf,
Billed Duration for Request a26204ea-b970-4ec2-83d4-f5a10e2bb3cf: 1786 ms
Input: 5000000,
Cold Start: false
Unique ID: 1a5aae7a-168a-498f-a7b9-cb335bad1caf,
Billed Duration for Request 1a5aae7a-168a-498f-a7b9-cb335bad1caf: 1781 ms
Input: 5000000,
Cold Start: false
Unique ID: 16bf870e-ec37-4a71-9fd7-144a16db4b1c,
Billed Duration for Request 16bf870e-ec37-4a71-9fd7-144a16db4b1c: 1843 ms
Input: 5000000,
Cold Start: false
Unique ID: c9c112a0-b726-4d36-a58d-d7915ed7eb77,
Billed Duration for Request c9c112a0-b726-4d36-a58d-d7915ed7eb77: 1804 ms
Input: 5000000,
Cold Start: false
Unique ID: 0bf4574b-7af4-4242-999d-ece20b6c0e79,
Billed Duration for Request 0bf4574b-7af4-4242-999d-ece20b6c0e79: 1842 ms
Input: 5000000,
Cold Start: false
Unique ID: 5460ce53-1a3f-4c04-9541-6e42615cc3e3,
Billed Duration for Request 5460ce53-1a3f-4c04-9541-6e42615cc3e3: 1804 ms
Input: 5000000,
Cold Start: false
Unique ID: 95b3e7c3-465a-49fe-b4cd-1ba8485e922e,
Billed Duration for Request 95b3e7c3-465a-49fe-b4cd-1ba8485e922e: 1808 ms
Input: 5000000,
Cold Start: false
Unique ID: 7963e82e-3417-486e-8b2d-53b77e401236,
Billed Duration for Request 7963e82e-3417-486e-8b2d-53b77e401236: 1819 ms
Input: 5000000,
Cold Start: false
Unique ID: a9c3d323-705d-49f2-a71b-d750606a213b,
Billed Duration for Request a9c3d323-705d-49f2-a71b-d750606a213b: 1850 ms
Input: 5000000,
Cold Start: false
Unique ID: 44cf41d2-4432-4266-b60c-0a4d716bd3ae,
Billed Duration for Request 44cf41d2-4432-4266-b60c-0a4d716bd3ae: 1815 ms
Input: 5000000,
Cold Start: false
Unique ID: 65c713dc-eb06-47ff-8a20-1f52d5944019,
Billed Duration for Request 65c713dc-eb06-47ff-8a20-1f52d5944019: 1816 ms
Input: 5000000,
Cold Start: false
Unique ID: e8d21620-e62f-4719-bd73-e75f99387341,
Billed Duration for Request e8d21620-e62f-4719-bd73-e75f99387341: 1864 ms
Input: 5000000,
Cold Start: false
Unique ID: 9529d108-98e4-41ab-a838-6c3f1afac50a,
Billed Duration for Request 9529d108-98e4-41ab-a838-6c3f1afac50a: 1812 ms
Input: 5000000,
Cold Start: false
Unique ID: fb9f5112-613a-47f0-85dc-b50ebe3bc431,
Billed Duration for Request fb9f5112-613a-47f0-85dc-b50ebe3bc431: 1814 ms
Input: 5000000,
Cold Start: false
Unique ID: f584bf85-0d65-4bf8-9521-ff7c5a2d2e16,
Billed Duration for Request f584bf85-0d65-4bf8-9521-ff7c5a2d2e16: 1825 ms
Input: 5000000,
Cold Start: false
Unique ID: 4ab31f33-786c-4dce-a731-f67dad17d5cf,
Billed Duration for Request 4ab31f33-786c-4dce-a731-f67dad17d5cf: 1862 ms
Input: 5000000,
Cold Start: false
Unique ID: 43cf25f2-aee6-4bd8-9d9e-94383b6c1cbc,
Billed Duration for Request 43cf25f2-aee6-4bd8-9d9e-94383b6c1cbc: 1816 ms
Input: 5000000,
Cold Start: false
Unique ID: 6a4a11c1-f193-4bba-be46-86b1bed84239,
Billed Duration for Request 6a4a11c1-f193-4bba-be46-86b1bed84239: 1770 ms
Input: 5000000,
Cold Start: false
Unique ID: a83f6a25-759b-45bc-8c6e-742fff107d72,
Billed Duration for Request a83f6a25-759b-45bc-8c6e-742fff107d72: 1874 ms
Input: 5000000,
Cold Start: false
Unique ID: 64b8f574-5f29-4e7d-8fa3-d6034315f936,
Billed Duration for Request 64b8f574-5f29-4e7d-8fa3-d6034315f936: 1810 ms
Input: 5000000,
Cold Start: false
Unique ID: 528c056b-4859-46e1-b15f-f87c76d8c1e8,
Billed Duration for Request 528c056b-4859-46e1-b15f-f87c76d8c1e8: 1835 ms
Input: 5000000,
Cold Start: false
Unique ID: 17c5c345-8220-4d5f-953a-e0f6f39ab454,
Billed Duration for Request 17c5c345-8220-4d5f-953a-e0f6f39ab454: 1796 ms
Input: 5000000,
Cold Start: false
Unique ID: d9fd2b9f-38f1-478f-a29c-614f5603649c,
Billed Duration for Request d9fd2b9f-38f1-478f-a29c-614f5603649c: 1802 ms
Input: 5000000,
Cold Start: false
Unique ID: 33ce5c61-b76e-405f-89e3-342a82a4ba0b,
Billed Duration for Request 33ce5c61-b76e-405f-89e3-342a82a4ba0b: 1817 ms
Input: 5000000,
Cold Start: false
Unique ID: d3cfbc6a-eac5-4e8d-add8-e6a3789d0a20,
Billed Duration for Request d3cfbc6a-eac5-4e8d-add8-e6a3789d0a20: 1866 ms
Input: 5000000,
Cold Start: false
Unique ID: 0fdc3074-45d7-48b5-a789-2add48dbc5f5,
Billed Duration for Request 0fdc3074-45d7-48b5-a789-2add48dbc5f5: 1782 ms
Input: 5000000,
Cold Start: false
Unique ID: b60cfc44-fa58-4f6c-9a75-f85761900573,
Billed Duration for Request b60cfc44-fa58-4f6c-9a75-f85761900573: 1772 ms
Input: 5000000,
Cold Start: false
Unique ID: b37466b0-d922-42c0-8275-ca7ccaaeab2a,
Billed Duration for Request b37466b0-d922-42c0-8275-ca7ccaaeab2a: 1833 ms
Input: 5000000,
Cold Start: false
Unique ID: c84f4a1c-6a1e-4893-9827-9ccc3bcb7edc,
Billed Duration for Request c84f4a1c-6a1e-4893-9827-9ccc3bcb7edc: 1847 ms
Input: 5000000,
Cold Start: false
Unique ID: 0b604ad6-d6d8-4bcf-8a99-67a91f196183,
Billed Duration for Request 0b604ad6-d6d8-4bcf-8a99-67a91f196183: 1821 ms
Input: 5000000,
Cold Start: false
Unique ID: ce835c29-357c-4c6d-b663-f937bbfeb145,
Billed Duration for Request ce835c29-357c-4c6d-b663-f937bbfeb145: 1846 ms
Input: 5000000,
Cold Start: false
Unique ID: 11a4d746-3985-4c4e-86a9-2afc087c13c0,
Billed Duration for Request 11a4d746-3985-4c4e-86a9-2afc087c13c0: 1879 ms
Input: 5000000,
Cold Start: false
Unique ID: 61905277-f9e4-466e-96ac-fac636763a59,
Billed Duration for Request 61905277-f9e4-466e-96ac-fac636763a59: 1860 ms
Input: 5000000,
Cold Start: false
Unique ID: 7561dde5-cf47-4598-84c5-08f1e145dd02,
Billed Duration for Request 7561dde5-cf47-4598-84c5-08f1e145dd02: 1832 ms
Input: 5000000,
Cold Start: false
Unique ID: 8003db46-e0f1-459c-9419-3e74cb0cdaa5,
Billed Duration for Request 8003db46-e0f1-459c-9419-3e74cb0cdaa5: 1828 ms
Input: 5000000,
Cold Start: false
Unique ID: 0610515f-7d0b-49ff-b8f4-a35da71a5fe3,
Billed Duration for Request 0610515f-7d0b-49ff-b8f4-a35da71a5fe3: 1834 ms
Input: 5000000,
Cold Start: false
Unique ID: 7f272964-e651-4b53-9f50-84ce4d721a67,
Billed Duration for Request 7f272964-e651-4b53-9f50-84ce4d721a67: 1816 ms
Input: 5000000,
Cold Start: false
Unique ID: 2e4e68d1-3ade-4be4-b806-ee90183817ba,
Billed Duration for Request 2e4e68d1-3ade-4be4-b806-ee90183817ba: 1768 ms
Input: 5000000,
Cold Start: false
Unique ID: 78f4b593-55ec-47ce-ac39-f1463422c25f,
Billed Duration for Request 78f4b593-55ec-47ce-ac39-f1463422c25f: 1852 ms
Input: 5000000,
Cold Start: false
Unique ID: 64338118-ff57-4d0b-9982-952de7ecd979,
Billed Duration for Request 64338118-ff57-4d0b-9982-952de7ecd979: 1773 ms
Input: 5000000,
Cold Start: false
Unique ID: c25bbb6d-1ec6-45e9-ae2c-97995badd4dc,
Billed Duration for Request c25bbb6d-1ec6-45e9-ae2c-97995badd4dc: 1792 ms
Input: 5000000,
Cold Start: false
Unique ID: ff2a69f6-ac1e-422c-b931-95c1f41fa14a,
Billed Duration for Request ff2a69f6-ac1e-422c-b931-95c1f41fa14a: 1874 ms
Input: 5000000,
Cold Start: false
Unique ID: 15cdd6a6-181c-491a-9123-51a2812527f8,
Billed Duration for Request 15cdd6a6-181c-491a-9123-51a2812527f8: 1789 ms
Input: 5000000,
Cold Start: false
Unique ID: 3f4c846c-ed11-4a3a-848e-76b51ef0e3d0,
Billed Duration for Request 3f4c846c-ed11-4a3a-848e-76b51ef0e3d0: 1824 ms
Input: 5000000,
Cold Start: false
Unique ID: 2fe90dac-10bb-4ab5-b0d0-a4c0b7b1e89e,
Billed Duration for Request 2fe90dac-10bb-4ab5-b0d0-a4c0b7b1e89e: 1819 ms
Input: 5000000,
Cold Start: false
Unique ID: a952dce1-e9a0-434c-9630-dc392547881b,
Billed Duration for Request a952dce1-e9a0-434c-9630-dc392547881b: 1782 ms
Input: 5000000,
Cold Start: false
Unique ID: 4169a066-e4df-4b17-ab3e-4db80fdb8dc2,
Billed Duration for Request 4169a066-e4df-4b17-ab3e-4db80fdb8dc2: 1765 ms
Input: 5000000,
Cold Start: false
Unique ID: 9d11536e-49ca-4f67-8a08-418ed656ddb4,
Billed Duration for Request 9d11536e-49ca-4f67-8a08-418ed656ddb4: 1868 ms
Input: 5000000,
Cold Start: false
Unique ID: 2bdcc665-8e2d-4794-9524-41921f26a65f,
Billed Duration for Request 2bdcc665-8e2d-4794-9524-41921f26a65f: 1829 ms
Input: 5000000,
Cold Start: false
Unique ID: 08dc07f8-2a5e-44f0-a777-4c182ae6d634,
Billed Duration for Request 08dc07f8-2a5e-44f0-a777-4c182ae6d634: 1832 ms
Input: 5000000,
Cold Start: false
Unique ID: c4304186-511e-4d96-9a9d-363931d3e357,
Billed Duration for Request c4304186-511e-4d96-9a9d-363931d3e357: 1816 ms
Input: 5000000,
Cold Start: false
Unique ID: d05d504c-9760-47ab-acc6-a3d4fbc88656,
Billed Duration for Request d05d504c-9760-47ab-acc6-a3d4fbc88656: 1807 ms
Input: 5000000,
Cold Start: false
Unique ID: b516900c-6bc5-4e59-84fa-5479778dde4e,
Billed Duration for Request b516900c-6bc5-4e59-84fa-5479778dde4e: 1772 ms
Input: 5000000,
Cold Start: false
Unique ID: 637cc213-fac6-4694-86aa-53e7e25bcc1a,
Billed Duration for Request 637cc213-fac6-4694-86aa-53e7e25bcc1a: 1848 ms
Input: 5000000,
Cold Start: false
Unique ID: 413eecb7-264d-4e71-9be1-c550e59ab74e,
Billed Duration for Request 413eecb7-264d-4e71-9be1-c550e59ab74e: 1802 ms
Input: 5000000,
Cold Start: false
Unique ID: 8e3aa64b-cd55-4dc4-ac93-ee6e43f5f553,
Billed Duration for Request 8e3aa64b-cd55-4dc4-ac93-ee6e43f5f553: 1818 ms
Input: 5000000,
Cold Start: false
Unique ID: ed5e7f27-ef39-493e-8e39-f694116f0ed5,
Billed Duration for Request ed5e7f27-ef39-493e-8e39-f694116f0ed5: 1766 ms
Input: 5000000,
Cold Start: false
Unique ID: 768e62df-7715-4797-a203-57ecfe481936,
Billed Duration for Request 768e62df-7715-4797-a203-57ecfe481936: 1840 ms
Input: 5000000,
Cold Start: false
Unique ID: 5745f661-aab7-4a09-ac5c-bf487ec75902,
Billed Duration for Request 5745f661-aab7-4a09-ac5c-bf487ec75902: 1780 ms
Input: 5000000,
Cold Start: false
Unique ID: 776532c2-f2ca-4d08-a4f7-7aa777b78692,
Billed Duration for Request 776532c2-f2ca-4d08-a4f7-7aa777b78692: 1887 ms
Input: 5000000,
Cold Start: false
Unique ID: 6e69bde7-082d-4111-9988-00d5c6e0946b,
Billed Duration for Request 6e69bde7-082d-4111-9988-00d5c6e0946b: 1790 ms
Input: 5000000,
Cold Start: false
Unique ID: 139dcbdb-c363-4507-a280-5223c1dfe219,
Billed Duration for Request 139dcbdb-c363-4507-a280-5223c1dfe219: 1782 ms
Input: 5000000,
Cold Start: false
Unique ID: ef50af80-cde4-4a6b-9150-ed69b389450a,
Billed Duration for Request ef50af80-cde4-4a6b-9150-ed69b389450a: 1834 ms
Input: 5000000,
Cold Start: false
Unique ID: 7f10bda7-bc88-4693-a041-3ecbce0148a6,
Billed Duration for Request 7f10bda7-bc88-4693-a041-3ecbce0148a6: 1814 ms
Input: 5000000,
Cold Start: false
Unique ID: 7fabfa55-9ff2-4c0a-bde8-9f3f389fff11,
Billed Duration for Request 7fabfa55-9ff2-4c0a-bde8-9f3f389fff11: 1808 ms
Input: 5000000,
Cold Start: false
Unique ID: b9f84db2-7cfa-4fdf-8afd-0f232a87f383,
Billed Duration for Request b9f84db2-7cfa-4fdf-8afd-0f232a87f383: 1768 ms
Input: 5000000,
Cold Start: false
Unique ID: 2cf173e5-48ea-455d-84dc-b2bd63c8dddf,
Billed Duration for Request 2cf173e5-48ea-455d-84dc-b2bd63c8dddf: 1863 ms
Input: 5000000,
Cold Start: false
Unique ID: a8b85eb3-f332-4833-9f0b-03b0585b1608,
Billed Duration for Request a8b85eb3-f332-4833-9f0b-03b0585b1608: 1770 ms
Input: 5000000,
Cold Start: false
Unique ID: ddd5dbdd-ad3e-4e42-b682-1bec12dbdacc,
Billed Duration for Request ddd5dbdd-ad3e-4e42-b682-1bec12dbdacc: 1835 ms
Input: 5000000,
Cold Start: false
Unique ID: c04c0764-c69d-46a6-a7e5-74a38a0395bf,
Billed Duration for Request c04c0764-c69d-46a6-a7e5-74a38a0395bf: 1824 ms
Input: 5000000,
Cold Start: false
Unique ID: 3908fcdf-6b4a-49e0-9c3a-e69b6ab13998,
Billed Duration for Request 3908fcdf-6b4a-49e0-9c3a-e69b6ab13998: 1885 ms
Input: 5000000,
Cold Start: false
Unique ID: b175327e-aacc-469b-bec8-ff4a3f65c531,
Billed Duration for Request b175327e-aacc-469b-bec8-ff4a3f65c531: 1855 ms
Input: 5000000,
Cold Start: false
Unique ID: 6e7a9b1e-274e-40b3-a08e-be2c3838dd55,
Billed Duration for Request 6e7a9b1e-274e-40b3-a08e-be2c3838dd55: 1804 ms
Input: 5000000,
Cold Start: false
Unique ID: d8938d7a-7894-4c8e-af5e-315e134f11cd,
Billed Duration for Request d8938d7a-7894-4c8e-af5e-315e134f11cd: 1843 ms
Input: 5000000,
Cold Start: false
Unique ID: 8a294124-5ad6-4b87-994d-88f24884aecd,
Billed Duration for Request 8a294124-5ad6-4b87-994d-88f24884aecd: 1830 ms
Input: 5000000,
Cold Start: false
Unique ID: 471c0526-2cc5-4fe9-9e19-3b46a79dc8e9,
Billed Duration for Request 471c0526-2cc5-4fe9-9e19-3b46a79dc8e9: 1744 ms
Input: 5000000,
Cold Start: false
Unique ID: 4c9f7362-8f00-44b5-85dc-907f67b7a573,
Billed Duration for Request 4c9f7362-8f00-44b5-85dc-907f67b7a573: 1825 ms
Input: 5000000,
Cold Start: false
Unique ID: d4882813-0bff-4dad-a8a7-02d89551fbec,
Billed Duration for Request d4882813-0bff-4dad-a8a7-02d89551fbec: 1812 ms
Input: 5000000,
Cold Start: false
Unique ID: 449c9362-d8ae-4f6f-9b5c-0ffd1660ba06,
Billed Duration for Request 449c9362-d8ae-4f6f-9b5c-0ffd1660ba06: 1780 ms
Input: 5000000,
Cold Start: false
Unique ID: 0b0f7140-ce04-421d-8b98-08959bef1ab5,
Billed Duration for Request 0b0f7140-ce04-421d-8b98-08959bef1ab5: 1847 ms
Input: 5000000,
Cold Start: false
Unique ID: 8babadd1-8698-4ef8-9ad0-8ef7645abe0e,
Billed Duration for Request 8babadd1-8698-4ef8-9ad0-8ef7645abe0e: 1805 ms
Input: 5000000,
Cold Start: false
Unique ID: 8d6dfd0b-b34e-419c-a800-f4610bdab61f,
Billed Duration for Request 8d6dfd0b-b34e-419c-a800-f4610bdab61f: 1803 ms
Input: 5000000,
Cold Start: false
Unique ID: a109216a-0dce-479e-824e-378586a7318c,
Billed Duration for Request a109216a-0dce-479e-824e-378586a7318c: 1845 ms
Input: 5000000,
Cold Start: false
Unique ID: 009143fc-3bba-4e6c-a257-b429b03171ae,
Billed Duration for Request 009143fc-3bba-4e6c-a257-b429b03171ae: 1808 ms
Input: 5000000,
Cold Start: false
Unique ID: b3472880-eac1-407c-8b07-ea91c71e1c75,
Billed Duration for Request b3472880-eac1-407c-8b07-ea91c71e1c75: 1821 ms
Input: 5000000,
Cold Start: false
Unique ID: f947baf2-29b6-42a7-a337-9fda12239c1d,
Billed Duration for Request f947baf2-29b6-42a7-a337-9fda12239c1d: 1779 ms
Input: 5000000,
Cold Start: false
Unique ID: e8729013-caca-4359-9fc3-8a7c83728b3e,
Billed Duration for Request e8729013-caca-4359-9fc3-8a7c83728b3e: 1849 ms
Input: 5000000,
Cold Start: false
Unique ID: f846e5f9-5da0-444a-80e5-95061dff40c4,
Billed Duration for Request f846e5f9-5da0-444a-80e5-95061dff40c4: 1826 ms
Input: 5000000,
Cold Start: false
Unique ID: 23541750-0cd2-404f-9ed5-a2589cbe39cc,
Billed Duration for Request 23541750-0cd2-404f-9ed5-a2589cbe39cc: 1772 ms
Input: 5000000,
Cold Start: false
Unique ID: 682783cf-68a7-4ce7-9c38-1de1c896f223,
Billed Duration for Request 682783cf-68a7-4ce7-9c38-1de1c896f223: 1843 ms
Input: 5000000,
Cold Start: false
Unique ID: 96f8ecec-461d-429d-8f1f-a3e8e0b1d863,
Billed Duration for Request 96f8ecec-461d-429d-8f1f-a3e8e0b1d863: 1813 ms
Input: 5000000,
Cold Start: false
Unique ID: 79dff7c4-87a1-486a-9780-9c8f9b60d4c7,
Billed Duration for Request 79dff7c4-87a1-486a-9780-9c8f9b60d4c7: 1810 ms
Input: 5000000,
Cold Start: false
Unique ID: 64442ffd-70ae-45fa-9869-88644006df13,
Billed Duration for Request 64442ffd-70ae-45fa-9869-88644006df13: 1842 ms
Input: 5000000,
Cold Start: false
Unique ID: 0200a9e2-c72a-44ac-aae3-7e452b1a1c77,
Billed Duration for Request 0200a9e2-c72a-44ac-aae3-7e452b1a1c77: 1802 ms
Input: 5000000,
Cold Start: false
Unique ID: 7ba25771-933d-48df-a9c9-fb2fc0f0d607,
Billed Duration for Request 7ba25771-933d-48df-a9c9-fb2fc0f0d607: 1818 ms
Input: 5000000,
Cold Start: false
Unique ID: 6d738890-04e6-4363-a0ba-e6736a07f64f,
Billed Duration for Request 6d738890-04e6-4363-a0ba-e6736a07f64f: 1769 ms
Input: 5000000,
Cold Start: false
Unique ID: 0ccda9fe-7618-493a-97b5-26585498c6ba,
Billed Duration for Request 0ccda9fe-7618-493a-97b5-26585498c6ba: 1850 ms
Input: 5000000,
Cold Start: false
Unique ID: aecd09da-b9a0-4433-bfef-f1b0d2a4799f,
Billed Duration for Request aecd09da-b9a0-4433-bfef-f1b0d2a4799f: 1824 ms
Input: 5000000,
Cold Start: false
Unique ID: 3705641f-946e-47d8-8ec8-59345fdcc5c9,
Billed Duration for Request 3705641f-946e-47d8-8ec8-59345fdcc5c9: 1800 ms
Input: 5000000,
Cold Start: false
Unique ID: 76bf4da1-8012-40ad-9480-c1557d25e98f,
Billed Duration for Request 76bf4da1-8012-40ad-9480-c1557d25e98f: 1866 ms
Input: 5000000,
Cold Start: false
Unique ID: 7d80eebc-7538-4acf-8539-700a4f414284,
Billed Duration for Request 7d80eebc-7538-4acf-8539-700a4f414284: 1774 ms
Input: 5000000,
Cold Start: false
Unique ID: b0002f3c-6e69-466b-9bf4-3289808ca33f,
Billed Duration for Request b0002f3c-6e69-466b-9bf4-3289808ca33f: 1807 ms
Input: 5000000,
Cold Start: false
Unique ID: ab38b7f6-c343-4547-978d-46a9071f7b9a,
Billed Duration for Request ab38b7f6-c343-4547-978d-46a9071f7b9a: 1875 ms
Input: 5000000,
Cold Start: false
Unique ID: 73e9b4b5-25c2-401b-ab44-d44b80173787,
Billed Duration for Request 73e9b4b5-25c2-401b-ab44-d44b80173787: 1808 ms
Input: 5000000,
Cold Start: false
Unique ID: a2054823-5184-4637-adae-aa514613ad7d,
Billed Duration for Request a2054823-5184-4637-adae-aa514613ad7d: 1813 ms
Input: 5000000,
Cold Start: false
Unique ID: 4185bb03-e420-4d1d-9f1c-ff223a5b1d79,
Billed Duration for Request 4185bb03-e420-4d1d-9f1c-ff223a5b1d79: 1821 ms
Input: 5000000,
Cold Start: false
Unique ID: cb541f59-88ea-479e-9a7a-9fcaa39a3048,
Billed Duration for Request cb541f59-88ea-479e-9a7a-9fcaa39a3048: 1803 ms
Input: 5000000,
Cold Start: false
Unique ID: e058431c-ec65-4d8d-857a-14fe680661fd,
Billed Duration for Request e058431c-ec65-4d8d-857a-14fe680661fd: 1862 ms
Input: 5000000,
Cold Start: false
Unique ID: 124d3d55-4cee-45f7-abd2-f2c1f690c631,
Billed Duration for Request 124d3d55-4cee-45f7-abd2-f2c1f690c631: 1756 ms
Input: 5000000,
Cold Start: false
Unique ID: 11c10757-51f8-4fb0-9567-ac4492f4cebc,
Billed Duration for Request 11c10757-51f8-4fb0-9567-ac4492f4cebc: 1863 ms
Input: 5000000,
Cold Start: false
