Unique ID: dd79c205-f4e3-43f1-b29d-3094ab10565c,
Billed Duration for Request dd79c205-f4e3-43f1-b29d-3094ab10565c: 565 ms
Input: 5000000,
Cold Start: false
Unique ID: d630658b-4cae-41b8-a17c-b184924b8a05,
Billed Duration for Request d630658b-4cae-41b8-a17c-b184924b8a05: 513 ms
Input: 5000000,
Cold Start: false
Unique ID: 92753d4c-4d0a-4caf-8ba8-f26eef2ebfdb,
Billed Duration for Request 92753d4c-4d0a-4caf-8ba8-f26eef2ebfdb: 548 ms
Input: 5000000,
Cold Start: false
Unique ID: d3c06277-316b-417b-8695-ad7d37bfd31e,
Billed Duration for Request d3c06277-316b-417b-8695-ad7d37bfd31e: 750 ms
Input: 5000000,
Cold Start: false
Unique ID: 9ceb7a98-bf99-46bc-9362-124a1cde8ffa,
Billed Duration for Request 9ceb7a98-bf99-46bc-9362-124a1cde8ffa: 530 ms
Input: 5000000,
Cold Start: false
Unique ID: c21c4f08-fc77-446c-a926-57c25d5f4bb1,
Billed Duration for Request c21c4f08-fc77-446c-a926-57c25d5f4bb1: 506 ms
Input: 5000000,
Cold Start: false
Unique ID: 7c0ab18a-e4c1-4f1b-b849-7cbfd7cf44a3,
Billed Duration for Request 7c0ab18a-e4c1-4f1b-b849-7cbfd7cf44a3: 536 ms
Input: 5000000,
Cold Start: false
Unique ID: a3172b02-b8c5-44d4-98f3-11f02dff8e75,
Billed Duration for Request a3172b02-b8c5-44d4-98f3-11f02dff8e75: 729 ms
Input: 5000000,
Cold Start: false
Unique ID: d81faf60-5d71-4bda-a6f3-0053e6a910bf,
Billed Duration for Request d81faf60-5d71-4bda-a6f3-0053e6a910bf: 536 ms
Input: 5000000,
Cold Start: false
Unique ID: dc8555bc-819f-476f-8510-a5fbbc369dff,
Billed Duration for Request dc8555bc-819f-476f-8510-a5fbbc369dff: 504 ms
Input: 5000000,
Cold Start: false
Unique ID: 2b5aa2a7-1abf-4834-a7f6-cc048133d05f,
Billed Duration for Request 2b5aa2a7-1abf-4834-a7f6-cc048133d05f: 547 ms
Input: 5000000,
Cold Start: false
Unique ID: e578ab90-cad8-4c13-98df-e31babb48f5c,
Billed Duration for Request e578ab90-cad8-4c13-98df-e31babb48f5c: 743 ms
Input: 5000000,
Cold Start: false
Unique ID: 325b12b4-ac88-40ba-b441-f96c27e2fdb7,
Billed Duration for Request 325b12b4-ac88-40ba-b441-f96c27e2fdb7: 545 ms
Input: 5000000,
Cold Start: false
Unique ID: 96b911fe-0f0d-412b-813a-26e0eec0bd37,
Billed Duration for Request 96b911fe-0f0d-412b-813a-26e0eec0bd37: 499 ms
Input: 5000000,
Cold Start: false
Unique ID: 07a7c8a7-fffa-40aa-a427-fdbef34923bc,
Billed Duration for Request 07a7c8a7-fffa-40aa-a427-fdbef34923bc: 532 ms
Input: 5000000,
Cold Start: false
Unique ID: a4fc51e9-1a29-421a-879a-5361694130e8,
Billed Duration for Request a4fc51e9-1a29-421a-879a-5361694130e8: 729 ms
Input: 5000000,
Cold Start: false
Unique ID: 4fb5f048-79c0-4944-9960-4372051d90a2,
Billed Duration for Request 4fb5f048-79c0-4944-9960-4372051d90a2: 535 ms
Input: 5000000,
Cold Start: false
Unique ID: 841e638e-8a50-4773-8c43-25f6f6553a78,
Billed Duration for Request 841e638e-8a50-4773-8c43-25f6f6553a78: 501 ms
Input: 5000000,
Cold Start: false
Unique ID: 8ecfb1a5-4eb3-432e-b7bc-e8802adabbe9,
Billed Duration for Request 8ecfb1a5-4eb3-432e-b7bc-e8802adabbe9: 546 ms
Input: 5000000,
Cold Start: false
Unique ID: 27f87748-2364-4aea-983c-f9f0aab455d7,
Billed Duration for Request 27f87748-2364-4aea-983c-f9f0aab455d7: 732 ms
Input: 5000000,
Cold Start: false
Unique ID: a79e6839-17c0-4d5a-a08b-33cf15f04a13,
Billed Duration for Request a79e6839-17c0-4d5a-a08b-33cf15f04a13: 546 ms
Input: 5000000,
Cold Start: false
Unique ID: ab8c8bc7-1022-4669-a651-853c4fce0337,
Billed Duration for Request ab8c8bc7-1022-4669-a651-853c4fce0337: 503 ms
Input: 5000000,
Cold Start: false
Unique ID: 62dae7c0-80b8-4c0f-8fac-fccc40e7666c,
Billed Duration for Request 62dae7c0-80b8-4c0f-8fac-fccc40e7666c: 536 ms
Input: 5000000,
Cold Start: false
Unique ID: ff49b90f-abd0-4cbd-a9de-e533eb77a5c3,
Billed Duration for Request ff49b90f-abd0-4cbd-a9de-e533eb77a5c3: 718 ms
Input: 5000000,
Cold Start: false
Unique ID: eb9db7fb-e3fa-4f66-a99f-94e149c74e08,
Billed Duration for Request eb9db7fb-e3fa-4f66-a99f-94e149c74e08: 538 ms
Input: 5000000,
Cold Start: false
Unique ID: d9064892-5469-4c5d-a962-870859521c3f,
Billed Duration for Request d9064892-5469-4c5d-a962-870859521c3f: 505 ms
Input: 5000000,
Cold Start: false
Unique ID: f830127e-ac3d-4f3e-aaac-8aa3b3463367,
Billed Duration for Request f830127e-ac3d-4f3e-aaac-8aa3b3463367: 530 ms
Input: 5000000,
Cold Start: false
Unique ID: fcc8061d-4c04-4cd9-9916-4322522a9f04,
Billed Duration for Request fcc8061d-4c04-4cd9-9916-4322522a9f04: 720 ms
Input: 5000000,
Cold Start: false
Unique ID: d7e72d83-0da6-48e6-bca9-be0f68f2ddca,
Billed Duration for Request d7e72d83-0da6-48e6-bca9-be0f68f2ddca: 533 ms
Input: 5000000,
Cold Start: false
Unique ID: d78f167c-9362-4a6d-8299-f6035120cbb5,
Billed Duration for Request d78f167c-9362-4a6d-8299-f6035120cbb5: 505 ms
Input: 5000000,
Cold Start: false
Unique ID: 2eaca308-5127-445c-a313-bf0cacf15720,
Billed Duration for Request 2eaca308-5127-445c-a313-bf0cacf15720: 531 ms
Input: 5000000,
Cold Start: false
Unique ID: ecc99693-39a9-469d-8516-b8da70bc4a56,
Billed Duration for Request ecc99693-39a9-469d-8516-b8da70bc4a56: 719 ms
Input: 5000000,
Cold Start: false
Unique ID: 74da2095-81af-4646-82c8-fe919a5a6948,
Billed Duration for Request 74da2095-81af-4646-82c8-fe919a5a6948: 502 ms
Input: 5000000,
Cold Start: false
Unique ID: be5f51fe-df1e-4269-a34b-33d84273ec02,
Billed Duration for Request be5f51fe-df1e-4269-a34b-33d84273ec02: 532 ms
Input: 5000000,
Cold Start: false
Unique ID: 2c3de4c5-f7e8-4827-879f-45016a8886e4,
Billed Duration for Request 2c3de4c5-f7e8-4827-879f-45016a8886e4: 544 ms
Input: 5000000,
Cold Start: false
Unique ID: c12514c5-5fa3-460c-b4fe-9a7ec443e7f8,
Billed Duration for Request c12514c5-5fa3-460c-b4fe-9a7ec443e7f8: 712 ms
Input: 5000000,
Cold Start: false
Unique ID: 33356b3e-e631-4405-bfef-df5618a33ebd,
Billed Duration for Request 33356b3e-e631-4405-bfef-df5618a33ebd: 547 ms
Input: 5000000,
Cold Start: false
Unique ID: 9db40826-3653-438b-ae32-986f7c0a3638,
Billed Duration for Request 9db40826-3653-438b-ae32-986f7c0a3638: 543 ms
Input: 5000000,
Cold Start: false
Unique ID: 4eb2dd6e-ae49-40a7-9a3b-921e281c4e5e,
Billed Duration for Request 4eb2dd6e-ae49-40a7-9a3b-921e281c4e5e: 492 ms
Input: 5000000,
Cold Start: false
Unique ID: a105c6ec-e4ff-4b3f-83d8-3bea5648a305,
Billed Duration for Request a105c6ec-e4ff-4b3f-83d8-3bea5648a305: 711 ms
Input: 5000000,
Cold Start: false
Unique ID: 945ea56e-47eb-4b8e-bc55-ab77692e1ed6,
Billed Duration for Request 945ea56e-47eb-4b8e-bc55-ab77692e1ed6: 493 ms
Input: 5000000,
Cold Start: false
Unique ID: 14df97bf-d44a-42d2-934e-736c2be6f0a1,
Billed Duration for Request 14df97bf-d44a-42d2-934e-736c2be6f0a1: 544 ms
Input: 5000000,
Cold Start: false
Unique ID: b16746b2-052b-44ae-a160-450aa204b243,
Billed Duration for Request b16746b2-052b-44ae-a160-450aa204b243: 542 ms
Input: 5000000,
Cold Start: false
Unique ID: 558172f2-0238-4ba4-bb0b-5c82eb64e16e,
Billed Duration for Request 558172f2-0238-4ba4-bb0b-5c82eb64e16e: 717 ms
Input: 5000000,
Cold Start: false
Unique ID: 6672b528-d6d0-4617-a87b-980a1bc699e1,
Billed Duration for Request 6672b528-d6d0-4617-a87b-980a1bc699e1: 537 ms
Input: 5000000,
Cold Start: false
Unique ID: 4bb822ab-07de-469e-b4ff-3c73c4f46fe8,
Billed Duration for Request 4bb822ab-07de-469e-b4ff-3c73c4f46fe8: 525 ms
Input: 5000000,
Cold Start: false
Unique ID: 58427c7c-9a8e-423d-8004-32971209e518,
Billed Duration for Request 58427c7c-9a8e-423d-8004-32971209e518: 489 ms
Input: 5000000,
Cold Start: false
Unique ID: bd083543-9693-4a95-add0-45fad8ff8701,
Billed Duration for Request bd083543-9693-4a95-add0-45fad8ff8701: 722 ms
Input: 5000000,
Cold Start: false
Unique ID: 10b9e4ac-a507-462d-b4fd-f9573d8c7024,
Billed Duration for Request 10b9e4ac-a507-462d-b4fd-f9573d8c7024: 505 ms
Input: 5000000,
Cold Start: false
Unique ID: 56e3e63f-34a8-48e3-aaad-67a9a6f1bbb4,
Billed Duration for Request 56e3e63f-34a8-48e3-aaad-67a9a6f1bbb4: 524 ms
Input: 5000000,
Cold Start: false
Unique ID: 22f23440-3584-4d9e-bc95-059524dd38c2,
Billed Duration for Request 22f23440-3584-4d9e-bc95-059524dd38c2: 546 ms
Input: 5000000,
Cold Start: false
Unique ID: 231e6060-94cf-4472-b6af-1bd2efcfdec0,
Billed Duration for Request 231e6060-94cf-4472-b6af-1bd2efcfdec0: 710 ms
Input: 5000000,
Cold Start: false
Unique ID: d3affc38-0ad4-4f09-a2c2-8bbae7b55025,
Billed Duration for Request d3affc38-0ad4-4f09-a2c2-8bbae7b55025: 546 ms
Input: 5000000,
Cold Start: false
Unique ID: 34c4c153-e471-48d0-9582-607f942b4167,
Billed Duration for Request 34c4c153-e471-48d0-9582-607f942b4167: 507 ms
Input: 5000000,
Cold Start: false
Unique ID: e4585cd1-377d-4cd4-9d4b-c43ba4348705,
Billed Duration for Request e4585cd1-377d-4cd4-9d4b-c43ba4348705: 506 ms
Input: 5000000,
Cold Start: false
Unique ID: 7842690e-8408-4222-b2c0-e5b218398dad,
Billed Duration for Request 7842690e-8408-4222-b2c0-e5b218398dad: 719 ms
Input: 5000000,
Cold Start: false
Unique ID: f7f6532c-54d4-4c45-a733-d5e1b2320b31,
Billed Duration for Request f7f6532c-54d4-4c45-a733-d5e1b2320b31: 497 ms
Input: 5000000,
Cold Start: false
Unique ID: 1b5fc5f2-7e37-4061-8d76-d6718fa70ece,
Billed Duration for Request 1b5fc5f2-7e37-4061-8d76-d6718fa70ece: 511 ms
Input: 5000000,
Cold Start: false
Unique ID: d30ff8bb-1481-4d72-b206-45b5f81a3efa,
Billed Duration for Request d30ff8bb-1481-4d72-b206-45b5f81a3efa: 546 ms
Input: 5000000,
Cold Start: false
Unique ID: 60b16d2d-550a-4fb1-939c-6b317694b09c,
Billed Duration for Request 60b16d2d-550a-4fb1-939c-6b317694b09c: 716 ms
Input: 5000000,
Cold Start: false
Unique ID: e7fdddf7-866b-4e99-9414-082b7d30f413,
Billed Duration for Request e7fdddf7-866b-4e99-9414-082b7d30f413: 549 ms
Input: 5000000,
Cold Start: false
Unique ID: 9bdea180-f067-4b0e-b200-0420984538b0,
Billed Duration for Request 9bdea180-f067-4b0e-b200-0420984538b0: 520 ms
Input: 5000000,
Cold Start: false
Unique ID: ba22ef92-407b-41cf-83af-9cbd7bb91479,
Billed Duration for Request ba22ef92-407b-41cf-83af-9cbd7bb91479: 498 ms
Input: 5000000,
Cold Start: false
Unique ID: 006a0943-5522-4a12-a745-a21e60c598a0,
Billed Duration for Request 006a0943-5522-4a12-a745-a21e60c598a0: 715 ms
Input: 5000000,
Cold Start: false
Unique ID: 5a7f7242-1fa9-47de-b9bb-c2a2cdc68d78,
Billed Duration for Request 5a7f7242-1fa9-47de-b9bb-c2a2cdc68d78: 492 ms
Input: 5000000,
Cold Start: false
Unique ID: 9e72b277-fdd9-499e-8df7-a47ea6bb2fc0,
Billed Duration for Request 9e72b277-fdd9-499e-8df7-a47ea6bb2fc0: 504 ms
Input: 5000000,
Cold Start: false
Unique ID: a0fe6535-4c74-49e7-bd88-0c813252adda,
Billed Duration for Request a0fe6535-4c74-49e7-bd88-0c813252adda: 716 ms
Input: 5000000,
Cold Start: false
Unique ID: e525540b-0db5-4d1d-a461-105bae48dc31,
Billed Duration for Request e525540b-0db5-4d1d-a461-105bae48dc31: 544 ms
Input: 5000000,
Cold Start: false
Unique ID: 0183c5a5-4148-411a-b3cc-ad12147c2235,
Billed Duration for Request 0183c5a5-4148-411a-b3cc-ad12147c2235: 538 ms
Input: 5000000,
Cold Start: false
Unique ID: 2f7d93f6-1489-4e24-bf3c-5f32f009b40f,
Billed Duration for Request 2f7d93f6-1489-4e24-bf3c-5f32f009b40f: 526 ms
Input: 5000000,
Cold Start: false
Unique ID: e3680dab-434f-4d45-a073-9c897338678b,
Billed Duration for Request e3680dab-434f-4d45-a073-9c897338678b: 491 ms
Input: 5000000,
Cold Start: false
Unique ID: ed13f44d-1beb-4242-b25d-386357bfe689,
Billed Duration for Request ed13f44d-1beb-4242-b25d-386357bfe689: 742 ms
Input: 5000000,
Cold Start: false
Unique ID: 849bda98-cf09-4526-b56c-dae0e6538051,
Billed Duration for Request 849bda98-cf09-4526-b56c-dae0e6538051: 491 ms
Input: 5000000,
Cold Start: false
Unique ID: a89051df-7b40-4bbf-9edb-3676d2eb840f,
Billed Duration for Request a89051df-7b40-4bbf-9edb-3676d2eb840f: 522 ms
Input: 5000000,
Cold Start: false
Unique ID: 60f68e86-f351-4186-86e1-f7643541c0e1,
Billed Duration for Request 60f68e86-f351-4186-86e1-f7643541c0e1: 547 ms
Input: 5000000,
Cold Start: false
Unique ID: c22e322f-cce6-4c90-99e4-40529faf3679,
Billed Duration for Request c22e322f-cce6-4c90-99e4-40529faf3679: 714 ms
Input: 5000000,
Cold Start: false
Unique ID: e8b24f8c-d7f6-43a4-af12-79ad93420167,
Billed Duration for Request e8b24f8c-d7f6-43a4-af12-79ad93420167: 532 ms
Input: 5000000,
Cold Start: false
Unique ID: 4e4d09c9-7ea0-438d-a852-0316f38421a3,
Billed Duration for Request 4e4d09c9-7ea0-438d-a852-0316f38421a3: 520 ms
Input: 5000000,
Cold Start: false
Unique ID: 2e304dc0-9971-4740-bbb4-e4fe69871f21,
Billed Duration for Request 2e304dc0-9971-4740-bbb4-e4fe69871f21: 491 ms
Input: 5000000,
Cold Start: false
Unique ID: ff399ea1-d778-477e-b97a-9b0f7781034c,
Billed Duration for Request ff399ea1-d778-477e-b97a-9b0f7781034c: 714 ms
Input: 5000000,
Cold Start: false
Unique ID: b2d80edb-2510-4065-9993-d512ad6bef12,
Billed Duration for Request b2d80edb-2510-4065-9993-d512ad6bef12: 493 ms
Input: 5000000,
Cold Start: false
Unique ID: f4db506f-a7c5-4dd0-a0f9-c53e389b0170,
Billed Duration for Request f4db506f-a7c5-4dd0-a0f9-c53e389b0170: 522 ms
Input: 5000000,
Cold Start: false
Unique ID: 8f928ed6-9d73-4be9-8710-d13d12743a4c,
Billed Duration for Request 8f928ed6-9d73-4be9-8710-d13d12743a4c: 529 ms
Input: 5000000,
Cold Start: false
Unique ID: b2d38c85-214a-4fb2-981a-968bdc648366,
Billed Duration for Request b2d38c85-214a-4fb2-981a-968bdc648366: 715 ms
Input: 5000000,
Cold Start: false
Unique ID: 46d3842f-552e-4481-ba78-b8ec6f6c9301,
Billed Duration for Request 46d3842f-552e-4481-ba78-b8ec6f6c9301: 533 ms
Input: 5000000,
Cold Start: false
Unique ID: d689ec69-db16-4b7f-95e7-5e6852a43035,
Billed Duration for Request d689ec69-db16-4b7f-95e7-5e6852a43035: 525 ms
Input: 5000000,
Cold Start: false
Unique ID: 05a54e5f-547d-493e-9c24-36a3c2d8eaa4,
Billed Duration for Request 05a54e5f-547d-493e-9c24-36a3c2d8eaa4: 507 ms
Input: 5000000,
Cold Start: false
Unique ID: e2e15cdc-2a27-4bce-8ef3-b7a00ff9c63c,
Billed Duration for Request e2e15cdc-2a27-4bce-8ef3-b7a00ff9c63c: 711 ms
Input: 5000000,
Cold Start: false
Unique ID: 311dd688-77e1-4014-90a8-3e909abc8140,
Billed Duration for Request 311dd688-77e1-4014-90a8-3e909abc8140: 493 ms
Input: 5000000,
Cold Start: false
Unique ID: af38109b-b4ee-4f69-8cf9-dbd81f6d01fb,
Billed Duration for Request af38109b-b4ee-4f69-8cf9-dbd81f6d01fb: 525 ms
Input: 5000000,
Cold Start: false
Unique ID: c3885eeb-3ca5-4322-a6b4-8477adabb2f4,
Billed Duration for Request c3885eeb-3ca5-4322-a6b4-8477adabb2f4: 547 ms
Input: 5000000,
Cold Start: false
Unique ID: 8647291b-abce-4bd6-970c-5f479ca62485,
Billed Duration for Request 8647291b-abce-4bd6-970c-5f479ca62485: 714 ms
Input: 5000000,
Cold Start: false
Unique ID: 6a4786ab-1a19-4e80-9201-6787964e21d9,
Billed Duration for Request 6a4786ab-1a19-4e80-9201-6787964e21d9: 533 ms
Input: 5000000,
Cold Start: false
Unique ID: c69404f8-88dc-4b1c-91d7-04a86f29565a,
Billed Duration for Request c69404f8-88dc-4b1c-91d7-04a86f29565a: 521 ms
Input: 5000000,
Cold Start: false
Unique ID: a2e4b498-08cc-47f3-9c48-5a52c25481d3,
Billed Duration for Request a2e4b498-08cc-47f3-9c48-5a52c25481d3: 493 ms
Input: 5000000,
Cold Start: false
Unique ID: 29b46e7c-69ef-4648-b4bf-cad2039e4602,
Billed Duration for Request 29b46e7c-69ef-4648-b4bf-cad2039e4602: 719 ms
Input: 5000000,
Cold Start: false
Unique ID: edf2251f-c5e4-48c8-9d01-49fcbb3b3311,
Billed Duration for Request edf2251f-c5e4-48c8-9d01-49fcbb3b3311: 492 ms
Input: 5000000,
Cold Start: false
Unique ID: ad378bfc-f573-4039-885d-df163cb97da8,
Billed Duration for Request ad378bfc-f573-4039-885d-df163cb97da8: 522 ms
Input: 5000000,
Cold Start: false
Unique ID: 5a7d5561-fbb5-4a22-b926-9eeb1258d7af,
Billed Duration for Request 5a7d5561-fbb5-4a22-b926-9eeb1258d7af: 533 ms
Input: 5000000,
Cold Start: false
Unique ID: 8f239fc5-f9be-4876-9184-80ea57c17cba,
Billed Duration for Request 8f239fc5-f9be-4876-9184-80ea57c17cba: 719 ms
Input: 5000000,
Cold Start: false
Unique ID: 33eddfd2-4a70-4f91-963b-5b87c370c552,
Billed Duration for Request 33eddfd2-4a70-4f91-963b-5b87c370c552: 557 ms
Input: 5000000,
Cold Start: false
Unique ID: 2f21a013-84ca-4d30-89ac-588a35f648e0,
Billed Duration for Request 2f21a013-84ca-4d30-89ac-588a35f648e0: 549 ms
Input: 5000000,
Cold Start: false
Unique ID: 7a7881b1-4dad-4053-aeda-3e9eab03bb2a,
Billed Duration for Request 7a7881b1-4dad-4053-aeda-3e9eab03bb2a: 516 ms
Input: 5000000,
Cold Start: false
Unique ID: 6eddad03-106f-46c2-ba06-20c5d533968b,
Billed Duration for Request 6eddad03-106f-46c2-ba06-20c5d533968b: 761 ms
Input: 5000000,
Cold Start: false
Unique ID: cd41c5a6-031c-4ac7-a969-bcf411e679a4,
Billed Duration for Request cd41c5a6-031c-4ac7-a969-bcf411e679a4: 505 ms
Input: 5000000,
Cold Start: false
Unique ID: 8684eee7-b870-4164-a497-31484e874434,
Billed Duration for Request 8684eee7-b870-4164-a497-31484e874434: 536 ms
Input: 5000000,
Cold Start: false
Unique ID: de2ec1c9-35ca-421a-af8a-15616cdb3677,
Billed Duration for Request de2ec1c9-35ca-421a-af8a-15616cdb3677: 518 ms
Input: 5000000,
Cold Start: false
Unique ID: 5af78be2-7caa-4ceb-87ef-f414a35a566a,
Billed Duration for Request 5af78be2-7caa-4ceb-87ef-f414a35a566a: 715 ms
Input: 5000000,
Cold Start: false
Unique ID: 24b15bcb-746e-45a2-ae48-5461273ac77b,
Billed Duration for Request 24b15bcb-746e-45a2-ae48-5461273ac77b: 524 ms
Input: 5000000,
Cold Start: false
Unique ID: d536ada0-f131-4a14-b336-c314f07f9f65,
Billed Duration for Request d536ada0-f131-4a14-b336-c314f07f9f65: 533 ms
Input: 5000000,
Cold Start: false
Unique ID: 2534bd93-d9c1-4dce-b96d-91e5c9382f32,
Billed Duration for Request 2534bd93-d9c1-4dce-b96d-91e5c9382f32: 488 ms
Input: 5000000,
Cold Start: false
Unique ID: dded2626-e778-47c5-98bb-2b85f2565478,
Billed Duration for Request dded2626-e778-47c5-98bb-2b85f2565478: 716 ms
Input: 5000000,
Cold Start: false
Unique ID: aeee580c-ee87-4b82-9810-2d077ff2107f,
Billed Duration for Request aeee580c-ee87-4b82-9810-2d077ff2107f: 547 ms
Input: 5000000,
Cold Start: false
Unique ID: 3d6ec55f-c87b-40e7-9fe9-7a62d4a823a8,
Billed Duration for Request 3d6ec55f-c87b-40e7-9fe9-7a62d4a823a8: 496 ms
Input: 5000000,
Cold Start: false
Unique ID: c52b8540-1f23-4ecf-b843-fc6df0fe6203,
Billed Duration for Request c52b8540-1f23-4ecf-b843-fc6df0fe6203: 520 ms
Input: 5000000,
Cold Start: false
Unique ID: 13ca7742-4666-460f-b0ee-497d3c39477d,
Billed Duration for Request 13ca7742-4666-460f-b0ee-497d3c39477d: 727 ms
Input: 5000000,
Cold Start: false
Unique ID: d4a76682-e93e-4d5b-9176-eea5e647edd3,
Billed Duration for Request d4a76682-e93e-4d5b-9176-eea5e647edd3: 525 ms
Input: 5000000,
Cold Start: false
Unique ID: 4ec954f6-5e51-4939-ac42-c419a51fe591,
Billed Duration for Request 4ec954f6-5e51-4939-ac42-c419a51fe591: 491 ms
Input: 5000000,
Cold Start: false
Unique ID: 5c46c772-e9d4-45df-8550-81fbf2263fd9,
Billed Duration for Request 5c46c772-e9d4-45df-8550-81fbf2263fd9: 531 ms
Input: 5000000,
Cold Start: false
Unique ID: b5656bc8-362d-4f91-9fa3-b1a87008e60c,
Billed Duration for Request b5656bc8-362d-4f91-9fa3-b1a87008e60c: 723 ms
Input: 5000000,
Cold Start: false
Unique ID: a625e26f-8be7-47a2-91f8-8ca658f35086,
Billed Duration for Request a625e26f-8be7-47a2-91f8-8ca658f35086: 530 ms
Input: 5000000,
Cold Start: false
Unique ID: 62fd290f-c829-44d4-baa9-49689186a594,
Billed Duration for Request 62fd290f-c829-44d4-baa9-49689186a594: 492 ms
Input: 5000000,
Cold Start: false
Unique ID: dc8822d7-e4d9-4639-bf6e-f8611ff5ea34,
Billed Duration for Request dc8822d7-e4d9-4639-bf6e-f8611ff5ea34: 537 ms
Input: 5000000,
Cold Start: false
Unique ID: 6d2fd278-58de-42ea-8520-b083ff12607b,
Billed Duration for Request 6d2fd278-58de-42ea-8520-b083ff12607b: 707 ms
Input: 5000000,
Cold Start: false
Unique ID: c18c9e46-3f05-496e-b760-788492a39ff2,
Billed Duration for Request c18c9e46-3f05-496e-b760-788492a39ff2: 524 ms
Input: 5000000,
Cold Start: false
Unique ID: 91aee488-ebc6-4e94-aa6b-798ff662916f,
Billed Duration for Request 91aee488-ebc6-4e94-aa6b-798ff662916f: 493 ms
Input: 5000000,
Cold Start: false
Unique ID: 6f735587-5f00-4e3f-8404-4205be9cc4e3,
Billed Duration for Request 6f735587-5f00-4e3f-8404-4205be9cc4e3: 528 ms
Input: 5000000,
Cold Start: false
Unique ID: be179d10-1657-4a12-93c0-069677363952,
Billed Duration for Request be179d10-1657-4a12-93c0-069677363952: 727 ms
Input: 5000000,
Cold Start: false
Unique ID: 83483130-de23-4008-b6e1-21752c316bec,
Billed Duration for Request 83483130-de23-4008-b6e1-21752c316bec: 532 ms
Input: 5000000,
Cold Start: false
Unique ID: 8ed447fb-bb17-492a-af1c-ea9570842574,
Billed Duration for Request 8ed447fb-bb17-492a-af1c-ea9570842574: 493 ms
Input: 5000000,
Cold Start: false
Unique ID: 1cbf61f7-3060-4720-a1da-e830e025fd61,
Billed Duration for Request 1cbf61f7-3060-4720-a1da-e830e025fd61: 517 ms
Input: 5000000,
Cold Start: false
Unique ID: 18af99b5-7fb0-4d21-bd3e-68055b53ff9b,
Billed Duration for Request 18af99b5-7fb0-4d21-bd3e-68055b53ff9b: 727 ms
Input: 5000000,
Cold Start: false
Unique ID: 68c662a6-757c-47f7-9d5b-5736c3357cb1,
Billed Duration for Request 68c662a6-757c-47f7-9d5b-5736c3357cb1: 495 ms
Input: 5000000,
Cold Start: false
Unique ID: 5cfa72bb-44c4-4da4-b3ad-4f04eac5f525,
Billed Duration for Request 5cfa72bb-44c4-4da4-b3ad-4f04eac5f525: 521 ms
Input: 5000000,
Cold Start: false
Unique ID: 8c691fff-e551-4be3-826e-f4168bba2eb2,
Billed Duration for Request 8c691fff-e551-4be3-826e-f4168bba2eb2: 544 ms
Input: 5000000,
Cold Start: false
Unique ID: a7054779-8f9d-4a67-995b-8bc2e6eea363,
Billed Duration for Request a7054779-8f9d-4a67-995b-8bc2e6eea363: 721 ms
Input: 5000000,
Cold Start: false
Unique ID: 8b23b00a-1e6e-4775-98c3-75f988a318b6,
Billed Duration for Request 8b23b00a-1e6e-4775-98c3-75f988a318b6: 531 ms
Input: 5000000,
Cold Start: false
Unique ID: 85fa5e37-407a-4b27-b7c3-020a7dc5a663,
Billed Duration for Request 85fa5e37-407a-4b27-b7c3-020a7dc5a663: 491 ms
Input: 5000000,
Cold Start: false
Unique ID: 5643be9e-73b4-4e1c-b2e4-d17534db0eff,
Billed Duration for Request 5643be9e-73b4-4e1c-b2e4-d17534db0eff: 518 ms
Input: 5000000,
Cold Start: false
Unique ID: 58061c7c-8f13-4ae7-a82d-3deda7262a4f,
Billed Duration for Request 58061c7c-8f13-4ae7-a82d-3deda7262a4f: 713 ms
Input: 5000000,
Cold Start: false
Unique ID: a50caceb-b561-4284-87de-9fa44cfd976e,
Billed Duration for Request a50caceb-b561-4284-87de-9fa44cfd976e: 525 ms
Input: 5000000,
Cold Start: false
Unique ID: 46c68371-ee91-41c7-b05f-ce37aa5bf591,
Billed Duration for Request 46c68371-ee91-41c7-b05f-ce37aa5bf591: 494 ms
Input: 5000000,
Cold Start: false
Unique ID: 3fb03cb0-02a2-4abb-895c-a9e95dcdad99,
Billed Duration for Request 3fb03cb0-02a2-4abb-895c-a9e95dcdad99: 532 ms
Input: 5000000,
Cold Start: false
Unique ID: 2afae00b-bf9b-4821-baf6-4621de11a7dd,
Billed Duration for Request 2afae00b-bf9b-4821-baf6-4621de11a7dd: 728 ms
Input: 5000000,
Cold Start: false
Unique ID: 56e28c2b-c716-408b-8778-07631530d817,
Billed Duration for Request 56e28c2b-c716-408b-8778-07631530d817: 493 ms
Input: 5000000,
Cold Start: false
Unique ID: b0983f84-da80-4011-85e9-72545ce2ea79,
Billed Duration for Request b0983f84-da80-4011-85e9-72545ce2ea79: 528 ms
Input: 5000000,
Cold Start: false
Unique ID: e8ea9d3c-25f6-4ca5-b19d-8fbcd0c12366,
Billed Duration for Request e8ea9d3c-25f6-4ca5-b19d-8fbcd0c12366: 541 ms
Input: 5000000,
Cold Start: false
Unique ID: ce4865dd-0781-482b-911c-19e69f0d6b5e,
Billed Duration for Request ce4865dd-0781-482b-911c-19e69f0d6b5e: 742 ms
Input: 5000000,
Cold Start: false
Unique ID: 75ecb654-3026-4ed1-834a-affacecd871f,
Billed Duration for Request 75ecb654-3026-4ed1-834a-affacecd871f: 539 ms
Input: 5000000,
Cold Start: false
Unique ID: 552c66f6-3ca1-4c0a-b57c-e331795c82b9,
Billed Duration for Request 552c66f6-3ca1-4c0a-b57c-e331795c82b9: 468 ms
Input: 5000000,
Cold Start: false
Unique ID: e7002777-79bc-4183-9ddd-88eab08245ea,
Billed Duration for Request e7002777-79bc-4183-9ddd-88eab08245ea: 538 ms
Input: 5000000,
Cold Start: false
Unique ID: 6b5d01c2-79bf-4cb9-92e2-ee25d74626ee,
Billed Duration for Request 6b5d01c2-79bf-4cb9-92e2-ee25d74626ee: 728 ms
Input: 5000000,
Cold Start: false
Unique ID: 7307bebd-44ff-42b8-8235-697589e2052c,
Billed Duration for Request 7307bebd-44ff-42b8-8235-697589e2052c: 529 ms
Input: 5000000,
Cold Start: false
Unique ID: 845485b4-5cf9-4a22-8e6e-2288cec43c56,
Billed Duration for Request 845485b4-5cf9-4a22-8e6e-2288cec43c56: 492 ms
Input: 5000000,
Cold Start: false
Unique ID: 796ae6b4-39aa-4cd3-a906-d5fdcc28db37,
Billed Duration for Request 796ae6b4-39aa-4cd3-a906-d5fdcc28db37: 520 ms
Input: 5000000,
Cold Start: false
Unique ID: 39ce37db-09fe-49d6-8a3b-bbb23d6e5a67,
Billed Duration for Request 39ce37db-09fe-49d6-8a3b-bbb23d6e5a67: 722 ms
Input: 5000000,
Cold Start: false
Unique ID: 231b4d2b-059c-4b21-a082-560c969b50ad,
Billed Duration for Request 231b4d2b-059c-4b21-a082-560c969b50ad: 538 ms
Input: 5000000,
Cold Start: false
Unique ID: 2a5226ab-759f-4bb1-9571-8b247405cc76,
Billed Duration for Request 2a5226ab-759f-4bb1-9571-8b247405cc76: 492 ms
Input: 5000000,
Cold Start: false
Unique ID: 5431f02e-2bc3-4dbf-9526-2eb8f161b36b,
Billed Duration for Request 5431f02e-2bc3-4dbf-9526-2eb8f161b36b: 526 ms
Input: 5000000,
Cold Start: false
Unique ID: 5c13ee44-90f4-4dbe-8f1c-32dbf0ef4b0f,
Billed Duration for Request 5c13ee44-90f4-4dbe-8f1c-32dbf0ef4b0f: 727 ms
Input: 5000000,
Cold Start: false
Unique ID: 2282cb2f-2ac8-49fe-aa41-3fe5c8712464,
Billed Duration for Request 2282cb2f-2ac8-49fe-aa41-3fe5c8712464: 547 ms
Input: 5000000,
Cold Start: false
Unique ID: 347546b4-f39f-453a-b206-7baae9c27bff,
Billed Duration for Request 347546b4-f39f-453a-b206-7baae9c27bff: 493 ms
Input: 5000000,
Cold Start: false
Unique ID: 7314d3d7-ad8d-4fd1-9e18-f9004833d844,
Billed Duration for Request 7314d3d7-ad8d-4fd1-9e18-f9004833d844: 522 ms
Input: 5000000,
Cold Start: false
Unique ID: 7609432a-460e-4f33-823a-16bf7a743d74,
Billed Duration for Request 7609432a-460e-4f33-823a-16bf7a743d74: 729 ms
Input: 5000000,
Cold Start: false
Unique ID: 610c30f0-2f9c-4f10-85f9-63fc10e78879,
Billed Duration for Request 610c30f0-2f9c-4f10-85f9-63fc10e78879: 523 ms
Input: 5000000,
Cold Start: false
Unique ID: 45b00fc8-61b1-4c22-a4b6-2857e0525c86,
Billed Duration for Request 45b00fc8-61b1-4c22-a4b6-2857e0525c86: 533 ms
Input: 5000000,
Cold Start: false
Unique ID: 931663f2-b379-438a-83ca-16e0d6e43240,
Billed Duration for Request 931663f2-b379-438a-83ca-16e0d6e43240: 501 ms
Input: 5000000,
Cold Start: false
Unique ID: 30fc28d8-1e9e-4cde-ae8e-bd5523b00ece,
Billed Duration for Request 30fc28d8-1e9e-4cde-ae8e-bd5523b00ece: 720 ms
Input: 5000000,
Cold Start: false
Unique ID: d255c57c-3ca7-4c8a-92fc-f67b2f88f3a9,
Billed Duration for Request d255c57c-3ca7-4c8a-92fc-f67b2f88f3a9: 498 ms
Input: 5000000,
Cold Start: false
Unique ID: d9ef63a2-d128-43e8-9067-379f9bc71554,
Billed Duration for Request d9ef63a2-d128-43e8-9067-379f9bc71554: 532 ms
Input: 5000000,
Cold Start: false
Unique ID: 9bd2c8bb-e96d-4524-8f0f-6420e555706e,
Billed Duration for Request 9bd2c8bb-e96d-4524-8f0f-6420e555706e: 509 ms
Input: 5000000,
Cold Start: false
Unique ID: 2ea7a722-0b43-414e-9e6d-ed6e6300460a,
Billed Duration for Request 2ea7a722-0b43-414e-9e6d-ed6e6300460a: 715 ms
Input: 5000000,
Cold Start: false
Unique ID: 10250fac-f57b-4b7b-8d40-3d3e9752aebc,
Billed Duration for Request 10250fac-f57b-4b7b-8d40-3d3e9752aebc: 521 ms
Input: 5000000,
Cold Start: false
Unique ID: 55a924ed-30b2-4ec7-a3e6-0e96e42d7c2a,
Billed Duration for Request 55a924ed-30b2-4ec7-a3e6-0e96e42d7c2a: 538 ms
Input: 5000000,
Cold Start: false
Unique ID: f7368f6f-dee5-4a3e-ace3-86bd1743194a,
Billed Duration for Request f7368f6f-dee5-4a3e-ace3-86bd1743194a: 502 ms
Input: 5000000,
Cold Start: false
Unique ID: 0ac4ed42-1505-47c6-81fa-d841729ae340,
Billed Duration for Request 0ac4ed42-1505-47c6-81fa-d841729ae340: 727 ms
Input: 5000000,
Cold Start: false
Unique ID: 46daea47-bee0-4746-ba39-6228adc8e512,
Billed Duration for Request 46daea47-bee0-4746-ba39-6228adc8e512: 508 ms
Input: 5000000,
Cold Start: false
Unique ID: 1fa6cb1e-428f-4be2-8ba2-2663ebf47a34,
Billed Duration for Request 1fa6cb1e-428f-4be2-8ba2-2663ebf47a34: 534 ms
Input: 5000000,
Cold Start: false
Unique ID: b25aaca0-f6e1-46e3-aa3a-1f4674bdab85,
Billed Duration for Request b25aaca0-f6e1-46e3-aa3a-1f4674bdab85: 522 ms
Input: 5000000,
Cold Start: false
Unique ID: 0708c20b-d92d-458e-9d10-7ea974d7010e,
Billed Duration for Request 0708c20b-d92d-458e-9d10-7ea974d7010e: 729 ms
Input: 5000000,
Cold Start: false
Unique ID: 866fed28-f26a-4e66-ba73-8fa6179c1ec9,
Billed Duration for Request 866fed28-f26a-4e66-ba73-8fa6179c1ec9: 526 ms
Input: 5000000,
Cold Start: false
Unique ID: ee4bd8f1-f052-4dbd-a586-859caddc706b,
Billed Duration for Request ee4bd8f1-f052-4dbd-a586-859caddc706b: 533 ms
Input: 5000000,
Cold Start: false
Unique ID: 0802eced-3902-4363-8fe4-349bf9219e9f,
Billed Duration for Request 0802eced-3902-4363-8fe4-349bf9219e9f: 501 ms
Input: 5000000,
Cold Start: false
Unique ID: c4adf2f4-3aa5-4e62-8164-5aecaf40f595,
Billed Duration for Request c4adf2f4-3aa5-4e62-8164-5aecaf40f595: 708 ms
Input: 5000000,
Cold Start: false
Unique ID: 2fa21c39-9c77-4967-8119-0fa578fabcd5,
Billed Duration for Request 2fa21c39-9c77-4967-8119-0fa578fabcd5: 505 ms
Input: 5000000,
Cold Start: false
Unique ID: 23c5847c-7f47-45db-b1a0-d8cc189f7bc1,
Billed Duration for Request 23c5847c-7f47-45db-b1a0-d8cc189f7bc1: 534 ms
Input: 5000000,
Cold Start: false
Unique ID: 43a6a782-06c6-4164-bf41-8aeaa1c15ac6,
Billed Duration for Request 43a6a782-06c6-4164-bf41-8aeaa1c15ac6: 522 ms
Input: 5000000,
Cold Start: false
Unique ID: 7f312925-8ad2-404c-ad6a-ea7333f87c82,
Billed Duration for Request 7f312925-8ad2-404c-ad6a-ea7333f87c82: 721 ms
Input: 5000000,
Cold Start: false
Unique ID: 477b76ac-d621-4705-9905-4a8acfd505de,
Billed Duration for Request 477b76ac-d621-4705-9905-4a8acfd505de: 524 ms
Input: 5000000,
Cold Start: false
Unique ID: 10b1a818-f5ac-47f7-bcd0-544de2f531bb,
Billed Duration for Request 10b1a818-f5ac-47f7-bcd0-544de2f531bb: 537 ms
Input: 5000000,
Cold Start: false
Unique ID: f421eacb-feda-490e-8645-a4f8145ec9d3,
Billed Duration for Request f421eacb-feda-490e-8645-a4f8145ec9d3: 505 ms
Input: 5000000,
Cold Start: false
Unique ID: 58f9a702-0181-4283-9060-e81010598ac8,
Billed Duration for Request 58f9a702-0181-4283-9060-e81010598ac8: 723 ms
Input: 5000000,
Cold Start: false
Unique ID: 82ec4b65-1b9e-467e-996f-c1a5f8d5e955,
Billed Duration for Request 82ec4b65-1b9e-467e-996f-c1a5f8d5e955: 488 ms
Input: 5000000,
Cold Start: false
Unique ID: 7b34cac7-f71a-4d66-bf19-df417d7c5318,
Billed Duration for Request 7b34cac7-f71a-4d66-bf19-df417d7c5318: 516 ms
Input: 5000000,
Cold Start: false
Unique ID: 8f2897d5-990f-4bf1-acf5-48a46a1b9def,
Billed Duration for Request 8f2897d5-990f-4bf1-acf5-48a46a1b9def: 523 ms
Input: 5000000,
Cold Start: false
Unique ID: 6046c573-bdd4-4d2d-b070-ab1326f2b1bc,
Billed Duration for Request 6046c573-bdd4-4d2d-b070-ab1326f2b1bc: 708 ms
Input: 5000000,
Cold Start: false
Unique ID: 82660fb4-1ec1-45e4-b899-090194b387fd,
Billed Duration for Request 82660fb4-1ec1-45e4-b899-090194b387fd: 525 ms
Input: 5000000,
Cold Start: false
Unique ID: ac5b05f3-bbb1-457c-9007-2bdd6fef878a,
Billed Duration for Request ac5b05f3-bbb1-457c-9007-2bdd6fef878a: 485 ms
Input: 5000000,
Cold Start: false
Unique ID: 85ff4cad-13d1-4288-852e-d335e09cc311,
Billed Duration for Request 85ff4cad-13d1-4288-852e-d335e09cc311: 556 ms
Input: 5000000,
Cold Start: false
Unique ID: 4e702419-1f93-4864-8837-58407b4ef0b5,
Billed Duration for Request 4e702419-1f93-4864-8837-58407b4ef0b5: 710 ms
Input: 5000000,
Cold Start: false
Unique ID: db94bb0d-4cb1-41e8-a741-203ed6bb185a,
Billed Duration for Request db94bb0d-4cb1-41e8-a741-203ed6bb185a: 553 ms
Input: 5000000,
Cold Start: false
Unique ID: 45974f9a-3f7a-45c8-81a3-d8d5a72954a5,
Billed Duration for Request 45974f9a-3f7a-45c8-81a3-d8d5a72954a5: 513 ms
Input: 5000000,
Cold Start: false
Unique ID: 22688562-b3a0-49db-9386-7979218d5b11,
Billed Duration for Request 22688562-b3a0-49db-9386-7979218d5b11: 566 ms
Input: 5000000,
Cold Start: false
Unique ID: 16c6e403-a4cf-4424-a9b7-2e2e59103e5c,
Billed Duration for Request 16c6e403-a4cf-4424-a9b7-2e2e59103e5c: 760 ms
Input: 5000000,
Cold Start: false
Unique ID: 3f1cc860-3a5c-4990-b84b-7ad58703aff7,
Billed Duration for Request 3f1cc860-3a5c-4990-b84b-7ad58703aff7: 530 ms
Input: 5000000,
Cold Start: false
Unique ID: 728983ce-55e5-42c5-adda-74b7a6b7f3b6,
Billed Duration for Request 728983ce-55e5-42c5-adda-74b7a6b7f3b6: 502 ms
Input: 5000000,
Cold Start: false
Unique ID: 17b8d501-6d4d-4050-98d2-90c70e4e6f36,
Billed Duration for Request 17b8d501-6d4d-4050-98d2-90c70e4e6f36: 537 ms
Input: 5000000,
Cold Start: false
Unique ID: 845132e8-f8ce-4f68-88fd-8033558e7b82,
Billed Duration for Request 845132e8-f8ce-4f68-88fd-8033558e7b82: 714 ms
Input: 5000000,
Cold Start: false
Unique ID: 5dad5c27-1548-49af-9883-59988a49cadf,
Billed Duration for Request 5dad5c27-1548-49af-9883-59988a49cadf: 489 ms
Input: 5000000,
Cold Start: false
Unique ID: 385d73ee-9560-43fb-a32b-e3c69ab83f28,
Billed Duration for Request 385d73ee-9560-43fb-a32b-e3c69ab83f28: 536 ms
Input: 5000000,
Cold Start: false
Unique ID: 9fb9177d-a804-4d64-8aa5-3eba0d181d5e,
Billed Duration for Request 9fb9177d-a804-4d64-8aa5-3eba0d181d5e: 536 ms
Input: 5000000,
Cold Start: false
Unique ID: eeb57810-4834-474a-924e-f0caa16d6be2,
Billed Duration for Request eeb57810-4834-474a-924e-f0caa16d6be2: 726 ms
Input: 5000000,
Cold Start: false
Unique ID: 168e845f-6e41-4581-b249-ae4daeb3160f,
Billed Duration for Request 168e845f-6e41-4581-b249-ae4daeb3160f: 534 ms
Input: 5000000,
Cold Start: false
Unique ID: a73d8cbc-b624-4180-800d-760dc06b1c8b,
Billed Duration for Request a73d8cbc-b624-4180-800d-760dc06b1c8b: 505 ms
Input: 5000000,
Cold Start: false
Unique ID: 5d08dd22-0d3a-454c-a500-8a4e5a60d93e,
Billed Duration for Request 5d08dd22-0d3a-454c-a500-8a4e5a60d93e: 541 ms
Input: 5000000,
Cold Start: false
Unique ID: 9855ab5f-edad-4c26-8af8-7d27de1f83eb,
Billed Duration for Request 9855ab5f-edad-4c26-8af8-7d27de1f83eb: 715 ms
Input: 5000000,
Cold Start: false
Unique ID: fd8ff975-eeff-4471-bb62-c4d45e5a8ccb,
Billed Duration for Request fd8ff975-eeff-4471-bb62-c4d45e5a8ccb: 537 ms
Input: 5000000,
Cold Start: false
Unique ID: 3ef878ac-a8b7-45cd-b6cc-7cb695ebba42,
Billed Duration for Request 3ef878ac-a8b7-45cd-b6cc-7cb695ebba42: 504 ms
Input: 5000000,
Cold Start: false
Unique ID: 0fa5c1ba-3c4f-49d1-9ebf-32f7c65c1861,
Billed Duration for Request 0fa5c1ba-3c4f-49d1-9ebf-32f7c65c1861: 538 ms
Input: 5000000,
Cold Start: false
Unique ID: fe9d7615-58e1-4e56-a92d-4d145b2f108c,
Billed Duration for Request fe9d7615-58e1-4e56-a92d-4d145b2f108c: 719 ms
Input: 5000000,
Cold Start: false
Unique ID: 0ac9b39b-5a20-4529-929f-cec7452ab7bd,
Billed Duration for Request 0ac9b39b-5a20-4529-929f-cec7452ab7bd: 533 ms
Input: 5000000,
Cold Start: false
Unique ID: cf8fdc01-1d26-4cb9-bd25-d75651939977,
Billed Duration for Request cf8fdc01-1d26-4cb9-bd25-d75651939977: 487 ms
Input: 5000000,
Cold Start: false
Unique ID: 3d472b05-29e3-4113-82dc-267135fe3f20,
Billed Duration for Request 3d472b05-29e3-4113-82dc-267135fe3f20: 540 ms
Input: 5000000,
Cold Start: false
Unique ID: c677ad47-0a3b-42f7-a1e2-c03e92df5024,
Billed Duration for Request c677ad47-0a3b-42f7-a1e2-c03e92df5024: 720 ms
Input: 5000000,
Cold Start: false
Unique ID: b8eec1a2-e134-477c-91ee-3330daf7debb,
Billed Duration for Request b8eec1a2-e134-477c-91ee-3330daf7debb: 486 ms
Input: 5000000,
Cold Start: false
Unique ID: 06ae9690-0d75-4ab7-838e-a9af91398cd0,
Billed Duration for Request 06ae9690-0d75-4ab7-838e-a9af91398cd0: 537 ms
Input: 5000000,
Cold Start: false
Unique ID: 5347dae2-336a-4406-8483-68504e5f43d7,
Billed Duration for Request 5347dae2-336a-4406-8483-68504e5f43d7: 535 ms
Input: 5000000,
Cold Start: false
Unique ID: 10e3eac4-4c3a-4394-816c-6a662c72cf5a,
Billed Duration for Request 10e3eac4-4c3a-4394-816c-6a662c72cf5a: 716 ms
Input: 5000000,
Cold Start: false
Unique ID: a7748746-6b33-4e98-9a6d-6cd0057c0945,
Billed Duration for Request a7748746-6b33-4e98-9a6d-6cd0057c0945: 535 ms
Input: 5000000,
Cold Start: false
Unique ID: cf658a30-74a8-4732-9d9e-6828186840fa,
Billed Duration for Request cf658a30-74a8-4732-9d9e-6828186840fa: 532 ms
Input: 5000000,
Cold Start: false
Unique ID: 562986c6-39cf-434f-b1ce-8e5b888eaeff,
Billed Duration for Request 562986c6-39cf-434f-b1ce-8e5b888eaeff: 506 ms
Input: 5000000,
Cold Start: false
Unique ID: 8b69238d-2c5b-4152-beb6-a09ff1eb83f2,
Billed Duration for Request 8b69238d-2c5b-4152-beb6-a09ff1eb83f2: 723 ms
Input: 5000000,
Cold Start: false
Unique ID: 18f7f451-b734-4ed8-addc-d24d99785305,
Billed Duration for Request 18f7f451-b734-4ed8-addc-d24d99785305: 494 ms
Input: 5000000,
Cold Start: false
Unique ID: 9ba7e41d-ffcf-44a6-924f-77ff3d44d7fd,
Billed Duration for Request 9ba7e41d-ffcf-44a6-924f-77ff3d44d7fd: 545 ms
Input: 5000000,
Cold Start: false
Unique ID: 7317dd68-01c3-4f42-a789-96eea35e38f5,
Billed Duration for Request 7317dd68-01c3-4f42-a789-96eea35e38f5: 533 ms
Input: 5000000,
Cold Start: false
Unique ID: 5a26f1b7-2909-4fb3-b2f3-f94afa9b740c,
Billed Duration for Request 5a26f1b7-2909-4fb3-b2f3-f94afa9b740c: 719 ms
Input: 5000000,
Cold Start: false
Unique ID: 35323141-c308-4dac-ad67-dd644e067be5,
Billed Duration for Request 35323141-c308-4dac-ad67-dd644e067be5: 545 ms
Input: 5000000,
Cold Start: false
Unique ID: 76959524-cfbf-4158-94c4-f450a4b745b2,
Billed Duration for Request 76959524-cfbf-4158-94c4-f450a4b745b2: 529 ms
Input: 5000000,
Cold Start: false
Unique ID: e9151cea-8536-4642-a0cf-f4363996bbaa,
Billed Duration for Request e9151cea-8536-4642-a0cf-f4363996bbaa: 497 ms
Input: 5000000,
Cold Start: false
Unique ID: 3e71e589-e7a0-4b8b-b903-a8aa1d7b3733,
Billed Duration for Request 3e71e589-e7a0-4b8b-b903-a8aa1d7b3733: 719 ms
Input: 5000000,
Cold Start: false
Unique ID: c81e4aca-f2c2-405c-b52c-5ac661318975,
Billed Duration for Request c81e4aca-f2c2-405c-b52c-5ac661318975: 492 ms
Input: 5000000,
Cold Start: false
Unique ID: 64b4d758-46c4-4619-9b01-c1b18ab6cd83,
Billed Duration for Request 64b4d758-46c4-4619-9b01-c1b18ab6cd83: 546 ms
Input: 5000000,
Cold Start: false
Unique ID: ee179f8e-8301-409d-b43f-0f5dc3911820,
Billed Duration for Request ee179f8e-8301-409d-b43f-0f5dc3911820: 534 ms
Input: 5000000,
Cold Start: false
Unique ID: aee1779a-664c-4965-b64b-5a6af49b046a,
Billed Duration for Request aee1779a-664c-4965-b64b-5a6af49b046a: 719 ms
Input: 5000000,
Cold Start: false
Unique ID: c94b0f7e-d6dc-4891-9651-d26fa8640098,
Billed Duration for Request c94b0f7e-d6dc-4891-9651-d26fa8640098: 536 ms
Input: 5000000,
Cold Start: false
Unique ID: d059c83f-cba7-4b07-b63d-618c32fa2f47,
Billed Duration for Request d059c83f-cba7-4b07-b63d-618c32fa2f47: 532 ms
Input: 5000000,
Cold Start: false
Unique ID: e47c53da-d433-4e49-869a-a12a4f6bf833,
Billed Duration for Request e47c53da-d433-4e49-869a-a12a4f6bf833: 496 ms
Input: 5000000,
Cold Start: false
Unique ID: 5e8127d3-e6e2-4e77-96ec-83c2c7e2b55b,
Billed Duration for Request 5e8127d3-e6e2-4e77-96ec-83c2c7e2b55b: 710 ms
Input: 5000000,
Cold Start: false
Unique ID: 9c6865f6-8b4a-43c7-a4e3-83d326c9aeda,
Billed Duration for Request 9c6865f6-8b4a-43c7-a4e3-83d326c9aeda: 499 ms
Input: 5000000,
Cold Start: false
Unique ID: da970f50-8be5-4268-ba11-b32584dcabfb,
Billed Duration for Request da970f50-8be5-4268-ba11-b32584dcabfb: 532 ms
Input: 5000000,
Cold Start: false
Unique ID: cdd4cf67-6130-42fb-9fab-1e45239a3f6e,
Billed Duration for Request cdd4cf67-6130-42fb-9fab-1e45239a3f6e: 533 ms
Input: 5000000,
Cold Start: false
Unique ID: 1cbe8442-df17-4b32-a5b9-be74e45df785,
Billed Duration for Request 1cbe8442-df17-4b32-a5b9-be74e45df785: 734 ms
Input: 5000000,
Cold Start: false
Unique ID: f129109a-3e8a-4245-8489-85dcd9a61cf6,
Billed Duration for Request f129109a-3e8a-4245-8489-85dcd9a61cf6: 535 ms
Input: 5000000,
Cold Start: false
Unique ID: 0b2f4999-ebf4-47df-8419-d06e01f3be3a,
Billed Duration for Request 0b2f4999-ebf4-47df-8419-d06e01f3be3a: 530 ms
Input: 5000000,
Cold Start: false
Unique ID: 5a8a3074-19f4-4696-a612-420c8ec503d6,
Billed Duration for Request 5a8a3074-19f4-4696-a612-420c8ec503d6: 493 ms
Input: 5000000,
Cold Start: false
Unique ID: d1485554-7232-4a43-ac42-5f79821fa324,
Billed Duration for Request d1485554-7232-4a43-ac42-5f79821fa324: 738 ms
Input: 5000000,
Cold Start: false
Unique ID: 3275130d-27e6-4204-88bf-453cd9a20426,
Billed Duration for Request 3275130d-27e6-4204-88bf-453cd9a20426: 500 ms
Input: 5000000,
Cold Start: false
Unique ID: f515fd41-106a-488d-84b8-7fb867cdf8a7,
Billed Duration for Request f515fd41-106a-488d-84b8-7fb867cdf8a7: 532 ms
Input: 5000000,
Cold Start: false
Unique ID: 3155a22d-6c5a-4023-ad7b-072e9d6aa8e0,
Billed Duration for Request 3155a22d-6c5a-4023-ad7b-072e9d6aa8e0: 533 ms
Input: 5000000,
Cold Start: false
Unique ID: e03c8132-5428-4959-975d-a750f5735021,
Billed Duration for Request e03c8132-5428-4959-975d-a750f5735021: 724 ms
Input: 5000000,
Cold Start: false
Unique ID: 9e9039e0-887c-44b7-907a-a34ff87a0b10,
Billed Duration for Request 9e9039e0-887c-44b7-907a-a34ff87a0b10: 539 ms
Input: 5000000,
Cold Start: false
Unique ID: 966894ee-f2d6-4719-9ade-8ea089f81662,
Billed Duration for Request 966894ee-f2d6-4719-9ade-8ea089f81662: 529 ms
Input: 5000000,
Cold Start: false
Unique ID: 52105cac-54c2-43e2-ba25-b297d26332ed,
Billed Duration for Request 52105cac-54c2-43e2-ba25-b297d26332ed: 496 ms
Input: 5000000,
Cold Start: false
Unique ID: 5e46bdaf-0bd3-437b-a042-b8759035e09a,
Billed Duration for Request 5e46bdaf-0bd3-437b-a042-b8759035e09a: 724 ms
Input: 5000000,
Cold Start: false
Unique ID: 3ec3d8bd-838b-48f8-ba11-07a23cc12101,
Billed Duration for Request 3ec3d8bd-838b-48f8-ba11-07a23cc12101: 497 ms
Input: 5000000,
Cold Start: false
Unique ID: d8b816f9-fb32-4845-a984-086324413e2f,
Billed Duration for Request d8b816f9-fb32-4845-a984-086324413e2f: 508 ms
Input: 5000000,
Cold Start: false
Unique ID: b61d20fd-667b-4fb1-a9f5-8403af9f5ab8,
Billed Duration for Request b61d20fd-667b-4fb1-a9f5-8403af9f5ab8: 536 ms
Input: 5000000,
Cold Start: false
Unique ID: c48c1e6a-61bc-4810-913f-5f44e26b5978,
Billed Duration for Request c48c1e6a-61bc-4810-913f-5f44e26b5978: 719 ms
Input: 5000000,
Cold Start: false
Unique ID: 5ae72ad9-1237-4f2b-8335-40fb6ecfebc8,
Billed Duration for Request 5ae72ad9-1237-4f2b-8335-40fb6ecfebc8: 533 ms
Input: 5000000,
Cold Start: false
Unique ID: 5b5531df-e9a8-4b1b-af0d-f3af16c8e838,
Billed Duration for Request 5b5531df-e9a8-4b1b-af0d-f3af16c8e838: 513 ms
Input: 5000000,
Cold Start: false
Unique ID: 961057b7-a4e5-4c45-8092-f7535543811e,
Billed Duration for Request 961057b7-a4e5-4c45-8092-f7535543811e: 496 ms
Input: 5000000,
Cold Start: false
Unique ID: 499f1e5e-1cb1-4b19-bb8b-bc41aa52423c,
Billed Duration for Request 499f1e5e-1cb1-4b19-bb8b-bc41aa52423c: 714 ms
Input: 5000000,
Cold Start: false
Unique ID: aaecc8eb-7c57-4fe2-bd6a-7b7505dfc5f2,
Billed Duration for Request aaecc8eb-7c57-4fe2-bd6a-7b7505dfc5f2: 492 ms
Input: 5000000,
Cold Start: false
Unique ID: a0f68f80-5e60-4cb1-aecf-e4d96f127641,
Billed Duration for Request a0f68f80-5e60-4cb1-aecf-e4d96f127641: 508 ms
Input: 5000000,
Cold Start: false
Unique ID: 5edbf5dd-551e-4113-85a4-53bf4822a7e7,
Billed Duration for Request 5edbf5dd-551e-4113-85a4-53bf4822a7e7: 537 ms
Input: 5000000,
Cold Start: false
Unique ID: 6990ed7a-b60c-43fc-87a5-5fd548ab270b,
Billed Duration for Request 6990ed7a-b60c-43fc-87a5-5fd548ab270b: 728 ms
Input: 5000000,
Cold Start: false
Unique ID: b349347b-9d1a-4b78-9044-22dc40d91b55,
Billed Duration for Request b349347b-9d1a-4b78-9044-22dc40d91b55: 533 ms
Input: 5000000,
Cold Start: false
Unique ID: 3f5f7df9-1371-47ea-976a-47842bac82c9,
Billed Duration for Request 3f5f7df9-1371-47ea-976a-47842bac82c9: 524 ms
Input: 5000000,
Cold Start: false
Unique ID: 6ac8dd8b-465f-49fb-ac7b-8f17a0945586,
Billed Duration for Request 6ac8dd8b-465f-49fb-ac7b-8f17a0945586: 505 ms
Input: 5000000,
Cold Start: false
Unique ID: 7bc48102-8c6f-458b-9a2c-6cf20760f4a1,
Billed Duration for Request 7bc48102-8c6f-458b-9a2c-6cf20760f4a1: 716 ms
Input: 5000000,
Cold Start: false
Unique ID: 1d3c6594-9f1f-4f38-9fe8-d8bec3ca6ebd,
Billed Duration for Request 1d3c6594-9f1f-4f38-9fe8-d8bec3ca6ebd: 492 ms
Input: 5000000,
Cold Start: false
Unique ID: 0050ab69-0dea-4ea9-86f2-6d03e7c4e8b2,
Billed Duration for Request 0050ab69-0dea-4ea9-86f2-6d03e7c4e8b2: 533 ms
Input: 5000000,
Cold Start: false
Unique ID: 9a2cbb61-eb1d-43f7-9dc8-493a2e0b28d8,
Billed Duration for Request 9a2cbb61-eb1d-43f7-9dc8-493a2e0b28d8: 533 ms
Input: 5000000,
Cold Start: false
Unique ID: bab08f5d-5449-41b2-a6ed-2b4bc28a5d53,
Billed Duration for Request bab08f5d-5449-41b2-a6ed-2b4bc28a5d53: 716 ms
Input: 5000000,
Cold Start: false
Unique ID: 5d20a7fc-7a12-4271-81ae-19fc68eac203,
Billed Duration for Request 5d20a7fc-7a12-4271-81ae-19fc68eac203: 539 ms
Input: 5000000,
Cold Start: false
Unique ID: 8c7f78a6-742e-4ba5-93aa-68450e078347,
Billed Duration for Request 8c7f78a6-742e-4ba5-93aa-68450e078347: 515 ms
Input: 5000000,
Cold Start: false
Unique ID: e68d507b-4249-4d3f-91f1-987988814ff4,
Billed Duration for Request e68d507b-4249-4d3f-91f1-987988814ff4: 497 ms
Input: 5000000,
Cold Start: false
Unique ID: df3453bb-c53d-4c51-849b-63d1ba7cedac,
Billed Duration for Request df3453bb-c53d-4c51-849b-63d1ba7cedac: 724 ms
Input: 5000000,
Cold Start: false
Unique ID: ffb5ff7f-d7d4-4568-bfd2-292c91da4ddc,
Billed Duration for Request ffb5ff7f-d7d4-4568-bfd2-292c91da4ddc: 489 ms
Input: 5000000,
Cold Start: false
Unique ID: 68d02f83-4ad3-4fa0-b442-f775d02f03a7,
Billed Duration for Request 68d02f83-4ad3-4fa0-b442-f775d02f03a7: 528 ms
Input: 5000000,
Cold Start: false
Unique ID: 682a30ff-8211-4a8c-9ced-89f318599db8,
Billed Duration for Request 682a30ff-8211-4a8c-9ced-89f318599db8: 515 ms
Input: 5000000,
Cold Start: false
Unique ID: 9c4d8080-0e30-427d-ab72-1fed1bd2df41,
Billed Duration for Request 9c4d8080-0e30-427d-ab72-1fed1bd2df41: 728 ms
Input: 5000000,
Cold Start: false
Unique ID: 441d48e8-3460-4ceb-abb7-7f929d3441ab,
Billed Duration for Request 441d48e8-3460-4ceb-abb7-7f929d3441ab: 533 ms
Input: 5000000,
Cold Start: false
Unique ID: d357c0d8-ba02-4ffe-af13-4214b9cd9ee6,
Billed Duration for Request d357c0d8-ba02-4ffe-af13-4214b9cd9ee6: 524 ms
Input: 5000000,
Cold Start: false
Unique ID: a4dae885-3dab-4505-adc4-ef91dea11e26,
Billed Duration for Request a4dae885-3dab-4505-adc4-ef91dea11e26: 500 ms
Input: 5000000,
Cold Start: false
Unique ID: b86e75a6-6663-4b19-bb3c-a46e88c521b8,
Billed Duration for Request b86e75a6-6663-4b19-bb3c-a46e88c521b8: 716 ms
Input: 5000000,
Cold Start: false
Unique ID: aadb181a-9779-4788-833d-817775eb80dd,
Billed Duration for Request aadb181a-9779-4788-833d-817775eb80dd: 501 ms
Input: 5000000,
Cold Start: false
Unique ID: d1eeef60-1170-40ec-abea-a7a0f60dd5e5,
Billed Duration for Request d1eeef60-1170-40ec-abea-a7a0f60dd5e5: 526 ms
Input: 5000000,
Cold Start: false
Unique ID: ea928177-6446-4de8-81a4-ab70bfab438f,
Billed Duration for Request ea928177-6446-4de8-81a4-ab70bfab438f: 533 ms
Input: 5000000,
Cold Start: false
Unique ID: 3dc87368-5cd3-4a2f-863c-18b7b5e1eff9,
Billed Duration for Request 3dc87368-5cd3-4a2f-863c-18b7b5e1eff9: 737 ms
Input: 5000000,
Cold Start: false
