Unique ID: c8601a04d0e8a433b6b2cf8efa45d095,
Execution Time for Trace ID c8601a04d0e8a433b6b2cf8efa45d095: 360 ms
Input: 5250000,
Cold Start: false
Unique ID: 6ec9421336e31478101573264309a3ec,
Execution Time for Trace ID 6ec9421336e31478101573264309a3ec: 375 ms
Input: 5250000,
Cold Start: false
Unique ID: 59892a3a8c6708d9c024698940d61889,
Execution Time for Trace ID 59892a3a8c6708d9c024698940d61889: 390 ms
Input: 5250000,
Cold Start: false
Unique ID: 734a745c865901d8d1535d8648686685,
Execution Time for Trace ID 734a745c865901d8d1535d8648686685: 431 ms
Input: 5250000,
Cold Start: false
Unique ID: f6ca100a62aeb6d2df1c08d9f9ea7ac7,
Execution Time for Trace ID f6ca100a62aeb6d2df1c08d9f9ea7ac7: 368 ms
Input: 5250000,
Cold Start: false
Unique ID: 08d2d18078c26b44200633da7e0fdc38,
Execution Time for Trace ID 08d2d18078c26b44200633da7e0fdc38: 371 ms
Input: 5250000,
Cold Start: false
Unique ID: ec5753fb60aeaa23fcc6fe2e4ca48a1d,
Execution Time for Trace ID ec5753fb60aeaa23fcc6fe2e4ca48a1d: 419 ms
Input: 5250000,
Cold Start: false
Unique ID: 580acb1344ceeaf078d029f4b3745cd4,
Execution Time for Trace ID 580acb1344ceeaf078d029f4b3745cd4: 405 ms
Input: 5250000,
Cold Start: false
Unique ID: 27773d7f552c49c0d7a47d3b60683d91,
Execution Time for Trace ID 27773d7f552c49c0d7a47d3b60683d91: 358 ms
Input: 5250000,
Cold Start: false
Unique ID: 8f53583a1aff5a9bf20a5151783b1fb9,
Execution Time for Trace ID 8f53583a1aff5a9bf20a5151783b1fb9: 406 ms
Input: 5250000,
Cold Start: false
Unique ID: ea41267d9172d511f52e3872b39f2646,
Execution Time for Trace ID ea41267d9172d511f52e3872b39f2646: 347 ms
Input: 5250000,
Cold Start: false
Unique ID: d3bc6f6e78626d6a7dfbe355f98d06a0,
Execution Time for Trace ID d3bc6f6e78626d6a7dfbe355f98d06a0: 408 ms
Input: 5250000,
Cold Start: false
Unique ID: 7dade6cf64e0942ddf4ae18186c74fec,
Execution Time for Trace ID 7dade6cf64e0942ddf4ae18186c74fec: 353 ms
Input: 5250000,
Cold Start: false
Unique ID: 13ea02cb66fa2abe1d37acd7a311c368,
Execution Time for Trace ID 13ea02cb66fa2abe1d37acd7a311c368: 351 ms
Input: 5250000,
Cold Start: false
Unique ID: 8f8e2c48e09b81a5cfd88341b2ec1ef2,
Execution Time for Trace ID 8f8e2c48e09b81a5cfd88341b2ec1ef2: 348 ms
Input: 5250000,
Cold Start: false
Unique ID: ecdf0df223b44cffe47acc4ea1dfc7b1,
Execution Time for Trace ID ecdf0df223b44cffe47acc4ea1dfc7b1: 343 ms
Input: 5250000,
Cold Start: false
Unique ID: dfb69b5086b3492797b16d35844843a7,
Execution Time for Trace ID dfb69b5086b3492797b16d35844843a7: 371 ms
Input: 5250000,
Cold Start: false
Unique ID: 7d74c1c7b880756860c46fbe488324ac,
Execution Time for Trace ID 7d74c1c7b880756860c46fbe488324ac: 348 ms
Input: 5250000,
Cold Start: false
Unique ID: 39eabaaaad5a1981ce3283fc832ba572,
Execution Time for Trace ID 39eabaaaad5a1981ce3283fc832ba572: 382 ms
Input: 5250000,
Cold Start: false
Unique ID: 113a95079d3ed02d5b85c59d06c1070b,
Execution Time for Trace ID 113a95079d3ed02d5b85c59d06c1070b: 369 ms
Input: 5250000,
Cold Start: false
Unique ID: 247643daec5fe216b15716fbf53dc236,
Execution Time for Trace ID 247643daec5fe216b15716fbf53dc236: 355 ms
Input: 5250000,
Cold Start: false
Unique ID: d199ca2dcdb77ccd7db28d09974d6ea8,
Execution Time for Trace ID d199ca2dcdb77ccd7db28d09974d6ea8: 395 ms
Input: 5250000,
Cold Start: false
Unique ID: d0eea244c1eaa84b60751d7c9e7be1f1,
Execution Time for Trace ID d0eea244c1eaa84b60751d7c9e7be1f1: 366 ms
Input: 5250000,
Cold Start: false
Unique ID: ea9dbf351f26178425b16b7d07ab23a7,
Execution Time for Trace ID ea9dbf351f26178425b16b7d07ab23a7: 369 ms
Input: 5250000,
Cold Start: false
Unique ID: c2268d49001a5228390284bfd75be5bd,
Execution Time for Trace ID c2268d49001a5228390284bfd75be5bd: 351 ms
Input: 5250000,
Cold Start: false
Unique ID: e2ef4679eb91575c7ea832e589ea1e10,
Execution Time for Trace ID e2ef4679eb91575c7ea832e589ea1e10: 392 ms
Input: 5250000,
Cold Start: false
Unique ID: ce2e04166c345fd3df42ef6389d6a967,
Execution Time for Trace ID ce2e04166c345fd3df42ef6389d6a967: 363 ms
Input: 5250000,
Cold Start: false
Unique ID: 9f74f6014add15c361b4a014eac8fec6,
Execution Time for Trace ID 9f74f6014add15c361b4a014eac8fec6: 378 ms
Input: 5250000,
Cold Start: false
Unique ID: 9d3f67954e79c83f4bdc635eeb70683a,
Execution Time for Trace ID 9d3f67954e79c83f4bdc635eeb70683a: 340 ms
Input: 5250000,
Cold Start: false
Unique ID: ec6046d4c000cb223339c4f3b896a688,
Execution Time for Trace ID ec6046d4c000cb223339c4f3b896a688: 378 ms
Input: 5250000,
Cold Start: false
Unique ID: 424c623b4ac7df8c184166b926d17243,
Execution Time for Trace ID 424c623b4ac7df8c184166b926d17243: 357 ms
Input: 5250000,
Cold Start: false
Unique ID: 65ed34339c7f12443b0f1299e23cb339,
Execution Time for Trace ID 65ed34339c7f12443b0f1299e23cb339: 379 ms
Input: 5250000,
Cold Start: false
Unique ID: fe27d29adb9fa459edf7161a7c76417d,
Execution Time for Trace ID fe27d29adb9fa459edf7161a7c76417d: 195 ms
Input: 5250000,
Cold Start: false
Unique ID: aafa2621fe293665c11f6e35c629e237,
Execution Time for Trace ID aafa2621fe293665c11f6e35c629e237: 400 ms
Input: 5250000,
Cold Start: false
Unique ID: ad8ffa33f8ef0ecc811222803777a90f,
Execution Time for Trace ID ad8ffa33f8ef0ecc811222803777a90f: 368 ms
Input: 5250000,
Cold Start: false
Unique ID: 056e3fea3ab74f39bc237cd0352c6611,
Execution Time for Trace ID 056e3fea3ab74f39bc237cd0352c6611: 351 ms
Input: 5250000,
Cold Start: false
Unique ID: 619c9b73d1987f3bc0d6f4e9cb21722b,
Execution Time for Trace ID 619c9b73d1987f3bc0d6f4e9cb21722b: 399 ms
Input: 5250000,
Cold Start: false
Unique ID: 985876af5486827ab9291d70920b3d90,
Execution Time for Trace ID 985876af5486827ab9291d70920b3d90: 376 ms
Input: 5250000,
Cold Start: false
Unique ID: 2590bbc8e5bad114f74945804bdf233f,
Execution Time for Trace ID 2590bbc8e5bad114f74945804bdf233f: 340 ms
Input: 5250000,
Cold Start: false
Unique ID: 7cfaab01ef006923df5534661e96f7c8,
Execution Time for Trace ID 7cfaab01ef006923df5534661e96f7c8: 414 ms
Input: 5250000,
Cold Start: false
Unique ID: 16c88a0b09fd21acd8efef63728432f3,
Execution Time for Trace ID 16c88a0b09fd21acd8efef63728432f3: 345 ms
Input: 5250000,
Cold Start: false
Unique ID: 4570637e2f8ed0ceca250f58a32bcd51,
Execution Time for Trace ID 4570637e2f8ed0ceca250f58a32bcd51: 355 ms
Input: 5250000,
Cold Start: false
Unique ID: d0cbb9ae2bf777144b861e684150e7e0,
Execution Time for Trace ID d0cbb9ae2bf777144b861e684150e7e0: 367 ms
Input: 5250000,
Cold Start: false
Unique ID: b8357ec1df6225e64d114280d247ddba,
Execution Time for Trace ID b8357ec1df6225e64d114280d247ddba: 430 ms
Input: 5250000,
Cold Start: false
Unique ID: 2170cdf081acf7a36d13656a62bd7f78,
Execution Time for Trace ID 2170cdf081acf7a36d13656a62bd7f78: 405 ms
Input: 5250000,
Cold Start: false
Unique ID: 5b3bbc7714472d5f53855dd50ce9d4d8,
Execution Time for Trace ID 5b3bbc7714472d5f53855dd50ce9d4d8: 381 ms
Input: 5250000,
Cold Start: false
Unique ID: 8bd694b5b339ac317b50e23ddeb204fa,
Execution Time for Trace ID 8bd694b5b339ac317b50e23ddeb204fa: 352 ms
Input: 5250000,
Cold Start: false
Unique ID: 6662462376b1914eca8ef95e52820c0f,
Execution Time for Trace ID 6662462376b1914eca8ef95e52820c0f: 394 ms
Input: 5250000,
Cold Start: false
Unique ID: ac8882a3778af1016b6826f9efe10e97,
Execution Time for Trace ID ac8882a3778af1016b6826f9efe10e97: 357 ms
Input: 5250000,
Cold Start: false
Unique ID: d7d4cb0182c347fa92755204f7a30826,
Execution Time for Trace ID d7d4cb0182c347fa92755204f7a30826: 357 ms
Input: 5250000,
Cold Start: false
Unique ID: 820d86e03c3b5b2f10472a90222fac29,
Execution Time for Trace ID 820d86e03c3b5b2f10472a90222fac29: 354 ms
Input: 5250000,
Cold Start: false
Unique ID: fa3cefce33884786506d1818e83fb0f4,
Execution Time for Trace ID fa3cefce33884786506d1818e83fb0f4: 315 ms
Input: 5250000,
Cold Start: false
Unique ID: f94517fe780dad3590d594cd768441bd,
Execution Time for Trace ID f94517fe780dad3590d594cd768441bd: 340 ms
Input: 5250000,
Cold Start: false
Unique ID: e2203b4900cdfe238b8ad03290b7e62b,
Execution Time for Trace ID e2203b4900cdfe238b8ad03290b7e62b: 386 ms
Input: 5250000,
Cold Start: false
Unique ID: 25e7a2061f9e674e5f5a231284a268f8,
Execution Time for Trace ID 25e7a2061f9e674e5f5a231284a268f8: 339 ms
Input: 5250000,
Cold Start: false
Unique ID: 32ff231fcae706ff73af88f2ffc1355e,
Execution Time for Trace ID 32ff231fcae706ff73af88f2ffc1355e: 410 ms
Input: 5250000,
Cold Start: false
Unique ID: 905b57bfcc43ef8fcaaf8e54a0de0f72,
Execution Time for Trace ID 905b57bfcc43ef8fcaaf8e54a0de0f72: 352 ms
Input: 5250000,
Cold Start: false
Unique ID: 378eba2e4d89b2e1dceb29f8f37440a3,
Execution Time for Trace ID 378eba2e4d89b2e1dceb29f8f37440a3: 351 ms
Input: 5250000,
Cold Start: false
Unique ID: 43c41c0506a5c9987e524b6e398cf6ec,
Execution Time for Trace ID 43c41c0506a5c9987e524b6e398cf6ec: 361 ms
Input: 5250000,
Cold Start: false
Unique ID: 5313855bbe75604081be76cd1348be46,
Execution Time for Trace ID 5313855bbe75604081be76cd1348be46: 376 ms
Input: 5250000,
Cold Start: false
Unique ID: bb96ccfbcf304cae6bd027a7d732e87e,
Execution Time for Trace ID bb96ccfbcf304cae6bd027a7d732e87e: 343 ms
Input: 5250000,
Cold Start: false
Unique ID: 5b0f488a9aa59f8df09019d47a5a7180,
Execution Time for Trace ID 5b0f488a9aa59f8df09019d47a5a7180: 385 ms
Input: 5250000,
Cold Start: false
Unique ID: 8307da455dd96b2f2cf2736be65fb338,
Execution Time for Trace ID 8307da455dd96b2f2cf2736be65fb338: 353 ms
Input: 5250000,
Cold Start: false
Unique ID: 9200661f8335350af446a7feffa70ac1,
Execution Time for Trace ID 9200661f8335350af446a7feffa70ac1: 390 ms
Input: 5250000,
Cold Start: false
Unique ID: 38aa84e356ce61c3d324fb9220819536,
Execution Time for Trace ID 38aa84e356ce61c3d324fb9220819536: 352 ms
Input: 5250000,
Cold Start: false
Unique ID: 73730855ad30753343cdfc656e41e485,
Execution Time for Trace ID 73730855ad30753343cdfc656e41e485: 356 ms
Input: 5250000,
Cold Start: false
Unique ID: e30d81c649af15069b07d884083949c9,
Execution Time for Trace ID e30d81c649af15069b07d884083949c9: 361 ms
Input: 5250000,
Cold Start: false
Unique ID: a59e35e450b481b1e73b4bcb70884f2e,
Execution Time for Trace ID a59e35e450b481b1e73b4bcb70884f2e: 368 ms
Input: 5250000,
Cold Start: false
Unique ID: 3429b2b782c2c546550fdf6f6ab32482,
Execution Time for Trace ID 3429b2b782c2c546550fdf6f6ab32482: 341 ms
Input: 5250000,
Cold Start: false
Unique ID: bcc3e20338c90050e0601dae098bd924,
Execution Time for Trace ID bcc3e20338c90050e0601dae098bd924: 374 ms
Input: 5250000,
Cold Start: false
Unique ID: acd315e88d7a0fc58b012bb82acd6f91,
Execution Time for Trace ID acd315e88d7a0fc58b012bb82acd6f91: 364 ms
Input: 5250000,
Cold Start: false
Unique ID: 81394bdc16b1931ff6511f08df8e0f38,
Execution Time for Trace ID 81394bdc16b1931ff6511f08df8e0f38: 371 ms
Input: 5250000,
Cold Start: false
Unique ID: 3a24002703cdcb5fc247af8d25d47c75,
Execution Time for Trace ID 3a24002703cdcb5fc247af8d25d47c75: 342 ms
Input: 5250000,
Cold Start: false
Unique ID: 2ef165fe33c713ac1ab014144ed6357d,
Execution Time for Trace ID 2ef165fe33c713ac1ab014144ed6357d: 380 ms
Input: 5250000,
Cold Start: false
Unique ID: 6c5662fbb595c1802d14a3492f4d0bb9,
Execution Time for Trace ID 6c5662fbb595c1802d14a3492f4d0bb9: 342 ms
Input: 5250000,
Cold Start: false
Unique ID: 43d92093670c00de6aa67d3c7992db8f,
Execution Time for Trace ID 43d92093670c00de6aa67d3c7992db8f: 374 ms
Input: 5250000,
Cold Start: false
Unique ID: a56c52bf2039714da740d9c3ff4f09b9,
Execution Time for Trace ID a56c52bf2039714da740d9c3ff4f09b9: 338 ms
Input: 5250000,
Cold Start: false
Unique ID: 15cfe55caa9db1c3bae5b142e7123de7,
Execution Time for Trace ID 15cfe55caa9db1c3bae5b142e7123de7: 381 ms
Input: 5250000,
Cold Start: false
Unique ID: 377d6dbe017a40c4c369ccf147d87669,
Execution Time for Trace ID 377d6dbe017a40c4c369ccf147d87669: 370 ms
Input: 5250000,
Cold Start: false
Unique ID: 8f5cbb797ecfa59a3e4d1b1fc77c88f6,
Execution Time for Trace ID 8f5cbb797ecfa59a3e4d1b1fc77c88f6: 369 ms
Input: 5250000,
Cold Start: false
Unique ID: 5e5865f4a0400fde443b9c60946c717f,
Execution Time for Trace ID 5e5865f4a0400fde443b9c60946c717f: 343 ms
Input: 5250000,
Cold Start: false
Unique ID: 9712dd435b53b08e94e6157468378d29,
Execution Time for Trace ID 9712dd435b53b08e94e6157468378d29: 372 ms
Input: 5250000,
Cold Start: false
Unique ID: 68846afcb0df286ba6a88d3efa5a34af,
Execution Time for Trace ID 68846afcb0df286ba6a88d3efa5a34af: 342 ms
Input: 5250000,
Cold Start: false
Unique ID: 8668515b5e373cc6fa838878789cb3ef,
Execution Time for Trace ID 8668515b5e373cc6fa838878789cb3ef: 412 ms
Input: 5250000,
Cold Start: false
Unique ID: 399054ef8b49cd8092fbf57163980d40,
Execution Time for Trace ID 399054ef8b49cd8092fbf57163980d40: 340 ms
Input: 5250000,
Cold Start: false
Unique ID: bbe8706bebcc1cf42ed0391a6466670e,
Execution Time for Trace ID bbe8706bebcc1cf42ed0391a6466670e: 374 ms
Input: 5250000,
Cold Start: false
Unique ID: aafd74979c3dfabe316595821ed057b5,
Execution Time for Trace ID aafd74979c3dfabe316595821ed057b5: 363 ms
Input: 5250000,
Cold Start: false
Unique ID: ed561978d28284a8ab8adf4b80dd566a,
Execution Time for Trace ID ed561978d28284a8ab8adf4b80dd566a: 381 ms
Input: 5250000,
Cold Start: false
Unique ID: 57059305619393cd901d890284f32e31,
Execution Time for Trace ID 57059305619393cd901d890284f32e31: 341 ms
Input: 5250000,
Cold Start: false
Unique ID: 8b20583b473eead226f3fcb2e57cfe35,
Execution Time for Trace ID 8b20583b473eead226f3fcb2e57cfe35: 390 ms
Input: 5250000,
Cold Start: false
Unique ID: bbcbd0800630dd2947204bec9ccd62d8,
Execution Time for Trace ID bbcbd0800630dd2947204bec9ccd62d8: 390 ms
Input: 5250000,
Cold Start: false
Unique ID: b390787e45faf50d0f7ea61b5b12da00,
Execution Time for Trace ID b390787e45faf50d0f7ea61b5b12da00: 372 ms
Input: 5250000,
Cold Start: false
Unique ID: c730742d29b346e3b80b62f2470f753e,
Execution Time for Trace ID c730742d29b346e3b80b62f2470f753e: 345 ms
Input: 5250000,
Cold Start: false
Unique ID: 8f657b1129fb1f4f019f4b5132cf7e51,
Execution Time for Trace ID 8f657b1129fb1f4f019f4b5132cf7e51: 298 ms
Input: 5250000,
Cold Start: false
Unique ID: a60e6ef6823f8d78d9aab23072139938,
Execution Time for Trace ID a60e6ef6823f8d78d9aab23072139938: 342 ms
Input: 5250000,
Cold Start: false
Unique ID: f3ae287b93eaf9c2ab2658abc7ddff6c,
Execution Time for Trace ID f3ae287b93eaf9c2ab2658abc7ddff6c: 501 ms
Input: 5250000,
Cold Start: false
Unique ID: d9e17f07a5db260327407ac0f5430b71,
Execution Time for Trace ID d9e17f07a5db260327407ac0f5430b71: 175 ms
Input: 5250000,
Cold Start: false
Unique ID: 28859c33461a292a604f65925d765aee,
Execution Time for Trace ID 28859c33461a292a604f65925d765aee: 334 ms
Input: 5250000,
Cold Start: false
Unique ID: 05f834ed3895cb565371925f77281813,
Execution Time for Trace ID 05f834ed3895cb565371925f77281813: 385 ms
Input: 5250000,
Cold Start: false
Unique ID: 7c19a653e2e64c9ebb2fabc68c2fecd5,
Execution Time for Trace ID 7c19a653e2e64c9ebb2fabc68c2fecd5: 410 ms
Input: 5250000,
Cold Start: false
Unique ID: eefd81f1935232f8a80179a660b5e08f,
Execution Time for Trace ID eefd81f1935232f8a80179a660b5e08f: 374 ms
Input: 5250000,
Cold Start: false
Unique ID: a5dd3be2f629a702c8eba45b319b5011,
Execution Time for Trace ID a5dd3be2f629a702c8eba45b319b5011: 419 ms
Input: 5250000,
Cold Start: false
Unique ID: 82b38ef104e1873948b03f63e3591ebf,
Execution Time for Trace ID 82b38ef104e1873948b03f63e3591ebf: 430 ms
Input: 5250000,
Cold Start: false
Unique ID: aa8909efd13f761c4290a5dfab94b177,
Execution Time for Trace ID aa8909efd13f761c4290a5dfab94b177: 415 ms
Input: 5250000,
Cold Start: false
Unique ID: a1271b6aa771078a1094c6ecd7b620b5,
Execution Time for Trace ID a1271b6aa771078a1094c6ecd7b620b5: 354 ms
Input: 5250000,
Cold Start: false
Unique ID: 28432f70188700cd662a99b4fe955cad,
Execution Time for Trace ID 28432f70188700cd662a99b4fe955cad: 388 ms
Input: 5250000,
Cold Start: false
Unique ID: 8335a65a7e8fc1114103bef1306bd3c8,
Execution Time for Trace ID 8335a65a7e8fc1114103bef1306bd3c8: 415 ms
Input: 5250000,
Cold Start: false
Unique ID: 928336543ab3f7feb502f81694f86180,
Execution Time for Trace ID 928336543ab3f7feb502f81694f86180: 408 ms
Input: 5250000,
Cold Start: false
Unique ID: 0f0941cad29030e1b37343e56ec47b75,
Execution Time for Trace ID 0f0941cad29030e1b37343e56ec47b75: 355 ms
Input: 5250000,
Cold Start: false
Unique ID: 8fc9bca2ecba03511795fd60bbf4cbb1,
Execution Time for Trace ID 8fc9bca2ecba03511795fd60bbf4cbb1: 339 ms
Input: 5250000,
Cold Start: false
Unique ID: 9ec67cedfc60b8091151f382b30e5d1f,
Execution Time for Trace ID 9ec67cedfc60b8091151f382b30e5d1f: 400 ms
Input: 5250000,
Cold Start: false
Unique ID: 662591cbdb64ae06539df30735122601,
Execution Time for Trace ID 662591cbdb64ae06539df30735122601: 408 ms
Input: 5250000,
Cold Start: false
Unique ID: 596c52b821875b9184936985e2555ad3,
Execution Time for Trace ID 596c52b821875b9184936985e2555ad3: 336 ms
Input: 5250000,
Cold Start: false
Unique ID: de0874b26cae3d9dc52b295f6d2d02b2,
Execution Time for Trace ID de0874b26cae3d9dc52b295f6d2d02b2: 388 ms
Input: 5250000,
Cold Start: false
Unique ID: 9869d444f7bd8dea264ffe6310c03e7c,
Execution Time for Trace ID 9869d444f7bd8dea264ffe6310c03e7c: 356 ms
Input: 5250000,
Cold Start: false
Unique ID: e8932c9c4c184bb152fdeae57129db5e,
Execution Time for Trace ID e8932c9c4c184bb152fdeae57129db5e: 359 ms
Input: 5250000,
Cold Start: false
Unique ID: b631e9cab8bae1ca828dda31de39b361,
Execution Time for Trace ID b631e9cab8bae1ca828dda31de39b361: 340 ms
Input: 5250000,
Cold Start: false
Unique ID: c4df8529561637097146dd31f7c15d94,
Execution Time for Trace ID c4df8529561637097146dd31f7c15d94: 385 ms
Input: 5250000,
Cold Start: false
Unique ID: 24019a6d582e1fe18792b2b397e3851e,
Execution Time for Trace ID 24019a6d582e1fe18792b2b397e3851e: 359 ms
Input: 5250000,
Cold Start: false
Unique ID: 76391b348bfd9f65f5aa82b37b690f34,
Execution Time for Trace ID 76391b348bfd9f65f5aa82b37b690f34: 377 ms
Input: 5250000,
Cold Start: false
Unique ID: 3c462e18431f8dc8dc9e861af962f95d,
Execution Time for Trace ID 3c462e18431f8dc8dc9e861af962f95d: 285 ms
Input: 5250000,
Cold Start: false
Unique ID: 05415a44dc0090764066d28c849c15c7,
Execution Time for Trace ID 05415a44dc0090764066d28c849c15c7: 350 ms
Input: 5250000,
Cold Start: false
Unique ID: 50624638ffd85a07dc7d88b05c975b47,
Execution Time for Trace ID 50624638ffd85a07dc7d88b05c975b47: 393 ms
Input: 5250000,
Cold Start: false
Unique ID: 411cd1f55459328543eb35caa570a25a,
Execution Time for Trace ID 411cd1f55459328543eb35caa570a25a: 512 ms
Input: 5250000,
Cold Start: false
Unique ID: eb113af45c0da63f8f2dac8c02f54e2c,
Execution Time for Trace ID eb113af45c0da63f8f2dac8c02f54e2c: 285 ms
Input: 5250000,
Cold Start: false
Unique ID: f450c6909cbda9217e4b6068779558a0,
Execution Time for Trace ID f450c6909cbda9217e4b6068779558a0: 219 ms
Input: 5250000,
Cold Start: false
Unique ID: da6dc7c9eb8148958617673870323f57,
Execution Time for Trace ID da6dc7c9eb8148958617673870323f57: 410 ms
Input: 5250000,
Cold Start: false
Unique ID: 1242e07d179d3f1f941ee2cf98d326e0,
Execution Time for Trace ID 1242e07d179d3f1f941ee2cf98d326e0: 464 ms
Input: 5250000,
Cold Start: false
Unique ID: 238656c0df7afa1177fe609cab914786,
Execution Time for Trace ID 238656c0df7afa1177fe609cab914786: 366 ms
Input: 5250000,
Cold Start: false
Unique ID: 6f115eb379c8c721d03a2bc8e7610ca4,
Execution Time for Trace ID 6f115eb379c8c721d03a2bc8e7610ca4: 335 ms
Input: 5250000,
Cold Start: false
Unique ID: 7c0529a27b5db6b915c440494acadab2,
Execution Time for Trace ID 7c0529a27b5db6b915c440494acadab2: 349 ms
Input: 5250000,
Cold Start: false
Unique ID: 4090ad8c9de953bf20649ed06de519eb,
Execution Time for Trace ID 4090ad8c9de953bf20649ed06de519eb: 405 ms
Input: 5250000,
Cold Start: false
Unique ID: 62181bba9dda820c774b803cb8930937,
Execution Time for Trace ID 62181bba9dda820c774b803cb8930937: 361 ms
Input: 5250000,
Cold Start: false
Unique ID: 631871939c8f249f9888ce04171ec3f3,
Execution Time for Trace ID 631871939c8f249f9888ce04171ec3f3: 396 ms
Input: 5250000,
Cold Start: false
Unique ID: 98d994819cf0010d2436872537f9d131,
Execution Time for Trace ID 98d994819cf0010d2436872537f9d131: 370 ms
Input: 5250000,
Cold Start: false
Unique ID: c8367bceb54e6f2ef7b67ac108e0aaa1,
Execution Time for Trace ID c8367bceb54e6f2ef7b67ac108e0aaa1: 341 ms
Input: 5250000,
Cold Start: false
Unique ID: 23906e03c8eb9f0375c4923d65b10895,
Execution Time for Trace ID 23906e03c8eb9f0375c4923d65b10895: 173 ms
Input: 5250000,
Cold Start: false
Unique ID: cb1cf6c99ecb2afcb30d16b8603a53c9,
Execution Time for Trace ID cb1cf6c99ecb2afcb30d16b8603a53c9: 371 ms
Input: 5250000,
Cold Start: false
Unique ID: f1752a19bd6e5f67c8d22490e706067f,
Execution Time for Trace ID f1752a19bd6e5f67c8d22490e706067f: 368 ms
Input: 5250000,
Cold Start: false
Unique ID: 8a5f4e84b8a2bdb74c4ac972c80f4729,
Execution Time for Trace ID 8a5f4e84b8a2bdb74c4ac972c80f4729: 350 ms
Input: 5250000,
Cold Start: false
Unique ID: 65343c7ac8d403b6786296d6a20881d4,
Execution Time for Trace ID 65343c7ac8d403b6786296d6a20881d4: 365 ms
Input: 5250000,
Cold Start: false
Unique ID: e40500af97e3a764b7ead58b74f90a37,
Execution Time for Trace ID e40500af97e3a764b7ead58b74f90a37: 390 ms
Input: 5250000,
Cold Start: false
Unique ID: bfce007ac2c297e7282ddfd3e63e6085,
Execution Time for Trace ID bfce007ac2c297e7282ddfd3e63e6085: 364 ms
Input: 5250000,
Cold Start: false
Unique ID: 04ea9f7d728df92f1d41fcb9ff3fec11,
Execution Time for Trace ID 04ea9f7d728df92f1d41fcb9ff3fec11: 345 ms
Input: 5250000,
Cold Start: false
Unique ID: a290db9f827f123df97d1c47d966063d,
Execution Time for Trace ID a290db9f827f123df97d1c47d966063d: 356 ms
Input: 5250000,
Cold Start: false
Unique ID: 45f6614032b62830cdefa9ad7df496a0,
Execution Time for Trace ID 45f6614032b62830cdefa9ad7df496a0: 339 ms
Input: 5250000,
Cold Start: false
Unique ID: 4f8549023533e39d3c387cdb0f5501d3,
Execution Time for Trace ID 4f8549023533e39d3c387cdb0f5501d3: 372 ms
Input: 5250000,
Cold Start: false
Unique ID: 6c501426228b7f8e07149791e13d1499,
Execution Time for Trace ID 6c501426228b7f8e07149791e13d1499: 357 ms
Input: 5250000,
Cold Start: false
Unique ID: d92fac4226ccc752f53ad75381a20842,
Execution Time for Trace ID d92fac4226ccc752f53ad75381a20842: 366 ms
Input: 5250000,
Cold Start: false
Unique ID: 1bed310b3bde1c95a48590aec4d37597,
Execution Time for Trace ID 1bed310b3bde1c95a48590aec4d37597: 333 ms
Input: 5250000,
Cold Start: false
Unique ID: 2b9b7a77c95a371575d660a9e313994c,
Execution Time for Trace ID 2b9b7a77c95a371575d660a9e313994c: 367 ms
Input: 5250000,
Cold Start: false
Unique ID: bca9aedea22ad5302af51b8c2631ad73,
Execution Time for Trace ID bca9aedea22ad5302af51b8c2631ad73: 344 ms
Input: 5250000,
Cold Start: false
Unique ID: e93d60ef71b7edf3d9001fc97217ea4b,
Execution Time for Trace ID e93d60ef71b7edf3d9001fc97217ea4b: 358 ms
Input: 5250000,
Cold Start: false
Unique ID: 2a129c674fc6d41d4af431579f902d5b,
Execution Time for Trace ID 2a129c674fc6d41d4af431579f902d5b: 335 ms
Input: 5250000,
Cold Start: false
Unique ID: 7562c260bd4df2e87ae307d0a96ff9ce,
Execution Time for Trace ID 7562c260bd4df2e87ae307d0a96ff9ce: 373 ms
Input: 5250000,
Cold Start: false
Unique ID: 0fdf91502c8d3576b13a60afba93c60a,
Execution Time for Trace ID 0fdf91502c8d3576b13a60afba93c60a: 344 ms
Input: 5250000,
Cold Start: false
Unique ID: 5fa49a77ca338bbd0c27ef3ffd1563cb,
Execution Time for Trace ID 5fa49a77ca338bbd0c27ef3ffd1563cb: 288 ms
Input: 5250000,
Cold Start: false
Unique ID: db52d38be0629b578075b24fd0ecf997,
Execution Time for Trace ID db52d38be0629b578075b24fd0ecf997: 345 ms
Input: 5250000,
Cold Start: false
Unique ID: 75f97cb612202ac542acdfd4f9b06f58,
Execution Time for Trace ID 75f97cb612202ac542acdfd4f9b06f58: 309 ms
Input: 5250000,
Cold Start: false
Unique ID: 7e2a43ed4460c7dc9df21c930df4ae6c,
Execution Time for Trace ID 7e2a43ed4460c7dc9df21c930df4ae6c: 347 ms
Input: 5250000,
Cold Start: false
Unique ID: f02ef6321932145ea517f45e81092745,
Execution Time for Trace ID f02ef6321932145ea517f45e81092745: 362 ms
Input: 5250000,
Cold Start: false
Unique ID: 8eb3f9457f6d9ed37a7bb058706d6395,
Execution Time for Trace ID 8eb3f9457f6d9ed37a7bb058706d6395: 396 ms
Input: 5250000,
Cold Start: false
Unique ID: 41318d1e71328175e5b8f9f00083fae6,
Execution Time for Trace ID 41318d1e71328175e5b8f9f00083fae6: 342 ms
Input: 5250000,
Cold Start: false
Unique ID: 8b1c7aa04098617752a23f49708f6857,
Execution Time for Trace ID 8b1c7aa04098617752a23f49708f6857: 397 ms
Input: 5250000,
Cold Start: false
Unique ID: d2379f24afa3b326486bb08a47ad362b,
Execution Time for Trace ID d2379f24afa3b326486bb08a47ad362b: 356 ms
Input: 5250000,
Cold Start: false
Unique ID: f914fc5602743d5f22ee6b72ce75dd03,
Execution Time for Trace ID f914fc5602743d5f22ee6b72ce75dd03: 397 ms
Input: 5250000,
Cold Start: false
Unique ID: aff563f4daa800f781929cdbc451d329,
Execution Time for Trace ID aff563f4daa800f781929cdbc451d329: 368 ms
Input: 5250000,
Cold Start: false
Unique ID: 633ffb84dde99301672f85077bbd24b0,
Execution Time for Trace ID 633ffb84dde99301672f85077bbd24b0: 343 ms
Input: 5250000,
Cold Start: false
Unique ID: 22c69502516dacdbc0c6b2bcf0d98bf4,
Execution Time for Trace ID 22c69502516dacdbc0c6b2bcf0d98bf4: 351 ms
Input: 5250000,
Cold Start: false
Unique ID: acfe104d098b0c5fa1fdfdae4cb12327,
Execution Time for Trace ID acfe104d098b0c5fa1fdfdae4cb12327: 408 ms
Input: 5250000,
Cold Start: false
Unique ID: bc3f9416f0679f85d96c0a2287b9c7fb,
Execution Time for Trace ID bc3f9416f0679f85d96c0a2287b9c7fb: 382 ms
Input: 5250000,
Cold Start: false
Unique ID: 5359523845b853fe23b9b6d5aa6a0d6d,
Execution Time for Trace ID 5359523845b853fe23b9b6d5aa6a0d6d: 338 ms
Input: 5250000,
Cold Start: false
Unique ID: 432f52b00faf667729d921f3da3c3937,
Execution Time for Trace ID 432f52b00faf667729d921f3da3c3937: 279 ms
Input: 5250000,
Cold Start: false
Unique ID: 0797fd3e31343117a5167bbeec629cbc,
Execution Time for Trace ID 0797fd3e31343117a5167bbeec629cbc: 408 ms
Input: 5250000,
Cold Start: false
Unique ID: 560c172e39db798c2d38d24caa6c342a,
Execution Time for Trace ID 560c172e39db798c2d38d24caa6c342a: 402 ms
Input: 5250000,
Cold Start: false
Unique ID: 6bfdf736ea02c16ace625a1a5ba60839,
Execution Time for Trace ID 6bfdf736ea02c16ace625a1a5ba60839: 342 ms
Input: 5250000,
Cold Start: false
Unique ID: f76c97f5c7cd50e0c9207694dd946171,
Execution Time for Trace ID f76c97f5c7cd50e0c9207694dd946171: 175 ms
Input: 5250000,
Cold Start: false
Unique ID: 5bfbf7cfa9e8dddd36e0283a612bc66b,
Execution Time for Trace ID 5bfbf7cfa9e8dddd36e0283a612bc66b: 407 ms
Input: 5250000,
Cold Start: false
Unique ID: 0e63a420a76af98a3d53272bcddb443e,
Execution Time for Trace ID 0e63a420a76af98a3d53272bcddb443e: 345 ms
Input: 5250000,
Cold Start: false
Unique ID: b53472770e0acf8cae3ce5a7a380eb82,
Execution Time for Trace ID b53472770e0acf8cae3ce5a7a380eb82: 410 ms
Input: 5250000,
Cold Start: false
Unique ID: 30b60a9dc7daf4ff6cdb684f18c3076c,
Execution Time for Trace ID 30b60a9dc7daf4ff6cdb684f18c3076c: 349 ms
Input: 5250000,
Cold Start: false
Unique ID: 8ca7e7fe6ef2c41f9c2175f5182159df,
Execution Time for Trace ID 8ca7e7fe6ef2c41f9c2175f5182159df: 409 ms
Input: 5250000,
Cold Start: false
Unique ID: 8234667782a41fc1ce2c26af30e696f8,
Execution Time for Trace ID 8234667782a41fc1ce2c26af30e696f8: 366 ms
Input: 5250000,
Cold Start: false
Unique ID: 0c267519c474b8f6ca5a805bf4103755,
Execution Time for Trace ID 0c267519c474b8f6ca5a805bf4103755: 343 ms
Input: 5250000,
Cold Start: false
Unique ID: 87f431c950be8750519bf3c3ae77cd13,
Execution Time for Trace ID 87f431c950be8750519bf3c3ae77cd13: 336 ms
Input: 5250000,
Cold Start: false
Unique ID: 0567984b81ba228c5148ef17ece143f4,
Execution Time for Trace ID 0567984b81ba228c5148ef17ece143f4: 349 ms
Input: 5250000,
Cold Start: false
Unique ID: 040ed89029030131df3ac282b511ebf3,
Execution Time for Trace ID 040ed89029030131df3ac282b511ebf3: 345 ms
Input: 5250000,
Cold Start: false
Unique ID: 8ff33a1fe5084aa57c767e727c3fa538,
Execution Time for Trace ID 8ff33a1fe5084aa57c767e727c3fa538: 351 ms
Input: 5250000,
Cold Start: false
Unique ID: a362382e94092b37c086cb8c8fac98e4,
Execution Time for Trace ID a362382e94092b37c086cb8c8fac98e4: 342 ms
Input: 5250000,
Cold Start: false
Unique ID: 7bdb75b4c13c593c02f1d64f3684e7b5,
Execution Time for Trace ID 7bdb75b4c13c593c02f1d64f3684e7b5: 342 ms
Input: 5250000,
Cold Start: false
Unique ID: d983726ed202b9d3f1f02686dd6a2292,
Execution Time for Trace ID d983726ed202b9d3f1f02686dd6a2292: 351 ms
Input: 5250000,
Cold Start: false
Unique ID: 0cca733e7a7d4cf76f5bd24e001d8fa4,
Execution Time for Trace ID 0cca733e7a7d4cf76f5bd24e001d8fa4: 347 ms
Input: 5250000,
Cold Start: false
Unique ID: fcf8c4c9c822fe07ad4af5f840420587,
Execution Time for Trace ID fcf8c4c9c822fe07ad4af5f840420587: 382 ms
Input: 5250000,
Cold Start: false
Unique ID: fb13679a8afc20c301d162aa1357df3e,
Execution Time for Trace ID fb13679a8afc20c301d162aa1357df3e: 430 ms
Input: 5250000,
Cold Start: false
Unique ID: 73068ec1367e208a7bf8a3329d8c45fc,
Execution Time for Trace ID 73068ec1367e208a7bf8a3329d8c45fc: 414 ms
Input: 5250000,
Cold Start: false
Unique ID: e85675a6d77280a44557b3057b6d29b2,
Execution Time for Trace ID e85675a6d77280a44557b3057b6d29b2: 350 ms
Input: 5250000,
Cold Start: false
Unique ID: 9215a3e5751ef51867dc579dfc1b7f6f,
Execution Time for Trace ID 9215a3e5751ef51867dc579dfc1b7f6f: 355 ms
Input: 5250000,
Cold Start: false
Unique ID: a2596b5f66ea3bbaaf9be90f40db2337,
Execution Time for Trace ID a2596b5f66ea3bbaaf9be90f40db2337: 353 ms
Input: 5250000,
Cold Start: false
Unique ID: 9abe2351850c38314239645bf0cc1368,
Execution Time for Trace ID 9abe2351850c38314239645bf0cc1368: 359 ms
Input: 5250000,
Cold Start: false
Unique ID: 03175d01dc3df0cb5731b918a52cb565,
Execution Time for Trace ID 03175d01dc3df0cb5731b918a52cb565: 173 ms
Input: 5250000,
Cold Start: false
Unique ID: 9136e29b12ddc3ca18116abc227e2288,
Execution Time for Trace ID 9136e29b12ddc3ca18116abc227e2288: 368 ms
Input: 5250000,
Cold Start: false
Unique ID: 3d24a0d371ff93e0ea4941f381bf2109,
Execution Time for Trace ID 3d24a0d371ff93e0ea4941f381bf2109: 416 ms
Input: 5250000,
Cold Start: false
Unique ID: a27caedfc46a69d4ffde62ece9e91640,
Execution Time for Trace ID a27caedfc46a69d4ffde62ece9e91640: 419 ms
Input: 5250000,
Cold Start: false
Unique ID: b2118e4dc5b310ec3100bace9ec2cd0c,
Execution Time for Trace ID b2118e4dc5b310ec3100bace9ec2cd0c: 512 ms
Input: 5250000,
Cold Start: false
Unique ID: 33e8fd1c53feca411ad4add28bb55abf,
Execution Time for Trace ID 33e8fd1c53feca411ad4add28bb55abf: 340 ms
Input: 5250000,
Cold Start: false
Unique ID: e8d78bea672905c2e9091ddc37cade6b,
Execution Time for Trace ID e8d78bea672905c2e9091ddc37cade6b: 346 ms
Input: 5250000,
Cold Start: false
Unique ID: da53d93a0d2248fea626c717f6b29763,
Execution Time for Trace ID da53d93a0d2248fea626c717f6b29763: 398 ms
Input: 5250000,
Cold Start: false
Unique ID: ac423b7fba56be238620e12bd4c73cf2,
Execution Time for Trace ID ac423b7fba56be238620e12bd4c73cf2: 345 ms
Input: 5250000,
Cold Start: false
Unique ID: 11fd9976cc0b0c07d5b2aace8fee59a9,
Execution Time for Trace ID 11fd9976cc0b0c07d5b2aace8fee59a9: 363 ms
Input: 5250000,
Cold Start: false
Unique ID: 310bd1d33fff403fba3c062a55507d2b,
Execution Time for Trace ID 310bd1d33fff403fba3c062a55507d2b: 343 ms
Input: 5250000,
Cold Start: false
Unique ID: 8601fe209860d1c4c0ae6af7f73b8c44,
Execution Time for Trace ID 8601fe209860d1c4c0ae6af7f73b8c44: 383 ms
Input: 5250000,
Cold Start: false
Unique ID: e5127d1c13171f38d1638d0e6558b84c,
Execution Time for Trace ID e5127d1c13171f38d1638d0e6558b84c: 346 ms
Input: 5250000,
Cold Start: false
Unique ID: 67dad00e17cefc8ebb963b5f358a77c2,
Execution Time for Trace ID 67dad00e17cefc8ebb963b5f358a77c2: 368 ms
Input: 5250000,
Cold Start: false
Unique ID: 9af632f9284fee579fb85c3c7c0626cd,
Execution Time for Trace ID 9af632f9284fee579fb85c3c7c0626cd: 387 ms
Input: 5250000,
Cold Start: false
Unique ID: 0e4d52d261051619d03b00e68a451347,
Execution Time for Trace ID 0e4d52d261051619d03b00e68a451347: 357 ms
Input: 5250000,
Cold Start: false
Unique ID: 69066913f23f58bdab90e6efe2918ecc,
Execution Time for Trace ID 69066913f23f58bdab90e6efe2918ecc: 426 ms
Input: 5250000,
Cold Start: false
Unique ID: c3b4c358dfe52310c9afb9a7c730fad4,
Execution Time for Trace ID c3b4c358dfe52310c9afb9a7c730fad4: 344 ms
Input: 5250000,
Cold Start: false
Unique ID: e2d4472f2abb50e14cc64db595d263c8,
Execution Time for Trace ID e2d4472f2abb50e14cc64db595d263c8: 407 ms
Input: 5250000,
Cold Start: false
Unique ID: 25558dba65d89b8e1a2225f3d0a4e7aa,
Execution Time for Trace ID 25558dba65d89b8e1a2225f3d0a4e7aa: 377 ms
Input: 5250000,
Cold Start: false
Unique ID: 0e81a6deb99bcf6fd099836e462a86d7,
Execution Time for Trace ID 0e81a6deb99bcf6fd099836e462a86d7: 347 ms
Input: 5250000,
Cold Start: false
Unique ID: 52bd89cee16ec5da274296098f6a7c08,
Execution Time for Trace ID 52bd89cee16ec5da274296098f6a7c08: 380 ms
Input: 5250000,
Cold Start: false
Unique ID: a3b1bf720b1a081bcdaf4d7559e0befb,
Execution Time for Trace ID a3b1bf720b1a081bcdaf4d7559e0befb: 405 ms
Input: 5250000,
Cold Start: false
Unique ID: 0bec9f67a4f5527386dcc382e93e50e3,
Execution Time for Trace ID 0bec9f67a4f5527386dcc382e93e50e3: 387 ms
Input: 5250000,
Cold Start: false
Unique ID: 070eea30bc039e244655245ba86e7f93,
Execution Time for Trace ID 070eea30bc039e244655245ba86e7f93: 345 ms
Input: 5250000,
Cold Start: false
Unique ID: 10034935b936202b2be15f43cb8cddd7,
Execution Time for Trace ID 10034935b936202b2be15f43cb8cddd7: 344 ms
Input: 5250000,
Cold Start: false
Unique ID: 9dd9c1235823667b5eb86b9e2d9b2cf6,
Execution Time for Trace ID 9dd9c1235823667b5eb86b9e2d9b2cf6: 404 ms
Input: 5250000,
Cold Start: false
Unique ID: 7d21c61fb91df0049a0a2b31a7b2da09,
Execution Time for Trace ID 7d21c61fb91df0049a0a2b31a7b2da09: 390 ms
Input: 5250000,
Cold Start: false
Unique ID: ed6812cc53d46908ff74014ec0d6c85a,
Execution Time for Trace ID ed6812cc53d46908ff74014ec0d6c85a: 350 ms
Input: 5250000,
Cold Start: false
Unique ID: a0b2a6e3b3a0a7ded4ac937e3734c7d9,
Execution Time for Trace ID a0b2a6e3b3a0a7ded4ac937e3734c7d9: 364 ms
Input: 5250000,
Cold Start: false
Unique ID: e343099a29007aca188ca3dcd0dee696,
Execution Time for Trace ID e343099a29007aca188ca3dcd0dee696: 347 ms
Input: 5250000,
Cold Start: false
Unique ID: 4c3cc6a1a84977da1e4619a392324a95,
Execution Time for Trace ID 4c3cc6a1a84977da1e4619a392324a95: 405 ms
Input: 5250000,
Cold Start: false
Unique ID: a7374b35607b3bfd9bf08d7bbe096631,
Execution Time for Trace ID a7374b35607b3bfd9bf08d7bbe096631: 406 ms
Input: 5250000,
Cold Start: false
Unique ID: b6c99d57112bfc42ad4b56852a3fd0cb,
Execution Time for Trace ID b6c99d57112bfc42ad4b56852a3fd0cb: 355 ms
Input: 5250000,
Cold Start: false
Unique ID: 659d834b8e7aa8f9d464e60c7b5f718c,
Execution Time for Trace ID 659d834b8e7aa8f9d464e60c7b5f718c: 421 ms
Input: 5250000,
Cold Start: false
Unique ID: d3412cb9dc4868da0677dab217c61407,
Execution Time for Trace ID d3412cb9dc4868da0677dab217c61407: 341 ms
Input: 5250000,
Cold Start: false
Unique ID: 05ffe72d91e0d0a390ad601b3a1e5ca6,
Execution Time for Trace ID 05ffe72d91e0d0a390ad601b3a1e5ca6: 400 ms
Input: 5250000,
Cold Start: false
Unique ID: eb0ab5e48ff69e2026d23b01f84e7a44,
Execution Time for Trace ID eb0ab5e48ff69e2026d23b01f84e7a44: 363 ms
Input: 5250000,
Cold Start: false
Unique ID: 8ebe29c6933a91b14dad7532b510ca74,
Execution Time for Trace ID 8ebe29c6933a91b14dad7532b510ca74: 380 ms
Input: 5250000,
Cold Start: false
Unique ID: 1009916d9bc16ea57260ed2abfe8b7ee,
Execution Time for Trace ID 1009916d9bc16ea57260ed2abfe8b7ee: 385 ms
Input: 5250000,
Cold Start: false
Unique ID: ea6e3f3f635897799db79b6d55c6717c,
Execution Time for Trace ID ea6e3f3f635897799db79b6d55c6717c: 382 ms
Input: 5250000,
Cold Start: false
Unique ID: 5058d47332200cab2e84d5df83451c65,
Execution Time for Trace ID 5058d47332200cab2e84d5df83451c65: 348 ms
Input: 5250000,
Cold Start: false
Unique ID: 72083b2a70e4f654d06808537557f70b,
Execution Time for Trace ID 72083b2a70e4f654d06808537557f70b: 413 ms
Input: 5250000,
Cold Start: false
Unique ID: 39a64df3a612e2e039f7cff63b617dcd,
Execution Time for Trace ID 39a64df3a612e2e039f7cff63b617dcd: 386 ms
Input: 5250000,
Cold Start: false
Unique ID: 9545454e041682e7274368f5b5659367,
Execution Time for Trace ID 9545454e041682e7274368f5b5659367: 366 ms
Input: 5250000,
Cold Start: false
Unique ID: 410e5822d45f92d22d8fcea9fe0f2b00,
Execution Time for Trace ID 410e5822d45f92d22d8fcea9fe0f2b00: 384 ms
Input: 5250000,
Cold Start: false
Unique ID: 748a8652d9feb98e95941a945196ba5a,
Execution Time for Trace ID 748a8652d9feb98e95941a945196ba5a: 411 ms
Input: 5250000,
Cold Start: false
Unique ID: 9cf0dc86a39f5038ff63800f0b8d58bf,
Execution Time for Trace ID 9cf0dc86a39f5038ff63800f0b8d58bf: 405 ms
Input: 5250000,
Cold Start: false
Unique ID: 39b182831fb43c15ff61b7eb6be0b054,
Execution Time for Trace ID 39b182831fb43c15ff61b7eb6be0b054: 389 ms
Input: 5250000,
Cold Start: false
Unique ID: 893f3af2016d92c5bed9e74fe22d1972,
Execution Time for Trace ID 893f3af2016d92c5bed9e74fe22d1972: 382 ms
Input: 5250000,
Cold Start: false
Unique ID: 7f1186cfc4816d2d649c5671c25fcfbf,
Execution Time for Trace ID 7f1186cfc4816d2d649c5671c25fcfbf: 349 ms
Input: 5250000,
Cold Start: false
Unique ID: 0831f0f382d2709ad3c45f7b3d057ad6,
Execution Time for Trace ID 0831f0f382d2709ad3c45f7b3d057ad6: 395 ms
Input: 5250000,
Cold Start: false
Unique ID: aee320a5678ec53f7ebd6d38e839eaa4,
Execution Time for Trace ID aee320a5678ec53f7ebd6d38e839eaa4: 361 ms
Input: 5250000,
Cold Start: false
Unique ID: 9848cd0068a8996a0318fd4660149a2a,
Execution Time for Trace ID 9848cd0068a8996a0318fd4660149a2a: 369 ms
Input: 5250000,
Cold Start: false
Unique ID: 7e2913c93a753c3be530ff4adbcc2454,
Execution Time for Trace ID 7e2913c93a753c3be530ff4adbcc2454: 351 ms
Input: 5250000,
Cold Start: false
Unique ID: 4645d3f271faf84a0a82e428f1828d62,
Execution Time for Trace ID 4645d3f271faf84a0a82e428f1828d62: 383 ms
Input: 5250000,
Cold Start: false
Unique ID: d1f5378fe74b7d8ad6ff65a0f1a31e28,
Execution Time for Trace ID d1f5378fe74b7d8ad6ff65a0f1a31e28: 367 ms
Input: 5250000,
Cold Start: false
Unique ID: 5313e2289b435b27678c60be5105134d,
Execution Time for Trace ID 5313e2289b435b27678c60be5105134d: 375 ms
Input: 5250000,
Cold Start: false
Unique ID: 103ebda6cf4b456eb8648f231829ca34,
Execution Time for Trace ID 103ebda6cf4b456eb8648f231829ca34: 350 ms
Input: 5250000,
Cold Start: false
Unique ID: a443f17ceb032b560d9b2c2453c35451,
Execution Time for Trace ID a443f17ceb032b560d9b2c2453c35451: 377 ms
Input: 5250000,
Cold Start: false
Unique ID: 0938bc7b504feea92bedf50c40fa23ab,
Execution Time for Trace ID 0938bc7b504feea92bedf50c40fa23ab: 366 ms
Input: 5250000,
Cold Start: false
Unique ID: 8ed65ea72342af715a9d2dfda4f377bf,
Execution Time for Trace ID 8ed65ea72342af715a9d2dfda4f377bf: 342 ms
Input: 5250000,
Cold Start: false
Unique ID: 4692f0e82a5aaa142ab2bd067a75da95,
Execution Time for Trace ID 4692f0e82a5aaa142ab2bd067a75da95: 355 ms
Input: 5250000,
Cold Start: false
Unique ID: 04f9bf872f0e068bf2883e6041d8c8f2,
Execution Time for Trace ID 04f9bf872f0e068bf2883e6041d8c8f2: 389 ms
Input: 5250000,
Cold Start: false
Unique ID: 18c4c46517d4a38ac8f364413b5de8f9,
Execution Time for Trace ID 18c4c46517d4a38ac8f364413b5de8f9: 341 ms
Input: 5250000,
Cold Start: false
Unique ID: f34d870d824bc4fb6e6a96f009e2a981,
Execution Time for Trace ID f34d870d824bc4fb6e6a96f009e2a981: 365 ms
Input: 5250000,
Cold Start: false
Unique ID: 473be0aa1b6af9fd102eab7011f20275,
Execution Time for Trace ID 473be0aa1b6af9fd102eab7011f20275: 378 ms
Input: 5250000,
Cold Start: false
Unique ID: 9f61b6ae98031db0d487385bb45b1085,
Execution Time for Trace ID 9f61b6ae98031db0d487385bb45b1085: 406 ms
Input: 5250000,
Cold Start: false
Unique ID: 056c7486773a138d43fc0e2e153f9ace,
Execution Time for Trace ID 056c7486773a138d43fc0e2e153f9ace: 343 ms
Input: 5250000,
Cold Start: false
Unique ID: df8c06d05cbf7b946f2586df5104c007,
Execution Time for Trace ID df8c06d05cbf7b946f2586df5104c007: 362 ms
Input: 5250000,
Cold Start: false
Unique ID: dfc725aaa8682e9d77885b02b515b97b,
Execution Time for Trace ID dfc725aaa8682e9d77885b02b515b97b: 355 ms
Input: 5250000,
Cold Start: false
Unique ID: ee592617b1bf28a894a25e9e08f652d5,
Execution Time for Trace ID ee592617b1bf28a894a25e9e08f652d5: 337 ms
Input: 5250000,
Cold Start: false
Unique ID: e124f298171fcc4479adde63d616c4be,
Execution Time for Trace ID e124f298171fcc4479adde63d616c4be: 381 ms
Input: 5250000,
Cold Start: false
Unique ID: 39a94ec1c40da75e4ba082f267eafd8e,
Execution Time for Trace ID 39a94ec1c40da75e4ba082f267eafd8e: 339 ms
Input: 5250000,
Cold Start: false
Unique ID: 90f40021efcb32be5ee80d41a6017b40,
Execution Time for Trace ID 90f40021efcb32be5ee80d41a6017b40: 398 ms
Input: 5250000,
Cold Start: false
Unique ID: 689f6dd6dfe7db85440f1d10a6ee9248,
Execution Time for Trace ID 689f6dd6dfe7db85440f1d10a6ee9248: 342 ms
Input: 5250000,
Cold Start: false
Unique ID: 1a529dd7fe6a179b40e8a77d9e074949,
Execution Time for Trace ID 1a529dd7fe6a179b40e8a77d9e074949: 384 ms
Input: 5250000,
Cold Start: false
Unique ID: 81aa0d2d236e5aaf17d65088e33b6c1f,
Execution Time for Trace ID 81aa0d2d236e5aaf17d65088e33b6c1f: 356 ms
Input: 5250000,
Cold Start: false
Unique ID: a57f93ee2abbc64610ab0c10566b5fdf,
Execution Time for Trace ID a57f93ee2abbc64610ab0c10566b5fdf: 400 ms
Input: 5250000,
Cold Start: false
Unique ID: 1c1ecb3013222fc382e7c7928692cb98,
Execution Time for Trace ID 1c1ecb3013222fc382e7c7928692cb98: 382 ms
Input: 5250000,
Cold Start: false
Unique ID: 6eb92f2a799a21e537198080dcfb6344,
Execution Time for Trace ID 6eb92f2a799a21e537198080dcfb6344: 341 ms
Input: 5250000,
Cold Start: false
Unique ID: 725509b831904f7bc67675c801303dba,
Execution Time for Trace ID 725509b831904f7bc67675c801303dba: 363 ms
Input: 5250000,
Cold Start: false
Unique ID: eac0cad64c5c3667ce1cbf8bd3b77841,
Execution Time for Trace ID eac0cad64c5c3667ce1cbf8bd3b77841: 348 ms
Input: 5250000,
Cold Start: false
Unique ID: 6a681962f44b34798a8b3934de8c6e02,
Execution Time for Trace ID 6a681962f44b34798a8b3934de8c6e02: 342 ms
Input: 5250000,
Cold Start: false
Unique ID: e92a99e4c6ab1503ad00f905b9c7ea51,
Execution Time for Trace ID e92a99e4c6ab1503ad00f905b9c7ea51: 407 ms
Input: 5250000,
Cold Start: false
Unique ID: 8dbf31bf948b97cf832c8c5e9af7e19d,
Execution Time for Trace ID 8dbf31bf948b97cf832c8c5e9af7e19d: 345 ms
Input: 5250000,
Cold Start: false
Unique ID: 09910785705023f09ada5efc1d36c2ca,
Execution Time for Trace ID 09910785705023f09ada5efc1d36c2ca: 389 ms
Input: 5250000,
Cold Start: false
Unique ID: 63632ced7a2c5bf85a2f4c75f602eff9,
Execution Time for Trace ID 63632ced7a2c5bf85a2f4c75f602eff9: 348 ms
Input: 5250000,
Cold Start: false
Unique ID: 45985f0b51f778265a2d2b30a2f7e00c,
Execution Time for Trace ID 45985f0b51f778265a2d2b30a2f7e00c: 345 ms
Input: 5250000,
Cold Start: false
Unique ID: 1dd3f3ee3fc40ddfe1074a328e95def5,
Execution Time for Trace ID 1dd3f3ee3fc40ddfe1074a328e95def5: 339 ms
Input: 5250000,
Cold Start: false
Unique ID: 7128da70b8950661e25293da771b0cca,
Execution Time for Trace ID 7128da70b8950661e25293da771b0cca: 381 ms
Input: 5250000,
Cold Start: false
Unique ID: ff336dc125b06aca0a789d8c49c3e88f,
Execution Time for Trace ID ff336dc125b06aca0a789d8c49c3e88f: 376 ms
Input: 5250000,
Cold Start: false
Unique ID: 90b5a3e6e728aeb5da65f405da501032,
Execution Time for Trace ID 90b5a3e6e728aeb5da65f405da501032: 356 ms
Input: 5250000,
Cold Start: false
Unique ID: 145e1fe07612ca8c8e8ae665cf61fa3e,
Execution Time for Trace ID 145e1fe07612ca8c8e8ae665cf61fa3e: 364 ms
Input: 5250000,
Cold Start: false
Unique ID: dfe0ff71fc346cfaf15ac5b3cd790e0a,
Execution Time for Trace ID dfe0ff71fc346cfaf15ac5b3cd790e0a: 352 ms
Input: 5250000,
Cold Start: false
Unique ID: cd18e25e7f0a4fb869416eaea078c271,
Execution Time for Trace ID cd18e25e7f0a4fb869416eaea078c271: 341 ms
Input: 5250000,
Cold Start: false
Unique ID: def008d1a037d1f2b7eb3bd7f7dbcb16,
Execution Time for Trace ID def008d1a037d1f2b7eb3bd7f7dbcb16: 406 ms
Input: 5250000,
Cold Start: false
Unique ID: 877d097e37cd30b8816ead8a41339d21,
Execution Time for Trace ID 877d097e37cd30b8816ead8a41339d21: 364 ms
Input: 5250000,
Cold Start: false
Unique ID: d41f9cdbe5175617cc9766cd35a35dae,
Execution Time for Trace ID d41f9cdbe5175617cc9766cd35a35dae: 350 ms
Input: 5250000,
Cold Start: false
Unique ID: 504f5f6d042e6b05ffe3ae617bc6fac1,
Execution Time for Trace ID 504f5f6d042e6b05ffe3ae617bc6fac1: 344 ms
Input: 5250000,
Cold Start: false
Unique ID: 176debc43b15f48581ccd27ca6c92754,
Execution Time for Trace ID 176debc43b15f48581ccd27ca6c92754: 342 ms
Input: 5250000,
Cold Start: false
Unique ID: 0c59bfdae395bf808e6f3b59a7eb5033,
Execution Time for Trace ID 0c59bfdae395bf808e6f3b59a7eb5033: 416 ms
Input: 5250000,
Cold Start: false
Unique ID: 42d693d0215d8d264f212bdb974eea1a,
Execution Time for Trace ID 42d693d0215d8d264f212bdb974eea1a: 416 ms
Input: 5250000,
Cold Start: false
Unique ID: be76bfbed6b647b6efc550cd87a6532f,
Execution Time for Trace ID be76bfbed6b647b6efc550cd87a6532f: 374 ms
Input: 5250000,
Cold Start: false
Unique ID: 6e9de0066b96cd6cd038368bddbb6a4e,
Execution Time for Trace ID 6e9de0066b96cd6cd038368bddbb6a4e: 418 ms
Input: 5250000,
Cold Start: false
Unique ID: 67d71f8e3cc9d90758077f2b7d7858c0,
Execution Time for Trace ID 67d71f8e3cc9d90758077f2b7d7858c0: 344 ms
Input: 5250000,
Cold Start: false
Unique ID: fb0d708d96cd050be43941aeec8d02bf,
Execution Time for Trace ID fb0d708d96cd050be43941aeec8d02bf: 297 ms
Input: 5250000,
Cold Start: false
Unique ID: 6b2cd1b24c172022c56df6fe205a57c7,
Execution Time for Trace ID 6b2cd1b24c172022c56df6fe205a57c7: 410 ms
Input: 5250000,
Cold Start: false
Unique ID: 702268b642d4baabab6205228bc9be22,
Execution Time for Trace ID 702268b642d4baabab6205228bc9be22: 359 ms
Input: 5250000,
Cold Start: false
Unique ID: 24bbed1e0fae2d296febacbd0c9d3f61,
Execution Time for Trace ID 24bbed1e0fae2d296febacbd0c9d3f61: 176 ms
Input: 5250000,
Cold Start: false
Unique ID: c5047aa00877e5b9918aa51ea9c984a0,
Execution Time for Trace ID c5047aa00877e5b9918aa51ea9c984a0: 349 ms
Input: 5250000,
Cold Start: false
Unique ID: 4d652dd397e2b938fa18e65b0c854d51,
Execution Time for Trace ID 4d652dd397e2b938fa18e65b0c854d51: 369 ms
Input: 5250000,
Cold Start: false
Unique ID: 7e87b2a190f42054c52dfb953680a5ea,
Execution Time for Trace ID 7e87b2a190f42054c52dfb953680a5ea: 499 ms
Input: 5250000,
Cold Start: false
Unique ID: e4fa0595068862ca999ac06e65471131,
Execution Time for Trace ID e4fa0595068862ca999ac06e65471131: 337 ms
Input: 5250000,
Cold Start: false
Unique ID: 33f83edf6c8854fcb1d305899a60e241,
Execution Time for Trace ID 33f83edf6c8854fcb1d305899a60e241: 407 ms
Input: 5250000,
Cold Start: false
Unique ID: 8eb974a16aedc237bb53c44b1b5cc413,
Execution Time for Trace ID 8eb974a16aedc237bb53c44b1b5cc413: 367 ms
Input: 5250000,
Cold Start: false
Unique ID: ae82478b686c2eba7d42e1be1f5a2d37,
Execution Time for Trace ID ae82478b686c2eba7d42e1be1f5a2d37: 370 ms
Input: 5250000,
Cold Start: false
Unique ID: 0cd60b05d8e220964d9e0a7f98d7fc20,
Execution Time for Trace ID 0cd60b05d8e220964d9e0a7f98d7fc20: 364 ms
Input: 5250000,
Cold Start: false
Unique ID: 3e1e5336f3b863e3c4a51d2e6de49a33,
Execution Time for Trace ID 3e1e5336f3b863e3c4a51d2e6de49a33: 327 ms
Input: 5250000,
Cold Start: false
Unique ID: 690dee664a4c4f41f3e8bdd82f1647e4,
Execution Time for Trace ID 690dee664a4c4f41f3e8bdd82f1647e4: 371 ms
Input: 5250000,
Cold Start: false
Unique ID: 895dc7ff65ff94ec52bba703d0836512,
Execution Time for Trace ID 895dc7ff65ff94ec52bba703d0836512: 415 ms
Input: 5250000,
Cold Start: false
Unique ID: dbc698e9c8c3f51712e677af1bda05b3,
Execution Time for Trace ID dbc698e9c8c3f51712e677af1bda05b3: 359 ms
Input: 5250000,
Cold Start: false
Unique ID: 06c50f56409b105e61bc2e460e2403d3,
Execution Time for Trace ID 06c50f56409b105e61bc2e460e2403d3: 331 ms
Input: 5250000,
Cold Start: false
Unique ID: 7d35ec0a696eb386cf18e9b54851e451,
Execution Time for Trace ID 7d35ec0a696eb386cf18e9b54851e451: 354 ms
Input: 5250000,
Cold Start: false
Unique ID: 89a509dc5a44d647cb883c3d8eaef818,
Execution Time for Trace ID 89a509dc5a44d647cb883c3d8eaef818: 348 ms
Input: 5250000,
Cold Start: false
Unique ID: df8d7cc8a8a581124f261325a331a2f1,
Execution Time for Trace ID df8d7cc8a8a581124f261325a331a2f1: 343 ms
Input: 5250000,
Cold Start: false
Unique ID: 22e64f367e4499c874884befb6ffe703,
Execution Time for Trace ID 22e64f367e4499c874884befb6ffe703: 360 ms
Input: 5250000,
Cold Start: false
Unique ID: e3ae5526a20c99900dc0236a7a623045,
Execution Time for Trace ID e3ae5526a20c99900dc0236a7a623045: 415 ms
Input: 5250000,
Cold Start: false
Unique ID: daaab62d9241ebbaafd12723f6fd20ba,
Execution Time for Trace ID daaab62d9241ebbaafd12723f6fd20ba: 427 ms
Input: 5250000,
Cold Start: false
Unique ID: efdafc62485c1504a4e5eca59c3dbabf,
Execution Time for Trace ID efdafc62485c1504a4e5eca59c3dbabf: 341 ms
Input: 5250000,
Cold Start: false
Unique ID: 8310ccb00bcd08744a7200c34ee64b34,
Execution Time for Trace ID 8310ccb00bcd08744a7200c34ee64b34: 358 ms
Input: 5250000,
Cold Start: false
Unique ID: a3e97cef17bdf4f77913042152e00607,
Execution Time for Trace ID a3e97cef17bdf4f77913042152e00607: 410 ms
Input: 5250000,
Cold Start: false
Unique ID: c074fb258a1f3a9ccdb5c965eb9765ab,
Execution Time for Trace ID c074fb258a1f3a9ccdb5c965eb9765ab: 406 ms
Input: 5250000,
Cold Start: false
Unique ID: 11164a4bca8f7deb8dc790885f976952,
Execution Time for Trace ID 11164a4bca8f7deb8dc790885f976952: 357 ms
Input: 5250000,
Cold Start: false
Unique ID: fd7f6c9662fef7c19ddd535c4de12dee,
Execution Time for Trace ID fd7f6c9662fef7c19ddd535c4de12dee: 385 ms
Input: 5250000,
Cold Start: false
Unique ID: 30997ca60671e158c019e3afb63212a8,
Execution Time for Trace ID 30997ca60671e158c019e3afb63212a8: 395 ms
Input: 5250000,
Cold Start: false
Unique ID: 0b81c2d2737e7f12b92991f046a7ed44,
Execution Time for Trace ID 0b81c2d2737e7f12b92991f046a7ed44: 393 ms
Input: 5250000,
Cold Start: false
Unique ID: 5731989b274630ca51fc4234a8779bc5,
Execution Time for Trace ID 5731989b274630ca51fc4234a8779bc5: 363 ms
Input: 5250000,
Cold Start: false
Unique ID: 5dde9160424f8f864bf00b4c91f444da,
Execution Time for Trace ID 5dde9160424f8f864bf00b4c91f444da: 388 ms
Input: 5250000,
Cold Start: false
Unique ID: 33d1655278b3980ffddc63584620063f,
Execution Time for Trace ID 33d1655278b3980ffddc63584620063f: 402 ms
Input: 5250000,
Cold Start: false
Unique ID: c6f3dd64b7e0a03a3bf7944b0b37e7a0,
Execution Time for Trace ID c6f3dd64b7e0a03a3bf7944b0b37e7a0: 407 ms
Input: 5250000,
Cold Start: false
Unique ID: fe45d271c57c03daaeffbd65a49f3e43,
Execution Time for Trace ID fe45d271c57c03daaeffbd65a49f3e43: 364 ms
Input: 5250000,
Cold Start: false
Unique ID: dd15b0aab0112e8b35c9874a7092c68d,
Execution Time for Trace ID dd15b0aab0112e8b35c9874a7092c68d: 386 ms
Input: 5250000,
Cold Start: false
Unique ID: 9f7548b6ec1173ebf7605ecfacc76cbe,
Execution Time for Trace ID 9f7548b6ec1173ebf7605ecfacc76cbe: 361 ms
Input: 5250000,
Cold Start: false
Unique ID: afb781e1201956b7e80673b11feebb5b,
Execution Time for Trace ID afb781e1201956b7e80673b11feebb5b: 345 ms
Input: 5250000,
Cold Start: false
Unique ID: ef67e78c2a7f22ef146ed4ae092f15c9,
Execution Time for Trace ID ef67e78c2a7f22ef146ed4ae092f15c9: 345 ms
Input: 5250000,
Cold Start: false
Unique ID: 124bcb033c2ade89fd8540b0e72c84e4,
Execution Time for Trace ID 124bcb033c2ade89fd8540b0e72c84e4: 404 ms
Input: 5250000,
Cold Start: false
Unique ID: f985cab52a569ccc37854967bf7bab89,
Execution Time for Trace ID f985cab52a569ccc37854967bf7bab89: 392 ms
Input: 5250000,
Cold Start: false
Unique ID: 615a75ccda727c0c8c74d86cc15d570a,
Execution Time for Trace ID 615a75ccda727c0c8c74d86cc15d570a: 416 ms
Input: 5250000,
Cold Start: false
Unique ID: 7d14932b75a6ad4c29940a603f96ca66,
Execution Time for Trace ID 7d14932b75a6ad4c29940a603f96ca66: 343 ms
Input: 5250000,
Cold Start: false
Unique ID: 19bcf49ca67f7e2d66b28f3ce34d634c,
Execution Time for Trace ID 19bcf49ca67f7e2d66b28f3ce34d634c: 408 ms
Input: 5250000,
Cold Start: false
Unique ID: 5bbbcbe22082f1bfab2f895dc9c3fca6,
Execution Time for Trace ID 5bbbcbe22082f1bfab2f895dc9c3fca6: 355 ms
Input: 5250000,
Cold Start: false
Unique ID: 18e1429b49bd8b218859bfc0e383d05e,
Execution Time for Trace ID 18e1429b49bd8b218859bfc0e383d05e: 345 ms
Input: 5250000,
Cold Start: false
Unique ID: d52fb535327e57b287650abaea24a490,
Execution Time for Trace ID d52fb535327e57b287650abaea24a490: 361 ms
Input: 5250000,
Cold Start: false
Unique ID: cee0c0737cd383ff521125f2c2fee533,
Execution Time for Trace ID cee0c0737cd383ff521125f2c2fee533: 386 ms
Input: 5250000,
Cold Start: false
Unique ID: fb022e9ac9abd71b64c29053cd1a04e0,
Execution Time for Trace ID fb022e9ac9abd71b64c29053cd1a04e0: 368 ms
Input: 5250000,
Cold Start: false
Unique ID: eb4edaed2b3583595792ec7a0478e723,
Execution Time for Trace ID eb4edaed2b3583595792ec7a0478e723: 346 ms
Input: 5250000,
Cold Start: false
Unique ID: 9ec1438744be99b4cc06bfde2a197b58,
Execution Time for Trace ID 9ec1438744be99b4cc06bfde2a197b58: 360 ms
Input: 5250000,
Cold Start: false
Unique ID: 545410504070885703b66df95e3a38f5,
Execution Time for Trace ID 545410504070885703b66df95e3a38f5: 330 ms
Input: 5250000,
Cold Start: false
Unique ID: 42823adf0a3fe82240c65c19c16f371e,
Execution Time for Trace ID 42823adf0a3fe82240c65c19c16f371e: 489 ms
Input: 5250000,
Cold Start: false
Unique ID: 55c5b7f81c5b53a3acc784bfce3cbc22,
Execution Time for Trace ID 55c5b7f81c5b53a3acc784bfce3cbc22: 451 ms
Input: 5250000,
Cold Start: false
Unique ID: f99692b5c954fef188e453be22659c05,
Execution Time for Trace ID f99692b5c954fef188e453be22659c05: 341 ms
Input: 5250000,
Cold Start: false
Unique ID: 08a4fe26c8a20a23f927a6b455700d9d,
Execution Time for Trace ID 08a4fe26c8a20a23f927a6b455700d9d: 415 ms
Input: 5250000,
Cold Start: false
Unique ID: ea389838cfbe959a9c29109bb6f55bfc,
Execution Time for Trace ID ea389838cfbe959a9c29109bb6f55bfc: 386 ms
Input: 5250000,
Cold Start: false
Unique ID: 5ed4880ac89e1a955ecce656299b10db,
Execution Time for Trace ID 5ed4880ac89e1a955ecce656299b10db: 396 ms
Input: 5250000,
Cold Start: false
Unique ID: 6b206d6c3e0d290d28f44ae704204bed,
Execution Time for Trace ID 6b206d6c3e0d290d28f44ae704204bed: 341 ms
Input: 5250000,
Cold Start: false
Unique ID: 3b0e1a8408d08b7270bc32e6543b335b,
Execution Time for Trace ID 3b0e1a8408d08b7270bc32e6543b335b: 413 ms
Input: 5250000,
Cold Start: false
Unique ID: 9f8a31496aec9d42b30f4d1f06752ef2,
Execution Time for Trace ID 9f8a31496aec9d42b30f4d1f06752ef2: 343 ms
Input: 5250000,
Cold Start: false
Unique ID: b10a5906caf51063c60f5d2baca54934,
Execution Time for Trace ID b10a5906caf51063c60f5d2baca54934: 394 ms
Input: 5250000,
Cold Start: false
Unique ID: e501308ff550b3ce00c53b600cf66285,
Execution Time for Trace ID e501308ff550b3ce00c53b600cf66285: 347 ms
Input: 5250000,
Cold Start: false
Unique ID: eb5e639202431cff9ad72f0b2d2335da,
Execution Time for Trace ID eb5e639202431cff9ad72f0b2d2335da: 409 ms
Input: 5250000,
Cold Start: false
Unique ID: 65e5da25205056d95c5de82dbdeb36b9,
Execution Time for Trace ID 65e5da25205056d95c5de82dbdeb36b9: 365 ms
Input: 5250000,
Cold Start: false
Unique ID: e51f6c06324f43d6cfd1ad0f27b8832c,
Execution Time for Trace ID e51f6c06324f43d6cfd1ad0f27b8832c: 432 ms
Input: 5250000,
Cold Start: false
Unique ID: 2b7883a7d32c7b6db3ef9d8cb4018ecc,
Execution Time for Trace ID 2b7883a7d32c7b6db3ef9d8cb4018ecc: 361 ms
Input: 5250000,
Cold Start: false
Unique ID: a6264cd21a223a79986e99a275d9ee86,
Execution Time for Trace ID a6264cd21a223a79986e99a275d9ee86: 301 ms
Input: 5250000,
Cold Start: false
Unique ID: b29dd33379611d317eeb591df09045cf,
Execution Time for Trace ID b29dd33379611d317eeb591df09045cf: 388 ms
Input: 5250000,
Cold Start: false
Unique ID: 474682f84930946a2bfb2bb7ff0db075,
Execution Time for Trace ID 474682f84930946a2bfb2bb7ff0db075: 404 ms
Input: 5250000,
Cold Start: false
Unique ID: a399f4fe6a2e6d428fc4004ddadfb1a8,
Execution Time for Trace ID a399f4fe6a2e6d428fc4004ddadfb1a8: 355 ms
Input: 5250000,
Cold Start: false
Unique ID: 094d298be681ad8fd2a8d0a2c361c62b,
Execution Time for Trace ID 094d298be681ad8fd2a8d0a2c361c62b: 390 ms
Input: 5250000,
Cold Start: false
Unique ID: 0909661f890f4a68b129150b7de789e2,
Execution Time for Trace ID 0909661f890f4a68b129150b7de789e2: 358 ms
Input: 5250000,
Cold Start: false
Unique ID: 9e5a92f5947269446466b281c3a2a418,
Execution Time for Trace ID 9e5a92f5947269446466b281c3a2a418: 350 ms
Input: 5250000,
Cold Start: false
Unique ID: 1f6ef11123bc0be3dbcb74c0fd8d70e6,
Execution Time for Trace ID 1f6ef11123bc0be3dbcb74c0fd8d70e6: 354 ms
Input: 5250000,
Cold Start: false
Unique ID: 69c4967244540f1c50f546537d577dd2,
Execution Time for Trace ID 69c4967244540f1c50f546537d577dd2: 392 ms
Input: 5250000,
Cold Start: false
Unique ID: 6c9fe0e4789a7aa436f560acd55eee21,
Execution Time for Trace ID 6c9fe0e4789a7aa436f560acd55eee21: 357 ms
Input: 5250000,
Cold Start: false
Unique ID: bc694a3ff20b2fba92c61061d27e5504,
Execution Time for Trace ID bc694a3ff20b2fba92c61061d27e5504: 345 ms
Input: 5250000,
Cold Start: false
Unique ID: 197e9db8889685699a70ecfc04861b80,
Execution Time for Trace ID 197e9db8889685699a70ecfc04861b80: 346 ms
Input: 5250000,
Cold Start: false
Unique ID: 2cd19b3554cb53d437fe9b9eede42dbf,
Execution Time for Trace ID 2cd19b3554cb53d437fe9b9eede42dbf: 366 ms
Input: 5250000,
Cold Start: false
Unique ID: 691c3f8e6375c22375ac2cbde41d5e54,
Execution Time for Trace ID 691c3f8e6375c22375ac2cbde41d5e54: 411 ms
Input: 5250000,
Cold Start: false
Unique ID: 268cabdbee09c9923915944867cd7059,
Execution Time for Trace ID 268cabdbee09c9923915944867cd7059: 425 ms
Input: 5250000,
Cold Start: false
Unique ID: 1b3359f5611977b14dd31831653d16f0,
Execution Time for Trace ID 1b3359f5611977b14dd31831653d16f0: 342 ms
Input: 5250000,
Cold Start: false
Unique ID: 74c982a90bf98df102540b16950ddc9b,
Execution Time for Trace ID 74c982a90bf98df102540b16950ddc9b: 359 ms
Input: 5250000,
Cold Start: false
Unique ID: 9867d37fd84f35b4f63e8ab4a8aa70a7,
Execution Time for Trace ID 9867d37fd84f35b4f63e8ab4a8aa70a7: 417 ms
Input: 5250000,
Cold Start: false
Unique ID: 4d568655e6bea7f853f1a49cc42a39e6,
Execution Time for Trace ID 4d568655e6bea7f853f1a49cc42a39e6: 345 ms
Input: 5250000,
Cold Start: false
Unique ID: 259c499aa7b25e9a6aac35ca97a35af4,
Execution Time for Trace ID 259c499aa7b25e9a6aac35ca97a35af4: 357 ms
Input: 5250000,
Cold Start: false
Unique ID: 78db2ee4951ac42f7b0a5b39933881bc,
Execution Time for Trace ID 78db2ee4951ac42f7b0a5b39933881bc: 390 ms
Input: 5250000,
Cold Start: false
Unique ID: 75efb75247a4bd32f8b641218f4b32b3,
Execution Time for Trace ID 75efb75247a4bd32f8b641218f4b32b3: 407 ms
Input: 5250000,
Cold Start: false
Unique ID: 088637c1cdf3f5d33b2394bfaf506e5f,
Execution Time for Trace ID 088637c1cdf3f5d33b2394bfaf506e5f: 436 ms
Input: 5250000,
Cold Start: false
Unique ID: 653045ced57bb982f6b8eb31f47ba68f,
Execution Time for Trace ID 653045ced57bb982f6b8eb31f47ba68f: 178 ms
Input: 5250000,
Cold Start: false
Unique ID: a55b8f87f99f462b3a3637c083091eee,
Execution Time for Trace ID a55b8f87f99f462b3a3637c083091eee: 408 ms
Input: 5250000,
Cold Start: false
Unique ID: aa620378c8afa5830d0106ed8cbe462b,
Execution Time for Trace ID aa620378c8afa5830d0106ed8cbe462b: 363 ms
Input: 5250000,
Cold Start: false
Unique ID: 66127bd7e5a67a1b27cf2ae911820df2,
Execution Time for Trace ID 66127bd7e5a67a1b27cf2ae911820df2: 401 ms
Input: 5250000,
Cold Start: false
