Unique ID: cd7de16c536c4f427202dbc18763c061,
Execution Time for Trace ID cd7de16c536c4f427202dbc18763c061: 397 ms
Input: 5000000,
Cold Start: false
Unique ID: f383f82977570a35786591baabea6fff,
Execution Time for Trace ID f383f82977570a35786591baabea6fff: 425 ms
Input: 5000000,
Cold Start: false
Unique ID: c9e96665b6cd9b58641c70e59f89d172,
Execution Time for Trace ID c9e96665b6cd9b58641c70e59f89d172: 399 ms
Input: 5000000,
Cold Start: false
Unique ID: 175e59872164eef78706b1389af85af7,
Execution Time for Trace ID 175e59872164eef78706b1389af85af7: 372 ms
Input: 5000000,
Cold Start: false
Unique ID: 60d619002ff3965d03c19598822eb17d,
Execution Time for Trace ID 60d619002ff3965d03c19598822eb17d: 274 ms
Input: 5000000,
Cold Start: false
Unique ID: 8f9457cfb850b43f694143c07b12d24a,
Execution Time for Trace ID 8f9457cfb850b43f694143c07b12d24a: 379 ms
Input: 5000000,
Cold Start: false
Unique ID: 0d80597ae33bdcb733b4cf4b9f85a1c6,
Execution Time for Trace ID 0d80597ae33bdcb733b4cf4b9f85a1c6: 359 ms
Input: 5000000,
Cold Start: false
Unique ID: 71b9482a77d74e532a3b61bb2637d472,
Execution Time for Trace ID 71b9482a77d74e532a3b61bb2637d472: 421 ms
Input: 5000000,
Cold Start: false
Unique ID: ff821dd52f72ea87c3d3d373597d659d,
Execution Time for Trace ID ff821dd52f72ea87c3d3d373597d659d: 344 ms
Input: 5000000,
Cold Start: false
Unique ID: 91500923980ea2d09373dc5586b314f6,
Execution Time for Trace ID 91500923980ea2d09373dc5586b314f6: 329 ms
Input: 5000000,
Cold Start: false
Unique ID: 25f488f07729476518bb58efc3635d87,
Execution Time for Trace ID 25f488f07729476518bb58efc3635d87: 355 ms
Input: 5000000,
Cold Start: false
Unique ID: ae7e36ea31e147543ce0b6c794bcfe97,
Execution Time for Trace ID ae7e36ea31e147543ce0b6c794bcfe97: 344 ms
Input: 5000000,
Cold Start: false
Unique ID: f063b7d79d12bd0a3c249978f7b78b15,
Execution Time for Trace ID f063b7d79d12bd0a3c249978f7b78b15: 353 ms
Input: 5000000,
Cold Start: false
Unique ID: 1959f3840da82d6a4f68434519e49398,
Execution Time for Trace ID 1959f3840da82d6a4f68434519e49398: 318 ms
Input: 5000000,
Cold Start: false
Unique ID: 5f35ea585524223e85644564748041d9,
Execution Time for Trace ID 5f35ea585524223e85644564748041d9: 363 ms
Input: 5000000,
Cold Start: false
Unique ID: f476a9f73a99458975442281bf723e5a,
Execution Time for Trace ID f476a9f73a99458975442281bf723e5a: 418 ms
Input: 5000000,
Cold Start: false
Unique ID: 4ee1f02b338959b1bf1b8c4ae560648e,
Execution Time for Trace ID 4ee1f02b338959b1bf1b8c4ae560648e: 364 ms
Input: 5000000,
Cold Start: false
Unique ID: 67bbcb4622545e42ce0972f8fd1c375b,
Execution Time for Trace ID 67bbcb4622545e42ce0972f8fd1c375b: 340 ms
Input: 5000000,
Cold Start: false
Unique ID: 0e1ddd02634fe82a4cb65b327dcb2bbb,
Execution Time for Trace ID 0e1ddd02634fe82a4cb65b327dcb2bbb: 302 ms
Input: 5000000,
Cold Start: false
Unique ID: cf0f985fa4d30df92d5bbd122ee77734,
Execution Time for Trace ID cf0f985fa4d30df92d5bbd122ee77734: 338 ms
Input: 5000000,
Cold Start: false
Unique ID: 8f2076ede7ed38acfe847ff0e98d2a59,
Execution Time for Trace ID 8f2076ede7ed38acfe847ff0e98d2a59: 359 ms
Input: 5000000,
Cold Start: false
Unique ID: ad67ff0d452bd8dc75aac432bfbffae9,
Execution Time for Trace ID ad67ff0d452bd8dc75aac432bfbffae9: 346 ms
Input: 5000000,
Cold Start: false
Unique ID: 6143c45ada3903a6af2e0d9043100e95,
Execution Time for Trace ID 6143c45ada3903a6af2e0d9043100e95: 406 ms
Input: 5000000,
Cold Start: false
Unique ID: 7d15b1cc91f837decb2446c45cca486a,
Execution Time for Trace ID 7d15b1cc91f837decb2446c45cca486a: 353 ms
Input: 5000000,
Cold Start: false
Unique ID: cb1bbc8b7cfe67571cf8493efa4298ed,
Execution Time for Trace ID cb1bbc8b7cfe67571cf8493efa4298ed: 348 ms
Input: 5000000,
Cold Start: false
Unique ID: d828c2339b4007e6adfb00caeec793d2,
Execution Time for Trace ID d828c2339b4007e6adfb00caeec793d2: 277 ms
Input: 5000000,
Cold Start: false
Unique ID: e8c242cf78f46b9153caf1b67d2f4e08,
Execution Time for Trace ID e8c242cf78f46b9153caf1b67d2f4e08: 339 ms
Input: 5000000,
Cold Start: false
Unique ID: 7b613a1da107ace94346520ccd162445,
Execution Time for Trace ID 7b613a1da107ace94346520ccd162445: 395 ms
Input: 5000000,
Cold Start: false
Unique ID: cf826000924f407482d8db254fa251d5,
Execution Time for Trace ID cf826000924f407482d8db254fa251d5: 351 ms
Input: 5000000,
Cold Start: false
Unique ID: 5ec2cd879241496e3ea113413ae4d4d4,
Execution Time for Trace ID 5ec2cd879241496e3ea113413ae4d4d4: 323 ms
Input: 5000000,
Cold Start: false
Unique ID: fde9e67d87a29681ce95a45c7aa6c6da,
Execution Time for Trace ID fde9e67d87a29681ce95a45c7aa6c6da: 279 ms
Input: 5000000,
Cold Start: false
Unique ID: 1b8ce7baa7b1856b808048db34929b5c,
Execution Time for Trace ID 1b8ce7baa7b1856b808048db34929b5c: 342 ms
Input: 5000000,
Cold Start: false
Unique ID: ebb086b9484ffe4f19f39aeb3c153edd,
Execution Time for Trace ID ebb086b9484ffe4f19f39aeb3c153edd: 368 ms
Input: 5000000,
Cold Start: false
Unique ID: 66bd4d85a7ccbf1e5d83735b42e4e505,
Execution Time for Trace ID 66bd4d85a7ccbf1e5d83735b42e4e505: 289 ms
Input: 5000000,
Cold Start: false
Unique ID: 1576b1be18a803b02c2a31d1d45aaede,
Execution Time for Trace ID 1576b1be18a803b02c2a31d1d45aaede: 349 ms
Input: 5000000,
Cold Start: false
Unique ID: 225c6dee8cc6677ae726e72ba0aa104c,
Execution Time for Trace ID 225c6dee8cc6677ae726e72ba0aa104c: 350 ms
Input: 5000000,
Cold Start: false
Unique ID: 8e6ebb60b136be1a11dce1ed344d7793,
Execution Time for Trace ID 8e6ebb60b136be1a11dce1ed344d7793: 356 ms
Input: 5000000,
Cold Start: false
Unique ID: 035025bdce8ff9902bf8db0d32a1f71e,
Execution Time for Trace ID 035025bdce8ff9902bf8db0d32a1f71e: 328 ms
Input: 5000000,
Cold Start: false
Unique ID: 5cdfe9d184e7ff1aea281553c760d646,
Execution Time for Trace ID 5cdfe9d184e7ff1aea281553c760d646: 393 ms
Input: 5000000,
Cold Start: false
Unique ID: 2032f879b9a82ffe376f42c5129b022f,
Execution Time for Trace ID 2032f879b9a82ffe376f42c5129b022f: 343 ms
Input: 5000000,
Cold Start: false
Unique ID: 9c2af2a9803765483583db5cc7b89888,
Execution Time for Trace ID 9c2af2a9803765483583db5cc7b89888: 357 ms
Input: 5000000,
Cold Start: false
Unique ID: fefcea6a6e6b132152c3a179efd826af,
Execution Time for Trace ID fefcea6a6e6b132152c3a179efd826af: 320 ms
Input: 5000000,
Cold Start: false
Unique ID: d1f114f22cf93bd05916aef35522b902,
Execution Time for Trace ID d1f114f22cf93bd05916aef35522b902: 320 ms
Input: 5000000,
Cold Start: false
Unique ID: 66ff7d77bb46f533b35bb52ccb714402,
Execution Time for Trace ID 66ff7d77bb46f533b35bb52ccb714402: 391 ms
Input: 5000000,
Cold Start: false
Unique ID: 6779e943e4f371a651f893008cd8fa61,
Execution Time for Trace ID 6779e943e4f371a651f893008cd8fa61: 347 ms
Input: 5000000,
Cold Start: false
Unique ID: 0d2b9fa88d0760be1cbf19a978729201,
Execution Time for Trace ID 0d2b9fa88d0760be1cbf19a978729201: 380 ms
Input: 5000000,
Cold Start: false
Unique ID: 6a3eaabe5085708e4afa28d19323b107,
Execution Time for Trace ID 6a3eaabe5085708e4afa28d19323b107: 338 ms
Input: 5000000,
Cold Start: false
Unique ID: 6593cfd2526ccef3b213d77eb25dabd4,
Execution Time for Trace ID 6593cfd2526ccef3b213d77eb25dabd4: 345 ms
Input: 5000000,
Cold Start: false
Unique ID: 153ca5cea6009e37825e5d1c11bd65ba,
Execution Time for Trace ID 153ca5cea6009e37825e5d1c11bd65ba: 361 ms
Input: 5000000,
Cold Start: false
Unique ID: 73e64b5a4610b47f9a4caf700ae72651,
Execution Time for Trace ID 73e64b5a4610b47f9a4caf700ae72651: 274 ms
Input: 5000000,
Cold Start: false
Unique ID: 559c081c9122dfeafe8f0206d8fdb578,
Execution Time for Trace ID 559c081c9122dfeafe8f0206d8fdb578: 325 ms
Input: 5000000,
Cold Start: false
Unique ID: 92b931429bbde6abbd526aa7d0134161,
Execution Time for Trace ID 92b931429bbde6abbd526aa7d0134161: 336 ms
Input: 5000000,
Cold Start: false
Unique ID: d89f872e9f73c3039f0d6fedcce0d412,
Execution Time for Trace ID d89f872e9f73c3039f0d6fedcce0d412: 354 ms
Input: 5000000,
Cold Start: false
Unique ID: a64ffef7507920dc0ebeda7836c616f1,
Execution Time for Trace ID a64ffef7507920dc0ebeda7836c616f1: 299 ms
Input: 5000000,
Cold Start: false
Unique ID: cb78476a9048d1026b47b903edddafe5,
Execution Time for Trace ID cb78476a9048d1026b47b903edddafe5: 405 ms
Input: 5000000,
Cold Start: false
Unique ID: b5e1a1531d14fd6c6c0f81c5c1b135cd,
Execution Time for Trace ID b5e1a1531d14fd6c6c0f81c5c1b135cd: 338 ms
Input: 5000000,
Cold Start: false
Unique ID: fc9c285d174977cb33d6b026dc54c36b,
Execution Time for Trace ID fc9c285d174977cb33d6b026dc54c36b: 355 ms
Input: 5000000,
Cold Start: false
Unique ID: 8d99d2731dd1c810cae7d2ccf3564a92,
Execution Time for Trace ID 8d99d2731dd1c810cae7d2ccf3564a92: 351 ms
Input: 5000000,
Cold Start: false
Unique ID: aa244d51f739a33be0de92924943e840,
Execution Time for Trace ID aa244d51f739a33be0de92924943e840: 387 ms
Input: 5000000,
Cold Start: false
Unique ID: 1901fe585b1f6f09e84bf16cac90d59a,
Execution Time for Trace ID 1901fe585b1f6f09e84bf16cac90d59a: 342 ms
Input: 5000000,
Cold Start: false
Unique ID: 87a51b7388d4f123fdd84d4062e25dea,
Execution Time for Trace ID 87a51b7388d4f123fdd84d4062e25dea: 354 ms
Input: 5000000,
Cold Start: false
Unique ID: 7092aee252ce2062b43175866f9c1889,
Execution Time for Trace ID 7092aee252ce2062b43175866f9c1889: 326 ms
Input: 5000000,
Cold Start: false
Unique ID: a8fed35935190233330a3f74bd65a512,
Execution Time for Trace ID a8fed35935190233330a3f74bd65a512: 281 ms
Input: 5000000,
Cold Start: false
Unique ID: 36974981fa09623937524ee8138d62eb,
Execution Time for Trace ID 36974981fa09623937524ee8138d62eb: 337 ms
Input: 5000000,
Cold Start: false
Unique ID: d4b2b1833bbb43604a65a9408be3a1e5,
Execution Time for Trace ID d4b2b1833bbb43604a65a9408be3a1e5: 338 ms
Input: 5000000,
Cold Start: false
Unique ID: 37f4a48a60c7f81bdd91ad5482409826,
Execution Time for Trace ID 37f4a48a60c7f81bdd91ad5482409826: 346 ms
Input: 5000000,
Cold Start: false
Unique ID: b7d7685ed7755f7de245a5763ee8849f,
Execution Time for Trace ID b7d7685ed7755f7de245a5763ee8849f: 332 ms
Input: 5000000,
Cold Start: false
Unique ID: a662f6985635e6d7e9ad4be683b4bfac,
Execution Time for Trace ID a662f6985635e6d7e9ad4be683b4bfac: 335 ms
Input: 5000000,
Cold Start: false
Unique ID: 465244afa6793ed4ae2e250561166ac3,
Execution Time for Trace ID 465244afa6793ed4ae2e250561166ac3: 355 ms
Input: 5000000,
Cold Start: false
Unique ID: 65186f43ca4d2b93deba2fcad209be99,
Execution Time for Trace ID 65186f43ca4d2b93deba2fcad209be99: 361 ms
Input: 5000000,
Cold Start: false
Unique ID: 85933f8a7bd64c68d8a3e8d2ce141f5e,
Execution Time for Trace ID 85933f8a7bd64c68d8a3e8d2ce141f5e: 312 ms
Input: 5000000,
Cold Start: false
Unique ID: e00197a51104c987e5c6d52d4b25ee5c,
Execution Time for Trace ID e00197a51104c987e5c6d52d4b25ee5c: 412 ms
Input: 5000000,
Cold Start: false
Unique ID: 76f1b65ea40807f99534af6eb1a54355,
Execution Time for Trace ID 76f1b65ea40807f99534af6eb1a54355: 349 ms
Input: 5000000,
Cold Start: false
Unique ID: f030cf7bfcbd7242140b78531bf5c26a,
Execution Time for Trace ID f030cf7bfcbd7242140b78531bf5c26a: 369 ms
Input: 5000000,
Cold Start: false
Unique ID: dd58b6b81bb4aec06c6c0c3a9d089010,
Execution Time for Trace ID dd58b6b81bb4aec06c6c0c3a9d089010: 314 ms
Input: 5000000,
Cold Start: false
Unique ID: 3aa3799c6014897b00ca6fc45f9fb4bd,
Execution Time for Trace ID 3aa3799c6014897b00ca6fc45f9fb4bd: 419 ms
Input: 5000000,
Cold Start: false
Unique ID: 108a982e5e37460076f0ac2cfd9163fc,
Execution Time for Trace ID 108a982e5e37460076f0ac2cfd9163fc: 359 ms
Input: 5000000,
Cold Start: false
Unique ID: 346801274a1e00ee57e5480f6442225a,
Execution Time for Trace ID 346801274a1e00ee57e5480f6442225a: 322 ms
Input: 5000000,
Cold Start: false
Unique ID: e017cd9e973ed5380fd236e907adb3f4,
Execution Time for Trace ID e017cd9e973ed5380fd236e907adb3f4: 304 ms
Input: 5000000,
Cold Start: false
Unique ID: ec91df1116f882e01e13a0a794e11765,
Execution Time for Trace ID ec91df1116f882e01e13a0a794e11765: 317 ms
Input: 5000000,
Cold Start: false
Unique ID: 40071c73fec9119caeff2d846c40af67,
Execution Time for Trace ID 40071c73fec9119caeff2d846c40af67: 347 ms
Input: 5000000,
Cold Start: false
Unique ID: 26a73b414ff9ab7e45fcb16b3e3248dc,
Execution Time for Trace ID 26a73b414ff9ab7e45fcb16b3e3248dc: 345 ms
Input: 5000000,
Cold Start: false
Unique ID: aba97faca9558643ac32a6df563c0abe,
Execution Time for Trace ID aba97faca9558643ac32a6df563c0abe: 316 ms
Input: 5000000,
Cold Start: false
Unique ID: 83b17b11dccaaf899dd9913578fc102c,
Execution Time for Trace ID 83b17b11dccaaf899dd9913578fc102c: 391 ms
Input: 5000000,
Cold Start: false
Unique ID: e55dd437f7e8ccc7ae933cad41e608c2,
Execution Time for Trace ID e55dd437f7e8ccc7ae933cad41e608c2: 198 ms
Input: 5000000,
Cold Start: false
Unique ID: 913c6ee82a120ff9d412e476e12039dc,
Execution Time for Trace ID 913c6ee82a120ff9d412e476e12039dc: 348 ms
Input: 5000000,
Cold Start: false
Unique ID: e83db6e90096453220be4f4c309ee891,
Execution Time for Trace ID e83db6e90096453220be4f4c309ee891: 403 ms
Input: 5000000,
Cold Start: false
Unique ID: ad581ef1b65d81206a589cf69606d005,
Execution Time for Trace ID ad581ef1b65d81206a589cf69606d005: 333 ms
Input: 5000000,
Cold Start: false
Unique ID: dec7cf7fc0ae00894ed30d113637d728,
Execution Time for Trace ID dec7cf7fc0ae00894ed30d113637d728: 362 ms
Input: 5000000,
Cold Start: false
Unique ID: 85e38d8e5884c85ea13c730416622c5b,
Execution Time for Trace ID 85e38d8e5884c85ea13c730416622c5b: 338 ms
Input: 5000000,
Cold Start: false
Unique ID: d48520cf844f9f9b3c0a74ed2521a3be,
Execution Time for Trace ID d48520cf844f9f9b3c0a74ed2521a3be: 351 ms
Input: 5000000,
Cold Start: false
Unique ID: 0f5c4b35d25343b183963a4a06b76802,
Execution Time for Trace ID 0f5c4b35d25343b183963a4a06b76802: 333 ms
Input: 5000000,
Cold Start: false
Unique ID: 48c31e091d4b9ca27949fa1aef12f5ea,
Execution Time for Trace ID 48c31e091d4b9ca27949fa1aef12f5ea: 354 ms
Input: 5000000,
Cold Start: false
Unique ID: 4466190bc0e887811b1e5f978e2225c2,
Execution Time for Trace ID 4466190bc0e887811b1e5f978e2225c2: 388 ms
Input: 5000000,
Cold Start: false
Unique ID: 7f7c5946b566afe0834e620b9b8d9b7a,
Execution Time for Trace ID 7f7c5946b566afe0834e620b9b8d9b7a: 391 ms
Input: 5000000,
Cold Start: false
Unique ID: 0ea452466186dd1e4910e2dab986538a,
Execution Time for Trace ID 0ea452466186dd1e4910e2dab986538a: 384 ms
Input: 5000000,
Cold Start: false
Unique ID: 1dc05c031aa0aa4454a1d8f5cd88c8ef,
Execution Time for Trace ID 1dc05c031aa0aa4454a1d8f5cd88c8ef: 342 ms
Input: 5000000,
Cold Start: false
Unique ID: 01dca6ca047fa75193060f004ec526f7,
Execution Time for Trace ID 01dca6ca047fa75193060f004ec526f7: 336 ms
Input: 5000000,
Cold Start: false
Unique ID: bf30de62a6ba4426bd0ab34e2336473a,
Execution Time for Trace ID bf30de62a6ba4426bd0ab34e2336473a: 372 ms
Input: 5000000,
Cold Start: false
Unique ID: af6cc13ed39ead1837455801fb0f7dd4,
Execution Time for Trace ID af6cc13ed39ead1837455801fb0f7dd4: 338 ms
Input: 5000000,
Cold Start: false
Unique ID: f0eb4308b77c80f51a6f063c6ba8a985,
Execution Time for Trace ID f0eb4308b77c80f51a6f063c6ba8a985: 412 ms
Input: 5000000,
Cold Start: false
Unique ID: 60e4ca8f34629c6413dc7573661a0891,
Execution Time for Trace ID 60e4ca8f34629c6413dc7573661a0891: 419 ms
Input: 5000000,
Cold Start: false
Unique ID: 3b17fe466b313472a6494572f5a2ca81,
Execution Time for Trace ID 3b17fe466b313472a6494572f5a2ca81: 347 ms
Input: 5000000,
Cold Start: false
Unique ID: d4dd9328c12307e896283583e77bfa52,
Execution Time for Trace ID d4dd9328c12307e896283583e77bfa52: 379 ms
Input: 5000000,
Cold Start: false
Unique ID: 9a6b5fd992a78312987fad94cc0b247d,
Execution Time for Trace ID 9a6b5fd992a78312987fad94cc0b247d: 350 ms
Input: 5000000,
Cold Start: false
Unique ID: 9a9a429551ba6dd77efbd9ac9f2e8405,
Execution Time for Trace ID 9a9a429551ba6dd77efbd9ac9f2e8405: 331 ms
Input: 5000000,
Cold Start: false
Unique ID: f90a52820f591775b45375573de497b7,
Execution Time for Trace ID f90a52820f591775b45375573de497b7: 349 ms
Input: 5000000,
Cold Start: false
Unique ID: 3dad4ac21f6ceea686e7e6e415584475,
Execution Time for Trace ID 3dad4ac21f6ceea686e7e6e415584475: 303 ms
Input: 5000000,
Cold Start: false
Unique ID: 0d269f364499eb4e5334c2c98bb89823,
Execution Time for Trace ID 0d269f364499eb4e5334c2c98bb89823: 401 ms
Input: 5000000,
Cold Start: false
Unique ID: 05788d2a19e08e83412a6130bce02f53,
Execution Time for Trace ID 05788d2a19e08e83412a6130bce02f53: 313 ms
Input: 5000000,
Cold Start: false
Unique ID: 60c30e070334fb494e14246ca5d0ed4e,
Execution Time for Trace ID 60c30e070334fb494e14246ca5d0ed4e: 405 ms
Input: 5000000,
Cold Start: false
Unique ID: 56f5cf65ae02627b04282db8c6a601b0,
Execution Time for Trace ID 56f5cf65ae02627b04282db8c6a601b0: 353 ms
Input: 5000000,
Cold Start: false
Unique ID: 1dfe3b49342633ba25ac19573587c3ae,
Execution Time for Trace ID 1dfe3b49342633ba25ac19573587c3ae: 171 ms
Input: 5000000,
Cold Start: false
Unique ID: f564761292ec4e041bbb922861a35090,
Execution Time for Trace ID f564761292ec4e041bbb922861a35090: 345 ms
Input: 5000000,
Cold Start: false
Unique ID: 5bcb644a0081a8ee3293424174fe54ce,
Execution Time for Trace ID 5bcb644a0081a8ee3293424174fe54ce: 318 ms
Input: 5000000,
Cold Start: false
Unique ID: 5d5b22e8a7f63c753d0b04db7789d7c4,
Execution Time for Trace ID 5d5b22e8a7f63c753d0b04db7789d7c4: 339 ms
Input: 5000000,
Cold Start: false
Unique ID: 5bc8ff8d17d16b9ab215d2d97017f77c,
Execution Time for Trace ID 5bc8ff8d17d16b9ab215d2d97017f77c: 341 ms
Input: 5000000,
Cold Start: false
Unique ID: de27fd6af038a45fef5df863143753ef,
Execution Time for Trace ID de27fd6af038a45fef5df863143753ef: 341 ms
Input: 5000000,
Cold Start: false
Unique ID: dbc7b25f7e1062225d7f2c6d31d564dd,
Execution Time for Trace ID dbc7b25f7e1062225d7f2c6d31d564dd: 342 ms
Input: 5000000,
Cold Start: false
Unique ID: d7a8c63c4af716f1c50fedfcca53753f,
Execution Time for Trace ID d7a8c63c4af716f1c50fedfcca53753f: 412 ms
Input: 5000000,
Cold Start: false
Unique ID: 148c15d79f116148a372256582d4c13f,
Execution Time for Trace ID 148c15d79f116148a372256582d4c13f: 346 ms
Input: 5000000,
Cold Start: false
Unique ID: 9041c1f5c2416130c4a642e77b0291a9,
Execution Time for Trace ID 9041c1f5c2416130c4a642e77b0291a9: 315 ms
Input: 5000000,
Cold Start: false
Unique ID: 5b067340fab57338e8615f0f0a8b1518,
Execution Time for Trace ID 5b067340fab57338e8615f0f0a8b1518: 281 ms
Input: 5000000,
Cold Start: false
Unique ID: 72a81ac0e35ca4a15dfcc85093ca5e70,
Execution Time for Trace ID 72a81ac0e35ca4a15dfcc85093ca5e70: 312 ms
Input: 5000000,
Cold Start: false
Unique ID: 2a00e80b0ea635ffcc86de9afac8154c,
Execution Time for Trace ID 2a00e80b0ea635ffcc86de9afac8154c: 350 ms
Input: 5000000,
Cold Start: false
Unique ID: 199da92ddb9961f22f0e99e5830ea27e,
Execution Time for Trace ID 199da92ddb9961f22f0e99e5830ea27e: 409 ms
Input: 5000000,
Cold Start: false
Unique ID: 6334d3dd1510db4f78530f9db2850cb2,
Execution Time for Trace ID 6334d3dd1510db4f78530f9db2850cb2: 383 ms
Input: 5000000,
Cold Start: false
Unique ID: 4690a02166e14ec5d8b03445ee9e8df4,
Execution Time for Trace ID 4690a02166e14ec5d8b03445ee9e8df4: 412 ms
Input: 5000000,
Cold Start: false
Unique ID: 4c476f7f0d92892108af9e47f0ca8da1,
Execution Time for Trace ID 4c476f7f0d92892108af9e47f0ca8da1: 352 ms
Input: 5000000,
Cold Start: false
Unique ID: dd9fa762f817a78b8a3ef9d59120bc48,
Execution Time for Trace ID dd9fa762f817a78b8a3ef9d59120bc48: 339 ms
Input: 5000000,
Cold Start: false
Unique ID: 13fea20659867f1cd1c0df097a7c6047,
Execution Time for Trace ID 13fea20659867f1cd1c0df097a7c6047: 331 ms
Input: 5000000,
Cold Start: false
Unique ID: 2f44c6fa564eca9ec7e882d320631ee5,
Execution Time for Trace ID 2f44c6fa564eca9ec7e882d320631ee5: 343 ms
Input: 5000000,
Cold Start: false
Unique ID: ace055ddb270beaf170f8ea04600605a,
Execution Time for Trace ID ace055ddb270beaf170f8ea04600605a: 345 ms
Input: 5000000,
Cold Start: false
Unique ID: 655922f71b488157227d97570eeaa07f,
Execution Time for Trace ID 655922f71b488157227d97570eeaa07f: 342 ms
Input: 5000000,
Cold Start: false
Unique ID: 69a4f3d94dbf40b3151e8f4d49ba34b4,
Execution Time for Trace ID 69a4f3d94dbf40b3151e8f4d49ba34b4: 333 ms
Input: 5000000,
Cold Start: false
Unique ID: 052d64f68e80c2d8ea74f4df3bf42cc3,
Execution Time for Trace ID 052d64f68e80c2d8ea74f4df3bf42cc3: 358 ms
Input: 5000000,
Cold Start: false
Unique ID: 87211c51ed36992781f77acef078955f,
Execution Time for Trace ID 87211c51ed36992781f77acef078955f: 355 ms
Input: 5000000,
Cold Start: false
Unique ID: da9d091b12ad187dba87c411a945f1a0,
Execution Time for Trace ID da9d091b12ad187dba87c411a945f1a0: 339 ms
Input: 5000000,
Cold Start: false
Unique ID: ed2989a30c93d46bc1cf85dcd7ba38b5,
Execution Time for Trace ID ed2989a30c93d46bc1cf85dcd7ba38b5: 333 ms
Input: 5000000,
Cold Start: false
Unique ID: 1ae5d1e8ea8d07348ddd80de463c8100,
Execution Time for Trace ID 1ae5d1e8ea8d07348ddd80de463c8100: 381 ms
Input: 5000000,
Cold Start: false
Unique ID: 15e921214582df7870c5f64398c27bd9,
Execution Time for Trace ID 15e921214582df7870c5f64398c27bd9: 348 ms
Input: 5000000,
Cold Start: false
Unique ID: b8e3c7e758e928ba0728a1df28a4d6f2,
Execution Time for Trace ID b8e3c7e758e928ba0728a1df28a4d6f2: 316 ms
Input: 5000000,
Cold Start: false
Unique ID: 7bf68fd3428d2d466677429f6d33c30c,
Execution Time for Trace ID 7bf68fd3428d2d466677429f6d33c30c: 335 ms
Input: 5000000,
Cold Start: false
Unique ID: 114a58b4549846e5b7a2be3bb2c07033,
Execution Time for Trace ID 114a58b4549846e5b7a2be3bb2c07033: 355 ms
Input: 5000000,
Cold Start: false
Unique ID: f3755eec34ded6f3a9b56ee82186c4ac,
Execution Time for Trace ID f3755eec34ded6f3a9b56ee82186c4ac: 356 ms
Input: 5000000,
Cold Start: false
Unique ID: 0e1aa1b58a916b072e32a936deb9527a,
Execution Time for Trace ID 0e1aa1b58a916b072e32a936deb9527a: 318 ms
Input: 5000000,
Cold Start: false
Unique ID: 47365bfa2049bfff830ee005df959c3d,
Execution Time for Trace ID 47365bfa2049bfff830ee005df959c3d: 332 ms
Input: 5000000,
Cold Start: false
Unique ID: 44d4ff7280a8da3eac4d0621a5320e4b,
Execution Time for Trace ID 44d4ff7280a8da3eac4d0621a5320e4b: 392 ms
Input: 5000000,
Cold Start: false
Unique ID: cd4733dcf2d89478415982c2d36a797d,
Execution Time for Trace ID cd4733dcf2d89478415982c2d36a797d: 347 ms
Input: 5000000,
Cold Start: false
Unique ID: 3ac61547df542bd97e1de7987133ceb5,
Execution Time for Trace ID 3ac61547df542bd97e1de7987133ceb5: 313 ms
Input: 5000000,
Cold Start: false
Unique ID: 32674f1267b9de64cdac95ffeb226aa2,
Execution Time for Trace ID 32674f1267b9de64cdac95ffeb226aa2: 314 ms
Input: 5000000,
Cold Start: false
Unique ID: 008e943aadf0020cfb60a569dbd64d5a,
Execution Time for Trace ID 008e943aadf0020cfb60a569dbd64d5a: 387 ms
Input: 5000000,
Cold Start: false
Unique ID: aef5fae345d70e790da74cf8492f4dcb,
Execution Time for Trace ID aef5fae345d70e790da74cf8492f4dcb: 372 ms
Input: 5000000,
Cold Start: false
Unique ID: 6b8e2a3c01284c58d552bc6f98311120,
Execution Time for Trace ID 6b8e2a3c01284c58d552bc6f98311120: 338 ms
Input: 5000000,
Cold Start: false
Unique ID: d6d3c175ab254913b63dceac44389a97,
Execution Time for Trace ID d6d3c175ab254913b63dceac44389a97: 356 ms
Input: 5000000,
Cold Start: false
Unique ID: 5525007a0226b9ad5558e904a58b78b1,
Execution Time for Trace ID 5525007a0226b9ad5558e904a58b78b1: 344 ms
Input: 5000000,
Cold Start: false
Unique ID: 7bb66df782c35e2732d88feddcba4b55,
Execution Time for Trace ID 7bb66df782c35e2732d88feddcba4b55: 352 ms
Input: 5000000,
Cold Start: false
Unique ID: af63557b28928b0f88eaf25103c09022,
Execution Time for Trace ID af63557b28928b0f88eaf25103c09022: 292 ms
Input: 5000000,
Cold Start: false
Unique ID: 2c44abbf685e38b2a6e7fcf7c73aca78,
Execution Time for Trace ID 2c44abbf685e38b2a6e7fcf7c73aca78: 401 ms
Input: 5000000,
Cold Start: false
Unique ID: 0b5c9548eb325761de2dbbb2222a1a25,
Execution Time for Trace ID 0b5c9548eb325761de2dbbb2222a1a25: 335 ms
Input: 5000000,
Cold Start: false
Unique ID: ed819de34c9edf278b2666012ed9d607,
Execution Time for Trace ID ed819de34c9edf278b2666012ed9d607: 365 ms
Input: 5000000,
Cold Start: false
Unique ID: 9f060e8f642fae5e006cc25e9ec61ee3,
Execution Time for Trace ID 9f060e8f642fae5e006cc25e9ec61ee3: 315 ms
Input: 5000000,
Cold Start: false
Unique ID: c32423f4f295e8eb00bede2653fec63c,
Execution Time for Trace ID c32423f4f295e8eb00bede2653fec63c: 281 ms
Input: 5000000,
Cold Start: false
Unique ID: 28b5d69f0fc5d2e1fc8584dd2cdcfbf8,
Execution Time for Trace ID 28b5d69f0fc5d2e1fc8584dd2cdcfbf8: 341 ms
Input: 5000000,
Cold Start: false
Unique ID: 580610bba1258628102984ada19e8852,
Execution Time for Trace ID 580610bba1258628102984ada19e8852: 166 ms
Input: 5000000,
Cold Start: false
Unique ID: 543f83e8e36acad8c7902b23e35cb4b4,
Execution Time for Trace ID 543f83e8e36acad8c7902b23e35cb4b4: 279 ms
Input: 5000000,
Cold Start: false
Unique ID: b859e37a9dc078df65573f0bca7e366f,
Execution Time for Trace ID b859e37a9dc078df65573f0bca7e366f: 419 ms
Input: 5000000,
Cold Start: false
Unique ID: 008007026c9b5b6edfb8a1c740197b47,
Execution Time for Trace ID 008007026c9b5b6edfb8a1c740197b47: 338 ms
Input: 5000000,
Cold Start: false
Unique ID: a709fcd7c130cd452d04dd553ca99886,
Execution Time for Trace ID a709fcd7c130cd452d04dd553ca99886: 316 ms
Input: 5000000,
Cold Start: false
Unique ID: 5c0b7b0ee5a554b0063babb23440a219,
Execution Time for Trace ID 5c0b7b0ee5a554b0063babb23440a219: 390 ms
Input: 5000000,
Cold Start: false
Unique ID: dc90f735b657a419b0a7c7ed9cbd0541,
Execution Time for Trace ID dc90f735b657a419b0a7c7ed9cbd0541: 389 ms
Input: 5000000,
Cold Start: false
Unique ID: 5f46d8ea02f2b953f9cea197e853f576,
Execution Time for Trace ID 5f46d8ea02f2b953f9cea197e853f576: 355 ms
Input: 5000000,
Cold Start: false
Unique ID: ee307b18ec86a86c07cd44341855a1ae,
Execution Time for Trace ID ee307b18ec86a86c07cd44341855a1ae: 168 ms
Input: 5000000,
Cold Start: false
Unique ID: 4c999e464cf44ca6bee668ad68221414,
Execution Time for Trace ID 4c999e464cf44ca6bee668ad68221414: 169 ms
Input: 5000000,
Cold Start: false
Unique ID: 4b395a21813c13f57d6370cbea3637ca,
Execution Time for Trace ID 4b395a21813c13f57d6370cbea3637ca: 377 ms
Input: 5000000,
Cold Start: false
Unique ID: e08621aeb200d691807fe5f3baefaac6,
Execution Time for Trace ID e08621aeb200d691807fe5f3baefaac6: 292 ms
Input: 5000000,
Cold Start: false
Unique ID: 8bccf38810bafa955f69eb90a1888ce9,
Execution Time for Trace ID 8bccf38810bafa955f69eb90a1888ce9: 336 ms
Input: 5000000,
Cold Start: false
Unique ID: a06e4328cb3db768b6f13b27f6a18693,
Execution Time for Trace ID a06e4328cb3db768b6f13b27f6a18693: 413 ms
Input: 5000000,
Cold Start: false
Unique ID: 81b4e65acffd2b7207552f963587c43f,
Execution Time for Trace ID 81b4e65acffd2b7207552f963587c43f: 382 ms
Input: 5000000,
Cold Start: false
Unique ID: 4d9f86255dd12d351886321d195e1c1b,
Execution Time for Trace ID 4d9f86255dd12d351886321d195e1c1b: 396 ms
Input: 5000000,
Cold Start: false
Unique ID: 689c80ad73f845c10de04c523bc61cf0,
Execution Time for Trace ID 689c80ad73f845c10de04c523bc61cf0: 330 ms
Input: 5000000,
Cold Start: false
Unique ID: c6026c7713a0808d390931cab19791a3,
Execution Time for Trace ID c6026c7713a0808d390931cab19791a3: 339 ms
Input: 5000000,
Cold Start: false
Unique ID: 395e06f683d892daf205bc94f9c2e671,
Execution Time for Trace ID 395e06f683d892daf205bc94f9c2e671: 412 ms
Input: 5000000,
Cold Start: false
Unique ID: e9c26b5d85debf75786b5511d87b3e8d,
Execution Time for Trace ID e9c26b5d85debf75786b5511d87b3e8d: 355 ms
Input: 5000000,
Cold Start: false
Unique ID: be682e30e5241cfeedb6ad1a1df5adc3,
Execution Time for Trace ID be682e30e5241cfeedb6ad1a1df5adc3: 348 ms
Input: 5000000,
Cold Start: false
Unique ID: 4beeb91a2fcdd1752e4d48a96db42dea,
Execution Time for Trace ID 4beeb91a2fcdd1752e4d48a96db42dea: 319 ms
Input: 5000000,
Cold Start: false
Unique ID: d08986ba6a8a355ede223bebf76999c5,
Execution Time for Trace ID d08986ba6a8a355ede223bebf76999c5: 292 ms
Input: 5000000,
Cold Start: false
Unique ID: 0ca0b659b92d8340346337e8eedc0935,
Execution Time for Trace ID 0ca0b659b92d8340346337e8eedc0935: 394 ms
Input: 5000000,
Cold Start: false
Unique ID: c90ede9b34a3af86949b325a82559b5b,
Execution Time for Trace ID c90ede9b34a3af86949b325a82559b5b: 364 ms
Input: 5000000,
Cold Start: false
Unique ID: 3aeaa170c59f35444174f67e4cfa8ff2,
Execution Time for Trace ID 3aeaa170c59f35444174f67e4cfa8ff2: 344 ms
Input: 5000000,
Cold Start: false
Unique ID: eacb28c5ae2d0a6c98c0295ceb2a59b3,
Execution Time for Trace ID eacb28c5ae2d0a6c98c0295ceb2a59b3: 403 ms
Input: 5000000,
Cold Start: false
Unique ID: 261f828daadce6835941543af05ecfec,
Execution Time for Trace ID 261f828daadce6835941543af05ecfec: 342 ms
Input: 5000000,
Cold Start: false
Unique ID: 9406ee5dd2eec455c946ffe909943c5a,
Execution Time for Trace ID 9406ee5dd2eec455c946ffe909943c5a: 339 ms
Input: 5000000,
Cold Start: false
Unique ID: f6d0dbd76911f330926baeb6ff4d83b0,
Execution Time for Trace ID f6d0dbd76911f330926baeb6ff4d83b0: 342 ms
Input: 5000000,
Cold Start: false
Unique ID: 1ee7e9479ae680eb71a2973827407d70,
Execution Time for Trace ID 1ee7e9479ae680eb71a2973827407d70: 397 ms
Input: 5000000,
Cold Start: false
Unique ID: 72c0683944c2053ceda221bdb93f9791,
Execution Time for Trace ID 72c0683944c2053ceda221bdb93f9791: 352 ms
Input: 5000000,
Cold Start: false
Unique ID: 6be6c79f3dbdcaa0fbf8c27a1bcb97ea,
Execution Time for Trace ID 6be6c79f3dbdcaa0fbf8c27a1bcb97ea: 342 ms
Input: 5000000,
Cold Start: false
Unique ID: 2ed9ae8f3cfdf789cbcc4d7c551ddd82,
Execution Time for Trace ID 2ed9ae8f3cfdf789cbcc4d7c551ddd82: 379 ms
Input: 5000000,
Cold Start: false
Unique ID: 655164141b0df5b4f843ecbc6b2a6163,
Execution Time for Trace ID 655164141b0df5b4f843ecbc6b2a6163: 389 ms
Input: 5000000,
Cold Start: false
Unique ID: 9510e4810919ee465b2c37b6e2b85aad,
Execution Time for Trace ID 9510e4810919ee465b2c37b6e2b85aad: 343 ms
Input: 5000000,
Cold Start: false
Unique ID: 6af4d9d4e92d04fbd8da23db337f63c8,
Execution Time for Trace ID 6af4d9d4e92d04fbd8da23db337f63c8: 346 ms
Input: 5000000,
Cold Start: false
Unique ID: 53717adb34dff96185cdff703ebb5d0b,
Execution Time for Trace ID 53717adb34dff96185cdff703ebb5d0b: 399 ms
Input: 5000000,
Cold Start: false
Unique ID: b47f044145c75e5c4f12f00f4fd49d53,
Execution Time for Trace ID b47f044145c75e5c4f12f00f4fd49d53: 378 ms
Input: 5000000,
Cold Start: false
Unique ID: b4b41aad83fbef31cfbaa53b011fc473,
Execution Time for Trace ID b4b41aad83fbef31cfbaa53b011fc473: 422 ms
Input: 5000000,
Cold Start: false
Unique ID: 11ad1ec82e1585016dd508272e378a85,
Execution Time for Trace ID 11ad1ec82e1585016dd508272e378a85: 312 ms
Input: 5000000,
Cold Start: false
Unique ID: 557cfea2e490e2bf91c3f9ebb104373a,
Execution Time for Trace ID 557cfea2e490e2bf91c3f9ebb104373a: 371 ms
Input: 5000000,
Cold Start: false
Unique ID: a339e450d29a8e4fb88261504872cf76,
Execution Time for Trace ID a339e450d29a8e4fb88261504872cf76: 362 ms
Input: 5000000,
Cold Start: false
Unique ID: cfcf3a89da172dd69b99fc9fcff10aaa,
Execution Time for Trace ID cfcf3a89da172dd69b99fc9fcff10aaa: 384 ms
Input: 5000000,
Cold Start: false
Unique ID: 9190ad94954d42986c04a98019be4540,
Execution Time for Trace ID 9190ad94954d42986c04a98019be4540: 327 ms
Input: 5000000,
Cold Start: false
Unique ID: 8f2b002be01129669fa68137ab4650e2,
Execution Time for Trace ID 8f2b002be01129669fa68137ab4650e2: 367 ms
Input: 5000000,
Cold Start: false
Unique ID: 0a35655f507ad765ece0fefe0acdbdd7,
Execution Time for Trace ID 0a35655f507ad765ece0fefe0acdbdd7: 335 ms
Input: 5000000,
Cold Start: false
Unique ID: f25d75df0fcb5d65d9ea79dc888cde60,
Execution Time for Trace ID f25d75df0fcb5d65d9ea79dc888cde60: 388 ms
Input: 5000000,
Cold Start: false
Unique ID: a2dde22ae229b23d2b0ec5081d09f554,
Execution Time for Trace ID a2dde22ae229b23d2b0ec5081d09f554: 298 ms
Input: 5000000,
Cold Start: false
Unique ID: 0d2e02d80c00583dcb5d0abdbbe45807,
Execution Time for Trace ID 0d2e02d80c00583dcb5d0abdbbe45807: 341 ms
Input: 5000000,
Cold Start: false
Unique ID: 5338d1ef1704e84fa9658441550dacdb,
Execution Time for Trace ID 5338d1ef1704e84fa9658441550dacdb: 336 ms
Input: 5000000,
Cold Start: false
Unique ID: d9de6021836c48be29cb21b010cdfe71,
Execution Time for Trace ID d9de6021836c48be29cb21b010cdfe71: 334 ms
Input: 5000000,
Cold Start: false
Unique ID: f2ad4f61b6f448445eba8f65469978dd,
Execution Time for Trace ID f2ad4f61b6f448445eba8f65469978dd: 291 ms
Input: 5000000,
Cold Start: false
Unique ID: f4d6e354470dbe27b4518a71b99a18e5,
Execution Time for Trace ID f4d6e354470dbe27b4518a71b99a18e5: 340 ms
Input: 5000000,
Cold Start: false
Unique ID: 1657410ae6eaf64517f04387d38dec14,
Execution Time for Trace ID 1657410ae6eaf64517f04387d38dec14: 336 ms
Input: 5000000,
Cold Start: false
Unique ID: 8058bfaf49cbef4e26d6fd8779a7459e,
Execution Time for Trace ID 8058bfaf49cbef4e26d6fd8779a7459e: 408 ms
Input: 5000000,
Cold Start: false
Unique ID: 84557f895aa10aec1650a471d4034ecc,
Execution Time for Trace ID 84557f895aa10aec1650a471d4034ecc: 339 ms
Input: 5000000,
Cold Start: false
Unique ID: f489cb18f75648f29c8072aa1b1bebf8,
Execution Time for Trace ID f489cb18f75648f29c8072aa1b1bebf8: 283 ms
Input: 5000000,
Cold Start: false
Unique ID: a6371125fccd57cf9c0fc0282e739b23,
Execution Time for Trace ID a6371125fccd57cf9c0fc0282e739b23: 332 ms
Input: 5000000,
Cold Start: false
Unique ID: 7ea89f6986e463dbb7dee39d9c16fb04,
Execution Time for Trace ID 7ea89f6986e463dbb7dee39d9c16fb04: 405 ms
Input: 5000000,
Cold Start: false
Unique ID: 58afd5aebe9f8777074811316b4bc105,
Execution Time for Trace ID 58afd5aebe9f8777074811316b4bc105: 340 ms
Input: 5000000,
Cold Start: false
Unique ID: 0d492dc911af52ac5d6d6d2138e1b8db,
Execution Time for Trace ID 0d492dc911af52ac5d6d6d2138e1b8db: 293 ms
Input: 5000000,
Cold Start: false
Unique ID: 8fa5d4205881dfbee5b3c5b4d6fba111,
Execution Time for Trace ID 8fa5d4205881dfbee5b3c5b4d6fba111: 338 ms
Input: 5000000,
Cold Start: false
Unique ID: f9b2413c303da0661d03c116968fe8fb,
Execution Time for Trace ID f9b2413c303da0661d03c116968fe8fb: 310 ms
Input: 5000000,
Cold Start: false
Unique ID: 902bfdb4b362449bfe5dfff487b49ecc,
Execution Time for Trace ID 902bfdb4b362449bfe5dfff487b49ecc: 336 ms
Input: 5000000,
Cold Start: false
Unique ID: fddc79661ba4b14367e80210fd1cc292,
Execution Time for Trace ID fddc79661ba4b14367e80210fd1cc292: 368 ms
Input: 5000000,
Cold Start: false
Unique ID: 6d1095c66d7097a96dc2e8bac119ee89,
Execution Time for Trace ID 6d1095c66d7097a96dc2e8bac119ee89: 338 ms
Input: 5000000,
Cold Start: false
Unique ID: 15b14237c834df4f77526d1a477ec952,
Execution Time for Trace ID 15b14237c834df4f77526d1a477ec952: 316 ms
Input: 5000000,
Cold Start: false
Unique ID: 4b65e5f964ebec0d07e4ad240610e56b,
Execution Time for Trace ID 4b65e5f964ebec0d07e4ad240610e56b: 330 ms
Input: 5000000,
Cold Start: false
Unique ID: 477c87457e7e1d46cf161a34634b7f68,
Execution Time for Trace ID 477c87457e7e1d46cf161a34634b7f68: 369 ms
Input: 5000000,
Cold Start: false
Unique ID: 4668c2767659084d88807a89c5d452e6,
Execution Time for Trace ID 4668c2767659084d88807a89c5d452e6: 339 ms
Input: 5000000,
Cold Start: false
Unique ID: 8753de9377d7bd4658c060dd7bbd157e,
Execution Time for Trace ID 8753de9377d7bd4658c060dd7bbd157e: 323 ms
Input: 5000000,
Cold Start: false
Unique ID: 52daf33981fd55c26551c2e19f2753de,
Execution Time for Trace ID 52daf33981fd55c26551c2e19f2753de: 166 ms
Input: 5000000,
Cold Start: false
Unique ID: 0714bb9d6e2899be2d7d0f638fcfc414,
Execution Time for Trace ID 0714bb9d6e2899be2d7d0f638fcfc414: 371 ms
Input: 5000000,
Cold Start: false
Unique ID: 5461490382f6c8c9b14b4b05ef87ea73,
Execution Time for Trace ID 5461490382f6c8c9b14b4b05ef87ea73: 353 ms
Input: 5000000,
Cold Start: false
Unique ID: d2ea4e35db8481ad4af91c3af1a5926e,
Execution Time for Trace ID d2ea4e35db8481ad4af91c3af1a5926e: 343 ms
Input: 5000000,
Cold Start: false
Unique ID: db2caf4b8d446bba850c7a5b39349bbc,
Execution Time for Trace ID db2caf4b8d446bba850c7a5b39349bbc: 324 ms
Input: 5000000,
Cold Start: false
Unique ID: 63526694c51a1a2e83885d1c2f758cbe,
Execution Time for Trace ID 63526694c51a1a2e83885d1c2f758cbe: 371 ms
Input: 5000000,
Cold Start: false
Unique ID: 641d03ff8c447dd7646cf87eab57f724,
Execution Time for Trace ID 641d03ff8c447dd7646cf87eab57f724: 396 ms
Input: 5000000,
Cold Start: false
Unique ID: bcdd032d171bbc753ba1046691499900,
Execution Time for Trace ID bcdd032d171bbc753ba1046691499900: 514 ms
Input: 5000000,
Cold Start: false
Unique ID: 3dab26eabf4c78dce71c67c676a858e0,
Execution Time for Trace ID 3dab26eabf4c78dce71c67c676a858e0: 184 ms
Input: 5000000,
Cold Start: false
Unique ID: e2fd7086293f303e2ff91a571e58008e,
Execution Time for Trace ID e2fd7086293f303e2ff91a571e58008e: 369 ms
Input: 5000000,
Cold Start: false
Unique ID: dd78e7556560cef57ef12bc53a3cc42f,
Execution Time for Trace ID dd78e7556560cef57ef12bc53a3cc42f: 563 ms
Input: 5000000,
Cold Start: false
Unique ID: 91a37715de4d8ea88aaec97163d96111,
Execution Time for Trace ID 91a37715de4d8ea88aaec97163d96111: 526 ms
Input: 5000000,
Cold Start: false
Unique ID: 418e85962b5862bdd0ea169cf6b2ea21,
Execution Time for Trace ID 418e85962b5862bdd0ea169cf6b2ea21: 334 ms
Input: 5000000,
Cold Start: false
Unique ID: a8eda4cc5729e43d7e687490f64a57a4,
Execution Time for Trace ID a8eda4cc5729e43d7e687490f64a57a4: 369 ms
Input: 5000000,
Cold Start: false
Unique ID: 7d524fa15187c554419f19b545379cb0,
Execution Time for Trace ID 7d524fa15187c554419f19b545379cb0: 336 ms
Input: 5000000,
Cold Start: false
Unique ID: 15dbef06436aadaaed63b774ad815169,
Execution Time for Trace ID 15dbef06436aadaaed63b774ad815169: 374 ms
Input: 5000000,
Cold Start: false
Unique ID: 8d9de50697a8a7e6cbf7860039135fa8,
Execution Time for Trace ID 8d9de50697a8a7e6cbf7860039135fa8: 293 ms
Input: 5000000,
Cold Start: false
Unique ID: 87674ca18ab64eda246bac235c78f56b,
Execution Time for Trace ID 87674ca18ab64eda246bac235c78f56b: 344 ms
Input: 5000000,
Cold Start: false
Unique ID: c57fbc4d9e2537b4a1d5ea77c04c4807,
Execution Time for Trace ID c57fbc4d9e2537b4a1d5ea77c04c4807: 366 ms
Input: 5000000,
Cold Start: false
Unique ID: de25a5dd25193e1f02b567165abff256,
Execution Time for Trace ID de25a5dd25193e1f02b567165abff256: 404 ms
Input: 5000000,
Cold Start: false
Unique ID: 3ab072deb7eab090cdd2ff1bc93f4f30,
Execution Time for Trace ID 3ab072deb7eab090cdd2ff1bc93f4f30: 341 ms
Input: 5000000,
Cold Start: false
Unique ID: d198b59c040b48b7c3672a05db123109,
Execution Time for Trace ID d198b59c040b48b7c3672a05db123109: 378 ms
Input: 5000000,
Cold Start: false
Unique ID: ef8989c8676562f64eb90d42508af237,
Execution Time for Trace ID ef8989c8676562f64eb90d42508af237: 393 ms
Input: 5000000,
Cold Start: false
Unique ID: d5d794a15fd12feb5b5b16c7d7c7e9a5,
Execution Time for Trace ID d5d794a15fd12feb5b5b16c7d7c7e9a5: 380 ms
Input: 5000000,
Cold Start: false
Unique ID: 35e8ebf19d190aa972ed3d799d53a160,
Execution Time for Trace ID 35e8ebf19d190aa972ed3d799d53a160: 340 ms
Input: 5000000,
Cold Start: false
Unique ID: e6e85e7d3d33e3520f3d785e82fd1902,
Execution Time for Trace ID e6e85e7d3d33e3520f3d785e82fd1902: 300 ms
Input: 5000000,
Cold Start: false
Unique ID: 28f5806c6f59a45173be8d9a30b29b83,
Execution Time for Trace ID 28f5806c6f59a45173be8d9a30b29b83: 435 ms
Input: 5000000,
Cold Start: false
Unique ID: 71d1a819c648d7c576fc264f2f1c269e,
Execution Time for Trace ID 71d1a819c648d7c576fc264f2f1c269e: 411 ms
Input: 5000000,
Cold Start: false
Unique ID: 9f6daf950c0934db845b99ae00b51cc3,
Execution Time for Trace ID 9f6daf950c0934db845b99ae00b51cc3: 172 ms
Input: 5000000,
Cold Start: false
Unique ID: 5a0da07fe4299fd71a78fa5a93e048c0,
Execution Time for Trace ID 5a0da07fe4299fd71a78fa5a93e048c0: 350 ms
Input: 5000000,
Cold Start: false
Unique ID: 81fae770cce6b4b64f908d74f6cd0ef1,
Execution Time for Trace ID 81fae770cce6b4b64f908d74f6cd0ef1: 335 ms
Input: 5000000,
Cold Start: false
Unique ID: ab05251bd975df5a7e8067d601e427cd,
Execution Time for Trace ID ab05251bd975df5a7e8067d601e427cd: 376 ms
Input: 5000000,
Cold Start: false
Unique ID: 1427f6c22146bf7ddf5c582515d38986,
Execution Time for Trace ID 1427f6c22146bf7ddf5c582515d38986: 340 ms
Input: 5000000,
Cold Start: false
Unique ID: 92aded3b3756e6d55e8a8f2496f074a4,
Execution Time for Trace ID 92aded3b3756e6d55e8a8f2496f074a4: 296 ms
Input: 5000000,
Cold Start: false
Unique ID: 0d150ccfafb22588ca0b3d5c2d14dbdc,
Execution Time for Trace ID 0d150ccfafb22588ca0b3d5c2d14dbdc: 530 ms
Input: 5000000,
Cold Start: false
Unique ID: ac8725c85e38ee9a98ccf0ff7c6f3ae4,
Execution Time for Trace ID ac8725c85e38ee9a98ccf0ff7c6f3ae4: 521 ms
Input: 5000000,
Cold Start: false
Unique ID: 82ae14c07dd142c978b92a0b64346683,
Execution Time for Trace ID 82ae14c07dd142c978b92a0b64346683: 293 ms
Input: 5000000,
Cold Start: false
Unique ID: 0d80d061c165305f2afb3b031264bf84,
Execution Time for Trace ID 0d80d061c165305f2afb3b031264bf84: 338 ms
Input: 5000000,
Cold Start: false
Unique ID: 19783f48993f16967178c7c9d5b68c0f,
Execution Time for Trace ID 19783f48993f16967178c7c9d5b68c0f: 332 ms
Input: 5000000,
Cold Start: false
Unique ID: 0f11f755de6e0edabdeebc7a7262a5e3,
Execution Time for Trace ID 0f11f755de6e0edabdeebc7a7262a5e3: 374 ms
Input: 5000000,
Cold Start: false
Unique ID: ad7cbde59e67775050c7c68db1bc89d2,
Execution Time for Trace ID ad7cbde59e67775050c7c68db1bc89d2: 177 ms
Input: 5000000,
Cold Start: false
Unique ID: da837496daa404d9ad21bf1eef908286,
Execution Time for Trace ID da837496daa404d9ad21bf1eef908286: 340 ms
Input: 5000000,
Cold Start: false
Unique ID: d4b57328873f4f97d78ec4ee0e127344,
Execution Time for Trace ID d4b57328873f4f97d78ec4ee0e127344: 376 ms
Input: 5000000,
Cold Start: false
Unique ID: de926c64059915c0d23a8a2aa61c3e5e,
Execution Time for Trace ID de926c64059915c0d23a8a2aa61c3e5e: 337 ms
Input: 5000000,
Cold Start: false
Unique ID: 447fcc10f2d979f6793fd517d461f4fa,
Execution Time for Trace ID 447fcc10f2d979f6793fd517d461f4fa: 338 ms
Input: 5000000,
Cold Start: false
Unique ID: 005a42937f8379926400accf0470aad8,
Execution Time for Trace ID 005a42937f8379926400accf0470aad8: 289 ms
Input: 5000000,
Cold Start: false
Unique ID: 6e9655cfb481b9fa2837b4f64d75272f,
Execution Time for Trace ID 6e9655cfb481b9fa2837b4f64d75272f: 348 ms
Input: 5000000,
Cold Start: false
Unique ID: fdd121cd7abc747bcc21065d9a9d8d1c,
Execution Time for Trace ID fdd121cd7abc747bcc21065d9a9d8d1c: 413 ms
Input: 5000000,
Cold Start: false
Unique ID: 70a0c984277538eb0ec9313e174caf18,
Execution Time for Trace ID 70a0c984277538eb0ec9313e174caf18: 166 ms
Input: 5000000,
Cold Start: false
Unique ID: 0b29be58d4e8873ec8ea004f43758225,
Execution Time for Trace ID 0b29be58d4e8873ec8ea004f43758225: 371 ms
Input: 5000000,
Cold Start: false
Unique ID: 3beffa57715de65bcd0334b9ccf7a6ef,
Execution Time for Trace ID 3beffa57715de65bcd0334b9ccf7a6ef: 377 ms
Input: 5000000,
Cold Start: false
Unique ID: e4fabb95b96ee78612bd9c53e42d71f5,
Execution Time for Trace ID e4fabb95b96ee78612bd9c53e42d71f5: 439 ms
Input: 5000000,
Cold Start: false
Unique ID: 0a319a9ab5f5587cf376ee1cc3187b1a,
Execution Time for Trace ID 0a319a9ab5f5587cf376ee1cc3187b1a: 287 ms
Input: 5000000,
Cold Start: false
Unique ID: 7db59190302983d9119a1754f6b2c6d7,
Execution Time for Trace ID 7db59190302983d9119a1754f6b2c6d7: 343 ms
Input: 5000000,
Cold Start: false
Unique ID: 62d3e9115bdd9c4f116ce67abb36a872,
Execution Time for Trace ID 62d3e9115bdd9c4f116ce67abb36a872: 340 ms
Input: 5000000,
Cold Start: false
Unique ID: 40dab98cefffc15cd8d26339ed441498,
Execution Time for Trace ID 40dab98cefffc15cd8d26339ed441498: 370 ms
Input: 5000000,
Cold Start: false
Unique ID: 7742a7570d3a2b7e173371034514ded0,
Execution Time for Trace ID 7742a7570d3a2b7e173371034514ded0: 289 ms
Input: 5000000,
Cold Start: false
Unique ID: e28aabb65a88e2c996d7af2e89e517b4,
Execution Time for Trace ID e28aabb65a88e2c996d7af2e89e517b4: 337 ms
Input: 5000000,
Cold Start: false
Unique ID: 93dc31a2c429e9baf06a2daca2e902a1,
Execution Time for Trace ID 93dc31a2c429e9baf06a2daca2e902a1: 364 ms
Input: 5000000,
Cold Start: false
Unique ID: 6fb54dceaa68ac684e61b00901688347,
Execution Time for Trace ID 6fb54dceaa68ac684e61b00901688347: 313 ms
Input: 5000000,
Cold Start: false
Unique ID: a6bc74ccc799aae05a508ee9624b43b7,
Execution Time for Trace ID a6bc74ccc799aae05a508ee9624b43b7: 289 ms
Input: 5000000,
Cold Start: false
Unique ID: c9862b307cf1739bf48818ccd2dd1134,
Execution Time for Trace ID c9862b307cf1739bf48818ccd2dd1134: 342 ms
Input: 5000000,
Cold Start: false
Unique ID: 7e285cc973bc2bde92cf06bbde70bdaa,
Execution Time for Trace ID 7e285cc973bc2bde92cf06bbde70bdaa: 366 ms
Input: 5000000,
Cold Start: false
Unique ID: 9eba773bc756dc37f9e7e68d11edef75,
Execution Time for Trace ID 9eba773bc756dc37f9e7e68d11edef75: 416 ms
Input: 5000000,
Cold Start: false
Unique ID: 96ebb78ecf3ea34c68ed5c9909a29738,
Execution Time for Trace ID 96ebb78ecf3ea34c68ed5c9909a29738: 356 ms
Input: 5000000,
Cold Start: false
Unique ID: 88d390fdfa2dec7d15365d12b49c26fa,
Execution Time for Trace ID 88d390fdfa2dec7d15365d12b49c26fa: 360 ms
Input: 5000000,
Cold Start: false
Unique ID: 02a04fc7a472c401dd8d75b4893000ac,
Execution Time for Trace ID 02a04fc7a472c401dd8d75b4893000ac: 405 ms
Input: 5000000,
Cold Start: false
Unique ID: 3fe6e78b1075baa739f2e28796f4b800,
Execution Time for Trace ID 3fe6e78b1075baa739f2e28796f4b800: 360 ms
Input: 5000000,
Cold Start: false
Unique ID: d9da8809512408b1a1e8938cae5ca52a,
Execution Time for Trace ID d9da8809512408b1a1e8938cae5ca52a: 330 ms
Input: 5000000,
Cold Start: false
Unique ID: 6866600512adace1579904d7092feeba,
Execution Time for Trace ID 6866600512adace1579904d7092feeba: 384 ms
Input: 5000000,
Cold Start: false
Unique ID: 9da681edf99879ae8514de1215735519,
Execution Time for Trace ID 9da681edf99879ae8514de1215735519: 359 ms
Input: 5000000,
Cold Start: false
Unique ID: cc38d473fa0e80d4e39e9b68fcf93733,
Execution Time for Trace ID cc38d473fa0e80d4e39e9b68fcf93733: 424 ms
Input: 5000000,
Cold Start: false
Unique ID: ae0aed665b485b6dee2e63b94dbe5048,
Execution Time for Trace ID ae0aed665b485b6dee2e63b94dbe5048: 306 ms
Input: 5000000,
Cold Start: false
Unique ID: b3551098e42d2607e0a9d5c19b7da995,
Execution Time for Trace ID b3551098e42d2607e0a9d5c19b7da995: 345 ms
Input: 5000000,
Cold Start: false
Unique ID: 63e06930ee0fb90b8eeec92baca35772,
Execution Time for Trace ID 63e06930ee0fb90b8eeec92baca35772: 332 ms
Input: 5000000,
Cold Start: false
Unique ID: 156d51d784cfda1b6f69e013776fd02f,
Execution Time for Trace ID 156d51d784cfda1b6f69e013776fd02f: 352 ms
Input: 5000000,
Cold Start: false
Unique ID: 455fa680f31b46c7d61b9d6292e6545f,
Execution Time for Trace ID 455fa680f31b46c7d61b9d6292e6545f: 354 ms
Input: 5000000,
Cold Start: false
Unique ID: 8d3c3aeebad5c1b0fd5978fca3d6b767,
Execution Time for Trace ID 8d3c3aeebad5c1b0fd5978fca3d6b767: 317 ms
Input: 5000000,
Cold Start: false
Unique ID: e0653adbe4bf2285b466fee03de75a31,
Execution Time for Trace ID e0653adbe4bf2285b466fee03de75a31: 300 ms
Input: 5000000,
Cold Start: false
Unique ID: f26a62c51a39d609ccff078e5b4a2874,
Execution Time for Trace ID f26a62c51a39d609ccff078e5b4a2874: 342 ms
Input: 5000000,
Cold Start: false
Unique ID: bfcf1f2363f8559517b24d65f9e929cb,
Execution Time for Trace ID bfcf1f2363f8559517b24d65f9e929cb: 358 ms
Input: 5000000,
Cold Start: false
Unique ID: 34e0c5baa069b6266f9b29355b60386a,
Execution Time for Trace ID 34e0c5baa069b6266f9b29355b60386a: 318 ms
Input: 5000000,
Cold Start: false
Unique ID: 8e17992bfd4b4f3483d9274a7b1a984b,
Execution Time for Trace ID 8e17992bfd4b4f3483d9274a7b1a984b: 336 ms
Input: 5000000,
Cold Start: false
Unique ID: 1f328a20e62ae09b9f49a0f809b4c6c0,
Execution Time for Trace ID 1f328a20e62ae09b9f49a0f809b4c6c0: 438 ms
Input: 5000000,
Cold Start: false
Unique ID: bea00d4f955e1eaef3f2a01efec76843,
Execution Time for Trace ID bea00d4f955e1eaef3f2a01efec76843: 319 ms
Input: 5000000,
Cold Start: false
Unique ID: c8b375bd483316c0ce3657fd28da06ad,
Execution Time for Trace ID c8b375bd483316c0ce3657fd28da06ad: 344 ms
Input: 5000000,
Cold Start: false
Unique ID: a41d6509f00dc43b973f60c87259babe,
Execution Time for Trace ID a41d6509f00dc43b973f60c87259babe: 363 ms
Input: 5000000,
Cold Start: false
Unique ID: 2926f9662d97e6999ad46d929f78c132,
Execution Time for Trace ID 2926f9662d97e6999ad46d929f78c132: 401 ms
Input: 5000000,
Cold Start: false
Unique ID: 47973ce02d39083155fdcebc19c22f6a,
Execution Time for Trace ID 47973ce02d39083155fdcebc19c22f6a: 327 ms
Input: 5000000,
Cold Start: false
Unique ID: 64186c418c7a02e10066ca012802417d,
Execution Time for Trace ID 64186c418c7a02e10066ca012802417d: 400 ms
Input: 5000000,
Cold Start: false
Unique ID: 8740e619d659739c4fcbec8fcc35bc48,
Execution Time for Trace ID 8740e619d659739c4fcbec8fcc35bc48: 340 ms
Input: 5000000,
Cold Start: false
Unique ID: bf0efa20a36dadb3fd84200c9a0a4378,
Execution Time for Trace ID bf0efa20a36dadb3fd84200c9a0a4378: 293 ms
Input: 5000000,
Cold Start: false
Unique ID: 6c0da03fc0527c7bd017ca07ffd4f22c,
Execution Time for Trace ID 6c0da03fc0527c7bd017ca07ffd4f22c: 332 ms
Input: 5000000,
Cold Start: false
Unique ID: 0358fd24663fba2d74691c30e62cc4dc,
Execution Time for Trace ID 0358fd24663fba2d74691c30e62cc4dc: 400 ms
Input: 5000000,
Cold Start: false
Unique ID: 933d8bdcafeafca55d4b3255f873d703,
Execution Time for Trace ID 933d8bdcafeafca55d4b3255f873d703: 290 ms
Input: 5000000,
Cold Start: false
Unique ID: 92181ade0e3cae5b0d4ad05b6e06fa52,
Execution Time for Trace ID 92181ade0e3cae5b0d4ad05b6e06fa52: 346 ms
Input: 5000000,
Cold Start: false
Unique ID: bbd521ac2016cc220c7d297631b64bb8,
Execution Time for Trace ID bbd521ac2016cc220c7d297631b64bb8: 319 ms
Input: 5000000,
Cold Start: false
Unique ID: 72a1192acc779ebde449f77b0bb80ad7,
Execution Time for Trace ID 72a1192acc779ebde449f77b0bb80ad7: 341 ms
Input: 5000000,
Cold Start: false
Unique ID: 43c964711fae578afbc887decbfb83fc,
Execution Time for Trace ID 43c964711fae578afbc887decbfb83fc: 294 ms
Input: 5000000,
Cold Start: false
Unique ID: 0f58c757a2b58ae04877431974bb6f32,
Execution Time for Trace ID 0f58c757a2b58ae04877431974bb6f32: 402 ms
Input: 5000000,
Cold Start: false
Unique ID: 1161a48f31ae9323f1772a3fbcf608c0,
Execution Time for Trace ID 1161a48f31ae9323f1772a3fbcf608c0: 331 ms
Input: 5000000,
Cold Start: false
Unique ID: 79398b0c80f39f0f4af028cc704a0504,
Execution Time for Trace ID 79398b0c80f39f0f4af028cc704a0504: 405 ms
Input: 5000000,
Cold Start: false
Unique ID: 53f9a652e37a952cd1d9d257b449f516,
Execution Time for Trace ID 53f9a652e37a952cd1d9d257b449f516: 349 ms
Input: 5000000,
Cold Start: false
Unique ID: cb8922d5439bd8c29fdcfe086e9996a6,
Execution Time for Trace ID cb8922d5439bd8c29fdcfe086e9996a6: 377 ms
Input: 5000000,
Cold Start: false
Unique ID: 403c13e649d491f6a01bd153b52a19b0,
Execution Time for Trace ID 403c13e649d491f6a01bd153b52a19b0: 321 ms
Input: 5000000,
Cold Start: false
Unique ID: cd3e4b73662c9947092d9907087d2fa2,
Execution Time for Trace ID cd3e4b73662c9947092d9907087d2fa2: 191 ms
Input: 5000000,
Cold Start: false
Unique ID: f752ad8b9c13b56c38fb132725424a80,
Execution Time for Trace ID f752ad8b9c13b56c38fb132725424a80: 347 ms
Input: 5000000,
Cold Start: false
Unique ID: 086f8bfb9a2b78d642e9cc175f25187f,
Execution Time for Trace ID 086f8bfb9a2b78d642e9cc175f25187f: 408 ms
Input: 5000000,
Cold Start: false
Unique ID: 849b132baac2bd54f530555268d2fb19,
Execution Time for Trace ID 849b132baac2bd54f530555268d2fb19: 314 ms
Input: 5000000,
Cold Start: false
Unique ID: 98181f555980908dcc67ce7b2d9b09b4,
Execution Time for Trace ID 98181f555980908dcc67ce7b2d9b09b4: 356 ms
Input: 5000000,
Cold Start: false
Unique ID: 117c2a2b03084fdb51ff437b972db5cd,
Execution Time for Trace ID 117c2a2b03084fdb51ff437b972db5cd: 342 ms
Input: 5000000,
Cold Start: false
Unique ID: cf6e41716dbb1b1e8498e3a676a353ce,
Execution Time for Trace ID cf6e41716dbb1b1e8498e3a676a353ce: 391 ms
Input: 5000000,
Cold Start: false
Unique ID: e2179fe142ec52b9d4f03bfcbb8f648a,
Execution Time for Trace ID e2179fe142ec52b9d4f03bfcbb8f648a: 314 ms
Input: 5000000,
Cold Start: false
Unique ID: 690a362ffdb9c28207c7425a6d1fe919,
Execution Time for Trace ID 690a362ffdb9c28207c7425a6d1fe919: 341 ms
Input: 5000000,
Cold Start: false
Unique ID: 826a4b7d8a20041e8c564abea8f0d64d,
Execution Time for Trace ID 826a4b7d8a20041e8c564abea8f0d64d: 344 ms
Input: 5000000,
Cold Start: false
Unique ID: 99e24895494d8db77134f8ff7b093cc5,
Execution Time for Trace ID 99e24895494d8db77134f8ff7b093cc5: 293 ms
Input: 5000000,
Cold Start: false
Unique ID: 41ea81874dddf4a2ec0e7dc1f3d26a33,
Execution Time for Trace ID 41ea81874dddf4a2ec0e7dc1f3d26a33: 334 ms
Input: 5000000,
Cold Start: false
Unique ID: 7dbfa7a8462fc4bd8979eebfd9e2c1b6,
Execution Time for Trace ID 7dbfa7a8462fc4bd8979eebfd9e2c1b6: 404 ms
Input: 5000000,
Cold Start: false
Unique ID: 0b7f55934f886b8a969138b8ff18302b,
Execution Time for Trace ID 0b7f55934f886b8a969138b8ff18302b: 338 ms
Input: 5000000,
Cold Start: false
Unique ID: 12f34901ba1ae328f2e4c9d16604955c,
Execution Time for Trace ID 12f34901ba1ae328f2e4c9d16604955c: 290 ms
Input: 5000000,
Cold Start: false
Unique ID: 46219a308bd9bae0fa277d0db908b996,
Execution Time for Trace ID 46219a308bd9bae0fa277d0db908b996: 330 ms
Input: 5000000,
Cold Start: false
Unique ID: bd83023e78de4ad90f42043ed54c1784,
Execution Time for Trace ID bd83023e78de4ad90f42043ed54c1784: 343 ms
Input: 5000000,
Cold Start: false
Unique ID: 8998cd4228e84f051ec5c1ab8f01d3c8,
Execution Time for Trace ID 8998cd4228e84f051ec5c1ab8f01d3c8: 331 ms
Input: 5000000,
Cold Start: false
Unique ID: 2094f87b0c55e2755c1ea749464079a4,
Execution Time for Trace ID 2094f87b0c55e2755c1ea749464079a4: 279 ms
Input: 5000000,
Cold Start: false
Unique ID: 75608bffcb74b05577e09fce8f805435,
Execution Time for Trace ID 75608bffcb74b05577e09fce8f805435: 317 ms
Input: 5000000,
Cold Start: false
Unique ID: f0af35799518516910c91ad8db70399f,
Execution Time for Trace ID f0af35799518516910c91ad8db70399f: 344 ms
Input: 5000000,
Cold Start: false
Unique ID: 02027458c75173dc5269cc7008e4995d,
Execution Time for Trace ID 02027458c75173dc5269cc7008e4995d: 459 ms
Input: 5000000,
Cold Start: false
Unique ID: dce235a74e633acfeab7f64499b6bb5b,
Execution Time for Trace ID dce235a74e633acfeab7f64499b6bb5b: 463 ms
Input: 5000000,
Cold Start: false
Unique ID: 93de30ea95184802b9c883874c652f74,
Execution Time for Trace ID 93de30ea95184802b9c883874c652f74: 336 ms
Input: 5000000,
Cold Start: false
Unique ID: e3cb21a0127735ff209c88e541289edb,
Execution Time for Trace ID e3cb21a0127735ff209c88e541289edb: 403 ms
Input: 5000000,
Cold Start: false
Unique ID: 16273c7e809e52ee937ce4a495adf6d0,
Execution Time for Trace ID 16273c7e809e52ee937ce4a495adf6d0: 438 ms
Input: 5000000,
Cold Start: false
Unique ID: 9bb198d9545d451802ceef975cb49ead,
Execution Time for Trace ID 9bb198d9545d451802ceef975cb49ead: 389 ms
Input: 5000000,
Cold Start: false
Unique ID: 935066ee9eb878a6b5820f48c3cf1a66,
Execution Time for Trace ID 935066ee9eb878a6b5820f48c3cf1a66: 333 ms
Input: 5000000,
Cold Start: false
Unique ID: d8e463dccaa9442cd6642cdc56833443,
Execution Time for Trace ID d8e463dccaa9442cd6642cdc56833443: 402 ms
Input: 5000000,
Cold Start: false
Unique ID: b0b15e7760ed2d0cb161eb958ecbc3e7,
Execution Time for Trace ID b0b15e7760ed2d0cb161eb958ecbc3e7: 341 ms
Input: 5000000,
Cold Start: false
Unique ID: 05f9e6d9e4e707751059de8fc7e2e687,
Execution Time for Trace ID 05f9e6d9e4e707751059de8fc7e2e687: 352 ms
Input: 5000000,
Cold Start: false
Unique ID: 62be8867401aba2e0d1c53cddfde533c,
Execution Time for Trace ID 62be8867401aba2e0d1c53cddfde533c: 332 ms
Input: 5000000,
Cold Start: false
Unique ID: 85fd4315d872963337c6cb9bd6f41750,
Execution Time for Trace ID 85fd4315d872963337c6cb9bd6f41750: 404 ms
Input: 5000000,
Cold Start: false
Unique ID: ee7edd82e49758f0157ef96b13625f67,
Execution Time for Trace ID ee7edd82e49758f0157ef96b13625f67: 343 ms
Input: 5000000,
Cold Start: false
Unique ID: b29879d05b1f14841bfe39a0d883fb93,
Execution Time for Trace ID b29879d05b1f14841bfe39a0d883fb93: 291 ms
Input: 5000000,
Cold Start: false
Unique ID: 6fa8cba573aca96b254ed02dd5bffe43,
Execution Time for Trace ID 6fa8cba573aca96b254ed02dd5bffe43: 317 ms
Input: 5000000,
Cold Start: false
Unique ID: 9bc13081f28e1cd3ac02eecf087fd2bb,
Execution Time for Trace ID 9bc13081f28e1cd3ac02eecf087fd2bb: 337 ms
Input: 5000000,
Cold Start: false
Unique ID: 89fedd6c88a61cbbbfcf30f05e2e309a,
Execution Time for Trace ID 89fedd6c88a61cbbbfcf30f05e2e309a: 341 ms
Input: 5000000,
Cold Start: false
Unique ID: 7069cbf407079dcc582b7c10f48c9136,
Execution Time for Trace ID 7069cbf407079dcc582b7c10f48c9136: 288 ms
Input: 5000000,
Cold Start: false
Unique ID: 6014048199686ac43fa1f3d1f45531da,
Execution Time for Trace ID 6014048199686ac43fa1f3d1f45531da: 316 ms
Input: 5000000,
Cold Start: false
Unique ID: ded9fb3cf1ab2d419cb9e5bac77731cd,
Execution Time for Trace ID ded9fb3cf1ab2d419cb9e5bac77731cd: 337 ms
Input: 5000000,
Cold Start: false
Unique ID: 9a3b81a9a13257acbd7d4d99226c9e21,
Execution Time for Trace ID 9a3b81a9a13257acbd7d4d99226c9e21: 293 ms
Input: 5000000,
Cold Start: false
Unique ID: adccab95d92f300a7db42c364a5df314,
Execution Time for Trace ID adccab95d92f300a7db42c364a5df314: 407 ms
Input: 5000000,
Cold Start: false
Unique ID: a17bbb326377fbc9119c3cd98a5dad1e,
Execution Time for Trace ID a17bbb326377fbc9119c3cd98a5dad1e: 327 ms
Input: 5000000,
Cold Start: false
Unique ID: 25cd525daadfbcfda8eaa4d9d6878b42,
Execution Time for Trace ID 25cd525daadfbcfda8eaa4d9d6878b42: 399 ms
Input: 5000000,
Cold Start: false
Unique ID: d614f074186b96148ae2f6f8a9810be1,
Execution Time for Trace ID d614f074186b96148ae2f6f8a9810be1: 339 ms
Input: 5000000,
Cold Start: false
Unique ID: 5f3f2eef7168257d609294a2e55000b6,
Execution Time for Trace ID 5f3f2eef7168257d609294a2e55000b6: 402 ms
Input: 5000000,
Cold Start: false
Unique ID: 579932f052a330f0f3b38f76b61897f3,
Execution Time for Trace ID 579932f052a330f0f3b38f76b61897f3: 318 ms
Input: 5000000,
Cold Start: false
Unique ID: 68d7c8741b1e631610f1b96817e96f99,
Execution Time for Trace ID 68d7c8741b1e631610f1b96817e96f99: 336 ms
Input: 5000000,
Cold Start: false
Unique ID: be5ea671c25cdda5e81ed762262fd899,
Execution Time for Trace ID be5ea671c25cdda5e81ed762262fd899: 344 ms
Input: 5000000,
Cold Start: false
Unique ID: f6783c0fcdac373e3d27465ca2f46f2a,
Execution Time for Trace ID f6783c0fcdac373e3d27465ca2f46f2a: 410 ms
Input: 5000000,
Cold Start: false
Unique ID: f7fca2daf291f34edf9b210234e9e3ed,
Execution Time for Trace ID f7fca2daf291f34edf9b210234e9e3ed: 314 ms
Input: 5000000,
Cold Start: false
Unique ID: 261316654ae717d0e3b31d768eac6c10,
Execution Time for Trace ID 261316654ae717d0e3b31d768eac6c10: 340 ms
Input: 5000000,
Cold Start: false
Unique ID: 2df0c0ebc2726fecc4bc923281aa50e0,
Execution Time for Trace ID 2df0c0ebc2726fecc4bc923281aa50e0: 350 ms
Input: 5000000,
Cold Start: false
Unique ID: af374b7622de6a3f190434a5e9adda02,
Execution Time for Trace ID af374b7622de6a3f190434a5e9adda02: 412 ms
Input: 5000000,
Cold Start: false
Unique ID: 1663557fe3643b7cfc9e31fd625ee31e,
Execution Time for Trace ID 1663557fe3643b7cfc9e31fd625ee31e: 316 ms
Input: 5000000,
Cold Start: false
Unique ID: 8364e25eddc98296c1cb6456d5f170f1,
Execution Time for Trace ID 8364e25eddc98296c1cb6456d5f170f1: 340 ms
Input: 5000000,
Cold Start: false
Unique ID: c36bd039dad11683673006b331ed0703,
Execution Time for Trace ID c36bd039dad11683673006b331ed0703: 338 ms
Input: 5000000,
Cold Start: false
Unique ID: 67e1991d25c0259c685001d073f7d8cb,
Execution Time for Trace ID 67e1991d25c0259c685001d073f7d8cb: 370 ms
Input: 5000000,
Cold Start: false
