Unique ID: a0419989-86d6-49c8-8703-8d382ef763e2,
Billed Duration for Request a0419989-86d6-49c8-8703-8d382ef763e2: 137 ms
Input: 1102500,
Cold Start: false
Unique ID: 950d32eb-ec6e-4292-82f3-bccc674df538,
Billed Duration for Request 950d32eb-ec6e-4292-82f3-bccc674df538: 109 ms
Input: 1102500,
Cold Start: false
Unique ID: e88ee70e-3e53-4422-940f-4ea9cc8c3087,
Billed Duration for Request e88ee70e-3e53-4422-940f-4ea9cc8c3087: 100 ms
Input: 1102500,
Cold Start: false
Unique ID: eb3a5615-ee95-4ae4-b6d1-d7078ca1dc5c,
Billed Duration for Request eb3a5615-ee95-4ae4-b6d1-d7078ca1dc5c: 108 ms
Input: 1102500,
Cold Start: false
Unique ID: f729bede-7d5e-4eac-b290-fd623ddf9d86,
Billed Duration for Request f729bede-7d5e-4eac-b290-fd623ddf9d86: 92 ms
Input: 1102500,
Cold Start: false
Unique ID: 3ed9dad8-9d22-493a-bdf9-e7dc141f8e12,
Billed Duration for Request 3ed9dad8-9d22-493a-bdf9-e7dc141f8e12: 96 ms
Input: 1102500,
Cold Start: false
Unique ID: 39d9b4ab-7a01-4b09-a68d-60b1c5a2419e,
Billed Duration for Request 39d9b4ab-7a01-4b09-a68d-60b1c5a2419e: 92 ms
Input: 1102500,
Cold Start: false
Unique ID: 4ae8f0eb-c506-4d1e-86ea-f38ccd01dc37,
Billed Duration for Request 4ae8f0eb-c506-4d1e-86ea-f38ccd01dc37: 99 ms
Input: 1102500,
Cold Start: false
Unique ID: 4950d09c-46f2-452a-8c6a-c59f74a69273,
Billed Duration for Request 4950d09c-46f2-452a-8c6a-c59f74a69273: 91 ms
Input: 1102500,
Cold Start: false
Unique ID: c58ae53f-748c-4b45-8eee-51688711c551,
Billed Duration for Request c58ae53f-748c-4b45-8eee-51688711c551: 95 ms
Input: 1102500,
Cold Start: false
Unique ID: 5fc6a308-5a55-4c4a-97bb-1d0105c9f574,
Billed Duration for Request 5fc6a308-5a55-4c4a-97bb-1d0105c9f574: 99 ms
Input: 1102500,
Cold Start: false
Unique ID: 2807fb50-c95e-4ca5-9c82-72ad5f886fe5,
Billed Duration for Request 2807fb50-c95e-4ca5-9c82-72ad5f886fe5: 95 ms
Input: 1102500,
Cold Start: false
Unique ID: 4c8be46c-398b-49ab-a3c4-b71b6c3ff096,
Billed Duration for Request 4c8be46c-398b-49ab-a3c4-b71b6c3ff096: 95 ms
Input: 1102500,
Cold Start: false
Unique ID: e70dc446-8323-4f4e-8bc3-e8db0d58b1fc,
Billed Duration for Request e70dc446-8323-4f4e-8bc3-e8db0d58b1fc: 96 ms
Input: 1102500,
Cold Start: false
Unique ID: 4e4217ef-268b-4f29-bfbd-ca25d313fa7e,
Billed Duration for Request 4e4217ef-268b-4f29-bfbd-ca25d313fa7e: 95 ms
Input: 1102500,
Cold Start: false
Unique ID: d837eec6-4515-4b22-9b4d-7ee30635befd,
Billed Duration for Request d837eec6-4515-4b22-9b4d-7ee30635befd: 95 ms
Input: 1102500,
Cold Start: false
Unique ID: d378dd20-f448-4c8c-a1d5-82c62f2448a6,
Billed Duration for Request d378dd20-f448-4c8c-a1d5-82c62f2448a6: 99 ms
Input: 1102500,
Cold Start: false
Unique ID: 1709ff60-1641-4567-9d6a-efa334083eef,
Billed Duration for Request 1709ff60-1641-4567-9d6a-efa334083eef: 100 ms
Input: 1102500,
Cold Start: false
Unique ID: f4756e82-35a2-473a-b810-18b70cd04601,
Billed Duration for Request f4756e82-35a2-473a-b810-18b70cd04601: 99 ms
Input: 1102500,
Cold Start: false
Unique ID: bc7e67c2-a5a7-41df-9681-d5177a621e11,
Billed Duration for Request bc7e67c2-a5a7-41df-9681-d5177a621e11: 95 ms
Input: 1102500,
Cold Start: false
Unique ID: 255ac5a6-9ec8-488f-9b0d-32d2cc20f277,
Billed Duration for Request 255ac5a6-9ec8-488f-9b0d-32d2cc20f277: 99 ms
Input: 1102500,
Cold Start: false
Unique ID: 9a04f218-90a2-47ea-a525-452c23871b63,
Billed Duration for Request 9a04f218-90a2-47ea-a525-452c23871b63: 95 ms
Input: 1102500,
Cold Start: false
Unique ID: 5de075a5-00d8-45f4-a800-3249bc115659,
Billed Duration for Request 5de075a5-00d8-45f4-a800-3249bc115659: 95 ms
Input: 1102500,
Cold Start: false
Unique ID: da28649c-ae85-49e0-90ff-60206442bba3,
Billed Duration for Request da28649c-ae85-49e0-90ff-60206442bba3: 91 ms
Input: 1102500,
Cold Start: false
Unique ID: 418ec101-0965-4a8b-9703-0a64c538acd7,
Billed Duration for Request 418ec101-0965-4a8b-9703-0a64c538acd7: 91 ms
Input: 1102500,
Cold Start: false
Unique ID: acb6caaa-93d4-4626-a8e6-7084cfda76bc,
Billed Duration for Request acb6caaa-93d4-4626-a8e6-7084cfda76bc: 99 ms
Input: 1102500,
Cold Start: false
Unique ID: 7120d596-6425-4b54-bb89-87185c74f247,
Billed Duration for Request 7120d596-6425-4b54-bb89-87185c74f247: 103 ms
Input: 1102500,
Cold Start: false
Unique ID: 5f9b50f0-f26c-4c70-9451-63090bb9d41d,
Billed Duration for Request 5f9b50f0-f26c-4c70-9451-63090bb9d41d: 95 ms
Input: 1102500,
Cold Start: false
Unique ID: 75d26e98-06bf-4254-895e-a41e7fff3124,
Billed Duration for Request 75d26e98-06bf-4254-895e-a41e7fff3124: 99 ms
Input: 1102500,
Cold Start: false
Unique ID: 31716015-dd0b-442f-b3fa-2c48c8f1a80c,
Billed Duration for Request 31716015-dd0b-442f-b3fa-2c48c8f1a80c: 99 ms
Input: 1102500,
Cold Start: false
Unique ID: afa612ed-b130-4af7-bead-0dc51cb2810c,
Billed Duration for Request afa612ed-b130-4af7-bead-0dc51cb2810c: 95 ms
Input: 1102500,
Cold Start: false
Unique ID: 236714eb-c83b-42bd-8c03-e5446d1669ac,
Billed Duration for Request 236714eb-c83b-42bd-8c03-e5446d1669ac: 96 ms
Input: 1102500,
Cold Start: false
Unique ID: 506df812-fd0d-4654-90e6-3a30316418a4,
Billed Duration for Request 506df812-fd0d-4654-90e6-3a30316418a4: 96 ms
Input: 1102500,
Cold Start: false
Unique ID: 5ac2d733-5610-4221-a19e-c9659b85a224,
Billed Duration for Request 5ac2d733-5610-4221-a19e-c9659b85a224: 99 ms
Input: 1102500,
Cold Start: false
Unique ID: 3311d197-ba46-4601-8326-289a44ec891e,
Billed Duration for Request 3311d197-ba46-4601-8326-289a44ec891e: 91 ms
Input: 1102500,
Cold Start: false
Unique ID: 5502f3e9-58a0-46df-8aec-0f8e2ce67af1,
Billed Duration for Request 5502f3e9-58a0-46df-8aec-0f8e2ce67af1: 103 ms
Input: 1102500,
Cold Start: false
Unique ID: 0c58cb23-91ba-4790-b2d2-335e809cf50b,
Billed Duration for Request 0c58cb23-91ba-4790-b2d2-335e809cf50b: 99 ms
Input: 1102500,
Cold Start: false
Unique ID: a9d60e5b-9efa-4a3a-88e0-61dd873fd432,
Billed Duration for Request a9d60e5b-9efa-4a3a-88e0-61dd873fd432: 95 ms
Input: 1102500,
Cold Start: false
Unique ID: 236f52d5-36a3-47eb-a358-a19838d5cab1,
Billed Duration for Request 236f52d5-36a3-47eb-a358-a19838d5cab1: 100 ms
Input: 1102500,
Cold Start: false
Unique ID: 6bb13dfe-6639-46ab-878b-32fb70c971d1,
Billed Duration for Request 6bb13dfe-6639-46ab-878b-32fb70c971d1: 96 ms
Input: 1102500,
Cold Start: false
Unique ID: 4fdd42e6-3d2e-4596-b49f-dc61ad7ff793,
Billed Duration for Request 4fdd42e6-3d2e-4596-b49f-dc61ad7ff793: 96 ms
Input: 1102500,
Cold Start: false
Unique ID: bee761aa-387d-4a8d-852b-9d38c53e1a69,
Billed Duration for Request bee761aa-387d-4a8d-852b-9d38c53e1a69: 87 ms
Input: 1102500,
Cold Start: false
Unique ID: 92514156-2854-4b30-b343-ef669f0361d0,
Billed Duration for Request 92514156-2854-4b30-b343-ef669f0361d0: 100 ms
Input: 1102500,
Cold Start: false
Unique ID: e6660742-e738-40e7-8a38-cbc61c429294,
Billed Duration for Request e6660742-e738-40e7-8a38-cbc61c429294: 107 ms
Input: 1102500,
Cold Start: false
Unique ID: 61388f69-d78c-4052-bb96-13a3a6d5beb9,
Billed Duration for Request 61388f69-d78c-4052-bb96-13a3a6d5beb9: 104 ms
Input: 1102500,
Cold Start: false
Unique ID: 777db16b-16a3-4f01-ae50-e0baff0657b1,
Billed Duration for Request 777db16b-16a3-4f01-ae50-e0baff0657b1: 96 ms
Input: 1102500,
Cold Start: false
Unique ID: 582677dd-fa83-41ee-880f-64743e1b8326,
Billed Duration for Request 582677dd-fa83-41ee-880f-64743e1b8326: 91 ms
Input: 1102500,
Cold Start: false
Unique ID: 48342266-e365-4666-9a0e-cc0526d5b4ec,
Billed Duration for Request 48342266-e365-4666-9a0e-cc0526d5b4ec: 105 ms
Input: 1102500,
Cold Start: false
Unique ID: 527d881a-3c6c-4e23-b2db-f34befd41337,
Billed Duration for Request 527d881a-3c6c-4e23-b2db-f34befd41337: 96 ms
Input: 1102500,
Cold Start: false
Unique ID: 8161d37a-7fa0-4431-acf5-eaff80dbcf79,
Billed Duration for Request 8161d37a-7fa0-4431-acf5-eaff80dbcf79: 96 ms
Input: 1102500,
Cold Start: false
Unique ID: daf17e5c-f9c5-4f0d-8189-22dafff07fb3,
Billed Duration for Request daf17e5c-f9c5-4f0d-8189-22dafff07fb3: 112 ms
Input: 1102500,
Cold Start: false
Unique ID: ece5fd6c-75cd-4d9e-9dff-3db9e21619ea,
Billed Duration for Request ece5fd6c-75cd-4d9e-9dff-3db9e21619ea: 104 ms
Input: 1102500,
Cold Start: false
Unique ID: 2ac9dcab-e6dc-4baa-b6d6-776ad24c28ad,
Billed Duration for Request 2ac9dcab-e6dc-4baa-b6d6-776ad24c28ad: 104 ms
Input: 1102500,
Cold Start: false
Unique ID: f03a156c-ac46-4762-a1a6-bdecf1255a73,
Billed Duration for Request f03a156c-ac46-4762-a1a6-bdecf1255a73: 96 ms
Input: 1102500,
Cold Start: false
Unique ID: b8920317-d1c7-43b1-bded-af2fe519326e,
Billed Duration for Request b8920317-d1c7-43b1-bded-af2fe519326e: 96 ms
Input: 1102500,
Cold Start: false
Unique ID: dafbd35d-2514-48c6-a24e-6fc8b8bd8e22,
Billed Duration for Request dafbd35d-2514-48c6-a24e-6fc8b8bd8e22: 108 ms
Input: 1102500,
Cold Start: false
Unique ID: 37b3e147-604f-4e55-8bea-00f3d47c9e72,
Billed Duration for Request 37b3e147-604f-4e55-8bea-00f3d47c9e72: 92 ms
Input: 1102500,
Cold Start: false
Unique ID: 74a7f4e5-7356-4263-bc6c-e5960a8196b1,
Billed Duration for Request 74a7f4e5-7356-4263-bc6c-e5960a8196b1: 96 ms
Input: 1102500,
Cold Start: false
Unique ID: d7566daf-d124-4fe3-ae6d-c7adf0bcf52b,
Billed Duration for Request d7566daf-d124-4fe3-ae6d-c7adf0bcf52b: 96 ms
Input: 1102500,
Cold Start: false
Unique ID: 4826fd4e-6086-4253-a768-78c734b71caf,
Billed Duration for Request 4826fd4e-6086-4253-a768-78c734b71caf: 119 ms
Input: 1102500,
Cold Start: false
Unique ID: 05966080-a969-4ac1-82cb-cb327b0c92f7,
Billed Duration for Request 05966080-a969-4ac1-82cb-cb327b0c92f7: 100 ms
Input: 1102500,
Cold Start: false
Unique ID: 5cb56391-4fa6-4bf1-b97b-72a2679a64ce,
Billed Duration for Request 5cb56391-4fa6-4bf1-b97b-72a2679a64ce: 95 ms
Input: 1102500,
Cold Start: false
Unique ID: 3e5a83a5-2cb5-462d-b82c-edaf91608f8c,
Billed Duration for Request 3e5a83a5-2cb5-462d-b82c-edaf91608f8c: 99 ms
Input: 1102500,
Cold Start: false
Unique ID: 20ae4be7-864e-48d2-9cfb-4b16498a9e1e,
Billed Duration for Request 20ae4be7-864e-48d2-9cfb-4b16498a9e1e: 96 ms
Input: 1102500,
Cold Start: false
Unique ID: 6feca44f-b1ae-490e-a292-7229c9d8ae67,
Billed Duration for Request 6feca44f-b1ae-490e-a292-7229c9d8ae67: 99 ms
Input: 1102500,
Cold Start: false
Unique ID: 75622b62-2b47-490d-b47e-cb7b687894c6,
Billed Duration for Request 75622b62-2b47-490d-b47e-cb7b687894c6: 95 ms
Input: 1102500,
Cold Start: false
Unique ID: 8ace545f-7459-4f76-91d6-d6077db5f85a,
Billed Duration for Request 8ace545f-7459-4f76-91d6-d6077db5f85a: 91 ms
Input: 1102500,
Cold Start: false
Unique ID: 17ba2ad0-9564-431f-9bb9-dd705ef9f2c7,
Billed Duration for Request 17ba2ad0-9564-431f-9bb9-dd705ef9f2c7: 92 ms
Input: 1102500,
Cold Start: false
Unique ID: 9143b636-e9b0-4673-ac82-a8c61be62bf9,
Billed Duration for Request 9143b636-e9b0-4673-ac82-a8c61be62bf9: 95 ms
Input: 1102500,
Cold Start: false
Unique ID: 5f7d7794-54f6-4fc0-a822-202f75bd5da8,
Billed Duration for Request 5f7d7794-54f6-4fc0-a822-202f75bd5da8: 96 ms
Input: 1102500,
Cold Start: false
Unique ID: 0343121e-a99b-4749-8eff-ad0faebc08ed,
Billed Duration for Request 0343121e-a99b-4749-8eff-ad0faebc08ed: 99 ms
Input: 1102500,
Cold Start: false
Unique ID: 447e15e0-b20f-4d0f-a584-e890995a4843,
Billed Duration for Request 447e15e0-b20f-4d0f-a584-e890995a4843: 92 ms
Input: 1102500,
Cold Start: false
Unique ID: 78b9c197-7303-445b-8f58-f3b7f60cc18a,
Billed Duration for Request 78b9c197-7303-445b-8f58-f3b7f60cc18a: 95 ms
Input: 1102500,
Cold Start: false
Unique ID: 8eb710d9-7b40-4467-9052-dd5031999753,
Billed Duration for Request 8eb710d9-7b40-4467-9052-dd5031999753: 99 ms
Input: 1102500,
Cold Start: false
Unique ID: 7095a885-8ac8-4c56-96fe-e1d24ae53050,
Billed Duration for Request 7095a885-8ac8-4c56-96fe-e1d24ae53050: 99 ms
Input: 1102500,
Cold Start: false
Unique ID: 69b04e21-73e4-48f8-b16d-49f632d2aaac,
Billed Duration for Request 69b04e21-73e4-48f8-b16d-49f632d2aaac: 96 ms
Input: 1102500,
Cold Start: false
Unique ID: 19a77b08-1fba-428e-a702-436b5c996242,
Billed Duration for Request 19a77b08-1fba-428e-a702-436b5c996242: 92 ms
Input: 1102500,
Cold Start: false
Unique ID: b0a56e3e-f5f9-43f5-8db6-ebbbeeca8fed,
Billed Duration for Request b0a56e3e-f5f9-43f5-8db6-ebbbeeca8fed: 100 ms
Input: 1102500,
Cold Start: false
Unique ID: c2d4fb4c-3662-44fc-88ad-00ea8660bbfe,
Billed Duration for Request c2d4fb4c-3662-44fc-88ad-00ea8660bbfe: 100 ms
Input: 1102500,
Cold Start: false
Unique ID: 36f73a8e-a4d3-40c6-957e-f407a70380d5,
Billed Duration for Request 36f73a8e-a4d3-40c6-957e-f407a70380d5: 96 ms
Input: 1102500,
Cold Start: false
Unique ID: d070eb4c-2765-49ac-98be-2193f71d593f,
Billed Duration for Request d070eb4c-2765-49ac-98be-2193f71d593f: 100 ms
Input: 1102500,
Cold Start: false
Unique ID: adc36a15-bc06-4be0-a106-8835880f2a16,
Billed Duration for Request adc36a15-bc06-4be0-a106-8835880f2a16: 95 ms
Input: 1102500,
Cold Start: false
Unique ID: b7c08b03-5bfe-47cf-9b2f-d21ea12ccb2a,
Billed Duration for Request b7c08b03-5bfe-47cf-9b2f-d21ea12ccb2a: 99 ms
Input: 1102500,
Cold Start: false
Unique ID: 9685322b-f63a-4028-b0bf-717b6398bd13,
Billed Duration for Request 9685322b-f63a-4028-b0bf-717b6398bd13: 95 ms
Input: 1102500,
Cold Start: false
Unique ID: fed0a2b7-e1e6-4713-9c3c-702c191f6930,
Billed Duration for Request fed0a2b7-e1e6-4713-9c3c-702c191f6930: 110 ms
Input: 1102500,
Cold Start: false
Unique ID: 88b921c6-ee09-42f3-833a-46ee32be8b62,
Billed Duration for Request 88b921c6-ee09-42f3-833a-46ee32be8b62: 115 ms
Input: 1102500,
Cold Start: false
Unique ID: d6269830-4ac9-4ad3-a9bd-0b2333dac839,
Billed Duration for Request d6269830-4ac9-4ad3-a9bd-0b2333dac839: 103 ms
Input: 1102500,
Cold Start: false
Unique ID: 4530304e-a02a-4b7c-9c55-efdddd0b5724,
Billed Duration for Request 4530304e-a02a-4b7c-9c55-efdddd0b5724: 95 ms
Input: 1102500,
Cold Start: false
Unique ID: d9dc8f45-dbf0-492a-bc94-67d096267490,
Billed Duration for Request d9dc8f45-dbf0-492a-bc94-67d096267490: 100 ms
Input: 1102500,
Cold Start: false
Unique ID: 3a6b834c-e0f0-4371-9cc3-372faa5fa635,
Billed Duration for Request 3a6b834c-e0f0-4371-9cc3-372faa5fa635: 100 ms
Input: 1102500,
Cold Start: false
Unique ID: 0ba59950-8212-4bd8-b096-2f171620dd5a,
Billed Duration for Request 0ba59950-8212-4bd8-b096-2f171620dd5a: 95 ms
Input: 1102500,
Cold Start: false
Unique ID: f4d11067-5929-4a6a-a595-1f8999e20328,
Billed Duration for Request f4d11067-5929-4a6a-a595-1f8999e20328: 100 ms
Input: 1102500,
Cold Start: false
Unique ID: eaeef12f-fc20-4cd0-a85d-f77b5867dc21,
Billed Duration for Request eaeef12f-fc20-4cd0-a85d-f77b5867dc21: 100 ms
Input: 1102500,
Cold Start: false
Unique ID: 045846ff-2be9-4d75-abdf-a4728cd9dea5,
Billed Duration for Request 045846ff-2be9-4d75-abdf-a4728cd9dea5: 99 ms
Input: 1102500,
Cold Start: false
Unique ID: e0f3a956-a813-4b7c-b7c1-2fbdb311e2df,
Billed Duration for Request e0f3a956-a813-4b7c-b7c1-2fbdb311e2df: 99 ms
Input: 1102500,
Cold Start: false
Unique ID: 485a57a0-687d-431f-8585-6ecedd023147,
Billed Duration for Request 485a57a0-687d-431f-8585-6ecedd023147: 91 ms
Input: 1102500,
Cold Start: false
Unique ID: cadf9206-a7a2-4cbb-8098-8211fe5199b6,
Billed Duration for Request cadf9206-a7a2-4cbb-8098-8211fe5199b6: 95 ms
Input: 1102500,
Cold Start: false
Unique ID: 7adcd3c2-037b-49a5-b09d-35dfff3677cf,
Billed Duration for Request 7adcd3c2-037b-49a5-b09d-35dfff3677cf: 100 ms
Input: 1102500,
Cold Start: false
Unique ID: 7390c768-8ccf-4e13-84f5-306a84e6e123,
Billed Duration for Request 7390c768-8ccf-4e13-84f5-306a84e6e123: 96 ms
Input: 1102500,
Cold Start: false
Unique ID: 6fd9d2cc-9c3d-4929-a6f6-9c703f8965d5,
Billed Duration for Request 6fd9d2cc-9c3d-4929-a6f6-9c703f8965d5: 108 ms
Input: 1102500,
Cold Start: false
Unique ID: 111cd923-7a17-4227-8b21-6447bedd92e5,
Billed Duration for Request 111cd923-7a17-4227-8b21-6447bedd92e5: 134 ms
Input: 1102500,
Cold Start: false
Unique ID: fff53899-dd43-49df-ab23-a4f8abc874e5,
Billed Duration for Request fff53899-dd43-49df-ab23-a4f8abc874e5: 92 ms
Input: 1102500,
Cold Start: false
Unique ID: b3826abf-3f3a-4a5d-a7ce-b582982605cd,
Billed Duration for Request b3826abf-3f3a-4a5d-a7ce-b582982605cd: 92 ms
Input: 1102500,
Cold Start: false
Unique ID: c8f555f9-3231-4cc3-8d2a-703fbfe7167d,
Billed Duration for Request c8f555f9-3231-4cc3-8d2a-703fbfe7167d: 104 ms
Input: 1102500,
Cold Start: false
Unique ID: be29c92b-da9f-440c-a538-f121f55e9aef,
Billed Duration for Request be29c92b-da9f-440c-a538-f121f55e9aef: 96 ms
Input: 1102500,
Cold Start: false
Unique ID: a3260bac-ace8-458f-939b-ccce685b0f00,
Billed Duration for Request a3260bac-ace8-458f-939b-ccce685b0f00: 104 ms
Input: 1102500,
Cold Start: false
Unique ID: 84ad34d6-15e3-4ce9-ab71-f26500ebdbb8,
Billed Duration for Request 84ad34d6-15e3-4ce9-ab71-f26500ebdbb8: 100 ms
Input: 1102500,
Cold Start: false
Unique ID: a5e43452-a593-4963-86e2-587b72ac11ac,
Billed Duration for Request a5e43452-a593-4963-86e2-587b72ac11ac: 104 ms
Input: 1102500,
Cold Start: false
Unique ID: 7f48ff92-e087-47b8-b454-af3792332c9d,
Billed Duration for Request 7f48ff92-e087-47b8-b454-af3792332c9d: 100 ms
Input: 1102500,
Cold Start: false
Unique ID: b6046d82-6b24-439e-93b4-42ba3c155135,
Billed Duration for Request b6046d82-6b24-439e-93b4-42ba3c155135: 104 ms
Input: 1102500,
Cold Start: false
Unique ID: 47a2b38b-04ec-4cb2-90de-8b1185b68fd6,
Billed Duration for Request 47a2b38b-04ec-4cb2-90de-8b1185b68fd6: 100 ms
Input: 1102500,
Cold Start: false
Unique ID: 7b244232-e709-4b29-bf79-85f7d3046b36,
Billed Duration for Request 7b244232-e709-4b29-bf79-85f7d3046b36: 101 ms
Input: 1102500,
Cold Start: false
Unique ID: b0143bfe-66ab-4354-808c-b9b284c91d9e,
Billed Duration for Request b0143bfe-66ab-4354-808c-b9b284c91d9e: 104 ms
Input: 1102500,
Cold Start: false
Unique ID: e34c6d9a-21d9-4e7a-a87b-7a7b19d0f5bc,
Billed Duration for Request e34c6d9a-21d9-4e7a-a87b-7a7b19d0f5bc: 100 ms
Input: 1102500,
Cold Start: false
Unique ID: b8171852-9e92-46c6-94c2-9a0000026f75,
Billed Duration for Request b8171852-9e92-46c6-94c2-9a0000026f75: 96 ms
Input: 1102500,
Cold Start: false
Unique ID: 516e3293-d738-4cd2-9323-f00a1dd590e8,
Billed Duration for Request 516e3293-d738-4cd2-9323-f00a1dd590e8: 93 ms
Input: 1102500,
Cold Start: false
Unique ID: 0a1d4f7b-9621-4431-b172-0d951e5b7165,
Billed Duration for Request 0a1d4f7b-9621-4431-b172-0d951e5b7165: 103 ms
Input: 1102500,
Cold Start: false
Unique ID: e3d58093-30cf-4790-b942-8e0a54cbeb00,
Billed Duration for Request e3d58093-30cf-4790-b942-8e0a54cbeb00: 91 ms
Input: 1102500,
Cold Start: false
Unique ID: 6a666c05-b48b-4d15-a066-663d284b685c,
Billed Duration for Request 6a666c05-b48b-4d15-a066-663d284b685c: 100 ms
Input: 1102500,
Cold Start: false
Unique ID: 49d4a9cb-45b8-4d23-b013-bafbaf829ff0,
Billed Duration for Request 49d4a9cb-45b8-4d23-b013-bafbaf829ff0: 91 ms
Input: 1102500,
Cold Start: false
Unique ID: 38129a39-05fb-41d2-bf50-4859b6fc5ef2,
Billed Duration for Request 38129a39-05fb-41d2-bf50-4859b6fc5ef2: 104 ms
Input: 1102500,
Cold Start: false
Unique ID: a941ca89-34aa-462e-9f08-9c6c83e9e1ef,
Billed Duration for Request a941ca89-34aa-462e-9f08-9c6c83e9e1ef: 104 ms
Input: 1102500,
Cold Start: false
Unique ID: 9b89e758-faf3-451c-b8e2-56017cf4f2ad,
Billed Duration for Request 9b89e758-faf3-451c-b8e2-56017cf4f2ad: 100 ms
Input: 1102500,
Cold Start: false
Unique ID: 9d6ed1ba-0056-406e-9da6-f5b32035c883,
Billed Duration for Request 9d6ed1ba-0056-406e-9da6-f5b32035c883: 104 ms
Input: 1102500,
Cold Start: false
Unique ID: abfe65a2-04df-4b3f-a718-02cfa65b4fab,
Billed Duration for Request abfe65a2-04df-4b3f-a718-02cfa65b4fab: 96 ms
Input: 1102500,
Cold Start: false
Unique ID: 6a0fbc9a-cf74-464d-8b6b-0a171e6a69e4,
Billed Duration for Request 6a0fbc9a-cf74-464d-8b6b-0a171e6a69e4: 104 ms
Input: 1102500,
Cold Start: false
Unique ID: ba6e0eed-8e09-41e1-9a81-1e615322f025,
Billed Duration for Request ba6e0eed-8e09-41e1-9a81-1e615322f025: 105 ms
Input: 1102500,
Cold Start: false
Unique ID: b6fba5cb-4ae9-4a8d-92b1-99d2ffe24a25,
Billed Duration for Request b6fba5cb-4ae9-4a8d-92b1-99d2ffe24a25: 100 ms
Input: 1102500,
Cold Start: false
Unique ID: 9ae9d311-b825-42fe-af02-284e2bb57a54,
Billed Duration for Request 9ae9d311-b825-42fe-af02-284e2bb57a54: 105 ms
Input: 1102500,
Cold Start: false
Unique ID: c5187597-ed5c-47da-a09d-8eee787b926c,
Billed Duration for Request c5187597-ed5c-47da-a09d-8eee787b926c: 104 ms
Input: 1102500,
Cold Start: false
Unique ID: 63314a5f-34d2-48cf-b4ec-b626be8e5997,
Billed Duration for Request 63314a5f-34d2-48cf-b4ec-b626be8e5997: 95 ms
Input: 1102500,
Cold Start: false
Unique ID: 0c2f84d1-b6d0-4ed8-9a12-991a6907bfb8,
Billed Duration for Request 0c2f84d1-b6d0-4ed8-9a12-991a6907bfb8: 104 ms
Input: 1102500,
Cold Start: false
Unique ID: 9625d809-291f-4fa8-9556-96c6a87b5636,
Billed Duration for Request 9625d809-291f-4fa8-9556-96c6a87b5636: 104 ms
Input: 1102500,
Cold Start: false
Unique ID: 79f9bedb-63b2-40d1-bf20-ca264ae87b54,
Billed Duration for Request 79f9bedb-63b2-40d1-bf20-ca264ae87b54: 104 ms
Input: 1102500,
Cold Start: false
Unique ID: 13060e01-d615-406d-afd0-1f04cdca3f0f,
Billed Duration for Request 13060e01-d615-406d-afd0-1f04cdca3f0f: 104 ms
Input: 1102500,
Cold Start: false
Unique ID: 601c95ae-11df-400c-8a28-76da61a80492,
Billed Duration for Request 601c95ae-11df-400c-8a28-76da61a80492: 104 ms
Input: 1102500,
Cold Start: false
Unique ID: 022080e5-9061-4033-af67-d65d11c343f9,
Billed Duration for Request 022080e5-9061-4033-af67-d65d11c343f9: 100 ms
Input: 1102500,
Cold Start: false
Unique ID: f1cca193-77c6-4711-ad7c-4c73bdd66afd,
Billed Duration for Request f1cca193-77c6-4711-ad7c-4c73bdd66afd: 99 ms
Input: 1102500,
Cold Start: false
Unique ID: 3cb84d29-c8d5-45eb-aa71-7bdd28a5d0fd,
Billed Duration for Request 3cb84d29-c8d5-45eb-aa71-7bdd28a5d0fd: 104 ms
Input: 1102500,
Cold Start: false
Unique ID: 7dbcba4c-76fb-4fa9-a0f2-f5ebdeb8c274,
Billed Duration for Request 7dbcba4c-76fb-4fa9-a0f2-f5ebdeb8c274: 104 ms
Input: 1102500,
Cold Start: false
Unique ID: 02350c55-687c-4983-b82a-acf69e8c2134,
Billed Duration for Request 02350c55-687c-4983-b82a-acf69e8c2134: 87 ms
Input: 1102500,
Cold Start: false
Unique ID: dae167f8-ab29-4b60-9438-4ba7190f7e6d,
Billed Duration for Request dae167f8-ab29-4b60-9438-4ba7190f7e6d: 108 ms
Input: 1102500,
Cold Start: false
Unique ID: 187292a1-3530-48a5-8a8f-d4618bef5e63,
Billed Duration for Request 187292a1-3530-48a5-8a8f-d4618bef5e63: 100 ms
Input: 1102500,
Cold Start: false
Unique ID: 6e481815-1f4f-47d5-a0e1-4d294c7dd9d7,
Billed Duration for Request 6e481815-1f4f-47d5-a0e1-4d294c7dd9d7: 101 ms
Input: 1102500,
Cold Start: false
Unique ID: e81ac8d8-ecb0-45dd-a327-98a9a2d66758,
Billed Duration for Request e81ac8d8-ecb0-45dd-a327-98a9a2d66758: 95 ms
Input: 1102500,
Cold Start: false
Unique ID: 6ba4d7bf-63de-4f28-80f1-ac9853c7c5d0,
Billed Duration for Request 6ba4d7bf-63de-4f28-80f1-ac9853c7c5d0: 108 ms
Input: 1102500,
Cold Start: false
Unique ID: 3fa5cf2e-6b66-4dc6-bec1-2b52bd252b2f,
Billed Duration for Request 3fa5cf2e-6b66-4dc6-bec1-2b52bd252b2f: 100 ms
Input: 1102500,
Cold Start: false
Unique ID: b444a8bf-e5eb-4ce6-b6f4-a3775e03ef12,
Billed Duration for Request b444a8bf-e5eb-4ce6-b6f4-a3775e03ef12: 104 ms
Input: 1102500,
Cold Start: false
Unique ID: f9be0416-1222-4326-bc82-c6df67a8f9c2,
Billed Duration for Request f9be0416-1222-4326-bc82-c6df67a8f9c2: 99 ms
Input: 1102500,
Cold Start: false
Unique ID: 0de2622e-c2e1-4976-a9c7-874dcd71c66e,
Billed Duration for Request 0de2622e-c2e1-4976-a9c7-874dcd71c66e: 104 ms
Input: 1102500,
Cold Start: false
Unique ID: 754991c0-6229-4486-92ef-6ff3094c04a2,
Billed Duration for Request 754991c0-6229-4486-92ef-6ff3094c04a2: 129 ms
Input: 1102500,
Cold Start: false
Unique ID: 81fa8c49-4ea0-4583-b173-5b2d98881251,
Billed Duration for Request 81fa8c49-4ea0-4583-b173-5b2d98881251: 105 ms
Input: 1102500,
Cold Start: false
Unique ID: 51e0cc6c-349e-4d60-8b2a-27a48d74dc6b,
Billed Duration for Request 51e0cc6c-349e-4d60-8b2a-27a48d74dc6b: 101 ms
Input: 1102500,
Cold Start: false
Unique ID: f525d44b-0252-4ff8-b920-25919edbeb52,
Billed Duration for Request f525d44b-0252-4ff8-b920-25919edbeb52: 110 ms
Input: 1102500,
Cold Start: false
Unique ID: 90294713-2721-49a8-a82f-227334385ca9,
Billed Duration for Request 90294713-2721-49a8-a82f-227334385ca9: 105 ms
Input: 1102500,
Cold Start: false
Unique ID: 0e8e9b69-a776-4bc6-9a07-9c8065e4fc79,
Billed Duration for Request 0e8e9b69-a776-4bc6-9a07-9c8065e4fc79: 93 ms
Input: 1102500,
Cold Start: false
Unique ID: d42d853c-5ebc-4133-ba83-46126ea7601f,
Billed Duration for Request d42d853c-5ebc-4133-ba83-46126ea7601f: 88 ms
Input: 1102500,
Cold Start: false
Unique ID: e8815498-51d7-4e2f-8be7-d3ffc372ab70,
Billed Duration for Request e8815498-51d7-4e2f-8be7-d3ffc372ab70: 114 ms
Input: 1102500,
Cold Start: false
Unique ID: ec1d3d86-56d6-4c03-97b1-f19680276d54,
Billed Duration for Request ec1d3d86-56d6-4c03-97b1-f19680276d54: 109 ms
Input: 1102500,
Cold Start: false
Unique ID: 2a52454f-27df-4d5d-862a-3b82be8bdb60,
Billed Duration for Request 2a52454f-27df-4d5d-862a-3b82be8bdb60: 109 ms
Input: 1102500,
Cold Start: false
Unique ID: e64b4694-04c5-45d3-8b06-4c80b4cf5568,
Billed Duration for Request e64b4694-04c5-45d3-8b06-4c80b4cf5568: 106 ms
Input: 1102500,
Cold Start: false
Unique ID: b6113283-dcc6-4b4c-a59f-c1f0b559b7dc,
Billed Duration for Request b6113283-dcc6-4b4c-a59f-c1f0b559b7dc: 93 ms
Input: 1102500,
Cold Start: false
Unique ID: 1d810f7c-860d-4071-b072-2f98a4db650f,
Billed Duration for Request 1d810f7c-860d-4071-b072-2f98a4db650f: 92 ms
Input: 1102500,
Cold Start: false
Unique ID: 16630505-ee8b-47b8-a533-87a1e23ddca9,
Billed Duration for Request 16630505-ee8b-47b8-a533-87a1e23ddca9: 92 ms
Input: 1102500,
Cold Start: false
Unique ID: b97e9a9c-ad88-47ab-b345-40876cf22719,
Billed Duration for Request b97e9a9c-ad88-47ab-b345-40876cf22719: 96 ms
Input: 1102500,
Cold Start: false
Unique ID: 0447ed04-afe6-43bd-93cc-3380e88f21ea,
Billed Duration for Request 0447ed04-afe6-43bd-93cc-3380e88f21ea: 108 ms
Input: 1102500,
Cold Start: false
Unique ID: 20137111-9168-4e82-a43a-f62829967435,
Billed Duration for Request 20137111-9168-4e82-a43a-f62829967435: 96 ms
Input: 1102500,
Cold Start: false
Unique ID: 370b7ca4-99c2-4d79-bc8b-dad797895d63,
Billed Duration for Request 370b7ca4-99c2-4d79-bc8b-dad797895d63: 108 ms
Input: 1102500,
Cold Start: false
Unique ID: 90d03432-b55a-4f45-878a-ce11b57d66d0,
Billed Duration for Request 90d03432-b55a-4f45-878a-ce11b57d66d0: 92 ms
Input: 1102500,
Cold Start: false
Unique ID: 1ed20d91-eda8-4445-a60e-f695983f14df,
Billed Duration for Request 1ed20d91-eda8-4445-a60e-f695983f14df: 109 ms
Input: 1102500,
Cold Start: false
Unique ID: c5fa8928-d73f-422e-a0bb-cc9f0f4b7e04,
Billed Duration for Request c5fa8928-d73f-422e-a0bb-cc9f0f4b7e04: 96 ms
Input: 1102500,
Cold Start: false
Unique ID: 2a750d2b-9c5a-4e53-9b11-07b20fce7e73,
Billed Duration for Request 2a750d2b-9c5a-4e53-9b11-07b20fce7e73: 108 ms
Input: 1102500,
Cold Start: false
Unique ID: 370ad773-583f-42c6-9832-dad56653512c,
Billed Duration for Request 370ad773-583f-42c6-9832-dad56653512c: 108 ms
Input: 1102500,
Cold Start: false
Unique ID: 34ac5d68-3869-4c53-b275-7b2b9ed371ca,
Billed Duration for Request 34ac5d68-3869-4c53-b275-7b2b9ed371ca: 92 ms
Input: 1102500,
Cold Start: false
Unique ID: 94a564d6-5fba-40ed-a621-005fc046c0ba,
Billed Duration for Request 94a564d6-5fba-40ed-a621-005fc046c0ba: 91 ms
Input: 1102500,
Cold Start: false
Unique ID: 4ad033f6-6b06-4811-93cf-65e42b2ac305,
Billed Duration for Request 4ad033f6-6b06-4811-93cf-65e42b2ac305: 91 ms
Input: 1102500,
Cold Start: false
Unique ID: b62f3400-319a-40e1-8d55-17f9198f65a2,
Billed Duration for Request b62f3400-319a-40e1-8d55-17f9198f65a2: 91 ms
Input: 1102500,
Cold Start: false
Unique ID: 60565030-e801-45da-b27d-eb99ac2bda62,
Billed Duration for Request 60565030-e801-45da-b27d-eb99ac2bda62: 100 ms
Input: 1102500,
Cold Start: false
Unique ID: c52b3133-0323-4ad7-8c54-8954be5c08e2,
Billed Duration for Request c52b3133-0323-4ad7-8c54-8954be5c08e2: 107 ms
Input: 1102500,
Cold Start: false
Unique ID: 1fd2d4e1-3512-485d-8017-27ef787eb975,
Billed Duration for Request 1fd2d4e1-3512-485d-8017-27ef787eb975: 91 ms
Input: 1102500,
Cold Start: false
Unique ID: 0609b0dd-4c85-4990-b8fd-a1ea2a44a631,
Billed Duration for Request 0609b0dd-4c85-4990-b8fd-a1ea2a44a631: 92 ms
Input: 1102500,
Cold Start: false
Unique ID: 47fb874b-a862-40fe-a0ff-bc0f1edd4d92,
Billed Duration for Request 47fb874b-a862-40fe-a0ff-bc0f1edd4d92: 103 ms
Input: 1102500,
Cold Start: false
Unique ID: e0e30ec8-10da-49d2-9d23-0ec75d2df4e0,
Billed Duration for Request e0e30ec8-10da-49d2-9d23-0ec75d2df4e0: 95 ms
Input: 1102500,
Cold Start: false
Unique ID: 648fbc73-09da-4b12-a3a9-f14d4acb1338,
Billed Duration for Request 648fbc73-09da-4b12-a3a9-f14d4acb1338: 92 ms
Input: 1102500,
Cold Start: false
Unique ID: 41635189-04ee-45f6-b1d1-bd5988886b93,
Billed Duration for Request 41635189-04ee-45f6-b1d1-bd5988886b93: 108 ms
Input: 1102500,
Cold Start: false
Unique ID: ba70f55d-5b35-4795-9e01-8a770984ecf1,
Billed Duration for Request ba70f55d-5b35-4795-9e01-8a770984ecf1: 91 ms
Input: 1102500,
Cold Start: false
Unique ID: 6beee5e4-da62-402a-a0ff-e0c638887f42,
Billed Duration for Request 6beee5e4-da62-402a-a0ff-e0c638887f42: 108 ms
Input: 1102500,
Cold Start: false
Unique ID: d75a871b-3e96-4f12-9ac8-7bd8994e68ec,
Billed Duration for Request d75a871b-3e96-4f12-9ac8-7bd8994e68ec: 91 ms
Input: 1102500,
Cold Start: false
Unique ID: e1b1af8a-4adb-45c1-a7d2-99069339d525,
Billed Duration for Request e1b1af8a-4adb-45c1-a7d2-99069339d525: 91 ms
Input: 1102500,
Cold Start: false
Unique ID: 4b9bb8fa-2594-426e-b491-876c8c964bf9,
Billed Duration for Request 4b9bb8fa-2594-426e-b491-876c8c964bf9: 104 ms
Input: 1102500,
Cold Start: false
Unique ID: 04fdb7ef-41d8-4a51-bf79-21379c2433b6,
Billed Duration for Request 04fdb7ef-41d8-4a51-bf79-21379c2433b6: 91 ms
Input: 1102500,
Cold Start: false
Unique ID: 927af44d-6cc4-4db7-9195-5b906e09c123,
Billed Duration for Request 927af44d-6cc4-4db7-9195-5b906e09c123: 96 ms
Input: 1102500,
Cold Start: false
Unique ID: 650bbd57-b8e4-4de5-bc5e-86d6d4735bdb,
Billed Duration for Request 650bbd57-b8e4-4de5-bc5e-86d6d4735bdb: 88 ms
Input: 1102500,
Cold Start: false
Unique ID: b0383a8e-7639-4ba3-be75-91ded05eb493,
Billed Duration for Request b0383a8e-7639-4ba3-be75-91ded05eb493: 91 ms
Input: 1102500,
Cold Start: false
Unique ID: c5cf4fa9-c451-422c-8a42-beee867953ad,
Billed Duration for Request c5cf4fa9-c451-422c-8a42-beee867953ad: 91 ms
Input: 1102500,
Cold Start: false
Unique ID: 141fe3e8-129c-4025-a722-fd4ba503298c,
Billed Duration for Request 141fe3e8-129c-4025-a722-fd4ba503298c: 92 ms
Input: 1102500,
Cold Start: false
Unique ID: 0b8620da-49a9-4e2a-9fd5-50aac1f37ef0,
Billed Duration for Request 0b8620da-49a9-4e2a-9fd5-50aac1f37ef0: 109 ms
Input: 1102500,
Cold Start: false
Unique ID: 01bcaf22-bfd2-4325-8293-2f987ef72d86,
Billed Duration for Request 01bcaf22-bfd2-4325-8293-2f987ef72d86: 92 ms
Input: 1102500,
Cold Start: false
Unique ID: bebc46e6-48c7-4b7f-93c4-a0ed9f678826,
Billed Duration for Request bebc46e6-48c7-4b7f-93c4-a0ed9f678826: 92 ms
Input: 1102500,
Cold Start: false
Unique ID: 28cedf3e-3ea4-46dd-9aaa-0a8e941240a3,
Billed Duration for Request 28cedf3e-3ea4-46dd-9aaa-0a8e941240a3: 88 ms
Input: 1102500,
Cold Start: false
Unique ID: 93950596-355c-403e-98dd-f76edd330f33,
Billed Duration for Request 93950596-355c-403e-98dd-f76edd330f33: 125 ms
Input: 1102500,
Cold Start: false
Unique ID: 931daa44-8470-44de-82b2-1bcd1e692145,
Billed Duration for Request 931daa44-8470-44de-82b2-1bcd1e692145: 100 ms
Input: 1102500,
Cold Start: false
Unique ID: fcffa929-9f5c-4ffd-8782-398c7db02c00,
Billed Duration for Request fcffa929-9f5c-4ffd-8782-398c7db02c00: 104 ms
Input: 1102500,
Cold Start: false
Unique ID: bb335fa5-85aa-4bb1-8125-7f09af25d053,
Billed Duration for Request bb335fa5-85aa-4bb1-8125-7f09af25d053: 100 ms
Input: 1102500,
Cold Start: false
Unique ID: d75142ef-976b-4fda-aea7-f77c222ee217,
Billed Duration for Request d75142ef-976b-4fda-aea7-f77c222ee217: 109 ms
Input: 1102500,
Cold Start: false
Unique ID: f09d4acf-05fa-4ade-a96b-364127e9ac4a,
Billed Duration for Request f09d4acf-05fa-4ade-a96b-364127e9ac4a: 92 ms
Input: 1102500,
Cold Start: false
Unique ID: d088893f-a44e-4f1c-af17-ea9ebc89f313,
Billed Duration for Request d088893f-a44e-4f1c-af17-ea9ebc89f313: 92 ms
Input: 1102500,
Cold Start: false
Unique ID: 5f424656-84d3-4c5f-9489-37eb3c3b5f63,
Billed Duration for Request 5f424656-84d3-4c5f-9489-37eb3c3b5f63: 108 ms
Input: 1102500,
Cold Start: false
Unique ID: 60de46d4-86a6-4bc3-ac52-49cf68a27da2,
Billed Duration for Request 60de46d4-86a6-4bc3-ac52-49cf68a27da2: 88 ms
Input: 1102500,
Cold Start: false
Unique ID: bcc2d141-2a91-4bda-9f72-7f7b1c4640d6,
Billed Duration for Request bcc2d141-2a91-4bda-9f72-7f7b1c4640d6: 108 ms
Input: 1102500,
Cold Start: false
Unique ID: 54ae92c9-cc1f-47e4-997d-dc2c7a2d16a5,
Billed Duration for Request 54ae92c9-cc1f-47e4-997d-dc2c7a2d16a5: 92 ms
Input: 1102500,
Cold Start: false
Unique ID: c3d976c3-811f-4a1d-aef8-8def4b65209e,
Billed Duration for Request c3d976c3-811f-4a1d-aef8-8def4b65209e: 108 ms
Input: 1102500,
Cold Start: false
Unique ID: 3ce6a109-cb4d-404b-b5d5-703d6274f859,
Billed Duration for Request 3ce6a109-cb4d-404b-b5d5-703d6274f859: 92 ms
Input: 1102500,
Cold Start: false
Unique ID: bc5cd3da-5eb3-4636-a545-377f1599382f,
Billed Duration for Request bc5cd3da-5eb3-4636-a545-377f1599382f: 105 ms
Input: 1102500,
Cold Start: false
Unique ID: 3316797c-da17-4ad2-b2c0-0341859f15c4,
Billed Duration for Request 3316797c-da17-4ad2-b2c0-0341859f15c4: 108 ms
Input: 1102500,
Cold Start: false
Unique ID: bb4e57fa-f750-4006-9cb3-2a19369c0978,
Billed Duration for Request bb4e57fa-f750-4006-9cb3-2a19369c0978: 96 ms
Input: 1102500,
Cold Start: false
Unique ID: 2ab4d5b4-493f-412f-8b42-ba2053f90eac,
Billed Duration for Request 2ab4d5b4-493f-412f-8b42-ba2053f90eac: 92 ms
Input: 1102500,
Cold Start: false
Unique ID: 836ea38b-2b8d-4643-87c0-0764aa5d7461,
Billed Duration for Request 836ea38b-2b8d-4643-87c0-0764aa5d7461: 92 ms
Input: 1102500,
Cold Start: false
Unique ID: e9895710-0207-431f-b975-d1d41acb4f5d,
Billed Duration for Request e9895710-0207-431f-b975-d1d41acb4f5d: 92 ms
Input: 1102500,
Cold Start: false
Unique ID: f08e2e14-377c-43e3-9963-b95ec32a751d,
Billed Duration for Request f08e2e14-377c-43e3-9963-b95ec32a751d: 96 ms
Input: 1102500,
Cold Start: false
Unique ID: bb22c316-f336-4021-8c94-aadff1fecbde,
Billed Duration for Request bb22c316-f336-4021-8c94-aadff1fecbde: 108 ms
Input: 1102500,
Cold Start: false
Unique ID: 6f55a0e3-8971-4c86-948f-c2ec58f18d9b,
Billed Duration for Request 6f55a0e3-8971-4c86-948f-c2ec58f18d9b: 232 ms
Input: 1102500,
Cold Start: false
Unique ID: a19a5483-331a-4c79-815c-8476f5792187,
Billed Duration for Request a19a5483-331a-4c79-815c-8476f5792187: 150 ms
Input: 1102500,
Cold Start: false
Unique ID: 44e0535d-a829-4a6e-aa34-c68159276d36,
Billed Duration for Request 44e0535d-a829-4a6e-aa34-c68159276d36: 91 ms
Input: 1102500,
Cold Start: false
Unique ID: 7361daf6-ff5d-426c-84ee-ab86376a5a1a,
Billed Duration for Request 7361daf6-ff5d-426c-84ee-ab86376a5a1a: 103 ms
Input: 1102500,
Cold Start: false
Unique ID: c9f86df5-ca93-4042-bc47-1c281557c695,
Billed Duration for Request c9f86df5-ca93-4042-bc47-1c281557c695: 99 ms
Input: 1102500,
Cold Start: false
Unique ID: 9eaf67aa-b7c8-4b0a-9fde-52fd3820cf02,
Billed Duration for Request 9eaf67aa-b7c8-4b0a-9fde-52fd3820cf02: 91 ms
Input: 1102500,
Cold Start: false
Unique ID: 9f9fbcd7-16ff-4692-8302-a9e32b819be7,
Billed Duration for Request 9f9fbcd7-16ff-4692-8302-a9e32b819be7: 91 ms
Input: 1102500,
Cold Start: false
Unique ID: 7c58027c-92f0-465c-8594-1ffed1143780,
Billed Duration for Request 7c58027c-92f0-465c-8594-1ffed1143780: 104 ms
Input: 1102500,
Cold Start: false
Unique ID: dc3a4dbf-5d21-4909-98ad-b294100fa686,
Billed Duration for Request dc3a4dbf-5d21-4909-98ad-b294100fa686: 91 ms
Input: 1102500,
Cold Start: false
Unique ID: a48bca3d-5c2e-4c57-bf5e-d286adf9680c,
Billed Duration for Request a48bca3d-5c2e-4c57-bf5e-d286adf9680c: 91 ms
Input: 1102500,
Cold Start: false
Unique ID: f07be3d8-034d-40d2-a91f-c294b31e645a,
Billed Duration for Request f07be3d8-034d-40d2-a91f-c294b31e645a: 91 ms
Input: 1102500,
Cold Start: false
Unique ID: c0e6eef9-d8ca-4a85-89da-93e2b68aa790,
Billed Duration for Request c0e6eef9-d8ca-4a85-89da-93e2b68aa790: 104 ms
Input: 1102500,
Cold Start: false
Unique ID: 48bfceb3-1dd4-4c9d-8325-3e4d6797a5c7,
Billed Duration for Request 48bfceb3-1dd4-4c9d-8325-3e4d6797a5c7: 87 ms
Input: 1102500,
Cold Start: false
Unique ID: 09b3ec61-9509-4f23-9f97-a0f33faebaf2,
Billed Duration for Request 09b3ec61-9509-4f23-9f97-a0f33faebaf2: 91 ms
Input: 1102500,
Cold Start: false
Unique ID: 441f28f8-ced4-4351-b7f8-338a4699cf3d,
Billed Duration for Request 441f28f8-ced4-4351-b7f8-338a4699cf3d: 91 ms
Input: 1102500,
Cold Start: false
Unique ID: 185a9393-4074-4752-a784-c54c79b1d03a,
Billed Duration for Request 185a9393-4074-4752-a784-c54c79b1d03a: 91 ms
Input: 1102500,
Cold Start: false
Unique ID: 92c671eb-598a-4d7f-af60-64a5297ef6a4,
Billed Duration for Request 92c671eb-598a-4d7f-af60-64a5297ef6a4: 92 ms
Input: 1102500,
Cold Start: false
Unique ID: f04bd2dd-51f9-4c62-9bac-9deafd642cf8,
Billed Duration for Request f04bd2dd-51f9-4c62-9bac-9deafd642cf8: 95 ms
Input: 1102500,
Cold Start: false
Unique ID: 8f918c44-c1c9-4459-b643-0948ac7e3121,
Billed Duration for Request 8f918c44-c1c9-4459-b643-0948ac7e3121: 95 ms
Input: 1102500,
Cold Start: false
Unique ID: 9753ddc5-0a49-49f5-b2a3-282eeb8f2e18,
Billed Duration for Request 9753ddc5-0a49-49f5-b2a3-282eeb8f2e18: 91 ms
Input: 1102500,
Cold Start: false
Unique ID: 53f57523-4e4f-4085-8f81-a8f2ee4ee0d7,
Billed Duration for Request 53f57523-4e4f-4085-8f81-a8f2ee4ee0d7: 91 ms
Input: 1102500,
Cold Start: false
Unique ID: cc0ad571-e4d5-48b4-8e9f-918881b7e091,
Billed Duration for Request cc0ad571-e4d5-48b4-8e9f-918881b7e091: 92 ms
Input: 1102500,
Cold Start: false
Unique ID: 658ea126-fcfc-4027-a20b-8d8f4ad14d15,
Billed Duration for Request 658ea126-fcfc-4027-a20b-8d8f4ad14d15: 92 ms
Input: 1102500,
Cold Start: false
Unique ID: fb282975-5102-4ce1-90d5-1183caf7191e,
Billed Duration for Request fb282975-5102-4ce1-90d5-1183caf7191e: 100 ms
Input: 1102500,
Cold Start: false
Unique ID: ebd6628b-71a9-4808-ac05-648962e1fbdb,
Billed Duration for Request ebd6628b-71a9-4808-ac05-648962e1fbdb: 88 ms
Input: 1102500,
Cold Start: false
Unique ID: bc66dfdf-f1c2-4a1a-a01d-9984249e7ac3,
Billed Duration for Request bc66dfdf-f1c2-4a1a-a01d-9984249e7ac3: 107 ms
Input: 1102500,
Cold Start: false
Unique ID: a9c54801-3eb4-4267-9410-4f547ca4c25f,
Billed Duration for Request a9c54801-3eb4-4267-9410-4f547ca4c25f: 95 ms
Input: 1102500,
Cold Start: false
Unique ID: 4c1cc8dc-483d-4d44-bb0e-fda0e65b7ee6,
Billed Duration for Request 4c1cc8dc-483d-4d44-bb0e-fda0e65b7ee6: 91 ms
Input: 1102500,
Cold Start: false
Unique ID: 25ed4019-ba1c-4206-98a6-bee9a1247f32,
Billed Duration for Request 25ed4019-ba1c-4206-98a6-bee9a1247f32: 91 ms
Input: 1102500,
Cold Start: false
Unique ID: 0fb657bc-3ddd-4b5f-9b6f-4587602ca746,
Billed Duration for Request 0fb657bc-3ddd-4b5f-9b6f-4587602ca746: 126 ms
Input: 1102500,
Cold Start: false
Unique ID: 61daf640-7e55-48e3-9cbd-7236a34a544d,
Billed Duration for Request 61daf640-7e55-48e3-9cbd-7236a34a544d: 104 ms
Input: 1102500,
Cold Start: false
Unique ID: 7602bdd7-faca-4094-809d-b4f046bc3722,
Billed Duration for Request 7602bdd7-faca-4094-809d-b4f046bc3722: 104 ms
Input: 1102500,
Cold Start: false
Unique ID: adee220f-77ca-4dd6-b8de-17151b50e72a,
Billed Duration for Request adee220f-77ca-4dd6-b8de-17151b50e72a: 91 ms
Input: 1102500,
Cold Start: false
Unique ID: da4dd533-8e91-45e4-a4e8-a96bccc15bbb,
Billed Duration for Request da4dd533-8e91-45e4-a4e8-a96bccc15bbb: 91 ms
Input: 1102500,
Cold Start: false
Unique ID: e2fede45-848b-455b-b5b3-0b08fcddd816,
Billed Duration for Request e2fede45-848b-455b-b5b3-0b08fcddd816: 107 ms
Input: 1102500,
Cold Start: false
Unique ID: 26f781ce-c1a9-4578-9312-f10b354ddab4,
Billed Duration for Request 26f781ce-c1a9-4578-9312-f10b354ddab4: 108 ms
Input: 1102500,
Cold Start: false
Unique ID: 0da54b3b-2d61-40bf-af71-bce8e5512a5e,
Billed Duration for Request 0da54b3b-2d61-40bf-af71-bce8e5512a5e: 92 ms
Input: 1102500,
Cold Start: false
Unique ID: fc681252-4e6c-4b28-9d9e-60629ed32b1d,
Billed Duration for Request fc681252-4e6c-4b28-9d9e-60629ed32b1d: 92 ms
Input: 1102500,
Cold Start: false
Unique ID: d63c6e21-f109-48d7-b032-35a67265eb13,
Billed Duration for Request d63c6e21-f109-48d7-b032-35a67265eb13: 100 ms
Input: 1102500,
Cold Start: false
Unique ID: 9c8f06d5-3cbd-4283-b41f-6ec756ef1fd8,
Billed Duration for Request 9c8f06d5-3cbd-4283-b41f-6ec756ef1fd8: 95 ms
Input: 1102500,
Cold Start: false
Unique ID: 85354e00-a93e-4b97-a921-7a0101a0a2eb,
Billed Duration for Request 85354e00-a93e-4b97-a921-7a0101a0a2eb: 96 ms
Input: 1102500,
Cold Start: false
Unique ID: ecc93361-c47b-4f47-b777-6026233894bb,
Billed Duration for Request ecc93361-c47b-4f47-b777-6026233894bb: 95 ms
Input: 1102500,
Cold Start: false
Unique ID: c6c64353-afe8-4c9d-8f4d-edbb7f4ee5db,
Billed Duration for Request c6c64353-afe8-4c9d-8f4d-edbb7f4ee5db: 96 ms
Input: 1102500,
Cold Start: false
Unique ID: 13dec39f-dade-4ae8-92f7-452c33123645,
Billed Duration for Request 13dec39f-dade-4ae8-92f7-452c33123645: 104 ms
Input: 1102500,
Cold Start: false
Unique ID: 82062ff1-bbba-4a90-8bfb-99b3b1d5350c,
Billed Duration for Request 82062ff1-bbba-4a90-8bfb-99b3b1d5350c: 95 ms
Input: 1102500,
Cold Start: false
Unique ID: 2e61655f-6cbf-4885-810d-440fc92c9e45,
Billed Duration for Request 2e61655f-6cbf-4885-810d-440fc92c9e45: 108 ms
Input: 1102500,
Cold Start: false
Unique ID: 91c2334f-0d57-4b0a-b32e-a2dc8354525b,
Billed Duration for Request 91c2334f-0d57-4b0a-b32e-a2dc8354525b: 96 ms
Input: 1102500,
Cold Start: false
Unique ID: 42227508-3023-44f4-99ec-1164495b6121,
Billed Duration for Request 42227508-3023-44f4-99ec-1164495b6121: 96 ms
Input: 1102500,
Cold Start: false
Unique ID: 17892c6b-4202-4b40-bb68-adadf1d8538f,
Billed Duration for Request 17892c6b-4202-4b40-bb68-adadf1d8538f: 95 ms
Input: 1102500,
Cold Start: false
Unique ID: 5384b2df-e7cf-44a1-8c06-626eaca0e245,
Billed Duration for Request 5384b2df-e7cf-44a1-8c06-626eaca0e245: 99 ms
Input: 1102500,
Cold Start: false
Unique ID: a5643693-9f14-4da6-ad49-c395783ccb9d,
Billed Duration for Request a5643693-9f14-4da6-ad49-c395783ccb9d: 96 ms
Input: 1102500,
Cold Start: false
Unique ID: fe38db24-ab47-4c6e-9d77-fb66e43d3a83,
Billed Duration for Request fe38db24-ab47-4c6e-9d77-fb66e43d3a83: 100 ms
Input: 1102500,
Cold Start: false
Unique ID: a8936fce-6299-49bb-be38-8d2fa1f74694,
Billed Duration for Request a8936fce-6299-49bb-be38-8d2fa1f74694: 96 ms
Input: 1102500,
Cold Start: false
Unique ID: ecd9a84e-cea2-4e0d-ae10-683b2e6e9905,
Billed Duration for Request ecd9a84e-cea2-4e0d-ae10-683b2e6e9905: 108 ms
Input: 1102500,
Cold Start: false
Unique ID: f5e1a083-abc5-4110-b398-3f03b774e2f3,
Billed Duration for Request f5e1a083-abc5-4110-b398-3f03b774e2f3: 95 ms
Input: 1102500,
Cold Start: false
Unique ID: 16728f79-54ec-4bed-a35d-f4c3384e00f6,
Billed Duration for Request 16728f79-54ec-4bed-a35d-f4c3384e00f6: 105 ms
Input: 1102500,
Cold Start: false
Unique ID: d0cd0013-1ee7-4aab-88f8-c4c535d9ae87,
Billed Duration for Request d0cd0013-1ee7-4aab-88f8-c4c535d9ae87: 92 ms
Input: 1102500,
Cold Start: false
Unique ID: f12f2b8d-78d6-487f-b17b-0c42a4929df1,
Billed Duration for Request f12f2b8d-78d6-487f-b17b-0c42a4929df1: 96 ms
Input: 1102500,
Cold Start: false
Unique ID: 1fd44763-3895-4e94-a563-c63c2f1a4d27,
Billed Duration for Request 1fd44763-3895-4e94-a563-c63c2f1a4d27: 90 ms
Input: 1102500,
Cold Start: false
Unique ID: 8038dbb2-8352-4958-af4c-eecb2febcd49,
Billed Duration for Request 8038dbb2-8352-4958-af4c-eecb2febcd49: 87 ms
Input: 1102500,
Cold Start: false
Unique ID: 09fb870c-00bb-4d10-ae08-63002f28432d,
Billed Duration for Request 09fb870c-00bb-4d10-ae08-63002f28432d: 95 ms
Input: 1102500,
Cold Start: false
Unique ID: 15b4928c-6964-472e-9fbf-194cebd615c5,
Billed Duration for Request 15b4928c-6964-472e-9fbf-194cebd615c5: 95 ms
Input: 1102500,
Cold Start: false
Unique ID: 1a101364-807d-44c0-b96d-cb481b6ae6d8,
Billed Duration for Request 1a101364-807d-44c0-b96d-cb481b6ae6d8: 91 ms
Input: 1102500,
Cold Start: false
Unique ID: 028f5adf-9481-461a-b8f1-280414641ea5,
Billed Duration for Request 028f5adf-9481-461a-b8f1-280414641ea5: 92 ms
Input: 1102500,
Cold Start: false
Unique ID: e6852c65-8735-4ad6-8d1b-d9a68067ec50,
Billed Duration for Request e6852c65-8735-4ad6-8d1b-d9a68067ec50: 94 ms
Input: 1102500,
Cold Start: false
Unique ID: b6d54e9b-e5a6-45f0-9951-581599de414c,
Billed Duration for Request b6d54e9b-e5a6-45f0-9951-581599de414c: 91 ms
Input: 1102500,
Cold Start: false
Unique ID: 4b2383e1-2dfd-4177-8f4f-97306b10ba39,
Billed Duration for Request 4b2383e1-2dfd-4177-8f4f-97306b10ba39: 92 ms
Input: 1102500,
Cold Start: false
Unique ID: 65bd0c4c-827e-403e-a89a-665f82903328,
Billed Duration for Request 65bd0c4c-827e-403e-a89a-665f82903328: 91 ms
Input: 1102500,
Cold Start: false
Unique ID: 0cc617b6-41bc-4da2-9888-5e414a9c32fb,
Billed Duration for Request 0cc617b6-41bc-4da2-9888-5e414a9c32fb: 91 ms
Input: 1102500,
Cold Start: false
Unique ID: 6fa6d1e4-d9e5-4c3a-a431-e86346ec67df,
Billed Duration for Request 6fa6d1e4-d9e5-4c3a-a431-e86346ec67df: 104 ms
Input: 1102500,
Cold Start: false
Unique ID: 0ed8deb0-f01d-4d34-b084-59d23383541f,
Billed Duration for Request 0ed8deb0-f01d-4d34-b084-59d23383541f: 95 ms
Input: 1102500,
Cold Start: false
Unique ID: d3265bd9-056e-4894-8a3e-6fb50e16ed0f,
Billed Duration for Request d3265bd9-056e-4894-8a3e-6fb50e16ed0f: 91 ms
Input: 1102500,
Cold Start: false
Unique ID: 298d8a32-7d89-4df4-9b9d-cbcca1547cb4,
Billed Duration for Request 298d8a32-7d89-4df4-9b9d-cbcca1547cb4: 95 ms
Input: 1102500,
Cold Start: false
Unique ID: 6c1ccfc6-aa17-41d3-b852-79bc90aa6559,
Billed Duration for Request 6c1ccfc6-aa17-41d3-b852-79bc90aa6559: 95 ms
Input: 1102500,
Cold Start: false
Unique ID: 81680f8c-1d93-4ab5-aae8-bfc4893744fa,
Billed Duration for Request 81680f8c-1d93-4ab5-aae8-bfc4893744fa: 90 ms
Input: 1102500,
Cold Start: false
Unique ID: ca070957-23a8-4043-88ab-acdc781682af,
Billed Duration for Request ca070957-23a8-4043-88ab-acdc781682af: 95 ms
Input: 1102500,
Cold Start: false
Unique ID: 1e7bc566-6659-4d0f-b2b8-0d073093eafe,
Billed Duration for Request 1e7bc566-6659-4d0f-b2b8-0d073093eafe: 107 ms
Input: 1102500,
Cold Start: false
Unique ID: fbdb6988-4d4c-495c-83a2-7664b5017ddd,
Billed Duration for Request fbdb6988-4d4c-495c-83a2-7664b5017ddd: 95 ms
Input: 1102500,
Cold Start: false
Unique ID: 7bcdb7de-7860-4b34-88ea-b568a44ea5d6,
Billed Duration for Request 7bcdb7de-7860-4b34-88ea-b568a44ea5d6: 95 ms
Input: 1102500,
Cold Start: false
Unique ID: c5fab79f-6db6-4250-abc9-e62d246abd06,
Billed Duration for Request c5fab79f-6db6-4250-abc9-e62d246abd06: 136 ms
Input: 1102500,
Cold Start: false
Unique ID: 5e28bb9b-b8da-4b6a-8be9-64686ef08ee1,
Billed Duration for Request 5e28bb9b-b8da-4b6a-8be9-64686ef08ee1: 92 ms
Input: 1102500,
Cold Start: false
Unique ID: aa919ed1-bf75-4eab-af27-3d706db35675,
Billed Duration for Request aa919ed1-bf75-4eab-af27-3d706db35675: 108 ms
Input: 1102500,
Cold Start: false
Unique ID: b2acd140-2f44-4911-9fe5-5d4af87145fa,
Billed Duration for Request b2acd140-2f44-4911-9fe5-5d4af87145fa: 96 ms
Input: 1102500,
Cold Start: false
Unique ID: 02413af5-59b2-45d2-96eb-753c43a0f81c,
Billed Duration for Request 02413af5-59b2-45d2-96eb-753c43a0f81c: 96 ms
Input: 1102500,
Cold Start: false
Unique ID: 4add0d83-822a-486d-bad4-e9043dd18028,
Billed Duration for Request 4add0d83-822a-486d-bad4-e9043dd18028: 96 ms
Input: 1102500,
Cold Start: false
Unique ID: 935e86b0-4f5a-4ee7-9b46-2b51fa9d4d43,
Billed Duration for Request 935e86b0-4f5a-4ee7-9b46-2b51fa9d4d43: 92 ms
Input: 1102500,
Cold Start: false
Unique ID: 3ced1a75-1006-42a9-8944-cdb831ebef8e,
Billed Duration for Request 3ced1a75-1006-42a9-8944-cdb831ebef8e: 108 ms
Input: 1102500,
Cold Start: false
Unique ID: aedc19b1-c27c-414b-999b-4f5ad60791ea,
Billed Duration for Request aedc19b1-c27c-414b-999b-4f5ad60791ea: 99 ms
Input: 1102500,
Cold Start: false
Unique ID: cf91d086-25dd-4082-8e5e-1df313eaee98,
Billed Duration for Request cf91d086-25dd-4082-8e5e-1df313eaee98: 104 ms
Input: 1102500,
Cold Start: false
Unique ID: 01bd1f70-b634-462f-95e8-bda6ba04060e,
Billed Duration for Request 01bd1f70-b634-462f-95e8-bda6ba04060e: 100 ms
Input: 1102500,
Cold Start: false
Unique ID: 69eaf3e0-6110-4a9c-a460-c339f4c3f141,
Billed Duration for Request 69eaf3e0-6110-4a9c-a460-c339f4c3f141: 100 ms
Input: 1102500,
Cold Start: false
Unique ID: 3d556a6c-244b-4cbd-be67-57ff2209b9af,
Billed Duration for Request 3d556a6c-244b-4cbd-be67-57ff2209b9af: 96 ms
Input: 1102500,
Cold Start: false
Unique ID: 82e1a698-8677-4869-9f95-b08d09554933,
Billed Duration for Request 82e1a698-8677-4869-9f95-b08d09554933: 96 ms
Input: 1102500,
Cold Start: false
Unique ID: f38367a0-77ba-492f-bb4a-06d8df61421f,
Billed Duration for Request f38367a0-77ba-492f-bb4a-06d8df61421f: 96 ms
Input: 1102500,
Cold Start: false
Unique ID: f03825a3-739e-4f3f-b0d6-b826260e2e83,
Billed Duration for Request f03825a3-739e-4f3f-b0d6-b826260e2e83: 104 ms
Input: 1102500,
Cold Start: false
Unique ID: 5ee1c215-7774-41d1-b460-cfb97efff3a4,
Billed Duration for Request 5ee1c215-7774-41d1-b460-cfb97efff3a4: 100 ms
Input: 1102500,
Cold Start: false
Unique ID: d3106631-5134-40e7-9f1c-6f52f47ff3ed,
Billed Duration for Request d3106631-5134-40e7-9f1c-6f52f47ff3ed: 100 ms
Input: 1102500,
Cold Start: false
Unique ID: f3b29077-d34e-4460-a438-1874c4ae56c7,
Billed Duration for Request f3b29077-d34e-4460-a438-1874c4ae56c7: 100 ms
Input: 1102500,
Cold Start: false
Unique ID: 8e59aae8-ce8f-4925-a6f1-78cdefd0c2d6,
Billed Duration for Request 8e59aae8-ce8f-4925-a6f1-78cdefd0c2d6: 100 ms
Input: 1102500,
Cold Start: false
Unique ID: 9ea2db49-862c-45f7-a6a3-b744734cbb2a,
Billed Duration for Request 9ea2db49-862c-45f7-a6a3-b744734cbb2a: 104 ms
Input: 1102500,
Cold Start: false
Unique ID: 4f369001-568b-42c1-a6b2-adf0e3cabd54,
Billed Duration for Request 4f369001-568b-42c1-a6b2-adf0e3cabd54: 96 ms
Input: 1102500,
Cold Start: false
Unique ID: 262964f4-b660-44ef-b311-2f1100094a57,
Billed Duration for Request 262964f4-b660-44ef-b311-2f1100094a57: 108 ms
Input: 1102500,
Cold Start: false
Unique ID: 9d06b593-aa3b-49e6-a9cf-ede2c3921c0a,
Billed Duration for Request 9d06b593-aa3b-49e6-a9cf-ede2c3921c0a: 96 ms
Input: 1102500,
Cold Start: false
Unique ID: 74038236-253e-4c93-9a21-a0d1193a2cb2,
Billed Duration for Request 74038236-253e-4c93-9a21-a0d1193a2cb2: 100 ms
Input: 1102500,
Cold Start: false
Unique ID: 79ab682f-bc16-4fd8-a35a-4d7a66e5b860,
Billed Duration for Request 79ab682f-bc16-4fd8-a35a-4d7a66e5b860: 96 ms
Input: 1102500,
Cold Start: false
Unique ID: f7059b57-394e-43aa-b304-11afbb80c83a,
Billed Duration for Request f7059b57-394e-43aa-b304-11afbb80c83a: 100 ms
Input: 1102500,
Cold Start: false
Unique ID: 0b81794d-939c-450d-bad2-f04f9ed68b3e,
Billed Duration for Request 0b81794d-939c-450d-bad2-f04f9ed68b3e: 100 ms
Input: 1102500,
Cold Start: false
Unique ID: ee2734bd-c133-434b-b7b5-613c8a7ed91e,
Billed Duration for Request ee2734bd-c133-434b-b7b5-613c8a7ed91e: 101 ms
Input: 1102500,
Cold Start: false
Unique ID: 1c3709dc-2538-4e90-bd7c-1f0e0b506f90,
Billed Duration for Request 1c3709dc-2538-4e90-bd7c-1f0e0b506f90: 96 ms
Input: 1102500,
Cold Start: false
Unique ID: 047de5f2-bb41-4be5-ab6c-377e60ceeaf5,
Billed Duration for Request 047de5f2-bb41-4be5-ab6c-377e60ceeaf5: 100 ms
Input: 1102500,
Cold Start: false
Unique ID: b614f1e4-cd24-497e-b601-5ffb05ded5c9,
Billed Duration for Request b614f1e4-cd24-497e-b601-5ffb05ded5c9: 117 ms
Input: 1102500,
Cold Start: false
Unique ID: c24dbc3e-3fff-4a23-b035-0588e7d03e8e,
Billed Duration for Request c24dbc3e-3fff-4a23-b035-0588e7d03e8e: 101 ms
Input: 1102500,
Cold Start: false
Unique ID: 4627c5ab-f81c-49eb-ab0c-564590bba3c7,
Billed Duration for Request 4627c5ab-f81c-49eb-ab0c-564590bba3c7: 92 ms
Input: 1102500,
Cold Start: false
Unique ID: 97bf1d23-92df-4620-ae79-a7f585e7f554,
Billed Duration for Request 97bf1d23-92df-4620-ae79-a7f585e7f554: 104 ms
Input: 1102500,
Cold Start: false
Unique ID: f79e61ff-863b-46d3-87a9-99b3449a2bdf,
Billed Duration for Request f79e61ff-863b-46d3-87a9-99b3449a2bdf: 91 ms
Input: 1102500,
Cold Start: false
Unique ID: de3dbfe5-6929-4a2b-9977-7b6016b97c65,
Billed Duration for Request de3dbfe5-6929-4a2b-9977-7b6016b97c65: 100 ms
Input: 1102500,
Cold Start: false
Unique ID: dad3da69-7d7e-419e-955e-62a3344e8416,
Billed Duration for Request dad3da69-7d7e-419e-955e-62a3344e8416: 100 ms
Input: 1102500,
Cold Start: false
Unique ID: 29165980-c1be-46d5-9a1d-b40f8ede7ed9,
Billed Duration for Request 29165980-c1be-46d5-9a1d-b40f8ede7ed9: 100 ms
Input: 1102500,
Cold Start: false
Unique ID: 85e1f213-d333-41cf-a699-66c07650b364,
Billed Duration for Request 85e1f213-d333-41cf-a699-66c07650b364: 103 ms
Input: 1102500,
Cold Start: false
Unique ID: d12b308c-2082-4c48-bbf0-fe9d84f8e007,
Billed Duration for Request d12b308c-2082-4c48-bbf0-fe9d84f8e007: 104 ms
Input: 1102500,
Cold Start: false
Unique ID: 858364aa-d960-4d2c-baee-45156ea5da56,
Billed Duration for Request 858364aa-d960-4d2c-baee-45156ea5da56: 100 ms
Input: 1102500,
Cold Start: false
Unique ID: b7220242-5f60-45d5-892c-70ca725c0a2c,
Billed Duration for Request b7220242-5f60-45d5-892c-70ca725c0a2c: 100 ms
Input: 1102500,
Cold Start: false
Unique ID: 77acd170-2a01-489f-a313-3d6aa0d65324,
Billed Duration for Request 77acd170-2a01-489f-a313-3d6aa0d65324: 100 ms
Input: 1102500,
Cold Start: false
Unique ID: 968ce9e8-be38-4a1f-9342-94e3b9f552a2,
Billed Duration for Request 968ce9e8-be38-4a1f-9342-94e3b9f552a2: 100 ms
Input: 1102500,
Cold Start: false
Unique ID: 38bb9bbe-af14-4095-a325-17e70adb98c9,
Billed Duration for Request 38bb9bbe-af14-4095-a325-17e70adb98c9: 91 ms
Input: 1102500,
Cold Start: false
Unique ID: bdae655b-1545-40fe-9bb6-f451661f2101,
Billed Duration for Request bdae655b-1545-40fe-9bb6-f451661f2101: 106 ms
Input: 1102500,
Cold Start: false
Unique ID: 4ee6cbb8-8a3f-494f-8975-009f141d9edc,
Billed Duration for Request 4ee6cbb8-8a3f-494f-8975-009f141d9edc: 100 ms
Input: 1102500,
Cold Start: false
Unique ID: 716e7a89-d1d2-45a7-827b-cc09e702e93a,
Billed Duration for Request 716e7a89-d1d2-45a7-827b-cc09e702e93a: 104 ms
Input: 1102500,
Cold Start: false
Unique ID: 5b320d1e-83d1-4911-a82c-9502a99b5d0a,
Billed Duration for Request 5b320d1e-83d1-4911-a82c-9502a99b5d0a: 95 ms
Input: 1102500,
Cold Start: false
Unique ID: 0f4de44e-5de0-4bd5-a3ad-a29deb24b7c4,
Billed Duration for Request 0f4de44e-5de0-4bd5-a3ad-a29deb24b7c4: 232 ms
Input: 1102500,
Cold Start: false
Unique ID: 2e30b532-0804-4708-a268-1d46547d4bfd,
Billed Duration for Request 2e30b532-0804-4708-a268-1d46547d4bfd: 151 ms
Input: 1102500,
Cold Start: false
Unique ID: fcd7cf66-9678-47e2-b541-a2639dbdb9ef,
Billed Duration for Request fcd7cf66-9678-47e2-b541-a2639dbdb9ef: 100 ms
Input: 1102500,
Cold Start: false
Unique ID: c53cdaa0-7065-4e9c-a892-4d7cfb2b71ba,
Billed Duration for Request c53cdaa0-7065-4e9c-a892-4d7cfb2b71ba: 104 ms
Input: 1102500,
Cold Start: false
Unique ID: b4a09c25-565e-4e49-a50e-cdb2ed2906db,
Billed Duration for Request b4a09c25-565e-4e49-a50e-cdb2ed2906db: 108 ms
Input: 1102500,
Cold Start: false
Unique ID: 5356f3b4-e07a-48c9-82e3-c005ab5f6e2d,
Billed Duration for Request 5356f3b4-e07a-48c9-82e3-c005ab5f6e2d: 104 ms
Input: 1102500,
Cold Start: false
Unique ID: 6696d100-f153-4919-8172-5b756488d609,
Billed Duration for Request 6696d100-f153-4919-8172-5b756488d609: 104 ms
Input: 1102500,
Cold Start: false
Unique ID: 842fee2d-748c-47e5-80cb-5192dce7e7e3,
Billed Duration for Request 842fee2d-748c-47e5-80cb-5192dce7e7e3: 108 ms
Input: 1102500,
Cold Start: false
Unique ID: 60e1ff52-6cd8-46d1-87a7-000c4c54cb26,
Billed Duration for Request 60e1ff52-6cd8-46d1-87a7-000c4c54cb26: 105 ms
Input: 1102500,
Cold Start: false
Unique ID: f7dd1aa5-d890-4cf0-b6fa-6cf4604322b3,
Billed Duration for Request f7dd1aa5-d890-4cf0-b6fa-6cf4604322b3: 96 ms
Input: 1102500,
Cold Start: false
Unique ID: 1d9d08d2-0148-4bb1-8f51-c80ecd36b30d,
Billed Duration for Request 1d9d08d2-0148-4bb1-8f51-c80ecd36b30d: 104 ms
Input: 1102500,
Cold Start: false
Unique ID: 8ca4b332-834a-42df-a518-72ffc6c9d782,
Billed Duration for Request 8ca4b332-834a-42df-a518-72ffc6c9d782: 109 ms
Input: 1102500,
Cold Start: false
Unique ID: dd3c1d56-834c-4251-863c-af0c22342615,
Billed Duration for Request dd3c1d56-834c-4251-863c-af0c22342615: 108 ms
Input: 1102500,
Cold Start: false
Unique ID: d0b02a7b-d8e8-4d59-8852-59844749ba6c,
Billed Duration for Request d0b02a7b-d8e8-4d59-8852-59844749ba6c: 91 ms
Input: 1102500,
Cold Start: false
Unique ID: 900488e8-c8f6-473a-94b5-4d4ecf7ea433,
Billed Duration for Request 900488e8-c8f6-473a-94b5-4d4ecf7ea433: 104 ms
Input: 1102500,
Cold Start: false
Unique ID: 1a08aabf-a569-4203-8b80-a9ad7416050a,
Billed Duration for Request 1a08aabf-a569-4203-8b80-a9ad7416050a: 108 ms
Input: 1102500,
Cold Start: false
Unique ID: 2e6cfb5d-1e25-49c7-bf0d-f7cbbddfb967,
Billed Duration for Request 2e6cfb5d-1e25-49c7-bf0d-f7cbbddfb967: 92 ms
Input: 1102500,
Cold Start: false
Unique ID: 8b9ee08a-82ea-4f3c-a76b-66f7deee03e7,
Billed Duration for Request 8b9ee08a-82ea-4f3c-a76b-66f7deee03e7: 91 ms
Input: 1102500,
Cold Start: false
Unique ID: 48efe01e-d2e1-4440-bfb4-88d05383d23d,
Billed Duration for Request 48efe01e-d2e1-4440-bfb4-88d05383d23d: 91 ms
Input: 1102500,
Cold Start: false
Unique ID: b2e34d32-a8ea-4450-847f-65fd87032be1,
Billed Duration for Request b2e34d32-a8ea-4450-847f-65fd87032be1: 108 ms
Input: 1102500,
Cold Start: false
Unique ID: d7c69ade-f3c8-45ee-913f-55ac9173204b,
Billed Duration for Request d7c69ade-f3c8-45ee-913f-55ac9173204b: 92 ms
Input: 1102500,
Cold Start: false
Unique ID: 5b1095bc-eecb-4544-850c-71589b12e1a0,
Billed Duration for Request 5b1095bc-eecb-4544-850c-71589b12e1a0: 108 ms
Input: 1102500,
Cold Start: false
Unique ID: ab27691b-4a0e-4369-9758-a205ec157ed7,
Billed Duration for Request ab27691b-4a0e-4369-9758-a205ec157ed7: 108 ms
Input: 1102500,
Cold Start: false
Unique ID: 3fe64f18-3105-4573-b86d-71f641083216,
Billed Duration for Request 3fe64f18-3105-4573-b86d-71f641083216: 108 ms
Input: 1102500,
Cold Start: false
Unique ID: f3137725-6e90-4301-bd25-6a86f7bfc271,
Billed Duration for Request f3137725-6e90-4301-bd25-6a86f7bfc271: 104 ms
Input: 1102500,
Cold Start: false
Unique ID: f505a178-e64c-47d1-9f81-b25a10160b3a,
Billed Duration for Request f505a178-e64c-47d1-9f81-b25a10160b3a: 109 ms
Input: 1102500,
Cold Start: false
Unique ID: 452bb110-dbc9-45bb-89a7-5e742eacaeb1,
Billed Duration for Request 452bb110-dbc9-45bb-89a7-5e742eacaeb1: 100 ms
Input: 1102500,
Cold Start: false
Unique ID: 458736ae-d093-4c0d-94bb-606c632b8c73,
Billed Duration for Request 458736ae-d093-4c0d-94bb-606c632b8c73: 108 ms
Input: 1102500,
Cold Start: false
Unique ID: 76e00bf4-4d41-4605-94ea-b794224bf71c,
Billed Duration for Request 76e00bf4-4d41-4605-94ea-b794224bf71c: 92 ms
Input: 1102500,
Cold Start: false
Unique ID: f60f0075-f893-49c2-86a5-5c1cd4482f10,
Billed Duration for Request f60f0075-f893-49c2-86a5-5c1cd4482f10: 108 ms
Input: 1102500,
Cold Start: false
Unique ID: f06156c3-e3d5-4051-956f-ab99b0176334,
Billed Duration for Request f06156c3-e3d5-4051-956f-ab99b0176334: 108 ms
Input: 1102500,
Cold Start: false
Unique ID: 28b2d8c0-96c1-4f37-bc66-58203e532dab,
Billed Duration for Request 28b2d8c0-96c1-4f37-bc66-58203e532dab: 92 ms
Input: 1102500,
Cold Start: false
Unique ID: 75de00cc-d608-45b3-82b1-534c91f13547,
Billed Duration for Request 75de00cc-d608-45b3-82b1-534c91f13547: 108 ms
Input: 1102500,
Cold Start: false
Unique ID: a5728248-ceae-4ebe-ab7f-43b6e586031b,
Billed Duration for Request a5728248-ceae-4ebe-ab7f-43b6e586031b: 92 ms
Input: 1102500,
Cold Start: false
Unique ID: 6878fcb0-fad2-48f6-ab8e-988403e38f76,
Billed Duration for Request 6878fcb0-fad2-48f6-ab8e-988403e38f76: 92 ms
Input: 1102500,
Cold Start: false
Unique ID: 9da32fc3-0c55-4b84-87f1-102953370fb1,
Billed Duration for Request 9da32fc3-0c55-4b84-87f1-102953370fb1: 108 ms
Input: 1102500,
Cold Start: false
Unique ID: 00d81331-d3be-4dfe-a73c-df375586e66b,
Billed Duration for Request 00d81331-d3be-4dfe-a73c-df375586e66b: 105 ms
Input: 1102500,
Cold Start: false
Unique ID: 1a12f2d2-f1ef-490f-b048-366031d21a92,
Billed Duration for Request 1a12f2d2-f1ef-490f-b048-366031d21a92: 108 ms
Input: 1102500,
Cold Start: false
Unique ID: 6fe31e96-96d5-4ba6-8b7e-dc1c160b3061,
Billed Duration for Request 6fe31e96-96d5-4ba6-8b7e-dc1c160b3061: 91 ms
Input: 1102500,
Cold Start: false
Unique ID: 551dc537-7765-4b62-8c45-8bb58d0ed093,
Billed Duration for Request 551dc537-7765-4b62-8c45-8bb58d0ed093: 99 ms
Input: 1102500,
Cold Start: false
Unique ID: cd4398cf-33bf-4f0f-be6e-83c0244cd434,
Billed Duration for Request cd4398cf-33bf-4f0f-be6e-83c0244cd434: 91 ms
Input: 1102500,
Cold Start: false
Unique ID: 45ebb00e-4637-4695-8ec4-3f7154f5d7a1,
Billed Duration for Request 45ebb00e-4637-4695-8ec4-3f7154f5d7a1: 91 ms
Input: 1102500,
Cold Start: false
Unique ID: 7c258786-5a13-49bc-bef5-71ece6f7e911,
Billed Duration for Request 7c258786-5a13-49bc-bef5-71ece6f7e911: 91 ms
Input: 1102500,
Cold Start: false
Unique ID: e008bf81-e271-42c1-bd8c-3d789f4d52c1,
Billed Duration for Request e008bf81-e271-42c1-bd8c-3d789f4d52c1: 104 ms
Input: 1102500,
Cold Start: false
Unique ID: 68bbf9b7-c627-4f3f-9600-acaa4a01f675,
Billed Duration for Request 68bbf9b7-c627-4f3f-9600-acaa4a01f675: 108 ms
Input: 1102500,
Cold Start: false
Unique ID: e42fa0c4-cffb-42ba-b4bd-c7f98ba7d69a,
Billed Duration for Request e42fa0c4-cffb-42ba-b4bd-c7f98ba7d69a: 107 ms
Input: 1102500,
Cold Start: false
Unique ID: cf30d1af-f1a0-4565-803c-8f110ac47728,
Billed Duration for Request cf30d1af-f1a0-4565-803c-8f110ac47728: 92 ms
Input: 1102500,
Cold Start: false
Unique ID: b81d1b99-c291-453a-a658-2986ada7be4b,
Billed Duration for Request b81d1b99-c291-453a-a658-2986ada7be4b: 108 ms
Input: 1102500,
Cold Start: false
Unique ID: e5e9edf3-8b1d-4f56-b9d0-c6ab818655a6,
Billed Duration for Request e5e9edf3-8b1d-4f56-b9d0-c6ab818655a6: 87 ms
Input: 1102500,
Cold Start: false
Unique ID: dfe073d1-de8d-496f-b4d6-b44e67108629,
Billed Duration for Request dfe073d1-de8d-496f-b4d6-b44e67108629: 104 ms
Input: 1102500,
Cold Start: false
Unique ID: 2bcea892-1416-407f-ab6b-708165cd57fc,
Billed Duration for Request 2bcea892-1416-407f-ab6b-708165cd57fc: 125 ms
Input: 1102500,
Cold Start: false
Unique ID: f24f73c7-ce82-455b-bc15-0ca767e81df2,
Billed Duration for Request f24f73c7-ce82-455b-bc15-0ca767e81df2: 100 ms
Input: 1102500,
Cold Start: false
Unique ID: 512ed359-0245-4e1e-80b3-3c7bcc0763f6,
Billed Duration for Request 512ed359-0245-4e1e-80b3-3c7bcc0763f6: 108 ms
Input: 1102500,
Cold Start: false
Unique ID: 4a4c37f4-15b8-403b-b054-e3829c55b687,
Billed Duration for Request 4a4c37f4-15b8-403b-b054-e3829c55b687: 104 ms
Input: 1102500,
Cold Start: false
Unique ID: 095b39ac-8932-468c-a0e1-a633c04063a8,
Billed Duration for Request 095b39ac-8932-468c-a0e1-a633c04063a8: 104 ms
Input: 1102500,
Cold Start: false
Unique ID: 5f8542b6-c74f-47aa-93f2-07fc1ba85586,
Billed Duration for Request 5f8542b6-c74f-47aa-93f2-07fc1ba85586: 100 ms
Input: 1102500,
Cold Start: false
Unique ID: 7f3d68d5-ed31-4298-87f4-024ee3573899,
Billed Duration for Request 7f3d68d5-ed31-4298-87f4-024ee3573899: 104 ms
Input: 1102500,
Cold Start: false
Unique ID: 575369aa-965a-420c-a1c4-74b6894a1e6f,
Billed Duration for Request 575369aa-965a-420c-a1c4-74b6894a1e6f: 96 ms
Input: 1102500,
Cold Start: false
Unique ID: 302a48ae-2aaf-49da-b6a2-8fe982a27ad2,
Billed Duration for Request 302a48ae-2aaf-49da-b6a2-8fe982a27ad2: 96 ms
Input: 1102500,
Cold Start: false
Unique ID: 57f25f5e-14d8-4223-aa1d-42e4126fcfaa,
Billed Duration for Request 57f25f5e-14d8-4223-aa1d-42e4126fcfaa: 96 ms
Input: 1102500,
Cold Start: false
Unique ID: 8357619c-c269-4909-b9da-7fb92da8e8f2,
Billed Duration for Request 8357619c-c269-4909-b9da-7fb92da8e8f2: 104 ms
Input: 1102500,
Cold Start: false
Unique ID: 3a47552c-6a92-4a59-9060-9a818e8e7db6,
Billed Duration for Request 3a47552c-6a92-4a59-9060-9a818e8e7db6: 100 ms
Input: 1102500,
Cold Start: false
Unique ID: 70a1c01f-ea52-4b3b-89dc-2bb5428067a1,
Billed Duration for Request 70a1c01f-ea52-4b3b-89dc-2bb5428067a1: 100 ms
Input: 1102500,
Cold Start: false
Unique ID: 1ca3acf8-73b4-4433-8b10-817593ee943d,
Billed Duration for Request 1ca3acf8-73b4-4433-8b10-817593ee943d: 100 ms
Input: 1102500,
Cold Start: false
Unique ID: b1719755-5406-45bf-8ee5-e7820349af1e,
Billed Duration for Request b1719755-5406-45bf-8ee5-e7820349af1e: 104 ms
Input: 1102500,
Cold Start: false
Unique ID: 2a3cc852-ea66-48fc-bb27-497d15d77ac1,
Billed Duration for Request 2a3cc852-ea66-48fc-bb27-497d15d77ac1: 96 ms
Input: 1102500,
Cold Start: false
Unique ID: 74eb979a-ca57-45bd-9df4-479abb3ad0fa,
Billed Duration for Request 74eb979a-ca57-45bd-9df4-479abb3ad0fa: 104 ms
Input: 1102500,
Cold Start: false
Unique ID: bc678598-96ae-40a9-9dad-1461191f692a,
Billed Duration for Request bc678598-96ae-40a9-9dad-1461191f692a: 96 ms
Input: 1102500,
Cold Start: false
Unique ID: edf1035b-bb74-41d3-9146-c0c5879418b4,
Billed Duration for Request edf1035b-bb74-41d3-9146-c0c5879418b4: 104 ms
Input: 1102500,
Cold Start: false
Unique ID: c6ca806c-fe73-403d-8634-e07f4c281b73,
Billed Duration for Request c6ca806c-fe73-403d-8634-e07f4c281b73: 104 ms
Input: 1102500,
Cold Start: false
Unique ID: eacf0442-36de-4dff-8a44-64f6d392acea,
Billed Duration for Request eacf0442-36de-4dff-8a44-64f6d392acea: 96 ms
Input: 1102500,
Cold Start: false
Unique ID: 02ff141e-c3d4-4035-842d-e2133ae9cc61,
Billed Duration for Request 02ff141e-c3d4-4035-842d-e2133ae9cc61: 103 ms
Input: 1102500,
Cold Start: false
Unique ID: cddf2aa8-332a-46b9-b0bb-a78a969e8365,
Billed Duration for Request cddf2aa8-332a-46b9-b0bb-a78a969e8365: 104 ms
Input: 1102500,
Cold Start: false
Unique ID: cba69006-0dab-45eb-9936-b22a7263eea4,
Billed Duration for Request cba69006-0dab-45eb-9936-b22a7263eea4: 100 ms
Input: 1102500,
Cold Start: false
Unique ID: add9a1fa-8fbf-40f7-af5f-f9d1cec1319e,
Billed Duration for Request add9a1fa-8fbf-40f7-af5f-f9d1cec1319e: 100 ms
Input: 1102500,
Cold Start: false
Unique ID: 97dc7786-f204-46dc-84b5-a3afbf243208,
Billed Duration for Request 97dc7786-f204-46dc-84b5-a3afbf243208: 104 ms
Input: 1102500,
Cold Start: false
Unique ID: 5381d5cb-c086-4737-bf2f-e1a586bfca35,
Billed Duration for Request 5381d5cb-c086-4737-bf2f-e1a586bfca35: 108 ms
Input: 1102500,
Cold Start: false
Unique ID: f5b4e7e3-76c4-4e13-a792-c10f0903e1e5,
Billed Duration for Request f5b4e7e3-76c4-4e13-a792-c10f0903e1e5: 104 ms
Input: 1102500,
Cold Start: false
Unique ID: b6d910b8-8f97-4444-b7f1-acf423d2e40b,
Billed Duration for Request b6d910b8-8f97-4444-b7f1-acf423d2e40b: 100 ms
Input: 1102500,
Cold Start: false
Unique ID: 7b07e12c-057a-4bca-a11b-06ca96ae49be,
Billed Duration for Request 7b07e12c-057a-4bca-a11b-06ca96ae49be: 104 ms
Input: 1102500,
Cold Start: false
Unique ID: 6627489e-fbd8-450d-b9d6-91e80099b59c,
Billed Duration for Request 6627489e-fbd8-450d-b9d6-91e80099b59c: 104 ms
Input: 1102500,
Cold Start: false
Unique ID: 351d32c7-3d71-4975-821b-667537cdb593,
Billed Duration for Request 351d32c7-3d71-4975-821b-667537cdb593: 96 ms
Input: 1102500,
Cold Start: false
Unique ID: a34421f6-83d0-4a5b-a259-e1e87735f396,
Billed Duration for Request a34421f6-83d0-4a5b-a259-e1e87735f396: 96 ms
Input: 1102500,
Cold Start: false
Unique ID: 0d482315-c092-4f54-8ebf-573094e3220f,
Billed Duration for Request 0d482315-c092-4f54-8ebf-573094e3220f: 92 ms
Input: 1102500,
Cold Start: false
Unique ID: c909f936-e1b7-4d50-9ebd-63b52400f051,
Billed Duration for Request c909f936-e1b7-4d50-9ebd-63b52400f051: 100 ms
Input: 1102500,
Cold Start: false
Unique ID: c12d7596-000b-48d5-8a35-e85a7f6b9919,
Billed Duration for Request c12d7596-000b-48d5-8a35-e85a7f6b9919: 108 ms
Input: 1102500,
Cold Start: false
Unique ID: 95c4e0b5-d8bc-4d34-904b-8c873eb9c9a2,
Billed Duration for Request 95c4e0b5-d8bc-4d34-904b-8c873eb9c9a2: 104 ms
Input: 1102500,
Cold Start: false
Unique ID: 6bde27be-ec05-46cf-8a05-628b2369c6f3,
Billed Duration for Request 6bde27be-ec05-46cf-8a05-628b2369c6f3: 96 ms
Input: 1102500,
Cold Start: false
Unique ID: 276ba81c-e52b-445b-b25c-b1c0ea4e4e70,
Billed Duration for Request 276ba81c-e52b-445b-b25c-b1c0ea4e4e70: 100 ms
Input: 1102500,
Cold Start: false
Unique ID: f40c5e9a-7639-4faa-adb7-f7eaf6b38821,
Billed Duration for Request f40c5e9a-7639-4faa-adb7-f7eaf6b38821: 104 ms
Input: 1102500,
Cold Start: false
Unique ID: ea7eaad3-e16d-48a2-b935-8b0ce4e8608d,
Billed Duration for Request ea7eaad3-e16d-48a2-b935-8b0ce4e8608d: 105 ms
Input: 1102500,
Cold Start: false
Unique ID: bbef1386-6a3c-4665-8256-728570466433,
Billed Duration for Request bbef1386-6a3c-4665-8256-728570466433: 96 ms
Input: 1102500,
Cold Start: false
Unique ID: 2aafeb9d-0543-4c87-877e-d701df44749d,
Billed Duration for Request 2aafeb9d-0543-4c87-877e-d701df44749d: 103 ms
Input: 1102500,
Cold Start: false
Unique ID: 043c8123-5ef9-4fa4-94be-d4b317519a0c,
Billed Duration for Request 043c8123-5ef9-4fa4-94be-d4b317519a0c: 103 ms
Input: 1102500,
Cold Start: false
Unique ID: 9f9724dc-2c62-4a6b-9a17-2371da25888a,
Billed Duration for Request 9f9724dc-2c62-4a6b-9a17-2371da25888a: 103 ms
Input: 1102500,
Cold Start: false
Unique ID: 8f3ca777-f80f-4f7d-b03f-0b18bb374158,
Billed Duration for Request 8f3ca777-f80f-4f7d-b03f-0b18bb374158: 103 ms
Input: 1102500,
Cold Start: false
Unique ID: 9e2741e1-674b-4277-970c-0429c99a404c,
Billed Duration for Request 9e2741e1-674b-4277-970c-0429c99a404c: 103 ms
Input: 1102500,
Cold Start: false
Unique ID: b5d04550-e137-42f6-94fa-324e5f43ce8b,
Billed Duration for Request b5d04550-e137-42f6-94fa-324e5f43ce8b: 95 ms
Input: 1102500,
Cold Start: false
Unique ID: a476edc0-173e-4e27-a759-c18b8fd39a18,
Billed Duration for Request a476edc0-173e-4e27-a759-c18b8fd39a18: 103 ms
Input: 1102500,
Cold Start: false
Unique ID: 27b9fc54-f726-4eda-aac0-5a504df9c16f,
Billed Duration for Request 27b9fc54-f726-4eda-aac0-5a504df9c16f: 99 ms
Input: 1102500,
Cold Start: false
Unique ID: b4e032bd-ce96-47f0-96b4-2f5848f97f0e,
Billed Duration for Request b4e032bd-ce96-47f0-96b4-2f5848f97f0e: 117 ms
Input: 1102500,
Cold Start: false
Unique ID: 4f850a52-4eab-4195-b65d-3e48c268aea3,
Billed Duration for Request 4f850a52-4eab-4195-b65d-3e48c268aea3: 88 ms
Input: 1102500,
Cold Start: false
Unique ID: 6e18e8a5-9958-4a2a-af20-88fabc6b4784,
Billed Duration for Request 6e18e8a5-9958-4a2a-af20-88fabc6b4784: 108 ms
Input: 1102500,
Cold Start: false
Unique ID: dc6f4756-df8c-46a5-9d5f-147b25e405b6,
Billed Duration for Request dc6f4756-df8c-46a5-9d5f-147b25e405b6: 92 ms
Input: 1102500,
Cold Start: false
Unique ID: e08156e8-0c08-4c6e-908a-a4e9625fc84c,
Billed Duration for Request e08156e8-0c08-4c6e-908a-a4e9625fc84c: 96 ms
Input: 1102500,
Cold Start: false
Unique ID: efd84522-08f7-44de-95cf-1464b3877900,
Billed Duration for Request efd84522-08f7-44de-95cf-1464b3877900: 96 ms
Input: 1102500,
Cold Start: false
Unique ID: 5f3bcf9b-f591-4304-a61a-7a0c24806eb3,
Billed Duration for Request 5f3bcf9b-f591-4304-a61a-7a0c24806eb3: 100 ms
Input: 1102500,
Cold Start: false
Unique ID: 2a8b6230-c21c-49b8-839d-72e3917f4d84,
Billed Duration for Request 2a8b6230-c21c-49b8-839d-72e3917f4d84: 96 ms
Input: 1102500,
Cold Start: false
Unique ID: 8d3bdd13-e5d0-4421-a379-3d7262788cb7,
Billed Duration for Request 8d3bdd13-e5d0-4421-a379-3d7262788cb7: 111 ms
Input: 1102500,
Cold Start: false
Unique ID: cb84f8f1-9cf4-472e-8224-4f1a97908923,
Billed Duration for Request cb84f8f1-9cf4-472e-8224-4f1a97908923: 96 ms
Input: 1102500,
Cold Start: false
Unique ID: d683aeb2-9703-4232-a5bb-afa68317874f,
Billed Duration for Request d683aeb2-9703-4232-a5bb-afa68317874f: 96 ms
Input: 1102500,
Cold Start: false
Unique ID: d0bee73c-1162-4e6e-8637-6b88b3bfb055,
Billed Duration for Request d0bee73c-1162-4e6e-8637-6b88b3bfb055: 100 ms
Input: 1102500,
Cold Start: false
Unique ID: 4e34608f-19c5-4772-a11b-0ed81fd80714,
Billed Duration for Request 4e34608f-19c5-4772-a11b-0ed81fd80714: 96 ms
Input: 1102500,
Cold Start: false
Unique ID: a605b947-ca43-48bd-94a5-d4bbc0808029,
Billed Duration for Request a605b947-ca43-48bd-94a5-d4bbc0808029: 96 ms
Input: 1102500,
Cold Start: false
Unique ID: 1aedd202-7d0f-424c-80a4-9ccf1c9f770f,
Billed Duration for Request 1aedd202-7d0f-424c-80a4-9ccf1c9f770f: 96 ms
Input: 1102500,
Cold Start: false
Unique ID: aed36f20-89ac-4c06-8c7a-f224db75a0f4,
Billed Duration for Request aed36f20-89ac-4c06-8c7a-f224db75a0f4: 100 ms
Input: 1102500,
Cold Start: false
Unique ID: ee98e033-a132-4ba1-80d7-1e91bcbc6c47,
Billed Duration for Request ee98e033-a132-4ba1-80d7-1e91bcbc6c47: 108 ms
Input: 1102500,
Cold Start: false
Unique ID: 62c3daa6-cd42-46a6-bdde-6424c79fac34,
Billed Duration for Request 62c3daa6-cd42-46a6-bdde-6424c79fac34: 96 ms
Input: 1102500,
Cold Start: false
Unique ID: fb71846b-568e-45ef-aa65-f818bdfd62d3,
Billed Duration for Request fb71846b-568e-45ef-aa65-f818bdfd62d3: 100 ms
Input: 1102500,
Cold Start: false
Unique ID: 1ed89bd4-0c33-4106-a64a-0922cdba46d0,
Billed Duration for Request 1ed89bd4-0c33-4106-a64a-0922cdba46d0: 106 ms
Input: 1102500,
Cold Start: false
Unique ID: 515cf17d-a5e6-4db8-add7-05f011f0bbd8,
Billed Duration for Request 515cf17d-a5e6-4db8-add7-05f011f0bbd8: 96 ms
Input: 1102500,
Cold Start: false
Unique ID: cca3c378-9780-44f4-b93c-0a1c144762f4,
Billed Duration for Request cca3c378-9780-44f4-b93c-0a1c144762f4: 96 ms
Input: 1102500,
Cold Start: false
Unique ID: 1f581ccb-2a80-4610-886c-b19aa63a45c3,
Billed Duration for Request 1f581ccb-2a80-4610-886c-b19aa63a45c3: 96 ms
Input: 1102500,
Cold Start: false
Unique ID: e7b0cfe6-81ed-4057-93c5-e828b9f97d6e,
Billed Duration for Request e7b0cfe6-81ed-4057-93c5-e828b9f97d6e: 96 ms
Input: 1102500,
Cold Start: false
Unique ID: 2f9ce933-e3d2-4431-b222-410fec1904cd,
Billed Duration for Request 2f9ce933-e3d2-4431-b222-410fec1904cd: 92 ms
Input: 1102500,
Cold Start: false
Unique ID: e4d2b53c-e364-40e0-9000-d6827f4ce029,
Billed Duration for Request e4d2b53c-e364-40e0-9000-d6827f4ce029: 100 ms
Input: 1102500,
Cold Start: false
Unique ID: 71b70ca9-c89d-4775-a974-6bde4e5ff0c1,
Billed Duration for Request 71b70ca9-c89d-4775-a974-6bde4e5ff0c1: 88 ms
Input: 1102500,
Cold Start: false
Unique ID: 6b4004d5-315e-43fa-b882-af7c38bd6e78,
Billed Duration for Request 6b4004d5-315e-43fa-b882-af7c38bd6e78: 96 ms
Input: 1102500,
Cold Start: false
Unique ID: 0467b84c-d53c-4167-b152-0ad4b56863ba,
Billed Duration for Request 0467b84c-d53c-4167-b152-0ad4b56863ba: 95 ms
Input: 1102500,
Cold Start: false
Unique ID: f8d7e5f4-703c-4869-b82e-404b44bacac3,
Billed Duration for Request f8d7e5f4-703c-4869-b82e-404b44bacac3: 96 ms
Input: 1102500,
Cold Start: false
Unique ID: abf4db66-3f43-43c6-81f4-6435ea5403c9,
Billed Duration for Request abf4db66-3f43-43c6-81f4-6435ea5403c9: 96 ms
Input: 1102500,
Cold Start: false
Unique ID: f969dce4-6399-4edf-bfe9-f2351aae0f43,
Billed Duration for Request f969dce4-6399-4edf-bfe9-f2351aae0f43: 96 ms
Input: 1102500,
Cold Start: false
Unique ID: 04786107-7bc1-4c99-9590-e2fec7c98699,
Billed Duration for Request 04786107-7bc1-4c99-9590-e2fec7c98699: 100 ms
Input: 1102500,
Cold Start: false
Unique ID: c16f223f-aedd-4d83-8d9b-a192ed64c2a5,
Billed Duration for Request c16f223f-aedd-4d83-8d9b-a192ed64c2a5: 100 ms
Input: 1102500,
Cold Start: false
Unique ID: d46ad13e-acc4-45d1-bf00-018461aa0250,
Billed Duration for Request d46ad13e-acc4-45d1-bf00-018461aa0250: 96 ms
Input: 1102500,
Cold Start: false
Unique ID: 3b1ae6ab-7ebb-4747-b7ee-31bd711d50c1,
Billed Duration for Request 3b1ae6ab-7ebb-4747-b7ee-31bd711d50c1: 96 ms
Input: 1102500,
Cold Start: false
Unique ID: bed57c7b-e38e-4cdb-922f-3b42f221afec,
Billed Duration for Request bed57c7b-e38e-4cdb-922f-3b42f221afec: 96 ms
Input: 1102500,
Cold Start: false
Unique ID: f02858b5-2d37-45ac-8ff3-f023c30f6c5b,
Billed Duration for Request f02858b5-2d37-45ac-8ff3-f023c30f6c5b: 108 ms
Input: 1102500,
Cold Start: false
Unique ID: 77c19abe-7ed3-4a93-ba51-b9a238316896,
Billed Duration for Request 77c19abe-7ed3-4a93-ba51-b9a238316896: 100 ms
Input: 1102500,
Cold Start: false
Unique ID: e5bcd42e-d7f8-4a26-be8b-dd703723a1d0,
Billed Duration for Request e5bcd42e-d7f8-4a26-be8b-dd703723a1d0: 100 ms
Input: 1102500,
Cold Start: false
Unique ID: 914ee154-b69f-407e-9ff7-c34c02487ba8,
Billed Duration for Request 914ee154-b69f-407e-9ff7-c34c02487ba8: 100 ms
Input: 1102500,
Cold Start: false
Unique ID: f445ce8b-856d-437a-8655-474005343b27,
Billed Duration for Request f445ce8b-856d-437a-8655-474005343b27: 108 ms
Input: 1102500,
Cold Start: false
Unique ID: 753aa4e3-804e-4196-b668-f02fbffb3b1a,
Billed Duration for Request 753aa4e3-804e-4196-b668-f02fbffb3b1a: 96 ms
Input: 1102500,
Cold Start: false
Unique ID: 92b1c756-1ed7-4fd5-91a3-b6e3c7381375,
Billed Duration for Request 92b1c756-1ed7-4fd5-91a3-b6e3c7381375: 97 ms
Input: 1102500,
Cold Start: false
Unique ID: e643c5d9-3063-4c13-9907-8c36ec0e34e3,
Billed Duration for Request e643c5d9-3063-4c13-9907-8c36ec0e34e3: 108 ms
Input: 1102500,
Cold Start: false
Unique ID: 64a4c5c7-0eb6-4f2c-80c3-3c246936f1ff,
Billed Duration for Request 64a4c5c7-0eb6-4f2c-80c3-3c246936f1ff: 96 ms
Input: 1102500,
Cold Start: false
Unique ID: 161b63c8-95a1-4c87-8f10-f8a0f50a11c4,
Billed Duration for Request 161b63c8-95a1-4c87-8f10-f8a0f50a11c4: 92 ms
Input: 1102500,
Cold Start: false
Unique ID: 45aa6512-3333-4122-b5c4-a48516990dc0,
Billed Duration for Request 45aa6512-3333-4122-b5c4-a48516990dc0: 95 ms
Input: 1102500,
Cold Start: false
Unique ID: fe66f8f4-a222-444c-9c55-81030b0df136,
Billed Duration for Request fe66f8f4-a222-444c-9c55-81030b0df136: 96 ms
Input: 1102500,
Cold Start: false
Unique ID: 3d2fd809-a53d-44d6-886f-9478394a7e83,
Billed Duration for Request 3d2fd809-a53d-44d6-886f-9478394a7e83: 95 ms
Input: 1102500,
Cold Start: false
Unique ID: 1d2b315d-67b3-4dae-b1f5-8db5a541e0a1,
Billed Duration for Request 1d2b315d-67b3-4dae-b1f5-8db5a541e0a1: 143 ms
Input: 1102500,
Cold Start: false
Unique ID: 4d0434a7-1d99-4090-95ea-01776d8825c1,
Billed Duration for Request 4d0434a7-1d99-4090-95ea-01776d8825c1: 96 ms
Input: 1102500,
Cold Start: false
Unique ID: 2d750f17-19ed-4b99-a42b-f02ab668d1e3,
Billed Duration for Request 2d750f17-19ed-4b99-a42b-f02ab668d1e3: 92 ms
Input: 1102500,
Cold Start: false
Unique ID: 4df4adb6-eb97-45d7-adcf-a80a369e95a1,
Billed Duration for Request 4df4adb6-eb97-45d7-adcf-a80a369e95a1: 100 ms
Input: 1102500,
Cold Start: false
Unique ID: 166476e8-18ea-483c-9ec3-353283c6b572,
Billed Duration for Request 166476e8-18ea-483c-9ec3-353283c6b572: 91 ms
Input: 1102500,
Cold Start: false
Unique ID: 7730a4cb-9740-4500-b35d-8e5278c4d91e,
Billed Duration for Request 7730a4cb-9740-4500-b35d-8e5278c4d91e: 96 ms
Input: 1102500,
Cold Start: false
Unique ID: c2b53cf6-ab6c-4959-bb65-101e02a7cf41,
Billed Duration for Request c2b53cf6-ab6c-4959-bb65-101e02a7cf41: 100 ms
Input: 1102500,
Cold Start: false
Unique ID: 1b90077d-3248-49af-86f0-3064d75b2ec8,
Billed Duration for Request 1b90077d-3248-49af-86f0-3064d75b2ec8: 100 ms
Input: 1102500,
Cold Start: false
Unique ID: 3fd23250-14e2-4d47-a521-2059bb0df4c2,
Billed Duration for Request 3fd23250-14e2-4d47-a521-2059bb0df4c2: 100 ms
Input: 1102500,
Cold Start: false
Unique ID: 24361fd9-8cfd-4f14-a13a-68233df41d54,
Billed Duration for Request 24361fd9-8cfd-4f14-a13a-68233df41d54: 100 ms
Input: 1102500,
Cold Start: false
Unique ID: c61bf137-ebc9-43e6-a052-b7096aa8bf67,
Billed Duration for Request c61bf137-ebc9-43e6-a052-b7096aa8bf67: 100 ms
Input: 1102500,
Cold Start: false
Unique ID: c6b26532-5e5d-4210-ba32-bd4237d784cc,
Billed Duration for Request c6b26532-5e5d-4210-ba32-bd4237d784cc: 100 ms
Input: 1102500,
Cold Start: false
Unique ID: 8800d607-aca5-4b58-9ddf-4230df3ff3f8,
Billed Duration for Request 8800d607-aca5-4b58-9ddf-4230df3ff3f8: 96 ms
Input: 1102500,
Cold Start: false
Unique ID: 7cea6331-03f4-4e9c-9955-92c156eeb8ea,
Billed Duration for Request 7cea6331-03f4-4e9c-9955-92c156eeb8ea: 100 ms
Input: 1102500,
Cold Start: false
Unique ID: a9ff1be2-a479-4f65-bb96-4c9bfe93f6d4,
Billed Duration for Request a9ff1be2-a479-4f65-bb96-4c9bfe93f6d4: 104 ms
Input: 1102500,
Cold Start: false
Unique ID: 21400f49-f02f-432e-ac1a-eaaaa0d9b798,
Billed Duration for Request 21400f49-f02f-432e-ac1a-eaaaa0d9b798: 100 ms
Input: 1102500,
Cold Start: false
Unique ID: 34026db9-389e-43c6-9ae7-7654b30ce140,
Billed Duration for Request 34026db9-389e-43c6-9ae7-7654b30ce140: 103 ms
Input: 1102500,
Cold Start: false
Unique ID: f6a3f15c-cce5-49fd-9899-ba17fb695562,
Billed Duration for Request f6a3f15c-cce5-49fd-9899-ba17fb695562: 104 ms
Input: 1102500,
Cold Start: false
Unique ID: a6e7b5f0-38a1-4b74-a1a5-3832efa0c3da,
Billed Duration for Request a6e7b5f0-38a1-4b74-a1a5-3832efa0c3da: 100 ms
Input: 1102500,
Cold Start: false
Unique ID: d7642888-048d-4d2b-88d1-af62e1facc9c,
Billed Duration for Request d7642888-048d-4d2b-88d1-af62e1facc9c: 100 ms
Input: 1102500,
Cold Start: false
Unique ID: fdfd2294-d6b5-4f26-ba9e-7763aa701fc2,
Billed Duration for Request fdfd2294-d6b5-4f26-ba9e-7763aa701fc2: 104 ms
Input: 1102500,
Cold Start: false
Unique ID: f2aeba78-4f3c-4313-8677-fb83e5eca641,
Billed Duration for Request f2aeba78-4f3c-4313-8677-fb83e5eca641: 104 ms
Input: 1102500,
Cold Start: false
Unique ID: 2c33c5de-1e24-4fb0-8375-7940996fe184,
Billed Duration for Request 2c33c5de-1e24-4fb0-8375-7940996fe184: 100 ms
Input: 1102500,
Cold Start: false
Unique ID: 02404b20-2da4-4e71-8643-8695b824730f,
Billed Duration for Request 02404b20-2da4-4e71-8643-8695b824730f: 100 ms
Input: 1102500,
Cold Start: false
Unique ID: a623ecee-2114-446c-8a58-3542c96edecc,
Billed Duration for Request a623ecee-2114-446c-8a58-3542c96edecc: 100 ms
Input: 1102500,
Cold Start: false
Unique ID: 4a85ec48-6d27-4ca5-9bac-60b24ce64df0,
Billed Duration for Request 4a85ec48-6d27-4ca5-9bac-60b24ce64df0: 100 ms
Input: 1102500,
Cold Start: false
Unique ID: f733dd08-00db-42ea-9f7d-30b3a61684a4,
Billed Duration for Request f733dd08-00db-42ea-9f7d-30b3a61684a4: 100 ms
Input: 1102500,
Cold Start: false
Unique ID: 8f95ba91-91db-466a-b890-1ad63548e0ff,
Billed Duration for Request 8f95ba91-91db-466a-b890-1ad63548e0ff: 96 ms
Input: 1102500,
Cold Start: false
Unique ID: be54bc1a-8e7b-4eb3-8a19-d28943d40f55,
Billed Duration for Request be54bc1a-8e7b-4eb3-8a19-d28943d40f55: 99 ms
Input: 1102500,
Cold Start: false
Unique ID: 07d12f8b-9890-49ed-8106-3b487aad1d07,
Billed Duration for Request 07d12f8b-9890-49ed-8106-3b487aad1d07: 104 ms
Input: 1102500,
Cold Start: false
Unique ID: 46511cb2-aa0b-453e-98da-15c854b634b9,
Billed Duration for Request 46511cb2-aa0b-453e-98da-15c854b634b9: 104 ms
Input: 1102500,
Cold Start: false
Unique ID: 02a74f10-0592-4a6f-9e7a-d9d27355b129,
Billed Duration for Request 02a74f10-0592-4a6f-9e7a-d9d27355b129: 99 ms
Input: 1102500,
Cold Start: false
Unique ID: 84795160-8539-40f3-96f7-8e89f8e07134,
Billed Duration for Request 84795160-8539-40f3-96f7-8e89f8e07134: 99 ms
Input: 1102500,
Cold Start: false
Unique ID: 58dae67d-a074-41fb-8957-e601bbf45bd2,
Billed Duration for Request 58dae67d-a074-41fb-8957-e601bbf45bd2: 100 ms
Input: 1102500,
Cold Start: false
Unique ID: f1c1bb00-5dfd-4226-9d77-56f949e07f7a,
Billed Duration for Request f1c1bb00-5dfd-4226-9d77-56f949e07f7a: 99 ms
Input: 1102500,
Cold Start: false
Unique ID: 640226db-7962-4478-b1c4-1b2f6afdc547,
Billed Duration for Request 640226db-7962-4478-b1c4-1b2f6afdc547: 104 ms
Input: 1102500,
Cold Start: false
Unique ID: 31742b61-4028-4bd0-9d5c-92a6bccfc2db,
Billed Duration for Request 31742b61-4028-4bd0-9d5c-92a6bccfc2db: 104 ms
Input: 1102500,
Cold Start: false
Unique ID: 6a76781e-5382-4ac6-bd08-8c70956bb339,
Billed Duration for Request 6a76781e-5382-4ac6-bd08-8c70956bb339: 96 ms
Input: 1102500,
Cold Start: false
Unique ID: c0d92e8d-fd71-4904-9913-3e17da074ce7,
Billed Duration for Request c0d92e8d-fd71-4904-9913-3e17da074ce7: 100 ms
Input: 1102500,
Cold Start: false
Unique ID: fb8d474c-2747-4710-8d91-4de6198ce977,
Billed Duration for Request fb8d474c-2747-4710-8d91-4de6198ce977: 104 ms
Input: 1102500,
Cold Start: false
Unique ID: 18ab22e3-bd7f-4574-a919-be76f0b9818c,
Billed Duration for Request 18ab22e3-bd7f-4574-a919-be76f0b9818c: 100 ms
Input: 1102500,
Cold Start: false
Unique ID: 86921976-a55a-4cf2-ac39-5e24ffdc6dc4,
Billed Duration for Request 86921976-a55a-4cf2-ac39-5e24ffdc6dc4: 100 ms
Input: 1102500,
Cold Start: false
Unique ID: 7d77b74b-6e44-4c53-bf31-fe182bf629bb,
Billed Duration for Request 7d77b74b-6e44-4c53-bf31-fe182bf629bb: 99 ms
Input: 1102500,
Cold Start: false
Unique ID: acbe6b10-2ef5-400b-8f93-a472fb84c34a,
Billed Duration for Request acbe6b10-2ef5-400b-8f93-a472fb84c34a: 96 ms
Input: 1102500,
Cold Start: false
Unique ID: 90f7be52-02e1-4261-8464-82b6c688e5a3,
Billed Duration for Request 90f7be52-02e1-4261-8464-82b6c688e5a3: 100 ms
Input: 1102500,
Cold Start: false
Unique ID: b4f903e2-e920-441c-88b7-2eab8641a809,
Billed Duration for Request b4f903e2-e920-441c-88b7-2eab8641a809: 104 ms
Input: 1102500,
Cold Start: false
Unique ID: 0d6b2a3c-aa41-464e-939a-ec4b57ae57c0,
Billed Duration for Request 0d6b2a3c-aa41-464e-939a-ec4b57ae57c0: 104 ms
Input: 1102500,
Cold Start: false
Unique ID: 03fa0196-d0f0-4ae9-b099-03517a1fecdb,
Billed Duration for Request 03fa0196-d0f0-4ae9-b099-03517a1fecdb: 100 ms
Input: 1102500,
Cold Start: false
Unique ID: 83031147-ac0f-4b01-8150-2f67eab553b7,
Billed Duration for Request 83031147-ac0f-4b01-8150-2f67eab553b7: 104 ms
Input: 1102500,
Cold Start: false
Unique ID: 26b80a58-8d99-49c6-91ce-2e378dd0662e,
Billed Duration for Request 26b80a58-8d99-49c6-91ce-2e378dd0662e: 104 ms
Input: 1102500,
Cold Start: false
