Unique ID: 252528b9-81db-4923-856e-f1000c27e6d1,
Billed Duration for Request 252528b9-81db-4923-856e-f1000c27e6d1: 2231 ms
Input: 5750000,
Cold Start: false
Unique ID: 125395e9-a7fb-4849-8f6b-3552e655190d,
Billed Duration for Request 125395e9-a7fb-4849-8f6b-3552e655190d: 2165 ms
Input: 5750000,
Cold Start: false
Unique ID: 0bf67d7a-5ad8-40b2-a170-82bab753866a,
Billed Duration for Request 0bf67d7a-5ad8-40b2-a170-82bab753866a: 2160 ms
Input: 5750000,
Cold Start: false
Unique ID: 46c52c48-f363-40eb-bc3c-c11e64b9f8ec,
Billed Duration for Request 46c52c48-f363-40eb-bc3c-c11e64b9f8ec: 2173 ms
Input: 5750000,
Cold Start: false
Unique ID: c97568db-2cc7-41a7-b5ad-4f9e43a12d75,
Billed Duration for Request c97568db-2cc7-41a7-b5ad-4f9e43a12d75: 2113 ms
Input: 5750000,
Cold Start: false
Unique ID: a5e59afc-699e-4872-b9d5-ab7c13a8d1ad,
Billed Duration for Request a5e59afc-699e-4872-b9d5-ab7c13a8d1ad: 2100 ms
Input: 5750000,
Cold Start: false
Unique ID: 6434ad22-2223-47f9-b010-df1730c47b4c,
Billed Duration for Request 6434ad22-2223-47f9-b010-df1730c47b4c: 2144 ms
Input: 5750000,
Cold Start: false
Unique ID: 767f10bd-cc77-4ae0-8059-730e238484a7,
Billed Duration for Request 767f10bd-cc77-4ae0-8059-730e238484a7: 2150 ms
Input: 5750000,
Cold Start: false
Unique ID: 98310192-bc72-4758-8307-f3594670fd9c,
Billed Duration for Request 98310192-bc72-4758-8307-f3594670fd9c: 2142 ms
Input: 5750000,
Cold Start: false
Unique ID: 02459b1c-8909-4119-8040-b550dfeb27cd,
Billed Duration for Request 02459b1c-8909-4119-8040-b550dfeb27cd: 2154 ms
Input: 5750000,
Cold Start: false
Unique ID: eb6f7b30-7de6-4f28-b01c-5587d1c49144,
Billed Duration for Request eb6f7b30-7de6-4f28-b01c-5587d1c49144: 2098 ms
Input: 5750000,
Cold Start: false
Unique ID: 6c71a8c2-2874-4883-9505-7f277391cee9,
Billed Duration for Request 6c71a8c2-2874-4883-9505-7f277391cee9: 2090 ms
Input: 5750000,
Cold Start: false
Unique ID: 7126f775-172f-431e-90d2-024b9b03afd0,
Billed Duration for Request 7126f775-172f-431e-90d2-024b9b03afd0: 2115 ms
Input: 5750000,
Cold Start: false
Unique ID: 8ef25058-be25-4ec7-9bbb-b434e0fbf61c,
Billed Duration for Request 8ef25058-be25-4ec7-9bbb-b434e0fbf61c: 2051 ms
Input: 5750000,
Cold Start: false
Unique ID: c941b1b9-a7c8-4418-b0a3-125b5832075f,
Billed Duration for Request c941b1b9-a7c8-4418-b0a3-125b5832075f: 2028 ms
Input: 5750000,
Cold Start: false
Unique ID: e7674756-40db-4163-8878-7dabf0084d26,
Billed Duration for Request e7674756-40db-4163-8878-7dabf0084d26: 2071 ms
Input: 5750000,
Cold Start: false
Unique ID: adf952f0-9a6b-4914-b201-3d2db9c1cbc3,
Billed Duration for Request adf952f0-9a6b-4914-b201-3d2db9c1cbc3: 2096 ms
Input: 5750000,
Cold Start: false
Unique ID: 6a7b8610-2fcf-4911-a607-500b95edf4ff,
Billed Duration for Request 6a7b8610-2fcf-4911-a607-500b95edf4ff: 2082 ms
Input: 5750000,
Cold Start: false
Unique ID: 38f3678e-50f0-412f-b129-97c08432adf0,
Billed Duration for Request 38f3678e-50f0-412f-b129-97c08432adf0: 2103 ms
Input: 5750000,
Cold Start: false
Unique ID: 67af33e5-f1c6-418d-aa4f-3320aeceb646,
Billed Duration for Request 67af33e5-f1c6-418d-aa4f-3320aeceb646: 2076 ms
Input: 5750000,
Cold Start: false
Unique ID: 0a080086-8fb3-4d83-ab58-f154d0808457,
Billed Duration for Request 0a080086-8fb3-4d83-ab58-f154d0808457: 2088 ms
Input: 5750000,
Cold Start: false
Unique ID: e87fbb53-0aea-41f7-bcf3-ebf3ca45b057,
Billed Duration for Request e87fbb53-0aea-41f7-bcf3-ebf3ca45b057: 2060 ms
Input: 5750000,
Cold Start: false
Unique ID: e84105d8-7e2a-49ed-b61f-3b9160fd279a,
Billed Duration for Request e84105d8-7e2a-49ed-b61f-3b9160fd279a: 2074 ms
Input: 5750000,
Cold Start: false
Unique ID: e8b29700-2c85-4089-9e5f-d0088cd0b327,
Billed Duration for Request e8b29700-2c85-4089-9e5f-d0088cd0b327: 2035 ms
Input: 5750000,
Cold Start: false
Unique ID: 3271bd07-2c62-4e34-82da-66fcda04a46e,
Billed Duration for Request 3271bd07-2c62-4e34-82da-66fcda04a46e: 2052 ms
Input: 5750000,
Cold Start: false
Unique ID: e366b5cd-cbe4-4520-9d9b-a556804be6a5,
Billed Duration for Request e366b5cd-cbe4-4520-9d9b-a556804be6a5: 2100 ms
Input: 5750000,
Cold Start: false
Unique ID: e3d646ce-0b17-4ffc-a095-350eca85da6a,
Billed Duration for Request e3d646ce-0b17-4ffc-a095-350eca85da6a: 2065 ms
Input: 5750000,
Cold Start: false
Unique ID: 31737fe3-6891-44ac-8dab-3acacc687190,
Billed Duration for Request 31737fe3-6891-44ac-8dab-3acacc687190: 2063 ms
Input: 5750000,
Cold Start: false
Unique ID: 2ebb8739-c7d2-4546-b23a-6e8300ba0440,
Billed Duration for Request 2ebb8739-c7d2-4546-b23a-6e8300ba0440: 2085 ms
Input: 5750000,
Cold Start: false
Unique ID: 342e1366-687b-4231-8eca-a7c6e4c0a4f9,
Billed Duration for Request 342e1366-687b-4231-8eca-a7c6e4c0a4f9: 2057 ms
Input: 5750000,
Cold Start: false
Unique ID: f689ab5b-9401-499e-aca9-0ca594ab18f1,
Billed Duration for Request f689ab5b-9401-499e-aca9-0ca594ab18f1: 2083 ms
Input: 5750000,
Cold Start: false
Unique ID: 158108d2-6282-47fc-b55e-21781f3fac42,
Billed Duration for Request 158108d2-6282-47fc-b55e-21781f3fac42: 2067 ms
Input: 5750000,
Cold Start: false
Unique ID: 5ad8c37d-86d7-4e9f-8be0-b48fa80edfca,
Billed Duration for Request 5ad8c37d-86d7-4e9f-8be0-b48fa80edfca: 2061 ms
Input: 5750000,
Cold Start: false
Unique ID: a4b9ea2f-3686-48d8-9b1a-8e66613e8594,
Billed Duration for Request a4b9ea2f-3686-48d8-9b1a-8e66613e8594: 2024 ms
Input: 5750000,
Cold Start: false
Unique ID: 042cc60d-a796-46b0-aa34-45f688cb2177,
Billed Duration for Request 042cc60d-a796-46b0-aa34-45f688cb2177: 2038 ms
Input: 5750000,
Cold Start: false
Unique ID: 70c42422-53e4-4f1c-9667-100eb374ebfd,
Billed Duration for Request 70c42422-53e4-4f1c-9667-100eb374ebfd: 2085 ms
Input: 5750000,
Cold Start: false
Unique ID: a2e331d2-359d-4358-9ae4-16639c8bcb71,
Billed Duration for Request a2e331d2-359d-4358-9ae4-16639c8bcb71: 2066 ms
Input: 5750000,
Cold Start: false
Unique ID: aef3760e-2c98-4ce5-942c-82190a495e55,
Billed Duration for Request aef3760e-2c98-4ce5-942c-82190a495e55: 2063 ms
Input: 5750000,
Cold Start: false
Unique ID: be4a4f25-a967-4174-aa91-eb0dbb8edaea,
Billed Duration for Request be4a4f25-a967-4174-aa91-eb0dbb8edaea: 2098 ms
Input: 5750000,
Cold Start: false
Unique ID: c8636fad-25bc-40ba-ab4f-63f418d52edf,
Billed Duration for Request c8636fad-25bc-40ba-ab4f-63f418d52edf: 2048 ms
Input: 5750000,
Cold Start: false
Unique ID: a4811617-9b65-45c7-b98a-5910ff783048,
Billed Duration for Request a4811617-9b65-45c7-b98a-5910ff783048: 2115 ms
Input: 5750000,
Cold Start: false
Unique ID: 0111fd01-2f92-4382-9791-d003261f2745,
Billed Duration for Request 0111fd01-2f92-4382-9791-d003261f2745: 2066 ms
Input: 5750000,
Cold Start: false
Unique ID: 552bad65-d37d-43d5-a887-382dafc4bb7b,
Billed Duration for Request 552bad65-d37d-43d5-a887-382dafc4bb7b: 2068 ms
Input: 5750000,
Cold Start: false
Unique ID: 0c0df2f3-019e-48a9-9750-17825bddfc94,
Billed Duration for Request 0c0df2f3-019e-48a9-9750-17825bddfc94: 2025 ms
Input: 5750000,
Cold Start: false
Unique ID: 3c65f49a-ec82-4d65-808f-d686fcf5e8d1,
Billed Duration for Request 3c65f49a-ec82-4d65-808f-d686fcf5e8d1: 2084 ms
Input: 5750000,
Cold Start: false
Unique ID: 606ad4b1-950d-4102-9289-512b99210ee2,
Billed Duration for Request 606ad4b1-950d-4102-9289-512b99210ee2: 2067 ms
Input: 5750000,
Cold Start: false
Unique ID: c8eaabf9-c9b5-469b-a1da-a23095149388,
Billed Duration for Request c8eaabf9-c9b5-469b-a1da-a23095149388: 2111 ms
Input: 5750000,
Cold Start: false
Unique ID: 06269adb-651d-40f6-82cf-e5396b26fc11,
Billed Duration for Request 06269adb-651d-40f6-82cf-e5396b26fc11: 2066 ms
Input: 5750000,
Cold Start: false
Unique ID: 839ffc67-4ff1-4082-99b6-86920842d3e4,
Billed Duration for Request 839ffc67-4ff1-4082-99b6-86920842d3e4: 2098 ms
Input: 5750000,
Cold Start: false
Unique ID: 76c8bec9-4686-486d-b8ba-ec50dcfbf33e,
Billed Duration for Request 76c8bec9-4686-486d-b8ba-ec50dcfbf33e: 2030 ms
Input: 5750000,
Cold Start: false
Unique ID: 13fce124-039d-4efc-99ce-b4de566050c0,
Billed Duration for Request 13fce124-039d-4efc-99ce-b4de566050c0: 2076 ms
Input: 5750000,
Cold Start: false
Unique ID: 85bd8290-a09a-46d8-aff4-4821c04829a6,
Billed Duration for Request 85bd8290-a09a-46d8-aff4-4821c04829a6: 2056 ms
Input: 5750000,
Cold Start: false
Unique ID: 2cc6a89f-1156-4f0d-9e3d-f2b95fea8e98,
Billed Duration for Request 2cc6a89f-1156-4f0d-9e3d-f2b95fea8e98: 2051 ms
Input: 5750000,
Cold Start: false
Unique ID: b0693261-e088-4b13-810d-450290539c0d,
Billed Duration for Request b0693261-e088-4b13-810d-450290539c0d: 2052 ms
Input: 5750000,
Cold Start: false
Unique ID: 3e6c8b02-2dce-4c31-8a0f-a8ff04544af9,
Billed Duration for Request 3e6c8b02-2dce-4c31-8a0f-a8ff04544af9: 2019 ms
Input: 5750000,
Cold Start: false
Unique ID: 5537009f-78d6-45d1-9ef8-33e7349082a7,
Billed Duration for Request 5537009f-78d6-45d1-9ef8-33e7349082a7: 2060 ms
Input: 5750000,
Cold Start: false
Unique ID: 3a60cbc9-47fc-49ad-ad62-17b60868b01f,
Billed Duration for Request 3a60cbc9-47fc-49ad-ad62-17b60868b01f: 2074 ms
Input: 5750000,
Cold Start: false
Unique ID: 0a900f12-a730-4993-bcbe-1dcd50a3186d,
Billed Duration for Request 0a900f12-a730-4993-bcbe-1dcd50a3186d: 2041 ms
Input: 5750000,
Cold Start: false
Unique ID: 550f4b13-8c05-4f68-9ce8-7939d6e134d2,
Billed Duration for Request 550f4b13-8c05-4f68-9ce8-7939d6e134d2: 2087 ms
Input: 5750000,
Cold Start: false
Unique ID: 4296aa49-3ee7-4f05-9ed0-d3fbb1dfb272,
Billed Duration for Request 4296aa49-3ee7-4f05-9ed0-d3fbb1dfb272: 2045 ms
Input: 5750000,
Cold Start: false
Unique ID: e2b741bc-3c51-4b9e-9a6c-84c05b4b6b3a,
Billed Duration for Request e2b741bc-3c51-4b9e-9a6c-84c05b4b6b3a: 2073 ms
Input: 5750000,
Cold Start: false
Unique ID: de0bfcd8-3e0a-4125-b8c4-b498cf709703,
Billed Duration for Request de0bfcd8-3e0a-4125-b8c4-b498cf709703: 2061 ms
Input: 5750000,
Cold Start: false
Unique ID: 11be0064-a7dd-4c67-9255-0e8726a64231,
Billed Duration for Request 11be0064-a7dd-4c67-9255-0e8726a64231: 2062 ms
Input: 5750000,
Cold Start: false
Unique ID: f96f93c7-1f95-4322-bc4f-e66fc903a282,
Billed Duration for Request f96f93c7-1f95-4322-bc4f-e66fc903a282: 2018 ms
Input: 5750000,
Cold Start: false
Unique ID: 55e48a71-0e02-4869-aa89-a49aefed7cf4,
Billed Duration for Request 55e48a71-0e02-4869-aa89-a49aefed7cf4: 2033 ms
Input: 5750000,
Cold Start: false
Unique ID: d8b3098b-a0c0-4d32-a9cf-8c299166fbc3,
Billed Duration for Request d8b3098b-a0c0-4d32-a9cf-8c299166fbc3: 2092 ms
Input: 5750000,
Cold Start: false
Unique ID: 90e57d8d-a9f6-4c7d-b769-36345ab5c354,
Billed Duration for Request 90e57d8d-a9f6-4c7d-b769-36345ab5c354: 2073 ms
Input: 5750000,
Cold Start: false
Unique ID: c62563c3-31f0-4cc9-930c-e180431ac1ae,
Billed Duration for Request c62563c3-31f0-4cc9-930c-e180431ac1ae: 2052 ms
Input: 5750000,
Cold Start: false
Unique ID: 86d1b14e-81f3-493a-bcb9-750a76adc1ca,
Billed Duration for Request 86d1b14e-81f3-493a-bcb9-750a76adc1ca: 2071 ms
Input: 5750000,
Cold Start: false
Unique ID: 94e54f02-6875-4586-ad50-8055ca93f0e7,
Billed Duration for Request 94e54f02-6875-4586-ad50-8055ca93f0e7: 2053 ms
Input: 5750000,
Cold Start: false
Unique ID: b1175c12-3051-4355-b4d1-cf367f2c3791,
Billed Duration for Request b1175c12-3051-4355-b4d1-cf367f2c3791: 2082 ms
Input: 5750000,
Cold Start: false
Unique ID: bad296fd-d26e-46dd-9ea8-5b25d7f50776,
Billed Duration for Request bad296fd-d26e-46dd-9ea8-5b25d7f50776: 2040 ms
Input: 5750000,
Cold Start: false
Unique ID: 265080eb-45f9-49f3-9274-e7784c9d7c46,
Billed Duration for Request 265080eb-45f9-49f3-9274-e7784c9d7c46: 2051 ms
Input: 5750000,
Cold Start: false
Unique ID: e288414b-eb8b-4779-a2ed-6742fa67a58d,
Billed Duration for Request e288414b-eb8b-4779-a2ed-6742fa67a58d: 2058 ms
Input: 5750000,
Cold Start: false
Unique ID: 06a48f18-74eb-4519-b32d-79e7b0eff240,
Billed Duration for Request 06a48f18-74eb-4519-b32d-79e7b0eff240: 2010 ms
Input: 5750000,
Cold Start: false
Unique ID: 096a09eb-9246-4826-ba31-8344fb1ef400,
Billed Duration for Request 096a09eb-9246-4826-ba31-8344fb1ef400: 2081 ms
Input: 5750000,
Cold Start: false
Unique ID: 770df43c-ec85-43d1-87be-1eb0a3a75726,
Billed Duration for Request 770df43c-ec85-43d1-87be-1eb0a3a75726: 2097 ms
Input: 5750000,
Cold Start: false
Unique ID: e19587f6-49d5-4914-b10c-34a3f7e31f62,
Billed Duration for Request e19587f6-49d5-4914-b10c-34a3f7e31f62: 2075 ms
Input: 5750000,
Cold Start: false
Unique ID: b872afde-3259-412f-878e-48980c49fa03,
Billed Duration for Request b872afde-3259-412f-878e-48980c49fa03: 2094 ms
Input: 5750000,
Cold Start: false
Unique ID: 1f897d84-59a5-44ba-bc99-33e5450dea9a,
Billed Duration for Request 1f897d84-59a5-44ba-bc99-33e5450dea9a: 2061 ms
Input: 5750000,
Cold Start: false
Unique ID: 58cba7a5-e3a9-48e4-bebd-486a3317f31b,
Billed Duration for Request 58cba7a5-e3a9-48e4-bebd-486a3317f31b: 2075 ms
Input: 5750000,
Cold Start: false
Unique ID: 23f91821-75b3-43d8-bf61-c2699efdab4d,
Billed Duration for Request 23f91821-75b3-43d8-bf61-c2699efdab4d: 2039 ms
Input: 5750000,
Cold Start: false
Unique ID: cb794077-d983-491c-94dd-5feaba902648,
Billed Duration for Request cb794077-d983-491c-94dd-5feaba902648: 1995 ms
Input: 5750000,
Cold Start: false
Unique ID: e586831f-e543-49ab-b382-c84f3ff2dad6,
Billed Duration for Request e586831f-e543-49ab-b382-c84f3ff2dad6: 2075 ms
Input: 5750000,
Cold Start: false
Unique ID: a910b773-36b9-4aad-8feb-3209cfd4365a,
Billed Duration for Request a910b773-36b9-4aad-8feb-3209cfd4365a: 2033 ms
Input: 5750000,
Cold Start: false
Unique ID: adddcacb-5da4-4fa5-b1f0-f85c3c43dcab,
Billed Duration for Request adddcacb-5da4-4fa5-b1f0-f85c3c43dcab: 2058 ms
Input: 5750000,
Cold Start: false
Unique ID: 51210fd9-dd8f-4c9a-b333-fd654df8f17c,
Billed Duration for Request 51210fd9-dd8f-4c9a-b333-fd654df8f17c: 2064 ms
Input: 5750000,
Cold Start: false
Unique ID: 4696497e-c2f6-4a05-84ed-0c5b50ec33fb,
Billed Duration for Request 4696497e-c2f6-4a05-84ed-0c5b50ec33fb: 2055 ms
Input: 5750000,
Cold Start: false
Unique ID: a8879514-4258-4428-99c3-30ba7f60d06d,
Billed Duration for Request a8879514-4258-4428-99c3-30ba7f60d06d: 2090 ms
Input: 5750000,
Cold Start: false
Unique ID: 88224eff-a942-4b64-b23a-97751d38b90a,
Billed Duration for Request 88224eff-a942-4b64-b23a-97751d38b90a: 2049 ms
Input: 5750000,
Cold Start: false
Unique ID: 61eb5ee9-19d0-46f9-a50d-f6719f195b5b,
Billed Duration for Request 61eb5ee9-19d0-46f9-a50d-f6719f195b5b: 2075 ms
Input: 5750000,
Cold Start: false
Unique ID: c51b7c9f-5449-4aa7-835a-9fbab61ece4a,
Billed Duration for Request c51b7c9f-5449-4aa7-835a-9fbab61ece4a: 2017 ms
Input: 5750000,
Cold Start: false
Unique ID: 6232cea2-2ed3-4b05-91b8-f320a13b15e7,
Billed Duration for Request 6232cea2-2ed3-4b05-91b8-f320a13b15e7: 2039 ms
Input: 5750000,
Cold Start: false
Unique ID: daed4a25-14a4-4b9a-8561-619f6bf3372b,
Billed Duration for Request daed4a25-14a4-4b9a-8561-619f6bf3372b: 2065 ms
Input: 5750000,
Cold Start: false
Unique ID: af403ab8-9711-4fde-9159-164d47987984,
Billed Duration for Request af403ab8-9711-4fde-9159-164d47987984: 2076 ms
Input: 5750000,
Cold Start: false
Unique ID: d10e0d58-3792-4fd6-b07a-4b923af0bb83,
Billed Duration for Request d10e0d58-3792-4fd6-b07a-4b923af0bb83: 2079 ms
Input: 5750000,
Cold Start: false
Unique ID: a85607a8-ba1b-49bb-b96b-61c460ef784d,
Billed Duration for Request a85607a8-ba1b-49bb-b96b-61c460ef784d: 2082 ms
Input: 5750000,
Cold Start: false
Unique ID: eeeba062-b373-46bb-964c-878bcc2078d3,
Billed Duration for Request eeeba062-b373-46bb-964c-878bcc2078d3: 2033 ms
Input: 5750000,
Cold Start: false
Unique ID: 33503165-1a7c-4dfb-b54e-b31bf942923c,
Billed Duration for Request 33503165-1a7c-4dfb-b54e-b31bf942923c: 2070 ms
Input: 5750000,
Cold Start: false
Unique ID: a45c9ffc-b3c7-4a00-8b15-63a02e7d12d4,
Billed Duration for Request a45c9ffc-b3c7-4a00-8b15-63a02e7d12d4: 2039 ms
Input: 5750000,
Cold Start: false
Unique ID: 2fc7de50-aa2b-459e-b9db-3fa81dc1f50e,
Billed Duration for Request 2fc7de50-aa2b-459e-b9db-3fa81dc1f50e: 2074 ms
Input: 5750000,
Cold Start: false
Unique ID: c9ca4e63-06b1-4050-bd21-b85debdbb9b9,
Billed Duration for Request c9ca4e63-06b1-4050-bd21-b85debdbb9b9: 2036 ms
Input: 5750000,
Cold Start: false
Unique ID: 59d03834-ec0e-449d-8d40-db1872dfd259,
Billed Duration for Request 59d03834-ec0e-449d-8d40-db1872dfd259: 2048 ms
Input: 5750000,
Cold Start: false
Unique ID: cd0d98f2-337c-40d5-aeee-6a9c46cc905c,
Billed Duration for Request cd0d98f2-337c-40d5-aeee-6a9c46cc905c: 2054 ms
Input: 5750000,
Cold Start: false
Unique ID: 2a7ef1d9-9039-431c-ab4f-270ad8217629,
Billed Duration for Request 2a7ef1d9-9039-431c-ab4f-270ad8217629: 2032 ms
Input: 5750000,
Cold Start: false
Unique ID: 4d73fcc8-1a04-40a2-b1a6-1b0d1d85d364,
Billed Duration for Request 4d73fcc8-1a04-40a2-b1a6-1b0d1d85d364: 2058 ms
Input: 5750000,
Cold Start: false
Unique ID: 6e021adb-64ea-4680-b7e6-d0b7eef16eeb,
Billed Duration for Request 6e021adb-64ea-4680-b7e6-d0b7eef16eeb: 2076 ms
Input: 5750000,
Cold Start: false
Unique ID: 95392204-db2d-495b-b786-1c755f7d4f26,
Billed Duration for Request 95392204-db2d-495b-b786-1c755f7d4f26: 2038 ms
Input: 5750000,
Cold Start: false
Unique ID: 73da5e87-ec2e-4b90-995f-ae8052f0308f,
Billed Duration for Request 73da5e87-ec2e-4b90-995f-ae8052f0308f: 2091 ms
Input: 5750000,
Cold Start: false
Unique ID: 6117723d-cd31-493e-85c8-2e9880cd3e84,
Billed Duration for Request 6117723d-cd31-493e-85c8-2e9880cd3e84: 2022 ms
Input: 5750000,
Cold Start: false
Unique ID: b6ba8cc6-9161-4199-95bf-30e19bde1498,
Billed Duration for Request b6ba8cc6-9161-4199-95bf-30e19bde1498: 2077 ms
Input: 5750000,
Cold Start: false
Unique ID: 627c721b-8831-4648-a5ff-d39579783c1b,
Billed Duration for Request 627c721b-8831-4648-a5ff-d39579783c1b: 2017 ms
Input: 5750000,
Cold Start: false
Unique ID: 929c2fe9-4e16-4227-83e6-1cf12dc196a1,
Billed Duration for Request 929c2fe9-4e16-4227-83e6-1cf12dc196a1: 2060 ms
Input: 5750000,
Cold Start: false
Unique ID: 9a0aadad-9dc5-4fe9-9e22-112a67c3efa1,
Billed Duration for Request 9a0aadad-9dc5-4fe9-9e22-112a67c3efa1: 2082 ms
Input: 5750000,
Cold Start: false
Unique ID: 8ab0cedd-a9ec-4a67-a8a3-c29d92064e00,
Billed Duration for Request 8ab0cedd-a9ec-4a67-a8a3-c29d92064e00: 2014 ms
Input: 5750000,
Cold Start: false
Unique ID: 29d29c56-ea03-49a5-9779-e856ef8ecd3b,
Billed Duration for Request 29d29c56-ea03-49a5-9779-e856ef8ecd3b: 2076 ms
Input: 5750000,
Cold Start: false
Unique ID: 6a86f669-0365-4175-9727-8cb462af7ad2,
Billed Duration for Request 6a86f669-0365-4175-9727-8cb462af7ad2: 2068 ms
Input: 5750000,
Cold Start: false
Unique ID: b3212db5-4e3c-42bc-b470-6031f9c03794,
Billed Duration for Request b3212db5-4e3c-42bc-b470-6031f9c03794: 2035 ms
Input: 5750000,
Cold Start: false
Unique ID: bbff4b93-d106-44d4-8dcd-7cbee15451b0,
Billed Duration for Request bbff4b93-d106-44d4-8dcd-7cbee15451b0: 2085 ms
Input: 5750000,
Cold Start: false
Unique ID: c86804d9-24f9-4138-8b1e-53b19b8ab248,
Billed Duration for Request c86804d9-24f9-4138-8b1e-53b19b8ab248: 2042 ms
Input: 5750000,
Cold Start: false
Unique ID: d89732b4-faa3-4345-9e58-362439f19857,
Billed Duration for Request d89732b4-faa3-4345-9e58-362439f19857: 2079 ms
Input: 5750000,
Cold Start: false
Unique ID: 2d0cf6c1-f44d-48ce-8f47-2dc36f7a73ae,
Billed Duration for Request 2d0cf6c1-f44d-48ce-8f47-2dc36f7a73ae: 1994 ms
Input: 5750000,
Cold Start: false
Unique ID: 2820ccdf-16ad-46f1-8856-b94051efb485,
Billed Duration for Request 2820ccdf-16ad-46f1-8856-b94051efb485: 2061 ms
Input: 5750000,
Cold Start: false
Unique ID: d7b2970e-4b17-4ebd-b22d-e31a94bae22a,
Billed Duration for Request d7b2970e-4b17-4ebd-b22d-e31a94bae22a: 2062 ms
Input: 5750000,
Cold Start: false
Unique ID: e521f0ad-d97d-480f-a125-d7a22aef1566,
Billed Duration for Request e521f0ad-d97d-480f-a125-d7a22aef1566: 2033 ms
Input: 5750000,
Cold Start: false
Unique ID: 0603486e-6f32-4fd9-916d-2e3c6e2fa39a,
Billed Duration for Request 0603486e-6f32-4fd9-916d-2e3c6e2fa39a: 2063 ms
Input: 5750000,
Cold Start: false
Unique ID: 1a35b754-47bb-43db-b240-e04a2b583d29,
Billed Duration for Request 1a35b754-47bb-43db-b240-e04a2b583d29: 2079 ms
Input: 5750000,
Cold Start: false
Unique ID: 17d5bf2a-e473-4cbd-8555-0607c84e29ed,
Billed Duration for Request 17d5bf2a-e473-4cbd-8555-0607c84e29ed: 2042 ms
Input: 5750000,
Cold Start: false
Unique ID: 250fcd75-b9e3-4922-8da6-6609b094c58e,
Billed Duration for Request 250fcd75-b9e3-4922-8da6-6609b094c58e: 2074 ms
Input: 5750000,
Cold Start: false
Unique ID: 957b88a6-8b6a-4b7d-b593-605f9ba0deac,
Billed Duration for Request 957b88a6-8b6a-4b7d-b593-605f9ba0deac: 2049 ms
Input: 5750000,
Cold Start: false
Unique ID: 1c06ded0-9e57-4bca-95d9-1c097b66b4e8,
Billed Duration for Request 1c06ded0-9e57-4bca-95d9-1c097b66b4e8: 2057 ms
Input: 5750000,
Cold Start: false
Unique ID: c38dd30d-4d85-4a37-8f7e-023af2c1a635,
Billed Duration for Request c38dd30d-4d85-4a37-8f7e-023af2c1a635: 1996 ms
Input: 5750000,
Cold Start: false
Unique ID: e6eb50d1-82e2-4e54-b4bf-60234dcd5d8d,
Billed Duration for Request e6eb50d1-82e2-4e54-b4bf-60234dcd5d8d: 2059 ms
Input: 5750000,
Cold Start: false
Unique ID: 847ba9ad-9059-4869-bbcb-f5610415866c,
Billed Duration for Request 847ba9ad-9059-4869-bbcb-f5610415866c: 2055 ms
Input: 5750000,
Cold Start: false
Unique ID: 2b1cdef0-57ae-4034-9186-0f2178d97409,
Billed Duration for Request 2b1cdef0-57ae-4034-9186-0f2178d97409: 2036 ms
Input: 5750000,
Cold Start: false
Unique ID: 4fb282da-e331-4842-b3d2-4427d707933b,
Billed Duration for Request 4fb282da-e331-4842-b3d2-4427d707933b: 2098 ms
Input: 5750000,
Cold Start: false
Unique ID: c08e60f9-3dba-4cd0-bf7d-bfd99ea5fe6a,
Billed Duration for Request c08e60f9-3dba-4cd0-bf7d-bfd99ea5fe6a: 2076 ms
Input: 5750000,
Cold Start: false
Unique ID: 98905e90-a50b-4450-9956-9387af0c7a97,
Billed Duration for Request 98905e90-a50b-4450-9956-9387af0c7a97: 2034 ms
Input: 5750000,
Cold Start: false
Unique ID: 15b79f9a-e9a5-4c2d-9214-65873c385f9e,
Billed Duration for Request 15b79f9a-e9a5-4c2d-9214-65873c385f9e: 2139 ms
Input: 5750000,
Cold Start: false
Unique ID: e8dcb71a-8404-4762-a1dd-763eecca6cfe,
Billed Duration for Request e8dcb71a-8404-4762-a1dd-763eecca6cfe: 2045 ms
Input: 5750000,
Cold Start: false
Unique ID: b6f49515-209e-4f52-afd7-2d129f5220b3,
Billed Duration for Request b6f49515-209e-4f52-afd7-2d129f5220b3: 2057 ms
Input: 5750000,
Cold Start: false
Unique ID: 93cbe2eb-272e-449a-ab1f-d6335488080a,
Billed Duration for Request 93cbe2eb-272e-449a-ab1f-d6335488080a: 2022 ms
Input: 5750000,
Cold Start: false
Unique ID: 3661e802-1d2b-449c-bd1e-a992f25e1e7c,
Billed Duration for Request 3661e802-1d2b-449c-bd1e-a992f25e1e7c: 2056 ms
Input: 5750000,
Cold Start: false
Unique ID: 6529d0fa-2cd4-446b-8ee8-5fd160243e5e,
Billed Duration for Request 6529d0fa-2cd4-446b-8ee8-5fd160243e5e: 2067 ms
Input: 5750000,
Cold Start: false
Unique ID: b88d65cc-70c1-4f96-901c-dbfc7e09b0f7,
Billed Duration for Request b88d65cc-70c1-4f96-901c-dbfc7e09b0f7: 2027 ms
Input: 5750000,
Cold Start: false
Unique ID: 7615d25f-397b-48d2-b1b8-3a4d66cd131e,
Billed Duration for Request 7615d25f-397b-48d2-b1b8-3a4d66cd131e: 2091 ms
Input: 5750000,
Cold Start: false
Unique ID: 2389a091-4921-438c-b332-8e9ebbf6947c,
Billed Duration for Request 2389a091-4921-438c-b332-8e9ebbf6947c: 2093 ms
Input: 5750000,
Cold Start: false
Unique ID: 4d4a7060-4482-40cb-933a-68c996890682,
Billed Duration for Request 4d4a7060-4482-40cb-933a-68c996890682: 2042 ms
Input: 5750000,
Cold Start: false
Unique ID: f62475c5-1631-416f-a4dd-685c006bf3c5,
Billed Duration for Request f62475c5-1631-416f-a4dd-685c006bf3c5: 2090 ms
Input: 5750000,
Cold Start: false
Unique ID: 7d2c4ae5-5cc0-4f94-a978-e71097b11550,
Billed Duration for Request 7d2c4ae5-5cc0-4f94-a978-e71097b11550: 2053 ms
Input: 5750000,
Cold Start: false
Unique ID: edf6109b-e6cb-47b3-a3e3-994e2b14fe5f,
Billed Duration for Request edf6109b-e6cb-47b3-a3e3-994e2b14fe5f: 2053 ms
Input: 5750000,
Cold Start: false
Unique ID: 34853472-53ff-4489-898f-3f00063708f0,
Billed Duration for Request 34853472-53ff-4489-898f-3f00063708f0: 2018 ms
Input: 5750000,
Cold Start: false
Unique ID: 52c79dbc-3063-4e07-b2fa-4bf7e4354260,
Billed Duration for Request 52c79dbc-3063-4e07-b2fa-4bf7e4354260: 2069 ms
Input: 5750000,
Cold Start: false
Unique ID: 67a5fa64-62fb-47fc-96a5-caf0529a4a45,
Billed Duration for Request 67a5fa64-62fb-47fc-96a5-caf0529a4a45: 2058 ms
Input: 5750000,
Cold Start: false
Unique ID: 2b7d9964-8c40-4eae-a1b1-13cd1fb4ccb0,
Billed Duration for Request 2b7d9964-8c40-4eae-a1b1-13cd1fb4ccb0: 2006 ms
Input: 5750000,
Cold Start: false
Unique ID: 563c1baa-43ef-4e73-83e1-b9701e8b54f2,
Billed Duration for Request 563c1baa-43ef-4e73-83e1-b9701e8b54f2: 2081 ms
Input: 5750000,
Cold Start: false
Unique ID: 70b440b8-dd34-483a-aaa1-02bffc139ad2,
Billed Duration for Request 70b440b8-dd34-483a-aaa1-02bffc139ad2: 2077 ms
Input: 5750000,
Cold Start: false
Unique ID: ef7e5369-9a8e-4867-b5f4-836a251f66b3,
Billed Duration for Request ef7e5369-9a8e-4867-b5f4-836a251f66b3: 2052 ms
Input: 5750000,
Cold Start: false
Unique ID: 13a50ff6-3bb9-44aa-b955-79defaebc613,
Billed Duration for Request 13a50ff6-3bb9-44aa-b955-79defaebc613: 2084 ms
Input: 5750000,
Cold Start: false
Unique ID: b7a3c1fb-4376-4d22-aae7-75e44ab5b4aa,
Billed Duration for Request b7a3c1fb-4376-4d22-aae7-75e44ab5b4aa: 2061 ms
Input: 5750000,
Cold Start: false
Unique ID: 2d5682ea-bca6-4f6b-9af3-838adbfaf206,
Billed Duration for Request 2d5682ea-bca6-4f6b-9af3-838adbfaf206: 2080 ms
Input: 5750000,
Cold Start: false
Unique ID: 2abd743e-f97b-48df-8253-f224074dcbe4,
Billed Duration for Request 2abd743e-f97b-48df-8253-f224074dcbe4: 2030 ms
Input: 5750000,
Cold Start: false
Unique ID: ce56dd46-d00c-4156-bfd2-009ed8b16b2a,
Billed Duration for Request ce56dd46-d00c-4156-bfd2-009ed8b16b2a: 2076 ms
Input: 5750000,
Cold Start: false
Unique ID: 0beeda5e-e605-4db3-b1c2-be6775da1656,
Billed Duration for Request 0beeda5e-e605-4db3-b1c2-be6775da1656: 2063 ms
Input: 5750000,
Cold Start: false
Unique ID: 450f618b-2a63-46e0-ae57-3f2627526eeb,
Billed Duration for Request 450f618b-2a63-46e0-ae57-3f2627526eeb: 2026 ms
Input: 5750000,
Cold Start: false
Unique ID: bb9e46c7-d854-4fd9-9832-586a792aba14,
Billed Duration for Request bb9e46c7-d854-4fd9-9832-586a792aba14: 2055 ms
Input: 5750000,
Cold Start: false
Unique ID: e235b2ad-ae99-4c47-822a-d3ba5cd05a26,
Billed Duration for Request e235b2ad-ae99-4c47-822a-d3ba5cd05a26: 2078 ms
Input: 5750000,
Cold Start: false
Unique ID: 2c361d74-b897-416e-8788-3daa0502a404,
Billed Duration for Request 2c361d74-b897-416e-8788-3daa0502a404: 2035 ms
Input: 5750000,
Cold Start: false
Unique ID: 9bf35869-7d33-4989-9dd9-be1b038b5576,
Billed Duration for Request 9bf35869-7d33-4989-9dd9-be1b038b5576: 2090 ms
Input: 5750000,
Cold Start: false
Unique ID: eaabe401-4011-4056-9beb-f599d68989fb,
Billed Duration for Request eaabe401-4011-4056-9beb-f599d68989fb: 2050 ms
Input: 5750000,
Cold Start: false
Unique ID: 6544321c-a9f8-459f-81fb-490d0accc8fd,
Billed Duration for Request 6544321c-a9f8-459f-81fb-490d0accc8fd: 2055 ms
Input: 5750000,
Cold Start: false
Unique ID: c151223e-0b8e-4e02-9b78-10f021fda7de,
Billed Duration for Request c151223e-0b8e-4e02-9b78-10f021fda7de: 2015 ms
Input: 5750000,
Cold Start: false
Unique ID: c0ffe11a-9fe8-49eb-a577-3548066c72ee,
Billed Duration for Request c0ffe11a-9fe8-49eb-a577-3548066c72ee: 2094 ms
Input: 5750000,
Cold Start: false
Unique ID: 0775ade5-ed38-4ace-8a0d-6544c19a7b43,
Billed Duration for Request 0775ade5-ed38-4ace-8a0d-6544c19a7b43: 2076 ms
Input: 5750000,
Cold Start: false
Unique ID: 548c8ec9-52c1-4900-a4f8-5bc42438985b,
Billed Duration for Request 548c8ec9-52c1-4900-a4f8-5bc42438985b: 2024 ms
Input: 5750000,
Cold Start: false
Unique ID: 5d6f4d03-e01b-498d-bf31-5f87c90e0198,
Billed Duration for Request 5d6f4d03-e01b-498d-bf31-5f87c90e0198: 2079 ms
Input: 5750000,
Cold Start: false
Unique ID: 1405d521-31ea-48c2-b120-ec8a3e8e9885,
Billed Duration for Request 1405d521-31ea-48c2-b120-ec8a3e8e9885: 2082 ms
Input: 5750000,
Cold Start: false
Unique ID: 788dc822-47c2-45f1-87b8-ea43f730359f,
Billed Duration for Request 788dc822-47c2-45f1-87b8-ea43f730359f: 2048 ms
Input: 5750000,
Cold Start: false
Unique ID: 0705fd39-2020-4787-b14b-2164e54f9948,
Billed Duration for Request 0705fd39-2020-4787-b14b-2164e54f9948: 2102 ms
Input: 5750000,
Cold Start: false
Unique ID: 78338e7d-7322-46d7-868f-cf7e24774bda,
Billed Duration for Request 78338e7d-7322-46d7-868f-cf7e24774bda: 2056 ms
Input: 5750000,
Cold Start: false
Unique ID: fa1df65f-f83d-4018-96b8-aefb2ba00975,
Billed Duration for Request fa1df65f-f83d-4018-96b8-aefb2ba00975: 2037 ms
Input: 5750000,
Cold Start: false
