Unique ID: b415122b-d5ce-4106-af26-c49042087815,
Billed Duration for Request b415122b-d5ce-4106-af26-c49042087815: 1833 ms
Input: 5000000,
Cold Start: false
Unique ID: d440e92a-de24-4bc8-908e-18f737e04f16,
Billed Duration for Request d440e92a-de24-4bc8-908e-18f737e04f16: 1902 ms
Input: 5000000,
Cold Start: false
Unique ID: 77e4f363-b10d-4cce-b011-455971808995,
Billed Duration for Request 77e4f363-b10d-4cce-b011-455971808995: 1812 ms
Input: 5000000,
Cold Start: false
Unique ID: 69a83e97-375b-4b3e-bc75-4c62b4ea20c7,
Billed Duration for Request 69a83e97-375b-4b3e-bc75-4c62b4ea20c7: 1854 ms
Input: 5000000,
Cold Start: false
Unique ID: 4c1cb7c9-60c6-467e-8bc5-b6054b8f163a,
Billed Duration for Request 4c1cb7c9-60c6-467e-8bc5-b6054b8f163a: 2103 ms
Input: 5000000,
Cold Start: true
Unique ID: 97d9e05d-43fc-4e0a-9d7d-f93dce41bed2,
Billed Duration for Request 97d9e05d-43fc-4e0a-9d7d-f93dce41bed2: 2108 ms
Input: 5000000,
Cold Start: true
Unique ID: 4e4c149f-c2f9-4cda-89aa-8753a3c049b9,
Billed Duration for Request 4e4c149f-c2f9-4cda-89aa-8753a3c049b9: 2077 ms
Input: 5000000,
Cold Start: true
Unique ID: d7880041-a5cb-41fb-92ab-d0dfacb2c816,
Billed Duration for Request d7880041-a5cb-41fb-92ab-d0dfacb2c816: 1775 ms
Input: 5000000,
Cold Start: false
Unique ID: 0fcf9fb5-f733-4c6c-b5e2-a0360f935460,
Billed Duration for Request 0fcf9fb5-f733-4c6c-b5e2-a0360f935460: 2089 ms
Input: 5000000,
Cold Start: true
Unique ID: 7ddd32a4-89c2-4a68-8361-7e18641ac05d,
Billed Duration for Request 7ddd32a4-89c2-4a68-8361-7e18641ac05d: 2118 ms
Input: 5000000,
Cold Start: true
Unique ID: 660c255d-58e8-4a3b-b120-b39883cb2fc2,
Billed Duration for Request 660c255d-58e8-4a3b-b120-b39883cb2fc2: 1895 ms
Input: 5000000,
Cold Start: false
Unique ID: d15ec447-ad05-4a29-a1ff-019508c257d1,
Billed Duration for Request d15ec447-ad05-4a29-a1ff-019508c257d1: 2121 ms
Input: 5000000,
Cold Start: true
Unique ID: 346c5d3b-3a1e-4033-9091-1abeb910ef11,
Billed Duration for Request 346c5d3b-3a1e-4033-9091-1abeb910ef11: 1784 ms
Input: 5000000,
Cold Start: false
Unique ID: cf66ad34-666e-44bb-abdc-bce885e0a3a8,
Billed Duration for Request cf66ad34-666e-44bb-abdc-bce885e0a3a8: 1837 ms
Input: 5000000,
Cold Start: false
Unique ID: 15ba6ca4-d2bd-475d-a2d1-ec585b16945c,
Billed Duration for Request 15ba6ca4-d2bd-475d-a2d1-ec585b16945c: 2035 ms
Input: 5000000,
Cold Start: false
Unique ID: f0a856da-b617-41b9-a768-45fa027a6453,
Billed Duration for Request f0a856da-b617-41b9-a768-45fa027a6453: 2067 ms
Input: 5000000,
Cold Start: false
Unique ID: 4cbab157-9d32-4484-83e5-18fb0c68ba9e,
Billed Duration for Request 4cbab157-9d32-4484-83e5-18fb0c68ba9e: 1781 ms
Input: 5000000,
Cold Start: false
Unique ID: 686d9dba-cb34-438e-bebd-b05efdfed8f4,
Billed Duration for Request 686d9dba-cb34-438e-bebd-b05efdfed8f4: 2032 ms
Input: 5000000,
Cold Start: false
Unique ID: fdd5ba39-8136-456a-92c2-5802c96b1946,
Billed Duration for Request fdd5ba39-8136-456a-92c2-5802c96b1946: 2077 ms
Input: 5000000,
Cold Start: false
Unique ID: f385ce3d-d4f5-4b64-81d1-6bda146f105d,
Billed Duration for Request f385ce3d-d4f5-4b64-81d1-6bda146f105d: 1755 ms
Input: 5000000,
Cold Start: false
Unique ID: 6d575405-4726-48df-b215-cc2fa87da60a,
Billed Duration for Request 6d575405-4726-48df-b215-cc2fa87da60a: 2099 ms
Input: 5000000,
Cold Start: false
Unique ID: 1d48894b-aac3-4cc2-8d78-eb5d9c5e8d91,
Billed Duration for Request 1d48894b-aac3-4cc2-8d78-eb5d9c5e8d91: 1764 ms
Input: 5000000,
Cold Start: false
Unique ID: def7ecbb-1af1-4c6e-9643-975c15a01026,
Billed Duration for Request def7ecbb-1af1-4c6e-9643-975c15a01026: 1804 ms
Input: 5000000,
Cold Start: false
Unique ID: 630a4f3f-5a97-494e-bd82-802470de5194,
Billed Duration for Request 630a4f3f-5a97-494e-bd82-802470de5194: 2033 ms
Input: 5000000,
Cold Start: false
Unique ID: f1c4d00e-0ddb-47b7-b71c-d921179dedb8,
Billed Duration for Request f1c4d00e-0ddb-47b7-b71c-d921179dedb8: 1921 ms
Input: 5000000,
Cold Start: false
Unique ID: 5e86fd96-457d-4635-9445-9937c2639dc7,
Billed Duration for Request 5e86fd96-457d-4635-9445-9937c2639dc7: 1912 ms
Input: 5000000,
Cold Start: false
Unique ID: eb4bdf8c-9257-445e-9f5a-6311d5742e6b,
Billed Duration for Request eb4bdf8c-9257-445e-9f5a-6311d5742e6b: 1894 ms
Input: 5000000,
Cold Start: false
Unique ID: ef2f1502-9161-4578-ac89-b01a1c2ebd98,
Billed Duration for Request ef2f1502-9161-4578-ac89-b01a1c2ebd98: 1775 ms
Input: 5000000,
Cold Start: false
Unique ID: cc528c95-33ee-49c9-9353-527e32696cc1,
Billed Duration for Request cc528c95-33ee-49c9-9353-527e32696cc1: 1935 ms
Input: 5000000,
Cold Start: false
Unique ID: 9dd8ad3f-7dc7-4a7e-a08c-9ee1e2766b63,
Billed Duration for Request 9dd8ad3f-7dc7-4a7e-a08c-9ee1e2766b63: 1931 ms
Input: 5000000,
Cold Start: false
Unique ID: 6d30e32d-d7b8-412f-a8ca-579a79880786,
Billed Duration for Request 6d30e32d-d7b8-412f-a8ca-579a79880786: 1761 ms
Input: 5000000,
Cold Start: false
Unique ID: 7b354bf3-fd68-4f25-9b13-62df98186e71,
Billed Duration for Request 7b354bf3-fd68-4f25-9b13-62df98186e71: 1799 ms
Input: 5000000,
Cold Start: false
Unique ID: 63c08633-f93e-43a9-805b-48319741c9fe,
Billed Duration for Request 63c08633-f93e-43a9-805b-48319741c9fe: 1782 ms
Input: 5000000,
Cold Start: false
Unique ID: 2c5f0791-70f3-40a9-a24d-986157efd7e9,
Billed Duration for Request 2c5f0791-70f3-40a9-a24d-986157efd7e9: 1855 ms
Input: 5000000,
Cold Start: false
Unique ID: 624b4eaa-5f5d-404b-84e8-2a72e0525655,
Billed Duration for Request 624b4eaa-5f5d-404b-84e8-2a72e0525655: 1817 ms
Input: 5000000,
Cold Start: false
Unique ID: 66ce93e7-baa8-420e-a5ea-7ec96c7963d0,
Billed Duration for Request 66ce93e7-baa8-420e-a5ea-7ec96c7963d0: 1811 ms
Input: 5000000,
Cold Start: false
Unique ID: b4250fa9-de97-4f94-b0d5-cf2b5480c59b,
Billed Duration for Request b4250fa9-de97-4f94-b0d5-cf2b5480c59b: 1775 ms
Input: 5000000,
Cold Start: false
Unique ID: bcb6e625-8b7b-426e-9d14-542aaa06626b,
Billed Duration for Request bcb6e625-8b7b-426e-9d14-542aaa06626b: 1813 ms
Input: 5000000,
Cold Start: false
Unique ID: 5c2e2378-433c-4b5c-a974-4100bf2e8aef,
Billed Duration for Request 5c2e2378-433c-4b5c-a974-4100bf2e8aef: 1800 ms
Input: 5000000,
Cold Start: false
Unique ID: df649386-3197-4139-a792-0b485e5c6174,
Billed Duration for Request df649386-3197-4139-a792-0b485e5c6174: 1733 ms
Input: 5000000,
Cold Start: false
Unique ID: ba110f4e-aaad-40ea-8e30-64fbb0ef12b9,
Billed Duration for Request ba110f4e-aaad-40ea-8e30-64fbb0ef12b9: 1807 ms
Input: 5000000,
Cold Start: false
Unique ID: 60dade72-3f17-4279-84f7-ace6f282a5f4,
Billed Duration for Request 60dade72-3f17-4279-84f7-ace6f282a5f4: 1776 ms
Input: 5000000,
Cold Start: false
Unique ID: 893623fe-a363-4a92-90bf-ae658ab5f785,
Billed Duration for Request 893623fe-a363-4a92-90bf-ae658ab5f785: 1827 ms
Input: 5000000,
Cold Start: false
Unique ID: 1e75f7fe-b7ba-4e87-9135-1fef265a2a99,
Billed Duration for Request 1e75f7fe-b7ba-4e87-9135-1fef265a2a99: 1802 ms
Input: 5000000,
Cold Start: false
Unique ID: 76e3cb0d-7e20-4209-9576-92fde98bf065,
Billed Duration for Request 76e3cb0d-7e20-4209-9576-92fde98bf065: 1832 ms
Input: 5000000,
Cold Start: false
Unique ID: ded0fcc0-7653-48ec-a06b-299c8e6670fc,
Billed Duration for Request ded0fcc0-7653-48ec-a06b-299c8e6670fc: 1781 ms
Input: 5000000,
Cold Start: false
Unique ID: 6cc85217-73be-406e-9495-e8373940d753,
Billed Duration for Request 6cc85217-73be-406e-9495-e8373940d753: 1810 ms
Input: 5000000,
Cold Start: false
Unique ID: 2e666de2-1be3-4fc4-9fac-4628e5cda1f1,
Billed Duration for Request 2e666de2-1be3-4fc4-9fac-4628e5cda1f1: 1783 ms
Input: 5000000,
Cold Start: false
Unique ID: 2927b1ff-f011-4ece-afa5-95f57b3b1039,
Billed Duration for Request 2927b1ff-f011-4ece-afa5-95f57b3b1039: 1735 ms
Input: 5000000,
Cold Start: false
Unique ID: c5d069a0-8889-4816-8a35-d40d6fb94e8a,
Billed Duration for Request c5d069a0-8889-4816-8a35-d40d6fb94e8a: 1812 ms
Input: 5000000,
Cold Start: false
Unique ID: 486d7517-6d06-48d6-aad8-1fb34f6dcb05,
Billed Duration for Request 486d7517-6d06-48d6-aad8-1fb34f6dcb05: 1786 ms
Input: 5000000,
Cold Start: false
Unique ID: 89888dcb-2b7c-4ecf-9c36-0811ab8ae9b3,
Billed Duration for Request 89888dcb-2b7c-4ecf-9c36-0811ab8ae9b3: 1778 ms
Input: 5000000,
Cold Start: false
Unique ID: 55c05b5f-1019-49e1-972e-42b3421cd021,
Billed Duration for Request 55c05b5f-1019-49e1-972e-42b3421cd021: 1774 ms
Input: 5000000,
Cold Start: false
Unique ID: 3d939615-711d-4b15-84ff-47667a11c8cb,
Billed Duration for Request 3d939615-711d-4b15-84ff-47667a11c8cb: 1799 ms
Input: 5000000,
Cold Start: false
Unique ID: 94154839-046d-4a43-af27-1eb1d0079644,
Billed Duration for Request 94154839-046d-4a43-af27-1eb1d0079644: 1777 ms
Input: 5000000,
Cold Start: false
Unique ID: 2d96a442-862d-4d26-ac39-bbce3ec74bc5,
Billed Duration for Request 2d96a442-862d-4d26-ac39-bbce3ec74bc5: 1779 ms
Input: 5000000,
Cold Start: false
Unique ID: 3bb53e8e-66c6-42dc-9d51-f74d42cac525,
Billed Duration for Request 3bb53e8e-66c6-42dc-9d51-f74d42cac525: 1795 ms
Input: 5000000,
Cold Start: false
Unique ID: fb915053-bcac-409b-909f-0c4f08a5df19,
Billed Duration for Request fb915053-bcac-409b-909f-0c4f08a5df19: 1745 ms
Input: 5000000,
Cold Start: false
Unique ID: f5f4d9a5-cbd3-4e24-b5eb-f5f559691d8b,
Billed Duration for Request f5f4d9a5-cbd3-4e24-b5eb-f5f559691d8b: 1827 ms
Input: 5000000,
Cold Start: false
Unique ID: ff2e7eac-9c82-480b-b7e3-2cd2902172b1,
Billed Duration for Request ff2e7eac-9c82-480b-b7e3-2cd2902172b1: 1775 ms
Input: 5000000,
Cold Start: false
Unique ID: 30908e74-d2da-434b-9d6d-cfcc8fa08a9f,
Billed Duration for Request 30908e74-d2da-434b-9d6d-cfcc8fa08a9f: 1814 ms
Input: 5000000,
Cold Start: false
Unique ID: 07e10bf6-65e8-4f6e-a099-ad7b94cad239,
Billed Duration for Request 07e10bf6-65e8-4f6e-a099-ad7b94cad239: 1805 ms
Input: 5000000,
Cold Start: false
Unique ID: c3925c34-b630-4ce4-bc3a-014dc7ea7649,
Billed Duration for Request c3925c34-b630-4ce4-bc3a-014dc7ea7649: 1795 ms
Input: 5000000,
Cold Start: false
Unique ID: 9d185285-ecd8-4353-87d3-03e9c0bcca54,
Billed Duration for Request 9d185285-ecd8-4353-87d3-03e9c0bcca54: 1817 ms
Input: 5000000,
Cold Start: false
Unique ID: 9f4ec4f1-1df3-4d72-ac1f-1906ed782d98,
Billed Duration for Request 9f4ec4f1-1df3-4d72-ac1f-1906ed782d98: 1788 ms
Input: 5000000,
Cold Start: false
Unique ID: 763dba13-7641-435d-8873-a2f8126508ce,
Billed Duration for Request 763dba13-7641-435d-8873-a2f8126508ce: 1809 ms
Input: 5000000,
Cold Start: false
Unique ID: 9e5d76ec-da8f-4346-88d7-e8254456b80f,
Billed Duration for Request 9e5d76ec-da8f-4346-88d7-e8254456b80f: 1750 ms
Input: 5000000,
Cold Start: false
Unique ID: f3b0ee11-b420-4af5-baf6-b5dd8b1beead,
Billed Duration for Request f3b0ee11-b420-4af5-baf6-b5dd8b1beead: 1793 ms
Input: 5000000,
Cold Start: false
Unique ID: dd22096b-09e0-4687-82b3-f748c4f14d15,
Billed Duration for Request dd22096b-09e0-4687-82b3-f748c4f14d15: 1813 ms
Input: 5000000,
Cold Start: false
Unique ID: 737922ec-469b-4579-a416-6c08c1c296b1,
Billed Duration for Request 737922ec-469b-4579-a416-6c08c1c296b1: 1808 ms
Input: 5000000,
Cold Start: false
Unique ID: 6812dcf9-6b8e-4edc-8f12-110b756b2bab,
Billed Duration for Request 6812dcf9-6b8e-4edc-8f12-110b756b2bab: 1859 ms
Input: 5000000,
Cold Start: false
Unique ID: 7f34a47d-2f15-42c8-9a61-3b23384762cc,
Billed Duration for Request 7f34a47d-2f15-42c8-9a61-3b23384762cc: 1793 ms
Input: 5000000,
Cold Start: false
Unique ID: 7043d431-4682-49d8-98c9-4301b1b1de40,
Billed Duration for Request 7043d431-4682-49d8-98c9-4301b1b1de40: 1794 ms
Input: 5000000,
Cold Start: false
Unique ID: 1957004d-cd97-4efd-a4c5-c875de1898f2,
Billed Duration for Request 1957004d-cd97-4efd-a4c5-c875de1898f2: 1792 ms
Input: 5000000,
Cold Start: false
Unique ID: 59738003-5052-45f7-bf74-94e1073f29e8,
Billed Duration for Request 59738003-5052-45f7-bf74-94e1073f29e8: 1780 ms
Input: 5000000,
Cold Start: false
Unique ID: 8de08c2e-0a2e-4006-b6db-66435c224c5a,
Billed Duration for Request 8de08c2e-0a2e-4006-b6db-66435c224c5a: 1750 ms
Input: 5000000,
Cold Start: false
Unique ID: 420d6d99-67a3-4c5b-8aca-a84c71fe4db2,
Billed Duration for Request 420d6d99-67a3-4c5b-8aca-a84c71fe4db2: 1803 ms
Input: 5000000,
Cold Start: false
Unique ID: 8cf62251-6aea-44b3-98db-eade899d997f,
Billed Duration for Request 8cf62251-6aea-44b3-98db-eade899d997f: 1783 ms
Input: 5000000,
Cold Start: false
Unique ID: b525790b-6882-4df3-a324-66c4b70c4dce,
Billed Duration for Request b525790b-6882-4df3-a324-66c4b70c4dce: 1794 ms
Input: 5000000,
Cold Start: false
Unique ID: 31c9b1af-ef94-4bf9-a786-14bbb86bbc89,
Billed Duration for Request 31c9b1af-ef94-4bf9-a786-14bbb86bbc89: 1820 ms
Input: 5000000,
Cold Start: false
Unique ID: e489371d-130f-4e19-9727-7f762844fc21,
Billed Duration for Request e489371d-130f-4e19-9727-7f762844fc21: 1815 ms
Input: 5000000,
Cold Start: false
Unique ID: c1d4571d-a545-494a-a545-7e1dc7be6be6,
Billed Duration for Request c1d4571d-a545-494a-a545-7e1dc7be6be6: 1794 ms
Input: 5000000,
Cold Start: false
Unique ID: 5c77e902-77cb-4d63-b6d1-b238adca0b7b,
Billed Duration for Request 5c77e902-77cb-4d63-b6d1-b238adca0b7b: 1790 ms
Input: 5000000,
Cold Start: false
Unique ID: f5705535-7d03-4607-baca-e8fe2ed1da38,
Billed Duration for Request f5705535-7d03-4607-baca-e8fe2ed1da38: 1768 ms
Input: 5000000,
Cold Start: false
Unique ID: 3ac5df75-9c61-4ad6-9d81-88a03244657a,
Billed Duration for Request 3ac5df75-9c61-4ad6-9d81-88a03244657a: 1750 ms
Input: 5000000,
Cold Start: false
Unique ID: fd173c49-e2e2-47e0-bb56-d20285fd5c16,
Billed Duration for Request fd173c49-e2e2-47e0-bb56-d20285fd5c16: 1801 ms
Input: 5000000,
Cold Start: false
Unique ID: ce533188-3886-4630-9ce4-312b148fb3a7,
Billed Duration for Request ce533188-3886-4630-9ce4-312b148fb3a7: 1786 ms
Input: 5000000,
Cold Start: false
Unique ID: f281a454-bf29-4968-84dd-ee9824823b8a,
Billed Duration for Request f281a454-bf29-4968-84dd-ee9824823b8a: 1790 ms
Input: 5000000,
Cold Start: false
Unique ID: ac5d492e-6d91-49da-b3b3-dbf7b3af674f,
Billed Duration for Request ac5d492e-6d91-49da-b3b3-dbf7b3af674f: 1776 ms
Input: 5000000,
Cold Start: false
Unique ID: 937be6ad-c79c-4f4c-8a59-7ebc3386754f,
Billed Duration for Request 937be6ad-c79c-4f4c-8a59-7ebc3386754f: 1816 ms
Input: 5000000,
Cold Start: false
Unique ID: 63154c91-9e2b-4dbf-8a6d-7d6ec5dd4514,
Billed Duration for Request 63154c91-9e2b-4dbf-8a6d-7d6ec5dd4514: 1799 ms
Input: 5000000,
Cold Start: false
Unique ID: ea9a4305-eddb-421c-a2e0-845a466e3ee5,
Billed Duration for Request ea9a4305-eddb-421c-a2e0-845a466e3ee5: 1775 ms
Input: 5000000,
Cold Start: false
Unique ID: 7d9b1a85-7435-47d2-8a67-b51b0ac9d1eb,
Billed Duration for Request 7d9b1a85-7435-47d2-8a67-b51b0ac9d1eb: 1787 ms
Input: 5000000,
Cold Start: false
Unique ID: 54838810-48df-4d36-be7a-0758b87d176c,
Billed Duration for Request 54838810-48df-4d36-be7a-0758b87d176c: 1754 ms
Input: 5000000,
Cold Start: false
Unique ID: 6ea6c0a8-62d2-4bcc-80e3-d0c6c4dcecb5,
Billed Duration for Request 6ea6c0a8-62d2-4bcc-80e3-d0c6c4dcecb5: 1778 ms
Input: 5000000,
Cold Start: false
Unique ID: f6de8df4-93e2-48c6-8348-0f2ed1dbbb08,
Billed Duration for Request f6de8df4-93e2-48c6-8348-0f2ed1dbbb08: 1813 ms
Input: 5000000,
Cold Start: false
Unique ID: 404118f7-83a9-4948-bb5a-33d5427ea953,
Billed Duration for Request 404118f7-83a9-4948-bb5a-33d5427ea953: 1777 ms
Input: 5000000,
Cold Start: false
Unique ID: 3a0a98c1-d518-412c-85be-79a3af3fcbe4,
Billed Duration for Request 3a0a98c1-d518-412c-85be-79a3af3fcbe4: 1776 ms
Input: 5000000,
Cold Start: false
Unique ID: 221d07f1-2eb7-469d-842f-446706657acc,
Billed Duration for Request 221d07f1-2eb7-469d-842f-446706657acc: 1797 ms
Input: 5000000,
Cold Start: false
Unique ID: 16659f00-4d18-425e-b5dc-c34006c51eaa,
Billed Duration for Request 16659f00-4d18-425e-b5dc-c34006c51eaa: 1792 ms
Input: 5000000,
Cold Start: false
Unique ID: 48e4e78a-0d76-436c-8ec7-b7ed5d81eb62,
Billed Duration for Request 48e4e78a-0d76-436c-8ec7-b7ed5d81eb62: 1797 ms
Input: 5000000,
Cold Start: false
Unique ID: 2118b41c-9d30-4997-a6e2-881428d61c04,
Billed Duration for Request 2118b41c-9d30-4997-a6e2-881428d61c04: 1752 ms
Input: 5000000,
Cold Start: false
Unique ID: 29f46380-58fb-4422-9597-8a77db10e3cb,
Billed Duration for Request 29f46380-58fb-4422-9597-8a77db10e3cb: 1752 ms
Input: 5000000,
Cold Start: false
Unique ID: ab23367a-c9b4-4e36-b29d-89979e89d86c,
Billed Duration for Request ab23367a-c9b4-4e36-b29d-89979e89d86c: 1755 ms
Input: 5000000,
Cold Start: false
Unique ID: 2d3fbfcd-e8bf-4ade-963d-08ab53063f54,
Billed Duration for Request 2d3fbfcd-e8bf-4ade-963d-08ab53063f54: 1793 ms
Input: 5000000,
Cold Start: false
Unique ID: dd445a12-a3f2-4a38-a833-59b4257c6fd5,
Billed Duration for Request dd445a12-a3f2-4a38-a833-59b4257c6fd5: 1787 ms
Input: 5000000,
Cold Start: false
Unique ID: aa910bca-8d2c-4864-8c7b-5e795188c6fc,
Billed Duration for Request aa910bca-8d2c-4864-8c7b-5e795188c6fc: 1802 ms
Input: 5000000,
Cold Start: false
Unique ID: daeae23b-9178-4def-8a1f-4208f2fded87,
Billed Duration for Request daeae23b-9178-4def-8a1f-4208f2fded87: 1788 ms
Input: 5000000,
Cold Start: false
Unique ID: db16d241-cd1d-4493-951b-5cb83db49caa,
Billed Duration for Request db16d241-cd1d-4493-951b-5cb83db49caa: 1797 ms
Input: 5000000,
Cold Start: false
Unique ID: 2fbe3057-ba0d-4061-9fe4-1fa88bcf56f1,
Billed Duration for Request 2fbe3057-ba0d-4061-9fe4-1fa88bcf56f1: 1763 ms
Input: 5000000,
Cold Start: false
Unique ID: c5462488-ba86-4419-8cb5-c1f91fba94a5,
Billed Duration for Request c5462488-ba86-4419-8cb5-c1f91fba94a5: 1748 ms
Input: 5000000,
Cold Start: false
Unique ID: 72856d43-fb55-4b9d-a92e-56294d6dc6a8,
Billed Duration for Request 72856d43-fb55-4b9d-a92e-56294d6dc6a8: 1738 ms
Input: 5000000,
Cold Start: false
Unique ID: 254a1ff1-4aac-4786-bd34-dc5eac5f3c2d,
Billed Duration for Request 254a1ff1-4aac-4786-bd34-dc5eac5f3c2d: 1770 ms
Input: 5000000,
Cold Start: false
Unique ID: b0d19523-3a2a-4ba7-90d8-071a016699ab,
Billed Duration for Request b0d19523-3a2a-4ba7-90d8-071a016699ab: 1807 ms
Input: 5000000,
Cold Start: false
Unique ID: 9135ace2-24bc-49ab-99fa-9dd598008315,
Billed Duration for Request 9135ace2-24bc-49ab-99fa-9dd598008315: 1792 ms
Input: 5000000,
Cold Start: false
Unique ID: 2830e603-d979-47b1-bbda-b22542ddc3dc,
Billed Duration for Request 2830e603-d979-47b1-bbda-b22542ddc3dc: 1781 ms
Input: 5000000,
Cold Start: false
Unique ID: 9ba5a033-fa4e-4d25-b11a-bad64fd04730,
Billed Duration for Request 9ba5a033-fa4e-4d25-b11a-bad64fd04730: 1793 ms
Input: 5000000,
Cold Start: false
Unique ID: e34e504a-62d1-4857-8a4e-488e2e7d313d,
Billed Duration for Request e34e504a-62d1-4857-8a4e-488e2e7d313d: 1814 ms
Input: 5000000,
Cold Start: false
Unique ID: f042c442-26bc-4506-9a91-4faa79d5d569,
Billed Duration for Request f042c442-26bc-4506-9a91-4faa79d5d569: 1778 ms
Input: 5000000,
Cold Start: false
Unique ID: 28fbeb30-b5bb-47ad-84c9-1d18c0237f39,
Billed Duration for Request 28fbeb30-b5bb-47ad-84c9-1d18c0237f39: 1734 ms
Input: 5000000,
Cold Start: false
Unique ID: b6f1bd7b-47be-4ed6-910d-84ab2ed36feb,
Billed Duration for Request b6f1bd7b-47be-4ed6-910d-84ab2ed36feb: 1744 ms
Input: 5000000,
Cold Start: false
Unique ID: 212b6df7-2719-45c3-a39c-e8c6b6122ae2,
Billed Duration for Request 212b6df7-2719-45c3-a39c-e8c6b6122ae2: 1779 ms
Input: 5000000,
Cold Start: false
Unique ID: ec87defe-6323-4561-9856-e460140878e9,
Billed Duration for Request ec87defe-6323-4561-9856-e460140878e9: 1757 ms
Input: 5000000,
Cold Start: false
Unique ID: 672d6d26-afbe-440c-8206-c6490ef55b3c,
Billed Duration for Request 672d6d26-afbe-440c-8206-c6490ef55b3c: 1790 ms
Input: 5000000,
Cold Start: false
Unique ID: c2852251-a894-4e63-a373-e168d1cdac08,
Billed Duration for Request c2852251-a894-4e63-a373-e168d1cdac08: 1791 ms
Input: 5000000,
Cold Start: false
Unique ID: 78f211f7-e63b-4a8f-b9e4-6fa9e31b5de3,
Billed Duration for Request 78f211f7-e63b-4a8f-b9e4-6fa9e31b5de3: 1804 ms
Input: 5000000,
Cold Start: false
Unique ID: 972c509f-4d51-443a-8f23-29f736afdc0c,
Billed Duration for Request 972c509f-4d51-443a-8f23-29f736afdc0c: 1815 ms
Input: 5000000,
Cold Start: false
Unique ID: 1fe0e144-1188-45dd-8ee1-08210df713c8,
Billed Duration for Request 1fe0e144-1188-45dd-8ee1-08210df713c8: 1794 ms
Input: 5000000,
Cold Start: false
Unique ID: e35afb45-fa4c-421d-898b-2116cfd0618c,
Billed Duration for Request e35afb45-fa4c-421d-898b-2116cfd0618c: 1751 ms
Input: 5000000,
Cold Start: false
Unique ID: 038e0098-2345-4d21-bad6-d9b4d6405cc7,
Billed Duration for Request 038e0098-2345-4d21-bad6-d9b4d6405cc7: 1757 ms
Input: 5000000,
Cold Start: false
Unique ID: 896740f6-3de1-4059-883b-5683af5e83ff,
Billed Duration for Request 896740f6-3de1-4059-883b-5683af5e83ff: 1782 ms
Input: 5000000,
Cold Start: false
Unique ID: d83bbaeb-e1c4-4a57-bee0-85c47d5f15ec,
Billed Duration for Request d83bbaeb-e1c4-4a57-bee0-85c47d5f15ec: 1769 ms
Input: 5000000,
Cold Start: false
Unique ID: 0ae81abe-821f-4b83-964c-723f166e751b,
Billed Duration for Request 0ae81abe-821f-4b83-964c-723f166e751b: 1796 ms
Input: 5000000,
Cold Start: false
Unique ID: 50e89729-3fad-4fac-ab6d-81eb9cafa625,
Billed Duration for Request 50e89729-3fad-4fac-ab6d-81eb9cafa625: 1795 ms
Input: 5000000,
Cold Start: false
Unique ID: 34d8449b-6af8-4133-b914-2854ed336b16,
Billed Duration for Request 34d8449b-6af8-4133-b914-2854ed336b16: 1808 ms
Input: 5000000,
Cold Start: false
Unique ID: 96765469-4229-46ea-8f0f-aa78b40a6dc8,
Billed Duration for Request 96765469-4229-46ea-8f0f-aa78b40a6dc8: 1792 ms
Input: 5000000,
Cold Start: false
Unique ID: f9941d1c-5231-41b3-ad8b-37c2335a2eaa,
Billed Duration for Request f9941d1c-5231-41b3-ad8b-37c2335a2eaa: 1792 ms
Input: 5000000,
Cold Start: false
Unique ID: 92290aa0-19bf-46e4-9b98-32dbf823b65f,
Billed Duration for Request 92290aa0-19bf-46e4-9b98-32dbf823b65f: 1730 ms
Input: 5000000,
Cold Start: false
Unique ID: ddd3bfdb-c07e-4eda-89df-cfc6f1ea995d,
Billed Duration for Request ddd3bfdb-c07e-4eda-89df-cfc6f1ea995d: 1732 ms
Input: 5000000,
Cold Start: false
Unique ID: b64b5d62-c85f-4b4f-9454-cf3db8b5cc2b,
Billed Duration for Request b64b5d62-c85f-4b4f-9454-cf3db8b5cc2b: 1798 ms
Input: 5000000,
Cold Start: false
Unique ID: 3c5c8d5e-f291-42ed-a657-c33455c6fdc6,
Billed Duration for Request 3c5c8d5e-f291-42ed-a657-c33455c6fdc6: 1763 ms
Input: 5000000,
Cold Start: false
Unique ID: 2857e6a7-7f92-44ad-9210-60b0a58b2430,
Billed Duration for Request 2857e6a7-7f92-44ad-9210-60b0a58b2430: 1762 ms
Input: 5000000,
Cold Start: false
Unique ID: 5711faed-eed4-40df-b867-fcae2f23abe6,
Billed Duration for Request 5711faed-eed4-40df-b867-fcae2f23abe6: 1804 ms
Input: 5000000,
Cold Start: false
Unique ID: fd4595b1-4d10-40f9-90c9-e5f0352a9f05,
Billed Duration for Request fd4595b1-4d10-40f9-90c9-e5f0352a9f05: 1794 ms
Input: 5000000,
Cold Start: false
Unique ID: 6b3adeaf-0b9a-43c8-8286-1607b687be39,
Billed Duration for Request 6b3adeaf-0b9a-43c8-8286-1607b687be39: 1810 ms
Input: 5000000,
Cold Start: false
Unique ID: 4db23257-6605-4db0-a401-52e10e75ca7d,
Billed Duration for Request 4db23257-6605-4db0-a401-52e10e75ca7d: 1797 ms
Input: 5000000,
Cold Start: false
Unique ID: 4300f046-24f3-45fb-8d99-696c93a56948,
Billed Duration for Request 4300f046-24f3-45fb-8d99-696c93a56948: 1749 ms
Input: 5000000,
Cold Start: false
Unique ID: 0ed42c29-d685-4e3d-bd34-2b9cd5eca1af,
Billed Duration for Request 0ed42c29-d685-4e3d-bd34-2b9cd5eca1af: 1756 ms
Input: 5000000,
Cold Start: false
Unique ID: 249dd79f-a0df-4b09-9736-9a27b3999aa4,
Billed Duration for Request 249dd79f-a0df-4b09-9736-9a27b3999aa4: 1796 ms
Input: 5000000,
Cold Start: false
Unique ID: 25af0d5b-5ca6-4f42-b057-1d7ac78aec81,
Billed Duration for Request 25af0d5b-5ca6-4f42-b057-1d7ac78aec81: 1788 ms
Input: 5000000,
Cold Start: false
Unique ID: ab3f531e-c6ce-4415-9f8f-847ae509f117,
Billed Duration for Request ab3f531e-c6ce-4415-9f8f-847ae509f117: 1766 ms
Input: 5000000,
Cold Start: false
Unique ID: b2cb9144-4565-4cd9-a667-da06e69a1421,
Billed Duration for Request b2cb9144-4565-4cd9-a667-da06e69a1421: 1805 ms
Input: 5000000,
Cold Start: false
Unique ID: ae93195a-fe87-416e-8df3-a2ef68010c67,
Billed Duration for Request ae93195a-fe87-416e-8df3-a2ef68010c67: 1796 ms
Input: 5000000,
Cold Start: false
Unique ID: 03385142-2800-4c45-a276-700ba07eebcd,
Billed Duration for Request 03385142-2800-4c45-a276-700ba07eebcd: 1809 ms
Input: 5000000,
Cold Start: false
Unique ID: 7ea47975-d7e9-4113-9180-ffca8a1840d9,
Billed Duration for Request 7ea47975-d7e9-4113-9180-ffca8a1840d9: 1802 ms
Input: 5000000,
Cold Start: false
Unique ID: 39996882-ee9f-4535-8401-0d9fc78d620e,
Billed Duration for Request 39996882-ee9f-4535-8401-0d9fc78d620e: 1747 ms
Input: 5000000,
Cold Start: false
Unique ID: 259f1f15-7597-449d-93b8-ae53be46862e,
Billed Duration for Request 259f1f15-7597-449d-93b8-ae53be46862e: 1766 ms
Input: 5000000,
Cold Start: false
Unique ID: 5b9bf5d8-0779-4312-834e-405edb6a8cb7,
Billed Duration for Request 5b9bf5d8-0779-4312-834e-405edb6a8cb7: 1777 ms
Input: 5000000,
Cold Start: false
Unique ID: 8c56d098-e393-4d18-a02b-9bd4dc6a499d,
Billed Duration for Request 8c56d098-e393-4d18-a02b-9bd4dc6a499d: 1777 ms
Input: 5000000,
Cold Start: false
Unique ID: 59b4779e-4d4b-4496-9289-bd0e2733882d,
Billed Duration for Request 59b4779e-4d4b-4496-9289-bd0e2733882d: 1765 ms
Input: 5000000,
Cold Start: false
Unique ID: 219bcf64-ba46-4ef9-b163-7c925cdf0b98,
Billed Duration for Request 219bcf64-ba46-4ef9-b163-7c925cdf0b98: 1777 ms
Input: 5000000,
Cold Start: false
Unique ID: fb091913-8138-4e1d-81d5-edd222bd1ec4,
Billed Duration for Request fb091913-8138-4e1d-81d5-edd222bd1ec4: 1790 ms
Input: 5000000,
Cold Start: false
Unique ID: 3093fe69-0685-4c93-94a8-7f71a3ff7938,
Billed Duration for Request 3093fe69-0685-4c93-94a8-7f71a3ff7938: 1814 ms
Input: 5000000,
Cold Start: false
Unique ID: f3a08c81-3084-48a9-be0a-10a1eba152e6,
Billed Duration for Request f3a08c81-3084-48a9-be0a-10a1eba152e6: 1816 ms
Input: 5000000,
Cold Start: false
Unique ID: 54deaacc-230b-42b9-9f01-073e236dc9cb,
Billed Duration for Request 54deaacc-230b-42b9-9f01-073e236dc9cb: 1758 ms
Input: 5000000,
Cold Start: false
Unique ID: b87a940c-7197-4774-8167-2dfaf8cb7069,
Billed Duration for Request b87a940c-7197-4774-8167-2dfaf8cb7069: 1745 ms
Input: 5000000,
Cold Start: false
Unique ID: 107addbc-4fa4-4f57-97fc-59182bdbfe69,
Billed Duration for Request 107addbc-4fa4-4f57-97fc-59182bdbfe69: 1803 ms
Input: 5000000,
Cold Start: false
Unique ID: 9eb96f21-3396-40a0-b9de-9f3fcfc41fc3,
Billed Duration for Request 9eb96f21-3396-40a0-b9de-9f3fcfc41fc3: 1797 ms
Input: 5000000,
Cold Start: false
Unique ID: 5be146f4-f942-4687-9d90-08aac3051f93,
Billed Duration for Request 5be146f4-f942-4687-9d90-08aac3051f93: 1793 ms
Input: 5000000,
Cold Start: false
Unique ID: 253109f2-221d-4f0e-ad36-38ecf640cfa2,
Billed Duration for Request 253109f2-221d-4f0e-ad36-38ecf640cfa2: 1778 ms
Input: 5000000,
Cold Start: false
Unique ID: 579b5c93-7d27-4b8f-a0e4-858ab3cedd20,
Billed Duration for Request 579b5c93-7d27-4b8f-a0e4-858ab3cedd20: 1784 ms
Input: 5000000,
Cold Start: false
Unique ID: 4d99ba10-09c4-4593-a43c-6409914b13d3,
Billed Duration for Request 4d99ba10-09c4-4593-a43c-6409914b13d3: 1768 ms
Input: 5000000,
Cold Start: false
Unique ID: 4aaabc28-38b9-4df8-b9cc-0bd7e76f4bb3,
Billed Duration for Request 4aaabc28-38b9-4df8-b9cc-0bd7e76f4bb3: 1792 ms
Input: 5000000,
Cold Start: false
Unique ID: c8b693ef-260a-4dc5-ab91-fac1a81fecf3,
Billed Duration for Request c8b693ef-260a-4dc5-ab91-fac1a81fecf3: 1739 ms
Input: 5000000,
Cold Start: false
Unique ID: ab481a35-f29f-4838-bfcb-d440f9601352,
Billed Duration for Request ab481a35-f29f-4838-bfcb-d440f9601352: 1780 ms
Input: 5000000,
Cold Start: false
Unique ID: d7f58dbb-3c95-4219-b184-5111e96b3dae,
Billed Duration for Request d7f58dbb-3c95-4219-b184-5111e96b3dae: 1781 ms
Input: 5000000,
Cold Start: false
Unique ID: e5e8e243-7a64-40f8-bf13-40bc89ffc956,
Billed Duration for Request e5e8e243-7a64-40f8-bf13-40bc89ffc956: 1803 ms
Input: 5000000,
Cold Start: false
Unique ID: 9f958004-d047-49b4-83a1-edab48820ae3,
Billed Duration for Request 9f958004-d047-49b4-83a1-edab48820ae3: 1793 ms
Input: 5000000,
Cold Start: false
Unique ID: 02d0285e-6dfa-4ef1-a137-5f774a73bfb9,
Billed Duration for Request 02d0285e-6dfa-4ef1-a137-5f774a73bfb9: 1753 ms
Input: 5000000,
Cold Start: false
Unique ID: c5ab8f21-a4b1-4d96-aa21-7057f45e04c6,
Billed Duration for Request c5ab8f21-a4b1-4d96-aa21-7057f45e04c6: 1804 ms
Input: 5000000,
Cold Start: false
Unique ID: 10da2ad1-e099-4444-a8a3-f74e8557f360,
Billed Duration for Request 10da2ad1-e099-4444-a8a3-f74e8557f360: 1795 ms
Input: 5000000,
Cold Start: false
Unique ID: cd741f2e-abe1-4924-b5d3-2c1d1c41320b,
Billed Duration for Request cd741f2e-abe1-4924-b5d3-2c1d1c41320b: 1819 ms
Input: 5000000,
Cold Start: false
Unique ID: 0b84683b-0109-4457-bc03-b8460ed912e1,
Billed Duration for Request 0b84683b-0109-4457-bc03-b8460ed912e1: 1744 ms
Input: 5000000,
Cold Start: false
Unique ID: fb1d0d57-1a2a-4568-bb27-b38a2f00ac3b,
Billed Duration for Request fb1d0d57-1a2a-4568-bb27-b38a2f00ac3b: 1783 ms
Input: 5000000,
Cold Start: false
Unique ID: 07de0127-f21c-4093-8e67-2422c976cd80,
Billed Duration for Request 07de0127-f21c-4093-8e67-2422c976cd80: 1780 ms
Input: 5000000,
Cold Start: false
Unique ID: f6bbe00f-97c4-42e5-9271-252c25b41b26,
Billed Duration for Request f6bbe00f-97c4-42e5-9271-252c25b41b26: 1775 ms
Input: 5000000,
Cold Start: false
Unique ID: 07e5db31-7e76-4511-ab02-6bb4b625ca80,
Billed Duration for Request 07e5db31-7e76-4511-ab02-6bb4b625ca80: 1809 ms
Input: 5000000,
Cold Start: false
Unique ID: 87bfff70-8c75-4a47-ad67-195646612ff5,
Billed Duration for Request 87bfff70-8c75-4a47-ad67-195646612ff5: 1793 ms
Input: 5000000,
Cold Start: false
Unique ID: b179f783-83ce-454c-89be-2b9f1a06c376,
Billed Duration for Request b179f783-83ce-454c-89be-2b9f1a06c376: 1753 ms
Input: 5000000,
Cold Start: false
Unique ID: 7f68aa97-c85b-4700-b7a0-d5d9bb1051c6,
Billed Duration for Request 7f68aa97-c85b-4700-b7a0-d5d9bb1051c6: 1813 ms
Input: 5000000,
Cold Start: false
Unique ID: c6619733-c180-431e-82e8-0797da3bd7c4,
Billed Duration for Request c6619733-c180-431e-82e8-0797da3bd7c4: 1793 ms
Input: 5000000,
Cold Start: false
Unique ID: 85680313-bc47-431f-9a5c-e4ee94554a37,
Billed Duration for Request 85680313-bc47-431f-9a5c-e4ee94554a37: 1732 ms
Input: 5000000,
Cold Start: false
Unique ID: ed9cdce8-3807-4c11-8a69-721fa0974df5,
Billed Duration for Request ed9cdce8-3807-4c11-8a69-721fa0974df5: 1748 ms
Input: 5000000,
Cold Start: false
Unique ID: 9d0d6692-f5eb-4c17-883e-6dce9117801d,
Billed Duration for Request 9d0d6692-f5eb-4c17-883e-6dce9117801d: 1801 ms
Input: 5000000,
Cold Start: false
Unique ID: 8d6a49a4-d88d-4563-b017-26329be9e71b,
Billed Duration for Request 8d6a49a4-d88d-4563-b017-26329be9e71b: 1782 ms
Input: 5000000,
Cold Start: false
Unique ID: db86341a-f5e7-4adf-9069-895a5cb1008d,
Billed Duration for Request db86341a-f5e7-4adf-9069-895a5cb1008d: 1803 ms
Input: 5000000,
Cold Start: false
Unique ID: f533032d-4385-44b9-a36d-18cd7d223316,
Billed Duration for Request f533032d-4385-44b9-a36d-18cd7d223316: 1803 ms
Input: 5000000,
Cold Start: false
