Unique ID: 6051d25c-6dca-487f-be33-01c5d81812aa,
Billed Duration for Request 6051d25c-6dca-487f-be33-01c5d81812aa: 134 ms
Pi: 3.141942857142857,
Input: 1050000,
Cold Start: false
Unique ID: 627d1e33-6dde-4c71-8237-6fba5d79f458,
Billed Duration for Request 627d1e33-6dde-4c71-8237-6fba5d79f458: 112 ms
Pi: 3.1406285714285715,
Input: 1050000,
Cold Start: false
Unique ID: 84e299b2-f22e-485b-b4d0-660bfaf4976e,
Billed Duration for Request 84e299b2-f22e-485b-b4d0-660bfaf4976e: 118 ms
Pi: 3.1409714285714285,
Input: 1050000,
Cold Start: false
Unique ID: 15c16eb8-88b5-4adc-be34-57e39639ce42,
Billed Duration for Request 15c16eb8-88b5-4adc-be34-57e39639ce42: 121 ms
Pi: 3.143889523809524,
Input: 1050000,
Cold Start: false
Unique ID: 2ef1eb03-6f46-4bf4-8e38-bc67aa0f8d73,
Billed Duration for Request 2ef1eb03-6f46-4bf4-8e38-bc67aa0f8d73: 101 ms
Pi: 3.141702857142857,
Input: 1050000,
Cold Start: false
Unique ID: b2bbef96-6740-4a0c-be55-d55eab2699e4,
Billed Duration for Request b2bbef96-6740-4a0c-be55-d55eab2699e4: 106 ms
Pi: 3.1404914285714285,
Input: 1050000,
Cold Start: false
Unique ID: c919143c-ab65-44f0-b65f-71744c6f71b2,
Billed Duration for Request c919143c-ab65-44f0-b65f-71744c6f71b2: 106 ms
Pi: 3.1392495238095237,
Input: 1050000,
Cold Start: false
Unique ID: e5973830-466e-4654-8a77-54b8196efa74,
Billed Duration for Request e5973830-466e-4654-8a77-54b8196efa74: 106 ms
Pi: 3.1395657142857143,
Input: 1050000,
Cold Start: false
Unique ID: 9663f55e-5565-4da4-9e51-3064543805fd,
Billed Duration for Request 9663f55e-5565-4da4-9e51-3064543805fd: 102 ms
Pi: 3.1419161904761905,
Input: 1050000,
Cold Start: false
Unique ID: 32966238-36da-461f-ab42-52802d02b01c,
Billed Duration for Request 32966238-36da-461f-ab42-52802d02b01c: 116 ms
Pi: 3.142445714285714,
Input: 1050000,
Cold Start: false
Unique ID: 1dcea437-7df8-4e17-a1e6-cd88c07d6ee5,
Billed Duration for Request 1dcea437-7df8-4e17-a1e6-cd88c07d6ee5: 102 ms
Pi: 3.1401714285714286,
Input: 1050000,
Cold Start: false
Unique ID: 74b631c3-1b10-4dc4-a727-62ebb3b870ce,
Billed Duration for Request 74b631c3-1b10-4dc4-a727-62ebb3b870ce: 94 ms
Pi: 3.1423085714285715,
Input: 1050000,
Cold Start: false
Unique ID: 0e4f9aca-0fd5-4997-99e7-4614abd139fe,
Billed Duration for Request 0e4f9aca-0fd5-4997-99e7-4614abd139fe: 107 ms
Pi: 3.1419885714285716,
Input: 1050000,
Cold Start: false
Unique ID: 91e582f1-470b-42e4-906e-29a32202e2eb,
Billed Duration for Request 91e582f1-470b-42e4-906e-29a32202e2eb: 106 ms
Pi: 3.141264761904762,
Input: 1050000,
Cold Start: false
Unique ID: 26b99281-cc5e-410f-9364-54e8213388b3,
Billed Duration for Request 26b99281-cc5e-410f-9364-54e8213388b3: 106 ms
Pi: 3.140895238095238,
Input: 1050000,
Cold Start: false
Unique ID: 09fedd69-1d55-4532-b847-aa23d621b393,
Billed Duration for Request 09fedd69-1d55-4532-b847-aa23d621b393: 106 ms
Pi: 3.142030476190476,
Input: 1050000,
Cold Start: false
Unique ID: a3a4d240-ad7c-4c2a-826a-5e31da5b6a45,
Billed Duration for Request a3a4d240-ad7c-4c2a-826a-5e31da5b6a45: 98 ms
Pi: 3.1392038095238095,
Input: 1050000,
Cold Start: false
Unique ID: 979e3121-02c3-4e93-9109-62a4b2658cf2,
Billed Duration for Request 979e3121-02c3-4e93-9109-62a4b2658cf2: 102 ms
Pi: 3.1418438095238095,
Input: 1050000,
Cold Start: false
Unique ID: ab396cfb-5043-4824-832b-6382b3a58945,
Billed Duration for Request ab396cfb-5043-4824-832b-6382b3a58945: 121 ms
Pi: 3.1459466666666667,
Input: 1050000,
Cold Start: false
Unique ID: 4f2d2286-5080-492a-a544-787aafcdb669,
Billed Duration for Request 4f2d2286-5080-492a-a544-787aafcdb669: 106 ms
Pi: 3.1402057142857145,
Input: 1050000,
Cold Start: false
Unique ID: e93480a9-78af-4dba-999b-2be299aec091,
Billed Duration for Request e93480a9-78af-4dba-999b-2be299aec091: 122 ms
Pi: 3.139881904761905,
Input: 1050000,
Cold Start: false
Unique ID: 5f8f7631-d6b9-4372-ad88-670ee4321bb7,
Billed Duration for Request 5f8f7631-d6b9-4372-ad88-670ee4321bb7: 121 ms
Pi: 3.1421714285714284,
Input: 1050000,
Cold Start: false
Unique ID: 39ae5dad-48e1-43a6-85bd-cf8ef3c091b2,
Billed Duration for Request 39ae5dad-48e1-43a6-85bd-cf8ef3c091b2: 106 ms
Pi: 3.1427352380952382,
Input: 1050000,
Cold Start: false
Unique ID: e56d8000-a004-409f-a80a-0f45d2962c44,
Billed Duration for Request e56d8000-a004-409f-a80a-0f45d2962c44: 122 ms
Pi: 3.1432838095238096,
Input: 1050000,
Cold Start: false
Unique ID: ae9b0a85-76d8-40f5-bbcd-0ddc3842f74f,
Billed Duration for Request ae9b0a85-76d8-40f5-bbcd-0ddc3842f74f: 106 ms
Pi: 3.141249523809524,
Input: 1050000,
Cold Start: false
Unique ID: bb5fa357-e165-4fac-8d74-b7425dc72b83,
Billed Duration for Request bb5fa357-e165-4fac-8d74-b7425dc72b83: 102 ms
Pi: 3.1432571428571427,
Input: 1050000,
Cold Start: false
Unique ID: 38bc3e4a-2a33-4467-9ad7-dd5882f2f1b1,
Billed Duration for Request 38bc3e4a-2a33-4467-9ad7-dd5882f2f1b1: 105 ms
Pi: 3.1441447619047618,
Input: 1050000,
Cold Start: false
Unique ID: 3da00630-114b-4500-bb80-0b804844793b,
Billed Duration for Request 3da00630-114b-4500-bb80-0b804844793b: 106 ms
Pi: 3.1419390476190476,
Input: 1050000,
Cold Start: false
Unique ID: cb58e590-d191-4ef2-920d-44a1df578b34,
Billed Duration for Request cb58e590-d191-4ef2-920d-44a1df578b34: 102 ms
Pi: 3.1407961904761903,
Input: 1050000,
Cold Start: false
Unique ID: 0d91354b-643d-409a-9e4f-7ea82956c2b3,
Billed Duration for Request 0d91354b-643d-409a-9e4f-7ea82956c2b3: 118 ms
Pi: 3.1400685714285714,
Input: 1050000,
Cold Start: false
Unique ID: d511ff92-7126-4297-88f0-181c32747700,
Billed Duration for Request d511ff92-7126-4297-88f0-181c32747700: 102 ms
Pi: 3.140293333333333,
Input: 1050000,
Cold Start: false
Unique ID: 7f29bb75-7a8e-41a0-9e30-259a9788c4bd,
Billed Duration for Request 7f29bb75-7a8e-41a0-9e30-259a9788c4bd: 121 ms
Pi: 3.141653333333333,
Input: 1050000,
Cold Start: false
Unique ID: 98c47c53-a8ce-419a-b191-c94ed7e9579a,
Billed Duration for Request 98c47c53-a8ce-419a-b191-c94ed7e9579a: 102 ms
Pi: 3.142255238095238,
Input: 1050000,
Cold Start: false
Unique ID: 693f5f29-d66c-49db-9a8c-25a746c7032f,
Billed Duration for Request 693f5f29-d66c-49db-9a8c-25a746c7032f: 98 ms
Pi: 3.1404914285714285,
Input: 1050000,
Cold Start: false
Unique ID: b3293f58-ed42-4c74-a763-bbbab3eafa64,
Billed Duration for Request b3293f58-ed42-4c74-a763-bbbab3eafa64: 98 ms
Pi: 3.14392,
Input: 1050000,
Cold Start: false
Unique ID: 41fb3c31-b62e-4082-91a1-1fba9762c1ca,
Billed Duration for Request 41fb3c31-b62e-4082-91a1-1fba9762c1ca: 98 ms
Pi: 3.13944,
Input: 1050000,
Cold Start: false
Unique ID: 62359a2f-acb4-497f-8e64-e3f410ea94b0,
Billed Duration for Request 62359a2f-acb4-497f-8e64-e3f410ea94b0: 102 ms
Pi: 3.142529523809524,
Input: 1050000,
Cold Start: false
Unique ID: 5d3888d7-10fc-4a22-a8e1-2f4048754cd3,
Billed Duration for Request 5d3888d7-10fc-4a22-a8e1-2f4048754cd3: 106 ms
Pi: 3.142994285714286,
Input: 1050000,
Cold Start: false
Unique ID: 81e3b95c-3d81-4f11-b696-6a5811868dd0,
Billed Duration for Request 81e3b95c-3d81-4f11-b696-6a5811868dd0: 121 ms
Pi: 3.142944761904762,
Input: 1050000,
Cold Start: false
Unique ID: 3c13b1d1-801d-43ab-a7bb-3d59b8c29c35,
Billed Duration for Request 3c13b1d1-801d-43ab-a7bb-3d59b8c29c35: 122 ms
Pi: 3.1426819047619046,
Input: 1050000,
Cold Start: false
Unique ID: 782c9a5f-1787-4bac-ba46-ec2f65d9174a,
Billed Duration for Request 782c9a5f-1787-4bac-ba46-ec2f65d9174a: 118 ms
Pi: 3.144152380952381,
Input: 1050000,
Cold Start: false
Unique ID: 56b78ffa-3166-41d6-bc73-4add7bad3e67,
Billed Duration for Request 56b78ffa-3166-41d6-bc73-4add7bad3e67: 98 ms
Pi: 3.1412038095238097,
Input: 1050000,
Cold Start: false
Unique ID: 6a35c9a4-7a3a-4f5b-9fec-ce9d5334b183,
Billed Duration for Request 6a35c9a4-7a3a-4f5b-9fec-ce9d5334b183: 98 ms
Pi: 3.1423390476190476,
Input: 1050000,
Cold Start: false
Unique ID: 468103c7-6a6e-4073-b0bd-508edf9ac93c,
Billed Duration for Request 468103c7-6a6e-4073-b0bd-508edf9ac93c: 120 ms
Pi: 3.144327619047619,
Input: 1050000,
Cold Start: false
Unique ID: a316d03a-afce-4fe3-b6a4-2ed8ed1494df,
Billed Duration for Request a316d03a-afce-4fe3-b6a4-2ed8ed1494df: 106 ms
Pi: 3.139032380952381,
Input: 1050000,
Cold Start: false
Unique ID: 3674f128-b4f0-4b7a-a139-c70ec2b270a1,
Billed Duration for Request 3674f128-b4f0-4b7a-a139-c70ec2b270a1: 106 ms
Pi: 3.142106666666667,
Input: 1050000,
Cold Start: false
Unique ID: 2f4d4837-b322-4db8-9432-6fbc2db4e244,
Billed Duration for Request 2f4d4837-b322-4db8-9432-6fbc2db4e244: 102 ms
Pi: 3.1406209523809525,
Input: 1050000,
Cold Start: false
Unique ID: 0d6efcbd-f93a-4152-a992-c75bb070f96f,
Billed Duration for Request 0d6efcbd-f93a-4152-a992-c75bb070f96f: 102 ms
Pi: 3.141657142857143,
Input: 1050000,
Cold Start: false
Unique ID: 0d265c4e-f76d-40f2-85ce-48e535976dde,
Billed Duration for Request 0d265c4e-f76d-40f2-85ce-48e535976dde: 102 ms
Pi: 3.139382857142857,
Input: 1050000,
Cold Start: false
Unique ID: cc63bb39-d6be-42d8-809e-d5217fe83ed3,
Billed Duration for Request cc63bb39-d6be-42d8-809e-d5217fe83ed3: 106 ms
Pi: 3.1416,
Input: 1050000,
Cold Start: false
Unique ID: 834888c5-4e70-43d4-acfb-d5eaea46b95f,
Billed Duration for Request 834888c5-4e70-43d4-acfb-d5eaea46b95f: 122 ms
Pi: 3.141622857142857,
Input: 1050000,
Cold Start: false
Unique ID: da73f33a-1d13-45e1-aaa3-d91bb8676698,
Billed Duration for Request da73f33a-1d13-45e1-aaa3-d91bb8676698: 106 ms
Pi: 3.140765714285714,
Input: 1050000,
Cold Start: false
Unique ID: 03de1b2e-fc43-4bee-9c9a-491c89b27d23,
Billed Duration for Request 03de1b2e-fc43-4bee-9c9a-491c89b27d23: 102 ms
Pi: 3.1432114285714285,
Input: 1050000,
Cold Start: false
Unique ID: 09a4e2fb-3ad5-4315-b932-a53d02a81cfe,
Billed Duration for Request 09a4e2fb-3ad5-4315-b932-a53d02a81cfe: 102 ms
Pi: 3.141630476190476,
Input: 1050000,
Cold Start: false
Unique ID: 4559eccd-97ba-46b5-bf0e-ff5c96d6f32c,
Billed Duration for Request 4559eccd-97ba-46b5-bf0e-ff5c96d6f32c: 118 ms
Pi: 3.141702857142857,
Input: 1050000,
Cold Start: false
Unique ID: 63ab08e0-f9cd-4167-a59a-4a165937cfef,
Billed Duration for Request 63ab08e0-f9cd-4167-a59a-4a165937cfef: 101 ms
Pi: 3.1418933333333334,
Input: 1050000,
Cold Start: false
Unique ID: 08ddc175-33df-4355-aa8e-e50ab49f858b,
Billed Duration for Request 08ddc175-33df-4355-aa8e-e50ab49f858b: 105 ms
Pi: 3.1421790476190474,
Input: 1050000,
Cold Start: false
Unique ID: 90ccd962-3441-4382-97fc-0a3dec29b218,
Billed Duration for Request 90ccd962-3441-4382-97fc-0a3dec29b218: 106 ms
Pi: 3.1446285714285716,
Input: 1050000,
Cold Start: false
Unique ID: 025d722a-8bbd-472d-900e-9e717e854cbe,
Billed Duration for Request 025d722a-8bbd-472d-900e-9e717e854cbe: 101 ms
Pi: 3.1440380952380953,
Input: 1050000,
Cold Start: false
Unique ID: 220fc882-6ff3-4f14-8b13-fa1e79891b0e,
Billed Duration for Request 220fc882-6ff3-4f14-8b13-fa1e79891b0e: 97 ms
Pi: 3.1383771428571428,
Input: 1050000,
Cold Start: false
Unique ID: 7d89d5ee-4dbe-4afe-8777-ba3717bc886e,
Billed Duration for Request 7d89d5ee-4dbe-4afe-8777-ba3717bc886e: 101 ms
Pi: 3.1413638095238094,
Input: 1050000,
Cold Start: false
Unique ID: 32c6acd7-c5e2-455c-9ad8-500839d39353,
Billed Duration for Request 32c6acd7-c5e2-455c-9ad8-500839d39353: 101 ms
Pi: 3.144007619047619,
Input: 1050000,
Cold Start: false
Unique ID: ecfcbe6f-9874-4f89-aae8-f85fa53597a4,
Billed Duration for Request ecfcbe6f-9874-4f89-aae8-f85fa53597a4: 105 ms
Pi: 3.1419314285714286,
Input: 1050000,
Cold Start: false
Unique ID: 3284b7bd-b226-4510-b8f2-27f78b649564,
Billed Duration for Request 3284b7bd-b226-4510-b8f2-27f78b649564: 105 ms
Pi: 3.1409485714285714,
Input: 1050000,
Cold Start: false
Unique ID: 262eeb4b-ef3b-4ffb-900a-e05d77c272a8,
Billed Duration for Request 262eeb4b-ef3b-4ffb-900a-e05d77c272a8: 93 ms
Pi: 3.1418361904761904,
Input: 1050000,
Cold Start: false
Unique ID: 2e2ed1db-d7a7-4b5e-afc3-01133291a753,
Billed Duration for Request 2e2ed1db-d7a7-4b5e-afc3-01133291a753: 89 ms
Pi: 3.141158095238095,
Input: 1050000,
Cold Start: false
Unique ID: 607f44fd-efa2-4552-a93c-9d75e810f864,
Billed Duration for Request 607f44fd-efa2-4552-a93c-9d75e810f864: 102 ms
Pi: 3.14256,
Input: 1050000,
Cold Start: false
Unique ID: f570c819-4a37-45dd-9ba7-9c669e977e5a,
Billed Duration for Request f570c819-4a37-45dd-9ba7-9c669e977e5a: 106 ms
Pi: 3.142952380952381,
Input: 1050000,
Cold Start: false
Unique ID: 9f2c660a-1b9d-45e9-8df5-6b3a89518e9e,
Billed Duration for Request 9f2c660a-1b9d-45e9-8df5-6b3a89518e9e: 89 ms
Pi: 3.1418590476190476,
Input: 1050000,
Cold Start: false
Unique ID: 1d5c4335-645d-4b43-9256-8e4511b4510b,
Billed Duration for Request 1d5c4335-645d-4b43-9256-8e4511b4510b: 93 ms
Pi: 3.1405409523809524,
Input: 1050000,
Cold Start: false
Unique ID: 7fec9e76-ee8c-4ba8-8d2e-0a9d3886547a,
Billed Duration for Request 7fec9e76-ee8c-4ba8-8d2e-0a9d3886547a: 97 ms
Pi: 3.139946666666667,
Input: 1050000,
Cold Start: false
Unique ID: 0ff290e9-5dd1-4d57-bab0-1017969309c7,
Billed Duration for Request 0ff290e9-5dd1-4d57-bab0-1017969309c7: 105 ms
Pi: 3.1383428571428573,
Input: 1050000,
Cold Start: false
Unique ID: 07c5a6b8-4621-4991-ac6f-21f8ca84e311,
Billed Duration for Request 07c5a6b8-4621-4991-ac6f-21f8ca84e311: 106 ms
Pi: 3.1403961904761903,
Input: 1050000,
Cold Start: false
Unique ID: 1a75530c-3a82-43e4-b0c5-8e5e1ae2ecbd,
Billed Duration for Request 1a75530c-3a82-43e4-b0c5-8e5e1ae2ecbd: 101 ms
Pi: 3.1406095238095237,
Input: 1050000,
Cold Start: false
Unique ID: 8b0a976a-a330-40ce-abda-09da27e7e2f1,
Billed Duration for Request 8b0a976a-a330-40ce-abda-09da27e7e2f1: 102 ms
Pi: 3.1400990476190476,
Input: 1050000,
Cold Start: false
Unique ID: 34243241-2d35-4f1d-9d54-12342e9e4a69,
Billed Duration for Request 34243241-2d35-4f1d-9d54-12342e9e4a69: 102 ms
Pi: 3.1394361904761903,
Input: 1050000,
Cold Start: false
Unique ID: 473391f0-6788-4af1-8e2c-04acb295a582,
Billed Duration for Request 473391f0-6788-4af1-8e2c-04acb295a582: 105 ms
Pi: 3.143497142857143,
Input: 1050000,
Cold Start: false
Unique ID: 05fb9f65-d5ec-4847-8b97-2b4da791ef52,
Billed Duration for Request 05fb9f65-d5ec-4847-8b97-2b4da791ef52: 106 ms
Pi: 3.1446057142857144,
Input: 1050000,
Cold Start: false
Unique ID: 893c0439-a42d-45fc-82f8-772b09f56bae,
Billed Duration for Request 893c0439-a42d-45fc-82f8-772b09f56bae: 102 ms
Pi: 3.1397638095238096,
Input: 1050000,
Cold Start: false
Unique ID: 7652da06-3cb0-44eb-b563-cc7bf3248363,
Billed Duration for Request 7652da06-3cb0-44eb-b563-cc7bf3248363: 105 ms
Pi: 3.142217142857143,
Input: 1050000,
Cold Start: false
Unique ID: 4cb0b6b7-7a87-4104-a927-b8e5469d86b7,
Billed Duration for Request 4cb0b6b7-7a87-4104-a927-b8e5469d86b7: 101 ms
Pi: 3.1392038095238095,
Input: 1050000,
Cold Start: false
Unique ID: 74094e06-5b9c-4aff-b29f-9904930cc9ec,
Billed Duration for Request 74094e06-5b9c-4aff-b29f-9904930cc9ec: 97 ms
Pi: 3.139447619047619,
Input: 1050000,
Cold Start: false
Unique ID: 0b720cdd-08e8-471f-bd65-4178a2c408de,
Billed Duration for Request 0b720cdd-08e8-471f-bd65-4178a2c408de: 122 ms
Pi: 3.1428038095238096,
Input: 1050000,
Cold Start: false
Unique ID: 7ae123fe-0e05-443c-ae9e-fe5c9b11ce18,
Billed Duration for Request 7ae123fe-0e05-443c-ae9e-fe5c9b11ce18: 162 ms
Pi: 3.1428342857142857,
Input: 1050000,
Cold Start: false
Unique ID: 9aecbf62-e55b-4fd3-a1e8-88dbc0605e29,
Billed Duration for Request 9aecbf62-e55b-4fd3-a1e8-88dbc0605e29: 104 ms
Pi: 3.142895238095238,
Input: 1050000,
Cold Start: false
Unique ID: 027ec158-49bb-449e-857d-aef2368879eb,
Billed Duration for Request 027ec158-49bb-449e-857d-aef2368879eb: 102 ms
Pi: 3.137847619047619,
Input: 1050000,
Cold Start: false
Unique ID: 9df31f7f-c438-4ad7-a695-1420c00e3cc6,
Billed Duration for Request 9df31f7f-c438-4ad7-a695-1420c00e3cc6: 103 ms
Pi: 3.141622857142857,
Input: 1050000,
Cold Start: false
Unique ID: 3a00c528-d9da-4d63-8e12-f2f411392b7d,
Billed Duration for Request 3a00c528-d9da-4d63-8e12-f2f411392b7d: 96 ms
Pi: 3.140864761904762,
Input: 1050000,
Cold Start: false
Unique ID: 5caf894d-93a5-4694-b6cd-acf431d7291a,
Billed Duration for Request 5caf894d-93a5-4694-b6cd-acf431d7291a: 91 ms
Pi: 3.1436990476190476,
Input: 1050000,
Cold Start: false
Unique ID: 697b57a4-b114-4688-a03b-4bfcd258db45,
Billed Duration for Request 697b57a4-b114-4688-a03b-4bfcd258db45: 103 ms
Pi: 3.143074285714286,
Input: 1050000,
Cold Start: false
Unique ID: ba123b76-0395-47c4-a87e-4e629ff983c9,
Billed Duration for Request ba123b76-0395-47c4-a87e-4e629ff983c9: 104 ms
Pi: 3.141367619047619,
Input: 1050000,
Cold Start: false
Unique ID: 8007083c-ef6d-4a28-bbbf-50245333a743,
Billed Duration for Request 8007083c-ef6d-4a28-bbbf-50245333a743: 104 ms
Pi: 3.141344761904762,
Input: 1050000,
Cold Start: false
Unique ID: 7bf73bcb-f75b-437e-89c4-3d1c7dc4a7b0,
Billed Duration for Request 7bf73bcb-f75b-437e-89c4-3d1c7dc4a7b0: 104 ms
Pi: 3.1405142857142856,
Input: 1050000,
Cold Start: false
Unique ID: c5f1b83a-dc95-4bb4-891d-eb7a3a339dc7,
Billed Duration for Request c5f1b83a-dc95-4bb4-891d-eb7a3a339dc7: 104 ms
Pi: 3.1431504761904763,
Input: 1050000,
Cold Start: false
Unique ID: 0cf50f71-232b-4d38-9c3e-2c9361405d24,
Billed Duration for Request 0cf50f71-232b-4d38-9c3e-2c9361405d24: 104 ms
Pi: 3.1397942857142858,
Input: 1050000,
Cold Start: false
Unique ID: 6faa6fdd-bcbc-4319-a9e3-6627e4e3dd8b,
Billed Duration for Request 6faa6fdd-bcbc-4319-a9e3-6627e4e3dd8b: 122 ms
Pi: 3.1411390476190477,
Input: 1050000,
Cold Start: false
Unique ID: b7e397d0-480b-418e-9ea5-2c8260bf8e87,
Billed Duration for Request b7e397d0-480b-418e-9ea5-2c8260bf8e87: 103 ms
Pi: 3.1423542857142857,
Input: 1050000,
Cold Start: false
Unique ID: ca529cf5-5be7-4745-afc5-31ed48f2267c,
Billed Duration for Request ca529cf5-5be7-4745-afc5-31ed48f2267c: 107 ms
Pi: 3.1413790476190475,
Input: 1050000,
Cold Start: false
Unique ID: e1200f2b-0e60-4a97-a828-67b24cdeabca,
Billed Duration for Request e1200f2b-0e60-4a97-a828-67b24cdeabca: 103 ms
Pi: 3.1432152380952383,
Input: 1050000,
Cold Start: false
Unique ID: 0357abfc-67fe-40a6-a672-0b0813e16ef9,
Billed Duration for Request 0357abfc-67fe-40a6-a672-0b0813e16ef9: 103 ms
Pi: 3.142384761904762,
Input: 1050000,
Cold Start: false
Unique ID: 53c87f62-a07f-44e0-a02f-a58d2ec041dd,
Billed Duration for Request 53c87f62-a07f-44e0-a02f-a58d2ec041dd: 103 ms
Pi: 3.139992380952381,
Input: 1050000,
Cold Start: false
Unique ID: 6bc5bc33-9ca8-4556-932b-f22bc524e558,
Billed Duration for Request 6bc5bc33-9ca8-4556-932b-f22bc524e558: 103 ms
Pi: 3.145055238095238,
Input: 1050000,
Cold Start: false
Unique ID: 71f27851-722b-4ac4-a0cb-b9d225b9b844,
Billed Duration for Request 71f27851-722b-4ac4-a0cb-b9d225b9b844: 107 ms
Pi: 3.1404342857142855,
Input: 1050000,
Cold Start: false
Unique ID: 8e9f23c9-5c45-4415-95c5-fc1502bf1fde,
Billed Duration for Request 8e9f23c9-5c45-4415-95c5-fc1502bf1fde: 103 ms
Pi: 3.1405980952380954,
Input: 1050000,
Cold Start: false
Unique ID: 7e026761-409e-4033-ac2f-0f1bf980681b,
Billed Duration for Request 7e026761-409e-4033-ac2f-0f1bf980681b: 103 ms
Pi: 3.1437561904761906,
Input: 1050000,
Cold Start: false
Unique ID: 717e3090-e45d-49db-9241-e5619c930c84,
Billed Duration for Request 717e3090-e45d-49db-9241-e5619c930c84: 103 ms
Pi: 3.1418514285714285,
Input: 1050000,
Cold Start: false
Unique ID: 95110c45-e11b-424b-9d04-75db36cfec5e,
Billed Duration for Request 95110c45-e11b-424b-9d04-75db36cfec5e: 104 ms
Pi: 3.142201904761905,
Input: 1050000,
Cold Start: false
Unique ID: 29810ea3-3547-427b-811f-4519979676f4,
Billed Duration for Request 29810ea3-3547-427b-811f-4519979676f4: 102 ms
Pi: 3.1424342857142857,
Input: 1050000,
Cold Start: false
Unique ID: d88cfe8a-e827-43a4-9d06-faf6edf1c600,
Billed Duration for Request d88cfe8a-e827-43a4-9d06-faf6edf1c600: 102 ms
Pi: 3.1409904761904763,
Input: 1050000,
Cold Start: false
Unique ID: d4cdbd37-2d62-4b47-8022-015cc2aa2666,
Billed Duration for Request d4cdbd37-2d62-4b47-8022-015cc2aa2666: 103 ms
Pi: 3.143401904761905,
Input: 1050000,
Cold Start: false
Unique ID: cbb72b63-f949-4ff7-adcf-f0fb9fab0188,
Billed Duration for Request cbb72b63-f949-4ff7-adcf-f0fb9fab0188: 95 ms
Pi: 3.139790476190476,
Input: 1050000,
Cold Start: false
Unique ID: e15b42fd-6243-464b-9db9-87b41579fea9,
Billed Duration for Request e15b42fd-6243-464b-9db9-87b41579fea9: 108 ms
Pi: 3.144464761904762,
Input: 1050000,
Cold Start: false
Unique ID: 79369328-38a6-4220-8c07-d30cf5bbf501,
Billed Duration for Request 79369328-38a6-4220-8c07-d30cf5bbf501: 94 ms
Pi: 3.1413980952380953,
Input: 1050000,
Cold Start: false
Unique ID: b414e036-6868-4705-92cb-b7cb18fd97a5,
Billed Duration for Request b414e036-6868-4705-92cb-b7cb18fd97a5: 95 ms
Pi: 3.1405295238095237,
Input: 1050000,
Cold Start: false
Unique ID: 6d611260-9d27-4e18-9819-8f21453df955,
Billed Duration for Request 6d611260-9d27-4e18-9819-8f21453df955: 103 ms
Pi: 3.141542857142857,
Input: 1050000,
Cold Start: false
Unique ID: 465e5867-0bf1-4e90-a675-f16c0c2956f6,
Billed Duration for Request 465e5867-0bf1-4e90-a675-f16c0c2956f6: 102 ms
Pi: 3.1403314285714288,
Input: 1050000,
Cold Start: false
Unique ID: 7b53cfa6-7cf1-44a3-9675-2d54c9f0ed45,
Billed Duration for Request 7b53cfa6-7cf1-44a3-9675-2d54c9f0ed45: 102 ms
Pi: 3.1418285714285714,
Input: 1050000,
Cold Start: false
Unique ID: 21fe1e8d-e247-4166-b64d-a731f1fffbd9,
Billed Duration for Request 21fe1e8d-e247-4166-b64d-a731f1fffbd9: 104 ms
Pi: 3.139394285714286,
Input: 1050000,
Cold Start: false
Unique ID: ebc7fed5-fac2-4cf7-b1d9-aa327d574117,
Billed Duration for Request ebc7fed5-fac2-4cf7-b1d9-aa327d574117: 98 ms
Pi: 3.1409333333333334,
Input: 1050000,
Cold Start: false
Unique ID: 53cd80ae-d3b6-4db7-97e3-2759c0a3d946,
Billed Duration for Request 53cd80ae-d3b6-4db7-97e3-2759c0a3d946: 102 ms
Pi: 3.1442590476190477,
Input: 1050000,
Cold Start: false
Unique ID: ab6d20f7-9c35-47ca-81bd-e7bbc09741e1,
Billed Duration for Request ab6d20f7-9c35-47ca-81bd-e7bbc09741e1: 99 ms
Pi: 3.1418019047619046,
Input: 1050000,
Cold Start: false
Unique ID: bb5d9df1-fd07-4b2b-a626-8a308a939f76,
Billed Duration for Request bb5d9df1-fd07-4b2b-a626-8a308a939f76: 95 ms
Pi: 3.1405485714285715,
Input: 1050000,
Cold Start: false
Unique ID: 5c544d8f-b6b6-42fd-942e-2efcd26deb35,
Billed Duration for Request 5c544d8f-b6b6-42fd-942e-2efcd26deb35: 103 ms
Pi: 3.141184761904762,
Input: 1050000,
Cold Start: false
Unique ID: 967e932a-13d2-4bf0-a52a-a9d293e3f0ea,
Billed Duration for Request 967e932a-13d2-4bf0-a52a-a9d293e3f0ea: 87 ms
Pi: 3.144838095238095,
Input: 1050000,
Cold Start: false
Unique ID: a8e17b53-b365-4964-8bc7-1498d2470e1e,
Billed Duration for Request a8e17b53-b365-4964-8bc7-1498d2470e1e: 107 ms
Pi: 3.1414628571428573,
Input: 1050000,
Cold Start: false
Unique ID: 45574f35-78f5-4c9c-9497-38f5e4190f6b,
Billed Duration for Request 45574f35-78f5-4c9c-9497-38f5e4190f6b: 99 ms
Pi: 3.1442361904761906,
Input: 1050000,
Cold Start: false
Unique ID: 3d445e9d-b5f0-49b0-b424-0c816e98850d,
Billed Duration for Request 3d445e9d-b5f0-49b0-b424-0c816e98850d: 103 ms
Pi: 3.1410514285714286,
Input: 1050000,
Cold Start: false
Unique ID: a7ab8a5e-5c4f-48bf-9e59-43fe55c9fd48,
Billed Duration for Request a7ab8a5e-5c4f-48bf-9e59-43fe55c9fd48: 103 ms
Pi: 3.1432571428571427,
Input: 1050000,
Cold Start: false
Unique ID: 846ed5f4-82bd-45c9-bcb3-395b81ee4c0f,
Billed Duration for Request 846ed5f4-82bd-45c9-bcb3-395b81ee4c0f: 103 ms
Pi: 3.1388838095238096,
Input: 1050000,
Cold Start: false
Unique ID: d270dc3b-1460-4cb1-92ff-36fb3d4146cd,
Billed Duration for Request d270dc3b-1460-4cb1-92ff-36fb3d4146cd: 103 ms
Pi: 3.1402361904761906,
Input: 1050000,
Cold Start: false
Unique ID: b3b4242c-6e45-40ed-ae69-f3a126bf90ce,
Billed Duration for Request b3b4242c-6e45-40ed-ae69-f3a126bf90ce: 102 ms
Pi: 3.1426704761904762,
Input: 1050000,
Cold Start: false
Unique ID: f5a5d5e1-1455-4da6-b569-b9d4b2d68b56,
Billed Duration for Request f5a5d5e1-1455-4da6-b569-b9d4b2d68b56: 96 ms
Pi: 3.1417257142857142,
Input: 1050000,
Cold Start: false
Unique ID: cdc35f4d-c2a2-4c5e-aca5-aceaf9a87847,
Billed Duration for Request cdc35f4d-c2a2-4c5e-aca5-aceaf9a87847: 99 ms
Pi: 3.139752380952381,
Input: 1050000,
Cold Start: false
Unique ID: 04f2030d-b08c-4874-9728-c616ef9a2829,
Billed Duration for Request 04f2030d-b08c-4874-9728-c616ef9a2829: 99 ms
Pi: 3.1423619047619047,
Input: 1050000,
Cold Start: false
Unique ID: 86e02c37-fd8a-4f82-b7b9-50d585afe43b,
Billed Duration for Request 86e02c37-fd8a-4f82-b7b9-50d585afe43b: 99 ms
Pi: 3.140339047619048,
Input: 1050000,
Cold Start: false
Unique ID: 33c5afec-401d-47c2-8a44-4ea6641c0e1a,
Billed Duration for Request 33c5afec-401d-47c2-8a44-4ea6641c0e1a: 103 ms
Pi: 3.145055238095238,
Input: 1050000,
Cold Start: false
Unique ID: 3ce5cba0-00d1-44cc-a863-687c83377a37,
Billed Duration for Request 3ce5cba0-00d1-44cc-a863-687c83377a37: 95 ms
Pi: 3.1431733333333334,
Input: 1050000,
Cold Start: false
Unique ID: 0092d16d-94d9-4bc0-bb7f-69a37889042f,
Billed Duration for Request 0092d16d-94d9-4bc0-bb7f-69a37889042f: 95 ms
Pi: 3.142921904761905,
Input: 1050000,
Cold Start: false
Unique ID: 1557149f-822e-44b9-bf3f-03a12bf68331,
Billed Duration for Request 1557149f-822e-44b9-bf3f-03a12bf68331: 99 ms
Pi: 3.141192380952381,
Input: 1050000,
Cold Start: false
Unique ID: afa28fb9-e586-4ac0-8f23-fd873f6584a7,
Billed Duration for Request afa28fb9-e586-4ac0-8f23-fd873f6584a7: 103 ms
Pi: 3.1424914285714287,
Input: 1050000,
Cold Start: false
Unique ID: 06fed85a-2681-40ce-9ed7-73edf233c53c,
Billed Duration for Request 06fed85a-2681-40ce-9ed7-73edf233c53c: 104 ms
Pi: 3.141226666666667,
Input: 1050000,
Cold Start: false
Unique ID: a8fb1df4-e55a-4e68-913b-45d04f54ddc2,
Billed Duration for Request a8fb1df4-e55a-4e68-913b-45d04f54ddc2: 103 ms
Pi: 3.142209523809524,
Input: 1050000,
Cold Start: false
Unique ID: 7e43d812-b99c-4c56-8768-c0b8d70c7788,
Billed Duration for Request 7e43d812-b99c-4c56-8768-c0b8d70c7788: 94 ms
Pi: 3.1409257142857143,
Input: 1050000,
Cold Start: false
Unique ID: 28ff6bd8-9b19-4784-90bd-100a81d24672,
Billed Duration for Request 28ff6bd8-9b19-4784-90bd-100a81d24672: 90 ms
Pi: 3.1395619047619046,
Input: 1050000,
Cold Start: false
Unique ID: 836be950-08b4-4a7e-836a-3d1bcc96f0da,
Billed Duration for Request 836be950-08b4-4a7e-836a-3d1bcc96f0da: 104 ms
Pi: 3.1408838095238094,
Input: 1050000,
Cold Start: false
Unique ID: 4bb9e81b-8929-407d-b69f-8b47fb5a5180,
Billed Duration for Request 4bb9e81b-8929-407d-b69f-8b47fb5a5180: 98 ms
Pi: 3.139047619047619,
Input: 1050000,
Cold Start: false
Unique ID: a0b81408-3ab2-4c1e-a2f2-075ba2c3e433,
Billed Duration for Request a0b81408-3ab2-4c1e-a2f2-075ba2c3e433: 98 ms
Pi: 3.143744761904762,
Input: 1050000,
Cold Start: false
Unique ID: bae9d3f7-db18-4ede-82da-560d3e5627d4,
Billed Duration for Request bae9d3f7-db18-4ede-82da-560d3e5627d4: 98 ms
Pi: 3.142727619047619,
Input: 1050000,
Cold Start: false
Unique ID: d52a0593-335f-4fc2-a150-fa4ae65ba4f0,
Billed Duration for Request d52a0593-335f-4fc2-a150-fa4ae65ba4f0: 103 ms
Pi: 3.141367619047619,
Input: 1050000,
Cold Start: false
Unique ID: bba38aee-bc2e-4ff3-bc68-67570ddd84af,
Billed Duration for Request bba38aee-bc2e-4ff3-bc68-67570ddd84af: 102 ms
Pi: 3.1430285714285713,
Input: 1050000,
Cold Start: false
