Unique ID: 3e4ca4e8-6c79-4ed1-9f78-e292fc535f60,
Billed Duration for Request 3e4ca4e8-6c79-4ed1-9f78-e292fc535f60: 1794 ms
Input: 5000000,
Cold Start: false
Unique ID: e890b064-ccfa-4f0c-9a8f-c9c2b18b8f5c,
Billed Duration for Request e890b064-ccfa-4f0c-9a8f-c9c2b18b8f5c: 1777 ms
Input: 5000000,
Cold Start: false
Unique ID: 1a4fdab3-9a6a-45ff-b2f1-a76656c30157,
Billed Duration for Request 1a4fdab3-9a6a-45ff-b2f1-a76656c30157: 1870 ms
Input: 5000000,
Cold Start: false
Unique ID: e255711c-f361-4f61-953d-47687efa48b2,
Billed Duration for Request e255711c-f361-4f61-953d-47687efa48b2: 1914 ms
Input: 5000000,
Cold Start: false
Unique ID: 80bece91-8cd0-4d33-bd7e-9f941785dc9e,
Billed Duration for Request 80bece91-8cd0-4d33-bd7e-9f941785dc9e: 2164 ms
Input: 5000000,
Cold Start: true
Unique ID: 16201dc6-c3c4-4903-b9b3-f8b11504eb3e,
Billed Duration for Request 16201dc6-c3c4-4903-b9b3-f8b11504eb3e: 2143 ms
Input: 5000000,
Cold Start: true
Unique ID: e8450f09-2364-4e44-b2b3-4633f90603f6,
Billed Duration for Request e8450f09-2364-4e44-b2b3-4633f90603f6: 2125 ms
Input: 5000000,
Cold Start: true
Unique ID: 6f35ddc8-a0e6-4d65-ba67-589af190646a,
Billed Duration for Request 6f35ddc8-a0e6-4d65-ba67-589af190646a: 2143 ms
Input: 5000000,
Cold Start: true
Unique ID: 9ce70af6-9b3c-45af-80c9-eafe09e93a48,
Billed Duration for Request 9ce70af6-9b3c-45af-80c9-eafe09e93a48: 2122 ms
Input: 5000000,
Cold Start: true
Unique ID: 935a2674-90cd-4050-8877-de98a36e5a44,
Billed Duration for Request 935a2674-90cd-4050-8877-de98a36e5a44: 2152 ms
Input: 5000000,
Cold Start: true
Unique ID: 2f3a5110-21ff-4bb9-949b-dc2f4e951c13,
Billed Duration for Request 2f3a5110-21ff-4bb9-949b-dc2f4e951c13: 1810 ms
Input: 5000000,
Cold Start: false
Unique ID: d5c96147-0f82-4c0f-bd8e-78663e7597ad,
Billed Duration for Request d5c96147-0f82-4c0f-bd8e-78663e7597ad: 1754 ms
Input: 5000000,
Cold Start: false
Unique ID: b1883aad-4c76-40d8-bcbb-79968df6eb5f,
Billed Duration for Request b1883aad-4c76-40d8-bcbb-79968df6eb5f: 1858 ms
Input: 5000000,
Cold Start: false
Unique ID: 2ffd9b62-e21e-4743-ad30-4d6d0b6dae4e,
Billed Duration for Request 2ffd9b62-e21e-4743-ad30-4d6d0b6dae4e: 1772 ms
Input: 5000000,
Cold Start: false
Unique ID: 33d16f0f-c283-451d-943c-89a00a96607c,
Billed Duration for Request 33d16f0f-c283-451d-943c-89a00a96607c: 2153 ms
Input: 5000000,
Cold Start: false
Unique ID: a321df4c-3402-4f9c-ab69-367e8a6a042e,
Billed Duration for Request a321df4c-3402-4f9c-ab69-367e8a6a042e: 1769 ms
Input: 5000000,
Cold Start: false
Unique ID: 46366f10-50bb-45f7-a3b7-cef5e199f392,
Billed Duration for Request 46366f10-50bb-45f7-a3b7-cef5e199f392: 1877 ms
Input: 5000000,
Cold Start: false
Unique ID: fe9bd6d6-30ff-44f2-9f05-5a39389762e1,
Billed Duration for Request fe9bd6d6-30ff-44f2-9f05-5a39389762e1: 1852 ms
Input: 5000000,
Cold Start: false
Unique ID: eeca1bbd-2197-45d7-b31d-4bbf4f6db035,
Billed Duration for Request eeca1bbd-2197-45d7-b31d-4bbf4f6db035: 1837 ms
Input: 5000000,
Cold Start: false
Unique ID: 6ebc4100-988b-4237-a7f3-db04ae18acc2,
Billed Duration for Request 6ebc4100-988b-4237-a7f3-db04ae18acc2: 2113 ms
Input: 5000000,
Cold Start: false
Unique ID: 5f6e6e26-894b-4700-9688-a351610f1765,
Billed Duration for Request 5f6e6e26-894b-4700-9688-a351610f1765: 2083 ms
Input: 5000000,
Cold Start: false
Unique ID: 6e32c188-4101-4955-9456-750a9add0422,
Billed Duration for Request 6e32c188-4101-4955-9456-750a9add0422: 1976 ms
Input: 5000000,
Cold Start: false
Unique ID: 9e3e4aa4-90a2-43bc-ab40-1bb657b88494,
Billed Duration for Request 9e3e4aa4-90a2-43bc-ab40-1bb657b88494: 2131 ms
Input: 5000000,
Cold Start: false
Unique ID: ff9f75f7-de73-4494-ab6e-d4e275393f8d,
Billed Duration for Request ff9f75f7-de73-4494-ab6e-d4e275393f8d: 2096 ms
Input: 5000000,
Cold Start: false
Unique ID: 4e1f0dfd-4afd-42d4-a88d-3643bbf3aa09,
Billed Duration for Request 4e1f0dfd-4afd-42d4-a88d-3643bbf3aa09: 2070 ms
Input: 5000000,
Cold Start: false
Unique ID: f3853de8-79f2-444b-94f8-078be7fd67ab,
Billed Duration for Request f3853de8-79f2-444b-94f8-078be7fd67ab: 1781 ms
Input: 5000000,
Cold Start: false
Unique ID: 8365d44a-03ba-41c8-bfc1-89a21ece75a6,
Billed Duration for Request 8365d44a-03ba-41c8-bfc1-89a21ece75a6: 1840 ms
Input: 5000000,
Cold Start: false
Unique ID: fbb8fe00-838b-4158-aff1-2ff2c4d831b6,
Billed Duration for Request fbb8fe00-838b-4158-aff1-2ff2c4d831b6: 1754 ms
Input: 5000000,
Cold Start: false
Unique ID: b643a9ea-69ce-4dc4-94c1-f621e979a18b,
Billed Duration for Request b643a9ea-69ce-4dc4-94c1-f621e979a18b: 1877 ms
Input: 5000000,
Cold Start: false
Unique ID: 256fec75-ae5a-47c0-a3ba-5b289dbfed77,
Billed Duration for Request 256fec75-ae5a-47c0-a3ba-5b289dbfed77: 1974 ms
Input: 5000000,
Cold Start: false
Unique ID: aacead93-a159-4435-a623-b589c78626a7,
Billed Duration for Request aacead93-a159-4435-a623-b589c78626a7: 1865 ms
Input: 5000000,
Cold Start: false
Unique ID: fe945805-5bd3-4222-8f36-8f7b96ac36c0,
Billed Duration for Request fe945805-5bd3-4222-8f36-8f7b96ac36c0: 1939 ms
Input: 5000000,
Cold Start: false
Unique ID: 53dcb3d6-7e12-4cc7-a63b-323b234f9451,
Billed Duration for Request 53dcb3d6-7e12-4cc7-a63b-323b234f9451: 1993 ms
Input: 5000000,
Cold Start: false
Unique ID: 6ee47ca5-edf8-453d-a172-68d29d92d35c,
Billed Duration for Request 6ee47ca5-edf8-453d-a172-68d29d92d35c: 1762 ms
Input: 5000000,
Cold Start: false
Unique ID: 32479629-460b-40e3-a60c-181c39160086,
Billed Duration for Request 32479629-460b-40e3-a60c-181c39160086: 1844 ms
Input: 5000000,
Cold Start: false
Unique ID: 2b27d17f-15ed-4ecc-bcf9-beb88fdb1358,
Billed Duration for Request 2b27d17f-15ed-4ecc-bcf9-beb88fdb1358: 1747 ms
Input: 5000000,
Cold Start: false
Unique ID: d9b7c9c3-2e8a-45f6-bdf4-322e76b2d734,
Billed Duration for Request d9b7c9c3-2e8a-45f6-bdf4-322e76b2d734: 1812 ms
Input: 5000000,
Cold Start: false
Unique ID: 3538adf4-ecc6-4f1a-8050-0b2759dfb345,
Billed Duration for Request 3538adf4-ecc6-4f1a-8050-0b2759dfb345: 1950 ms
Input: 5000000,
Cold Start: false
Unique ID: 919e8db7-f268-4ae4-b5b9-9901abc3a35e,
Billed Duration for Request 919e8db7-f268-4ae4-b5b9-9901abc3a35e: 1800 ms
Input: 5000000,
Cold Start: false
Unique ID: 8d65c8dd-abab-48f2-9f59-09e1ca496fb7,
Billed Duration for Request 8d65c8dd-abab-48f2-9f59-09e1ca496fb7: 1879 ms
Input: 5000000,
Cold Start: false
Unique ID: 8df505ce-49cf-460e-a9e6-754171b736b3,
Billed Duration for Request 8df505ce-49cf-460e-a9e6-754171b736b3: 1965 ms
Input: 5000000,
Cold Start: false
Unique ID: ebe3f81e-62b4-4561-8dab-b507f2115f3b,
Billed Duration for Request ebe3f81e-62b4-4561-8dab-b507f2115f3b: 1835 ms
Input: 5000000,
Cold Start: false
Unique ID: a4f236c3-f762-4117-9243-c2a62ca0de69,
Billed Duration for Request a4f236c3-f762-4117-9243-c2a62ca0de69: 1827 ms
Input: 5000000,
Cold Start: false
Unique ID: e5349610-4ad1-44dc-b9be-0e869f661331,
Billed Duration for Request e5349610-4ad1-44dc-b9be-0e869f661331: 1784 ms
Input: 5000000,
Cold Start: false
Unique ID: b5bffaa5-a839-4c3c-82f5-00a36ba9f84d,
Billed Duration for Request b5bffaa5-a839-4c3c-82f5-00a36ba9f84d: 1781 ms
Input: 5000000,
Cold Start: false
Unique ID: 180d81d0-a3e1-4a26-93d6-65d68cb73cba,
Billed Duration for Request 180d81d0-a3e1-4a26-93d6-65d68cb73cba: 1850 ms
Input: 5000000,
Cold Start: false
Unique ID: 737ba807-155a-4b25-9653-a516607765a5,
Billed Duration for Request 737ba807-155a-4b25-9653-a516607765a5: 1828 ms
Input: 5000000,
Cold Start: false
Unique ID: 6c05ce75-ee47-42ce-aa46-abebf5ad7968,
Billed Duration for Request 6c05ce75-ee47-42ce-aa46-abebf5ad7968: 1845 ms
Input: 5000000,
Cold Start: false
Unique ID: 5fea75df-bad6-4de9-9241-2561958d79a7,
Billed Duration for Request 5fea75df-bad6-4de9-9241-2561958d79a7: 1832 ms
Input: 5000000,
Cold Start: false
Unique ID: cb7f1978-673e-46c0-a01d-6a0e1e70a2c1,
Billed Duration for Request cb7f1978-673e-46c0-a01d-6a0e1e70a2c1: 1849 ms
Input: 5000000,
Cold Start: false
Unique ID: afb171d3-8154-4420-b3dc-ff876c52b220,
Billed Duration for Request afb171d3-8154-4420-b3dc-ff876c52b220: 1846 ms
Input: 5000000,
Cold Start: false
Unique ID: 5d7e7b1e-514f-4b73-925b-127d88f8605c,
Billed Duration for Request 5d7e7b1e-514f-4b73-925b-127d88f8605c: 1882 ms
Input: 5000000,
Cold Start: false
Unique ID: 0aed96fa-f84e-4b5d-a075-56515e6bd60a,
Billed Duration for Request 0aed96fa-f84e-4b5d-a075-56515e6bd60a: 1784 ms
Input: 5000000,
Cold Start: false
Unique ID: 527a2f44-1be8-4121-b5da-2807fb1aecfa,
Billed Duration for Request 527a2f44-1be8-4121-b5da-2807fb1aecfa: 1848 ms
Input: 5000000,
Cold Start: false
Unique ID: 7a21ed85-c5ef-417c-ac6a-1d2b1f868539,
Billed Duration for Request 7a21ed85-c5ef-417c-ac6a-1d2b1f868539: 1805 ms
Input: 5000000,
Cold Start: false
Unique ID: 71c58663-6d4a-402e-a2d2-006349a98c6e,
Billed Duration for Request 71c58663-6d4a-402e-a2d2-006349a98c6e: 1781 ms
Input: 5000000,
Cold Start: false
Unique ID: 4dcac226-9a33-49e1-a45e-3d77c9e838cf,
Billed Duration for Request 4dcac226-9a33-49e1-a45e-3d77c9e838cf: 1819 ms
Input: 5000000,
Cold Start: false
Unique ID: 56314332-8292-4f98-bd6b-b04e84ffde5d,
Billed Duration for Request 56314332-8292-4f98-bd6b-b04e84ffde5d: 1822 ms
Input: 5000000,
Cold Start: false
Unique ID: 838a283d-4115-4a6b-b625-49cd7e531544,
Billed Duration for Request 838a283d-4115-4a6b-b625-49cd7e531544: 1830 ms
Input: 5000000,
Cold Start: false
Unique ID: d2ae788b-debd-4dfe-9af7-d6722bef44bb,
Billed Duration for Request d2ae788b-debd-4dfe-9af7-d6722bef44bb: 1833 ms
Input: 5000000,
Cold Start: false
Unique ID: c2c7000f-bca4-4f0f-aab6-dcec211594c8,
Billed Duration for Request c2c7000f-bca4-4f0f-aab6-dcec211594c8: 1832 ms
Input: 5000000,
Cold Start: false
Unique ID: e33e97df-b54b-4bd8-8f31-7819d8da0c71,
Billed Duration for Request e33e97df-b54b-4bd8-8f31-7819d8da0c71: 1852 ms
Input: 5000000,
Cold Start: false
Unique ID: 8c9d4837-bb41-425e-bf1b-6458c0d1ecb1,
Billed Duration for Request 8c9d4837-bb41-425e-bf1b-6458c0d1ecb1: 1802 ms
Input: 5000000,
Cold Start: false
Unique ID: f26475b2-3b01-41f0-8b7b-616c97c62ecf,
Billed Duration for Request f26475b2-3b01-41f0-8b7b-616c97c62ecf: 1819 ms
Input: 5000000,
Cold Start: false
Unique ID: f7e318e8-dcc4-4027-a407-d4501eafd525,
Billed Duration for Request f7e318e8-dcc4-4027-a407-d4501eafd525: 1842 ms
Input: 5000000,
Cold Start: false
Unique ID: aaf17bca-006e-4d4f-9e8a-11c48f2f74b8,
Billed Duration for Request aaf17bca-006e-4d4f-9e8a-11c48f2f74b8: 1757 ms
Input: 5000000,
Cold Start: false
Unique ID: d9db6249-a001-4aaf-bfb0-bb1ba95077a5,
Billed Duration for Request d9db6249-a001-4aaf-bfb0-bb1ba95077a5: 1860 ms
Input: 5000000,
Cold Start: false
Unique ID: dbbd583a-6009-4edb-a942-917feed397cf,
Billed Duration for Request dbbd583a-6009-4edb-a942-917feed397cf: 1830 ms
Input: 5000000,
Cold Start: false
Unique ID: 7e516242-ddfd-499e-bdde-0d5a730a5907,
Billed Duration for Request 7e516242-ddfd-499e-bdde-0d5a730a5907: 1834 ms
Input: 5000000,
Cold Start: false
Unique ID: e64b2ddc-e80f-434f-a686-c1fc425ef2fe,
Billed Duration for Request e64b2ddc-e80f-434f-a686-c1fc425ef2fe: 1827 ms
Input: 5000000,
Cold Start: false
Unique ID: 1396154b-5724-4996-83f0-124cdfd6d037,
Billed Duration for Request 1396154b-5724-4996-83f0-124cdfd6d037: 1808 ms
Input: 5000000,
Cold Start: false
Unique ID: 10e53575-f7a1-4275-b5dc-54db54286f7a,
Billed Duration for Request 10e53575-f7a1-4275-b5dc-54db54286f7a: 1851 ms
Input: 5000000,
Cold Start: false
Unique ID: 7c3af3bc-fba1-4a76-9448-f9f3db2b2a96,
Billed Duration for Request 7c3af3bc-fba1-4a76-9448-f9f3db2b2a96: 1766 ms
Input: 5000000,
Cold Start: false
Unique ID: 4d1a159f-c1e7-4125-bd6f-915b5d7c42da,
Billed Duration for Request 4d1a159f-c1e7-4125-bd6f-915b5d7c42da: 1878 ms
Input: 5000000,
Cold Start: false
Unique ID: 8d7cb3b4-3958-40f5-98d9-fba11d182b6f,
Billed Duration for Request 8d7cb3b4-3958-40f5-98d9-fba11d182b6f: 1819 ms
Input: 5000000,
Cold Start: false
Unique ID: 62c74b36-19f8-4824-b61f-441998090740,
Billed Duration for Request 62c74b36-19f8-4824-b61f-441998090740: 1799 ms
Input: 5000000,
Cold Start: false
Unique ID: 3c64bdb5-b402-4bbe-8ab1-4e3f01d9b12c,
Billed Duration for Request 3c64bdb5-b402-4bbe-8ab1-4e3f01d9b12c: 1857 ms
Input: 5000000,
Cold Start: false
Unique ID: 4c41a9b9-0545-4428-9db6-7eb52a0b1e56,
Billed Duration for Request 4c41a9b9-0545-4428-9db6-7eb52a0b1e56: 1820 ms
Input: 5000000,
Cold Start: false
Unique ID: 49b7dd21-ab56-43a6-b6e0-fc75a60879ea,
Billed Duration for Request 49b7dd21-ab56-43a6-b6e0-fc75a60879ea: 1815 ms
Input: 5000000,
Cold Start: false
Unique ID: fbd6028f-0659-4eff-96b6-1c555848d5ff,
Billed Duration for Request fbd6028f-0659-4eff-96b6-1c555848d5ff: 1882 ms
Input: 5000000,
Cold Start: false
Unique ID: 619fc348-526b-40c3-9bac-7cd71b3b6852,
Billed Duration for Request 619fc348-526b-40c3-9bac-7cd71b3b6852: 1830 ms
Input: 5000000,
Cold Start: false
Unique ID: cf2c408f-e107-435b-9505-c69f9acef93d,
Billed Duration for Request cf2c408f-e107-435b-9505-c69f9acef93d: 1862 ms
Input: 5000000,
Cold Start: false
Unique ID: 13721db0-8b36-4787-a6c1-89271df9c7b6,
Billed Duration for Request 13721db0-8b36-4787-a6c1-89271df9c7b6: 1771 ms
Input: 5000000,
Cold Start: false
Unique ID: 98dc6403-fd42-4b77-ac1d-d4920ee21300,
Billed Duration for Request 98dc6403-fd42-4b77-ac1d-d4920ee21300: 1820 ms
Input: 5000000,
Cold Start: false
Unique ID: 1a3e2a90-ff1c-4030-8509-72b3e5b5c49a,
Billed Duration for Request 1a3e2a90-ff1c-4030-8509-72b3e5b5c49a: 1810 ms
Input: 5000000,
Cold Start: false
Unique ID: c7557283-9a23-42cc-aa47-d72810202fdf,
Billed Duration for Request c7557283-9a23-42cc-aa47-d72810202fdf: 1897 ms
Input: 5000000,
Cold Start: false
Unique ID: f3be6d40-e330-42ab-9b60-6b33d50e6677,
Billed Duration for Request f3be6d40-e330-42ab-9b60-6b33d50e6677: 1773 ms
Input: 5000000,
Cold Start: false
Unique ID: 10a1933f-b9ad-454d-9d30-3bd46ee1a61f,
Billed Duration for Request 10a1933f-b9ad-454d-9d30-3bd46ee1a61f: 1846 ms
Input: 5000000,
Cold Start: false
Unique ID: 57c22fc5-6093-4585-8280-99a50eaa2407,
Billed Duration for Request 57c22fc5-6093-4585-8280-99a50eaa2407: 1868 ms
Input: 5000000,
Cold Start: false
Unique ID: 349a53d4-b68c-43a7-8238-734f4298bb9a,
Billed Duration for Request 349a53d4-b68c-43a7-8238-734f4298bb9a: 1811 ms
Input: 5000000,
Cold Start: false
Unique ID: e744bc45-6884-4421-bac0-6a0d4132c2a0,
Billed Duration for Request e744bc45-6884-4421-bac0-6a0d4132c2a0: 1835 ms
Input: 5000000,
Cold Start: false
Unique ID: 9029253a-aea7-4ac4-9108-6ec772884006,
Billed Duration for Request 9029253a-aea7-4ac4-9108-6ec772884006: 1790 ms
Input: 5000000,
Cold Start: false
Unique ID: 0d8b1394-4b3a-4dc9-8416-5cf293687b82,
Billed Duration for Request 0d8b1394-4b3a-4dc9-8416-5cf293687b82: 1836 ms
Input: 5000000,
Cold Start: false
Unique ID: 6033c9c3-7b1e-4965-839b-b508e91dd168,
Billed Duration for Request 6033c9c3-7b1e-4965-839b-b508e91dd168: 1825 ms
Input: 5000000,
Cold Start: false
Unique ID: 6a22d506-b54c-484c-9719-3189cc6a87fd,
Billed Duration for Request 6a22d506-b54c-484c-9719-3189cc6a87fd: 1847 ms
Input: 5000000,
Cold Start: false
Unique ID: 73ca0b19-e17c-493d-a56b-ad054b84074c,
Billed Duration for Request 73ca0b19-e17c-493d-a56b-ad054b84074c: 1843 ms
Input: 5000000,
Cold Start: false
Unique ID: e03c368a-cd2d-458f-8e4b-3ffeacff146c,
Billed Duration for Request e03c368a-cd2d-458f-8e4b-3ffeacff146c: 1851 ms
Input: 5000000,
Cold Start: false
Unique ID: 1f21c57a-e328-462f-b602-6a9f467a6600,
Billed Duration for Request 1f21c57a-e328-462f-b602-6a9f467a6600: 1785 ms
Input: 5000000,
Cold Start: false
Unique ID: c65c8615-44ef-4581-bc40-e8f8ebfdc93c,
Billed Duration for Request c65c8615-44ef-4581-bc40-e8f8ebfdc93c: 1880 ms
Input: 5000000,
Cold Start: false
Unique ID: 1f103c95-9fa8-482b-8e5e-fc6219787632,
Billed Duration for Request 1f103c95-9fa8-482b-8e5e-fc6219787632: 1823 ms
Input: 5000000,
Cold Start: false
Unique ID: a9b905b4-f833-4bed-bd5a-449668a389ad,
Billed Duration for Request a9b905b4-f833-4bed-bd5a-449668a389ad: 1792 ms
Input: 5000000,
Cold Start: false
Unique ID: 2ab4483d-020d-4e4c-b6ba-104e678e998a,
Billed Duration for Request 2ab4483d-020d-4e4c-b6ba-104e678e998a: 1875 ms
Input: 5000000,
Cold Start: false
Unique ID: 56c0f4d9-c7e1-4621-95f1-0c94feff7ffa,
Billed Duration for Request 56c0f4d9-c7e1-4621-95f1-0c94feff7ffa: 1815 ms
Input: 5000000,
Cold Start: false
Unique ID: 42dcffb1-8899-4ef1-b8ab-0ffbba6cf882,
Billed Duration for Request 42dcffb1-8899-4ef1-b8ab-0ffbba6cf882: 1813 ms
Input: 5000000,
Cold Start: false
Unique ID: 4f0347d3-0be1-4f58-af0e-38f450c89b1f,
Billed Duration for Request 4f0347d3-0be1-4f58-af0e-38f450c89b1f: 1812 ms
Input: 5000000,
Cold Start: false
Unique ID: 0750ce73-247b-4887-b1c1-cc650bfbff72,
Billed Duration for Request 0750ce73-247b-4887-b1c1-cc650bfbff72: 1866 ms
Input: 5000000,
Cold Start: false
Unique ID: 20ea2ba6-9a2d-47a1-8428-c9e7d26e6f15,
Billed Duration for Request 20ea2ba6-9a2d-47a1-8428-c9e7d26e6f15: 1827 ms
Input: 5000000,
Cold Start: false
Unique ID: 3619fd5d-278f-4cfb-bfa6-540cd36b3b8e,
Billed Duration for Request 3619fd5d-278f-4cfb-bfa6-540cd36b3b8e: 1812 ms
Input: 5000000,
Cold Start: false
Unique ID: e6a5426e-53aa-47f4-9c4a-d8b4724258b5,
Billed Duration for Request e6a5426e-53aa-47f4-9c4a-d8b4724258b5: 1822 ms
Input: 5000000,
Cold Start: false
Unique ID: 09249c00-a80c-45f2-b922-c7a82c1f1fb3,
Billed Duration for Request 09249c00-a80c-45f2-b922-c7a82c1f1fb3: 1768 ms
Input: 5000000,
Cold Start: false
Unique ID: e5826a58-f03c-49ad-9af1-26ae778b668b,
Billed Duration for Request e5826a58-f03c-49ad-9af1-26ae778b668b: 1814 ms
Input: 5000000,
Cold Start: false
Unique ID: 7450066d-3fff-4821-b3c5-e7217e153cfc,
Billed Duration for Request 7450066d-3fff-4821-b3c5-e7217e153cfc: 1871 ms
Input: 5000000,
Cold Start: false
Unique ID: f1584f04-a54c-43c6-90f2-5032701d097c,
Billed Duration for Request f1584f04-a54c-43c6-90f2-5032701d097c: 1847 ms
Input: 5000000,
Cold Start: false
Unique ID: 53089217-1c8c-4f8d-86c7-5856b59affb2,
Billed Duration for Request 53089217-1c8c-4f8d-86c7-5856b59affb2: 1814 ms
Input: 5000000,
Cold Start: false
Unique ID: 52097b3b-0977-4191-a615-4cd116f5e73b,
Billed Duration for Request 52097b3b-0977-4191-a615-4cd116f5e73b: 1822 ms
Input: 5000000,
Cold Start: false
Unique ID: ff78d108-c4a7-4bc9-bb06-d89f04e491e7,
Billed Duration for Request ff78d108-c4a7-4bc9-bb06-d89f04e491e7: 1835 ms
Input: 5000000,
Cold Start: false
Unique ID: 5a4ea041-1058-4d52-b9bc-564813fc915e,
Billed Duration for Request 5a4ea041-1058-4d52-b9bc-564813fc915e: 1842 ms
Input: 5000000,
Cold Start: false
Unique ID: 08afd840-17aa-429b-87c4-0d0c5d14d0da,
Billed Duration for Request 08afd840-17aa-429b-87c4-0d0c5d14d0da: 1778 ms
Input: 5000000,
Cold Start: false
Unique ID: 1ef3c5ea-35b2-42f5-8b94-9f0a310d4712,
Billed Duration for Request 1ef3c5ea-35b2-42f5-8b94-9f0a310d4712: 1803 ms
Input: 5000000,
Cold Start: false
Unique ID: b2f46b56-41f5-46fe-a127-c0d9d7bea6c6,
Billed Duration for Request b2f46b56-41f5-46fe-a127-c0d9d7bea6c6: 1882 ms
Input: 5000000,
Cold Start: false
Unique ID: 31bcb30f-111c-4912-a77f-5e50024a657c,
Billed Duration for Request 31bcb30f-111c-4912-a77f-5e50024a657c: 1792 ms
Input: 5000000,
Cold Start: false
Unique ID: b341cee3-9e35-4172-866e-6b37bb4fc383,
Billed Duration for Request b341cee3-9e35-4172-866e-6b37bb4fc383: 1836 ms
Input: 5000000,
Cold Start: false
Unique ID: ff8394fe-c1a4-41aa-8210-caa5ad96c8ee,
Billed Duration for Request ff8394fe-c1a4-41aa-8210-caa5ad96c8ee: 1828 ms
Input: 5000000,
Cold Start: false
Unique ID: 184ea0a2-31a4-4cf6-89de-16bb83bee675,
Billed Duration for Request 184ea0a2-31a4-4cf6-89de-16bb83bee675: 1831 ms
Input: 5000000,
Cold Start: false
Unique ID: e2a959fb-cd08-48dc-b2d2-799efc30a671,
Billed Duration for Request e2a959fb-cd08-48dc-b2d2-799efc30a671: 1838 ms
Input: 5000000,
Cold Start: false
Unique ID: 25fb7310-a269-4f5c-a2dc-7e775d8d8bab,
Billed Duration for Request 25fb7310-a269-4f5c-a2dc-7e775d8d8bab: 1838 ms
Input: 5000000,
Cold Start: false
Unique ID: 421750f3-1ede-4796-b308-2ee5078ec2ea,
Billed Duration for Request 421750f3-1ede-4796-b308-2ee5078ec2ea: 1847 ms
Input: 5000000,
Cold Start: false
Unique ID: d7730e63-0232-492c-b4c4-4cdfd83e4f4b,
Billed Duration for Request d7730e63-0232-492c-b4c4-4cdfd83e4f4b: 1834 ms
Input: 5000000,
Cold Start: false
Unique ID: 9142b3f1-7459-4aa5-855f-05159cfbf5bc,
Billed Duration for Request 9142b3f1-7459-4aa5-855f-05159cfbf5bc: 1786 ms
Input: 5000000,
Cold Start: false
Unique ID: 0d70997d-42ef-4b84-b6dd-ec5c2fd0d13f,
Billed Duration for Request 0d70997d-42ef-4b84-b6dd-ec5c2fd0d13f: 1807 ms
Input: 5000000,
Cold Start: false
Unique ID: 924e4972-3ab2-46fd-965e-5e45e7579f1b,
Billed Duration for Request 924e4972-3ab2-46fd-965e-5e45e7579f1b: 1767 ms
Input: 5000000,
Cold Start: false
Unique ID: 001fd0ca-0d3c-46ac-80b1-305bd66ca335,
Billed Duration for Request 001fd0ca-0d3c-46ac-80b1-305bd66ca335: 1881 ms
Input: 5000000,
Cold Start: false
Unique ID: fa0d8bcb-371a-40bd-a7e8-f18fbe89b18d,
Billed Duration for Request fa0d8bcb-371a-40bd-a7e8-f18fbe89b18d: 1846 ms
Input: 5000000,
Cold Start: false
Unique ID: 68feb57d-7605-46aa-a92c-b917287bcbd6,
Billed Duration for Request 68feb57d-7605-46aa-a92c-b917287bcbd6: 1849 ms
Input: 5000000,
Cold Start: false
Unique ID: 1a86643b-6c7c-4b63-ae3c-4f65225af0b2,
Billed Duration for Request 1a86643b-6c7c-4b63-ae3c-4f65225af0b2: 1846 ms
Input: 5000000,
Cold Start: false
Unique ID: 703b2f1b-dc6a-4246-bf6c-0cbf05a44969,
Billed Duration for Request 703b2f1b-dc6a-4246-bf6c-0cbf05a44969: 1843 ms
Input: 5000000,
Cold Start: false
Unique ID: 8e2efa5f-274c-41aa-a49f-cafb45c89cf4,
Billed Duration for Request 8e2efa5f-274c-41aa-a49f-cafb45c89cf4: 1820 ms
Input: 5000000,
Cold Start: false
Unique ID: edc4b04f-2249-4a63-92ec-6c9499fd59a7,
Billed Duration for Request edc4b04f-2249-4a63-92ec-6c9499fd59a7: 1773 ms
Input: 5000000,
Cold Start: false
Unique ID: deea2ae6-f784-418a-b58e-3922b195d6cc,
Billed Duration for Request deea2ae6-f784-418a-b58e-3922b195d6cc: 1808 ms
Input: 5000000,
Cold Start: false
Unique ID: 64c911dd-cd61-4882-af65-907be88b7101,
Billed Duration for Request 64c911dd-cd61-4882-af65-907be88b7101: 1859 ms
Input: 5000000,
Cold Start: false
Unique ID: 33c25a05-a521-4413-9d43-701a07e6888e,
Billed Duration for Request 33c25a05-a521-4413-9d43-701a07e6888e: 1785 ms
Input: 5000000,
Cold Start: false
Unique ID: a763c001-34ae-451e-b442-daea3684e47a,
Billed Duration for Request a763c001-34ae-451e-b442-daea3684e47a: 1830 ms
Input: 5000000,
Cold Start: false
Unique ID: de09a5e0-bdbe-4c45-909e-45cf598b92c0,
Billed Duration for Request de09a5e0-bdbe-4c45-909e-45cf598b92c0: 1810 ms
Input: 5000000,
Cold Start: false
Unique ID: c94b3510-765c-4571-8358-223836e35eda,
Billed Duration for Request c94b3510-765c-4571-8358-223836e35eda: 1846 ms
Input: 5000000,
Cold Start: false
Unique ID: 7dbd4c68-cba3-4c4a-a7cd-41327a9a3d4d,
Billed Duration for Request 7dbd4c68-cba3-4c4a-a7cd-41327a9a3d4d: 1843 ms
Input: 5000000,
Cold Start: false
Unique ID: 3a9440da-a2c9-4285-9f01-201b03532fc3,
Billed Duration for Request 3a9440da-a2c9-4285-9f01-201b03532fc3: 1847 ms
Input: 5000000,
Cold Start: false
Unique ID: 0db63263-6c1f-479d-91f9-e31492138723,
Billed Duration for Request 0db63263-6c1f-479d-91f9-e31492138723: 1827 ms
Input: 5000000,
Cold Start: false
Unique ID: ac8e2db7-a615-4784-84a3-60dd4c78fadc,
Billed Duration for Request ac8e2db7-a615-4784-84a3-60dd4c78fadc: 1774 ms
Input: 5000000,
Cold Start: false
Unique ID: e6ffb2ea-0c73-4483-9327-1bad53230e86,
Billed Duration for Request e6ffb2ea-0c73-4483-9327-1bad53230e86: 1820 ms
Input: 5000000,
Cold Start: false
Unique ID: ef9da8fe-527d-41d2-a63e-d68d6e1ba519,
Billed Duration for Request ef9da8fe-527d-41d2-a63e-d68d6e1ba519: 1794 ms
Input: 5000000,
Cold Start: false
Unique ID: 6da4c413-e26b-4614-817b-57c491347dc3,
Billed Duration for Request 6da4c413-e26b-4614-817b-57c491347dc3: 1852 ms
Input: 5000000,
Cold Start: false
Unique ID: 674b09a3-e025-4061-b398-4fefed9668fe,
Billed Duration for Request 674b09a3-e025-4061-b398-4fefed9668fe: 1769 ms
Input: 5000000,
Cold Start: false
Unique ID: 443c5389-ff9c-423f-9368-dad1b7720ffb,
Billed Duration for Request 443c5389-ff9c-423f-9368-dad1b7720ffb: 1862 ms
Input: 5000000,
Cold Start: false
Unique ID: 7389ac17-6711-4375-902d-48cfa2d4cc60,
Billed Duration for Request 7389ac17-6711-4375-902d-48cfa2d4cc60: 1819 ms
Input: 5000000,
Cold Start: false
Unique ID: bd1230f0-58a7-4200-b5ce-e27ecb4dadf8,
Billed Duration for Request bd1230f0-58a7-4200-b5ce-e27ecb4dadf8: 1836 ms
Input: 5000000,
Cold Start: false
Unique ID: 25a515ea-1347-4fd8-ba20-0749fcac867c,
Billed Duration for Request 25a515ea-1347-4fd8-ba20-0749fcac867c: 1828 ms
Input: 5000000,
Cold Start: false
Unique ID: 821102ab-bf11-4849-9597-481d1cf57301,
Billed Duration for Request 821102ab-bf11-4849-9597-481d1cf57301: 1867 ms
Input: 5000000,
Cold Start: false
Unique ID: 35f9b2c0-e156-4514-8be1-488b2c02aa7d,
Billed Duration for Request 35f9b2c0-e156-4514-8be1-488b2c02aa7d: 1780 ms
Input: 5000000,
Cold Start: false
Unique ID: cb563c27-f61d-4516-8d5b-98f95b93e551,
Billed Duration for Request cb563c27-f61d-4516-8d5b-98f95b93e551: 1874 ms
Input: 5000000,
Cold Start: false
Unique ID: 1ee2f2cc-ac8a-481b-b390-188abee517b9,
Billed Duration for Request 1ee2f2cc-ac8a-481b-b390-188abee517b9: 1823 ms
Input: 5000000,
Cold Start: false
Unique ID: 9a0988b7-c3c8-48d6-ac1e-acd10dd186e2,
Billed Duration for Request 9a0988b7-c3c8-48d6-ac1e-acd10dd186e2: 1780 ms
Input: 5000000,
Cold Start: false
Unique ID: fcd58000-7f98-4fd0-a971-4f2ede839b53,
Billed Duration for Request fcd58000-7f98-4fd0-a971-4f2ede839b53: 1835 ms
Input: 5000000,
Cold Start: false
Unique ID: 2cf29246-69de-4992-b237-dd9356ec837d,
Billed Duration for Request 2cf29246-69de-4992-b237-dd9356ec837d: 1796 ms
Input: 5000000,
Cold Start: false
Unique ID: f5c4cbb7-43fc-4c0b-b292-40f7a1227df7,
Billed Duration for Request f5c4cbb7-43fc-4c0b-b292-40f7a1227df7: 1835 ms
Input: 5000000,
Cold Start: false
Unique ID: ee2c5698-77aa-452f-bf18-8671654e417d,
Billed Duration for Request ee2c5698-77aa-452f-bf18-8671654e417d: 1830 ms
Input: 5000000,
Cold Start: false
Unique ID: e0741337-ce8e-487c-b2b3-c70973053556,
Billed Duration for Request e0741337-ce8e-487c-b2b3-c70973053556: 1816 ms
Input: 5000000,
Cold Start: false
Unique ID: 63a70d52-eb0b-4c7c-8bd1-7c42eb1e4df0,
Billed Duration for Request 63a70d52-eb0b-4c7c-8bd1-7c42eb1e4df0: 1856 ms
Input: 5000000,
Cold Start: false
Unique ID: ea86fef0-7c6e-4c93-aaef-2162ebbb2667,
Billed Duration for Request ea86fef0-7c6e-4c93-aaef-2162ebbb2667: 1785 ms
Input: 5000000,
Cold Start: false
Unique ID: c5665d7c-567e-42ec-80f2-5169a16f8512,
Billed Duration for Request c5665d7c-567e-42ec-80f2-5169a16f8512: 1829 ms
Input: 5000000,
Cold Start: false
Unique ID: e63966be-ffee-419c-8aba-56e60e27ceb6,
Billed Duration for Request e63966be-ffee-419c-8aba-56e60e27ceb6: 1818 ms
Input: 5000000,
Cold Start: false
Unique ID: 4164ccc0-b116-4c97-be5d-a64fb63b0646,
Billed Duration for Request 4164ccc0-b116-4c97-be5d-a64fb63b0646: 1756 ms
Input: 5000000,
Cold Start: false
Unique ID: e0498cfd-e34e-4957-82fb-5fc1ac067015,
Billed Duration for Request e0498cfd-e34e-4957-82fb-5fc1ac067015: 1872 ms
Input: 5000000,
Cold Start: false
Unique ID: 17e2308a-a92d-449e-a649-3068311d97ea,
Billed Duration for Request 17e2308a-a92d-449e-a649-3068311d97ea: 1845 ms
Input: 5000000,
Cold Start: false
Unique ID: 63ee2205-b0e2-480e-8ed3-8c9051f6e40e,
Billed Duration for Request 63ee2205-b0e2-480e-8ed3-8c9051f6e40e: 1846 ms
Input: 5000000,
Cold Start: false
Unique ID: 86fb016c-9f99-4d2c-a511-402e2eddded4,
Billed Duration for Request 86fb016c-9f99-4d2c-a511-402e2eddded4: 1831 ms
Input: 5000000,
Cold Start: false
Unique ID: 49617821-2785-4049-ab98-68d590a3f3e2,
Billed Duration for Request 49617821-2785-4049-ab98-68d590a3f3e2: 1802 ms
Input: 5000000,
Cold Start: false
Unique ID: 4c59eff3-2d95-4c02-a1d9-04fa5123a1b2,
Billed Duration for Request 4c59eff3-2d95-4c02-a1d9-04fa5123a1b2: 1830 ms
Input: 5000000,
Cold Start: false
Unique ID: 67c62b2a-8cda-46a8-af91-871aebdc9388,
Billed Duration for Request 67c62b2a-8cda-46a8-af91-871aebdc9388: 1809 ms
Input: 5000000,
Cold Start: false
Unique ID: b520aeb2-4987-415e-ae33-de9ee9f1cf6a,
Billed Duration for Request b520aeb2-4987-415e-ae33-de9ee9f1cf6a: 1823 ms
Input: 5000000,
Cold Start: false
Unique ID: a5208b96-81b5-490f-b097-9c0235969e04,
Billed Duration for Request a5208b96-81b5-490f-b097-9c0235969e04: 1878 ms
Input: 5000000,
Cold Start: false
Unique ID: df88fcac-67bf-470c-9101-0566100970c0,
Billed Duration for Request df88fcac-67bf-470c-9101-0566100970c0: 1818 ms
Input: 5000000,
Cold Start: false
Unique ID: 194d5ae8-d783-4933-bbd5-ad0c12969794,
Billed Duration for Request 194d5ae8-d783-4933-bbd5-ad0c12969794: 1778 ms
Input: 5000000,
Cold Start: false
Unique ID: 73623d55-10de-4606-b709-fb3e6216bfb0,
Billed Duration for Request 73623d55-10de-4606-b709-fb3e6216bfb0: 1845 ms
Input: 5000000,
Cold Start: false
Unique ID: 5f2e637b-322e-4f58-809a-96fe23afc9dd,
Billed Duration for Request 5f2e637b-322e-4f58-809a-96fe23afc9dd: 1833 ms
Input: 5000000,
Cold Start: false
Unique ID: 5f310827-c8c2-4daf-81f7-775a8763610b,
Billed Duration for Request 5f310827-c8c2-4daf-81f7-775a8763610b: 1824 ms
Input: 5000000,
Cold Start: false
Unique ID: c1f3ef08-1014-48f1-845f-d421be781969,
Billed Duration for Request c1f3ef08-1014-48f1-845f-d421be781969: 1825 ms
Input: 5000000,
Cold Start: false
Unique ID: a1fb9c22-93dc-4795-881f-7ee8ebf0050e,
Billed Duration for Request a1fb9c22-93dc-4795-881f-7ee8ebf0050e: 1824 ms
Input: 5000000,
Cold Start: false
Unique ID: 70fed79d-33f9-4908-90dc-1860c8269f50,
Billed Duration for Request 70fed79d-33f9-4908-90dc-1860c8269f50: 1772 ms
Input: 5000000,
Cold Start: false
Unique ID: e1e103dd-21e4-4349-a867-dac576dd384d,
Billed Duration for Request e1e103dd-21e4-4349-a867-dac576dd384d: 1822 ms
Input: 5000000,
Cold Start: false
Unique ID: d923821b-afd9-491d-9e88-843e74cfa9d2,
Billed Duration for Request d923821b-afd9-491d-9e88-843e74cfa9d2: 1868 ms
Input: 5000000,
Cold Start: false
Unique ID: c5a14f23-aa58-4a43-9349-663f08513a1c,
Billed Duration for Request c5a14f23-aa58-4a43-9349-663f08513a1c: 1768 ms
Input: 5000000,
Cold Start: false
Unique ID: dccb0f67-cdd7-415c-86ec-c7a35a92467c,
Billed Duration for Request dccb0f67-cdd7-415c-86ec-c7a35a92467c: 1814 ms
Input: 5000000,
Cold Start: false
Unique ID: 0df33e16-0d86-4019-856b-f351330151de,
Billed Duration for Request 0df33e16-0d86-4019-856b-f351330151de: 1784 ms
Input: 5000000,
Cold Start: false
Unique ID: c66686d5-edef-421a-ad3b-6d4599d8bdc9,
Billed Duration for Request c66686d5-edef-421a-ad3b-6d4599d8bdc9: 1847 ms
Input: 5000000,
Cold Start: false
Unique ID: 4152b7a7-be16-48ec-a6b4-672a7c429b5d,
Billed Duration for Request 4152b7a7-be16-48ec-a6b4-672a7c429b5d: 1858 ms
Input: 5000000,
Cold Start: false
Unique ID: 157c262d-546c-42b6-90fd-4d928e331178,
Billed Duration for Request 157c262d-546c-42b6-90fd-4d928e331178: 1812 ms
Input: 5000000,
Cold Start: false
Unique ID: dac57417-df26-4986-b1d2-dddf46d9cb90,
Billed Duration for Request dac57417-df26-4986-b1d2-dddf46d9cb90: 1871 ms
Input: 5000000,
Cold Start: false
Unique ID: 8e43cd04-0464-40ab-bfb7-93beb548ac0a,
Billed Duration for Request 8e43cd04-0464-40ab-bfb7-93beb548ac0a: 1837 ms
Input: 5000000,
Cold Start: false
Unique ID: 86b82ef8-aacb-438c-9ff1-748d9ed234f5,
Billed Duration for Request 86b82ef8-aacb-438c-9ff1-748d9ed234f5: 1811 ms
Input: 5000000,
Cold Start: false
Unique ID: b22a7d5a-7614-4786-bd81-389602f9cc45,
Billed Duration for Request b22a7d5a-7614-4786-bd81-389602f9cc45: 1861 ms
Input: 5000000,
Cold Start: false
Unique ID: 68eec424-24f7-4584-8284-5e1174bc7726,
Billed Duration for Request 68eec424-24f7-4584-8284-5e1174bc7726: 1836 ms
Input: 5000000,
Cold Start: false
Unique ID: 89f211bb-f82a-4fdc-84da-07fcde9fa442,
Billed Duration for Request 89f211bb-f82a-4fdc-84da-07fcde9fa442: 1846 ms
Input: 5000000,
Cold Start: false
Unique ID: 44854a3e-4002-4773-bc66-30115c7a4998,
Billed Duration for Request 44854a3e-4002-4773-bc66-30115c7a4998: 1850 ms
Input: 5000000,
Cold Start: false
Unique ID: 0b3a8aa1-cd11-4296-9ae8-5b6e2f7e8aa7,
Billed Duration for Request 0b3a8aa1-cd11-4296-9ae8-5b6e2f7e8aa7: 1888 ms
Input: 5000000,
Cold Start: false
Unique ID: 88a07276-c765-44b4-aca5-f33b274e61b6,
Billed Duration for Request 88a07276-c765-44b4-aca5-f33b274e61b6: 1753 ms
Input: 5000000,
Cold Start: false
Unique ID: a4e91fc6-6989-4c90-99cd-bc5026f5488e,
Billed Duration for Request a4e91fc6-6989-4c90-99cd-bc5026f5488e: 1872 ms
Input: 5000000,
Cold Start: false
Unique ID: 33563c1b-e7cc-4778-b0cc-e9a12ede1bab,
Billed Duration for Request 33563c1b-e7cc-4778-b0cc-e9a12ede1bab: 1842 ms
Input: 5000000,
Cold Start: false
Unique ID: 4a92fb11-62d4-41e2-a434-cc6ce5a67cb5,
Billed Duration for Request 4a92fb11-62d4-41e2-a434-cc6ce5a67cb5: 1852 ms
Input: 5000000,
Cold Start: false
Unique ID: 5030b0bb-1459-4a75-8c10-c0b265f547e1,
Billed Duration for Request 5030b0bb-1459-4a75-8c10-c0b265f547e1: 1809 ms
Input: 5000000,
Cold Start: false
Unique ID: ff8d098b-e844-4003-b13f-fd90566b0e21,
Billed Duration for Request ff8d098b-e844-4003-b13f-fd90566b0e21: 1862 ms
Input: 5000000,
Cold Start: false
Unique ID: 0eeb6036-3f61-4c1f-bfa1-6dbd1b476ec1,
Billed Duration for Request 0eeb6036-3f61-4c1f-bfa1-6dbd1b476ec1: 1838 ms
Input: 5000000,
Cold Start: false
Unique ID: 13905022-9495-4fb5-b629-ca2513805e75,
Billed Duration for Request 13905022-9495-4fb5-b629-ca2513805e75: 1826 ms
Input: 5000000,
Cold Start: false
Unique ID: 6cd93483-f267-429c-8714-7ce27d957d9f,
Billed Duration for Request 6cd93483-f267-429c-8714-7ce27d957d9f: 1883 ms
Input: 5000000,
Cold Start: false
Unique ID: 88dd1c5c-d6ca-4f9e-a76b-138a0c963110,
Billed Duration for Request 88dd1c5c-d6ca-4f9e-a76b-138a0c963110: 1782 ms
Input: 5000000,
Cold Start: false
Unique ID: 20f44dfa-71bb-4e21-a400-921025df3cc3,
Billed Duration for Request 20f44dfa-71bb-4e21-a400-921025df3cc3: 1866 ms
Input: 5000000,
Cold Start: false
Unique ID: 99cefcb4-db2a-46e8-bbbb-50acf33de15c,
Billed Duration for Request 99cefcb4-db2a-46e8-bbbb-50acf33de15c: 1835 ms
Input: 5000000,
Cold Start: false
Unique ID: 8807ac34-165c-4d69-9b9f-f495e6afc76b,
Billed Duration for Request 8807ac34-165c-4d69-9b9f-f495e6afc76b: 1830 ms
Input: 5000000,
Cold Start: false
Unique ID: c01669ea-e86a-43f5-97a1-9bfcb1a00e97,
Billed Duration for Request c01669ea-e86a-43f5-97a1-9bfcb1a00e97: 1815 ms
Input: 5000000,
Cold Start: false
Unique ID: f44426ea-77a3-4ec7-b7c6-efb9d0c927ab,
Billed Duration for Request f44426ea-77a3-4ec7-b7c6-efb9d0c927ab: 1832 ms
Input: 5000000,
Cold Start: false
Unique ID: 81b06210-7490-4711-943d-955d23ebde25,
Billed Duration for Request 81b06210-7490-4711-943d-955d23ebde25: 1853 ms
Input: 5000000,
Cold Start: false
Unique ID: 266df119-051b-477e-9916-72efc2b1010d,
Billed Duration for Request 266df119-051b-477e-9916-72efc2b1010d: 1805 ms
Input: 5000000,
Cold Start: false
Unique ID: 21147bed-87e6-4d1b-8fd7-376ae0972d32,
Billed Duration for Request 21147bed-87e6-4d1b-8fd7-376ae0972d32: 1847 ms
Input: 5000000,
Cold Start: false
Unique ID: 5414c5f2-ece8-4b3b-a91c-7831b9b80da7,
Billed Duration for Request 5414c5f2-ece8-4b3b-a91c-7831b9b80da7: 1842 ms
Input: 5000000,
Cold Start: false
Unique ID: d4b1d370-1c3a-49e9-8c35-9cc8868a335f,
Billed Duration for Request d4b1d370-1c3a-49e9-8c35-9cc8868a335f: 1822 ms
Input: 5000000,
Cold Start: false
Unique ID: 16134590-82e4-4f85-b198-efe97a5745d1,
Billed Duration for Request 16134590-82e4-4f85-b198-efe97a5745d1: 1853 ms
Input: 5000000,
Cold Start: false
Unique ID: 604ac143-5411-4e40-a227-0da4092acddf,
Billed Duration for Request 604ac143-5411-4e40-a227-0da4092acddf: 1774 ms
Input: 5000000,
Cold Start: false
Unique ID: dfbbcbb9-7c2b-416f-98b2-1d826aeca594,
Billed Duration for Request dfbbcbb9-7c2b-416f-98b2-1d826aeca594: 1858 ms
Input: 5000000,
Cold Start: false
Unique ID: 2238e99d-d659-4abf-954e-fed9c5fbf3bf,
Billed Duration for Request 2238e99d-d659-4abf-954e-fed9c5fbf3bf: 1845 ms
Input: 5000000,
Cold Start: false
Unique ID: 91ccf2c7-8d33-4fb3-bc81-58118e38172c,
Billed Duration for Request 91ccf2c7-8d33-4fb3-bc81-58118e38172c: 1797 ms
Input: 5000000,
Cold Start: false
Unique ID: 19b5e6f6-d6fc-41a1-a940-7e07603f902f,
Billed Duration for Request 19b5e6f6-d6fc-41a1-a940-7e07603f902f: 1849 ms
Input: 5000000,
Cold Start: false
Unique ID: abbc7282-e437-4773-ae8a-fd4176e60b01,
Billed Duration for Request abbc7282-e437-4773-ae8a-fd4176e60b01: 1812 ms
Input: 5000000,
Cold Start: false
Unique ID: 0845e2e9-980b-4da7-932e-25c8573f1638,
Billed Duration for Request 0845e2e9-980b-4da7-932e-25c8573f1638: 1840 ms
Input: 5000000,
Cold Start: false
Unique ID: 358f76cb-2a74-4dc7-99e8-ebfce935ab85,
Billed Duration for Request 358f76cb-2a74-4dc7-99e8-ebfce935ab85: 1756 ms
Input: 5000000,
Cold Start: false
Unique ID: eff0adac-3340-4fec-9d36-aa8848a4c4c5,
Billed Duration for Request eff0adac-3340-4fec-9d36-aa8848a4c4c5: 1869 ms
Input: 5000000,
Cold Start: false
Unique ID: 4b7b95ad-04d3-4271-9cd1-0340b5981021,
Billed Duration for Request 4b7b95ad-04d3-4271-9cd1-0340b5981021: 1843 ms
Input: 5000000,
Cold Start: false
Unique ID: 0fefcf65-e73e-404f-b8c2-141180e4555f,
Billed Duration for Request 0fefcf65-e73e-404f-b8c2-141180e4555f: 1826 ms
Input: 5000000,
Cold Start: false
Unique ID: 5bf2e2fb-f756-491e-bb0d-c889f1759b1f,
Billed Duration for Request 5bf2e2fb-f756-491e-bb0d-c889f1759b1f: 1830 ms
Input: 5000000,
Cold Start: false
Unique ID: c8c70caf-cf95-4925-b2a8-6a959034e8f1,
Billed Duration for Request c8c70caf-cf95-4925-b2a8-6a959034e8f1: 1827 ms
Input: 5000000,
Cold Start: false
Unique ID: 6eb2745e-6753-4c39-893f-4d69892b9317,
Billed Duration for Request 6eb2745e-6753-4c39-893f-4d69892b9317: 1826 ms
Input: 5000000,
Cold Start: false
Unique ID: 39e9a5fb-1d4f-45a9-951d-e143574e9816,
Billed Duration for Request 39e9a5fb-1d4f-45a9-951d-e143574e9816: 1813 ms
Input: 5000000,
Cold Start: false
Unique ID: af52f5bf-0dc4-4973-aa2a-bd72a96db73b,
Billed Duration for Request af52f5bf-0dc4-4973-aa2a-bd72a96db73b: 1801 ms
Input: 5000000,
Cold Start: false
Unique ID: 0540494e-a86f-498a-ba5c-12b2836ae146,
Billed Duration for Request 0540494e-a86f-498a-ba5c-12b2836ae146: 1850 ms
Input: 5000000,
Cold Start: false
Unique ID: bb823d69-4cb8-46fa-bf6b-332e6d8a744d,
Billed Duration for Request bb823d69-4cb8-46fa-bf6b-332e6d8a744d: 1791 ms
Input: 5000000,
Cold Start: false
Unique ID: caab5166-49f3-4ff8-ab54-ff2bb949651b,
Billed Duration for Request caab5166-49f3-4ff8-ab54-ff2bb949651b: 1863 ms
Input: 5000000,
Cold Start: false
Unique ID: 461605ad-a650-4ba5-af89-96ef168734be,
Billed Duration for Request 461605ad-a650-4ba5-af89-96ef168734be: 1820 ms
Input: 5000000,
Cold Start: false
Unique ID: 79a4a733-ef7a-4745-bf03-8081f9ef38bb,
Billed Duration for Request 79a4a733-ef7a-4745-bf03-8081f9ef38bb: 1773 ms
Input: 5000000,
Cold Start: false
Unique ID: 52b7fe14-c11a-4319-8074-443f6fadfa91,
Billed Duration for Request 52b7fe14-c11a-4319-8074-443f6fadfa91: 1898 ms
Input: 5000000,
Cold Start: false
Unique ID: 3f08961d-1d31-4fe3-a7ff-843eb54451a9,
Billed Duration for Request 3f08961d-1d31-4fe3-a7ff-843eb54451a9: 1797 ms
Input: 5000000,
Cold Start: false
Unique ID: aad169d3-a2fc-440d-b103-d72858a3f006,
Billed Duration for Request aad169d3-a2fc-440d-b103-d72858a3f006: 1825 ms
Input: 5000000,
Cold Start: false
Unique ID: 34680660-a8f4-4ea5-9798-88cd37ffb541,
Billed Duration for Request 34680660-a8f4-4ea5-9798-88cd37ffb541: 1826 ms
Input: 5000000,
Cold Start: false
Unique ID: 7a5f900b-e0e5-4a8f-a516-637c910c8660,
Billed Duration for Request 7a5f900b-e0e5-4a8f-a516-637c910c8660: 1842 ms
Input: 5000000,
Cold Start: false
Unique ID: 806da134-e2bb-4f7d-9832-51dc3ee6617b,
Billed Duration for Request 806da134-e2bb-4f7d-9832-51dc3ee6617b: 1814 ms
Input: 5000000,
Cold Start: false
Unique ID: d5ed64fa-4170-4125-8080-4d723e35bffb,
Billed Duration for Request d5ed64fa-4170-4125-8080-4d723e35bffb: 1767 ms
Input: 5000000,
Cold Start: false
Unique ID: afb87cef-1138-4841-be0b-d92fc320f6d9,
Billed Duration for Request afb87cef-1138-4841-be0b-d92fc320f6d9: 1819 ms
Input: 5000000,
Cold Start: false
Unique ID: 9a5e226d-92ec-40ba-b83f-4e264dc9bb9c,
Billed Duration for Request 9a5e226d-92ec-40ba-b83f-4e264dc9bb9c: 1843 ms
Input: 5000000,
Cold Start: false
Unique ID: d15f65c9-c100-40fc-a8e8-e4a31e222e6e,
Billed Duration for Request d15f65c9-c100-40fc-a8e8-e4a31e222e6e: 1853 ms
Input: 5000000,
Cold Start: false
Unique ID: 5c5e64bc-796e-4eb6-b014-c82c9df3dd6b,
Billed Duration for Request 5c5e64bc-796e-4eb6-b014-c82c9df3dd6b: 1804 ms
Input: 5000000,
Cold Start: false
Unique ID: 0817e038-4836-48e9-9095-5c330be05ccc,
Billed Duration for Request 0817e038-4836-48e9-9095-5c330be05ccc: 1839 ms
Input: 5000000,
Cold Start: false
Unique ID: 3a6da184-ffe6-436a-a467-4686e5cfa810,
Billed Duration for Request 3a6da184-ffe6-436a-a467-4686e5cfa810: 1832 ms
Input: 5000000,
Cold Start: false
Unique ID: a53f00f6-a01d-4789-bf03-c3d33361265d,
Billed Duration for Request a53f00f6-a01d-4789-bf03-c3d33361265d: 1821 ms
Input: 5000000,
Cold Start: false
Unique ID: 782fd68b-e6c2-45a6-b3f1-c23b1c70c4f5,
Billed Duration for Request 782fd68b-e6c2-45a6-b3f1-c23b1c70c4f5: 1851 ms
Input: 5000000,
Cold Start: false
Unique ID: 79114380-d2cc-46ca-9f48-ff0151e9f799,
Billed Duration for Request 79114380-d2cc-46ca-9f48-ff0151e9f799: 1784 ms
Input: 5000000,
Cold Start: false
Unique ID: e0e7c0ad-17d9-4337-a989-b17d6002d09e,
Billed Duration for Request e0e7c0ad-17d9-4337-a989-b17d6002d09e: 1769 ms
Input: 5000000,
Cold Start: false
Unique ID: e9744549-fa31-4c16-abd6-b98cb6728c69,
Billed Duration for Request e9744549-fa31-4c16-abd6-b98cb6728c69: 1869 ms
Input: 5000000,
Cold Start: false
Unique ID: b8d551e7-a002-4049-9979-24a03f56193b,
Billed Duration for Request b8d551e7-a002-4049-9979-24a03f56193b: 1868 ms
Input: 5000000,
Cold Start: false
Unique ID: 6051b574-eaac-45d3-9d2d-51a197841655,
Billed Duration for Request 6051b574-eaac-45d3-9d2d-51a197841655: 1832 ms
Input: 5000000,
Cold Start: false
Unique ID: 89f9356d-17b7-4cb0-8514-c9c1009730ad,
Billed Duration for Request 89f9356d-17b7-4cb0-8514-c9c1009730ad: 1771 ms
Input: 5000000,
Cold Start: false
Unique ID: 471e34a7-e471-4949-ba90-43638ad2b0f5,
Billed Duration for Request 471e34a7-e471-4949-ba90-43638ad2b0f5: 1794 ms
Input: 5000000,
Cold Start: false
Unique ID: 541b4dad-1d36-4447-aaf0-fb5839125e5c,
Billed Duration for Request 541b4dad-1d36-4447-aaf0-fb5839125e5c: 1806 ms
Input: 5000000,
Cold Start: false
Unique ID: 61cb8321-8639-441b-a60c-113ca9a45090,
Billed Duration for Request 61cb8321-8639-441b-a60c-113ca9a45090: 1877 ms
Input: 5000000,
Cold Start: false
Unique ID: 869bc110-ce2b-4c4c-82e0-b5be55866dc5,
Billed Duration for Request 869bc110-ce2b-4c4c-82e0-b5be55866dc5: 1811 ms
Input: 5000000,
Cold Start: false
Unique ID: 26a73d88-9a6f-41e3-beb8-4f2d37656605,
Billed Duration for Request 26a73d88-9a6f-41e3-beb8-4f2d37656605: 1864 ms
Input: 5000000,
Cold Start: false
Unique ID: 87692a83-1553-4c2f-87b8-1bd7ccf8039b,
Billed Duration for Request 87692a83-1553-4c2f-87b8-1bd7ccf8039b: 1829 ms
Input: 5000000,
Cold Start: false
Unique ID: dfe6532f-1034-4532-a75c-47795bf3a12d,
Billed Duration for Request dfe6532f-1034-4532-a75c-47795bf3a12d: 1754 ms
Input: 5000000,
Cold Start: false
Unique ID: 48eaad7a-a7d0-480a-8d4b-d49421c7bd9a,
Billed Duration for Request 48eaad7a-a7d0-480a-8d4b-d49421c7bd9a: 1865 ms
Input: 5000000,
Cold Start: false
Unique ID: b415bcf2-b2f1-487d-92d0-d9b0892afb53,
Billed Duration for Request b415bcf2-b2f1-487d-92d0-d9b0892afb53: 1787 ms
Input: 5000000,
Cold Start: false
Unique ID: 89f71d98-4155-4931-b762-1210f35a5cbd,
Billed Duration for Request 89f71d98-4155-4931-b762-1210f35a5cbd: 1841 ms
Input: 5000000,
Cold Start: false
Unique ID: 55b9cdb3-2664-4532-aba9-edcb18520de9,
Billed Duration for Request 55b9cdb3-2664-4532-aba9-edcb18520de9: 1823 ms
Input: 5000000,
Cold Start: false
Unique ID: 45cc4c11-f7a7-4ceb-9edf-5861cf91ff8a,
Billed Duration for Request 45cc4c11-f7a7-4ceb-9edf-5861cf91ff8a: 1816 ms
Input: 5000000,
Cold Start: false
Unique ID: 71694497-7106-431a-9400-2e25ff73607a,
Billed Duration for Request 71694497-7106-431a-9400-2e25ff73607a: 1802 ms
Input: 5000000,
Cold Start: false
Unique ID: edfbef32-7ba7-499a-95fc-db76c48f671b,
Billed Duration for Request edfbef32-7ba7-499a-95fc-db76c48f671b: 1864 ms
Input: 5000000,
Cold Start: false
Unique ID: a7818ce6-487a-4d49-aaed-373e273d24d3,
Billed Duration for Request a7818ce6-487a-4d49-aaed-373e273d24d3: 1819 ms
Input: 5000000,
Cold Start: false
Unique ID: a5e8bb71-0993-49df-b995-b2bb3947b5ea,
Billed Duration for Request a5e8bb71-0993-49df-b995-b2bb3947b5ea: 1848 ms
Input: 5000000,
Cold Start: false
Unique ID: 8cd07a81-2a86-4ab3-8602-7278117e2edd,
Billed Duration for Request 8cd07a81-2a86-4ab3-8602-7278117e2edd: 1859 ms
Input: 5000000,
Cold Start: false
Unique ID: 31583c7e-5301-4f0c-aceb-8e7f15f4f630,
Billed Duration for Request 31583c7e-5301-4f0c-aceb-8e7f15f4f630: 1802 ms
Input: 5000000,
Cold Start: false
Unique ID: 06d47517-eb13-426f-8cad-c20e9fa56049,
Billed Duration for Request 06d47517-eb13-426f-8cad-c20e9fa56049: 1771 ms
Input: 5000000,
Cold Start: false
Unique ID: 3b1c6dc7-9f7c-4885-a003-553b80f0b912,
Billed Duration for Request 3b1c6dc7-9f7c-4885-a003-553b80f0b912: 1848 ms
Input: 5000000,
Cold Start: false
Unique ID: a68044a1-8843-4d57-b718-ddafededa433,
Billed Duration for Request a68044a1-8843-4d57-b718-ddafededa433: 1838 ms
Input: 5000000,
Cold Start: false
Unique ID: 6ce8b8f9-f623-4e80-897a-e04432f506ac,
Billed Duration for Request 6ce8b8f9-f623-4e80-897a-e04432f506ac: 1859 ms
Input: 5000000,
Cold Start: false
Unique ID: edd4abb9-1d09-4316-98a8-03b230a1b394,
Billed Duration for Request edd4abb9-1d09-4316-98a8-03b230a1b394: 1787 ms
Input: 5000000,
Cold Start: false
Unique ID: f412361a-c9be-450d-a2e5-b97fbde5ba4e,
Billed Duration for Request f412361a-c9be-450d-a2e5-b97fbde5ba4e: 1819 ms
Input: 5000000,
Cold Start: false
Unique ID: ef09ce1e-ccc7-48f8-9ed8-27691724104a,
Billed Duration for Request ef09ce1e-ccc7-48f8-9ed8-27691724104a: 1845 ms
Input: 5000000,
Cold Start: false
Unique ID: b366a2fd-505c-4712-9343-dd6bc9d90be0,
Billed Duration for Request b366a2fd-505c-4712-9343-dd6bc9d90be0: 1829 ms
Input: 5000000,
Cold Start: false
Unique ID: 630bc303-1fc7-4ed6-9541-25aa59c9f208,
Billed Duration for Request 630bc303-1fc7-4ed6-9541-25aa59c9f208: 1842 ms
Input: 5000000,
Cold Start: false
Unique ID: e9001f79-e48e-4a8a-9031-386cd43d3836,
Billed Duration for Request e9001f79-e48e-4a8a-9031-386cd43d3836: 1821 ms
Input: 5000000,
Cold Start: false
Unique ID: 73b41afb-2c90-4f85-8da8-932494edde8a,
Billed Duration for Request 73b41afb-2c90-4f85-8da8-932494edde8a: 1865 ms
Input: 5000000,
Cold Start: false
Unique ID: 2feb542d-af4f-4cfd-9ef8-2f9ee4f1038f,
Billed Duration for Request 2feb542d-af4f-4cfd-9ef8-2f9ee4f1038f: 1855 ms
Input: 5000000,
Cold Start: false
Unique ID: 130b910a-7036-4cd7-83d9-d844bb0e2bd1,
Billed Duration for Request 130b910a-7036-4cd7-83d9-d844bb0e2bd1: 1800 ms
Input: 5000000,
Cold Start: false
Unique ID: 802e55b2-2989-476c-820f-182e6a131c9d,
Billed Duration for Request 802e55b2-2989-476c-820f-182e6a131c9d: 1844 ms
Input: 5000000,
Cold Start: false
Unique ID: 1a7a6699-7d42-4c8f-b315-b0618c4b1dd0,
Billed Duration for Request 1a7a6699-7d42-4c8f-b315-b0618c4b1dd0: 1824 ms
Input: 5000000,
Cold Start: false
Unique ID: e5c85244-f1e4-4ddb-b4a2-8b43e78c16b5,
Billed Duration for Request e5c85244-f1e4-4ddb-b4a2-8b43e78c16b5: 1904 ms
Input: 5000000,
Cold Start: false
Unique ID: 39a83144-617f-4e78-afdd-eca27d17772e,
Billed Duration for Request 39a83144-617f-4e78-afdd-eca27d17772e: 2112 ms
Input: 5000000,
Cold Start: true
Unique ID: 233537dc-6004-43df-8a1f-86d48ae35101,
Billed Duration for Request 233537dc-6004-43df-8a1f-86d48ae35101: 1848 ms
Input: 5000000,
Cold Start: false
Unique ID: 00b82d14-d525-4810-911a-df38702adcd3,
Billed Duration for Request 00b82d14-d525-4810-911a-df38702adcd3: 1845 ms
Input: 5000000,
Cold Start: false
Unique ID: 3cfc4f27-1a18-43d3-a158-3a22e8525810,
Billed Duration for Request 3cfc4f27-1a18-43d3-a158-3a22e8525810: 1815 ms
Input: 5000000,
Cold Start: false
Unique ID: 8df776ff-cbe7-4f18-bd3f-df2297772d7e,
Billed Duration for Request 8df776ff-cbe7-4f18-bd3f-df2297772d7e: 1826 ms
Input: 5000000,
Cold Start: false
Unique ID: a9a14e9b-eb3a-4599-a150-f53205d52068,
Billed Duration for Request a9a14e9b-eb3a-4599-a150-f53205d52068: 1831 ms
Input: 5000000,
Cold Start: false
Unique ID: 53634168-f46f-4b95-bfb7-ec6ec08641f9,
Billed Duration for Request 53634168-f46f-4b95-bfb7-ec6ec08641f9: 1807 ms
Input: 5000000,
Cold Start: false
Unique ID: 77e90fba-7383-4c6f-b98a-2de1cc7cd9f3,
Billed Duration for Request 77e90fba-7383-4c6f-b98a-2de1cc7cd9f3: 1782 ms
Input: 5000000,
Cold Start: false
Unique ID: 9da61937-9ce3-40c3-a6bb-8f0b4a440fe5,
Billed Duration for Request 9da61937-9ce3-40c3-a6bb-8f0b4a440fe5: 1889 ms
Input: 5000000,
Cold Start: false
Unique ID: a357b0c0-ec3f-4886-8d3c-215f899f921e,
Billed Duration for Request a357b0c0-ec3f-4886-8d3c-215f899f921e: 1879 ms
Input: 5000000,
Cold Start: false
Unique ID: bc331eb5-f3c7-489b-b0a9-1cf6f8de9bf4,
Billed Duration for Request bc331eb5-f3c7-489b-b0a9-1cf6f8de9bf4: 1813 ms
Input: 5000000,
Cold Start: false
Unique ID: 48a128f5-5ad5-4231-8e6e-8cee3c89fb68,
Billed Duration for Request 48a128f5-5ad5-4231-8e6e-8cee3c89fb68: 1828 ms
Input: 5000000,
Cold Start: false
Unique ID: 5c7e9415-b668-438c-b45a-5e92a7571c82,
Billed Duration for Request 5c7e9415-b668-438c-b45a-5e92a7571c82: 1831 ms
Input: 5000000,
Cold Start: false
Unique ID: cf1e7331-834b-4832-bb2a-208291420b2f,
Billed Duration for Request cf1e7331-834b-4832-bb2a-208291420b2f: 1861 ms
Input: 5000000,
Cold Start: false
Unique ID: 399acb8b-e2fd-41d0-9412-96360b532164,
Billed Duration for Request 399acb8b-e2fd-41d0-9412-96360b532164: 1825 ms
Input: 5000000,
Cold Start: false
Unique ID: c28d686a-1493-4737-92ea-99e556956386,
Billed Duration for Request c28d686a-1493-4737-92ea-99e556956386: 1878 ms
Input: 5000000,
Cold Start: false
Unique ID: 8a2f764e-8294-4c4e-8fc8-dc8a0bd7d3f0,
Billed Duration for Request 8a2f764e-8294-4c4e-8fc8-dc8a0bd7d3f0: 1840 ms
Input: 5000000,
Cold Start: false
Unique ID: ae4d06d2-1ef6-487f-881d-c36cab7cdd15,
Billed Duration for Request ae4d06d2-1ef6-487f-881d-c36cab7cdd15: 1798 ms
Input: 5000000,
Cold Start: false
Unique ID: 8223b267-04cf-420f-9563-0181676ca20a,
Billed Duration for Request 8223b267-04cf-420f-9563-0181676ca20a: 1786 ms
Input: 5000000,
Cold Start: false
Unique ID: b057a0ed-305c-4802-b322-426678908449,
Billed Duration for Request b057a0ed-305c-4802-b322-426678908449: 2071 ms
Input: 5000000,
Cold Start: false
Unique ID: 7bdefc34-0340-4ffc-8edf-a11be80ab097,
Billed Duration for Request 7bdefc34-0340-4ffc-8edf-a11be80ab097: 1835 ms
Input: 5000000,
Cold Start: false
Unique ID: dc982ff1-6d28-452f-94e1-f6b141057730,
Billed Duration for Request dc982ff1-6d28-452f-94e1-f6b141057730: 1830 ms
Input: 5000000,
Cold Start: false
Unique ID: 18181507-d1df-4af3-9548-e10dc2f36b02,
Billed Duration for Request 18181507-d1df-4af3-9548-e10dc2f36b02: 1847 ms
Input: 5000000,
Cold Start: false
Unique ID: 24c75d61-88e9-46cd-a844-3a0537dfcc8c,
Billed Duration for Request 24c75d61-88e9-46cd-a844-3a0537dfcc8c: 1822 ms
Input: 5000000,
Cold Start: false
Unique ID: aafa6c86-4643-4a73-b64b-e8324c1f41c9,
Billed Duration for Request aafa6c86-4643-4a73-b64b-e8324c1f41c9: 1808 ms
Input: 5000000,
Cold Start: false
Unique ID: a2e84596-6760-435f-a9cd-ec5351282696,
Billed Duration for Request a2e84596-6760-435f-a9cd-ec5351282696: 1768 ms
Input: 5000000,
Cold Start: false
Unique ID: b85b580b-6af0-48f7-98c0-3553fede4a3b,
Billed Duration for Request b85b580b-6af0-48f7-98c0-3553fede4a3b: 1770 ms
Input: 5000000,
Cold Start: false
Unique ID: d016c4a4-db84-4416-9b49-84a7e8ce4921,
Billed Duration for Request d016c4a4-db84-4416-9b49-84a7e8ce4921: 1829 ms
Input: 5000000,
Cold Start: false
Unique ID: ebc0dac1-4485-4491-bbcf-b627925834a1,
Billed Duration for Request ebc0dac1-4485-4491-bbcf-b627925834a1: 1915 ms
Input: 5000000,
Cold Start: false
Unique ID: ea229e98-eada-441f-99b2-333e717e0955,
Billed Duration for Request ea229e98-eada-441f-99b2-333e717e0955: 1850 ms
Input: 5000000,
Cold Start: false
Unique ID: 06ffdb2b-5024-45b2-b603-7ab8555ce31f,
Billed Duration for Request 06ffdb2b-5024-45b2-b603-7ab8555ce31f: 1810 ms
Input: 5000000,
Cold Start: false
Unique ID: 3fc71269-76c6-4c88-b5b9-12f08846867e,
Billed Duration for Request 3fc71269-76c6-4c88-b5b9-12f08846867e: 1825 ms
Input: 5000000,
Cold Start: false
Unique ID: 3639e291-42a8-4291-a3aa-276881dea1df,
Billed Duration for Request 3639e291-42a8-4291-a3aa-276881dea1df: 1825 ms
Input: 5000000,
Cold Start: false
Unique ID: 28ab4138-b236-4028-9d2a-640ab44dc1d0,
Billed Duration for Request 28ab4138-b236-4028-9d2a-640ab44dc1d0: 1828 ms
Input: 5000000,
Cold Start: false
Unique ID: 47f6765b-8ba5-47d4-b223-828649129493,
Billed Duration for Request 47f6765b-8ba5-47d4-b223-828649129493: 1821 ms
Input: 5000000,
Cold Start: false
Unique ID: 67b58f7b-a309-46ba-b573-64e1f085693c,
Billed Duration for Request 67b58f7b-a309-46ba-b573-64e1f085693c: 1780 ms
Input: 5000000,
Cold Start: false
Unique ID: aaf79926-3c69-48f8-a4e9-91f50ea6862b,
Billed Duration for Request aaf79926-3c69-48f8-a4e9-91f50ea6862b: 1888 ms
Input: 5000000,
Cold Start: false
Unique ID: 6eb788c1-0bbc-471f-bf91-5c26d8561b20,
Billed Duration for Request 6eb788c1-0bbc-471f-bf91-5c26d8561b20: 1809 ms
Input: 5000000,
Cold Start: false
Unique ID: 5690b49e-586d-4ff4-9587-86894a4b17eb,
Billed Duration for Request 5690b49e-586d-4ff4-9587-86894a4b17eb: 1931 ms
Input: 5000000,
Cold Start: false
Unique ID: 77a48b0d-67b3-43df-a51a-5e8b4327bd3d,
Billed Duration for Request 77a48b0d-67b3-43df-a51a-5e8b4327bd3d: 1833 ms
Input: 5000000,
Cold Start: false
Unique ID: 58c6bb02-f4b1-4441-befd-2e72d723a93a,
Billed Duration for Request 58c6bb02-f4b1-4441-befd-2e72d723a93a: 1843 ms
Input: 5000000,
Cold Start: false
Unique ID: ccacd05c-9b17-476d-a18e-cefe71c9727b,
Billed Duration for Request ccacd05c-9b17-476d-a18e-cefe71c9727b: 1827 ms
Input: 5000000,
Cold Start: false
Unique ID: 39384687-2256-44a0-9b9d-dcf165fce194,
Billed Duration for Request 39384687-2256-44a0-9b9d-dcf165fce194: 1817 ms
Input: 5000000,
Cold Start: false
Unique ID: e6ef7560-7e58-40b2-9046-ff6b56d96629,
Billed Duration for Request e6ef7560-7e58-40b2-9046-ff6b56d96629: 1813 ms
Input: 5000000,
Cold Start: false
Unique ID: 8b0c51e2-d5e9-4d7e-a433-bc3e08631aa2,
Billed Duration for Request 8b0c51e2-d5e9-4d7e-a433-bc3e08631aa2: 1766 ms
Input: 5000000,
Cold Start: false
Unique ID: 630b5369-d1aa-44aa-b8fe-7c194356f176,
Billed Duration for Request 630b5369-d1aa-44aa-b8fe-7c194356f176: 1754 ms
Input: 5000000,
Cold Start: false
Unique ID: 80ca013b-cedc-439f-8349-7dea66c0f45b,
Billed Duration for Request 80ca013b-cedc-439f-8349-7dea66c0f45b: 1891 ms
Input: 5000000,
Cold Start: false
Unique ID: f1d62620-0ba2-4ab3-a199-ffb2de36167e,
Billed Duration for Request f1d62620-0ba2-4ab3-a199-ffb2de36167e: 1842 ms
Input: 5000000,
Cold Start: false
Unique ID: d671e784-2189-45d5-a285-be4495fdcae6,
Billed Duration for Request d671e784-2189-45d5-a285-be4495fdcae6: 1816 ms
Input: 5000000,
Cold Start: false
Unique ID: a0c21275-21f4-430b-999a-c10241f6c9a1,
Billed Duration for Request a0c21275-21f4-430b-999a-c10241f6c9a1: 1797 ms
Input: 5000000,
Cold Start: false
Unique ID: e2360926-317c-4224-8da5-fb4d7048cd8c,
Billed Duration for Request e2360926-317c-4224-8da5-fb4d7048cd8c: 1902 ms
Input: 5000000,
Cold Start: false
Unique ID: f06ad71c-a018-4e68-ba0d-ab93eaddf837,
Billed Duration for Request f06ad71c-a018-4e68-ba0d-ab93eaddf837: 1850 ms
Input: 5000000,
Cold Start: false
Unique ID: a6d4f12f-c7ef-4296-b550-ac2609bdfd72,
Billed Duration for Request a6d4f12f-c7ef-4296-b550-ac2609bdfd72: 1873 ms
Input: 5000000,
Cold Start: false
Unique ID: 2690513c-f5ff-4407-a342-a4beb8c99bd6,
Billed Duration for Request 2690513c-f5ff-4407-a342-a4beb8c99bd6: 1836 ms
Input: 5000000,
Cold Start: false
Unique ID: c285ba95-81ea-4e74-8475-c21c95c92efd,
Billed Duration for Request c285ba95-81ea-4e74-8475-c21c95c92efd: 1831 ms
Input: 5000000,
Cold Start: false
Unique ID: 81f170be-da75-4eca-9c95-70a6ac00c4c5,
Billed Duration for Request 81f170be-da75-4eca-9c95-70a6ac00c4c5: 1849 ms
Input: 5000000,
Cold Start: false
Unique ID: 12dcd29a-4bfd-439f-aadf-75607d856e5f,
Billed Duration for Request 12dcd29a-4bfd-439f-aadf-75607d856e5f: 1766 ms
Input: 5000000,
Cold Start: false
Unique ID: 3397d59c-efce-4da9-a00d-e931f6b1d0e1,
Billed Duration for Request 3397d59c-efce-4da9-a00d-e931f6b1d0e1: 1856 ms
Input: 5000000,
Cold Start: false
Unique ID: 0b8ec71b-300e-4679-ace5-a48b2d03ea3f,
Billed Duration for Request 0b8ec71b-300e-4679-ace5-a48b2d03ea3f: 1801 ms
Input: 5000000,
Cold Start: false
Unique ID: 39431a34-e5cb-443e-81ca-deabff709fec,
Billed Duration for Request 39431a34-e5cb-443e-81ca-deabff709fec: 1822 ms
Input: 5000000,
Cold Start: false
Unique ID: cc2ca608-5bdd-425c-a37d-b5f324baa752,
Billed Duration for Request cc2ca608-5bdd-425c-a37d-b5f324baa752: 1847 ms
Input: 5000000,
Cold Start: false
Unique ID: bcec33fd-c8e5-40bb-ae0b-55ece9e54935,
Billed Duration for Request bcec33fd-c8e5-40bb-ae0b-55ece9e54935: 1826 ms
Input: 5000000,
Cold Start: false
Unique ID: 5838c55c-7bbc-4f6c-af2d-0344efbdbd93,
Billed Duration for Request 5838c55c-7bbc-4f6c-af2d-0344efbdbd93: 1792 ms
Input: 5000000,
Cold Start: false
Unique ID: be21e619-31ed-4013-8655-fde66595efd9,
Billed Duration for Request be21e619-31ed-4013-8655-fde66595efd9: 1853 ms
Input: 5000000,
Cold Start: false
Unique ID: e2d6565a-2e11-480c-a750-81a821ce474c,
Billed Duration for Request e2d6565a-2e11-480c-a750-81a821ce474c: 1883 ms
Input: 5000000,
Cold Start: false
Unique ID: e383f47a-f9bd-4a5d-aa16-8e8273ce4d65,
Billed Duration for Request e383f47a-f9bd-4a5d-aa16-8e8273ce4d65: 1779 ms
Input: 5000000,
Cold Start: false
Unique ID: d6b7adf5-a4ce-4d18-954e-f3b7c203c81f,
Billed Duration for Request d6b7adf5-a4ce-4d18-954e-f3b7c203c81f: 1815 ms
Input: 5000000,
Cold Start: false
Unique ID: 300c9124-cb41-4a7d-8898-1f2583b41aa7,
Billed Duration for Request 300c9124-cb41-4a7d-8898-1f2583b41aa7: 1822 ms
Input: 5000000,
Cold Start: false
Unique ID: 13f4b46d-7450-4521-9db7-fd337f2fc83b,
Billed Duration for Request 13f4b46d-7450-4521-9db7-fd337f2fc83b: 1808 ms
Input: 5000000,
Cold Start: false
Unique ID: be7d6004-9af8-48a4-90e6-2b834e906f35,
Billed Duration for Request be7d6004-9af8-48a4-90e6-2b834e906f35: 1809 ms
Input: 5000000,
Cold Start: false
Unique ID: 5187d853-0eb0-4d7c-8715-c427723e934f,
Billed Duration for Request 5187d853-0eb0-4d7c-8715-c427723e934f: 1842 ms
Input: 5000000,
Cold Start: false
Unique ID: eaf6fe2e-53f5-42c8-a660-733a4c8c4cdc,
Billed Duration for Request eaf6fe2e-53f5-42c8-a660-733a4c8c4cdc: 1831 ms
Input: 5000000,
Cold Start: false
Unique ID: e58de8ed-863a-4b02-a357-c5cb795ab4d1,
Billed Duration for Request e58de8ed-863a-4b02-a357-c5cb795ab4d1: 1868 ms
Input: 5000000,
Cold Start: false
Unique ID: 82b0659b-9eb5-4e27-8ee5-2552770cebdd,
Billed Duration for Request 82b0659b-9eb5-4e27-8ee5-2552770cebdd: 1834 ms
Input: 5000000,
Cold Start: false
Unique ID: eded979d-fa8e-4bc7-93e9-0ceb3db88ffc,
Billed Duration for Request eded979d-fa8e-4bc7-93e9-0ceb3db88ffc: 1784 ms
Input: 5000000,
Cold Start: false
Unique ID: b8558752-826b-4f0f-bad2-e10f389b13c2,
Billed Duration for Request b8558752-826b-4f0f-bad2-e10f389b13c2: 1804 ms
Input: 5000000,
Cold Start: false
Unique ID: e9a3a041-7a71-49b6-851c-e8e1470b9814,
Billed Duration for Request e9a3a041-7a71-49b6-851c-e8e1470b9814: 1818 ms
Input: 5000000,
Cold Start: false
Unique ID: 29be2ddd-4de4-47f6-a13c-e130f31ae896,
Billed Duration for Request 29be2ddd-4de4-47f6-a13c-e130f31ae896: 1776 ms
Input: 5000000,
Cold Start: false
Unique ID: f36fd3b2-a48f-4ee1-a70e-c118e8f3920e,
Billed Duration for Request f36fd3b2-a48f-4ee1-a70e-c118e8f3920e: 1865 ms
Input: 5000000,
Cold Start: false
Unique ID: 4f729063-4fed-4ada-b1f0-f67b11bcc0c3,
Billed Duration for Request 4f729063-4fed-4ada-b1f0-f67b11bcc0c3: 1832 ms
Input: 5000000,
Cold Start: false
Unique ID: dd34763b-7a11-4ae7-ad86-6d2a5690e49d,
Billed Duration for Request dd34763b-7a11-4ae7-ad86-6d2a5690e49d: 1826 ms
Input: 5000000,
Cold Start: false
Unique ID: de263717-447a-4b67-880c-cd5cefbe6bfb,
Billed Duration for Request de263717-447a-4b67-880c-cd5cefbe6bfb: 1832 ms
Input: 5000000,
Cold Start: false
Unique ID: 7034af45-2459-49b8-b5e0-9faf60b245b0,
Billed Duration for Request 7034af45-2459-49b8-b5e0-9faf60b245b0: 1816 ms
Input: 5000000,
Cold Start: false
Unique ID: 1610b6ba-ea20-4347-a009-8591038343e9,
Billed Duration for Request 1610b6ba-ea20-4347-a009-8591038343e9: 1810 ms
Input: 5000000,
Cold Start: false
Unique ID: 4fb6041b-4350-453a-9082-3a63153208d8,
Billed Duration for Request 4fb6041b-4350-453a-9082-3a63153208d8: 1781 ms
Input: 5000000,
Cold Start: false
Unique ID: 82f19cbf-d15a-445b-8b04-ec2c1a2324d3,
Billed Duration for Request 82f19cbf-d15a-445b-8b04-ec2c1a2324d3: 1799 ms
Input: 5000000,
Cold Start: false
Unique ID: 8d7b27ff-b1f9-4625-8315-6d2ca0fc8bef,
Billed Duration for Request 8d7b27ff-b1f9-4625-8315-6d2ca0fc8bef: 1867 ms
Input: 5000000,
Cold Start: false
Unique ID: 7231b81a-3aca-4d76-b76f-cc02f598a79a,
Billed Duration for Request 7231b81a-3aca-4d76-b76f-cc02f598a79a: 1823 ms
Input: 5000000,
Cold Start: false
Unique ID: 94d9ec46-bee2-4a5f-915c-f750bd266e5e,
Billed Duration for Request 94d9ec46-bee2-4a5f-915c-f750bd266e5e: 1816 ms
Input: 5000000,
Cold Start: false
Unique ID: e89973b1-130a-4e1f-8514-33267c3f6ef4,
Billed Duration for Request e89973b1-130a-4e1f-8514-33267c3f6ef4: 1793 ms
Input: 5000000,
Cold Start: false
Unique ID: 3c200f84-e146-4748-afec-00e972b31f01,
Billed Duration for Request 3c200f84-e146-4748-afec-00e972b31f01: 1785 ms
Input: 5000000,
Cold Start: false
Unique ID: 6bb31bec-b8b2-48c7-b40e-e274da711c25,
Billed Duration for Request 6bb31bec-b8b2-48c7-b40e-e274da711c25: 1835 ms
Input: 5000000,
Cold Start: false
Unique ID: 88d60f16-6d79-4daa-a505-8eb1702c445e,
Billed Duration for Request 88d60f16-6d79-4daa-a505-8eb1702c445e: 1854 ms
Input: 5000000,
Cold Start: false
Unique ID: ce18dd3b-be24-41a2-9c1b-af08b9a02f0d,
Billed Duration for Request ce18dd3b-be24-41a2-9c1b-af08b9a02f0d: 1799 ms
Input: 5000000,
Cold Start: false
Unique ID: 8545a9da-fe8f-462a-9cca-608c8a35a9ac,
Billed Duration for Request 8545a9da-fe8f-462a-9cca-608c8a35a9ac: 1823 ms
Input: 5000000,
Cold Start: false
Unique ID: 039387a4-1917-440f-80fc-c30ccdb0f61e,
Billed Duration for Request 039387a4-1917-440f-80fc-c30ccdb0f61e: 1852 ms
Input: 5000000,
Cold Start: false
Unique ID: 6cfd85f0-6b91-47d2-8a39-40cf1925e3f7,
Billed Duration for Request 6cfd85f0-6b91-47d2-8a39-40cf1925e3f7: 1836 ms
Input: 5000000,
Cold Start: false
Unique ID: b3f26bd1-3df1-4576-aeec-f8ad1fa81a6a,
Billed Duration for Request b3f26bd1-3df1-4576-aeec-f8ad1fa81a6a: 1882 ms
Input: 5000000,
Cold Start: false
Unique ID: 60b9b2c7-acc0-4df8-8c50-f769c96e69f2,
Billed Duration for Request 60b9b2c7-acc0-4df8-8c50-f769c96e69f2: 1840 ms
Input: 5000000,
Cold Start: false
Unique ID: f7fecafa-a946-4095-8282-ac6be12e8975,
Billed Duration for Request f7fecafa-a946-4095-8282-ac6be12e8975: 1773 ms
Input: 5000000,
Cold Start: false
Unique ID: 04e6edac-f3b6-4a9d-96eb-788e5cdf3795,
Billed Duration for Request 04e6edac-f3b6-4a9d-96eb-788e5cdf3795: 1810 ms
Input: 5000000,
Cold Start: false
Unique ID: a7b17ccc-d7a7-4c25-8c26-58cc0c842961,
Billed Duration for Request a7b17ccc-d7a7-4c25-8c26-58cc0c842961: 1801 ms
Input: 5000000,
Cold Start: false
Unique ID: d4233e6a-f3cc-40bb-957c-1ee046cf504d,
Billed Duration for Request d4233e6a-f3cc-40bb-957c-1ee046cf504d: 1779 ms
Input: 5000000,
Cold Start: false
Unique ID: c2bdfd44-29ef-4dbb-a3c7-655130775126,
Billed Duration for Request c2bdfd44-29ef-4dbb-a3c7-655130775126: 1910 ms
Input: 5000000,
Cold Start: false
Unique ID: 72220902-c606-44cf-8420-fec00d782e46,
Billed Duration for Request 72220902-c606-44cf-8420-fec00d782e46: 1817 ms
Input: 5000000,
Cold Start: false
Unique ID: 8be88be6-3bbe-42f8-be3a-e668d4726085,
Billed Duration for Request 8be88be6-3bbe-42f8-be3a-e668d4726085: 1830 ms
Input: 5000000,
Cold Start: false
Unique ID: 5e8defd5-7941-4456-8b88-e96d78a7cbad,
Billed Duration for Request 5e8defd5-7941-4456-8b88-e96d78a7cbad: 1833 ms
Input: 5000000,
Cold Start: false
Unique ID: 6a5040c2-bad9-4763-a56f-de78ce26f07a,
Billed Duration for Request 6a5040c2-bad9-4763-a56f-de78ce26f07a: 1814 ms
Input: 5000000,
Cold Start: false
Unique ID: c91cef9a-1f55-4cad-8886-701e78909aff,
Billed Duration for Request c91cef9a-1f55-4cad-8886-701e78909aff: 1810 ms
Input: 5000000,
Cold Start: false
Unique ID: 4e64afac-ec65-4233-80c0-3c22d8409ddf,
Billed Duration for Request 4e64afac-ec65-4233-80c0-3c22d8409ddf: 1806 ms
Input: 5000000,
Cold Start: false
Unique ID: 5778a324-eff8-41ef-80f0-3747f821ad20,
Billed Duration for Request 5778a324-eff8-41ef-80f0-3747f821ad20: 1770 ms
Input: 5000000,
Cold Start: false
Unique ID: 316d2e13-d366-4cde-b35b-e947bd185378,
Billed Duration for Request 316d2e13-d366-4cde-b35b-e947bd185378: 1886 ms
Input: 5000000,
Cold Start: false
Unique ID: 96083034-6beb-4c8b-8b7d-03a99e16bfd0,
Billed Duration for Request 96083034-6beb-4c8b-8b7d-03a99e16bfd0: 1771 ms
Input: 5000000,
Cold Start: false
Unique ID: 18705ede-fcbc-40ee-b3d6-0cccc31c2332,
Billed Duration for Request 18705ede-fcbc-40ee-b3d6-0cccc31c2332: 1823 ms
Input: 5000000,
Cold Start: false
Unique ID: 2985258a-fe27-4265-aa71-b094a44f63b5,
Billed Duration for Request 2985258a-fe27-4265-aa71-b094a44f63b5: 1827 ms
Input: 5000000,
Cold Start: false
Unique ID: 931d8884-9d35-4147-b69c-e0690d9a2641,
Billed Duration for Request 931d8884-9d35-4147-b69c-e0690d9a2641: 1805 ms
Input: 5000000,
Cold Start: false
Unique ID: 62b1dc00-a1d5-4e55-8200-82cb3ed2025b,
Billed Duration for Request 62b1dc00-a1d5-4e55-8200-82cb3ed2025b: 1854 ms
Input: 5000000,
Cold Start: false
Unique ID: f7c66cc9-e8c4-45fc-ab55-cbe1a63940c8,
Billed Duration for Request f7c66cc9-e8c4-45fc-ab55-cbe1a63940c8: 1843 ms
Input: 5000000,
Cold Start: false
Unique ID: e7f1c063-c2b5-4773-b862-b25dd770461e,
Billed Duration for Request e7f1c063-c2b5-4773-b862-b25dd770461e: 1810 ms
Input: 5000000,
Cold Start: false
Unique ID: 4b94ff51-b3e3-4bf1-b137-15bd182f92fd,
Billed Duration for Request 4b94ff51-b3e3-4bf1-b137-15bd182f92fd: 1804 ms
Input: 5000000,
Cold Start: false
Unique ID: 27841625-5df0-4935-88e8-de5ceccff491,
Billed Duration for Request 27841625-5df0-4935-88e8-de5ceccff491: 1780 ms
Input: 5000000,
Cold Start: false
Unique ID: 21ec2006-1660-4532-b90e-012d6b0e76b8,
Billed Duration for Request 21ec2006-1660-4532-b90e-012d6b0e76b8: 1795 ms
Input: 5000000,
Cold Start: false
Unique ID: e5125081-3a78-4148-9340-92dd8d873b7e,
Billed Duration for Request e5125081-3a78-4148-9340-92dd8d873b7e: 1878 ms
Input: 5000000,
Cold Start: false
Unique ID: a48099a3-e174-44c9-9251-53934662faba,
Billed Duration for Request a48099a3-e174-44c9-9251-53934662faba: 1801 ms
Input: 5000000,
Cold Start: false
Unique ID: 600ec3ad-ec0e-4247-8c41-1276a5054946,
Billed Duration for Request 600ec3ad-ec0e-4247-8c41-1276a5054946: 1825 ms
Input: 5000000,
Cold Start: false
Unique ID: 9b5a1762-4d74-4b08-b565-41edda1fdcd9,
Billed Duration for Request 9b5a1762-4d74-4b08-b565-41edda1fdcd9: 1845 ms
Input: 5000000,
Cold Start: false
Unique ID: 7d817517-fbda-4ea2-949f-c5f3015cd393,
Billed Duration for Request 7d817517-fbda-4ea2-949f-c5f3015cd393: 1808 ms
Input: 5000000,
Cold Start: false
Unique ID: 64803a0b-670f-471a-924e-b0d3111fa5d4,
Billed Duration for Request 64803a0b-670f-471a-924e-b0d3111fa5d4: 1808 ms
Input: 5000000,
Cold Start: false
Unique ID: e9eb67dd-ce51-432e-88f5-19839d4650a5,
Billed Duration for Request e9eb67dd-ce51-432e-88f5-19839d4650a5: 1856 ms
Input: 5000000,
Cold Start: false
Unique ID: 5d6d57ef-613b-482e-9253-9736c9061cab,
Billed Duration for Request 5d6d57ef-613b-482e-9253-9736c9061cab: 1790 ms
Input: 5000000,
Cold Start: false
Unique ID: 110f598a-f6c7-458b-8f3e-b4053154ddfc,
Billed Duration for Request 110f598a-f6c7-458b-8f3e-b4053154ddfc: 1796 ms
Input: 5000000,
Cold Start: false
Unique ID: 5c08b8ff-d151-4f1d-9c5c-3e1755b0720a,
Billed Duration for Request 5c08b8ff-d151-4f1d-9c5c-3e1755b0720a: 1764 ms
Input: 5000000,
Cold Start: false
Unique ID: 4dbb9a2f-1476-467e-93ee-295d904c0e6c,
Billed Duration for Request 4dbb9a2f-1476-467e-93ee-295d904c0e6c: 1872 ms
Input: 5000000,
Cold Start: false
Unique ID: 4e04ac64-5b29-4458-acc7-f3e6da9502bb,
Billed Duration for Request 4e04ac64-5b29-4458-acc7-f3e6da9502bb: 1811 ms
Input: 5000000,
Cold Start: false
Unique ID: 3a0034a3-1f1f-457a-96c2-723331f17e01,
Billed Duration for Request 3a0034a3-1f1f-457a-96c2-723331f17e01: 1812 ms
Input: 5000000,
Cold Start: false
Unique ID: fd85b54d-91b2-46b2-af09-8ba7686a23b1,
Billed Duration for Request fd85b54d-91b2-46b2-af09-8ba7686a23b1: 1798 ms
Input: 5000000,
Cold Start: false
Unique ID: a0949c64-5978-4b64-9b0a-b0fb4e0ea95a,
Billed Duration for Request a0949c64-5978-4b64-9b0a-b0fb4e0ea95a: 1830 ms
Input: 5000000,
Cold Start: false
Unique ID: 0da7e5e2-eefa-4c74-bbcf-b0603bcf636f,
Billed Duration for Request 0da7e5e2-eefa-4c74-bbcf-b0603bcf636f: 1834 ms
Input: 5000000,
Cold Start: false
Unique ID: e5210695-b5f1-4157-bcaa-fe60cea2702b,
Billed Duration for Request e5210695-b5f1-4157-bcaa-fe60cea2702b: 1824 ms
Input: 5000000,
Cold Start: false
Unique ID: 50e3ecf5-49f4-4389-9195-1bcbf3d51961,
Billed Duration for Request 50e3ecf5-49f4-4389-9195-1bcbf3d51961: 1877 ms
Input: 5000000,
Cold Start: false
Unique ID: 7f7d6cea-3b73-4cb5-b9bf-80999753cada,
Billed Duration for Request 7f7d6cea-3b73-4cb5-b9bf-80999753cada: 1774 ms
Input: 5000000,
Cold Start: false
Unique ID: 02019179-91c6-495d-84b1-64a92840ccff,
Billed Duration for Request 02019179-91c6-495d-84b1-64a92840ccff: 1849 ms
Input: 5000000,
Cold Start: false
Unique ID: 5cf9dc09-2d21-4cd3-b401-29a60b0ab627,
Billed Duration for Request 5cf9dc09-2d21-4cd3-b401-29a60b0ab627: 1790 ms
Input: 5000000,
Cold Start: false
Unique ID: af006d64-51f3-40e3-8d0b-cf02a4924aa6,
Billed Duration for Request af006d64-51f3-40e3-8d0b-cf02a4924aa6: 1827 ms
Input: 5000000,
Cold Start: false
Unique ID: abd2d9d0-c2a9-416a-a4e5-ed88e0ec902a,
Billed Duration for Request abd2d9d0-c2a9-416a-a4e5-ed88e0ec902a: 1852 ms
Input: 5000000,
Cold Start: false
Unique ID: 266b2079-a0bb-4910-83a1-07e545489b59,
Billed Duration for Request 266b2079-a0bb-4910-83a1-07e545489b59: 1825 ms
Input: 5000000,
Cold Start: false
Unique ID: e0b59790-0891-403d-8433-a3c7148f9119,
Billed Duration for Request e0b59790-0891-403d-8433-a3c7148f9119: 1833 ms
Input: 5000000,
Cold Start: false
Unique ID: 47e51653-dd26-4e18-956d-aab10ba1f071,
Billed Duration for Request 47e51653-dd26-4e18-956d-aab10ba1f071: 1780 ms
Input: 5000000,
Cold Start: false
Unique ID: 2c8df0cd-131a-4804-b30f-05fba052dd71,
Billed Duration for Request 2c8df0cd-131a-4804-b30f-05fba052dd71: 1817 ms
Input: 5000000,
Cold Start: false
Unique ID: 91aab606-1c6e-4559-be0f-6c6c20e04dec,
Billed Duration for Request 91aab606-1c6e-4559-be0f-6c6c20e04dec: 1801 ms
Input: 5000000,
Cold Start: false
Unique ID: 5aef9a0b-8bca-4cbc-9f66-9b1b5768b69f,
Billed Duration for Request 5aef9a0b-8bca-4cbc-9f66-9b1b5768b69f: 1785 ms
Input: 5000000,
Cold Start: false
Unique ID: 4cb8daf3-8405-4a59-a4e1-d4c6c6d9864f,
Billed Duration for Request 4cb8daf3-8405-4a59-a4e1-d4c6c6d9864f: 1816 ms
Input: 5000000,
Cold Start: false
Unique ID: 3cd19b9f-9b1b-4b0f-a1a6-a233da93b635,
Billed Duration for Request 3cd19b9f-9b1b-4b0f-a1a6-a233da93b635: 1772 ms
Input: 5000000,
Cold Start: false
Unique ID: bf3c2962-54ab-43c7-95b7-702e770773bb,
Billed Duration for Request bf3c2962-54ab-43c7-95b7-702e770773bb: 1867 ms
Input: 5000000,
Cold Start: false
Unique ID: 4c118e3b-d347-40fa-ac28-f622d0223e8e,
Billed Duration for Request 4c118e3b-d347-40fa-ac28-f622d0223e8e: 1815 ms
Input: 5000000,
Cold Start: false
Unique ID: f4dd6d5d-8735-4a6a-ac26-1282b98b22e8,
Billed Duration for Request f4dd6d5d-8735-4a6a-ac26-1282b98b22e8: 1802 ms
Input: 5000000,
Cold Start: false
Unique ID: 6cc51942-062e-48b2-9e44-53b45f74045e,
Billed Duration for Request 6cc51942-062e-48b2-9e44-53b45f74045e: 1811 ms
Input: 5000000,
Cold Start: false
Unique ID: 7857b723-3a20-4310-9fef-aa74fff75636,
Billed Duration for Request 7857b723-3a20-4310-9fef-aa74fff75636: 1824 ms
Input: 5000000,
Cold Start: false
Unique ID: e3cbcbd5-36a0-4d5f-a362-02e9e72ca0bb,
Billed Duration for Request e3cbcbd5-36a0-4d5f-a362-02e9e72ca0bb: 1842 ms
Input: 5000000,
Cold Start: false
Unique ID: 4a80f3bc-7738-4253-b507-7f4386abf958,
Billed Duration for Request 4a80f3bc-7738-4253-b507-7f4386abf958: 1778 ms
Input: 5000000,
Cold Start: false
Unique ID: 28688a74-a448-4048-bfea-41c796b06bb5,
Billed Duration for Request 28688a74-a448-4048-bfea-41c796b06bb5: 1892 ms
Input: 5000000,
Cold Start: false
Unique ID: e9105753-ab2b-4bf3-97eb-773c7096d5ba,
Billed Duration for Request e9105753-ab2b-4bf3-97eb-773c7096d5ba: 1802 ms
Input: 5000000,
Cold Start: false
Unique ID: fee4be6d-a76d-4b70-a580-8d84f4baf22f,
Billed Duration for Request fee4be6d-a76d-4b70-a580-8d84f4baf22f: 1856 ms
Input: 5000000,
Cold Start: false
Unique ID: 09a314d6-a091-47c0-8d01-0a40c7a6a04e,
Billed Duration for Request 09a314d6-a091-47c0-8d01-0a40c7a6a04e: 1798 ms
Input: 5000000,
Cold Start: false
Unique ID: 734dbac9-b5f2-4375-a00a-64e44f0c0380,
Billed Duration for Request 734dbac9-b5f2-4375-a00a-64e44f0c0380: 1821 ms
Input: 5000000,
Cold Start: false
Unique ID: b5469537-4196-40c5-b13a-12be7db47b3d,
Billed Duration for Request b5469537-4196-40c5-b13a-12be7db47b3d: 1840 ms
Input: 5000000,
Cold Start: false
Unique ID: bbd061e0-b59b-48e8-984f-2de36b8ab276,
Billed Duration for Request bbd061e0-b59b-48e8-984f-2de36b8ab276: 1828 ms
Input: 5000000,
Cold Start: false
Unique ID: a73d1e40-ce61-480b-9773-b81b17afb01b,
Billed Duration for Request a73d1e40-ce61-480b-9773-b81b17afb01b: 1796 ms
Input: 5000000,
Cold Start: false
Unique ID: cdabbd90-9ba8-458c-8079-c61e0f99f1cf,
Billed Duration for Request cdabbd90-9ba8-458c-8079-c61e0f99f1cf: 1828 ms
Input: 5000000,
Cold Start: false
Unique ID: a310e587-56a9-4daf-8eec-e1c58ebf3c42,
Billed Duration for Request a310e587-56a9-4daf-8eec-e1c58ebf3c42: 1817 ms
Input: 5000000,
Cold Start: false
Unique ID: f6308ae6-ed0e-46fa-9446-d0adf9cca59c,
Billed Duration for Request f6308ae6-ed0e-46fa-9446-d0adf9cca59c: 1796 ms
Input: 5000000,
Cold Start: false
Unique ID: 1fff6bc6-7bf3-4e7c-ad90-b9c2e83b694a,
Billed Duration for Request 1fff6bc6-7bf3-4e7c-ad90-b9c2e83b694a: 1774 ms
Input: 5000000,
Cold Start: false
Unique ID: 3d75afc0-55ab-48d8-b069-e43e1638e09b,
Billed Duration for Request 3d75afc0-55ab-48d8-b069-e43e1638e09b: 1768 ms
Input: 5000000,
Cold Start: false
Unique ID: e19a8be1-e521-44e9-a47e-aea1e6c59404,
Billed Duration for Request e19a8be1-e521-44e9-a47e-aea1e6c59404: 1866 ms
Input: 5000000,
Cold Start: false
Unique ID: 566554c6-2f25-4534-87a2-b92de11f64ba,
Billed Duration for Request 566554c6-2f25-4534-87a2-b92de11f64ba: 1792 ms
Input: 5000000,
Cold Start: false
Unique ID: 85267dc4-ca84-456f-a3dd-81bb81892e43,
Billed Duration for Request 85267dc4-ca84-456f-a3dd-81bb81892e43: 1808 ms
Input: 5000000,
Cold Start: false
Unique ID: 58ba42c9-23b5-425c-a388-4bdc9d5a1acc,
Billed Duration for Request 58ba42c9-23b5-425c-a388-4bdc9d5a1acc: 1829 ms
Input: 5000000,
Cold Start: false
Unique ID: 83e9eda5-a5e7-4110-9092-c212d6e12e65,
Billed Duration for Request 83e9eda5-a5e7-4110-9092-c212d6e12e65: 1812 ms
Input: 5000000,
Cold Start: false
Unique ID: 399edd1c-f5bd-458b-b130-8846fcab4c7f,
Billed Duration for Request 399edd1c-f5bd-458b-b130-8846fcab4c7f: 1812 ms
Input: 5000000,
Cold Start: false
Unique ID: 19c67210-cc7c-455a-9fc7-af73282dcaf3,
Billed Duration for Request 19c67210-cc7c-455a-9fc7-af73282dcaf3: 1819 ms
Input: 5000000,
Cold Start: false
Unique ID: be610060-e3f3-4d54-bd18-2d09a3a3fd89,
Billed Duration for Request be610060-e3f3-4d54-bd18-2d09a3a3fd89: 1812 ms
Input: 5000000,
Cold Start: false
Unique ID: aac41f77-e89b-4713-8bc1-75b08054324e,
Billed Duration for Request aac41f77-e89b-4713-8bc1-75b08054324e: 1867 ms
Input: 5000000,
Cold Start: false
Unique ID: 65804733-608b-4ac7-9d51-c25094107a81,
Billed Duration for Request 65804733-608b-4ac7-9d51-c25094107a81: 1787 ms
Input: 5000000,
Cold Start: false
Unique ID: 4cdb0a62-9e5b-4b27-8288-bc132aab69c9,
Billed Duration for Request 4cdb0a62-9e5b-4b27-8288-bc132aab69c9: 1814 ms
Input: 5000000,
Cold Start: false
Unique ID: e9b7965f-8d0a-4c6b-ab91-09097917c6d5,
Billed Duration for Request e9b7965f-8d0a-4c6b-ab91-09097917c6d5: 1832 ms
Input: 5000000,
Cold Start: false
Unique ID: 592ea7dd-85d7-4846-b5dc-138039a5ba37,
Billed Duration for Request 592ea7dd-85d7-4846-b5dc-138039a5ba37: 1853 ms
Input: 5000000,
Cold Start: false
Unique ID: 08318757-15fd-4cf4-9cbe-5e2b9bab6742,
Billed Duration for Request 08318757-15fd-4cf4-9cbe-5e2b9bab6742: 1825 ms
Input: 5000000,
Cold Start: false
Unique ID: 8ccc14d0-4657-402f-85b5-33bacf329a8f,
Billed Duration for Request 8ccc14d0-4657-402f-85b5-33bacf329a8f: 1839 ms
Input: 5000000,
Cold Start: false
Unique ID: e88a4a3a-3b96-445f-960a-7ab07f03922a,
Billed Duration for Request e88a4a3a-3b96-445f-960a-7ab07f03922a: 1808 ms
Input: 5000000,
Cold Start: false
Unique ID: 6585d106-9a8c-4781-b7dc-3f452081594a,
Billed Duration for Request 6585d106-9a8c-4781-b7dc-3f452081594a: 1815 ms
Input: 5000000,
Cold Start: false
Unique ID: 94cf5b8b-14db-4929-a98c-d4d3f3a6cc70,
Billed Duration for Request 94cf5b8b-14db-4929-a98c-d4d3f3a6cc70: 1845 ms
Input: 5000000,
Cold Start: false
Unique ID: be74d744-9272-446f-86c3-f19ef62b7152,
Billed Duration for Request be74d744-9272-446f-86c3-f19ef62b7152: 1829 ms
Input: 5000000,
Cold Start: false
Unique ID: a9268c6e-6336-4cda-ac9d-b14effc3fa46,
Billed Duration for Request a9268c6e-6336-4cda-ac9d-b14effc3fa46: 1835 ms
Input: 5000000,
Cold Start: false
Unique ID: 3d0958b5-8784-48ca-aeb6-1c1706f3ad0a,
Billed Duration for Request 3d0958b5-8784-48ca-aeb6-1c1706f3ad0a: 1832 ms
Input: 5000000,
Cold Start: false
Unique ID: ad87f66d-d099-4038-a60d-a9e4437081eb,
Billed Duration for Request ad87f66d-d099-4038-a60d-a9e4437081eb: 1809 ms
Input: 5000000,
Cold Start: false
Unique ID: fc67cf05-3dbb-4bde-b985-b88a741f1119,
Billed Duration for Request fc67cf05-3dbb-4bde-b985-b88a741f1119: 1802 ms
Input: 5000000,
Cold Start: false
Unique ID: 0fb9c3ad-5ec1-413e-9bfe-690221d9ccf7,
Billed Duration for Request 0fb9c3ad-5ec1-413e-9bfe-690221d9ccf7: 1821 ms
Input: 5000000,
Cold Start: false
Unique ID: f6751b72-2ee4-4b55-b938-06d704090762,
Billed Duration for Request f6751b72-2ee4-4b55-b938-06d704090762: 1886 ms
Input: 5000000,
Cold Start: false
Unique ID: 65cfe38e-3588-44fa-9c47-2363c7779b92,
Billed Duration for Request 65cfe38e-3588-44fa-9c47-2363c7779b92: 1796 ms
Input: 5000000,
Cold Start: false
Unique ID: 7811a6bb-e4e6-4350-b02f-1c5ee7fef3b7,
Billed Duration for Request 7811a6bb-e4e6-4350-b02f-1c5ee7fef3b7: 1827 ms
Input: 5000000,
Cold Start: false
Unique ID: aba990e4-29f9-4ad9-b0dd-20b0bc540a91,
Billed Duration for Request aba990e4-29f9-4ad9-b0dd-20b0bc540a91: 1809 ms
Input: 5000000,
Cold Start: false
Unique ID: 58568ef6-5456-4a87-96da-3f3a0e2710fc,
Billed Duration for Request 58568ef6-5456-4a87-96da-3f3a0e2710fc: 1827 ms
Input: 5000000,
Cold Start: false
Unique ID: 05afcb77-ea81-415b-890f-1a537b72b2dd,
Billed Duration for Request 05afcb77-ea81-415b-890f-1a537b72b2dd: 1847 ms
Input: 5000000,
Cold Start: false
Unique ID: 1b8ec10d-8680-4c2e-bb48-dff2353e7e1a,
Billed Duration for Request 1b8ec10d-8680-4c2e-bb48-dff2353e7e1a: 1792 ms
Input: 5000000,
Cold Start: false
Unique ID: 7baffb22-9769-4d34-a955-8b738a45a559,
Billed Duration for Request 7baffb22-9769-4d34-a955-8b738a45a559: 1779 ms
Input: 5000000,
Cold Start: false
Unique ID: f33df1f1-fac3-48d7-bbf1-30b37200d1cb,
Billed Duration for Request f33df1f1-fac3-48d7-bbf1-30b37200d1cb: 1815 ms
Input: 5000000,
Cold Start: false
Unique ID: c0696c9f-292e-41ec-aa07-b5f86e383e23,
Billed Duration for Request c0696c9f-292e-41ec-aa07-b5f86e383e23: 1907 ms
Input: 5000000,
Cold Start: false
Unique ID: 9968b550-f232-4a34-81af-3f1603b8cdfa,
Billed Duration for Request 9968b550-f232-4a34-81af-3f1603b8cdfa: 1776 ms
Input: 5000000,
Cold Start: false
Unique ID: 829c531a-6e11-4afe-898f-cb6a2c3bba64,
Billed Duration for Request 829c531a-6e11-4afe-898f-cb6a2c3bba64: 1821 ms
Input: 5000000,
Cold Start: false
Unique ID: 3aa2671b-e224-4c91-9b67-7d53d7196ba0,
Billed Duration for Request 3aa2671b-e224-4c91-9b67-7d53d7196ba0: 1830 ms
Input: 5000000,
Cold Start: false
Unique ID: b22862b4-2c4b-4913-ad5f-37e14c51c655,
Billed Duration for Request b22862b4-2c4b-4913-ad5f-37e14c51c655: 1815 ms
Input: 5000000,
Cold Start: false
Unique ID: cc89080b-6550-4893-a062-39d6cd3a8c7b,
Billed Duration for Request cc89080b-6550-4893-a062-39d6cd3a8c7b: 1778 ms
Input: 5000000,
Cold Start: false
Unique ID: 609c8af2-02b2-4f72-b32d-8e50d0f4e7c2,
Billed Duration for Request 609c8af2-02b2-4f72-b32d-8e50d0f4e7c2: 1836 ms
Input: 5000000,
Cold Start: false
Unique ID: e138db55-cbd1-4e0a-ab3a-3f92eeede24c,
Billed Duration for Request e138db55-cbd1-4e0a-ab3a-3f92eeede24c: 1811 ms
Input: 5000000,
Cold Start: false
Unique ID: 186fd009-c48e-446c-adcf-6b02c1b2ee0e,
Billed Duration for Request 186fd009-c48e-446c-adcf-6b02c1b2ee0e: 1802 ms
Input: 5000000,
Cold Start: false
Unique ID: ca1a8654-cb42-4e2c-acea-257d78d85756,
Billed Duration for Request ca1a8654-cb42-4e2c-acea-257d78d85756: 1819 ms
Input: 5000000,
Cold Start: false
Unique ID: a5750a24-6c19-4322-a962-627373aa982a,
Billed Duration for Request a5750a24-6c19-4322-a962-627373aa982a: 1754 ms
Input: 5000000,
Cold Start: false
Unique ID: 91a059f2-8c18-47e6-bc27-30e995b39228,
Billed Duration for Request 91a059f2-8c18-47e6-bc27-30e995b39228: 1759 ms
Input: 5000000,
Cold Start: false
Unique ID: 250ae9df-03be-4a0e-bdb8-49d3a382ae80,
Billed Duration for Request 250ae9df-03be-4a0e-bdb8-49d3a382ae80: 1893 ms
Input: 5000000,
Cold Start: false
Unique ID: 585f9086-ff71-40e0-9fb9-5ca2f0421c59,
Billed Duration for Request 585f9086-ff71-40e0-9fb9-5ca2f0421c59: 1850 ms
Input: 5000000,
Cold Start: false
Unique ID: 37834d77-bf14-46a9-9ff5-0d2dd061c974,
Billed Duration for Request 37834d77-bf14-46a9-9ff5-0d2dd061c974: 1833 ms
Input: 5000000,
Cold Start: false
Unique ID: ab514cae-7fd1-459d-9c71-244574e06ba6,
Billed Duration for Request ab514cae-7fd1-459d-9c71-244574e06ba6: 1800 ms
Input: 5000000,
Cold Start: false
Unique ID: 0556a22f-c5a1-4fdd-8f23-9572a0075f58,
Billed Duration for Request 0556a22f-c5a1-4fdd-8f23-9572a0075f58: 1831 ms
Input: 5000000,
Cold Start: false
Unique ID: cd6d1e83-5a91-40d7-ab44-9bacdecf42c5,
Billed Duration for Request cd6d1e83-5a91-40d7-ab44-9bacdecf42c5: 1839 ms
Input: 5000000,
Cold Start: false
Unique ID: efa77447-e0e2-41a1-9245-220be71876f8,
Billed Duration for Request efa77447-e0e2-41a1-9245-220be71876f8: 1784 ms
Input: 5000000,
Cold Start: false
Unique ID: 72ae5df9-01f1-49aa-9b57-8f237893f93c,
Billed Duration for Request 72ae5df9-01f1-49aa-9b57-8f237893f93c: 1800 ms
Input: 5000000,
Cold Start: false
Unique ID: ac0ee232-3271-4718-83d1-b9ab9170f571,
Billed Duration for Request ac0ee232-3271-4718-83d1-b9ab9170f571: 1759 ms
Input: 5000000,
Cold Start: false
Unique ID: 45fe2e08-32a6-46d0-b644-c6ca8a1b7502,
Billed Duration for Request 45fe2e08-32a6-46d0-b644-c6ca8a1b7502: 1794 ms
Input: 5000000,
Cold Start: false
Unique ID: 05b08693-3a29-400d-aba5-e50ae339af20,
Billed Duration for Request 05b08693-3a29-400d-aba5-e50ae339af20: 1904 ms
Input: 5000000,
Cold Start: false
Unique ID: 0ce4ec9e-fee4-43d7-a86b-652998c1faf1,
Billed Duration for Request 0ce4ec9e-fee4-43d7-a86b-652998c1faf1: 1822 ms
Input: 5000000,
Cold Start: false
Unique ID: 3c26064c-bf63-42f1-9447-4eec1137e3ad,
Billed Duration for Request 3c26064c-bf63-42f1-9447-4eec1137e3ad: 1808 ms
Input: 5000000,
Cold Start: false
Unique ID: f7e781f8-7af7-4bc3-81e7-fbc11720ac52,
Billed Duration for Request f7e781f8-7af7-4bc3-81e7-fbc11720ac52: 1824 ms
Input: 5000000,
Cold Start: false
Unique ID: 9f5d0618-3fc9-4b1b-a3c6-af4667f9357b,
Billed Duration for Request 9f5d0618-3fc9-4b1b-a3c6-af4667f9357b: 1825 ms
Input: 5000000,
Cold Start: false
Unique ID: f675d38a-19d3-4282-8bff-4df82f241705,
Billed Duration for Request f675d38a-19d3-4282-8bff-4df82f241705: 1847 ms
Input: 5000000,
Cold Start: false
Unique ID: 9d15daed-dac3-436b-989b-717b6f8742b3,
Billed Duration for Request 9d15daed-dac3-436b-989b-717b6f8742b3: 1751 ms
Input: 5000000,
Cold Start: false
Unique ID: ba409e38-6832-4099-ad45-4e9a6906d3b4,
Billed Duration for Request ba409e38-6832-4099-ad45-4e9a6906d3b4: 1817 ms
Input: 5000000,
Cold Start: false
Unique ID: 8b3aea5b-47e7-4ded-9edf-48ea9c0aa5ca,
Billed Duration for Request 8b3aea5b-47e7-4ded-9edf-48ea9c0aa5ca: 1873 ms
Input: 5000000,
Cold Start: false
Unique ID: 1ea518cf-b584-4270-8a7a-37f94a109abe,
Billed Duration for Request 1ea518cf-b584-4270-8a7a-37f94a109abe: 1809 ms
Input: 5000000,
Cold Start: false
Unique ID: af24573a-a787-4fbe-8bff-a256ecb090ac,
Billed Duration for Request af24573a-a787-4fbe-8bff-a256ecb090ac: 1779 ms
Input: 5000000,
Cold Start: false
Unique ID: 064642ef-b0ca-480a-8cfa-819fb6c4b2e7,
Billed Duration for Request 064642ef-b0ca-480a-8cfa-819fb6c4b2e7: 1826 ms
Input: 5000000,
Cold Start: false
Unique ID: 419874ac-a57d-4ac7-ab19-b1ea65fb913b,
Billed Duration for Request 419874ac-a57d-4ac7-ab19-b1ea65fb913b: 1803 ms
Input: 5000000,
Cold Start: false
Unique ID: 9e102cd1-62d9-4147-b298-074033a8c286,
Billed Duration for Request 9e102cd1-62d9-4147-b298-074033a8c286: 1831 ms
Input: 5000000,
Cold Start: false
Unique ID: 79dac701-36b5-4704-96cf-f1c517d5ff90,
Billed Duration for Request 79dac701-36b5-4704-96cf-f1c517d5ff90: 1794 ms
Input: 5000000,
Cold Start: false
Unique ID: 64e21db0-e600-425c-a80d-f124a5d3396e,
Billed Duration for Request 64e21db0-e600-425c-a80d-f124a5d3396e: 1835 ms
Input: 5000000,
Cold Start: false
Unique ID: 7278ec6a-92c3-4d27-858f-fc1058b372a1,
Billed Duration for Request 7278ec6a-92c3-4d27-858f-fc1058b372a1: 1782 ms
Input: 5000000,
Cold Start: false
Unique ID: cdfd41f9-8b83-4a29-9b9b-5eae797606cb,
Billed Duration for Request cdfd41f9-8b83-4a29-9b9b-5eae797606cb: 1862 ms
Input: 5000000,
Cold Start: false
Unique ID: 309efcc0-5513-4904-b372-0eacfb86392e,
Billed Duration for Request 309efcc0-5513-4904-b372-0eacfb86392e: 1855 ms
Input: 5000000,
Cold Start: false
Unique ID: 3a023f26-df5b-44c3-b676-742dc2ebadc7,
Billed Duration for Request 3a023f26-df5b-44c3-b676-742dc2ebadc7: 1806 ms
Input: 5000000,
Cold Start: false
Unique ID: 40521701-65af-4e17-aa9a-100b02641915,
Billed Duration for Request 40521701-65af-4e17-aa9a-100b02641915: 1768 ms
Input: 5000000,
Cold Start: false
Unique ID: fff26b06-f8c3-48ff-a96f-c1c3cc0d40b2,
Billed Duration for Request fff26b06-f8c3-48ff-a96f-c1c3cc0d40b2: 1801 ms
Input: 5000000,
Cold Start: false
Unique ID: 77564872-1a96-4637-b455-22868c2ed830,
Billed Duration for Request 77564872-1a96-4637-b455-22868c2ed830: 1852 ms
Input: 5000000,
Cold Start: false
Unique ID: 9575e6e6-657f-4da2-b8e7-35bfa0ae9b0b,
Billed Duration for Request 9575e6e6-657f-4da2-b8e7-35bfa0ae9b0b: 1820 ms
Input: 5000000,
Cold Start: false
Unique ID: 0b2dcbd1-4c3c-449f-b213-a8a2f0ff3a1c,
Billed Duration for Request 0b2dcbd1-4c3c-449f-b213-a8a2f0ff3a1c: 1878 ms
Input: 5000000,
Cold Start: false
Unique ID: 41c0af67-cc27-457e-afe5-60b755d4d1b7,
Billed Duration for Request 41c0af67-cc27-457e-afe5-60b755d4d1b7: 1819 ms
Input: 5000000,
Cold Start: false
Unique ID: 236cd287-390d-4d32-8d62-13deac02b3d2,
Billed Duration for Request 236cd287-390d-4d32-8d62-13deac02b3d2: 1786 ms
Input: 5000000,
Cold Start: false
Unique ID: 733aff64-4529-4466-8cf1-e3cfd12bbcb7,
Billed Duration for Request 733aff64-4529-4466-8cf1-e3cfd12bbcb7: 1869 ms
Input: 5000000,
Cold Start: false
Unique ID: 52ce3034-77f9-441c-9e3c-723bcc0bc150,
Billed Duration for Request 52ce3034-77f9-441c-9e3c-723bcc0bc150: 1820 ms
Input: 5000000,
Cold Start: false
Unique ID: f34ee39a-dbdb-47a2-9b0d-f2f14177a6a3,
Billed Duration for Request f34ee39a-dbdb-47a2-9b0d-f2f14177a6a3: 1815 ms
Input: 5000000,
Cold Start: false
Unique ID: 7fefbd1e-f1e4-4ea9-835c-066d51068556,
Billed Duration for Request 7fefbd1e-f1e4-4ea9-835c-066d51068556: 1776 ms
Input: 5000000,
Cold Start: false
Unique ID: f8f35da9-0275-4913-bf4b-f8534eded832,
Billed Duration for Request f8f35da9-0275-4913-bf4b-f8534eded832: 1827 ms
Input: 5000000,
Cold Start: false
Unique ID: 74934bcf-772d-41f9-be20-f34def169904,
Billed Duration for Request 74934bcf-772d-41f9-be20-f34def169904: 1848 ms
Input: 5000000,
Cold Start: false
Unique ID: 61b67c72-1585-4f00-b72d-0e4d22c26230,
Billed Duration for Request 61b67c72-1585-4f00-b72d-0e4d22c26230: 1835 ms
Input: 5000000,
Cold Start: false
Unique ID: a5090193-05a1-40bd-98cf-de0cf7279c6e,
Billed Duration for Request a5090193-05a1-40bd-98cf-de0cf7279c6e: 1795 ms
Input: 5000000,
Cold Start: false
Unique ID: b23eef08-6488-4264-b595-f0f6356c5414,
Billed Duration for Request b23eef08-6488-4264-b595-f0f6356c5414: 1847 ms
Input: 5000000,
Cold Start: false
Unique ID: b49301aa-fec1-49be-9ef3-80a34f055563,
Billed Duration for Request b49301aa-fec1-49be-9ef3-80a34f055563: 1847 ms
Input: 5000000,
Cold Start: false
Unique ID: 878e3494-e75f-4aa4-a7b0-bd79217519a3,
Billed Duration for Request 878e3494-e75f-4aa4-a7b0-bd79217519a3: 1820 ms
Input: 5000000,
Cold Start: false
Unique ID: f200efa1-e9b2-4955-a6da-440eac730d7b,
Billed Duration for Request f200efa1-e9b2-4955-a6da-440eac730d7b: 1799 ms
Input: 5000000,
Cold Start: false
Unique ID: b9653a57-42df-4a78-b1c1-2eb122554799,
Billed Duration for Request b9653a57-42df-4a78-b1c1-2eb122554799: 1768 ms
Input: 5000000,
Cold Start: false
Unique ID: d63d0711-96ee-4c5b-b4c2-7d4ee70d45d7,
Billed Duration for Request d63d0711-96ee-4c5b-b4c2-7d4ee70d45d7: 1893 ms
Input: 5000000,
Cold Start: false
Unique ID: a8e7aa8e-7a15-4ad5-bd9f-caca75a32fb8,
Billed Duration for Request a8e7aa8e-7a15-4ad5-bd9f-caca75a32fb8: 1841 ms
Input: 5000000,
Cold Start: false
Unique ID: 17ff228c-7511-4d54-a0f6-956eec8dbbcc,
Billed Duration for Request 17ff228c-7511-4d54-a0f6-956eec8dbbcc: 1834 ms
Input: 5000000,
Cold Start: false
Unique ID: 2ab39e1e-ac0c-4f5b-9f7c-20b8d986ef0b,
Billed Duration for Request 2ab39e1e-ac0c-4f5b-9f7c-20b8d986ef0b: 1795 ms
Input: 5000000,
Cold Start: false
Unique ID: df31038b-ad64-4e4c-9517-7baf68076dd4,
Billed Duration for Request df31038b-ad64-4e4c-9517-7baf68076dd4: 1863 ms
Input: 5000000,
Cold Start: false
Unique ID: 74a05254-2f07-44e3-8afe-ec816e4cfabb,
Billed Duration for Request 74a05254-2f07-44e3-8afe-ec816e4cfabb: 1854 ms
Input: 5000000,
Cold Start: false
Unique ID: f41ba969-51c0-4bd6-8ce1-cf5a955225c1,
Billed Duration for Request f41ba969-51c0-4bd6-8ce1-cf5a955225c1: 1778 ms
Input: 5000000,
Cold Start: false
Unique ID: 207537aa-5c46-42ac-8fc2-f6df5f4e5c95,
Billed Duration for Request 207537aa-5c46-42ac-8fc2-f6df5f4e5c95: 1810 ms
Input: 5000000,
Cold Start: false
Unique ID: 867638d7-456e-4c61-a99e-f6b959ab93c8,
Billed Duration for Request 867638d7-456e-4c61-a99e-f6b959ab93c8: 1794 ms
Input: 5000000,
Cold Start: false
Unique ID: 122c4c75-2898-4e7f-a339-2e83a80fdc27,
Billed Duration for Request 122c4c75-2898-4e7f-a339-2e83a80fdc27: 1888 ms
Input: 5000000,
Cold Start: false
Unique ID: ccea8780-c834-4063-938b-962828890f35,
Billed Duration for Request ccea8780-c834-4063-938b-962828890f35: 1781 ms
Input: 5000000,
Cold Start: false
Unique ID: e981101b-3dc8-4e4f-b741-b52cf0a9d7aa,
Billed Duration for Request e981101b-3dc8-4e4f-b741-b52cf0a9d7aa: 1803 ms
Input: 5000000,
Cold Start: false
Unique ID: 646ae611-4b0b-49a2-a1ad-671c2f396009,
Billed Duration for Request 646ae611-4b0b-49a2-a1ad-671c2f396009: 1848 ms
Input: 5000000,
Cold Start: false
Unique ID: 98cc5024-f1f6-4bfe-8cff-aaaac721ff49,
Billed Duration for Request 98cc5024-f1f6-4bfe-8cff-aaaac721ff49: 1826 ms
Input: 5000000,
Cold Start: false
Unique ID: c15a8b51-47ab-46d7-b623-1350e5a7966a,
Billed Duration for Request c15a8b51-47ab-46d7-b623-1350e5a7966a: 1849 ms
Input: 5000000,
Cold Start: false
Unique ID: 61de6eeb-f50c-4cf4-b8f4-4d1e80991cf9,
Billed Duration for Request 61de6eeb-f50c-4cf4-b8f4-4d1e80991cf9: 1833 ms
Input: 5000000,
Cold Start: false
Unique ID: cda866c6-ae00-4c0c-8483-35e6159237df,
Billed Duration for Request cda866c6-ae00-4c0c-8483-35e6159237df: 1759 ms
Input: 5000000,
Cold Start: false
Unique ID: ef683e71-5b4f-4d3b-873d-4b4eb31bf639,
Billed Duration for Request ef683e71-5b4f-4d3b-873d-4b4eb31bf639: 1889 ms
Input: 5000000,
Cold Start: false
Unique ID: 5fe4a60a-b1cb-4814-a1c3-79a85498e87e,
Billed Duration for Request 5fe4a60a-b1cb-4814-a1c3-79a85498e87e: 1820 ms
Input: 5000000,
Cold Start: false
Unique ID: 5d1ebc12-1bf2-4a87-980d-92360cd37fa0,
Billed Duration for Request 5d1ebc12-1bf2-4a87-980d-92360cd37fa0: 1807 ms
Input: 5000000,
Cold Start: false
Unique ID: 89378c91-736c-4ff6-8b7f-7fc0bad624c9,
Billed Duration for Request 89378c91-736c-4ff6-8b7f-7fc0bad624c9: 1783 ms
Input: 5000000,
Cold Start: false
