Unique ID: 146f26727519aa8a680bea284b6a7864,
Execution Time for Trace ID 146f26727519aa8a680bea284b6a7864: 1451 ms
Input: 5000000,
Cold Start: false
Unique ID: 8aae0d541b08a991fe7de36fa197d1dd,
Execution Time for Trace ID 8aae0d541b08a991fe7de36fa197d1dd: 1472 ms
Input: 5000000,
Cold Start: false
Unique ID: a44ebd99a7602fe8947549433b14acc6,
Execution Time for Trace ID a44ebd99a7602fe8947549433b14acc6: 1465 ms
Input: 5000000,
Cold Start: false
Unique ID: ce6647c7db19267d5d805a9a732a3c76,
Execution Time for Trace ID ce6647c7db19267d5d805a9a732a3c76: 1562 ms
Input: 5000000,
Cold Start: false
Unique ID: 2109e8daf6f8efde408d4bd0778a49f9,
Execution Time for Trace ID 2109e8daf6f8efde408d4bd0778a49f9: 1561 ms
Input: 5000000,
Cold Start: false
Unique ID: c8a32d584606b590582829e6ef0755dd,
Execution Time for Trace ID c8a32d584606b590582829e6ef0755dd: 651 ms
Input: 5000000,
Cold Start: true
Unique ID: 46aa2677200f6bf50380432555e9b8e3,
Execution Time for Trace ID 46aa2677200f6bf50380432555e9b8e3: 690 ms
Input: 5000000,
Cold Start: true
Unique ID: 4e159296950f5dc51ba6e590bb850ddc,
Execution Time for Trace ID 4e159296950f5dc51ba6e590bb850ddc: 1568 ms
Input: 5000000,
Cold Start: false
Unique ID: 462984f5aab4dcc71c56e40203840f9f,
Execution Time for Trace ID 462984f5aab4dcc71c56e40203840f9f: 1609 ms
Input: 5000000,
Cold Start: false
Unique ID: 43e0710a3c42c54f8729ff0b9fe8f971,
Execution Time for Trace ID 43e0710a3c42c54f8729ff0b9fe8f971: 1517 ms
Input: 5000000,
Cold Start: false
Unique ID: b075ce641a3d66ec1c2f3278fd7cdbc8,
Execution Time for Trace ID b075ce641a3d66ec1c2f3278fd7cdbc8: 1429 ms
Input: 5000000,
Cold Start: false
Unique ID: 125244bbc61fad863fdf1a1114c4dd5c,
Execution Time for Trace ID 125244bbc61fad863fdf1a1114c4dd5c: 1538 ms
Input: 5000000,
Cold Start: false
Unique ID: e5bca413f8246af48011169743800d57,
Execution Time for Trace ID e5bca413f8246af48011169743800d57: 1072 ms
Input: 5000000,
Cold Start: false
Unique ID: 3b379efdda637f3dd1ea0f99fe85d44f,
Execution Time for Trace ID 3b379efdda637f3dd1ea0f99fe85d44f: 1635 ms
Input: 5000000,
Cold Start: false
Unique ID: 360f8cc3c837e3b1ddf1f5c7da199fd0,
Execution Time for Trace ID 360f8cc3c837e3b1ddf1f5c7da199fd0: 1668 ms
Input: 5000000,
Cold Start: false
Unique ID: e786f0661fb4fb394c52848039027d2a,
Execution Time for Trace ID e786f0661fb4fb394c52848039027d2a: 1665 ms
Input: 5000000,
Cold Start: false
Unique ID: a100160f08cda8545080e50714a154f3,
Execution Time for Trace ID a100160f08cda8545080e50714a154f3: 1678 ms
Input: 5000000,
Cold Start: false
Unique ID: 1ffad2ca167e3ab37cd9926a235efe38,
Execution Time for Trace ID 1ffad2ca167e3ab37cd9926a235efe38: 1893 ms
Input: 5000000,
Cold Start: false
Unique ID: 2a8896ad5c7b3f0e4dd444bdcb226ce4,
Execution Time for Trace ID 2a8896ad5c7b3f0e4dd444bdcb226ce4: 2017 ms
Input: 5000000,
Cold Start: false
Unique ID: abc7794080b3a615d1799fcf9a0cd6b2,
Execution Time for Trace ID abc7794080b3a615d1799fcf9a0cd6b2: 2254 ms
Input: 5000000,
Cold Start: true
Unique ID: bedf8a46f8bc2330dc39148ccf43d7da,
Execution Time for Trace ID bedf8a46f8bc2330dc39148ccf43d7da: 2049 ms
Input: 5000000,
Cold Start: false
Unique ID: d8be426d5106b706d65745a9f498fa52,
Execution Time for Trace ID d8be426d5106b706d65745a9f498fa52: 1982 ms
Input: 5000000,
Cold Start: true
Unique ID: 47cf8b72b25e405038e911b2af2cb421,
Execution Time for Trace ID 47cf8b72b25e405038e911b2af2cb421: 1494 ms
Input: 5000000,
Cold Start: false
Unique ID: f4a7416b2c1deda86b42ba2c1e5a1dc2,
Execution Time for Trace ID f4a7416b2c1deda86b42ba2c1e5a1dc2: 2283 ms
Input: 5000000,
Cold Start: false
Unique ID: 379442a5912bbd651ed49fc2b1b3163e,
Execution Time for Trace ID 379442a5912bbd651ed49fc2b1b3163e: 2070 ms
Input: 5000000,
Cold Start: false
Unique ID: c9e3724304ca2ed83c1c346a9cb726b9,
Execution Time for Trace ID c9e3724304ca2ed83c1c346a9cb726b9: 2111 ms
Input: 5000000,
Cold Start: false
Unique ID: 7050d9c79bd2a735265c471936b05375,
Execution Time for Trace ID 7050d9c79bd2a735265c471936b05375: 2456 ms
Input: 5000000,
Cold Start: true
Unique ID: f257932ed81185bc9a64d633ad9ee42e,
Execution Time for Trace ID f257932ed81185bc9a64d633ad9ee42e: 2535 ms
Input: 5000000,
Cold Start: true
Unique ID: c3838f1bc0018daf13e1a9967313734a,
Execution Time for Trace ID c3838f1bc0018daf13e1a9967313734a: 1847 ms
Input: 5000000,
Cold Start: true
Unique ID: a2c7906afa16a4754e84ed28d6b77a69,
Execution Time for Trace ID a2c7906afa16a4754e84ed28d6b77a69: 1415 ms
Input: 5000000,
Cold Start: false
Unique ID: e32fdfaf6cd176e6d6be63ca32cd1a2d,
Execution Time for Trace ID e32fdfaf6cd176e6d6be63ca32cd1a2d: 1724 ms
Input: 5000000,
Cold Start: false
Unique ID: f63bcfae12e1151a376e22e2e884574a,
Execution Time for Trace ID f63bcfae12e1151a376e22e2e884574a: 1627 ms
Input: 5000000,
Cold Start: false
Unique ID: 5ec97bb3cbabe79edd9e2df44c07fa30,
Execution Time for Trace ID 5ec97bb3cbabe79edd9e2df44c07fa30: 2291 ms
Input: 5000000,
Cold Start: true
Unique ID: 1f30147d208cb68d4eb806c5c627ccab,
Execution Time for Trace ID 1f30147d208cb68d4eb806c5c627ccab: 1496 ms
Input: 5000000,
Cold Start: false
Unique ID: f1b54dbe2abae58ede121f190cecc3ba,
Execution Time for Trace ID f1b54dbe2abae58ede121f190cecc3ba: 1639 ms
Input: 5000000,
Cold Start: false
Unique ID: 93038c51b14716f7e8d4ee8a533a81cf,
Execution Time for Trace ID 93038c51b14716f7e8d4ee8a533a81cf: 1482 ms
Input: 5000000,
Cold Start: false
Unique ID: 2cc7eb2f71a63b929eb621214a4595e8,
Execution Time for Trace ID 2cc7eb2f71a63b929eb621214a4595e8: 1680 ms
Input: 5000000,
Cold Start: false
Unique ID: 44265981e319751b25233a9674208f92,
Execution Time for Trace ID 44265981e319751b25233a9674208f92: 2179 ms
Input: 5000000,
Cold Start: true
Unique ID: 9b826530e7d0cf7ffce71b5f5dd4fe2e,
Execution Time for Trace ID 9b826530e7d0cf7ffce71b5f5dd4fe2e: 2253 ms
Input: 5000000,
Cold Start: true
Unique ID: 8fdc6690316000e09c71f419be20427f,
Execution Time for Trace ID 8fdc6690316000e09c71f419be20427f: 1682 ms
Input: 5000000,
Cold Start: false
Unique ID: bd7f1a2fa33ed5e77512252221d3a422,
Execution Time for Trace ID bd7f1a2fa33ed5e77512252221d3a422: 1326 ms
Input: 5000000,
Cold Start: false
Unique ID: b38319b2e6d6a009c157eba0f77b31c3,
Execution Time for Trace ID b38319b2e6d6a009c157eba0f77b31c3: 1651 ms
Input: 5000000,
Cold Start: false
Unique ID: 1024d27293d03aa94e82528800cbb723,
Execution Time for Trace ID 1024d27293d03aa94e82528800cbb723: 1896 ms
Input: 5000000,
Cold Start: false
Unique ID: 247876fde8f8faa9a240735ca160286b,
Execution Time for Trace ID 247876fde8f8faa9a240735ca160286b: 2050 ms
Input: 5000000,
Cold Start: false
Unique ID: 1f4c560d887fce0a39f3a6a6a663cec8,
Execution Time for Trace ID 1f4c560d887fce0a39f3a6a6a663cec8: 2083 ms
Input: 5000000,
Cold Start: false
Unique ID: c413a0099abd2116d9074786923a0775,
Execution Time for Trace ID c413a0099abd2116d9074786923a0775: 1373 ms
Input: 5000000,
Cold Start: false
Unique ID: ac389e1cee1363a1d483ba059736a2ab,
Execution Time for Trace ID ac389e1cee1363a1d483ba059736a2ab: 1820 ms
Input: 5000000,
Cold Start: false
Unique ID: 39d86726af6e2712b5a4f709f25ab09a,
Execution Time for Trace ID 39d86726af6e2712b5a4f709f25ab09a: 1815 ms
Input: 5000000,
Cold Start: false
Unique ID: cf13ace6fcb460eefee7199c10efcc0f,
Execution Time for Trace ID cf13ace6fcb460eefee7199c10efcc0f: 2055 ms
Input: 5000000,
Cold Start: false
Unique ID: 823bfa29bc29c966fcbeb35cee9ffd05,
Execution Time for Trace ID 823bfa29bc29c966fcbeb35cee9ffd05: 2105 ms
Input: 5000000,
Cold Start: false
Unique ID: 8926e236590a2bbf6a0ed127d75f7010,
Execution Time for Trace ID 8926e236590a2bbf6a0ed127d75f7010: 1466 ms
Input: 5000000,
Cold Start: false
Unique ID: ebd653ec4e5044511b0959dfa3d11258,
Execution Time for Trace ID ebd653ec4e5044511b0959dfa3d11258: 1448 ms
Input: 5000000,
Cold Start: false
Unique ID: 87ed1ac839a2efa60dfa690374dd5005,
Execution Time for Trace ID 87ed1ac839a2efa60dfa690374dd5005: 1959 ms
Input: 5000000,
Cold Start: false
Unique ID: ec46aa60c30d33adbd658dccd31bc767,
Execution Time for Trace ID ec46aa60c30d33adbd658dccd31bc767: 1942 ms
Input: 5000000,
Cold Start: false
Unique ID: 977d2e61fa4556b86720af25191c1242,
Execution Time for Trace ID 977d2e61fa4556b86720af25191c1242: 1394 ms
Input: 5000000,
Cold Start: false
Unique ID: ff230d84fcf3967164e23c4b37fbaed2,
Execution Time for Trace ID ff230d84fcf3967164e23c4b37fbaed2: 1741 ms
Input: 5000000,
Cold Start: true
Unique ID: 656856fabb29ecb09db3e49a439e55f1,
Execution Time for Trace ID 656856fabb29ecb09db3e49a439e55f1: 1445 ms
Input: 5000000,
Cold Start: false
Unique ID: 7ff0367b02f32c314f49be4370d19b91,
Execution Time for Trace ID 7ff0367b02f32c314f49be4370d19b91: 2235 ms
Input: 5000000,
Cold Start: false
Unique ID: 84e1099951e6d0265f9db5bded1089d8,
Execution Time for Trace ID 84e1099951e6d0265f9db5bded1089d8: 2294 ms
Input: 5000000,
Cold Start: false
Unique ID: 80d75da54561ee8fad8cf27e0d6299aa,
Execution Time for Trace ID 80d75da54561ee8fad8cf27e0d6299aa: 2190 ms
Input: 5000000,
Cold Start: false
Unique ID: 688633c1e34f01e12a423a9334ca3c58,
Execution Time for Trace ID 688633c1e34f01e12a423a9334ca3c58: 1344 ms
Input: 5000000,
Cold Start: false
Unique ID: c2dcad0a9aa4e340decfdd74015200f8,
Execution Time for Trace ID c2dcad0a9aa4e340decfdd74015200f8: 1419 ms
Input: 5000000,
Cold Start: false
Unique ID: 5b52878a75b23fa0adef4439005270a4,
Execution Time for Trace ID 5b52878a75b23fa0adef4439005270a4: 2051 ms
Input: 5000000,
Cold Start: false
Unique ID: 8744d5db97efe5bb02ca3a2c6fde6a63,
Execution Time for Trace ID 8744d5db97efe5bb02ca3a2c6fde6a63: 2286 ms
Input: 5000000,
Cold Start: false
Unique ID: 53fd5bb70c2d8e126ad2b6aca40ac3da,
Execution Time for Trace ID 53fd5bb70c2d8e126ad2b6aca40ac3da: 1350 ms
Input: 5000000,
Cold Start: false
Unique ID: 630699e89fde240566d72b3481867bd3,
Execution Time for Trace ID 630699e89fde240566d72b3481867bd3: 2550 ms
Input: 5000000,
Cold Start: true
Unique ID: 8aa687921289f5688d9967b5d969bbb4,
Execution Time for Trace ID 8aa687921289f5688d9967b5d969bbb4: 1552 ms
Input: 5000000,
Cold Start: false
Unique ID: e34fe3d7f7c9d0990b776a57ea48f9cb,
Execution Time for Trace ID e34fe3d7f7c9d0990b776a57ea48f9cb: 1528 ms
Input: 5000000,
Cold Start: false
Unique ID: 06bbd0b9074b2fdafb89354aa6b40bf5,
Execution Time for Trace ID 06bbd0b9074b2fdafb89354aa6b40bf5: 1428 ms
Input: 5000000,
Cold Start: false
Unique ID: f2b37285693427365cf6276dae6085cd,
Execution Time for Trace ID f2b37285693427365cf6276dae6085cd: 1788 ms
Input: 5000000,
Cold Start: false
Unique ID: 7daa6430f60d84b85930781ea5b4c277,
Execution Time for Trace ID 7daa6430f60d84b85930781ea5b4c277: 779 ms
Input: 5000000,
Cold Start: false
Unique ID: 1b55c8235b377cf29defdbb117891d73,
Execution Time for Trace ID 1b55c8235b377cf29defdbb117891d73: 1456 ms
Input: 5000000,
Cold Start: false
Unique ID: 94c31296e547d6c55f3572f3d5a3572c,
Execution Time for Trace ID 94c31296e547d6c55f3572f3d5a3572c: 1599 ms
Input: 5000000,
Cold Start: false
Unique ID: 425b66a366fef9bc2d1eaecab6609e9e,
Execution Time for Trace ID 425b66a366fef9bc2d1eaecab6609e9e: 1883 ms
Input: 5000000,
Cold Start: false
Unique ID: 010324850a85f7ca4c7034358968c626,
Execution Time for Trace ID 010324850a85f7ca4c7034358968c626: 1848 ms
Input: 5000000,
Cold Start: false
Unique ID: 69d93703f5d87b770ad2d7ef1afbe02f,
Execution Time for Trace ID 69d93703f5d87b770ad2d7ef1afbe02f: 534 ms
Input: 5000000,
Cold Start: false
Unique ID: bae207139fb19bcc042b5d66fd615c45,
Execution Time for Trace ID bae207139fb19bcc042b5d66fd615c45: 1574 ms
Input: 5000000,
Cold Start: false
Unique ID: 4ce70a83dfe8b126b49495fa4da05fd4,
Execution Time for Trace ID 4ce70a83dfe8b126b49495fa4da05fd4: 1801 ms
Input: 5000000,
Cold Start: false
Unique ID: ea58c0cd8a1cbd06d8e84d90069bcc17,
Execution Time for Trace ID ea58c0cd8a1cbd06d8e84d90069bcc17: 1758 ms
Input: 5000000,
Cold Start: false
Unique ID: 60f545a81d0516cfb7495e4f22c0cb74,
Execution Time for Trace ID 60f545a81d0516cfb7495e4f22c0cb74: 1906 ms
Input: 5000000,
Cold Start: false
Unique ID: 5cd2ebb37063d075232677f3dac2a5eb,
Execution Time for Trace ID 5cd2ebb37063d075232677f3dac2a5eb: 2545 ms
Input: 5000000,
Cold Start: false
Unique ID: d95246d6bbbfa78d3e82b9163233afb6,
Execution Time for Trace ID d95246d6bbbfa78d3e82b9163233afb6: 1628 ms
Input: 5000000,
Cold Start: false
Unique ID: 5fe4a4740700ab9eb94a6aa3049a63b6,
Execution Time for Trace ID 5fe4a4740700ab9eb94a6aa3049a63b6: 1783 ms
Input: 5000000,
Cold Start: false
Unique ID: 3e1887c476bc14b1d20ca94c8646530f,
Execution Time for Trace ID 3e1887c476bc14b1d20ca94c8646530f: 1937 ms
Input: 5000000,
Cold Start: false
Unique ID: c6fc140707c0b0937ddf19a86dbaeac7,
Execution Time for Trace ID c6fc140707c0b0937ddf19a86dbaeac7: 1977 ms
Input: 5000000,
Cold Start: false
Unique ID: b0485445f16c5455f4f471ed38cae834,
Execution Time for Trace ID b0485445f16c5455f4f471ed38cae834: 1709 ms
Input: 5000000,
Cold Start: false
Unique ID: cdedc7b0849e9682093b64f597bcdba4,
Execution Time for Trace ID cdedc7b0849e9682093b64f597bcdba4: 1687 ms
Input: 5000000,
Cold Start: false
Unique ID: 845815a286373fe3b20a0f4a16750c95,
Execution Time for Trace ID 845815a286373fe3b20a0f4a16750c95: 1808 ms
Input: 5000000,
Cold Start: false
Unique ID: b3f99f859ca86cff895b0ed174cff94d,
Execution Time for Trace ID b3f99f859ca86cff895b0ed174cff94d: 1862 ms
Input: 5000000,
Cold Start: false
Unique ID: 55e726045b9c10245d28fc90e9e1e55f,
Execution Time for Trace ID 55e726045b9c10245d28fc90e9e1e55f: 1990 ms
Input: 5000000,
Cold Start: false
Unique ID: 715d931ae30bc0d3b13330cb6af1e875,
Execution Time for Trace ID 715d931ae30bc0d3b13330cb6af1e875: 545 ms
Input: 5000000,
Cold Start: false
Unique ID: 2af5827f70e5a79d49474c969ba024a5,
Execution Time for Trace ID 2af5827f70e5a79d49474c969ba024a5: 1837 ms
Input: 5000000,
Cold Start: false
Unique ID: 8952bb24eed1f4dbae3dd1300c83fc4d,
Execution Time for Trace ID 8952bb24eed1f4dbae3dd1300c83fc4d: 1754 ms
Input: 5000000,
Cold Start: false
Unique ID: ed6df1183154a28d0bbd1a49994d9d8d,
Execution Time for Trace ID ed6df1183154a28d0bbd1a49994d9d8d: 1823 ms
Input: 5000000,
Cold Start: false
Unique ID: 5e917a90f9eeb33315a2ce235b77f7c6,
Execution Time for Trace ID 5e917a90f9eeb33315a2ce235b77f7c6: 1842 ms
Input: 5000000,
Cold Start: false
Unique ID: 59fac31e49336606586968583190da73,
Execution Time for Trace ID 59fac31e49336606586968583190da73: 2078 ms
Input: 5000000,
Cold Start: false
Unique ID: f1a4d95739888516ced75f7f8d5c369b,
Execution Time for Trace ID f1a4d95739888516ced75f7f8d5c369b: 1285 ms
Input: 5000000,
Cold Start: false
Unique ID: 2281dcd36d9a9c31b65a65f258d7214c,
Execution Time for Trace ID 2281dcd36d9a9c31b65a65f258d7214c: 1409 ms
Input: 5000000,
Cold Start: false
Unique ID: f04079e26168c1892b10ff6dece85b9f,
Execution Time for Trace ID f04079e26168c1892b10ff6dece85b9f: 1759 ms
Input: 5000000,
Cold Start: false
Unique ID: 61d1aa701ad0ba18ae3dd1300c83fa89,
Execution Time for Trace ID 61d1aa701ad0ba18ae3dd1300c83fa89: 1804 ms
Input: 5000000,
Cold Start: false
Unique ID: 81f594260ba287d96a3b1593d203626f,
Execution Time for Trace ID 81f594260ba287d96a3b1593d203626f: 1451 ms
Input: 5000000,
Cold Start: false
Unique ID: 2513826253f9b509a398a1f9697798ba,
Execution Time for Trace ID 2513826253f9b509a398a1f9697798ba: 1449 ms
Input: 5000000,
Cold Start: false
Unique ID: b91b83f1771e1b46eb64aeb5cd19f306,
Execution Time for Trace ID b91b83f1771e1b46eb64aeb5cd19f306: 1409 ms
Input: 5000000,
Cold Start: false
Unique ID: 7eec124c7fa58f041a7d5f0abb51cd1c,
Execution Time for Trace ID 7eec124c7fa58f041a7d5f0abb51cd1c: 1481 ms
Input: 5000000,
Cold Start: false
Unique ID: b20aae119e3e92c5a3e635df8f488bdc,
Execution Time for Trace ID b20aae119e3e92c5a3e635df8f488bdc: 1473 ms
Input: 5000000,
Cold Start: false
Unique ID: 6e657ab715fa007150449b5f365c8281,
Execution Time for Trace ID 6e657ab715fa007150449b5f365c8281: 1590 ms
Input: 5000000,
Cold Start: false
Unique ID: 436a78ec7ab3ec3a3e542049a56cb6cb,
Execution Time for Trace ID 436a78ec7ab3ec3a3e542049a56cb6cb: 1506 ms
Input: 5000000,
Cold Start: false
Unique ID: 11bb9ae01cbe26c952206412c5127699,
Execution Time for Trace ID 11bb9ae01cbe26c952206412c5127699: 1692 ms
Input: 5000000,
Cold Start: false
Unique ID: 9ebb5ebe775c4676a03f56905df19f47,
Execution Time for Trace ID 9ebb5ebe775c4676a03f56905df19f47: 1862 ms
Input: 5000000,
Cold Start: false
Unique ID: 46913526b7c37fa7116786683bf2dbbd,
Execution Time for Trace ID 46913526b7c37fa7116786683bf2dbbd: 1993 ms
Input: 5000000,
Cold Start: false
Unique ID: 0ec68b115c9a06f4daea3fc2e4fc5fef,
Execution Time for Trace ID 0ec68b115c9a06f4daea3fc2e4fc5fef: 1473 ms
Input: 5000000,
Cold Start: false
Unique ID: 7341ac45bbd4ec4e7a2481169226485d,
Execution Time for Trace ID 7341ac45bbd4ec4e7a2481169226485d: 1473 ms
Input: 5000000,
Cold Start: false
Unique ID: aced0e7a65ea7ab481a8b7bdd494c13a,
Execution Time for Trace ID aced0e7a65ea7ab481a8b7bdd494c13a: 1470 ms
Input: 5000000,
Cold Start: false
Unique ID: c7e1e0059cf9cf873033caed1c82ba83,
Execution Time for Trace ID c7e1e0059cf9cf873033caed1c82ba83: 1628 ms
Input: 5000000,
Cold Start: false
Unique ID: 466c9b7d6c61ed19194a271a7d1976f1,
Execution Time for Trace ID 466c9b7d6c61ed19194a271a7d1976f1: 1565 ms
Input: 5000000,
Cold Start: false
Unique ID: d73e22f57dba32dc4fd8a7c6976e8cfd,
Execution Time for Trace ID d73e22f57dba32dc4fd8a7c6976e8cfd: 1522 ms
Input: 5000000,
Cold Start: false
Unique ID: 535cf704459a73b0b936a4a68bc8c386,
Execution Time for Trace ID 535cf704459a73b0b936a4a68bc8c386: 1509 ms
Input: 5000000,
Cold Start: false
Unique ID: 2f51e491b2563afc892daf0fffbaa0f2,
Execution Time for Trace ID 2f51e491b2563afc892daf0fffbaa0f2: 1460 ms
Input: 5000000,
Cold Start: false
Unique ID: 678235f081bdc2977776559a477e2395,
Execution Time for Trace ID 678235f081bdc2977776559a477e2395: 1910 ms
Input: 5000000,
Cold Start: false
Unique ID: 74801bebbd2574606326a826e63c60d4,
Execution Time for Trace ID 74801bebbd2574606326a826e63c60d4: 1817 ms
Input: 5000000,
Cold Start: false
Unique ID: bd75883e32a6d86b0027ce747ca90661,
Execution Time for Trace ID bd75883e32a6d86b0027ce747ca90661: 1374 ms
Input: 5000000,
Cold Start: false
Unique ID: f818b2bd92c7bcff13643bd6d7cd49f4,
Execution Time for Trace ID f818b2bd92c7bcff13643bd6d7cd49f4: 1588 ms
Input: 5000000,
Cold Start: false
Unique ID: 8ccb253918133ae5ff95c109f8861f0c,
Execution Time for Trace ID 8ccb253918133ae5ff95c109f8861f0c: 1489 ms
Input: 5000000,
Cold Start: false
Unique ID: 8878b714ed43a224c7be5c749bf9819f,
Execution Time for Trace ID 8878b714ed43a224c7be5c749bf9819f: 1429 ms
Input: 5000000,
Cold Start: false
Unique ID: 8945dd10ec9320fa9e736bac8185cb7e,
Execution Time for Trace ID 8945dd10ec9320fa9e736bac8185cb7e: 1964 ms
Input: 5000000,
Cold Start: true
Unique ID: b903b5c17687022211ea7e2130e6890a,
Execution Time for Trace ID b903b5c17687022211ea7e2130e6890a: 1320 ms
Input: 5000000,
Cold Start: false
Unique ID: bd837bf31d11ac7904e4c0a1ee88eadc,
Execution Time for Trace ID bd837bf31d11ac7904e4c0a1ee88eadc: 1422 ms
Input: 5000000,
Cold Start: false
Unique ID: def2b57dee4f4140397b96f53c3d28e8,
Execution Time for Trace ID def2b57dee4f4140397b96f53c3d28e8: 1399 ms
Input: 5000000,
Cold Start: false
Unique ID: 7c934ba66ecdd74551b5d0efdbc78db4,
Execution Time for Trace ID 7c934ba66ecdd74551b5d0efdbc78db4: 2062 ms
Input: 5000000,
Cold Start: false
Unique ID: b53e72d24efd0e3cab8ef8e89053cdd2,
Execution Time for Trace ID b53e72d24efd0e3cab8ef8e89053cdd2: 1958 ms
Input: 5000000,
Cold Start: false
Unique ID: 0433ea96cacbd36b13643bd6d7cd4270,
Execution Time for Trace ID 0433ea96cacbd36b13643bd6d7cd4270: 1459 ms
Input: 5000000,
Cold Start: false
Unique ID: 7c3b41823f5cd84ad9ae398ae6daa0d2,
Execution Time for Trace ID 7c3b41823f5cd84ad9ae398ae6daa0d2: 1563 ms
Input: 5000000,
Cold Start: false
Unique ID: c0f86c1b0bbce4b0aa50342faa688cd0,
Execution Time for Trace ID c0f86c1b0bbce4b0aa50342faa688cd0: 1426 ms
Input: 5000000,
Cold Start: false
Unique ID: d50e7ed03d9cc6945b7b12b8c980037f,
Execution Time for Trace ID d50e7ed03d9cc6945b7b12b8c980037f: 1571 ms
Input: 5000000,
Cold Start: false
Unique ID: 130bb0949c00c2d988c3b7b4463ea0e2,
Execution Time for Trace ID 130bb0949c00c2d988c3b7b4463ea0e2: 1603 ms
Input: 5000000,
Cold Start: false
Unique ID: e212eec2c4a2c5a85b7472571d674d63,
Execution Time for Trace ID e212eec2c4a2c5a85b7472571d674d63: 1333 ms
Input: 5000000,
Cold Start: false
Unique ID: e5c622ceae9d2f8a53e4cbee0c0de77f,
Execution Time for Trace ID e5c622ceae9d2f8a53e4cbee0c0de77f: 1616 ms
Input: 5000000,
Cold Start: false
Unique ID: 8be167902bbe2552c4bf83ac16bacfc1,
Execution Time for Trace ID 8be167902bbe2552c4bf83ac16bacfc1: 1595 ms
Input: 5000000,
Cold Start: false
Unique ID: 1ed3ba0aa2b24ad0aa913fe38fec1480,
Execution Time for Trace ID 1ed3ba0aa2b24ad0aa913fe38fec1480: 1555 ms
Input: 5000000,
Cold Start: false
Unique ID: 7e9260de110fabd6382739d525d94e95,
Execution Time for Trace ID 7e9260de110fabd6382739d525d94e95: 1909 ms
Input: 5000000,
Cold Start: true
Unique ID: 7cbb863952c8db56d3decaa1e99a5dbe,
Execution Time for Trace ID 7cbb863952c8db56d3decaa1e99a5dbe: 1363 ms
Input: 5000000,
Cold Start: false
Unique ID: 5a982594f32e83b0d75a76ec10a6098e,
Execution Time for Trace ID 5a982594f32e83b0d75a76ec10a6098e: 1532 ms
Input: 5000000,
Cold Start: false
Unique ID: 881153a20914522e81578ed8d9960520,
Execution Time for Trace ID 881153a20914522e81578ed8d9960520: 1564 ms
Input: 5000000,
Cold Start: false
Unique ID: 43fc6f17c1dcd92dcc17c995c296438e,
Execution Time for Trace ID 43fc6f17c1dcd92dcc17c995c296438e: 1501 ms
Input: 5000000,
Cold Start: false
Unique ID: 64eb41915672d9aa104933114d6471be,
Execution Time for Trace ID 64eb41915672d9aa104933114d6471be: 1635 ms
Input: 5000000,
Cold Start: false
Unique ID: a925bd4563e994fb3b8b70760d46c314,
Execution Time for Trace ID a925bd4563e994fb3b8b70760d46c314: 1395 ms
Input: 5000000,
Cold Start: false
Unique ID: aa243d7d0c5af2b91a94837325b48e01,
Execution Time for Trace ID aa243d7d0c5af2b91a94837325b48e01: 1462 ms
Input: 5000000,
Cold Start: false
Unique ID: 99c13ad2dc8186fbb7e71631927b4167,
Execution Time for Trace ID 99c13ad2dc8186fbb7e71631927b4167: 1429 ms
Input: 5000000,
Cold Start: false
Unique ID: 7212864a2fa12e1020e75da663c1e275,
Execution Time for Trace ID 7212864a2fa12e1020e75da663c1e275: 1414 ms
Input: 5000000,
Cold Start: false
Unique ID: 6392c957ef9679acb4f55ca16bbf9771,
Execution Time for Trace ID 6392c957ef9679acb4f55ca16bbf9771: 1460 ms
Input: 5000000,
Cold Start: false
Unique ID: b2ef04e6625330ccd3cd82c78223c5ff,
Execution Time for Trace ID b2ef04e6625330ccd3cd82c78223c5ff: 1470 ms
Input: 5000000,
Cold Start: false
Unique ID: b088eba1207a89da4567657021e2d2a5,
Execution Time for Trace ID b088eba1207a89da4567657021e2d2a5: 512 ms
Input: 5000000,
Cold Start: false
Unique ID: 1a3db37fdcaae50bdcc90c068d262b29,
Execution Time for Trace ID 1a3db37fdcaae50bdcc90c068d262b29: 1484 ms
Input: 5000000,
Cold Start: false
Unique ID: a294d06c28c69fc4c96965e6a2c301f4,
Execution Time for Trace ID a294d06c28c69fc4c96965e6a2c301f4: 1452 ms
Input: 5000000,
Cold Start: false
Unique ID: ba9dfaa596fd9a27d33a454967cd5d12,
Execution Time for Trace ID ba9dfaa596fd9a27d33a454967cd5d12: 1710 ms
Input: 5000000,
Cold Start: false
Unique ID: ef2ed7ea8c4bc70aaa3e9b7f01f2f357,
Execution Time for Trace ID ef2ed7ea8c4bc70aaa3e9b7f01f2f357: 1664 ms
Input: 5000000,
Cold Start: false
Unique ID: b46f1341776e480653c5ff9c93b12713,
Execution Time for Trace ID b46f1341776e480653c5ff9c93b12713: 1256 ms
Input: 5000000,
Cold Start: false
Unique ID: 110600ca49fe6c7e1058a1ff055bdfde,
Execution Time for Trace ID 110600ca49fe6c7e1058a1ff055bdfde: 1513 ms
Input: 5000000,
Cold Start: false
Unique ID: b63c4510d3db12f9cabc049ed4f4d9c2,
Execution Time for Trace ID b63c4510d3db12f9cabc049ed4f4d9c2: 1372 ms
Input: 5000000,
Cold Start: false
Unique ID: cf7dda08cc1af939ab316ea9f5479212,
Execution Time for Trace ID cf7dda08cc1af939ab316ea9f5479212: 1740 ms
Input: 5000000,
Cold Start: false
Unique ID: af5f517f32c798255a4c69bc642a880c,
Execution Time for Trace ID af5f517f32c798255a4c69bc642a880c: 1474 ms
Input: 5000000,
Cold Start: false
Unique ID: 7b62e6207404288ff81c42a092698d6c,
Execution Time for Trace ID 7b62e6207404288ff81c42a092698d6c: 1438 ms
Input: 5000000,
Cold Start: false
Unique ID: d8c852dd9a6c1ad62258c2a0a45043e5,
Execution Time for Trace ID d8c852dd9a6c1ad62258c2a0a45043e5: 1483 ms
Input: 5000000,
Cold Start: false
Unique ID: 3a19425dee725a44fa028c6ceae395f6,
Execution Time for Trace ID 3a19425dee725a44fa028c6ceae395f6: 1461 ms
Input: 5000000,
Cold Start: false
Unique ID: ce1e80e80a753ad51690618933da2417,
Execution Time for Trace ID ce1e80e80a753ad51690618933da2417: 1559 ms
Input: 5000000,
Cold Start: false
Unique ID: 6d12786f0ef3cfbb9e72951998b3e5b5,
Execution Time for Trace ID 6d12786f0ef3cfbb9e72951998b3e5b5: 1358 ms
Input: 5000000,
Cold Start: false
Unique ID: 2c90ed6c52b5940c5879f418a9c78316,
Execution Time for Trace ID 2c90ed6c52b5940c5879f418a9c78316: 1458 ms
Input: 5000000,
Cold Start: false
Unique ID: 66a58f6ea3ce9aaac0f129b37d3807d6,
Execution Time for Trace ID 66a58f6ea3ce9aaac0f129b37d3807d6: 1445 ms
Input: 5000000,
Cold Start: false
Unique ID: 86538cb0bc868a6a8c10fa76e9fc4124,
Execution Time for Trace ID 86538cb0bc868a6a8c10fa76e9fc4124: 1412 ms
Input: 5000000,
Cold Start: false
Unique ID: 93e42ca48d7f34397dd8ffa764500df3,
Execution Time for Trace ID 93e42ca48d7f34397dd8ffa764500df3: 881 ms
Input: 5000000,
Cold Start: false
Unique ID: 9f00a987d2ec9017f60bd000c51da63d,
Execution Time for Trace ID 9f00a987d2ec9017f60bd000c51da63d: 1562 ms
Input: 5000000,
Cold Start: true
Unique ID: ef237c2472a3f3c2dee98f7bdb85d741,
Execution Time for Trace ID ef237c2472a3f3c2dee98f7bdb85d741: 1387 ms
Input: 5000000,
Cold Start: false
Unique ID: eba261a60a685abe62c25bf45e8aea9c,
Execution Time for Trace ID eba261a60a685abe62c25bf45e8aea9c: 1459 ms
Input: 5000000,
Cold Start: false
Unique ID: de08c815f087e4de3c3dab8d03ba4876,
Execution Time for Trace ID de08c815f087e4de3c3dab8d03ba4876: 1424 ms
Input: 5000000,
Cold Start: false
Unique ID: 4874fc0cf887790c0d2add91e6d9c635,
Execution Time for Trace ID 4874fc0cf887790c0d2add91e6d9c635: 1377 ms
Input: 5000000,
Cold Start: false
Unique ID: 865c9c865d37b8fc6cf0dd6f1eaeba29,
Execution Time for Trace ID 865c9c865d37b8fc6cf0dd6f1eaeba29: 1486 ms
Input: 5000000,
Cold Start: false
Unique ID: 3332aa9e3ff30961d60f70bb859c8996,
Execution Time for Trace ID 3332aa9e3ff30961d60f70bb859c8996: 1464 ms
Input: 5000000,
Cold Start: false
Unique ID: 7874bda16662de0975de6c172f9d6238,
Execution Time for Trace ID 7874bda16662de0975de6c172f9d6238: 1552 ms
Input: 5000000,
Cold Start: false
Unique ID: 50841a1fdb990af7e3d9f8dc43da6a45,
Execution Time for Trace ID 50841a1fdb990af7e3d9f8dc43da6a45: 1447 ms
Input: 5000000,
Cold Start: false
Unique ID: e33bc77a126f9749ab2f141cb60f661f,
Execution Time for Trace ID e33bc77a126f9749ab2f141cb60f661f: 1516 ms
Input: 5000000,
Cold Start: false
Unique ID: ca4bd37c07ba0fa683d2d39303c7a865,
Execution Time for Trace ID ca4bd37c07ba0fa683d2d39303c7a865: 1475 ms
Input: 5000000,
Cold Start: false
Unique ID: 6e7f5cdbfc8aa30d4e9b7d34f4c60cb3,
Execution Time for Trace ID 6e7f5cdbfc8aa30d4e9b7d34f4c60cb3: 1462 ms
Input: 5000000,
Cold Start: false
Unique ID: 17669e4b23ab261eb05b165187709ac4,
Execution Time for Trace ID 17669e4b23ab261eb05b165187709ac4: 1391 ms
Input: 5000000,
Cold Start: false
Unique ID: 3dd078993782699fe928218ef6526a94,
Execution Time for Trace ID 3dd078993782699fe928218ef6526a94: 1467 ms
Input: 5000000,
Cold Start: false
Unique ID: 84616f90ff2a6e7ffece7d9615559cee,
Execution Time for Trace ID 84616f90ff2a6e7ffece7d9615559cee: 1554 ms
Input: 5000000,
Cold Start: false
Unique ID: 7538049587fb612f011d59a30b998409,
Execution Time for Trace ID 7538049587fb612f011d59a30b998409: 1385 ms
Input: 5000000,
Cold Start: false
Unique ID: d7cd52fab9651ed8c706468167462cee,
Execution Time for Trace ID d7cd52fab9651ed8c706468167462cee: 1455 ms
Input: 5000000,
Cold Start: false
Unique ID: 3eb6ad70bdebf9322980a08ca46e1a34,
Execution Time for Trace ID 3eb6ad70bdebf9322980a08ca46e1a34: 1252 ms
Input: 5000000,
Cold Start: false
Unique ID: 76f0410f88f482176b1f2acc94bcc8f3,
Execution Time for Trace ID 76f0410f88f482176b1f2acc94bcc8f3: 1366 ms
Input: 5000000,
Cold Start: false
Unique ID: f34ab3cd09ed46d9ae6d47be4b935e2f,
Execution Time for Trace ID f34ab3cd09ed46d9ae6d47be4b935e2f: 1423 ms
Input: 5000000,
Cold Start: false
Unique ID: c9dc12cd576ce232beddfcd81ddee228,
Execution Time for Trace ID c9dc12cd576ce232beddfcd81ddee228: 1308 ms
Input: 5000000,
Cold Start: false
Unique ID: 8ea220f02be0ecb168d42d72ec419201,
Execution Time for Trace ID 8ea220f02be0ecb168d42d72ec419201: 1585 ms
Input: 5000000,
Cold Start: false
Unique ID: e45706bbc72446ca148b4296c5e49ecd,
Execution Time for Trace ID e45706bbc72446ca148b4296c5e49ecd: 1421 ms
Input: 5000000,
Cold Start: false
Unique ID: 337984990b033069ed228f0cb42a34da,
Execution Time for Trace ID 337984990b033069ed228f0cb42a34da: 1574 ms
Input: 5000000,
Cold Start: false
Unique ID: a239289df5b2837d89a364e2dc9f0681,
Execution Time for Trace ID a239289df5b2837d89a364e2dc9f0681: 1534 ms
Input: 5000000,
Cold Start: false
Unique ID: 4f78456e81864d1ae4485a72e5b456fd,
Execution Time for Trace ID 4f78456e81864d1ae4485a72e5b456fd: 1417 ms
Input: 5000000,
Cold Start: false
Unique ID: 9283149a89b36cf40b371aa56b859bdd,
Execution Time for Trace ID 9283149a89b36cf40b371aa56b859bdd: 1307 ms
Input: 5000000,
Cold Start: false
Unique ID: e0ceda52d15389730c4553e7a933577b,
Execution Time for Trace ID e0ceda52d15389730c4553e7a933577b: 1381 ms
Input: 5000000,
Cold Start: false
Unique ID: 383711f8e9092c504aa7cb79a3977e11,
Execution Time for Trace ID 383711f8e9092c504aa7cb79a3977e11: 1499 ms
Input: 5000000,
Cold Start: false
Unique ID: f901aa450f7731621eaf97fd42c2fb39,
Execution Time for Trace ID f901aa450f7731621eaf97fd42c2fb39: 1350 ms
Input: 5000000,
Cold Start: false
Unique ID: 4b4acd7e775ad8022d0d2ac43b943043,
Execution Time for Trace ID 4b4acd7e775ad8022d0d2ac43b943043: 1553 ms
Input: 5000000,
Cold Start: false
Unique ID: a45cb809e5b90b002bbc6f8d3bc47ea9,
Execution Time for Trace ID a45cb809e5b90b002bbc6f8d3bc47ea9: 1697 ms
Input: 5000000,
Cold Start: false
Unique ID: fbd679a8c08e01347e439b78f6bcac34,
Execution Time for Trace ID fbd679a8c08e01347e439b78f6bcac34: 1567 ms
Input: 5000000,
Cold Start: false
Unique ID: 04f33febc9329d54d685aff3c68b6b47,
Execution Time for Trace ID 04f33febc9329d54d685aff3c68b6b47: 1445 ms
Input: 5000000,
Cold Start: false
Unique ID: 931450eb0a180a954bcb1e801d51981b,
Execution Time for Trace ID 931450eb0a180a954bcb1e801d51981b: 1400 ms
Input: 5000000,
Cold Start: false
Unique ID: 06c1df2c6e009e639410323792dc60f4,
Execution Time for Trace ID 06c1df2c6e009e639410323792dc60f4: 2367 ms
Input: 5000000,
Cold Start: false
Unique ID: a95292e035a76ec15ea5aa24eca53476,
Execution Time for Trace ID a95292e035a76ec15ea5aa24eca53476: 1443 ms
Input: 5000000,
Cold Start: false
Unique ID: 172d1d9b55d4f09885b5580806339c23,
Execution Time for Trace ID 172d1d9b55d4f09885b5580806339c23: 2504 ms
Input: 5000000,
Cold Start: false
Unique ID: b1b530fbe95522e7f3809af97e7d0f03,
Execution Time for Trace ID b1b530fbe95522e7f3809af97e7d0f03: 1678 ms
Input: 5000000,
Cold Start: false
Unique ID: f644f16ba1984f31f37eecc70eaa7c68,
Execution Time for Trace ID f644f16ba1984f31f37eecc70eaa7c68: 1713 ms
Input: 5000000,
Cold Start: false
Unique ID: 1312ef1e85c4c0cbf69e514590635f1a,
Execution Time for Trace ID 1312ef1e85c4c0cbf69e514590635f1a: 1473 ms
Input: 5000000,
Cold Start: false
Unique ID: 812474d4bfb892576439719ca525c7ac,
Execution Time for Trace ID 812474d4bfb892576439719ca525c7ac: 1577 ms
Input: 5000000,
Cold Start: false
Unique ID: dbd4f60e3cac2adcd4d2ca8ddc333061,
Execution Time for Trace ID dbd4f60e3cac2adcd4d2ca8ddc333061: 1477 ms
Input: 5000000,
Cold Start: false
Unique ID: 7ee9819c6460a79e84ccdf1207344854,
Execution Time for Trace ID 7ee9819c6460a79e84ccdf1207344854: 1550 ms
Input: 5000000,
Cold Start: false
Unique ID: ce2a79af146d45d7c679d87c3c52ba29,
Execution Time for Trace ID ce2a79af146d45d7c679d87c3c52ba29: 1645 ms
Input: 5000000,
Cold Start: false
Unique ID: b23673b65576e2be1c1739d5499e7a96,
Execution Time for Trace ID b23673b65576e2be1c1739d5499e7a96: 1492 ms
Input: 5000000,
Cold Start: false
Unique ID: 85262c0cd83714a8e6935c949634303d,
Execution Time for Trace ID 85262c0cd83714a8e6935c949634303d: 1354 ms
Input: 5000000,
Cold Start: false
Unique ID: db77d108eacf8323911a8f61e0a3bd2c,
Execution Time for Trace ID db77d108eacf8323911a8f61e0a3bd2c: 1611 ms
Input: 5000000,
Cold Start: false
Unique ID: 4c7f25c86ae0ab74ca611410f6e9548e,
Execution Time for Trace ID 4c7f25c86ae0ab74ca611410f6e9548e: 1885 ms
Input: 5000000,
Cold Start: false
Unique ID: eff47dee394f75a7132c6fd0f2729576,
Execution Time for Trace ID eff47dee394f75a7132c6fd0f2729576: 1981 ms
Input: 5000000,
Cold Start: false
Unique ID: 0eb6f2a3152a3780a4e61e0faf55e214,
Execution Time for Trace ID 0eb6f2a3152a3780a4e61e0faf55e214: 1349 ms
Input: 5000000,
Cold Start: false
Unique ID: 3c139b0232b765b2b0895ea0524dd7bf,
Execution Time for Trace ID 3c139b0232b765b2b0895ea0524dd7bf: 1356 ms
Input: 5000000,
Cold Start: false
Unique ID: 9d183f5084d91064165c273e23bba432,
Execution Time for Trace ID 9d183f5084d91064165c273e23bba432: 1440 ms
Input: 5000000,
Cold Start: false
Unique ID: 7e0f327dda10664756260ef1b9eed8c3,
Execution Time for Trace ID 7e0f327dda10664756260ef1b9eed8c3: 1549 ms
Input: 5000000,
Cold Start: false
Unique ID: 110ab9a7fd4693ca0a4f5b2580ec5766,
Execution Time for Trace ID 110ab9a7fd4693ca0a4f5b2580ec5766: 1802 ms
Input: 5000000,
Cold Start: false
Unique ID: 2b91ca9d8f41eedf1009382069b4889a,
Execution Time for Trace ID 2b91ca9d8f41eedf1009382069b4889a: 1393 ms
Input: 5000000,
Cold Start: false
Unique ID: b4d7d65978bcdaac36e43f03dbfa40ae,
Execution Time for Trace ID b4d7d65978bcdaac36e43f03dbfa40ae: 1408 ms
Input: 5000000,
Cold Start: false
Unique ID: a850999300751c0c34abcccebed39e54,
Execution Time for Trace ID a850999300751c0c34abcccebed39e54: 1772 ms
Input: 5000000,
Cold Start: false
Unique ID: 45bc2e79b1adb61b73380f720b80a1af,
Execution Time for Trace ID 45bc2e79b1adb61b73380f720b80a1af: 1806 ms
Input: 5000000,
Cold Start: false
Unique ID: 593552deee919e3ea614b18aced5574a,
Execution Time for Trace ID 593552deee919e3ea614b18aced5574a: 2167 ms
Input: 5000000,
Cold Start: false
Unique ID: 40964a0049c0cb8b065e68004946433f,
Execution Time for Trace ID 40964a0049c0cb8b065e68004946433f: 1516 ms
Input: 5000000,
Cold Start: false
Unique ID: a0261d7d5390b55facbd53c1b90b2693,
Execution Time for Trace ID a0261d7d5390b55facbd53c1b90b2693: 1462 ms
Input: 5000000,
Cold Start: false
Unique ID: dc4508d9901c1ba7ccc53c91650368fb,
Execution Time for Trace ID dc4508d9901c1ba7ccc53c91650368fb: 1557 ms
Input: 5000000,
Cold Start: false
Unique ID: d47b0a092df901aba89ab6b46fe2ef34,
Execution Time for Trace ID d47b0a092df901aba89ab6b46fe2ef34: 1900 ms
Input: 5000000,
Cold Start: false
Unique ID: a4d88c4ba07f616667dbedbc65c7307e,
Execution Time for Trace ID a4d88c4ba07f616667dbedbc65c7307e: 1756 ms
Input: 5000000,
Cold Start: false
Unique ID: b1734dad6a9800c4b795864f0eaf69d8,
Execution Time for Trace ID b1734dad6a9800c4b795864f0eaf69d8: 1349 ms
Input: 5000000,
Cold Start: false
Unique ID: 76d0f098d1fd6f9fcd5c4fb267ddc2cb,
Execution Time for Trace ID 76d0f098d1fd6f9fcd5c4fb267ddc2cb: 1510 ms
Input: 5000000,
Cold Start: false
Unique ID: 6e288ab31b5591aa8cb3048044c1a837,
Execution Time for Trace ID 6e288ab31b5591aa8cb3048044c1a837: 1451 ms
Input: 5000000,
Cold Start: false
Unique ID: 52d6b0a3b4f26614587c7c9a39e790a0,
Execution Time for Trace ID 52d6b0a3b4f26614587c7c9a39e790a0: 1492 ms
Input: 5000000,
Cold Start: false
Unique ID: e7d14b5df87975bd88887d031a265ee7,
Execution Time for Trace ID e7d14b5df87975bd88887d031a265ee7: 1604 ms
Input: 5000000,
Cold Start: false
Unique ID: 8a4608f56f002316cb90e54dd48571c7,
Execution Time for Trace ID 8a4608f56f002316cb90e54dd48571c7: 1512 ms
Input: 5000000,
Cold Start: false
Unique ID: 1ba2a73d60f9afe048f7d376abb4a86d,
Execution Time for Trace ID 1ba2a73d60f9afe048f7d376abb4a86d: 1608 ms
Input: 5000000,
Cold Start: false
Unique ID: c0788ba386b5bc3d1bf492bb4bf1c302,
Execution Time for Trace ID c0788ba386b5bc3d1bf492bb4bf1c302: 1451 ms
Input: 5000000,
Cold Start: false
Unique ID: 8d8271874582b2ce2df2a17b98d3304a,
Execution Time for Trace ID 8d8271874582b2ce2df2a17b98d3304a: 1532 ms
Input: 5000000,
Cold Start: false
Unique ID: 75ab1d5b27fb29afec7fbd796d1407fc,
Execution Time for Trace ID 75ab1d5b27fb29afec7fbd796d1407fc: 1760 ms
Input: 5000000,
Cold Start: false
Unique ID: 3ad54422c446861fc4f8c195f632930a,
Execution Time for Trace ID 3ad54422c446861fc4f8c195f632930a: 1343 ms
Input: 5000000,
Cold Start: false
Unique ID: 906f992ab6c4b65a0fdf6bc7b76c2272,
Execution Time for Trace ID 906f992ab6c4b65a0fdf6bc7b76c2272: 1531 ms
Input: 5000000,
Cold Start: false
Unique ID: 6e9995b95fbd05bf05de1ccc87985f32,
Execution Time for Trace ID 6e9995b95fbd05bf05de1ccc87985f32: 1511 ms
Input: 5000000,
Cold Start: false
Unique ID: a42e7205e8a2eec776d5a5fcb355546f,
Execution Time for Trace ID a42e7205e8a2eec776d5a5fcb355546f: 1516 ms
Input: 5000000,
Cold Start: false
Unique ID: 558b342889183acb3a9f357e2c06d700,
Execution Time for Trace ID 558b342889183acb3a9f357e2c06d700: 1634 ms
Input: 5000000,
Cold Start: false
Unique ID: 7b81f66b498ef46e0518c3bf9f6a8280,
Execution Time for Trace ID 7b81f66b498ef46e0518c3bf9f6a8280: 1503 ms
Input: 5000000,
Cold Start: false
Unique ID: deace1b0e2b4102905d3a9091e4efe5d,
Execution Time for Trace ID deace1b0e2b4102905d3a9091e4efe5d: 1514 ms
Input: 5000000,
Cold Start: false
Unique ID: e3c95e879cdf9504fbdb359676f5ac8e,
Execution Time for Trace ID e3c95e879cdf9504fbdb359676f5ac8e: 1614 ms
Input: 5000000,
Cold Start: false
Unique ID: 16844bc6f09e75f7e3a2a2823439402b,
Execution Time for Trace ID 16844bc6f09e75f7e3a2a2823439402b: 1607 ms
Input: 5000000,
Cold Start: false
Unique ID: e2c5066a0df2ace91219662c2034502b,
Execution Time for Trace ID e2c5066a0df2ace91219662c2034502b: 1604 ms
Input: 5000000,
Cold Start: false
Unique ID: 5f60571d8e41567827239d270b67ed19,
Execution Time for Trace ID 5f60571d8e41567827239d270b67ed19: 1335 ms
Input: 5000000,
Cold Start: false
Unique ID: 018e0e81926cd5c4487c04229c2e114c,
Execution Time for Trace ID 018e0e81926cd5c4487c04229c2e114c: 1557 ms
Input: 5000000,
Cold Start: false
Unique ID: 672f048d9144e591a355d33ae43a2ce9,
Execution Time for Trace ID 672f048d9144e591a355d33ae43a2ce9: 1511 ms
Input: 5000000,
Cold Start: false
Unique ID: 89ce7c145db8610e4d5a2c38bc5963f5,
Execution Time for Trace ID 89ce7c145db8610e4d5a2c38bc5963f5: 1709 ms
Input: 5000000,
Cold Start: false
Unique ID: 732f9c69649c155b0041a4c6c4fbeaea,
Execution Time for Trace ID 732f9c69649c155b0041a4c6c4fbeaea: 1792 ms
Input: 5000000,
Cold Start: false
Unique ID: 650861f970d4ead027533d6a57f912aa,
Execution Time for Trace ID 650861f970d4ead027533d6a57f912aa: 1416 ms
Input: 5000000,
Cold Start: false
Unique ID: f989a4e0b5368a2738ddfa7f889c56db,
Execution Time for Trace ID f989a4e0b5368a2738ddfa7f889c56db: 1367 ms
Input: 5000000,
Cold Start: false
Unique ID: ba083768ce260b9dfc5f7479bc3e6b6e,
Execution Time for Trace ID ba083768ce260b9dfc5f7479bc3e6b6e: 1728 ms
Input: 5000000,
Cold Start: false
Unique ID: 2a6bc5dc09510aa5d4c21a7b208f17c3,
Execution Time for Trace ID 2a6bc5dc09510aa5d4c21a7b208f17c3: 2143 ms
Input: 5000000,
Cold Start: true
Unique ID: b433fa7bb6e7200f6fca882694f32c82,
Execution Time for Trace ID b433fa7bb6e7200f6fca882694f32c82: 1803 ms
Input: 5000000,
Cold Start: false
Unique ID: 7534522a79e111b57fe9be32cc662d4a,
Execution Time for Trace ID 7534522a79e111b57fe9be32cc662d4a: 1406 ms
Input: 5000000,
Cold Start: false
Unique ID: 6a77547894aa96aa359c5721803767c2,
Execution Time for Trace ID 6a77547894aa96aa359c5721803767c2: 1639 ms
Input: 5000000,
Cold Start: false
Unique ID: a9fa60aff6509c644c8fd0e3fd01e094,
Execution Time for Trace ID a9fa60aff6509c644c8fd0e3fd01e094: 1612 ms
Input: 5000000,
Cold Start: false
Unique ID: e32f7c9112fa8ffb5a4d000bcfa24342,
Execution Time for Trace ID e32f7c9112fa8ffb5a4d000bcfa24342: 1731 ms
Input: 5000000,
Cold Start: false
Unique ID: b8395aa8e94025e08bcf0c5e519a2ca6,
Execution Time for Trace ID b8395aa8e94025e08bcf0c5e519a2ca6: 1738 ms
Input: 5000000,
Cold Start: false
Unique ID: 1f79ad2803adad049ebfe379222499a5,
Execution Time for Trace ID 1f79ad2803adad049ebfe379222499a5: 1462 ms
Input: 5000000,
Cold Start: false
Unique ID: caaa357a5a891ff8e5497e3405e03470,
Execution Time for Trace ID caaa357a5a891ff8e5497e3405e03470: 1454 ms
Input: 5000000,
Cold Start: false
Unique ID: 462b1217e3f143c440c69602b8084243,
Execution Time for Trace ID 462b1217e3f143c440c69602b8084243: 1504 ms
Input: 5000000,
Cold Start: false
Unique ID: 2bb96d3e6c27479ca79d4083d5bd3d6d,
Execution Time for Trace ID 2bb96d3e6c27479ca79d4083d5bd3d6d: 1676 ms
Input: 5000000,
Cold Start: false
Unique ID: 781bb8772b05f74b82b7898f83b78a1d,
Execution Time for Trace ID 781bb8772b05f74b82b7898f83b78a1d: 1745 ms
Input: 5000000,
Cold Start: false
Unique ID: 7c31fa24a39a8c1d2e147636a949b99b,
Execution Time for Trace ID 7c31fa24a39a8c1d2e147636a949b99b: 1412 ms
Input: 5000000,
Cold Start: false
Unique ID: 15f0204064722d17050f76c283180263,
Execution Time for Trace ID 15f0204064722d17050f76c283180263: 1453 ms
Input: 5000000,
Cold Start: false
Unique ID: 85886a986ac2dcc20821ab173f274c9b,
Execution Time for Trace ID 85886a986ac2dcc20821ab173f274c9b: 1466 ms
Input: 5000000,
Cold Start: false
Unique ID: 850fbf5cb7c0c00b1fc0ab34e91c66bd,
Execution Time for Trace ID 850fbf5cb7c0c00b1fc0ab34e91c66bd: 1529 ms
Input: 5000000,
Cold Start: false
Unique ID: 33c8db5c6935f4a87734922559c51830,
Execution Time for Trace ID 33c8db5c6935f4a87734922559c51830: 1807 ms
Input: 5000000,
Cold Start: true
Unique ID: d582e373dfb243230c6796539e0117da,
Execution Time for Trace ID d582e373dfb243230c6796539e0117da: 1374 ms
Input: 5000000,
Cold Start: false
Unique ID: 16dbaa385a3cec48ea3fed2f856c07b2,
Execution Time for Trace ID 16dbaa385a3cec48ea3fed2f856c07b2: 1384 ms
Input: 5000000,
Cold Start: false
Unique ID: 6d8cef54c578d188a84b14e08aaac7d2,
Execution Time for Trace ID 6d8cef54c578d188a84b14e08aaac7d2: 1357 ms
Input: 5000000,
Cold Start: false
Unique ID: a8e4520c61cbad301266825811dec9ed,
Execution Time for Trace ID a8e4520c61cbad301266825811dec9ed: 1500 ms
Input: 5000000,
Cold Start: false
Unique ID: e82219cdf6809ec24c3fa9f713f32662,
Execution Time for Trace ID e82219cdf6809ec24c3fa9f713f32662: 1509 ms
Input: 5000000,
Cold Start: false
Unique ID: 193a59e2891450d7bd739eba390cd7a6,
Execution Time for Trace ID 193a59e2891450d7bd739eba390cd7a6: 1374 ms
Input: 5000000,
Cold Start: false
Unique ID: ee5a6f72aafdc21f01babe9658463dec,
Execution Time for Trace ID ee5a6f72aafdc21f01babe9658463dec: 1359 ms
Input: 5000000,
Cold Start: false
Unique ID: 9a4b8f45a800475465c9ca941099871d,
Execution Time for Trace ID 9a4b8f45a800475465c9ca941099871d: 1482 ms
Input: 5000000,
Cold Start: false
Unique ID: b98406cdb4378f62cea9cedd51503e80,
Execution Time for Trace ID b98406cdb4378f62cea9cedd51503e80: 1606 ms
Input: 5000000,
Cold Start: false
Unique ID: 908fbc062d11a0b0921037276a6fe6b2,
Execution Time for Trace ID 908fbc062d11a0b0921037276a6fe6b2: 1593 ms
Input: 5000000,
Cold Start: false
Unique ID: 55f31ada8cfc86a1291c7e3d3d7fda14,
Execution Time for Trace ID 55f31ada8cfc86a1291c7e3d3d7fda14: 1375 ms
Input: 5000000,
Cold Start: false
Unique ID: e6cafff92dbee5d9320b5f97c5b1bcbf,
Execution Time for Trace ID e6cafff92dbee5d9320b5f97c5b1bcbf: 1405 ms
Input: 5000000,
Cold Start: false
Unique ID: bc45965a22cc90d2a07d74bc14e72446,
Execution Time for Trace ID bc45965a22cc90d2a07d74bc14e72446: 1446 ms
Input: 5000000,
Cold Start: false
Unique ID: 3dc94c572b9055c234602bc879f45561,
Execution Time for Trace ID 3dc94c572b9055c234602bc879f45561: 1580 ms
Input: 5000000,
Cold Start: false
Unique ID: 343eac36c354ed2700ed5b19f2c03c50,
Execution Time for Trace ID 343eac36c354ed2700ed5b19f2c03c50: 1499 ms
Input: 5000000,
Cold Start: false
Unique ID: 590754f1de74424c6b13837ae396bd13,
Execution Time for Trace ID 590754f1de74424c6b13837ae396bd13: 1342 ms
Input: 5000000,
Cold Start: false
Unique ID: 2da019649b9bac69404a2c806bdc79fc,
Execution Time for Trace ID 2da019649b9bac69404a2c806bdc79fc: 1451 ms
Input: 5000000,
Cold Start: false
Unique ID: 3015ec402315f5d57e4c6af01f3edeba,
Execution Time for Trace ID 3015ec402315f5d57e4c6af01f3edeba: 1403 ms
Input: 5000000,
Cold Start: false
Unique ID: acb6a95add4387d77d5130a9638ee973,
Execution Time for Trace ID acb6a95add4387d77d5130a9638ee973: 2020 ms
Input: 5000000,
Cold Start: false
Unique ID: 620500947396d4e21fdd7f26d2afa154,
Execution Time for Trace ID 620500947396d4e21fdd7f26d2afa154: 1987 ms
Input: 5000000,
Cold Start: false
Unique ID: e0333ae38fc26d7776bef5b7a046a6a3,
Execution Time for Trace ID e0333ae38fc26d7776bef5b7a046a6a3: 1471 ms
Input: 5000000,
Cold Start: false
Unique ID: 5fc4119f1b526c3b46e2c07643dd620c,
Execution Time for Trace ID 5fc4119f1b526c3b46e2c07643dd620c: 1689 ms
Input: 5000000,
Cold Start: false
Unique ID: 0e8a0346082e981e43d322efe188a7b2,
Execution Time for Trace ID 0e8a0346082e981e43d322efe188a7b2: 1716 ms
Input: 5000000,
Cold Start: false
Unique ID: 532efbb7f484eb20d8aa13a1bbaded4e,
Execution Time for Trace ID 532efbb7f484eb20d8aa13a1bbaded4e: 1891 ms
Input: 5000000,
Cold Start: false
Unique ID: 02538281b45c8f430b8f1329343c0b5a,
Execution Time for Trace ID 02538281b45c8f430b8f1329343c0b5a: 2227 ms
Input: 5000000,
Cold Start: false
Unique ID: 0c7844e0376dd0111baaa712642dd060,
Execution Time for Trace ID 0c7844e0376dd0111baaa712642dd060: 1527 ms
Input: 5000000,
Cold Start: false
Unique ID: cfd0818331e273e84f90604098baebd3,
Execution Time for Trace ID cfd0818331e273e84f90604098baebd3: 1794 ms
Input: 5000000,
Cold Start: false
Unique ID: 539fd39dc4ccab8438c6e6c2aa55b84e,
Execution Time for Trace ID 539fd39dc4ccab8438c6e6c2aa55b84e: 1820 ms
Input: 5000000,
Cold Start: false
Unique ID: 1ea655c64af956b9c49fff6748337859,
Execution Time for Trace ID 1ea655c64af956b9c49fff6748337859: 1953 ms
Input: 5000000,
Cold Start: false
Unique ID: f460fce9a691b8bc5a7555730db0544c,
Execution Time for Trace ID f460fce9a691b8bc5a7555730db0544c: 2270 ms
Input: 5000000,
Cold Start: false
Unique ID: 4a2a979ee1c00e8b14c113afe83a53dc,
Execution Time for Trace ID 4a2a979ee1c00e8b14c113afe83a53dc: 1492 ms
Input: 5000000,
Cold Start: false
Unique ID: d791f91bf48d1783c1343e0720a9375e,
Execution Time for Trace ID d791f91bf48d1783c1343e0720a9375e: 1512 ms
Input: 5000000,
Cold Start: false
Unique ID: 9db6c008f7182af5f88e6354d5473f7b,
Execution Time for Trace ID 9db6c008f7182af5f88e6354d5473f7b: 1736 ms
Input: 5000000,
Cold Start: false
Unique ID: 88298c9a714517dad20f81b15b062633,
Execution Time for Trace ID 88298c9a714517dad20f81b15b062633: 1885 ms
Input: 5000000,
Cold Start: false
Unique ID: 49048e4693cea7d1ee42479591a6cfd2,
Execution Time for Trace ID 49048e4693cea7d1ee42479591a6cfd2: 1977 ms
Input: 5000000,
Cold Start: false
Unique ID: ef0c91b48bc8242cfa4abe6fe1dd9f6d,
Execution Time for Trace ID ef0c91b48bc8242cfa4abe6fe1dd9f6d: 1368 ms
Input: 5000000,
Cold Start: false
Unique ID: a6af27456d9d465a79e75a8825001f3e,
Execution Time for Trace ID a6af27456d9d465a79e75a8825001f3e: 1537 ms
Input: 5000000,
Cold Start: false
Unique ID: 01b8972fee9bf28afa5e042d310cdb2a,
Execution Time for Trace ID 01b8972fee9bf28afa5e042d310cdb2a: 1536 ms
Input: 5000000,
Cold Start: false
Unique ID: 82000be8822bf9b310298f97dfee0f54,
Execution Time for Trace ID 82000be8822bf9b310298f97dfee0f54: 1531 ms
Input: 5000000,
Cold Start: false
Unique ID: beb417b8ff4d15415e5aa8af6a18398a,
Execution Time for Trace ID beb417b8ff4d15415e5aa8af6a18398a: 1423 ms
Input: 5000000,
Cold Start: false
Unique ID: 38ef874f91f84db27d4468986248a558,
Execution Time for Trace ID 38ef874f91f84db27d4468986248a558: 1276 ms
Input: 5000000,
Cold Start: false
Unique ID: 385440917ff932fae2799ec8b17ce103,
Execution Time for Trace ID 385440917ff932fae2799ec8b17ce103: 1354 ms
Input: 5000000,
Cold Start: false
Unique ID: 419730ffb04efc1b47b6287a1909d1f7,
Execution Time for Trace ID 419730ffb04efc1b47b6287a1909d1f7: 1530 ms
Input: 5000000,
Cold Start: false
Unique ID: 9d824c306bc61c96e1d030bcc98d572c,
Execution Time for Trace ID 9d824c306bc61c96e1d030bcc98d572c: 1586 ms
Input: 5000000,
Cold Start: false
Unique ID: da5b95dc2bad88d431089a3d5874f754,
Execution Time for Trace ID da5b95dc2bad88d431089a3d5874f754: 1640 ms
Input: 5000000,
Cold Start: false
Unique ID: 79a2ff443045309360484ba8fc69243a,
Execution Time for Trace ID 79a2ff443045309360484ba8fc69243a: 1369 ms
Input: 5000000,
Cold Start: false
Unique ID: d8dff639bfa6fdbdd1e278fce428467d,
Execution Time for Trace ID d8dff639bfa6fdbdd1e278fce428467d: 1548 ms
Input: 5000000,
Cold Start: false
Unique ID: 53e5c12a753a1f52dd1022e0d646758a,
Execution Time for Trace ID 53e5c12a753a1f52dd1022e0d646758a: 1617 ms
Input: 5000000,
Cold Start: false
Unique ID: 9b73bcf3c3fbe759f006cf5f70911a44,
Execution Time for Trace ID 9b73bcf3c3fbe759f006cf5f70911a44: 1527 ms
Input: 5000000,
Cold Start: false
Unique ID: b7262c0bf8d74c5daa34e7c7238ade05,
Execution Time for Trace ID b7262c0bf8d74c5daa34e7c7238ade05: 1581 ms
Input: 5000000,
Cold Start: false
Unique ID: d2b937023102c43edbceddb671837130,
Execution Time for Trace ID d2b937023102c43edbceddb671837130: 1351 ms
Input: 5000000,
Cold Start: false
Unique ID: 808c52847502eac2382b1654f37110af,
Execution Time for Trace ID 808c52847502eac2382b1654f37110af: 1431 ms
Input: 5000000,
Cold Start: false
Unique ID: baaef7103e2284a5ed021aa227af8918,
Execution Time for Trace ID baaef7103e2284a5ed021aa227af8918: 1479 ms
Input: 5000000,
Cold Start: false
Unique ID: 430b6e2a8d5a36915c6cc2ee8871f7b2,
Execution Time for Trace ID 430b6e2a8d5a36915c6cc2ee8871f7b2: 1411 ms
Input: 5000000,
Cold Start: false
Unique ID: a41d22cb06e56f085996d0751cacd47f,
Execution Time for Trace ID a41d22cb06e56f085996d0751cacd47f: 1668 ms
Input: 5000000,
Cold Start: false
Unique ID: be2a8c6c53f70d90b3d2ce603f20f115,
Execution Time for Trace ID be2a8c6c53f70d90b3d2ce603f20f115: 1446 ms
Input: 5000000,
Cold Start: false
Unique ID: a57b6db7f8e962b7a80ed17729af7c54,
Execution Time for Trace ID a57b6db7f8e962b7a80ed17729af7c54: 1379 ms
Input: 5000000,
Cold Start: false
Unique ID: a71626c967cfca53ca7bcc71fafcf85a,
Execution Time for Trace ID a71626c967cfca53ca7bcc71fafcf85a: 1617 ms
Input: 5000000,
Cold Start: false
Unique ID: d1f40bb12f9b90894d071735dbe3769c,
Execution Time for Trace ID d1f40bb12f9b90894d071735dbe3769c: 1881 ms
Input: 5000000,
Cold Start: false
Unique ID: f456991f5493cc9e8ed5e9b4c6701ed0,
Execution Time for Trace ID f456991f5493cc9e8ed5e9b4c6701ed0: 1840 ms
Input: 5000000,
Cold Start: false
Unique ID: 64328eae34f556f9d4865620dcad207f,
Execution Time for Trace ID 64328eae34f556f9d4865620dcad207f: 1543 ms
Input: 5000000,
Cold Start: false
Unique ID: f035b48d66fedaea7262afa48e549c58,
Execution Time for Trace ID f035b48d66fedaea7262afa48e549c58: 1522 ms
Input: 5000000,
Cold Start: false
Unique ID: 30ecb9bd13d54ea74df534cc7c1aa460,
Execution Time for Trace ID 30ecb9bd13d54ea74df534cc7c1aa460: 1424 ms
Input: 5000000,
Cold Start: false
Unique ID: 0a781b135b3243ee3d7f39ada689c332,
Execution Time for Trace ID 0a781b135b3243ee3d7f39ada689c332: 812 ms
Input: 5000000,
Cold Start: false
Unique ID: 5b895afaf118ecc99624d1fdcd304874,
Execution Time for Trace ID 5b895afaf118ecc99624d1fdcd304874: 1920 ms
Input: 5000000,
Cold Start: false
Unique ID: c56707f0f1b2b1dd384f0291153bbcf4,
Execution Time for Trace ID c56707f0f1b2b1dd384f0291153bbcf4: 1833 ms
Input: 5000000,
Cold Start: false
Unique ID: 0b8450f9b96ce9be60ef29a55289ba7e,
Execution Time for Trace ID 0b8450f9b96ce9be60ef29a55289ba7e: 1461 ms
Input: 5000000,
Cold Start: false
Unique ID: 31473289eca1b4e14ff55cc19bc68cf6,
Execution Time for Trace ID 31473289eca1b4e14ff55cc19bc68cf6: 1502 ms
Input: 5000000,
Cold Start: false
Unique ID: 2bee62ae246bd46152e405b4c87cbcdb,
Execution Time for Trace ID 2bee62ae246bd46152e405b4c87cbcdb: 2122 ms
Input: 5000000,
Cold Start: false
Unique ID: e57daf9c731bfd601e3296c29c0e03aa,
Execution Time for Trace ID e57daf9c731bfd601e3296c29c0e03aa: 2073 ms
Input: 5000000,
Cold Start: false
Unique ID: 3ce050021b8aec357d73ea82da9288ae,
Execution Time for Trace ID 3ce050021b8aec357d73ea82da9288ae: 1421 ms
Input: 5000000,
Cold Start: false
Unique ID: ded87a551965d0ef13cabf50fd96a7a8,
Execution Time for Trace ID ded87a551965d0ef13cabf50fd96a7a8: 1441 ms
Input: 5000000,
Cold Start: false
Unique ID: 80bc2dde9678bb877a657a01c990e4a5,
Execution Time for Trace ID 80bc2dde9678bb877a657a01c990e4a5: 1384 ms
Input: 5000000,
Cold Start: false
Unique ID: a4e7f976e1dd5eff764f3dd9f868db52,
Execution Time for Trace ID a4e7f976e1dd5eff764f3dd9f868db52: 1526 ms
Input: 5000000,
Cold Start: false
Unique ID: 75a0e383087c01876a62c684552778d7,
Execution Time for Trace ID 75a0e383087c01876a62c684552778d7: 2380 ms
Input: 5000000,
Cold Start: false
Unique ID: 19948587b872ccb5d79e21ad87ca4e69,
Execution Time for Trace ID 19948587b872ccb5d79e21ad87ca4e69: 1571 ms
Input: 5000000,
Cold Start: false
Unique ID: 2a9657cf405345fe8a7dee1ccc621b50,
Execution Time for Trace ID 2a9657cf405345fe8a7dee1ccc621b50: 1668 ms
Input: 5000000,
Cold Start: false
Unique ID: 53d3f9f32e23a7d68741423088833082,
Execution Time for Trace ID 53d3f9f32e23a7d68741423088833082: 1835 ms
Input: 5000000,
Cold Start: false
Unique ID: 0c2ecc0b394775082ec9a9cf30ca4807,
Execution Time for Trace ID 0c2ecc0b394775082ec9a9cf30ca4807: 1786 ms
Input: 5000000,
Cold Start: false
Unique ID: 6a768657e45dc689884c31facdfba2ee,
Execution Time for Trace ID 6a768657e45dc689884c31facdfba2ee: 1832 ms
Input: 5000000,
Cold Start: false
Unique ID: 2ba267423de947353bea3f8946f00f2d,
Execution Time for Trace ID 2ba267423de947353bea3f8946f00f2d: 1424 ms
Input: 5000000,
Cold Start: false
Unique ID: b96966e8d81e6fe10894def0b2201dc3,
Execution Time for Trace ID b96966e8d81e6fe10894def0b2201dc3: 1409 ms
Input: 5000000,
Cold Start: false
Unique ID: 0f80e07d54d11877dacdc864494f1a55,
Execution Time for Trace ID 0f80e07d54d11877dacdc864494f1a55: 1427 ms
Input: 5000000,
Cold Start: false
Unique ID: 76ba403206904585d8aa67b7a6466fbc,
Execution Time for Trace ID 76ba403206904585d8aa67b7a6466fbc: 1740 ms
Input: 5000000,
Cold Start: false
Unique ID: 8afd13cdf08b8971a59541b3d43a9c4e,
Execution Time for Trace ID 8afd13cdf08b8971a59541b3d43a9c4e: 1615 ms
Input: 5000000,
Cold Start: false
Unique ID: f6cf9c90be314dccf5bfac882674ed4d,
Execution Time for Trace ID f6cf9c90be314dccf5bfac882674ed4d: 1330 ms
Input: 5000000,
Cold Start: false
Unique ID: ab6672800218aa64881501db511626d2,
Execution Time for Trace ID ab6672800218aa64881501db511626d2: 1337 ms
Input: 5000000,
Cold Start: false
Unique ID: d4968894dd0190d0c5dcc8a8d08640b6,
Execution Time for Trace ID d4968894dd0190d0c5dcc8a8d08640b6: 1480 ms
Input: 5000000,
Cold Start: false
Unique ID: 6b92f1a3290eef7bf6e7dab808f77d20,
Execution Time for Trace ID 6b92f1a3290eef7bf6e7dab808f77d20: 1406 ms
Input: 5000000,
Cold Start: false
Unique ID: 220d1c18c499e4971687202178167216,
Execution Time for Trace ID 220d1c18c499e4971687202178167216: 1655 ms
Input: 5000000,
Cold Start: false
Unique ID: 26e335c39bcc3974079f79292468ed7e,
Execution Time for Trace ID 26e335c39bcc3974079f79292468ed7e: 1433 ms
Input: 5000000,
Cold Start: false
Unique ID: b099d9d2a357491d9b6fa05548751571,
Execution Time for Trace ID b099d9d2a357491d9b6fa05548751571: 1393 ms
Input: 5000000,
Cold Start: false
Unique ID: 78dd8fd59694b81cbd75d31736273437,
Execution Time for Trace ID 78dd8fd59694b81cbd75d31736273437: 1353 ms
Input: 5000000,
Cold Start: false
Unique ID: 4e8af30f6a195985f8a8ddb2d7f36d22,
Execution Time for Trace ID 4e8af30f6a195985f8a8ddb2d7f36d22: 1419 ms
Input: 5000000,
Cold Start: false
Unique ID: 6ebd668b9b3dcb86764b3e4ec7751bd7,
Execution Time for Trace ID 6ebd668b9b3dcb86764b3e4ec7751bd7: 1635 ms
Input: 5000000,
Cold Start: false
Unique ID: e81d1f792c8458d5b127a45a72fdad15,
Execution Time for Trace ID e81d1f792c8458d5b127a45a72fdad15: 1430 ms
Input: 5000000,
Cold Start: false
Unique ID: 6707b427709532cd830d6e24063cc8aa,
Execution Time for Trace ID 6707b427709532cd830d6e24063cc8aa: 1800 ms
Input: 5000000,
Cold Start: false
Unique ID: 0ed82d64ecd30daee60cd6e189a6ef29,
Execution Time for Trace ID 0ed82d64ecd30daee60cd6e189a6ef29: 1935 ms
Input: 5000000,
Cold Start: false
Unique ID: 83180dd781ebdb33171d7063ca790460,
Execution Time for Trace ID 83180dd781ebdb33171d7063ca790460: 1784 ms
Input: 5000000,
Cold Start: false
Unique ID: 43b7624cf8691842dc65f5bade0e4cce,
Execution Time for Trace ID 43b7624cf8691842dc65f5bade0e4cce: 1925 ms
Input: 5000000,
Cold Start: false
Unique ID: eb2bb9cd3056fad74e95b6a3569b7df9,
Execution Time for Trace ID eb2bb9cd3056fad74e95b6a3569b7df9: 1339 ms
Input: 5000000,
Cold Start: false
Unique ID: 9831e3e4a6d4bc6ed43139f062d958a7,
Execution Time for Trace ID 9831e3e4a6d4bc6ed43139f062d958a7: 1419 ms
Input: 5000000,
Cold Start: false
Unique ID: 312eaac6bfa5261838d75251dbac45b4,
Execution Time for Trace ID 312eaac6bfa5261838d75251dbac45b4: 1464 ms
Input: 5000000,
Cold Start: false
Unique ID: e62867c3ca1d3ee34f4f8996b8b35f1a,
Execution Time for Trace ID e62867c3ca1d3ee34f4f8996b8b35f1a: 1644 ms
Input: 5000000,
Cold Start: false
Unique ID: 558dce17578c21b7e31fb38403fba621,
Execution Time for Trace ID 558dce17578c21b7e31fb38403fba621: 1477 ms
Input: 5000000,
Cold Start: false
Unique ID: acf11223411bc27f759051d0a4c9d803,
Execution Time for Trace ID acf11223411bc27f759051d0a4c9d803: 672 ms
Input: 5000000,
Cold Start: false
Unique ID: e745cf4ea98b8f58d38b0958f460e78a,
Execution Time for Trace ID e745cf4ea98b8f58d38b0958f460e78a: 1333 ms
Input: 5000000,
Cold Start: false
Unique ID: 98d440fa951d1b09fa3d7bbb0a8c0e1f,
Execution Time for Trace ID 98d440fa951d1b09fa3d7bbb0a8c0e1f: 1569 ms
Input: 5000000,
Cold Start: false
Unique ID: fbd739f477ba074d502e4be1ec3a33ae,
Execution Time for Trace ID fbd739f477ba074d502e4be1ec3a33ae: 1831 ms
Input: 5000000,
Cold Start: false
Unique ID: 8fda9f68f2a609a541d0aada72c355a6,
Execution Time for Trace ID 8fda9f68f2a609a541d0aada72c355a6: 1918 ms
Input: 5000000,
Cold Start: false
Unique ID: 356dc96023274f7f959ef9212aff2e01,
Execution Time for Trace ID 356dc96023274f7f959ef9212aff2e01: 1553 ms
Input: 5000000,
Cold Start: false
Unique ID: aaa3389caa14159cba011d3392d3a1aa,
Execution Time for Trace ID aaa3389caa14159cba011d3392d3a1aa: 1406 ms
Input: 5000000,
Cold Start: false
Unique ID: b32dd13ab3382b4c034aad29dd729a18,
Execution Time for Trace ID b32dd13ab3382b4c034aad29dd729a18: 1801 ms
Input: 5000000,
Cold Start: false
Unique ID: 15645698ef3ab348cfe877bda055fd8a,
Execution Time for Trace ID 15645698ef3ab348cfe877bda055fd8a: 1933 ms
Input: 5000000,
Cold Start: false
Unique ID: d749133cf49bbac867d65392bd921efa,
Execution Time for Trace ID d749133cf49bbac867d65392bd921efa: 1908 ms
Input: 5000000,
Cold Start: false
Unique ID: b26edea980866aff1b80ca502ea77793,
Execution Time for Trace ID b26edea980866aff1b80ca502ea77793: 1468 ms
Input: 5000000,
Cold Start: false
Unique ID: 80a22f0e5a161c4632a3fa12c93dfcd6,
Execution Time for Trace ID 80a22f0e5a161c4632a3fa12c93dfcd6: 1679 ms
Input: 5000000,
Cold Start: false
Unique ID: b3b42395ebedce5a122a3f5e8a04a7f5,
Execution Time for Trace ID b3b42395ebedce5a122a3f5e8a04a7f5: 1637 ms
Input: 5000000,
Cold Start: false
Unique ID: f38560f52871b8fb232d8d50bc6a208c,
Execution Time for Trace ID f38560f52871b8fb232d8d50bc6a208c: 2046 ms
Input: 5000000,
Cold Start: false
Unique ID: 17960beffb80293cbf99d7f38b9bdf77,
Execution Time for Trace ID 17960beffb80293cbf99d7f38b9bdf77: 2291 ms
Input: 5000000,
Cold Start: false
Unique ID: 34897a45ea7b32c6f389cd0de3547b29,
Execution Time for Trace ID 34897a45ea7b32c6f389cd0de3547b29: 1354 ms
Input: 5000000,
Cold Start: false
Unique ID: 87a1fa730acb3841676ae622b3fe43c9,
Execution Time for Trace ID 87a1fa730acb3841676ae622b3fe43c9: 1628 ms
Input: 5000000,
Cold Start: false
Unique ID: e0705b8f15ea1cb6d249c75090aae9b7,
Execution Time for Trace ID e0705b8f15ea1cb6d249c75090aae9b7: 1502 ms
Input: 5000000,
Cold Start: false
Unique ID: a144f61052f91167e82b9af3684bb1f1,
Execution Time for Trace ID a144f61052f91167e82b9af3684bb1f1: 1834 ms
Input: 5000000,
Cold Start: false
Unique ID: 68d2b93e8948c9011770ca473e0c34ee,
Execution Time for Trace ID 68d2b93e8948c9011770ca473e0c34ee: 1806 ms
Input: 5000000,
Cold Start: false
Unique ID: 68ab5caebab1f770b4e3561c7b3e4528,
Execution Time for Trace ID 68ab5caebab1f770b4e3561c7b3e4528: 1428 ms
Input: 5000000,
Cold Start: false
Unique ID: 3a452057f22f897368c7382bb49f6471,
Execution Time for Trace ID 3a452057f22f897368c7382bb49f6471: 1389 ms
Input: 5000000,
Cold Start: false
Unique ID: 6a77f233c44723a9554c24b6754011fc,
Execution Time for Trace ID 6a77f233c44723a9554c24b6754011fc: 1710 ms
Input: 5000000,
Cold Start: false
Unique ID: c1c6999b3deeb45a04607b790d758570,
Execution Time for Trace ID c1c6999b3deeb45a04607b790d758570: 1701 ms
Input: 5000000,
Cold Start: false
Unique ID: ea7c0e6d02a98583056175678d123fa4,
Execution Time for Trace ID ea7c0e6d02a98583056175678d123fa4: 1755 ms
Input: 5000000,
Cold Start: false
Unique ID: 7891356f1b37af36c75127d011b36c77,
Execution Time for Trace ID 7891356f1b37af36c75127d011b36c77: 1363 ms
Input: 5000000,
Cold Start: false
Unique ID: 77ef57f188abbc32d645482ef359836a,
Execution Time for Trace ID 77ef57f188abbc32d645482ef359836a: 1341 ms
Input: 5000000,
Cold Start: false
Unique ID: d1c6150004d16dbea26a05bebf37ec45,
Execution Time for Trace ID d1c6150004d16dbea26a05bebf37ec45: 1375 ms
Input: 5000000,
Cold Start: false
Unique ID: fb7c842784d3bfd249142f793f7427fb,
Execution Time for Trace ID fb7c842784d3bfd249142f793f7427fb: 1612 ms
Input: 5000000,
Cold Start: false
Unique ID: 898045ddbf2ae67c9700c0703ebc7791,
Execution Time for Trace ID 898045ddbf2ae67c9700c0703ebc7791: 1643 ms
Input: 5000000,
Cold Start: false
Unique ID: 70ab7c7a582d35a89e0cf4a3e3b5d315,
Execution Time for Trace ID 70ab7c7a582d35a89e0cf4a3e3b5d315: 1464 ms
Input: 5000000,
Cold Start: false
Unique ID: bf28f96f7416f901bff52edfcc46d723,
Execution Time for Trace ID bf28f96f7416f901bff52edfcc46d723: 1620 ms
Input: 5000000,
Cold Start: false
Unique ID: b544a77531311c71e535ddd2bab136de,
Execution Time for Trace ID b544a77531311c71e535ddd2bab136de: 1500 ms
Input: 5000000,
Cold Start: false
Unique ID: eb0ad87db11cf45bc29670b8720566ce,
Execution Time for Trace ID eb0ad87db11cf45bc29670b8720566ce: 1617 ms
Input: 5000000,
Cold Start: false
Unique ID: 6e5bdd7f6128179d75de57f112fed560,
Execution Time for Trace ID 6e5bdd7f6128179d75de57f112fed560: 1710 ms
Input: 5000000,
Cold Start: false
Unique ID: 32cb5fa483ae5c82cc7d3126a0c2e6e2,
Execution Time for Trace ID 32cb5fa483ae5c82cc7d3126a0c2e6e2: 1394 ms
Input: 5000000,
Cold Start: false
Unique ID: b7f4d9bdad70e3fc5853490bdcbbbc75,
Execution Time for Trace ID b7f4d9bdad70e3fc5853490bdcbbbc75: 1344 ms
Input: 5000000,
Cold Start: false
Unique ID: a403607031b7fd8fd4000cab64d55300,
Execution Time for Trace ID a403607031b7fd8fd4000cab64d55300: 1513 ms
Input: 5000000,
Cold Start: false
Unique ID: ad9e32cfe6cb262b10832ab4e4dd4373,
Execution Time for Trace ID ad9e32cfe6cb262b10832ab4e4dd4373: 1735 ms
Input: 5000000,
Cold Start: false
Unique ID: 46b13b893c34d49074aeca3fe838ff0f,
Execution Time for Trace ID 46b13b893c34d49074aeca3fe838ff0f: 1695 ms
Input: 5000000,
Cold Start: false
Unique ID: 71ecde552032053486a0ddcea37e557b,
Execution Time for Trace ID 71ecde552032053486a0ddcea37e557b: 1455 ms
Input: 5000000,
Cold Start: false
Unique ID: 3818c3125cf8e5e4277a7bdb711622a1,
Execution Time for Trace ID 3818c3125cf8e5e4277a7bdb711622a1: 1390 ms
Input: 5000000,
Cold Start: false
Unique ID: a97499f635f43f169d7403832e68f529,
Execution Time for Trace ID a97499f635f43f169d7403832e68f529: 1470 ms
Input: 5000000,
Cold Start: false
Unique ID: 20275ff5872d189dbb934bc6680f4752,
Execution Time for Trace ID 20275ff5872d189dbb934bc6680f4752: 1640 ms
Input: 5000000,
Cold Start: false
Unique ID: 8d855ac803eaba124051764024aacdab,
Execution Time for Trace ID 8d855ac803eaba124051764024aacdab: 1423 ms
Input: 5000000,
Cold Start: false
Unique ID: e71ff0c41a319b6b1a0986cc4d62b059,
Execution Time for Trace ID e71ff0c41a319b6b1a0986cc4d62b059: 1598 ms
Input: 5000000,
Cold Start: false
Unique ID: 90aca02286a0988e5077dfb3332acec8,
Execution Time for Trace ID 90aca02286a0988e5077dfb3332acec8: 1542 ms
Input: 5000000,
Cold Start: false
Unique ID: 4f6a3ccc86eb79e09a1154dcd640fbf9,
Execution Time for Trace ID 4f6a3ccc86eb79e09a1154dcd640fbf9: 1706 ms
Input: 5000000,
Cold Start: false
Unique ID: 3bbb0730bb83188d838763929247de5f,
Execution Time for Trace ID 3bbb0730bb83188d838763929247de5f: 1736 ms
Input: 5000000,
Cold Start: false
Unique ID: 7ec65f253efe88a6f6f54a1570c1d3fc,
Execution Time for Trace ID 7ec65f253efe88a6f6f54a1570c1d3fc: 2207 ms
Input: 5000000,
Cold Start: true
Unique ID: 065c2f117ca9c26d98369b354c0d8339,
Execution Time for Trace ID 065c2f117ca9c26d98369b354c0d8339: 1344 ms
Input: 5000000,
Cold Start: false
Unique ID: 7b22c1da139932244010a3eeec4d4495,
Execution Time for Trace ID 7b22c1da139932244010a3eeec4d4495: 1424 ms
Input: 5000000,
Cold Start: false
Unique ID: e36778dab4e6aca95574575e6f0361f4,
Execution Time for Trace ID e36778dab4e6aca95574575e6f0361f4: 1461 ms
Input: 5000000,
Cold Start: false
Unique ID: 67cf1907d0899bb52c6eb39c49686f44,
Execution Time for Trace ID 67cf1907d0899bb52c6eb39c49686f44: 1435 ms
Input: 5000000,
Cold Start: false
Unique ID: 3bf95b313a2cdd9ecde4cfdad815e738,
Execution Time for Trace ID 3bf95b313a2cdd9ecde4cfdad815e738: 1390 ms
Input: 5000000,
Cold Start: false
Unique ID: c8956f8617e0c222340f8e032b12a483,
Execution Time for Trace ID c8956f8617e0c222340f8e032b12a483: 1363 ms
Input: 5000000,
Cold Start: false
Unique ID: f7bf9f55a30ce153f2de84c5246c1b6c,
Execution Time for Trace ID f7bf9f55a30ce153f2de84c5246c1b6c: 1476 ms
Input: 5000000,
Cold Start: false
Unique ID: d60d82c2155b0359b8036c5301dcb2ba,
Execution Time for Trace ID d60d82c2155b0359b8036c5301dcb2ba: 1444 ms
Input: 5000000,
Cold Start: false
Unique ID: e4d4dc732dc98e8c91a71086cef389d4,
Execution Time for Trace ID e4d4dc732dc98e8c91a71086cef389d4: 1695 ms
Input: 5000000,
Cold Start: false
Unique ID: 03ed9db2e3764495ea71d26d8b278083,
Execution Time for Trace ID 03ed9db2e3764495ea71d26d8b278083: 1690 ms
Input: 5000000,
Cold Start: false
Unique ID: 8f7fa515e52f6060c13d8980ef44d2c1,
Execution Time for Trace ID 8f7fa515e52f6060c13d8980ef44d2c1: 1300 ms
Input: 5000000,
Cold Start: false
Unique ID: c98c6225ad9bea011785dcf4d44f722d,
Execution Time for Trace ID c98c6225ad9bea011785dcf4d44f722d: 1344 ms
Input: 5000000,
Cold Start: false
Unique ID: 15ac2fe663a36034f0d3c694a0dd99be,
Execution Time for Trace ID 15ac2fe663a36034f0d3c694a0dd99be: 1508 ms
Input: 5000000,
Cold Start: false
Unique ID: 80a4672d0f019b4446d3c663c577fbf5,
Execution Time for Trace ID 80a4672d0f019b4446d3c663c577fbf5: 1720 ms
Input: 5000000,
Cold Start: false
Unique ID: 29697b91e1665f44647cb29d98bbf755,
Execution Time for Trace ID 29697b91e1665f44647cb29d98bbf755: 1943 ms
Input: 5000000,
Cold Start: false
Unique ID: 0724ddb5ebf3d53e1ed253cb2b010e87,
Execution Time for Trace ID 0724ddb5ebf3d53e1ed253cb2b010e87: 1389 ms
Input: 5000000,
Cold Start: false
Unique ID: c61c70ed738883781df8de8442106d0a,
Execution Time for Trace ID c61c70ed738883781df8de8442106d0a: 1551 ms
Input: 5000000,
Cold Start: false
Unique ID: 93df1a7528965b906c80afc5a3548bbb,
Execution Time for Trace ID 93df1a7528965b906c80afc5a3548bbb: 1911 ms
Input: 5000000,
Cold Start: false
Unique ID: c63bd8f3780db0d55ea5ff9d193f7d38,
Execution Time for Trace ID c63bd8f3780db0d55ea5ff9d193f7d38: 2189 ms
Input: 5000000,
Cold Start: false
Unique ID: 0beb29e060a7f74f1cf2a7967b90f416,
Execution Time for Trace ID 0beb29e060a7f74f1cf2a7967b90f416: 2090 ms
Input: 5000000,
Cold Start: false
Unique ID: 8ccc0c6d97ade0af1d4ee3ce5e0db48d,
Execution Time for Trace ID 8ccc0c6d97ade0af1d4ee3ce5e0db48d: 1389 ms
Input: 5000000,
Cold Start: false
Unique ID: ee091fe6c6f69f5619a7463f58180d74,
Execution Time for Trace ID ee091fe6c6f69f5619a7463f58180d74: 1457 ms
Input: 5000000,
Cold Start: false
Unique ID: 4a42c7afc511b0e9f4f24936bd266935,
Execution Time for Trace ID 4a42c7afc511b0e9f4f24936bd266935: 1400 ms
Input: 5000000,
Cold Start: false
Unique ID: 76fc97970de543d555e58594f8a6736e,
Execution Time for Trace ID 76fc97970de543d555e58594f8a6736e: 1747 ms
Input: 5000000,
Cold Start: false
Unique ID: f75ef2925d9b0d3ac6efd390c0c509de,
Execution Time for Trace ID f75ef2925d9b0d3ac6efd390c0c509de: 1741 ms
Input: 5000000,
Cold Start: false
Unique ID: 3c96ed013474bb22a7dc38a1a77e483b,
Execution Time for Trace ID 3c96ed013474bb22a7dc38a1a77e483b: 1350 ms
Input: 5000000,
Cold Start: false
Unique ID: 29a6441386dd2a9863a1db16fd7d1cca,
Execution Time for Trace ID 29a6441386dd2a9863a1db16fd7d1cca: 1526 ms
Input: 5000000,
Cold Start: false
Unique ID: 0e86b1580c10a637db174024aad6b36f,
Execution Time for Trace ID 0e86b1580c10a637db174024aad6b36f: 1496 ms
Input: 5000000,
Cold Start: false
Unique ID: 88960507f189d2839b1ed09281f1c782,
Execution Time for Trace ID 88960507f189d2839b1ed09281f1c782: 1793 ms
Input: 5000000,
Cold Start: false
Unique ID: d1d283549c5de577d9537fbd981c00cb,
Execution Time for Trace ID d1d283549c5de577d9537fbd981c00cb: 1756 ms
Input: 5000000,
Cold Start: true
Unique ID: 241114dd2c5f02fe6d938b26e72b6b50,
Execution Time for Trace ID 241114dd2c5f02fe6d938b26e72b6b50: 1447 ms
Input: 5000000,
Cold Start: false
Unique ID: 513be1a5d38231b585f76200d01e826e,
Execution Time for Trace ID 513be1a5d38231b585f76200d01e826e: 1382 ms
Input: 5000000,
Cold Start: false
Unique ID: c6893f2789f5be4331c209fa02f49477,
Execution Time for Trace ID c6893f2789f5be4331c209fa02f49477: 1475 ms
Input: 5000000,
Cold Start: false
Unique ID: 0e517ac4a3d647196ca9c7be68604f51,
Execution Time for Trace ID 0e517ac4a3d647196ca9c7be68604f51: 1451 ms
Input: 5000000,
Cold Start: false
Unique ID: 4cad2cd190a66d60da2300c798aee56a,
Execution Time for Trace ID 4cad2cd190a66d60da2300c798aee56a: 656 ms
Input: 5000000,
Cold Start: false
Unique ID: 4bd8f9d91e370d9b8ca14660e6900cd4,
Execution Time for Trace ID 4bd8f9d91e370d9b8ca14660e6900cd4: 1603 ms
Input: 5000000,
Cold Start: false
Unique ID: a5f323e05dbf0bc69e3ddfe12845ca20,
Execution Time for Trace ID a5f323e05dbf0bc69e3ddfe12845ca20: 1448 ms
Input: 5000000,
Cold Start: false
Unique ID: 7b8946251a7a4abb6b20852a5eb177fa,
Execution Time for Trace ID 7b8946251a7a4abb6b20852a5eb177fa: 1355 ms
Input: 5000000,
Cold Start: false
Unique ID: 7c5826a036061438cead5dd1031435d2,
Execution Time for Trace ID 7c5826a036061438cead5dd1031435d2: 1557 ms
Input: 5000000,
Cold Start: false
Unique ID: b34a892b2560b02f69427bb9503db399,
Execution Time for Trace ID b34a892b2560b02f69427bb9503db399: 1891 ms
Input: 5000000,
Cold Start: true
Unique ID: d78cc91b26daba5913aa62e1c60b4ef6,
Execution Time for Trace ID d78cc91b26daba5913aa62e1c60b4ef6: 1362 ms
Input: 5000000,
Cold Start: false
Unique ID: 58f4e7804864a58c9d0d69e95aa16257,
Execution Time for Trace ID 58f4e7804864a58c9d0d69e95aa16257: 1335 ms
Input: 5000000,
Cold Start: false
Unique ID: b806bee49e0834f0ca5f388cf021bd94,
Execution Time for Trace ID b806bee49e0834f0ca5f388cf021bd94: 1778 ms
Input: 5000000,
Cold Start: false
Unique ID: 06e748fb8467376ad4359a99465acb7a,
Execution Time for Trace ID 06e748fb8467376ad4359a99465acb7a: 2216 ms
Input: 5000000,
Cold Start: false
Unique ID: 0293fe3610595a6b1989aae23a2399ab,
Execution Time for Trace ID 0293fe3610595a6b1989aae23a2399ab: 1500 ms
Input: 5000000,
Cold Start: false
Unique ID: 910aa08a0fa609be8a7dfb13eeab526e,
Execution Time for Trace ID 910aa08a0fa609be8a7dfb13eeab526e: 1350 ms
Input: 5000000,
Cold Start: false
Unique ID: 7213d191050169d72c64838f110081bc,
Execution Time for Trace ID 7213d191050169d72c64838f110081bc: 1492 ms
Input: 5000000,
Cold Start: false
Unique ID: f071d261fa9dee2f8b815f1440eb9bd3,
Execution Time for Trace ID f071d261fa9dee2f8b815f1440eb9bd3: 2505 ms
Input: 5000000,
Cold Start: false
Unique ID: 46d911fda6d4aa19519a6e7f14f9378b,
Execution Time for Trace ID 46d911fda6d4aa19519a6e7f14f9378b: 1401 ms
Input: 5000000,
Cold Start: false
Unique ID: c814cdeddf2dc8abb5225418f6a1cb51,
Execution Time for Trace ID c814cdeddf2dc8abb5225418f6a1cb51: 2213 ms
Input: 5000000,
Cold Start: false
Unique ID: 026e7e080a7aa9fedbaefb9f47a63e86,
Execution Time for Trace ID 026e7e080a7aa9fedbaefb9f47a63e86: 1300 ms
Input: 5000000,
Cold Start: false
Unique ID: 7d81377e10f44facde6264895c8afc0b,
Execution Time for Trace ID 7d81377e10f44facde6264895c8afc0b: 1464 ms
Input: 5000000,
Cold Start: false
Unique ID: f98f520bc72f6ce78181229a00f3f8ca,
Execution Time for Trace ID f98f520bc72f6ce78181229a00f3f8ca: 1536 ms
Input: 5000000,
Cold Start: false
Unique ID: f8ac161434f652cb573038eabc571030,
Execution Time for Trace ID f8ac161434f652cb573038eabc571030: 1446 ms
Input: 5000000,
Cold Start: false
Unique ID: 3f9aa10d7cbb1c7c15ff3ba582cb0d44,
Execution Time for Trace ID 3f9aa10d7cbb1c7c15ff3ba582cb0d44: 1494 ms
Input: 5000000,
Cold Start: false
Unique ID: 4a447d844e0d65639cd1b290c9568724,
Execution Time for Trace ID 4a447d844e0d65639cd1b290c9568724: 1499 ms
Input: 5000000,
Cold Start: false
Unique ID: 5e20fbf0b3c603e65f9f589f169e02ff,
Execution Time for Trace ID 5e20fbf0b3c603e65f9f589f169e02ff: 1550 ms
Input: 5000000,
Cold Start: false
Unique ID: c3c0afd03df7ca7ed42419809e2c3905,
Execution Time for Trace ID c3c0afd03df7ca7ed42419809e2c3905: 1919 ms
Input: 5000000,
Cold Start: false
Unique ID: 3c37331248064a70a9c13f782ae98e45,
Execution Time for Trace ID 3c37331248064a70a9c13f782ae98e45: 1831 ms
Input: 5000000,
Cold Start: false
Unique ID: a792a1d8e5189d8410b70511b6661658,
Execution Time for Trace ID a792a1d8e5189d8410b70511b6661658: 1816 ms
Input: 5000000,
Cold Start: false
Unique ID: e6f9932a2983afaef2e9529506ef26ec,
Execution Time for Trace ID e6f9932a2983afaef2e9529506ef26ec: 1381 ms
Input: 5000000,
Cold Start: false
Unique ID: c4309933a7e74965d09fded9428d8436,
Execution Time for Trace ID c4309933a7e74965d09fded9428d8436: 1520 ms
Input: 5000000,
Cold Start: false
Unique ID: 613bb3065e03de59484dfd84178f1da2,
Execution Time for Trace ID 613bb3065e03de59484dfd84178f1da2: 1378 ms
Input: 5000000,
Cold Start: false
Unique ID: 570754e54ba1388b02a55a7012e33113,
Execution Time for Trace ID 570754e54ba1388b02a55a7012e33113: 1549 ms
Input: 5000000,
Cold Start: false
Unique ID: ee36388cd5d1191008eb62035725e271,
Execution Time for Trace ID ee36388cd5d1191008eb62035725e271: 1718 ms
Input: 5000000,
Cold Start: false
Unique ID: 9cd46a7e86ad366228364379cfd509ac,
Execution Time for Trace ID 9cd46a7e86ad366228364379cfd509ac: 1434 ms
Input: 5000000,
Cold Start: false
Unique ID: 90175f372f6844419c9e8089a7035877,
Execution Time for Trace ID 90175f372f6844419c9e8089a7035877: 1441 ms
Input: 5000000,
Cold Start: false
Unique ID: c44b3957149ab48382b7d7dac555427c,
Execution Time for Trace ID c44b3957149ab48382b7d7dac555427c: 1596 ms
Input: 5000000,
Cold Start: false
Unique ID: 4b95fbd1c269c9bebf841c98476b9e06,
Execution Time for Trace ID 4b95fbd1c269c9bebf841c98476b9e06: 1592 ms
Input: 5000000,
Cold Start: false
Unique ID: f7df5f9d4d11cf90cb31d9b2a5cbde1e,
Execution Time for Trace ID f7df5f9d4d11cf90cb31d9b2a5cbde1e: 1529 ms
Input: 5000000,
Cold Start: false
Unique ID: 597bbb8c68ca0354d93c99487458a6cd,
Execution Time for Trace ID 597bbb8c68ca0354d93c99487458a6cd: 1462 ms
Input: 5000000,
Cold Start: false
Unique ID: c0185e5ac8228b3cfea87cabd8457dab,
Execution Time for Trace ID c0185e5ac8228b3cfea87cabd8457dab: 1469 ms
Input: 5000000,
Cold Start: false
Unique ID: 91e11500c2dc54bfd84f58a2962ead2b,
Execution Time for Trace ID 91e11500c2dc54bfd84f58a2962ead2b: 1450 ms
Input: 5000000,
Cold Start: false
Unique ID: 3a7c19b386da1fc4012dc70531014a90,
Execution Time for Trace ID 3a7c19b386da1fc4012dc70531014a90: 1450 ms
Input: 5000000,
Cold Start: false
Unique ID: ce4388ef69a66f8a133dd6f689799539,
Execution Time for Trace ID ce4388ef69a66f8a133dd6f689799539: 1883 ms
Input: 5000000,
Cold Start: false
Unique ID: 78d9aa724ea6e0088a5d2801010a83bc,
Execution Time for Trace ID 78d9aa724ea6e0088a5d2801010a83bc: 1382 ms
Input: 5000000,
Cold Start: false
Unique ID: 536eac5f0c1c0e3a62bf48507ced8098,
Execution Time for Trace ID 536eac5f0c1c0e3a62bf48507ced8098: 1466 ms
Input: 5000000,
Cold Start: false
Unique ID: d60c6f129dcb33f77f481bfb1d67de7f,
Execution Time for Trace ID d60c6f129dcb33f77f481bfb1d67de7f: 1558 ms
Input: 5000000,
Cold Start: false
Unique ID: 0c2928c2f47a0cdffc3542a5f37a016e,
Execution Time for Trace ID 0c2928c2f47a0cdffc3542a5f37a016e: 1538 ms
Input: 5000000,
Cold Start: false
Unique ID: ec8a4ed8290f7dad036644f2803bd3f0,
Execution Time for Trace ID ec8a4ed8290f7dad036644f2803bd3f0: 1650 ms
Input: 5000000,
Cold Start: false
Unique ID: 7883447340172595ecd2dd87b46647b7,
Execution Time for Trace ID 7883447340172595ecd2dd87b46647b7: 1387 ms
Input: 5000000,
Cold Start: false
Unique ID: 7d69a4e4bcc1bfb225532352056b3c45,
Execution Time for Trace ID 7d69a4e4bcc1bfb225532352056b3c45: 1594 ms
Input: 5000000,
Cold Start: false
Unique ID: efb71e883a2e01af457a1e72ba30b092,
Execution Time for Trace ID efb71e883a2e01af457a1e72ba30b092: 1552 ms
Input: 5000000,
Cold Start: false
Unique ID: 84220e0b78d528a1e458641da84cbdb5,
Execution Time for Trace ID 84220e0b78d528a1e458641da84cbdb5: 2199 ms
Input: 5000000,
Cold Start: false
Unique ID: 7de17c895019c587cc1a1c6f3fbf9198,
Execution Time for Trace ID 7de17c895019c587cc1a1c6f3fbf9198: 2091 ms
Input: 5000000,
Cold Start: false
Unique ID: b31774c3be3d46fa871e5210b73ad0ff,
Execution Time for Trace ID b31774c3be3d46fa871e5210b73ad0ff: 1252 ms
Input: 5000000,
Cold Start: false
Unique ID: 30034e20b117d14d37b9314b70bb9249,
Execution Time for Trace ID 30034e20b117d14d37b9314b70bb9249: 1468 ms
Input: 5000000,
Cold Start: false
Unique ID: bc34902b65102c45ca789391994ab0d8,
Execution Time for Trace ID bc34902b65102c45ca789391994ab0d8: 1463 ms
Input: 5000000,
Cold Start: false
Unique ID: da94ced63769fdc0d2e83890e59ece6f,
Execution Time for Trace ID da94ced63769fdc0d2e83890e59ece6f: 1561 ms
Input: 5000000,
Cold Start: false
Unique ID: 9f753c3b822c1e6ff518141953873ece,
Execution Time for Trace ID 9f753c3b822c1e6ff518141953873ece: 2102 ms
Input: 5000000,
Cold Start: false
Unique ID: c859aba1883640b6c373d7b26c70f4e7,
Execution Time for Trace ID c859aba1883640b6c373d7b26c70f4e7: 1358 ms
Input: 5000000,
Cold Start: false
Unique ID: 5adc2ad37428d148a3b151f947207019,
Execution Time for Trace ID 5adc2ad37428d148a3b151f947207019: 1451 ms
Input: 5000000,
Cold Start: false
Unique ID: 3ea753a0d6af3896e3d7fadb2c360d1d,
Execution Time for Trace ID 3ea753a0d6af3896e3d7fadb2c360d1d: 1620 ms
Input: 5000000,
Cold Start: false
Unique ID: 9453973d0e4819b245629335c72bda71,
Execution Time for Trace ID 9453973d0e4819b245629335c72bda71: 1667 ms
Input: 5000000,
Cold Start: false
Unique ID: 2e39214c01c4d81729973134748fd54f,
Execution Time for Trace ID 2e39214c01c4d81729973134748fd54f: 2181 ms
Input: 5000000,
Cold Start: false
Unique ID: 2a9803eb0c144cf223af59911ebf8639,
Execution Time for Trace ID 2a9803eb0c144cf223af59911ebf8639: 1343 ms
Input: 5000000,
Cold Start: false
Unique ID: 5faefd176e9a75e8799f54b6b04226bf,
Execution Time for Trace ID 5faefd176e9a75e8799f54b6b04226bf: 1393 ms
Input: 5000000,
Cold Start: false
Unique ID: 025dd9ab3de56cce84bebfab29f75014,
Execution Time for Trace ID 025dd9ab3de56cce84bebfab29f75014: 1519 ms
Input: 5000000,
Cold Start: false
Unique ID: 8952c22724f8bfcfd6b7e35cdbf4764d,
Execution Time for Trace ID 8952c22724f8bfcfd6b7e35cdbf4764d: 1853 ms
Input: 5000000,
Cold Start: false
Unique ID: b293e873f055d1c2b2078030d20c59e6,
Execution Time for Trace ID b293e873f055d1c2b2078030d20c59e6: 2005 ms
Input: 5000000,
Cold Start: false
Unique ID: 63b0e3dd010504a528e9f225407e1f99,
Execution Time for Trace ID 63b0e3dd010504a528e9f225407e1f99: 1461 ms
Input: 5000000,
Cold Start: false
Unique ID: 2cade305399f3e50ceeaee4727d01816,
Execution Time for Trace ID 2cade305399f3e50ceeaee4727d01816: 1584 ms
Input: 5000000,
Cold Start: false
Unique ID: ec1b941849bf14ba68bfff1d8c02703f,
Execution Time for Trace ID ec1b941849bf14ba68bfff1d8c02703f: 1451 ms
Input: 5000000,
Cold Start: false
Unique ID: 559f998d3d60aeaa959f3971a272de7b,
Execution Time for Trace ID 559f998d3d60aeaa959f3971a272de7b: 1695 ms
Input: 5000000,
Cold Start: false
Unique ID: 89dcb1095613b3aaae9064c102151f9c,
Execution Time for Trace ID 89dcb1095613b3aaae9064c102151f9c: 1609 ms
Input: 5000000,
Cold Start: false
Unique ID: a19fa0ea9601d0b512338760fe40c524,
Execution Time for Trace ID a19fa0ea9601d0b512338760fe40c524: 1423 ms
Input: 5000000,
Cold Start: false
Unique ID: 8d5cc3ffb8c372db7be0538c789e8f24,
Execution Time for Trace ID 8d5cc3ffb8c372db7be0538c789e8f24: 1563 ms
Input: 5000000,
Cold Start: false
Unique ID: d804adc1eb1a18e19f57dcc2d3dcff5c,
Execution Time for Trace ID d804adc1eb1a18e19f57dcc2d3dcff5c: 1492 ms
Input: 5000000,
Cold Start: false
Unique ID: f6ab5c9560c367321c33229a5c181f78,
Execution Time for Trace ID f6ab5c9560c367321c33229a5c181f78: 1688 ms
Input: 5000000,
Cold Start: false
Unique ID: 8f05dfa0d26c12c1121843260f497bbc,
Execution Time for Trace ID 8f05dfa0d26c12c1121843260f497bbc: 1843 ms
Input: 5000000,
Cold Start: false
Unique ID: c904eaff7a082ac59bcac6fac44b4a1b,
Execution Time for Trace ID c904eaff7a082ac59bcac6fac44b4a1b: 1492 ms
Input: 5000000,
Cold Start: false
Unique ID: e3e8a95f06647c61fe7c9c657b666c88,
Execution Time for Trace ID e3e8a95f06647c61fe7c9c657b666c88: 1449 ms
Input: 5000000,
Cold Start: false
Unique ID: 1b337406ea992fad7dfc3892e7f96ed2,
Execution Time for Trace ID 1b337406ea992fad7dfc3892e7f96ed2: 1718 ms
Input: 5000000,
Cold Start: false
Unique ID: d9cfe801a8f3dbf20487a0ee6e4300f1,
Execution Time for Trace ID d9cfe801a8f3dbf20487a0ee6e4300f1: 1961 ms
Input: 5000000,
Cold Start: false
Unique ID: 0548ef872617fd3a74446c004dd78e4d,
Execution Time for Trace ID 0548ef872617fd3a74446c004dd78e4d: 1801 ms
Input: 5000000,
Cold Start: false
Unique ID: b79ac1e1648293e2dedbaf9398abf351,
Execution Time for Trace ID b79ac1e1648293e2dedbaf9398abf351: 1587 ms
Input: 5000000,
Cold Start: false
Unique ID: 5601ed32c849416322a12b4e268c9449,
Execution Time for Trace ID 5601ed32c849416322a12b4e268c9449: 1549 ms
Input: 5000000,
Cold Start: false
Unique ID: 259ec0a218056f972fb5915d45c81436,
Execution Time for Trace ID 259ec0a218056f972fb5915d45c81436: 1586 ms
Input: 5000000,
Cold Start: false
Unique ID: 567c3334eac6efede9fccfd7329b58f5,
Execution Time for Trace ID 567c3334eac6efede9fccfd7329b58f5: 1760 ms
Input: 5000000,
Cold Start: false
Unique ID: bfc326812d5c3fb018ee028bfc8ca0d2,
Execution Time for Trace ID bfc326812d5c3fb018ee028bfc8ca0d2: 1809 ms
Input: 5000000,
Cold Start: false
Unique ID: dc50932a36b2ec8867e72d192b1714d4,
Execution Time for Trace ID dc50932a36b2ec8867e72d192b1714d4: 1424 ms
Input: 5000000,
Cold Start: false
Unique ID: 8e22b520be1f606c69fa88a03b5dae1c,
Execution Time for Trace ID 8e22b520be1f606c69fa88a03b5dae1c: 1358 ms
Input: 5000000,
Cold Start: false
Unique ID: 6aa1d20601bdec77e16123c3ed0a9b5c,
Execution Time for Trace ID 6aa1d20601bdec77e16123c3ed0a9b5c: 1418 ms
Input: 5000000,
Cold Start: false
Unique ID: 94607cf826931c30f358664abcb1996c,
Execution Time for Trace ID 94607cf826931c30f358664abcb1996c: 1439 ms
Input: 5000000,
Cold Start: false
Unique ID: 0ece48af8589bdd1108565bdfc77ec51,
Execution Time for Trace ID 0ece48af8589bdd1108565bdfc77ec51: 1604 ms
Input: 5000000,
Cold Start: false
Unique ID: 4df828c3f1b3c8bd32677ad827ac6610,
Execution Time for Trace ID 4df828c3f1b3c8bd32677ad827ac6610: 1399 ms
Input: 5000000,
Cold Start: false
Unique ID: 2e717da10340314ab55dbfc02ab449a1,
Execution Time for Trace ID 2e717da10340314ab55dbfc02ab449a1: 1511 ms
Input: 5000000,
Cold Start: false
Unique ID: ca4093c1e9094f779eb12ccdc2e623f6,
Execution Time for Trace ID ca4093c1e9094f779eb12ccdc2e623f6: 1455 ms
Input: 5000000,
Cold Start: false
Unique ID: a5753f97115022e4ba3c1d79b5255c16,
Execution Time for Trace ID a5753f97115022e4ba3c1d79b5255c16: 1647 ms
Input: 5000000,
Cold Start: false
Unique ID: 0ee0c96b1f45d91f3dc7eb856e584d34,
Execution Time for Trace ID 0ee0c96b1f45d91f3dc7eb856e584d34: 1479 ms
Input: 5000000,
Cold Start: false
Unique ID: d743f30fbda9fa9b38cd92800e044a73,
Execution Time for Trace ID d743f30fbda9fa9b38cd92800e044a73: 1421 ms
Input: 5000000,
Cold Start: false
Unique ID: dfa77da5582685e55da637d176131797,
Execution Time for Trace ID dfa77da5582685e55da637d176131797: 1456 ms
Input: 5000000,
Cold Start: false
Unique ID: a4de6c1e6edf80ed938be3285d4ce852,
Execution Time for Trace ID a4de6c1e6edf80ed938be3285d4ce852: 1386 ms
Input: 5000000,
Cold Start: false
Unique ID: f040c6776dfb6f1d6c5d021dd7bff081,
Execution Time for Trace ID f040c6776dfb6f1d6c5d021dd7bff081: 1501 ms
Input: 5000000,
Cold Start: false
Unique ID: 47cb67e31ccee69b22def94464326165,
Execution Time for Trace ID 47cb67e31ccee69b22def94464326165: 1496 ms
Input: 5000000,
Cold Start: false
Unique ID: 73f1633970bf7f3ef9cefce9ccb8e436,
Execution Time for Trace ID 73f1633970bf7f3ef9cefce9ccb8e436: 1396 ms
Input: 5000000,
Cold Start: false
Unique ID: 1dfce4f54269eaadc81f2b444293087f,
Execution Time for Trace ID 1dfce4f54269eaadc81f2b444293087f: 1512 ms
Input: 5000000,
Cold Start: false
Unique ID: 779b6189ec2ef74c500e0ed73f4a6bf7,
Execution Time for Trace ID 779b6189ec2ef74c500e0ed73f4a6bf7: 1464 ms
Input: 5000000,
Cold Start: false
Unique ID: d207e1a67323d9087028bfcb7a00d56f,
Execution Time for Trace ID d207e1a67323d9087028bfcb7a00d56f: 1443 ms
Input: 5000000,
Cold Start: false
Unique ID: 09d3e8a4b6abac5d5612a6aae4706330,
Execution Time for Trace ID 09d3e8a4b6abac5d5612a6aae4706330: 1496 ms
Input: 5000000,
Cold Start: false
Unique ID: 1c36c47c39f2ee194a78b3156bdb806d,
Execution Time for Trace ID 1c36c47c39f2ee194a78b3156bdb806d: 1459 ms
Input: 5000000,
Cold Start: false
Unique ID: 4684e1da12c9faf3f929249951eaab26,
Execution Time for Trace ID 4684e1da12c9faf3f929249951eaab26: 1601 ms
Input: 5000000,
Cold Start: false
Unique ID: 73181df4fb7eb51185bfc2b210405cac,
Execution Time for Trace ID 73181df4fb7eb51185bfc2b210405cac: 1421 ms
Input: 5000000,
Cold Start: false
Unique ID: e58aeab87f417ad2e42f6b30e6ef2e2f,
Execution Time for Trace ID e58aeab87f417ad2e42f6b30e6ef2e2f: 1588 ms
Input: 5000000,
Cold Start: false
Unique ID: 3c7d71be453e58ed4c8e514fb559b418,
Execution Time for Trace ID 3c7d71be453e58ed4c8e514fb559b418: 1632 ms
Input: 5000000,
Cold Start: false
Unique ID: de57f86328b99e8aa72d7532a6e8af07,
Execution Time for Trace ID de57f86328b99e8aa72d7532a6e8af07: 1458 ms
Input: 5000000,
Cold Start: false
Unique ID: 9974337f7555b244f5e7b1407b3e48da,
Execution Time for Trace ID 9974337f7555b244f5e7b1407b3e48da: 1511 ms
Input: 5000000,
Cold Start: false
Unique ID: 019197024d3bbc567781c8b61286ed52,
Execution Time for Trace ID 019197024d3bbc567781c8b61286ed52: 1492 ms
Input: 5000000,
Cold Start: false
Unique ID: 303c88a4a0f668bd5a0d9e91b3650c4c,
Execution Time for Trace ID 303c88a4a0f668bd5a0d9e91b3650c4c: 1702 ms
Input: 5000000,
Cold Start: false
Unique ID: 54d59ba3e0ac63361dcf30a93109277a,
Execution Time for Trace ID 54d59ba3e0ac63361dcf30a93109277a: 1746 ms
Input: 5000000,
Cold Start: false
Unique ID: bb2175e861c8606c179f93874f93d524,
Execution Time for Trace ID bb2175e861c8606c179f93874f93d524: 1465 ms
Input: 5000000,
Cold Start: false
Unique ID: c9ac834c6d42c165bc2dbcef8666e16f,
Execution Time for Trace ID c9ac834c6d42c165bc2dbcef8666e16f: 1397 ms
Input: 5000000,
Cold Start: false
Unique ID: 1df3a9bd9cdf207fbec26f75c6811019,
Execution Time for Trace ID 1df3a9bd9cdf207fbec26f75c6811019: 1520 ms
Input: 5000000,
Cold Start: false
Unique ID: 3509ad8e371d362a2ada3f9ec8e99de3,
Execution Time for Trace ID 3509ad8e371d362a2ada3f9ec8e99de3: 1632 ms
Input: 5000000,
Cold Start: false
Unique ID: 5422077414cb45c60e08b33a647f6f8c,
Execution Time for Trace ID 5422077414cb45c60e08b33a647f6f8c: 1642 ms
Input: 5000000,
Cold Start: false
Unique ID: de4745518ca00c934ff32d47ceafdfaa,
Execution Time for Trace ID de4745518ca00c934ff32d47ceafdfaa: 1372 ms
Input: 5000000,
Cold Start: false
Unique ID: 33bbf22e8f032442aabaf869e69e9a50,
Execution Time for Trace ID 33bbf22e8f032442aabaf869e69e9a50: 1516 ms
Input: 5000000,
Cold Start: false
Unique ID: 556a947fbbdb143cc85f17b57faf54f3,
Execution Time for Trace ID 556a947fbbdb143cc85f17b57faf54f3: 1464 ms
Input: 5000000,
Cold Start: false
Unique ID: bc8b981dcb90913c66fcaf1bd8f7f198,
Execution Time for Trace ID bc8b981dcb90913c66fcaf1bd8f7f198: 493 ms
Input: 5000000,
Cold Start: false
Unique ID: dde037c56f34b08ecf558039edb26d0f,
Execution Time for Trace ID dde037c56f34b08ecf558039edb26d0f: 1697 ms
Input: 5000000,
Cold Start: false
Unique ID: 022989a0b524b6ed7878590025451dba,
Execution Time for Trace ID 022989a0b524b6ed7878590025451dba: 1497 ms
Input: 5000000,
Cold Start: false
Unique ID: c7931021f1050d20c4ca938e712f9aa8,
Execution Time for Trace ID c7931021f1050d20c4ca938e712f9aa8: 1404 ms
Input: 5000000,
Cold Start: false
Unique ID: 84fca9467a70b674e8e399aae2e62753,
Execution Time for Trace ID 84fca9467a70b674e8e399aae2e62753: 1551 ms
Input: 5000000,
Cold Start: false
Unique ID: 44d9dab41244ac92f80d1be3ec5a656b,
Execution Time for Trace ID 44d9dab41244ac92f80d1be3ec5a656b: 1400 ms
Input: 5000000,
Cold Start: false
Unique ID: 2577b9a3fc85c14c76a7b8077e4364a7,
Execution Time for Trace ID 2577b9a3fc85c14c76a7b8077e4364a7: 1507 ms
Input: 5000000,
Cold Start: false
