Unique ID: 5e261baf-6910-4154-931c-6760589bd206,
Billed Duration for Request 5e261baf-6910-4154-931c-6760589bd206: 156 ms
Pi: 3.139272,
Input: 1000000,
Cold Start: true
Unique ID: 128cbaf1-c5c6-443d-8140-cf5f7d99547b,
Billed Duration for Request 128cbaf1-c5c6-443d-8140-cf5f7d99547b: 132 ms
Pi: 3.141756,
Input: 1000000,
Cold Start: false
Unique ID: b26ebe8c-bfba-4fd8-a388-26f04d8b4a6d,
Billed Duration for Request b26ebe8c-bfba-4fd8-a388-26f04d8b4a6d: 170 ms
Pi: 3.14016,
Input: 1000000,
Cold Start: true
Unique ID: d9dde25e-9e94-4b00-b558-662caf023d7a,
Billed Duration for Request d9dde25e-9e94-4b00-b558-662caf023d7a: 216 ms
Pi: 3.14092,
Input: 1000000,
Cold Start: true
Unique ID: 3ca94cf9-2076-4986-a53e-06c6424c6581,
Billed Duration for Request 3ca94cf9-2076-4986-a53e-06c6424c6581: 129 ms
Pi: 3.14576,
Input: 1000000,
Cold Start: false
Unique ID: e3ce8f95-881e-4a1e-879b-648e5285d4ab,
Billed Duration for Request e3ce8f95-881e-4a1e-879b-648e5285d4ab: 98 ms
Pi: 3.14142,
Input: 1000000,
Cold Start: false
Unique ID: b1f2ef0f-3bcc-4eea-ae09-ede2b9418604,
Billed Duration for Request b1f2ef0f-3bcc-4eea-ae09-ede2b9418604: 95 ms
Pi: 3.138116,
Input: 1000000,
Cold Start: false
Unique ID: 197300be-4843-494e-b6b8-40800ba4af7d,
Billed Duration for Request 197300be-4843-494e-b6b8-40800ba4af7d: 94 ms
Pi: 3.141672,
Input: 1000000,
Cold Start: false
Unique ID: 3ffbfa82-4797-4cff-9191-58a498fdc38d,
Billed Duration for Request 3ffbfa82-4797-4cff-9191-58a498fdc38d: 94 ms
Pi: 3.139844,
Input: 1000000,
Cold Start: false
Unique ID: 63d4e8b3-58d0-4d11-9519-bce507551233,
Billed Duration for Request 63d4e8b3-58d0-4d11-9519-bce507551233: 93 ms
Pi: 3.139096,
Input: 1000000,
Cold Start: false
Unique ID: 3d0c4ce1-6195-43f8-8db4-3f62f9e20bda,
Billed Duration for Request 3d0c4ce1-6195-43f8-8db4-3f62f9e20bda: 102 ms
Pi: 3.141572,
Input: 1000000,
Cold Start: false
Unique ID: 31ae8777-0309-4153-aede-75772ecfab2a,
Billed Duration for Request 31ae8777-0309-4153-aede-75772ecfab2a: 102 ms
Pi: 3.140424,
Input: 1000000,
Cold Start: false
Unique ID: 8235421c-7720-4ef1-8c67-bfe42b5aee08,
Billed Duration for Request 8235421c-7720-4ef1-8c67-bfe42b5aee08: 99 ms
Pi: 3.141656,
Input: 1000000,
Cold Start: false
Unique ID: 60b30466-d6ca-4697-9e79-0e7853cbdd5a,
Billed Duration for Request 60b30466-d6ca-4697-9e79-0e7853cbdd5a: 94 ms
Pi: 3.141996,
Input: 1000000,
Cold Start: false
Unique ID: 8d2f3f22-eef7-4367-a73e-378eacc50fad,
Billed Duration for Request 8d2f3f22-eef7-4367-a73e-378eacc50fad: 98 ms
Pi: 3.141972,
Input: 1000000,
Cold Start: false
Unique ID: 1bc0a332-df21-4c85-9208-85934f3315c7,
Billed Duration for Request 1bc0a332-df21-4c85-9208-85934f3315c7: 94 ms
Pi: 3.143028,
Input: 1000000,
Cold Start: false
Unique ID: dd5c6e41-cc4f-4e30-a915-ddb29b3b1ab7,
Billed Duration for Request dd5c6e41-cc4f-4e30-a915-ddb29b3b1ab7: 100 ms
Pi: 3.141912,
Input: 1000000,
Cold Start: false
Unique ID: c27b6707-1240-4244-9a78-ddb5b044b456,
Billed Duration for Request c27b6707-1240-4244-9a78-ddb5b044b456: 97 ms
Pi: 3.140864,
Input: 1000000,
Cold Start: false
Unique ID: 059ceb56-fb29-4fed-a8f4-ae17c015fb35,
Billed Duration for Request 059ceb56-fb29-4fed-a8f4-ae17c015fb35: 97 ms
Pi: 3.141944,
Input: 1000000,
Cold Start: false
Unique ID: c6878dcb-c9af-4f54-8120-4950b51c444d,
Billed Duration for Request c6878dcb-c9af-4f54-8120-4950b51c444d: 99 ms
Pi: 3.141592,
Input: 1000000,
Cold Start: false
Unique ID: 3ebff3af-7fce-4b0c-9e58-143e85577949,
Billed Duration for Request 3ebff3af-7fce-4b0c-9e58-143e85577949: 90 ms
Pi: 3.140276,
Input: 1000000,
Cold Start: false
Unique ID: 51483e4a-7993-4d6d-8034-0e287e3b142a,
Billed Duration for Request 51483e4a-7993-4d6d-8034-0e287e3b142a: 94 ms
Pi: 3.1418,
Input: 1000000,
Cold Start: false
Unique ID: 2412e79b-bfe7-4d58-972a-0d75c920668f,
Billed Duration for Request 2412e79b-bfe7-4d58-972a-0d75c920668f: 98 ms
Pi: 3.142368,
Input: 1000000,
Cold Start: false
Unique ID: 0a8285ca-4b16-4888-9e06-7e791b4b156a,
Billed Duration for Request 0a8285ca-4b16-4888-9e06-7e791b4b156a: 97 ms
Pi: 3.1419,
Input: 1000000,
Cold Start: false
Unique ID: 78357f7a-e307-4ea2-a2b5-6afc465fed7a,
Billed Duration for Request 78357f7a-e307-4ea2-a2b5-6afc465fed7a: 98 ms
Pi: 3.141152,
Input: 1000000,
Cold Start: false
Unique ID: e45121f9-9a5e-425a-9938-e063df0162f7,
Billed Duration for Request e45121f9-9a5e-425a-9938-e063df0162f7: 95 ms
Pi: 3.142428,
Input: 1000000,
Cold Start: false
Unique ID: 0b151dad-3053-40ea-b712-a67bb28accaa,
Billed Duration for Request 0b151dad-3053-40ea-b712-a67bb28accaa: 94 ms
Pi: 3.141424,
Input: 1000000,
Cold Start: false
Unique ID: a7a6374c-a8ff-4332-bcd0-f179b8992b01,
Billed Duration for Request a7a6374c-a8ff-4332-bcd0-f179b8992b01: 93 ms
Pi: 3.141132,
Input: 1000000,
Cold Start: false
Unique ID: e8f04219-7da9-45dc-89f0-4ef8e0c3e0a8,
Billed Duration for Request e8f04219-7da9-45dc-89f0-4ef8e0c3e0a8: 92 ms
Pi: 3.141084,
Input: 1000000,
Cold Start: false
Unique ID: 336ad0bb-4467-427d-ad80-0e5af0422d7a,
Billed Duration for Request 336ad0bb-4467-427d-ad80-0e5af0422d7a: 97 ms
Pi: 3.142648,
Input: 1000000,
Cold Start: false
Unique ID: a6372791-a460-4d2b-abed-7bcbbfdc8b44,
Billed Duration for Request a6372791-a460-4d2b-abed-7bcbbfdc8b44: 97 ms
Pi: 3.139336,
Input: 1000000,
Cold Start: false
Unique ID: b7349f50-4d25-45ef-97a6-585dce63074f,
Billed Duration for Request b7349f50-4d25-45ef-97a6-585dce63074f: 95 ms
Pi: 3.141028,
Input: 1000000,
Cold Start: false
Unique ID: fb3c08d4-1376-41f8-a062-06f28d1c2ebb,
Billed Duration for Request fb3c08d4-1376-41f8-a062-06f28d1c2ebb: 93 ms
Pi: 3.14116,
Input: 1000000,
Cold Start: false
Unique ID: a66686dd-c4bf-4e2d-8c2e-39c155e3f732,
Billed Duration for Request a66686dd-c4bf-4e2d-8c2e-39c155e3f732: 93 ms
Pi: 3.14216,
Input: 1000000,
Cold Start: false
Unique ID: bf1d864c-fedd-44c2-819e-cd48b920c716,
Billed Duration for Request bf1d864c-fedd-44c2-819e-cd48b920c716: 94 ms
Pi: 3.14074,
Input: 1000000,
Cold Start: false
Unique ID: 5b0ea2d9-5f6f-47ed-9f52-99105b136231,
Billed Duration for Request 5b0ea2d9-5f6f-47ed-9f52-99105b136231: 98 ms
Pi: 3.144512,
Input: 1000000,
Cold Start: false
Unique ID: 668ed746-f9d9-47e1-af01-c09fc017092e,
Billed Duration for Request 668ed746-f9d9-47e1-af01-c09fc017092e: 97 ms
Pi: 3.1407,
Input: 1000000,
Cold Start: false
Unique ID: 22c9d84f-c3f8-4dda-b0b6-0c48cd407924,
Billed Duration for Request 22c9d84f-c3f8-4dda-b0b6-0c48cd407924: 97 ms
Pi: 3.140584,
Input: 1000000,
Cold Start: false
Unique ID: 2d2aba78-aa8b-4334-85cc-162e324d40f4,
Billed Duration for Request 2d2aba78-aa8b-4334-85cc-162e324d40f4: 93 ms
Pi: 3.13744,
Input: 1000000,
Cold Start: false
Unique ID: 63fd0044-af94-4420-9d95-ba1f60546098,
Billed Duration for Request 63fd0044-af94-4420-9d95-ba1f60546098: 97 ms
Pi: 3.142752,
Input: 1000000,
Cold Start: false
Unique ID: 9a44e8ac-6765-4baf-9fca-df88f4cc126a,
Billed Duration for Request 9a44e8ac-6765-4baf-9fca-df88f4cc126a: 97 ms
Pi: 3.143428,
Input: 1000000,
Cold Start: false
Unique ID: d4941aa8-a795-4a0e-b811-d4a13cd74b4d,
Billed Duration for Request d4941aa8-a795-4a0e-b811-d4a13cd74b4d: 97 ms
Pi: 3.143408,
Input: 1000000,
Cold Start: false
Unique ID: c51eb8cf-4086-42a5-9bdf-67ce55a73211,
Billed Duration for Request c51eb8cf-4086-42a5-9bdf-67ce55a73211: 97 ms
Pi: 3.142092,
Input: 1000000,
Cold Start: false
Unique ID: 7733a6ce-0710-4480-90af-a87840e63bc0,
Billed Duration for Request 7733a6ce-0710-4480-90af-a87840e63bc0: 97 ms
Pi: 3.140192,
Input: 1000000,
Cold Start: false
Unique ID: f8cce879-5cfa-4f58-8618-80deb8ddfc02,
Billed Duration for Request f8cce879-5cfa-4f58-8618-80deb8ddfc02: 93 ms
Pi: 3.143172,
Input: 1000000,
Cold Start: false
Unique ID: 75840aff-c56b-4688-8e04-04f1da0a2360,
Billed Duration for Request 75840aff-c56b-4688-8e04-04f1da0a2360: 93 ms
Pi: 3.140212,
Input: 1000000,
Cold Start: false
Unique ID: a1e06050-a31c-4679-a642-457bbc52841a,
Billed Duration for Request a1e06050-a31c-4679-a642-457bbc52841a: 94 ms
Pi: 3.141268,
Input: 1000000,
Cold Start: false
Unique ID: a59c389b-843f-4af3-979f-e15823ce8d7b,
Billed Duration for Request a59c389b-843f-4af3-979f-e15823ce8d7b: 96 ms
Pi: 3.139064,
Input: 1000000,
Cold Start: false
Unique ID: 18724103-3d1b-4eae-9c17-f7dcd0572830,
Billed Duration for Request 18724103-3d1b-4eae-9c17-f7dcd0572830: 94 ms
Pi: 3.141944,
Input: 1000000,
Cold Start: false
Unique ID: 074d8580-dcb6-47b4-9be6-11cbeadbe423,
Billed Duration for Request 074d8580-dcb6-47b4-9be6-11cbeadbe423: 97 ms
Pi: 3.140816,
Input: 1000000,
Cold Start: false
Unique ID: 6a9ce181-c333-4489-8f1b-5d007e3e2d6c,
Billed Duration for Request 6a9ce181-c333-4489-8f1b-5d007e3e2d6c: 97 ms
Pi: 3.14306,
Input: 1000000,
Cold Start: false
Unique ID: 9f174729-63f2-407b-8b60-6637cae13d7f,
Billed Duration for Request 9f174729-63f2-407b-8b60-6637cae13d7f: 93 ms
Pi: 3.143348,
Input: 1000000,
Cold Start: false
Unique ID: 4fb8ede7-958d-4a69-995b-b67a5e9e2155,
Billed Duration for Request 4fb8ede7-958d-4a69-995b-b67a5e9e2155: 98 ms
Pi: 3.141388,
Input: 1000000,
Cold Start: false
Unique ID: 6032e474-cb2b-4232-a893-aacc6281dd39,
Billed Duration for Request 6032e474-cb2b-4232-a893-aacc6281dd39: 97 ms
Pi: 3.137916,
Input: 1000000,
Cold Start: false
Unique ID: a94abd5c-9154-4b81-b503-1a25e52ed908,
Billed Duration for Request a94abd5c-9154-4b81-b503-1a25e52ed908: 97 ms
Pi: 3.140072,
Input: 1000000,
Cold Start: false
Unique ID: 4e6e0789-917a-4614-a921-3b99f02560c4,
Billed Duration for Request 4e6e0789-917a-4614-a921-3b99f02560c4: 98 ms
Pi: 3.142188,
Input: 1000000,
Cold Start: false
Unique ID: 1faa06e5-0a8c-4c86-9c16-447b2431a256,
Billed Duration for Request 1faa06e5-0a8c-4c86-9c16-447b2431a256: 93 ms
Pi: 3.141572,
Input: 1000000,
Cold Start: false
Unique ID: 3e955b42-fd8d-4717-a7c9-d6e2fc8ecfde,
Billed Duration for Request 3e955b42-fd8d-4717-a7c9-d6e2fc8ecfde: 98 ms
Pi: 3.139936,
Input: 1000000,
Cold Start: false
Unique ID: 947b0697-204f-48dc-8fdf-840c2f3d81de,
Billed Duration for Request 947b0697-204f-48dc-8fdf-840c2f3d81de: 97 ms
Pi: 3.141852,
Input: 1000000,
Cold Start: false
Unique ID: 5b7f40a1-8c3c-42ff-bddf-a1cfbebf1509,
Billed Duration for Request 5b7f40a1-8c3c-42ff-bddf-a1cfbebf1509: 96 ms
Pi: 3.140992,
Input: 1000000,
Cold Start: false
Unique ID: 3aea7cd6-7c59-423b-90d8-9851d9217465,
Billed Duration for Request 3aea7cd6-7c59-423b-90d8-9851d9217465: 94 ms
Pi: 3.142736,
Input: 1000000,
Cold Start: false
Unique ID: bc04a172-009d-43ac-84b2-d060bc9f23e6,
Billed Duration for Request bc04a172-009d-43ac-84b2-d060bc9f23e6: 94 ms
Pi: 3.141556,
Input: 1000000,
Cold Start: false
Unique ID: decfd457-b6f0-4a12-9ce3-0e039d12f289,
Billed Duration for Request decfd457-b6f0-4a12-9ce3-0e039d12f289: 98 ms
Pi: 3.140768,
Input: 1000000,
Cold Start: false
Unique ID: c31b6861-39bb-4d3f-a2b2-9603d939dea7,
Billed Duration for Request c31b6861-39bb-4d3f-a2b2-9603d939dea7: 97 ms
Pi: 3.142456,
Input: 1000000,
Cold Start: false
Unique ID: 9de0b2ea-67e2-4393-b8f3-a476d16c86b6,
Billed Duration for Request 9de0b2ea-67e2-4393-b8f3-a476d16c86b6: 97 ms
Pi: 3.141844,
Input: 1000000,
Cold Start: false
Unique ID: caabb3dd-6dd0-4f95-8b8d-98703b8c7dae,
Billed Duration for Request caabb3dd-6dd0-4f95-8b8d-98703b8c7dae: 96 ms
Pi: 3.143232,
Input: 1000000,
Cold Start: false
Unique ID: 552548b3-fe65-4263-a1f8-cb5b7bf2a833,
Billed Duration for Request 552548b3-fe65-4263-a1f8-cb5b7bf2a833: 96 ms
Pi: 3.142444,
Input: 1000000,
Cold Start: false
Unique ID: e056c546-3e46-4739-b840-c2f382bc2697,
Billed Duration for Request e056c546-3e46-4739-b840-c2f382bc2697: 96 ms
Pi: 3.141472,
Input: 1000000,
Cold Start: false
Unique ID: 8f4d9dec-cd8c-470c-a52b-730dde16c622,
Billed Duration for Request 8f4d9dec-cd8c-470c-a52b-730dde16c622: 89 ms
Pi: 3.140336,
Input: 1000000,
Cold Start: false
Unique ID: 676f939b-6728-4c14-95bd-2bffe0e868bd,
Billed Duration for Request 676f939b-6728-4c14-95bd-2bffe0e868bd: 97 ms
Pi: 3.137572,
Input: 1000000,
Cold Start: false
Unique ID: 4db1bdb7-46ef-4e20-ae97-5794208319b0,
Billed Duration for Request 4db1bdb7-46ef-4e20-ae97-5794208319b0: 89 ms
Pi: 3.141804,
Input: 1000000,
Cold Start: false
Unique ID: 28dfa57f-eb8a-4ace-ae2b-09f41700d66b,
Billed Duration for Request 28dfa57f-eb8a-4ace-ae2b-09f41700d66b: 98 ms
Pi: 3.141728,
Input: 1000000,
Cold Start: false
Unique ID: c49d56b7-e539-4bb0-9953-03a4f67eb7e2,
Billed Duration for Request c49d56b7-e539-4bb0-9953-03a4f67eb7e2: 97 ms
Pi: 3.138988,
Input: 1000000,
Cold Start: false
Unique ID: 1d90aa31-6982-4271-8c2d-81c537860b3b,
Billed Duration for Request 1d90aa31-6982-4271-8c2d-81c537860b3b: 101 ms
Pi: 3.141052,
Input: 1000000,
Cold Start: false
Unique ID: 3cdd5a8d-aebc-433f-91b6-eac66bf89073,
Billed Duration for Request 3cdd5a8d-aebc-433f-91b6-eac66bf89073: 98 ms
Pi: 3.142668,
Input: 1000000,
Cold Start: false
Unique ID: ac0e9a8e-514f-4014-9046-a06bc809a3d4,
Billed Duration for Request ac0e9a8e-514f-4014-9046-a06bc809a3d4: 101 ms
Pi: 3.141324,
Input: 1000000,
Cold Start: false
Unique ID: 9e4e38dd-f11d-491c-8b5b-2d79378be30e,
Billed Duration for Request 9e4e38dd-f11d-491c-8b5b-2d79378be30e: 98 ms
Pi: 3.14346,
Input: 1000000,
Cold Start: false
Unique ID: d211ba5b-3ed9-480a-87b5-0ef422778926,
Billed Duration for Request d211ba5b-3ed9-480a-87b5-0ef422778926: 94 ms
Pi: 3.140524,
Input: 1000000,
Cold Start: false
Unique ID: df3f7c2a-929c-49df-a2f2-01b6bc489939,
Billed Duration for Request df3f7c2a-929c-49df-a2f2-01b6bc489939: 97 ms
Pi: 3.141948,
Input: 1000000,
Cold Start: false
Unique ID: 94466d41-7d32-40b9-8f3b-25f21887cf4f,
Billed Duration for Request 94466d41-7d32-40b9-8f3b-25f21887cf4f: 94 ms
Pi: 3.143356,
Input: 1000000,
Cold Start: false
Unique ID: e1ead027-8b64-410b-b994-e56c21ec98f7,
Billed Duration for Request e1ead027-8b64-410b-b994-e56c21ec98f7: 101 ms
Pi: 3.141992,
Input: 1000000,
Cold Start: false
Unique ID: d302e055-9b46-44bd-b624-33500c8d23a0,
Billed Duration for Request d302e055-9b46-44bd-b624-33500c8d23a0: 93 ms
Pi: 3.141712,
Input: 1000000,
Cold Start: false
Unique ID: c1c77a48-9309-4d08-8ec4-17305f070495,
Billed Duration for Request c1c77a48-9309-4d08-8ec4-17305f070495: 97 ms
Pi: 3.144112,
Input: 1000000,
Cold Start: false
Unique ID: f9dd4a45-2ec7-4666-9017-dc83b22b9768,
Billed Duration for Request f9dd4a45-2ec7-4666-9017-dc83b22b9768: 93 ms
Pi: 3.143592,
Input: 1000000,
Cold Start: false
Unique ID: 541da6ef-b501-40a9-acaf-4feb3a7d419e,
Billed Duration for Request 541da6ef-b501-40a9-acaf-4feb3a7d419e: 93 ms
Pi: 3.138808,
Input: 1000000,
Cold Start: false
Unique ID: b28482d7-ceaf-4a27-a747-c4de139e2be9,
Billed Duration for Request b28482d7-ceaf-4a27-a747-c4de139e2be9: 97 ms
Pi: 3.141008,
Input: 1000000,
Cold Start: false
Unique ID: 3da548a1-2816-46ec-ac4b-1bacf1f37d34,
Billed Duration for Request 3da548a1-2816-46ec-ac4b-1bacf1f37d34: 94 ms
Pi: 3.144416,
Input: 1000000,
Cold Start: false
Unique ID: 6ebbae96-451b-4a19-8b76-ffa2e2a231c3,
Billed Duration for Request 6ebbae96-451b-4a19-8b76-ffa2e2a231c3: 95 ms
Pi: 3.142272,
Input: 1000000,
Cold Start: false
Unique ID: c32ac1a0-1520-46aa-8636-2d7d047126e8,
Billed Duration for Request c32ac1a0-1520-46aa-8636-2d7d047126e8: 97 ms
Pi: 3.141484,
Input: 1000000,
Cold Start: false
Unique ID: c28025a5-f737-4a82-af69-a58d3ee435a2,
Billed Duration for Request c28025a5-f737-4a82-af69-a58d3ee435a2: 97 ms
Pi: 3.143268,
Input: 1000000,
Cold Start: false
Unique ID: 49c3a894-2d90-4224-af2c-4d4e0ca3d345,
Billed Duration for Request 49c3a894-2d90-4224-af2c-4d4e0ca3d345: 97 ms
Pi: 3.14358,
Input: 1000000,
Cold Start: false
Unique ID: 3a2b8397-f30b-4f6f-a6d9-c5babef92845,
Billed Duration for Request 3a2b8397-f30b-4f6f-a6d9-c5babef92845: 97 ms
Pi: 3.143508,
Input: 1000000,
Cold Start: false
Unique ID: f12e7f88-c46f-4d1b-833b-85991096c496,
Billed Duration for Request f12e7f88-c46f-4d1b-833b-85991096c496: 101 ms
Pi: 3.144612,
Input: 1000000,
Cold Start: false
Unique ID: 7f0224c6-cf55-486e-b4f3-ffb313d9fe6b,
Billed Duration for Request 7f0224c6-cf55-486e-b4f3-ffb313d9fe6b: 94 ms
Pi: 3.142192,
Input: 1000000,
Cold Start: false
Unique ID: dad78e53-a0e1-4c13-8766-073d23f77b55,
Billed Duration for Request dad78e53-a0e1-4c13-8766-073d23f77b55: 107 ms
Pi: 3.141184,
Input: 1000000,
Cold Start: false
Unique ID: 277b6b76-b49c-4440-b95c-111001612bb5,
Billed Duration for Request 277b6b76-b49c-4440-b95c-111001612bb5: 93 ms
Pi: 3.141848,
Input: 1000000,
Cold Start: false
Unique ID: fae61c1c-c2cb-413e-9086-ff6e1fcb3807,
Billed Duration for Request fae61c1c-c2cb-413e-9086-ff6e1fcb3807: 94 ms
Pi: 3.144584,
Input: 1000000,
Cold Start: false
Unique ID: 95123ae0-a107-4415-ae93-61c535b9d08b,
Billed Duration for Request 95123ae0-a107-4415-ae93-61c535b9d08b: 94 ms
Pi: 3.139912,
Input: 1000000,
Cold Start: false
Unique ID: 1f13df31-6209-437e-84c6-45d787a9969a,
Billed Duration for Request 1f13df31-6209-437e-84c6-45d787a9969a: 98 ms
Pi: 3.140532,
Input: 1000000,
Cold Start: false
Unique ID: b5b589b7-b838-4678-a947-1ad59a4f3261,
Billed Duration for Request b5b589b7-b838-4678-a947-1ad59a4f3261: 97 ms
Pi: 3.141868,
Input: 1000000,
Cold Start: false
Unique ID: 6096b077-64ad-4f5e-bed1-cd8c832f400c,
Billed Duration for Request 6096b077-64ad-4f5e-bed1-cd8c832f400c: 98 ms
Pi: 3.14016,
Input: 1000000,
Cold Start: false
Unique ID: 9c949bb0-cc60-4484-99fd-69e92996db44,
Billed Duration for Request 9c949bb0-cc60-4484-99fd-69e92996db44: 97 ms
Pi: 3.143604,
Input: 1000000,
Cold Start: false
Unique ID: 5633cfe3-2f0f-410a-85b5-6590198d617e,
Billed Duration for Request 5633cfe3-2f0f-410a-85b5-6590198d617e: 102 ms
Pi: 3.1434,
Input: 1000000,
Cold Start: false
Unique ID: eedba7ab-8424-4af0-959b-1a1d267827e6,
Billed Duration for Request eedba7ab-8424-4af0-959b-1a1d267827e6: 93 ms
Pi: 3.143504,
Input: 1000000,
Cold Start: false
Unique ID: 1c7a48de-a48a-4d74-a750-c9f50e31c91e,
Billed Duration for Request 1c7a48de-a48a-4d74-a750-c9f50e31c91e: 96 ms
Pi: 3.141916,
Input: 1000000,
Cold Start: false
Unique ID: a093f331-9211-40f8-884e-68ef68e4d96d,
Billed Duration for Request a093f331-9211-40f8-884e-68ef68e4d96d: 98 ms
Pi: 3.140892,
Input: 1000000,
Cold Start: false
Unique ID: c37e5973-4eec-4a22-a43e-7945f44055cb,
Billed Duration for Request c37e5973-4eec-4a22-a43e-7945f44055cb: 97 ms
Pi: 3.142976,
Input: 1000000,
Cold Start: false
Unique ID: 399837af-9620-4afe-821d-bd974d42527a,
Billed Duration for Request 399837af-9620-4afe-821d-bd974d42527a: 105 ms
Pi: 3.139824,
Input: 1000000,
Cold Start: false
Unique ID: c684d955-92c4-4616-9cca-1fa70d531a1b,
Billed Duration for Request c684d955-92c4-4616-9cca-1fa70d531a1b: 97 ms
Pi: 3.14098,
Input: 1000000,
Cold Start: false
Unique ID: 03472b78-2879-444b-93a9-031cce60f8ed,
Billed Duration for Request 03472b78-2879-444b-93a9-031cce60f8ed: 93 ms
Pi: 3.140904,
Input: 1000000,
Cold Start: false
Unique ID: 0892314f-af02-4c59-af68-1d13c575ba74,
Billed Duration for Request 0892314f-af02-4c59-af68-1d13c575ba74: 96 ms
Pi: 3.138964,
Input: 1000000,
Cold Start: false
Unique ID: 8279037a-b376-4830-9298-130e795c2019,
Billed Duration for Request 8279037a-b376-4830-9298-130e795c2019: 97 ms
Pi: 3.139508,
Input: 1000000,
Cold Start: false
Unique ID: 5ed92d36-223a-43ec-9ccb-a4fa029b3a70,
Billed Duration for Request 5ed92d36-223a-43ec-9ccb-a4fa029b3a70: 101 ms
Pi: 3.141864,
Input: 1000000,
Cold Start: false
Unique ID: 73c34630-0318-4fa6-80a9-5b68d51068b8,
Billed Duration for Request 73c34630-0318-4fa6-80a9-5b68d51068b8: 101 ms
Pi: 3.141416,
Input: 1000000,
Cold Start: false
Unique ID: 41cb6814-f452-44a9-ae75-1423d3d6370b,
Billed Duration for Request 41cb6814-f452-44a9-ae75-1423d3d6370b: 99 ms
Pi: 3.142784,
Input: 1000000,
Cold Start: false
Unique ID: 48646edb-c01b-4787-b976-c6e1f358a89e,
Billed Duration for Request 48646edb-c01b-4787-b976-c6e1f358a89e: 94 ms
Pi: 3.144012,
Input: 1000000,
Cold Start: false
Unique ID: 2f8d0f62-fc20-4ed8-929f-1b8e0a499da7,
Billed Duration for Request 2f8d0f62-fc20-4ed8-929f-1b8e0a499da7: 93 ms
Pi: 3.139584,
Input: 1000000,
Cold Start: false
Unique ID: 35cd5434-212d-4d24-94ff-6a331f7aae2e,
Billed Duration for Request 35cd5434-212d-4d24-94ff-6a331f7aae2e: 93 ms
Pi: 3.14148,
Input: 1000000,
Cold Start: false
Unique ID: 0c77c53c-6c20-401f-89e0-3a2b813f17f2,
Billed Duration for Request 0c77c53c-6c20-401f-89e0-3a2b813f17f2: 89 ms
Pi: 3.14384,
Input: 1000000,
Cold Start: false
Unique ID: 0224d6d1-2b26-46c7-a7cf-afbfedd3a3f5,
Billed Duration for Request 0224d6d1-2b26-46c7-a7cf-afbfedd3a3f5: 97 ms
Pi: 3.142516,
Input: 1000000,
Cold Start: false
Unique ID: 6aa1c5ec-54ac-449b-bfa1-c4f764722991,
Billed Duration for Request 6aa1c5ec-54ac-449b-bfa1-c4f764722991: 97 ms
Pi: 3.140896,
Input: 1000000,
Cold Start: false
Unique ID: a3c571cf-794e-4b2c-b01e-d39fec0b76ab,
Billed Duration for Request a3c571cf-794e-4b2c-b01e-d39fec0b76ab: 98 ms
Pi: 3.142892,
Input: 1000000,
Cold Start: false
Unique ID: 1d9e0e60-9234-46d0-8445-18044f36b76b,
Billed Duration for Request 1d9e0e60-9234-46d0-8445-18044f36b76b: 97 ms
Pi: 3.14054,
Input: 1000000,
Cold Start: false
Unique ID: 6b78f8c7-842e-4ad8-a203-df8ad346cea3,
Billed Duration for Request 6b78f8c7-842e-4ad8-a203-df8ad346cea3: 97 ms
Pi: 3.142496,
Input: 1000000,
Cold Start: false
Unique ID: bb47bca4-6713-4d90-9814-bd73d321b941,
Billed Duration for Request bb47bca4-6713-4d90-9814-bd73d321b941: 93 ms
Pi: 3.141604,
Input: 1000000,
Cold Start: false
Unique ID: 903826fe-21d7-4ff4-a236-7c1b03c7d100,
Billed Duration for Request 903826fe-21d7-4ff4-a236-7c1b03c7d100: 118 ms
Pi: 3.143808,
Input: 1000000,
Cold Start: false
Unique ID: 9b278286-7fb5-4cdc-97d2-abcb39a710c3,
Billed Duration for Request 9b278286-7fb5-4cdc-97d2-abcb39a710c3: 97 ms
Pi: 3.143932,
Input: 1000000,
Cold Start: false
Unique ID: c6f7105f-7f06-4c4d-ae27-1b61c62b532b,
Billed Duration for Request c6f7105f-7f06-4c4d-ae27-1b61c62b532b: 97 ms
Pi: 3.143116,
Input: 1000000,
Cold Start: false
Unique ID: c1e45576-50ae-46c6-9346-f3ae66d72150,
Billed Duration for Request c1e45576-50ae-46c6-9346-f3ae66d72150: 101 ms
Pi: 3.13872,
Input: 1000000,
Cold Start: false
Unique ID: 8e6b9123-630a-4cec-a527-22cdfb286d95,
Billed Duration for Request 8e6b9123-630a-4cec-a527-22cdfb286d95: 98 ms
Pi: 3.142156,
Input: 1000000,
Cold Start: false
Unique ID: 52973822-2a83-4b2c-8f12-1a0b509e4c92,
Billed Duration for Request 52973822-2a83-4b2c-8f12-1a0b509e4c92: 97 ms
Pi: 3.141156,
Input: 1000000,
Cold Start: false
Unique ID: 7efb7fac-684f-4e34-b518-5ea680f2bd6a,
Billed Duration for Request 7efb7fac-684f-4e34-b518-5ea680f2bd6a: 92 ms
Pi: 3.144244,
Input: 1000000,
Cold Start: false
Unique ID: eb9e5622-9bca-4052-8dc1-1ff9c40f131b,
Billed Duration for Request eb9e5622-9bca-4052-8dc1-1ff9c40f131b: 93 ms
Pi: 3.13904,
Input: 1000000,
Cold Start: false
Unique ID: 7b61e4ad-8802-4033-97ba-7854efc200c7,
Billed Duration for Request 7b61e4ad-8802-4033-97ba-7854efc200c7: 97 ms
Pi: 3.14138,
Input: 1000000,
Cold Start: false
Unique ID: 7d85ab58-d80b-45cd-a4e8-3b6d584fa450,
Billed Duration for Request 7d85ab58-d80b-45cd-a4e8-3b6d584fa450: 97 ms
Pi: 3.141396,
Input: 1000000,
Cold Start: false
Unique ID: f9e08223-5c4f-4812-964d-7d4f9c367e48,
Billed Duration for Request f9e08223-5c4f-4812-964d-7d4f9c367e48: 96 ms
Pi: 3.142796,
Input: 1000000,
Cold Start: false
Unique ID: bba4d366-2e45-46fd-8f43-ef4f55e695e6,
Billed Duration for Request bba4d366-2e45-46fd-8f43-ef4f55e695e6: 107 ms
Pi: 3.13988,
Input: 1000000,
Cold Start: false
Unique ID: 7b78f96a-5064-48b0-ad1c-b9ab6cfbb18f,
Billed Duration for Request 7b78f96a-5064-48b0-ad1c-b9ab6cfbb18f: 96 ms
Pi: 3.139904,
Input: 1000000,
Cold Start: false
Unique ID: 87641579-d7b4-4580-996b-cc882c9154c1,
Billed Duration for Request 87641579-d7b4-4580-996b-cc882c9154c1: 96 ms
Pi: 3.141428,
Input: 1000000,
Cold Start: false
Unique ID: 5312f8b8-6dde-4064-878a-31b2d0e7ca72,
Billed Duration for Request 5312f8b8-6dde-4064-878a-31b2d0e7ca72: 93 ms
Pi: 3.140156,
Input: 1000000,
Cold Start: false
Unique ID: 053d45eb-9dc9-4f78-9011-e6c24f4f3633,
Billed Duration for Request 053d45eb-9dc9-4f78-9011-e6c24f4f3633: 92 ms
Pi: 3.141084,
Input: 1000000,
Cold Start: false
Unique ID: 32c75b11-e2d6-46af-a87b-6c337a1bf658,
Billed Duration for Request 32c75b11-e2d6-46af-a87b-6c337a1bf658: 93 ms
Pi: 3.140072,
Input: 1000000,
Cold Start: false
Unique ID: 59c20066-2c6e-4f8d-999b-5f525402a499,
Billed Duration for Request 59c20066-2c6e-4f8d-999b-5f525402a499: 96 ms
Pi: 3.140888,
Input: 1000000,
Cold Start: false
Unique ID: d92098f0-1521-4535-909e-9a0c71f97838,
Billed Duration for Request d92098f0-1521-4535-909e-9a0c71f97838: 98 ms
Pi: 3.141604,
Input: 1000000,
Cold Start: false
Unique ID: e7c03dd7-3f65-470e-9305-2c8ec64b469c,
Billed Duration for Request e7c03dd7-3f65-470e-9305-2c8ec64b469c: 92 ms
Pi: 3.143564,
Input: 1000000,
Cold Start: false
Unique ID: 1fa7946e-ab7e-4948-bcda-284df27231b5,
Billed Duration for Request 1fa7946e-ab7e-4948-bcda-284df27231b5: 96 ms
Pi: 3.140848,
Input: 1000000,
Cold Start: false
Unique ID: 460f254c-539e-4ca4-81e0-f25367b8f674,
Billed Duration for Request 460f254c-539e-4ca4-81e0-f25367b8f674: 96 ms
Pi: 3.142152,
Input: 1000000,
Cold Start: false
Unique ID: 390701fa-919f-4a39-a560-e22425bfa9f1,
Billed Duration for Request 390701fa-919f-4a39-a560-e22425bfa9f1: 97 ms
Pi: 3.139504,
Input: 1000000,
Cold Start: false
Unique ID: feeeedbe-f7d7-44c9-bb7a-8d0dcbbf5405,
Billed Duration for Request feeeedbe-f7d7-44c9-bb7a-8d0dcbbf5405: 97 ms
Pi: 3.14014,
Input: 1000000,
Cold Start: false
Unique ID: 73fc7e65-4013-4cc4-8ed8-4b3d72ac3782,
Billed Duration for Request 73fc7e65-4013-4cc4-8ed8-4b3d72ac3782: 94 ms
Pi: 3.144332,
Input: 1000000,
Cold Start: false
