Unique ID: 742245bc56d4c4b0e5783d062c9c2f5d,
Execution Time for Trace ID 742245bc56d4c4b0e5783d062c9c2f5d: 100 ms
Input: 1000000,
Cold Start: false
Unique ID: 00e04961ab417532fdd41dd88b5b2bb4,
Execution Time for Trace ID 00e04961ab417532fdd41dd88b5b2bb4: 61 ms
Input: 1000000,
Cold Start: false
Unique ID: ceebe1162cc8854451d13d0c6e8d9437,
Execution Time for Trace ID ceebe1162cc8854451d13d0c6e8d9437: 36 ms
Input: 1000000,
Cold Start: false
Unique ID: cf9dc9c784cf60cff0b31ac701fc9fc9,
Execution Time for Trace ID cf9dc9c784cf60cff0b31ac701fc9fc9: 37 ms
Input: 1000000,
Cold Start: false
Unique ID: e057a043c7dbc0d28d7e6066daa7555c,
Execution Time for Trace ID e057a043c7dbc0d28d7e6066daa7555c: 37 ms
Input: 1000000,
Cold Start: false
Unique ID: 6f84c3564b08c27990300220b4824f36,
Execution Time for Trace ID 6f84c3564b08c27990300220b4824f36: 37 ms
Input: 1000000,
Cold Start: false
Unique ID: 6120b18cce9ebb742199964d462b3873,
Execution Time for Trace ID 6120b18cce9ebb742199964d462b3873: 37 ms
Input: 1000000,
Cold Start: false
Unique ID: 2ab0d2dc65f7f6837d8d90491d14b0c0,
Execution Time for Trace ID 2ab0d2dc65f7f6837d8d90491d14b0c0: 36 ms
Input: 1000000,
Cold Start: false
Unique ID: edb55fae4318755a3e170561fd74b5c2,
Execution Time for Trace ID edb55fae4318755a3e170561fd74b5c2: 36 ms
Input: 1000000,
Cold Start: false
Unique ID: 919ab81153b13312ebbb85de719496f5,
Execution Time for Trace ID 919ab81153b13312ebbb85de719496f5: 37 ms
Input: 1000000,
Cold Start: false
Unique ID: 3caf681ac3d8ac6f2a86153d0091de67,
Execution Time for Trace ID 3caf681ac3d8ac6f2a86153d0091de67: 38 ms
Input: 1000000,
Cold Start: false
Unique ID: 847fc6edb8e1e003d5e3abcf357a537a,
Execution Time for Trace ID 847fc6edb8e1e003d5e3abcf357a537a: 38 ms
Input: 1000000,
Cold Start: false
Unique ID: a0cee0cd490365301cb503b962ae6219,
Execution Time for Trace ID a0cee0cd490365301cb503b962ae6219: 37 ms
Input: 1000000,
Cold Start: false
Unique ID: 9cea474b8c7ec5a40ab97969fc7a9407,
Execution Time for Trace ID 9cea474b8c7ec5a40ab97969fc7a9407: 37 ms
Input: 1000000,
Cold Start: false
Unique ID: ada563652114559ef33250e5e9f1cc60,
Execution Time for Trace ID ada563652114559ef33250e5e9f1cc60: 37 ms
Input: 1000000,
Cold Start: false
Unique ID: 825b4c0f11e17d6bd8a047ac8eec450a,
Execution Time for Trace ID 825b4c0f11e17d6bd8a047ac8eec450a: 53 ms
Input: 1000000,
Cold Start: false
Unique ID: 4a0a8dc88a0709829a764e9248170926,
Execution Time for Trace ID 4a0a8dc88a0709829a764e9248170926: 36 ms
Input: 1000000,
Cold Start: false
Unique ID: 8537ed8d4137c68ba21add8e973bff44,
Execution Time for Trace ID 8537ed8d4137c68ba21add8e973bff44: 74 ms
Input: 1000000,
Cold Start: false
Unique ID: cf61360238de78b325c0e1f50d1cea21,
Execution Time for Trace ID cf61360238de78b325c0e1f50d1cea21: 41 ms
Input: 1000000,
Cold Start: false
Unique ID: 0d72f074c3830ab02bdc0dbfd08f2884,
Execution Time for Trace ID 0d72f074c3830ab02bdc0dbfd08f2884: 45 ms
Input: 1000000,
Cold Start: false
Unique ID: 435e9213bfab576698d30cea9c846bee,
Execution Time for Trace ID 435e9213bfab576698d30cea9c846bee: 39 ms
Input: 1000000,
Cold Start: false
Unique ID: 9cc4b379cf85f5c968f44cabed885103,
Execution Time for Trace ID 9cc4b379cf85f5c968f44cabed885103: 36 ms
Input: 1000000,
Cold Start: false
Unique ID: 5d4382785d2f37429fd3b43a04ef173a,
Execution Time for Trace ID 5d4382785d2f37429fd3b43a04ef173a: 37 ms
Input: 1000000,
Cold Start: false
Unique ID: a1a00a051f78ba5f84dc2a7a83dc30a7,
Execution Time for Trace ID a1a00a051f78ba5f84dc2a7a83dc30a7: 38 ms
Input: 1000000,
Cold Start: false
Unique ID: 04e9326bed5e5912c1c2f961caa4c8bf,
Execution Time for Trace ID 04e9326bed5e5912c1c2f961caa4c8bf: 38 ms
Input: 1000000,
Cold Start: false
Unique ID: 98d16cc19479021a10bcb40e0b6ba461,
Execution Time for Trace ID 98d16cc19479021a10bcb40e0b6ba461: 37 ms
Input: 1000000,
Cold Start: false
Unique ID: 6b8860a07585144d6db79e885b3791e7,
Execution Time for Trace ID 6b8860a07585144d6db79e885b3791e7: 38 ms
Input: 1000000,
Cold Start: false
Unique ID: f8e90f8a1dfbed4858292f6c5938d49b,
Execution Time for Trace ID f8e90f8a1dfbed4858292f6c5938d49b: 37 ms
Input: 1000000,
Cold Start: false
Unique ID: ef8e401f7a50aaeb94f3c4f57f06739f,
Execution Time for Trace ID ef8e401f7a50aaeb94f3c4f57f06739f: 37 ms
Input: 1000000,
Cold Start: false
Unique ID: 51bffd4738b7c677467ce52e66fcc815,
Execution Time for Trace ID 51bffd4738b7c677467ce52e66fcc815: 37 ms
Input: 1000000,
Cold Start: false
Unique ID: b0fd3fb602ff031f9bbd1d1211698ca5,
Execution Time for Trace ID b0fd3fb602ff031f9bbd1d1211698ca5: 37 ms
Input: 1000000,
Cold Start: false
Unique ID: 55dc249166037b255f3bb390794b3649,
Execution Time for Trace ID 55dc249166037b255f3bb390794b3649: 43 ms
Input: 1000000,
Cold Start: false
Unique ID: f926e69b66e4356b322ab6a416aa6643,
Execution Time for Trace ID f926e69b66e4356b322ab6a416aa6643: 36 ms
Input: 1000000,
Cold Start: false
Unique ID: b3fc2036fae4398c9cd845ebc4fbc45e,
Execution Time for Trace ID b3fc2036fae4398c9cd845ebc4fbc45e: 40 ms
Input: 1000000,
Cold Start: false
Unique ID: 202c11bc8e169bcf173e19377837772f,
Execution Time for Trace ID 202c11bc8e169bcf173e19377837772f: 37 ms
Input: 1000000,
Cold Start: false
Unique ID: db8ced9311a7c06eea5068178d1fb294,
Execution Time for Trace ID db8ced9311a7c06eea5068178d1fb294: 37 ms
Input: 1000000,
Cold Start: false
Unique ID: 3f757c18c79f44cc35b4c96f59b261fd,
Execution Time for Trace ID 3f757c18c79f44cc35b4c96f59b261fd: 37 ms
Input: 1000000,
Cold Start: false
Unique ID: b62e37ab0040be6a8d7f7d78874380ec,
Execution Time for Trace ID b62e37ab0040be6a8d7f7d78874380ec: 38 ms
Input: 1000000,
Cold Start: false
Unique ID: 765b89ad6276c3d9f1564dce786fce7d,
Execution Time for Trace ID 765b89ad6276c3d9f1564dce786fce7d: 37 ms
Input: 1000000,
Cold Start: false
Unique ID: 401d0a80be9ed58206ccdc24c7efdee5,
Execution Time for Trace ID 401d0a80be9ed58206ccdc24c7efdee5: 37 ms
Input: 1000000,
Cold Start: false
Unique ID: bec2bbfad4b93747b8d8c79c0cce21dd,
Execution Time for Trace ID bec2bbfad4b93747b8d8c79c0cce21dd: 39 ms
Input: 1000000,
Cold Start: false
Unique ID: 2f9f089638bc8535d8a5fb6a80166713,
Execution Time for Trace ID 2f9f089638bc8535d8a5fb6a80166713: 91 ms
Input: 1000000,
Cold Start: false
Unique ID: 5a729426536d5981225992a7a017dc80,
Execution Time for Trace ID 5a729426536d5981225992a7a017dc80: 46 ms
Input: 1000000,
Cold Start: false
Unique ID: 1f2de694a62e94ef2ed0e7eb45659b34,
Execution Time for Trace ID 1f2de694a62e94ef2ed0e7eb45659b34: 70 ms
Input: 1000000,
Cold Start: false
Unique ID: e9617ee2c56a6467413bbbab96c14f22,
Execution Time for Trace ID e9617ee2c56a6467413bbbab96c14f22: 67 ms
Input: 1000000,
Cold Start: false
Unique ID: 399d941f514833f93fc85cdd4810c3cf,
Execution Time for Trace ID 399d941f514833f93fc85cdd4810c3cf: 41 ms
Input: 1000000,
Cold Start: false
Unique ID: c27c5be4a9f1ef00d814c7460459aa7c,
Execution Time for Trace ID c27c5be4a9f1ef00d814c7460459aa7c: 37 ms
Input: 1000000,
Cold Start: false
Unique ID: 7ae3793aaab89d30963ca5e2deb15beb,
Execution Time for Trace ID 7ae3793aaab89d30963ca5e2deb15beb: 37 ms
Input: 1000000,
Cold Start: false
Unique ID: ad31369c87a9930afd7c23dfa5b29b06,
Execution Time for Trace ID ad31369c87a9930afd7c23dfa5b29b06: 37 ms
Input: 1000000,
Cold Start: false
Unique ID: 572f14fa9ab0981f44a1f2ea5ac0050d,
Execution Time for Trace ID 572f14fa9ab0981f44a1f2ea5ac0050d: 37 ms
Input: 1000000,
Cold Start: false
Unique ID: a6080f4d41fb8f3ad4d35595c1a4c0e0,
Execution Time for Trace ID a6080f4d41fb8f3ad4d35595c1a4c0e0: 36 ms
Input: 1000000,
Cold Start: false
Unique ID: 460429a5e85ccaef82f289a0a9c6dd66,
Execution Time for Trace ID 460429a5e85ccaef82f289a0a9c6dd66: 37 ms
Input: 1000000,
Cold Start: false
Unique ID: 01dfdd2ae37f494172e3091e8e46a5b4,
Execution Time for Trace ID 01dfdd2ae37f494172e3091e8e46a5b4: 36 ms
Input: 1000000,
Cold Start: false
Unique ID: ff4d06e386bde8507737078158c0bafe,
Execution Time for Trace ID ff4d06e386bde8507737078158c0bafe: 39 ms
Input: 1000000,
Cold Start: false
Unique ID: 6035e6c8141ed91312222b6322df09db,
Execution Time for Trace ID 6035e6c8141ed91312222b6322df09db: 37 ms
Input: 1000000,
Cold Start: false
Unique ID: a9f0054b160c66a0bd50230bf59e03b3,
Execution Time for Trace ID a9f0054b160c66a0bd50230bf59e03b3: 41 ms
Input: 1000000,
Cold Start: false
Unique ID: d6b5677dce058e5b63843abc507be75e,
Execution Time for Trace ID d6b5677dce058e5b63843abc507be75e: 39 ms
Input: 1000000,
Cold Start: false
Unique ID: 75446c38f08c11c1321d073ed77fb7cf,
Execution Time for Trace ID 75446c38f08c11c1321d073ed77fb7cf: 38 ms
Input: 1000000,
Cold Start: false
Unique ID: 8dfca1966c60f1d1b2bcf2405679e90c,
Execution Time for Trace ID 8dfca1966c60f1d1b2bcf2405679e90c: 37 ms
Input: 1000000,
Cold Start: false
Unique ID: 63ac28af8f4cab42feb5fd03516b51fe,
Execution Time for Trace ID 63ac28af8f4cab42feb5fd03516b51fe: 37 ms
Input: 1000000,
Cold Start: false
Unique ID: a99f59456a82e02160985dee0c023e49,
Execution Time for Trace ID a99f59456a82e02160985dee0c023e49: 40 ms
Input: 1000000,
Cold Start: false
Unique ID: 19b5d9d444850f8cfa2aef44d25b8bc1,
Execution Time for Trace ID 19b5d9d444850f8cfa2aef44d25b8bc1: 41 ms
Input: 1000000,
Cold Start: false
Unique ID: 404026620f5f8f7ee9f92c5c6f6341ce,
Execution Time for Trace ID 404026620f5f8f7ee9f92c5c6f6341ce: 37 ms
Input: 1000000,
Cold Start: false
Unique ID: e8668fc06e56dded46d44230193e76d6,
Execution Time for Trace ID e8668fc06e56dded46d44230193e76d6: 38 ms
Input: 1000000,
Cold Start: false
Unique ID: 704f8faede0e16bbe2f32e66ecb00718,
Execution Time for Trace ID 704f8faede0e16bbe2f32e66ecb00718: 38 ms
Input: 1000000,
Cold Start: false
Unique ID: d6773b90fc95cb067ee86249ffd923ed,
Execution Time for Trace ID d6773b90fc95cb067ee86249ffd923ed: 38 ms
Input: 1000000,
Cold Start: false
Unique ID: 4d27d7c22da1869ac2f6982f3e953fd4,
Execution Time for Trace ID 4d27d7c22da1869ac2f6982f3e953fd4: 38 ms
Input: 1000000,
Cold Start: false
Unique ID: 48f79de765954b15bc05acc36d62bb98,
Execution Time for Trace ID 48f79de765954b15bc05acc36d62bb98: 38 ms
Input: 1000000,
Cold Start: false
Unique ID: 6b6270aa7df656b6c094b267c5071053,
Execution Time for Trace ID 6b6270aa7df656b6c094b267c5071053: 41 ms
Input: 1000000,
Cold Start: false
Unique ID: c88260da972a4198d6916a949d6b5f62,
Execution Time for Trace ID c88260da972a4198d6916a949d6b5f62: 38 ms
Input: 1000000,
Cold Start: false
Unique ID: 864467d0645e99e0f049c0865250341a,
Execution Time for Trace ID 864467d0645e99e0f049c0865250341a: 37 ms
Input: 1000000,
Cold Start: false
Unique ID: 45da4704feb61129577438de686b004d,
Execution Time for Trace ID 45da4704feb61129577438de686b004d: 38 ms
Input: 1000000,
Cold Start: false
Unique ID: 5637b3f7f88413b5012b5857cebf4b33,
Execution Time for Trace ID 5637b3f7f88413b5012b5857cebf4b33: 37 ms
Input: 1000000,
Cold Start: false
Unique ID: 4a8c43e4234af923fec6ab3b61dac658,
Execution Time for Trace ID 4a8c43e4234af923fec6ab3b61dac658: 39 ms
Input: 1000000,
Cold Start: false
Unique ID: 3a3aef2370335c4c58b4f0b7e0f9e5fe,
Execution Time for Trace ID 3a3aef2370335c4c58b4f0b7e0f9e5fe: 39 ms
Input: 1000000,
Cold Start: false
Unique ID: 6d1ef2ea487c28fb306f95470b371a73,
Execution Time for Trace ID 6d1ef2ea487c28fb306f95470b371a73: 37 ms
Input: 1000000,
Cold Start: false
Unique ID: a1349281f090784c362c9c69bfc66f8a,
Execution Time for Trace ID a1349281f090784c362c9c69bfc66f8a: 38 ms
Input: 1000000,
Cold Start: false
Unique ID: 5e32b8f04fe7a52a61328f1239733070,
Execution Time for Trace ID 5e32b8f04fe7a52a61328f1239733070: 39 ms
Input: 1000000,
Cold Start: false
Unique ID: 0426ee5ba0a47dda3f888996980650c0,
Execution Time for Trace ID 0426ee5ba0a47dda3f888996980650c0: 58 ms
Input: 1000000,
Cold Start: false
Unique ID: 87ccad8bd82d798d3495126b33d443ab,
Execution Time for Trace ID 87ccad8bd82d798d3495126b33d443ab: 38 ms
Input: 1000000,
Cold Start: false
Unique ID: e98ddd021c4e6f5f6a552a123863c0e2,
Execution Time for Trace ID e98ddd021c4e6f5f6a552a123863c0e2: 38 ms
Input: 1000000,
Cold Start: false
Unique ID: 8fbc90bb5245939ec3b935e5aedfc488,
Execution Time for Trace ID 8fbc90bb5245939ec3b935e5aedfc488: 39 ms
Input: 1000000,
Cold Start: false
Unique ID: 1608e58fd6a6ca9dfe741b99c6335173,
Execution Time for Trace ID 1608e58fd6a6ca9dfe741b99c6335173: 37 ms
Input: 1000000,
Cold Start: false
Unique ID: 8107a7e723a61f0917d028ceef101546,
Execution Time for Trace ID 8107a7e723a61f0917d028ceef101546: 40 ms
Input: 1000000,
Cold Start: false
Unique ID: 953b2ca823efdc31649548c9252b998a,
Execution Time for Trace ID 953b2ca823efdc31649548c9252b998a: 60 ms
Input: 1000000,
Cold Start: false
Unique ID: d6f9141e909cd3a523b7db663803f3cb,
Execution Time for Trace ID d6f9141e909cd3a523b7db663803f3cb: 39 ms
Input: 1000000,
Cold Start: false
Unique ID: 3175543d1e58bc3fec295df2e39d98d0,
Execution Time for Trace ID 3175543d1e58bc3fec295df2e39d98d0: 38 ms
Input: 1000000,
Cold Start: false
Unique ID: 15bbc3ced06d94bf3ebfa38f9c6d664c,
Execution Time for Trace ID 15bbc3ced06d94bf3ebfa38f9c6d664c: 39 ms
Input: 1000000,
Cold Start: false
Unique ID: 7b3e3f4232d275b8b3a33c025e1eeb9c,
Execution Time for Trace ID 7b3e3f4232d275b8b3a33c025e1eeb9c: 37 ms
Input: 1000000,
Cold Start: false
Unique ID: d6954b0adb323a1e9128e309474b8f31,
Execution Time for Trace ID d6954b0adb323a1e9128e309474b8f31: 38 ms
Input: 1000000,
Cold Start: false
Unique ID: 672545eb1e6fd28ebfb6949d059c86fb,
Execution Time for Trace ID 672545eb1e6fd28ebfb6949d059c86fb: 39 ms
Input: 1000000,
Cold Start: false
Unique ID: ce65d8a8f2af0288d0d35947e10b2e5c,
Execution Time for Trace ID ce65d8a8f2af0288d0d35947e10b2e5c: 40 ms
Input: 1000000,
Cold Start: false
Unique ID: e3d713bb9e93d06b09c268a8deef8e54,
Execution Time for Trace ID e3d713bb9e93d06b09c268a8deef8e54: 38 ms
Input: 1000000,
Cold Start: false
Unique ID: c01ea903a62461e52f7939d333b01ad9,
Execution Time for Trace ID c01ea903a62461e52f7939d333b01ad9: 38 ms
Input: 1000000,
Cold Start: false
Unique ID: c5902253aebece89f95735a4e9b3d52d,
Execution Time for Trace ID c5902253aebece89f95735a4e9b3d52d: 39 ms
Input: 1000000,
Cold Start: false
Unique ID: 3a977590f76145eed1f28debbaac1e74,
Execution Time for Trace ID 3a977590f76145eed1f28debbaac1e74: 38 ms
Input: 1000000,
Cold Start: false
Unique ID: 189f5ca0f1c78ca21b71e9413730c0c2,
Execution Time for Trace ID 189f5ca0f1c78ca21b71e9413730c0c2: 38 ms
Input: 1000000,
Cold Start: false
Unique ID: b9b1de0d2051ecb82ffb4476ac358939,
Execution Time for Trace ID b9b1de0d2051ecb82ffb4476ac358939: 38 ms
Input: 1000000,
Cold Start: false
Unique ID: 7152ccc56b46ab5491ecabd8856dc654,
Execution Time for Trace ID 7152ccc56b46ab5491ecabd8856dc654: 40 ms
Input: 1000000,
Cold Start: false
Unique ID: 50545c54d4e37292628f0bc3b8f7f962,
Execution Time for Trace ID 50545c54d4e37292628f0bc3b8f7f962: 40 ms
Input: 1000000,
Cold Start: false
Unique ID: 5564f34844419d00bfa75161403056ad,
Execution Time for Trace ID 5564f34844419d00bfa75161403056ad: 39 ms
Input: 1000000,
Cold Start: false
Unique ID: 440a01c24748e42baa2557888b16ebb3,
Execution Time for Trace ID 440a01c24748e42baa2557888b16ebb3: 40 ms
Input: 1000000,
Cold Start: false
Unique ID: c0d4f5116d5f6755028326f068295a94,
Execution Time for Trace ID c0d4f5116d5f6755028326f068295a94: 65 ms
Input: 1000000,
Cold Start: false
Unique ID: 58236127aa1b2892c87605d34c3d9a2f,
Execution Time for Trace ID 58236127aa1b2892c87605d34c3d9a2f: 38 ms
Input: 1000000,
Cold Start: false
Unique ID: 75f90684e7355e8eb42e8789bfb29842,
Execution Time for Trace ID 75f90684e7355e8eb42e8789bfb29842: 37 ms
Input: 1000000,
Cold Start: false
Unique ID: a87578077363eef2ee9d99dc2362d82e,
Execution Time for Trace ID a87578077363eef2ee9d99dc2362d82e: 38 ms
Input: 1000000,
Cold Start: false
Unique ID: c348cee89d51f156d38787df00c8300a,
Execution Time for Trace ID c348cee89d51f156d38787df00c8300a: 39 ms
Input: 1000000,
Cold Start: false
Unique ID: 1321ca9a127bf03168e1f956b3d2a93a,
Execution Time for Trace ID 1321ca9a127bf03168e1f956b3d2a93a: 38 ms
Input: 1000000,
Cold Start: false
Unique ID: 78c0de1f9924dae1037cf8d5aa180dd2,
Execution Time for Trace ID 78c0de1f9924dae1037cf8d5aa180dd2: 38 ms
Input: 1000000,
Cold Start: false
Unique ID: 0b550be2790a999a6c32506297415397,
Execution Time for Trace ID 0b550be2790a999a6c32506297415397: 39 ms
Input: 1000000,
Cold Start: false
Unique ID: 1c586f9184e1f4d88eba702f036e522d,
Execution Time for Trace ID 1c586f9184e1f4d88eba702f036e522d: 37 ms
Input: 1000000,
Cold Start: false
Unique ID: 754f82d7cf4a15aaf354b3f874e88fd3,
Execution Time for Trace ID 754f82d7cf4a15aaf354b3f874e88fd3: 38 ms
Input: 1000000,
Cold Start: false
Unique ID: 72ae9a6de573c668c237bdb87c79b90e,
Execution Time for Trace ID 72ae9a6de573c668c237bdb87c79b90e: 37 ms
Input: 1000000,
Cold Start: false
Unique ID: 6e376313cda85b6d637fdd9a6a13a9cc,
Execution Time for Trace ID 6e376313cda85b6d637fdd9a6a13a9cc: 37 ms
Input: 1000000,
Cold Start: false
Unique ID: baf44a2550fd3b8de7eb06114216dcd3,
Execution Time for Trace ID baf44a2550fd3b8de7eb06114216dcd3: 38 ms
Input: 1000000,
Cold Start: false
Unique ID: 1208b6c4234153c5495e978c1e9ab7f6,
Execution Time for Trace ID 1208b6c4234153c5495e978c1e9ab7f6: 37 ms
Input: 1000000,
Cold Start: false
Unique ID: 58d1fb1cf322dea3b1afc41b45de0ef3,
Execution Time for Trace ID 58d1fb1cf322dea3b1afc41b45de0ef3: 51 ms
Input: 1000000,
Cold Start: false
Unique ID: 8e4c6b72733e164914f1a781898e4565,
Execution Time for Trace ID 8e4c6b72733e164914f1a781898e4565: 37 ms
Input: 1000000,
Cold Start: false
Unique ID: bc74a5fef0e7a56ddb0d695b53e28aec,
Execution Time for Trace ID bc74a5fef0e7a56ddb0d695b53e28aec: 38 ms
Input: 1000000,
Cold Start: false
Unique ID: 1731fc736a4f962d9530fee67b8d7d58,
Execution Time for Trace ID 1731fc736a4f962d9530fee67b8d7d58: 37 ms
Input: 1000000,
Cold Start: false
Unique ID: 49d0446b380100fe5fae4ab8d7848f7f,
Execution Time for Trace ID 49d0446b380100fe5fae4ab8d7848f7f: 37 ms
Input: 1000000,
Cold Start: false
Unique ID: 871e4452dc88ded65f9da775a24a94a6,
Execution Time for Trace ID 871e4452dc88ded65f9da775a24a94a6: 64 ms
Input: 1000000,
Cold Start: false
Unique ID: 393f4ae10ed4abd5ce6abbc355af3e42,
Execution Time for Trace ID 393f4ae10ed4abd5ce6abbc355af3e42: 40 ms
Input: 1000000,
Cold Start: false
Unique ID: 4fcd85629c0e04579cd6234264ebdb46,
Execution Time for Trace ID 4fcd85629c0e04579cd6234264ebdb46: 39 ms
Input: 1000000,
Cold Start: false
Unique ID: 288d6ca642992e4b4e8e18e13e6fc1c9,
Execution Time for Trace ID 288d6ca642992e4b4e8e18e13e6fc1c9: 37 ms
Input: 1000000,
Cold Start: false
Unique ID: 9e0e534f11b4def3be70ea0855006ea6,
Execution Time for Trace ID 9e0e534f11b4def3be70ea0855006ea6: 39 ms
Input: 1000000,
Cold Start: false
Unique ID: 9e0c29f33d2a60953dcb191e92a43ee0,
Execution Time for Trace ID 9e0c29f33d2a60953dcb191e92a43ee0: 38 ms
Input: 1000000,
Cold Start: false
Unique ID: 40b8946806e5f8e96c05df6d4c5ada0b,
Execution Time for Trace ID 40b8946806e5f8e96c05df6d4c5ada0b: 37 ms
Input: 1000000,
Cold Start: false
Unique ID: 9bfa452d894e03961ad46811650a144d,
Execution Time for Trace ID 9bfa452d894e03961ad46811650a144d: 38 ms
Input: 1000000,
Cold Start: false
Unique ID: 32edae8ac7daa6ed0a6dbae0608605f7,
Execution Time for Trace ID 32edae8ac7daa6ed0a6dbae0608605f7: 38 ms
Input: 1000000,
Cold Start: false
Unique ID: 2548bf997168a2bb5e19b5d74d05d8d1,
Execution Time for Trace ID 2548bf997168a2bb5e19b5d74d05d8d1: 37 ms
Input: 1000000,
Cold Start: false
Unique ID: df0edc6ca15d68197930f87dbbe86d6f,
Execution Time for Trace ID df0edc6ca15d68197930f87dbbe86d6f: 39 ms
Input: 1000000,
Cold Start: false
Unique ID: 63897cc03a1d52cd0bf132474ae442c7,
Execution Time for Trace ID 63897cc03a1d52cd0bf132474ae442c7: 39 ms
Input: 1000000,
Cold Start: false
Unique ID: cb29b043fa14351cbee38a74502efddc,
Execution Time for Trace ID cb29b043fa14351cbee38a74502efddc: 38 ms
Input: 1000000,
Cold Start: false
Unique ID: a1d2ffc378282b2e711718522c83bb2a,
Execution Time for Trace ID a1d2ffc378282b2e711718522c83bb2a: 38 ms
Input: 1000000,
Cold Start: false
Unique ID: 0f993c0d77d460307f151cc1b98717ea,
Execution Time for Trace ID 0f993c0d77d460307f151cc1b98717ea: 37 ms
Input: 1000000,
Cold Start: false
Unique ID: fb7e9e3b517d2ead893888368236f43a,
Execution Time for Trace ID fb7e9e3b517d2ead893888368236f43a: 37 ms
Input: 1000000,
Cold Start: false
Unique ID: 0274a21668c7cfcfa9dc0695a08f1089,
Execution Time for Trace ID 0274a21668c7cfcfa9dc0695a08f1089: 38 ms
Input: 1000000,
Cold Start: false
Unique ID: 12dba8f8b414c4db67d611c5755bfd14,
Execution Time for Trace ID 12dba8f8b414c4db67d611c5755bfd14: 39 ms
Input: 1000000,
Cold Start: false
Unique ID: eaba304586552d900e218e2762849cd0,
Execution Time for Trace ID eaba304586552d900e218e2762849cd0: 38 ms
Input: 1000000,
Cold Start: false
Unique ID: c19cf37851fe8621832b7cf69ae9b3b8,
Execution Time for Trace ID c19cf37851fe8621832b7cf69ae9b3b8: 38 ms
Input: 1000000,
Cold Start: false
Unique ID: 84858694ba5ae135828e18f250d7dc7f,
Execution Time for Trace ID 84858694ba5ae135828e18f250d7dc7f: 38 ms
Input: 1000000,
Cold Start: false
Unique ID: e50b6574457ab6fb5fb6eab8129f1b41,
Execution Time for Trace ID e50b6574457ab6fb5fb6eab8129f1b41: 39 ms
Input: 1000000,
Cold Start: false
Unique ID: e5d26ead095b9c508f3de8b47cc705e6,
Execution Time for Trace ID e5d26ead095b9c508f3de8b47cc705e6: 38 ms
Input: 1000000,
Cold Start: false
Unique ID: a4f09292325a465c5a0d49f054bd322f,
Execution Time for Trace ID a4f09292325a465c5a0d49f054bd322f: 38 ms
Input: 1000000,
Cold Start: false
Unique ID: 7828c45cbe115e41605159c39dac806a,
Execution Time for Trace ID 7828c45cbe115e41605159c39dac806a: 38 ms
Input: 1000000,
Cold Start: false
Unique ID: 8f4d8d50c914abba85ccb7bca4b07e45,
Execution Time for Trace ID 8f4d8d50c914abba85ccb7bca4b07e45: 38 ms
Input: 1000000,
Cold Start: false
Unique ID: 351a3d606c27c5a239e4d603588c5363,
Execution Time for Trace ID 351a3d606c27c5a239e4d603588c5363: 37 ms
Input: 1000000,
Cold Start: false
Unique ID: c32817765b5aad91f79d3e2820900a4c,
Execution Time for Trace ID c32817765b5aad91f79d3e2820900a4c: 64 ms
Input: 1000000,
Cold Start: false
Unique ID: 67c02ac9be13839892ebc5b001829700,
Execution Time for Trace ID 67c02ac9be13839892ebc5b001829700: 40 ms
Input: 1000000,
Cold Start: false
Unique ID: c0ffd853c5a75d0995ca18d2bb7d4516,
Execution Time for Trace ID c0ffd853c5a75d0995ca18d2bb7d4516: 96 ms
Input: 1000000,
Cold Start: false
Unique ID: 021e4661f178a9598d0da79f0f22ce07,
Execution Time for Trace ID 021e4661f178a9598d0da79f0f22ce07: 38 ms
Input: 1000000,
Cold Start: false
Unique ID: 868cdc1333cec06d0e558a9943cf50b2,
Execution Time for Trace ID 868cdc1333cec06d0e558a9943cf50b2: 38 ms
Input: 1000000,
Cold Start: false
Unique ID: 6693b54c84854c1c75878d1cfbbdbe0f,
Execution Time for Trace ID 6693b54c84854c1c75878d1cfbbdbe0f: 38 ms
Input: 1000000,
Cold Start: false
Unique ID: ee4500581ab119d514bb35ccf295159f,
Execution Time for Trace ID ee4500581ab119d514bb35ccf295159f: 37 ms
Input: 1000000,
Cold Start: false
Unique ID: d1631a92925dd1677b7368819f381b31,
Execution Time for Trace ID d1631a92925dd1677b7368819f381b31: 38 ms
Input: 1000000,
Cold Start: false
Unique ID: 7ed34bd4660f7e865788384524c2605a,
Execution Time for Trace ID 7ed34bd4660f7e865788384524c2605a: 40 ms
Input: 1000000,
Cold Start: false
Unique ID: 63b669d23250950c33d1095971fae486,
Execution Time for Trace ID 63b669d23250950c33d1095971fae486: 38 ms
Input: 1000000,
Cold Start: false
Unique ID: db05080851de8bf2e826989dd553354c,
Execution Time for Trace ID db05080851de8bf2e826989dd553354c: 38 ms
Input: 1000000,
Cold Start: false
Unique ID: e0c1f81e0c0aaecdc7c41f5075cb16da,
Execution Time for Trace ID e0c1f81e0c0aaecdc7c41f5075cb16da: 37 ms
Input: 1000000,
Cold Start: false
Unique ID: 54af3f835266f41346c4d2c18bc4b6d0,
Execution Time for Trace ID 54af3f835266f41346c4d2c18bc4b6d0: 40 ms
Input: 1000000,
Cold Start: false
Unique ID: 851a354d48eebc9c3fb8c08cb9cd7c0f,
Execution Time for Trace ID 851a354d48eebc9c3fb8c08cb9cd7c0f: 40 ms
Input: 1000000,
Cold Start: false
Unique ID: 7287487418af8fcd1026f4bf08b618d3,
Execution Time for Trace ID 7287487418af8fcd1026f4bf08b618d3: 38 ms
Input: 1000000,
Cold Start: false
Unique ID: e93c8b32b96ea5c3aeb173cfd2b2c7d1,
Execution Time for Trace ID e93c8b32b96ea5c3aeb173cfd2b2c7d1: 37 ms
Input: 1000000,
Cold Start: false
Unique ID: a1452744ddbb1e263d590e9cb0e975d4,
Execution Time for Trace ID a1452744ddbb1e263d590e9cb0e975d4: 37 ms
Input: 1000000,
Cold Start: false
Unique ID: ccc2f9adf88ff335320d3ea67ea0917a,
Execution Time for Trace ID ccc2f9adf88ff335320d3ea67ea0917a: 41 ms
Input: 1000000,
Cold Start: false
Unique ID: 790625006fb4b78272b57c19410c655e,
Execution Time for Trace ID 790625006fb4b78272b57c19410c655e: 40 ms
Input: 1000000,
Cold Start: false
Unique ID: f13024c0b2a0166dcea31c58a794f3f5,
Execution Time for Trace ID f13024c0b2a0166dcea31c58a794f3f5: 38 ms
Input: 1000000,
Cold Start: false
Unique ID: 39c784419f1fc88ef092f4a10917a25a,
Execution Time for Trace ID 39c784419f1fc88ef092f4a10917a25a: 38 ms
Input: 1000000,
Cold Start: false
Unique ID: 2ccfc1bb135d723ee79c57488db78b8c,
Execution Time for Trace ID 2ccfc1bb135d723ee79c57488db78b8c: 39 ms
Input: 1000000,
Cold Start: false
Unique ID: d0b255a69ccc4a366fe342292e243232,
Execution Time for Trace ID d0b255a69ccc4a366fe342292e243232: 39 ms
Input: 1000000,
Cold Start: false
Unique ID: a75586a2de62bfb985fed580459d60c0,
Execution Time for Trace ID a75586a2de62bfb985fed580459d60c0: 37 ms
Input: 1000000,
Cold Start: false
Unique ID: 1c5afcd24821ac00b9314dca2956a20a,
Execution Time for Trace ID 1c5afcd24821ac00b9314dca2956a20a: 40 ms
Input: 1000000,
Cold Start: false
Unique ID: e03706003cc40617d756bd518c16ff53,
Execution Time for Trace ID e03706003cc40617d756bd518c16ff53: 37 ms
Input: 1000000,
Cold Start: false
Unique ID: 27319cbecb39d95d224db236bba9bd47,
Execution Time for Trace ID 27319cbecb39d95d224db236bba9bd47: 40 ms
Input: 1000000,
Cold Start: false
Unique ID: 750e8e85ac1ca741e78d0ca781cdcab4,
Execution Time for Trace ID 750e8e85ac1ca741e78d0ca781cdcab4: 43 ms
Input: 1000000,
Cold Start: false
Unique ID: 134e7fd37ea7ce8ccf463ab9ecda16e3,
Execution Time for Trace ID 134e7fd37ea7ce8ccf463ab9ecda16e3: 41 ms
Input: 1000000,
Cold Start: false
Unique ID: d84f07c7c1b5f355c2fcc3f1589d4ea5,
Execution Time for Trace ID d84f07c7c1b5f355c2fcc3f1589d4ea5: 39 ms
Input: 1000000,
Cold Start: false
Unique ID: d5d240095807c1ab709c3b1e794745df,
Execution Time for Trace ID d5d240095807c1ab709c3b1e794745df: 39 ms
Input: 1000000,
Cold Start: false
Unique ID: 37d21fdeb27729e9fb44b42293ace188,
Execution Time for Trace ID 37d21fdeb27729e9fb44b42293ace188: 38 ms
Input: 1000000,
Cold Start: false
Unique ID: cca5f5a5e00a9ffd91e7d4793393cf93,
Execution Time for Trace ID cca5f5a5e00a9ffd91e7d4793393cf93: 39 ms
Input: 1000000,
Cold Start: false
Unique ID: 9c8db4c7b148f5829a9fde31b76de1f6,
Execution Time for Trace ID 9c8db4c7b148f5829a9fde31b76de1f6: 44 ms
Input: 1000000,
Cold Start: false
Unique ID: d3caef564e71e2684e7073394bc43930,
Execution Time for Trace ID d3caef564e71e2684e7073394bc43930: 38 ms
Input: 1000000,
Cold Start: false
Unique ID: 4ccdecd86c890ba6e69bf9608a2e2d89,
Execution Time for Trace ID 4ccdecd86c890ba6e69bf9608a2e2d89: 38 ms
Input: 1000000,
Cold Start: false
Unique ID: 80874da63debd70365ce8fcc8b0be230,
Execution Time for Trace ID 80874da63debd70365ce8fcc8b0be230: 38 ms
Input: 1000000,
Cold Start: false
Unique ID: e83e191b7744ee12351a3e23721b3038,
Execution Time for Trace ID e83e191b7744ee12351a3e23721b3038: 44 ms
Input: 1000000,
Cold Start: false
Unique ID: aa259e2f4c744138a0677205808d5af9,
Execution Time for Trace ID aa259e2f4c744138a0677205808d5af9: 39 ms
Input: 1000000,
Cold Start: false
Unique ID: e3e20056bd57998fb895e86429ca5d1b,
Execution Time for Trace ID e3e20056bd57998fb895e86429ca5d1b: 37 ms
Input: 1000000,
Cold Start: false
Unique ID: b9ba0ce635fa7188b89d6d670b221ea0,
Execution Time for Trace ID b9ba0ce635fa7188b89d6d670b221ea0: 41 ms
Input: 1000000,
Cold Start: false
Unique ID: 903c63196e1b809c00fedfa330f2e078,
Execution Time for Trace ID 903c63196e1b809c00fedfa330f2e078: 38 ms
Input: 1000000,
Cold Start: false
Unique ID: 46fcf4cbd4a44a19e5a6de711dbfb382,
Execution Time for Trace ID 46fcf4cbd4a44a19e5a6de711dbfb382: 40 ms
Input: 1000000,
Cold Start: false
Unique ID: d249dec13df67cf9a10d0e5d77ea9f5e,
Execution Time for Trace ID d249dec13df67cf9a10d0e5d77ea9f5e: 39 ms
Input: 1000000,
Cold Start: false
Unique ID: c75325b2aed0263283c2d314e6b399a6,
Execution Time for Trace ID c75325b2aed0263283c2d314e6b399a6: 39 ms
Input: 1000000,
Cold Start: false
Unique ID: da09e605f80a30ce0e8bfc940ec336e2,
Execution Time for Trace ID da09e605f80a30ce0e8bfc940ec336e2: 38 ms
Input: 1000000,
Cold Start: false
Unique ID: 00618d7f9564c2d7ace0c446bf09d665,
Execution Time for Trace ID 00618d7f9564c2d7ace0c446bf09d665: 38 ms
Input: 1000000,
Cold Start: false
Unique ID: 46f5fa99abb640bd3e495d268c4a8f6f,
Execution Time for Trace ID 46f5fa99abb640bd3e495d268c4a8f6f: 37 ms
Input: 1000000,
Cold Start: false
Unique ID: dea59cb5524c080924227361e720efe5,
Execution Time for Trace ID dea59cb5524c080924227361e720efe5: 90 ms
Input: 1000000,
Cold Start: false
Unique ID: 63b45e3956c3ac367577b1eaa4d13d37,
Execution Time for Trace ID 63b45e3956c3ac367577b1eaa4d13d37: 40 ms
Input: 1000000,
Cold Start: false
Unique ID: 7c56434d9c68b6b3f19e5a71fdf86028,
Execution Time for Trace ID 7c56434d9c68b6b3f19e5a71fdf86028: 39 ms
Input: 1000000,
Cold Start: false
Unique ID: c8ba9cd35cbe901438c411919b29b7b4,
Execution Time for Trace ID c8ba9cd35cbe901438c411919b29b7b4: 39 ms
Input: 1000000,
Cold Start: false
Unique ID: 48ed6564220871a59ed77c38326e2e71,
Execution Time for Trace ID 48ed6564220871a59ed77c38326e2e71: 38 ms
Input: 1000000,
Cold Start: false
Unique ID: a32baa8d6d0151e5ce7ef23731e2cf9a,
Execution Time for Trace ID a32baa8d6d0151e5ce7ef23731e2cf9a: 40 ms
Input: 1000000,
Cold Start: false
Unique ID: 1539fc53fd0504746c954a1aa851c8da,
Execution Time for Trace ID 1539fc53fd0504746c954a1aa851c8da: 38 ms
Input: 1000000,
Cold Start: false
Unique ID: 3085322c2f5b018ca95eb42f5a3af6e3,
Execution Time for Trace ID 3085322c2f5b018ca95eb42f5a3af6e3: 39 ms
Input: 1000000,
Cold Start: false
Unique ID: fce3ee5c8110540f639bb4dd559c7937,
Execution Time for Trace ID fce3ee5c8110540f639bb4dd559c7937: 39 ms
Input: 1000000,
Cold Start: false
Unique ID: 48f29100bfdfbd9da0317936ca7a33ee,
Execution Time for Trace ID 48f29100bfdfbd9da0317936ca7a33ee: 40 ms
Input: 1000000,
Cold Start: false
Unique ID: 3045752c1f9136b2e623b136aa29d0d7,
Execution Time for Trace ID 3045752c1f9136b2e623b136aa29d0d7: 38 ms
Input: 1000000,
Cold Start: false
Unique ID: d2b9b6a125273108e8bf53cfc587d573,
Execution Time for Trace ID d2b9b6a125273108e8bf53cfc587d573: 38 ms
Input: 1000000,
Cold Start: false
Unique ID: f572efd6430636bb2247a4f046eba954,
Execution Time for Trace ID f572efd6430636bb2247a4f046eba954: 41 ms
Input: 1000000,
Cold Start: false
Unique ID: 5d70ee6142afc3032ee16545fde4cc00,
Execution Time for Trace ID 5d70ee6142afc3032ee16545fde4cc00: 39 ms
Input: 1000000,
Cold Start: false
Unique ID: e2ac8c4cb0f3a82bce69823f81bcac1b,
Execution Time for Trace ID e2ac8c4cb0f3a82bce69823f81bcac1b: 38 ms
Input: 1000000,
Cold Start: false
Unique ID: 3aef40a26595adbec5dd80ffbb04607e,
Execution Time for Trace ID 3aef40a26595adbec5dd80ffbb04607e: 46 ms
Input: 1000000,
Cold Start: false
Unique ID: b537d898bec5ebe95f1f2fdd3747b1bf,
Execution Time for Trace ID b537d898bec5ebe95f1f2fdd3747b1bf: 39 ms
Input: 1000000,
Cold Start: false
Unique ID: 6df6845ddc6461d337eb3f452a32c6ad,
Execution Time for Trace ID 6df6845ddc6461d337eb3f452a32c6ad: 42 ms
Input: 1000000,
Cold Start: false
Unique ID: dd094a744c8bb9276d618e13f254423c,
Execution Time for Trace ID dd094a744c8bb9276d618e13f254423c: 39 ms
Input: 1000000,
Cold Start: false
Unique ID: 037b4750ee59b8ba5ef146149577b144,
Execution Time for Trace ID 037b4750ee59b8ba5ef146149577b144: 40 ms
Input: 1000000,
Cold Start: false
Unique ID: dac29085ba7a278bb0a93cc2f06d852c,
Execution Time for Trace ID dac29085ba7a278bb0a93cc2f06d852c: 37 ms
Input: 1000000,
Cold Start: false
Unique ID: 2999f335fd0d825570ef96fc26c96ee7,
Execution Time for Trace ID 2999f335fd0d825570ef96fc26c96ee7: 39 ms
Input: 1000000,
Cold Start: false
Unique ID: 7e0fc11c2c1f7668d60ad407e93274d7,
Execution Time for Trace ID 7e0fc11c2c1f7668d60ad407e93274d7: 38 ms
Input: 1000000,
Cold Start: false
Unique ID: b8f9c3df38a5866aa28a24fd55800674,
Execution Time for Trace ID b8f9c3df38a5866aa28a24fd55800674: 38 ms
Input: 1000000,
Cold Start: false
Unique ID: 20f4b0a28ea7e8a88df56eeae518caa0,
Execution Time for Trace ID 20f4b0a28ea7e8a88df56eeae518caa0: 39 ms
Input: 1000000,
Cold Start: false
Unique ID: 1db5608f950f4d5f381cece0d6ef88eb,
Execution Time for Trace ID 1db5608f950f4d5f381cece0d6ef88eb: 40 ms
Input: 1000000,
Cold Start: false
Unique ID: 6324bbff011e222715fb845c694fa11f,
Execution Time for Trace ID 6324bbff011e222715fb845c694fa11f: 39 ms
Input: 1000000,
Cold Start: false
Unique ID: d0e1baed5c65c92ecafa7e1a625f8892,
Execution Time for Trace ID d0e1baed5c65c92ecafa7e1a625f8892: 37 ms
Input: 1000000,
Cold Start: false
Unique ID: 6a6d5766d61224a6803e4979e79173ea,
Execution Time for Trace ID 6a6d5766d61224a6803e4979e79173ea: 41 ms
Input: 1000000,
Cold Start: false
Unique ID: 10be24b979d701cbdfb39f0f5992dd3a,
Execution Time for Trace ID 10be24b979d701cbdfb39f0f5992dd3a: 45 ms
Input: 1000000,
Cold Start: false
Unique ID: 1365580aa605d38212ecc24484a9b125,
Execution Time for Trace ID 1365580aa605d38212ecc24484a9b125: 38 ms
Input: 1000000,
Cold Start: false
Unique ID: dc2334d7186bd439231a3ee507062d36,
Execution Time for Trace ID dc2334d7186bd439231a3ee507062d36: 39 ms
Input: 1000000,
Cold Start: false
Unique ID: 118f1595f7018d8e1de3c5315cf88c1f,
Execution Time for Trace ID 118f1595f7018d8e1de3c5315cf88c1f: 38 ms
Input: 1000000,
Cold Start: false
Unique ID: 025a67c0a8505aea3ffb51757c9c5103,
Execution Time for Trace ID 025a67c0a8505aea3ffb51757c9c5103: 41 ms
Input: 1000000,
Cold Start: false
Unique ID: 7373aea4f2b10fe71f2c1e1573c7c42e,
Execution Time for Trace ID 7373aea4f2b10fe71f2c1e1573c7c42e: 41 ms
Input: 1000000,
Cold Start: false
Unique ID: f88680f5187e46dc316e8997147eb57b,
Execution Time for Trace ID f88680f5187e46dc316e8997147eb57b: 38 ms
Input: 1000000,
Cold Start: false
Unique ID: 737b86d21e5a5034962da125015b1a86,
Execution Time for Trace ID 737b86d21e5a5034962da125015b1a86: 41 ms
Input: 1000000,
Cold Start: false
Unique ID: 2e7315b3adad29ca3777c3f882ec0de6,
Execution Time for Trace ID 2e7315b3adad29ca3777c3f882ec0de6: 44 ms
Input: 1000000,
Cold Start: false
Unique ID: f4ec53c210141264f767f5b65dab00b4,
Execution Time for Trace ID f4ec53c210141264f767f5b65dab00b4: 46 ms
Input: 1000000,
Cold Start: false
Unique ID: aaf01a5355424ab80d23fe98ec5fb1cf,
Execution Time for Trace ID aaf01a5355424ab80d23fe98ec5fb1cf: 38 ms
Input: 1000000,
Cold Start: false
Unique ID: b80f21c676497517d875b31a61be4bcf,
Execution Time for Trace ID b80f21c676497517d875b31a61be4bcf: 37 ms
Input: 1000000,
Cold Start: false
Unique ID: 40edf052e1ea41893586503225e77d45,
Execution Time for Trace ID 40edf052e1ea41893586503225e77d45: 39 ms
Input: 1000000,
Cold Start: false
Unique ID: 3b99a4b3a90136a3d8f10774037be811,
Execution Time for Trace ID 3b99a4b3a90136a3d8f10774037be811: 39 ms
Input: 1000000,
Cold Start: false
Unique ID: ddb98d1dbe972d994a9d5b3c8a637426,
Execution Time for Trace ID ddb98d1dbe972d994a9d5b3c8a637426: 40 ms
Input: 1000000,
Cold Start: false
Unique ID: 42a997d747403affa98c79c7929f3cca,
Execution Time for Trace ID 42a997d747403affa98c79c7929f3cca: 42 ms
Input: 1000000,
Cold Start: false
Unique ID: dca7935fcbc0f52f16ee9ce3ea3f95de,
Execution Time for Trace ID dca7935fcbc0f52f16ee9ce3ea3f95de: 45 ms
Input: 1000000,
Cold Start: false
Unique ID: d6d268edab2f1c5a99ea58ba15121144,
Execution Time for Trace ID d6d268edab2f1c5a99ea58ba15121144: 41 ms
Input: 1000000,
Cold Start: false
Unique ID: 4cc0093d08c8ad9ca1c9a0c5938444e6,
Execution Time for Trace ID 4cc0093d08c8ad9ca1c9a0c5938444e6: 38 ms
Input: 1000000,
Cold Start: false
Unique ID: ae8726bc4a88968f475177509ae3e0a4,
Execution Time for Trace ID ae8726bc4a88968f475177509ae3e0a4: 40 ms
Input: 1000000,
Cold Start: false
Unique ID: dada6d34f096fc507939149cbdcc00c0,
Execution Time for Trace ID dada6d34f096fc507939149cbdcc00c0: 40 ms
Input: 1000000,
Cold Start: false
Unique ID: 2dd58b2f1e42134df88bb812eb5d3910,
Execution Time for Trace ID 2dd58b2f1e42134df88bb812eb5d3910: 39 ms
Input: 1000000,
Cold Start: false
Unique ID: a16d066d54ca89dcd910e5d500fb6e7b,
Execution Time for Trace ID a16d066d54ca89dcd910e5d500fb6e7b: 43 ms
Input: 1000000,
Cold Start: false
Unique ID: f1343ac5f2a13feeb14f09aa3ff3f4ee,
Execution Time for Trace ID f1343ac5f2a13feeb14f09aa3ff3f4ee: 43 ms
Input: 1000000,
Cold Start: false
Unique ID: 78a85851638ac932c86e25d59787d88a,
Execution Time for Trace ID 78a85851638ac932c86e25d59787d88a: 38 ms
Input: 1000000,
Cold Start: false
Unique ID: 3f6bf0283038ccdf3d2bb4303769c08a,
Execution Time for Trace ID 3f6bf0283038ccdf3d2bb4303769c08a: 43 ms
Input: 1000000,
Cold Start: false
Unique ID: beb4c4100afb2155508cf5f089dfedb3,
Execution Time for Trace ID beb4c4100afb2155508cf5f089dfedb3: 51 ms
Input: 1000000,
Cold Start: false
Unique ID: cbd4573afee31c13873fc4e8c98487b9,
Execution Time for Trace ID cbd4573afee31c13873fc4e8c98487b9: 40 ms
Input: 1000000,
Cold Start: false
Unique ID: 9401d1341996ad05d84f8fc6366ecef1,
Execution Time for Trace ID 9401d1341996ad05d84f8fc6366ecef1: 39 ms
Input: 1000000,
Cold Start: false
Unique ID: 107b846e0b4c338d033d6b7f348e9f7d,
Execution Time for Trace ID 107b846e0b4c338d033d6b7f348e9f7d: 43 ms
Input: 1000000,
Cold Start: false
Unique ID: 38cb80ab1666453f485047faca035f32,
Execution Time for Trace ID 38cb80ab1666453f485047faca035f32: 50 ms
Input: 1000000,
Cold Start: false
Unique ID: 32e03525a6a3b3d1190bf380e15ee0f8,
Execution Time for Trace ID 32e03525a6a3b3d1190bf380e15ee0f8: 42 ms
Input: 1000000,
Cold Start: false
Unique ID: c33adf25bd54ee5e8e91c9f71427d45a,
Execution Time for Trace ID c33adf25bd54ee5e8e91c9f71427d45a: 39 ms
Input: 1000000,
Cold Start: false
Unique ID: a73b2aa885b665a0ee0832e2fdeaa9c2,
Execution Time for Trace ID a73b2aa885b665a0ee0832e2fdeaa9c2: 39 ms
Input: 1000000,
Cold Start: false
Unique ID: 9d8a9f2a0a870eeb6e734d552894dd88,
Execution Time for Trace ID 9d8a9f2a0a870eeb6e734d552894dd88: 39 ms
Input: 1000000,
Cold Start: false
Unique ID: 0c3c0167c84dec367bd9da2f6586929f,
Execution Time for Trace ID 0c3c0167c84dec367bd9da2f6586929f: 38 ms
Input: 1000000,
Cold Start: false
Unique ID: c4308836b4e271a51082ece24b35668a,
Execution Time for Trace ID c4308836b4e271a51082ece24b35668a: 37 ms
Input: 1000000,
Cold Start: false
Unique ID: 75cc3980830276678478da3b91db8765,
Execution Time for Trace ID 75cc3980830276678478da3b91db8765: 38 ms
Input: 1000000,
Cold Start: false
Unique ID: 0b5d80e10d744a2701a3dcc38712d43e,
Execution Time for Trace ID 0b5d80e10d744a2701a3dcc38712d43e: 37 ms
Input: 1000000,
Cold Start: false
Unique ID: ad2d119aaa25fa27660b208b352a892a,
Execution Time for Trace ID ad2d119aaa25fa27660b208b352a892a: 37 ms
Input: 1000000,
Cold Start: false
Unique ID: fd9572b88c90b97f97bccbf2e692bcb1,
Execution Time for Trace ID fd9572b88c90b97f97bccbf2e692bcb1: 37 ms
Input: 1000000,
Cold Start: false
Unique ID: f3974d7e87cdf270b5c49245c82fdfc4,
Execution Time for Trace ID f3974d7e87cdf270b5c49245c82fdfc4: 37 ms
Input: 1000000,
Cold Start: false
Unique ID: 0e072ebcf906fbbe61b458924e3f39df,
Execution Time for Trace ID 0e072ebcf906fbbe61b458924e3f39df: 36 ms
Input: 1000000,
Cold Start: false
Unique ID: 471b696cf533a181f6544bcbed5f1e2b,
Execution Time for Trace ID 471b696cf533a181f6544bcbed5f1e2b: 37 ms
Input: 1000000,
Cold Start: false
Unique ID: e3744329d8247d0965962b6bf6bf5a25,
Execution Time for Trace ID e3744329d8247d0965962b6bf6bf5a25: 39 ms
Input: 1000000,
Cold Start: false
Unique ID: dffc4854d79bd40ca084ec6f31d172d6,
Execution Time for Trace ID dffc4854d79bd40ca084ec6f31d172d6: 40 ms
Input: 1000000,
Cold Start: false
Unique ID: 4857431c1509a9d1b4c143163e8aec2b,
Execution Time for Trace ID 4857431c1509a9d1b4c143163e8aec2b: 40 ms
Input: 1000000,
Cold Start: false
Unique ID: bffa346a5368679e4b0a78d4ae01adc3,
Execution Time for Trace ID bffa346a5368679e4b0a78d4ae01adc3: 37 ms
Input: 1000000,
Cold Start: false
Unique ID: 1b6c3c251daf5780a6794e70ce8e1088,
Execution Time for Trace ID 1b6c3c251daf5780a6794e70ce8e1088: 37 ms
Input: 1000000,
Cold Start: false
Unique ID: 280fd58e04ae0a4276253b8cd4e8f594,
Execution Time for Trace ID 280fd58e04ae0a4276253b8cd4e8f594: 37 ms
Input: 1000000,
Cold Start: false
Unique ID: ce5bd0f9fedf6ca05f0bb031dadf5930,
Execution Time for Trace ID ce5bd0f9fedf6ca05f0bb031dadf5930: 39 ms
Input: 1000000,
Cold Start: false
Unique ID: 441438cdbd00529c0f4f2054ab936f50,
Execution Time for Trace ID 441438cdbd00529c0f4f2054ab936f50: 37 ms
Input: 1000000,
Cold Start: false
Unique ID: 0122d35c5c51a7a7af3b18202f0df8be,
Execution Time for Trace ID 0122d35c5c51a7a7af3b18202f0df8be: 40 ms
Input: 1000000,
Cold Start: false
Unique ID: 538bb0d8d527c1f6e073d706070121c1,
Execution Time for Trace ID 538bb0d8d527c1f6e073d706070121c1: 37 ms
Input: 1000000,
Cold Start: false
Unique ID: ae8f6966fdbecba4955ba0ba0d2b1032,
Execution Time for Trace ID ae8f6966fdbecba4955ba0ba0d2b1032: 38 ms
Input: 1000000,
Cold Start: false
Unique ID: eab60096f5b197c34575a540381c4663,
Execution Time for Trace ID eab60096f5b197c34575a540381c4663: 37 ms
Input: 1000000,
Cold Start: false
Unique ID: 351de553dd6471251743d509eb4a5f18,
Execution Time for Trace ID 351de553dd6471251743d509eb4a5f18: 37 ms
Input: 1000000,
Cold Start: false
Unique ID: e91953166e661daadf505232fbdaf9d9,
Execution Time for Trace ID e91953166e661daadf505232fbdaf9d9: 38 ms
Input: 1000000,
Cold Start: false
Unique ID: 4945e1ce71fab1fc0ae5ccc4dd68b2b3,
Execution Time for Trace ID 4945e1ce71fab1fc0ae5ccc4dd68b2b3: 37 ms
Input: 1000000,
Cold Start: false
Unique ID: 96a08ace59e64e7d6306b63cd87db396,
Execution Time for Trace ID 96a08ace59e64e7d6306b63cd87db396: 40 ms
Input: 1000000,
Cold Start: false
Unique ID: 2f20fb87e886071e1f7a2f70009b2585,
Execution Time for Trace ID 2f20fb87e886071e1f7a2f70009b2585: 39 ms
Input: 1000000,
Cold Start: false
Unique ID: 18bb082bff43fb02e1e5aa9ca61c99a3,
Execution Time for Trace ID 18bb082bff43fb02e1e5aa9ca61c99a3: 40 ms
Input: 1000000,
Cold Start: false
Unique ID: d6d10bc2d30f344d3e4db78d04d23140,
Execution Time for Trace ID d6d10bc2d30f344d3e4db78d04d23140: 41 ms
Input: 1000000,
Cold Start: false
Unique ID: 8dbd4d664e6289d1a523f75c9d6c6a04,
Execution Time for Trace ID 8dbd4d664e6289d1a523f75c9d6c6a04: 47 ms
Input: 1000000,
Cold Start: false
Unique ID: 6c17e91e0edb174ac7fb6adbbc43961c,
Execution Time for Trace ID 6c17e91e0edb174ac7fb6adbbc43961c: 50 ms
Input: 1000000,
Cold Start: false
Unique ID: 48d468a9be9e7cbe01782925adfca804,
Execution Time for Trace ID 48d468a9be9e7cbe01782925adfca804: 48 ms
Input: 1000000,
Cold Start: false
Unique ID: afc817b40c3fac0dbea45f9c2b6e046a,
Execution Time for Trace ID afc817b40c3fac0dbea45f9c2b6e046a: 39 ms
Input: 1000000,
Cold Start: false
Unique ID: 1c8b03124d9c9d9aa63094f2338980f6,
Execution Time for Trace ID 1c8b03124d9c9d9aa63094f2338980f6: 37 ms
Input: 1000000,
Cold Start: false
Unique ID: fa8300a51805cc676db32a861be8cdb5,
Execution Time for Trace ID fa8300a51805cc676db32a861be8cdb5: 38 ms
Input: 1000000,
Cold Start: false
Unique ID: cc2234e7a3bfa06474f1c0de73301fad,
Execution Time for Trace ID cc2234e7a3bfa06474f1c0de73301fad: 38 ms
Input: 1000000,
Cold Start: false
Unique ID: 69ef66d87ad203df6dfb7924731fe0b9,
Execution Time for Trace ID 69ef66d87ad203df6dfb7924731fe0b9: 38 ms
Input: 1000000,
Cold Start: false
Unique ID: 7472fd6424ee99d2b9e93f7d10f2d91e,
Execution Time for Trace ID 7472fd6424ee99d2b9e93f7d10f2d91e: 39 ms
Input: 1000000,
Cold Start: false
Unique ID: 85c03a02c17d4644c96c9e4887ef41de,
Execution Time for Trace ID 85c03a02c17d4644c96c9e4887ef41de: 40 ms
Input: 1000000,
Cold Start: false
Unique ID: ea6650d8f05da9e0ce91fbf2588b58d8,
Execution Time for Trace ID ea6650d8f05da9e0ce91fbf2588b58d8: 37 ms
Input: 1000000,
Cold Start: false
Unique ID: 16750cbf1d8aaf1ffbe040a6b268d390,
Execution Time for Trace ID 16750cbf1d8aaf1ffbe040a6b268d390: 38 ms
Input: 1000000,
Cold Start: false
