Unique ID: 43364aa21e904929b6966234645204e9,
Execution Time for Trace ID 43364aa21e904929b6966234645204e9: 114 ms
Input: 1157625,
Cold Start: false
Unique ID: 12476b120edb2cc3801538c67f10d052,
Execution Time for Trace ID 12476b120edb2cc3801538c67f10d052: 44 ms
Input: 1157625,
Cold Start: false
Unique ID: 5b2d812f3d1bc72ce2581b03fc9a0d9b,
Execution Time for Trace ID 5b2d812f3d1bc72ce2581b03fc9a0d9b: 44 ms
Input: 1157625,
Cold Start: false
Unique ID: 234e927719ebd1031c6f2911b48261dc,
Execution Time for Trace ID 234e927719ebd1031c6f2911b48261dc: 44 ms
Input: 1157625,
Cold Start: false
Unique ID: c027bf17a2c97f6f60ce4f87e0f6c100,
Execution Time for Trace ID c027bf17a2c97f6f60ce4f87e0f6c100: 45 ms
Input: 1157625,
Cold Start: false
Unique ID: f589b971a4fc9daafafc4254f58b8a10,
Execution Time for Trace ID f589b971a4fc9daafafc4254f58b8a10: 43 ms
Input: 1157625,
Cold Start: false
Unique ID: d8eb4d9ac0197a2292576f723861473e,
Execution Time for Trace ID d8eb4d9ac0197a2292576f723861473e: 44 ms
Input: 1157625,
Cold Start: false
Unique ID: 6eda218e56de371302341c882e599bce,
Execution Time for Trace ID 6eda218e56de371302341c882e599bce: 45 ms
Input: 1157625,
Cold Start: false
Unique ID: 5900a52fae56f0f7d89754c8c23f916b,
Execution Time for Trace ID 5900a52fae56f0f7d89754c8c23f916b: 49 ms
Input: 1157625,
Cold Start: false
Unique ID: 532869f537322d0bd39039c26265f29c,
Execution Time for Trace ID 532869f537322d0bd39039c26265f29c: 46 ms
Input: 1157625,
Cold Start: false
Unique ID: 235439e79f14de1d25bda16ead4a4c7e,
Execution Time for Trace ID 235439e79f14de1d25bda16ead4a4c7e: 47 ms
Input: 1157625,
Cold Start: false
Unique ID: 0b700983938f92ac8ed9cefdc091995e,
Execution Time for Trace ID 0b700983938f92ac8ed9cefdc091995e: 44 ms
Input: 1157625,
Cold Start: false
Unique ID: 691b2cec92519b7f867ddf1f16684717,
Execution Time for Trace ID 691b2cec92519b7f867ddf1f16684717: 45 ms
Input: 1157625,
Cold Start: false
Unique ID: 14e6e0bcffb2241de6790b75e1276947,
Execution Time for Trace ID 14e6e0bcffb2241de6790b75e1276947: 44 ms
Input: 1157625,
Cold Start: false
Unique ID: d2f9e2a9471c901920eb719f17e10457,
Execution Time for Trace ID d2f9e2a9471c901920eb719f17e10457: 45 ms
Input: 1157625,
Cold Start: false
Unique ID: 9bc91e2437f0944e97acfb89ddf55412,
Execution Time for Trace ID 9bc91e2437f0944e97acfb89ddf55412: 44 ms
Input: 1157625,
Cold Start: false
Unique ID: 8fff35399ff3f8b27ff6e796e5ef1183,
Execution Time for Trace ID 8fff35399ff3f8b27ff6e796e5ef1183: 44 ms
Input: 1157625,
Cold Start: false
Unique ID: 1b968180548191797e31723070d7a8fa,
Execution Time for Trace ID 1b968180548191797e31723070d7a8fa: 49 ms
Input: 1157625,
Cold Start: false
Unique ID: 7e4d011f2da611252ecb3e523b1399ce,
Execution Time for Trace ID 7e4d011f2da611252ecb3e523b1399ce: 47 ms
Input: 1157625,
Cold Start: false
Unique ID: 3affc6cafbabf413f31d86100d269b0d,
Execution Time for Trace ID 3affc6cafbabf413f31d86100d269b0d: 45 ms
Input: 1157625,
Cold Start: false
Unique ID: 7cf7b0ff2c88b30b53129ea3758ec870,
Execution Time for Trace ID 7cf7b0ff2c88b30b53129ea3758ec870: 44 ms
Input: 1157625,
Cold Start: false
Unique ID: 01d71a4f9fc2f74a6d16f4b7ab15bcd0,
Execution Time for Trace ID 01d71a4f9fc2f74a6d16f4b7ab15bcd0: 55 ms
Input: 1157625,
Cold Start: false
Unique ID: bc3940dae5e1a12987d0a362f6e448d3,
Execution Time for Trace ID bc3940dae5e1a12987d0a362f6e448d3: 44 ms
Input: 1157625,
Cold Start: false
Unique ID: d7c30b5d6d139b47077507f75f5db792,
Execution Time for Trace ID d7c30b5d6d139b47077507f75f5db792: 44 ms
Input: 1157625,
Cold Start: false
Unique ID: 5e73818e4aa02edff2b1d8f4b5bc3857,
Execution Time for Trace ID 5e73818e4aa02edff2b1d8f4b5bc3857: 44 ms
Input: 1157625,
Cold Start: false
Unique ID: 3fd62dd8adb15c78a8979bcbd7839d8a,
Execution Time for Trace ID 3fd62dd8adb15c78a8979bcbd7839d8a: 44 ms
Input: 1157625,
Cold Start: false
Unique ID: 68164fa20858ddf5cbc7fbe9e7d053c6,
Execution Time for Trace ID 68164fa20858ddf5cbc7fbe9e7d053c6: 44 ms
Input: 1157625,
Cold Start: false
Unique ID: c65c47017ff3865f0869a9bc2d8d5623,
Execution Time for Trace ID c65c47017ff3865f0869a9bc2d8d5623: 46 ms
Input: 1157625,
Cold Start: false
Unique ID: 056caa84c051dd0750fbc584175d7c6b,
Execution Time for Trace ID 056caa84c051dd0750fbc584175d7c6b: 45 ms
Input: 1157625,
Cold Start: false
Unique ID: 2d7c0cdc4feb19d46b0548f61ef7e93c,
Execution Time for Trace ID 2d7c0cdc4feb19d46b0548f61ef7e93c: 45 ms
Input: 1157625,
Cold Start: false
Unique ID: 7c2978d6ef27b758a61ac144090a12f9,
Execution Time for Trace ID 7c2978d6ef27b758a61ac144090a12f9: 47 ms
Input: 1157625,
Cold Start: false
Unique ID: c295aec133376a774926bd2310b734a2,
Execution Time for Trace ID c295aec133376a774926bd2310b734a2: 46 ms
Input: 1157625,
Cold Start: false
Unique ID: 2e264222330e7e873d3bd4e0b0e678d7,
Execution Time for Trace ID 2e264222330e7e873d3bd4e0b0e678d7: 44 ms
Input: 1157625,
Cold Start: false
Unique ID: c9783f514a951dd2f8fa935ca7d7f732,
Execution Time for Trace ID c9783f514a951dd2f8fa935ca7d7f732: 45 ms
Input: 1157625,
Cold Start: false
Unique ID: 9f4b7e5e08cb061f288f9884acb8d177,
Execution Time for Trace ID 9f4b7e5e08cb061f288f9884acb8d177: 45 ms
Input: 1157625,
Cold Start: false
Unique ID: 4e05fbaa121698f7385ea798c3779031,
Execution Time for Trace ID 4e05fbaa121698f7385ea798c3779031: 46 ms
Input: 1157625,
Cold Start: false
Unique ID: b2cae1a22b7205051d6409e293b9dd6a,
Execution Time for Trace ID b2cae1a22b7205051d6409e293b9dd6a: 46 ms
Input: 1157625,
Cold Start: false
Unique ID: 7295894e01e2f7cd00ff978ab413a107,
Execution Time for Trace ID 7295894e01e2f7cd00ff978ab413a107: 46 ms
Input: 1157625,
Cold Start: false
Unique ID: e2ad7522f08234de6490542a29216f68,
Execution Time for Trace ID e2ad7522f08234de6490542a29216f68: 50 ms
Input: 1157625,
Cold Start: false
Unique ID: 351627db28a7d23905ef6d12c4c6a304,
Execution Time for Trace ID 351627db28a7d23905ef6d12c4c6a304: 45 ms
Input: 1157625,
Cold Start: false
Unique ID: 615dafc24f2df96991a7580153f66bff,
Execution Time for Trace ID 615dafc24f2df96991a7580153f66bff: 46 ms
Input: 1157625,
Cold Start: false
Unique ID: 49bc31f9430ee2b869ea9f70acdce668,
Execution Time for Trace ID 49bc31f9430ee2b869ea9f70acdce668: 46 ms
Input: 1157625,
Cold Start: false
Unique ID: b98a555dc918b130aa4ecb5fe343d18e,
Execution Time for Trace ID b98a555dc918b130aa4ecb5fe343d18e: 45 ms
Input: 1157625,
Cold Start: false
Unique ID: 7696605424d9e45b98ff0e5029fc62a8,
Execution Time for Trace ID 7696605424d9e45b98ff0e5029fc62a8: 49 ms
Input: 1157625,
Cold Start: false
Unique ID: 2f431e5ee21bd162166bf7f6de18c8f0,
Execution Time for Trace ID 2f431e5ee21bd162166bf7f6de18c8f0: 46 ms
Input: 1157625,
Cold Start: false
Unique ID: bbfee0e5cb72ea3866b4a4fefc9048e6,
Execution Time for Trace ID bbfee0e5cb72ea3866b4a4fefc9048e6: 63 ms
Input: 1157625,
Cold Start: false
Unique ID: 0c88fcfe1ce48bb26cce4d9abeac0a0f,
Execution Time for Trace ID 0c88fcfe1ce48bb26cce4d9abeac0a0f: 44 ms
Input: 1157625,
Cold Start: false
Unique ID: c0dad88bbc0b684d7d375b6ab9bf1eda,
Execution Time for Trace ID c0dad88bbc0b684d7d375b6ab9bf1eda: 43 ms
Input: 1157625,
Cold Start: false
Unique ID: c1f9b41e5fe19bf7e78ff01fffcc79b7,
Execution Time for Trace ID c1f9b41e5fe19bf7e78ff01fffcc79b7: 45 ms
Input: 1157625,
Cold Start: false
Unique ID: 9980364f4f10eb4e82e8f646e701a59e,
Execution Time for Trace ID 9980364f4f10eb4e82e8f646e701a59e: 44 ms
Input: 1157625,
Cold Start: false
Unique ID: 2ca9012da2469c01e947a1fba538dde1,
Execution Time for Trace ID 2ca9012da2469c01e947a1fba538dde1: 44 ms
Input: 1157625,
Cold Start: false
Unique ID: 0b1be063439c0ab7f13cf8fa4196643a,
Execution Time for Trace ID 0b1be063439c0ab7f13cf8fa4196643a: 43 ms
Input: 1157625,
Cold Start: false
Unique ID: 6186a19747056f03952fa3f4177fc4d4,
Execution Time for Trace ID 6186a19747056f03952fa3f4177fc4d4: 43 ms
Input: 1157625,
Cold Start: false
Unique ID: a735f03dd9240af7a2035236dfaa6b9c,
Execution Time for Trace ID a735f03dd9240af7a2035236dfaa6b9c: 45 ms
Input: 1157625,
Cold Start: false
Unique ID: 67c0f768cb848a32951e1ecd4b0bacb5,
Execution Time for Trace ID 67c0f768cb848a32951e1ecd4b0bacb5: 44 ms
Input: 1157625,
Cold Start: false
Unique ID: 9eb61a7b1df4c6af62b862e5c9546819,
Execution Time for Trace ID 9eb61a7b1df4c6af62b862e5c9546819: 48 ms
Input: 1157625,
Cold Start: false
Unique ID: b6127293415840ab67d4bcd153c0df7f,
Execution Time for Trace ID b6127293415840ab67d4bcd153c0df7f: 44 ms
Input: 1157625,
Cold Start: false
Unique ID: fd780bbdb46071add6847e20ea0e7224,
Execution Time for Trace ID fd780bbdb46071add6847e20ea0e7224: 48 ms
Input: 1157625,
Cold Start: false
Unique ID: a6a173f815ccfc5cffdc8278fb0bf91e,
Execution Time for Trace ID a6a173f815ccfc5cffdc8278fb0bf91e: 128 ms
Input: 1157625,
Cold Start: false
Unique ID: 7d8b30e85118b4bc1408d5d785895a82,
Execution Time for Trace ID 7d8b30e85118b4bc1408d5d785895a82: 137 ms
Input: 1157625,
Cold Start: false
Unique ID: c74b614fe6a8e2cca93b464a2a6e10a9,
Execution Time for Trace ID c74b614fe6a8e2cca93b464a2a6e10a9: 106 ms
Input: 1157625,
Cold Start: false
Unique ID: d933aeee1cf2c678a1546ef2150faa87,
Execution Time for Trace ID d933aeee1cf2c678a1546ef2150faa87: 190 ms
Input: 1157625,
Cold Start: false
Unique ID: a3438c3a3b3bc7721278e17dcb46d7e4,
Execution Time for Trace ID a3438c3a3b3bc7721278e17dcb46d7e4: 154 ms
Input: 1157625,
Cold Start: false
Unique ID: 01674324564fa69af2e982ff6753a7fa,
Execution Time for Trace ID 01674324564fa69af2e982ff6753a7fa: 156 ms
Input: 1157625,
Cold Start: false
Unique ID: c1512e941027944421e2ac82ca0daf15,
Execution Time for Trace ID c1512e941027944421e2ac82ca0daf15: 100 ms
Input: 1157625,
Cold Start: false
Unique ID: 799ae12cde166139eae6bd02a34f77a5,
Execution Time for Trace ID 799ae12cde166139eae6bd02a34f77a5: 76 ms
Input: 1157625,
Cold Start: false
Unique ID: 510e795f58bf83b37903b7894624e6b1,
Execution Time for Trace ID 510e795f58bf83b37903b7894624e6b1: 89 ms
Input: 1157625,
Cold Start: false
Unique ID: 0494968e1fe2848b3a96e358dc306125,
Execution Time for Trace ID 0494968e1fe2848b3a96e358dc306125: 63 ms
Input: 1157625,
Cold Start: false
Unique ID: 1cc803d752acf69accffacb04d309a1f,
Execution Time for Trace ID 1cc803d752acf69accffacb04d309a1f: 68 ms
Input: 1157625,
Cold Start: false
Unique ID: 1e8d0e990c17f56e2a2551ffdab31ee4,
Execution Time for Trace ID 1e8d0e990c17f56e2a2551ffdab31ee4: 46 ms
Input: 1157625,
Cold Start: false
Unique ID: fedc2c19d90910274779afa593a85f85,
Execution Time for Trace ID fedc2c19d90910274779afa593a85f85: 60 ms
Input: 1157625,
Cold Start: false
Unique ID: 26559f4860480fe5552b197e797bd0c4,
Execution Time for Trace ID 26559f4860480fe5552b197e797bd0c4: 43 ms
Input: 1157625,
Cold Start: false
Unique ID: 97229cc1c3e76d023947917e6d1dc542,
Execution Time for Trace ID 97229cc1c3e76d023947917e6d1dc542: 44 ms
Input: 1157625,
Cold Start: false
Unique ID: 05dd319c28e568c8cc0c4df4b086a838,
Execution Time for Trace ID 05dd319c28e568c8cc0c4df4b086a838: 48 ms
Input: 1157625,
Cold Start: false
Unique ID: f970d0bbd6dfd8fe5e9d8d8fbe79153f,
Execution Time for Trace ID f970d0bbd6dfd8fe5e9d8d8fbe79153f: 46 ms
Input: 1157625,
Cold Start: false
Unique ID: 61f723e94b83972bb3310f103a3d154b,
Execution Time for Trace ID 61f723e94b83972bb3310f103a3d154b: 45 ms
Input: 1157625,
Cold Start: false
Unique ID: e4c2c2a4b646b16893e1e8bebbcdb0d6,
Execution Time for Trace ID e4c2c2a4b646b16893e1e8bebbcdb0d6: 59 ms
Input: 1157625,
Cold Start: false
Unique ID: 137d7d83c7e3c8dffb87786d8bb80840,
Execution Time for Trace ID 137d7d83c7e3c8dffb87786d8bb80840: 47 ms
Input: 1157625,
Cold Start: false
Unique ID: 215421a3404bf34fa7d4f65ec340d8b1,
Execution Time for Trace ID 215421a3404bf34fa7d4f65ec340d8b1: 50 ms
Input: 1157625,
Cold Start: false
Unique ID: 48b27ed12684045a4121416e5ca63ff9,
Execution Time for Trace ID 48b27ed12684045a4121416e5ca63ff9: 46 ms
Input: 1157625,
Cold Start: false
Unique ID: 27c50b6704b9bfe463d420401e32337d,
Execution Time for Trace ID 27c50b6704b9bfe463d420401e32337d: 44 ms
Input: 1157625,
Cold Start: false
Unique ID: a1145a37ea9510a80d1fe0384903d09c,
Execution Time for Trace ID a1145a37ea9510a80d1fe0384903d09c: 46 ms
Input: 1157625,
Cold Start: false
Unique ID: 5294536690b9a0181316dce4205b09a0,
Execution Time for Trace ID 5294536690b9a0181316dce4205b09a0: 43 ms
Input: 1157625,
Cold Start: false
Unique ID: 4a2b14ca318a9902f60b57107c7a335a,
Execution Time for Trace ID 4a2b14ca318a9902f60b57107c7a335a: 53 ms
Input: 1157625,
Cold Start: false
Unique ID: fcda791cec279e28ac4a4e7e55ab334f,
Execution Time for Trace ID fcda791cec279e28ac4a4e7e55ab334f: 42 ms
Input: 1157625,
Cold Start: false
Unique ID: a0b03a3fdb58e2a96c9f34a043dfc8df,
Execution Time for Trace ID a0b03a3fdb58e2a96c9f34a043dfc8df: 42 ms
Input: 1157625,
Cold Start: false
Unique ID: 23751b08ab3742c6b9749e1a2df46da0,
Execution Time for Trace ID 23751b08ab3742c6b9749e1a2df46da0: 43 ms
Input: 1157625,
Cold Start: false
Unique ID: 154f2e24f97a436de0d9f3afa90c05d7,
Execution Time for Trace ID 154f2e24f97a436de0d9f3afa90c05d7: 42 ms
Input: 1157625,
Cold Start: false
Unique ID: 362991879b834be5fc53ceb20cf27746,
Execution Time for Trace ID 362991879b834be5fc53ceb20cf27746: 48 ms
Input: 1157625,
Cold Start: false
Unique ID: 99c6bf4493ba583102f1eeb44792fa20,
Execution Time for Trace ID 99c6bf4493ba583102f1eeb44792fa20: 42 ms
Input: 1157625,
Cold Start: false
Unique ID: 39c3c7cbb82494ccb637993e44afb930,
Execution Time for Trace ID 39c3c7cbb82494ccb637993e44afb930: 42 ms
Input: 1157625,
Cold Start: false
Unique ID: 875dbbfaeadad6012a2bcdf2c9a7bc65,
Execution Time for Trace ID 875dbbfaeadad6012a2bcdf2c9a7bc65: 42 ms
Input: 1157625,
Cold Start: false
Unique ID: 3e1947c84fbbacfa32422600f12e53aa,
Execution Time for Trace ID 3e1947c84fbbacfa32422600f12e53aa: 43 ms
Input: 1157625,
Cold Start: false
Unique ID: 0eb4a72ea08f07a0c5a34d866ca712ad,
Execution Time for Trace ID 0eb4a72ea08f07a0c5a34d866ca712ad: 44 ms
Input: 1157625,
Cold Start: false
Unique ID: 4ffe4e77d4fc2383e7e49ee60d775771,
Execution Time for Trace ID 4ffe4e77d4fc2383e7e49ee60d775771: 44 ms
Input: 1157625,
Cold Start: false
Unique ID: 6506f03b8b0e9c791fe581385d5ea240,
Execution Time for Trace ID 6506f03b8b0e9c791fe581385d5ea240: 43 ms
Input: 1157625,
Cold Start: false
Unique ID: e8fd53145c59dcd384f756a916377f2f,
Execution Time for Trace ID e8fd53145c59dcd384f756a916377f2f: 43 ms
Input: 1157625,
Cold Start: false
Unique ID: 5735992adb549ff94a7dd25e41c2268f,
Execution Time for Trace ID 5735992adb549ff94a7dd25e41c2268f: 42 ms
Input: 1157625,
Cold Start: false
Unique ID: bcc0ab89b032d0c6e7b8cf4f73ef577d,
Execution Time for Trace ID bcc0ab89b032d0c6e7b8cf4f73ef577d: 45 ms
Input: 1157625,
Cold Start: false
Unique ID: 89a650fcb06cbe1013d41c1443285076,
Execution Time for Trace ID 89a650fcb06cbe1013d41c1443285076: 43 ms
Input: 1157625,
Cold Start: false
Unique ID: 05794e312384ed65082d2201b7c0bfff,
Execution Time for Trace ID 05794e312384ed65082d2201b7c0bfff: 43 ms
Input: 1157625,
Cold Start: false
Unique ID: f74f0d06f063f3024f9d201c0c3c7f26,
Execution Time for Trace ID f74f0d06f063f3024f9d201c0c3c7f26: 44 ms
Input: 1157625,
Cold Start: false
Unique ID: 7c70bf58ddc60526ece84d9e1db7db6f,
Execution Time for Trace ID 7c70bf58ddc60526ece84d9e1db7db6f: 43 ms
Input: 1157625,
Cold Start: false
Unique ID: 1d679b345045bdcd0f8a9d7e38848c0d,
Execution Time for Trace ID 1d679b345045bdcd0f8a9d7e38848c0d: 47 ms
Input: 1157625,
Cold Start: false
Unique ID: 2c47a0caa1708d0ec31bba831e0c9e5d,
Execution Time for Trace ID 2c47a0caa1708d0ec31bba831e0c9e5d: 43 ms
Input: 1157625,
Cold Start: false
Unique ID: b83000f5eba32edc80786da160b2004f,
Execution Time for Trace ID b83000f5eba32edc80786da160b2004f: 46 ms
Input: 1157625,
Cold Start: false
Unique ID: 19526fc3b542083682e80f7527b62718,
Execution Time for Trace ID 19526fc3b542083682e80f7527b62718: 42 ms
Input: 1157625,
Cold Start: false
Unique ID: a78cffe0e9b8cad6b05c33ffac319079,
Execution Time for Trace ID a78cffe0e9b8cad6b05c33ffac319079: 42 ms
Input: 1157625,
Cold Start: false
Unique ID: 38e79b978ca700c3d70b298ad64145ce,
Execution Time for Trace ID 38e79b978ca700c3d70b298ad64145ce: 47 ms
Input: 1157625,
Cold Start: false
Unique ID: b70d95f67e58d5d3e2a76eb1022b329a,
Execution Time for Trace ID b70d95f67e58d5d3e2a76eb1022b329a: 44 ms
Input: 1157625,
Cold Start: false
Unique ID: e89508b729682eb14f9d201c0c3c7700,
Execution Time for Trace ID e89508b729682eb14f9d201c0c3c7700: 43 ms
Input: 1157625,
Cold Start: false
Unique ID: cda368dd0854b3ee4bbfbdb4ffed55dd,
Execution Time for Trace ID cda368dd0854b3ee4bbfbdb4ffed55dd: 42 ms
Input: 1157625,
Cold Start: false
Unique ID: bf53b5924a6837c4613158abcf00b83b,
Execution Time for Trace ID bf53b5924a6837c4613158abcf00b83b: 42 ms
Input: 1157625,
Cold Start: false
Unique ID: e5643dc8e720e13e1ec01f6c1e372920,
Execution Time for Trace ID e5643dc8e720e13e1ec01f6c1e372920: 42 ms
Input: 1157625,
Cold Start: false
Unique ID: 3024efe6f985f62310fa4ce1212eeb69,
Execution Time for Trace ID 3024efe6f985f62310fa4ce1212eeb69: 43 ms
Input: 1157625,
Cold Start: false
Unique ID: 2e770870fe0fc4c9cf9f0ab49cefa412,
Execution Time for Trace ID 2e770870fe0fc4c9cf9f0ab49cefa412: 42 ms
Input: 1157625,
Cold Start: false
Unique ID: 35d44788f18dbb529190ad8c1849464b,
Execution Time for Trace ID 35d44788f18dbb529190ad8c1849464b: 42 ms
Input: 1157625,
Cold Start: false
Unique ID: 7dce251c0a8984200aa9627a0b0b7737,
Execution Time for Trace ID 7dce251c0a8984200aa9627a0b0b7737: 42 ms
Input: 1157625,
Cold Start: false
Unique ID: 0035131cd6d7bde0e916ff0fb8c04990,
Execution Time for Trace ID 0035131cd6d7bde0e916ff0fb8c04990: 42 ms
Input: 1157625,
Cold Start: false
Unique ID: e081d4a443a31c2428f3aca0047f6b11,
Execution Time for Trace ID e081d4a443a31c2428f3aca0047f6b11: 43 ms
Input: 1157625,
Cold Start: false
Unique ID: 00042fb78795e384a7aac0631e5375ea,
Execution Time for Trace ID 00042fb78795e384a7aac0631e5375ea: 43 ms
Input: 1157625,
Cold Start: false
Unique ID: 19d34e7d215b8c258bc119bd19e4ec58,
Execution Time for Trace ID 19d34e7d215b8c258bc119bd19e4ec58: 42 ms
Input: 1157625,
Cold Start: false
Unique ID: 421117860e5e9b14917c383174a670af,
Execution Time for Trace ID 421117860e5e9b14917c383174a670af: 42 ms
Input: 1157625,
Cold Start: false
Unique ID: a05f72e3d16da74b13929eee84b401e5,
Execution Time for Trace ID a05f72e3d16da74b13929eee84b401e5: 42 ms
Input: 1157625,
Cold Start: false
Unique ID: 611e893c1fb858e962c0a402294a4b58,
Execution Time for Trace ID 611e893c1fb858e962c0a402294a4b58: 43 ms
Input: 1157625,
Cold Start: false
Unique ID: c1c1e145175acac2989395a8aa475383,
Execution Time for Trace ID c1c1e145175acac2989395a8aa475383: 42 ms
Input: 1157625,
Cold Start: false
Unique ID: 2c7c1a6acfb6b16d21d220e3052d072e,
Execution Time for Trace ID 2c7c1a6acfb6b16d21d220e3052d072e: 42 ms
Input: 1157625,
Cold Start: false
Unique ID: 103eac97447d13b14ac371ddf6639855,
Execution Time for Trace ID 103eac97447d13b14ac371ddf6639855: 41 ms
Input: 1157625,
Cold Start: false
Unique ID: b5150b74be7512cb497e313309e8a239,
Execution Time for Trace ID b5150b74be7512cb497e313309e8a239: 42 ms
Input: 1157625,
Cold Start: false
Unique ID: 714977a5fc6c6604c2886075c92739de,
Execution Time for Trace ID 714977a5fc6c6604c2886075c92739de: 43 ms
Input: 1157625,
Cold Start: false
Unique ID: 3064cc6096d983e84141f4d3da6ad142,
Execution Time for Trace ID 3064cc6096d983e84141f4d3da6ad142: 42 ms
Input: 1157625,
Cold Start: false
Unique ID: 9ed17c9f542b181d517430bdca6f5197,
Execution Time for Trace ID 9ed17c9f542b181d517430bdca6f5197: 42 ms
Input: 1157625,
Cold Start: false
Unique ID: 0bbf7554b3d5512788af06f0111e0697,
Execution Time for Trace ID 0bbf7554b3d5512788af06f0111e0697: 42 ms
Input: 1157625,
Cold Start: false
Unique ID: 0ee9a705e4cd1e817be196985716bf3d,
Execution Time for Trace ID 0ee9a705e4cd1e817be196985716bf3d: 51 ms
Input: 1157625,
Cold Start: false
Unique ID: 61b5cf03509e7ced947ef8360e1051e9,
Execution Time for Trace ID 61b5cf03509e7ced947ef8360e1051e9: 42 ms
Input: 1157625,
Cold Start: false
Unique ID: 46608577b0c110ef3acb1517d847df7a,
Execution Time for Trace ID 46608577b0c110ef3acb1517d847df7a: 43 ms
Input: 1157625,
Cold Start: false
Unique ID: 1c93e90e1a84f40bc28aae82d32fd0d7,
Execution Time for Trace ID 1c93e90e1a84f40bc28aae82d32fd0d7: 41 ms
Input: 1157625,
Cold Start: false
Unique ID: 31438943200b5f38087581e7ede5a36f,
Execution Time for Trace ID 31438943200b5f38087581e7ede5a36f: 43 ms
Input: 1157625,
Cold Start: false
Unique ID: 5b8db989beaed05fcd9c529a1d776a0c,
Execution Time for Trace ID 5b8db989beaed05fcd9c529a1d776a0c: 43 ms
Input: 1157625,
Cold Start: false
Unique ID: 2ea375ec9ee1a6baa032c1eaef5fd31b,
Execution Time for Trace ID 2ea375ec9ee1a6baa032c1eaef5fd31b: 42 ms
Input: 1157625,
Cold Start: false
Unique ID: dcfdd0414f16cfbedade2932f2f7fb07,
Execution Time for Trace ID dcfdd0414f16cfbedade2932f2f7fb07: 43 ms
Input: 1157625,
Cold Start: false
Unique ID: a1680d89b3446fc302bbfd4796e1f6f4,
Execution Time for Trace ID a1680d89b3446fc302bbfd4796e1f6f4: 43 ms
Input: 1157625,
Cold Start: false
Unique ID: 548e0ab3c1a442be46a4f49009c25a07,
Execution Time for Trace ID 548e0ab3c1a442be46a4f49009c25a07: 44 ms
Input: 1157625,
Cold Start: false
Unique ID: b43c167804f96a1f8868f9d0c914ba6e,
Execution Time for Trace ID b43c167804f96a1f8868f9d0c914ba6e: 43 ms
Input: 1157625,
Cold Start: false
Unique ID: b12ff60a704a942fa2cab3a2af0bd7b0,
Execution Time for Trace ID b12ff60a704a942fa2cab3a2af0bd7b0: 42 ms
Input: 1157625,
Cold Start: false
Unique ID: 8ce5c6d5f826a06fc81a0c4006fe6918,
Execution Time for Trace ID 8ce5c6d5f826a06fc81a0c4006fe6918: 44 ms
Input: 1157625,
Cold Start: false
Unique ID: a90b8913e5851ff9298cd1374262967f,
Execution Time for Trace ID a90b8913e5851ff9298cd1374262967f: 42 ms
Input: 1157625,
Cold Start: false
Unique ID: 2a29b526a9e97b8253880f2ce03997a0,
Execution Time for Trace ID 2a29b526a9e97b8253880f2ce03997a0: 43 ms
Input: 1157625,
Cold Start: false
Unique ID: 03bdbf01d3f22ce76e4b284fcd9d2991,
Execution Time for Trace ID 03bdbf01d3f22ce76e4b284fcd9d2991: 43 ms
Input: 1157625,
Cold Start: false
Unique ID: a6bde5882ad116867a61b17392454c85,
Execution Time for Trace ID a6bde5882ad116867a61b17392454c85: 42 ms
Input: 1157625,
Cold Start: false
Unique ID: fefc7a997b50f3a365e197952540ee5f,
Execution Time for Trace ID fefc7a997b50f3a365e197952540ee5f: 123 ms
Input: 1157625,
Cold Start: false
Unique ID: dad90deb41a629a9b209f8e64952dc7b,
Execution Time for Trace ID dad90deb41a629a9b209f8e64952dc7b: 54 ms
Input: 1157625,
Cold Start: false
Unique ID: c3cc7113ec2097d701600d1897c6176c,
Execution Time for Trace ID c3cc7113ec2097d701600d1897c6176c: 65 ms
Input: 1157625,
Cold Start: false
Unique ID: d0b27aa064f27f40f92f77af2bb59661,
Execution Time for Trace ID d0b27aa064f27f40f92f77af2bb59661: 65 ms
Input: 1157625,
Cold Start: false
Unique ID: f113a952a3bc98cf4a8e854c5faf3256,
Execution Time for Trace ID f113a952a3bc98cf4a8e854c5faf3256: 61 ms
Input: 1157625,
Cold Start: false
Unique ID: b9cedf0ad5e5ac589eacab9f78d5aa07,
Execution Time for Trace ID b9cedf0ad5e5ac589eacab9f78d5aa07: 109 ms
Input: 1157625,
Cold Start: false
Unique ID: 4b74dd1a44727019d233570e388b9507,
Execution Time for Trace ID 4b74dd1a44727019d233570e388b9507: 59 ms
Input: 1157625,
Cold Start: false
Unique ID: 70053810e978c4f94a8bb771867b23b6,
Execution Time for Trace ID 70053810e978c4f94a8bb771867b23b6: 67 ms
Input: 1157625,
Cold Start: false
Unique ID: 6939936d7272b54d745bc659f31016d3,
Execution Time for Trace ID 6939936d7272b54d745bc659f31016d3: 55 ms
Input: 1157625,
Cold Start: false
Unique ID: 2eb669a58b33116109b87d9208b0a2a8,
Execution Time for Trace ID 2eb669a58b33116109b87d9208b0a2a8: 48 ms
Input: 1157625,
Cold Start: false
Unique ID: 23cc8e47810ddfadbbf4fc2b01f2b20a,
Execution Time for Trace ID 23cc8e47810ddfadbbf4fc2b01f2b20a: 45 ms
Input: 1157625,
Cold Start: false
Unique ID: d78c77837f89f13132f42a8d262665df,
Execution Time for Trace ID d78c77837f89f13132f42a8d262665df: 46 ms
Input: 1157625,
Cold Start: false
Unique ID: d91aa83d968e855b69d6c7f91c4ccf15,
Execution Time for Trace ID d91aa83d968e855b69d6c7f91c4ccf15: 44 ms
Input: 1157625,
Cold Start: false
Unique ID: 3910e0d97ddf1627b620ebd6933588a3,
Execution Time for Trace ID 3910e0d97ddf1627b620ebd6933588a3: 42 ms
Input: 1157625,
Cold Start: false
Unique ID: 71591b0d401b57b54397f44ed6c40d1a,
Execution Time for Trace ID 71591b0d401b57b54397f44ed6c40d1a: 42 ms
Input: 1157625,
Cold Start: false
Unique ID: 7cf6853c37b9519b1271888332274708,
Execution Time for Trace ID 7cf6853c37b9519b1271888332274708: 43 ms
Input: 1157625,
Cold Start: false
Unique ID: af61f795eae1a6514daa331d3905e717,
Execution Time for Trace ID af61f795eae1a6514daa331d3905e717: 42 ms
Input: 1157625,
Cold Start: false
Unique ID: 0486ad22710ee4bbc962c021fdb6e7e3,
Execution Time for Trace ID 0486ad22710ee4bbc962c021fdb6e7e3: 43 ms
Input: 1157625,
Cold Start: false
Unique ID: 29cd74868313b5edb375c92ab8b778ee,
Execution Time for Trace ID 29cd74868313b5edb375c92ab8b778ee: 42 ms
Input: 1157625,
Cold Start: false
Unique ID: 53ff4c7e1222ba98eff1fc9f761a36cf,
Execution Time for Trace ID 53ff4c7e1222ba98eff1fc9f761a36cf: 42 ms
Input: 1157625,
Cold Start: false
Unique ID: 005fbe4d03a39ff8e018cd1ff7052430,
Execution Time for Trace ID 005fbe4d03a39ff8e018cd1ff7052430: 43 ms
Input: 1157625,
Cold Start: false
Unique ID: 65a9d972f1de7f4049ebcbd927eb8113,
Execution Time for Trace ID 65a9d972f1de7f4049ebcbd927eb8113: 43 ms
Input: 1157625,
Cold Start: false
Unique ID: a3bcad74e80772e30c03970594d6d27e,
Execution Time for Trace ID a3bcad74e80772e30c03970594d6d27e: 44 ms
Input: 1157625,
Cold Start: false
Unique ID: 582616dbc29ebc08762073598220d891,
Execution Time for Trace ID 582616dbc29ebc08762073598220d891: 43 ms
Input: 1157625,
Cold Start: false
Unique ID: 448ff60c3cd4a28027f9162040a963c1,
Execution Time for Trace ID 448ff60c3cd4a28027f9162040a963c1: 42 ms
Input: 1157625,
Cold Start: false
Unique ID: 2553fe5296aa2ea13b827e3f2df8deb0,
Execution Time for Trace ID 2553fe5296aa2ea13b827e3f2df8deb0: 42 ms
Input: 1157625,
Cold Start: false
Unique ID: 7c4947ed41e62d466b4d064ee60d6ce1,
Execution Time for Trace ID 7c4947ed41e62d466b4d064ee60d6ce1: 42 ms
Input: 1157625,
Cold Start: false
Unique ID: 7a31038db5cbb82e584d4c61be444c5b,
Execution Time for Trace ID 7a31038db5cbb82e584d4c61be444c5b: 45 ms
Input: 1157625,
Cold Start: false
Unique ID: d953a9701279c0979a65d2c2c12b36f7,
Execution Time for Trace ID d953a9701279c0979a65d2c2c12b36f7: 45 ms
Input: 1157625,
Cold Start: false
Unique ID: 645feec2e9f551bfe55bf3bb0a3e27d4,
Execution Time for Trace ID 645feec2e9f551bfe55bf3bb0a3e27d4: 44 ms
Input: 1157625,
Cold Start: false
Unique ID: bfecd84a404bc764781f95b41c32cd82,
Execution Time for Trace ID bfecd84a404bc764781f95b41c32cd82: 43 ms
Input: 1157625,
Cold Start: false
Unique ID: 8f64540a4d06389d4beb1cf1345137f6,
Execution Time for Trace ID 8f64540a4d06389d4beb1cf1345137f6: 43 ms
Input: 1157625,
Cold Start: false
Unique ID: 858cd452648504fedb010b9a2098b4af,
Execution Time for Trace ID 858cd452648504fedb010b9a2098b4af: 43 ms
Input: 1157625,
Cold Start: false
Unique ID: 58cd8e52dda432e8ee1a662a16f5a47f,
Execution Time for Trace ID 58cd8e52dda432e8ee1a662a16f5a47f: 43 ms
Input: 1157625,
Cold Start: false
Unique ID: f0f15d680e6e3a4e0c761422be49b3e2,
Execution Time for Trace ID f0f15d680e6e3a4e0c761422be49b3e2: 42 ms
Input: 1157625,
Cold Start: false
Unique ID: 1f4d3a64342a0cadd09036411dceecc5,
Execution Time for Trace ID 1f4d3a64342a0cadd09036411dceecc5: 42 ms
Input: 1157625,
Cold Start: false
Unique ID: d96aa2de8fac5f1b00df7fb655ebcdc3,
Execution Time for Trace ID d96aa2de8fac5f1b00df7fb655ebcdc3: 54 ms
Input: 1157625,
Cold Start: false
Unique ID: 4591b9310d6cc7dd42c3b0e1219d092a,
Execution Time for Trace ID 4591b9310d6cc7dd42c3b0e1219d092a: 43 ms
Input: 1157625,
Cold Start: false
Unique ID: 470b2db2dea840743c06d8e56a6cf193,
Execution Time for Trace ID 470b2db2dea840743c06d8e56a6cf193: 43 ms
Input: 1157625,
Cold Start: false
Unique ID: e7b70d223a3e40e3f3212ffe77602096,
Execution Time for Trace ID e7b70d223a3e40e3f3212ffe77602096: 42 ms
Input: 1157625,
Cold Start: false
Unique ID: 0f0ca80a810f0859670f33d919e1d825,
Execution Time for Trace ID 0f0ca80a810f0859670f33d919e1d825: 42 ms
Input: 1157625,
Cold Start: false
Unique ID: d770c6a8f7b5c51e45d2bf7c271b908e,
Execution Time for Trace ID d770c6a8f7b5c51e45d2bf7c271b908e: 45 ms
Input: 1157625,
Cold Start: false
Unique ID: dba42e50aeb0c62adcd83a4e0ba722fc,
Execution Time for Trace ID dba42e50aeb0c62adcd83a4e0ba722fc: 43 ms
Input: 1157625,
Cold Start: false
Unique ID: 9a2d3478794d5dffc57232f4d77c811f,
Execution Time for Trace ID 9a2d3478794d5dffc57232f4d77c811f: 42 ms
Input: 1157625,
Cold Start: false
Unique ID: 10123fb879145c355328e0b5bb044056,
Execution Time for Trace ID 10123fb879145c355328e0b5bb044056: 45 ms
Input: 1157625,
Cold Start: false
Unique ID: fc033bf21fc1666918220fceb1da5664,
Execution Time for Trace ID fc033bf21fc1666918220fceb1da5664: 49 ms
Input: 1157625,
Cold Start: false
Unique ID: 7aaaa715400754d919e51c8029da4a36,
Execution Time for Trace ID 7aaaa715400754d919e51c8029da4a36: 44 ms
Input: 1157625,
Cold Start: false
Unique ID: f3908cf2dd99ded219e448536958f56d,
Execution Time for Trace ID f3908cf2dd99ded219e448536958f56d: 43 ms
Input: 1157625,
Cold Start: false
Unique ID: 6cbed0adce3f0cf38f7dd0d10e2bb3df,
Execution Time for Trace ID 6cbed0adce3f0cf38f7dd0d10e2bb3df: 42 ms
Input: 1157625,
Cold Start: false
Unique ID: b49ac83bec7f6656ae2cc20302133cc8,
Execution Time for Trace ID b49ac83bec7f6656ae2cc20302133cc8: 43 ms
Input: 1157625,
Cold Start: false
Unique ID: 8631d3af7085c409ad370a7a6bd928f0,
Execution Time for Trace ID 8631d3af7085c409ad370a7a6bd928f0: 43 ms
Input: 1157625,
Cold Start: false
Unique ID: 39be5f0b46c9d83a0932143b490ee6fa,
Execution Time for Trace ID 39be5f0b46c9d83a0932143b490ee6fa: 44 ms
Input: 1157625,
Cold Start: false
Unique ID: 90d4b95932c3db1ee384002ce4bbeb93,
Execution Time for Trace ID 90d4b95932c3db1ee384002ce4bbeb93: 47 ms
Input: 1157625,
Cold Start: false
Unique ID: 75999dcf3707e31edd553fdcf39b0c87,
Execution Time for Trace ID 75999dcf3707e31edd553fdcf39b0c87: 42 ms
Input: 1157625,
Cold Start: false
Unique ID: 260c2f1be892f97544828d1d12d9d040,
Execution Time for Trace ID 260c2f1be892f97544828d1d12d9d040: 43 ms
Input: 1157625,
Cold Start: false
Unique ID: 46a2c09ef1bd7475d850005d454bf397,
Execution Time for Trace ID 46a2c09ef1bd7475d850005d454bf397: 44 ms
Input: 1157625,
Cold Start: false
Unique ID: bfe9fb050f1d453f21b42f9567fe6bb1,
Execution Time for Trace ID bfe9fb050f1d453f21b42f9567fe6bb1: 42 ms
Input: 1157625,
Cold Start: false
Unique ID: 9ef93e95eebae61ad5d60ab23af504bf,
Execution Time for Trace ID 9ef93e95eebae61ad5d60ab23af504bf: 44 ms
Input: 1157625,
Cold Start: false
Unique ID: 31ab1cc951748445a398df1c7dfd7c07,
Execution Time for Trace ID 31ab1cc951748445a398df1c7dfd7c07: 47 ms
Input: 1157625,
Cold Start: false
Unique ID: dfa837d0c143ce84fe5c1d038fc5dfae,
Execution Time for Trace ID dfa837d0c143ce84fe5c1d038fc5dfae: 43 ms
Input: 1157625,
Cold Start: false
Unique ID: ba6ec33df2b2bfa542c3b0e1219d0c41,
Execution Time for Trace ID ba6ec33df2b2bfa542c3b0e1219d0c41: 44 ms
Input: 1157625,
Cold Start: false
Unique ID: ceb9ab5e2e4cd92a82b888a28f5826b0,
Execution Time for Trace ID ceb9ab5e2e4cd92a82b888a28f5826b0: 48 ms
Input: 1157625,
Cold Start: false
Unique ID: 8b07879ebce3ae1415e3640a7bc556ff,
Execution Time for Trace ID 8b07879ebce3ae1415e3640a7bc556ff: 42 ms
Input: 1157625,
Cold Start: false
Unique ID: 46578e0094e6552898a34a45b46655df,
Execution Time for Trace ID 46578e0094e6552898a34a45b46655df: 42 ms
Input: 1157625,
Cold Start: false
Unique ID: e1f8b2dfabdd241915ec15f551624e47,
Execution Time for Trace ID e1f8b2dfabdd241915ec15f551624e47: 43 ms
Input: 1157625,
Cold Start: false
Unique ID: f7dcfff972820c4115eeebdc190e2f2e,
Execution Time for Trace ID f7dcfff972820c4115eeebdc190e2f2e: 42 ms
Input: 1157625,
Cold Start: false
Unique ID: 9f736d82de326a87ed5673deb98595de,
Execution Time for Trace ID 9f736d82de326a87ed5673deb98595de: 43 ms
Input: 1157625,
Cold Start: false
Unique ID: f8165909a6b36b9bcdf8a9159479f78b,
Execution Time for Trace ID f8165909a6b36b9bcdf8a9159479f78b: 42 ms
Input: 1157625,
Cold Start: false
Unique ID: 6384c3099a797f33550c893ce0a8296d,
Execution Time for Trace ID 6384c3099a797f33550c893ce0a8296d: 43 ms
Input: 1157625,
Cold Start: false
Unique ID: 16030b627e43bd6739a0fdcef9208b13,
Execution Time for Trace ID 16030b627e43bd6739a0fdcef9208b13: 44 ms
Input: 1157625,
Cold Start: false
Unique ID: bd4db96a03c4fac7f2ce44b4f763529c,
Execution Time for Trace ID bd4db96a03c4fac7f2ce44b4f763529c: 43 ms
Input: 1157625,
Cold Start: false
Unique ID: 2bb50efda13c95c025202362e837be1b,
Execution Time for Trace ID 2bb50efda13c95c025202362e837be1b: 44 ms
Input: 1157625,
Cold Start: false
Unique ID: 915196b34a8c15bfcb01eeb647376d5e,
Execution Time for Trace ID 915196b34a8c15bfcb01eeb647376d5e: 42 ms
Input: 1157625,
Cold Start: false
Unique ID: b2d6abf863a619a101055d2125957f15,
Execution Time for Trace ID b2d6abf863a619a101055d2125957f15: 42 ms
Input: 1157625,
Cold Start: false
Unique ID: 984e7da8ca4b15d934304dcc22a4de4f,
Execution Time for Trace ID 984e7da8ca4b15d934304dcc22a4de4f: 42 ms
Input: 1157625,
Cold Start: false
Unique ID: 98c28457ed837f7241326ebeea656e50,
Execution Time for Trace ID 98c28457ed837f7241326ebeea656e50: 42 ms
Input: 1157625,
Cold Start: false
Unique ID: 87684bdfd19bc3a3439fee9db119919c,
Execution Time for Trace ID 87684bdfd19bc3a3439fee9db119919c: 42 ms
Input: 1157625,
Cold Start: false
Unique ID: ca75a4ad3bcdf9433ca24a969c197e89,
Execution Time for Trace ID ca75a4ad3bcdf9433ca24a969c197e89: 42 ms
Input: 1157625,
Cold Start: false
Unique ID: fda3d196f2b082e0152e5aa6da74a8f8,
Execution Time for Trace ID fda3d196f2b082e0152e5aa6da74a8f8: 43 ms
Input: 1157625,
Cold Start: false
Unique ID: a1b1f5187536d049032c7ae7caf5171e,
Execution Time for Trace ID a1b1f5187536d049032c7ae7caf5171e: 44 ms
Input: 1157625,
Cold Start: false
Unique ID: 919793b3a9942b7a7ac82c2d4e3ea466,
Execution Time for Trace ID 919793b3a9942b7a7ac82c2d4e3ea466: 43 ms
Input: 1157625,
Cold Start: false
Unique ID: 27636be6f2bd0ee47cff71e83a7a6efe,
Execution Time for Trace ID 27636be6f2bd0ee47cff71e83a7a6efe: 42 ms
Input: 1157625,
Cold Start: false
Unique ID: d03b92683fb4bb228bf0ab1130cc5314,
Execution Time for Trace ID d03b92683fb4bb228bf0ab1130cc5314: 43 ms
Input: 1157625,
Cold Start: false
Unique ID: 99eb2ec72ceeb45439e494696e3f5728,
Execution Time for Trace ID 99eb2ec72ceeb45439e494696e3f5728: 43 ms
Input: 1157625,
Cold Start: false
Unique ID: 0a9a50b5700c4a8001285515446d577a,
Execution Time for Trace ID 0a9a50b5700c4a8001285515446d577a: 43 ms
Input: 1157625,
Cold Start: false
Unique ID: a897f3957311b469df6b8a5fea51e25d,
Execution Time for Trace ID a897f3957311b469df6b8a5fea51e25d: 43 ms
Input: 1157625,
Cold Start: false
Unique ID: 84a6fe27f7b3d03e91c59b5e51e7938d,
Execution Time for Trace ID 84a6fe27f7b3d03e91c59b5e51e7938d: 44 ms
Input: 1157625,
Cold Start: false
Unique ID: 79179e102d762fd0d9d255d2ddfa8b65,
Execution Time for Trace ID 79179e102d762fd0d9d255d2ddfa8b65: 45 ms
Input: 1157625,
Cold Start: false
Unique ID: 22044d5029f133c6a51ccd334e06acf8,
Execution Time for Trace ID 22044d5029f133c6a51ccd334e06acf8: 45 ms
Input: 1157625,
Cold Start: false
Unique ID: bde84ac1e68d705e30ffc1c39529e4c3,
Execution Time for Trace ID bde84ac1e68d705e30ffc1c39529e4c3: 44 ms
Input: 1157625,
Cold Start: false
Unique ID: 5c6e1130d3a32dc7473ca2d215b61d3d,
Execution Time for Trace ID 5c6e1130d3a32dc7473ca2d215b61d3d: 43 ms
Input: 1157625,
Cold Start: false
Unique ID: cc90c3390b07169606205344077dfe88,
Execution Time for Trace ID cc90c3390b07169606205344077dfe88: 41 ms
Input: 1157625,
Cold Start: false
Unique ID: 70d251317258797bc1317717ff010140,
Execution Time for Trace ID 70d251317258797bc1317717ff010140: 42 ms
Input: 1157625,
Cold Start: false
Unique ID: 7ad310cb4a38b047f597dbdc82cbbefe,
Execution Time for Trace ID 7ad310cb4a38b047f597dbdc82cbbefe: 43 ms
Input: 1157625,
Cold Start: false
Unique ID: 984dbabf9b31b560768b4440f0563e52,
Execution Time for Trace ID 984dbabf9b31b560768b4440f0563e52: 45 ms
Input: 1157625,
Cold Start: false
Unique ID: d64039cdc61dadb29135c0556bd182b4,
Execution Time for Trace ID d64039cdc61dadb29135c0556bd182b4: 42 ms
Input: 1157625,
Cold Start: false
Unique ID: d2d4e12d8e963f096ecad2d3f05a2261,
Execution Time for Trace ID d2d4e12d8e963f096ecad2d3f05a2261: 42 ms
Input: 1157625,
Cold Start: false
Unique ID: 767d18b103b6368d2593ac6859ea0c8c,
Execution Time for Trace ID 767d18b103b6368d2593ac6859ea0c8c: 42 ms
Input: 1157625,
Cold Start: false
Unique ID: 15b4c2dcb88e51128bcb8c1a3e4974c3,
Execution Time for Trace ID 15b4c2dcb88e51128bcb8c1a3e4974c3: 42 ms
Input: 1157625,
Cold Start: false
Unique ID: fb076283ea94b45170f7af9fe8937dc0,
Execution Time for Trace ID fb076283ea94b45170f7af9fe8937dc0: 42 ms
Input: 1157625,
Cold Start: false
Unique ID: 8fde8df6cd1dd4cba1c9c5601128e7df,
Execution Time for Trace ID 8fde8df6cd1dd4cba1c9c5601128e7df: 43 ms
Input: 1157625,
Cold Start: false
Unique ID: 8d8016644916d77ef99533e9e7acefa9,
Execution Time for Trace ID 8d8016644916d77ef99533e9e7acefa9: 42 ms
Input: 1157625,
Cold Start: false
Unique ID: 597eab03b61405864a3e8d13ad4f5ca1,
Execution Time for Trace ID 597eab03b61405864a3e8d13ad4f5ca1: 42 ms
Input: 1157625,
Cold Start: false
Unique ID: 411468e8120276a65f757d9021ca8912,
Execution Time for Trace ID 411468e8120276a65f757d9021ca8912: 42 ms
Input: 1157625,
Cold Start: false
Unique ID: e03f97cbb1875838bcea678c82d78783,
Execution Time for Trace ID e03f97cbb1875838bcea678c82d78783: 42 ms
Input: 1157625,
Cold Start: false
Unique ID: a74fe8aa5ae205dea63c409558034261,
Execution Time for Trace ID a74fe8aa5ae205dea63c409558034261: 42 ms
Input: 1157625,
Cold Start: false
Unique ID: 9d02612b34d67c347cbcd43b0e499032,
Execution Time for Trace ID 9d02612b34d67c347cbcd43b0e499032: 43 ms
Input: 1157625,
Cold Start: false
Unique ID: 5cc5c92c9030ed84428e57121bc8bdce,
Execution Time for Trace ID 5cc5c92c9030ed84428e57121bc8bdce: 43 ms
Input: 1157625,
Cold Start: false
Unique ID: c921d243889a86ca1d2cb32d5fdfa108,
Execution Time for Trace ID c921d243889a86ca1d2cb32d5fdfa108: 42 ms
Input: 1157625,
Cold Start: false
Unique ID: d3d6a0fff43e23e7b92d6e8a35c1df16,
Execution Time for Trace ID d3d6a0fff43e23e7b92d6e8a35c1df16: 43 ms
Input: 1157625,
Cold Start: false
Unique ID: 542fb5f7732736c82854fb11315bc15b,
Execution Time for Trace ID 542fb5f7732736c82854fb11315bc15b: 42 ms
Input: 1157625,
Cold Start: false
Unique ID: 8fd65589f752ec2cd01fa94e1f211673,
Execution Time for Trace ID 8fd65589f752ec2cd01fa94e1f211673: 43 ms
Input: 1157625,
Cold Start: false
Unique ID: 927c108e176ac299c1304b3c77efccff,
Execution Time for Trace ID 927c108e176ac299c1304b3c77efccff: 43 ms
Input: 1157625,
Cold Start: false
Unique ID: 1e461904723aaa5fb9dbc4f34c12e1af,
Execution Time for Trace ID 1e461904723aaa5fb9dbc4f34c12e1af: 42 ms
Input: 1157625,
Cold Start: false
Unique ID: 42b616e4f947e64869b61555dba420bf,
Execution Time for Trace ID 42b616e4f947e64869b61555dba420bf: 42 ms
Input: 1157625,
Cold Start: false
Unique ID: 636fa44ee299f6c0f4547c24e1a2f1c4,
Execution Time for Trace ID 636fa44ee299f6c0f4547c24e1a2f1c4: 43 ms
Input: 1157625,
Cold Start: false
Unique ID: 98dcbb6a8f7d71683282b3e31e289d4c,
Execution Time for Trace ID 98dcbb6a8f7d71683282b3e31e289d4c: 103 ms
Input: 1157625,
Cold Start: false
Unique ID: 85afd9f7bcdd8bce24bf2f00983bdbd9,
Execution Time for Trace ID 85afd9f7bcdd8bce24bf2f00983bdbd9: 43 ms
Input: 1157625,
Cold Start: false
Unique ID: ef9ece4b2edada541cb414de62126a97,
Execution Time for Trace ID ef9ece4b2edada541cb414de62126a97: 42 ms
Input: 1157625,
Cold Start: false
Unique ID: 32751e765050f2a3e9d34556e9b22139,
Execution Time for Trace ID 32751e765050f2a3e9d34556e9b22139: 43 ms
Input: 1157625,
Cold Start: false
Unique ID: 3396bbd7c127cbe06b6970dcac45d910,
Execution Time for Trace ID 3396bbd7c127cbe06b6970dcac45d910: 43 ms
Input: 1157625,
Cold Start: false
Unique ID: a1a91c5884c29a2b86673f88e734a72e,
Execution Time for Trace ID a1a91c5884c29a2b86673f88e734a72e: 98 ms
Input: 1157625,
Cold Start: false
Unique ID: bf462b6f16e569c9d6d7b12f54939795,
Execution Time for Trace ID bf462b6f16e569c9d6d7b12f54939795: 43 ms
Input: 1157625,
Cold Start: false
Unique ID: a1121826cdd8c44a4bca443640f9f8c1,
Execution Time for Trace ID a1121826cdd8c44a4bca443640f9f8c1: 42 ms
Input: 1157625,
Cold Start: false
Unique ID: 8410721f4731f202ca74f6fdbebd6a9f,
Execution Time for Trace ID 8410721f4731f202ca74f6fdbebd6a9f: 42 ms
Input: 1157625,
Cold Start: false
Unique ID: 0b6f088c75fb1b313be2b61097b99107,
Execution Time for Trace ID 0b6f088c75fb1b313be2b61097b99107: 44 ms
Input: 1157625,
Cold Start: false
Unique ID: 05e2f5d69fc1f0394726251ec5a06ddd,
Execution Time for Trace ID 05e2f5d69fc1f0394726251ec5a06ddd: 51 ms
Input: 1157625,
Cold Start: false
Unique ID: a4e32dcb4c10115f7af72cf61a51e475,
Execution Time for Trace ID a4e32dcb4c10115f7af72cf61a51e475: 43 ms
Input: 1157625,
Cold Start: false
Unique ID: ed7f284650c4170511150a25d6bfcb23,
Execution Time for Trace ID ed7f284650c4170511150a25d6bfcb23: 42 ms
Input: 1157625,
Cold Start: false
Unique ID: 45497a0531dcc53669e87ffe295e5757,
Execution Time for Trace ID 45497a0531dcc53669e87ffe295e5757: 43 ms
Input: 1157625,
Cold Start: false
Unique ID: 956167735215976d773c3ee4aed57d4a,
Execution Time for Trace ID 956167735215976d773c3ee4aed57d4a: 43 ms
Input: 1157625,
Cold Start: false
Unique ID: b773c4cf3b7327954876e5014c354529,
Execution Time for Trace ID b773c4cf3b7327954876e5014c354529: 44 ms
Input: 1157625,
Cold Start: false
Unique ID: ba5950786ebc99b0023b37a06a5ec3ad,
Execution Time for Trace ID ba5950786ebc99b0023b37a06a5ec3ad: 95 ms
Input: 1157625,
Cold Start: false
Unique ID: 892bb224f162fa56328f62d64c73dcf7,
Execution Time for Trace ID 892bb224f162fa56328f62d64c73dcf7: 43 ms
Input: 1157625,
Cold Start: false
Unique ID: 761f08965f0600fded7a9daaefbe1a03,
Execution Time for Trace ID 761f08965f0600fded7a9daaefbe1a03: 43 ms
Input: 1157625,
Cold Start: false
Unique ID: 1d317b634b628f1a886772901b2639b0,
Execution Time for Trace ID 1d317b634b628f1a886772901b2639b0: 43 ms
Input: 1157625,
Cold Start: false
Unique ID: 0c8ac88160a08e47c3c7d69328ad1ca2,
Execution Time for Trace ID 0c8ac88160a08e47c3c7d69328ad1ca2: 43 ms
Input: 1157625,
Cold Start: false
Unique ID: ce25529c4ac43e3233afeadc034073f6,
Execution Time for Trace ID ce25529c4ac43e3233afeadc034073f6: 44 ms
Input: 1157625,
Cold Start: false
Unique ID: 8427cc88e44a353e22ef8e83bea0bb9d,
Execution Time for Trace ID 8427cc88e44a353e22ef8e83bea0bb9d: 43 ms
Input: 1157625,
Cold Start: false
Unique ID: 7eeae51105c35f909583d9cc81090730,
Execution Time for Trace ID 7eeae51105c35f909583d9cc81090730: 60 ms
Input: 1157625,
Cold Start: false
Unique ID: 81f54601c35b8efc3ee9452206c15f0f,
Execution Time for Trace ID 81f54601c35b8efc3ee9452206c15f0f: 122 ms
Input: 1157625,
Cold Start: false
Unique ID: 409a3710e7c71cdec08914264b80f9c0,
Execution Time for Trace ID 409a3710e7c71cdec08914264b80f9c0: 46 ms
Input: 1157625,
Cold Start: false
Unique ID: 125ba8b460ffdaf0564e7646bfc69eca,
Execution Time for Trace ID 125ba8b460ffdaf0564e7646bfc69eca: 50 ms
Input: 1157625,
Cold Start: false
Unique ID: cd5ecccc04b8380bd772b8d4c8fd7084,
Execution Time for Trace ID cd5ecccc04b8380bd772b8d4c8fd7084: 125 ms
Input: 1157625,
Cold Start: false
Unique ID: f06e0f5a9d5a01d5339417a6a07a8c65,
Execution Time for Trace ID f06e0f5a9d5a01d5339417a6a07a8c65: 48 ms
Input: 1157625,
Cold Start: false
Unique ID: 8426e3e1837bbf47af0da12bb73e5c11,
Execution Time for Trace ID 8426e3e1837bbf47af0da12bb73e5c11: 43 ms
Input: 1157625,
Cold Start: false
Unique ID: 2a905ebef9c9fe2f54cb66deb96b79da,
Execution Time for Trace ID 2a905ebef9c9fe2f54cb66deb96b79da: 44 ms
Input: 1157625,
Cold Start: false
Unique ID: edfcc79cba16f1379d10ece5bcfa095c,
Execution Time for Trace ID edfcc79cba16f1379d10ece5bcfa095c: 42 ms
Input: 1157625,
Cold Start: false
Unique ID: d6591cb8bfa7299bad50148fa808d0e2,
Execution Time for Trace ID d6591cb8bfa7299bad50148fa808d0e2: 42 ms
Input: 1157625,
Cold Start: false
Unique ID: f5f439959ed73573daef63cdbcb99675,
Execution Time for Trace ID f5f439959ed73573daef63cdbcb99675: 43 ms
Input: 1157625,
Cold Start: false
