Unique ID: 23bf9ed2556e10a49f99b06817602448,
Execution Time for Trace ID 23bf9ed2556e10a49f99b06817602448: 149 ms
Input: 1000000,
Cold Start: true
Unique ID: 08b4bc18fe8c3c6889d59ce154e1482b,
Execution Time for Trace ID 08b4bc18fe8c3c6889d59ce154e1482b: 63 ms
Input: 1000000,
Cold Start: true
Unique ID: a6e143ef29ce8c59c71335be2fd75f4e,
Execution Time for Trace ID a6e143ef29ce8c59c71335be2fd75f4e: 87 ms
Input: 1000000,
Cold Start: false
Unique ID: 4b3aa7bd88b7fc894a8ddff43c5308ad,
Execution Time for Trace ID 4b3aa7bd88b7fc894a8ddff43c5308ad: 73 ms
Input: 1000000,
Cold Start: false
Unique ID: 16b316d035428750d3f519640d71e947,
Execution Time for Trace ID 16b316d035428750d3f519640d71e947: 87 ms
Input: 1000000,
Cold Start: false
Unique ID: a9b05501cab8a7ca8f7d3e7cbd40b2cb,
Execution Time for Trace ID a9b05501cab8a7ca8f7d3e7cbd40b2cb: 86 ms
Input: 1000000,
Cold Start: false
Unique ID: 1b6a04361a11ceeba6e42a1d558f9938,
Execution Time for Trace ID 1b6a04361a11ceeba6e42a1d558f9938: 62 ms
Input: 1000000,
Cold Start: false
Unique ID: 0781646f09ed38274d57ec25fd0ba4e5,
Execution Time for Trace ID 0781646f09ed38274d57ec25fd0ba4e5: 39 ms
Input: 1000000,
Cold Start: false
Unique ID: 5da66903976e378582eb16d43ecb88ea,
Execution Time for Trace ID 5da66903976e378582eb16d43ecb88ea: 72 ms
Input: 1000000,
Cold Start: false
Unique ID: e724f3348becf58ac49b0bec41abe04d,
Execution Time for Trace ID e724f3348becf58ac49b0bec41abe04d: 105 ms
Input: 1000000,
Cold Start: false
Unique ID: 2f062bfe0dfb10dd8f1b2ce8bd86d874,
Execution Time for Trace ID 2f062bfe0dfb10dd8f1b2ce8bd86d874: 94 ms
Input: 1000000,
Cold Start: false
Unique ID: e4047b93c28c8e32bafdf9e3177bde6e,
Execution Time for Trace ID e4047b93c28c8e32bafdf9e3177bde6e: 86 ms
Input: 1000000,
Cold Start: false
Unique ID: 9bce8b2844b551f53fd644526367f7bf,
Execution Time for Trace ID 9bce8b2844b551f53fd644526367f7bf: 89 ms
Input: 1000000,
Cold Start: false
Unique ID: 99b5c1dc8463c9097847d08bf8b45a55,
Execution Time for Trace ID 99b5c1dc8463c9097847d08bf8b45a55: 92 ms
Input: 1000000,
Cold Start: false
Unique ID: c7b2fdb109c5b96fc113221786221985,
Execution Time for Trace ID c7b2fdb109c5b96fc113221786221985: 89 ms
Input: 1000000,
Cold Start: false
Unique ID: 6913c67bedc4cb6dffcf2c447f257da9,
Execution Time for Trace ID 6913c67bedc4cb6dffcf2c447f257da9: 84 ms
Input: 1000000,
Cold Start: false
Unique ID: 65b0ed8242b7fd8057ec24bbaabb2372,
Execution Time for Trace ID 65b0ed8242b7fd8057ec24bbaabb2372: 96 ms
Input: 1000000,
Cold Start: false
Unique ID: 2c958ab2a27081870876492dadc00308,
Execution Time for Trace ID 2c958ab2a27081870876492dadc00308: 95 ms
Input: 1000000,
Cold Start: false
Unique ID: 1cf6e3f3691c4e46f697ab24f0dbbaad,
Execution Time for Trace ID 1cf6e3f3691c4e46f697ab24f0dbbaad: 55 ms
Input: 1000000,
Cold Start: false
Unique ID: 43ced4d15a032feb9f081708171aa9ae,
Execution Time for Trace ID 43ced4d15a032feb9f081708171aa9ae: 94 ms
Input: 1000000,
Cold Start: false
Unique ID: d730439b6806c8d97262e0be8264956e,
Execution Time for Trace ID d730439b6806c8d97262e0be8264956e: 77 ms
Input: 1000000,
Cold Start: false
Unique ID: e13ce651a5c29046de9d6c76e2924a7a,
Execution Time for Trace ID e13ce651a5c29046de9d6c76e2924a7a: 86 ms
Input: 1000000,
Cold Start: false
Unique ID: 5501c8df4a4d46409a86810ed478bc6f,
Execution Time for Trace ID 5501c8df4a4d46409a86810ed478bc6f: 75 ms
Input: 1000000,
Cold Start: false
Unique ID: a2d2ed79ccb60120accca56f59bf9541,
Execution Time for Trace ID a2d2ed79ccb60120accca56f59bf9541: 100 ms
Input: 1000000,
Cold Start: false
Unique ID: ea47e343199653e87bed69b2cd7a066f,
Execution Time for Trace ID ea47e343199653e87bed69b2cd7a066f: 93 ms
Input: 1000000,
Cold Start: false
Unique ID: b58d2e2a533c16b6121eb310f1edf607,
Execution Time for Trace ID b58d2e2a533c16b6121eb310f1edf607: 90 ms
Input: 1000000,
Cold Start: false
Unique ID: 7e49c938fb4f5ebbd6f04878b1aa393f,
Execution Time for Trace ID 7e49c938fb4f5ebbd6f04878b1aa393f: 89 ms
Input: 1000000,
Cold Start: false
Unique ID: 791fd6cd5ce12cac263022558449d5ea,
Execution Time for Trace ID 791fd6cd5ce12cac263022558449d5ea: 31 ms
Input: 1000000,
Cold Start: false
Unique ID: acb073f8398176d04e8cd0f714335bff,
Execution Time for Trace ID acb073f8398176d04e8cd0f714335bff: 56 ms
Input: 1000000,
Cold Start: false
Unique ID: 534e72c56a1a99b7b78a66f46e78d2d1,
Execution Time for Trace ID 534e72c56a1a99b7b78a66f46e78d2d1: 94 ms
Input: 1000000,
Cold Start: false
Unique ID: 8f3fbc0589e40332cc43d845b695370e,
Execution Time for Trace ID 8f3fbc0589e40332cc43d845b695370e: 88 ms
Input: 1000000,
Cold Start: false
Unique ID: b3c56afd444d739c559bd5b6036e2af6,
Execution Time for Trace ID b3c56afd444d739c559bd5b6036e2af6: 95 ms
Input: 1000000,
Cold Start: false
Unique ID: 9215635f30b221a2e6577e6008b456db,
Execution Time for Trace ID 9215635f30b221a2e6577e6008b456db: 96 ms
Input: 1000000,
Cold Start: false
Unique ID: 72d066a52cb50e83ff278583b965a49a,
Execution Time for Trace ID 72d066a52cb50e83ff278583b965a49a: 33 ms
Input: 1000000,
Cold Start: false
Unique ID: 9c278377a5e3410b6fee5d1bed3b9921,
Execution Time for Trace ID 9c278377a5e3410b6fee5d1bed3b9921: 91 ms
Input: 1000000,
Cold Start: false
Unique ID: 849ac9cbc2310efbc6b643419e5fbdba,
Execution Time for Trace ID 849ac9cbc2310efbc6b643419e5fbdba: 92 ms
Input: 1000000,
Cold Start: false
Unique ID: 48e916bf45ca41a5c65c71982b2363d5,
Execution Time for Trace ID 48e916bf45ca41a5c65c71982b2363d5: 90 ms
Input: 1000000,
Cold Start: false
Unique ID: 4af3014393a64091a9b08678fe6008fa,
Execution Time for Trace ID 4af3014393a64091a9b08678fe6008fa: 89 ms
Input: 1000000,
Cold Start: false
Unique ID: b2517e1c90d9598e96ae4d8613a69540,
Execution Time for Trace ID b2517e1c90d9598e96ae4d8613a69540: 88 ms
Input: 1000000,
Cold Start: false
Unique ID: 4962736b76ff9da0e72ac5272bc58f75,
Execution Time for Trace ID 4962736b76ff9da0e72ac5272bc58f75: 88 ms
Input: 1000000,
Cold Start: false
Unique ID: 9b25cc3ab7cd44f4de92039ca67a0617,
Execution Time for Trace ID 9b25cc3ab7cd44f4de92039ca67a0617: 92 ms
Input: 1000000,
Cold Start: false
Unique ID: ebc49a72cfc10169b9aa9cd1765435ca,
Execution Time for Trace ID ebc49a72cfc10169b9aa9cd1765435ca: 87 ms
Input: 1000000,
Cold Start: false
Unique ID: 036fd6094ea1e889b4e3fe4552789f26,
Execution Time for Trace ID 036fd6094ea1e889b4e3fe4552789f26: 102 ms
Input: 1000000,
Cold Start: false
Unique ID: 53f370dddfae7c8626660b244a880900,
Execution Time for Trace ID 53f370dddfae7c8626660b244a880900: 95 ms
Input: 1000000,
Cold Start: false
Unique ID: 76b124843241ac4fa495473b5683f301,
Execution Time for Trace ID 76b124843241ac4fa495473b5683f301: 74 ms
Input: 1000000,
Cold Start: false
Unique ID: e2b16107e7ff474b316c787c69488f44,
Execution Time for Trace ID e2b16107e7ff474b316c787c69488f44: 88 ms
Input: 1000000,
Cold Start: false
Unique ID: 0799f45595601ae17621c55bb151ad1d,
Execution Time for Trace ID 0799f45595601ae17621c55bb151ad1d: 36 ms
Input: 1000000,
Cold Start: false
Unique ID: b0a1f0e514a85eaba2a36ba900a0697d,
Execution Time for Trace ID b0a1f0e514a85eaba2a36ba900a0697d: 86 ms
Input: 1000000,
Cold Start: false
Unique ID: 4d311ad3f8f9b8c6e80a64bc7751d2a7,
Execution Time for Trace ID 4d311ad3f8f9b8c6e80a64bc7751d2a7: 85 ms
Input: 1000000,
Cold Start: false
Unique ID: b6ccd4232619d6e41e8111fdd6fa36d4,
Execution Time for Trace ID b6ccd4232619d6e41e8111fdd6fa36d4: 96 ms
Input: 1000000,
Cold Start: false
Unique ID: fb4ef70f78c28686ab2d164ca5644e9c,
Execution Time for Trace ID fb4ef70f78c28686ab2d164ca5644e9c: 91 ms
Input: 1000000,
Cold Start: false
Unique ID: d0d7195f6c1b99448175ed9f8af04fc2,
Execution Time for Trace ID d0d7195f6c1b99448175ed9f8af04fc2: 82 ms
Input: 1000000,
Cold Start: false
Unique ID: 792da665154834881ddd77cfbbb47add,
Execution Time for Trace ID 792da665154834881ddd77cfbbb47add: 90 ms
Input: 1000000,
Cold Start: false
Unique ID: d6c1f339b41b59eeb79b4345fd038ccc,
Execution Time for Trace ID d6c1f339b41b59eeb79b4345fd038ccc: 84 ms
Input: 1000000,
Cold Start: false
Unique ID: 7cc675079886fe5830b9afd3c5411c1c,
Execution Time for Trace ID 7cc675079886fe5830b9afd3c5411c1c: 118 ms
Input: 1000000,
Cold Start: false
Unique ID: 39931590596f76f8f1e594c4d5d2daa3,
Execution Time for Trace ID 39931590596f76f8f1e594c4d5d2daa3: 120 ms
Input: 1000000,
Cold Start: false
Unique ID: 3f4a934e45baca262b561f27dbd79960,
Execution Time for Trace ID 3f4a934e45baca262b561f27dbd79960: 60 ms
Input: 1000000,
Cold Start: false
Unique ID: b26ec110ee392cc78c6ac84f39be20af,
Execution Time for Trace ID b26ec110ee392cc78c6ac84f39be20af: 119 ms
Input: 1000000,
Cold Start: false
Unique ID: 89e54c12c36dbb3a2bf86fc818feeb03,
Execution Time for Trace ID 89e54c12c36dbb3a2bf86fc818feeb03: 115 ms
Input: 1000000,
Cold Start: false
Unique ID: a5c13537190c0ca926f820c82fc829e7,
Execution Time for Trace ID a5c13537190c0ca926f820c82fc829e7: 109 ms
Input: 1000000,
Cold Start: false
Unique ID: 8a11f31d2bab3181950e2c2825bbd7a2,
Execution Time for Trace ID 8a11f31d2bab3181950e2c2825bbd7a2: 184 ms
Input: 1000000,
Cold Start: false
Unique ID: cb45b8183d21aae799d455ef7a58e61c,
Execution Time for Trace ID cb45b8183d21aae799d455ef7a58e61c: 78 ms
Input: 1000000,
Cold Start: false
Unique ID: 365637da18094142abd0301ee017d0f3,
Execution Time for Trace ID 365637da18094142abd0301ee017d0f3: 97 ms
Input: 1000000,
Cold Start: false
Unique ID: 958f617049c64c8cdb97d0828b15d699,
Execution Time for Trace ID 958f617049c64c8cdb97d0828b15d699: 94 ms
Input: 1000000,
Cold Start: false
Unique ID: 2d912d975405f39194873357f65800f9,
Execution Time for Trace ID 2d912d975405f39194873357f65800f9: 97 ms
Input: 1000000,
Cold Start: false
Unique ID: ecda1a607d3340105485b897ebfe4d66,
Execution Time for Trace ID ecda1a607d3340105485b897ebfe4d66: 89 ms
Input: 1000000,
Cold Start: false
Unique ID: 37943e03472c2d55e8f11201568e1fc7,
Execution Time for Trace ID 37943e03472c2d55e8f11201568e1fc7: 111 ms
Input: 1000000,
Cold Start: false
Unique ID: 0458ca83797fb92197773fbc1ddb063e,
Execution Time for Trace ID 0458ca83797fb92197773fbc1ddb063e: 105 ms
Input: 1000000,
Cold Start: false
Unique ID: fc89fb8438566ae0276ea528ec5062c5,
Execution Time for Trace ID fc89fb8438566ae0276ea528ec5062c5: 96 ms
Input: 1000000,
Cold Start: false
Unique ID: 0c4c5b5812ccb5cf9407b7ecbcf8859b,
Execution Time for Trace ID 0c4c5b5812ccb5cf9407b7ecbcf8859b: 99 ms
Input: 1000000,
Cold Start: false
Unique ID: 7867892b452d7fe21ef820ab9f751090,
Execution Time for Trace ID 7867892b452d7fe21ef820ab9f751090: 106 ms
Input: 1000000,
Cold Start: false
Unique ID: 2753f5c0d27a0eb8e03ce136ba5ce40d,
Execution Time for Trace ID 2753f5c0d27a0eb8e03ce136ba5ce40d: 109 ms
Input: 1000000,
Cold Start: false
Unique ID: 4ccf30f569a88a5aa6e02df7395fa5f8,
Execution Time for Trace ID 4ccf30f569a88a5aa6e02df7395fa5f8: 101 ms
Input: 1000000,
Cold Start: false
Unique ID: 3d77a4c2ce2a4d2bf984903915410f35,
Execution Time for Trace ID 3d77a4c2ce2a4d2bf984903915410f35: 97 ms
Input: 1000000,
Cold Start: false
Unique ID: cbe3fd359664393a62c928107ac8df5a,
Execution Time for Trace ID cbe3fd359664393a62c928107ac8df5a: 90 ms
Input: 1000000,
Cold Start: false
Unique ID: 487bc94a3827763738adcdce7b02d890,
Execution Time for Trace ID 487bc94a3827763738adcdce7b02d890: 92 ms
Input: 1000000,
Cold Start: false
Unique ID: 0441c7f81bf65b565a1c064150969aa7,
Execution Time for Trace ID 0441c7f81bf65b565a1c064150969aa7: 99 ms
Input: 1000000,
Cold Start: false
Unique ID: 84c761d9fb3cc266a7581c74f12e1f8e,
Execution Time for Trace ID 84c761d9fb3cc266a7581c74f12e1f8e: 97 ms
Input: 1000000,
Cold Start: false
Unique ID: ffb20043b24c477430bd311a890366c6,
Execution Time for Trace ID ffb20043b24c477430bd311a890366c6: 94 ms
Input: 1000000,
Cold Start: false
Unique ID: c61e7c6480d7eb4219b147896aac8a51,
Execution Time for Trace ID c61e7c6480d7eb4219b147896aac8a51: 94 ms
Input: 1000000,
Cold Start: false
Unique ID: 601112118926ea2b30bd311a89036ac4,
Execution Time for Trace ID 601112118926ea2b30bd311a89036ac4: 94 ms
Input: 1000000,
Cold Start: false
Unique ID: eb6e0ba360515a95c87ea8f1c88407b8,
Execution Time for Trace ID eb6e0ba360515a95c87ea8f1c88407b8: 96 ms
Input: 1000000,
Cold Start: false
Unique ID: bc274de9664a7d436bb32182d424b7a6,
Execution Time for Trace ID bc274de9664a7d436bb32182d424b7a6: 98 ms
Input: 1000000,
Cold Start: false
Unique ID: 8ffbc45fcfe576025eb305210440ebee,
Execution Time for Trace ID 8ffbc45fcfe576025eb305210440ebee: 92 ms
Input: 1000000,
Cold Start: false
Unique ID: 9cc34a3faecc56e9a1b703aa2e0c737f,
Execution Time for Trace ID 9cc34a3faecc56e9a1b703aa2e0c737f: 89 ms
Input: 1000000,
Cold Start: false
Unique ID: 94cb015c75aaa739882bb9d58ee7eb2f,
Execution Time for Trace ID 94cb015c75aaa739882bb9d58ee7eb2f: 97 ms
Input: 1000000,
Cold Start: false
Unique ID: acc56c73177886cd83b67231a9b99913,
Execution Time for Trace ID acc56c73177886cd83b67231a9b99913: 93 ms
Input: 1000000,
Cold Start: false
Unique ID: 0a6c9c4e4d5c58548ad866da2160d231,
Execution Time for Trace ID 0a6c9c4e4d5c58548ad866da2160d231: 86 ms
Input: 1000000,
Cold Start: false
Unique ID: ea866bac764284c49681dc13c500317e,
Execution Time for Trace ID ea866bac764284c49681dc13c500317e: 63 ms
Input: 1000000,
Cold Start: false
Unique ID: 3404a81381ea2c10d6164532a197e762,
Execution Time for Trace ID 3404a81381ea2c10d6164532a197e762: 89 ms
Input: 1000000,
Cold Start: false
Unique ID: d67e39fc89638239cbe038518aaa4380,
Execution Time for Trace ID d67e39fc89638239cbe038518aaa4380: 91 ms
Input: 1000000,
Cold Start: false
Unique ID: ce26510f538e1f0cd18deed8f7da5171,
Execution Time for Trace ID ce26510f538e1f0cd18deed8f7da5171: 99 ms
Input: 1000000,
Cold Start: false
Unique ID: 338ce17c2669f3fb7722b193a9be6ef6,
Execution Time for Trace ID 338ce17c2669f3fb7722b193a9be6ef6: 181 ms
Input: 1000000,
Cold Start: false
Unique ID: 010aeb8a9051340be0fa8aa557a661d6,
Execution Time for Trace ID 010aeb8a9051340be0fa8aa557a661d6: 90 ms
Input: 1000000,
Cold Start: false
Unique ID: 64476fc882cb5cad654859c86f22412d,
Execution Time for Trace ID 64476fc882cb5cad654859c86f22412d: 29 ms
Input: 1000000,
Cold Start: false
Unique ID: 846ee577ac11c2a9aedb2e05fd1822e8,
Execution Time for Trace ID 846ee577ac11c2a9aedb2e05fd1822e8: 89 ms
Input: 1000000,
Cold Start: false
Unique ID: a9821424af76f53be23a59dbd59987d1,
Execution Time for Trace ID a9821424af76f53be23a59dbd59987d1: 86 ms
Input: 1000000,
Cold Start: false
Unique ID: 9b737797a1d5875d301f9ce8b064c7ce,
Execution Time for Trace ID 9b737797a1d5875d301f9ce8b064c7ce: 87 ms
Input: 1000000,
Cold Start: false
Unique ID: e78f1c8024619bac30255ac95fbb5f4c,
Execution Time for Trace ID e78f1c8024619bac30255ac95fbb5f4c: 92 ms
Input: 1000000,
Cold Start: false
Unique ID: 48892500a7c679a5669c27a847888a58,
Execution Time for Trace ID 48892500a7c679a5669c27a847888a58: 72 ms
Input: 1000000,
Cold Start: false
Unique ID: 0285b52fef4de369a337a09113a3a0eb,
Execution Time for Trace ID 0285b52fef4de369a337a09113a3a0eb: 87 ms
Input: 1000000,
Cold Start: false
Unique ID: b6cd44032650a1aeba16cdc7d1d6aa34,
Execution Time for Trace ID b6cd44032650a1aeba16cdc7d1d6aa34: 97 ms
Input: 1000000,
Cold Start: false
Unique ID: 1e00ce3dd75dfd42478532b06c78b68e,
Execution Time for Trace ID 1e00ce3dd75dfd42478532b06c78b68e: 85 ms
Input: 1000000,
Cold Start: false
Unique ID: d6a28be19c885427610192e0e34cf51c,
Execution Time for Trace ID d6a28be19c885427610192e0e34cf51c: 91 ms
Input: 1000000,
Cold Start: false
Unique ID: 9bbe54a6387033916edc077ed4ffb3b6,
Execution Time for Trace ID 9bbe54a6387033916edc077ed4ffb3b6: 70 ms
Input: 1000000,
Cold Start: false
Unique ID: aa846753b6dd09fbbe6345ff2572c69d,
Execution Time for Trace ID aa846753b6dd09fbbe6345ff2572c69d: 71 ms
Input: 1000000,
Cold Start: false
Unique ID: 0f255a1acadf4219c3ab9d8850359f09,
Execution Time for Trace ID 0f255a1acadf4219c3ab9d8850359f09: 84 ms
Input: 1000000,
Cold Start: false
Unique ID: 0cb6e0a0277973082041977211f8ba31,
Execution Time for Trace ID 0cb6e0a0277973082041977211f8ba31: 93 ms
Input: 1000000,
Cold Start: false
Unique ID: 827eea41c4a2ddee2dbaef097df06d77,
Execution Time for Trace ID 827eea41c4a2ddee2dbaef097df06d77: 88 ms
Input: 1000000,
Cold Start: false
Unique ID: 0d36163714ebc61775658c6fb376ee5b,
Execution Time for Trace ID 0d36163714ebc61775658c6fb376ee5b: 60 ms
Input: 1000000,
Cold Start: false
Unique ID: bcb0b120272bb24a38e5a65d5727f998,
Execution Time for Trace ID bcb0b120272bb24a38e5a65d5727f998: 85 ms
Input: 1000000,
Cold Start: false
Unique ID: 6cb725c1306bfbc6155af251f02cff6d,
Execution Time for Trace ID 6cb725c1306bfbc6155af251f02cff6d: 106 ms
Input: 1000000,
Cold Start: false
Unique ID: d6bc861622a618382bdaf252d9e368bb,
Execution Time for Trace ID d6bc861622a618382bdaf252d9e368bb: 29 ms
Input: 1000000,
Cold Start: false
Unique ID: 6bb550e6617e1ddb1cf9b98bffa15a73,
Execution Time for Trace ID 6bb550e6617e1ddb1cf9b98bffa15a73: 93 ms
Input: 1000000,
Cold Start: false
Unique ID: d1590bcfcbc4bd6c38147bd1ed26b335,
Execution Time for Trace ID d1590bcfcbc4bd6c38147bd1ed26b335: 99 ms
Input: 1000000,
Cold Start: false
Unique ID: 8497b6966628f455f4f55944a9b4cdb0,
Execution Time for Trace ID 8497b6966628f455f4f55944a9b4cdb0: 114 ms
Input: 1000000,
Cold Start: false
Unique ID: 2e2c53dfaeac69a61666370862a35192,
Execution Time for Trace ID 2e2c53dfaeac69a61666370862a35192: 84 ms
Input: 1000000,
Cold Start: false
Unique ID: ef6cecc05468de50b6839d747897665a,
Execution Time for Trace ID ef6cecc05468de50b6839d747897665a: 185 ms
Input: 1000000,
Cold Start: false
Unique ID: 4fd2eb6d676d029df05412a30ce55f98,
Execution Time for Trace ID 4fd2eb6d676d029df05412a30ce55f98: 99 ms
Input: 1000000,
Cold Start: false
Unique ID: e40b2df11e7b3be1ab3403fe40fbf59a,
Execution Time for Trace ID e40b2df11e7b3be1ab3403fe40fbf59a: 73 ms
Input: 1000000,
Cold Start: false
Unique ID: ca9c57e70bea680e7640fe7c75c6ffad,
Execution Time for Trace ID ca9c57e70bea680e7640fe7c75c6ffad: 95 ms
Input: 1000000,
Cold Start: false
Unique ID: c223153f0881f8d6972480fbbd6c5564,
Execution Time for Trace ID c223153f0881f8d6972480fbbd6c5564: 102 ms
Input: 1000000,
Cold Start: false
Unique ID: 652ffa13d5f467b609db09c5dfac2f1c,
Execution Time for Trace ID 652ffa13d5f467b609db09c5dfac2f1c: 90 ms
Input: 1000000,
Cold Start: false
Unique ID: ebfd8456020b8bf136865f9bdd716613,
Execution Time for Trace ID ebfd8456020b8bf136865f9bdd716613: 86 ms
Input: 1000000,
Cold Start: false
Unique ID: c8132234d22f1dc012d711718096ee3c,
Execution Time for Trace ID c8132234d22f1dc012d711718096ee3c: 95 ms
Input: 1000000,
Cold Start: false
Unique ID: 7e73cd89cde32fca0dba205ce71511cb,
Execution Time for Trace ID 7e73cd89cde32fca0dba205ce71511cb: 107 ms
Input: 1000000,
Cold Start: false
Unique ID: 33509c197b9d57f11b346d3d01050cb9,
Execution Time for Trace ID 33509c197b9d57f11b346d3d01050cb9: 88 ms
Input: 1000000,
Cold Start: false
Unique ID: 2c86dfb1ace40cd8bbfac9b38e3d444f,
Execution Time for Trace ID 2c86dfb1ace40cd8bbfac9b38e3d444f: 97 ms
Input: 1000000,
Cold Start: false
Unique ID: b3743717e6a5c80f5792e6db53413161,
Execution Time for Trace ID b3743717e6a5c80f5792e6db53413161: 85 ms
Input: 1000000,
Cold Start: false
Unique ID: 7f3fc6d929951fb670d4e75b53f9a6f9,
Execution Time for Trace ID 7f3fc6d929951fb670d4e75b53f9a6f9: 98 ms
Input: 1000000,
Cold Start: false
Unique ID: b4fd0e3bb9d321249d53a5f443dfb6a5,
Execution Time for Trace ID b4fd0e3bb9d321249d53a5f443dfb6a5: 95 ms
Input: 1000000,
Cold Start: false
Unique ID: 7b9eb3c75aaae5afba647c6a02d0dc6c,
Execution Time for Trace ID 7b9eb3c75aaae5afba647c6a02d0dc6c: 96 ms
Input: 1000000,
Cold Start: false
Unique ID: 2f5af244e66c5f10b70069910601ad4c,
Execution Time for Trace ID 2f5af244e66c5f10b70069910601ad4c: 94 ms
Input: 1000000,
Cold Start: false
Unique ID: 9b74e50235cb546c05e1e6440294d9c7,
Execution Time for Trace ID 9b74e50235cb546c05e1e6440294d9c7: 95 ms
Input: 1000000,
Cold Start: false
Unique ID: f2e7dbad6adcb2759a11cc8dd4c3f3d5,
Execution Time for Trace ID f2e7dbad6adcb2759a11cc8dd4c3f3d5: 88 ms
Input: 1000000,
Cold Start: false
Unique ID: 4b8211de5785c17873a64977d7d50057,
Execution Time for Trace ID 4b8211de5785c17873a64977d7d50057: 96 ms
Input: 1000000,
Cold Start: false
Unique ID: dfb181aed585b7fb36184a84faac9d71,
Execution Time for Trace ID dfb181aed585b7fb36184a84faac9d71: 96 ms
Input: 1000000,
Cold Start: false
Unique ID: 6be52b5fe2ebc061b6ba2ec9b1de6d85,
Execution Time for Trace ID 6be52b5fe2ebc061b6ba2ec9b1de6d85: 92 ms
Input: 1000000,
Cold Start: false
Unique ID: f9b6af8fc52ccf0e8db4887fca339446,
Execution Time for Trace ID f9b6af8fc52ccf0e8db4887fca339446: 101 ms
Input: 1000000,
Cold Start: false
Unique ID: 74366aaf749d9bbe0c7c73171fe1b364,
Execution Time for Trace ID 74366aaf749d9bbe0c7c73171fe1b364: 95 ms
Input: 1000000,
Cold Start: false
Unique ID: 8de9d4e76dbfe4def4d1b9b38a008214,
Execution Time for Trace ID 8de9d4e76dbfe4def4d1b9b38a008214: 97 ms
Input: 1000000,
Cold Start: false
Unique ID: e7cfe43fe88c0ce3445dd6c82f41931a,
Execution Time for Trace ID e7cfe43fe88c0ce3445dd6c82f41931a: 101 ms
Input: 1000000,
Cold Start: false
Unique ID: 638f59bd1a6a2ffd1625c9c547c79146,
Execution Time for Trace ID 638f59bd1a6a2ffd1625c9c547c79146: 103 ms
Input: 1000000,
Cold Start: false
Unique ID: ce7bea52a8621b8a8202ed823a29e694,
Execution Time for Trace ID ce7bea52a8621b8a8202ed823a29e694: 31 ms
Input: 1000000,
Cold Start: false
Unique ID: de51df97922b092e81b8aa834eb6a552,
Execution Time for Trace ID de51df97922b092e81b8aa834eb6a552: 91 ms
Input: 1000000,
Cold Start: false
Unique ID: 505182551cee6707597848a55d732b72,
Execution Time for Trace ID 505182551cee6707597848a55d732b72: 99 ms
Input: 1000000,
Cold Start: false
Unique ID: 769ccb159bfed0c3bf63663972d51e6a,
Execution Time for Trace ID 769ccb159bfed0c3bf63663972d51e6a: 184 ms
Input: 1000000,
Cold Start: false
Unique ID: 2bcffeaa4700300c044a2adb10de2b1d,
Execution Time for Trace ID 2bcffeaa4700300c044a2adb10de2b1d: 60 ms
Input: 1000000,
Cold Start: false
Unique ID: 1b0082ad381a6fef229c62c8d76e029c,
Execution Time for Trace ID 1b0082ad381a6fef229c62c8d76e029c: 79 ms
Input: 1000000,
Cold Start: false
Unique ID: 4e8d5c3ec4d6053355f7bafa7e213bf5,
Execution Time for Trace ID 4e8d5c3ec4d6053355f7bafa7e213bf5: 98 ms
Input: 1000000,
Cold Start: false
Unique ID: e40918b8fad7bb714522ad3d1f9b601f,
Execution Time for Trace ID e40918b8fad7bb714522ad3d1f9b601f: 88 ms
Input: 1000000,
Cold Start: false
Unique ID: 0c8a221c4128c03da4410d0441fa5081,
Execution Time for Trace ID 0c8a221c4128c03da4410d0441fa5081: 89 ms
Input: 1000000,
Cold Start: false
Unique ID: e88cdc05ddba0ab6e7901f4776d322d0,
Execution Time for Trace ID e88cdc05ddba0ab6e7901f4776d322d0: 76 ms
Input: 1000000,
Cold Start: false
Unique ID: 438bd296dde0f13fdf945fa340c24ba6,
Execution Time for Trace ID 438bd296dde0f13fdf945fa340c24ba6: 98 ms
Input: 1000000,
Cold Start: false
Unique ID: 969a8747feb012fd4d64887f605a93dd,
Execution Time for Trace ID 969a8747feb012fd4d64887f605a93dd: 75 ms
Input: 1000000,
Cold Start: false
Unique ID: b46fb65dc7a28559a4553ad2b5fbb894,
Execution Time for Trace ID b46fb65dc7a28559a4553ad2b5fbb894: 91 ms
Input: 1000000,
Cold Start: false
Unique ID: a3863d44599b778d0679fdd6ce480345,
Execution Time for Trace ID a3863d44599b778d0679fdd6ce480345: 86 ms
Input: 1000000,
Cold Start: false
Unique ID: b9841b8148e5829f69cdd65bcb9bbbb9,
Execution Time for Trace ID b9841b8148e5829f69cdd65bcb9bbbb9: 63 ms
Input: 1000000,
Cold Start: false
Unique ID: 2f5829ebd61a1f9c113dc17df0931336,
Execution Time for Trace ID 2f5829ebd61a1f9c113dc17df0931336: 89 ms
Input: 1000000,
Cold Start: false
Unique ID: ac5da2a4607650059d732ed0edecc57c,
Execution Time for Trace ID ac5da2a4607650059d732ed0edecc57c: 180 ms
Input: 1000000,
Cold Start: false
Unique ID: d520e697c12e7503f711e50e52477f7e,
Execution Time for Trace ID d520e697c12e7503f711e50e52477f7e: 71 ms
Input: 1000000,
Cold Start: false
Unique ID: ff43149c43a86e1d0bd8e582e8f9eb9e,
Execution Time for Trace ID ff43149c43a86e1d0bd8e582e8f9eb9e: 97 ms
Input: 1000000,
Cold Start: false
Unique ID: 5ece2b11f439e2d169ed3e9e6a6d178b,
Execution Time for Trace ID 5ece2b11f439e2d169ed3e9e6a6d178b: 91 ms
Input: 1000000,
Cold Start: false
Unique ID: c43ef2a17f48db1cf56e925e607bfb36,
Execution Time for Trace ID c43ef2a17f48db1cf56e925e607bfb36: 90 ms
Input: 1000000,
Cold Start: false
Unique ID: 7ffa7f6dabee2928410f3b850bd92928,
Execution Time for Trace ID 7ffa7f6dabee2928410f3b850bd92928: 50 ms
Input: 1000000,
Cold Start: false
Unique ID: 3d3c8274521d89df33d99af81b9fb53e,
Execution Time for Trace ID 3d3c8274521d89df33d99af81b9fb53e: 97 ms
Input: 1000000,
Cold Start: false
Unique ID: 9cffb52f484c0d168ddebf6fdff34119,
Execution Time for Trace ID 9cffb52f484c0d168ddebf6fdff34119: 90 ms
Input: 1000000,
Cold Start: false
Unique ID: 39a14d5a27675c1be582dac9ad5d6c98,
Execution Time for Trace ID 39a14d5a27675c1be582dac9ad5d6c98: 89 ms
Input: 1000000,
Cold Start: false
Unique ID: aab786e061b11afbe7af0a350b7d713d,
Execution Time for Trace ID aab786e061b11afbe7af0a350b7d713d: 85 ms
Input: 1000000,
Cold Start: false
Unique ID: b08b1c7a461177404c5223034f53fb80,
Execution Time for Trace ID b08b1c7a461177404c5223034f53fb80: 61 ms
Input: 1000000,
Cold Start: false
Unique ID: 844dbb07afff4d07cba3055233bd0109,
Execution Time for Trace ID 844dbb07afff4d07cba3055233bd0109: 83 ms
Input: 1000000,
Cold Start: false
Unique ID: f388bcb3bb83a2c0c9c79915a19c385c,
Execution Time for Trace ID f388bcb3bb83a2c0c9c79915a19c385c: 91 ms
Input: 1000000,
Cold Start: false
Unique ID: bf41cf58503d32b24bd1bf622ea81b17,
Execution Time for Trace ID bf41cf58503d32b24bd1bf622ea81b17: 87 ms
Input: 1000000,
Cold Start: false
Unique ID: c2e5513bae01b8621960039764ade763,
Execution Time for Trace ID c2e5513bae01b8621960039764ade763: 100 ms
Input: 1000000,
Cold Start: false
Unique ID: 482e0bf74dc4cca2dd3de4d46f10f030,
Execution Time for Trace ID 482e0bf74dc4cca2dd3de4d46f10f030: 89 ms
Input: 1000000,
Cold Start: false
Unique ID: ddd345b14a21a64eaecebe4d0060ffd2,
Execution Time for Trace ID ddd345b14a21a64eaecebe4d0060ffd2: 95 ms
Input: 1000000,
Cold Start: false
Unique ID: d3604657ac9ccad649d8c44207c0a118,
Execution Time for Trace ID d3604657ac9ccad649d8c44207c0a118: 87 ms
Input: 1000000,
Cold Start: false
Unique ID: c12eac5d46de193a4d838f02d30288a7,
Execution Time for Trace ID c12eac5d46de193a4d838f02d30288a7: 99 ms
Input: 1000000,
Cold Start: false
Unique ID: d3d3d89c9f0f0912965b95f28107362f,
Execution Time for Trace ID d3d3d89c9f0f0912965b95f28107362f: 84 ms
Input: 1000000,
Cold Start: false
Unique ID: f1caa2f6432f168d5c9f48c58c43bdcf,
Execution Time for Trace ID f1caa2f6432f168d5c9f48c58c43bdcf: 84 ms
Input: 1000000,
Cold Start: false
Unique ID: e12183d5454606ad4a3d6d9c0ab3c33e,
Execution Time for Trace ID e12183d5454606ad4a3d6d9c0ab3c33e: 91 ms
Input: 1000000,
Cold Start: false
Unique ID: 45ac00b3ac5877e7838eda0d8e4d9a87,
Execution Time for Trace ID 45ac00b3ac5877e7838eda0d8e4d9a87: 87 ms
Input: 1000000,
Cold Start: false
Unique ID: 32b672f688316cccbd58e31688528706,
Execution Time for Trace ID 32b672f688316cccbd58e31688528706: 85 ms
Input: 1000000,
Cold Start: false
Unique ID: 453937074b8b240461436fba12ed8d00,
Execution Time for Trace ID 453937074b8b240461436fba12ed8d00: 91 ms
Input: 1000000,
Cold Start: false
Unique ID: fe698f8cf176b9d80b95a97446b168ef,
Execution Time for Trace ID fe698f8cf176b9d80b95a97446b168ef: 33 ms
Input: 1000000,
Cold Start: false
Unique ID: c297eb0e71e98cb59a0cadec55396861,
Execution Time for Trace ID c297eb0e71e98cb59a0cadec55396861: 89 ms
Input: 1000000,
Cold Start: false
Unique ID: 074cb9778a88b8b2d0971adad36dbc6a,
Execution Time for Trace ID 074cb9778a88b8b2d0971adad36dbc6a: 76 ms
Input: 1000000,
Cold Start: false
Unique ID: 4564cd2b09cb0d1dc43e91d30c9cdb2f,
Execution Time for Trace ID 4564cd2b09cb0d1dc43e91d30c9cdb2f: 88 ms
Input: 1000000,
Cold Start: false
Unique ID: 0f0afac644d27f65012af976f7ec0106,
Execution Time for Trace ID 0f0afac644d27f65012af976f7ec0106: 89 ms
Input: 1000000,
Cold Start: false
Unique ID: c71c88f94073832e98eba60f9335f726,
Execution Time for Trace ID c71c88f94073832e98eba60f9335f726: 86 ms
Input: 1000000,
Cold Start: false
Unique ID: 6c3725ba37ee1b6d54bf78b052d808e5,
Execution Time for Trace ID 6c3725ba37ee1b6d54bf78b052d808e5: 86 ms
Input: 1000000,
Cold Start: false
Unique ID: 4c7d387b2b0f2a023d92fe1e6d5c5d0a,
Execution Time for Trace ID 4c7d387b2b0f2a023d92fe1e6d5c5d0a: 96 ms
Input: 1000000,
Cold Start: false
Unique ID: f9400234966603c0bad3207718a50b73,
Execution Time for Trace ID f9400234966603c0bad3207718a50b73: 85 ms
Input: 1000000,
Cold Start: false
Unique ID: 17e04f63ea84b2591b0201add4e79897,
Execution Time for Trace ID 17e04f63ea84b2591b0201add4e79897: 85 ms
Input: 1000000,
Cold Start: false
Unique ID: fd35f2e3486f51bcf83d1ebbf56f6584,
Execution Time for Trace ID fd35f2e3486f51bcf83d1ebbf56f6584: 87 ms
Input: 1000000,
Cold Start: false
Unique ID: 66812dd71aa6dd6cf588b3775d29c636,
Execution Time for Trace ID 66812dd71aa6dd6cf588b3775d29c636: 69 ms
Input: 1000000,
Cold Start: false
Unique ID: 8dc32f07f1ab2275bb4b06b752cdf8a9,
Execution Time for Trace ID 8dc32f07f1ab2275bb4b06b752cdf8a9: 91 ms
Input: 1000000,
Cold Start: false
Unique ID: 1b03c8c0ac380392ba5269627c842782,
Execution Time for Trace ID 1b03c8c0ac380392ba5269627c842782: 75 ms
Input: 1000000,
Cold Start: false
Unique ID: b8c8c5db8186a730b70fbdf866b2c581,
Execution Time for Trace ID b8c8c5db8186a730b70fbdf866b2c581: 65 ms
Input: 1000000,
Cold Start: false
Unique ID: d933570aad001e84c8e1db9f3c806e57,
Execution Time for Trace ID d933570aad001e84c8e1db9f3c806e57: 95 ms
Input: 1000000,
Cold Start: false
