Unique ID: 4c30fd2c-cc73-4712-8d51-4c638b7fbcde,
Billed Duration for Request 4c30fd2c-cc73-4712-8d51-4c638b7fbcde: 1916 ms
Input: 5250000,
Cold Start: false
Unique ID: 59add1b5-7d0c-4f8d-a3e2-4183c7b0706f,
Billed Duration for Request 59add1b5-7d0c-4f8d-a3e2-4183c7b0706f: 1829 ms
Input: 5250000,
Cold Start: false
Unique ID: 2184593d-3077-4472-b172-7e74f8b04769,
Billed Duration for Request 2184593d-3077-4472-b172-7e74f8b04769: 1846 ms
Input: 5250000,
Cold Start: false
Unique ID: 2e5b5099-97f0-4fbf-8774-d38962aeb61f,
Billed Duration for Request 2e5b5099-97f0-4fbf-8774-d38962aeb61f: 1929 ms
Input: 5250000,
Cold Start: false
Unique ID: eccc155e-12d0-4986-b384-69fa3c75933d,
Billed Duration for Request eccc155e-12d0-4986-b384-69fa3c75933d: 1908 ms
Input: 5250000,
Cold Start: false
Unique ID: 22d16ac9-8855-430d-b59c-746e5d03d24e,
Billed Duration for Request 22d16ac9-8855-430d-b59c-746e5d03d24e: 1960 ms
Input: 5250000,
Cold Start: false
Unique ID: d99d5e20-8fa0-4a2f-a5fb-d227b123742c,
Billed Duration for Request d99d5e20-8fa0-4a2f-a5fb-d227b123742c: 1879 ms
Input: 5250000,
Cold Start: false
Unique ID: 7e901229-e167-48a2-b7b9-e3e29c8d6b92,
Billed Duration for Request 7e901229-e167-48a2-b7b9-e3e29c8d6b92: 1907 ms
Input: 5250000,
Cold Start: false
Unique ID: b4a2d2f6-82fe-4e13-8b07-a667d2dd82a5,
Billed Duration for Request b4a2d2f6-82fe-4e13-8b07-a667d2dd82a5: 1910 ms
Input: 5250000,
Cold Start: false
Unique ID: 947bb940-8d37-4115-af12-872d4f453f23,
Billed Duration for Request 947bb940-8d37-4115-af12-872d4f453f23: 1943 ms
Input: 5250000,
Cold Start: false
Unique ID: 8a59ecd3-f2e3-4df1-9655-56561fbcdbf0,
Billed Duration for Request 8a59ecd3-f2e3-4df1-9655-56561fbcdbf0: 1900 ms
Input: 5250000,
Cold Start: false
Unique ID: d29cd1fd-0399-4803-b70c-6a53fa49cf21,
Billed Duration for Request d29cd1fd-0399-4803-b70c-6a53fa49cf21: 1831 ms
Input: 5250000,
Cold Start: false
Unique ID: 96205b1b-7072-4129-bb0d-bf7e5e61fdc7,
Billed Duration for Request 96205b1b-7072-4129-bb0d-bf7e5e61fdc7: 1829 ms
Input: 5250000,
Cold Start: false
Unique ID: 4a21b778-0558-4258-a558-ff6aa4f42f5e,
Billed Duration for Request 4a21b778-0558-4258-a558-ff6aa4f42f5e: 1910 ms
Input: 5250000,
Cold Start: false
Unique ID: 4a8956aa-8fa5-497e-a3b4-027a45d7dfe7,
Billed Duration for Request 4a8956aa-8fa5-497e-a3b4-027a45d7dfe7: 1904 ms
Input: 5250000,
Cold Start: false
Unique ID: c5ba380d-29d7-4eb8-bd20-4dd9ea614b53,
Billed Duration for Request c5ba380d-29d7-4eb8-bd20-4dd9ea614b53: 2011 ms
Input: 5250000,
Cold Start: false
Unique ID: ce5b4dec-6d7e-4d27-a5bd-3b826cdb517a,
Billed Duration for Request ce5b4dec-6d7e-4d27-a5bd-3b826cdb517a: 1875 ms
Input: 5250000,
Cold Start: false
Unique ID: 5a3c0f2e-1885-4e73-b41f-584c94c5640c,
Billed Duration for Request 5a3c0f2e-1885-4e73-b41f-584c94c5640c: 1889 ms
Input: 5250000,
Cold Start: false
Unique ID: c5840069-ef6c-4e8b-a5b8-4fa668e5eea8,
Billed Duration for Request c5840069-ef6c-4e8b-a5b8-4fa668e5eea8: 1839 ms
Input: 5250000,
Cold Start: false
Unique ID: 733d5be0-6b12-43f1-8b8f-b58862cbe7f3,
Billed Duration for Request 733d5be0-6b12-43f1-8b8f-b58862cbe7f3: 1941 ms
Input: 5250000,
Cold Start: false
Unique ID: 3664b28b-2ed1-419b-a48a-5206514af88c,
Billed Duration for Request 3664b28b-2ed1-419b-a48a-5206514af88c: 1911 ms
Input: 5250000,
Cold Start: false
Unique ID: 42f40afa-6bda-4120-b696-8b552ae4a0ec,
Billed Duration for Request 42f40afa-6bda-4120-b696-8b552ae4a0ec: 1832 ms
Input: 5250000,
Cold Start: false
Unique ID: 7fe38e83-309f-417d-8366-e5c47e72e954,
Billed Duration for Request 7fe38e83-309f-417d-8366-e5c47e72e954: 1831 ms
Input: 5250000,
Cold Start: false
Unique ID: 1b61354d-26ec-4547-bf9f-d92872eb95e8,
Billed Duration for Request 1b61354d-26ec-4547-bf9f-d92872eb95e8: 1898 ms
Input: 5250000,
Cold Start: false
Unique ID: 75a4ef53-cad4-4823-8b4f-ca308cb3eced,
Billed Duration for Request 75a4ef53-cad4-4823-8b4f-ca308cb3eced: 1903 ms
Input: 5250000,
Cold Start: false
Unique ID: e0c4e0ee-190d-41eb-b34e-76e62877f726,
Billed Duration for Request e0c4e0ee-190d-41eb-b34e-76e62877f726: 1985 ms
Input: 5250000,
Cold Start: false
Unique ID: c53dec83-3849-4570-894e-833fd7ea029b,
Billed Duration for Request c53dec83-3849-4570-894e-833fd7ea029b: 1881 ms
Input: 5250000,
Cold Start: false
Unique ID: 7128ea03-2cb5-482a-bf2d-34ac8e1e8247,
Billed Duration for Request 7128ea03-2cb5-482a-bf2d-34ac8e1e8247: 1872 ms
Input: 5250000,
Cold Start: false
Unique ID: 790b465a-7855-4841-8b95-45b45632f8e2,
Billed Duration for Request 790b465a-7855-4841-8b95-45b45632f8e2: 1879 ms
Input: 5250000,
Cold Start: false
Unique ID: 0251b8c3-82a8-45eb-b5b4-1a468987ccdf,
Billed Duration for Request 0251b8c3-82a8-45eb-b5b4-1a468987ccdf: 1952 ms
Input: 5250000,
Cold Start: false
Unique ID: 896cc8b0-3b46-42c1-8d96-f7faa02fe83f,
Billed Duration for Request 896cc8b0-3b46-42c1-8d96-f7faa02fe83f: 1899 ms
Input: 5250000,
Cold Start: false
Unique ID: 76502bb4-d289-4437-9779-084da4e5644c,
Billed Duration for Request 76502bb4-d289-4437-9779-084da4e5644c: 1830 ms
Input: 5250000,
Cold Start: false
Unique ID: 8184729e-c36c-47f3-a4a3-8cd4f168736d,
Billed Duration for Request 8184729e-c36c-47f3-a4a3-8cd4f168736d: 1828 ms
Input: 5250000,
Cold Start: false
Unique ID: 1640cd9e-6e9a-4e55-b7b6-9dc4af3cbaee,
Billed Duration for Request 1640cd9e-6e9a-4e55-b7b6-9dc4af3cbaee: 1916 ms
Input: 5250000,
Cold Start: false
Unique ID: c05096ef-5523-4703-b95b-2240e12e457f,
Billed Duration for Request c05096ef-5523-4703-b95b-2240e12e457f: 1888 ms
Input: 5250000,
Cold Start: false
Unique ID: 394acfc3-0d4a-476e-8f5c-018a5f76765b,
Billed Duration for Request 394acfc3-0d4a-476e-8f5c-018a5f76765b: 1880 ms
Input: 5250000,
Cold Start: false
Unique ID: 05c301a4-461c-4d57-94e8-e01772a8982a,
Billed Duration for Request 05c301a4-461c-4d57-94e8-e01772a8982a: 1888 ms
Input: 5250000,
Cold Start: false
Unique ID: 35173b3e-cd9c-41e5-b7c1-7e474a2ca056,
Billed Duration for Request 35173b3e-cd9c-41e5-b7c1-7e474a2ca056: 1902 ms
Input: 5250000,
Cold Start: false
Unique ID: 3dbf7198-8a67-49a1-8cfe-9e957b42df8b,
Billed Duration for Request 3dbf7198-8a67-49a1-8cfe-9e957b42df8b: 1903 ms
Input: 5250000,
Cold Start: false
Unique ID: 2c58b134-9ea2-4970-a764-1c966e052d06,
Billed Duration for Request 2c58b134-9ea2-4970-a764-1c966e052d06: 1922 ms
Input: 5250000,
Cold Start: false
Unique ID: 166a6cc9-2394-4e0c-b15a-5f2facfa9eb4,
Billed Duration for Request 166a6cc9-2394-4e0c-b15a-5f2facfa9eb4: 1812 ms
Input: 5250000,
Cold Start: false
Unique ID: 1f729c30-fa38-49d1-9f44-24da6c3375d6,
Billed Duration for Request 1f729c30-fa38-49d1-9f44-24da6c3375d6: 1829 ms
Input: 5250000,
Cold Start: false
Unique ID: b419f479-f377-4e43-ae29-6103ba2903fd,
Billed Duration for Request b419f479-f377-4e43-ae29-6103ba2903fd: 1892 ms
Input: 5250000,
Cold Start: false
Unique ID: 02005271-fe46-4cb7-9c67-21559da140e8,
Billed Duration for Request 02005271-fe46-4cb7-9c67-21559da140e8: 1906 ms
Input: 5250000,
Cold Start: false
Unique ID: 46eb06e1-77dc-46af-bdf5-3fcb393463f6,
Billed Duration for Request 46eb06e1-77dc-46af-bdf5-3fcb393463f6: 1948 ms
Input: 5250000,
Cold Start: false
Unique ID: 26ea8dd4-bbff-4142-8f12-28e490564ccf,
Billed Duration for Request 26ea8dd4-bbff-4142-8f12-28e490564ccf: 1886 ms
Input: 5250000,
Cold Start: false
Unique ID: fa3ab28a-7ca8-4e9d-b41b-1bfd8c1bb142,
Billed Duration for Request fa3ab28a-7ca8-4e9d-b41b-1bfd8c1bb142: 1869 ms
Input: 5250000,
Cold Start: false
Unique ID: 3c418d3b-1b26-4dad-a2c0-26524b868329,
Billed Duration for Request 3c418d3b-1b26-4dad-a2c0-26524b868329: 1854 ms
Input: 5250000,
Cold Start: false
Unique ID: 6cccbd30-6f35-4c55-b6da-bc151a69aa77,
Billed Duration for Request 6cccbd30-6f35-4c55-b6da-bc151a69aa77: 1919 ms
Input: 5250000,
Cold Start: false
Unique ID: 80e2288a-cb42-4235-a102-e27f1b337d84,
Billed Duration for Request 80e2288a-cb42-4235-a102-e27f1b337d84: 1911 ms
Input: 5250000,
Cold Start: false
Unique ID: 5fd0cd14-6801-41f5-808a-378bb739a887,
Billed Duration for Request 5fd0cd14-6801-41f5-808a-378bb739a887: 1811 ms
Input: 5250000,
Cold Start: false
Unique ID: cada2a33-4616-4cbf-a844-538111ea61d4,
Billed Duration for Request cada2a33-4616-4cbf-a844-538111ea61d4: 1829 ms
Input: 5250000,
Cold Start: false
Unique ID: 91865ee4-79f8-4256-ae2f-8ef91b6a3f07,
Billed Duration for Request 91865ee4-79f8-4256-ae2f-8ef91b6a3f07: 1908 ms
Input: 5250000,
Cold Start: false
Unique ID: 8b3b715d-222d-4124-9f09-cb4629270559,
Billed Duration for Request 8b3b715d-222d-4124-9f09-cb4629270559: 1907 ms
Input: 5250000,
Cold Start: false
Unique ID: ed4a9027-27f2-4017-840a-de42c1b9e85d,
Billed Duration for Request ed4a9027-27f2-4017-840a-de42c1b9e85d: 1952 ms
Input: 5250000,
Cold Start: false
Unique ID: 7e815b54-157a-4727-ad2b-bd36ae57f7a4,
Billed Duration for Request 7e815b54-157a-4727-ad2b-bd36ae57f7a4: 1896 ms
Input: 5250000,
Cold Start: false
Unique ID: 0aa93074-6a58-41a3-a588-b33f4e1f7a85,
Billed Duration for Request 0aa93074-6a58-41a3-a588-b33f4e1f7a85: 1893 ms
Input: 5250000,
Cold Start: false
Unique ID: 92ff5fcb-effc-41f4-822f-eace984a7fbf,
Billed Duration for Request 92ff5fcb-effc-41f4-822f-eace984a7fbf: 1881 ms
Input: 5250000,
Cold Start: false
Unique ID: b96fe8c7-86c3-45eb-a36c-0049961bfd83,
Billed Duration for Request b96fe8c7-86c3-45eb-a36c-0049961bfd83: 1917 ms
Input: 5250000,
Cold Start: false
Unique ID: d31e9029-5d92-4e07-826b-875bb4e990a5,
Billed Duration for Request d31e9029-5d92-4e07-826b-875bb4e990a5: 1943 ms
Input: 5250000,
Cold Start: false
Unique ID: ec4c84ca-69fe-47d6-b2f5-d0b4df9635ea,
Billed Duration for Request ec4c84ca-69fe-47d6-b2f5-d0b4df9635ea: 1832 ms
Input: 5250000,
Cold Start: false
Unique ID: ea8ec6f1-7615-4a89-8afc-22fc2873cd27,
Billed Duration for Request ea8ec6f1-7615-4a89-8afc-22fc2873cd27: 1844 ms
Input: 5250000,
Cold Start: false
Unique ID: 14d3c801-3978-4ad2-97b0-79057f9cb65d,
Billed Duration for Request 14d3c801-3978-4ad2-97b0-79057f9cb65d: 1893 ms
Input: 5250000,
Cold Start: false
Unique ID: 0a23dbc1-69e7-4844-94af-f934a661e8ae,
Billed Duration for Request 0a23dbc1-69e7-4844-94af-f934a661e8ae: 1908 ms
Input: 5250000,
Cold Start: false
Unique ID: 3ef6dd92-b77e-41ee-87d4-cd115eaaa7fa,
Billed Duration for Request 3ef6dd92-b77e-41ee-87d4-cd115eaaa7fa: 1928 ms
Input: 5250000,
Cold Start: false
Unique ID: 5569bcd5-2747-4fc4-9808-fc51f6822491,
Billed Duration for Request 5569bcd5-2747-4fc4-9808-fc51f6822491: 1916 ms
Input: 5250000,
Cold Start: false
Unique ID: 44cb2816-b99b-4eef-853b-f23757c4f03a,
Billed Duration for Request 44cb2816-b99b-4eef-853b-f23757c4f03a: 1872 ms
Input: 5250000,
Cold Start: false
Unique ID: d088fced-3958-49b7-9c25-13a826ea2b48,
Billed Duration for Request d088fced-3958-49b7-9c25-13a826ea2b48: 1872 ms
Input: 5250000,
Cold Start: false
Unique ID: 277848c2-86d0-4139-8bc2-c45a83320e21,
Billed Duration for Request 277848c2-86d0-4139-8bc2-c45a83320e21: 1907 ms
Input: 5250000,
Cold Start: false
Unique ID: d580c9dc-1914-4a2f-868f-d917bee2f62d,
Billed Duration for Request d580c9dc-1914-4a2f-868f-d917bee2f62d: 1897 ms
Input: 5250000,
Cold Start: false
Unique ID: 1cdb8a27-ef90-412b-b53d-fa3e2b842891,
Billed Duration for Request 1cdb8a27-ef90-412b-b53d-fa3e2b842891: 1829 ms
Input: 5250000,
Cold Start: false
Unique ID: bff7d8db-20e2-4373-9678-5b8e29733cb6,
Billed Duration for Request bff7d8db-20e2-4373-9678-5b8e29733cb6: 1811 ms
Input: 5250000,
Cold Start: false
Unique ID: d82f180d-f0ee-4521-99bb-88ea686ac4a7,
Billed Duration for Request d82f180d-f0ee-4521-99bb-88ea686ac4a7: 1892 ms
Input: 5250000,
Cold Start: false
Unique ID: ec50fcd3-82b3-43d4-8828-9b0b27c65ea6,
Billed Duration for Request ec50fcd3-82b3-43d4-8828-9b0b27c65ea6: 1924 ms
Input: 5250000,
Cold Start: false
Unique ID: d9dafc9a-b3bb-4f2b-9f44-7714fc36d32f,
Billed Duration for Request d9dafc9a-b3bb-4f2b-9f44-7714fc36d32f: 1930 ms
Input: 5250000,
Cold Start: false
Unique ID: 1d1857fc-5324-4ab9-8dd2-80c8acddb62b,
Billed Duration for Request 1d1857fc-5324-4ab9-8dd2-80c8acddb62b: 1874 ms
Input: 5250000,
Cold Start: false
Unique ID: 1cd73edd-8d0a-46b9-a894-2d69ba97381b,
Billed Duration for Request 1cd73edd-8d0a-46b9-a894-2d69ba97381b: 1891 ms
Input: 5250000,
Cold Start: false
Unique ID: 3c067a12-d75b-4f34-9742-58bc66f30e8b,
Billed Duration for Request 3c067a12-d75b-4f34-9742-58bc66f30e8b: 1899 ms
Input: 5250000,
Cold Start: false
Unique ID: df7b4707-7cc5-4c3d-ba22-12ec4a372ea0,
Billed Duration for Request df7b4707-7cc5-4c3d-ba22-12ec4a372ea0: 1924 ms
Input: 5250000,
Cold Start: false
Unique ID: ed50abb9-04ce-4d01-bebb-53fe085d0d9b,
Billed Duration for Request ed50abb9-04ce-4d01-bebb-53fe085d0d9b: 1929 ms
Input: 5250000,
Cold Start: false
Unique ID: 05e5bc3d-8ffd-45c1-95b4-59117ce95092,
Billed Duration for Request 05e5bc3d-8ffd-45c1-95b4-59117ce95092: 1828 ms
Input: 5250000,
Cold Start: false
Unique ID: 51f458ed-6908-442c-8900-fb4902d483e6,
Billed Duration for Request 51f458ed-6908-442c-8900-fb4902d483e6: 1829 ms
Input: 5250000,
Cold Start: false
Unique ID: 9a7b4fc4-769b-40b3-ab46-879fd834a20a,
Billed Duration for Request 9a7b4fc4-769b-40b3-ab46-879fd834a20a: 1913 ms
Input: 5250000,
Cold Start: false
Unique ID: c494644f-c14a-439c-bafe-f39bd95b2a84,
Billed Duration for Request c494644f-c14a-439c-bafe-f39bd95b2a84: 1889 ms
Input: 5250000,
Cold Start: false
Unique ID: bc269620-23d3-4666-937a-eedf92ee683c,
Billed Duration for Request bc269620-23d3-4666-937a-eedf92ee683c: 1949 ms
Input: 5250000,
Cold Start: false
Unique ID: 8861f481-77af-4ef6-88ff-53d954c11abc,
Billed Duration for Request 8861f481-77af-4ef6-88ff-53d954c11abc: 1892 ms
Input: 5250000,
Cold Start: false
Unique ID: ad27d725-693c-4f0d-bff6-d541b22503f3,
Billed Duration for Request ad27d725-693c-4f0d-bff6-d541b22503f3: 1890 ms
Input: 5250000,
Cold Start: false
Unique ID: a895e6e7-85a6-48b6-871d-cff4b3f410dc,
Billed Duration for Request a895e6e7-85a6-48b6-871d-cff4b3f410dc: 1877 ms
Input: 5250000,
Cold Start: false
Unique ID: 0ebf6acc-7382-4802-ae35-86362a963d86,
Billed Duration for Request 0ebf6acc-7382-4802-ae35-86362a963d86: 1924 ms
Input: 5250000,
Cold Start: false
Unique ID: 44f573b9-d8a7-43de-a741-a570c007ef3c,
Billed Duration for Request 44f573b9-d8a7-43de-a741-a570c007ef3c: 1892 ms
Input: 5250000,
Cold Start: false
Unique ID: 0486e043-506c-48b7-b630-bd38cb6372d4,
Billed Duration for Request 0486e043-506c-48b7-b630-bd38cb6372d4: 1827 ms
Input: 5250000,
Cold Start: false
Unique ID: d291408a-cd0a-41c1-9fe0-7495da13ef2f,
Billed Duration for Request d291408a-cd0a-41c1-9fe0-7495da13ef2f: 1849 ms
Input: 5250000,
Cold Start: false
Unique ID: 889e8aa6-18ff-44c2-887b-fa16e0882f3f,
Billed Duration for Request 889e8aa6-18ff-44c2-887b-fa16e0882f3f: 1910 ms
Input: 5250000,
Cold Start: false
Unique ID: c5012089-43c5-4884-8d89-26009f01a10f,
Billed Duration for Request c5012089-43c5-4884-8d89-26009f01a10f: 1908 ms
Input: 5250000,
Cold Start: false
Unique ID: f9254ebc-794e-4b02-ba5e-539543e3e0e7,
Billed Duration for Request f9254ebc-794e-4b02-ba5e-539543e3e0e7: 1941 ms
Input: 5250000,
Cold Start: false
Unique ID: 6d74ed55-632d-4163-a96d-22d8d072a8a4,
Billed Duration for Request 6d74ed55-632d-4163-a96d-22d8d072a8a4: 1903 ms
Input: 5250000,
Cold Start: false
Unique ID: 806daa00-1d3c-4f61-a4b9-0d7829761772,
Billed Duration for Request 806daa00-1d3c-4f61-a4b9-0d7829761772: 1890 ms
Input: 5250000,
Cold Start: false
Unique ID: fad516be-2f2e-4c76-acf9-e3b261749656,
Billed Duration for Request fad516be-2f2e-4c76-acf9-e3b261749656: 1898 ms
Input: 5250000,
Cold Start: false
Unique ID: 775fc2dd-b879-4d1d-96fe-63154a6768b5,
Billed Duration for Request 775fc2dd-b879-4d1d-96fe-63154a6768b5: 1923 ms
Input: 5250000,
Cold Start: false
Unique ID: c91fd995-368c-476e-aa44-609b9185ea43,
Billed Duration for Request c91fd995-368c-476e-aa44-609b9185ea43: 1934 ms
Input: 5250000,
Cold Start: false
Unique ID: 27a7fb52-1822-4e78-949a-8e3569792483,
Billed Duration for Request 27a7fb52-1822-4e78-949a-8e3569792483: 1830 ms
Input: 5250000,
Cold Start: false
Unique ID: 48d1d69f-3535-4902-8e00-71b2c7c7a443,
Billed Duration for Request 48d1d69f-3535-4902-8e00-71b2c7c7a443: 1821 ms
Input: 5250000,
Cold Start: false
Unique ID: 92afe68a-387f-4e09-9fe3-cc6379868dec,
Billed Duration for Request 92afe68a-387f-4e09-9fe3-cc6379868dec: 1911 ms
Input: 5250000,
Cold Start: false
Unique ID: 568049ae-a70e-4ba7-a7f0-cb2da7ddc5eb,
Billed Duration for Request 568049ae-a70e-4ba7-a7f0-cb2da7ddc5eb: 1924 ms
Input: 5250000,
Cold Start: false
Unique ID: c662f198-1996-4b0e-bb48-e047d7ed9171,
Billed Duration for Request c662f198-1996-4b0e-bb48-e047d7ed9171: 1951 ms
Input: 5250000,
Cold Start: false
Unique ID: be595b3f-fa87-467d-b6db-15361a123948,
Billed Duration for Request be595b3f-fa87-467d-b6db-15361a123948: 1895 ms
Input: 5250000,
Cold Start: false
Unique ID: cee2fc68-882d-490b-8d3f-da8b3c30f31e,
Billed Duration for Request cee2fc68-882d-490b-8d3f-da8b3c30f31e: 1875 ms
Input: 5250000,
Cold Start: false
Unique ID: 001af6ac-f106-43bf-9fd9-38e0d6b07239,
Billed Duration for Request 001af6ac-f106-43bf-9fd9-38e0d6b07239: 1860 ms
Input: 5250000,
Cold Start: false
Unique ID: 06d42fec-686a-4e05-bcb7-801caa17cd92,
Billed Duration for Request 06d42fec-686a-4e05-bcb7-801caa17cd92: 1917 ms
Input: 5250000,
Cold Start: false
Unique ID: 5d7c47a9-3ca1-463b-9429-8d01aca1d114,
Billed Duration for Request 5d7c47a9-3ca1-463b-9429-8d01aca1d114: 1894 ms
Input: 5250000,
Cold Start: false
Unique ID: dca49f3e-8e03-41a4-911c-2ff9ff9770ac,
Billed Duration for Request dca49f3e-8e03-41a4-911c-2ff9ff9770ac: 1832 ms
Input: 5250000,
Cold Start: false
Unique ID: 60f161d3-bd69-40fd-b458-23ffdc71cd95,
Billed Duration for Request 60f161d3-bd69-40fd-b458-23ffdc71cd95: 1845 ms
Input: 5250000,
Cold Start: false
Unique ID: a14cec9d-8c01-46e4-9348-16e0c9d48d07,
Billed Duration for Request a14cec9d-8c01-46e4-9348-16e0c9d48d07: 1894 ms
Input: 5250000,
Cold Start: false
Unique ID: 9dc9e552-8dac-417f-9c48-bae994857b15,
Billed Duration for Request 9dc9e552-8dac-417f-9c48-bae994857b15: 1908 ms
Input: 5250000,
Cold Start: false
Unique ID: a056be03-0ed3-4a05-b791-6d0efd087a21,
Billed Duration for Request a056be03-0ed3-4a05-b791-6d0efd087a21: 1948 ms
Input: 5250000,
Cold Start: false
Unique ID: ab75c8fd-2c67-47b5-99c8-85a25ac33124,
Billed Duration for Request ab75c8fd-2c67-47b5-99c8-85a25ac33124: 1879 ms
Input: 5250000,
Cold Start: false
Unique ID: bbbec3e2-1116-41e2-87d5-75b3e88ab739,
Billed Duration for Request bbbec3e2-1116-41e2-87d5-75b3e88ab739: 1891 ms
Input: 5250000,
Cold Start: false
Unique ID: 0bd91b22-c4a4-46ad-8a9e-8b71eb0ed071,
Billed Duration for Request 0bd91b22-c4a4-46ad-8a9e-8b71eb0ed071: 1917 ms
Input: 5250000,
Cold Start: false
Unique ID: 356c1ef8-ed23-4c72-864a-2d5c4243b52a,
Billed Duration for Request 356c1ef8-ed23-4c72-864a-2d5c4243b52a: 1924 ms
Input: 5250000,
Cold Start: false
Unique ID: 13d5b0b6-6f96-42b5-800a-7d1e5cd7a8e3,
Billed Duration for Request 13d5b0b6-6f96-42b5-800a-7d1e5cd7a8e3: 1901 ms
Input: 5250000,
Cold Start: false
Unique ID: 1f132ae6-c730-4a3e-af4f-2442d2a9db08,
Billed Duration for Request 1f132ae6-c730-4a3e-af4f-2442d2a9db08: 1809 ms
Input: 5250000,
Cold Start: false
Unique ID: 8ffb8fce-9a87-4c49-b467-13ed15abf336,
Billed Duration for Request 8ffb8fce-9a87-4c49-b467-13ed15abf336: 1784 ms
Input: 5250000,
Cold Start: false
Unique ID: 559dc515-9626-4c25-b8d5-863c9b1c147b,
Billed Duration for Request 559dc515-9626-4c25-b8d5-863c9b1c147b: 1893 ms
Input: 5250000,
Cold Start: false
Unique ID: fa1d2d5e-49da-443b-bda1-cdd2c8edf647,
Billed Duration for Request fa1d2d5e-49da-443b-bda1-cdd2c8edf647: 1926 ms
Input: 5250000,
Cold Start: false
Unique ID: b713c3ea-b62c-40b2-85cf-e1067f52f7f4,
Billed Duration for Request b713c3ea-b62c-40b2-85cf-e1067f52f7f4: 1945 ms
Input: 5250000,
Cold Start: false
Unique ID: 01680c2c-a154-4006-84b1-d16e59714f26,
Billed Duration for Request 01680c2c-a154-4006-84b1-d16e59714f26: 1898 ms
Input: 5250000,
Cold Start: false
Unique ID: 9fbdb4df-af26-4864-8fc7-03e971101200,
Billed Duration for Request 9fbdb4df-af26-4864-8fc7-03e971101200: 1871 ms
Input: 5250000,
Cold Start: false
Unique ID: 069109f7-8f4b-41d1-aca6-4d7304c1053e,
Billed Duration for Request 069109f7-8f4b-41d1-aca6-4d7304c1053e: 1881 ms
Input: 5250000,
Cold Start: false
Unique ID: 880c294e-5dd7-43e2-a247-5f3a21e2bad3,
Billed Duration for Request 880c294e-5dd7-43e2-a247-5f3a21e2bad3: 1926 ms
Input: 5250000,
Cold Start: false
Unique ID: 2b9a1e08-ac53-43e2-bdad-e5e9966789d0,
Billed Duration for Request 2b9a1e08-ac53-43e2-bdad-e5e9966789d0: 1917 ms
Input: 5250000,
Cold Start: false
Unique ID: edef4049-f7a3-46f1-a04f-e45945089a7a,
Billed Duration for Request edef4049-f7a3-46f1-a04f-e45945089a7a: 1809 ms
Input: 5250000,
Cold Start: false
Unique ID: 37c0d1cb-4d65-491b-9119-fb8424af16b4,
Billed Duration for Request 37c0d1cb-4d65-491b-9119-fb8424af16b4: 1814 ms
Input: 5250000,
Cold Start: false
Unique ID: ea858282-cf82-46b4-b6da-53355dcd5595,
Billed Duration for Request ea858282-cf82-46b4-b6da-53355dcd5595: 1892 ms
Input: 5250000,
Cold Start: false
Unique ID: b6df25a8-6970-4d5a-ad4b-1613669aaeea,
Billed Duration for Request b6df25a8-6970-4d5a-ad4b-1613669aaeea: 1909 ms
Input: 5250000,
Cold Start: false
Unique ID: 9ed232de-8cdf-48d0-a309-399e79ecb776,
Billed Duration for Request 9ed232de-8cdf-48d0-a309-399e79ecb776: 1950 ms
Input: 5250000,
Cold Start: false
Unique ID: 6007657f-87f7-426c-893b-636081dce78b,
Billed Duration for Request 6007657f-87f7-426c-893b-636081dce78b: 1878 ms
Input: 5250000,
Cold Start: false
Unique ID: ce41f933-4f18-47c7-b5db-bcb9c31e95ba,
Billed Duration for Request ce41f933-4f18-47c7-b5db-bcb9c31e95ba: 1870 ms
Input: 5250000,
Cold Start: false
Unique ID: 8dd495da-ef7f-4957-ad62-f975be2914e3,
Billed Duration for Request 8dd495da-ef7f-4957-ad62-f975be2914e3: 1899 ms
Input: 5250000,
Cold Start: false
Unique ID: ac18233b-2c2c-4c96-8633-9dac3d5d7006,
Billed Duration for Request ac18233b-2c2c-4c96-8633-9dac3d5d7006: 1925 ms
Input: 5250000,
Cold Start: false
Unique ID: de938fdf-c70e-445c-9488-1f0460fd6dbb,
Billed Duration for Request de938fdf-c70e-445c-9488-1f0460fd6dbb: 1895 ms
Input: 5250000,
Cold Start: false
Unique ID: 25ea5897-1edb-427a-842f-24c45343209e,
Billed Duration for Request 25ea5897-1edb-427a-842f-24c45343209e: 1806 ms
Input: 5250000,
Cold Start: false
Unique ID: 39af62f2-2835-49ac-b9d9-d5726a2c86b9,
Billed Duration for Request 39af62f2-2835-49ac-b9d9-d5726a2c86b9: 1907 ms
Input: 5250000,
Cold Start: false
Unique ID: 37108220-9228-4524-9e14-8f49d0814a1f,
Billed Duration for Request 37108220-9228-4524-9e14-8f49d0814a1f: 1915 ms
Input: 5250000,
Cold Start: false
Unique ID: 4cae07b9-9b29-4303-b2db-04b7f260e7e6,
Billed Duration for Request 4cae07b9-9b29-4303-b2db-04b7f260e7e6: 1893 ms
Input: 5250000,
Cold Start: false
Unique ID: 9ad11b24-9816-4ce2-ab1e-5638e5e527d4,
Billed Duration for Request 9ad11b24-9816-4ce2-ab1e-5638e5e527d4: 1953 ms
Input: 5250000,
Cold Start: false
Unique ID: 47fde402-0f06-4c86-ab03-9ab22575b1dc,
Billed Duration for Request 47fde402-0f06-4c86-ab03-9ab22575b1dc: 1900 ms
Input: 5250000,
Cold Start: false
Unique ID: ed3570a4-a4eb-407d-a2f3-60ae693c89c3,
Billed Duration for Request ed3570a4-a4eb-407d-a2f3-60ae693c89c3: 1892 ms
Input: 5250000,
Cold Start: false
Unique ID: 93abdd8a-5fc3-44b5-bf63-d704e24b724b,
Billed Duration for Request 93abdd8a-5fc3-44b5-bf63-d704e24b724b: 1862 ms
Input: 5250000,
Cold Start: false
Unique ID: 41eebe02-0054-4e18-a7f2-ef0326ac5af8,
Billed Duration for Request 41eebe02-0054-4e18-a7f2-ef0326ac5af8: 1925 ms
Input: 5250000,
Cold Start: false
