Unique ID: 8d7f5c36-aa12-4b0c-94f7-a7793cad711a,
Billed Duration for Request 8d7f5c36-aa12-4b0c-94f7-a7793cad711a: 1892 ms
Input: 5000000,
Cold Start: false
Unique ID: 83373c25-05e6-469f-bd23-3d87b7b62ce4,
Billed Duration for Request 83373c25-05e6-469f-bd23-3d87b7b62ce4: 1807 ms
Input: 5000000,
Cold Start: false
Unique ID: 17428019-bab6-462f-9f97-60a0c16e7d43,
Billed Duration for Request 17428019-bab6-462f-9f97-60a0c16e7d43: 1863 ms
Input: 5000000,
Cold Start: false
Unique ID: 0d9634a3-7d62-46ec-b58d-dec2e88504c2,
Billed Duration for Request 0d9634a3-7d62-46ec-b58d-dec2e88504c2: 1844 ms
Input: 5000000,
Cold Start: false
Unique ID: f2faca3d-1b44-45f5-b0b3-c06d287d6b03,
Billed Duration for Request f2faca3d-1b44-45f5-b0b3-c06d287d6b03: 2144 ms
Input: 5000000,
Cold Start: true
Unique ID: 8ad4e1ae-1eb2-43fa-9845-8c749c4fb76b,
Billed Duration for Request 8ad4e1ae-1eb2-43fa-9845-8c749c4fb76b: 2071 ms
Input: 5000000,
Cold Start: true
Unique ID: ad6345fc-d6b7-44d6-9edb-b871c30643d9,
Billed Duration for Request ad6345fc-d6b7-44d6-9edb-b871c30643d9: 2128 ms
Input: 5000000,
Cold Start: true
Unique ID: 810cf124-c839-4b8b-80c8-4158590603ee,
Billed Duration for Request 810cf124-c839-4b8b-80c8-4158590603ee: 2054 ms
Input: 5000000,
Cold Start: true
Unique ID: 25699039-2b7f-4c09-916c-a63ee603177b,
Billed Duration for Request 25699039-2b7f-4c09-916c-a63ee603177b: 1866 ms
Input: 5000000,
Cold Start: false
Unique ID: 06600e15-2196-4e91-8c59-527723050b40,
Billed Duration for Request 06600e15-2196-4e91-8c59-527723050b40: 1784 ms
Input: 5000000,
Cold Start: false
Unique ID: 5a619e42-cac7-4474-a4a9-5ea13c9bebad,
Billed Duration for Request 5a619e42-cac7-4474-a4a9-5ea13c9bebad: 2162 ms
Input: 5000000,
Cold Start: true
Unique ID: bcfeb5b8-4215-4dba-bba1-78b7c05adba3,
Billed Duration for Request bcfeb5b8-4215-4dba-bba1-78b7c05adba3: 1835 ms
Input: 5000000,
Cold Start: false
Unique ID: a6f6951f-ef65-4339-8965-27862b207ce1,
Billed Duration for Request a6f6951f-ef65-4339-8965-27862b207ce1: 2154 ms
Input: 5000000,
Cold Start: true
Unique ID: eea2a876-4322-4a29-9838-dbde9727cc12,
Billed Duration for Request eea2a876-4322-4a29-9838-dbde9727cc12: 1797 ms
Input: 5000000,
Cold Start: false
Unique ID: 52e0c9d6-4c45-4bfc-9c7b-2eec98c9a8d8,
Billed Duration for Request 52e0c9d6-4c45-4bfc-9c7b-2eec98c9a8d8: 2052 ms
Input: 5000000,
Cold Start: false
Unique ID: 9e8a796f-4cdd-4226-8aa4-c35b5dd2770f,
Billed Duration for Request 9e8a796f-4cdd-4226-8aa4-c35b5dd2770f: 2099 ms
Input: 5000000,
Cold Start: false
Unique ID: e8c19c4a-394e-4e36-a7e8-392922142201,
Billed Duration for Request e8c19c4a-394e-4e36-a7e8-392922142201: 1744 ms
Input: 5000000,
Cold Start: false
Unique ID: a05dec31-9598-4e73-a7b3-f3bc00032dd5,
Billed Duration for Request a05dec31-9598-4e73-a7b3-f3bc00032dd5: 2003 ms
Input: 5000000,
Cold Start: false
Unique ID: e50b0a39-c694-42d7-a0ef-02d9066e9436,
Billed Duration for Request e50b0a39-c694-42d7-a0ef-02d9066e9436: 1840 ms
Input: 5000000,
Cold Start: false
Unique ID: c2db30f3-7120-4a9e-9bb0-8bffc1b90095,
Billed Duration for Request c2db30f3-7120-4a9e-9bb0-8bffc1b90095: 2114 ms
Input: 5000000,
Cold Start: false
Unique ID: b3482d2e-a15a-44d2-a059-056e01bc9a3a,
Billed Duration for Request b3482d2e-a15a-44d2-a059-056e01bc9a3a: 1785 ms
Input: 5000000,
Cold Start: false
Unique ID: 32814a36-6151-4b48-a9d1-61e6639510ab,
Billed Duration for Request 32814a36-6151-4b48-a9d1-61e6639510ab: 1865 ms
Input: 5000000,
Cold Start: false
Unique ID: 084432e0-80d6-4755-a854-77076f0f775f,
Billed Duration for Request 084432e0-80d6-4755-a854-77076f0f775f: 2104 ms
Input: 5000000,
Cold Start: false
Unique ID: 5804ea3d-5ea7-4ed2-bfa4-7875e29cceaa,
Billed Duration for Request 5804ea3d-5ea7-4ed2-bfa4-7875e29cceaa: 2104 ms
Input: 5000000,
Cold Start: false
Unique ID: e2a74c18-6393-4edb-bd54-7ea44e567996,
Billed Duration for Request e2a74c18-6393-4edb-bd54-7ea44e567996: 1895 ms
Input: 5000000,
Cold Start: false
Unique ID: 377e28c9-bd02-4002-b96e-7e4f1a9547ba,
Billed Duration for Request 377e28c9-bd02-4002-b96e-7e4f1a9547ba: 1868 ms
Input: 5000000,
Cold Start: false
Unique ID: 0f1e4560-23f4-4b71-bc21-73ee54253a78,
Billed Duration for Request 0f1e4560-23f4-4b71-bc21-73ee54253a78: 1786 ms
Input: 5000000,
Cold Start: false
Unique ID: ffe279b5-dcb6-467f-9b52-52a111af60e0,
Billed Duration for Request ffe279b5-dcb6-467f-9b52-52a111af60e0: 1943 ms
Input: 5000000,
Cold Start: false
Unique ID: a571e224-4ec4-40e1-ae0b-65e07cb654c9,
Billed Duration for Request a571e224-4ec4-40e1-ae0b-65e07cb654c9: 1966 ms
Input: 5000000,
Cold Start: false
Unique ID: aa8be11b-4f9d-46dd-a458-28adb126f66b,
Billed Duration for Request aa8be11b-4f9d-46dd-a458-28adb126f66b: 1804 ms
Input: 5000000,
Cold Start: false
Unique ID: 928d4bd4-85af-45bf-a3ff-2a1c542ad647,
Billed Duration for Request 928d4bd4-85af-45bf-a3ff-2a1c542ad647: 1840 ms
Input: 5000000,
Cold Start: false
Unique ID: 6f3b5913-45f0-4872-90bb-d298782cc6bc,
Billed Duration for Request 6f3b5913-45f0-4872-90bb-d298782cc6bc: 1965 ms
Input: 5000000,
Cold Start: false
Unique ID: e93b6bbd-39a9-4abe-ad95-94fe88590cf2,
Billed Duration for Request e93b6bbd-39a9-4abe-ad95-94fe88590cf2: 1861 ms
Input: 5000000,
Cold Start: false
Unique ID: a266be19-ab1b-468d-b6ab-debd50eb27ef,
Billed Duration for Request a266be19-ab1b-468d-b6ab-debd50eb27ef: 1927 ms
Input: 5000000,
Cold Start: false
Unique ID: 17b46484-14dc-4ce6-879c-9f5c72d45b91,
Billed Duration for Request 17b46484-14dc-4ce6-879c-9f5c72d45b91: 1778 ms
Input: 5000000,
Cold Start: false
Unique ID: a242553d-6363-44cc-a0df-c6d1eba9b77f,
Billed Duration for Request a242553d-6363-44cc-a0df-c6d1eba9b77f: 1741 ms
Input: 5000000,
Cold Start: false
Unique ID: 27de740b-bb00-465a-996a-30aff0c3e258,
Billed Duration for Request 27de740b-bb00-465a-996a-30aff0c3e258: 1745 ms
Input: 5000000,
Cold Start: false
Unique ID: 90152c2d-47e3-464a-a7a7-2dad3d161733,
Billed Duration for Request 90152c2d-47e3-464a-a7a7-2dad3d161733: 1798 ms
Input: 5000000,
Cold Start: false
Unique ID: c295b5da-29ee-454e-892e-d80f5fd2f629,
Billed Duration for Request c295b5da-29ee-454e-892e-d80f5fd2f629: 1784 ms
Input: 5000000,
Cold Start: false
Unique ID: 117c7713-6b87-49cc-b8ca-a63b200e5b56,
Billed Duration for Request 117c7713-6b87-49cc-b8ca-a63b200e5b56: 1830 ms
Input: 5000000,
Cold Start: false
Unique ID: cf43b572-a8dd-4f1f-9472-74568a7e8e98,
Billed Duration for Request cf43b572-a8dd-4f1f-9472-74568a7e8e98: 1828 ms
Input: 5000000,
Cold Start: false
Unique ID: 6d9330ea-d4c1-43b6-8bef-18a724df692a,
Billed Duration for Request 6d9330ea-d4c1-43b6-8bef-18a724df692a: 1856 ms
Input: 5000000,
Cold Start: false
Unique ID: dd292cdc-2487-49ba-a07b-bd6bc25e9d2c,
Billed Duration for Request dd292cdc-2487-49ba-a07b-bd6bc25e9d2c: 1867 ms
Input: 5000000,
Cold Start: false
Unique ID: 46a21a9d-016a-45f3-be43-908e2d7cad3a,
Billed Duration for Request 46a21a9d-016a-45f3-be43-908e2d7cad3a: 1776 ms
Input: 5000000,
Cold Start: false
Unique ID: e6603de0-8925-4219-8e06-2019c46340a6,
Billed Duration for Request e6603de0-8925-4219-8e06-2019c46340a6: 1782 ms
Input: 5000000,
Cold Start: false
Unique ID: 4d96e59a-092b-43af-9533-4ffd25d8a1b2,
Billed Duration for Request 4d96e59a-092b-43af-9533-4ffd25d8a1b2: 1746 ms
Input: 5000000,
Cold Start: false
Unique ID: 3d52593e-de05-4212-9bda-f91165f53af2,
Billed Duration for Request 3d52593e-de05-4212-9bda-f91165f53af2: 1808 ms
Input: 5000000,
Cold Start: false
Unique ID: 3a9a06d7-1b40-4af0-96c3-9eac030c5d0c,
Billed Duration for Request 3a9a06d7-1b40-4af0-96c3-9eac030c5d0c: 1825 ms
Input: 5000000,
Cold Start: false
Unique ID: 494b53ee-18b9-45a1-aba3-d59acbc82c7d,
Billed Duration for Request 494b53ee-18b9-45a1-aba3-d59acbc82c7d: 1785 ms
Input: 5000000,
Cold Start: false
Unique ID: 3f2c9c31-8e09-4246-9f67-ed713b542269,
Billed Duration for Request 3f2c9c31-8e09-4246-9f67-ed713b542269: 1827 ms
Input: 5000000,
Cold Start: false
Unique ID: 6e4a3851-e74a-4354-86da-dfa767bd7d7f,
Billed Duration for Request 6e4a3851-e74a-4354-86da-dfa767bd7d7f: 1838 ms
Input: 5000000,
Cold Start: false
Unique ID: dec4d6b3-8786-4077-9d90-4ac1ba3a3055,
Billed Duration for Request dec4d6b3-8786-4077-9d90-4ac1ba3a3055: 1821 ms
Input: 5000000,
Cold Start: false
Unique ID: 67175c9e-297c-4d95-bf79-e511d0b1f00d,
Billed Duration for Request 67175c9e-297c-4d95-bf79-e511d0b1f00d: 1772 ms
Input: 5000000,
Cold Start: false
Unique ID: 270eb4b7-1ad4-4cb5-b551-b0cc76ec0852,
Billed Duration for Request 270eb4b7-1ad4-4cb5-b551-b0cc76ec0852: 1741 ms
Input: 5000000,
Cold Start: false
Unique ID: 03046d14-93b2-4f22-904a-ec694f8496a4,
Billed Duration for Request 03046d14-93b2-4f22-904a-ec694f8496a4: 1749 ms
Input: 5000000,
Cold Start: false
Unique ID: 083747d7-3e65-42fb-b838-a16869483064,
Billed Duration for Request 083747d7-3e65-42fb-b838-a16869483064: 1845 ms
Input: 5000000,
Cold Start: false
Unique ID: 3670a347-eaac-4797-bf4d-44e14302fb2d,
Billed Duration for Request 3670a347-eaac-4797-bf4d-44e14302fb2d: 1792 ms
Input: 5000000,
Cold Start: false
Unique ID: bf552dcf-2f5b-4ebd-8280-549be0f6718a,
Billed Duration for Request bf552dcf-2f5b-4ebd-8280-549be0f6718a: 1804 ms
Input: 5000000,
Cold Start: false
Unique ID: a52d577e-faa2-4448-983d-f53d5fe62610,
Billed Duration for Request a52d577e-faa2-4448-983d-f53d5fe62610: 1826 ms
Input: 5000000,
Cold Start: false
Unique ID: bd1f3710-80ed-4760-a7d7-8f8dba2ca6e9,
Billed Duration for Request bd1f3710-80ed-4760-a7d7-8f8dba2ca6e9: 1814 ms
Input: 5000000,
Cold Start: false
Unique ID: 1489287c-e4ea-49b1-9ec1-548df7dce07e,
Billed Duration for Request 1489287c-e4ea-49b1-9ec1-548df7dce07e: 1821 ms
Input: 5000000,
Cold Start: false
Unique ID: e333dd25-458f-41b3-ae1d-2bd3f6b67d0c,
Billed Duration for Request e333dd25-458f-41b3-ae1d-2bd3f6b67d0c: 1776 ms
Input: 5000000,
Cold Start: false
Unique ID: fc810fd3-eedf-455f-9dc0-e6f0cf6f8dc3,
Billed Duration for Request fc810fd3-eedf-455f-9dc0-e6f0cf6f8dc3: 1729 ms
Input: 5000000,
Cold Start: false
Unique ID: e17de9f0-ed8f-4b4c-bec4-598f7f419d8f,
Billed Duration for Request e17de9f0-ed8f-4b4c-bec4-598f7f419d8f: 1747 ms
Input: 5000000,
Cold Start: false
Unique ID: 3a592108-2c6a-4492-9cf0-2c8f84d0cfc1,
Billed Duration for Request 3a592108-2c6a-4492-9cf0-2c8f84d0cfc1: 1847 ms
Input: 5000000,
Cold Start: false
Unique ID: fe24332d-519b-4ba8-838b-1db46ff687fd,
Billed Duration for Request fe24332d-519b-4ba8-838b-1db46ff687fd: 1863 ms
Input: 5000000,
Cold Start: false
Unique ID: 40c09d2a-1b94-4f25-ab20-2e83563ee3cb,
Billed Duration for Request 40c09d2a-1b94-4f25-ab20-2e83563ee3cb: 1797 ms
Input: 5000000,
Cold Start: false
Unique ID: 6e77c9e0-5579-4215-897e-15876a3d49bc,
Billed Duration for Request 6e77c9e0-5579-4215-897e-15876a3d49bc: 1791 ms
Input: 5000000,
Cold Start: false
Unique ID: 55373896-98c3-4a8e-94c0-9793f2972874,
Billed Duration for Request 55373896-98c3-4a8e-94c0-9793f2972874: 1821 ms
Input: 5000000,
Cold Start: false
Unique ID: 52a68ea8-57b3-460e-af63-3705faefcb39,
Billed Duration for Request 52a68ea8-57b3-460e-af63-3705faefcb39: 1812 ms
Input: 5000000,
Cold Start: false
Unique ID: 288bd462-74b2-4a1d-81f4-a1588d57dd24,
Billed Duration for Request 288bd462-74b2-4a1d-81f4-a1588d57dd24: 1780 ms
Input: 5000000,
Cold Start: false
Unique ID: 33ddb825-e8fe-4101-b33a-24ac84429857,
Billed Duration for Request 33ddb825-e8fe-4101-b33a-24ac84429857: 1746 ms
Input: 5000000,
Cold Start: false
Unique ID: 33f6e0fc-5375-4800-b2b0-80bc7af03294,
Billed Duration for Request 33f6e0fc-5375-4800-b2b0-80bc7af03294: 1749 ms
Input: 5000000,
Cold Start: false
Unique ID: 354a7ffa-36df-412a-88fa-8590bd3da66d,
Billed Duration for Request 354a7ffa-36df-412a-88fa-8590bd3da66d: 1814 ms
Input: 5000000,
Cold Start: false
Unique ID: d689f590-4795-4c1a-971e-279e522f8e50,
Billed Duration for Request d689f590-4795-4c1a-971e-279e522f8e50: 1841 ms
Input: 5000000,
Cold Start: false
Unique ID: dc1ad151-9f16-4d6a-a6a3-ca7b600855ff,
Billed Duration for Request dc1ad151-9f16-4d6a-a6a3-ca7b600855ff: 1816 ms
Input: 5000000,
Cold Start: false
Unique ID: 97e80f6e-31b6-4770-8e6f-bb79bd195c57,
Billed Duration for Request 97e80f6e-31b6-4770-8e6f-bb79bd195c57: 1807 ms
Input: 5000000,
Cold Start: false
Unique ID: e74030ad-7689-4d1f-b77f-4527493d246f,
Billed Duration for Request e74030ad-7689-4d1f-b77f-4527493d246f: 1846 ms
Input: 5000000,
Cold Start: false
Unique ID: 2de59a74-df7e-4cc3-8e1a-0e4c64f96659,
Billed Duration for Request 2de59a74-df7e-4cc3-8e1a-0e4c64f96659: 1850 ms
Input: 5000000,
Cold Start: false
Unique ID: 9ea97182-ab19-4be0-9ec2-20e938e2b3e4,
Billed Duration for Request 9ea97182-ab19-4be0-9ec2-20e938e2b3e4: 1755 ms
Input: 5000000,
Cold Start: false
Unique ID: 2b8f0ac3-3f3b-4884-a5ee-fda85708b419,
Billed Duration for Request 2b8f0ac3-3f3b-4884-a5ee-fda85708b419: 1743 ms
Input: 5000000,
Cold Start: false
Unique ID: 68dbb5a3-cbd3-4ffb-bba0-4def41743963,
Billed Duration for Request 68dbb5a3-cbd3-4ffb-bba0-4def41743963: 1744 ms
Input: 5000000,
Cold Start: false
Unique ID: eade4929-4f51-4312-9fd6-a5b31477eef6,
Billed Duration for Request eade4929-4f51-4312-9fd6-a5b31477eef6: 1834 ms
Input: 5000000,
Cold Start: false
Unique ID: a9223c46-5a83-4c31-923c-202b3962df7e,
Billed Duration for Request a9223c46-5a83-4c31-923c-202b3962df7e: 1828 ms
Input: 5000000,
Cold Start: false
Unique ID: ef60d279-b288-4e3c-a3ad-5a235a8fc686,
Billed Duration for Request ef60d279-b288-4e3c-a3ad-5a235a8fc686: 1840 ms
Input: 5000000,
Cold Start: false
Unique ID: d05e7e4a-24a7-464a-960b-590b65d5ffd3,
Billed Duration for Request d05e7e4a-24a7-464a-960b-590b65d5ffd3: 1804 ms
Input: 5000000,
Cold Start: false
Unique ID: 5f1cf347-5daa-4000-8c22-98cb1bd3e5b0,
Billed Duration for Request 5f1cf347-5daa-4000-8c22-98cb1bd3e5b0: 1793 ms
Input: 5000000,
Cold Start: false
Unique ID: c1bb5433-c06d-49a8-ab81-69774bc3214d,
Billed Duration for Request c1bb5433-c06d-49a8-ab81-69774bc3214d: 1846 ms
Input: 5000000,
Cold Start: false
Unique ID: 09b91d55-e031-470f-a6d4-cac9d4275944,
Billed Duration for Request 09b91d55-e031-470f-a6d4-cac9d4275944: 1758 ms
Input: 5000000,
Cold Start: false
Unique ID: a606e384-a15d-4485-a9bd-80cfadc87dcd,
Billed Duration for Request a606e384-a15d-4485-a9bd-80cfadc87dcd: 1744 ms
Input: 5000000,
Cold Start: false
Unique ID: 3c31f831-a1fe-4f68-9b9a-f4d83ed7d769,
Billed Duration for Request 3c31f831-a1fe-4f68-9b9a-f4d83ed7d769: 1748 ms
Input: 5000000,
Cold Start: false
Unique ID: 095c0f5b-460a-4888-aeb1-47c081ace2ff,
Billed Duration for Request 095c0f5b-460a-4888-aeb1-47c081ace2ff: 1825 ms
Input: 5000000,
Cold Start: false
Unique ID: b3247707-4e0d-4d63-84f1-6c48dc6e7aa9,
Billed Duration for Request b3247707-4e0d-4d63-84f1-6c48dc6e7aa9: 1838 ms
Input: 5000000,
Cold Start: false
Unique ID: 97fbed33-bed8-4f79-9fa8-10109214c796,
Billed Duration for Request 97fbed33-bed8-4f79-9fa8-10109214c796: 1826 ms
Input: 5000000,
Cold Start: false
Unique ID: 324a20a9-6539-421f-81f3-2a3f59aea9f0,
Billed Duration for Request 324a20a9-6539-421f-81f3-2a3f59aea9f0: 1838 ms
Input: 5000000,
Cold Start: false
Unique ID: f134dff4-16c7-43d4-a73f-5520dbb13af7,
Billed Duration for Request f134dff4-16c7-43d4-a73f-5520dbb13af7: 1813 ms
Input: 5000000,
Cold Start: false
Unique ID: e61caa5e-3cf2-4b46-87d9-0a3d46c5df28,
Billed Duration for Request e61caa5e-3cf2-4b46-87d9-0a3d46c5df28: 1790 ms
Input: 5000000,
Cold Start: false
Unique ID: 84b1f2fb-3628-4e5f-b184-b916fedc51f4,
Billed Duration for Request 84b1f2fb-3628-4e5f-b184-b916fedc51f4: 1853 ms
Input: 5000000,
Cold Start: false
Unique ID: 33544752-d201-4a23-a76c-32097f5b764a,
Billed Duration for Request 33544752-d201-4a23-a76c-32097f5b764a: 1759 ms
Input: 5000000,
Cold Start: false
Unique ID: 53c30c5f-65d0-41f1-aa56-0bbfbe0b1f48,
Billed Duration for Request 53c30c5f-65d0-41f1-aa56-0bbfbe0b1f48: 1740 ms
Input: 5000000,
Cold Start: false
Unique ID: 218d725c-1c9d-4f79-8d59-37860ac27bf1,
Billed Duration for Request 218d725c-1c9d-4f79-8d59-37860ac27bf1: 1850 ms
Input: 5000000,
Cold Start: false
Unique ID: 3e6e8418-3765-4f89-83d7-46f059e0e14c,
Billed Duration for Request 3e6e8418-3765-4f89-83d7-46f059e0e14c: 1818 ms
Input: 5000000,
Cold Start: false
Unique ID: 4a64de61-53c7-4697-96f6-6f2ca839e777,
Billed Duration for Request 4a64de61-53c7-4697-96f6-6f2ca839e777: 1828 ms
Input: 5000000,
Cold Start: false
Unique ID: 73f18533-c76b-4362-9d16-657109483d0e,
Billed Duration for Request 73f18533-c76b-4362-9d16-657109483d0e: 1836 ms
Input: 5000000,
Cold Start: false
Unique ID: e4499553-5864-4f04-92e9-50e4dfb38dc9,
Billed Duration for Request e4499553-5864-4f04-92e9-50e4dfb38dc9: 1819 ms
Input: 5000000,
Cold Start: false
Unique ID: dba5d925-f181-492f-bb4b-7485f2cbfec3,
Billed Duration for Request dba5d925-f181-492f-bb4b-7485f2cbfec3: 1813 ms
Input: 5000000,
Cold Start: false
Unique ID: b3622700-36f6-49b5-984e-c8a536546509,
Billed Duration for Request b3622700-36f6-49b5-984e-c8a536546509: 1800 ms
Input: 5000000,
Cold Start: false
Unique ID: 5f5ee8ca-aeee-446b-9996-bfbd1a080c3d,
Billed Duration for Request 5f5ee8ca-aeee-446b-9996-bfbd1a080c3d: 1763 ms
Input: 5000000,
Cold Start: false
Unique ID: e3d55a7f-c894-4cda-87d4-3542023f1535,
Billed Duration for Request e3d55a7f-c894-4cda-87d4-3542023f1535: 1728 ms
Input: 5000000,
Cold Start: false
Unique ID: e3a839f3-8a2f-402e-8579-dd9bf88fe8d7,
Billed Duration for Request e3a839f3-8a2f-402e-8579-dd9bf88fe8d7: 1801 ms
Input: 5000000,
Cold Start: false
Unique ID: 77a196b5-b337-4051-afc3-c0fc70a44e0b,
Billed Duration for Request 77a196b5-b337-4051-afc3-c0fc70a44e0b: 1846 ms
Input: 5000000,
Cold Start: false
Unique ID: bbc8c45e-eb1b-4532-9a30-f49a22cb0368,
Billed Duration for Request bbc8c45e-eb1b-4532-9a30-f49a22cb0368: 1805 ms
Input: 5000000,
Cold Start: false
Unique ID: 9c160a64-60d0-4478-a716-a2e0bb635a45,
Billed Duration for Request 9c160a64-60d0-4478-a716-a2e0bb635a45: 1826 ms
Input: 5000000,
Cold Start: false
Unique ID: 60f4b9ab-b769-4326-9780-1af6ab6f2258,
Billed Duration for Request 60f4b9ab-b769-4326-9780-1af6ab6f2258: 1834 ms
Input: 5000000,
Cold Start: false
Unique ID: 742be866-46c0-43c9-b7da-9086d6557a9e,
Billed Duration for Request 742be866-46c0-43c9-b7da-9086d6557a9e: 1817 ms
Input: 5000000,
Cold Start: false
Unique ID: 057ef314-94da-4480-b23b-c283858e225a,
Billed Duration for Request 057ef314-94da-4480-b23b-c283858e225a: 1808 ms
Input: 5000000,
Cold Start: false
Unique ID: d3845aed-4d07-4883-8d8c-3ef402b918ac,
Billed Duration for Request d3845aed-4d07-4883-8d8c-3ef402b918ac: 1745 ms
Input: 5000000,
Cold Start: false
Unique ID: 4dead8e1-977d-4444-962e-3bba00b46608,
Billed Duration for Request 4dead8e1-977d-4444-962e-3bba00b46608: 1765 ms
Input: 5000000,
Cold Start: false
Unique ID: 52da2716-9485-42df-810f-957cbb691398,
Billed Duration for Request 52da2716-9485-42df-810f-957cbb691398: 1787 ms
Input: 5000000,
Cold Start: false
Unique ID: 4b37059c-79d5-4761-a2c5-48c6b6d9a004,
Billed Duration for Request 4b37059c-79d5-4761-a2c5-48c6b6d9a004: 1777 ms
Input: 5000000,
Cold Start: false
Unique ID: 5e33fca3-5b28-4beb-8515-9e940eb692a6,
Billed Duration for Request 5e33fca3-5b28-4beb-8515-9e940eb692a6: 1843 ms
Input: 5000000,
Cold Start: false
Unique ID: 96394d31-871a-46ff-bffc-5fb21143a681,
Billed Duration for Request 96394d31-871a-46ff-bffc-5fb21143a681: 1820 ms
Input: 5000000,
Cold Start: false
Unique ID: ac190e26-2d6a-45eb-afbc-2c0da6bda736,
Billed Duration for Request ac190e26-2d6a-45eb-afbc-2c0da6bda736: 1829 ms
Input: 5000000,
Cold Start: false
Unique ID: 69458554-1924-4d64-993b-a8443c737992,
Billed Duration for Request 69458554-1924-4d64-993b-a8443c737992: 1837 ms
Input: 5000000,
Cold Start: false
Unique ID: d8ce43e4-b369-47e5-bbb6-5fb1bea1d945,
Billed Duration for Request d8ce43e4-b369-47e5-bbb6-5fb1bea1d945: 1856 ms
Input: 5000000,
Cold Start: false
Unique ID: f787104d-277b-4d90-ad5c-0d2a5f030368,
Billed Duration for Request f787104d-277b-4d90-ad5c-0d2a5f030368: 1714 ms
Input: 5000000,
Cold Start: false
Unique ID: af98b3b2-e5c1-4dc4-abd8-46243f8dfadf,
Billed Duration for Request af98b3b2-e5c1-4dc4-abd8-46243f8dfadf: 1739 ms
Input: 5000000,
Cold Start: false
Unique ID: 2bab7bee-649d-4118-aab4-ef365a3bfbba,
Billed Duration for Request 2bab7bee-649d-4118-aab4-ef365a3bfbba: 1795 ms
Input: 5000000,
Cold Start: false
Unique ID: 2cd230ea-9891-4a93-aaaa-440bed256d3e,
Billed Duration for Request 2cd230ea-9891-4a93-aaaa-440bed256d3e: 1776 ms
Input: 5000000,
Cold Start: false
Unique ID: eb34138d-3ce7-479a-b119-282889e6b0b7,
Billed Duration for Request eb34138d-3ce7-479a-b119-282889e6b0b7: 1815 ms
Input: 5000000,
Cold Start: false
Unique ID: 60a460e6-5754-4c9a-be4c-4b4490e52ae6,
Billed Duration for Request 60a460e6-5754-4c9a-be4c-4b4490e52ae6: 1866 ms
Input: 5000000,
Cold Start: false
Unique ID: 5439cb10-35e0-47b0-a7d5-9cb9ad812e18,
Billed Duration for Request 5439cb10-35e0-47b0-a7d5-9cb9ad812e18: 1805 ms
Input: 5000000,
Cold Start: false
Unique ID: 26f23e3a-9471-4638-9ddf-8824e142261b,
Billed Duration for Request 26f23e3a-9471-4638-9ddf-8824e142261b: 1830 ms
Input: 5000000,
Cold Start: false
Unique ID: 7b683e79-a2ce-4466-9d96-df6a4a0e922b,
Billed Duration for Request 7b683e79-a2ce-4466-9d96-df6a4a0e922b: 1813 ms
Input: 5000000,
Cold Start: false
Unique ID: e4cd612a-3d4a-4837-8ed3-82d6241b03bd,
Billed Duration for Request e4cd612a-3d4a-4837-8ed3-82d6241b03bd: 1727 ms
Input: 5000000,
Cold Start: false
Unique ID: 22967b7b-33d5-4e5d-93ad-74f238abb09f,
Billed Duration for Request 22967b7b-33d5-4e5d-93ad-74f238abb09f: 1745 ms
Input: 5000000,
Cold Start: false
Unique ID: d065cbe9-20ff-4a7f-a79e-ede8727215a0,
Billed Duration for Request d065cbe9-20ff-4a7f-a79e-ede8727215a0: 1858 ms
Input: 5000000,
Cold Start: false
Unique ID: e50e0857-74a3-412f-8cc4-584134c070f1,
Billed Duration for Request e50e0857-74a3-412f-8cc4-584134c070f1: 1790 ms
Input: 5000000,
Cold Start: false
Unique ID: e37461d0-b343-4d2a-851e-5386d65ed9cd,
Billed Duration for Request e37461d0-b343-4d2a-851e-5386d65ed9cd: 1789 ms
Input: 5000000,
Cold Start: false
Unique ID: 25e7e627-6c18-404e-b974-c981fca2a715,
Billed Duration for Request 25e7e627-6c18-404e-b974-c981fca2a715: 1799 ms
Input: 5000000,
Cold Start: false
Unique ID: 627aa621-79ec-4cd9-a94e-db6055a2de26,
Billed Duration for Request 627aa621-79ec-4cd9-a94e-db6055a2de26: 1863 ms
Input: 5000000,
Cold Start: false
Unique ID: f34adb7a-354c-4206-a317-7798d1b0709e,
Billed Duration for Request f34adb7a-354c-4206-a317-7798d1b0709e: 1816 ms
Input: 5000000,
Cold Start: false
Unique ID: 3ac88bc5-9578-4d19-91f2-6e2779364f46,
Billed Duration for Request 3ac88bc5-9578-4d19-91f2-6e2779364f46: 1827 ms
Input: 5000000,
Cold Start: false
Unique ID: 570ad58b-f826-4040-a4f5-2c9aab287d4c,
Billed Duration for Request 570ad58b-f826-4040-a4f5-2c9aab287d4c: 1746 ms
Input: 5000000,
Cold Start: false
Unique ID: af4e6c50-144c-4b3a-b508-bfef08dacaa9,
Billed Duration for Request af4e6c50-144c-4b3a-b508-bfef08dacaa9: 1745 ms
Input: 5000000,
Cold Start: false
Unique ID: 85e841f9-4fc8-4b14-8931-5bec82ce9bb7,
Billed Duration for Request 85e841f9-4fc8-4b14-8931-5bec82ce9bb7: 1817 ms
Input: 5000000,
Cold Start: false
