Unique ID: 9c0dc34a-2216-4efe-b7a3-90f32aacbc9e,
Billed Duration for Request 9c0dc34a-2216-4efe-b7a3-90f32aacbc9e: 128 ms
Input: 1050000,
Cold Start: false
Unique ID: 6c72bc3f-053d-4b0d-a40a-23d8a4e42e7f,
Billed Duration for Request 6c72bc3f-053d-4b0d-a40a-23d8a4e42e7f: 104 ms
Input: 1050000,
Cold Start: false
Unique ID: 8c8c2a65-bcdb-4639-84b7-57edc979340c,
Billed Duration for Request 8c8c2a65-bcdb-4639-84b7-57edc979340c: 105 ms
Input: 1050000,
Cold Start: false
Unique ID: a8101717-d47e-405c-a89e-18601a314131,
Billed Duration for Request a8101717-d47e-405c-a89e-18601a314131: 108 ms
Input: 1050000,
Cold Start: false
Unique ID: 575267ec-601b-4d85-ba9b-92504cb63387,
Billed Duration for Request 575267ec-601b-4d85-ba9b-92504cb63387: 95 ms
Input: 1050000,
Cold Start: false
Unique ID: 4dc91919-be65-4d3a-8213-6705e413d1eb,
Billed Duration for Request 4dc91919-be65-4d3a-8213-6705e413d1eb: 107 ms
Input: 1050000,
Cold Start: false
Unique ID: 930544ad-9153-4772-89d0-19452eabb22d,
Billed Duration for Request 930544ad-9153-4772-89d0-19452eabb22d: 107 ms
Input: 1050000,
Cold Start: false
Unique ID: 7fba596e-c122-4ae4-9fc1-606c85576249,
Billed Duration for Request 7fba596e-c122-4ae4-9fc1-606c85576249: 107 ms
Input: 1050000,
Cold Start: false
Unique ID: 2457837c-0363-4b7d-b1dc-359672821d3a,
Billed Duration for Request 2457837c-0363-4b7d-b1dc-359672821d3a: 107 ms
Input: 1050000,
Cold Start: false
Unique ID: 967c9250-20b9-45e2-b909-f6d3f4a39e9e,
Billed Duration for Request 967c9250-20b9-45e2-b909-f6d3f4a39e9e: 104 ms
Input: 1050000,
Cold Start: false
Unique ID: 18645b26-64e9-4a31-8168-7e5d65c9e3ca,
Billed Duration for Request 18645b26-64e9-4a31-8168-7e5d65c9e3ca: 103 ms
Input: 1050000,
Cold Start: false
Unique ID: 883588c7-dfeb-4c72-a860-0713ab7a94cd,
Billed Duration for Request 883588c7-dfeb-4c72-a860-0713ab7a94cd: 95 ms
Input: 1050000,
Cold Start: false
Unique ID: f72c8519-011d-494d-842b-65db44d29b2f,
Billed Duration for Request f72c8519-011d-494d-842b-65db44d29b2f: 95 ms
Input: 1050000,
Cold Start: false
Unique ID: 91a492dd-0419-4057-a50f-18408b145814,
Billed Duration for Request 91a492dd-0419-4057-a50f-18408b145814: 95 ms
Input: 1050000,
Cold Start: false
Unique ID: 1c68f0dd-09d5-465c-ae97-c25ebe37b14d,
Billed Duration for Request 1c68f0dd-09d5-465c-ae97-c25ebe37b14d: 109 ms
Input: 1050000,
Cold Start: false
Unique ID: 4c7c4f3c-035e-4f00-b3d8-b6f1415829ff,
Billed Duration for Request 4c7c4f3c-035e-4f00-b3d8-b6f1415829ff: 104 ms
Input: 1050000,
Cold Start: false
Unique ID: c2798b16-1862-49b7-b7b3-deb7ae070d75,
Billed Duration for Request c2798b16-1862-49b7-b7b3-deb7ae070d75: 109 ms
Input: 1050000,
Cold Start: false
Unique ID: 5013cd3d-0982-4145-bfd5-4cc83fe128ce,
Billed Duration for Request 5013cd3d-0982-4145-bfd5-4cc83fe128ce: 91 ms
Input: 1050000,
Cold Start: false
Unique ID: bc5bd244-f439-4e22-93e6-85c3f3b4ee38,
Billed Duration for Request bc5bd244-f439-4e22-93e6-85c3f3b4ee38: 95 ms
Input: 1050000,
Cold Start: false
Unique ID: 827a2c21-0260-458d-802c-1c100a700333,
Billed Duration for Request 827a2c21-0260-458d-802c-1c100a700333: 105 ms
Input: 1050000,
Cold Start: false
Unique ID: 681026ee-465b-4862-a724-10bf4339f93a,
Billed Duration for Request 681026ee-465b-4862-a724-10bf4339f93a: 95 ms
Input: 1050000,
Cold Start: false
Unique ID: 2b7eacb8-f566-424e-b08a-16dcd13402e2,
Billed Duration for Request 2b7eacb8-f566-424e-b08a-16dcd13402e2: 95 ms
Input: 1050000,
Cold Start: false
Unique ID: b40d9cdf-a3a5-4467-8448-ca15c9c6550e,
Billed Duration for Request b40d9cdf-a3a5-4467-8448-ca15c9c6550e: 103 ms
Input: 1050000,
Cold Start: false
Unique ID: 6c170072-a590-4c62-ac12-d2ea29e61113,
Billed Duration for Request 6c170072-a590-4c62-ac12-d2ea29e61113: 95 ms
Input: 1050000,
Cold Start: false
Unique ID: 4a6b1d56-c289-42bb-b6d8-5220d6dd4b96,
Billed Duration for Request 4a6b1d56-c289-42bb-b6d8-5220d6dd4b96: 96 ms
Input: 1050000,
Cold Start: false
Unique ID: ddbaf20d-55ad-4a47-b178-c269797849e4,
Billed Duration for Request ddbaf20d-55ad-4a47-b178-c269797849e4: 109 ms
Input: 1050000,
Cold Start: false
Unique ID: f0452cd1-3050-49d9-83ad-ed8f0620694e,
Billed Duration for Request f0452cd1-3050-49d9-83ad-ed8f0620694e: 95 ms
Input: 1050000,
Cold Start: false
Unique ID: e6427fc7-f1d8-46c0-8692-bc7b23ef9ed2,
Billed Duration for Request e6427fc7-f1d8-46c0-8692-bc7b23ef9ed2: 107 ms
Input: 1050000,
Cold Start: false
Unique ID: 0ee81fff-eaed-4c0d-b09b-90baee3945f3,
Billed Duration for Request 0ee81fff-eaed-4c0d-b09b-90baee3945f3: 107 ms
Input: 1050000,
Cold Start: false
Unique ID: 49bea4ef-729f-4a60-b8be-0a7b1361b416,
Billed Duration for Request 49bea4ef-729f-4a60-b8be-0a7b1361b416: 108 ms
Input: 1050000,
Cold Start: false
Unique ID: 92217f26-f163-4888-88a6-9555af84576c,
Billed Duration for Request 92217f26-f163-4888-88a6-9555af84576c: 95 ms
Input: 1050000,
Cold Start: false
Unique ID: bc69947c-5a7c-44ff-a1ad-377483e640f9,
Billed Duration for Request bc69947c-5a7c-44ff-a1ad-377483e640f9: 91 ms
Input: 1050000,
Cold Start: false
Unique ID: aea3695d-c930-420a-9080-ec7cea9dbae8,
Billed Duration for Request aea3695d-c930-420a-9080-ec7cea9dbae8: 95 ms
Input: 1050000,
Cold Start: false
Unique ID: d72a87db-2f12-4245-8117-bd85fe311228,
Billed Duration for Request d72a87db-2f12-4245-8117-bd85fe311228: 109 ms
Input: 1050000,
Cold Start: false
Unique ID: ccbc5af5-d10d-4c5a-b9d4-d466a466c35c,
Billed Duration for Request ccbc5af5-d10d-4c5a-b9d4-d466a466c35c: 92 ms
Input: 1050000,
Cold Start: false
Unique ID: e6f505d9-1efa-4547-bc4b-251900940165,
Billed Duration for Request e6f505d9-1efa-4547-bc4b-251900940165: 107 ms
Input: 1050000,
Cold Start: false
Unique ID: 92570361-3cdc-469a-9d31-1c4314bb3c8d,
Billed Duration for Request 92570361-3cdc-469a-9d31-1c4314bb3c8d: 91 ms
Input: 1050000,
Cold Start: false
Unique ID: 0b47a667-cf85-44d2-a2b7-6b122a8adf60,
Billed Duration for Request 0b47a667-cf85-44d2-a2b7-6b122a8adf60: 95 ms
Input: 1050000,
Cold Start: false
Unique ID: 3061acab-5d99-4002-8f5c-366dd6bcf07d,
Billed Duration for Request 3061acab-5d99-4002-8f5c-366dd6bcf07d: 108 ms
Input: 1050000,
Cold Start: false
Unique ID: c7338340-8cc2-40a8-8689-14d09ce83ecf,
Billed Duration for Request c7338340-8cc2-40a8-8689-14d09ce83ecf: 108 ms
Input: 1050000,
Cold Start: false
Unique ID: ff67b7ba-ce96-4a2d-8091-f1da0d6501cf,
Billed Duration for Request ff67b7ba-ce96-4a2d-8091-f1da0d6501cf: 103 ms
Input: 1050000,
Cold Start: false
Unique ID: 833bd3fc-5af7-4c66-9fb7-8a8d8a2550c4,
Billed Duration for Request 833bd3fc-5af7-4c66-9fb7-8a8d8a2550c4: 113 ms
Input: 1050000,
Cold Start: false
Unique ID: 101510f7-84d8-40d7-b653-3b59477bd4ce,
Billed Duration for Request 101510f7-84d8-40d7-b653-3b59477bd4ce: 99 ms
Input: 1050000,
Cold Start: false
Unique ID: a4338d2a-b324-485a-a806-527b449ad6e7,
Billed Duration for Request a4338d2a-b324-485a-a806-527b449ad6e7: 107 ms
Input: 1050000,
Cold Start: false
Unique ID: adf6d468-22a5-4879-a1fd-eefca7337f5d,
Billed Duration for Request adf6d468-22a5-4879-a1fd-eefca7337f5d: 95 ms
Input: 1050000,
Cold Start: false
Unique ID: c3831340-e239-4e0c-b072-c87195588222,
Billed Duration for Request c3831340-e239-4e0c-b072-c87195588222: 95 ms
Input: 1050000,
Cold Start: false
Unique ID: bfa4912e-6b05-45f3-a7e0-e6feb7bc52d2,
Billed Duration for Request bfa4912e-6b05-45f3-a7e0-e6feb7bc52d2: 103 ms
Input: 1050000,
Cold Start: false
Unique ID: 86f76fc8-d16b-4d3a-9bfa-6bc84afb4895,
Billed Duration for Request 86f76fc8-d16b-4d3a-9bfa-6bc84afb4895: 110 ms
Input: 1050000,
Cold Start: false
Unique ID: fa86174a-3b0e-40a6-a46c-77d1e27d0986,
Billed Duration for Request fa86174a-3b0e-40a6-a46c-77d1e27d0986: 91 ms
Input: 1050000,
Cold Start: false
Unique ID: bcb7f832-7a4a-4870-b10a-f1ac1c9ff7c8,
Billed Duration for Request bcb7f832-7a4a-4870-b10a-f1ac1c9ff7c8: 99 ms
Input: 1050000,
Cold Start: false
Unique ID: ea22d4cd-e98c-497c-b20a-8a687ce211ce,
Billed Duration for Request ea22d4cd-e98c-497c-b20a-8a687ce211ce: 112 ms
Input: 1050000,
Cold Start: false
Unique ID: 1bf4a047-5c2a-4b55-b4e4-c8d0e7c1adc0,
Billed Duration for Request 1bf4a047-5c2a-4b55-b4e4-c8d0e7c1adc0: 103 ms
Input: 1050000,
Cold Start: false
Unique ID: 95e99859-6c08-419b-b5df-45e03ba25b9a,
Billed Duration for Request 95e99859-6c08-419b-b5df-45e03ba25b9a: 94 ms
Input: 1050000,
Cold Start: false
Unique ID: 32b50e47-b46f-4ba8-94ef-96c849099d6b,
Billed Duration for Request 32b50e47-b46f-4ba8-94ef-96c849099d6b: 103 ms
Input: 1050000,
Cold Start: false
Unique ID: 08bc4367-c17b-4b9d-8eb8-751504d6dacd,
Billed Duration for Request 08bc4367-c17b-4b9d-8eb8-751504d6dacd: 106 ms
Input: 1050000,
Cold Start: false
Unique ID: fddfaa0e-f0d8-402a-aede-a396b603569e,
Billed Duration for Request fddfaa0e-f0d8-402a-aede-a396b603569e: 90 ms
Input: 1050000,
Cold Start: false
Unique ID: c472cd5f-38bf-4892-8093-1f7568e93165,
Billed Duration for Request c472cd5f-38bf-4892-8093-1f7568e93165: 102 ms
Input: 1050000,
Cold Start: false
Unique ID: e6aaed36-fafc-4c75-83e5-5419c2d7409a,
Billed Duration for Request e6aaed36-fafc-4c75-83e5-5419c2d7409a: 94 ms
Input: 1050000,
Cold Start: false
Unique ID: 8881c34c-1393-40e8-9823-72db6a23c327,
Billed Duration for Request 8881c34c-1393-40e8-9823-72db6a23c327: 106 ms
Input: 1050000,
Cold Start: false
Unique ID: acd5d1d3-fe2d-4b18-b97d-9d1b86a54a9d,
Billed Duration for Request acd5d1d3-fe2d-4b18-b97d-9d1b86a54a9d: 108 ms
Input: 1050000,
Cold Start: false
Unique ID: a303d37e-2a7c-4fdc-9173-bd9e84730991,
Billed Duration for Request a303d37e-2a7c-4fdc-9173-bd9e84730991: 108 ms
Input: 1050000,
Cold Start: false
Unique ID: 0da1acf5-b3dc-48bc-9de6-94711ffde740,
Billed Duration for Request 0da1acf5-b3dc-48bc-9de6-94711ffde740: 94 ms
Input: 1050000,
Cold Start: false
Unique ID: 0579d659-9eb6-45a8-b1ec-ee55691cfe7a,
Billed Duration for Request 0579d659-9eb6-45a8-b1ec-ee55691cfe7a: 90 ms
Input: 1050000,
Cold Start: false
Unique ID: 19a381c4-4908-4a1f-9099-ad825ce95cae,
Billed Duration for Request 19a381c4-4908-4a1f-9099-ad825ce95cae: 108 ms
Input: 1050000,
Cold Start: false
Unique ID: 8dd94644-e2b2-411a-9c70-f25701a034ec,
Billed Duration for Request 8dd94644-e2b2-411a-9c70-f25701a034ec: 94 ms
Input: 1050000,
Cold Start: false
Unique ID: efe70244-e70e-4eb2-9465-58d2851ce575,
Billed Duration for Request efe70244-e70e-4eb2-9465-58d2851ce575: 104 ms
Input: 1050000,
Cold Start: false
Unique ID: 6f1b536a-cd2f-4e90-8f9a-4908cfb0fcf5,
Billed Duration for Request 6f1b536a-cd2f-4e90-8f9a-4908cfb0fcf5: 94 ms
Input: 1050000,
Cold Start: false
Unique ID: be8caaf8-d39a-43d0-b40c-327058ef9091,
Billed Duration for Request be8caaf8-d39a-43d0-b40c-327058ef9091: 93 ms
Input: 1050000,
Cold Start: false
Unique ID: 2f7ed0cc-cca7-4b72-9691-3272f14a8709,
Billed Duration for Request 2f7ed0cc-cca7-4b72-9691-3272f14a8709: 90 ms
Input: 1050000,
Cold Start: false
Unique ID: 614c66b5-1abd-4089-aea2-a7a583f90b70,
Billed Duration for Request 614c66b5-1abd-4089-aea2-a7a583f90b70: 107 ms
Input: 1050000,
Cold Start: false
Unique ID: 5474e9bf-c311-4498-a3c2-d347942d4da7,
Billed Duration for Request 5474e9bf-c311-4498-a3c2-d347942d4da7: 94 ms
Input: 1050000,
Cold Start: false
Unique ID: 86ebfc40-422f-40f0-9969-ba3dc1cd6be7,
Billed Duration for Request 86ebfc40-422f-40f0-9969-ba3dc1cd6be7: 94 ms
Input: 1050000,
Cold Start: false
Unique ID: 5c2b86bd-2f33-492e-8558-50cc8b66db26,
Billed Duration for Request 5c2b86bd-2f33-492e-8558-50cc8b66db26: 89 ms
Input: 1050000,
Cold Start: false
Unique ID: 8faae3ef-243a-4143-b31d-6db5bf5e5e7a,
Billed Duration for Request 8faae3ef-243a-4143-b31d-6db5bf5e5e7a: 102 ms
Input: 1050000,
Cold Start: false
Unique ID: 41f8fb19-4c63-45c3-b5a3-399d01863d94,
Billed Duration for Request 41f8fb19-4c63-45c3-b5a3-399d01863d94: 109 ms
Input: 1050000,
Cold Start: false
Unique ID: 6f90da65-796b-4f28-82e3-23cbb8740cfd,
Billed Duration for Request 6f90da65-796b-4f28-82e3-23cbb8740cfd: 106 ms
Input: 1050000,
Cold Start: false
Unique ID: 41847964-d53e-4683-819a-ad5cf66fc0a3,
Billed Duration for Request 41847964-d53e-4683-819a-ad5cf66fc0a3: 94 ms
Input: 1050000,
Cold Start: false
Unique ID: 8ae57150-55a4-41e7-b49e-29a41aac9078,
Billed Duration for Request 8ae57150-55a4-41e7-b49e-29a41aac9078: 94 ms
Input: 1050000,
Cold Start: false
Unique ID: a8655288-d617-48bf-836e-b9a3aaebd126,
Billed Duration for Request a8655288-d617-48bf-836e-b9a3aaebd126: 90 ms
Input: 1050000,
Cold Start: false
Unique ID: 8a994019-0055-472a-9fac-0456dd24d5ad,
Billed Duration for Request 8a994019-0055-472a-9fac-0456dd24d5ad: 107 ms
Input: 1050000,
Cold Start: false
Unique ID: d183a300-5087-4f6d-8ad1-80e188c4e9b6,
Billed Duration for Request d183a300-5087-4f6d-8ad1-80e188c4e9b6: 94 ms
Input: 1050000,
Cold Start: false
Unique ID: 3356d58f-bd76-40da-964c-2a17a651602d,
Billed Duration for Request 3356d58f-bd76-40da-964c-2a17a651602d: 108 ms
Input: 1050000,
Cold Start: false
Unique ID: ecf1e2c5-d9c0-458d-9ff1-9ceb3e0beb67,
Billed Duration for Request ecf1e2c5-d9c0-458d-9ff1-9ceb3e0beb67: 103 ms
Input: 1050000,
Cold Start: false
Unique ID: 17a408db-bf30-428d-aab5-f126c45ff34e,
Billed Duration for Request 17a408db-bf30-428d-aab5-f126c45ff34e: 94 ms
Input: 1050000,
Cold Start: false
Unique ID: cbb74517-ed24-4865-8d22-11ea743c08f1,
Billed Duration for Request cbb74517-ed24-4865-8d22-11ea743c08f1: 107 ms
Input: 1050000,
Cold Start: false
Unique ID: 871d5b71-dfaa-4f3e-878f-60b780409527,
Billed Duration for Request 871d5b71-dfaa-4f3e-878f-60b780409527: 98 ms
Input: 1050000,
Cold Start: false
Unique ID: cdf5db04-ce95-4b43-9dab-f34e74c1ad9a,
Billed Duration for Request cdf5db04-ce95-4b43-9dab-f34e74c1ad9a: 90 ms
Input: 1050000,
Cold Start: false
Unique ID: e4c09dee-e5ee-43ad-9624-d51ff53a195c,
Billed Duration for Request e4c09dee-e5ee-43ad-9624-d51ff53a195c: 108 ms
Input: 1050000,
Cold Start: false
Unique ID: c0e09dbd-54dd-4665-89f6-b7a8426ab7f3,
Billed Duration for Request c0e09dbd-54dd-4665-89f6-b7a8426ab7f3: 94 ms
Input: 1050000,
Cold Start: false
Unique ID: 7f4491c3-1d9a-4f79-a9bb-9d115173d434,
Billed Duration for Request 7f4491c3-1d9a-4f79-a9bb-9d115173d434: 94 ms
Input: 1050000,
Cold Start: false
Unique ID: ca08785e-b4fd-4d6a-8557-e4d2047d8417,
Billed Duration for Request ca08785e-b4fd-4d6a-8557-e4d2047d8417: 108 ms
Input: 1050000,
Cold Start: false
Unique ID: c236de0a-525f-46db-adab-fed6d79375c5,
Billed Duration for Request c236de0a-525f-46db-adab-fed6d79375c5: 94 ms
Input: 1050000,
Cold Start: false
Unique ID: 614c22de-80b3-4c05-9147-97ad01cf72dc,
Billed Duration for Request 614c22de-80b3-4c05-9147-97ad01cf72dc: 102 ms
Input: 1050000,
Cold Start: false
Unique ID: 0797bedc-d6bc-4b3a-8cad-5d9762a7007a,
Billed Duration for Request 0797bedc-d6bc-4b3a-8cad-5d9762a7007a: 95 ms
Input: 1050000,
Cold Start: false
Unique ID: 584a1ffc-77ed-4bbb-a191-a7bfc10918ab,
Billed Duration for Request 584a1ffc-77ed-4bbb-a191-a7bfc10918ab: 90 ms
Input: 1050000,
Cold Start: false
Unique ID: 1d4eba3c-fcf7-4047-b451-9b005d95ed16,
Billed Duration for Request 1d4eba3c-fcf7-4047-b451-9b005d95ed16: 107 ms
Input: 1050000,
Cold Start: false
Unique ID: ab0f223a-5c59-4aa7-ae82-3d9ae4ead5a2,
Billed Duration for Request ab0f223a-5c59-4aa7-ae82-3d9ae4ead5a2: 105 ms
Input: 1050000,
Cold Start: false
Unique ID: 979e984b-c59a-4f37-8b31-f75ffdb68d6e,
Billed Duration for Request 979e984b-c59a-4f37-8b31-f75ffdb68d6e: 95 ms
Input: 1050000,
Cold Start: false
Unique ID: ab728e75-2345-4d36-98b0-39f5ff2db2a2,
Billed Duration for Request ab728e75-2345-4d36-98b0-39f5ff2db2a2: 105 ms
Input: 1050000,
Cold Start: false
Unique ID: 9685a09d-317a-4649-95cd-1a38779eefce,
Billed Duration for Request 9685a09d-317a-4649-95cd-1a38779eefce: 107 ms
Input: 1050000,
Cold Start: false
Unique ID: 8b2077c0-34de-4331-82a6-e8942035fbd8,
Billed Duration for Request 8b2077c0-34de-4331-82a6-e8942035fbd8: 136 ms
Input: 1050000,
Cold Start: false
Unique ID: 413435f4-0c28-4a78-8e8d-0486757bd8e6,
Billed Duration for Request 413435f4-0c28-4a78-8e8d-0486757bd8e6: 95 ms
Input: 1050000,
Cold Start: false
Unique ID: 6663611d-66c2-4425-bbfe-fb6806ddd6b1,
Billed Duration for Request 6663611d-66c2-4425-bbfe-fb6806ddd6b1: 107 ms
Input: 1050000,
Cold Start: false
Unique ID: 146f6d73-8201-4351-9c26-cc0de9928410,
Billed Duration for Request 146f6d73-8201-4351-9c26-cc0de9928410: 107 ms
Input: 1050000,
Cold Start: false
Unique ID: a8ead3a1-dd19-4258-921f-9e7e83267e3e,
Billed Duration for Request a8ead3a1-dd19-4258-921f-9e7e83267e3e: 100 ms
Input: 1050000,
Cold Start: false
Unique ID: 5031036d-5ea2-471f-aabb-1dc77807c44b,
Billed Duration for Request 5031036d-5ea2-471f-aabb-1dc77807c44b: 99 ms
Input: 1050000,
Cold Start: false
Unique ID: 559067c4-250b-4c31-ae46-d577b04abc0e,
Billed Duration for Request 559067c4-250b-4c31-ae46-d577b04abc0e: 95 ms
Input: 1050000,
Cold Start: false
Unique ID: 3f97da1e-621d-4bbd-8771-9a56bd4cf99c,
Billed Duration for Request 3f97da1e-621d-4bbd-8771-9a56bd4cf99c: 99 ms
Input: 1050000,
Cold Start: false
Unique ID: c8e68943-04b4-4140-977e-e87626a4d7f3,
Billed Duration for Request c8e68943-04b4-4140-977e-e87626a4d7f3: 96 ms
Input: 1050000,
Cold Start: false
Unique ID: 1fcc72eb-3df5-4b0b-91d9-d45db924d7b8,
Billed Duration for Request 1fcc72eb-3df5-4b0b-91d9-d45db924d7b8: 109 ms
Input: 1050000,
Cold Start: false
Unique ID: 40ccc640-493e-4846-b248-9a3f546e8aed,
Billed Duration for Request 40ccc640-493e-4846-b248-9a3f546e8aed: 97 ms
Input: 1050000,
Cold Start: false
Unique ID: b51af918-2d29-4d4f-b6f7-a36ffd06a1da,
Billed Duration for Request b51af918-2d29-4d4f-b6f7-a36ffd06a1da: 107 ms
Input: 1050000,
Cold Start: false
Unique ID: 2754d322-e398-4306-88f0-316b9c58759f,
Billed Duration for Request 2754d322-e398-4306-88f0-316b9c58759f: 95 ms
Input: 1050000,
Cold Start: false
Unique ID: 60fbbec1-c58a-45e2-a7d1-c68e7dd7ad51,
Billed Duration for Request 60fbbec1-c58a-45e2-a7d1-c68e7dd7ad51: 92 ms
Input: 1050000,
Cold Start: false
Unique ID: 7a007ca8-a5f3-4617-a778-7ede2f1281d2,
Billed Duration for Request 7a007ca8-a5f3-4617-a778-7ede2f1281d2: 99 ms
Input: 1050000,
Cold Start: false
Unique ID: 45615b0c-708f-4f3a-ab5f-025efba3b4f8,
Billed Duration for Request 45615b0c-708f-4f3a-ab5f-025efba3b4f8: 103 ms
Input: 1050000,
Cold Start: false
Unique ID: 7446f4a1-cee2-402b-b7af-32c48043d385,
Billed Duration for Request 7446f4a1-cee2-402b-b7af-32c48043d385: 95 ms
Input: 1050000,
Cold Start: false
Unique ID: b49698ef-5f4d-4e82-b0e8-a624dfbb6dbc,
Billed Duration for Request b49698ef-5f4d-4e82-b0e8-a624dfbb6dbc: 94 ms
Input: 1050000,
Cold Start: false
Unique ID: 2807e2d6-739d-4f96-a2aa-b080404e3bab,
Billed Duration for Request 2807e2d6-739d-4f96-a2aa-b080404e3bab: 107 ms
Input: 1050000,
Cold Start: false
Unique ID: a507f0fa-4669-4a09-bda4-a40cb8ea384b,
Billed Duration for Request a507f0fa-4669-4a09-bda4-a40cb8ea384b: 94 ms
Input: 1050000,
Cold Start: false
Unique ID: 7e1a8803-22d7-44f7-a8ff-10d4a2459308,
Billed Duration for Request 7e1a8803-22d7-44f7-a8ff-10d4a2459308: 103 ms
Input: 1050000,
Cold Start: false
Unique ID: 20415bb9-fce9-4dfc-b88d-49ff4ce55c8b,
Billed Duration for Request 20415bb9-fce9-4dfc-b88d-49ff4ce55c8b: 98 ms
Input: 1050000,
Cold Start: false
Unique ID: f51297dd-dd1c-41de-aee3-9ab364a76294,
Billed Duration for Request f51297dd-dd1c-41de-aee3-9ab364a76294: 94 ms
Input: 1050000,
Cold Start: false
Unique ID: 5053adda-eb93-45e7-a98e-8dce0a6b6469,
Billed Duration for Request 5053adda-eb93-45e7-a98e-8dce0a6b6469: 95 ms
Input: 1050000,
Cold Start: false
Unique ID: ee884efe-3b55-42cc-97e0-28497621c911,
Billed Duration for Request ee884efe-3b55-42cc-97e0-28497621c911: 98 ms
Input: 1050000,
Cold Start: false
Unique ID: 901f6d07-b4eb-4da5-bfc4-e49c2a93af14,
Billed Duration for Request 901f6d07-b4eb-4da5-bfc4-e49c2a93af14: 99 ms
Input: 1050000,
Cold Start: false
Unique ID: 835f05d9-e1fb-492d-8f9d-9f0d458f5c79,
Billed Duration for Request 835f05d9-e1fb-492d-8f9d-9f0d458f5c79: 91 ms
Input: 1050000,
Cold Start: false
Unique ID: 6005cc92-355e-47e5-b0c7-4342e352a43c,
Billed Duration for Request 6005cc92-355e-47e5-b0c7-4342e352a43c: 99 ms
Input: 1050000,
Cold Start: false
Unique ID: 414952ab-291e-4670-a8ba-d0ee69fae762,
Billed Duration for Request 414952ab-291e-4670-a8ba-d0ee69fae762: 95 ms
Input: 1050000,
Cold Start: false
Unique ID: aaa551a2-93ac-4f43-a5d2-79709c1bd504,
Billed Duration for Request aaa551a2-93ac-4f43-a5d2-79709c1bd504: 98 ms
Input: 1050000,
Cold Start: false
Unique ID: 49ffbdfd-b52f-4397-8097-a0aec6188316,
Billed Duration for Request 49ffbdfd-b52f-4397-8097-a0aec6188316: 98 ms
Input: 1050000,
Cold Start: false
Unique ID: 6e94c66c-8517-41ef-a709-1c198b9defb9,
Billed Duration for Request 6e94c66c-8517-41ef-a709-1c198b9defb9: 95 ms
Input: 1050000,
Cold Start: false
Unique ID: d8ee7d72-3197-4b70-a442-41ee717f79c4,
Billed Duration for Request d8ee7d72-3197-4b70-a442-41ee717f79c4: 94 ms
Input: 1050000,
Cold Start: false
Unique ID: f715501a-4462-46d7-9194-144bf7a75b4c,
Billed Duration for Request f715501a-4462-46d7-9194-144bf7a75b4c: 98 ms
Input: 1050000,
Cold Start: false
Unique ID: 52e06b95-310c-4724-86e0-6dd91628cb1e,
Billed Duration for Request 52e06b95-310c-4724-86e0-6dd91628cb1e: 94 ms
Input: 1050000,
Cold Start: false
Unique ID: 662e0707-d2fb-4324-adc9-51a969f1b389,
Billed Duration for Request 662e0707-d2fb-4324-adc9-51a969f1b389: 98 ms
Input: 1050000,
Cold Start: false
Unique ID: d749b294-b0af-4eb1-a3bc-fcbe55b7d4f3,
Billed Duration for Request d749b294-b0af-4eb1-a3bc-fcbe55b7d4f3: 92 ms
Input: 1050000,
Cold Start: false
Unique ID: 514fc28c-1569-4368-a06a-b319807176df,
Billed Duration for Request 514fc28c-1569-4368-a06a-b319807176df: 94 ms
Input: 1050000,
Cold Start: false
Unique ID: cc969fe5-160a-420c-a5d9-7656a65bc07c,
Billed Duration for Request cc969fe5-160a-420c-a5d9-7656a65bc07c: 95 ms
Input: 1050000,
Cold Start: false
Unique ID: 9d8f2278-1f36-42b0-86af-2bc3e1b1aa44,
Billed Duration for Request 9d8f2278-1f36-42b0-86af-2bc3e1b1aa44: 95 ms
Input: 1050000,
Cold Start: false
Unique ID: 96b26049-0c37-4d46-b1b9-c1feb4eb954e,
Billed Duration for Request 96b26049-0c37-4d46-b1b9-c1feb4eb954e: 95 ms
Input: 1050000,
Cold Start: false
Unique ID: 48f02521-2ae7-48ee-bcdc-90af2a96ff2f,
Billed Duration for Request 48f02521-2ae7-48ee-bcdc-90af2a96ff2f: 95 ms
Input: 1050000,
Cold Start: false
Unique ID: d71583f8-3462-4a39-8f03-a546a547ab00,
Billed Duration for Request d71583f8-3462-4a39-8f03-a546a547ab00: 107 ms
Input: 1050000,
Cold Start: false
Unique ID: 91c9970b-acc9-46d7-ba07-51ab98069b6d,
Billed Duration for Request 91c9970b-acc9-46d7-ba07-51ab98069b6d: 108 ms
Input: 1050000,
Cold Start: false
Unique ID: ab65e8e6-105e-4c33-a3a2-326a8ab707b8,
Billed Duration for Request ab65e8e6-105e-4c33-a3a2-326a8ab707b8: 95 ms
Input: 1050000,
Cold Start: false
Unique ID: e7c14779-2e13-4b7b-9213-cfa21b2470c5,
Billed Duration for Request e7c14779-2e13-4b7b-9213-cfa21b2470c5: 103 ms
Input: 1050000,
Cold Start: false
Unique ID: 59860233-b5b6-457e-b03f-36eaf6bb571b,
Billed Duration for Request 59860233-b5b6-457e-b03f-36eaf6bb571b: 99 ms
Input: 1050000,
Cold Start: false
Unique ID: 61ea5fa2-fba5-43f7-8c9b-7de1e6a9823c,
Billed Duration for Request 61ea5fa2-fba5-43f7-8c9b-7de1e6a9823c: 95 ms
Input: 1050000,
Cold Start: false
Unique ID: 80540d4d-2ead-4b2d-b936-3480c3069d28,
Billed Duration for Request 80540d4d-2ead-4b2d-b936-3480c3069d28: 103 ms
Input: 1050000,
Cold Start: false
Unique ID: c00edd95-ed33-4035-a5bf-eb0e7c4f1c25,
Billed Duration for Request c00edd95-ed33-4035-a5bf-eb0e7c4f1c25: 102 ms
Input: 1050000,
Cold Start: false
Unique ID: 63b9c415-c45c-4bf3-829b-6e5f90e19c35,
Billed Duration for Request 63b9c415-c45c-4bf3-829b-6e5f90e19c35: 234 ms
Input: 1050000,
Cold Start: false
Unique ID: 24809f5e-782d-44d1-8644-7cfe1a7176ec,
Billed Duration for Request 24809f5e-782d-44d1-8644-7cfe1a7176ec: 152 ms
Input: 1050000,
Cold Start: false
Unique ID: e3efc901-34ea-4706-8dd9-d5b0e729e0ba,
Billed Duration for Request e3efc901-34ea-4706-8dd9-d5b0e729e0ba: 100 ms
Input: 1050000,
Cold Start: false
Unique ID: 9cd86980-de7b-49c2-a551-5e397e5924b2,
Billed Duration for Request 9cd86980-de7b-49c2-a551-5e397e5924b2: 99 ms
Input: 1050000,
Cold Start: false
Unique ID: 65fe66ab-dd9f-4130-857d-8d6408fe7f16,
Billed Duration for Request 65fe66ab-dd9f-4130-857d-8d6408fe7f16: 95 ms
Input: 1050000,
Cold Start: false
Unique ID: 3505fe44-5b46-4730-94cd-c80216034f1e,
Billed Duration for Request 3505fe44-5b46-4730-94cd-c80216034f1e: 99 ms
Input: 1050000,
Cold Start: false
Unique ID: eeaba435-5a3b-4722-b3a6-c7cf9ff7b1ca,
Billed Duration for Request eeaba435-5a3b-4722-b3a6-c7cf9ff7b1ca: 95 ms
Input: 1050000,
Cold Start: false
Unique ID: b75ec23d-5c09-400a-af98-e63e7809d224,
Billed Duration for Request b75ec23d-5c09-400a-af98-e63e7809d224: 101 ms
Input: 1050000,
Cold Start: false
Unique ID: c55cb7af-6fa9-46b1-9ad7-14f8f92ccf91,
Billed Duration for Request c55cb7af-6fa9-46b1-9ad7-14f8f92ccf91: 103 ms
Input: 1050000,
Cold Start: false
Unique ID: 7de83244-ff36-4202-a12f-b245852f2b90,
Billed Duration for Request 7de83244-ff36-4202-a12f-b245852f2b90: 99 ms
Input: 1050000,
Cold Start: false
Unique ID: 74f87c35-a856-4c4a-a385-7bfe4a566097,
Billed Duration for Request 74f87c35-a856-4c4a-a385-7bfe4a566097: 101 ms
Input: 1050000,
Cold Start: false
Unique ID: 0d186c6f-d0bd-4323-ad4b-43cd76799359,
Billed Duration for Request 0d186c6f-d0bd-4323-ad4b-43cd76799359: 99 ms
Input: 1050000,
Cold Start: false
Unique ID: ed6c320f-6ed2-4b9a-965a-3761c150ffaa,
Billed Duration for Request ed6c320f-6ed2-4b9a-965a-3761c150ffaa: 104 ms
Input: 1050000,
Cold Start: false
Unique ID: eb782fdc-6f29-4b6d-962a-0f03b6efceda,
Billed Duration for Request eb782fdc-6f29-4b6d-962a-0f03b6efceda: 94 ms
Input: 1050000,
Cold Start: false
Unique ID: dc44898b-31f4-42a5-b05d-4f5bb239091f,
Billed Duration for Request dc44898b-31f4-42a5-b05d-4f5bb239091f: 100 ms
Input: 1050000,
Cold Start: false
Unique ID: 26423d36-4349-4d43-9983-669087f216e9,
Billed Duration for Request 26423d36-4349-4d43-9983-669087f216e9: 94 ms
Input: 1050000,
Cold Start: false
Unique ID: 9e308ed8-5996-4f5a-8dab-cb53858f9541,
Billed Duration for Request 9e308ed8-5996-4f5a-8dab-cb53858f9541: 98 ms
Input: 1050000,
Cold Start: false
Unique ID: 4f0f6413-ec60-4945-9d3e-bc032242587d,
Billed Duration for Request 4f0f6413-ec60-4945-9d3e-bc032242587d: 100 ms
Input: 1050000,
Cold Start: false
Unique ID: 845087d3-6640-4698-b458-810fd98d0b46,
Billed Duration for Request 845087d3-6640-4698-b458-810fd98d0b46: 103 ms
Input: 1050000,
Cold Start: false
Unique ID: 09cc308a-bebe-4d59-8de6-db32c6b19c0a,
Billed Duration for Request 09cc308a-bebe-4d59-8de6-db32c6b19c0a: 99 ms
Input: 1050000,
Cold Start: false
Unique ID: f651965d-f338-4a30-8756-38f2a4a7a7a6,
Billed Duration for Request f651965d-f338-4a30-8756-38f2a4a7a7a6: 99 ms
Input: 1050000,
Cold Start: false
Unique ID: 339a01b5-5573-4581-83ff-6fa1fd8fba7a,
Billed Duration for Request 339a01b5-5573-4581-83ff-6fa1fd8fba7a: 103 ms
Input: 1050000,
Cold Start: false
Unique ID: 2e025f15-864c-40f4-b3f3-8efc3a1e436c,
Billed Duration for Request 2e025f15-864c-40f4-b3f3-8efc3a1e436c: 102 ms
Input: 1050000,
Cold Start: false
Unique ID: 753144f4-6b8c-4f86-8fb9-c37ecf3d16da,
Billed Duration for Request 753144f4-6b8c-4f86-8fb9-c37ecf3d16da: 103 ms
Input: 1050000,
Cold Start: false
Unique ID: f979d0c3-6980-4f84-91f0-10f1528d5120,
Billed Duration for Request f979d0c3-6980-4f84-91f0-10f1528d5120: 98 ms
Input: 1050000,
Cold Start: false
Unique ID: fb698e90-4bc0-423a-9259-543b65e923da,
Billed Duration for Request fb698e90-4bc0-423a-9259-543b65e923da: 90 ms
Input: 1050000,
Cold Start: false
Unique ID: aef5e135-5b5b-4772-a7bb-3a60a026d33a,
Billed Duration for Request aef5e135-5b5b-4772-a7bb-3a60a026d33a: 95 ms
Input: 1050000,
Cold Start: false
Unique ID: 32b548ba-111b-4493-bb53-669e85a8f446,
Billed Duration for Request 32b548ba-111b-4493-bb53-669e85a8f446: 102 ms
Input: 1050000,
Cold Start: false
Unique ID: 959d291e-e179-41c6-b9fc-c8f505d33836,
Billed Duration for Request 959d291e-e179-41c6-b9fc-c8f505d33836: 98 ms
Input: 1050000,
Cold Start: false
Unique ID: 2a675499-d136-4dca-a8ab-bc03ad4d7320,
Billed Duration for Request 2a675499-d136-4dca-a8ab-bc03ad4d7320: 103 ms
Input: 1050000,
Cold Start: false
Unique ID: 2a151659-1051-41ef-8c17-4345adccb098,
Billed Duration for Request 2a151659-1051-41ef-8c17-4345adccb098: 102 ms
Input: 1050000,
Cold Start: false
Unique ID: bdf5119c-74cc-4e5b-a9ac-478455cbc99d,
Billed Duration for Request bdf5119c-74cc-4e5b-a9ac-478455cbc99d: 98 ms
Input: 1050000,
Cold Start: false
Unique ID: 11f2510c-dfe8-43ab-ac6f-588ecfea9e0a,
Billed Duration for Request 11f2510c-dfe8-43ab-ac6f-588ecfea9e0a: 103 ms
Input: 1050000,
Cold Start: false
Unique ID: 72a16923-2cd3-4f2b-97f3-9c8eed23b1f3,
Billed Duration for Request 72a16923-2cd3-4f2b-97f3-9c8eed23b1f3: 98 ms
Input: 1050000,
Cold Start: false
Unique ID: 7ced506c-a3d0-4703-bff4-6bf1a4b56e83,
Billed Duration for Request 7ced506c-a3d0-4703-bff4-6bf1a4b56e83: 98 ms
Input: 1050000,
Cold Start: false
Unique ID: 42dc7091-cdfd-4c0c-80f5-9b02830d6fcf,
Billed Duration for Request 42dc7091-cdfd-4c0c-80f5-9b02830d6fcf: 102 ms
Input: 1050000,
Cold Start: false
Unique ID: dd4d4738-698d-414f-9497-6ca8384d92b9,
Billed Duration for Request dd4d4738-698d-414f-9497-6ca8384d92b9: 98 ms
Input: 1050000,
Cold Start: false
Unique ID: f89bc566-3c49-4329-bfc6-80237b1c0013,
Billed Duration for Request f89bc566-3c49-4329-bfc6-80237b1c0013: 98 ms
Input: 1050000,
Cold Start: false
Unique ID: c9b2214b-3f32-48d4-ba95-fa83a2f98750,
Billed Duration for Request c9b2214b-3f32-48d4-ba95-fa83a2f98750: 103 ms
Input: 1050000,
Cold Start: false
Unique ID: 39627f3f-ba50-40f0-a537-847f5e2ad612,
Billed Duration for Request 39627f3f-ba50-40f0-a537-847f5e2ad612: 94 ms
Input: 1050000,
Cold Start: false
Unique ID: ddfd4dd7-ad85-459d-836a-07d7169ab633,
Billed Duration for Request ddfd4dd7-ad85-459d-836a-07d7169ab633: 100 ms
Input: 1050000,
Cold Start: false
Unique ID: 610014f6-214b-41a5-a15c-d9dc943bc482,
Billed Duration for Request 610014f6-214b-41a5-a15c-d9dc943bc482: 109 ms
Input: 1050000,
Cold Start: false
Unique ID: fec92f5f-6171-4845-8156-5402e649eeff,
Billed Duration for Request fec92f5f-6171-4845-8156-5402e649eeff: 104 ms
Input: 1050000,
Cold Start: false
Unique ID: 2db7d36c-d0ff-44ff-91d6-7cb6dadbb953,
Billed Duration for Request 2db7d36c-d0ff-44ff-91d6-7cb6dadbb953: 102 ms
Input: 1050000,
Cold Start: false
Unique ID: 3e0c956c-726e-4fcc-a202-10443db44bd0,
Billed Duration for Request 3e0c956c-726e-4fcc-a202-10443db44bd0: 98 ms
Input: 1050000,
Cold Start: false
Unique ID: e1557568-db84-4185-bcbe-f991339ab8d5,
Billed Duration for Request e1557568-db84-4185-bcbe-f991339ab8d5: 94 ms
Input: 1050000,
Cold Start: false
Unique ID: d01da89a-40d7-47a2-8e64-da1837fdf4da,
Billed Duration for Request d01da89a-40d7-47a2-8e64-da1837fdf4da: 102 ms
Input: 1050000,
Cold Start: false
Unique ID: ca29c0bb-9d78-409f-b494-8b5eb1252de7,
Billed Duration for Request ca29c0bb-9d78-409f-b494-8b5eb1252de7: 94 ms
Input: 1050000,
Cold Start: false
Unique ID: 072f8b48-e7ee-4c31-90a4-437a34c692ee,
Billed Duration for Request 072f8b48-e7ee-4c31-90a4-437a34c692ee: 98 ms
Input: 1050000,
Cold Start: false
Unique ID: 478b7442-f245-4de6-b717-a00f48b8fc6f,
Billed Duration for Request 478b7442-f245-4de6-b717-a00f48b8fc6f: 94 ms
Input: 1050000,
Cold Start: false
Unique ID: d6a60511-1be1-4eb3-85b7-4ba93399b49c,
Billed Duration for Request d6a60511-1be1-4eb3-85b7-4ba93399b49c: 136 ms
Input: 1050000,
Cold Start: false
Unique ID: 87cbd93c-e7f5-4c4b-ad8d-5ed752cc7bb8,
Billed Duration for Request 87cbd93c-e7f5-4c4b-ad8d-5ed752cc7bb8: 103 ms
Input: 1050000,
Cold Start: false
Unique ID: 562b56b8-21df-4ab9-a50b-8dc68fa777f8,
Billed Duration for Request 562b56b8-21df-4ab9-a50b-8dc68fa777f8: 95 ms
Input: 1050000,
Cold Start: false
Unique ID: 45411e21-e23f-43c0-aa0d-0df66e7a1e42,
Billed Duration for Request 45411e21-e23f-43c0-aa0d-0df66e7a1e42: 103 ms
Input: 1050000,
Cold Start: false
Unique ID: 547977c3-5843-44e2-8fcd-dc260c72ee0b,
Billed Duration for Request 547977c3-5843-44e2-8fcd-dc260c72ee0b: 103 ms
Input: 1050000,
Cold Start: false
Unique ID: 2105d65b-dabb-4042-9165-a47e640ca44c,
Billed Duration for Request 2105d65b-dabb-4042-9165-a47e640ca44c: 103 ms
Input: 1050000,
Cold Start: false
Unique ID: c80c8f3c-6ac5-4561-9100-6d76b4918795,
Billed Duration for Request c80c8f3c-6ac5-4561-9100-6d76b4918795: 95 ms
Input: 1050000,
Cold Start: false
Unique ID: 671997e4-145f-4246-b5d0-5fad7a4e0655,
Billed Duration for Request 671997e4-145f-4246-b5d0-5fad7a4e0655: 91 ms
Input: 1050000,
Cold Start: false
Unique ID: 6138d007-1ed5-48b9-b3e7-7995f16a3164,
Billed Duration for Request 6138d007-1ed5-48b9-b3e7-7995f16a3164: 99 ms
Input: 1050000,
Cold Start: false
Unique ID: bc3098ed-cbcd-429c-a477-07744fcbcbbe,
Billed Duration for Request bc3098ed-cbcd-429c-a477-07744fcbcbbe: 99 ms
Input: 1050000,
Cold Start: false
Unique ID: d43b2e11-a168-4add-b3fb-2dbe02df94da,
Billed Duration for Request d43b2e11-a168-4add-b3fb-2dbe02df94da: 107 ms
Input: 1050000,
Cold Start: false
Unique ID: 63408d86-87db-492d-8409-3f79c0f15f04,
Billed Duration for Request 63408d86-87db-492d-8409-3f79c0f15f04: 103 ms
Input: 1050000,
Cold Start: false
Unique ID: 9d7644ec-3c23-4005-afea-ac6d4729febe,
Billed Duration for Request 9d7644ec-3c23-4005-afea-ac6d4729febe: 95 ms
Input: 1050000,
Cold Start: false
Unique ID: e322ca6f-9cd3-4941-aff7-b65665c52702,
Billed Duration for Request e322ca6f-9cd3-4941-aff7-b65665c52702: 103 ms
Input: 1050000,
Cold Start: false
Unique ID: 077ac054-9a60-4a35-afe0-3b90e0815a78,
Billed Duration for Request 077ac054-9a60-4a35-afe0-3b90e0815a78: 103 ms
Input: 1050000,
Cold Start: false
Unique ID: d14b9aa2-dab1-4bb1-a277-e3fbda6cc61a,
Billed Duration for Request d14b9aa2-dab1-4bb1-a277-e3fbda6cc61a: 99 ms
Input: 1050000,
Cold Start: false
Unique ID: 1392ceeb-d780-4deb-9cde-613a165ace57,
Billed Duration for Request 1392ceeb-d780-4deb-9cde-613a165ace57: 107 ms
Input: 1050000,
Cold Start: false
Unique ID: 9594aa4d-d3b9-4112-8cd8-189d55cd8a8f,
Billed Duration for Request 9594aa4d-d3b9-4112-8cd8-189d55cd8a8f: 98 ms
Input: 1050000,
Cold Start: false
Unique ID: 401f46b8-80aa-45d1-bebc-2005a02bada0,
Billed Duration for Request 401f46b8-80aa-45d1-bebc-2005a02bada0: 98 ms
Input: 1050000,
Cold Start: false
Unique ID: 79ba606a-8d4a-4256-a056-264710bebfb0,
Billed Duration for Request 79ba606a-8d4a-4256-a056-264710bebfb0: 99 ms
Input: 1050000,
Cold Start: false
Unique ID: 8b240a30-4846-4427-b951-bb83bf3cd640,
Billed Duration for Request 8b240a30-4846-4427-b951-bb83bf3cd640: 94 ms
Input: 1050000,
Cold Start: false
Unique ID: 871a2d3e-2a02-4d0c-884a-ad5c8e46b6a6,
Billed Duration for Request 871a2d3e-2a02-4d0c-884a-ad5c8e46b6a6: 104 ms
Input: 1050000,
Cold Start: false
Unique ID: c992c48e-3c59-4ed1-abe1-5663eaa98011,
Billed Duration for Request c992c48e-3c59-4ed1-abe1-5663eaa98011: 104 ms
Input: 1050000,
Cold Start: false
Unique ID: 214b0689-1591-44ab-a53e-bbbb4f0d22b7,
Billed Duration for Request 214b0689-1591-44ab-a53e-bbbb4f0d22b7: 102 ms
Input: 1050000,
Cold Start: false
Unique ID: 8eec9e1c-5033-4595-9510-2cc01e813a3e,
Billed Duration for Request 8eec9e1c-5033-4595-9510-2cc01e813a3e: 106 ms
Input: 1050000,
Cold Start: false
Unique ID: 745b6234-27a2-44e8-8642-a14cfe252247,
Billed Duration for Request 745b6234-27a2-44e8-8642-a14cfe252247: 102 ms
Input: 1050000,
Cold Start: false
Unique ID: 21e3d170-c985-45d4-9124-63aa1aa79848,
Billed Duration for Request 21e3d170-c985-45d4-9124-63aa1aa79848: 103 ms
Input: 1050000,
Cold Start: false
Unique ID: 34b884e3-de4b-40b2-b2c9-a3cf78d2481a,
Billed Duration for Request 34b884e3-de4b-40b2-b2c9-a3cf78d2481a: 102 ms
Input: 1050000,
Cold Start: false
Unique ID: d79d78ed-b19b-4fef-a0c9-ba040aec5817,
Billed Duration for Request d79d78ed-b19b-4fef-a0c9-ba040aec5817: 102 ms
Input: 1050000,
Cold Start: false
Unique ID: 543d1f42-9b10-4f71-b264-d077449c10f2,
Billed Duration for Request 543d1f42-9b10-4f71-b264-d077449c10f2: 106 ms
Input: 1050000,
Cold Start: false
Unique ID: d9b988a9-ffd9-4482-9280-4f8082c90739,
Billed Duration for Request d9b988a9-ffd9-4482-9280-4f8082c90739: 106 ms
Input: 1050000,
Cold Start: false
Unique ID: 5f6b5a6c-0c88-47a1-a2bf-421af0f7035b,
Billed Duration for Request 5f6b5a6c-0c88-47a1-a2bf-421af0f7035b: 98 ms
Input: 1050000,
Cold Start: false
Unique ID: daf913d5-538b-4c21-b306-8136b7ada20d,
Billed Duration for Request daf913d5-538b-4c21-b306-8136b7ada20d: 94 ms
Input: 1050000,
Cold Start: false
Unique ID: d9e5c99d-55ab-4f1a-9bb9-1c7288b9da72,
Billed Duration for Request d9e5c99d-55ab-4f1a-9bb9-1c7288b9da72: 106 ms
Input: 1050000,
Cold Start: false
Unique ID: 14f89847-58be-4792-8a2b-bdf023a1f3e6,
Billed Duration for Request 14f89847-58be-4792-8a2b-bdf023a1f3e6: 103 ms
Input: 1050000,
Cold Start: false
Unique ID: 3a9e239b-f4e0-49af-a9b5-9d3c3983619c,
Billed Duration for Request 3a9e239b-f4e0-49af-a9b5-9d3c3983619c: 106 ms
Input: 1050000,
Cold Start: false
Unique ID: dbcb0ea1-a3a5-4fde-8d34-0e28e3c61834,
Billed Duration for Request dbcb0ea1-a3a5-4fde-8d34-0e28e3c61834: 102 ms
Input: 1050000,
Cold Start: false
Unique ID: 061129b9-92ff-4ee8-9ee0-e6cbfbe0a429,
Billed Duration for Request 061129b9-92ff-4ee8-9ee0-e6cbfbe0a429: 98 ms
Input: 1050000,
Cold Start: false
Unique ID: d07dda8a-dd57-4b4a-8105-d3e2b8361225,
Billed Duration for Request d07dda8a-dd57-4b4a-8105-d3e2b8361225: 106 ms
Input: 1050000,
Cold Start: false
Unique ID: b70ea9ee-ef73-404e-96e8-dd1861add751,
Billed Duration for Request b70ea9ee-ef73-404e-96e8-dd1861add751: 103 ms
Input: 1050000,
Cold Start: false
Unique ID: b3595444-e5f5-4f4c-8c1f-4352238a231d,
Billed Duration for Request b3595444-e5f5-4f4c-8c1f-4352238a231d: 102 ms
Input: 1050000,
Cold Start: false
Unique ID: 0fd2724d-88cd-41f4-8add-b7868dbfae31,
Billed Duration for Request 0fd2724d-88cd-41f4-8add-b7868dbfae31: 106 ms
Input: 1050000,
Cold Start: false
Unique ID: fbe4e66d-001c-4f62-bd85-1a049b3828ab,
Billed Duration for Request fbe4e66d-001c-4f62-bd85-1a049b3828ab: 102 ms
Input: 1050000,
Cold Start: false
Unique ID: 44ab663d-2821-4007-b080-3fa520715d1c,
Billed Duration for Request 44ab663d-2821-4007-b080-3fa520715d1c: 102 ms
Input: 1050000,
Cold Start: false
Unique ID: 9a758d1d-082a-475c-9e79-0dba9efb68bb,
Billed Duration for Request 9a758d1d-082a-475c-9e79-0dba9efb68bb: 95 ms
Input: 1050000,
Cold Start: false
Unique ID: 58e036b9-c8e5-4c7e-a5a1-201665f89e35,
Billed Duration for Request 58e036b9-c8e5-4c7e-a5a1-201665f89e35: 95 ms
Input: 1050000,
Cold Start: false
Unique ID: 9135ee01-8726-4e6e-9908-574cb18f6395,
Billed Duration for Request 9135ee01-8726-4e6e-9908-574cb18f6395: 102 ms
Input: 1050000,
Cold Start: false
Unique ID: ca746c52-f764-4134-9267-52a46e45b8cc,
Billed Duration for Request ca746c52-f764-4134-9267-52a46e45b8cc: 102 ms
Input: 1050000,
Cold Start: false
Unique ID: b110a85f-cb21-453f-a4c3-6b4be9b81319,
Billed Duration for Request b110a85f-cb21-453f-a4c3-6b4be9b81319: 102 ms
Input: 1050000,
Cold Start: false
Unique ID: 3e668560-15a9-4b27-b8cc-73c8ced671c9,
Billed Duration for Request 3e668560-15a9-4b27-b8cc-73c8ced671c9: 102 ms
Input: 1050000,
Cold Start: false
Unique ID: e6f06696-5148-4fb5-8cb9-ccf46725fea4,
Billed Duration for Request e6f06696-5148-4fb5-8cb9-ccf46725fea4: 137 ms
Input: 1050000,
Cold Start: false
Unique ID: 0b11caaa-b49b-475b-970d-f7d64b35c620,
Billed Duration for Request 0b11caaa-b49b-475b-970d-f7d64b35c620: 96 ms
Input: 1050000,
Cold Start: false
Unique ID: a8f2bc85-31f1-46d2-8a6a-2cabbd4e2c66,
Billed Duration for Request a8f2bc85-31f1-46d2-8a6a-2cabbd4e2c66: 99 ms
Input: 1050000,
Cold Start: false
Unique ID: 9131c88b-33da-45cb-b943-d5411b5f46ce,
Billed Duration for Request 9131c88b-33da-45cb-b943-d5411b5f46ce: 99 ms
Input: 1050000,
Cold Start: false
Unique ID: c78d5dd4-fb2a-4f07-a926-64f6e7b9b631,
Billed Duration for Request c78d5dd4-fb2a-4f07-a926-64f6e7b9b631: 95 ms
Input: 1050000,
Cold Start: false
Unique ID: 02d1658e-85f6-4a88-9e6d-7a6c34f75219,
Billed Duration for Request 02d1658e-85f6-4a88-9e6d-7a6c34f75219: 103 ms
Input: 1050000,
Cold Start: false
Unique ID: 517c13d3-533b-4d88-9f7e-ae0ae7052630,
Billed Duration for Request 517c13d3-533b-4d88-9f7e-ae0ae7052630: 95 ms
Input: 1050000,
Cold Start: false
Unique ID: 4b535add-de68-4a91-ae2a-55f85fe725fd,
Billed Duration for Request 4b535add-de68-4a91-ae2a-55f85fe725fd: 103 ms
Input: 1050000,
Cold Start: false
Unique ID: 255c8245-a17c-427a-a456-9f21d2fbfdbb,
Billed Duration for Request 255c8245-a17c-427a-a456-9f21d2fbfdbb: 99 ms
Input: 1050000,
Cold Start: false
Unique ID: c98189f2-07d0-4f03-b922-f2fb4d507359,
Billed Duration for Request c98189f2-07d0-4f03-b922-f2fb4d507359: 103 ms
Input: 1050000,
Cold Start: false
Unique ID: 6d3c75b4-9482-46e6-ab87-04d24f7c01df,
Billed Duration for Request 6d3c75b4-9482-46e6-ab87-04d24f7c01df: 103 ms
Input: 1050000,
Cold Start: false
Unique ID: 763cd574-736f-4516-9038-7f451d89b5ea,
Billed Duration for Request 763cd574-736f-4516-9038-7f451d89b5ea: 99 ms
Input: 1050000,
Cold Start: false
Unique ID: 644e4054-99db-4bba-9d95-852b79012790,
Billed Duration for Request 644e4054-99db-4bba-9d95-852b79012790: 96 ms
Input: 1050000,
Cold Start: false
Unique ID: 60a480a4-9700-48ed-a9d1-565dd7476600,
Billed Duration for Request 60a480a4-9700-48ed-a9d1-565dd7476600: 92 ms
Input: 1050000,
Cold Start: false
Unique ID: deefed2a-0ffa-4d9e-9a00-df491856924e,
Billed Duration for Request deefed2a-0ffa-4d9e-9a00-df491856924e: 103 ms
Input: 1050000,
Cold Start: false
Unique ID: 0fea17de-0f36-461f-b1df-f7f66ed7d938,
Billed Duration for Request 0fea17de-0f36-461f-b1df-f7f66ed7d938: 103 ms
Input: 1050000,
Cold Start: false
Unique ID: 2faf7fe0-e17b-454a-b398-aa79f87b1fb8,
Billed Duration for Request 2faf7fe0-e17b-454a-b398-aa79f87b1fb8: 95 ms
Input: 1050000,
Cold Start: false
Unique ID: f1b5e1cb-86ba-4083-be2e-9cf2eb894719,
Billed Duration for Request f1b5e1cb-86ba-4083-be2e-9cf2eb894719: 99 ms
Input: 1050000,
Cold Start: false
Unique ID: 5f2867b9-a1ed-4546-83b5-1654a19a1cb2,
Billed Duration for Request 5f2867b9-a1ed-4546-83b5-1654a19a1cb2: 103 ms
Input: 1050000,
Cold Start: false
Unique ID: 28b82560-6479-4b67-8410-54642b652e53,
Billed Duration for Request 28b82560-6479-4b67-8410-54642b652e53: 103 ms
Input: 1050000,
Cold Start: false
Unique ID: 0969ac74-d615-464c-af70-beb10638cd69,
Billed Duration for Request 0969ac74-d615-464c-af70-beb10638cd69: 103 ms
Input: 1050000,
Cold Start: false
Unique ID: d9c242dd-ba5d-4b27-90c5-b8c711d5c63a,
Billed Duration for Request d9c242dd-ba5d-4b27-90c5-b8c711d5c63a: 103 ms
Input: 1050000,
Cold Start: false
Unique ID: 7e96a635-6fcb-45a4-876e-78b807144ed1,
Billed Duration for Request 7e96a635-6fcb-45a4-876e-78b807144ed1: 94 ms
Input: 1050000,
Cold Start: false
Unique ID: d78e9e3d-e624-40d8-bc3e-236ea4e72c36,
Billed Duration for Request d78e9e3d-e624-40d8-bc3e-236ea4e72c36: 103 ms
Input: 1050000,
Cold Start: false
Unique ID: fc85dc86-0d6e-4461-88ee-d2fbcabdca3c,
Billed Duration for Request fc85dc86-0d6e-4461-88ee-d2fbcabdca3c: 91 ms
Input: 1050000,
Cold Start: false
Unique ID: d3ff69ac-6dec-451b-8ad7-12f8f4215343,
Billed Duration for Request d3ff69ac-6dec-451b-8ad7-12f8f4215343: 95 ms
Input: 1050000,
Cold Start: false
Unique ID: 49a1b925-31fd-45f2-8dff-7afcc453e918,
Billed Duration for Request 49a1b925-31fd-45f2-8dff-7afcc453e918: 94 ms
Input: 1050000,
Cold Start: false
Unique ID: 57dcca1f-8c65-4392-be71-795ae5dd3113,
Billed Duration for Request 57dcca1f-8c65-4392-be71-795ae5dd3113: 103 ms
Input: 1050000,
Cold Start: false
Unique ID: 56a93be6-dad1-444e-bee2-5890ddc7c391,
Billed Duration for Request 56a93be6-dad1-444e-bee2-5890ddc7c391: 106 ms
Input: 1050000,
Cold Start: false
Unique ID: 80c0a723-0ca3-418b-a71d-e740a8de8947,
Billed Duration for Request 80c0a723-0ca3-418b-a71d-e740a8de8947: 103 ms
Input: 1050000,
Cold Start: false
Unique ID: cd3d41e4-a742-4aaf-a364-f6e3341e78a0,
Billed Duration for Request cd3d41e4-a742-4aaf-a364-f6e3341e78a0: 98 ms
Input: 1050000,
Cold Start: false
Unique ID: 93b4c28b-51a6-4826-9d97-6bd24361294d,
Billed Duration for Request 93b4c28b-51a6-4826-9d97-6bd24361294d: 102 ms
Input: 1050000,
Cold Start: false
Unique ID: 11464baf-9a1d-4ae1-8b88-b812af5770dc,
Billed Duration for Request 11464baf-9a1d-4ae1-8b88-b812af5770dc: 98 ms
Input: 1050000,
Cold Start: false
Unique ID: 0f771574-061d-4be4-b7c5-6cb0cbe68b56,
Billed Duration for Request 0f771574-061d-4be4-b7c5-6cb0cbe68b56: 106 ms
Input: 1050000,
Cold Start: false
Unique ID: 1859978b-7c7a-4ca9-819d-b585b722a0e8,
Billed Duration for Request 1859978b-7c7a-4ca9-819d-b585b722a0e8: 103 ms
Input: 1050000,
Cold Start: false
Unique ID: acd27935-10bd-42f9-996c-d649c0d7ba88,
Billed Duration for Request acd27935-10bd-42f9-996c-d649c0d7ba88: 99 ms
Input: 1050000,
Cold Start: false
Unique ID: db439fe9-c5c3-4373-b569-fc302862d826,
Billed Duration for Request db439fe9-c5c3-4373-b569-fc302862d826: 99 ms
Input: 1050000,
Cold Start: false
Unique ID: f4eda23d-a737-4a1a-b6ce-56d1b3aa3d1d,
Billed Duration for Request f4eda23d-a737-4a1a-b6ce-56d1b3aa3d1d: 98 ms
Input: 1050000,
Cold Start: false
Unique ID: c47aa9c7-fc47-498f-8643-c418577f058e,
Billed Duration for Request c47aa9c7-fc47-498f-8643-c418577f058e: 102 ms
Input: 1050000,
Cold Start: false
Unique ID: a5490998-f24b-4788-87c5-63611fecc2fc,
Billed Duration for Request a5490998-f24b-4788-87c5-63611fecc2fc: 102 ms
Input: 1050000,
Cold Start: false
Unique ID: 10269195-4947-4463-aa19-fd23b960d442,
Billed Duration for Request 10269195-4947-4463-aa19-fd23b960d442: 102 ms
Input: 1050000,
Cold Start: false
Unique ID: ef46cd87-8cdf-4c68-a226-0485914367c1,
Billed Duration for Request ef46cd87-8cdf-4c68-a226-0485914367c1: 104 ms
Input: 1050000,
Cold Start: false
Unique ID: c7f8f820-68c3-4791-9b75-16d21de1fcc6,
Billed Duration for Request c7f8f820-68c3-4791-9b75-16d21de1fcc6: 94 ms
Input: 1050000,
Cold Start: false
Unique ID: 6cc5fa3b-728f-4df3-821f-4f51b10e2bf2,
Billed Duration for Request 6cc5fa3b-728f-4df3-821f-4f51b10e2bf2: 99 ms
Input: 1050000,
Cold Start: false
Unique ID: c154bc29-62da-48e9-9abe-72c4c94b4270,
Billed Duration for Request c154bc29-62da-48e9-9abe-72c4c94b4270: 103 ms
Input: 1050000,
Cold Start: false
Unique ID: 51959ea1-f50e-4480-8125-a6e8d7d41eea,
Billed Duration for Request 51959ea1-f50e-4480-8125-a6e8d7d41eea: 102 ms
Input: 1050000,
Cold Start: false
Unique ID: c1553bfe-3012-4ca4-92be-ae695a6d9f64,
Billed Duration for Request c1553bfe-3012-4ca4-92be-ae695a6d9f64: 102 ms
Input: 1050000,
Cold Start: false
Unique ID: 19f4048e-209a-4fc2-bbda-13e873546f81,
Billed Duration for Request 19f4048e-209a-4fc2-bbda-13e873546f81: 99 ms
Input: 1050000,
Cold Start: false
Unique ID: 8638e469-1ed4-4586-a33d-798b9788c7c0,
Billed Duration for Request 8638e469-1ed4-4586-a33d-798b9788c7c0: 94 ms
Input: 1050000,
Cold Start: false
Unique ID: 1564d883-8b56-4a7c-9ccd-4f62f57bdbc7,
Billed Duration for Request 1564d883-8b56-4a7c-9ccd-4f62f57bdbc7: 102 ms
Input: 1050000,
Cold Start: false
Unique ID: ee425f7c-6c90-44c4-b19e-a1b5cdd30ec7,
Billed Duration for Request ee425f7c-6c90-44c4-b19e-a1b5cdd30ec7: 221 ms
Input: 1050000,
Cold Start: false
Unique ID: 8563dea4-4a9c-4cd8-86bf-f7e7cd78fd87,
Billed Duration for Request 8563dea4-4a9c-4cd8-86bf-f7e7cd78fd87: 152 ms
Input: 1050000,
Cold Start: false
Unique ID: 929b2f3c-dbbc-4e1a-9858-550cbb2804b1,
Billed Duration for Request 929b2f3c-dbbc-4e1a-9858-550cbb2804b1: 99 ms
Input: 1050000,
Cold Start: false
Unique ID: 4475a46a-8e28-4fb7-8c2d-145145300156,
Billed Duration for Request 4475a46a-8e28-4fb7-8c2d-145145300156: 95 ms
Input: 1050000,
Cold Start: false
Unique ID: 6160f7ac-64af-456f-ae93-467ad9a03449,
Billed Duration for Request 6160f7ac-64af-456f-ae93-467ad9a03449: 107 ms
Input: 1050000,
Cold Start: false
Unique ID: 99fe2e77-7252-4969-8d12-a5ab6279e1d6,
Billed Duration for Request 99fe2e77-7252-4969-8d12-a5ab6279e1d6: 99 ms
Input: 1050000,
Cold Start: false
Unique ID: 1d1b461e-631b-4c46-8b18-64ced1be396d,
Billed Duration for Request 1d1b461e-631b-4c46-8b18-64ced1be396d: 100 ms
Input: 1050000,
Cold Start: false
Unique ID: edc5061a-4ea3-47a3-a9ca-1d43580423e0,
Billed Duration for Request edc5061a-4ea3-47a3-a9ca-1d43580423e0: 95 ms
Input: 1050000,
Cold Start: false
Unique ID: 102443db-fcbe-4f27-91a5-4367639494a3,
Billed Duration for Request 102443db-fcbe-4f27-91a5-4367639494a3: 95 ms
Input: 1050000,
Cold Start: false
Unique ID: 35087a1c-e1a7-4718-a5bb-bfee476383b5,
Billed Duration for Request 35087a1c-e1a7-4718-a5bb-bfee476383b5: 99 ms
Input: 1050000,
Cold Start: false
Unique ID: b6fa7b3a-3809-4f7f-9410-bb5e4a4ebb40,
Billed Duration for Request b6fa7b3a-3809-4f7f-9410-bb5e4a4ebb40: 99 ms
Input: 1050000,
Cold Start: false
Unique ID: cef2544a-91e9-4901-b217-51787b83ebc0,
Billed Duration for Request cef2544a-91e9-4901-b217-51787b83ebc0: 103 ms
Input: 1050000,
Cold Start: false
Unique ID: eed717ee-9455-4259-9d4e-a4a7d119ddaf,
Billed Duration for Request eed717ee-9455-4259-9d4e-a4a7d119ddaf: 99 ms
Input: 1050000,
Cold Start: false
Unique ID: a4f0f90f-a17b-499b-a1d0-0f352a2fe645,
Billed Duration for Request a4f0f90f-a17b-499b-a1d0-0f352a2fe645: 95 ms
Input: 1050000,
Cold Start: false
Unique ID: 374a6960-28cc-48f0-8055-1fb290b24efe,
Billed Duration for Request 374a6960-28cc-48f0-8055-1fb290b24efe: 95 ms
Input: 1050000,
Cold Start: false
Unique ID: 8e5b7d17-4624-4a8f-8405-6d17f59163bd,
Billed Duration for Request 8e5b7d17-4624-4a8f-8405-6d17f59163bd: 99 ms
Input: 1050000,
Cold Start: false
Unique ID: 94dd2672-8c9f-46f5-a11f-cb3a8bdcfd13,
Billed Duration for Request 94dd2672-8c9f-46f5-a11f-cb3a8bdcfd13: 95 ms
Input: 1050000,
Cold Start: false
Unique ID: da32e537-b92b-4075-8efb-093a4f74647a,
Billed Duration for Request da32e537-b92b-4075-8efb-093a4f74647a: 103 ms
Input: 1050000,
Cold Start: false
Unique ID: 2ca2b511-1024-438d-8a31-36698336c4a6,
Billed Duration for Request 2ca2b511-1024-438d-8a31-36698336c4a6: 95 ms
Input: 1050000,
Cold Start: false
Unique ID: a0a0a3c0-fe48-40d5-9b17-b2ff7f0ba275,
Billed Duration for Request a0a0a3c0-fe48-40d5-9b17-b2ff7f0ba275: 99 ms
Input: 1050000,
Cold Start: false
Unique ID: 06b80247-b917-429e-b375-0a5aeabcfc7b,
Billed Duration for Request 06b80247-b917-429e-b375-0a5aeabcfc7b: 99 ms
Input: 1050000,
Cold Start: false
Unique ID: 61d8281b-8f7e-4a8c-bb25-98899e947efd,
Billed Duration for Request 61d8281b-8f7e-4a8c-bb25-98899e947efd: 95 ms
Input: 1050000,
Cold Start: false
Unique ID: 53d8f6b9-3a1f-42c6-8d36-21c20a8e673e,
Billed Duration for Request 53d8f6b9-3a1f-42c6-8d36-21c20a8e673e: 107 ms
Input: 1050000,
Cold Start: false
Unique ID: 8611148c-2ee2-4521-98b2-1f178afde0b4,
Billed Duration for Request 8611148c-2ee2-4521-98b2-1f178afde0b4: 99 ms
Input: 1050000,
Cold Start: false
Unique ID: 477c07c5-d25c-4f35-b4e7-a69b67138fd0,
Billed Duration for Request 477c07c5-d25c-4f35-b4e7-a69b67138fd0: 103 ms
Input: 1050000,
Cold Start: false
Unique ID: 4d83b53d-984e-48bf-be87-1f23acb1ca98,
Billed Duration for Request 4d83b53d-984e-48bf-be87-1f23acb1ca98: 99 ms
Input: 1050000,
Cold Start: false
Unique ID: f46a9a03-9219-499c-a568-b21a7c6baf03,
Billed Duration for Request f46a9a03-9219-499c-a568-b21a7c6baf03: 98 ms
Input: 1050000,
Cold Start: false
Unique ID: 2c3a47e9-2056-4e06-b1dd-cb0015d0fca7,
Billed Duration for Request 2c3a47e9-2056-4e06-b1dd-cb0015d0fca7: 94 ms
Input: 1050000,
Cold Start: false
Unique ID: 9b3f6432-7ce2-4eaf-8499-578dfdae3a4c,
Billed Duration for Request 9b3f6432-7ce2-4eaf-8499-578dfdae3a4c: 102 ms
Input: 1050000,
Cold Start: false
Unique ID: 4fe290e0-18a2-49a5-a4aa-8b7fea60f923,
Billed Duration for Request 4fe290e0-18a2-49a5-a4aa-8b7fea60f923: 99 ms
Input: 1050000,
Cold Start: false
Unique ID: 19bbbe18-01c1-4462-a8c8-c0e80cfa6f88,
Billed Duration for Request 19bbbe18-01c1-4462-a8c8-c0e80cfa6f88: 117 ms
Input: 1050000,
Cold Start: false
Unique ID: 745041e0-755e-485f-9473-ee0ea3a35d05,
Billed Duration for Request 745041e0-755e-485f-9473-ee0ea3a35d05: 94 ms
Input: 1050000,
Cold Start: false
Unique ID: 95b4c599-b9fa-4d93-93c5-a3245c2cd26a,
Billed Duration for Request 95b4c599-b9fa-4d93-93c5-a3245c2cd26a: 94 ms
Input: 1050000,
Cold Start: false
Unique ID: e413d29d-afe9-4a54-add5-5e0445b054b2,
Billed Duration for Request e413d29d-afe9-4a54-add5-5e0445b054b2: 98 ms
Input: 1050000,
Cold Start: false
Unique ID: 0efd4b52-fa62-4ecf-b600-1ba3f6f46045,
Billed Duration for Request 0efd4b52-fa62-4ecf-b600-1ba3f6f46045: 98 ms
Input: 1050000,
Cold Start: false
Unique ID: 664d8de7-876b-409c-9977-c028ceb38281,
Billed Duration for Request 664d8de7-876b-409c-9977-c028ceb38281: 96 ms
Input: 1050000,
Cold Start: false
Unique ID: fcd27c4e-e90e-4302-9756-4416155c8318,
Billed Duration for Request fcd27c4e-e90e-4302-9756-4416155c8318: 102 ms
Input: 1050000,
Cold Start: false
Unique ID: ddd2dc70-f812-43d0-b2cf-d02651758fea,
Billed Duration for Request ddd2dc70-f812-43d0-b2cf-d02651758fea: 95 ms
Input: 1050000,
Cold Start: false
Unique ID: b43b2422-8bea-4664-844d-b4cbf663e4a0,
Billed Duration for Request b43b2422-8bea-4664-844d-b4cbf663e4a0: 98 ms
Input: 1050000,
Cold Start: false
Unique ID: 1679e0fd-6422-4964-93c2-cdc2391ddbb2,
Billed Duration for Request 1679e0fd-6422-4964-93c2-cdc2391ddbb2: 98 ms
Input: 1050000,
Cold Start: false
Unique ID: 4db2fa9f-ec16-4971-9809-d7657dcc02a6,
Billed Duration for Request 4db2fa9f-ec16-4971-9809-d7657dcc02a6: 98 ms
Input: 1050000,
Cold Start: false
Unique ID: 30d049b6-9c7f-40d8-aca3-63f41918909b,
Billed Duration for Request 30d049b6-9c7f-40d8-aca3-63f41918909b: 109 ms
Input: 1050000,
Cold Start: false
Unique ID: 2cddff5c-7d83-4ba1-b79b-b9147da54442,
Billed Duration for Request 2cddff5c-7d83-4ba1-b79b-b9147da54442: 100 ms
Input: 1050000,
Cold Start: false
Unique ID: 1156c727-f6a9-427e-a60b-79762f546b1b,
Billed Duration for Request 1156c727-f6a9-427e-a60b-79762f546b1b: 98 ms
Input: 1050000,
Cold Start: false
Unique ID: a1acd10b-ce1d-468d-bf78-318e23345d17,
Billed Duration for Request a1acd10b-ce1d-468d-bf78-318e23345d17: 98 ms
Input: 1050000,
Cold Start: false
Unique ID: d2dd98f8-ecdb-4f9b-af37-154c7db20c8d,
Billed Duration for Request d2dd98f8-ecdb-4f9b-af37-154c7db20c8d: 98 ms
Input: 1050000,
Cold Start: false
Unique ID: 7fe48239-68b3-481b-a99b-aa292d6f84a5,
Billed Duration for Request 7fe48239-68b3-481b-a99b-aa292d6f84a5: 98 ms
Input: 1050000,
Cold Start: false
Unique ID: 22a9c4a2-33fe-4936-9bab-4dcc6a2bd8cf,
Billed Duration for Request 22a9c4a2-33fe-4936-9bab-4dcc6a2bd8cf: 98 ms
Input: 1050000,
Cold Start: false
Unique ID: ec969b34-685f-4d26-a01e-f25c4834aa9c,
Billed Duration for Request ec969b34-685f-4d26-a01e-f25c4834aa9c: 90 ms
Input: 1050000,
Cold Start: false
Unique ID: 5e4f0e71-c867-4f6b-81d2-25a0ca5f51ca,
Billed Duration for Request 5e4f0e71-c867-4f6b-81d2-25a0ca5f51ca: 98 ms
Input: 1050000,
Cold Start: false
Unique ID: 92c6bd4f-882c-4a5d-8eee-9e63bdc934fd,
Billed Duration for Request 92c6bd4f-882c-4a5d-8eee-9e63bdc934fd: 128 ms
Input: 1050000,
Cold Start: false
Unique ID: a161fbfc-c426-4a68-886a-8f6486fc979d,
Billed Duration for Request a161fbfc-c426-4a68-886a-8f6486fc979d: 95 ms
Input: 1050000,
Cold Start: false
Unique ID: bffec86f-446d-4979-8ba7-092e369b1b38,
Billed Duration for Request bffec86f-446d-4979-8ba7-092e369b1b38: 103 ms
Input: 1050000,
Cold Start: false
Unique ID: 5666bde6-4427-488f-9689-5ea93a5d1bf1,
Billed Duration for Request 5666bde6-4427-488f-9689-5ea93a5d1bf1: 107 ms
Input: 1050000,
Cold Start: false
Unique ID: 7ba8628f-32f6-46b3-a32c-2cd0015bc843,
Billed Duration for Request 7ba8628f-32f6-46b3-a32c-2cd0015bc843: 108 ms
Input: 1050000,
Cold Start: false
Unique ID: b61200e8-a0d3-48e2-a6f5-c8770f62389c,
Billed Duration for Request b61200e8-a0d3-48e2-a6f5-c8770f62389c: 107 ms
Input: 1050000,
Cold Start: false
Unique ID: 0503e223-f8a9-4414-a93b-4ad6b1c6d43a,
Billed Duration for Request 0503e223-f8a9-4414-a93b-4ad6b1c6d43a: 96 ms
Input: 1050000,
Cold Start: false
Unique ID: 382aba49-1a2b-4012-a30d-ab6c20c30738,
Billed Duration for Request 382aba49-1a2b-4012-a30d-ab6c20c30738: 108 ms
Input: 1050000,
Cold Start: false
Unique ID: b855f903-1865-4d4a-a15a-aab3f09f8ba7,
Billed Duration for Request b855f903-1865-4d4a-a15a-aab3f09f8ba7: 107 ms
Input: 1050000,
Cold Start: false
Unique ID: 8634b090-3d7a-4fcd-8945-384bb93089ea,
Billed Duration for Request 8634b090-3d7a-4fcd-8945-384bb93089ea: 107 ms
Input: 1050000,
Cold Start: false
Unique ID: 03157efa-cf5f-4f01-a182-5733112295a3,
Billed Duration for Request 03157efa-cf5f-4f01-a182-5733112295a3: 104 ms
Input: 1050000,
Cold Start: false
Unique ID: 039e61e8-5ad9-4678-977a-86707a41d4e6,
Billed Duration for Request 039e61e8-5ad9-4678-977a-86707a41d4e6: 95 ms
Input: 1050000,
Cold Start: false
Unique ID: 65e0bb75-2ee6-4420-a3e0-a843126d2e6c,
Billed Duration for Request 65e0bb75-2ee6-4420-a3e0-a843126d2e6c: 109 ms
Input: 1050000,
Cold Start: false
Unique ID: 01ef6919-892b-4a62-ab80-8ea048c8c06a,
Billed Duration for Request 01ef6919-892b-4a62-ab80-8ea048c8c06a: 95 ms
Input: 1050000,
Cold Start: false
Unique ID: 1352a144-5df7-4615-ac76-13e42f723aaf,
Billed Duration for Request 1352a144-5df7-4615-ac76-13e42f723aaf: 103 ms
Input: 1050000,
Cold Start: false
Unique ID: c2c56dcb-32e0-43e6-a452-4e22bec72e6e,
Billed Duration for Request c2c56dcb-32e0-43e6-a452-4e22bec72e6e: 109 ms
Input: 1050000,
Cold Start: false
Unique ID: d4d76838-befb-4456-b39c-eb1e8eb932d0,
Billed Duration for Request d4d76838-befb-4456-b39c-eb1e8eb932d0: 107 ms
Input: 1050000,
Cold Start: false
Unique ID: 00921bd9-8756-4b02-952d-684451c7c871,
Billed Duration for Request 00921bd9-8756-4b02-952d-684451c7c871: 109 ms
Input: 1050000,
Cold Start: false
Unique ID: 8f0835ab-6513-4a68-9059-c9c9f8d5d295,
Billed Duration for Request 8f0835ab-6513-4a68-9059-c9c9f8d5d295: 107 ms
Input: 1050000,
Cold Start: false
Unique ID: 4a946f22-6343-430b-84f9-06196e9b70bc,
Billed Duration for Request 4a946f22-6343-430b-84f9-06196e9b70bc: 91 ms
Input: 1050000,
Cold Start: false
Unique ID: 83899df5-a5d8-4053-9a3e-b0c1380e6f96,
Billed Duration for Request 83899df5-a5d8-4053-9a3e-b0c1380e6f96: 107 ms
Input: 1050000,
Cold Start: false
Unique ID: 11b9af0b-b3cb-4bc1-947f-44cd29e079a3,
Billed Duration for Request 11b9af0b-b3cb-4bc1-947f-44cd29e079a3: 91 ms
Input: 1050000,
Cold Start: false
Unique ID: 638dcf78-979b-4aea-94bd-4b5768ac8633,
Billed Duration for Request 638dcf78-979b-4aea-94bd-4b5768ac8633: 91 ms
Input: 1050000,
Cold Start: false
Unique ID: 51efbd47-b18a-4a8b-ba88-0ad32e1e37a0,
Billed Duration for Request 51efbd47-b18a-4a8b-ba88-0ad32e1e37a0: 109 ms
Input: 1050000,
Cold Start: false
Unique ID: ae99d70e-43c2-4b1d-b897-e1a923cb0417,
Billed Duration for Request ae99d70e-43c2-4b1d-b897-e1a923cb0417: 95 ms
Input: 1050000,
Cold Start: false
Unique ID: e9f23ae6-805f-4178-87d2-82539d021cca,
Billed Duration for Request e9f23ae6-805f-4178-87d2-82539d021cca: 107 ms
Input: 1050000,
Cold Start: false
Unique ID: 0e4aca2a-158b-4a31-b684-050003b5bcbb,
Billed Duration for Request 0e4aca2a-158b-4a31-b684-050003b5bcbb: 104 ms
Input: 1050000,
Cold Start: false
Unique ID: 7ad47985-dec2-4d70-9f9c-3de780f81c74,
Billed Duration for Request 7ad47985-dec2-4d70-9f9c-3de780f81c74: 108 ms
Input: 1050000,
Cold Start: false
Unique ID: 326932a5-160f-4026-b393-d158497b375d,
Billed Duration for Request 326932a5-160f-4026-b393-d158497b375d: 106 ms
Input: 1050000,
Cold Start: false
Unique ID: bb67df36-2a7e-487a-b12a-275108cf889a,
Billed Duration for Request bb67df36-2a7e-487a-b12a-275108cf889a: 108 ms
Input: 1050000,
Cold Start: false
Unique ID: e97f4b8c-dd29-4cfd-91f9-4c6e60cab29a,
Billed Duration for Request e97f4b8c-dd29-4cfd-91f9-4c6e60cab29a: 107 ms
Input: 1050000,
Cold Start: false
Unique ID: d8f0fba9-d84c-41f6-a63b-0670ea3e3c1c,
Billed Duration for Request d8f0fba9-d84c-41f6-a63b-0670ea3e3c1c: 90 ms
Input: 1050000,
Cold Start: false
Unique ID: afbb59e1-8df5-48ba-b413-cf24996db1cb,
Billed Duration for Request afbb59e1-8df5-48ba-b413-cf24996db1cb: 108 ms
Input: 1050000,
Cold Start: false
Unique ID: b938fa81-b104-41a0-a609-93dfa3119c77,
Billed Duration for Request b938fa81-b104-41a0-a609-93dfa3119c77: 107 ms
Input: 1050000,
Cold Start: false
Unique ID: 19d4706e-deb5-44b9-81eb-8ddd9c0b51e8,
Billed Duration for Request 19d4706e-deb5-44b9-81eb-8ddd9c0b51e8: 94 ms
Input: 1050000,
Cold Start: false
Unique ID: edfbeb03-0521-4c11-8ce5-8968ec67b070,
Billed Duration for Request edfbeb03-0521-4c11-8ce5-8968ec67b070: 104 ms
Input: 1050000,
Cold Start: false
Unique ID: 2193f671-1ff1-4f73-b14c-41c12c24d108,
Billed Duration for Request 2193f671-1ff1-4f73-b14c-41c12c24d108: 94 ms
Input: 1050000,
Cold Start: false
Unique ID: 211008c7-fd43-4225-839d-bd8cf4378dac,
Billed Duration for Request 211008c7-fd43-4225-839d-bd8cf4378dac: 98 ms
Input: 1050000,
Cold Start: false
Unique ID: aa1e4d64-a7d3-42cb-aa1f-914d0eed40c4,
Billed Duration for Request aa1e4d64-a7d3-42cb-aa1f-914d0eed40c4: 95 ms
Input: 1050000,
Cold Start: false
Unique ID: a3b9e938-5713-4bd4-a305-ea8f165d57f4,
Billed Duration for Request a3b9e938-5713-4bd4-a305-ea8f165d57f4: 94 ms
Input: 1050000,
Cold Start: false
Unique ID: 6ba2a65a-16e3-4c9d-8bde-c1d1cb1f033f,
Billed Duration for Request 6ba2a65a-16e3-4c9d-8bde-c1d1cb1f033f: 90 ms
Input: 1050000,
Cold Start: false
Unique ID: 08630bdb-8484-452d-88a7-e158bfd3155e,
Billed Duration for Request 08630bdb-8484-452d-88a7-e158bfd3155e: 90 ms
Input: 1050000,
Cold Start: false
Unique ID: 01090fad-e200-4444-99b2-b96cbeeaa115,
Billed Duration for Request 01090fad-e200-4444-99b2-b96cbeeaa115: 106 ms
Input: 1050000,
Cold Start: false
Unique ID: bd29558e-935a-4f36-995a-efe905d4b4f8,
Billed Duration for Request bd29558e-935a-4f36-995a-efe905d4b4f8: 104 ms
Input: 1050000,
Cold Start: false
Unique ID: 4ef65eb9-3088-4948-b99f-fa14c0f88694,
Billed Duration for Request 4ef65eb9-3088-4948-b99f-fa14c0f88694: 94 ms
Input: 1050000,
Cold Start: false
Unique ID: 8b817f0c-0d1f-457e-85d4-b994ea5aef79,
Billed Duration for Request 8b817f0c-0d1f-457e-85d4-b994ea5aef79: 90 ms
Input: 1050000,
Cold Start: false
Unique ID: 676707a3-a374-4947-a834-96342034564a,
Billed Duration for Request 676707a3-a374-4947-a834-96342034564a: 94 ms
Input: 1050000,
Cold Start: false
Unique ID: 81bfda3b-4c9d-419e-b061-46553fb775ab,
Billed Duration for Request 81bfda3b-4c9d-419e-b061-46553fb775ab: 98 ms
Input: 1050000,
Cold Start: false
Unique ID: 74ddceb4-bc1d-4484-84f4-46c8ebf508eb,
Billed Duration for Request 74ddceb4-bc1d-4484-84f4-46c8ebf508eb: 94 ms
Input: 1050000,
Cold Start: false
Unique ID: 1b77769f-e79a-4cb3-b1a9-e65656804997,
Billed Duration for Request 1b77769f-e79a-4cb3-b1a9-e65656804997: 107 ms
Input: 1050000,
Cold Start: false
Unique ID: ae9cd8fa-76cb-416f-8d28-3acbab5678c7,
Billed Duration for Request ae9cd8fa-76cb-416f-8d28-3acbab5678c7: 129 ms
Input: 1050000,
Cold Start: false
Unique ID: c1d53a22-cbb7-46db-a52f-577c00ddfa0e,
Billed Duration for Request c1d53a22-cbb7-46db-a52f-577c00ddfa0e: 91 ms
Input: 1050000,
Cold Start: false
Unique ID: d7582291-edeb-4b49-9803-740b424074c7,
Billed Duration for Request d7582291-edeb-4b49-9803-740b424074c7: 107 ms
Input: 1050000,
Cold Start: false
Unique ID: f97a4690-8b9f-4201-bd62-fb6285f31d37,
Billed Duration for Request f97a4690-8b9f-4201-bd62-fb6285f31d37: 107 ms
Input: 1050000,
Cold Start: false
Unique ID: 421165d2-dded-411f-8406-e7bbadacb031,
Billed Duration for Request 421165d2-dded-411f-8406-e7bbadacb031: 109 ms
Input: 1050000,
Cold Start: false
Unique ID: ece91147-c68e-4e35-a277-e5ff41298797,
Billed Duration for Request ece91147-c68e-4e35-a277-e5ff41298797: 107 ms
Input: 1050000,
Cold Start: false
Unique ID: 1f775b67-75f6-4574-b019-dfde7d1a82fc,
Billed Duration for Request 1f775b67-75f6-4574-b019-dfde7d1a82fc: 95 ms
Input: 1050000,
Cold Start: false
Unique ID: dcf2a67a-9709-4931-9c4c-01c2a76e9ab8,
Billed Duration for Request dcf2a67a-9709-4931-9c4c-01c2a76e9ab8: 95 ms
Input: 1050000,
Cold Start: false
Unique ID: c8100ec0-7aeb-4993-b724-00915abd484b,
Billed Duration for Request c8100ec0-7aeb-4993-b724-00915abd484b: 95 ms
Input: 1050000,
Cold Start: false
Unique ID: 23f721e7-1851-4331-84cb-441dfab3a66e,
Billed Duration for Request 23f721e7-1851-4331-84cb-441dfab3a66e: 109 ms
Input: 1050000,
Cold Start: false
Unique ID: a96dca49-bec7-40c3-bc78-6683f77bae1a,
Billed Duration for Request a96dca49-bec7-40c3-bc78-6683f77bae1a: 95 ms
Input: 1050000,
Cold Start: false
Unique ID: 3e32cfb6-171d-41f2-bf34-a79bc4d7f7b9,
Billed Duration for Request 3e32cfb6-171d-41f2-bf34-a79bc4d7f7b9: 94 ms
Input: 1050000,
Cold Start: false
Unique ID: 9694db9a-89e1-4a8c-aa79-b87c57cba857,
Billed Duration for Request 9694db9a-89e1-4a8c-aa79-b87c57cba857: 95 ms
Input: 1050000,
Cold Start: false
Unique ID: 7b883815-ef91-45b2-825b-72ad3491cda1,
Billed Duration for Request 7b883815-ef91-45b2-825b-72ad3491cda1: 103 ms
Input: 1050000,
Cold Start: false
Unique ID: 14a8908b-9aed-4e98-a464-e3f960e507b5,
Billed Duration for Request 14a8908b-9aed-4e98-a464-e3f960e507b5: 95 ms
Input: 1050000,
Cold Start: false
Unique ID: df24fb5d-a165-4248-8a2d-2fa38ddbd54a,
Billed Duration for Request df24fb5d-a165-4248-8a2d-2fa38ddbd54a: 95 ms
Input: 1050000,
Cold Start: false
Unique ID: 68c74c02-7993-409d-8873-996a977483a5,
Billed Duration for Request 68c74c02-7993-409d-8873-996a977483a5: 95 ms
Input: 1050000,
Cold Start: false
Unique ID: 253ad67e-8531-4aa2-848b-67061b4cc121,
Billed Duration for Request 253ad67e-8531-4aa2-848b-67061b4cc121: 95 ms
Input: 1050000,
Cold Start: false
Unique ID: 93614042-7085-4198-bbc4-71c6ecf7a70f,
Billed Duration for Request 93614042-7085-4198-bbc4-71c6ecf7a70f: 95 ms
Input: 1050000,
Cold Start: false
Unique ID: 6cb56be7-9ec2-44ee-b4a8-36bd5af1bd50,
Billed Duration for Request 6cb56be7-9ec2-44ee-b4a8-36bd5af1bd50: 104 ms
Input: 1050000,
Cold Start: false
Unique ID: 7d9ddc15-c47d-44f5-b741-90ca17952b84,
Billed Duration for Request 7d9ddc15-c47d-44f5-b741-90ca17952b84: 95 ms
Input: 1050000,
Cold Start: false
Unique ID: 97ec7d5e-1baa-4341-8d40-cd7a947f64ec,
Billed Duration for Request 97ec7d5e-1baa-4341-8d40-cd7a947f64ec: 95 ms
Input: 1050000,
Cold Start: false
Unique ID: b9775cd9-a1f2-4011-a104-9777ca0af3b8,
Billed Duration for Request b9775cd9-a1f2-4011-a104-9777ca0af3b8: 95 ms
Input: 1050000,
Cold Start: false
Unique ID: 637bc419-46a8-4592-a355-bd1dbc612cc2,
Billed Duration for Request 637bc419-46a8-4592-a355-bd1dbc612cc2: 107 ms
Input: 1050000,
Cold Start: false
Unique ID: 21140e6f-98e7-4302-8f4b-c251ec98abe4,
Billed Duration for Request 21140e6f-98e7-4302-8f4b-c251ec98abe4: 95 ms
Input: 1050000,
Cold Start: false
Unique ID: bafa91e2-e8a6-47c3-8cd0-64ef39080faf,
Billed Duration for Request bafa91e2-e8a6-47c3-8cd0-64ef39080faf: 103 ms
Input: 1050000,
Cold Start: false
Unique ID: 2bc27f95-4d18-4b33-98f1-c4fde084076f,
Billed Duration for Request 2bc27f95-4d18-4b33-98f1-c4fde084076f: 95 ms
Input: 1050000,
Cold Start: false
Unique ID: 63d64d61-54c3-4814-b33d-7e299283e2ce,
Billed Duration for Request 63d64d61-54c3-4814-b33d-7e299283e2ce: 96 ms
Input: 1050000,
Cold Start: false
Unique ID: 3b096816-b5c1-41c3-ad9c-4aa053955fc5,
Billed Duration for Request 3b096816-b5c1-41c3-ad9c-4aa053955fc5: 95 ms
Input: 1050000,
Cold Start: false
Unique ID: 4604e39c-24fb-480d-92e3-1e0e0aa06709,
Billed Duration for Request 4604e39c-24fb-480d-92e3-1e0e0aa06709: 95 ms
Input: 1050000,
Cold Start: false
Unique ID: f0450da8-6308-4edb-84d3-f49f28eb956e,
Billed Duration for Request f0450da8-6308-4edb-84d3-f49f28eb956e: 92 ms
Input: 1050000,
Cold Start: false
Unique ID: a608a006-7871-4825-873e-9230661adbd7,
Billed Duration for Request a608a006-7871-4825-873e-9230661adbd7: 107 ms
Input: 1050000,
Cold Start: false
Unique ID: 350c13c5-9abf-4076-8e54-7b69f33a9520,
Billed Duration for Request 350c13c5-9abf-4076-8e54-7b69f33a9520: 95 ms
Input: 1050000,
Cold Start: false
Unique ID: df0ab00d-d3d9-407c-9550-7f39ceefcfa6,
Billed Duration for Request df0ab00d-d3d9-407c-9550-7f39ceefcfa6: 107 ms
Input: 1050000,
Cold Start: false
Unique ID: 3c588deb-6d61-48c1-bd59-992ee796d614,
Billed Duration for Request 3c588deb-6d61-48c1-bd59-992ee796d614: 95 ms
Input: 1050000,
Cold Start: false
Unique ID: 5db18f2d-b2e5-4fe5-a578-8a79d194910a,
Billed Duration for Request 5db18f2d-b2e5-4fe5-a578-8a79d194910a: 95 ms
Input: 1050000,
Cold Start: false
Unique ID: f67a5131-7edb-46c5-b7df-9903a91e4797,
Billed Duration for Request f67a5131-7edb-46c5-b7df-9903a91e4797: 95 ms
Input: 1050000,
Cold Start: false
Unique ID: a722b6f3-36b2-485d-ad3d-f85042398f78,
Billed Duration for Request a722b6f3-36b2-485d-ad3d-f85042398f78: 99 ms
Input: 1050000,
Cold Start: false
Unique ID: 3a303c6c-b2a8-4827-8d7d-107fe286fa12,
Billed Duration for Request 3a303c6c-b2a8-4827-8d7d-107fe286fa12: 95 ms
Input: 1050000,
Cold Start: false
Unique ID: 06f36c70-d25e-4e3f-8313-cfe0308f3ee3,
Billed Duration for Request 06f36c70-d25e-4e3f-8313-cfe0308f3ee3: 94 ms
Input: 1050000,
Cold Start: false
Unique ID: fb455066-9112-4b0d-84ef-63cf806263ae,
Billed Duration for Request fb455066-9112-4b0d-84ef-63cf806263ae: 94 ms
Input: 1050000,
Cold Start: false
Unique ID: a17be5a1-faf0-43df-b43f-20783fb85b99,
Billed Duration for Request a17be5a1-faf0-43df-b43f-20783fb85b99: 94 ms
Input: 1050000,
Cold Start: false
Unique ID: dc8a664f-dd96-43ba-bc51-86a87e9bdf85,
Billed Duration for Request dc8a664f-dd96-43ba-bc51-86a87e9bdf85: 90 ms
Input: 1050000,
Cold Start: false
Unique ID: 6d063a8b-d559-4cf9-9245-a25031e7b36c,
Billed Duration for Request 6d063a8b-d559-4cf9-9245-a25031e7b36c: 107 ms
Input: 1050000,
Cold Start: false
Unique ID: 0970e7d7-eb15-4258-a331-d14a10933f87,
Billed Duration for Request 0970e7d7-eb15-4258-a331-d14a10933f87: 102 ms
Input: 1050000,
Cold Start: false
Unique ID: 99eaf582-dc7b-4407-9f3f-465c2d1f0941,
Billed Duration for Request 99eaf582-dc7b-4407-9f3f-465c2d1f0941: 94 ms
Input: 1050000,
Cold Start: false
Unique ID: 4257b132-db3d-4975-b207-c1e7886f0766,
Billed Duration for Request 4257b132-db3d-4975-b207-c1e7886f0766: 94 ms
Input: 1050000,
Cold Start: false
Unique ID: 53a7fbbd-6ec7-4395-a831-e4af85f3e4d6,
Billed Duration for Request 53a7fbbd-6ec7-4395-a831-e4af85f3e4d6: 95 ms
Input: 1050000,
Cold Start: false
Unique ID: 540fb75d-3a04-45c6-9c94-482bcf1565fd,
Billed Duration for Request 540fb75d-3a04-45c6-9c94-482bcf1565fd: 98 ms
Input: 1050000,
Cold Start: false
Unique ID: 245aeb41-bf58-4b91-8871-6ab247d2cd42,
Billed Duration for Request 245aeb41-bf58-4b91-8871-6ab247d2cd42: 98 ms
Input: 1050000,
Cold Start: false
Unique ID: e511dbe0-5e0b-4ce2-8c75-1581a6cea44e,
Billed Duration for Request e511dbe0-5e0b-4ce2-8c75-1581a6cea44e: 112 ms
Input: 1050000,
Cold Start: false
Unique ID: 17dfe995-0b3e-4a41-beba-5a55b1a665d5,
Billed Duration for Request 17dfe995-0b3e-4a41-beba-5a55b1a665d5: 91 ms
Input: 1050000,
Cold Start: false
Unique ID: 22560299-855c-41c3-a5b6-98cf296c44bc,
Billed Duration for Request 22560299-855c-41c3-a5b6-98cf296c44bc: 103 ms
Input: 1050000,
Cold Start: false
Unique ID: c2ff79b9-0459-4a29-b7f5-214b1f385d1e,
Billed Duration for Request c2ff79b9-0459-4a29-b7f5-214b1f385d1e: 103 ms
Input: 1050000,
Cold Start: false
Unique ID: f31b5ec8-70ee-4838-89f7-bdf2b48bbd18,
Billed Duration for Request f31b5ec8-70ee-4838-89f7-bdf2b48bbd18: 91 ms
Input: 1050000,
Cold Start: false
Unique ID: 08a5cbed-948b-487e-bd9e-7e820eac6970,
Billed Duration for Request 08a5cbed-948b-487e-bd9e-7e820eac6970: 105 ms
Input: 1050000,
Cold Start: false
Unique ID: e74ea474-019b-45cb-b5b0-3a50a1cd70b4,
Billed Duration for Request e74ea474-019b-45cb-b5b0-3a50a1cd70b4: 95 ms
Input: 1050000,
Cold Start: false
Unique ID: cf8834eb-ef41-4ace-9320-4b1aae70d6a2,
Billed Duration for Request cf8834eb-ef41-4ace-9320-4b1aae70d6a2: 109 ms
Input: 1050000,
Cold Start: false
Unique ID: 5f009b38-07be-429c-8b2a-32305337c14c,
Billed Duration for Request 5f009b38-07be-429c-8b2a-32305337c14c: 107 ms
Input: 1050000,
Cold Start: false
Unique ID: da981cad-179f-4b0c-a97f-43db33f4058a,
Billed Duration for Request da981cad-179f-4b0c-a97f-43db33f4058a: 107 ms
Input: 1050000,
Cold Start: false
Unique ID: 525ee824-c588-4059-8e04-5e751e003d85,
Billed Duration for Request 525ee824-c588-4059-8e04-5e751e003d85: 95 ms
Input: 1050000,
Cold Start: false
Unique ID: b3c4030f-6ae5-4d33-984e-e3c15e8c1d1f,
Billed Duration for Request b3c4030f-6ae5-4d33-984e-e3c15e8c1d1f: 95 ms
Input: 1050000,
Cold Start: false
Unique ID: 3f659ad3-5e06-4ff1-b38a-c8fec9c3c4d5,
Billed Duration for Request 3f659ad3-5e06-4ff1-b38a-c8fec9c3c4d5: 95 ms
Input: 1050000,
Cold Start: false
Unique ID: 5c5705c6-2782-4976-ad0f-ce09bd6a3a86,
Billed Duration for Request 5c5705c6-2782-4976-ad0f-ce09bd6a3a86: 113 ms
Input: 1050000,
Cold Start: false
Unique ID: d8175e35-04b4-4cdb-8fee-730d1cb0a197,
Billed Duration for Request d8175e35-04b4-4cdb-8fee-730d1cb0a197: 107 ms
Input: 1050000,
Cold Start: false
Unique ID: b2173746-10d8-46c0-8e29-69f9c884f082,
Billed Duration for Request b2173746-10d8-46c0-8e29-69f9c884f082: 95 ms
Input: 1050000,
Cold Start: false
Unique ID: ac533866-f60f-408c-824d-8aa802e23760,
Billed Duration for Request ac533866-f60f-408c-824d-8aa802e23760: 95 ms
Input: 1050000,
Cold Start: false
Unique ID: 955045b5-3cfd-4564-9a7a-7b08eff73694,
Billed Duration for Request 955045b5-3cfd-4564-9a7a-7b08eff73694: 95 ms
Input: 1050000,
Cold Start: false
Unique ID: d6a168da-77ea-4d7c-9c5f-22d98564a7a5,
Billed Duration for Request d6a168da-77ea-4d7c-9c5f-22d98564a7a5: 95 ms
Input: 1050000,
Cold Start: false
Unique ID: 1ceb2cd2-330e-46ee-af69-2540a2fa74dd,
Billed Duration for Request 1ceb2cd2-330e-46ee-af69-2540a2fa74dd: 95 ms
Input: 1050000,
Cold Start: false
Unique ID: 20173d4e-dfb4-4f73-a5dc-c8f0a0c98b81,
Billed Duration for Request 20173d4e-dfb4-4f73-a5dc-c8f0a0c98b81: 95 ms
Input: 1050000,
Cold Start: false
Unique ID: f0b6e46a-ea09-4db5-a984-1e9152c3360e,
Billed Duration for Request f0b6e46a-ea09-4db5-a984-1e9152c3360e: 95 ms
Input: 1050000,
Cold Start: false
Unique ID: d08e25d6-107d-4123-9b80-7641b51df84f,
Billed Duration for Request d08e25d6-107d-4123-9b80-7641b51df84f: 95 ms
Input: 1050000,
Cold Start: false
Unique ID: 202cd4c0-501c-43c0-83fa-8144d216119b,
Billed Duration for Request 202cd4c0-501c-43c0-83fa-8144d216119b: 95 ms
Input: 1050000,
Cold Start: false
Unique ID: ea2b9f25-9150-421f-909a-2168aebd694c,
Billed Duration for Request ea2b9f25-9150-421f-909a-2168aebd694c: 94 ms
Input: 1050000,
Cold Start: false
Unique ID: 96c358b4-58f0-4374-b7e4-1e7a23dba7ec,
Billed Duration for Request 96c358b4-58f0-4374-b7e4-1e7a23dba7ec: 94 ms
Input: 1050000,
Cold Start: false
Unique ID: 57304f2c-e182-49e1-bf01-d1f402383e92,
Billed Duration for Request 57304f2c-e182-49e1-bf01-d1f402383e92: 108 ms
Input: 1050000,
Cold Start: false
Unique ID: 578c10eb-2a1a-4737-a715-0acfa1a2283e,
Billed Duration for Request 578c10eb-2a1a-4737-a715-0acfa1a2283e: 107 ms
Input: 1050000,
Cold Start: false
Unique ID: 07f509b5-8516-4514-b5da-46b32543ed6b,
Billed Duration for Request 07f509b5-8516-4514-b5da-46b32543ed6b: 103 ms
Input: 1050000,
Cold Start: false
Unique ID: 3bfae47a-f255-493b-9db8-e00d07f535b7,
Billed Duration for Request 3bfae47a-f255-493b-9db8-e00d07f535b7: 95 ms
Input: 1050000,
Cold Start: false
Unique ID: b316517f-3d8d-45b9-8c62-d66d1374e423,
Billed Duration for Request b316517f-3d8d-45b9-8c62-d66d1374e423: 99 ms
Input: 1050000,
Cold Start: false
Unique ID: a2292c4e-a8ca-4bcf-aa3c-68a6f681b800,
Billed Duration for Request a2292c4e-a8ca-4bcf-aa3c-68a6f681b800: 99 ms
Input: 1050000,
Cold Start: false
Unique ID: 513fc69f-cf1b-43e4-a705-136521d8aaa1,
Billed Duration for Request 513fc69f-cf1b-43e4-a705-136521d8aaa1: 95 ms
Input: 1050000,
Cold Start: false
Unique ID: 01d9b312-e6ef-4d6f-af93-cb25aa7f3486,
Billed Duration for Request 01d9b312-e6ef-4d6f-af93-cb25aa7f3486: 95 ms
Input: 1050000,
Cold Start: false
Unique ID: 74fb9075-dfb0-4f31-9aa1-5065573d9324,
Billed Duration for Request 74fb9075-dfb0-4f31-9aa1-5065573d9324: 94 ms
Input: 1050000,
Cold Start: false
Unique ID: 9d3c0a03-3a2d-47e2-9f38-0a9fb0b1ed9f,
Billed Duration for Request 9d3c0a03-3a2d-47e2-9f38-0a9fb0b1ed9f: 95 ms
Input: 1050000,
Cold Start: false
Unique ID: e7715e8c-5c6d-44dc-b079-d294a108091c,
Billed Duration for Request e7715e8c-5c6d-44dc-b079-d294a108091c: 95 ms
Input: 1050000,
Cold Start: false
Unique ID: 91e3795f-0e26-4cf9-8dac-88f67da989b0,
Billed Duration for Request 91e3795f-0e26-4cf9-8dac-88f67da989b0: 94 ms
Input: 1050000,
Cold Start: false
Unique ID: 80795ccb-7cf9-40c6-b5a1-a968b224d12e,
Billed Duration for Request 80795ccb-7cf9-40c6-b5a1-a968b224d12e: 91 ms
Input: 1050000,
Cold Start: false
Unique ID: 319cdfc9-932d-4b8e-8edb-0ae34c19a943,
Billed Duration for Request 319cdfc9-932d-4b8e-8edb-0ae34c19a943: 95 ms
Input: 1050000,
Cold Start: false
Unique ID: fda91bb4-b9af-4460-8bc9-d578cfccde1f,
Billed Duration for Request fda91bb4-b9af-4460-8bc9-d578cfccde1f: 95 ms
Input: 1050000,
Cold Start: false
Unique ID: a85a9e28-6059-436f-adfb-442e5df21f4c,
Billed Duration for Request a85a9e28-6059-436f-adfb-442e5df21f4c: 94 ms
Input: 1050000,
Cold Start: false
Unique ID: 6c7b26b4-1900-4f02-9156-131d1d10a37c,
Billed Duration for Request 6c7b26b4-1900-4f02-9156-131d1d10a37c: 90 ms
Input: 1050000,
Cold Start: false
Unique ID: 8e27068e-e4e2-42c0-9928-1eb4bd3ed4ad,
Billed Duration for Request 8e27068e-e4e2-42c0-9928-1eb4bd3ed4ad: 94 ms
Input: 1050000,
Cold Start: false
Unique ID: 117397e6-337f-4821-b4b7-e8f4b41f63d7,
Billed Duration for Request 117397e6-337f-4821-b4b7-e8f4b41f63d7: 94 ms
Input: 1050000,
Cold Start: false
Unique ID: 3fdb7a50-0b44-4f31-9ecb-ca5f15fd3049,
Billed Duration for Request 3fdb7a50-0b44-4f31-9ecb-ca5f15fd3049: 94 ms
Input: 1050000,
Cold Start: false
Unique ID: d1b8ab2e-132b-4acb-b7be-d0390ae26830,
Billed Duration for Request d1b8ab2e-132b-4acb-b7be-d0390ae26830: 107 ms
Input: 1050000,
Cold Start: false
Unique ID: 6ba34d3c-adac-417d-b455-038d8385d7a6,
Billed Duration for Request 6ba34d3c-adac-417d-b455-038d8385d7a6: 108 ms
Input: 1050000,
Cold Start: false
Unique ID: d5a15d8e-604f-44f7-8796-806c65cdfafa,
Billed Duration for Request d5a15d8e-604f-44f7-8796-806c65cdfafa: 94 ms
Input: 1050000,
Cold Start: false
Unique ID: c03ee0e0-9f79-4fe3-a094-a19a661bb485,
Billed Duration for Request c03ee0e0-9f79-4fe3-a094-a19a661bb485: 94 ms
Input: 1050000,
Cold Start: false
Unique ID: 3f695de3-5bbe-4a90-af00-1692c23434ad,
Billed Duration for Request 3f695de3-5bbe-4a90-af00-1692c23434ad: 125 ms
Input: 1050000,
Cold Start: false
Unique ID: 88d8b5d8-1606-450a-8efa-76453b82a5c8,
Billed Duration for Request 88d8b5d8-1606-450a-8efa-76453b82a5c8: 103 ms
Input: 1050000,
Cold Start: false
Unique ID: a8ddfc34-b01e-4f98-b965-8fa276527932,
Billed Duration for Request a8ddfc34-b01e-4f98-b965-8fa276527932: 99 ms
Input: 1050000,
Cold Start: false
Unique ID: 2eb8a9bf-f6ea-42dd-83e8-0fdd6c9244b1,
Billed Duration for Request 2eb8a9bf-f6ea-42dd-83e8-0fdd6c9244b1: 103 ms
Input: 1050000,
Cold Start: false
Unique ID: 6ea6a7a9-0e07-43e3-bdae-371121b9515f,
Billed Duration for Request 6ea6a7a9-0e07-43e3-bdae-371121b9515f: 104 ms
Input: 1050000,
Cold Start: false
Unique ID: 51474c12-4276-4291-b1bd-6041db3ea49a,
Billed Duration for Request 51474c12-4276-4291-b1bd-6041db3ea49a: 103 ms
Input: 1050000,
Cold Start: false
Unique ID: 3a43e76f-b75b-4efe-b57d-a19f76c1ab95,
Billed Duration for Request 3a43e76f-b75b-4efe-b57d-a19f76c1ab95: 103 ms
Input: 1050000,
Cold Start: false
Unique ID: b533fecb-07e8-4661-89a4-f051b93884f1,
Billed Duration for Request b533fecb-07e8-4661-89a4-f051b93884f1: 99 ms
Input: 1050000,
Cold Start: false
Unique ID: 4f69d06c-f105-4b18-97ec-6c3582cd5bc8,
Billed Duration for Request 4f69d06c-f105-4b18-97ec-6c3582cd5bc8: 103 ms
Input: 1050000,
Cold Start: false
Unique ID: 3c992b06-a1a9-47de-badc-12b1e4635f46,
Billed Duration for Request 3c992b06-a1a9-47de-badc-12b1e4635f46: 100 ms
Input: 1050000,
Cold Start: false
Unique ID: d742a7ad-0035-4d25-b871-c7e90d1ab901,
Billed Duration for Request d742a7ad-0035-4d25-b871-c7e90d1ab901: 95 ms
Input: 1050000,
Cold Start: false
Unique ID: 033db450-801a-4829-97d4-59f1d30459ef,
Billed Duration for Request 033db450-801a-4829-97d4-59f1d30459ef: 107 ms
Input: 1050000,
Cold Start: false
Unique ID: a62d5074-dd10-44ab-85e0-2ce130261983,
Billed Duration for Request a62d5074-dd10-44ab-85e0-2ce130261983: 109 ms
Input: 1050000,
Cold Start: false
Unique ID: 14b549be-cc3b-4409-a50b-6825cfa621ec,
Billed Duration for Request 14b549be-cc3b-4409-a50b-6825cfa621ec: 103 ms
Input: 1050000,
Cold Start: false
Unique ID: 88b74d1d-7ec2-4ce1-bb27-657a46177832,
Billed Duration for Request 88b74d1d-7ec2-4ce1-bb27-657a46177832: 91 ms
Input: 1050000,
Cold Start: false
Unique ID: b698ef08-c8ea-4ea1-9a2f-cd1c749eb44c,
Billed Duration for Request b698ef08-c8ea-4ea1-9a2f-cd1c749eb44c: 107 ms
Input: 1050000,
Cold Start: false
Unique ID: 918b36a4-4cf5-45fb-9b0d-0bb4e672eb4f,
Billed Duration for Request 918b36a4-4cf5-45fb-9b0d-0bb4e672eb4f: 103 ms
Input: 1050000,
Cold Start: false
Unique ID: 5b0525ae-50b1-4604-b9f1-cae1cac0d99d,
Billed Duration for Request 5b0525ae-50b1-4604-b9f1-cae1cac0d99d: 107 ms
Input: 1050000,
Cold Start: false
Unique ID: 21e88738-b499-4713-a80d-adf9a5505114,
Billed Duration for Request 21e88738-b499-4713-a80d-adf9a5505114: 108 ms
Input: 1050000,
Cold Start: false
Unique ID: 633ec001-3fdd-496c-8661-9f7c5f383ab8,
Billed Duration for Request 633ec001-3fdd-496c-8661-9f7c5f383ab8: 103 ms
Input: 1050000,
Cold Start: false
Unique ID: fe7075f6-3674-400a-88a1-c231c9267e4d,
Billed Duration for Request fe7075f6-3674-400a-88a1-c231c9267e4d: 95 ms
Input: 1050000,
Cold Start: false
Unique ID: 72ce7bab-d0d4-456b-9593-142937d324b9,
Billed Duration for Request 72ce7bab-d0d4-456b-9593-142937d324b9: 107 ms
Input: 1050000,
Cold Start: false
Unique ID: 5cecbe65-31c1-4633-9aa7-836fa0d91dce,
Billed Duration for Request 5cecbe65-31c1-4633-9aa7-836fa0d91dce: 95 ms
Input: 1050000,
Cold Start: false
Unique ID: 871cfd52-775b-4601-b136-5dd21d85dc44,
Billed Duration for Request 871cfd52-775b-4601-b136-5dd21d85dc44: 107 ms
Input: 1050000,
Cold Start: false
Unique ID: d74e77d0-64c9-4615-b64c-2f1807b093a6,
Billed Duration for Request d74e77d0-64c9-4615-b64c-2f1807b093a6: 105 ms
Input: 1050000,
Cold Start: false
Unique ID: 69a91c03-5119-41b9-b5ad-a2d70b670560,
Billed Duration for Request 69a91c03-5119-41b9-b5ad-a2d70b670560: 91 ms
Input: 1050000,
Cold Start: false
Unique ID: 2324c92b-de8f-4b87-b6ea-b461caf0e312,
Billed Duration for Request 2324c92b-de8f-4b87-b6ea-b461caf0e312: 107 ms
Input: 1050000,
Cold Start: false
Unique ID: 002fe97d-0456-4d28-8253-6c72a33edaaf,
Billed Duration for Request 002fe97d-0456-4d28-8253-6c72a33edaaf: 107 ms
Input: 1050000,
Cold Start: false
Unique ID: b67559db-2c80-42c5-a2aa-059a524fa7d2,
Billed Duration for Request b67559db-2c80-42c5-a2aa-059a524fa7d2: 103 ms
Input: 1050000,
Cold Start: false
Unique ID: e1715b9e-0f85-4d33-8002-948bcde0891e,
Billed Duration for Request e1715b9e-0f85-4d33-8002-948bcde0891e: 103 ms
Input: 1050000,
Cold Start: false
Unique ID: 72bc6849-3399-4448-81e2-4d26f562c8f4,
Billed Duration for Request 72bc6849-3399-4448-81e2-4d26f562c8f4: 107 ms
Input: 1050000,
Cold Start: false
Unique ID: 787d997c-3ba5-4b99-ac71-aabf6248be8c,
Billed Duration for Request 787d997c-3ba5-4b99-ac71-aabf6248be8c: 108 ms
Input: 1050000,
Cold Start: false
Unique ID: 6901604b-1974-4de9-94eb-e57bb6843724,
Billed Duration for Request 6901604b-1974-4de9-94eb-e57bb6843724: 107 ms
Input: 1050000,
Cold Start: false
Unique ID: e0bf5d8d-fdfc-4961-bf01-113a7ad666a4,
Billed Duration for Request e0bf5d8d-fdfc-4961-bf01-113a7ad666a4: 107 ms
Input: 1050000,
Cold Start: false
Unique ID: 79b1fc41-ed2a-4651-a4a5-6a24410ac5c5,
Billed Duration for Request 79b1fc41-ed2a-4651-a4a5-6a24410ac5c5: 107 ms
Input: 1050000,
Cold Start: false
Unique ID: 862ea07b-7745-47db-af02-8fa5727bb196,
Billed Duration for Request 862ea07b-7745-47db-af02-8fa5727bb196: 91 ms
Input: 1050000,
Cold Start: false
Unique ID: c75a65f3-2ee5-4b27-85bb-973110556e98,
Billed Duration for Request c75a65f3-2ee5-4b27-85bb-973110556e98: 103 ms
Input: 1050000,
Cold Start: false
Unique ID: 93816804-8f8e-484f-bc9b-5c31b09e503e,
Billed Duration for Request 93816804-8f8e-484f-bc9b-5c31b09e503e: 107 ms
Input: 1050000,
Cold Start: false
Unique ID: 50aa50c3-1f8f-4b6c-a714-3ece9ed4ccc0,
Billed Duration for Request 50aa50c3-1f8f-4b6c-a714-3ece9ed4ccc0: 93 ms
Input: 1050000,
Cold Start: false
Unique ID: 63fd55a0-af6b-4883-a4c7-42831094a880,
Billed Duration for Request 63fd55a0-af6b-4883-a4c7-42831094a880: 107 ms
Input: 1050000,
Cold Start: false
Unique ID: 30c00f22-c2d6-4dd8-b7a8-99e66defecca,
Billed Duration for Request 30c00f22-c2d6-4dd8-b7a8-99e66defecca: 105 ms
Input: 1050000,
Cold Start: false
Unique ID: d9c3d46a-230f-4433-a983-857976a1245d,
Billed Duration for Request d9c3d46a-230f-4433-a983-857976a1245d: 105 ms
Input: 1050000,
Cold Start: false
Unique ID: d29f4496-bf11-4198-968a-bf4432fdad5a,
Billed Duration for Request d29f4496-bf11-4198-968a-bf4432fdad5a: 107 ms
Input: 1050000,
Cold Start: false
Unique ID: 81269cd1-1bcb-4c4a-a78b-47e7a568a779,
Billed Duration for Request 81269cd1-1bcb-4c4a-a78b-47e7a568a779: 91 ms
Input: 1050000,
Cold Start: false
Unique ID: 5e3e734c-b8ce-402b-b455-2fa17e985462,
Billed Duration for Request 5e3e734c-b8ce-402b-b455-2fa17e985462: 106 ms
Input: 1050000,
Cold Start: false
Unique ID: bec2e39c-e642-440d-aa02-60da5c7c349e,
Billed Duration for Request bec2e39c-e642-440d-aa02-60da5c7c349e: 91 ms
Input: 1050000,
Cold Start: false
Unique ID: 553b58f0-e7c0-4329-b441-02876e4ade8a,
Billed Duration for Request 553b58f0-e7c0-4329-b441-02876e4ade8a: 90 ms
Input: 1050000,
Cold Start: false
Unique ID: 42a02c84-b471-4c0e-a6f2-d383afecb892,
Billed Duration for Request 42a02c84-b471-4c0e-a6f2-d383afecb892: 90 ms
Input: 1050000,
Cold Start: false
Unique ID: 2fd7687c-c06a-4732-9f38-dbfbbfac4899,
Billed Duration for Request 2fd7687c-c06a-4732-9f38-dbfbbfac4899: 106 ms
Input: 1050000,
Cold Start: false
Unique ID: 5b46a129-6e79-403e-a964-f8ac2f745020,
Billed Duration for Request 5b46a129-6e79-403e-a964-f8ac2f745020: 90 ms
Input: 1050000,
Cold Start: false
