Unique ID: a7fa1189-118a-49e8-b4d2-2c42935fbabe,
Billed Duration for Request a7fa1189-118a-49e8-b4d2-2c42935fbabe: 102 ms
Input: 1000000,
Cold Start: false
Unique ID: 3899f343-73c7-4c0f-90b4-b2247e2f7f08,
Billed Duration for Request 3899f343-73c7-4c0f-90b4-b2247e2f7f08: 93 ms
Input: 1000000,
Cold Start: false
Unique ID: 60ead9ee-2740-4dc9-a99c-adbb023948ba,
Billed Duration for Request 60ead9ee-2740-4dc9-a99c-adbb023948ba: 102 ms
Input: 1000000,
Cold Start: false
Unique ID: 59c0dac1-52d6-4c27-bbe8-695bc57dd707,
Billed Duration for Request 59c0dac1-52d6-4c27-bbe8-695bc57dd707: 102 ms
Input: 1000000,
Cold Start: false
Unique ID: 9e3e909c-e42e-48f6-8699-c819f3d3413d,
Billed Duration for Request 9e3e909c-e42e-48f6-8699-c819f3d3413d: 102 ms
Input: 1000000,
Cold Start: false
Unique ID: bcde3966-dc8c-4233-abeb-5ec5a15010bf,
Billed Duration for Request bcde3966-dc8c-4233-abeb-5ec5a15010bf: 86 ms
Input: 1000000,
Cold Start: false
Unique ID: 2854660f-7253-482a-9aaf-0fdfd6f0c481,
Billed Duration for Request 2854660f-7253-482a-9aaf-0fdfd6f0c481: 103 ms
Input: 1000000,
Cold Start: false
Unique ID: 50d2ebfa-5032-44ff-b876-ff4b297aa247,
Billed Duration for Request 50d2ebfa-5032-44ff-b876-ff4b297aa247: 102 ms
Input: 1000000,
Cold Start: false
Unique ID: 92beeffe-1ab2-4395-a0b5-7bcf3e446e64,
Billed Duration for Request 92beeffe-1ab2-4395-a0b5-7bcf3e446e64: 101 ms
Input: 1000000,
Cold Start: false
Unique ID: fdf14db0-d7c9-4177-8886-e8f0d3b7b926,
Billed Duration for Request fdf14db0-d7c9-4177-8886-e8f0d3b7b926: 89 ms
Input: 1000000,
Cold Start: false
Unique ID: 9794e3da-0e34-41c5-8f99-7e163a324592,
Billed Duration for Request 9794e3da-0e34-41c5-8f99-7e163a324592: 89 ms
Input: 1000000,
Cold Start: false
Unique ID: d082021e-354b-4e0a-a066-d8a49dc18c13,
Billed Duration for Request d082021e-354b-4e0a-a066-d8a49dc18c13: 106 ms
Input: 1000000,
Cold Start: false
Unique ID: 5d54b80e-5a5e-4b20-aa69-401e83325652,
Billed Duration for Request 5d54b80e-5a5e-4b20-aa69-401e83325652: 101 ms
Input: 1000000,
Cold Start: false
Unique ID: 44cf164e-dd08-41ca-9723-68dec38baa3b,
Billed Duration for Request 44cf164e-dd08-41ca-9723-68dec38baa3b: 94 ms
Input: 1000000,
Cold Start: false
Unique ID: f77448a7-5b5e-4db9-80c8-44e3bf9bf4a5,
Billed Duration for Request f77448a7-5b5e-4db9-80c8-44e3bf9bf4a5: 93 ms
Input: 1000000,
Cold Start: false
Unique ID: cbef8ff4-fe2b-49fa-88e9-ca2188963898,
Billed Duration for Request cbef8ff4-fe2b-49fa-88e9-ca2188963898: 89 ms
Input: 1000000,
Cold Start: false
Unique ID: f60ac64c-c812-4279-8ef8-43b1d8aa0f6a,
Billed Duration for Request f60ac64c-c812-4279-8ef8-43b1d8aa0f6a: 105 ms
Input: 1000000,
Cold Start: false
Unique ID: 9bbd03d1-19a8-4f1e-81d5-1af32f8e66e1,
Billed Duration for Request 9bbd03d1-19a8-4f1e-81d5-1af32f8e66e1: 102 ms
Input: 1000000,
Cold Start: false
Unique ID: d5a02144-61f8-46ff-aac4-2eeba1ee4b40,
Billed Duration for Request d5a02144-61f8-46ff-aac4-2eeba1ee4b40: 97 ms
Input: 1000000,
Cold Start: false
Unique ID: f97205e4-4610-43e5-849b-446abc9b74f4,
Billed Duration for Request f97205e4-4610-43e5-849b-446abc9b74f4: 89 ms
Input: 1000000,
Cold Start: false
Unique ID: a1eb5d0f-e131-4b01-8f52-c2d9f3939ef4,
Billed Duration for Request a1eb5d0f-e131-4b01-8f52-c2d9f3939ef4: 89 ms
Input: 1000000,
Cold Start: false
Unique ID: 9e9bb35d-b11f-49a0-9e25-1854dadee6c8,
Billed Duration for Request 9e9bb35d-b11f-49a0-9e25-1854dadee6c8: 101 ms
Input: 1000000,
Cold Start: false
Unique ID: 5ef9d55c-8d75-4d04-b228-54dda40b4452,
Billed Duration for Request 5ef9d55c-8d75-4d04-b228-54dda40b4452: 102 ms
Input: 1000000,
Cold Start: false
Unique ID: db20a78f-b5d0-47f9-bac6-d1294ab82057,
Billed Duration for Request db20a78f-b5d0-47f9-bac6-d1294ab82057: 98 ms
Input: 1000000,
Cold Start: false
Unique ID: 24c0f93f-0291-40d1-8b41-14ebd8bc3f90,
Billed Duration for Request 24c0f93f-0291-40d1-8b41-14ebd8bc3f90: 101 ms
Input: 1000000,
Cold Start: false
Unique ID: 7fe9f0d9-66c5-48be-a53b-65df2fe987db,
Billed Duration for Request 7fe9f0d9-66c5-48be-a53b-65df2fe987db: 103 ms
Input: 1000000,
Cold Start: false
Unique ID: 0b859067-794c-4441-b311-27531f43284e,
Billed Duration for Request 0b859067-794c-4441-b311-27531f43284e: 88 ms
Input: 1000000,
Cold Start: false
Unique ID: b3facb1a-dfda-47d8-8a40-023ed3030b6b,
Billed Duration for Request b3facb1a-dfda-47d8-8a40-023ed3030b6b: 96 ms
Input: 1000000,
Cold Start: false
Unique ID: 84b47cc1-d681-4dde-adfe-9412c4a53aae,
Billed Duration for Request 84b47cc1-d681-4dde-adfe-9412c4a53aae: 88 ms
Input: 1000000,
Cold Start: false
Unique ID: dfa6ab44-efb7-4d4d-8869-95fecce85de9,
Billed Duration for Request dfa6ab44-efb7-4d4d-8869-95fecce85de9: 100 ms
Input: 1000000,
Cold Start: false
Unique ID: 4773926b-37b3-4c7f-80df-d989aca4f463,
Billed Duration for Request 4773926b-37b3-4c7f-80df-d989aca4f463: 102 ms
Input: 1000000,
Cold Start: false
Unique ID: 7fccfc89-f491-4467-8581-54524300443a,
Billed Duration for Request 7fccfc89-f491-4467-8581-54524300443a: 103 ms
Input: 1000000,
Cold Start: false
Unique ID: cdc965f3-0fb3-4f1c-b646-365424bd3e40,
Billed Duration for Request cdc965f3-0fb3-4f1c-b646-365424bd3e40: 106 ms
Input: 1000000,
Cold Start: false
Unique ID: 868c8ca4-3368-4f03-922a-dd5cf091f3a0,
Billed Duration for Request 868c8ca4-3368-4f03-922a-dd5cf091f3a0: 93 ms
Input: 1000000,
Cold Start: false
Unique ID: 3e5decc4-ef3a-4c9b-8048-acda21fc0143,
Billed Duration for Request 3e5decc4-ef3a-4c9b-8048-acda21fc0143: 101 ms
Input: 1000000,
Cold Start: false
Unique ID: 326927c8-a459-4018-a2d6-c9bf3b6939dc,
Billed Duration for Request 326927c8-a459-4018-a2d6-c9bf3b6939dc: 101 ms
Input: 1000000,
Cold Start: false
Unique ID: 61690752-347f-4883-9d80-91b62f17aecf,
Billed Duration for Request 61690752-347f-4883-9d80-91b62f17aecf: 89 ms
Input: 1000000,
Cold Start: false
Unique ID: c829b381-51d8-4e77-8a6e-e18076e08e01,
Billed Duration for Request c829b381-51d8-4e77-8a6e-e18076e08e01: 101 ms
Input: 1000000,
Cold Start: false
Unique ID: c2c3c5e2-7400-4445-af14-5d69085f1acb,
Billed Duration for Request c2c3c5e2-7400-4445-af14-5d69085f1acb: 89 ms
Input: 1000000,
Cold Start: false
Unique ID: 718bff1e-abe4-4e2a-a4aa-fa4b8272987d,
Billed Duration for Request 718bff1e-abe4-4e2a-a4aa-fa4b8272987d: 103 ms
Input: 1000000,
Cold Start: false
Unique ID: 3fc9a9fd-fbfb-436a-a67a-5eb1023cfdc8,
Billed Duration for Request 3fc9a9fd-fbfb-436a-a67a-5eb1023cfdc8: 102 ms
Input: 1000000,
Cold Start: false
Unique ID: c8e47889-4887-4741-97e7-e01b5c549ee1,
Billed Duration for Request c8e47889-4887-4741-97e7-e01b5c549ee1: 102 ms
Input: 1000000,
Cold Start: false
Unique ID: eb63fb9a-8741-4d21-a62b-24c1f446c0a9,
Billed Duration for Request eb63fb9a-8741-4d21-a62b-24c1f446c0a9: 101 ms
Input: 1000000,
Cold Start: false
Unique ID: 1669f975-b702-4b82-9a20-69ca8b700641,
Billed Duration for Request 1669f975-b702-4b82-9a20-69ca8b700641: 93 ms
Input: 1000000,
Cold Start: false
Unique ID: d2aac035-157a-4a13-85e0-84c971cba565,
Billed Duration for Request d2aac035-157a-4a13-85e0-84c971cba565: 102 ms
Input: 1000000,
Cold Start: false
Unique ID: 8c097d2a-cf2e-4c7d-886b-b1892c5b4d9a,
Billed Duration for Request 8c097d2a-cf2e-4c7d-886b-b1892c5b4d9a: 102 ms
Input: 1000000,
Cold Start: false
Unique ID: e392d479-ec95-4943-85f3-1a8b1db86c4c,
Billed Duration for Request e392d479-ec95-4943-85f3-1a8b1db86c4c: 89 ms
Input: 1000000,
Cold Start: false
Unique ID: 879e0011-5415-4782-ad9f-043770042487,
Billed Duration for Request 879e0011-5415-4782-ad9f-043770042487: 104 ms
Input: 1000000,
Cold Start: false
Unique ID: a1da79ff-fb61-43c0-b05a-812de86d5933,
Billed Duration for Request a1da79ff-fb61-43c0-b05a-812de86d5933: 97 ms
Input: 1000000,
Cold Start: false
Unique ID: bfa8acae-303f-43a5-a2bf-e00c41234625,
Billed Duration for Request bfa8acae-303f-43a5-a2bf-e00c41234625: 93 ms
Input: 1000000,
Cold Start: false
Unique ID: ffe4482f-4d1d-46d4-ac72-52fba5aaa2ac,
Billed Duration for Request ffe4482f-4d1d-46d4-ac72-52fba5aaa2ac: 118 ms
Input: 1000000,
Cold Start: false
Unique ID: f9beca49-e3d5-4026-a9e8-be14a2cb12c0,
Billed Duration for Request f9beca49-e3d5-4026-a9e8-be14a2cb12c0: 93 ms
Input: 1000000,
Cold Start: false
Unique ID: cca9195c-1263-4c03-8ab0-30496f38e4c2,
Billed Duration for Request cca9195c-1263-4c03-8ab0-30496f38e4c2: 89 ms
Input: 1000000,
Cold Start: false
Unique ID: 4ff07947-6c12-40e8-96bf-43e404687020,
Billed Duration for Request 4ff07947-6c12-40e8-96bf-43e404687020: 97 ms
Input: 1000000,
Cold Start: false
Unique ID: e108b849-744f-4931-9813-74b7052ffb94,
Billed Duration for Request e108b849-744f-4931-9813-74b7052ffb94: 106 ms
Input: 1000000,
Cold Start: false
Unique ID: 919f5395-0f00-493a-8400-64db27947621,
Billed Duration for Request 919f5395-0f00-493a-8400-64db27947621: 93 ms
Input: 1000000,
Cold Start: false
Unique ID: 42fa495c-8dad-4c50-a702-256d477f3705,
Billed Duration for Request 42fa495c-8dad-4c50-a702-256d477f3705: 106 ms
Input: 1000000,
Cold Start: false
Unique ID: 3d602514-89e2-419c-b63d-5c66f87af508,
Billed Duration for Request 3d602514-89e2-419c-b63d-5c66f87af508: 93 ms
Input: 1000000,
Cold Start: false
Unique ID: a81d64e7-51e7-4f59-bc49-d3232e8a11b9,
Billed Duration for Request a81d64e7-51e7-4f59-bc49-d3232e8a11b9: 93 ms
Input: 1000000,
Cold Start: false
Unique ID: 4083471a-42a4-4e97-aa06-bb44b789811a,
Billed Duration for Request 4083471a-42a4-4e97-aa06-bb44b789811a: 93 ms
Input: 1000000,
Cold Start: false
Unique ID: ba9243db-e948-4511-8bc2-a4a9bd20d142,
Billed Duration for Request ba9243db-e948-4511-8bc2-a4a9bd20d142: 96 ms
Input: 1000000,
Cold Start: false
Unique ID: 653e002c-9d85-4a44-b2fa-961e1bfae2fd,
Billed Duration for Request 653e002c-9d85-4a44-b2fa-961e1bfae2fd: 94 ms
Input: 1000000,
Cold Start: false
Unique ID: 7588bc11-85f0-4bce-a05b-768f340940a4,
Billed Duration for Request 7588bc11-85f0-4bce-a05b-768f340940a4: 96 ms
Input: 1000000,
Cold Start: false
Unique ID: 8a1f2694-8503-4418-b25b-018ce5820b58,
Billed Duration for Request 8a1f2694-8503-4418-b25b-018ce5820b58: 93 ms
Input: 1000000,
Cold Start: false
Unique ID: 2af74fca-de0b-49e3-a7e1-a5cccdfe73ba,
Billed Duration for Request 2af74fca-de0b-49e3-a7e1-a5cccdfe73ba: 93 ms
Input: 1000000,
Cold Start: false
Unique ID: d6e34b0f-1043-4c7f-826f-9de4028acb35,
Billed Duration for Request d6e34b0f-1043-4c7f-826f-9de4028acb35: 97 ms
Input: 1000000,
Cold Start: false
Unique ID: 9452edef-3f8c-4faf-b25e-b7559ce91a52,
Billed Duration for Request 9452edef-3f8c-4faf-b25e-b7559ce91a52: 93 ms
Input: 1000000,
Cold Start: false
Unique ID: f72b6140-1747-45c7-b7a1-7125cb755633,
Billed Duration for Request f72b6140-1747-45c7-b7a1-7125cb755633: 94 ms
Input: 1000000,
Cold Start: false
Unique ID: af66649b-0dae-45e5-8d07-4e6a157ac5fd,
Billed Duration for Request af66649b-0dae-45e5-8d07-4e6a157ac5fd: 89 ms
Input: 1000000,
Cold Start: false
Unique ID: cffa0d29-32b3-43f1-b44c-b5c7d823bd95,
Billed Duration for Request cffa0d29-32b3-43f1-b44c-b5c7d823bd95: 92 ms
Input: 1000000,
Cold Start: false
Unique ID: 28a8d974-ac94-4b43-a7c3-f2cf6e7b30b3,
Billed Duration for Request 28a8d974-ac94-4b43-a7c3-f2cf6e7b30b3: 94 ms
Input: 1000000,
Cold Start: false
Unique ID: 431e0f74-1497-45bb-88ad-d2651b5fb81b,
Billed Duration for Request 431e0f74-1497-45bb-88ad-d2651b5fb81b: 92 ms
Input: 1000000,
Cold Start: false
Unique ID: b9e5380b-3a86-413c-9b15-5352d13c8da8,
Billed Duration for Request b9e5380b-3a86-413c-9b15-5352d13c8da8: 97 ms
Input: 1000000,
Cold Start: false
Unique ID: f43a53dd-62af-46b8-8aeb-76805030b745,
Billed Duration for Request f43a53dd-62af-46b8-8aeb-76805030b745: 96 ms
Input: 1000000,
Cold Start: false
Unique ID: a7364671-9c63-45a5-b6f1-944fea00e298,
Billed Duration for Request a7364671-9c63-45a5-b6f1-944fea00e298: 97 ms
Input: 1000000,
Cold Start: false
Unique ID: 58986d3b-d90d-45cc-84f2-d16db18a8ffa,
Billed Duration for Request 58986d3b-d90d-45cc-84f2-d16db18a8ffa: 92 ms
Input: 1000000,
Cold Start: false
Unique ID: 9aed2109-ac2b-489f-9002-73905cbdb2f4,
Billed Duration for Request 9aed2109-ac2b-489f-9002-73905cbdb2f4: 97 ms
Input: 1000000,
Cold Start: false
Unique ID: b160af74-1dee-4913-8e5c-c830a053e756,
Billed Duration for Request b160af74-1dee-4913-8e5c-c830a053e756: 93 ms
Input: 1000000,
Cold Start: false
Unique ID: 5009d73a-a028-4dc0-9163-1b5810b48743,
Billed Duration for Request 5009d73a-a028-4dc0-9163-1b5810b48743: 97 ms
Input: 1000000,
Cold Start: false
Unique ID: 5acca5de-2f51-438b-b14e-7e9dee8c5487,
Billed Duration for Request 5acca5de-2f51-438b-b14e-7e9dee8c5487: 92 ms
Input: 1000000,
Cold Start: false
Unique ID: 56037467-ef47-4ad9-b516-3e68001efc5f,
Billed Duration for Request 56037467-ef47-4ad9-b516-3e68001efc5f: 89 ms
Input: 1000000,
Cold Start: false
Unique ID: 1fe46070-3863-4cff-ad57-29e6c11aee55,
Billed Duration for Request 1fe46070-3863-4cff-ad57-29e6c11aee55: 105 ms
Input: 1000000,
Cold Start: false
Unique ID: ca5cddac-a31f-4ac4-a730-1d34030c2209,
Billed Duration for Request ca5cddac-a31f-4ac4-a730-1d34030c2209: 97 ms
Input: 1000000,
Cold Start: false
Unique ID: 423c3a12-62e9-405d-9516-8909b8ce0625,
Billed Duration for Request 423c3a12-62e9-405d-9516-8909b8ce0625: 93 ms
Input: 1000000,
Cold Start: false
Unique ID: 33703c13-7e02-4d2e-9376-2a155e5a725f,
Billed Duration for Request 33703c13-7e02-4d2e-9376-2a155e5a725f: 93 ms
Input: 1000000,
Cold Start: false
Unique ID: 1207657f-9858-48e4-97d0-1a35f64a2bb5,
Billed Duration for Request 1207657f-9858-48e4-97d0-1a35f64a2bb5: 93 ms
Input: 1000000,
Cold Start: false
Unique ID: bac34f98-7a91-4315-b0a5-b322776368b8,
Billed Duration for Request bac34f98-7a91-4315-b0a5-b322776368b8: 97 ms
Input: 1000000,
Cold Start: false
Unique ID: 1007e70b-6a22-4b26-8eae-eec885e52044,
Billed Duration for Request 1007e70b-6a22-4b26-8eae-eec885e52044: 89 ms
Input: 1000000,
Cold Start: false
Unique ID: 0828c5de-9d8e-4134-948f-80098d65ca23,
Billed Duration for Request 0828c5de-9d8e-4134-948f-80098d65ca23: 93 ms
Input: 1000000,
Cold Start: false
Unique ID: 39473541-fb5a-4ef5-9e72-1dd2c688f739,
Billed Duration for Request 39473541-fb5a-4ef5-9e72-1dd2c688f739: 93 ms
Input: 1000000,
Cold Start: false
Unique ID: adcc2880-d053-4d01-9c07-5a6ea1099380,
Billed Duration for Request adcc2880-d053-4d01-9c07-5a6ea1099380: 93 ms
Input: 1000000,
Cold Start: false
Unique ID: 385a9c19-76c3-4155-8af4-b205b4989ffc,
Billed Duration for Request 385a9c19-76c3-4155-8af4-b205b4989ffc: 93 ms
Input: 1000000,
Cold Start: false
Unique ID: 9e5ef397-fb1e-4163-89c6-93df05b8cb86,
Billed Duration for Request 9e5ef397-fb1e-4163-89c6-93df05b8cb86: 93 ms
Input: 1000000,
Cold Start: false
Unique ID: 79f8f87c-043f-406a-a02b-15b78f5308f5,
Billed Duration for Request 79f8f87c-043f-406a-a02b-15b78f5308f5: 89 ms
Input: 1000000,
Cold Start: false
Unique ID: 4181fafc-7dd1-4c03-88b3-19db0e894c01,
Billed Duration for Request 4181fafc-7dd1-4c03-88b3-19db0e894c01: 93 ms
Input: 1000000,
Cold Start: false
Unique ID: 693879e9-ad69-4f29-8ee5-f7f91d82fb86,
Billed Duration for Request 693879e9-ad69-4f29-8ee5-f7f91d82fb86: 97 ms
Input: 1000000,
Cold Start: false
Unique ID: 53249ef6-58e4-490e-b5ee-8e612b502515,
Billed Duration for Request 53249ef6-58e4-490e-b5ee-8e612b502515: 97 ms
Input: 1000000,
Cold Start: false
Unique ID: 5392940e-98c5-42f0-a813-6a9e92430275,
Billed Duration for Request 5392940e-98c5-42f0-a813-6a9e92430275: 93 ms
Input: 1000000,
Cold Start: false
Unique ID: 7f46e03c-51d1-4c56-b752-4fcef71c05e8,
Billed Duration for Request 7f46e03c-51d1-4c56-b752-4fcef71c05e8: 89 ms
Input: 1000000,
Cold Start: false
Unique ID: a110186e-649e-4b27-9241-5a3cdb6785af,
Billed Duration for Request a110186e-649e-4b27-9241-5a3cdb6785af: 97 ms
Input: 1000000,
Cold Start: false
Unique ID: 188a4e19-527f-43fc-a9c8-d89332bd3588,
Billed Duration for Request 188a4e19-527f-43fc-a9c8-d89332bd3588: 115 ms
Input: 1000000,
Cold Start: false
Unique ID: 7a2fa331-07f7-48cb-99a4-63fe4c4a4f44,
Billed Duration for Request 7a2fa331-07f7-48cb-99a4-63fe4c4a4f44: 94 ms
Input: 1000000,
Cold Start: false
Unique ID: 276dfa5b-38b2-4df5-9f41-27c471712f32,
Billed Duration for Request 276dfa5b-38b2-4df5-9f41-27c471712f32: 94 ms
Input: 1000000,
Cold Start: false
Unique ID: bd41253b-7002-4fd3-a4d1-8fd8196a7d11,
Billed Duration for Request bd41253b-7002-4fd3-a4d1-8fd8196a7d11: 93 ms
Input: 1000000,
Cold Start: false
Unique ID: d56214ba-b94c-4d21-8307-9ba4cf9d4ea3,
Billed Duration for Request d56214ba-b94c-4d21-8307-9ba4cf9d4ea3: 98 ms
Input: 1000000,
Cold Start: false
Unique ID: fe146853-19b4-4e27-acdd-b0e40c1ef304,
Billed Duration for Request fe146853-19b4-4e27-acdd-b0e40c1ef304: 94 ms
Input: 1000000,
Cold Start: false
Unique ID: 65735b1b-dab0-40e0-9e34-3341ca75f208,
Billed Duration for Request 65735b1b-dab0-40e0-9e34-3341ca75f208: 99 ms
Input: 1000000,
Cold Start: false
Unique ID: cdafafec-99f1-4d81-b43b-d19ef9ffd129,
Billed Duration for Request cdafafec-99f1-4d81-b43b-d19ef9ffd129: 97 ms
Input: 1000000,
Cold Start: false
Unique ID: 1e01f6d5-2b4b-406f-a3da-99b1116ed14d,
Billed Duration for Request 1e01f6d5-2b4b-406f-a3da-99b1116ed14d: 102 ms
Input: 1000000,
Cold Start: false
Unique ID: e7ff310a-b5bc-4174-b059-d5cd3c1247dc,
Billed Duration for Request e7ff310a-b5bc-4174-b059-d5cd3c1247dc: 93 ms
Input: 1000000,
Cold Start: false
Unique ID: 211c4259-3474-4081-b53b-992ae690610c,
Billed Duration for Request 211c4259-3474-4081-b53b-992ae690610c: 102 ms
Input: 1000000,
Cold Start: false
Unique ID: cccbf64d-fe5d-4239-b7f5-0dcec36723a0,
Billed Duration for Request cccbf64d-fe5d-4239-b7f5-0dcec36723a0: 98 ms
Input: 1000000,
Cold Start: false
Unique ID: 1b665038-44ec-44bf-8513-457268b935bb,
Billed Duration for Request 1b665038-44ec-44bf-8513-457268b935bb: 102 ms
Input: 1000000,
Cold Start: false
Unique ID: 7b174fc2-0a37-4061-a281-bdb04cc7294b,
Billed Duration for Request 7b174fc2-0a37-4061-a281-bdb04cc7294b: 98 ms
Input: 1000000,
Cold Start: false
Unique ID: 3771b44a-20cb-41ad-a0b2-706309b54182,
Billed Duration for Request 3771b44a-20cb-41ad-a0b2-706309b54182: 99 ms
Input: 1000000,
Cold Start: false
Unique ID: a260389f-5905-4f38-ad88-424ca349cf85,
Billed Duration for Request a260389f-5905-4f38-ad88-424ca349cf85: 92 ms
Input: 1000000,
Cold Start: false
Unique ID: 8dec2ae4-8144-4e6f-92cf-14b4dbe9e72e,
Billed Duration for Request 8dec2ae4-8144-4e6f-92cf-14b4dbe9e72e: 94 ms
Input: 1000000,
Cold Start: false
Unique ID: 866fef43-d3cf-480d-b485-82722529325d,
Billed Duration for Request 866fef43-d3cf-480d-b485-82722529325d: 102 ms
Input: 1000000,
Cold Start: false
Unique ID: 300a82d6-ad00-4353-b20c-5bd1899fe71e,
Billed Duration for Request 300a82d6-ad00-4353-b20c-5bd1899fe71e: 96 ms
Input: 1000000,
Cold Start: false
Unique ID: 93679211-c089-4344-b0c2-80ecedc9e763,
Billed Duration for Request 93679211-c089-4344-b0c2-80ecedc9e763: 97 ms
Input: 1000000,
Cold Start: false
Unique ID: 4a499fb3-a0e8-4d49-935e-ecf3704ae96f,
Billed Duration for Request 4a499fb3-a0e8-4d49-935e-ecf3704ae96f: 97 ms
Input: 1000000,
Cold Start: false
Unique ID: 66c40c2f-ebd1-43e2-8649-bcd1b249ac97,
Billed Duration for Request 66c40c2f-ebd1-43e2-8649-bcd1b249ac97: 97 ms
Input: 1000000,
Cold Start: false
Unique ID: 69e8b9d2-5195-4757-ae11-be5c5b05f734,
Billed Duration for Request 69e8b9d2-5195-4757-ae11-be5c5b05f734: 99 ms
Input: 1000000,
Cold Start: false
Unique ID: c936785a-95a0-40c5-a24f-19c75fd2ff5a,
Billed Duration for Request c936785a-95a0-40c5-a24f-19c75fd2ff5a: 93 ms
Input: 1000000,
Cold Start: false
Unique ID: 31b6a1b1-110b-4725-91ce-2abca596ad5b,
Billed Duration for Request 31b6a1b1-110b-4725-91ce-2abca596ad5b: 97 ms
Input: 1000000,
Cold Start: false
Unique ID: 6f89ca2f-fe76-4bc0-bc08-0662ccd81f3e,
Billed Duration for Request 6f89ca2f-fe76-4bc0-bc08-0662ccd81f3e: 94 ms
Input: 1000000,
Cold Start: false
Unique ID: ba86b38c-8cb7-437c-a5cf-bacd87423713,
Billed Duration for Request ba86b38c-8cb7-437c-a5cf-bacd87423713: 100 ms
Input: 1000000,
Cold Start: false
Unique ID: adab865b-5fd1-48a5-89c3-92e2b7b19807,
Billed Duration for Request adab865b-5fd1-48a5-89c3-92e2b7b19807: 94 ms
Input: 1000000,
Cold Start: false
Unique ID: bb6e98b9-aca3-4096-bb3c-3d58beec1fb8,
Billed Duration for Request bb6e98b9-aca3-4096-bb3c-3d58beec1fb8: 99 ms
Input: 1000000,
Cold Start: false
Unique ID: 19dbfe44-ecce-4fdd-87cf-dd792ec122c1,
Billed Duration for Request 19dbfe44-ecce-4fdd-87cf-dd792ec122c1: 100 ms
Input: 1000000,
Cold Start: false
Unique ID: d671e344-4ac3-43ca-8bde-522ad20d5e36,
Billed Duration for Request d671e344-4ac3-43ca-8bde-522ad20d5e36: 100 ms
Input: 1000000,
Cold Start: false
Unique ID: 4869915b-ffb2-4a41-a103-5635110ee91e,
Billed Duration for Request 4869915b-ffb2-4a41-a103-5635110ee91e: 97 ms
Input: 1000000,
Cold Start: false
Unique ID: 9de5d703-e053-4657-8e22-e547529568fb,
Billed Duration for Request 9de5d703-e053-4657-8e22-e547529568fb: 94 ms
Input: 1000000,
Cold Start: false
Unique ID: e87d9713-1491-4717-8070-d43d2c911478,
Billed Duration for Request e87d9713-1491-4717-8070-d43d2c911478: 97 ms
Input: 1000000,
Cold Start: false
Unique ID: 420a99f5-f3d5-4c7e-aadf-49ad754cd2f3,
Billed Duration for Request 420a99f5-f3d5-4c7e-aadf-49ad754cd2f3: 97 ms
Input: 1000000,
Cold Start: false
Unique ID: bff64dfe-f397-4de1-b033-d40b709eb3a2,
Billed Duration for Request bff64dfe-f397-4de1-b033-d40b709eb3a2: 97 ms
Input: 1000000,
Cold Start: false
Unique ID: b3d8c080-7e6d-4481-91fd-7fe747fc3253,
Billed Duration for Request b3d8c080-7e6d-4481-91fd-7fe747fc3253: 93 ms
Input: 1000000,
Cold Start: false
Unique ID: 7c77df48-9381-464f-ae0c-fb929020f053,
Billed Duration for Request 7c77df48-9381-464f-ae0c-fb929020f053: 94 ms
Input: 1000000,
Cold Start: false
Unique ID: 1749ceb0-af42-481c-80c4-3a59f7e84e14,
Billed Duration for Request 1749ceb0-af42-481c-80c4-3a59f7e84e14: 97 ms
Input: 1000000,
Cold Start: false
Unique ID: 0f8d9f14-522c-4b01-b31d-fadf1962e373,
Billed Duration for Request 0f8d9f14-522c-4b01-b31d-fadf1962e373: 97 ms
Input: 1000000,
Cold Start: false
Unique ID: 1dbcea7c-6047-4314-afa3-08d635ffc67a,
Billed Duration for Request 1dbcea7c-6047-4314-afa3-08d635ffc67a: 97 ms
Input: 1000000,
Cold Start: false
Unique ID: 09beb0e8-0bf4-4452-8b34-9319eaccb7d7,
Billed Duration for Request 09beb0e8-0bf4-4452-8b34-9319eaccb7d7: 101 ms
Input: 1000000,
Cold Start: false
Unique ID: 5c9b7465-f270-4d40-93a7-d769e7437b5d,
Billed Duration for Request 5c9b7465-f270-4d40-93a7-d769e7437b5d: 97 ms
Input: 1000000,
Cold Start: false
Unique ID: 8dce8f94-3e2d-41e6-bb79-3d932d907fa4,
Billed Duration for Request 8dce8f94-3e2d-41e6-bb79-3d932d907fa4: 101 ms
Input: 1000000,
Cold Start: false
Unique ID: c254df06-4abb-4431-bc2e-932bd7ef88f6,
Billed Duration for Request c254df06-4abb-4431-bc2e-932bd7ef88f6: 97 ms
Input: 1000000,
Cold Start: false
Unique ID: ec7599be-289a-4580-b044-d18d05c4cfed,
Billed Duration for Request ec7599be-289a-4580-b044-d18d05c4cfed: 96 ms
Input: 1000000,
Cold Start: false
Unique ID: 8e848891-5ff2-4048-975d-f79c76a7c6fb,
Billed Duration for Request 8e848891-5ff2-4048-975d-f79c76a7c6fb: 97 ms
Input: 1000000,
Cold Start: false
Unique ID: e1071c9c-b107-44c2-a8a3-55274f4ceff6,
Billed Duration for Request e1071c9c-b107-44c2-a8a3-55274f4ceff6: 96 ms
Input: 1000000,
Cold Start: false
Unique ID: 92e5f354-4d2a-42b8-b92d-dd6ad53462a5,
Billed Duration for Request 92e5f354-4d2a-42b8-b92d-dd6ad53462a5: 97 ms
Input: 1000000,
Cold Start: false
Unique ID: c4b6702f-32ed-4fa1-a2b5-a9b356b08c8f,
Billed Duration for Request c4b6702f-32ed-4fa1-a2b5-a9b356b08c8f: 94 ms
Input: 1000000,
Cold Start: false
Unique ID: cc063d8c-538f-47d0-a695-1976f8736869,
Billed Duration for Request cc063d8c-538f-47d0-a695-1976f8736869: 115 ms
Input: 1000000,
Cold Start: false
Unique ID: 7373a494-f549-4c50-b11b-5257afef847c,
Billed Duration for Request 7373a494-f549-4c50-b11b-5257afef847c: 90 ms
Input: 1000000,
Cold Start: false
Unique ID: 8c67b104-c211-4187-bdb4-b324a409ab8b,
Billed Duration for Request 8c67b104-c211-4187-bdb4-b324a409ab8b: 107 ms
Input: 1000000,
Cold Start: false
Unique ID: caf0bcbe-2b33-48e3-8803-5901ef29c3cc,
Billed Duration for Request caf0bcbe-2b33-48e3-8803-5901ef29c3cc: 93 ms
Input: 1000000,
Cold Start: false
Unique ID: 13534e0a-b7fe-4420-88dc-43257ecccd3c,
Billed Duration for Request 13534e0a-b7fe-4420-88dc-43257ecccd3c: 94 ms
Input: 1000000,
Cold Start: false
Unique ID: 18314327-97ce-4813-ab74-b38ada1fad5e,
Billed Duration for Request 18314327-97ce-4813-ab74-b38ada1fad5e: 97 ms
Input: 1000000,
Cold Start: false
Unique ID: a6611a1d-edb8-4452-bd1b-bf42c48a1b43,
Billed Duration for Request a6611a1d-edb8-4452-bd1b-bf42c48a1b43: 93 ms
Input: 1000000,
Cold Start: false
Unique ID: 4ec2e859-2003-4a9f-bf05-798a4aceeb1c,
Billed Duration for Request 4ec2e859-2003-4a9f-bf05-798a4aceeb1c: 94 ms
Input: 1000000,
Cold Start: false
Unique ID: ead9a8f3-f46e-4fd4-a720-8146729ae9c4,
Billed Duration for Request ead9a8f3-f46e-4fd4-a720-8146729ae9c4: 93 ms
Input: 1000000,
Cold Start: false
Unique ID: ab50597d-a749-48a2-b5ca-b76a438c65f9,
Billed Duration for Request ab50597d-a749-48a2-b5ca-b76a438c65f9: 98 ms
Input: 1000000,
Cold Start: false
Unique ID: 0d79c80b-3415-4b95-9d82-782e06d5a13c,
Billed Duration for Request 0d79c80b-3415-4b95-9d82-782e06d5a13c: 97 ms
Input: 1000000,
Cold Start: false
Unique ID: 46892792-931d-409c-b4af-545d63baa091,
Billed Duration for Request 46892792-931d-409c-b4af-545d63baa091: 98 ms
Input: 1000000,
Cold Start: false
Unique ID: 80b30d3b-c6ef-4cd5-91f1-bb3f63f13112,
Billed Duration for Request 80b30d3b-c6ef-4cd5-91f1-bb3f63f13112: 98 ms
Input: 1000000,
Cold Start: false
Unique ID: c76d1f42-4af0-44eb-8bcf-7b82b03cefce,
Billed Duration for Request c76d1f42-4af0-44eb-8bcf-7b82b03cefce: 102 ms
Input: 1000000,
Cold Start: false
Unique ID: 39481b72-94d1-491b-8754-f0a63009758b,
Billed Duration for Request 39481b72-94d1-491b-8754-f0a63009758b: 94 ms
Input: 1000000,
Cold Start: false
Unique ID: b122bdcd-cd80-4e26-9c27-5e76172507c2,
Billed Duration for Request b122bdcd-cd80-4e26-9c27-5e76172507c2: 98 ms
Input: 1000000,
Cold Start: false
Unique ID: 7a44ad33-22a1-4ec7-b652-99487f7283b1,
Billed Duration for Request 7a44ad33-22a1-4ec7-b652-99487f7283b1: 94 ms
Input: 1000000,
Cold Start: false
Unique ID: 3654a973-33e3-483e-bda4-6bbe8a460cf8,
Billed Duration for Request 3654a973-33e3-483e-bda4-6bbe8a460cf8: 99 ms
Input: 1000000,
Cold Start: false
Unique ID: 6c522e16-7d7d-4736-b70e-fe31450cd880,
Billed Duration for Request 6c522e16-7d7d-4736-b70e-fe31450cd880: 97 ms
Input: 1000000,
Cold Start: false
Unique ID: 771e383e-f884-4c31-bc01-6a5aceb08873,
Billed Duration for Request 771e383e-f884-4c31-bc01-6a5aceb08873: 96 ms
Input: 1000000,
Cold Start: false
Unique ID: 12c61159-b5ee-480e-84de-a759b873d9a1,
Billed Duration for Request 12c61159-b5ee-480e-84de-a759b873d9a1: 97 ms
Input: 1000000,
Cold Start: false
Unique ID: de02d8d1-a06c-4052-bb2f-f669bd7a723f,
Billed Duration for Request de02d8d1-a06c-4052-bb2f-f669bd7a723f: 97 ms
Input: 1000000,
Cold Start: false
Unique ID: 5332d5b5-8400-42a3-92a1-d1c9c71ac028,
Billed Duration for Request 5332d5b5-8400-42a3-92a1-d1c9c71ac028: 97 ms
Input: 1000000,
Cold Start: false
Unique ID: c881abe1-448b-4c58-8051-3ef8656e1ce4,
Billed Duration for Request c881abe1-448b-4c58-8051-3ef8656e1ce4: 97 ms
Input: 1000000,
Cold Start: false
Unique ID: 1685c27f-4683-4720-922d-871309319fa3,
Billed Duration for Request 1685c27f-4683-4720-922d-871309319fa3: 97 ms
Input: 1000000,
Cold Start: false
Unique ID: 6b79a181-5a1d-4710-9615-a92abf5cbd15,
Billed Duration for Request 6b79a181-5a1d-4710-9615-a92abf5cbd15: 93 ms
Input: 1000000,
Cold Start: false
Unique ID: a1aee571-2bae-433b-9722-13ee6b2bb5c7,
Billed Duration for Request a1aee571-2bae-433b-9722-13ee6b2bb5c7: 97 ms
Input: 1000000,
Cold Start: false
Unique ID: 4e6d69ba-e6e4-4a08-a14e-ae890cd82389,
Billed Duration for Request 4e6d69ba-e6e4-4a08-a14e-ae890cd82389: 94 ms
Input: 1000000,
Cold Start: false
Unique ID: b9d43d9e-c5fe-4f62-9b7b-f320db0a92cc,
Billed Duration for Request b9d43d9e-c5fe-4f62-9b7b-f320db0a92cc: 99 ms
Input: 1000000,
Cold Start: false
Unique ID: 21afb7bb-102b-4fdd-9f8c-ae7b0397c682,
Billed Duration for Request 21afb7bb-102b-4fdd-9f8c-ae7b0397c682: 97 ms
Input: 1000000,
Cold Start: false
Unique ID: 35d57a76-004b-4c00-a874-54927e56f3cd,
Billed Duration for Request 35d57a76-004b-4c00-a874-54927e56f3cd: 97 ms
Input: 1000000,
Cold Start: false
Unique ID: 7ed167fb-1d39-4579-b7c1-1a43c78c2ad7,
Billed Duration for Request 7ed167fb-1d39-4579-b7c1-1a43c78c2ad7: 93 ms
Input: 1000000,
Cold Start: false
Unique ID: 3b978fae-df2a-4092-a346-7b9de3a24499,
Billed Duration for Request 3b978fae-df2a-4092-a346-7b9de3a24499: 96 ms
Input: 1000000,
Cold Start: false
Unique ID: 7ef0bcef-9ca6-4e4b-a889-8656df73d50d,
Billed Duration for Request 7ef0bcef-9ca6-4e4b-a889-8656df73d50d: 94 ms
Input: 1000000,
Cold Start: false
Unique ID: 573ce2a2-4756-46af-8d4e-51129a504818,
Billed Duration for Request 573ce2a2-4756-46af-8d4e-51129a504818: 100 ms
Input: 1000000,
Cold Start: false
Unique ID: c35273fe-7cbb-459a-8e34-527513f38496,
Billed Duration for Request c35273fe-7cbb-459a-8e34-527513f38496: 98 ms
Input: 1000000,
Cold Start: false
Unique ID: 1ed06269-1598-4223-aa83-4148915d6856,
Billed Duration for Request 1ed06269-1598-4223-aa83-4148915d6856: 98 ms
Input: 1000000,
Cold Start: false
Unique ID: f2392c21-742c-4df7-9898-5b36ac344869,
Billed Duration for Request f2392c21-742c-4df7-9898-5b36ac344869: 98 ms
Input: 1000000,
Cold Start: false
Unique ID: 87c6df33-c94b-4d79-aede-e9166f5c7769,
Billed Duration for Request 87c6df33-c94b-4d79-aede-e9166f5c7769: 98 ms
Input: 1000000,
Cold Start: false
Unique ID: f4365b26-2464-40c5-86bf-b4019397dd5a,
Billed Duration for Request f4365b26-2464-40c5-86bf-b4019397dd5a: 93 ms
Input: 1000000,
Cold Start: false
Unique ID: dc3d91e8-d290-4d89-880a-01401a3d7474,
Billed Duration for Request dc3d91e8-d290-4d89-880a-01401a3d7474: 93 ms
Input: 1000000,
Cold Start: false
Unique ID: e359e1dc-fa6f-4c86-b282-830ec7a0baaf,
Billed Duration for Request e359e1dc-fa6f-4c86-b282-830ec7a0baaf: 101 ms
Input: 1000000,
Cold Start: false
Unique ID: 3778d7f6-b7a9-4374-8b9d-a9422dee9c8e,
Billed Duration for Request 3778d7f6-b7a9-4374-8b9d-a9422dee9c8e: 93 ms
Input: 1000000,
Cold Start: false
Unique ID: 37dbbf00-5124-4201-9a6d-b2e1752d9158,
Billed Duration for Request 37dbbf00-5124-4201-9a6d-b2e1752d9158: 97 ms
Input: 1000000,
Cold Start: false
Unique ID: e502d432-874a-4a65-9317-ab487c92aa2a,
Billed Duration for Request e502d432-874a-4a65-9317-ab487c92aa2a: 97 ms
Input: 1000000,
Cold Start: false
Unique ID: a3cc239d-79f4-4189-b7e2-9f0c32958546,
Billed Duration for Request a3cc239d-79f4-4189-b7e2-9f0c32958546: 97 ms
Input: 1000000,
Cold Start: false
Unique ID: f327c2d1-bd47-4bd7-832f-0805bcbe016a,
Billed Duration for Request f327c2d1-bd47-4bd7-832f-0805bcbe016a: 101 ms
Input: 1000000,
Cold Start: false
Unique ID: 3761a872-01b4-410f-a042-ff981643125c,
Billed Duration for Request 3761a872-01b4-410f-a042-ff981643125c: 97 ms
Input: 1000000,
Cold Start: false
Unique ID: f6e71c03-2a80-47f5-a7a1-bf862a771a04,
Billed Duration for Request f6e71c03-2a80-47f5-a7a1-bf862a771a04: 93 ms
Input: 1000000,
Cold Start: false
Unique ID: 58548450-5008-4665-9e97-92cb93a8abcb,
Billed Duration for Request 58548450-5008-4665-9e97-92cb93a8abcb: 98 ms
Input: 1000000,
Cold Start: false
Unique ID: 3f824237-4d2e-4691-a82e-8d4b30b2f1e3,
Billed Duration for Request 3f824237-4d2e-4691-a82e-8d4b30b2f1e3: 123 ms
Input: 1000000,
Cold Start: false
Unique ID: 5db74f8c-3ca6-4b37-8698-d6c02cd0a667,
Billed Duration for Request 5db74f8c-3ca6-4b37-8698-d6c02cd0a667: 93 ms
Input: 1000000,
Cold Start: false
Unique ID: 99ecfbcb-47da-4ef4-8889-c5d77bf72ba9,
Billed Duration for Request 99ecfbcb-47da-4ef4-8889-c5d77bf72ba9: 90 ms
Input: 1000000,
Cold Start: false
Unique ID: 70ee2190-2a2b-448a-bbfc-60c2d9160a57,
Billed Duration for Request 70ee2190-2a2b-448a-bbfc-60c2d9160a57: 102 ms
Input: 1000000,
Cold Start: false
Unique ID: 3344d1c3-9348-4d07-a135-e4a316ab6603,
Billed Duration for Request 3344d1c3-9348-4d07-a135-e4a316ab6603: 98 ms
Input: 1000000,
Cold Start: false
Unique ID: a26a750a-f286-4c88-ab65-2028abb825b7,
Billed Duration for Request a26a750a-f286-4c88-ab65-2028abb825b7: 106 ms
Input: 1000000,
Cold Start: false
Unique ID: 39b52e7d-eae4-4034-bae0-02618b55412c,
Billed Duration for Request 39b52e7d-eae4-4034-bae0-02618b55412c: 107 ms
Input: 1000000,
Cold Start: false
Unique ID: e4708036-5005-4ffd-a31c-2928bc6bb52f,
Billed Duration for Request e4708036-5005-4ffd-a31c-2928bc6bb52f: 101 ms
Input: 1000000,
Cold Start: false
Unique ID: d574c21d-9065-49e1-b282-3bfab470aeae,
Billed Duration for Request d574c21d-9065-49e1-b282-3bfab470aeae: 101 ms
Input: 1000000,
Cold Start: false
Unique ID: 60067395-858b-4f8c-817c-ca74dca2af65,
Billed Duration for Request 60067395-858b-4f8c-817c-ca74dca2af65: 101 ms
Input: 1000000,
Cold Start: false
Unique ID: 499d4376-49d3-4b53-a872-d9570b12a73c,
Billed Duration for Request 499d4376-49d3-4b53-a872-d9570b12a73c: 101 ms
Input: 1000000,
Cold Start: false
Unique ID: e57cb8e3-e349-468f-8c98-676967b7ea65,
Billed Duration for Request e57cb8e3-e349-468f-8c98-676967b7ea65: 101 ms
Input: 1000000,
Cold Start: false
Unique ID: 1f40556b-dc3e-4f98-82b7-8fd805d9a3bd,
Billed Duration for Request 1f40556b-dc3e-4f98-82b7-8fd805d9a3bd: 106 ms
Input: 1000000,
Cold Start: false
Unique ID: ed50e14f-1740-412f-973e-668278e937a7,
Billed Duration for Request ed50e14f-1740-412f-973e-668278e937a7: 103 ms
Input: 1000000,
Cold Start: false
Unique ID: 819d8b83-e67f-4f74-8645-1faf6db50f97,
Billed Duration for Request 819d8b83-e67f-4f74-8645-1faf6db50f97: 105 ms
Input: 1000000,
Cold Start: false
Unique ID: 669259a3-c56d-4ccc-8cc8-3bc8d5e1d3b8,
Billed Duration for Request 669259a3-c56d-4ccc-8cc8-3bc8d5e1d3b8: 106 ms
Input: 1000000,
Cold Start: false
Unique ID: c680ee26-9563-4268-a225-27e90738ecba,
Billed Duration for Request c680ee26-9563-4268-a225-27e90738ecba: 102 ms
Input: 1000000,
Cold Start: false
Unique ID: ea163576-b7d6-4121-8611-16da7db411aa,
Billed Duration for Request ea163576-b7d6-4121-8611-16da7db411aa: 101 ms
Input: 1000000,
Cold Start: false
Unique ID: 2cca057b-71be-4548-8885-73085378ec00,
Billed Duration for Request 2cca057b-71be-4548-8885-73085378ec00: 106 ms
Input: 1000000,
Cold Start: false
Unique ID: d339ade8-b35a-458e-9e9b-0596500e8e1f,
Billed Duration for Request d339ade8-b35a-458e-9e9b-0596500e8e1f: 94 ms
Input: 1000000,
Cold Start: false
Unique ID: 2aaae808-69b8-4931-a925-e0dddbb60239,
Billed Duration for Request 2aaae808-69b8-4931-a925-e0dddbb60239: 103 ms
Input: 1000000,
Cold Start: false
Unique ID: 4766db47-bcc2-48f7-bafb-35a483d77e9d,
Billed Duration for Request 4766db47-bcc2-48f7-bafb-35a483d77e9d: 102 ms
Input: 1000000,
Cold Start: false
Unique ID: 805dabf2-443c-4014-a746-32eb8b407795,
Billed Duration for Request 805dabf2-443c-4014-a746-32eb8b407795: 106 ms
Input: 1000000,
Cold Start: false
Unique ID: 40b69776-6d94-4af5-bdca-1286f1323e32,
Billed Duration for Request 40b69776-6d94-4af5-bdca-1286f1323e32: 89 ms
Input: 1000000,
Cold Start: false
Unique ID: 39648a48-64f6-4a82-b1ce-e5fd3c4c434a,
Billed Duration for Request 39648a48-64f6-4a82-b1ce-e5fd3c4c434a: 93 ms
Input: 1000000,
Cold Start: false
Unique ID: 4ae9e06e-4237-47dd-a931-ffe537114870,
Billed Duration for Request 4ae9e06e-4237-47dd-a931-ffe537114870: 95 ms
Input: 1000000,
Cold Start: false
Unique ID: 8c6a1982-9d51-4cd4-a6be-c00d6d9addec,
Billed Duration for Request 8c6a1982-9d51-4cd4-a6be-c00d6d9addec: 98 ms
Input: 1000000,
Cold Start: false
Unique ID: 0d1e53a4-0bb7-4a41-ad83-ab1b75274e31,
Billed Duration for Request 0d1e53a4-0bb7-4a41-ad83-ab1b75274e31: 89 ms
Input: 1000000,
Cold Start: false
Unique ID: 86d36454-d6dc-462f-aee3-a43b60bb8eea,
Billed Duration for Request 86d36454-d6dc-462f-aee3-a43b60bb8eea: 105 ms
Input: 1000000,
Cold Start: false
Unique ID: 710247c0-971b-4728-b72d-3424f0ddd4c6,
Billed Duration for Request 710247c0-971b-4728-b72d-3424f0ddd4c6: 102 ms
Input: 1000000,
Cold Start: false
Unique ID: 5901d2fb-4142-4ce8-b6ff-71224a6ecb16,
Billed Duration for Request 5901d2fb-4142-4ce8-b6ff-71224a6ecb16: 89 ms
Input: 1000000,
Cold Start: false
Unique ID: 9a56c86b-74ae-4279-9e28-a8f285232d81,
Billed Duration for Request 9a56c86b-74ae-4279-9e28-a8f285232d81: 103 ms
Input: 1000000,
Cold Start: false
Unique ID: 2b8ab18f-d208-42dc-b070-ea2848f3ff50,
Billed Duration for Request 2b8ab18f-d208-42dc-b070-ea2848f3ff50: 105 ms
Input: 1000000,
Cold Start: false
Unique ID: 6d7c619d-5a75-4678-922c-ae60d92a45fd,
Billed Duration for Request 6d7c619d-5a75-4678-922c-ae60d92a45fd: 101 ms
Input: 1000000,
Cold Start: false
Unique ID: 9b9aa548-c450-4b1a-8c9d-4a225d0a5e68,
Billed Duration for Request 9b9aa548-c450-4b1a-8c9d-4a225d0a5e68: 105 ms
Input: 1000000,
Cold Start: false
Unique ID: b7c175f7-5b9f-40b7-91b6-957c835fb9f5,
Billed Duration for Request b7c175f7-5b9f-40b7-91b6-957c835fb9f5: 99 ms
Input: 1000000,
Cold Start: false
Unique ID: 28b3cab3-a417-443f-a9a2-eddc59b53dc0,
Billed Duration for Request 28b3cab3-a417-443f-a9a2-eddc59b53dc0: 88 ms
Input: 1000000,
Cold Start: false
Unique ID: 3f1abe84-a6fa-4195-a851-8b7354ce152f,
Billed Duration for Request 3f1abe84-a6fa-4195-a851-8b7354ce152f: 93 ms
Input: 1000000,
Cold Start: false
Unique ID: 59552cec-1174-4418-8f90-504988427a00,
Billed Duration for Request 59552cec-1174-4418-8f90-504988427a00: 93 ms
Input: 1000000,
Cold Start: false
Unique ID: dd1dd38a-cf68-401b-ad87-f60c5adf7787,
Billed Duration for Request dd1dd38a-cf68-401b-ad87-f60c5adf7787: 100 ms
Input: 1000000,
Cold Start: false
Unique ID: 528ca8b4-c73b-4d8a-b413-cb611e6473c2,
Billed Duration for Request 528ca8b4-c73b-4d8a-b413-cb611e6473c2: 101 ms
Input: 1000000,
Cold Start: false
Unique ID: 40e69bbe-3709-44ab-b6cf-03d83b2fdeea,
Billed Duration for Request 40e69bbe-3709-44ab-b6cf-03d83b2fdeea: 101 ms
Input: 1000000,
Cold Start: false
Unique ID: 05c007c8-d2af-4bd9-a7ec-b2b33c1782f5,
Billed Duration for Request 05c007c8-d2af-4bd9-a7ec-b2b33c1782f5: 102 ms
Input: 1000000,
Cold Start: false
Unique ID: 52c26327-e23f-4fa0-959c-2afda19452a0,
Billed Duration for Request 52c26327-e23f-4fa0-959c-2afda19452a0: 97 ms
Input: 1000000,
Cold Start: false
Unique ID: b84bd2ac-3501-4772-b6dd-9deab28ab9cd,
Billed Duration for Request b84bd2ac-3501-4772-b6dd-9deab28ab9cd: 101 ms
Input: 1000000,
Cold Start: false
Unique ID: 87b807d0-bc71-4dc8-b707-e634e74f006e,
Billed Duration for Request 87b807d0-bc71-4dc8-b707-e634e74f006e: 89 ms
Input: 1000000,
Cold Start: false
Unique ID: 00a6422d-057a-4f46-8017-fe00abbda590,
Billed Duration for Request 00a6422d-057a-4f46-8017-fe00abbda590: 105 ms
Input: 1000000,
Cold Start: false
Unique ID: bb819ecf-1ad4-46d2-96b1-8278d02e6ba2,
Billed Duration for Request bb819ecf-1ad4-46d2-96b1-8278d02e6ba2: 105 ms
Input: 1000000,
Cold Start: false
Unique ID: d0316ff5-ae6f-4e86-9640-1c7a4fb59e4c,
Billed Duration for Request d0316ff5-ae6f-4e86-9640-1c7a4fb59e4c: 101 ms
Input: 1000000,
Cold Start: false
Unique ID: 5d0440cd-fd4c-4b2d-8a2f-df8c3920ebb6,
Billed Duration for Request 5d0440cd-fd4c-4b2d-8a2f-df8c3920ebb6: 96 ms
Input: 1000000,
Cold Start: false
Unique ID: 60d7a36c-8e00-485b-8816-078439d2df47,
Billed Duration for Request 60d7a36c-8e00-485b-8816-078439d2df47: 120 ms
Input: 1000000,
Cold Start: false
Unique ID: 80e46f5b-e3df-46b6-93d3-36c4dc36a093,
Billed Duration for Request 80e46f5b-e3df-46b6-93d3-36c4dc36a093: 106 ms
Input: 1000000,
Cold Start: false
Unique ID: 127e3750-2815-4b68-b5ce-6fe18089bf69,
Billed Duration for Request 127e3750-2815-4b68-b5ce-6fe18089bf69: 106 ms
Input: 1000000,
Cold Start: false
Unique ID: 760ca61a-e2d8-47de-be70-b70575bc4535,
Billed Duration for Request 760ca61a-e2d8-47de-be70-b70575bc4535: 90 ms
Input: 1000000,
Cold Start: false
Unique ID: b7e479bc-bfc3-4f48-a133-4b9361979b0a,
Billed Duration for Request b7e479bc-bfc3-4f48-a133-4b9361979b0a: 98 ms
Input: 1000000,
Cold Start: false
Unique ID: 2537e1d5-658a-4108-90d1-cd05d471557c,
Billed Duration for Request 2537e1d5-658a-4108-90d1-cd05d471557c: 94 ms
Input: 1000000,
Cold Start: false
Unique ID: 077f6b6f-71e2-435c-b70d-89b74adfa97a,
Billed Duration for Request 077f6b6f-71e2-435c-b70d-89b74adfa97a: 94 ms
Input: 1000000,
Cold Start: false
Unique ID: 5ddc6479-11b7-481b-b6de-95fd165c2856,
Billed Duration for Request 5ddc6479-11b7-481b-b6de-95fd165c2856: 94 ms
Input: 1000000,
Cold Start: false
Unique ID: 34b7f5a0-7087-440a-a363-4d7831c37081,
Billed Duration for Request 34b7f5a0-7087-440a-a363-4d7831c37081: 93 ms
Input: 1000000,
Cold Start: false
Unique ID: 51c8c8b5-e495-4bf7-82d3-99f6375a2d4e,
Billed Duration for Request 51c8c8b5-e495-4bf7-82d3-99f6375a2d4e: 98 ms
Input: 1000000,
Cold Start: false
Unique ID: f571d976-91d6-459d-8552-50a5fbf0c316,
Billed Duration for Request f571d976-91d6-459d-8552-50a5fbf0c316: 94 ms
Input: 1000000,
Cold Start: false
Unique ID: d5e5f5e0-f7bf-4b37-ae8a-20e2264ef0a7,
Billed Duration for Request d5e5f5e0-f7bf-4b37-ae8a-20e2264ef0a7: 97 ms
Input: 1000000,
Cold Start: false
Unique ID: 80e76244-a230-4725-98c1-460a489fdd26,
Billed Duration for Request 80e76244-a230-4725-98c1-460a489fdd26: 94 ms
Input: 1000000,
Cold Start: false
Unique ID: 4b8eccf1-2464-46c8-8c24-8885807c1454,
Billed Duration for Request 4b8eccf1-2464-46c8-8c24-8885807c1454: 95 ms
Input: 1000000,
Cold Start: false
Unique ID: c1f65319-4c14-42eb-af0f-ce820714f4c2,
Billed Duration for Request c1f65319-4c14-42eb-af0f-ce820714f4c2: 98 ms
Input: 1000000,
Cold Start: false
Unique ID: f109b8b5-6454-4605-9cc8-cb27c6d282b5,
Billed Duration for Request f109b8b5-6454-4605-9cc8-cb27c6d282b5: 98 ms
Input: 1000000,
Cold Start: false
Unique ID: 7ce3304f-c114-4f17-adb8-893af18e4f2c,
Billed Duration for Request 7ce3304f-c114-4f17-adb8-893af18e4f2c: 93 ms
Input: 1000000,
Cold Start: false
Unique ID: 2142a573-2547-4622-b5cb-e74a5cda089f,
Billed Duration for Request 2142a573-2547-4622-b5cb-e74a5cda089f: 98 ms
Input: 1000000,
Cold Start: false
Unique ID: e86d448e-bfa8-4af0-9c4b-6c004a1f2d1f,
Billed Duration for Request e86d448e-bfa8-4af0-9c4b-6c004a1f2d1f: 93 ms
Input: 1000000,
Cold Start: false
Unique ID: 15af9870-78f4-46e8-a21a-1543cd7f1275,
Billed Duration for Request 15af9870-78f4-46e8-a21a-1543cd7f1275: 94 ms
Input: 1000000,
Cold Start: false
Unique ID: 72bb39a2-cd9f-4cd3-8047-dca01587df2d,
Billed Duration for Request 72bb39a2-cd9f-4cd3-8047-dca01587df2d: 97 ms
Input: 1000000,
Cold Start: false
Unique ID: 4b0f19cc-0506-4050-a123-309ce9c95019,
Billed Duration for Request 4b0f19cc-0506-4050-a123-309ce9c95019: 98 ms
Input: 1000000,
Cold Start: false
Unique ID: f00f768c-58b7-4407-b919-1bf067645ad7,
Billed Duration for Request f00f768c-58b7-4407-b919-1bf067645ad7: 94 ms
Input: 1000000,
Cold Start: false
Unique ID: a21547fb-934f-4a24-a99f-c15b7098b85d,
Billed Duration for Request a21547fb-934f-4a24-a99f-c15b7098b85d: 94 ms
Input: 1000000,
Cold Start: false
Unique ID: 8aac55c8-7207-4175-b1a1-ddb03e669f9d,
Billed Duration for Request 8aac55c8-7207-4175-b1a1-ddb03e669f9d: 102 ms
Input: 1000000,
Cold Start: false
Unique ID: d00a1d20-ce6e-41b0-a041-d6a00307bf76,
Billed Duration for Request d00a1d20-ce6e-41b0-a041-d6a00307bf76: 94 ms
Input: 1000000,
Cold Start: false
Unique ID: d92d5cd5-8a92-46e7-8324-0156fb5b9f05,
Billed Duration for Request d92d5cd5-8a92-46e7-8324-0156fb5b9f05: 99 ms
Input: 1000000,
Cold Start: false
Unique ID: ea0bfe0d-e273-4cfb-864c-89292fd558b8,
Billed Duration for Request ea0bfe0d-e273-4cfb-864c-89292fd558b8: 98 ms
Input: 1000000,
Cold Start: false
Unique ID: 4e8def8d-5f21-4467-b643-b21d8d68ac02,
Billed Duration for Request 4e8def8d-5f21-4467-b643-b21d8d68ac02: 97 ms
Input: 1000000,
Cold Start: false
Unique ID: 3aa797c0-7304-496b-9c74-1df3339de396,
Billed Duration for Request 3aa797c0-7304-496b-9c74-1df3339de396: 93 ms
Input: 1000000,
Cold Start: false
Unique ID: da2e74e4-4efd-43fd-a64a-2fc5f4860848,
Billed Duration for Request da2e74e4-4efd-43fd-a64a-2fc5f4860848: 93 ms
Input: 1000000,
Cold Start: false
Unique ID: 79d110b9-140f-4621-aea8-98f17d6d58f0,
Billed Duration for Request 79d110b9-140f-4621-aea8-98f17d6d58f0: 93 ms
Input: 1000000,
Cold Start: false
Unique ID: 6875925a-f2bb-416f-b408-3d19cd6a7fa0,
Billed Duration for Request 6875925a-f2bb-416f-b408-3d19cd6a7fa0: 93 ms
Input: 1000000,
Cold Start: false
Unique ID: 6d320898-7435-4d37-ae96-2bad6575f10b,
Billed Duration for Request 6d320898-7435-4d37-ae96-2bad6575f10b: 97 ms
Input: 1000000,
Cold Start: false
Unique ID: 102ed0da-e44e-4c73-b3d0-1b006bdda87b,
Billed Duration for Request 102ed0da-e44e-4c73-b3d0-1b006bdda87b: 93 ms
Input: 1000000,
Cold Start: false
Unique ID: 71b0c2f5-cb18-40b7-9384-ec3df016a761,
Billed Duration for Request 71b0c2f5-cb18-40b7-9384-ec3df016a761: 93 ms
Input: 1000000,
Cold Start: false
Unique ID: de1e0a28-83b9-4658-8b4a-44968e5aa50e,
Billed Duration for Request de1e0a28-83b9-4658-8b4a-44968e5aa50e: 105 ms
Input: 1000000,
Cold Start: false
Unique ID: 96d1e6c9-a6f7-4de8-b08b-2e66572a28c2,
Billed Duration for Request 96d1e6c9-a6f7-4de8-b08b-2e66572a28c2: 93 ms
Input: 1000000,
Cold Start: false
Unique ID: 1f5e1da8-cad3-48be-b115-b5732ef0f9ac,
Billed Duration for Request 1f5e1da8-cad3-48be-b115-b5732ef0f9ac: 97 ms
Input: 1000000,
Cold Start: false
Unique ID: bf05a410-a669-46f9-a185-f2fa9fb8aa14,
Billed Duration for Request bf05a410-a669-46f9-a185-f2fa9fb8aa14: 93 ms
Input: 1000000,
Cold Start: false
Unique ID: fbedde23-af31-425c-b345-ea22df0b44b5,
Billed Duration for Request fbedde23-af31-425c-b345-ea22df0b44b5: 94 ms
Input: 1000000,
Cold Start: false
Unique ID: 833ddc43-d5ff-4aca-9c5f-e208b3983de8,
Billed Duration for Request 833ddc43-d5ff-4aca-9c5f-e208b3983de8: 94 ms
Input: 1000000,
Cold Start: false
Unique ID: 5ea4bc08-4bee-4090-9159-e867a923596d,
Billed Duration for Request 5ea4bc08-4bee-4090-9159-e867a923596d: 88 ms
Input: 1000000,
Cold Start: false
Unique ID: ca54972a-a1d5-4941-9bfe-bad250950e80,
Billed Duration for Request ca54972a-a1d5-4941-9bfe-bad250950e80: 93 ms
Input: 1000000,
Cold Start: false
Unique ID: 9563d577-7751-4e02-99a3-b2d32c593977,
Billed Duration for Request 9563d577-7751-4e02-99a3-b2d32c593977: 97 ms
Input: 1000000,
Cold Start: false
Unique ID: 9acd533a-fc9a-45c3-86fd-5f5e82713841,
Billed Duration for Request 9acd533a-fc9a-45c3-86fd-5f5e82713841: 97 ms
Input: 1000000,
Cold Start: false
Unique ID: fa249b41-2c5e-40b2-8f03-d2f0b1055107,
Billed Duration for Request fa249b41-2c5e-40b2-8f03-d2f0b1055107: 94 ms
Input: 1000000,
Cold Start: false
Unique ID: a5c9a294-ed4a-4df4-9c7d-f402022183b5,
Billed Duration for Request a5c9a294-ed4a-4df4-9c7d-f402022183b5: 102 ms
Input: 1000000,
Cold Start: false
Unique ID: 6017c228-a0dd-4748-9a7c-a06b778c9919,
Billed Duration for Request 6017c228-a0dd-4748-9a7c-a06b778c9919: 97 ms
Input: 1000000,
Cold Start: false
Unique ID: b553b0a3-4263-4dcf-be75-6b7baa664cfb,
Billed Duration for Request b553b0a3-4263-4dcf-be75-6b7baa664cfb: 93 ms
Input: 1000000,
Cold Start: false
Unique ID: f6f29bb5-6009-446c-bd4c-0213291e5ded,
Billed Duration for Request f6f29bb5-6009-446c-bd4c-0213291e5ded: 125 ms
Input: 1000000,
Cold Start: false
Unique ID: 478519cc-44f6-40e4-8e11-316b0595b46c,
Billed Duration for Request 478519cc-44f6-40e4-8e11-316b0595b46c: 102 ms
Input: 1000000,
Cold Start: false
Unique ID: 1748c09a-9431-4a6d-a0ae-56cb10ed69de,
Billed Duration for Request 1748c09a-9431-4a6d-a0ae-56cb10ed69de: 99 ms
Input: 1000000,
Cold Start: false
Unique ID: 9887c123-8672-4b0d-a2e8-6e41b7a8df22,
Billed Duration for Request 9887c123-8672-4b0d-a2e8-6e41b7a8df22: 103 ms
Input: 1000000,
Cold Start: false
Unique ID: 1e96f1dd-3b70-4768-bb33-617b331fbcbc,
Billed Duration for Request 1e96f1dd-3b70-4768-bb33-617b331fbcbc: 104 ms
Input: 1000000,
Cold Start: false
Unique ID: c3987365-ef71-4617-a403-ba2d50576069,
Billed Duration for Request c3987365-ef71-4617-a403-ba2d50576069: 98 ms
Input: 1000000,
Cold Start: false
Unique ID: 876d0fe3-d123-41df-9d88-7945bd86ac00,
Billed Duration for Request 876d0fe3-d123-41df-9d88-7945bd86ac00: 94 ms
Input: 1000000,
Cold Start: false
Unique ID: 2b4d3d13-2149-4d53-8185-4bbca6002493,
Billed Duration for Request 2b4d3d13-2149-4d53-8185-4bbca6002493: 94 ms
Input: 1000000,
Cold Start: false
Unique ID: ba7d5704-af54-4c60-bf9d-b1ffab3a04a6,
Billed Duration for Request ba7d5704-af54-4c60-bf9d-b1ffab3a04a6: 106 ms
Input: 1000000,
Cold Start: false
Unique ID: 53c83a26-7848-443a-aab8-8c9319859615,
Billed Duration for Request 53c83a26-7848-443a-aab8-8c9319859615: 107 ms
Input: 1000000,
Cold Start: false
Unique ID: 33125725-d51c-474d-80ea-9a39510fd65a,
Billed Duration for Request 33125725-d51c-474d-80ea-9a39510fd65a: 101 ms
Input: 1000000,
Cold Start: false
Unique ID: 0a00aa6c-7dff-49d3-b529-5dfa57d928f3,
Billed Duration for Request 0a00aa6c-7dff-49d3-b529-5dfa57d928f3: 98 ms
Input: 1000000,
Cold Start: false
Unique ID: 5947cd2e-1bf6-4bac-808d-2a1374ba2a21,
Billed Duration for Request 5947cd2e-1bf6-4bac-808d-2a1374ba2a21: 106 ms
Input: 1000000,
Cold Start: false
Unique ID: f2e76b0e-f997-4e11-b12b-07df1a88c827,
Billed Duration for Request f2e76b0e-f997-4e11-b12b-07df1a88c827: 94 ms
Input: 1000000,
Cold Start: false
Unique ID: 1c709394-7b77-439f-94cd-870158141e22,
Billed Duration for Request 1c709394-7b77-439f-94cd-870158141e22: 108 ms
Input: 1000000,
Cold Start: false
Unique ID: c28b8b66-3191-4e88-b9a9-2e66c4de3bcd,
Billed Duration for Request c28b8b66-3191-4e88-b9a9-2e66c4de3bcd: 94 ms
Input: 1000000,
Cold Start: false
Unique ID: 3b20887d-e5e7-4da2-a6ef-d4c16dabad96,
Billed Duration for Request 3b20887d-e5e7-4da2-a6ef-d4c16dabad96: 89 ms
Input: 1000000,
Cold Start: false
Unique ID: 85f0d94c-4239-477d-9b1d-de4e6bc0268f,
Billed Duration for Request 85f0d94c-4239-477d-9b1d-de4e6bc0268f: 94 ms
Input: 1000000,
Cold Start: false
Unique ID: 02330493-e8f1-45a0-b620-35f14615f393,
Billed Duration for Request 02330493-e8f1-45a0-b620-35f14615f393: 93 ms
Input: 1000000,
Cold Start: false
Unique ID: 1e8c25eb-1aab-4a32-af3c-d4d5c29c73d8,
Billed Duration for Request 1e8c25eb-1aab-4a32-af3c-d4d5c29c73d8: 105 ms
Input: 1000000,
Cold Start: false
Unique ID: 39ee134a-a80b-45ce-9baa-849a60704f2b,
Billed Duration for Request 39ee134a-a80b-45ce-9baa-849a60704f2b: 94 ms
Input: 1000000,
Cold Start: false
Unique ID: 964f1098-2c77-44db-b10d-a7a6197ebdba,
Billed Duration for Request 964f1098-2c77-44db-b10d-a7a6197ebdba: 105 ms
Input: 1000000,
Cold Start: false
Unique ID: 27ff3894-c085-40de-8080-aec5ee872d3b,
Billed Duration for Request 27ff3894-c085-40de-8080-aec5ee872d3b: 106 ms
Input: 1000000,
Cold Start: false
Unique ID: ffebd021-7de3-44ce-8dbc-46956c3719f4,
Billed Duration for Request ffebd021-7de3-44ce-8dbc-46956c3719f4: 87 ms
Input: 1000000,
Cold Start: false
Unique ID: bf51ad44-7be3-4378-869f-ca285afd1119,
Billed Duration for Request bf51ad44-7be3-4378-869f-ca285afd1119: 106 ms
Input: 1000000,
Cold Start: false
Unique ID: 03aa4f39-888b-4f47-8e0e-0ebf07d747f9,
Billed Duration for Request 03aa4f39-888b-4f47-8e0e-0ebf07d747f9: 107 ms
Input: 1000000,
Cold Start: false
Unique ID: cd6c364a-c16d-4525-8cc1-990779a4f597,
Billed Duration for Request cd6c364a-c16d-4525-8cc1-990779a4f597: 98 ms
Input: 1000000,
Cold Start: false
Unique ID: 6dd3d916-d8e1-4fa0-8295-31e1cf71927b,
Billed Duration for Request 6dd3d916-d8e1-4fa0-8295-31e1cf71927b: 102 ms
Input: 1000000,
Cold Start: false
Unique ID: b8a111fe-a91c-4472-bc65-26b22bf6f03d,
Billed Duration for Request b8a111fe-a91c-4472-bc65-26b22bf6f03d: 94 ms
Input: 1000000,
Cold Start: false
Unique ID: 0d2bd4ee-cae1-430d-a567-efd31e9aed18,
Billed Duration for Request 0d2bd4ee-cae1-430d-a567-efd31e9aed18: 98 ms
Input: 1000000,
Cold Start: false
Unique ID: 0e491602-879f-4cf2-bd85-80d12503905a,
Billed Duration for Request 0e491602-879f-4cf2-bd85-80d12503905a: 94 ms
Input: 1000000,
Cold Start: false
Unique ID: 9b05ee33-47ef-4668-bff9-61b96f24d700,
Billed Duration for Request 9b05ee33-47ef-4668-bff9-61b96f24d700: 107 ms
Input: 1000000,
Cold Start: false
Unique ID: 5c94e556-774b-41f1-82eb-d1ac46f20504,
Billed Duration for Request 5c94e556-774b-41f1-82eb-d1ac46f20504: 103 ms
Input: 1000000,
Cold Start: false
Unique ID: 3e282614-31ff-4dcd-b0a7-7d8dae16c3aa,
Billed Duration for Request 3e282614-31ff-4dcd-b0a7-7d8dae16c3aa: 105 ms
Input: 1000000,
Cold Start: false
Unique ID: 6f71d522-4797-443a-96fc-19fb79b47d3c,
Billed Duration for Request 6f71d522-4797-443a-96fc-19fb79b47d3c: 89 ms
Input: 1000000,
Cold Start: false
Unique ID: fd3ba5ab-b758-40ba-98d0-1f7b1a9f0860,
Billed Duration for Request fd3ba5ab-b758-40ba-98d0-1f7b1a9f0860: 97 ms
Input: 1000000,
Cold Start: false
Unique ID: 694bbc8f-0801-4c96-82f2-a8e4b0ef730a,
Billed Duration for Request 694bbc8f-0801-4c96-82f2-a8e4b0ef730a: 101 ms
Input: 1000000,
Cold Start: false
Unique ID: c4c261be-4314-4237-bdfc-9e2ec6e44748,
Billed Duration for Request c4c261be-4314-4237-bdfc-9e2ec6e44748: 93 ms
Input: 1000000,
Cold Start: false
Unique ID: 2bc8daa6-feb0-4038-adf8-6a1b9ade7cb4,
Billed Duration for Request 2bc8daa6-feb0-4038-adf8-6a1b9ade7cb4: 93 ms
Input: 1000000,
Cold Start: false
Unique ID: 6de2a667-09c4-4380-863e-b1acbbce3cd9,
Billed Duration for Request 6de2a667-09c4-4380-863e-b1acbbce3cd9: 89 ms
Input: 1000000,
Cold Start: false
Unique ID: 1ae39527-a247-4c90-86e3-2008eec17e6d,
Billed Duration for Request 1ae39527-a247-4c90-86e3-2008eec17e6d: 93 ms
Input: 1000000,
Cold Start: false
Unique ID: 7cd60f0b-0a3b-4fbd-9815-e09b0e7363a8,
Billed Duration for Request 7cd60f0b-0a3b-4fbd-9815-e09b0e7363a8: 93 ms
Input: 1000000,
Cold Start: false
Unique ID: b30237dc-d6a1-4c8b-ae8d-6490a0900bc4,
Billed Duration for Request b30237dc-d6a1-4c8b-ae8d-6490a0900bc4: 90 ms
Input: 1000000,
Cold Start: false
Unique ID: 406c2d17-f0c5-41cb-bcf4-fc0a5bfcf99d,
Billed Duration for Request 406c2d17-f0c5-41cb-bcf4-fc0a5bfcf99d: 89 ms
Input: 1000000,
Cold Start: false
Unique ID: 4500f669-873c-4ca5-a896-9bf56ae09348,
Billed Duration for Request 4500f669-873c-4ca5-a896-9bf56ae09348: 93 ms
Input: 1000000,
Cold Start: false
Unique ID: 19b8e515-7c45-43fa-a956-1ce68e1b33c8,
Billed Duration for Request 19b8e515-7c45-43fa-a956-1ce68e1b33c8: 93 ms
Input: 1000000,
Cold Start: false
Unique ID: 1128457d-df22-4719-9ea5-1b403e626654,
Billed Duration for Request 1128457d-df22-4719-9ea5-1b403e626654: 101 ms
Input: 1000000,
Cold Start: false
Unique ID: be0d528e-4f78-41f7-b104-6d472a306c0d,
Billed Duration for Request be0d528e-4f78-41f7-b104-6d472a306c0d: 107 ms
Input: 1000000,
Cold Start: false
Unique ID: ca965499-51b2-4ff2-816d-a51de6574cc3,
Billed Duration for Request ca965499-51b2-4ff2-816d-a51de6574cc3: 105 ms
Input: 1000000,
Cold Start: false
Unique ID: 08b1c460-6e10-4a01-a2d8-1187e9fee7d0,
Billed Duration for Request 08b1c460-6e10-4a01-a2d8-1187e9fee7d0: 93 ms
Input: 1000000,
Cold Start: false
Unique ID: aecbe702-d6c9-4a13-9da5-e7f5539c6b55,
Billed Duration for Request aecbe702-d6c9-4a13-9da5-e7f5539c6b55: 115 ms
Input: 1000000,
Cold Start: false
Unique ID: e781447d-6796-4c78-8151-20190a1cd098,
Billed Duration for Request e781447d-6796-4c78-8151-20190a1cd098: 106 ms
Input: 1000000,
Cold Start: false
Unique ID: cef57097-ea71-4c6c-b58c-146c104c0fca,
Billed Duration for Request cef57097-ea71-4c6c-b58c-146c104c0fca: 102 ms
Input: 1000000,
Cold Start: false
Unique ID: 2e8567c2-228f-4613-b0f7-70872403f7c0,
Billed Duration for Request 2e8567c2-228f-4613-b0f7-70872403f7c0: 106 ms
Input: 1000000,
Cold Start: false
Unique ID: 2e0161ee-5c8b-4665-8171-fbec0c77d140,
Billed Duration for Request 2e0161ee-5c8b-4665-8171-fbec0c77d140: 94 ms
Input: 1000000,
Cold Start: false
Unique ID: 879d9a66-7420-4d05-ae23-c768b0ee33ca,
Billed Duration for Request 879d9a66-7420-4d05-ae23-c768b0ee33ca: 106 ms
Input: 1000000,
Cold Start: false
Unique ID: b6bb3d64-292c-4a79-bb7e-52628714e42b,
Billed Duration for Request b6bb3d64-292c-4a79-bb7e-52628714e42b: 103 ms
Input: 1000000,
Cold Start: false
Unique ID: aab1666a-c90a-413e-8fcc-9106c429a72f,
Billed Duration for Request aab1666a-c90a-413e-8fcc-9106c429a72f: 106 ms
Input: 1000000,
Cold Start: false
Unique ID: bcc2cd8d-fd1d-4ce3-ae33-cbd82cfa68d3,
Billed Duration for Request bcc2cd8d-fd1d-4ce3-ae33-cbd82cfa68d3: 107 ms
Input: 1000000,
Cold Start: false
Unique ID: 1f691536-2fa6-461b-b086-b10e2b447a09,
Billed Duration for Request 1f691536-2fa6-461b-b086-b10e2b447a09: 94 ms
Input: 1000000,
Cold Start: false
Unique ID: 9100b16f-1d45-4609-b0dc-ba47e473cb8a,
Billed Duration for Request 9100b16f-1d45-4609-b0dc-ba47e473cb8a: 95 ms
Input: 1000000,
Cold Start: false
Unique ID: f11c76aa-8fc2-45ef-9f82-45ccf9133034,
Billed Duration for Request f11c76aa-8fc2-45ef-9f82-45ccf9133034: 102 ms
Input: 1000000,
Cold Start: false
Unique ID: 347376cb-e540-4f3a-869c-97ffad1f8ea6,
Billed Duration for Request 347376cb-e540-4f3a-869c-97ffad1f8ea6: 93 ms
Input: 1000000,
Cold Start: false
Unique ID: 6862d38a-53c9-418e-9bb7-1ec23c8b01eb,
Billed Duration for Request 6862d38a-53c9-418e-9bb7-1ec23c8b01eb: 102 ms
Input: 1000000,
Cold Start: false
Unique ID: a6755b61-ae97-477c-9c18-e3674fcf6a2c,
Billed Duration for Request a6755b61-ae97-477c-9c18-e3674fcf6a2c: 94 ms
Input: 1000000,
Cold Start: false
Unique ID: 7de04429-de30-40a4-b6b3-6504146d0e1b,
Billed Duration for Request 7de04429-de30-40a4-b6b3-6504146d0e1b: 108 ms
Input: 1000000,
Cold Start: false
Unique ID: 919b2398-b025-4183-a021-fed8dc6b8961,
Billed Duration for Request 919b2398-b025-4183-a021-fed8dc6b8961: 94 ms
Input: 1000000,
Cold Start: false
Unique ID: 45ac0a88-5dd8-41ef-86a9-7ccb5829d25f,
Billed Duration for Request 45ac0a88-5dd8-41ef-86a9-7ccb5829d25f: 94 ms
Input: 1000000,
Cold Start: false
Unique ID: 8e13999e-ecb5-43a3-a017-615384b06fb6,
Billed Duration for Request 8e13999e-ecb5-43a3-a017-615384b06fb6: 90 ms
Input: 1000000,
Cold Start: false
Unique ID: cc520ce0-c780-4d78-9085-d5aabb725d09,
Billed Duration for Request cc520ce0-c780-4d78-9085-d5aabb725d09: 94 ms
Input: 1000000,
Cold Start: false
Unique ID: cb8637d1-e0df-472a-925e-81a4c8239141,
Billed Duration for Request cb8637d1-e0df-472a-925e-81a4c8239141: 93 ms
Input: 1000000,
Cold Start: false
Unique ID: 208d4a58-7d37-43ae-ae5d-e750fa8be3fd,
Billed Duration for Request 208d4a58-7d37-43ae-ae5d-e750fa8be3fd: 90 ms
Input: 1000000,
Cold Start: false
Unique ID: 515a9799-1b8f-4cf8-b057-b812b2b2c9f5,
Billed Duration for Request 515a9799-1b8f-4cf8-b057-b812b2b2c9f5: 94 ms
Input: 1000000,
Cold Start: false
Unique ID: a416016c-bfc0-4b55-aeca-b3e76cd47a8d,
Billed Duration for Request a416016c-bfc0-4b55-aeca-b3e76cd47a8d: 98 ms
Input: 1000000,
Cold Start: false
Unique ID: 5136a45b-89b0-44dd-b00c-5051866a2ce6,
Billed Duration for Request 5136a45b-89b0-44dd-b00c-5051866a2ce6: 106 ms
Input: 1000000,
Cold Start: false
Unique ID: ca8c731f-4776-414e-b148-8648cd145366,
Billed Duration for Request ca8c731f-4776-414e-b148-8648cd145366: 90 ms
Input: 1000000,
Cold Start: false
Unique ID: 8abe16d8-9be1-466f-bf9e-99fd9c536f65,
Billed Duration for Request 8abe16d8-9be1-466f-bf9e-99fd9c536f65: 108 ms
Input: 1000000,
Cold Start: false
Unique ID: e718b0f4-42ec-496e-9efb-e8b4f3814ed2,
Billed Duration for Request e718b0f4-42ec-496e-9efb-e8b4f3814ed2: 99 ms
Input: 1000000,
Cold Start: false
Unique ID: 22dd29e3-6e9f-4ff6-b569-eaecf466e7bc,
Billed Duration for Request 22dd29e3-6e9f-4ff6-b569-eaecf466e7bc: 102 ms
Input: 1000000,
Cold Start: false
Unique ID: a0b17553-6c8f-4215-8b1b-6d6de675930f,
Billed Duration for Request a0b17553-6c8f-4215-8b1b-6d6de675930f: 94 ms
Input: 1000000,
Cold Start: false
Unique ID: 504791eb-1f98-4744-ba5b-0ee8c44c5220,
Billed Duration for Request 504791eb-1f98-4744-ba5b-0ee8c44c5220: 101 ms
Input: 1000000,
Cold Start: false
Unique ID: 47f72116-f465-48f5-9a68-a72a9e2995f6,
Billed Duration for Request 47f72116-f465-48f5-9a68-a72a9e2995f6: 93 ms
Input: 1000000,
Cold Start: false
Unique ID: 4cc46c3a-0d6b-44f7-b35e-1283dd305e46,
Billed Duration for Request 4cc46c3a-0d6b-44f7-b35e-1283dd305e46: 94 ms
Input: 1000000,
Cold Start: false
Unique ID: 113244f4-3ace-4f7c-9289-99011a34fa18,
Billed Duration for Request 113244f4-3ace-4f7c-9289-99011a34fa18: 93 ms
Input: 1000000,
Cold Start: false
Unique ID: a887ec0e-6ff0-4fdd-ba45-a1de519dc2c8,
Billed Duration for Request a887ec0e-6ff0-4fdd-ba45-a1de519dc2c8: 107 ms
Input: 1000000,
Cold Start: false
Unique ID: be45604e-2bc0-49e6-85cc-e25593475ad2,
Billed Duration for Request be45604e-2bc0-49e6-85cc-e25593475ad2: 101 ms
Input: 1000000,
Cold Start: false
Unique ID: c024bb81-a574-4014-bf2b-6547ba1732db,
Billed Duration for Request c024bb81-a574-4014-bf2b-6547ba1732db: 106 ms
Input: 1000000,
Cold Start: false
Unique ID: efe70eec-22ed-4a00-b0f4-2a642be9f806,
Billed Duration for Request efe70eec-22ed-4a00-b0f4-2a642be9f806: 93 ms
Input: 1000000,
Cold Start: false
Unique ID: f39dfb55-3599-41f8-ba90-8721dedf6d63,
Billed Duration for Request f39dfb55-3599-41f8-ba90-8721dedf6d63: 106 ms
Input: 1000000,
Cold Start: false
Unique ID: c9fe3bf7-34cb-423f-9e4f-b280f572e195,
Billed Duration for Request c9fe3bf7-34cb-423f-9e4f-b280f572e195: 93 ms
Input: 1000000,
Cold Start: false
Unique ID: cd55be82-5b07-4d81-b059-3ae07fd1b650,
Billed Duration for Request cd55be82-5b07-4d81-b059-3ae07fd1b650: 93 ms
Input: 1000000,
Cold Start: false
Unique ID: 69f1f558-09bf-46c0-b9eb-89f924ca5e31,
Billed Duration for Request 69f1f558-09bf-46c0-b9eb-89f924ca5e31: 93 ms
Input: 1000000,
Cold Start: false
Unique ID: f69f96af-ee25-4612-a7e5-78280911bdd1,
Billed Duration for Request f69f96af-ee25-4612-a7e5-78280911bdd1: 93 ms
Input: 1000000,
Cold Start: false
Unique ID: 3ef226d6-ca25-453c-9adb-08bbb8341028,
Billed Duration for Request 3ef226d6-ca25-453c-9adb-08bbb8341028: 93 ms
Input: 1000000,
Cold Start: false
Unique ID: cb2fed12-f82b-4163-8345-c6103c686249,
Billed Duration for Request cb2fed12-f82b-4163-8345-c6103c686249: 89 ms
Input: 1000000,
Cold Start: false
Unique ID: a06e6614-d1c7-472c-9e73-1ce7c8fa9976,
Billed Duration for Request a06e6614-d1c7-472c-9e73-1ce7c8fa9976: 89 ms
Input: 1000000,
Cold Start: false
Unique ID: 41c632a4-4154-4424-9cf4-03b8d1787e24,
Billed Duration for Request 41c632a4-4154-4424-9cf4-03b8d1787e24: 93 ms
Input: 1000000,
Cold Start: false
Unique ID: c3f58f91-945c-453d-aa6f-53807a472a44,
Billed Duration for Request c3f58f91-945c-453d-aa6f-53807a472a44: 94 ms
Input: 1000000,
Cold Start: false
Unique ID: 08cc6023-58cd-4750-a3b9-b317a027fba7,
Billed Duration for Request 08cc6023-58cd-4750-a3b9-b317a027fba7: 93 ms
Input: 1000000,
Cold Start: false
Unique ID: 4d3046eb-e2ee-4353-9ed4-a657ae9d066b,
Billed Duration for Request 4d3046eb-e2ee-4353-9ed4-a657ae9d066b: 91 ms
Input: 1000000,
Cold Start: false
Unique ID: 0b2708ea-c8f2-4065-a3d6-deb71cda00bd,
Billed Duration for Request 0b2708ea-c8f2-4065-a3d6-deb71cda00bd: 124 ms
Input: 1000000,
Cold Start: false
Unique ID: 6127d8aa-88ea-4fe1-8a46-a62165294c4f,
Billed Duration for Request 6127d8aa-88ea-4fe1-8a46-a62165294c4f: 102 ms
Input: 1000000,
Cold Start: false
Unique ID: 73eafa5c-bd56-4c5f-8196-11c18954de91,
Billed Duration for Request 73eafa5c-bd56-4c5f-8196-11c18954de91: 94 ms
Input: 1000000,
Cold Start: false
Unique ID: 5745cee2-65ba-4569-a675-bd3c17ebed58,
Billed Duration for Request 5745cee2-65ba-4569-a675-bd3c17ebed58: 94 ms
Input: 1000000,
Cold Start: false
Unique ID: bcb85287-8a93-4bb8-ae33-df91b6581e0f,
Billed Duration for Request bcb85287-8a93-4bb8-ae33-df91b6581e0f: 102 ms
Input: 1000000,
Cold Start: false
Unique ID: adfa811f-b617-4381-8927-f10126df8e56,
Billed Duration for Request adfa811f-b617-4381-8927-f10126df8e56: 106 ms
Input: 1000000,
Cold Start: false
Unique ID: 9a7daebf-65c6-45ef-91e1-05b551224431,
Billed Duration for Request 9a7daebf-65c6-45ef-91e1-05b551224431: 102 ms
Input: 1000000,
Cold Start: false
Unique ID: 58c79939-7d28-4b80-9772-245a7c41d3c2,
Billed Duration for Request 58c79939-7d28-4b80-9772-245a7c41d3c2: 102 ms
Input: 1000000,
Cold Start: false
Unique ID: d3cb90d6-71ee-4fd4-b6a4-3beb7e9104e5,
Billed Duration for Request d3cb90d6-71ee-4fd4-b6a4-3beb7e9104e5: 102 ms
Input: 1000000,
Cold Start: false
Unique ID: e6b5c4ba-46fc-4858-88ce-598bcbe9e0cd,
Billed Duration for Request e6b5c4ba-46fc-4858-88ce-598bcbe9e0cd: 106 ms
Input: 1000000,
Cold Start: false
Unique ID: 01e713ed-2053-4b40-b10b-5e0ea36b370a,
Billed Duration for Request 01e713ed-2053-4b40-b10b-5e0ea36b370a: 94 ms
Input: 1000000,
Cold Start: false
Unique ID: 56ec00ad-c11e-4b55-88cf-dcbd0b7e26d7,
Billed Duration for Request 56ec00ad-c11e-4b55-88cf-dcbd0b7e26d7: 101 ms
Input: 1000000,
Cold Start: false
Unique ID: 730d4f58-3fb5-48ec-bd30-ed5259e8d0fa,
Billed Duration for Request 730d4f58-3fb5-48ec-bd30-ed5259e8d0fa: 106 ms
Input: 1000000,
Cold Start: false
Unique ID: 3a8dff07-3e66-4902-824b-d3ac0a7f34ee,
Billed Duration for Request 3a8dff07-3e66-4902-824b-d3ac0a7f34ee: 106 ms
Input: 1000000,
Cold Start: false
Unique ID: 0bfe4d04-8ea3-417b-ae09-c86d5cf520cd,
Billed Duration for Request 0bfe4d04-8ea3-417b-ae09-c86d5cf520cd: 106 ms
Input: 1000000,
Cold Start: false
Unique ID: e2ed83f9-ff02-4c01-9349-b3e5b897ed50,
Billed Duration for Request e2ed83f9-ff02-4c01-9349-b3e5b897ed50: 106 ms
Input: 1000000,
Cold Start: false
Unique ID: 33f06bd0-d7d5-4d08-9be4-8a2b43e141cd,
Billed Duration for Request 33f06bd0-d7d5-4d08-9be4-8a2b43e141cd: 102 ms
Input: 1000000,
Cold Start: false
Unique ID: 5ae5f912-ba03-495e-b74d-b4cdb896c88c,
Billed Duration for Request 5ae5f912-ba03-495e-b74d-b4cdb896c88c: 106 ms
Input: 1000000,
Cold Start: false
Unique ID: 18ed454e-93a1-46c6-aa51-c1850756bd3f,
Billed Duration for Request 18ed454e-93a1-46c6-aa51-c1850756bd3f: 106 ms
Input: 1000000,
Cold Start: false
Unique ID: 65e8c571-5c0a-4d0c-ac68-2cb488282f93,
Billed Duration for Request 65e8c571-5c0a-4d0c-ac68-2cb488282f93: 104 ms
Input: 1000000,
Cold Start: false
Unique ID: 6e3a1af5-0f7d-46dc-984e-b256a2f31cf5,
Billed Duration for Request 6e3a1af5-0f7d-46dc-984e-b256a2f31cf5: 98 ms
Input: 1000000,
Cold Start: false
Unique ID: 6d95e5ea-5551-4001-b1ba-dc34eb46faeb,
Billed Duration for Request 6d95e5ea-5551-4001-b1ba-dc34eb46faeb: 103 ms
Input: 1000000,
Cold Start: false
Unique ID: 4adbaa85-69ed-431a-bfc5-5e0dc9692278,
Billed Duration for Request 4adbaa85-69ed-431a-bfc5-5e0dc9692278: 106 ms
Input: 1000000,
Cold Start: false
Unique ID: 267b5911-1519-4984-805e-243f6f795ba7,
Billed Duration for Request 267b5911-1519-4984-805e-243f6f795ba7: 98 ms
Input: 1000000,
Cold Start: false
Unique ID: b33f76c0-7c5f-4197-a330-a8dc33ccf032,
Billed Duration for Request b33f76c0-7c5f-4197-a330-a8dc33ccf032: 102 ms
Input: 1000000,
Cold Start: false
Unique ID: ad0a136c-e72a-4485-b60d-a831a7f6fb21,
Billed Duration for Request ad0a136c-e72a-4485-b60d-a831a7f6fb21: 102 ms
Input: 1000000,
Cold Start: false
Unique ID: cf742209-e0c2-4277-bb43-210507c30aaa,
Billed Duration for Request cf742209-e0c2-4277-bb43-210507c30aaa: 90 ms
Input: 1000000,
Cold Start: false
Unique ID: 9a8c100d-df8f-4405-8971-1e06012ead18,
Billed Duration for Request 9a8c100d-df8f-4405-8971-1e06012ead18: 101 ms
Input: 1000000,
Cold Start: false
Unique ID: ae325144-00b1-471a-864c-b4b605787eac,
Billed Duration for Request ae325144-00b1-471a-864c-b4b605787eac: 102 ms
Input: 1000000,
Cold Start: false
Unique ID: d482c3ff-5360-41f3-baf1-0e59ca099c47,
Billed Duration for Request d482c3ff-5360-41f3-baf1-0e59ca099c47: 108 ms
Input: 1000000,
Cold Start: false
Unique ID: 0b0c2254-f13d-4cb7-8d60-7d2e4deeb9f0,
Billed Duration for Request 0b0c2254-f13d-4cb7-8d60-7d2e4deeb9f0: 94 ms
Input: 1000000,
Cold Start: false
Unique ID: ffbb2cf2-7a7f-4249-b6bf-d2dfa29bcb6f,
Billed Duration for Request ffbb2cf2-7a7f-4249-b6bf-d2dfa29bcb6f: 95 ms
Input: 1000000,
Cold Start: false
Unique ID: 9d6b3d8b-575b-41b6-9c93-36d361b0b6ec,
Billed Duration for Request 9d6b3d8b-575b-41b6-9c93-36d361b0b6ec: 105 ms
Input: 1000000,
Cold Start: false
Unique ID: d8049835-19b1-4fe5-9b3d-8b853231bc4c,
Billed Duration for Request d8049835-19b1-4fe5-9b3d-8b853231bc4c: 108 ms
Input: 1000000,
Cold Start: false
Unique ID: 80c69eb1-4ec4-4947-aec2-0a9645e2dc47,
Billed Duration for Request 80c69eb1-4ec4-4947-aec2-0a9645e2dc47: 97 ms
Input: 1000000,
Cold Start: false
Unique ID: 5415874d-c666-4d71-867f-f66674ce8880,
Billed Duration for Request 5415874d-c666-4d71-867f-f66674ce8880: 103 ms
Input: 1000000,
Cold Start: false
Unique ID: 62b52ddd-6d5e-47b1-8c2f-d2bc1e46c6d7,
Billed Duration for Request 62b52ddd-6d5e-47b1-8c2f-d2bc1e46c6d7: 98 ms
Input: 1000000,
Cold Start: false
Unique ID: d0fae58e-adeb-4e70-869c-0cd76707c825,
Billed Duration for Request d0fae58e-adeb-4e70-869c-0cd76707c825: 102 ms
Input: 1000000,
Cold Start: false
Unique ID: c6587f19-59a2-48da-8145-5cfebad82598,
Billed Duration for Request c6587f19-59a2-48da-8145-5cfebad82598: 106 ms
Input: 1000000,
Cold Start: false
Unique ID: a3ad1807-6468-4ec5-8645-37a20b7897ac,
Billed Duration for Request a3ad1807-6468-4ec5-8645-37a20b7897ac: 102 ms
Input: 1000000,
Cold Start: false
Unique ID: f259d89e-ec86-45be-9c5c-95afe2c39cc5,
Billed Duration for Request f259d89e-ec86-45be-9c5c-95afe2c39cc5: 107 ms
Input: 1000000,
Cold Start: false
Unique ID: 0cee736f-5d08-488b-9d1a-c0138a5d30ab,
Billed Duration for Request 0cee736f-5d08-488b-9d1a-c0138a5d30ab: 101 ms
Input: 1000000,
Cold Start: false
Unique ID: 250d783e-82ad-4f1e-bd37-e16813fd95ce,
Billed Duration for Request 250d783e-82ad-4f1e-bd37-e16813fd95ce: 97 ms
Input: 1000000,
Cold Start: false
Unique ID: ab84fcdf-a265-4720-b89c-7702a44adad8,
Billed Duration for Request ab84fcdf-a265-4720-b89c-7702a44adad8: 101 ms
Input: 1000000,
Cold Start: false
Unique ID: 9bf46b1c-e506-4cdd-b00e-4da518fdae96,
Billed Duration for Request 9bf46b1c-e506-4cdd-b00e-4da518fdae96: 89 ms
Input: 1000000,
Cold Start: false
Unique ID: ae08e8c2-3707-4006-ba52-ff4ec4e97db7,
Billed Duration for Request ae08e8c2-3707-4006-ba52-ff4ec4e97db7: 89 ms
Input: 1000000,
Cold Start: false
Unique ID: e2a556d4-583a-415e-9f00-0c2b34949375,
Billed Duration for Request e2a556d4-583a-415e-9f00-0c2b34949375: 89 ms
Input: 1000000,
Cold Start: false
Unique ID: 8d021a46-d62d-4d09-9ee0-a64f6e623d25,
Billed Duration for Request 8d021a46-d62d-4d09-9ee0-a64f6e623d25: 90 ms
Input: 1000000,
Cold Start: false
Unique ID: b8122808-d2e5-4dc3-80ca-3a26db3dee62,
Billed Duration for Request b8122808-d2e5-4dc3-80ca-3a26db3dee62: 103 ms
Input: 1000000,
Cold Start: false
Unique ID: 48c77342-f9c4-434d-8794-5584dcd683e8,
Billed Duration for Request 48c77342-f9c4-434d-8794-5584dcd683e8: 94 ms
Input: 1000000,
Cold Start: false
Unique ID: 2c9e40d2-bf5a-42ed-82df-647b5a4e1c71,
Billed Duration for Request 2c9e40d2-bf5a-42ed-82df-647b5a4e1c71: 124 ms
Input: 1000000,
Cold Start: false
Unique ID: 59ec7541-222f-44aa-8652-c885c3c98055,
Billed Duration for Request 59ec7541-222f-44aa-8652-c885c3c98055: 102 ms
Input: 1000000,
Cold Start: false
Unique ID: b3219d43-e591-4b75-aebb-1110f35056b4,
Billed Duration for Request b3219d43-e591-4b75-aebb-1110f35056b4: 94 ms
Input: 1000000,
Cold Start: false
Unique ID: 3fdae2cd-f403-4244-a5af-2e863a8f6b55,
Billed Duration for Request 3fdae2cd-f403-4244-a5af-2e863a8f6b55: 90 ms
Input: 1000000,
Cold Start: false
Unique ID: a5b83b9b-59b4-4552-8924-d1ad391f0b42,
Billed Duration for Request a5b83b9b-59b4-4552-8924-d1ad391f0b42: 94 ms
Input: 1000000,
Cold Start: false
Unique ID: 0ff72ae9-f806-45e7-a6f8-1f55664911bf,
Billed Duration for Request 0ff72ae9-f806-45e7-a6f8-1f55664911bf: 97 ms
Input: 1000000,
Cold Start: false
Unique ID: 08e4c876-43d1-4e90-b852-addf44f7a75a,
Billed Duration for Request 08e4c876-43d1-4e90-b852-addf44f7a75a: 97 ms
Input: 1000000,
Cold Start: false
Unique ID: 8f785af7-df9e-47c6-a624-8e0a203f77ee,
Billed Duration for Request 8f785af7-df9e-47c6-a624-8e0a203f77ee: 90 ms
Input: 1000000,
Cold Start: false
Unique ID: e52414ed-0eb2-4104-80c3-2107f93df97b,
Billed Duration for Request e52414ed-0eb2-4104-80c3-2107f93df97b: 93 ms
Input: 1000000,
Cold Start: false
Unique ID: b5d8cc64-8520-4f37-aa1f-c8fb84f8b021,
Billed Duration for Request b5d8cc64-8520-4f37-aa1f-c8fb84f8b021: 93 ms
Input: 1000000,
Cold Start: false
Unique ID: 754bea36-ae03-4b46-8b93-f15a47a64592,
Billed Duration for Request 754bea36-ae03-4b46-8b93-f15a47a64592: 93 ms
Input: 1000000,
Cold Start: false
Unique ID: a681761e-8a01-498e-9341-d200cf639e84,
Billed Duration for Request a681761e-8a01-498e-9341-d200cf639e84: 98 ms
Input: 1000000,
Cold Start: false
Unique ID: 1106136e-6423-4d06-85d9-baaaebf42af2,
Billed Duration for Request 1106136e-6423-4d06-85d9-baaaebf42af2: 93 ms
Input: 1000000,
Cold Start: false
Unique ID: ba90ba7f-bb52-4389-a1b9-7548e10a24f7,
Billed Duration for Request ba90ba7f-bb52-4389-a1b9-7548e10a24f7: 94 ms
Input: 1000000,
Cold Start: false
Unique ID: c150113b-64b0-4e48-98bd-27bd91ea0795,
Billed Duration for Request c150113b-64b0-4e48-98bd-27bd91ea0795: 102 ms
Input: 1000000,
Cold Start: false
Unique ID: 50c1ca3f-cc8c-4249-92a1-18f35f504731,
Billed Duration for Request 50c1ca3f-cc8c-4249-92a1-18f35f504731: 102 ms
Input: 1000000,
Cold Start: false
Unique ID: 9fb3c08a-2969-4395-a03a-93c02fb17c61,
Billed Duration for Request 9fb3c08a-2969-4395-a03a-93c02fb17c61: 106 ms
Input: 1000000,
Cold Start: false
Unique ID: e3d9a15e-74fc-420b-acd4-7d21e4eb131b,
Billed Duration for Request e3d9a15e-74fc-420b-acd4-7d21e4eb131b: 94 ms
Input: 1000000,
Cold Start: false
Unique ID: 57cab1a8-c77b-48cc-b2ae-a3ddf95f8041,
Billed Duration for Request 57cab1a8-c77b-48cc-b2ae-a3ddf95f8041: 93 ms
Input: 1000000,
Cold Start: false
Unique ID: 24c3500c-c7d1-4b42-a7ed-a87c94e39a8f,
Billed Duration for Request 24c3500c-c7d1-4b42-a7ed-a87c94e39a8f: 94 ms
Input: 1000000,
Cold Start: false
Unique ID: 171e5af9-8def-4ecf-9e23-84d9a4251b09,
Billed Duration for Request 171e5af9-8def-4ecf-9e23-84d9a4251b09: 98 ms
Input: 1000000,
Cold Start: false
Unique ID: f9a7c146-1212-43ee-b350-77e8206e2256,
Billed Duration for Request f9a7c146-1212-43ee-b350-77e8206e2256: 99 ms
Input: 1000000,
Cold Start: false
Unique ID: c98a0fea-6fb4-431c-8b7e-800cc86cc723,
Billed Duration for Request c98a0fea-6fb4-431c-8b7e-800cc86cc723: 94 ms
Input: 1000000,
Cold Start: false
Unique ID: 373714a3-e114-427b-bef5-6ce282b0972b,
Billed Duration for Request 373714a3-e114-427b-bef5-6ce282b0972b: 94 ms
Input: 1000000,
Cold Start: false
Unique ID: 761c36b0-bddb-418c-9e9e-fbbeec6de653,
Billed Duration for Request 761c36b0-bddb-418c-9e9e-fbbeec6de653: 94 ms
Input: 1000000,
Cold Start: false
Unique ID: c9368b8b-90ff-4a36-9472-d9e240bfd9de,
Billed Duration for Request c9368b8b-90ff-4a36-9472-d9e240bfd9de: 94 ms
Input: 1000000,
Cold Start: false
Unique ID: 5fb1ea01-c6e8-4b7b-9e9b-e0540c37deba,
Billed Duration for Request 5fb1ea01-c6e8-4b7b-9e9b-e0540c37deba: 95 ms
Input: 1000000,
Cold Start: false
Unique ID: d481ad73-de15-444b-ade9-6c080b9baf1b,
Billed Duration for Request d481ad73-de15-444b-ade9-6c080b9baf1b: 94 ms
Input: 1000000,
Cold Start: false
Unique ID: 10faecc5-e29c-4603-ac15-587130d5c82e,
Billed Duration for Request 10faecc5-e29c-4603-ac15-587130d5c82e: 94 ms
Input: 1000000,
Cold Start: false
Unique ID: 4bdd53d3-7711-4203-948b-060c3c1b91e4,
Billed Duration for Request 4bdd53d3-7711-4203-948b-060c3c1b91e4: 99 ms
Input: 1000000,
Cold Start: false
Unique ID: d88c594b-ee9c-486c-8708-984ed7c534d7,
Billed Duration for Request d88c594b-ee9c-486c-8708-984ed7c534d7: 94 ms
Input: 1000000,
Cold Start: false
Unique ID: 5b64bb26-5346-4b0f-bd0c-755ebe417a6e,
Billed Duration for Request 5b64bb26-5346-4b0f-bd0c-755ebe417a6e: 94 ms
Input: 1000000,
Cold Start: false
Unique ID: 0f3d5e3c-d2d2-4a2c-9fb2-5590c4a0d8e5,
Billed Duration for Request 0f3d5e3c-d2d2-4a2c-9fb2-5590c4a0d8e5: 98 ms
Input: 1000000,
Cold Start: false
Unique ID: c6dfe504-a2a0-4889-b15e-6e62c0644a09,
Billed Duration for Request c6dfe504-a2a0-4889-b15e-6e62c0644a09: 98 ms
Input: 1000000,
Cold Start: false
Unique ID: ba919b4f-f9c3-4da2-b073-270e8761aba9,
Billed Duration for Request ba919b4f-f9c3-4da2-b073-270e8761aba9: 94 ms
Input: 1000000,
Cold Start: false
Unique ID: 4751f587-b35b-41d7-aead-7d8f60e1c332,
Billed Duration for Request 4751f587-b35b-41d7-aead-7d8f60e1c332: 94 ms
Input: 1000000,
Cold Start: false
Unique ID: 07faf47e-fb90-4dc1-bbf9-47aef5b2d039,
Billed Duration for Request 07faf47e-fb90-4dc1-bbf9-47aef5b2d039: 94 ms
Input: 1000000,
Cold Start: false
Unique ID: 06fedfa8-aadf-42f6-aa73-05c0861174da,
Billed Duration for Request 06fedfa8-aadf-42f6-aa73-05c0861174da: 95 ms
Input: 1000000,
Cold Start: false
Unique ID: 39aa4be0-3fb2-4e7e-ab99-a7bf08b120c0,
Billed Duration for Request 39aa4be0-3fb2-4e7e-ab99-a7bf08b120c0: 102 ms
Input: 1000000,
Cold Start: false
Unique ID: b40072ed-51ae-4b0a-bc60-4f569974bf0c,
Billed Duration for Request b40072ed-51ae-4b0a-bc60-4f569974bf0c: 94 ms
Input: 1000000,
Cold Start: false
Unique ID: ae98a016-791d-4b27-b6be-4c04c1b8e0ef,
Billed Duration for Request ae98a016-791d-4b27-b6be-4c04c1b8e0ef: 98 ms
Input: 1000000,
Cold Start: false
Unique ID: 4ef453a7-16e8-4499-b163-11ec3d931b0b,
Billed Duration for Request 4ef453a7-16e8-4499-b163-11ec3d931b0b: 106 ms
Input: 1000000,
Cold Start: false
Unique ID: 89dcdc54-a553-4134-85ee-ba37eca0bbf6,
Billed Duration for Request 89dcdc54-a553-4134-85ee-ba37eca0bbf6: 98 ms
Input: 1000000,
Cold Start: false
Unique ID: 854c719d-f0cb-47be-9083-97103fe23d67,
Billed Duration for Request 854c719d-f0cb-47be-9083-97103fe23d67: 106 ms
Input: 1000000,
Cold Start: false
Unique ID: fcb0e76d-c2de-4cde-b2ea-385469b08754,
Billed Duration for Request fcb0e76d-c2de-4cde-b2ea-385469b08754: 98 ms
Input: 1000000,
Cold Start: false
Unique ID: c8040c88-2801-4f71-becc-2f753d88a6ac,
Billed Duration for Request c8040c88-2801-4f71-becc-2f753d88a6ac: 94 ms
Input: 1000000,
Cold Start: false
Unique ID: e1683374-d9c4-44b7-9c63-ba88b5b62f16,
Billed Duration for Request e1683374-d9c4-44b7-9c63-ba88b5b62f16: 97 ms
Input: 1000000,
Cold Start: false
Unique ID: 7b86a772-5559-453d-835c-2abe2a3396c2,
Billed Duration for Request 7b86a772-5559-453d-835c-2abe2a3396c2: 94 ms
Input: 1000000,
Cold Start: false
Unique ID: 2f08715d-cabd-4e0a-8b3a-59f313c8159d,
Billed Duration for Request 2f08715d-cabd-4e0a-8b3a-59f313c8159d: 94 ms
Input: 1000000,
Cold Start: false
Unique ID: 3f3ba55a-573d-497f-98ec-d8432e1c3288,
Billed Duration for Request 3f3ba55a-573d-497f-98ec-d8432e1c3288: 93 ms
Input: 1000000,
Cold Start: false
Unique ID: 6f11f9ac-e469-4e61-b6e2-713af230fe46,
Billed Duration for Request 6f11f9ac-e469-4e61-b6e2-713af230fe46: 123 ms
Input: 1000000,
Cold Start: false
Unique ID: ca345aea-ae95-42e1-bc84-4cfa0615cc63,
Billed Duration for Request ca345aea-ae95-42e1-bc84-4cfa0615cc63: 94 ms
Input: 1000000,
Cold Start: false
Unique ID: 59f3d75a-6f50-4756-bea1-47685c3ede60,
Billed Duration for Request 59f3d75a-6f50-4756-bea1-47685c3ede60: 94 ms
Input: 1000000,
Cold Start: false
Unique ID: 8b320ff0-2267-4cf7-928e-093b6b1b630d,
Billed Duration for Request 8b320ff0-2267-4cf7-928e-093b6b1b630d: 90 ms
Input: 1000000,
Cold Start: false
Unique ID: 1395c68e-2b33-443b-8b93-8a463e4e80a2,
Billed Duration for Request 1395c68e-2b33-443b-8b93-8a463e4e80a2: 94 ms
Input: 1000000,
Cold Start: false
Unique ID: f15a4c69-51e6-4903-bdf3-b0c93fc95b24,
Billed Duration for Request f15a4c69-51e6-4903-bdf3-b0c93fc95b24: 94 ms
Input: 1000000,
Cold Start: false
Unique ID: ec1d3542-c084-4b47-881d-248903c57ac7,
Billed Duration for Request ec1d3542-c084-4b47-881d-248903c57ac7: 98 ms
Input: 1000000,
Cold Start: false
Unique ID: f7335dc7-4af7-4ff6-ba6b-a769020ec8f6,
Billed Duration for Request f7335dc7-4af7-4ff6-ba6b-a769020ec8f6: 94 ms
Input: 1000000,
Cold Start: false
Unique ID: bf111b8f-b859-40ea-8697-df3590dd48b4,
Billed Duration for Request bf111b8f-b859-40ea-8697-df3590dd48b4: 97 ms
Input: 1000000,
Cold Start: false
Unique ID: 3e55c382-e295-4188-958d-2ed5f3165fbb,
Billed Duration for Request 3e55c382-e295-4188-958d-2ed5f3165fbb: 97 ms
Input: 1000000,
Cold Start: false
Unique ID: 8386b335-225e-4ce5-965b-718c953e75c0,
Billed Duration for Request 8386b335-225e-4ce5-965b-718c953e75c0: 94 ms
Input: 1000000,
Cold Start: false
Unique ID: d1fc83de-fc01-41f0-98d2-3fde5f591bdd,
Billed Duration for Request d1fc83de-fc01-41f0-98d2-3fde5f591bdd: 93 ms
Input: 1000000,
Cold Start: false
Unique ID: cca93128-3afd-4363-a3ad-73da16dac5dd,
Billed Duration for Request cca93128-3afd-4363-a3ad-73da16dac5dd: 97 ms
Input: 1000000,
Cold Start: false
Unique ID: ac226051-b53b-4726-bfba-0d3c9cb03577,
Billed Duration for Request ac226051-b53b-4726-bfba-0d3c9cb03577: 98 ms
Input: 1000000,
Cold Start: false
Unique ID: 1702b030-1382-4cba-8050-97f9cec09a22,
Billed Duration for Request 1702b030-1382-4cba-8050-97f9cec09a22: 94 ms
Input: 1000000,
Cold Start: false
Unique ID: 599a63fa-411f-4561-be11-618fbec256c3,
Billed Duration for Request 599a63fa-411f-4561-be11-618fbec256c3: 94 ms
Input: 1000000,
Cold Start: false
Unique ID: 825efd96-5a90-43ff-b9be-2fe8b9256529,
Billed Duration for Request 825efd96-5a90-43ff-b9be-2fe8b9256529: 94 ms
Input: 1000000,
Cold Start: false
Unique ID: ce613429-0e06-42c1-bddd-1d97f60a45e5,
Billed Duration for Request ce613429-0e06-42c1-bddd-1d97f60a45e5: 97 ms
Input: 1000000,
Cold Start: false
Unique ID: 325eddcc-c6c1-42fb-af8e-a30252763957,
Billed Duration for Request 325eddcc-c6c1-42fb-af8e-a30252763957: 94 ms
Input: 1000000,
Cold Start: false
Unique ID: be312b64-1f54-4f3d-aeec-73202a3fb8e3,
Billed Duration for Request be312b64-1f54-4f3d-aeec-73202a3fb8e3: 108 ms
Input: 1000000,
Cold Start: false
Unique ID: f6c178a9-a963-4c42-ae19-b2550321a2a5,
Billed Duration for Request f6c178a9-a963-4c42-ae19-b2550321a2a5: 107 ms
Input: 1000000,
Cold Start: false
Unique ID: 6e138db1-7b30-4df9-985a-f6c68578ecea,
Billed Duration for Request 6e138db1-7b30-4df9-985a-f6c68578ecea: 94 ms
Input: 1000000,
Cold Start: false
Unique ID: af06abc4-8063-40d7-8bbb-d1d0cfca6528,
Billed Duration for Request af06abc4-8063-40d7-8bbb-d1d0cfca6528: 94 ms
Input: 1000000,
Cold Start: false
Unique ID: a66612f7-6957-4238-a8fd-c0dd6df6fb9a,
Billed Duration for Request a66612f7-6957-4238-a8fd-c0dd6df6fb9a: 107 ms
Input: 1000000,
Cold Start: false
Unique ID: 607a1680-ad36-4a9c-9d3c-a1aec64acf79,
Billed Duration for Request 607a1680-ad36-4a9c-9d3c-a1aec64acf79: 98 ms
Input: 1000000,
Cold Start: false
Unique ID: 0fb3fe48-2546-428d-9b07-ca8d45105213,
Billed Duration for Request 0fb3fe48-2546-428d-9b07-ca8d45105213: 97 ms
Input: 1000000,
Cold Start: false
Unique ID: 94c20e56-93a4-40c4-b793-b969213d059e,
Billed Duration for Request 94c20e56-93a4-40c4-b793-b969213d059e: 102 ms
Input: 1000000,
Cold Start: false
Unique ID: ef738d3f-e5cd-4449-83cc-2223aac443de,
Billed Duration for Request ef738d3f-e5cd-4449-83cc-2223aac443de: 94 ms
Input: 1000000,
Cold Start: false
Unique ID: c40977a0-a9e1-4ddf-abed-2e05e6185ea6,
Billed Duration for Request c40977a0-a9e1-4ddf-abed-2e05e6185ea6: 93 ms
Input: 1000000,
Cold Start: false
Unique ID: ce25d82d-6475-428e-b168-c5776f3a95c4,
Billed Duration for Request ce25d82d-6475-428e-b168-c5776f3a95c4: 97 ms
Input: 1000000,
Cold Start: false
Unique ID: 408d63df-7134-4321-a8e8-8a003bb25317,
Billed Duration for Request 408d63df-7134-4321-a8e8-8a003bb25317: 98 ms
Input: 1000000,
Cold Start: false
Unique ID: 2f508685-1a81-4a05-906d-083d5331724d,
Billed Duration for Request 2f508685-1a81-4a05-906d-083d5331724d: 106 ms
Input: 1000000,
Cold Start: false
Unique ID: d9eb3c61-cfd3-4484-a537-e5ebc268fa56,
Billed Duration for Request d9eb3c61-cfd3-4484-a537-e5ebc268fa56: 106 ms
Input: 1000000,
Cold Start: false
Unique ID: c1162942-9ff0-4d6f-82b4-cc000dd312f1,
Billed Duration for Request c1162942-9ff0-4d6f-82b4-cc000dd312f1: 98 ms
Input: 1000000,
Cold Start: false
Unique ID: cd85e8e2-ea98-45cd-a436-32ed61bf317f,
Billed Duration for Request cd85e8e2-ea98-45cd-a436-32ed61bf317f: 98 ms
Input: 1000000,
Cold Start: false
Unique ID: d1f80579-5d58-447a-b2d5-62cc877a52c8,
Billed Duration for Request d1f80579-5d58-447a-b2d5-62cc877a52c8: 97 ms
Input: 1000000,
Cold Start: false
Unique ID: 53b4ab79-5956-45be-89ab-3c5b52874c5d,
Billed Duration for Request 53b4ab79-5956-45be-89ab-3c5b52874c5d: 98 ms
Input: 1000000,
Cold Start: false
Unique ID: fb33e48d-36b6-4b2a-87ec-d77e0865891b,
Billed Duration for Request fb33e48d-36b6-4b2a-87ec-d77e0865891b: 94 ms
Input: 1000000,
Cold Start: false
Unique ID: 9d1846b7-fa74-4ebf-9830-8d16956cb8e9,
Billed Duration for Request 9d1846b7-fa74-4ebf-9830-8d16956cb8e9: 97 ms
Input: 1000000,
Cold Start: false
Unique ID: aaa381a6-e119-470e-b077-6e847c519d1d,
Billed Duration for Request aaa381a6-e119-470e-b077-6e847c519d1d: 102 ms
Input: 1000000,
Cold Start: false
Unique ID: f1acf6be-d612-4ceb-bf78-118de7e5048e,
Billed Duration for Request f1acf6be-d612-4ceb-bf78-118de7e5048e: 98 ms
Input: 1000000,
Cold Start: false
Unique ID: 6ecd1af1-de50-4715-a579-befb83b85072,
Billed Duration for Request 6ecd1af1-de50-4715-a579-befb83b85072: 93 ms
Input: 1000000,
Cold Start: false
Unique ID: 44dd0622-3612-472d-b4ec-af615067e049,
Billed Duration for Request 44dd0622-3612-472d-b4ec-af615067e049: 93 ms
Input: 1000000,
Cold Start: false
Unique ID: 50974e17-c219-4130-81e5-98427a3558c9,
Billed Duration for Request 50974e17-c219-4130-81e5-98427a3558c9: 93 ms
Input: 1000000,
Cold Start: false
Unique ID: d33b2976-702e-4751-9ebd-e6fa67d7f27b,
Billed Duration for Request d33b2976-702e-4751-9ebd-e6fa67d7f27b: 97 ms
Input: 1000000,
Cold Start: false
Unique ID: 8f45327a-ad2e-4829-8a59-c77a44e21d0f,
Billed Duration for Request 8f45327a-ad2e-4829-8a59-c77a44e21d0f: 107 ms
Input: 1000000,
Cold Start: false
Unique ID: fc304e23-020c-405a-893f-6ed660f2b86f,
Billed Duration for Request fc304e23-020c-405a-893f-6ed660f2b86f: 107 ms
Input: 1000000,
Cold Start: false
Unique ID: 4337f178-17eb-47a3-84be-eccb0000f9d4,
Billed Duration for Request 4337f178-17eb-47a3-84be-eccb0000f9d4: 99 ms
Input: 1000000,
Cold Start: false
Unique ID: f349a48c-00e8-4e53-95d8-31d2068c9a87,
Billed Duration for Request f349a48c-00e8-4e53-95d8-31d2068c9a87: 94 ms
Input: 1000000,
Cold Start: false
Unique ID: 3541523d-9dd7-42d1-bc9a-2de2095534a5,
Billed Duration for Request 3541523d-9dd7-42d1-bc9a-2de2095534a5: 128 ms
Input: 1000000,
Cold Start: false
