Unique ID: 5a05e6895443ab54adb65f243dc13818,
Execution Time for Trace ID 5a05e6895443ab54adb65f243dc13818: 64 ms
Input: 1000000,
Cold Start: false
Unique ID: 78d60a437bb47146917b85d744dc164e,
Execution Time for Trace ID 78d60a437bb47146917b85d744dc164e: 34 ms
Input: 1000000,
Cold Start: false
Unique ID: 17ee7d07fac8ba134850a0e63a23683f,
Execution Time for Trace ID 17ee7d07fac8ba134850a0e63a23683f: 94 ms
Input: 1000000,
Cold Start: false
Unique ID: f4c579f6631962e06bb85a417a76b97a,
Execution Time for Trace ID f4c579f6631962e06bb85a417a76b97a: 33 ms
Input: 1000000,
Cold Start: false
Unique ID: 593d9eb7b932133403abb370915bb766,
Execution Time for Trace ID 593d9eb7b932133403abb370915bb766: 91 ms
Input: 1000000,
Cold Start: false
Unique ID: 89fab5aa9200b84fe79ccd12cda87ceb,
Execution Time for Trace ID 89fab5aa9200b84fe79ccd12cda87ceb: 157 ms
Input: 1000000,
Cold Start: false
Unique ID: 1a43ec031ff5b9eef07f836415d8a658,
Execution Time for Trace ID 1a43ec031ff5b9eef07f836415d8a658: 56 ms
Input: 1000000,
Cold Start: false
Unique ID: 643627d155e2d9d896041f990e6bcf54,
Execution Time for Trace ID 643627d155e2d9d896041f990e6bcf54: 87 ms
Input: 1000000,
Cold Start: false
Unique ID: 87a0ee5e7ccdc956f5be490e0547127a,
Execution Time for Trace ID 87a0ee5e7ccdc956f5be490e0547127a: 167 ms
Input: 1000000,
Cold Start: false
Unique ID: dc4a958cd39f8118acb60cd045e94771,
Execution Time for Trace ID dc4a958cd39f8118acb60cd045e94771: 55 ms
Input: 1000000,
Cold Start: false
Unique ID: 272f8f4d8ed6790863e7fcb6bb04a3bb,
Execution Time for Trace ID 272f8f4d8ed6790863e7fcb6bb04a3bb: 30 ms
Input: 1000000,
Cold Start: false
Unique ID: d0dc0049b0338951100d0a828cc972d7,
Execution Time for Trace ID d0dc0049b0338951100d0a828cc972d7: 60 ms
Input: 1000000,
Cold Start: false
Unique ID: 6aa4e56bdd4607db905bb4b4016a9a7f,
Execution Time for Trace ID 6aa4e56bdd4607db905bb4b4016a9a7f: 51 ms
Input: 1000000,
Cold Start: false
Unique ID: 3f69b04f08f0ba8ebc90c5b1f881d89f,
Execution Time for Trace ID 3f69b04f08f0ba8ebc90c5b1f881d89f: 28 ms
Input: 1000000,
Cold Start: false
Unique ID: de690a09acb83787b87705709954c4d5,
Execution Time for Trace ID de690a09acb83787b87705709954c4d5: 63 ms
Input: 1000000,
Cold Start: false
Unique ID: 800373b1cec71e3ee9720f298f37129f,
Execution Time for Trace ID 800373b1cec71e3ee9720f298f37129f: 56 ms
Input: 1000000,
Cold Start: false
Unique ID: d7d7bb35806ffb151a24e8753bfba196,
Execution Time for Trace ID d7d7bb35806ffb151a24e8753bfba196: 87 ms
Input: 1000000,
Cold Start: false
Unique ID: 003970878f50fed248e23e4e4e8b6235,
Execution Time for Trace ID 003970878f50fed248e23e4e4e8b6235: 57 ms
Input: 1000000,
Cold Start: false
Unique ID: db64d2e3fd69397503d657b1569733bf,
Execution Time for Trace ID db64d2e3fd69397503d657b1569733bf: 47 ms
Input: 1000000,
Cold Start: false
Unique ID: f7da29842d4e812a3e2aa08e38755ad4,
Execution Time for Trace ID f7da29842d4e812a3e2aa08e38755ad4: 29 ms
Input: 1000000,
Cold Start: false
Unique ID: 375ba4d043f3bef1a229ea763883f653,
Execution Time for Trace ID 375ba4d043f3bef1a229ea763883f653: 67 ms
Input: 1000000,
Cold Start: false
Unique ID: d6847406b5c500b57a83103b2e0bfcc6,
Execution Time for Trace ID d6847406b5c500b57a83103b2e0bfcc6: 30 ms
Input: 1000000,
Cold Start: false
Unique ID: 32fb1da9806f135421bac7165ebbe2d7,
Execution Time for Trace ID 32fb1da9806f135421bac7165ebbe2d7: 33 ms
Input: 1000000,
Cold Start: false
Unique ID: 561efae9ab5327a47a20178f9ed4b221,
Execution Time for Trace ID 561efae9ab5327a47a20178f9ed4b221: 114 ms
Input: 1000000,
Cold Start: false
Unique ID: a65dd4cdf893a9ec3180502c89f317bd,
Execution Time for Trace ID a65dd4cdf893a9ec3180502c89f317bd: 53 ms
Input: 1000000,
Cold Start: false
Unique ID: 1ae6f35d82a6de18484774fbe6814c8a,
Execution Time for Trace ID 1ae6f35d82a6de18484774fbe6814c8a: 27 ms
Input: 1000000,
Cold Start: false
Unique ID: 7feb889b4dc1fbda8e568b0494b8c145,
Execution Time for Trace ID 7feb889b4dc1fbda8e568b0494b8c145: 60 ms
Input: 1000000,
Cold Start: false
Unique ID: eab71cd54fe02b2c7ebb55e6d6559b79,
Execution Time for Trace ID eab71cd54fe02b2c7ebb55e6d6559b79: 46 ms
Input: 1000000,
Cold Start: false
Unique ID: 97285d65cfbae0d042df91d36de76caa,
Execution Time for Trace ID 97285d65cfbae0d042df91d36de76caa: 28 ms
Input: 1000000,
Cold Start: false
Unique ID: cd2452cc7dfdafa19874f5ed0c9a65ce,
Execution Time for Trace ID cd2452cc7dfdafa19874f5ed0c9a65ce: 57 ms
Input: 1000000,
Cold Start: false
Unique ID: dab33987a0acb8ed1d5f1499c47015af,
Execution Time for Trace ID dab33987a0acb8ed1d5f1499c47015af: 72 ms
Input: 1000000,
Cold Start: false
Unique ID: 86a3af93d8da0a2514f52bff6693cd17,
Execution Time for Trace ID 86a3af93d8da0a2514f52bff6693cd17: 30 ms
Input: 1000000,
Cold Start: false
Unique ID: 366916488056d840e349a2dd898cadf8,
Execution Time for Trace ID 366916488056d840e349a2dd898cadf8: 68 ms
Input: 1000000,
Cold Start: false
Unique ID: 682e3741942d2f9bc0aca3a874287d8e,
Execution Time for Trace ID 682e3741942d2f9bc0aca3a874287d8e: 66 ms
Input: 1000000,
Cold Start: false
Unique ID: 3b619381d7ae16452d3a599dab4ae456,
Execution Time for Trace ID 3b619381d7ae16452d3a599dab4ae456: 29 ms
Input: 1000000,
Cold Start: false
Unique ID: f5e9c6619d18eb259d65803b1817a4ed,
Execution Time for Trace ID f5e9c6619d18eb259d65803b1817a4ed: 60 ms
Input: 1000000,
Cold Start: false
Unique ID: ba13017854418cac3143ee58de4ce1a1,
Execution Time for Trace ID ba13017854418cac3143ee58de4ce1a1: 59 ms
Input: 1000000,
Cold Start: false
Unique ID: cd20436ebceb3373f5e7b2169fc66409,
Execution Time for Trace ID cd20436ebceb3373f5e7b2169fc66409: 29 ms
Input: 1000000,
Cold Start: false
Unique ID: 01f0188a855f8450e351874f50a73295,
Execution Time for Trace ID 01f0188a855f8450e351874f50a73295: 56 ms
Input: 1000000,
Cold Start: false
Unique ID: 2682e7dcced63b9d4c3c4806b21689ff,
Execution Time for Trace ID 2682e7dcced63b9d4c3c4806b21689ff: 56 ms
Input: 1000000,
Cold Start: false
Unique ID: 582bc9ac85646b1471510f283075e6fe,
Execution Time for Trace ID 582bc9ac85646b1471510f283075e6fe: 87 ms
Input: 1000000,
Cold Start: false
Unique ID: 621be29104b82c6336e520414e71c90e,
Execution Time for Trace ID 621be29104b82c6336e520414e71c90e: 61 ms
Input: 1000000,
Cold Start: false
Unique ID: 3e9169a3082c54f5bcd0aab62a5322df,
Execution Time for Trace ID 3e9169a3082c54f5bcd0aab62a5322df: 61 ms
Input: 1000000,
Cold Start: false
Unique ID: 0e84c4e6495a62f35c2b594949688247,
Execution Time for Trace ID 0e84c4e6495a62f35c2b594949688247: 27 ms
Input: 1000000,
Cold Start: false
Unique ID: e0a28d91f7566ee0fea50415a1555b5b,
Execution Time for Trace ID e0a28d91f7566ee0fea50415a1555b5b: 62 ms
Input: 1000000,
Cold Start: false
Unique ID: a379537e49ed4d7ef8db99eceb0a0512,
Execution Time for Trace ID a379537e49ed4d7ef8db99eceb0a0512: 33 ms
Input: 1000000,
Cold Start: false
Unique ID: c758db0235968949b0ed2ccfb81de0f6,
Execution Time for Trace ID c758db0235968949b0ed2ccfb81de0f6: 85 ms
Input: 1000000,
Cold Start: false
Unique ID: 0d16b573aa137edf7f9b024cfe3131c7,
Execution Time for Trace ID 0d16b573aa137edf7f9b024cfe3131c7: 66 ms
Input: 1000000,
Cold Start: false
Unique ID: cda0451e2ff1a6d6e90c4edf98f6ae09,
Execution Time for Trace ID cda0451e2ff1a6d6e90c4edf98f6ae09: 58 ms
Input: 1000000,
Cold Start: false
Unique ID: 9b0e85786af778b00ac585b836a41565,
Execution Time for Trace ID 9b0e85786af778b00ac585b836a41565: 36 ms
Input: 1000000,
Cold Start: false
Unique ID: f4dd7650ffe62758d1193daecbe2122d,
Execution Time for Trace ID f4dd7650ffe62758d1193daecbe2122d: 62 ms
Input: 1000000,
Cold Start: false
Unique ID: 4fe32a571676dd9d368f867bf6771966,
Execution Time for Trace ID 4fe32a571676dd9d368f867bf6771966: 52 ms
Input: 1000000,
Cold Start: false
Unique ID: 5ae2098c0f9c6769a11d5f66fc5dea60,
Execution Time for Trace ID 5ae2098c0f9c6769a11d5f66fc5dea60: 30 ms
Input: 1000000,
Cold Start: false
Unique ID: 717f9200276a7ea44828f6a2d6f7dba7,
Execution Time for Trace ID 717f9200276a7ea44828f6a2d6f7dba7: 63 ms
Input: 1000000,
Cold Start: false
Unique ID: 406fb88d5587ecb7b9df8ea3573d3e39,
Execution Time for Trace ID 406fb88d5587ecb7b9df8ea3573d3e39: 52 ms
Input: 1000000,
Cold Start: false
Unique ID: 0a9c05803ea1e696d7c71bcc92be2afb,
Execution Time for Trace ID 0a9c05803ea1e696d7c71bcc92be2afb: 29 ms
Input: 1000000,
Cold Start: false
Unique ID: bd491a64b1eebb86741d2ae66071fe1a,
Execution Time for Trace ID bd491a64b1eebb86741d2ae66071fe1a: 60 ms
Input: 1000000,
Cold Start: false
Unique ID: 7238a1b1c332eee465d0c056acbb26bf,
Execution Time for Trace ID 7238a1b1c332eee465d0c056acbb26bf: 67 ms
Input: 1000000,
Cold Start: false
Unique ID: 3df43f9ea51342acf3188da15c3d0c7d,
Execution Time for Trace ID 3df43f9ea51342acf3188da15c3d0c7d: 28 ms
Input: 1000000,
Cold Start: false
Unique ID: 4b31ac268a70744e4f918016140682ad,
Execution Time for Trace ID 4b31ac268a70744e4f918016140682ad: 70 ms
Input: 1000000,
Cold Start: false
Unique ID: 437167e6f89e8191301d5c71c54a3648,
Execution Time for Trace ID 437167e6f89e8191301d5c71c54a3648: 52 ms
Input: 1000000,
Cold Start: false
Unique ID: 8082e281acd3f89d28d9c3893550a333,
Execution Time for Trace ID 8082e281acd3f89d28d9c3893550a333: 30 ms
Input: 1000000,
Cold Start: false
Unique ID: ad8e998a4cf161951e3267aaac4bcb60,
Execution Time for Trace ID ad8e998a4cf161951e3267aaac4bcb60: 59 ms
Input: 1000000,
Cold Start: false
Unique ID: 213907a53aba7bac7f80b8c3ac239798,
Execution Time for Trace ID 213907a53aba7bac7f80b8c3ac239798: 57 ms
Input: 1000000,
Cold Start: false
Unique ID: 168a1336733ea78239da51dbdf7a1369,
Execution Time for Trace ID 168a1336733ea78239da51dbdf7a1369: 29 ms
Input: 1000000,
Cold Start: false
Unique ID: d7d513ceca01d34b3c15f6fca6d51475,
Execution Time for Trace ID d7d513ceca01d34b3c15f6fca6d51475: 57 ms
Input: 1000000,
Cold Start: false
Unique ID: 7ff084fdcd1e0fab7a04895e5056170a,
Execution Time for Trace ID 7ff084fdcd1e0fab7a04895e5056170a: 52 ms
Input: 1000000,
Cold Start: false
Unique ID: ef906d4e8bf1e0ac6a9375e166a9786a,
Execution Time for Trace ID ef906d4e8bf1e0ac6a9375e166a9786a: 62 ms
Input: 1000000,
Cold Start: false
Unique ID: f6ff36611fd4392d3d2924c82136352e,
Execution Time for Trace ID f6ff36611fd4392d3d2924c82136352e: 60 ms
Input: 1000000,
Cold Start: false
Unique ID: 9c9db2a8e025303f61814ea3ece27f83,
Execution Time for Trace ID 9c9db2a8e025303f61814ea3ece27f83: 55 ms
Input: 1000000,
Cold Start: false
Unique ID: 0e4642b767b5d3b2faeb25f65c89376d,
Execution Time for Trace ID 0e4642b767b5d3b2faeb25f65c89376d: 27 ms
Input: 1000000,
Cold Start: false
Unique ID: e974696bb3f47c750c709d6f8fd8fbc5,
Execution Time for Trace ID e974696bb3f47c750c709d6f8fd8fbc5: 60 ms
Input: 1000000,
Cold Start: false
Unique ID: 17620dc36973b90030d374709801ef06,
Execution Time for Trace ID 17620dc36973b90030d374709801ef06: 52 ms
Input: 1000000,
Cold Start: false
Unique ID: c852ad675c1514a8760b4d17ac218318,
Execution Time for Trace ID c852ad675c1514a8760b4d17ac218318: 61 ms
Input: 1000000,
Cold Start: false
Unique ID: 4ef6a0ee2887ecfcbe7c2ecfbe021637,
Execution Time for Trace ID 4ef6a0ee2887ecfcbe7c2ecfbe021637: 62 ms
Input: 1000000,
Cold Start: false
Unique ID: f1859886f100999a87be3a6d44a1db7d,
Execution Time for Trace ID f1859886f100999a87be3a6d44a1db7d: 59 ms
Input: 1000000,
Cold Start: false
Unique ID: 85868fe839273075d96dfa91aaaef28e,
Execution Time for Trace ID 85868fe839273075d96dfa91aaaef28e: 30 ms
Input: 1000000,
Cold Start: false
Unique ID: f2d7ee1d201ecbafc716c0cdb5befafb,
Execution Time for Trace ID f2d7ee1d201ecbafc716c0cdb5befafb: 58 ms
Input: 1000000,
Cold Start: false
Unique ID: aa4467d637e0bf2307f423791467d218,
Execution Time for Trace ID aa4467d637e0bf2307f423791467d218: 32 ms
Input: 1000000,
Cold Start: false
Unique ID: 84937dad33e23bb890ae2a2421d26ee6,
Execution Time for Trace ID 84937dad33e23bb890ae2a2421d26ee6: 56 ms
Input: 1000000,
Cold Start: false
Unique ID: 2123431dab9a8c5ee0652dbf2c71aa77,
Execution Time for Trace ID 2123431dab9a8c5ee0652dbf2c71aa77: 27 ms
Input: 1000000,
Cold Start: false
Unique ID: d2f5fb2b052f4ae6c451cd0a152d5f91,
Execution Time for Trace ID d2f5fb2b052f4ae6c451cd0a152d5f91: 63 ms
Input: 1000000,
Cold Start: false
Unique ID: 36dba55c80a92c2f2f0856146a68dcc8,
Execution Time for Trace ID 36dba55c80a92c2f2f0856146a68dcc8: 54 ms
Input: 1000000,
Cold Start: false
Unique ID: 52f57ecfe569a7e0dac6e0cef5144286,
Execution Time for Trace ID 52f57ecfe569a7e0dac6e0cef5144286: 72 ms
Input: 1000000,
Cold Start: false
Unique ID: 93e343f60f333e8065ab95cbc513d9e9,
Execution Time for Trace ID 93e343f60f333e8065ab95cbc513d9e9: 30 ms
Input: 1000000,
Cold Start: false
Unique ID: ea78b0fef165c9d28e696e9257bf5b18,
Execution Time for Trace ID ea78b0fef165c9d28e696e9257bf5b18: 29 ms
Input: 1000000,
Cold Start: false
Unique ID: 29e4d312f31693c813b313e5076b7cba,
Execution Time for Trace ID 29e4d312f31693c813b313e5076b7cba: 117 ms
Input: 1000000,
Cold Start: false
Unique ID: 5a0907c785afc6b1a10a37f04554f8bc,
Execution Time for Trace ID 5a0907c785afc6b1a10a37f04554f8bc: 51 ms
Input: 1000000,
Cold Start: false
Unique ID: f8616aaac153d926e6786624207a7fe3,
Execution Time for Trace ID f8616aaac153d926e6786624207a7fe3: 26 ms
Input: 1000000,
Cold Start: false
Unique ID: 4f57253dbee4bbb07d3273920d58fcd1,
Execution Time for Trace ID 4f57253dbee4bbb07d3273920d58fcd1: 59 ms
Input: 1000000,
Cold Start: false
Unique ID: 99af120ffbed0f0a9dea12360fc8d6eb,
Execution Time for Trace ID 99af120ffbed0f0a9dea12360fc8d6eb: 62 ms
Input: 1000000,
Cold Start: false
Unique ID: c22c2a97519709b9fe607647c0ccfdc4,
Execution Time for Trace ID c22c2a97519709b9fe607647c0ccfdc4: 27 ms
Input: 1000000,
Cold Start: false
Unique ID: 7fa90b6f238d633e4e9461bf9d7ec7ae,
Execution Time for Trace ID 7fa90b6f238d633e4e9461bf9d7ec7ae: 64 ms
Input: 1000000,
Cold Start: false
Unique ID: 7ca72eea0ea3517d7102d80d7953384b,
Execution Time for Trace ID 7ca72eea0ea3517d7102d80d7953384b: 61 ms
Input: 1000000,
Cold Start: false
Unique ID: 9d0c326abd3cdde275a9f6e8ad374c69,
Execution Time for Trace ID 9d0c326abd3cdde275a9f6e8ad374c69: 28 ms
Input: 1000000,
Cold Start: false
Unique ID: ec562c6c8d7ef17eb3a17514a65128ba,
Execution Time for Trace ID ec562c6c8d7ef17eb3a17514a65128ba: 68 ms
Input: 1000000,
Cold Start: false
Unique ID: cf608a1d413f341f927f5fdf856fee65,
Execution Time for Trace ID cf608a1d413f341f927f5fdf856fee65: 52 ms
Input: 1000000,
Cold Start: false
Unique ID: 06e3799fcb9802b49d1229cb68de66d8,
Execution Time for Trace ID 06e3799fcb9802b49d1229cb68de66d8: 65 ms
Input: 1000000,
Cold Start: false
Unique ID: 382ece82936fa3c17d3273920d58f5d0,
Execution Time for Trace ID 382ece82936fa3c17d3273920d58f5d0: 55 ms
Input: 1000000,
Cold Start: false
Unique ID: 20285c4ec56299dffaf02ada41494ee7,
Execution Time for Trace ID 20285c4ec56299dffaf02ada41494ee7: 56 ms
Input: 1000000,
Cold Start: false
Unique ID: bf3c7d1cc7958b559747898bba0d5287,
Execution Time for Trace ID bf3c7d1cc7958b559747898bba0d5287: 62 ms
Input: 1000000,
Cold Start: false
Unique ID: 52bb24e0c079bbc1ef6418ce7375f702,
Execution Time for Trace ID 52bb24e0c079bbc1ef6418ce7375f702: 62 ms
Input: 1000000,
Cold Start: false
Unique ID: ecf37bb7d7a6aa6eb1606673ff3a7ec3,
Execution Time for Trace ID ecf37bb7d7a6aa6eb1606673ff3a7ec3: 30 ms
Input: 1000000,
Cold Start: false
Unique ID: 2f7eb058ea94a8a19540207b089c3574,
Execution Time for Trace ID 2f7eb058ea94a8a19540207b089c3574: 92 ms
Input: 1000000,
Cold Start: false
Unique ID: 41384928657a718227ac07c41a7220fe,
Execution Time for Trace ID 41384928657a718227ac07c41a7220fe: 31 ms
Input: 1000000,
Cold Start: false
Unique ID: d0c01110422883e78fcbbec1c5f97a62,
Execution Time for Trace ID d0c01110422883e78fcbbec1c5f97a62: 61 ms
Input: 1000000,
Cold Start: false
Unique ID: f143d30cbfa957c4917053edb43197b1,
Execution Time for Trace ID f143d30cbfa957c4917053edb43197b1: 30 ms
Input: 1000000,
Cold Start: false
Unique ID: bed3865c8b9ecf526211df8396a3382a,
Execution Time for Trace ID bed3865c8b9ecf526211df8396a3382a: 59 ms
Input: 1000000,
Cold Start: false
Unique ID: c62a43ca4d8e27b4cf825aa2159230d0,
Execution Time for Trace ID c62a43ca4d8e27b4cf825aa2159230d0: 55 ms
Input: 1000000,
Cold Start: false
Unique ID: a0e966896cc52097ee268465b7d7dfed,
Execution Time for Trace ID a0e966896cc52097ee268465b7d7dfed: 27 ms
Input: 1000000,
Cold Start: false
Unique ID: eaba31a1adb63edb0ece5b1ae1ce95c7,
Execution Time for Trace ID eaba31a1adb63edb0ece5b1ae1ce95c7: 54 ms
Input: 1000000,
Cold Start: false
Unique ID: 7d8007382cf295c822da4cc0929a3745,
Execution Time for Trace ID 7d8007382cf295c822da4cc0929a3745: 51 ms
Input: 1000000,
Cold Start: false
Unique ID: 8f5e99bcfbd621630dbaf9358c321650,
Execution Time for Trace ID 8f5e99bcfbd621630dbaf9358c321650: 28 ms
Input: 1000000,
Cold Start: false
Unique ID: c6b9217bf7ab8a69460f8c9bc4d8a017,
Execution Time for Trace ID c6b9217bf7ab8a69460f8c9bc4d8a017: 58 ms
Input: 1000000,
Cold Start: false
Unique ID: 70ecaff46a9503de04d46c9b12036aec,
Execution Time for Trace ID 70ecaff46a9503de04d46c9b12036aec: 52 ms
Input: 1000000,
Cold Start: false
Unique ID: 41cb8d2bb83f39630d6e6f7822b303f8,
Execution Time for Trace ID 41cb8d2bb83f39630d6e6f7822b303f8: 62 ms
Input: 1000000,
Cold Start: false
Unique ID: 208ef143ac60c9f0628657e514bb360d,
Execution Time for Trace ID 208ef143ac60c9f0628657e514bb360d: 55 ms
Input: 1000000,
Cold Start: false
Unique ID: dd2a8038df24d792276294048040e67b,
Execution Time for Trace ID dd2a8038df24d792276294048040e67b: 47 ms
Input: 1000000,
Cold Start: false
Unique ID: 1c7bb253fe8fa7fa24fd804d00e6e4ea,
Execution Time for Trace ID 1c7bb253fe8fa7fa24fd804d00e6e4ea: 32 ms
Input: 1000000,
Cold Start: false
Unique ID: d2047648988740f62a9d79e25c6e71dc,
Execution Time for Trace ID d2047648988740f62a9d79e25c6e71dc: 86 ms
Input: 1000000,
Cold Start: false
Unique ID: f0c90db2234d0e66fb1ce52135cd4b03,
Execution Time for Trace ID f0c90db2234d0e66fb1ce52135cd4b03: 29 ms
Input: 1000000,
Cold Start: false
Unique ID: 74361b19b619cd0868b9fc167844234f,
Execution Time for Trace ID 74361b19b619cd0868b9fc167844234f: 39 ms
Input: 1000000,
Cold Start: false
Unique ID: ad5b650589fe1b9b9ebeb94c487901f6,
Execution Time for Trace ID ad5b650589fe1b9b9ebeb94c487901f6: 108 ms
Input: 1000000,
Cold Start: false
Unique ID: f1d3ecbd933176601e2b74cf5d23f988,
Execution Time for Trace ID f1d3ecbd933176601e2b74cf5d23f988: 52 ms
Input: 1000000,
Cold Start: false
Unique ID: 314240db3526a51d90867b97978a0a7a,
Execution Time for Trace ID 314240db3526a51d90867b97978a0a7a: 30 ms
Input: 1000000,
Cold Start: false
Unique ID: b4edb0d4e1a76b64ecde3cb6624990cd,
Execution Time for Trace ID b4edb0d4e1a76b64ecde3cb6624990cd: 59 ms
Input: 1000000,
Cold Start: false
Unique ID: 18f54bc1d4cdf33d5391247f08f25c3a,
Execution Time for Trace ID 18f54bc1d4cdf33d5391247f08f25c3a: 32 ms
Input: 1000000,
Cold Start: false
Unique ID: 8be62d4cf083306ed1e6664f498e3116,
Execution Time for Trace ID 8be62d4cf083306ed1e6664f498e3116: 73 ms
Input: 1000000,
Cold Start: false
Unique ID: efbdb3852c2b0f0f6e74b0f6f9894e39,
Execution Time for Trace ID efbdb3852c2b0f0f6e74b0f6f9894e39: 168 ms
Input: 1000000,
Cold Start: false
Unique ID: 2e853030669c52a90c8883feea31fa45,
Execution Time for Trace ID 2e853030669c52a90c8883feea31fa45: 54 ms
Input: 1000000,
Cold Start: false
Unique ID: 087a68be3167a7fdf8aeb1fb2b502b12,
Execution Time for Trace ID 087a68be3167a7fdf8aeb1fb2b502b12: 28 ms
Input: 1000000,
Cold Start: false
Unique ID: 5a6ae8a540c0f062898d8758cb0026a7,
Execution Time for Trace ID 5a6ae8a540c0f062898d8758cb0026a7: 72 ms
Input: 1000000,
Cold Start: false
Unique ID: 37c5d8bf7f6d7dd8d45e59161ce14dc6,
Execution Time for Trace ID 37c5d8bf7f6d7dd8d45e59161ce14dc6: 60 ms
Input: 1000000,
Cold Start: false
Unique ID: aa7611a1f5bc3ff23d56f1f52af8a312,
Execution Time for Trace ID aa7611a1f5bc3ff23d56f1f52af8a312: 27 ms
Input: 1000000,
Cold Start: false
Unique ID: 36d29fdc28c8c213facf96e910d86699,
Execution Time for Trace ID 36d29fdc28c8c213facf96e910d86699: 155 ms
Input: 1000000,
Cold Start: false
Unique ID: ae9e60e9345373d58d00da38d2a17cf9,
Execution Time for Trace ID ae9e60e9345373d58d00da38d2a17cf9: 60 ms
Input: 1000000,
Cold Start: false
Unique ID: f8078f7a0c734101314f2b038f4773a8,
Execution Time for Trace ID f8078f7a0c734101314f2b038f4773a8: 30 ms
Input: 1000000,
Cold Start: false
Unique ID: 7cd5f3f24732f059580d9b9d8ccc5b9d,
Execution Time for Trace ID 7cd5f3f24732f059580d9b9d8ccc5b9d: 82 ms
Input: 1000000,
Cold Start: false
Unique ID: 10f1c0f0f06956950c4bd2a980fb0cbb,
Execution Time for Trace ID 10f1c0f0f06956950c4bd2a980fb0cbb: 51 ms
Input: 1000000,
Cold Start: false
Unique ID: d313855505a590d4fceef05ffc4d2fd3,
Execution Time for Trace ID d313855505a590d4fceef05ffc4d2fd3: 29 ms
Input: 1000000,
Cold Start: false
Unique ID: c2a9f5514c629130b288e0a477128624,
Execution Time for Trace ID c2a9f5514c629130b288e0a477128624: 77 ms
Input: 1000000,
Cold Start: false
Unique ID: 5962effd93bf011cd3fe1422cb2d9c2a,
Execution Time for Trace ID 5962effd93bf011cd3fe1422cb2d9c2a: 57 ms
Input: 1000000,
Cold Start: false
Unique ID: 0dbd9efd50f8705473727565493d9cd6,
Execution Time for Trace ID 0dbd9efd50f8705473727565493d9cd6: 60 ms
Input: 1000000,
Cold Start: false
Unique ID: d686864011b1e9b660cf9414eea2efb2,
Execution Time for Trace ID d686864011b1e9b660cf9414eea2efb2: 76 ms
Input: 1000000,
Cold Start: false
Unique ID: 4c5c17b79dc7dd0fceb4a5c27c757ecf,
Execution Time for Trace ID 4c5c17b79dc7dd0fceb4a5c27c757ecf: 65 ms
Input: 1000000,
Cold Start: false
Unique ID: 22f6450b155532178761e2bf6a685c25,
Execution Time for Trace ID 22f6450b155532178761e2bf6a685c25: 61 ms
Input: 1000000,
Cold Start: false
Unique ID: f5275959955bf9c875ddcc8f94db6f2b,
Execution Time for Trace ID f5275959955bf9c875ddcc8f94db6f2b: 157 ms
Input: 1000000,
Cold Start: false
Unique ID: db240fb0d173bfed23b6e6480f027d5c,
Execution Time for Trace ID db240fb0d173bfed23b6e6480f027d5c: 56 ms
Input: 1000000,
Cold Start: false
Unique ID: 9003788380745d378bdbced94afb64cf,
Execution Time for Trace ID 9003788380745d378bdbced94afb64cf: 90 ms
Input: 1000000,
Cold Start: false
Unique ID: 1fe1654dc286b3b73a65a2c4b4a94f81,
Execution Time for Trace ID 1fe1654dc286b3b73a65a2c4b4a94f81: 82 ms
Input: 1000000,
Cold Start: false
Unique ID: bbd6a09c3c86f449395fac45399e6b51,
Execution Time for Trace ID bbd6a09c3c86f449395fac45399e6b51: 49 ms
Input: 1000000,
Cold Start: false
Unique ID: 299af0e22ba1676cbe056fbdf3d68d60,
Execution Time for Trace ID 299af0e22ba1676cbe056fbdf3d68d60: 29 ms
Input: 1000000,
Cold Start: false
Unique ID: 336e1831769602b4a39d40ed064161e3,
Execution Time for Trace ID 336e1831769602b4a39d40ed064161e3: 87 ms
Input: 1000000,
Cold Start: false
Unique ID: 885b43a575337425ffee979bc3ecc4b0,
Execution Time for Trace ID 885b43a575337425ffee979bc3ecc4b0: 52 ms
Input: 1000000,
Cold Start: false
Unique ID: 3d3f1ec9bc888c1c7eda8f3b7c9760a8,
Execution Time for Trace ID 3d3f1ec9bc888c1c7eda8f3b7c9760a8: 28 ms
Input: 1000000,
Cold Start: false
Unique ID: f0d1a5e5571d2e843cc6ac094ee1a598,
Execution Time for Trace ID f0d1a5e5571d2e843cc6ac094ee1a598: 110 ms
Input: 1000000,
Cold Start: false
Unique ID: b72c9b6c4c0d9fc09253418e8b5f64fe,
Execution Time for Trace ID b72c9b6c4c0d9fc09253418e8b5f64fe: 27 ms
Input: 1000000,
Cold Start: false
Unique ID: c9866497caacf0181524e9d39aa801d5,
Execution Time for Trace ID c9866497caacf0181524e9d39aa801d5: 57 ms
Input: 1000000,
Cold Start: false
Unique ID: 07764293b968fed3182e63ca9d49429e,
Execution Time for Trace ID 07764293b968fed3182e63ca9d49429e: 151 ms
Input: 1000000,
Cold Start: false
Unique ID: 4a09ed5706ad2e69f6e951c776a66823,
Execution Time for Trace ID 4a09ed5706ad2e69f6e951c776a66823: 70 ms
Input: 1000000,
Cold Start: false
Unique ID: 425efd289d4f074694b32e00269e91eb,
Execution Time for Trace ID 425efd289d4f074694b32e00269e91eb: 29 ms
Input: 1000000,
Cold Start: false
Unique ID: c2589655885d1cb93cad757712cc530a,
Execution Time for Trace ID c2589655885d1cb93cad757712cc530a: 169 ms
Input: 1000000,
Cold Start: false
Unique ID: 7c9b979022572f0f590568fd9dca77bd,
Execution Time for Trace ID 7c9b979022572f0f590568fd9dca77bd: 65 ms
Input: 1000000,
Cold Start: false
Unique ID: 597582e85904918f25d7c4a3a9d80873,
Execution Time for Trace ID 597582e85904918f25d7c4a3a9d80873: 27 ms
Input: 1000000,
Cold Start: false
Unique ID: 421abdc49b27ecb65d912f231efcbe68,
Execution Time for Trace ID 421abdc49b27ecb65d912f231efcbe68: 160 ms
Input: 1000000,
Cold Start: false
Unique ID: f880886e8de39be07d2f650cb9c8392f,
Execution Time for Trace ID f880886e8de39be07d2f650cb9c8392f: 72 ms
Input: 1000000,
Cold Start: false
Unique ID: 0a8a225dadc02a9c3a1deed377c6171b,
Execution Time for Trace ID 0a8a225dadc02a9c3a1deed377c6171b: 27 ms
Input: 1000000,
Cold Start: false
Unique ID: 0b55cf8846a40a8bdb20cba90c8ce5b5,
Execution Time for Trace ID 0b55cf8846a40a8bdb20cba90c8ce5b5: 160 ms
Input: 1000000,
Cold Start: false
Unique ID: 533c6350900e2483127012b250574a16,
Execution Time for Trace ID 533c6350900e2483127012b250574a16: 56 ms
Input: 1000000,
Cold Start: false
Unique ID: 6c985501369cd4634683ed2f7da8e0fd,
Execution Time for Trace ID 6c985501369cd4634683ed2f7da8e0fd: 29 ms
Input: 1000000,
Cold Start: false
Unique ID: 8f965da86ea2503fae76f4b2d4f3081c,
Execution Time for Trace ID 8f965da86ea2503fae76f4b2d4f3081c: 167 ms
Input: 1000000,
Cold Start: false
Unique ID: f87a08ca7e821062221ae29968ec67f6,
Execution Time for Trace ID f87a08ca7e821062221ae29968ec67f6: 66 ms
Input: 1000000,
Cold Start: false
Unique ID: 0cf2014802a99a7b13b21d34296bbe32,
Execution Time for Trace ID 0cf2014802a99a7b13b21d34296bbe32: 28 ms
Input: 1000000,
Cold Start: false
Unique ID: 1a6d5bfd8da18e512e7e1c6ad614518f,
Execution Time for Trace ID 1a6d5bfd8da18e512e7e1c6ad614518f: 190 ms
Input: 1000000,
Cold Start: false
Unique ID: aee1426712accb36f1542795d88497d7,
Execution Time for Trace ID aee1426712accb36f1542795d88497d7: 55 ms
Input: 1000000,
Cold Start: false
Unique ID: 227c140c6e41b9bafc575cad53d446e2,
Execution Time for Trace ID 227c140c6e41b9bafc575cad53d446e2: 59 ms
Input: 1000000,
Cold Start: false
Unique ID: f069d0eba4cc10bf26a8a82d3a8902a3,
Execution Time for Trace ID f069d0eba4cc10bf26a8a82d3a8902a3: 85 ms
Input: 1000000,
Cold Start: false
Unique ID: 9be2c3bed0b925f6e79256af1dfffa94,
Execution Time for Trace ID 9be2c3bed0b925f6e79256af1dfffa94: 56 ms
Input: 1000000,
Cold Start: false
Unique ID: 2d717f72247fdfe932a94ff5bb27c186,
Execution Time for Trace ID 2d717f72247fdfe932a94ff5bb27c186: 90 ms
Input: 1000000,
Cold Start: false
Unique ID: 7191b02535a2f0fca29999783090d3e1,
Execution Time for Trace ID 7191b02535a2f0fca29999783090d3e1: 90 ms
Input: 1000000,
Cold Start: false
Unique ID: 6c92a0466e403609f9118533ba77217c,
Execution Time for Trace ID 6c92a0466e403609f9118533ba77217c: 63 ms
Input: 1000000,
Cold Start: false
Unique ID: a3a53de640866f1e9b4c9447bf14bcef,
Execution Time for Trace ID a3a53de640866f1e9b4c9447bf14bcef: 28 ms
Input: 1000000,
Cold Start: false
Unique ID: 7492397ee5dac16b677227ef395b8087,
Execution Time for Trace ID 7492397ee5dac16b677227ef395b8087: 102 ms
Input: 1000000,
Cold Start: false
Unique ID: 4714cffad52677c65fb7d5bb5a3e0104,
Execution Time for Trace ID 4714cffad52677c65fb7d5bb5a3e0104: 61 ms
Input: 1000000,
Cold Start: false
Unique ID: ba8711f4940569eee6e52a8135325a07,
Execution Time for Trace ID ba8711f4940569eee6e52a8135325a07: 27 ms
Input: 1000000,
Cold Start: false
Unique ID: f6a007710401555b917f99f5363a45ad,
Execution Time for Trace ID f6a007710401555b917f99f5363a45ad: 156 ms
Input: 1000000,
Cold Start: false
Unique ID: 468ef9e17bf3f6a683c15314bd9d6c7c,
Execution Time for Trace ID 468ef9e17bf3f6a683c15314bd9d6c7c: 59 ms
Input: 1000000,
Cold Start: false
Unique ID: aa0e26866314d23b8574899be49bb0ce,
Execution Time for Trace ID aa0e26866314d23b8574899be49bb0ce: 63 ms
Input: 1000000,
Cold Start: false
Unique ID: 63395b0facf6db0e57c227ba6f66e629,
Execution Time for Trace ID 63395b0facf6db0e57c227ba6f66e629: 77 ms
Input: 1000000,
Cold Start: false
Unique ID: 88cdfd01bc6ce231468f5480ef9c2ed3,
Execution Time for Trace ID 88cdfd01bc6ce231468f5480ef9c2ed3: 47 ms
Input: 1000000,
Cold Start: false
Unique ID: b37cb550a31b582c1d18884a0725970e,
Execution Time for Trace ID b37cb550a31b582c1d18884a0725970e: 107 ms
Input: 1000000,
Cold Start: false
Unique ID: 10eeb2f2c054e1c1344870b9da64e599,
Execution Time for Trace ID 10eeb2f2c054e1c1344870b9da64e599: 28 ms
Input: 1000000,
Cold Start: false
Unique ID: c68cf8125150eb9dc777f1e8a5714cc8,
Execution Time for Trace ID c68cf8125150eb9dc777f1e8a5714cc8: 56 ms
Input: 1000000,
Cold Start: false
Unique ID: 07832ef01feac1849a33d8d0224781b4,
Execution Time for Trace ID 07832ef01feac1849a33d8d0224781b4: 27 ms
Input: 1000000,
Cold Start: false
Unique ID: 55f95e04b9026045d7ff1e6388ed4cb1,
Execution Time for Trace ID 55f95e04b9026045d7ff1e6388ed4cb1: 55 ms
Input: 1000000,
Cold Start: false
Unique ID: da3d066fd338fc5ba6488be2b3933e3d,
Execution Time for Trace ID da3d066fd338fc5ba6488be2b3933e3d: 37 ms
Input: 1000000,
Cold Start: false
Unique ID: 70ca4ea055734031cec66cbaf4c3892b,
Execution Time for Trace ID 70ca4ea055734031cec66cbaf4c3892b: 27 ms
Input: 1000000,
Cold Start: false
Unique ID: 29a6699ff6e98cfe774e927f7e26bd0a,
Execution Time for Trace ID 29a6699ff6e98cfe774e927f7e26bd0a: 113 ms
Input: 1000000,
Cold Start: false
Unique ID: 662cbd4287f720b8c74de05e9091fbd4,
Execution Time for Trace ID 662cbd4287f720b8c74de05e9091fbd4: 28 ms
Input: 1000000,
Cold Start: false
Unique ID: 2529ac7f77ce3d79eb2887432b53cdce,
Execution Time for Trace ID 2529ac7f77ce3d79eb2887432b53cdce: 30 ms
Input: 1000000,
Cold Start: false
Unique ID: 48c6a92a55dc0be107308d2eb12d47a5,
Execution Time for Trace ID 48c6a92a55dc0be107308d2eb12d47a5: 124 ms
Input: 1000000,
Cold Start: false
Unique ID: b76f7036155a21e33d16f244b1954658,
Execution Time for Trace ID b76f7036155a21e33d16f244b1954658: 63 ms
Input: 1000000,
Cold Start: false
Unique ID: 4396ca526a6d11f2fff85eaa5df757d2,
Execution Time for Trace ID 4396ca526a6d11f2fff85eaa5df757d2: 65 ms
Input: 1000000,
Cold Start: false
Unique ID: 94cd2c43ea94354fd5f30f59d6fe2745,
Execution Time for Trace ID 94cd2c43ea94354fd5f30f59d6fe2745: 161 ms
Input: 1000000,
Cold Start: false
Unique ID: 955055400070e57c4fcefdce80db9906,
Execution Time for Trace ID 955055400070e57c4fcefdce80db9906: 63 ms
Input: 1000000,
Cold Start: false
Unique ID: 21b282895becc259401beb600fd1d12c,
Execution Time for Trace ID 21b282895becc259401beb600fd1d12c: 28 ms
Input: 1000000,
Cold Start: false
Unique ID: f6f75ab98ff4e5cd01077f269d5d89c7,
Execution Time for Trace ID f6f75ab98ff4e5cd01077f269d5d89c7: 160 ms
Input: 1000000,
Cold Start: false
Unique ID: b0b9f03c590e5ba56f554467d5c5dad7,
Execution Time for Trace ID b0b9f03c590e5ba56f554467d5c5dad7: 66 ms
Input: 1000000,
Cold Start: false
Unique ID: dd63687120d3e40cbadf115ac530a03e,
Execution Time for Trace ID dd63687120d3e40cbadf115ac530a03e: 91 ms
Input: 1000000,
Cold Start: false
Unique ID: 2d0da55c0b62c2244297bc7ecb3c9f54,
Execution Time for Trace ID 2d0da55c0b62c2244297bc7ecb3c9f54: 169 ms
Input: 1000000,
Cold Start: false
Unique ID: b85d1c7a22a215d3e793d0df966b1220,
Execution Time for Trace ID b85d1c7a22a215d3e793d0df966b1220: 60 ms
Input: 1000000,
Cold Start: false
Unique ID: 0fd54dfea6f4c2d2233d89fb62b4efb1,
Execution Time for Trace ID 0fd54dfea6f4c2d2233d89fb62b4efb1: 27 ms
Input: 1000000,
Cold Start: false
Unique ID: 1dd6ebf5a886fa88e4141df9bfe49cf6,
Execution Time for Trace ID 1dd6ebf5a886fa88e4141df9bfe49cf6: 168 ms
Input: 1000000,
Cold Start: false
Unique ID: 9c3d66f4df93e02e7bf1d5090c441ae5,
Execution Time for Trace ID 9c3d66f4df93e02e7bf1d5090c441ae5: 70 ms
Input: 1000000,
Cold Start: false
Unique ID: 2781f6966afdd16789e4344dba63e5bd,
Execution Time for Trace ID 2781f6966afdd16789e4344dba63e5bd: 28 ms
Input: 1000000,
Cold Start: false
Unique ID: debc98bbfce6634d50385d5a7522601f,
Execution Time for Trace ID debc98bbfce6634d50385d5a7522601f: 192 ms
Input: 1000000,
Cold Start: false
Unique ID: f8bd123c08bda1a3d019350ee42d84ee,
Execution Time for Trace ID f8bd123c08bda1a3d019350ee42d84ee: 43 ms
Input: 1000000,
Cold Start: false
Unique ID: 149b44aa9beef3e74d26c0c659eba979,
Execution Time for Trace ID 149b44aa9beef3e74d26c0c659eba979: 30 ms
Input: 1000000,
Cold Start: false
Unique ID: e234c80ad4f504267ff39a99a0d8e66e,
Execution Time for Trace ID e234c80ad4f504267ff39a99a0d8e66e: 129 ms
Input: 1000000,
Cold Start: false
Unique ID: a60a9957a0866dd95e8fcd7d4feb4119,
Execution Time for Trace ID a60a9957a0866dd95e8fcd7d4feb4119: 66 ms
Input: 1000000,
Cold Start: false
Unique ID: 4f133077b8c7e31a60caf0dbe7bcdbf3,
Execution Time for Trace ID 4f133077b8c7e31a60caf0dbe7bcdbf3: 99 ms
Input: 1000000,
Cold Start: false
Unique ID: 72381fe64f2b1e960447ec973b3dda7b,
Execution Time for Trace ID 72381fe64f2b1e960447ec973b3dda7b: 169 ms
Input: 1000000,
Cold Start: false
Unique ID: 3adc816babb18347a61b96d8437a221c,
Execution Time for Trace ID 3adc816babb18347a61b96d8437a221c: 62 ms
Input: 1000000,
Cold Start: false
Unique ID: 997cea590d28cb098e6672df7864d995,
Execution Time for Trace ID 997cea590d28cb098e6672df7864d995: 28 ms
Input: 1000000,
Cold Start: false
Unique ID: 96047346af153b5559cc4edd6a3ce495,
Execution Time for Trace ID 96047346af153b5559cc4edd6a3ce495: 178 ms
Input: 1000000,
Cold Start: false
Unique ID: 5bf9418c6f332cd87ada75d1e2723730,
Execution Time for Trace ID 5bf9418c6f332cd87ada75d1e2723730: 60 ms
Input: 1000000,
Cold Start: false
Unique ID: 63e996c477d241635b7a3c77f48db3c8,
Execution Time for Trace ID 63e996c477d241635b7a3c77f48db3c8: 60 ms
Input: 1000000,
Cold Start: false
Unique ID: 107812b9525b5bb3b87a02611a7ecf8a,
Execution Time for Trace ID 107812b9525b5bb3b87a02611a7ecf8a: 80 ms
Input: 1000000,
Cold Start: false
Unique ID: 201ede8c7188d29dcca64f7ec6da05dc,
Execution Time for Trace ID 201ede8c7188d29dcca64f7ec6da05dc: 57 ms
Input: 1000000,
Cold Start: false
Unique ID: 38f50b878410ac7ef2bba5f0a8d2c02f,
Execution Time for Trace ID 38f50b878410ac7ef2bba5f0a8d2c02f: 27 ms
Input: 1000000,
Cold Start: false
Unique ID: 6ab26bdd2e6ba9aa3966428401f75aee,
Execution Time for Trace ID 6ab26bdd2e6ba9aa3966428401f75aee: 266 ms
Input: 1000000,
Cold Start: false
Unique ID: 0b9485c0971e168ff7146eafcbff7c75,
Execution Time for Trace ID 0b9485c0971e168ff7146eafcbff7c75: 62 ms
Input: 1000000,
Cold Start: false
Unique ID: 6ac2471e794ea9bfd06109ee843ce634,
Execution Time for Trace ID 6ac2471e794ea9bfd06109ee843ce634: 27 ms
Input: 1000000,
Cold Start: false
Unique ID: fe3e5f38c5070287897d734441d699bf,
Execution Time for Trace ID fe3e5f38c5070287897d734441d699bf: 87 ms
Input: 1000000,
Cold Start: false
Unique ID: 7f64f9989ba0c332088ad61a3637525d,
Execution Time for Trace ID 7f64f9989ba0c332088ad61a3637525d: 57 ms
Input: 1000000,
Cold Start: false
Unique ID: 790f57a94553ffee009e119758ff4217,
Execution Time for Trace ID 790f57a94553ffee009e119758ff4217: 64 ms
Input: 1000000,
Cold Start: false
Unique ID: 440f9626a3bacdc2b4d03f2e465e1901,
Execution Time for Trace ID 440f9626a3bacdc2b4d03f2e465e1901: 157 ms
Input: 1000000,
Cold Start: false
Unique ID: 7f9511a68444bf5f329544d59c8ccb02,
Execution Time for Trace ID 7f9511a68444bf5f329544d59c8ccb02: 52 ms
Input: 1000000,
Cold Start: false
Unique ID: 817ca7d158b0258b6d3d6eeb774a1044,
Execution Time for Trace ID 817ca7d158b0258b6d3d6eeb774a1044: 28 ms
Input: 1000000,
Cold Start: false
Unique ID: 248957c00d7924aa1cb5eb65d0a5902f,
Execution Time for Trace ID 248957c00d7924aa1cb5eb65d0a5902f: 87 ms
Input: 1000000,
Cold Start: false
Unique ID: 9660276b03c52adb336f6ec7b8107260,
Execution Time for Trace ID 9660276b03c52adb336f6ec7b8107260: 59 ms
Input: 1000000,
Cold Start: false
Unique ID: 03f1fbb47e164865c8a2c428c5212506,
Execution Time for Trace ID 03f1fbb47e164865c8a2c428c5212506: 88 ms
Input: 1000000,
Cold Start: false
Unique ID: 0846d7664ca939b692f0de8852d02f9a,
Execution Time for Trace ID 0846d7664ca939b692f0de8852d02f9a: 89 ms
Input: 1000000,
Cold Start: false
Unique ID: e4d8a6f22babc06ac8e6bfdaf356d90a,
Execution Time for Trace ID e4d8a6f22babc06ac8e6bfdaf356d90a: 51 ms
Input: 1000000,
Cold Start: false
Unique ID: 4b9dc08fa5b5923b3fe0874cf51870a9,
Execution Time for Trace ID 4b9dc08fa5b5923b3fe0874cf51870a9: 28 ms
Input: 1000000,
Cold Start: false
Unique ID: 7ac5780f3fc8f2df6c77d8a9fd553481,
Execution Time for Trace ID 7ac5780f3fc8f2df6c77d8a9fd553481: 78 ms
Input: 1000000,
Cold Start: false
Unique ID: 998de71f468763c50c28b1bbcf8dea73,
Execution Time for Trace ID 998de71f468763c50c28b1bbcf8dea73: 57 ms
Input: 1000000,
Cold Start: false
Unique ID: c0a56d3bdee094c4193b0f8a3b60d171,
Execution Time for Trace ID c0a56d3bdee094c4193b0f8a3b60d171: 28 ms
Input: 1000000,
Cold Start: false
Unique ID: e4833c18a12c6c261b058ac1876a2168,
Execution Time for Trace ID e4833c18a12c6c261b058ac1876a2168: 158 ms
Input: 1000000,
Cold Start: false
Unique ID: 77322e894e76f62fb1680b434a433702,
Execution Time for Trace ID 77322e894e76f62fb1680b434a433702: 61 ms
Input: 1000000,
Cold Start: false
Unique ID: 2873f4182f2feb0d220339ce71e8355d,
Execution Time for Trace ID 2873f4182f2feb0d220339ce71e8355d: 27 ms
Input: 1000000,
Cold Start: false
Unique ID: f246e2d7856477092261a02eab1ee1f2,
Execution Time for Trace ID f246e2d7856477092261a02eab1ee1f2: 159 ms
Input: 1000000,
Cold Start: false
Unique ID: b86c0492546bb1b44e10154f6018b8b5,
Execution Time for Trace ID b86c0492546bb1b44e10154f6018b8b5: 27 ms
Input: 1000000,
Cold Start: false
Unique ID: dcaba6fcc265cea41da57282789752c6,
Execution Time for Trace ID dcaba6fcc265cea41da57282789752c6: 95 ms
Input: 1000000,
Cold Start: false
Unique ID: a6517a8d3aa0a699fbd252c0594b3aa1,
Execution Time for Trace ID a6517a8d3aa0a699fbd252c0594b3aa1: 181 ms
Input: 1000000,
Cold Start: false
Unique ID: 8b8f01be564e6341f9ef093bf30fe2fc,
Execution Time for Trace ID 8b8f01be564e6341f9ef093bf30fe2fc: 63 ms
Input: 1000000,
Cold Start: false
Unique ID: 5ff828b0d75f86b5af3002cfba4f66d7,
Execution Time for Trace ID 5ff828b0d75f86b5af3002cfba4f66d7: 30 ms
Input: 1000000,
Cold Start: false
Unique ID: 0a38fd70157500f476d282e730d28205,
Execution Time for Trace ID 0a38fd70157500f476d282e730d28205: 168 ms
Input: 1000000,
Cold Start: false
Unique ID: aea07762cde59196218b4419a1aae101,
Execution Time for Trace ID aea07762cde59196218b4419a1aae101: 55 ms
Input: 1000000,
Cold Start: false
Unique ID: 20317c6eec1c604cfef60bd4cbc88496,
Execution Time for Trace ID 20317c6eec1c604cfef60bd4cbc88496: 89 ms
Input: 1000000,
Cold Start: false
Unique ID: 0dcc5aff1992b7998666f08215626bd7,
Execution Time for Trace ID 0dcc5aff1992b7998666f08215626bd7: 178 ms
Input: 1000000,
Cold Start: false
Unique ID: ad281f53345724f1f223daca44411a62,
Execution Time for Trace ID ad281f53345724f1f223daca44411a62: 37 ms
Input: 1000000,
Cold Start: false
Unique ID: c1d4823e8aa0a2201d65d588f384dc37,
Execution Time for Trace ID c1d4823e8aa0a2201d65d588f384dc37: 28 ms
Input: 1000000,
Cold Start: false
Unique ID: 8c904190a4144e2abd006d202270cca2,
Execution Time for Trace ID 8c904190a4144e2abd006d202270cca2: 270 ms
Input: 1000000,
Cold Start: false
Unique ID: 129bb642840089394c507afbef33ede5,
Execution Time for Trace ID 129bb642840089394c507afbef33ede5: 60 ms
Input: 1000000,
Cold Start: false
Unique ID: f5f15746f81d12965fce613b88e675a6,
Execution Time for Trace ID f5f15746f81d12965fce613b88e675a6: 59 ms
Input: 1000000,
Cold Start: false
Unique ID: a536be39275aa0dc74b11b83d3ecddc7,
Execution Time for Trace ID a536be39275aa0dc74b11b83d3ecddc7: 78 ms
Input: 1000000,
Cold Start: false
Unique ID: ea9228f479043816b910d0459b0e9819,
Execution Time for Trace ID ea9228f479043816b910d0459b0e9819: 61 ms
Input: 1000000,
Cold Start: false
Unique ID: 791d4f88a8d99e96bae13fdd62ae881b,
Execution Time for Trace ID 791d4f88a8d99e96bae13fdd62ae881b: 28 ms
Input: 1000000,
Cold Start: false
Unique ID: ad1e9022144bb545149aeefc06a6abeb,
Execution Time for Trace ID ad1e9022144bb545149aeefc06a6abeb: 89 ms
Input: 1000000,
Cold Start: false
Unique ID: d76f7e006fdd7c2187a42638db511725,
Execution Time for Trace ID d76f7e006fdd7c2187a42638db511725: 63 ms
Input: 1000000,
Cold Start: false
Unique ID: 6a3687bb7934eccd89f77cf9771d31e9,
Execution Time for Trace ID 6a3687bb7934eccd89f77cf9771d31e9: 27 ms
Input: 1000000,
Cold Start: false
Unique ID: 6c3070e4eeac3447bcaf6724ad140e7e,
Execution Time for Trace ID 6c3070e4eeac3447bcaf6724ad140e7e: 163 ms
Input: 1000000,
Cold Start: false
Unique ID: 027624dabb0d34e730a05ae8503b7422,
Execution Time for Trace ID 027624dabb0d34e730a05ae8503b7422: 61 ms
Input: 1000000,
Cold Start: false
Unique ID: 3bbec4b60f64ba2df015904ab1b77935,
Execution Time for Trace ID 3bbec4b60f64ba2df015904ab1b77935: 27 ms
Input: 1000000,
Cold Start: false
Unique ID: cfb08a96cfdfe6b5efc0bf6f4f41b0e8,
Execution Time for Trace ID cfb08a96cfdfe6b5efc0bf6f4f41b0e8: 175 ms
Input: 1000000,
Cold Start: false
Unique ID: 33cc46d7f692e2485190ada5582c88a2,
Execution Time for Trace ID 33cc46d7f692e2485190ada5582c88a2: 65 ms
Input: 1000000,
Cold Start: false
Unique ID: 83233dda0f603b386e8740edf3fdb699,
Execution Time for Trace ID 83233dda0f603b386e8740edf3fdb699: 64 ms
Input: 1000000,
Cold Start: false
Unique ID: f150c6918c53ef104c9b8ce96751b1c9,
Execution Time for Trace ID f150c6918c53ef104c9b8ce96751b1c9: 154 ms
Input: 1000000,
Cold Start: false
Unique ID: fdd8bc5848f0f7394c00e1158e63b2f7,
Execution Time for Trace ID fdd8bc5848f0f7394c00e1158e63b2f7: 58 ms
Input: 1000000,
Cold Start: false
Unique ID: f5539618b372f4349a8e6265a067bea3,
Execution Time for Trace ID f5539618b372f4349a8e6265a067bea3: 30 ms
Input: 1000000,
Cold Start: false
Unique ID: 78953b26d27b74ca2e65dce85a5f1950,
Execution Time for Trace ID 78953b26d27b74ca2e65dce85a5f1950: 90 ms
Input: 1000000,
Cold Start: false
Unique ID: c46edde233e9420a7de7c8c13ee1a62f,
Execution Time for Trace ID c46edde233e9420a7de7c8c13ee1a62f: 59 ms
Input: 1000000,
Cold Start: false
Unique ID: d15fa2ff4dc88b80539d898624a17fb1,
Execution Time for Trace ID d15fa2ff4dc88b80539d898624a17fb1: 60 ms
Input: 1000000,
Cold Start: false
Unique ID: 441fa54f5041f1e29016bbb99b8f3e84,
Execution Time for Trace ID 441fa54f5041f1e29016bbb99b8f3e84: 157 ms
Input: 1000000,
Cold Start: false
Unique ID: 2a5b5e7ea6daeedb5043a2da5071eab6,
Execution Time for Trace ID 2a5b5e7ea6daeedb5043a2da5071eab6: 52 ms
Input: 1000000,
Cold Start: false
Unique ID: 2857379f0096afc907dbf5ec4b2f4684,
Execution Time for Trace ID 2857379f0096afc907dbf5ec4b2f4684: 27 ms
Input: 1000000,
Cold Start: false
Unique ID: 7722be055a42179b9cccffe3f59f1e2c,
Execution Time for Trace ID 7722be055a42179b9cccffe3f59f1e2c: 80 ms
Input: 1000000,
Cold Start: false
Unique ID: 6409337d9fced74e5b23830e95439eda,
Execution Time for Trace ID 6409337d9fced74e5b23830e95439eda: 58 ms
Input: 1000000,
Cold Start: false
Unique ID: 5f73b4f5ca735dbdde9a793f5c18a39c,
Execution Time for Trace ID 5f73b4f5ca735dbdde9a793f5c18a39c: 66 ms
Input: 1000000,
Cold Start: false
Unique ID: 74c98885e78204dd6ff1d03186b188f4,
Execution Time for Trace ID 74c98885e78204dd6ff1d03186b188f4: 84 ms
Input: 1000000,
Cold Start: false
Unique ID: 404fc7b916813b342e28f27e9472d86f,
Execution Time for Trace ID 404fc7b916813b342e28f27e9472d86f: 55 ms
Input: 1000000,
Cold Start: false
Unique ID: 81e15d715a4bf628c26611157df48b85,
Execution Time for Trace ID 81e15d715a4bf628c26611157df48b85: 27 ms
Input: 1000000,
Cold Start: false
Unique ID: 2600a26a26af87f555adaae948e4c05f,
Execution Time for Trace ID 2600a26a26af87f555adaae948e4c05f: 76 ms
Input: 1000000,
Cold Start: false
Unique ID: e994820cc6963fe881fd77ca88e7946d,
Execution Time for Trace ID e994820cc6963fe881fd77ca88e7946d: 58 ms
Input: 1000000,
Cold Start: false
Unique ID: 340245e15421c68ddbb20d07d164d40f,
Execution Time for Trace ID 340245e15421c68ddbb20d07d164d40f: 39 ms
Input: 1000000,
Cold Start: false
Unique ID: 94ac830d507790f985c7ea8379ae005e,
Execution Time for Trace ID 94ac830d507790f985c7ea8379ae005e: 81 ms
Input: 1000000,
Cold Start: false
Unique ID: 2fe3375b97fe8f313e6b0d1f84b5e18d,
Execution Time for Trace ID 2fe3375b97fe8f313e6b0d1f84b5e18d: 63 ms
Input: 1000000,
Cold Start: false
Unique ID: eeb450cb1a838cea1ffd05a365b5291e,
Execution Time for Trace ID eeb450cb1a838cea1ffd05a365b5291e: 31 ms
Input: 1000000,
Cold Start: false
Unique ID: 9e027b18788d5d887040ab44946de744,
Execution Time for Trace ID 9e027b18788d5d887040ab44946de744: 159 ms
Input: 1000000,
Cold Start: false
Unique ID: f9d8b1098300f1d502132a701c5e2b77,
Execution Time for Trace ID f9d8b1098300f1d502132a701c5e2b77: 49 ms
Input: 1000000,
Cold Start: false
Unique ID: 226f004302b7ee651d0dbe2f206741c7,
Execution Time for Trace ID 226f004302b7ee651d0dbe2f206741c7: 27 ms
Input: 1000000,
Cold Start: false
Unique ID: 7df90e6627ff8bb559af6a76a45768ed,
Execution Time for Trace ID 7df90e6627ff8bb559af6a76a45768ed: 96 ms
Input: 1000000,
Cold Start: false
Unique ID: fd2a5272a54b433f953c102a83d0732f,
Execution Time for Trace ID fd2a5272a54b433f953c102a83d0732f: 58 ms
Input: 1000000,
Cold Start: false
Unique ID: 85b4996158918b1e2b287b8f507dc86d,
Execution Time for Trace ID 85b4996158918b1e2b287b8f507dc86d: 86 ms
Input: 1000000,
Cold Start: false
Unique ID: 7c4a30f15786f05bbc4aa9393c767153,
Execution Time for Trace ID 7c4a30f15786f05bbc4aa9393c767153: 64 ms
Input: 1000000,
Cold Start: false
Unique ID: 03e2ea5fcad66fd71760bd1dfb6b7e47,
Execution Time for Trace ID 03e2ea5fcad66fd71760bd1dfb6b7e47: 55 ms
Input: 1000000,
Cold Start: false
Unique ID: 1ccf4d1c54eed6f03bd1769960e8e241,
Execution Time for Trace ID 1ccf4d1c54eed6f03bd1769960e8e241: 26 ms
Input: 1000000,
Cold Start: false
Unique ID: ed9533b1f320a627df4a3f29a9fc8516,
Execution Time for Trace ID ed9533b1f320a627df4a3f29a9fc8516: 31 ms
Input: 1000000,
Cold Start: false
Unique ID: 7cd72ecc84841d579557c0b630632221,
Execution Time for Trace ID 7cd72ecc84841d579557c0b630632221: 37 ms
Input: 1000000,
Cold Start: false
Unique ID: bdf606bf78ce8a8adce0a825ca8a539d,
Execution Time for Trace ID bdf606bf78ce8a8adce0a825ca8a539d: 28 ms
Input: 1000000,
Cold Start: false
Unique ID: a4d915d5d44cbe9277ad25407138ecda,
Execution Time for Trace ID a4d915d5d44cbe9277ad25407138ecda: 138 ms
Input: 1000000,
Cold Start: false
Unique ID: c89fe39e9f20e922ec61b3affab72a5c,
Execution Time for Trace ID c89fe39e9f20e922ec61b3affab72a5c: 56 ms
Input: 1000000,
Cold Start: false
Unique ID: ba8c8af97f17e35b1bc8509b5802a453,
Execution Time for Trace ID ba8c8af97f17e35b1bc8509b5802a453: 30 ms
Input: 1000000,
Cold Start: false
Unique ID: 9c4184df8ed59389d43fc4542ec9e41e,
Execution Time for Trace ID 9c4184df8ed59389d43fc4542ec9e41e: 83 ms
Input: 1000000,
Cold Start: false
Unique ID: 381110afe856530223a09bb912fae2f9,
Execution Time for Trace ID 381110afe856530223a09bb912fae2f9: 52 ms
Input: 1000000,
Cold Start: false
Unique ID: 11a86e06112ac6f83d41172e482f76a7,
Execution Time for Trace ID 11a86e06112ac6f83d41172e482f76a7: 32 ms
Input: 1000000,
Cold Start: false
Unique ID: b1a682ac6455871c880ba078fddde8d2,
Execution Time for Trace ID b1a682ac6455871c880ba078fddde8d2: 154 ms
Input: 1000000,
Cold Start: false
Unique ID: b1207ce5d65ac9f896877be645384570,
Execution Time for Trace ID b1207ce5d65ac9f896877be645384570: 57 ms
Input: 1000000,
Cold Start: false
Unique ID: 739371335a2c6ab522449c1459d58b3e,
Execution Time for Trace ID 739371335a2c6ab522449c1459d58b3e: 89 ms
Input: 1000000,
Cold Start: false
Unique ID: 00c1e0286f4b85999f771dee061269d3,
Execution Time for Trace ID 00c1e0286f4b85999f771dee061269d3: 158 ms
Input: 1000000,
Cold Start: false
Unique ID: 3d9e09bd839115378f1a0f1860b7c0fa,
Execution Time for Trace ID 3d9e09bd839115378f1a0f1860b7c0fa: 63 ms
Input: 1000000,
Cold Start: false
Unique ID: 2fd1eeb00a8a3f982b642cd6899b0bf5,
Execution Time for Trace ID 2fd1eeb00a8a3f982b642cd6899b0bf5: 28 ms
Input: 1000000,
Cold Start: false
Unique ID: c10acc4c24d6c9ecd2d731ce3f33c4d4,
Execution Time for Trace ID c10acc4c24d6c9ecd2d731ce3f33c4d4: 160 ms
Input: 1000000,
Cold Start: false
Unique ID: e2d310eccb54811761e27d93133eb7bf,
Execution Time for Trace ID e2d310eccb54811761e27d93133eb7bf: 60 ms
Input: 1000000,
Cold Start: false
Unique ID: 7146d40b32103e7c71b22fc3baf9e467,
Execution Time for Trace ID 7146d40b32103e7c71b22fc3baf9e467: 28 ms
Input: 1000000,
Cold Start: false
Unique ID: 056d50e4a2f45295e3377ff77c8d3741,
Execution Time for Trace ID 056d50e4a2f45295e3377ff77c8d3741: 157 ms
Input: 1000000,
Cold Start: false
Unique ID: 57450359b771662ced1353ce7ee55adc,
Execution Time for Trace ID 57450359b771662ced1353ce7ee55adc: 49 ms
Input: 1000000,
Cold Start: false
Unique ID: 9195d51ae91daa815661393727de6ee6,
Execution Time for Trace ID 9195d51ae91daa815661393727de6ee6: 26 ms
Input: 1000000,
Cold Start: false
Unique ID: 3cb7c255159a895800052fb14ca71ef0,
Execution Time for Trace ID 3cb7c255159a895800052fb14ca71ef0: 86 ms
Input: 1000000,
Cold Start: false
Unique ID: 4d39f065920bb07f96e9b79cff6f36b4,
Execution Time for Trace ID 4d39f065920bb07f96e9b79cff6f36b4: 61 ms
Input: 1000000,
Cold Start: false
Unique ID: 353e26cbe99c26b6b93e36944a872577,
Execution Time for Trace ID 353e26cbe99c26b6b93e36944a872577: 28 ms
Input: 1000000,
Cold Start: false
Unique ID: 2bb4fb08bfa9cbf3a795ad79505ac608,
Execution Time for Trace ID 2bb4fb08bfa9cbf3a795ad79505ac608: 88 ms
Input: 1000000,
Cold Start: false
Unique ID: bf183f4e090fe7beb562f3c8547514fe,
Execution Time for Trace ID bf183f4e090fe7beb562f3c8547514fe: 29 ms
Input: 1000000,
Cold Start: false
Unique ID: f9d54f501a947371a9a6becf6469a3c3,
Execution Time for Trace ID f9d54f501a947371a9a6becf6469a3c3: 132 ms
Input: 1000000,
Cold Start: false
Unique ID: 7360ea8d3f34be981cd6946839f9be61,
Execution Time for Trace ID 7360ea8d3f34be981cd6946839f9be61: 28 ms
Input: 1000000,
Cold Start: false
Unique ID: d07d91f146ffa498444f68e97a9593e5,
Execution Time for Trace ID d07d91f146ffa498444f68e97a9593e5: 63 ms
Input: 1000000,
Cold Start: false
Unique ID: ed15bfdf1ebc090a9036f148604826a5,
Execution Time for Trace ID ed15bfdf1ebc090a9036f148604826a5: 91 ms
Input: 1000000,
Cold Start: false
Unique ID: 01a9a49b794e681c60477315edf3ccd9,
Execution Time for Trace ID 01a9a49b794e681c60477315edf3ccd9: 68 ms
Input: 1000000,
Cold Start: false
Unique ID: b31ed82240b18468b02b18a45a7d53b7,
Execution Time for Trace ID b31ed82240b18468b02b18a45a7d53b7: 31 ms
Input: 1000000,
Cold Start: false
Unique ID: e01364557233f89f44047091cbf78b01,
Execution Time for Trace ID e01364557233f89f44047091cbf78b01: 104 ms
Input: 1000000,
Cold Start: false
Unique ID: 790f7ac5db399919b4b9151cc026f457,
Execution Time for Trace ID 790f7ac5db399919b4b9151cc026f457: 212 ms
Input: 1000000,
Cold Start: false
Unique ID: cd219f2f0fc35d09ff44f74d1298effd,
Execution Time for Trace ID cd219f2f0fc35d09ff44f74d1298effd: 61 ms
Input: 1000000,
Cold Start: false
Unique ID: 023fab53b92b46a202f01cb8f05f3573,
Execution Time for Trace ID 023fab53b92b46a202f01cb8f05f3573: 27 ms
Input: 1000000,
Cold Start: false
Unique ID: 4ce8ccbc0df3d1ed5aa7cd8049e4e4b6,
Execution Time for Trace ID 4ce8ccbc0df3d1ed5aa7cd8049e4e4b6: 155 ms
Input: 1000000,
Cold Start: false
Unique ID: 18190def47c479c0bf2e24965c357cdf,
Execution Time for Trace ID 18190def47c479c0bf2e24965c357cdf: 55 ms
Input: 1000000,
Cold Start: false
Unique ID: 94757253dc56c890bf12e0753d4d179e,
Execution Time for Trace ID 94757253dc56c890bf12e0753d4d179e: 63 ms
Input: 1000000,
Cold Start: false
Unique ID: c9bfe842fec584533e68ed77992e01c2,
Execution Time for Trace ID c9bfe842fec584533e68ed77992e01c2: 93 ms
Input: 1000000,
Cold Start: false
Unique ID: a48ef60f132cfeca7d3506fb2047bccb,
Execution Time for Trace ID a48ef60f132cfeca7d3506fb2047bccb: 55 ms
Input: 1000000,
Cold Start: false
Unique ID: 9cf3e5a9216b868ebe3f822d8191f328,
Execution Time for Trace ID 9cf3e5a9216b868ebe3f822d8191f328: 27 ms
Input: 1000000,
Cold Start: false
Unique ID: 9d0de724a68e891616c3b0093ebf8325,
Execution Time for Trace ID 9d0de724a68e891616c3b0093ebf8325: 85 ms
Input: 1000000,
Cold Start: false
Unique ID: f7c5f04ce83b1e0a66ea2e029ca0a77a,
Execution Time for Trace ID f7c5f04ce83b1e0a66ea2e029ca0a77a: 58 ms
Input: 1000000,
Cold Start: false
Unique ID: f75fe95240a427fca8988a6df25d29c8,
Execution Time for Trace ID f75fe95240a427fca8988a6df25d29c8: 29 ms
Input: 1000000,
Cold Start: false
Unique ID: 0b753a9a3463e9b6a3b9de0ee5600ff4,
Execution Time for Trace ID 0b753a9a3463e9b6a3b9de0ee5600ff4: 96 ms
Input: 1000000,
Cold Start: false
Unique ID: c1f9af3f6165ab3e44d9bf516670e288,
Execution Time for Trace ID c1f9af3f6165ab3e44d9bf516670e288: 58 ms
Input: 1000000,
Cold Start: false
Unique ID: e67157b565590a95369db702923cbe89,
Execution Time for Trace ID e67157b565590a95369db702923cbe89: 64 ms
Input: 1000000,
Cold Start: false
Unique ID: fe460d7364a8b7b022f2f6f49fd65f48,
Execution Time for Trace ID fe460d7364a8b7b022f2f6f49fd65f48: 81 ms
Input: 1000000,
Cold Start: false
Unique ID: 9cea092e887ad944b67f75bbc653b8af,
Execution Time for Trace ID 9cea092e887ad944b67f75bbc653b8af: 60 ms
Input: 1000000,
Cold Start: false
Unique ID: 8e5ce7dd7087470d0b8ed2e0983f448e,
Execution Time for Trace ID 8e5ce7dd7087470d0b8ed2e0983f448e: 77 ms
Input: 1000000,
Cold Start: false
Unique ID: f2beb334aa520eb7833d9d73e006c77c,
Execution Time for Trace ID f2beb334aa520eb7833d9d73e006c77c: 83 ms
Input: 1000000,
Cold Start: false
Unique ID: 0f15d6360bbaf7ef3efb5753e4707534,
Execution Time for Trace ID 0f15d6360bbaf7ef3efb5753e4707534: 65 ms
Input: 1000000,
Cold Start: false
Unique ID: a8c28c560479f56ec95cb16d7619c95f,
Execution Time for Trace ID a8c28c560479f56ec95cb16d7619c95f: 27 ms
Input: 1000000,
Cold Start: false
Unique ID: 54a3f330cf8b1045353ca5ed1471e049,
Execution Time for Trace ID 54a3f330cf8b1045353ca5ed1471e049: 159 ms
Input: 1000000,
Cold Start: false
Unique ID: bf9edd2f181ed2ffb61a1fe110eb4c5e,
Execution Time for Trace ID bf9edd2f181ed2ffb61a1fe110eb4c5e: 45 ms
Input: 1000000,
Cold Start: false
Unique ID: 4df556206a66f544a1f7e45ce716c6dc,
Execution Time for Trace ID 4df556206a66f544a1f7e45ce716c6dc: 119 ms
Input: 1000000,
Cold Start: false
Unique ID: e7d1292ee5244c10c05c48c028f0782c,
Execution Time for Trace ID e7d1292ee5244c10c05c48c028f0782c: 88 ms
Input: 1000000,
Cold Start: false
Unique ID: 6777c3a0edc5cc0d184880e91eac68f4,
Execution Time for Trace ID 6777c3a0edc5cc0d184880e91eac68f4: 61 ms
Input: 1000000,
Cold Start: false
Unique ID: f31928e2e8bf0feaf73ab65fcff98b4e,
Execution Time for Trace ID f31928e2e8bf0feaf73ab65fcff98b4e: 94 ms
Input: 1000000,
Cold Start: false
Unique ID: c8757fa8e44793f79a9d55a578994e62,
Execution Time for Trace ID c8757fa8e44793f79a9d55a578994e62: 83 ms
Input: 1000000,
Cold Start: false
Unique ID: 0f36ea7d66cf87aa182ab6c0ee3b2f66,
Execution Time for Trace ID 0f36ea7d66cf87aa182ab6c0ee3b2f66: 55 ms
Input: 1000000,
Cold Start: false
Unique ID: 0c2691b9bb968467819c9a896261d1ba,
Execution Time for Trace ID 0c2691b9bb968467819c9a896261d1ba: 28 ms
Input: 1000000,
Cold Start: false
Unique ID: e7a456ebfcf189f7d48fd789fe96e090,
Execution Time for Trace ID e7a456ebfcf189f7d48fd789fe96e090: 86 ms
Input: 1000000,
Cold Start: false
Unique ID: 055c31acd07bb46befda8e30c43d26e6,
Execution Time for Trace ID 055c31acd07bb46befda8e30c43d26e6: 57 ms
Input: 1000000,
Cold Start: false
Unique ID: 45c87c824bcd8b2007cb3e8528907386,
Execution Time for Trace ID 45c87c824bcd8b2007cb3e8528907386: 28 ms
Input: 1000000,
Cold Start: false
Unique ID: 23a5ae6e531e2bd4b5d08fd20ebd51b0,
Execution Time for Trace ID 23a5ae6e531e2bd4b5d08fd20ebd51b0: 92 ms
Input: 1000000,
Cold Start: false
Unique ID: 984ca3334263576968df3213a47328e3,
Execution Time for Trace ID 984ca3334263576968df3213a47328e3: 60 ms
Input: 1000000,
Cold Start: false
Unique ID: 0b0e4ce9b6f81c27939ed9db1696741d,
Execution Time for Trace ID 0b0e4ce9b6f81c27939ed9db1696741d: 49 ms
Input: 1000000,
Cold Start: false
Unique ID: f6d5d9420f1a08d4e83da084b3907617,
Execution Time for Trace ID f6d5d9420f1a08d4e83da084b3907617: 89 ms
Input: 1000000,
Cold Start: false
Unique ID: 03fd1546d5c4249f3333c6193759796e,
Execution Time for Trace ID 03fd1546d5c4249f3333c6193759796e: 59 ms
Input: 1000000,
Cold Start: false
Unique ID: cc0256d7ea5e331eb330163b02411e35,
Execution Time for Trace ID cc0256d7ea5e331eb330163b02411e35: 69 ms
Input: 1000000,
Cold Start: false
Unique ID: a86f00c2ca730f9b199bfbe1e60ad22e,
Execution Time for Trace ID a86f00c2ca730f9b199bfbe1e60ad22e: 164 ms
Input: 1000000,
Cold Start: false
Unique ID: 94b676d19040d0b4d4d3a69ab3415a48,
Execution Time for Trace ID 94b676d19040d0b4d4d3a69ab3415a48: 56 ms
Input: 1000000,
Cold Start: false
Unique ID: 50cf0d23081fd72e3aafa2d3af71fced,
Execution Time for Trace ID 50cf0d23081fd72e3aafa2d3af71fced: 62 ms
Input: 1000000,
Cold Start: false
Unique ID: 94e5acbeb4f9211f91ce27a21dba943e,
Execution Time for Trace ID 94e5acbeb4f9211f91ce27a21dba943e: 84 ms
Input: 1000000,
Cold Start: false
Unique ID: 3caa82ba00eb5ab2045707b56cfe7b6f,
Execution Time for Trace ID 3caa82ba00eb5ab2045707b56cfe7b6f: 56 ms
Input: 1000000,
Cold Start: false
Unique ID: 2e820d1818e3c7d9df4993fc561d2a40,
Execution Time for Trace ID 2e820d1818e3c7d9df4993fc561d2a40: 28 ms
Input: 1000000,
Cold Start: false
Unique ID: c14903246ef4b17c6386dc87ed3d6ed6,
Execution Time for Trace ID c14903246ef4b17c6386dc87ed3d6ed6: 79 ms
Input: 1000000,
Cold Start: false
Unique ID: a7de74ac87fad62747b83b0c0e104669,
Execution Time for Trace ID a7de74ac87fad62747b83b0c0e104669: 56 ms
Input: 1000000,
Cold Start: false
Unique ID: f6fea16b1c60ac8432f08628a4aee8f8,
Execution Time for Trace ID f6fea16b1c60ac8432f08628a4aee8f8: 26 ms
Input: 1000000,
Cold Start: false
Unique ID: bef431a1d3b94b910dba156bddc6db24,
Execution Time for Trace ID bef431a1d3b94b910dba156bddc6db24: 87 ms
Input: 1000000,
Cold Start: false
Unique ID: 02685a7e3a1983f78d1a1e6ce9659212,
Execution Time for Trace ID 02685a7e3a1983f78d1a1e6ce9659212: 53 ms
Input: 1000000,
Cold Start: false
Unique ID: ffe316707ed3e3ba88eddcd41c47b532,
Execution Time for Trace ID ffe316707ed3e3ba88eddcd41c47b532: 30 ms
Input: 1000000,
Cold Start: false
Unique ID: b97094f6a3a37cd7d1ac5399f8e93615,
Execution Time for Trace ID b97094f6a3a37cd7d1ac5399f8e93615: 87 ms
Input: 1000000,
Cold Start: false
Unique ID: fd82bea0778290e7d13c6072c7942d97,
Execution Time for Trace ID fd82bea0778290e7d13c6072c7942d97: 64 ms
Input: 1000000,
Cold Start: false
Unique ID: 785f0ea19cd0b456ac8b713ad9572531,
Execution Time for Trace ID 785f0ea19cd0b456ac8b713ad9572531: 27 ms
Input: 1000000,
Cold Start: false
Unique ID: 19b4a1e726f1ed2553932e97174449d6,
Execution Time for Trace ID 19b4a1e726f1ed2553932e97174449d6: 159 ms
Input: 1000000,
Cold Start: false
Unique ID: 3e8a70366939d4d4cc2a501243c705da,
Execution Time for Trace ID 3e8a70366939d4d4cc2a501243c705da: 68 ms
Input: 1000000,
Cold Start: false
Unique ID: b63da89102643b3eb62ba38b65d08b38,
Execution Time for Trace ID b63da89102643b3eb62ba38b65d08b38: 27 ms
Input: 1000000,
Cold Start: false
Unique ID: 19849ed795dda7b8e4cbf971ea729481,
Execution Time for Trace ID 19849ed795dda7b8e4cbf971ea729481: 161 ms
Input: 1000000,
Cold Start: false
Unique ID: fdca8238b90516ceb0f071ec8eab5f21,
Execution Time for Trace ID fdca8238b90516ceb0f071ec8eab5f21: 65 ms
Input: 1000000,
Cold Start: false
Unique ID: 04c0638b00c666b5cf9f130a7a505973,
Execution Time for Trace ID 04c0638b00c666b5cf9f130a7a505973: 50 ms
Input: 1000000,
Cold Start: false
Unique ID: daf0cffed1d07c32287e19fec96e9f30,
Execution Time for Trace ID daf0cffed1d07c32287e19fec96e9f30: 84 ms
Input: 1000000,
Cold Start: false
Unique ID: 98d1459f36c781416eab568cf6ceecb7,
Execution Time for Trace ID 98d1459f36c781416eab568cf6ceecb7: 57 ms
Input: 1000000,
Cold Start: false
Unique ID: 726a1f1f598bf22d17de8625f4bb9b59,
Execution Time for Trace ID 726a1f1f598bf22d17de8625f4bb9b59: 28 ms
Input: 1000000,
Cold Start: false
Unique ID: 3312b3e3c25da8a37224bc9afd903cef,
Execution Time for Trace ID 3312b3e3c25da8a37224bc9afd903cef: 158 ms
Input: 1000000,
Cold Start: false
Unique ID: 9edc5aa30a96fe0735c05f09d0b5e05c,
Execution Time for Trace ID 9edc5aa30a96fe0735c05f09d0b5e05c: 36 ms
Input: 1000000,
Cold Start: false
Unique ID: 0477ce5d030d956c21d2d1262386fe8c,
Execution Time for Trace ID 0477ce5d030d956c21d2d1262386fe8c: 30 ms
Input: 1000000,
Cold Start: false
Unique ID: 38b52c2361783167027e66a15836961c,
Execution Time for Trace ID 38b52c2361783167027e66a15836961c: 170 ms
Input: 1000000,
Cold Start: false
Unique ID: e462f910e585494a97400c62018d5cfa,
Execution Time for Trace ID e462f910e585494a97400c62018d5cfa: 54 ms
Input: 1000000,
Cold Start: false
Unique ID: 1d4e0ddfa7b1d096b61833e9e293b88b,
Execution Time for Trace ID 1d4e0ddfa7b1d096b61833e9e293b88b: 27 ms
Input: 1000000,
Cold Start: false
Unique ID: 22a137357c9930067147dd26ae3dcad3,
Execution Time for Trace ID 22a137357c9930067147dd26ae3dcad3: 80 ms
Input: 1000000,
Cold Start: false
Unique ID: a93b019c2ae7bb421cf394acf6e2f7bb,
Execution Time for Trace ID a93b019c2ae7bb421cf394acf6e2f7bb: 54 ms
Input: 1000000,
Cold Start: false
Unique ID: 5a5a0eae7065fad93fb3d56115d91673,
Execution Time for Trace ID 5a5a0eae7065fad93fb3d56115d91673: 27 ms
Input: 1000000,
Cold Start: false
Unique ID: 36fe6250b17b7ba036b6ab40ef0dfb07,
Execution Time for Trace ID 36fe6250b17b7ba036b6ab40ef0dfb07: 85 ms
Input: 1000000,
Cold Start: false
Unique ID: af2266b11295436d9fcc2c2bfcdb5864,
Execution Time for Trace ID af2266b11295436d9fcc2c2bfcdb5864: 60 ms
Input: 1000000,
Cold Start: false
Unique ID: 4ac25c3ed9b56f0cfcbafb8ddf6bfe41,
Execution Time for Trace ID 4ac25c3ed9b56f0cfcbafb8ddf6bfe41: 86 ms
Input: 1000000,
Cold Start: false
Unique ID: de73eccd77cf43bbfb83bcacec9ad11a,
Execution Time for Trace ID de73eccd77cf43bbfb83bcacec9ad11a: 86 ms
Input: 1000000,
Cold Start: false
Unique ID: d52262eff8b7595d041fd6532499b45f,
Execution Time for Trace ID d52262eff8b7595d041fd6532499b45f: 61 ms
Input: 1000000,
Cold Start: false
Unique ID: 97d723ce910f6bd3bf54698084d6cc33,
Execution Time for Trace ID 97d723ce910f6bd3bf54698084d6cc33: 28 ms
Input: 1000000,
Cold Start: false
Unique ID: bc300944f7ce294c99b026b78464e4a7,
Execution Time for Trace ID bc300944f7ce294c99b026b78464e4a7: 90 ms
Input: 1000000,
Cold Start: false
Unique ID: 9574e885ac56d511adc352faddf7ed8f,
Execution Time for Trace ID 9574e885ac56d511adc352faddf7ed8f: 50 ms
Input: 1000000,
Cold Start: false
Unique ID: f2ee53e9c42fac4205daf7b650a9558f,
Execution Time for Trace ID f2ee53e9c42fac4205daf7b650a9558f: 28 ms
Input: 1000000,
Cold Start: false
Unique ID: 210eaa0cd2d498aa60ee0711902b93b5,
Execution Time for Trace ID 210eaa0cd2d498aa60ee0711902b93b5: 82 ms
Input: 1000000,
Cold Start: false
Unique ID: 8062c1e09f0f2d52a5786b5f3243237d,
Execution Time for Trace ID 8062c1e09f0f2d52a5786b5f3243237d: 57 ms
Input: 1000000,
Cold Start: false
Unique ID: 473a1ef37093c492c8a4ee3bc91b194e,
Execution Time for Trace ID 473a1ef37093c492c8a4ee3bc91b194e: 62 ms
Input: 1000000,
Cold Start: false
Unique ID: fbe03cd2fb4c58823cfd517677c7839e,
Execution Time for Trace ID fbe03cd2fb4c58823cfd517677c7839e: 83 ms
Input: 1000000,
Cold Start: false
Unique ID: 65bfb0244cb4bccef589cd21ee4c29a1,
Execution Time for Trace ID 65bfb0244cb4bccef589cd21ee4c29a1: 68 ms
Input: 1000000,
Cold Start: false
Unique ID: 56c45b1341f35ef44d3568a79071d625,
Execution Time for Trace ID 56c45b1341f35ef44d3568a79071d625: 28 ms
Input: 1000000,
Cold Start: false
Unique ID: 03fcb85d07486550d2d15344eb3847a8,
Execution Time for Trace ID 03fcb85d07486550d2d15344eb3847a8: 175 ms
Input: 1000000,
Cold Start: false
Unique ID: a007d27ad6ad65d7bcc42c765f3a5fd6,
Execution Time for Trace ID a007d27ad6ad65d7bcc42c765f3a5fd6: 45 ms
Input: 1000000,
Cold Start: false
Unique ID: 7e8b2e1d1028228cecbce33ba99623b9,
Execution Time for Trace ID 7e8b2e1d1028228cecbce33ba99623b9: 28 ms
Input: 1000000,
Cold Start: false
Unique ID: 082e19d10ed5b795637d28153eba31fe,
Execution Time for Trace ID 082e19d10ed5b795637d28153eba31fe: 85 ms
Input: 1000000,
Cold Start: false
Unique ID: a88f6a51ade9f713445052ac966fb237,
Execution Time for Trace ID a88f6a51ade9f713445052ac966fb237: 51 ms
Input: 1000000,
Cold Start: false
Unique ID: 2743fe58595e685cf9162ad12495d23b,
Execution Time for Trace ID 2743fe58595e685cf9162ad12495d23b: 63 ms
Input: 1000000,
Cold Start: false
Unique ID: 5830e932185c9eaa8c83b04872cd61d5,
Execution Time for Trace ID 5830e932185c9eaa8c83b04872cd61d5: 158 ms
Input: 1000000,
Cold Start: false
Unique ID: 3e54700cc7a9541b97fe81a947d15e5a,
Execution Time for Trace ID 3e54700cc7a9541b97fe81a947d15e5a: 72 ms
Input: 1000000,
Cold Start: false
Unique ID: 063a91f0fce0ec35b6ff5cdd3b71604b,
Execution Time for Trace ID 063a91f0fce0ec35b6ff5cdd3b71604b: 62 ms
Input: 1000000,
Cold Start: false
Unique ID: 185d243ab5d931b0a201f3661e07c472,
Execution Time for Trace ID 185d243ab5d931b0a201f3661e07c472: 163 ms
Input: 1000000,
Cold Start: false
Unique ID: 779593b425a16761c7bdd9830f188f4d,
Execution Time for Trace ID 779593b425a16761c7bdd9830f188f4d: 61 ms
Input: 1000000,
Cold Start: false
Unique ID: ba82480a2602a34e16f857e4e8710502,
Execution Time for Trace ID ba82480a2602a34e16f857e4e8710502: 30 ms
Input: 1000000,
Cold Start: false
Unique ID: 9c21cf2f8e295e8de79b7e8b4ab96739,
Execution Time for Trace ID 9c21cf2f8e295e8de79b7e8b4ab96739: 161 ms
Input: 1000000,
Cold Start: false
Unique ID: 1fdfce1e0e78019dba783110753c4fac,
Execution Time for Trace ID 1fdfce1e0e78019dba783110753c4fac: 61 ms
Input: 1000000,
Cold Start: false
Unique ID: 9d4a97e3718f2194a9629e0118542cf8,
Execution Time for Trace ID 9d4a97e3718f2194a9629e0118542cf8: 65 ms
Input: 1000000,
Cold Start: false
Unique ID: 9fc79b73376bc3e596938474352f7ba7,
Execution Time for Trace ID 9fc79b73376bc3e596938474352f7ba7: 82 ms
Input: 1000000,
Cold Start: false
Unique ID: eebe8bc87ff7d986edd4301c75085de9,
Execution Time for Trace ID eebe8bc87ff7d986edd4301c75085de9: 63 ms
Input: 1000000,
Cold Start: false
Unique ID: 46015dce172aa8eaa5f7107abf9b53d9,
Execution Time for Trace ID 46015dce172aa8eaa5f7107abf9b53d9: 26 ms
Input: 1000000,
Cold Start: false
Unique ID: b2e52e4971744d18d465470f32a90051,
Execution Time for Trace ID b2e52e4971744d18d465470f32a90051: 163 ms
Input: 1000000,
Cold Start: false
Unique ID: 7e1a8e627db72535d52b4f600de04f37,
Execution Time for Trace ID 7e1a8e627db72535d52b4f600de04f37: 58 ms
Input: 1000000,
Cold Start: false
Unique ID: f38595442f13390a8aadea9786c293f4,
Execution Time for Trace ID f38595442f13390a8aadea9786c293f4: 101 ms
Input: 1000000,
Cold Start: false
Unique ID: 9c1b2f435ec9f8ad4fccf769a19b3e7c,
Execution Time for Trace ID 9c1b2f435ec9f8ad4fccf769a19b3e7c: 171 ms
Input: 1000000,
Cold Start: false
Unique ID: 5329338579eb67b11c2f8c018134d771,
Execution Time for Trace ID 5329338579eb67b11c2f8c018134d771: 66 ms
Input: 1000000,
Cold Start: false
Unique ID: c1fb5e2fc0b17cf6337237c720f2a809,
Execution Time for Trace ID c1fb5e2fc0b17cf6337237c720f2a809: 31 ms
Input: 1000000,
Cold Start: false
Unique ID: e96c10e7d5198fdfdf2385b29bdcd063,
Execution Time for Trace ID e96c10e7d5198fdfdf2385b29bdcd063: 167 ms
Input: 1000000,
Cold Start: false
Unique ID: 35c93d5560934615f81a8e38f7eea44a,
Execution Time for Trace ID 35c93d5560934615f81a8e38f7eea44a: 56 ms
Input: 1000000,
Cold Start: false
Unique ID: 42a386632a1cd4377515358508ac012c,
Execution Time for Trace ID 42a386632a1cd4377515358508ac012c: 29 ms
Input: 1000000,
Cold Start: false
Unique ID: 0b9aea6f1dfb6b78f1c8a363ea931300,
Execution Time for Trace ID 0b9aea6f1dfb6b78f1c8a363ea931300: 81 ms
Input: 1000000,
Cold Start: false
Unique ID: 2d2532917c78aacbfbac942b392f5386,
Execution Time for Trace ID 2d2532917c78aacbfbac942b392f5386: 62 ms
Input: 1000000,
Cold Start: false
Unique ID: 25946cd55d496dd17bccd953dbb6a304,
Execution Time for Trace ID 25946cd55d496dd17bccd953dbb6a304: 89 ms
Input: 1000000,
Cold Start: false
Unique ID: b1e76fa5c34fe47dd3ae5b2d4661a347,
Execution Time for Trace ID b1e76fa5c34fe47dd3ae5b2d4661a347: 75 ms
Input: 1000000,
Cold Start: false
Unique ID: c612c9f7ad265ef09df03bb95063ae5d,
Execution Time for Trace ID c612c9f7ad265ef09df03bb95063ae5d: 56 ms
Input: 1000000,
Cold Start: false
Unique ID: aeb9f368355091cb95356c47dd5901de,
Execution Time for Trace ID aeb9f368355091cb95356c47dd5901de: 62 ms
Input: 1000000,
Cold Start: false
Unique ID: 1b2c41ece0bdba55c9ffa0f99eca1b34,
Execution Time for Trace ID 1b2c41ece0bdba55c9ffa0f99eca1b34: 170 ms
Input: 1000000,
Cold Start: false
Unique ID: 01ec8d9f0e034b1e5c6a6a761a7febff,
Execution Time for Trace ID 01ec8d9f0e034b1e5c6a6a761a7febff: 62 ms
Input: 1000000,
Cold Start: false
Unique ID: 3f57d49b60361aa1ba2eefde28a823e1,
Execution Time for Trace ID 3f57d49b60361aa1ba2eefde28a823e1: 98 ms
Input: 1000000,
Cold Start: false
Unique ID: e2e34b2f311ce6c64592d53969bbae7f,
Execution Time for Trace ID e2e34b2f311ce6c64592d53969bbae7f: 162 ms
Input: 1000000,
Cold Start: false
Unique ID: d7290b918f4ac46c949a70960c750ef8,
Execution Time for Trace ID d7290b918f4ac46c949a70960c750ef8: 66 ms
Input: 1000000,
Cold Start: false
Unique ID: e16d8a9288c15bef5bcaca80e8673e59,
Execution Time for Trace ID e16d8a9288c15bef5bcaca80e8673e59: 27 ms
Input: 1000000,
Cold Start: false
Unique ID: 34ffdc9596e54c74ac7ba188e78cc09b,
Execution Time for Trace ID 34ffdc9596e54c74ac7ba188e78cc09b: 75 ms
Input: 1000000,
Cold Start: false
Unique ID: d0e28afbb9f0d384d62338ae517f02c4,
Execution Time for Trace ID d0e28afbb9f0d384d62338ae517f02c4: 51 ms
Input: 1000000,
Cold Start: false
Unique ID: 1df3f2cfc94f6b60ada230ff27616658,
Execution Time for Trace ID 1df3f2cfc94f6b60ada230ff27616658: 27 ms
Input: 1000000,
Cold Start: false
Unique ID: 476aaf14ff7cec293d81a0ce8fc0f6f4,
Execution Time for Trace ID 476aaf14ff7cec293d81a0ce8fc0f6f4: 83 ms
Input: 1000000,
Cold Start: false
Unique ID: 290d523df39c8fa2cd198549efe0e4be,
Execution Time for Trace ID 290d523df39c8fa2cd198549efe0e4be: 64 ms
Input: 1000000,
Cold Start: false
Unique ID: addb46e7f3854ee82d167e170280c804,
Execution Time for Trace ID addb46e7f3854ee82d167e170280c804: 62 ms
Input: 1000000,
Cold Start: false
Unique ID: 11488655c48c0dbe2597f7e93ebd2ff9,
Execution Time for Trace ID 11488655c48c0dbe2597f7e93ebd2ff9: 160 ms
Input: 1000000,
Cold Start: false
Unique ID: b3a5f34666424e210f964af9104943c0,
Execution Time for Trace ID b3a5f34666424e210f964af9104943c0: 56 ms
Input: 1000000,
Cold Start: false
Unique ID: e65854c130e443c13a49a29332296d34,
Execution Time for Trace ID e65854c130e443c13a49a29332296d34: 28 ms
Input: 1000000,
Cold Start: false
Unique ID: 59ea919602f4afcd8bc3955852ea4ccf,
Execution Time for Trace ID 59ea919602f4afcd8bc3955852ea4ccf: 87 ms
Input: 1000000,
Cold Start: false
Unique ID: 5c0d878b5b1e31b29ba7c6ec9944c44f,
Execution Time for Trace ID 5c0d878b5b1e31b29ba7c6ec9944c44f: 58 ms
Input: 1000000,
Cold Start: false
Unique ID: 01a8e6e82bbfe3554af415150ecd9b83,
Execution Time for Trace ID 01a8e6e82bbfe3554af415150ecd9b83: 88 ms
Input: 1000000,
Cold Start: false
Unique ID: e2dcbc69a26f810c6288b20b9a9e72b6,
Execution Time for Trace ID e2dcbc69a26f810c6288b20b9a9e72b6: 77 ms
Input: 1000000,
Cold Start: false
Unique ID: 6428e882478b9c09da8d45fe62d3e9c1,
Execution Time for Trace ID 6428e882478b9c09da8d45fe62d3e9c1: 56 ms
Input: 1000000,
Cold Start: false
Unique ID: a6fe7c7d469f7719e7e2f5074228d799,
Execution Time for Trace ID a6fe7c7d469f7719e7e2f5074228d799: 26 ms
Input: 1000000,
Cold Start: false
Unique ID: d5eaae7ba862304a5ea585ee092f6664,
Execution Time for Trace ID d5eaae7ba862304a5ea585ee092f6664: 84 ms
Input: 1000000,
Cold Start: false
Unique ID: 4345527e6e414b392ce76fe807dd7aab,
Execution Time for Trace ID 4345527e6e414b392ce76fe807dd7aab: 66 ms
Input: 1000000,
Cold Start: false
Unique ID: ec9865fa9c2be04cd7846706635c1603,
Execution Time for Trace ID ec9865fa9c2be04cd7846706635c1603: 27 ms
Input: 1000000,
Cold Start: false
Unique ID: 1a26fd25d02816f8a2be338a5678e19a,
Execution Time for Trace ID 1a26fd25d02816f8a2be338a5678e19a: 160 ms
Input: 1000000,
Cold Start: false
Unique ID: e26e65f335421bffd8cb1719dd149474,
Execution Time for Trace ID e26e65f335421bffd8cb1719dd149474: 68 ms
Input: 1000000,
Cold Start: false
Unique ID: bda7baa19f8ec6980803aac8b1a6ae69,
Execution Time for Trace ID bda7baa19f8ec6980803aac8b1a6ae69: 29 ms
Input: 1000000,
Cold Start: false
Unique ID: 27e9c38bceaf47b1508bb4875d086490,
Execution Time for Trace ID 27e9c38bceaf47b1508bb4875d086490: 87 ms
Input: 1000000,
Cold Start: false
Unique ID: 541ce0ebfc51728adf91046004fe14ad,
Execution Time for Trace ID 541ce0ebfc51728adf91046004fe14ad: 31 ms
Input: 1000000,
Cold Start: false
Unique ID: 354b7ef06e65f9116a0159aebb813894,
Execution Time for Trace ID 354b7ef06e65f9116a0159aebb813894: 128 ms
Input: 1000000,
Cold Start: false
Unique ID: fd1b3c39abddf9faf0882b722c6cf0f8,
Execution Time for Trace ID fd1b3c39abddf9faf0882b722c6cf0f8: 87 ms
Input: 1000000,
Cold Start: false
Unique ID: 9d75ccf3737470dd4198c4bc58b18787,
Execution Time for Trace ID 9d75ccf3737470dd4198c4bc58b18787: 57 ms
Input: 1000000,
Cold Start: false
Unique ID: ba09ccb6dec9f061313d9bdf17235740,
Execution Time for Trace ID ba09ccb6dec9f061313d9bdf17235740: 28 ms
Input: 1000000,
Cold Start: false
Unique ID: 912946631fd37ee3572ebd901f14207e,
Execution Time for Trace ID 912946631fd37ee3572ebd901f14207e: 91 ms
Input: 1000000,
Cold Start: false
Unique ID: c1244f8a08426164850b68ecd3849bc7,
Execution Time for Trace ID c1244f8a08426164850b68ecd3849bc7: 59 ms
Input: 1000000,
Cold Start: false
Unique ID: 35b8318c3b2ab8a30be116b2f308323a,
Execution Time for Trace ID 35b8318c3b2ab8a30be116b2f308323a: 27 ms
Input: 1000000,
Cold Start: false
Unique ID: ac1af79d3c1237eac79fd08bbb991083,
Execution Time for Trace ID ac1af79d3c1237eac79fd08bbb991083: 84 ms
Input: 1000000,
Cold Start: false
Unique ID: 73b5ab633f5c7dc926b1551ecc84ecdb,
Execution Time for Trace ID 73b5ab633f5c7dc926b1551ecc84ecdb: 62 ms
Input: 1000000,
Cold Start: false
Unique ID: da990e9f4af28d12b86a80d42f0ce592,
Execution Time for Trace ID da990e9f4af28d12b86a80d42f0ce592: 28 ms
Input: 1000000,
Cold Start: false
Unique ID: 837bc6679c6dbbd87ec1473574ac588c,
Execution Time for Trace ID 837bc6679c6dbbd87ec1473574ac588c: 84 ms
Input: 1000000,
Cold Start: false
Unique ID: 9f17e7bdc00c94baaf142496249b262c,
Execution Time for Trace ID 9f17e7bdc00c94baaf142496249b262c: 54 ms
Input: 1000000,
Cold Start: false
Unique ID: d286e3ee30b74ac585f808e8b0f36a10,
Execution Time for Trace ID d286e3ee30b74ac585f808e8b0f36a10: 30 ms
Input: 1000000,
Cold Start: false
Unique ID: 09f4b4928e4ec78b0bbb831b0955641c,
Execution Time for Trace ID 09f4b4928e4ec78b0bbb831b0955641c: 85 ms
Input: 1000000,
Cold Start: false
Unique ID: 19b12560b07b9f52c5b7237d9621ed8a,
Execution Time for Trace ID 19b12560b07b9f52c5b7237d9621ed8a: 73 ms
Input: 1000000,
Cold Start: false
Unique ID: 1b49427f1a54cb66cd78ab31e7414d5b,
Execution Time for Trace ID 1b49427f1a54cb66cd78ab31e7414d5b: 63 ms
Input: 1000000,
Cold Start: false
Unique ID: ceeb83ef960c093f1755665189a76e62,
Execution Time for Trace ID ceeb83ef960c093f1755665189a76e62: 158 ms
Input: 1000000,
Cold Start: false
Unique ID: e75992dc7b295c6f4b469d3ba3cc3ebe,
Execution Time for Trace ID e75992dc7b295c6f4b469d3ba3cc3ebe: 70 ms
Input: 1000000,
Cold Start: false
Unique ID: 98a0ff75384dd708898733509c16cea0,
Execution Time for Trace ID 98a0ff75384dd708898733509c16cea0: 64 ms
Input: 1000000,
Cold Start: false
Unique ID: 7d50187ec974f240787ac8aa467bd474,
Execution Time for Trace ID 7d50187ec974f240787ac8aa467bd474: 177 ms
Input: 1000000,
Cold Start: false
Unique ID: 66ba7ec3d247c41b7f7507938779f28e,
Execution Time for Trace ID 66ba7ec3d247c41b7f7507938779f28e: 64 ms
Input: 1000000,
Cold Start: false
Unique ID: f2b77974f61b41b283dcae8bbe573a62,
Execution Time for Trace ID f2b77974f61b41b283dcae8bbe573a62: 92 ms
Input: 1000000,
Cold Start: false
Unique ID: 71a17476aad971d1912cf313261e1e88,
Execution Time for Trace ID 71a17476aad971d1912cf313261e1e88: 169 ms
Input: 1000000,
Cold Start: false
Unique ID: 42b6b67245339390d1d2aa345aa150a0,
Execution Time for Trace ID 42b6b67245339390d1d2aa345aa150a0: 75 ms
Input: 1000000,
Cold Start: false
Unique ID: 552096e0a6bf140e48c2b357cb1a486a,
Execution Time for Trace ID 552096e0a6bf140e48c2b357cb1a486a: 29 ms
Input: 1000000,
Cold Start: false
Unique ID: d6f98962bd492ac2a27ec5f9ffa48a6f,
Execution Time for Trace ID d6f98962bd492ac2a27ec5f9ffa48a6f: 171 ms
Input: 1000000,
Cold Start: false
Unique ID: 8c42501437be523fa8a0b36391d77506,
Execution Time for Trace ID 8c42501437be523fa8a0b36391d77506: 59 ms
Input: 1000000,
Cold Start: false
Unique ID: 1eda7b1201ac87ea4609392ad6e1775b,
Execution Time for Trace ID 1eda7b1201ac87ea4609392ad6e1775b: 28 ms
Input: 1000000,
Cold Start: false
Unique ID: f7c32bb6f14dc0fa14caff77f9bcece1,
Execution Time for Trace ID f7c32bb6f14dc0fa14caff77f9bcece1: 157 ms
Input: 1000000,
Cold Start: false
Unique ID: c094ea709f001449b08b40ec34c6a9a6,
Execution Time for Trace ID c094ea709f001449b08b40ec34c6a9a6: 75 ms
Input: 1000000,
Cold Start: false
Unique ID: 80caaed99e90225abbff3ce8e9c86679,
Execution Time for Trace ID 80caaed99e90225abbff3ce8e9c86679: 50 ms
Input: 1000000,
Cold Start: false
Unique ID: 069d066c70579419f9d16aee0af8b7dd,
Execution Time for Trace ID 069d066c70579419f9d16aee0af8b7dd: 167 ms
Input: 1000000,
Cold Start: false
Unique ID: 4aa5134c6c25fc9550677d6aeb22328f,
Execution Time for Trace ID 4aa5134c6c25fc9550677d6aeb22328f: 56 ms
Input: 1000000,
Cold Start: false
Unique ID: db5c169cfcdc0265fefbc75c5f3b5ef4,
Execution Time for Trace ID db5c169cfcdc0265fefbc75c5f3b5ef4: 36 ms
Input: 1000000,
Cold Start: false
Unique ID: 70aa13aaa42391abf60f4c585af61741,
Execution Time for Trace ID 70aa13aaa42391abf60f4c585af61741: 158 ms
Input: 1000000,
Cold Start: false
Unique ID: 0ba51823c5fb369758d037944f89f6ef,
Execution Time for Trace ID 0ba51823c5fb369758d037944f89f6ef: 62 ms
Input: 1000000,
Cold Start: false
Unique ID: 666aa2d3e20e49b972ad5a52749aef34,
Execution Time for Trace ID 666aa2d3e20e49b972ad5a52749aef34: 28 ms
Input: 1000000,
Cold Start: false
Unique ID: a2e978f455dfaeeeda0a38225fad0735,
Execution Time for Trace ID a2e978f455dfaeeeda0a38225fad0735: 87 ms
Input: 1000000,
Cold Start: false
Unique ID: 26c32e578b66caf91c6cf37c7efa1a09,
Execution Time for Trace ID 26c32e578b66caf91c6cf37c7efa1a09: 30 ms
Input: 1000000,
Cold Start: false
Unique ID: b7ea87b871bd0cbdd28993b01c94fabd,
Execution Time for Trace ID b7ea87b871bd0cbdd28993b01c94fabd: 81 ms
Input: 1000000,
Cold Start: false
Unique ID: a33dbaf94efa3905a2552b8556d017ba,
Execution Time for Trace ID a33dbaf94efa3905a2552b8556d017ba: 179 ms
Input: 1000000,
Cold Start: false
Unique ID: d7a9ca2758c62e3836d15f02e1c8ff4c,
Execution Time for Trace ID d7a9ca2758c62e3836d15f02e1c8ff4c: 57 ms
Input: 1000000,
Cold Start: false
Unique ID: a468f214f6aca9414371c45ef32bca87,
Execution Time for Trace ID a468f214f6aca9414371c45ef32bca87: 27 ms
Input: 1000000,
Cold Start: false
Unique ID: aa5c1c7e7f0b854d5d5681825853350f,
Execution Time for Trace ID aa5c1c7e7f0b854d5d5681825853350f: 94 ms
Input: 1000000,
Cold Start: false
Unique ID: ac9ef226f43e7aedd758977b913909a9,
Execution Time for Trace ID ac9ef226f43e7aedd758977b913909a9: 56 ms
Input: 1000000,
Cold Start: false
Unique ID: b565dbb8fa40f38f287c75c7ba177c3a,
Execution Time for Trace ID b565dbb8fa40f38f287c75c7ba177c3a: 31 ms
Input: 1000000,
Cold Start: false
Unique ID: 9949e8fcc436da319e1e010ca6202226,
Execution Time for Trace ID 9949e8fcc436da319e1e010ca6202226: 80 ms
Input: 1000000,
Cold Start: false
Unique ID: 265bfbdde18f5597613a96d88e4433c6,
Execution Time for Trace ID 265bfbdde18f5597613a96d88e4433c6: 58 ms
Input: 1000000,
Cold Start: false
Unique ID: 8da412aa49d0af807c4781ed5c87ad7a,
Execution Time for Trace ID 8da412aa49d0af807c4781ed5c87ad7a: 60 ms
Input: 1000000,
Cold Start: false
Unique ID: f9624a2f07daddad4da2cac87391b800,
Execution Time for Trace ID f9624a2f07daddad4da2cac87391b800: 83 ms
Input: 1000000,
Cold Start: false
Unique ID: 857b685a4b96133dc8db7d5a6889d744,
Execution Time for Trace ID 857b685a4b96133dc8db7d5a6889d744: 55 ms
Input: 1000000,
Cold Start: false
Unique ID: 9441cad22c99e9a3a7c12b7a6c3e05fe,
Execution Time for Trace ID 9441cad22c99e9a3a7c12b7a6c3e05fe: 67 ms
Input: 1000000,
Cold Start: false
Unique ID: cdaebf8ca388b177ae842cf8f50bb9bd,
Execution Time for Trace ID cdaebf8ca388b177ae842cf8f50bb9bd: 80 ms
Input: 1000000,
Cold Start: false
Unique ID: 0db83b0d8fdcee0c41efa27c4fb5d7ed,
Execution Time for Trace ID 0db83b0d8fdcee0c41efa27c4fb5d7ed: 55 ms
Input: 1000000,
Cold Start: false
Unique ID: 9f018dce403ce5112faba9caf2b0c76d,
Execution Time for Trace ID 9f018dce403ce5112faba9caf2b0c76d: 27 ms
Input: 1000000,
Cold Start: false
Unique ID: fe370e53325949686178bc13859a0ed9,
Execution Time for Trace ID fe370e53325949686178bc13859a0ed9: 79 ms
Input: 1000000,
Cold Start: false
Unique ID: 4d86de354e392998520adaf900193844,
Execution Time for Trace ID 4d86de354e392998520adaf900193844: 48 ms
Input: 1000000,
Cold Start: false
Unique ID: 965c777e32d8dfdadad6e8270bd0df5c,
Execution Time for Trace ID 965c777e32d8dfdadad6e8270bd0df5c: 109 ms
Input: 1000000,
Cold Start: false
Unique ID: 4066e72aa869c4abef4087bca727a48b,
Execution Time for Trace ID 4066e72aa869c4abef4087bca727a48b: 79 ms
Input: 1000000,
Cold Start: false
Unique ID: 5e25aa164755cf768b62f06e07d94e8d,
Execution Time for Trace ID 5e25aa164755cf768b62f06e07d94e8d: 57 ms
Input: 1000000,
Cold Start: false
Unique ID: b2d2306ad1a6b3bd2db8ecc38dbeef9a,
Execution Time for Trace ID b2d2306ad1a6b3bd2db8ecc38dbeef9a: 27 ms
Input: 1000000,
Cold Start: false
Unique ID: d1e8425df6d941e70c22a74f04d240c9,
Execution Time for Trace ID d1e8425df6d941e70c22a74f04d240c9: 89 ms
Input: 1000000,
Cold Start: false
Unique ID: 664c4decb751767fea6b81e6d28a415a,
Execution Time for Trace ID 664c4decb751767fea6b81e6d28a415a: 55 ms
Input: 1000000,
Cold Start: false
Unique ID: 13e115dc662645620b704f480b6d7b24,
Execution Time for Trace ID 13e115dc662645620b704f480b6d7b24: 28 ms
Input: 1000000,
Cold Start: false
Unique ID: 6453f14aaf5460392a12927634786b88,
Execution Time for Trace ID 6453f14aaf5460392a12927634786b88: 81 ms
Input: 1000000,
Cold Start: false
Unique ID: d3784cf0d4db18553ba0fd783cd108a8,
Execution Time for Trace ID d3784cf0d4db18553ba0fd783cd108a8: 66 ms
Input: 1000000,
Cold Start: false
Unique ID: f6799496624d93c635d378642d5593e7,
Execution Time for Trace ID f6799496624d93c635d378642d5593e7: 28 ms
Input: 1000000,
Cold Start: false
Unique ID: 7001fa5180e8229725b9ff73f4557b06,
Execution Time for Trace ID 7001fa5180e8229725b9ff73f4557b06: 93 ms
Input: 1000000,
Cold Start: false
Unique ID: 64259b67361cc0a0a4ed0151498261f2,
Execution Time for Trace ID 64259b67361cc0a0a4ed0151498261f2: 58 ms
Input: 1000000,
Cold Start: false
Unique ID: dfd4a40a5885a683cb723dafd9ac3150,
Execution Time for Trace ID dfd4a40a5885a683cb723dafd9ac3150: 27 ms
Input: 1000000,
Cold Start: false
Unique ID: 0d796d453e7a612344aaba55f84504a0,
Execution Time for Trace ID 0d796d453e7a612344aaba55f84504a0: 74 ms
Input: 1000000,
Cold Start: false
Unique ID: 9f5c1987349eba494e93d8068d45849a,
Execution Time for Trace ID 9f5c1987349eba494e93d8068d45849a: 59 ms
Input: 1000000,
Cold Start: false
Unique ID: 8a5f0ba1a4a4f957673d04ac7a269ec3,
Execution Time for Trace ID 8a5f0ba1a4a4f957673d04ac7a269ec3: 73 ms
Input: 1000000,
Cold Start: false
Unique ID: d5807d8bfe76f192502788d24f12294e,
Execution Time for Trace ID d5807d8bfe76f192502788d24f12294e: 110 ms
Input: 1000000,
Cold Start: false
Unique ID: 91645d4b0472a60666d2aa0bbff488de,
Execution Time for Trace ID 91645d4b0472a60666d2aa0bbff488de: 68 ms
Input: 1000000,
Cold Start: false
Unique ID: ec2edcab078dd153145e835668c46af5,
Execution Time for Trace ID ec2edcab078dd153145e835668c46af5: 64 ms
Input: 1000000,
Cold Start: false
Unique ID: 466aec74910801da3c2bc981adc403a3,
Execution Time for Trace ID 466aec74910801da3c2bc981adc403a3: 157 ms
Input: 1000000,
Cold Start: false
Unique ID: 2f32b4ef2df3d8f185d7cd5c84e81383,
Execution Time for Trace ID 2f32b4ef2df3d8f185d7cd5c84e81383: 57 ms
Input: 1000000,
Cold Start: false
Unique ID: ce836c68ec6a8012aa20a2883395fbc0,
Execution Time for Trace ID ce836c68ec6a8012aa20a2883395fbc0: 27 ms
Input: 1000000,
Cold Start: false
Unique ID: c2ef687b7b6a92599ba1ea8286e5d896,
Execution Time for Trace ID c2ef687b7b6a92599ba1ea8286e5d896: 80 ms
Input: 1000000,
Cold Start: false
Unique ID: 0a989d9eae059378b57909613552edde,
Execution Time for Trace ID 0a989d9eae059378b57909613552edde: 58 ms
Input: 1000000,
Cold Start: false
Unique ID: 0f76ba82b63923ee084618b0bee5904d,
Execution Time for Trace ID 0f76ba82b63923ee084618b0bee5904d: 26 ms
Input: 1000000,
Cold Start: false
Unique ID: fc3fbd043b4f3ea1ae0370496b9fc0ef,
Execution Time for Trace ID fc3fbd043b4f3ea1ae0370496b9fc0ef: 78 ms
Input: 1000000,
Cold Start: false
Unique ID: 42f2ef7232dbc8043b4af2ef19348e42,
Execution Time for Trace ID 42f2ef7232dbc8043b4af2ef19348e42: 55 ms
Input: 1000000,
Cold Start: false
Unique ID: 54ee33d5175d308c20df46159265f68d,
Execution Time for Trace ID 54ee33d5175d308c20df46159265f68d: 29 ms
Input: 1000000,
Cold Start: false
Unique ID: faef4312d6c7d6f8f82b3f3469c97ed9,
Execution Time for Trace ID faef4312d6c7d6f8f82b3f3469c97ed9: 83 ms
Input: 1000000,
Cold Start: false
Unique ID: 53653ce1cea0d6e2c5339ca85ccca266,
Execution Time for Trace ID 53653ce1cea0d6e2c5339ca85ccca266: 30 ms
Input: 1000000,
Cold Start: false
Unique ID: f1719a29a56bcb8408ac796fcfb16498,
Execution Time for Trace ID f1719a29a56bcb8408ac796fcfb16498: 133 ms
Input: 1000000,
Cold Start: false
Unique ID: c1f678934477010cd12264451dc0c3bf,
Execution Time for Trace ID c1f678934477010cd12264451dc0c3bf: 116 ms
Input: 1000000,
Cold Start: false
Unique ID: 7c8a54a8e7c86dc8d2a231ba7d5c2382,
Execution Time for Trace ID 7c8a54a8e7c86dc8d2a231ba7d5c2382: 56 ms
Input: 1000000,
Cold Start: false
Unique ID: 27c4d30247d7bf660aa7f849ddbcdd81,
Execution Time for Trace ID 27c4d30247d7bf660aa7f849ddbcdd81: 41 ms
Input: 1000000,
Cold Start: false
Unique ID: 1c97bff65f367c387a0badb010687b25,
Execution Time for Trace ID 1c97bff65f367c387a0badb010687b25: 84 ms
Input: 1000000,
Cold Start: false
Unique ID: 0e00cafae3e6df0f2560a8e0956c39ee,
Execution Time for Trace ID 0e00cafae3e6df0f2560a8e0956c39ee: 69 ms
Input: 1000000,
Cold Start: false
Unique ID: 31b3aeb4b5fe7331a89845a4d1b9f780,
Execution Time for Trace ID 31b3aeb4b5fe7331a89845a4d1b9f780: 66 ms
Input: 1000000,
Cold Start: false
Unique ID: 14d9ac3a40bc889e92b16825886e98a3,
Execution Time for Trace ID 14d9ac3a40bc889e92b16825886e98a3: 162 ms
Input: 1000000,
Cold Start: false
Unique ID: b55adb494a1d5d1cca789ae45392aac6,
Execution Time for Trace ID b55adb494a1d5d1cca789ae45392aac6: 61 ms
Input: 1000000,
Cold Start: false
Unique ID: 5ad57da4dfa89a930bef9e9b1173e545,
Execution Time for Trace ID 5ad57da4dfa89a930bef9e9b1173e545: 28 ms
Input: 1000000,
Cold Start: false
Unique ID: 95e8ecbc714223655d0e06967b22039c,
Execution Time for Trace ID 95e8ecbc714223655d0e06967b22039c: 77 ms
Input: 1000000,
Cold Start: false
Unique ID: 727f86981653187f3d2b0bd8b31fbd29,
Execution Time for Trace ID 727f86981653187f3d2b0bd8b31fbd29: 57 ms
Input: 1000000,
Cold Start: false
Unique ID: 588619ff2bd1f3d238799992f6ef6210,
Execution Time for Trace ID 588619ff2bd1f3d238799992f6ef6210: 72 ms
Input: 1000000,
Cold Start: false
Unique ID: 4b2d7aa274462e2ea51066db49b00c3e,
Execution Time for Trace ID 4b2d7aa274462e2ea51066db49b00c3e: 74 ms
Input: 1000000,
Cold Start: false
Unique ID: 0fe6945ad975df62ba4a5a12ba2911ab,
Execution Time for Trace ID 0fe6945ad975df62ba4a5a12ba2911ab: 57 ms
Input: 1000000,
Cold Start: false
Unique ID: 3e0a6f8bde6b50224be3794df353cb1e,
Execution Time for Trace ID 3e0a6f8bde6b50224be3794df353cb1e: 27 ms
Input: 1000000,
Cold Start: false
Unique ID: ad99b38355b8097dead7babd477de6e8,
Execution Time for Trace ID ad99b38355b8097dead7babd477de6e8: 87 ms
Input: 1000000,
Cold Start: false
Unique ID: afd3623180aad0c00e8007842095f074,
Execution Time for Trace ID afd3623180aad0c00e8007842095f074: 57 ms
Input: 1000000,
Cold Start: false
Unique ID: d7ab868c8a73eb6e862d7c3faea5549d,
Execution Time for Trace ID d7ab868c8a73eb6e862d7c3faea5549d: 64 ms
Input: 1000000,
Cold Start: false
Unique ID: 955810b0a13ba493b9387c4d6600078b,
Execution Time for Trace ID 955810b0a13ba493b9387c4d6600078b: 86 ms
Input: 1000000,
Cold Start: false
Unique ID: 69ed069d0c1e914cd81ee3b41c066900,
Execution Time for Trace ID 69ed069d0c1e914cd81ee3b41c066900: 57 ms
Input: 1000000,
Cold Start: false
Unique ID: b9dcc0cda4b4fddcc330e4157f1fbb06,
Execution Time for Trace ID b9dcc0cda4b4fddcc330e4157f1fbb06: 27 ms
Input: 1000000,
Cold Start: false
Unique ID: b473ebf2bbefd7da0cb73575ffb3e720,
Execution Time for Trace ID b473ebf2bbefd7da0cb73575ffb3e720: 165 ms
Input: 1000000,
Cold Start: false
