Unique ID: 859a225e-0a15-4036-a0cd-e06c1f85e83e,
Billed Duration for Request 859a225e-0a15-4036-a0cd-e06c1f85e83e: 204 ms
Input: 1000000,
Cold Start: true
Unique ID: 3f82c3cb-9354-4511-87fb-6792822a4c85,
Billed Duration for Request 3f82c3cb-9354-4511-87fb-6792822a4c85: 209 ms
Input: 1000000,
Cold Start: true
Unique ID: 8839a6f8-22bb-4262-8220-ee10e0530d0a,
Billed Duration for Request 8839a6f8-22bb-4262-8220-ee10e0530d0a: 191 ms
Input: 1000000,
Cold Start: true
Unique ID: 7443a55c-ab89-4a0f-86a9-b9ce79674ed5,
Billed Duration for Request 7443a55c-ab89-4a0f-86a9-b9ce79674ed5: 114 ms
Input: 1000000,
Cold Start: false
Unique ID: bf915562-fc61-4a8c-8bb7-c9c86599a7d5,
Billed Duration for Request bf915562-fc61-4a8c-8bb7-c9c86599a7d5: 103 ms
Input: 1000000,
Cold Start: false
Unique ID: c8e0650f-cf5f-4420-9a5a-595c14a61722,
Billed Duration for Request c8e0650f-cf5f-4420-9a5a-595c14a61722: 104 ms
Input: 1000000,
Cold Start: false
Unique ID: 1cdfbf07-adcc-492e-aaca-df13145ac478,
Billed Duration for Request 1cdfbf07-adcc-492e-aaca-df13145ac478: 94 ms
Input: 1000000,
Cold Start: false
Unique ID: 09743a6c-3487-4b86-8bb7-4b3b03d2e9c8,
Billed Duration for Request 09743a6c-3487-4b86-8bb7-4b3b03d2e9c8: 96 ms
Input: 1000000,
Cold Start: false
Unique ID: af6dc222-a1f3-407a-b05b-33980ef68794,
Billed Duration for Request af6dc222-a1f3-407a-b05b-33980ef68794: 94 ms
Input: 1000000,
Cold Start: false
Unique ID: fb60a36d-fa82-447a-a461-7f5c10cfffec,
Billed Duration for Request fb60a36d-fa82-447a-a461-7f5c10cfffec: 141 ms
Input: 1000000,
Cold Start: false
Unique ID: eb0dc333-3e63-42a0-81fa-87dcd7c80274,
Billed Duration for Request eb0dc333-3e63-42a0-81fa-87dcd7c80274: 114 ms
Input: 1000000,
Cold Start: false
Unique ID: eb9b655b-6a96-4a4f-886d-5dfabf91c3f0,
Billed Duration for Request eb9b655b-6a96-4a4f-886d-5dfabf91c3f0: 116 ms
Input: 1000000,
Cold Start: false
Unique ID: e61d0a00-eb70-421a-b2e6-191f5ac291ae,
Billed Duration for Request e61d0a00-eb70-421a-b2e6-191f5ac291ae: 124 ms
Input: 1000000,
Cold Start: false
Unique ID: 492f91c6-f661-4cd2-b602-22ead197ee07,
Billed Duration for Request 492f91c6-f661-4cd2-b602-22ead197ee07: 114 ms
Input: 1000000,
Cold Start: false
Unique ID: c2c26833-bfc9-4f99-a3d4-f7ca932f3705,
Billed Duration for Request c2c26833-bfc9-4f99-a3d4-f7ca932f3705: 128 ms
Input: 1000000,
Cold Start: false
Unique ID: 7b495fe5-e1a9-427a-bc29-a278255f3753,
Billed Duration for Request 7b495fe5-e1a9-427a-bc29-a278255f3753: 183 ms
Input: 1000000,
Cold Start: false
Unique ID: 040b1ffd-e821-4198-be45-c788233eedec,
Billed Duration for Request 040b1ffd-e821-4198-be45-c788233eedec: 156 ms
Input: 1000000,
Cold Start: false
Unique ID: 126f3372-3382-4584-8fe6-e5f3d2fc24aa,
Billed Duration for Request 126f3372-3382-4584-8fe6-e5f3d2fc24aa: 142 ms
Input: 1000000,
Cold Start: false
Unique ID: 339a210f-ef33-4323-bdc3-0da36255d8a6,
Billed Duration for Request 339a210f-ef33-4323-bdc3-0da36255d8a6: 117 ms
Input: 1000000,
Cold Start: false
Unique ID: 81730f6e-82e7-4da3-8dc2-9dc0dbdf53fb,
Billed Duration for Request 81730f6e-82e7-4da3-8dc2-9dc0dbdf53fb: 98 ms
Input: 1000000,
Cold Start: false
Unique ID: cad9476d-f2f6-4d07-8d3f-4f6ce56fd1c0,
Billed Duration for Request cad9476d-f2f6-4d07-8d3f-4f6ce56fd1c0: 92 ms
Input: 1000000,
Cold Start: false
Unique ID: 571a7d08-0c41-430c-9d76-f95873b9c12e,
Billed Duration for Request 571a7d08-0c41-430c-9d76-f95873b9c12e: 98 ms
Input: 1000000,
Cold Start: false
Unique ID: 7f6b6d09-cedd-40b2-ae04-7155863b7cba,
Billed Duration for Request 7f6b6d09-cedd-40b2-ae04-7155863b7cba: 73 ms
Input: 1000000,
Cold Start: false
Unique ID: 2d4b8185-e99b-491e-aca2-12919c8ee134,
Billed Duration for Request 2d4b8185-e99b-491e-aca2-12919c8ee134: 107 ms
Input: 1000000,
Cold Start: false
Unique ID: 6a9f8f97-0230-4673-9d8e-8166e2efc054,
Billed Duration for Request 6a9f8f97-0230-4673-9d8e-8166e2efc054: 115 ms
Input: 1000000,
Cold Start: false
Unique ID: 325ed0f2-cea3-4f32-a65d-b1f1b89ef716,
Billed Duration for Request 325ed0f2-cea3-4f32-a65d-b1f1b89ef716: 134 ms
Input: 1000000,
Cold Start: false
Unique ID: 2f18a868-4ead-4b6e-abe1-28d68839dd46,
Billed Duration for Request 2f18a868-4ead-4b6e-abe1-28d68839dd46: 143 ms
Input: 1000000,
Cold Start: false
Unique ID: c7d29530-7b63-4b95-ac99-723e52128b5f,
Billed Duration for Request c7d29530-7b63-4b95-ac99-723e52128b5f: 93 ms
Input: 1000000,
Cold Start: false
Unique ID: 1bba9c99-3872-445e-95fc-0ce740d63d9c,
Billed Duration for Request 1bba9c99-3872-445e-95fc-0ce740d63d9c: 82 ms
Input: 1000000,
Cold Start: false
Unique ID: c55bf227-327d-4240-9078-bfd804aa35a8,
Billed Duration for Request c55bf227-327d-4240-9078-bfd804aa35a8: 124 ms
Input: 1000000,
Cold Start: false
Unique ID: 14c42d05-05f5-49d4-8bc0-e6fe111793b0,
Billed Duration for Request 14c42d05-05f5-49d4-8bc0-e6fe111793b0: 118 ms
Input: 1000000,
Cold Start: false
Unique ID: 3802666b-820b-4c57-a40f-eb1b45d26310,
Billed Duration for Request 3802666b-820b-4c57-a40f-eb1b45d26310: 116 ms
Input: 1000000,
Cold Start: false
Unique ID: 10cc3dfe-404f-40ee-828b-05ae98ddd7a4,
Billed Duration for Request 10cc3dfe-404f-40ee-828b-05ae98ddd7a4: 110 ms
Input: 1000000,
Cold Start: false
Unique ID: 250e1f79-afaf-40a7-a09d-addc5a6293d3,
Billed Duration for Request 250e1f79-afaf-40a7-a09d-addc5a6293d3: 130 ms
Input: 1000000,
Cold Start: false
Unique ID: e8fcca2f-86b4-4e13-b426-f06bd16e75a9,
Billed Duration for Request e8fcca2f-86b4-4e13-b426-f06bd16e75a9: 121 ms
Input: 1000000,
Cold Start: false
Unique ID: 9215eb64-6b8b-4e46-9e29-ec1e3db5d986,
Billed Duration for Request 9215eb64-6b8b-4e46-9e29-ec1e3db5d986: 105 ms
Input: 1000000,
Cold Start: false
Unique ID: f239a422-7792-451e-821a-954bd21b403b,
Billed Duration for Request f239a422-7792-451e-821a-954bd21b403b: 105 ms
Input: 1000000,
Cold Start: false
Unique ID: d772f12d-764e-462a-b488-4a7e29294585,
Billed Duration for Request d772f12d-764e-462a-b488-4a7e29294585: 97 ms
Input: 1000000,
Cold Start: false
Unique ID: 270a4d7f-9438-4711-9549-560172370401,
Billed Duration for Request 270a4d7f-9438-4711-9549-560172370401: 108 ms
Input: 1000000,
Cold Start: false
Unique ID: f6efe9cc-2780-48e2-9d26-1e3027fcf165,
Billed Duration for Request f6efe9cc-2780-48e2-9d26-1e3027fcf165: 87 ms
Input: 1000000,
Cold Start: false
Unique ID: 04a8d353-a362-49e1-b4f5-c73a9cbfb29c,
Billed Duration for Request 04a8d353-a362-49e1-b4f5-c73a9cbfb29c: 133 ms
Input: 1000000,
Cold Start: false
Unique ID: f6203952-43a1-4375-91e0-2183be78fb28,
Billed Duration for Request f6203952-43a1-4375-91e0-2183be78fb28: 110 ms
Input: 1000000,
Cold Start: false
Unique ID: 88230715-662c-40f7-899a-ecbfc82b7ee0,
Billed Duration for Request 88230715-662c-40f7-899a-ecbfc82b7ee0: 79 ms
Input: 1000000,
Cold Start: false
Unique ID: 3d3b317d-47fe-4b2b-aee0-c58569a83590,
Billed Duration for Request 3d3b317d-47fe-4b2b-aee0-c58569a83590: 147 ms
Input: 1000000,
Cold Start: false
Unique ID: 387f2ac4-1592-4add-81d9-aff68533f38a,
Billed Duration for Request 387f2ac4-1592-4add-81d9-aff68533f38a: 82 ms
Input: 1000000,
Cold Start: false
Unique ID: 2c929b34-98e3-4f47-a2ab-a3ad761d5c1e,
Billed Duration for Request 2c929b34-98e3-4f47-a2ab-a3ad761d5c1e: 87 ms
Input: 1000000,
Cold Start: false
Unique ID: 4c6e0af5-8832-4b8e-b3dd-a6577ffef43a,
Billed Duration for Request 4c6e0af5-8832-4b8e-b3dd-a6577ffef43a: 123 ms
Input: 1000000,
Cold Start: false
Unique ID: e03ef7d9-5466-4ace-9abf-8cd3294bded9,
Billed Duration for Request e03ef7d9-5466-4ace-9abf-8cd3294bded9: 78 ms
Input: 1000000,
Cold Start: false
Unique ID: 9c94ac2e-094f-4719-81e3-b90567827416,
Billed Duration for Request 9c94ac2e-094f-4719-81e3-b90567827416: 85 ms
Input: 1000000,
Cold Start: false
Unique ID: dde8de5e-0196-4e9e-999a-04739dfa7213,
Billed Duration for Request dde8de5e-0196-4e9e-999a-04739dfa7213: 136 ms
Input: 1000000,
Cold Start: false
Unique ID: bff2d7f9-b696-46a6-af88-9d7d64c98bca,
Billed Duration for Request bff2d7f9-b696-46a6-af88-9d7d64c98bca: 101 ms
Input: 1000000,
Cold Start: false
Unique ID: 66e4aeb2-b006-48e4-8758-ba667afc4445,
Billed Duration for Request 66e4aeb2-b006-48e4-8758-ba667afc4445: 88 ms
Input: 1000000,
Cold Start: false
Unique ID: 67c0bfa3-7302-4d87-aea2-715b289d91c4,
Billed Duration for Request 67c0bfa3-7302-4d87-aea2-715b289d91c4: 77 ms
Input: 1000000,
Cold Start: false
Unique ID: 41e7c3c1-8d28-491a-900c-3168048d957c,
Billed Duration for Request 41e7c3c1-8d28-491a-900c-3168048d957c: 85 ms
Input: 1000000,
Cold Start: false
Unique ID: 6c25b0c1-def2-4547-9dfe-582362297a70,
Billed Duration for Request 6c25b0c1-def2-4547-9dfe-582362297a70: 121 ms
Input: 1000000,
Cold Start: false
Unique ID: 4c4632fb-13b5-4610-a3a3-ed1f54542f14,
Billed Duration for Request 4c4632fb-13b5-4610-a3a3-ed1f54542f14: 99 ms
Input: 1000000,
Cold Start: false
Unique ID: d9bd76a7-c5ae-45f8-bee2-bf0d0ee182e7,
Billed Duration for Request d9bd76a7-c5ae-45f8-bee2-bf0d0ee182e7: 134 ms
Input: 1000000,
Cold Start: false
Unique ID: 8db569e7-1587-4b94-a306-a0c14c2d98ff,
Billed Duration for Request 8db569e7-1587-4b94-a306-a0c14c2d98ff: 87 ms
Input: 1000000,
Cold Start: false
Unique ID: 53febadf-3287-4109-84e6-ff776443ab7a,
Billed Duration for Request 53febadf-3287-4109-84e6-ff776443ab7a: 130 ms
Input: 1000000,
Cold Start: false
Unique ID: c629181f-4b65-4448-ad2c-f6434379adc9,
Billed Duration for Request c629181f-4b65-4448-ad2c-f6434379adc9: 110 ms
Input: 1000000,
Cold Start: false
Unique ID: d16f5a99-fede-40f0-b207-282cece267e7,
Billed Duration for Request d16f5a99-fede-40f0-b207-282cece267e7: 76 ms
Input: 1000000,
Cold Start: false
Unique ID: 716c68cc-6822-46fa-9588-6672fe7c2e7b,
Billed Duration for Request 716c68cc-6822-46fa-9588-6672fe7c2e7b: 114 ms
Input: 1000000,
Cold Start: false
Unique ID: 3a72353d-344b-4253-bc4c-c58e9b98ab95,
Billed Duration for Request 3a72353d-344b-4253-bc4c-c58e9b98ab95: 87 ms
Input: 1000000,
Cold Start: false
Unique ID: 7c4fb410-d409-4ff9-a99a-a8266fc9e18f,
Billed Duration for Request 7c4fb410-d409-4ff9-a99a-a8266fc9e18f: 98 ms
Input: 1000000,
Cold Start: false
Unique ID: 7981053b-ece8-4425-9456-85c0ff9b5e1f,
Billed Duration for Request 7981053b-ece8-4425-9456-85c0ff9b5e1f: 147 ms
Input: 1000000,
Cold Start: false
Unique ID: 00e4a81e-f4ea-4ada-bbef-1363f60bde7f,
Billed Duration for Request 00e4a81e-f4ea-4ada-bbef-1363f60bde7f: 109 ms
Input: 1000000,
Cold Start: false
Unique ID: 39868160-87fa-427b-ab04-db57bff0d7d1,
Billed Duration for Request 39868160-87fa-427b-ab04-db57bff0d7d1: 77 ms
Input: 1000000,
Cold Start: false
Unique ID: 9ef1cb1e-c97d-4cfb-9ae6-d80e7ac3af89,
Billed Duration for Request 9ef1cb1e-c97d-4cfb-9ae6-d80e7ac3af89: 100 ms
Input: 1000000,
Cold Start: false
Unique ID: e976d966-4f5b-4bf3-a744-962a0d5d1c86,
Billed Duration for Request e976d966-4f5b-4bf3-a744-962a0d5d1c86: 96 ms
Input: 1000000,
Cold Start: false
Unique ID: 742973a8-843d-48c0-bf84-95f053d252c2,
Billed Duration for Request 742973a8-843d-48c0-bf84-95f053d252c2: 119 ms
Input: 1000000,
Cold Start: false
Unique ID: ea3ef21e-b138-43d0-a560-f8a481aececb,
Billed Duration for Request ea3ef21e-b138-43d0-a560-f8a481aececb: 117 ms
Input: 1000000,
Cold Start: false
Unique ID: aca5732a-f719-472f-95b2-4055fa4febd3,
Billed Duration for Request aca5732a-f719-472f-95b2-4055fa4febd3: 88 ms
Input: 1000000,
Cold Start: false
Unique ID: 107c2984-a489-406a-9593-4127f3f0bc52,
Billed Duration for Request 107c2984-a489-406a-9593-4127f3f0bc52: 81 ms
Input: 1000000,
Cold Start: false
Unique ID: 5cdfea99-9785-472f-80a3-66fd68b9e0ba,
Billed Duration for Request 5cdfea99-9785-472f-80a3-66fd68b9e0ba: 97 ms
Input: 1000000,
Cold Start: false
Unique ID: d8fe9fe6-8db8-47da-8252-6d9e2905ad60,
Billed Duration for Request d8fe9fe6-8db8-47da-8252-6d9e2905ad60: 143 ms
Input: 1000000,
Cold Start: false
Unique ID: 5f5136b2-bab4-4abc-b6f6-aa08f765d659,
Billed Duration for Request 5f5136b2-bab4-4abc-b6f6-aa08f765d659: 105 ms
Input: 1000000,
Cold Start: false
Unique ID: 33895321-73c8-4fac-a577-bff511654be1,
Billed Duration for Request 33895321-73c8-4fac-a577-bff511654be1: 121 ms
Input: 1000000,
Cold Start: false
Unique ID: 4bc11246-a424-4ac8-8881-768b9b26f029,
Billed Duration for Request 4bc11246-a424-4ac8-8881-768b9b26f029: 91 ms
Input: 1000000,
Cold Start: false
Unique ID: b90d1e4e-2fb3-4bc2-84b4-7e1c2d43eaf8,
Billed Duration for Request b90d1e4e-2fb3-4bc2-84b4-7e1c2d43eaf8: 80 ms
Input: 1000000,
Cold Start: false
Unique ID: 14ca6f84-f4d5-4ed6-9e62-0e69fcbc572b,
Billed Duration for Request 14ca6f84-f4d5-4ed6-9e62-0e69fcbc572b: 95 ms
Input: 1000000,
Cold Start: false
Unique ID: dcf38147-f1d8-442a-9340-d4c3d3a286f8,
Billed Duration for Request dcf38147-f1d8-442a-9340-d4c3d3a286f8: 85 ms
Input: 1000000,
Cold Start: false
Unique ID: 41e25209-8aa9-449c-b7b1-154dda18d267,
Billed Duration for Request 41e25209-8aa9-449c-b7b1-154dda18d267: 105 ms
Input: 1000000,
Cold Start: false
Unique ID: ede3337a-275f-480c-babc-cee9d030d119,
Billed Duration for Request ede3337a-275f-480c-babc-cee9d030d119: 146 ms
Input: 1000000,
Cold Start: false
Unique ID: f6bbcc68-165c-4ccd-b2d6-463f96fed0c7,
Billed Duration for Request f6bbcc68-165c-4ccd-b2d6-463f96fed0c7: 105 ms
Input: 1000000,
Cold Start: false
Unique ID: 5db75361-aefa-40b9-8610-887a3d129a67,
Billed Duration for Request 5db75361-aefa-40b9-8610-887a3d129a67: 97 ms
Input: 1000000,
Cold Start: false
Unique ID: f96b2ea0-affe-4497-a3c9-e1a125a13ec9,
Billed Duration for Request f96b2ea0-affe-4497-a3c9-e1a125a13ec9: 97 ms
Input: 1000000,
Cold Start: false
Unique ID: bc008d1d-9a78-49b2-b06b-391a64fa025b,
Billed Duration for Request bc008d1d-9a78-49b2-b06b-391a64fa025b: 113 ms
Input: 1000000,
Cold Start: false
Unique ID: e989150c-edb6-477d-a024-4cf1bbb9d124,
Billed Duration for Request e989150c-edb6-477d-a024-4cf1bbb9d124: 113 ms
Input: 1000000,
Cold Start: false
Unique ID: 440217f6-e2ae-4aa9-a71e-34d787e260a5,
Billed Duration for Request 440217f6-e2ae-4aa9-a71e-34d787e260a5: 80 ms
Input: 1000000,
Cold Start: false
Unique ID: 7f830113-fd7f-4053-8f37-3d0ebe7f840c,
Billed Duration for Request 7f830113-fd7f-4053-8f37-3d0ebe7f840c: 87 ms
Input: 1000000,
Cold Start: false
Unique ID: 775dc8e0-ee67-44b9-a9c6-f61c783f44cd,
Billed Duration for Request 775dc8e0-ee67-44b9-a9c6-f61c783f44cd: 98 ms
Input: 1000000,
Cold Start: false
Unique ID: 8639f05e-61d6-4837-9d03-74b20396d3f6,
Billed Duration for Request 8639f05e-61d6-4837-9d03-74b20396d3f6: 77 ms
Input: 1000000,
Cold Start: false
Unique ID: 34d3fc53-8701-4900-9b31-6acff307f405,
Billed Duration for Request 34d3fc53-8701-4900-9b31-6acff307f405: 155 ms
Input: 1000000,
Cold Start: false
Unique ID: 69524d7b-7f1b-4b29-b643-9d988409a684,
Billed Duration for Request 69524d7b-7f1b-4b29-b643-9d988409a684: 83 ms
Input: 1000000,
Cold Start: false
Unique ID: 4447df71-f467-4af6-b6b7-9832fa043f43,
Billed Duration for Request 4447df71-f467-4af6-b6b7-9832fa043f43: 103 ms
Input: 1000000,
Cold Start: false
Unique ID: 370ebc9c-ee20-486f-bf62-de8a039a3149,
Billed Duration for Request 370ebc9c-ee20-486f-bf62-de8a039a3149: 85 ms
Input: 1000000,
Cold Start: false
Unique ID: 230a769b-cb42-4096-83d5-c0ef70ad0f4a,
Billed Duration for Request 230a769b-cb42-4096-83d5-c0ef70ad0f4a: 144 ms
Input: 1000000,
Cold Start: false
Unique ID: fc161a62-b1c6-41a4-931e-6768d7e6fcc0,
Billed Duration for Request fc161a62-b1c6-41a4-931e-6768d7e6fcc0: 85 ms
Input: 1000000,
Cold Start: false
Unique ID: 12f219c4-8e5a-4688-ba1b-c94e4795d7f7,
Billed Duration for Request 12f219c4-8e5a-4688-ba1b-c94e4795d7f7: 86 ms
Input: 1000000,
Cold Start: false
Unique ID: 3c7039c2-a950-4443-8625-dd534990e5d9,
Billed Duration for Request 3c7039c2-a950-4443-8625-dd534990e5d9: 102 ms
Input: 1000000,
Cold Start: false
Unique ID: 3c16ae20-84d9-4cb7-979e-a4a82267b6c9,
Billed Duration for Request 3c16ae20-84d9-4cb7-979e-a4a82267b6c9: 140 ms
Input: 1000000,
Cold Start: false
Unique ID: 4283621b-2c15-429a-9044-d5a91514bb2f,
Billed Duration for Request 4283621b-2c15-429a-9044-d5a91514bb2f: 82 ms
Input: 1000000,
Cold Start: false
Unique ID: ab819983-f9de-4def-8ae2-2b0748ce1c87,
Billed Duration for Request ab819983-f9de-4def-8ae2-2b0748ce1c87: 87 ms
Input: 1000000,
Cold Start: false
Unique ID: c9d34f86-41b3-4c05-96f7-f4266b8271a4,
Billed Duration for Request c9d34f86-41b3-4c05-96f7-f4266b8271a4: 131 ms
Input: 1000000,
Cold Start: false
Unique ID: e4f9b00d-9629-4e0d-bc8c-58a1de9d0ab4,
Billed Duration for Request e4f9b00d-9629-4e0d-bc8c-58a1de9d0ab4: 94 ms
Input: 1000000,
Cold Start: false
Unique ID: 9c16adfc-b6b2-4625-b916-652e68e15fc6,
Billed Duration for Request 9c16adfc-b6b2-4625-b916-652e68e15fc6: 79 ms
Input: 1000000,
Cold Start: false
Unique ID: 95ca7ecf-4604-4431-a2af-72c5dfbb3d86,
Billed Duration for Request 95ca7ecf-4604-4431-a2af-72c5dfbb3d86: 122 ms
Input: 1000000,
Cold Start: false
Unique ID: 476f6e11-30f4-4cc6-9763-9ffcf51aee42,
Billed Duration for Request 476f6e11-30f4-4cc6-9763-9ffcf51aee42: 83 ms
Input: 1000000,
Cold Start: false
Unique ID: 7135cbf9-5398-478b-8181-66f190b29b71,
Billed Duration for Request 7135cbf9-5398-478b-8181-66f190b29b71: 97 ms
Input: 1000000,
Cold Start: false
Unique ID: 3216ecd3-621d-4452-bc9b-daa63769dfe3,
Billed Duration for Request 3216ecd3-621d-4452-bc9b-daa63769dfe3: 84 ms
Input: 1000000,
Cold Start: false
Unique ID: 60ea5861-8390-4064-bb54-be3ada7448f9,
Billed Duration for Request 60ea5861-8390-4064-bb54-be3ada7448f9: 85 ms
Input: 1000000,
Cold Start: false
Unique ID: 13a7bede-9bdb-4c8d-8ce2-2b8addf2e821,
Billed Duration for Request 13a7bede-9bdb-4c8d-8ce2-2b8addf2e821: 82 ms
Input: 1000000,
Cold Start: false
Unique ID: 6db9b1c3-d054-4d72-8314-f027ef7da570,
Billed Duration for Request 6db9b1c3-d054-4d72-8314-f027ef7da570: 154 ms
Input: 1000000,
Cold Start: false
Unique ID: 012ed9c1-8235-4942-aa8c-680cb45a7e7e,
Billed Duration for Request 012ed9c1-8235-4942-aa8c-680cb45a7e7e: 117 ms
Input: 1000000,
Cold Start: false
Unique ID: e60f7a72-4b20-40a8-8368-a6daedde0df4,
Billed Duration for Request e60f7a72-4b20-40a8-8368-a6daedde0df4: 122 ms
Input: 1000000,
Cold Start: false
Unique ID: 7d916780-e668-462b-b3a8-66b742a5111f,
Billed Duration for Request 7d916780-e668-462b-b3a8-66b742a5111f: 86 ms
Input: 1000000,
Cold Start: false
Unique ID: cb8e9a9a-9655-4328-9428-c5e59903288b,
Billed Duration for Request cb8e9a9a-9655-4328-9428-c5e59903288b: 109 ms
Input: 1000000,
Cold Start: false
Unique ID: ef591635-e45c-4a49-9c6f-64c5903d5234,
Billed Duration for Request ef591635-e45c-4a49-9c6f-64c5903d5234: 104 ms
Input: 1000000,
Cold Start: false
Unique ID: 86577ad3-b45d-401c-beca-3d665aab07d3,
Billed Duration for Request 86577ad3-b45d-401c-beca-3d665aab07d3: 81 ms
Input: 1000000,
Cold Start: false
Unique ID: 2674f599-e72c-44eb-b2a2-d69f4deeae02,
Billed Duration for Request 2674f599-e72c-44eb-b2a2-d69f4deeae02: 105 ms
Input: 1000000,
Cold Start: false
Unique ID: 471567b8-a380-4eda-98fe-71f4b3fe1d7a,
Billed Duration for Request 471567b8-a380-4eda-98fe-71f4b3fe1d7a: 142 ms
Input: 1000000,
Cold Start: false
Unique ID: 2b9923ed-4d90-4e23-b08b-07c7d1040562,
Billed Duration for Request 2b9923ed-4d90-4e23-b08b-07c7d1040562: 76 ms
Input: 1000000,
Cold Start: false
Unique ID: 2f2b0faa-4a0b-4564-b173-525448e48bc4,
Billed Duration for Request 2f2b0faa-4a0b-4564-b173-525448e48bc4: 76 ms
Input: 1000000,
Cold Start: false
Unique ID: 87264f15-9599-464d-8da4-ce2fbb5da799,
Billed Duration for Request 87264f15-9599-464d-8da4-ce2fbb5da799: 111 ms
Input: 1000000,
Cold Start: false
Unique ID: 91513b0b-db54-454f-81cb-ca927a5474dc,
Billed Duration for Request 91513b0b-db54-454f-81cb-ca927a5474dc: 79 ms
Input: 1000000,
Cold Start: false
Unique ID: 393b4cd9-cdc3-4f2e-b6df-bddb22f5d132,
Billed Duration for Request 393b4cd9-cdc3-4f2e-b6df-bddb22f5d132: 124 ms
Input: 1000000,
Cold Start: false
Unique ID: 52f19dc2-7c2c-48ca-afd0-1fa987ed9512,
Billed Duration for Request 52f19dc2-7c2c-48ca-afd0-1fa987ed9512: 118 ms
Input: 1000000,
Cold Start: false
Unique ID: 10a83273-58c2-40d9-8a8d-085e6b20e435,
Billed Duration for Request 10a83273-58c2-40d9-8a8d-085e6b20e435: 92 ms
Input: 1000000,
Cold Start: false
Unique ID: 904cc99d-0d8b-42a4-91ce-43abd2bac6d5,
Billed Duration for Request 904cc99d-0d8b-42a4-91ce-43abd2bac6d5: 116 ms
Input: 1000000,
Cold Start: false
Unique ID: c3da1a8b-d0be-4733-a380-96f919ca33fe,
Billed Duration for Request c3da1a8b-d0be-4733-a380-96f919ca33fe: 105 ms
Input: 1000000,
Cold Start: false
Unique ID: 0ca2a2d3-a30b-4396-8033-9e34120cd7a8,
Billed Duration for Request 0ca2a2d3-a30b-4396-8033-9e34120cd7a8: 80 ms
Input: 1000000,
Cold Start: false
Unique ID: 7bee9d91-195f-4d05-9ec9-96268929776c,
Billed Duration for Request 7bee9d91-195f-4d05-9ec9-96268929776c: 82 ms
Input: 1000000,
Cold Start: false
Unique ID: cb65e22b-a377-4048-abb5-c300713a4f5b,
Billed Duration for Request cb65e22b-a377-4048-abb5-c300713a4f5b: 140 ms
Input: 1000000,
Cold Start: false
Unique ID: 8307155d-5622-493a-a57f-e16ceb82b368,
Billed Duration for Request 8307155d-5622-493a-a57f-e16ceb82b368: 136 ms
Input: 1000000,
Cold Start: false
Unique ID: 5697244a-4b9c-4ddd-9080-38f33e11e24c,
Billed Duration for Request 5697244a-4b9c-4ddd-9080-38f33e11e24c: 72 ms
Input: 1000000,
Cold Start: false
Unique ID: 2df225d5-db41-4d68-bd77-77b4e2522461,
Billed Duration for Request 2df225d5-db41-4d68-bd77-77b4e2522461: 83 ms
Input: 1000000,
Cold Start: false
Unique ID: d6f04938-f49d-4d61-8eaf-0c367b896c39,
Billed Duration for Request d6f04938-f49d-4d61-8eaf-0c367b896c39: 98 ms
Input: 1000000,
Cold Start: false
Unique ID: 2e611d33-8c31-4128-98a8-0a38d45694c0,
Billed Duration for Request 2e611d33-8c31-4128-98a8-0a38d45694c0: 101 ms
Input: 1000000,
Cold Start: false
Unique ID: 2bf71284-12b2-4e3a-8980-669aefd1a2bb,
Billed Duration for Request 2bf71284-12b2-4e3a-8980-669aefd1a2bb: 130 ms
Input: 1000000,
Cold Start: false
Unique ID: 850b5c88-d329-4c85-80ec-972737b307dc,
Billed Duration for Request 850b5c88-d329-4c85-80ec-972737b307dc: 93 ms
Input: 1000000,
Cold Start: false
Unique ID: a5a206c5-7b43-412c-ab15-d50445cccecf,
Billed Duration for Request a5a206c5-7b43-412c-ab15-d50445cccecf: 67 ms
Input: 1000000,
Cold Start: false
Unique ID: e75f0cd4-3a04-4034-9341-d6ea1cf70cef,
Billed Duration for Request e75f0cd4-3a04-4034-9341-d6ea1cf70cef: 106 ms
Input: 1000000,
Cold Start: false
Unique ID: ff0c3219-a829-47ea-af60-09f00427c99e,
Billed Duration for Request ff0c3219-a829-47ea-af60-09f00427c99e: 86 ms
Input: 1000000,
Cold Start: false
Unique ID: 973303b8-7043-4bad-ba0d-53f3e00439f8,
Billed Duration for Request 973303b8-7043-4bad-ba0d-53f3e00439f8: 85 ms
Input: 1000000,
Cold Start: false
Unique ID: 7dc45deb-2e31-4697-a45b-9fe17986923f,
Billed Duration for Request 7dc45deb-2e31-4697-a45b-9fe17986923f: 108 ms
Input: 1000000,
Cold Start: false
Unique ID: 21feb464-24dd-4b77-944e-c69889a9ad76,
Billed Duration for Request 21feb464-24dd-4b77-944e-c69889a9ad76: 104 ms
Input: 1000000,
Cold Start: false
Unique ID: c85ac16e-b975-4ffa-a51b-1da9af4eca69,
Billed Duration for Request c85ac16e-b975-4ffa-a51b-1da9af4eca69: 84 ms
Input: 1000000,
Cold Start: false
Unique ID: 6bc57acf-6981-4f89-bde2-df6bd028c499,
Billed Duration for Request 6bc57acf-6981-4f89-bde2-df6bd028c499: 101 ms
Input: 1000000,
Cold Start: false
Unique ID: df11ce0b-6638-4eaa-9795-3b232afbeff2,
Billed Duration for Request df11ce0b-6638-4eaa-9795-3b232afbeff2: 120 ms
Input: 1000000,
Cold Start: false
Unique ID: 6e984f9d-1f4b-481d-8d5a-4bb436333a73,
Billed Duration for Request 6e984f9d-1f4b-481d-8d5a-4bb436333a73: 99 ms
Input: 1000000,
Cold Start: false
Unique ID: 9db2a590-0238-4906-a9fd-e710bb8b2063,
Billed Duration for Request 9db2a590-0238-4906-a9fd-e710bb8b2063: 121 ms
Input: 1000000,
Cold Start: false
Unique ID: 74cf58d5-71cd-4d1f-9b1c-9ab107090c00,
Billed Duration for Request 74cf58d5-71cd-4d1f-9b1c-9ab107090c00: 83 ms
Input: 1000000,
Cold Start: false
Unique ID: 49f81544-035f-4dbe-964f-1f55c9fdfb5f,
Billed Duration for Request 49f81544-035f-4dbe-964f-1f55c9fdfb5f: 106 ms
Input: 1000000,
Cold Start: false
Unique ID: a60a0a20-c2e5-4cb3-8b1f-af9b6807499b,
Billed Duration for Request a60a0a20-c2e5-4cb3-8b1f-af9b6807499b: 111 ms
Input: 1000000,
Cold Start: false
Unique ID: 4128c71a-3106-4c7c-856f-a2b5462b1d1b,
Billed Duration for Request 4128c71a-3106-4c7c-856f-a2b5462b1d1b: 100 ms
Input: 1000000,
Cold Start: false
Unique ID: 43f99570-4a15-4214-a62b-9123aa920d45,
Billed Duration for Request 43f99570-4a15-4214-a62b-9123aa920d45: 87 ms
Input: 1000000,
Cold Start: false
Unique ID: 54a8f52c-7111-4662-af2a-7aacaaed35eb,
Billed Duration for Request 54a8f52c-7111-4662-af2a-7aacaaed35eb: 97 ms
Input: 1000000,
Cold Start: false
Unique ID: 65075c02-06d0-42f8-b2f5-548ade04ad5e,
Billed Duration for Request 65075c02-06d0-42f8-b2f5-548ade04ad5e: 102 ms
Input: 1000000,
Cold Start: false
Unique ID: 24aca34f-dbf3-4057-bb78-daf9a27cf07a,
Billed Duration for Request 24aca34f-dbf3-4057-bb78-daf9a27cf07a: 80 ms
Input: 1000000,
Cold Start: false
Unique ID: d67122be-696d-468e-bc72-8dabf3fd018f,
Billed Duration for Request d67122be-696d-468e-bc72-8dabf3fd018f: 143 ms
Input: 1000000,
Cold Start: false
Unique ID: 18352318-274c-4afe-b1ff-9777d745c2f0,
Billed Duration for Request 18352318-274c-4afe-b1ff-9777d745c2f0: 153 ms
Input: 1000000,
Cold Start: false
Unique ID: 33dbcc37-4ed1-49a0-aa36-fc0464d4dc5b,
Billed Duration for Request 33dbcc37-4ed1-49a0-aa36-fc0464d4dc5b: 85 ms
Input: 1000000,
Cold Start: false
Unique ID: 3e262f5a-babc-4c58-8a53-62e3ba15318f,
Billed Duration for Request 3e262f5a-babc-4c58-8a53-62e3ba15318f: 73 ms
Input: 1000000,
Cold Start: false
Unique ID: c0263ff4-7bb4-4ba7-a7ad-3d1750fe7d3b,
Billed Duration for Request c0263ff4-7bb4-4ba7-a7ad-3d1750fe7d3b: 136 ms
Input: 1000000,
Cold Start: false
Unique ID: ee381109-1654-46ea-a7e6-880e2eba7493,
Billed Duration for Request ee381109-1654-46ea-a7e6-880e2eba7493: 86 ms
Input: 1000000,
Cold Start: false
Unique ID: feae477f-8d67-45b2-9817-d38da65e2126,
Billed Duration for Request feae477f-8d67-45b2-9817-d38da65e2126: 106 ms
Input: 1000000,
Cold Start: false
Unique ID: 4a79f92e-6c7e-4dd3-aa23-9a69a0976a89,
Billed Duration for Request 4a79f92e-6c7e-4dd3-aa23-9a69a0976a89: 76 ms
Input: 1000000,
Cold Start: false
Unique ID: 09ba9c5a-90e3-42c5-b835-20ce471e9fce,
Billed Duration for Request 09ba9c5a-90e3-42c5-b835-20ce471e9fce: 124 ms
Input: 1000000,
Cold Start: false
Unique ID: 77e01159-76ba-4ff5-ba10-ef911bcf4604,
Billed Duration for Request 77e01159-76ba-4ff5-ba10-ef911bcf4604: 99 ms
Input: 1000000,
Cold Start: false
Unique ID: 497147e0-4a37-48f2-a43f-1c2b3cda6dbd,
Billed Duration for Request 497147e0-4a37-48f2-a43f-1c2b3cda6dbd: 98 ms
Input: 1000000,
Cold Start: false
Unique ID: fd6bea7f-7177-4764-8db2-419d7aba095a,
Billed Duration for Request fd6bea7f-7177-4764-8db2-419d7aba095a: 105 ms
Input: 1000000,
Cold Start: false
Unique ID: aa7a2ee3-c5a9-42ff-93d8-716d577c012b,
Billed Duration for Request aa7a2ee3-c5a9-42ff-93d8-716d577c012b: 73 ms
Input: 1000000,
Cold Start: false
Unique ID: eda6f824-2328-48fe-83dd-2a47c5a8b7f9,
Billed Duration for Request eda6f824-2328-48fe-83dd-2a47c5a8b7f9: 90 ms
Input: 1000000,
Cold Start: false
Unique ID: bd7ffd10-1b61-4489-9b69-0eb97169510d,
Billed Duration for Request bd7ffd10-1b61-4489-9b69-0eb97169510d: 113 ms
Input: 1000000,
Cold Start: false
Unique ID: 0c2d33ab-f796-464a-892b-a4a8a90c64e5,
Billed Duration for Request 0c2d33ab-f796-464a-892b-a4a8a90c64e5: 87 ms
Input: 1000000,
Cold Start: false
Unique ID: 5cbf2ec6-580b-4a6b-b06f-7558edc4362d,
Billed Duration for Request 5cbf2ec6-580b-4a6b-b06f-7558edc4362d: 136 ms
Input: 1000000,
Cold Start: false
Unique ID: 5fef3297-bcd3-420f-b3aa-5374f16fba4f,
Billed Duration for Request 5fef3297-bcd3-420f-b3aa-5374f16fba4f: 68 ms
Input: 1000000,
Cold Start: false
Unique ID: d419ceae-e5ef-46e2-8e8c-7ec12451dd85,
Billed Duration for Request d419ceae-e5ef-46e2-8e8c-7ec12451dd85: 69 ms
Input: 1000000,
Cold Start: false
Unique ID: 0496fba0-6ea2-44c9-bbfe-df7faf31a987,
Billed Duration for Request 0496fba0-6ea2-44c9-bbfe-df7faf31a987: 85 ms
Input: 1000000,
Cold Start: false
Unique ID: 49639b0a-f879-488d-8cd4-101b860d1c92,
Billed Duration for Request 49639b0a-f879-488d-8cd4-101b860d1c92: 135 ms
Input: 1000000,
Cold Start: false
Unique ID: 76743bb7-342f-4424-90eb-b0a8f842d23e,
Billed Duration for Request 76743bb7-342f-4424-90eb-b0a8f842d23e: 81 ms
Input: 1000000,
Cold Start: false
Unique ID: 70b7421e-fdcc-4a89-8659-7f4179be7d35,
Billed Duration for Request 70b7421e-fdcc-4a89-8659-7f4179be7d35: 98 ms
Input: 1000000,
Cold Start: false
Unique ID: c6834611-5f81-49c7-9bc6-fa39a97d3a32,
Billed Duration for Request c6834611-5f81-49c7-9bc6-fa39a97d3a32: 163 ms
Input: 1000000,
Cold Start: false
Unique ID: a5abaaa2-9b64-4c11-bb91-115a239ca496,
Billed Duration for Request a5abaaa2-9b64-4c11-bb91-115a239ca496: 83 ms
Input: 1000000,
Cold Start: false
Unique ID: e1267d90-9abf-4886-a119-810a08aeb568,
Billed Duration for Request e1267d90-9abf-4886-a119-810a08aeb568: 75 ms
Input: 1000000,
Cold Start: false
Unique ID: 2b80290d-ca96-4767-9d07-0ad2f2eff899,
Billed Duration for Request 2b80290d-ca96-4767-9d07-0ad2f2eff899: 145 ms
Input: 1000000,
Cold Start: false
Unique ID: 7de8bd53-6b21-424f-87ca-61fc4215f41c,
Billed Duration for Request 7de8bd53-6b21-424f-87ca-61fc4215f41c: 102 ms
Input: 1000000,
Cold Start: false
Unique ID: 67821d85-f529-49a0-a7f9-5a13045788f5,
Billed Duration for Request 67821d85-f529-49a0-a7f9-5a13045788f5: 115 ms
Input: 1000000,
Cold Start: false
Unique ID: 58a2214e-24d3-41bf-bf63-44c32eede0e8,
Billed Duration for Request 58a2214e-24d3-41bf-bf63-44c32eede0e8: 89 ms
Input: 1000000,
Cold Start: false
Unique ID: 0497d81c-7ea9-471b-b2c9-b0bbeb1a62d9,
Billed Duration for Request 0497d81c-7ea9-471b-b2c9-b0bbeb1a62d9: 82 ms
Input: 1000000,
Cold Start: false
Unique ID: 8eeb1a8f-2e4b-4fcc-a009-fa805cbdbe68,
Billed Duration for Request 8eeb1a8f-2e4b-4fcc-a009-fa805cbdbe68: 95 ms
Input: 1000000,
Cold Start: false
Unique ID: 4114538d-0fec-4eb0-b3fa-4a3073c18ad9,
Billed Duration for Request 4114538d-0fec-4eb0-b3fa-4a3073c18ad9: 110 ms
Input: 1000000,
Cold Start: false
Unique ID: b1a494a1-98bb-4cbf-a133-9d0e00b89190,
Billed Duration for Request b1a494a1-98bb-4cbf-a133-9d0e00b89190: 89 ms
Input: 1000000,
Cold Start: false
Unique ID: c15f905d-ec41-451f-a2a4-c1356ffdddfd,
Billed Duration for Request c15f905d-ec41-451f-a2a4-c1356ffdddfd: 158 ms
Input: 1000000,
Cold Start: false
Unique ID: f6dde835-3d58-4e0c-9fb6-dc61c325e2da,
Billed Duration for Request f6dde835-3d58-4e0c-9fb6-dc61c325e2da: 109 ms
Input: 1000000,
Cold Start: false
Unique ID: 5b57dc93-0376-4f58-ad65-81fdb992d79f,
Billed Duration for Request 5b57dc93-0376-4f58-ad65-81fdb992d79f: 67 ms
Input: 1000000,
Cold Start: false
Unique ID: e2d84da9-c122-4364-a221-98fd2c04cd17,
Billed Duration for Request e2d84da9-c122-4364-a221-98fd2c04cd17: 78 ms
Input: 1000000,
Cold Start: false
Unique ID: 902f58d2-a7d7-495e-8f94-6c68ffdf11a9,
Billed Duration for Request 902f58d2-a7d7-495e-8f94-6c68ffdf11a9: 111 ms
Input: 1000000,
Cold Start: false
Unique ID: 850b12eb-8484-4c3f-aa28-f61e91389c3d,
Billed Duration for Request 850b12eb-8484-4c3f-aa28-f61e91389c3d: 101 ms
Input: 1000000,
Cold Start: false
Unique ID: b51beef7-9040-48f4-9935-ff132826e0e3,
Billed Duration for Request b51beef7-9040-48f4-9935-ff132826e0e3: 114 ms
Input: 1000000,
Cold Start: false
Unique ID: c393fe9e-6203-4ed2-8ed5-9e07ef09bb02,
Billed Duration for Request c393fe9e-6203-4ed2-8ed5-9e07ef09bb02: 83 ms
Input: 1000000,
Cold Start: false
Unique ID: 377d1858-5ece-4a68-81ac-7f5b8229e4dd,
Billed Duration for Request 377d1858-5ece-4a68-81ac-7f5b8229e4dd: 87 ms
Input: 1000000,
Cold Start: false
Unique ID: 65a51fa7-18b2-4807-be0c-246585c800c6,
Billed Duration for Request 65a51fa7-18b2-4807-be0c-246585c800c6: 76 ms
Input: 1000000,
Cold Start: false
Unique ID: b7341d84-e322-4db9-85e7-d6914a6141cc,
Billed Duration for Request b7341d84-e322-4db9-85e7-d6914a6141cc: 145 ms
Input: 1000000,
Cold Start: false
Unique ID: f65b15c9-2b93-4a84-a255-648845e89910,
Billed Duration for Request f65b15c9-2b93-4a84-a255-648845e89910: 124 ms
Input: 1000000,
Cold Start: false
Unique ID: 8e1c7424-11de-4ea9-9276-c09da060218e,
Billed Duration for Request 8e1c7424-11de-4ea9-9276-c09da060218e: 114 ms
Input: 1000000,
Cold Start: false
Unique ID: 39df179b-3eb5-4add-9eda-94b140d8b7a9,
Billed Duration for Request 39df179b-3eb5-4add-9eda-94b140d8b7a9: 113 ms
Input: 1000000,
Cold Start: false
Unique ID: 66d97c5b-a1df-4529-a828-a69116f53fc9,
Billed Duration for Request 66d97c5b-a1df-4529-a828-a69116f53fc9: 89 ms
Input: 1000000,
Cold Start: false
Unique ID: 16bac72b-b9c5-479f-a67e-e3108d5a1074,
Billed Duration for Request 16bac72b-b9c5-479f-a67e-e3108d5a1074: 96 ms
Input: 1000000,
Cold Start: false
Unique ID: 98758d20-3c29-4e17-a835-d6058e1f4d2c,
Billed Duration for Request 98758d20-3c29-4e17-a835-d6058e1f4d2c: 70 ms
Input: 1000000,
Cold Start: false
Unique ID: 1693b29c-fa47-45e1-8031-bd8ab9a0e411,
Billed Duration for Request 1693b29c-fa47-45e1-8031-bd8ab9a0e411: 89 ms
Input: 1000000,
Cold Start: false
Unique ID: d81e0540-9e44-414c-a501-8fdb03f6ba5f,
Billed Duration for Request d81e0540-9e44-414c-a501-8fdb03f6ba5f: 67 ms
Input: 1000000,
Cold Start: false
Unique ID: f2996219-2e56-4a74-96e5-bacea9cf9116,
Billed Duration for Request f2996219-2e56-4a74-96e5-bacea9cf9116: 154 ms
Input: 1000000,
Cold Start: false
Unique ID: 45f7e34f-94ad-48b4-9009-c161d04766a6,
Billed Duration for Request 45f7e34f-94ad-48b4-9009-c161d04766a6: 84 ms
Input: 1000000,
Cold Start: false
Unique ID: 7d675769-7845-4ab1-9125-6eb61ec40808,
Billed Duration for Request 7d675769-7845-4ab1-9125-6eb61ec40808: 119 ms
Input: 1000000,
Cold Start: false
Unique ID: d55e35f0-fd92-4654-a3db-e96a170c53a0,
Billed Duration for Request d55e35f0-fd92-4654-a3db-e96a170c53a0: 109 ms
Input: 1000000,
Cold Start: false
Unique ID: 7979ff35-380d-4ab2-b777-a8dff2193256,
Billed Duration for Request 7979ff35-380d-4ab2-b777-a8dff2193256: 87 ms
Input: 1000000,
Cold Start: false
Unique ID: 129343f5-3ab0-46e1-a22f-3ec3003e4aa9,
Billed Duration for Request 129343f5-3ab0-46e1-a22f-3ec3003e4aa9: 75 ms
Input: 1000000,
Cold Start: false
Unique ID: bde92703-ce71-46b2-823e-ca8c34844b24,
Billed Duration for Request bde92703-ce71-46b2-823e-ca8c34844b24: 121 ms
Input: 1000000,
Cold Start: false
Unique ID: 2df32091-4945-4a18-b340-4da96f800d02,
Billed Duration for Request 2df32091-4945-4a18-b340-4da96f800d02: 91 ms
Input: 1000000,
Cold Start: false
Unique ID: a25749d6-e79a-4a05-bf21-aa7820d2101f,
Billed Duration for Request a25749d6-e79a-4a05-bf21-aa7820d2101f: 92 ms
Input: 1000000,
Cold Start: false
Unique ID: a0b16ae7-b294-43eb-8681-cbdeefc8c175,
Billed Duration for Request a0b16ae7-b294-43eb-8681-cbdeefc8c175: 112 ms
Input: 1000000,
Cold Start: false
Unique ID: 8de05a0c-a90d-4942-b625-8bf40ae3b79a,
Billed Duration for Request 8de05a0c-a90d-4942-b625-8bf40ae3b79a: 95 ms
Input: 1000000,
Cold Start: false
Unique ID: 6f77062c-6279-421d-a4b2-c0ab8766d339,
Billed Duration for Request 6f77062c-6279-421d-a4b2-c0ab8766d339: 114 ms
Input: 1000000,
Cold Start: false
Unique ID: beb2a716-4ed5-4088-bfdd-e6466e93ed1b,
Billed Duration for Request beb2a716-4ed5-4088-bfdd-e6466e93ed1b: 145 ms
Input: 1000000,
Cold Start: false
Unique ID: d51e9dd4-5ed6-4945-ae32-59d5a00f834f,
Billed Duration for Request d51e9dd4-5ed6-4945-ae32-59d5a00f834f: 89 ms
Input: 1000000,
Cold Start: false
Unique ID: 05a499fc-7f73-426d-8c76-2c450f6416ab,
Billed Duration for Request 05a499fc-7f73-426d-8c76-2c450f6416ab: 118 ms
Input: 1000000,
Cold Start: false
Unique ID: b98bdac8-5b62-4f90-8449-0ebe5d6b93a6,
Billed Duration for Request b98bdac8-5b62-4f90-8449-0ebe5d6b93a6: 127 ms
Input: 1000000,
Cold Start: false
Unique ID: 73200893-0dd3-4474-a547-87694d6a8267,
Billed Duration for Request 73200893-0dd3-4474-a547-87694d6a8267: 92 ms
Input: 1000000,
Cold Start: false
Unique ID: aa75e269-6ea6-4605-a0ef-bc3f72236dc0,
Billed Duration for Request aa75e269-6ea6-4605-a0ef-bc3f72236dc0: 118 ms
Input: 1000000,
Cold Start: false
Unique ID: 93d22b3b-2dd1-477b-b185-e9ed78df5dfe,
Billed Duration for Request 93d22b3b-2dd1-477b-b185-e9ed78df5dfe: 93 ms
Input: 1000000,
Cold Start: false
Unique ID: d2de9bcc-efef-4ee4-9d55-a4cbfb64214c,
Billed Duration for Request d2de9bcc-efef-4ee4-9d55-a4cbfb64214c: 110 ms
Input: 1000000,
Cold Start: false
Unique ID: bfa96c18-49ec-40fa-9b9e-3decccb2164b,
Billed Duration for Request bfa96c18-49ec-40fa-9b9e-3decccb2164b: 112 ms
Input: 1000000,
Cold Start: false
Unique ID: 3854b5e4-4d7e-4ecb-b269-ab4c13b52431,
Billed Duration for Request 3854b5e4-4d7e-4ecb-b269-ab4c13b52431: 156 ms
Input: 1000000,
Cold Start: false
Unique ID: 4bdeb741-f427-4d52-9eba-cfc1066eeb2e,
Billed Duration for Request 4bdeb741-f427-4d52-9eba-cfc1066eeb2e: 82 ms
Input: 1000000,
Cold Start: false
Unique ID: 09386a39-c69d-4277-b21f-1621e002187e,
Billed Duration for Request 09386a39-c69d-4277-b21f-1621e002187e: 122 ms
Input: 1000000,
Cold Start: false
Unique ID: 23adfffc-b65e-498a-84f3-a1da1e34bd5d,
Billed Duration for Request 23adfffc-b65e-498a-84f3-a1da1e34bd5d: 85 ms
Input: 1000000,
Cold Start: false
Unique ID: c86345da-b0f9-45b1-990e-af7529b8d9a6,
Billed Duration for Request c86345da-b0f9-45b1-990e-af7529b8d9a6: 91 ms
Input: 1000000,
Cold Start: false
Unique ID: 8ae6644a-2e42-4de6-8034-8e4e438116a0,
Billed Duration for Request 8ae6644a-2e42-4de6-8034-8e4e438116a0: 160 ms
Input: 1000000,
Cold Start: false
Unique ID: 44415061-861c-48a5-a302-3d0490c575b7,
Billed Duration for Request 44415061-861c-48a5-a302-3d0490c575b7: 110 ms
Input: 1000000,
Cold Start: false
Unique ID: 13ec92e3-ddd8-4c77-b2bb-f7b5cd3a3ec1,
Billed Duration for Request 13ec92e3-ddd8-4c77-b2bb-f7b5cd3a3ec1: 106 ms
Input: 1000000,
Cold Start: false
Unique ID: 810b51c8-ff2c-4505-a102-f515126c7c99,
Billed Duration for Request 810b51c8-ff2c-4505-a102-f515126c7c99: 82 ms
Input: 1000000,
Cold Start: false
Unique ID: 4293acf9-b76b-4265-93e0-2be235f22855,
Billed Duration for Request 4293acf9-b76b-4265-93e0-2be235f22855: 104 ms
Input: 1000000,
Cold Start: false
Unique ID: 0a745d76-e7f8-4043-aa90-1b9a574f84e8,
Billed Duration for Request 0a745d76-e7f8-4043-aa90-1b9a574f84e8: 101 ms
Input: 1000000,
Cold Start: false
Unique ID: 5afeb708-763f-4567-8fdd-1fbfd7e6622f,
Billed Duration for Request 5afeb708-763f-4567-8fdd-1fbfd7e6622f: 141 ms
Input: 1000000,
Cold Start: false
Unique ID: 02467417-feb2-48d7-a579-3664656b869e,
Billed Duration for Request 02467417-feb2-48d7-a579-3664656b869e: 101 ms
Input: 1000000,
Cold Start: false
Unique ID: 3815f1d5-93d1-47f7-86b3-0ba3e0e431f5,
Billed Duration for Request 3815f1d5-93d1-47f7-86b3-0ba3e0e431f5: 99 ms
Input: 1000000,
Cold Start: false
Unique ID: d8918e67-4a74-4654-ae0e-319d52281188,
Billed Duration for Request d8918e67-4a74-4654-ae0e-319d52281188: 104 ms
Input: 1000000,
Cold Start: false
Unique ID: 3c529a57-953f-4eee-9514-720d19b7bca3,
Billed Duration for Request 3c529a57-953f-4eee-9514-720d19b7bca3: 100 ms
Input: 1000000,
Cold Start: false
Unique ID: e1ca47ba-8b56-4655-a993-0211a376a019,
Billed Duration for Request e1ca47ba-8b56-4655-a993-0211a376a019: 84 ms
Input: 1000000,
Cold Start: false
Unique ID: 47db33a4-2d8d-43d0-864b-7fe23ceacf0a,
Billed Duration for Request 47db33a4-2d8d-43d0-864b-7fe23ceacf0a: 132 ms
Input: 1000000,
Cold Start: false
Unique ID: c029aa83-ada8-4663-a5ed-a9b623c773d8,
Billed Duration for Request c029aa83-ada8-4663-a5ed-a9b623c773d8: 169 ms
Input: 1000000,
Cold Start: false
Unique ID: 42f94b00-cdfb-48fe-aeed-f984d467bc0b,
Billed Duration for Request 42f94b00-cdfb-48fe-aeed-f984d467bc0b: 119 ms
Input: 1000000,
Cold Start: false
Unique ID: 0a7d3b52-0f84-47cd-b227-96f1182becbb,
Billed Duration for Request 0a7d3b52-0f84-47cd-b227-96f1182becbb: 133 ms
Input: 1000000,
Cold Start: false
Unique ID: 50279498-8df3-420c-8882-387f7533105d,
Billed Duration for Request 50279498-8df3-420c-8882-387f7533105d: 84 ms
Input: 1000000,
Cold Start: false
Unique ID: e290dac2-4fa9-408a-8f94-e39576ae98af,
Billed Duration for Request e290dac2-4fa9-408a-8f94-e39576ae98af: 114 ms
Input: 1000000,
Cold Start: false
Unique ID: 39c68b6a-2b2b-4fc2-8db8-46709815f7e3,
Billed Duration for Request 39c68b6a-2b2b-4fc2-8db8-46709815f7e3: 102 ms
Input: 1000000,
Cold Start: false
Unique ID: 5c433fac-693b-45b9-ab1d-840be7b736d9,
Billed Duration for Request 5c433fac-693b-45b9-ab1d-840be7b736d9: 72 ms
Input: 1000000,
Cold Start: false
Unique ID: 4a30e1ad-5043-4ed1-b395-23cf6fd789c7,
Billed Duration for Request 4a30e1ad-5043-4ed1-b395-23cf6fd789c7: 102 ms
Input: 1000000,
Cold Start: false
Unique ID: 2f65966f-538c-46c9-8045-b770d21e55cb,
Billed Duration for Request 2f65966f-538c-46c9-8045-b770d21e55cb: 84 ms
Input: 1000000,
Cold Start: false
Unique ID: 8d9b12fc-7819-45da-afe7-beed9ba90976,
Billed Duration for Request 8d9b12fc-7819-45da-afe7-beed9ba90976: 149 ms
Input: 1000000,
Cold Start: false
Unique ID: e19de989-6667-4bbb-8468-7a8cb8e46d69,
Billed Duration for Request e19de989-6667-4bbb-8468-7a8cb8e46d69: 113 ms
Input: 1000000,
Cold Start: false
Unique ID: 8e34affe-912f-4d0a-9358-87c717dfee54,
Billed Duration for Request 8e34affe-912f-4d0a-9358-87c717dfee54: 94 ms
Input: 1000000,
Cold Start: false
Unique ID: 2dff0301-5060-42e4-8801-25bf26a617e5,
Billed Duration for Request 2dff0301-5060-42e4-8801-25bf26a617e5: 124 ms
Input: 1000000,
Cold Start: false
Unique ID: 562530c4-f911-404d-93c9-546a11d71246,
Billed Duration for Request 562530c4-f911-404d-93c9-546a11d71246: 122 ms
Input: 1000000,
Cold Start: false
Unique ID: d4b30960-d3c3-4b80-a7ab-4abedaa005ea,
Billed Duration for Request d4b30960-d3c3-4b80-a7ab-4abedaa005ea: 121 ms
Input: 1000000,
Cold Start: false
Unique ID: f0c49f6e-9054-4b93-98b3-36585d472821,
Billed Duration for Request f0c49f6e-9054-4b93-98b3-36585d472821: 162 ms
Input: 1000000,
Cold Start: false
Unique ID: 1fab9028-74b1-4409-9b61-0ab3646ef6ea,
Billed Duration for Request 1fab9028-74b1-4409-9b61-0ab3646ef6ea: 147 ms
Input: 1000000,
Cold Start: false
Unique ID: fb325d84-8b71-4eae-87a7-959c2cff8905,
Billed Duration for Request fb325d84-8b71-4eae-87a7-959c2cff8905: 76 ms
Input: 1000000,
Cold Start: false
Unique ID: 3f64e222-a4c8-4d48-a048-3e274a1cd64e,
Billed Duration for Request 3f64e222-a4c8-4d48-a048-3e274a1cd64e: 103 ms
Input: 1000000,
Cold Start: false
Unique ID: 6a5c6c81-d848-4d30-98d9-0843848ebf88,
Billed Duration for Request 6a5c6c81-d848-4d30-98d9-0843848ebf88: 69 ms
Input: 1000000,
Cold Start: false
Unique ID: e7e39abf-13d4-4972-b2ad-335e86f9467e,
Billed Duration for Request e7e39abf-13d4-4972-b2ad-335e86f9467e: 122 ms
Input: 1000000,
Cold Start: false
Unique ID: b5f94f7d-412a-43dc-918e-70e6d88b7ee2,
Billed Duration for Request b5f94f7d-412a-43dc-918e-70e6d88b7ee2: 86 ms
Input: 1000000,
Cold Start: false
Unique ID: e8ec4786-6393-43d7-b5e3-7ba698f536b4,
Billed Duration for Request e8ec4786-6393-43d7-b5e3-7ba698f536b4: 103 ms
Input: 1000000,
Cold Start: false
Unique ID: 789fbb04-6c62-46a5-8810-a608edd2a68b,
Billed Duration for Request 789fbb04-6c62-46a5-8810-a608edd2a68b: 65 ms
Input: 1000000,
Cold Start: false
Unique ID: f7983365-06ef-43e8-be25-e7441b83bf5e,
Billed Duration for Request f7983365-06ef-43e8-be25-e7441b83bf5e: 88 ms
Input: 1000000,
Cold Start: false
Unique ID: 03814b2f-1141-47f2-9b01-281ceb1aeece,
Billed Duration for Request 03814b2f-1141-47f2-9b01-281ceb1aeece: 136 ms
Input: 1000000,
Cold Start: false
Unique ID: 3cec0118-5a1a-4602-bc9d-fd27d5120ec4,
Billed Duration for Request 3cec0118-5a1a-4602-bc9d-fd27d5120ec4: 120 ms
Input: 1000000,
Cold Start: false
Unique ID: e0523ee6-24df-45d2-94f3-a6e13b6aad84,
Billed Duration for Request e0523ee6-24df-45d2-94f3-a6e13b6aad84: 207 ms
Input: 1000000,
Cold Start: false
Unique ID: fbd1cf90-6db9-424b-80e0-f64584165f7b,
Billed Duration for Request fbd1cf90-6db9-424b-80e0-f64584165f7b: 100 ms
Input: 1000000,
Cold Start: false
Unique ID: 66821299-1961-4dc1-baff-446a64735ff0,
Billed Duration for Request 66821299-1961-4dc1-baff-446a64735ff0: 103 ms
Input: 1000000,
Cold Start: false
Unique ID: 7d40932c-9f45-4e90-bae2-4398e582a233,
Billed Duration for Request 7d40932c-9f45-4e90-bae2-4398e582a233: 104 ms
Input: 1000000,
Cold Start: false
Unique ID: 4129967a-ea84-43f5-8bed-860bf90ade0b,
Billed Duration for Request 4129967a-ea84-43f5-8bed-860bf90ade0b: 95 ms
Input: 1000000,
Cold Start: false
Unique ID: 9206709f-6bcf-46c5-8a8b-f5333f20c14c,
Billed Duration for Request 9206709f-6bcf-46c5-8a8b-f5333f20c14c: 122 ms
Input: 1000000,
Cold Start: false
Unique ID: 84ae5d4a-5079-4242-b83f-21bc052567ee,
Billed Duration for Request 84ae5d4a-5079-4242-b83f-21bc052567ee: 130 ms
Input: 1000000,
Cold Start: false
Unique ID: ef607194-f1aa-40c8-ac9b-1bdcc0ebf429,
Billed Duration for Request ef607194-f1aa-40c8-ac9b-1bdcc0ebf429: 83 ms
Input: 1000000,
Cold Start: false
Unique ID: 57e35d6b-2fec-49c6-b395-a5247bac92c5,
Billed Duration for Request 57e35d6b-2fec-49c6-b395-a5247bac92c5: 105 ms
Input: 1000000,
Cold Start: false
Unique ID: 674182a2-d6b2-446e-8b99-e20e9d057973,
Billed Duration for Request 674182a2-d6b2-446e-8b99-e20e9d057973: 104 ms
Input: 1000000,
Cold Start: false
Unique ID: 6f1c5312-020d-4935-a142-6641981f4456,
Billed Duration for Request 6f1c5312-020d-4935-a142-6641981f4456: 83 ms
Input: 1000000,
Cold Start: false
Unique ID: 5f700d2b-db09-4fe2-b91a-dc486dc2606d,
Billed Duration for Request 5f700d2b-db09-4fe2-b91a-dc486dc2606d: 127 ms
Input: 1000000,
Cold Start: false
Unique ID: 77c60f8a-3b37-4f07-9a08-c504d26262b8,
Billed Duration for Request 77c60f8a-3b37-4f07-9a08-c504d26262b8: 104 ms
Input: 1000000,
Cold Start: false
Unique ID: 3431debc-c7bf-434d-8ba6-896192a964a0,
Billed Duration for Request 3431debc-c7bf-434d-8ba6-896192a964a0: 68 ms
Input: 1000000,
Cold Start: false
Unique ID: 152dc478-a920-4d0a-acf4-258071c0770e,
Billed Duration for Request 152dc478-a920-4d0a-acf4-258071c0770e: 121 ms
Input: 1000000,
Cold Start: false
Unique ID: 2c3c8c39-b8e5-4d1d-94e2-d0d9e3fdb524,
Billed Duration for Request 2c3c8c39-b8e5-4d1d-94e2-d0d9e3fdb524: 90 ms
Input: 1000000,
Cold Start: false
Unique ID: aba1535a-4ec2-4ac4-aeff-deeb925ae8aa,
Billed Duration for Request aba1535a-4ec2-4ac4-aeff-deeb925ae8aa: 134 ms
Input: 1000000,
Cold Start: false
Unique ID: 837d02c4-65b3-493c-a13c-4eaac04a935c,
Billed Duration for Request 837d02c4-65b3-493c-a13c-4eaac04a935c: 94 ms
Input: 1000000,
Cold Start: false
Unique ID: 54e72925-089d-4b66-8442-11abe943b521,
Billed Duration for Request 54e72925-089d-4b66-8442-11abe943b521: 125 ms
Input: 1000000,
Cold Start: false
Unique ID: d30b110c-0894-4c16-9b5c-17eeba5be217,
Billed Duration for Request d30b110c-0894-4c16-9b5c-17eeba5be217: 79 ms
Input: 1000000,
Cold Start: false
Unique ID: 5208e417-7e9a-4c85-b402-a1aa61986ae8,
Billed Duration for Request 5208e417-7e9a-4c85-b402-a1aa61986ae8: 100 ms
Input: 1000000,
Cold Start: false
Unique ID: 92828307-45b9-41de-9af7-2ace53e57048,
Billed Duration for Request 92828307-45b9-41de-9af7-2ace53e57048: 120 ms
Input: 1000000,
Cold Start: false
Unique ID: fcc684b2-7446-4f1d-b4ff-0d10c23d0d74,
Billed Duration for Request fcc684b2-7446-4f1d-b4ff-0d10c23d0d74: 102 ms
Input: 1000000,
Cold Start: false
Unique ID: c23cdae7-b4e6-4813-bca2-18a4a4e63d1a,
Billed Duration for Request c23cdae7-b4e6-4813-bca2-18a4a4e63d1a: 93 ms
Input: 1000000,
Cold Start: false
Unique ID: b298f97b-0a97-423f-b973-1fdbcaf6d8cb,
Billed Duration for Request b298f97b-0a97-423f-b973-1fdbcaf6d8cb: 80 ms
Input: 1000000,
Cold Start: false
Unique ID: f72ef035-d5a3-468a-bbee-037118d0cc59,
Billed Duration for Request f72ef035-d5a3-468a-bbee-037118d0cc59: 99 ms
Input: 1000000,
Cold Start: false
Unique ID: fe67adce-11df-4115-864f-96fef280c6f7,
Billed Duration for Request fe67adce-11df-4115-864f-96fef280c6f7: 123 ms
Input: 1000000,
Cold Start: false
Unique ID: 3f53a72b-0fe1-4165-997f-8e919b220d18,
Billed Duration for Request 3f53a72b-0fe1-4165-997f-8e919b220d18: 87 ms
Input: 1000000,
Cold Start: false
Unique ID: 41effc78-58a1-470d-82e7-585e2e40fa06,
Billed Duration for Request 41effc78-58a1-470d-82e7-585e2e40fa06: 91 ms
Input: 1000000,
Cold Start: false
Unique ID: 962de97b-16a6-4867-8ec8-51c1fab34b79,
Billed Duration for Request 962de97b-16a6-4867-8ec8-51c1fab34b79: 94 ms
Input: 1000000,
Cold Start: false
Unique ID: 327071e3-d1a1-4df7-bf02-3bf66aacafad,
Billed Duration for Request 327071e3-d1a1-4df7-bf02-3bf66aacafad: 153 ms
Input: 1000000,
Cold Start: false
Unique ID: 89acfe10-fc9b-4c91-9376-522469f1efa2,
Billed Duration for Request 89acfe10-fc9b-4c91-9376-522469f1efa2: 95 ms
Input: 1000000,
Cold Start: false
Unique ID: de847093-79a4-4e56-8e9b-1f62df6f0c58,
Billed Duration for Request de847093-79a4-4e56-8e9b-1f62df6f0c58: 97 ms
Input: 1000000,
Cold Start: false
Unique ID: fa113c93-952a-4efc-8678-7f0db693ecba,
Billed Duration for Request fa113c93-952a-4efc-8678-7f0db693ecba: 106 ms
Input: 1000000,
Cold Start: false
Unique ID: ae264e46-1644-473a-b30d-0d69aab82901,
Billed Duration for Request ae264e46-1644-473a-b30d-0d69aab82901: 85 ms
Input: 1000000,
Cold Start: false
Unique ID: a4df8828-7377-48dc-9a4b-4f5d4845ff5a,
Billed Duration for Request a4df8828-7377-48dc-9a4b-4f5d4845ff5a: 94 ms
Input: 1000000,
Cold Start: false
Unique ID: 195da5c2-0731-49d2-a7d1-dd878f749b42,
Billed Duration for Request 195da5c2-0731-49d2-a7d1-dd878f749b42: 131 ms
Input: 1000000,
Cold Start: false
Unique ID: 21908937-ef4c-4be6-9dd1-4f67f315ad0b,
Billed Duration for Request 21908937-ef4c-4be6-9dd1-4f67f315ad0b: 99 ms
Input: 1000000,
Cold Start: false
Unique ID: 56f38104-08c3-4d76-945c-686f1f463692,
Billed Duration for Request 56f38104-08c3-4d76-945c-686f1f463692: 111 ms
Input: 1000000,
Cold Start: false
Unique ID: fd989a2d-51bc-4546-a352-b6fd0b3935f5,
Billed Duration for Request fd989a2d-51bc-4546-a352-b6fd0b3935f5: 140 ms
Input: 1000000,
Cold Start: false
Unique ID: 48f2d728-bb19-4c20-8036-e54be61b6898,
Billed Duration for Request 48f2d728-bb19-4c20-8036-e54be61b6898: 80 ms
Input: 1000000,
Cold Start: false
Unique ID: 28ee7540-3277-48f9-a07a-a700ccd8c201,
Billed Duration for Request 28ee7540-3277-48f9-a07a-a700ccd8c201: 81 ms
Input: 1000000,
Cold Start: false
Unique ID: ad2c8772-2dd2-437d-ba7d-e8ab8507d466,
Billed Duration for Request ad2c8772-2dd2-437d-ba7d-e8ab8507d466: 163 ms
Input: 1000000,
Cold Start: false
Unique ID: f04b232a-dece-4099-b89b-1bcb79cee4b7,
Billed Duration for Request f04b232a-dece-4099-b89b-1bcb79cee4b7: 69 ms
Input: 1000000,
Cold Start: false
Unique ID: 708f347d-6fc5-4ec0-834c-58661271437b,
Billed Duration for Request 708f347d-6fc5-4ec0-834c-58661271437b: 94 ms
Input: 1000000,
Cold Start: false
Unique ID: b78e00a6-961a-4b20-8dad-0e241a08c163,
Billed Duration for Request b78e00a6-961a-4b20-8dad-0e241a08c163: 123 ms
Input: 1000000,
Cold Start: false
Unique ID: 03f67e09-d5d7-4b4f-a0bc-cce741d60192,
Billed Duration for Request 03f67e09-d5d7-4b4f-a0bc-cce741d60192: 85 ms
Input: 1000000,
Cold Start: false
Unique ID: eceb0517-42e5-4768-b456-787f8fe4b736,
Billed Duration for Request eceb0517-42e5-4768-b456-787f8fe4b736: 98 ms
Input: 1000000,
Cold Start: false
Unique ID: 33a5c60b-bf28-4aa7-85ce-c35255022b6e,
Billed Duration for Request 33a5c60b-bf28-4aa7-85ce-c35255022b6e: 89 ms
Input: 1000000,
Cold Start: false
Unique ID: 3841fbc8-50ff-46e4-8d63-90e35e18d509,
Billed Duration for Request 3841fbc8-50ff-46e4-8d63-90e35e18d509: 109 ms
Input: 1000000,
Cold Start: false
Unique ID: 715ccc64-3168-433b-b5d9-6f204e6c02ab,
Billed Duration for Request 715ccc64-3168-433b-b5d9-6f204e6c02ab: 93 ms
Input: 1000000,
Cold Start: false
Unique ID: 9a6e8d11-8b06-4d59-86d0-8b2b37e87cec,
Billed Duration for Request 9a6e8d11-8b06-4d59-86d0-8b2b37e87cec: 108 ms
Input: 1000000,
Cold Start: false
Unique ID: 82446cdb-49b6-4af6-88de-7820e9b58f22,
Billed Duration for Request 82446cdb-49b6-4af6-88de-7820e9b58f22: 100 ms
Input: 1000000,
Cold Start: false
Unique ID: 37e86da5-2c80-4b87-95da-2410a2103984,
Billed Duration for Request 37e86da5-2c80-4b87-95da-2410a2103984: 97 ms
Input: 1000000,
Cold Start: false
Unique ID: 8b6f286f-5f60-4137-a357-89dbc3fdb888,
Billed Duration for Request 8b6f286f-5f60-4137-a357-89dbc3fdb888: 73 ms
Input: 1000000,
Cold Start: false
Unique ID: 2f120618-ac1d-4d34-870e-deb7e42f8b25,
Billed Duration for Request 2f120618-ac1d-4d34-870e-deb7e42f8b25: 96 ms
Input: 1000000,
Cold Start: false
Unique ID: bb89758e-bab4-42e8-9e6a-e68b5a2de43e,
Billed Duration for Request bb89758e-bab4-42e8-9e6a-e68b5a2de43e: 86 ms
Input: 1000000,
Cold Start: false
Unique ID: c5953294-5a05-4a39-a0f6-89837adde839,
Billed Duration for Request c5953294-5a05-4a39-a0f6-89837adde839: 114 ms
Input: 1000000,
Cold Start: false
Unique ID: 83cf6ed0-aff9-433a-8b9a-04689ef55b3b,
Billed Duration for Request 83cf6ed0-aff9-433a-8b9a-04689ef55b3b: 82 ms
Input: 1000000,
Cold Start: false
Unique ID: 254c4ad5-14df-47f1-a74d-d64187866895,
Billed Duration for Request 254c4ad5-14df-47f1-a74d-d64187866895: 95 ms
Input: 1000000,
Cold Start: false
Unique ID: 7575236a-8be8-4925-9160-bf463cd26f6a,
Billed Duration for Request 7575236a-8be8-4925-9160-bf463cd26f6a: 184 ms
Input: 1000000,
Cold Start: false
Unique ID: 5e8fa64f-49e7-4152-9625-af202b90e5ed,
Billed Duration for Request 5e8fa64f-49e7-4152-9625-af202b90e5ed: 82 ms
Input: 1000000,
Cold Start: false
Unique ID: 9b4022f2-9806-4347-a83c-11197ba6f5bf,
Billed Duration for Request 9b4022f2-9806-4347-a83c-11197ba6f5bf: 95 ms
Input: 1000000,
Cold Start: false
Unique ID: b4ff5e2e-8c19-4e32-a84b-f9e033f11470,
Billed Duration for Request b4ff5e2e-8c19-4e32-a84b-f9e033f11470: 144 ms
Input: 1000000,
Cold Start: false
Unique ID: 87790afd-3794-4e8b-abc7-82023d42ceed,
Billed Duration for Request 87790afd-3794-4e8b-abc7-82023d42ceed: 90 ms
Input: 1000000,
Cold Start: false
Unique ID: c2126d4c-f9d7-423a-9c72-4bd8c1196633,
Billed Duration for Request c2126d4c-f9d7-423a-9c72-4bd8c1196633: 80 ms
Input: 1000000,
Cold Start: false
Unique ID: 226209b4-514f-483e-964e-28af488328a0,
Billed Duration for Request 226209b4-514f-483e-964e-28af488328a0: 128 ms
Input: 1000000,
Cold Start: false
Unique ID: 50230124-41e3-4a07-a88e-9bd7bd052b23,
Billed Duration for Request 50230124-41e3-4a07-a88e-9bd7bd052b23: 108 ms
Input: 1000000,
Cold Start: false
Unique ID: 63a8144b-a353-4fce-85a8-5cb6f03da4de,
Billed Duration for Request 63a8144b-a353-4fce-85a8-5cb6f03da4de: 98 ms
Input: 1000000,
Cold Start: false
Unique ID: 40ec5dd0-7c54-4af5-a387-551f978fd0fa,
Billed Duration for Request 40ec5dd0-7c54-4af5-a387-551f978fd0fa: 146 ms
Input: 1000000,
Cold Start: false
Unique ID: 05185b88-97f7-41e5-bdcb-228e0663233c,
Billed Duration for Request 05185b88-97f7-41e5-bdcb-228e0663233c: 101 ms
Input: 1000000,
Cold Start: false
Unique ID: cff25565-c853-46be-aae4-29f386e48074,
Billed Duration for Request cff25565-c853-46be-aae4-29f386e48074: 95 ms
Input: 1000000,
Cold Start: false
Unique ID: a4ce0a79-7d3c-4fe5-9d5a-5db46b31dc34,
Billed Duration for Request a4ce0a79-7d3c-4fe5-9d5a-5db46b31dc34: 145 ms
Input: 1000000,
Cold Start: false
Unique ID: 45db2634-fd72-4e75-8b20-fa7b9ba76784,
Billed Duration for Request 45db2634-fd72-4e75-8b20-fa7b9ba76784: 72 ms
Input: 1000000,
Cold Start: false
Unique ID: c26f726f-4d32-48e2-ae4a-67a850ddd4d0,
Billed Duration for Request c26f726f-4d32-48e2-ae4a-67a850ddd4d0: 76 ms
Input: 1000000,
Cold Start: false
Unique ID: c1fbc440-6fe9-4ae9-b4cd-8e8d05b69456,
Billed Duration for Request c1fbc440-6fe9-4ae9-b4cd-8e8d05b69456: 129 ms
Input: 1000000,
Cold Start: false
Unique ID: 2c5c798b-0de7-4798-a453-9b667805a021,
Billed Duration for Request 2c5c798b-0de7-4798-a453-9b667805a021: 83 ms
Input: 1000000,
Cold Start: false
Unique ID: 016a77c5-8138-451a-a985-f0caaaa3bfb5,
Billed Duration for Request 016a77c5-8138-451a-a985-f0caaaa3bfb5: 95 ms
Input: 1000000,
Cold Start: false
Unique ID: 04afbd4e-090e-4e06-bdbc-da61fb9109ea,
Billed Duration for Request 04afbd4e-090e-4e06-bdbc-da61fb9109ea: 161 ms
Input: 1000000,
Cold Start: false
Unique ID: 97750287-e759-4693-9a68-bbbab2c6efbe,
Billed Duration for Request 97750287-e759-4693-9a68-bbbab2c6efbe: 101 ms
Input: 1000000,
Cold Start: false
Unique ID: bc480b5d-e335-4924-b200-dff2975343e4,
Billed Duration for Request bc480b5d-e335-4924-b200-dff2975343e4: 85 ms
Input: 1000000,
Cold Start: false
Unique ID: 2c4e543d-e0ec-42f7-b257-605710caf4bb,
Billed Duration for Request 2c4e543d-e0ec-42f7-b257-605710caf4bb: 84 ms
Input: 1000000,
Cold Start: false
Unique ID: a6c8e87f-d87e-4982-ae58-30f718e8e63e,
Billed Duration for Request a6c8e87f-d87e-4982-ae58-30f718e8e63e: 87 ms
Input: 1000000,
Cold Start: false
Unique ID: 6b12f529-99de-48ec-97ab-d4f98fda59cb,
Billed Duration for Request 6b12f529-99de-48ec-97ab-d4f98fda59cb: 143 ms
Input: 1000000,
Cold Start: false
Unique ID: a941485e-52fe-4e76-817e-84baba399385,
Billed Duration for Request a941485e-52fe-4e76-817e-84baba399385: 86 ms
Input: 1000000,
Cold Start: false
Unique ID: be808527-28b1-4bbe-bc70-6962695167a7,
Billed Duration for Request be808527-28b1-4bbe-bc70-6962695167a7: 90 ms
Input: 1000000,
Cold Start: false
Unique ID: bb718ef3-6134-43e4-aa6f-45c154f5563f,
Billed Duration for Request bb718ef3-6134-43e4-aa6f-45c154f5563f: 97 ms
Input: 1000000,
Cold Start: false
Unique ID: f84605e2-7e4e-4bed-9bc6-96081fcfc580,
Billed Duration for Request f84605e2-7e4e-4bed-9bc6-96081fcfc580: 153 ms
Input: 1000000,
Cold Start: false
Unique ID: 74ad4811-d808-43e3-a1c5-2c4fea70a5f9,
Billed Duration for Request 74ad4811-d808-43e3-a1c5-2c4fea70a5f9: 152 ms
Input: 1000000,
Cold Start: false
Unique ID: ab9866f3-8a7f-418d-817f-66e4b43e41d2,
Billed Duration for Request ab9866f3-8a7f-418d-817f-66e4b43e41d2: 101 ms
Input: 1000000,
Cold Start: false
Unique ID: d25f34f2-cfa8-4c6f-8619-e66b3b8abf70,
Billed Duration for Request d25f34f2-cfa8-4c6f-8619-e66b3b8abf70: 100 ms
Input: 1000000,
Cold Start: false
Unique ID: bae9b2c4-7bd1-4a15-9812-d4d2f1adc72d,
Billed Duration for Request bae9b2c4-7bd1-4a15-9812-d4d2f1adc72d: 99 ms
Input: 1000000,
Cold Start: false
Unique ID: ca329f57-10bd-454f-8c20-bb0d19db1299,
Billed Duration for Request ca329f57-10bd-454f-8c20-bb0d19db1299: 142 ms
Input: 1000000,
Cold Start: false
Unique ID: 07da7c2b-e74c-46a6-be72-3cc97a03ef9b,
Billed Duration for Request 07da7c2b-e74c-46a6-be72-3cc97a03ef9b: 91 ms
Input: 1000000,
Cold Start: false
Unique ID: 2204e48e-19a8-427e-8f0d-5f9ef22316f9,
Billed Duration for Request 2204e48e-19a8-427e-8f0d-5f9ef22316f9: 111 ms
Input: 1000000,
Cold Start: false
Unique ID: 43bd3c83-5b67-4289-9711-5231da6b0bc4,
Billed Duration for Request 43bd3c83-5b67-4289-9711-5231da6b0bc4: 78 ms
Input: 1000000,
Cold Start: false
Unique ID: af9d8f0b-9aa9-40bc-a2d6-29189d4eaf1d,
Billed Duration for Request af9d8f0b-9aa9-40bc-a2d6-29189d4eaf1d: 97 ms
Input: 1000000,
Cold Start: false
Unique ID: 4cf31d0f-897a-4dea-a825-9899513ca502,
Billed Duration for Request 4cf31d0f-897a-4dea-a825-9899513ca502: 79 ms
Input: 1000000,
Cold Start: false
Unique ID: 8851151d-2892-43fd-a26b-5f0b945f4d48,
Billed Duration for Request 8851151d-2892-43fd-a26b-5f0b945f4d48: 135 ms
Input: 1000000,
Cold Start: false
Unique ID: 6b657a10-bafe-4940-a533-a354eddec234,
Billed Duration for Request 6b657a10-bafe-4940-a533-a354eddec234: 120 ms
Input: 1000000,
Cold Start: false
Unique ID: 001975a2-3a7f-4f89-93a9-e53ca3488bd0,
Billed Duration for Request 001975a2-3a7f-4f89-93a9-e53ca3488bd0: 83 ms
Input: 1000000,
Cold Start: false
Unique ID: c3d77d6e-3e21-47d5-98dc-ce0ee9064a90,
Billed Duration for Request c3d77d6e-3e21-47d5-98dc-ce0ee9064a90: 78 ms
Input: 1000000,
Cold Start: false
Unique ID: 2db8bd1a-79c9-4809-b4cc-e5525c56d5e7,
Billed Duration for Request 2db8bd1a-79c9-4809-b4cc-e5525c56d5e7: 103 ms
Input: 1000000,
Cold Start: false
Unique ID: 9799e41d-d312-4343-a56a-4a8c4f0aabdf,
Billed Duration for Request 9799e41d-d312-4343-a56a-4a8c4f0aabdf: 103 ms
Input: 1000000,
Cold Start: false
Unique ID: 262a0b5b-0871-4785-a6bf-9b18a7d2eafd,
Billed Duration for Request 262a0b5b-0871-4785-a6bf-9b18a7d2eafd: 88 ms
Input: 1000000,
Cold Start: false
Unique ID: d47a12f2-a173-4285-9167-a84128fc3428,
Billed Duration for Request d47a12f2-a173-4285-9167-a84128fc3428: 138 ms
Input: 1000000,
Cold Start: false
Unique ID: 45d39dc0-21a1-468b-8403-5a73882c38ea,
Billed Duration for Request 45d39dc0-21a1-468b-8403-5a73882c38ea: 72 ms
Input: 1000000,
Cold Start: false
Unique ID: b2517eaf-f84c-467d-b027-42b2c5586b77,
Billed Duration for Request b2517eaf-f84c-467d-b027-42b2c5586b77: 101 ms
Input: 1000000,
Cold Start: false
Unique ID: 2ed2ad3a-a600-45d7-afce-0d04356916de,
Billed Duration for Request 2ed2ad3a-a600-45d7-afce-0d04356916de: 156 ms
Input: 1000000,
Cold Start: false
Unique ID: cacaebb9-9da5-4272-a1bd-aea8b02988e1,
Billed Duration for Request cacaebb9-9da5-4272-a1bd-aea8b02988e1: 87 ms
Input: 1000000,
Cold Start: false
Unique ID: dd9b25b6-09c9-4d2e-8de8-800426eb1f3b,
Billed Duration for Request dd9b25b6-09c9-4d2e-8de8-800426eb1f3b: 98 ms
Input: 1000000,
Cold Start: false
Unique ID: c0e62513-f0ef-422a-bfd4-fb39dae92261,
Billed Duration for Request c0e62513-f0ef-422a-bfd4-fb39dae92261: 95 ms
Input: 1000000,
Cold Start: false
Unique ID: 22669616-4a57-4f64-9531-9a6b36af7d59,
Billed Duration for Request 22669616-4a57-4f64-9531-9a6b36af7d59: 93 ms
Input: 1000000,
Cold Start: false
Unique ID: d6f6dfd1-7a36-448e-a55e-8f78eb9cb174,
Billed Duration for Request d6f6dfd1-7a36-448e-a55e-8f78eb9cb174: 77 ms
Input: 1000000,
Cold Start: false
Unique ID: fca8ac90-a509-4e77-b444-75180dc7f544,
Billed Duration for Request fca8ac90-a509-4e77-b444-75180dc7f544: 125 ms
Input: 1000000,
Cold Start: false
Unique ID: 3fc13b80-ba4d-49d1-9df1-f44502436a8a,
Billed Duration for Request 3fc13b80-ba4d-49d1-9df1-f44502436a8a: 123 ms
Input: 1000000,
Cold Start: false
Unique ID: 6321e015-50c3-4e74-bb27-d4ababb7bfbc,
Billed Duration for Request 6321e015-50c3-4e74-bb27-d4ababb7bfbc: 114 ms
Input: 1000000,
Cold Start: false
Unique ID: 6e40759a-d45f-43db-a33a-e11c45c1ce9d,
Billed Duration for Request 6e40759a-d45f-43db-a33a-e11c45c1ce9d: 127 ms
Input: 1000000,
Cold Start: false
Unique ID: 8762daf5-2f58-40a7-ad9b-de91000e8b43,
Billed Duration for Request 8762daf5-2f58-40a7-ad9b-de91000e8b43: 95 ms
Input: 1000000,
Cold Start: false
Unique ID: b51a5398-3532-45de-bd76-b14222eb829a,
Billed Duration for Request b51a5398-3532-45de-bd76-b14222eb829a: 99 ms
Input: 1000000,
Cold Start: false
Unique ID: b8fb185e-2b58-46fc-bd63-f0aec9b0618b,
Billed Duration for Request b8fb185e-2b58-46fc-bd63-f0aec9b0618b: 91 ms
Input: 1000000,
Cold Start: false
Unique ID: 985a56a7-5c27-47b2-9750-dda828e595a2,
Billed Duration for Request 985a56a7-5c27-47b2-9750-dda828e595a2: 127 ms
Input: 1000000,
Cold Start: false
Unique ID: 10f8fbd8-e317-4ef8-b4fd-c3b30cc70d86,
Billed Duration for Request 10f8fbd8-e317-4ef8-b4fd-c3b30cc70d86: 116 ms
Input: 1000000,
Cold Start: false
Unique ID: 846389ca-7475-4114-97a0-906d43b66812,
Billed Duration for Request 846389ca-7475-4114-97a0-906d43b66812: 101 ms
Input: 1000000,
Cold Start: false
Unique ID: e2ba1351-43b6-455f-a992-ae46664eb113,
Billed Duration for Request e2ba1351-43b6-455f-a992-ae46664eb113: 117 ms
Input: 1000000,
Cold Start: false
Unique ID: 03f7601e-8765-4911-8983-a4c787370201,
Billed Duration for Request 03f7601e-8765-4911-8983-a4c787370201: 103 ms
Input: 1000000,
Cold Start: false
Unique ID: 48f6a799-356c-4436-ac0d-2a4f85561834,
Billed Duration for Request 48f6a799-356c-4436-ac0d-2a4f85561834: 93 ms
Input: 1000000,
Cold Start: false
Unique ID: 6763e079-2f10-4a92-bc84-3c9d93ed0d6f,
Billed Duration for Request 6763e079-2f10-4a92-bc84-3c9d93ed0d6f: 80 ms
Input: 1000000,
Cold Start: false
Unique ID: 528afb57-7c96-4ebe-bace-a321e8e0e741,
Billed Duration for Request 528afb57-7c96-4ebe-bace-a321e8e0e741: 147 ms
Input: 1000000,
Cold Start: false
Unique ID: 2272e1b0-4c68-4eac-921a-90be4a42341b,
Billed Duration for Request 2272e1b0-4c68-4eac-921a-90be4a42341b: 67 ms
Input: 1000000,
Cold Start: false
Unique ID: 87f1cf61-dbbc-49a2-ac27-a0cd85d189b7,
Billed Duration for Request 87f1cf61-dbbc-49a2-ac27-a0cd85d189b7: 140 ms
Input: 1000000,
Cold Start: false
Unique ID: 71247686-1c15-45f8-9071-ae3ce39d8555,
Billed Duration for Request 71247686-1c15-45f8-9071-ae3ce39d8555: 126 ms
Input: 1000000,
Cold Start: false
Unique ID: ae6a73c7-2a75-4cc6-afb2-ac661bfd7ea9,
Billed Duration for Request ae6a73c7-2a75-4cc6-afb2-ac661bfd7ea9: 85 ms
Input: 1000000,
Cold Start: false
Unique ID: f832bfa8-4e95-4be7-834f-13bab876b47f,
Billed Duration for Request f832bfa8-4e95-4be7-834f-13bab876b47f: 104 ms
Input: 1000000,
Cold Start: false
Unique ID: bcd1f92a-2f1d-4b76-baa3-fa63cdae4223,
Billed Duration for Request bcd1f92a-2f1d-4b76-baa3-fa63cdae4223: 81 ms
Input: 1000000,
Cold Start: false
Unique ID: 8fb52af0-ca81-4b72-9937-3af9158b77ed,
Billed Duration for Request 8fb52af0-ca81-4b72-9937-3af9158b77ed: 103 ms
Input: 1000000,
Cold Start: false
Unique ID: b088a5f7-a8f2-49de-9d62-3fafd65d0bba,
Billed Duration for Request b088a5f7-a8f2-49de-9d62-3fafd65d0bba: 99 ms
Input: 1000000,
Cold Start: false
Unique ID: 2fa64528-cfa3-40bd-8ea7-9c17516b9870,
Billed Duration for Request 2fa64528-cfa3-40bd-8ea7-9c17516b9870: 103 ms
Input: 1000000,
Cold Start: false
Unique ID: 13adde61-a42c-457e-8ec3-47e42667b572,
Billed Duration for Request 13adde61-a42c-457e-8ec3-47e42667b572: 90 ms
Input: 1000000,
Cold Start: false
Unique ID: 0a9a6355-d769-4e6a-8700-62c371c57340,
Billed Duration for Request 0a9a6355-d769-4e6a-8700-62c371c57340: 157 ms
Input: 1000000,
Cold Start: false
Unique ID: d923299e-2c51-4962-a785-2d4368c510e7,
Billed Duration for Request d923299e-2c51-4962-a785-2d4368c510e7: 121 ms
Input: 1000000,
Cold Start: false
Unique ID: 1b0d4266-e2c4-4732-9802-20813250c9a1,
Billed Duration for Request 1b0d4266-e2c4-4732-9802-20813250c9a1: 122 ms
Input: 1000000,
Cold Start: false
Unique ID: adf3f0d7-8636-44b4-b8bd-7f64fdfd6f52,
Billed Duration for Request adf3f0d7-8636-44b4-b8bd-7f64fdfd6f52: 101 ms
Input: 1000000,
Cold Start: false
Unique ID: a5483c29-fab8-4513-b171-9a5e15c85be1,
Billed Duration for Request a5483c29-fab8-4513-b171-9a5e15c85be1: 105 ms
Input: 1000000,
Cold Start: false
Unique ID: 85909c6c-71c7-49dc-b9bc-8e9878db42b3,
Billed Duration for Request 85909c6c-71c7-49dc-b9bc-8e9878db42b3: 78 ms
Input: 1000000,
Cold Start: false
Unique ID: 86b697ca-2020-42eb-96a2-48150bac864e,
Billed Duration for Request 86b697ca-2020-42eb-96a2-48150bac864e: 123 ms
Input: 1000000,
Cold Start: false
Unique ID: 291b38ee-c623-443e-9869-1d2f602b0022,
Billed Duration for Request 291b38ee-c623-443e-9869-1d2f602b0022: 121 ms
Input: 1000000,
Cold Start: false
Unique ID: 93f24a24-7a11-4978-a4aa-004b732a964c,
Billed Duration for Request 93f24a24-7a11-4978-a4aa-004b732a964c: 123 ms
Input: 1000000,
Cold Start: false
Unique ID: 589e6c04-5c76-4d2a-ae7c-8365bfec9bc8,
Billed Duration for Request 589e6c04-5c76-4d2a-ae7c-8365bfec9bc8: 66 ms
Input: 1000000,
Cold Start: false
Unique ID: 85a241d5-f85f-4f4e-b9ed-9c341b75541c,
Billed Duration for Request 85a241d5-f85f-4f4e-b9ed-9c341b75541c: 130 ms
Input: 1000000,
Cold Start: false
Unique ID: 671ca768-6635-4e42-a81d-09f160baa7b3,
Billed Duration for Request 671ca768-6635-4e42-a81d-09f160baa7b3: 138 ms
Input: 1000000,
Cold Start: false
Unique ID: 052f3b3f-2bab-4d60-9c82-5c3bfb4542d8,
Billed Duration for Request 052f3b3f-2bab-4d60-9c82-5c3bfb4542d8: 90 ms
Input: 1000000,
Cold Start: false
Unique ID: 486f1324-d0e3-437d-8ea0-d7c46ee1ed59,
Billed Duration for Request 486f1324-d0e3-437d-8ea0-d7c46ee1ed59: 75 ms
Input: 1000000,
Cold Start: false
Unique ID: d1f2bda9-7b6f-49b1-8e7f-d2173c3e727a,
Billed Duration for Request d1f2bda9-7b6f-49b1-8e7f-d2173c3e727a: 131 ms
Input: 1000000,
Cold Start: false
Unique ID: cc1b7f7a-1bae-4682-b6a6-efb1367c3628,
Billed Duration for Request cc1b7f7a-1bae-4682-b6a6-efb1367c3628: 89 ms
Input: 1000000,
Cold Start: false
Unique ID: c8d74846-02fc-4c96-84b3-c0446264d53d,
Billed Duration for Request c8d74846-02fc-4c96-84b3-c0446264d53d: 76 ms
Input: 1000000,
Cold Start: false
Unique ID: 255ee1a9-a72e-4030-a59c-d24d1bbe8fe1,
Billed Duration for Request 255ee1a9-a72e-4030-a59c-d24d1bbe8fe1: 107 ms
Input: 1000000,
Cold Start: false
Unique ID: ddb0176a-b8ce-493c-a5f0-fab7b05a443f,
Billed Duration for Request ddb0176a-b8ce-493c-a5f0-fab7b05a443f: 90 ms
Input: 1000000,
Cold Start: false
Unique ID: 44dbf106-3190-4a5d-9bd7-48d7057f216e,
Billed Duration for Request 44dbf106-3190-4a5d-9bd7-48d7057f216e: 114 ms
Input: 1000000,
Cold Start: false
Unique ID: 654e1234-a073-41c7-9fd8-a7f3ca74e2cc,
Billed Duration for Request 654e1234-a073-41c7-9fd8-a7f3ca74e2cc: 133 ms
Input: 1000000,
Cold Start: false
Unique ID: a73b9bd6-1054-44f6-9c8a-1a8a2e4f35be,
Billed Duration for Request a73b9bd6-1054-44f6-9c8a-1a8a2e4f35be: 127 ms
Input: 1000000,
Cold Start: false
Unique ID: f991bc19-6544-4a8a-8788-1c6a9a8ca31c,
Billed Duration for Request f991bc19-6544-4a8a-8788-1c6a9a8ca31c: 77 ms
Input: 1000000,
Cold Start: false
Unique ID: a61886cd-bacc-4cf4-8fe8-5c0ec67cfd36,
Billed Duration for Request a61886cd-bacc-4cf4-8fe8-5c0ec67cfd36: 140 ms
Input: 1000000,
Cold Start: false
Unique ID: 19c24647-d3b4-4103-95b5-e4ed402a5247,
Billed Duration for Request 19c24647-d3b4-4103-95b5-e4ed402a5247: 81 ms
Input: 1000000,
Cold Start: false
Unique ID: 81b5630c-46e6-41d7-8494-19aef1641089,
Billed Duration for Request 81b5630c-46e6-41d7-8494-19aef1641089: 106 ms
Input: 1000000,
Cold Start: false
Unique ID: 4531599d-17a3-42e0-b340-2a7eb7adbc1c,
Billed Duration for Request 4531599d-17a3-42e0-b340-2a7eb7adbc1c: 107 ms
Input: 1000000,
Cold Start: false
Unique ID: 5a32f0cf-3418-45be-9550-630fd8ae9df7,
Billed Duration for Request 5a32f0cf-3418-45be-9550-630fd8ae9df7: 119 ms
Input: 1000000,
Cold Start: false
Unique ID: 9bbd9ffb-8599-4a66-a8ef-7a852234d9e1,
Billed Duration for Request 9bbd9ffb-8599-4a66-a8ef-7a852234d9e1: 143 ms
Input: 1000000,
Cold Start: false
Unique ID: 943d2d86-0980-4de8-bbb0-15052e5956af,
Billed Duration for Request 943d2d86-0980-4de8-bbb0-15052e5956af: 145 ms
Input: 1000000,
Cold Start: false
Unique ID: d9c38059-e653-4e1f-9496-40706ec19878,
Billed Duration for Request d9c38059-e653-4e1f-9496-40706ec19878: 85 ms
Input: 1000000,
Cold Start: false
Unique ID: 3dd6fd47-879b-455a-b8a8-4e66be0dc574,
Billed Duration for Request 3dd6fd47-879b-455a-b8a8-4e66be0dc574: 105 ms
Input: 1000000,
Cold Start: false
Unique ID: 19e639da-5253-4b66-bcab-bc0d9302126a,
Billed Duration for Request 19e639da-5253-4b66-bcab-bc0d9302126a: 125 ms
Input: 1000000,
Cold Start: false
Unique ID: 210e08ea-96e9-4339-af79-610150442724,
Billed Duration for Request 210e08ea-96e9-4339-af79-610150442724: 80 ms
Input: 1000000,
Cold Start: false
Unique ID: ac3d4cf6-4b4c-4a83-becc-1811cf08107d,
Billed Duration for Request ac3d4cf6-4b4c-4a83-becc-1811cf08107d: 137 ms
Input: 1000000,
Cold Start: false
Unique ID: efcd1d17-a59d-4ddf-8b8d-6a1ac38381a9,
Billed Duration for Request efcd1d17-a59d-4ddf-8b8d-6a1ac38381a9: 87 ms
Input: 1000000,
Cold Start: false
Unique ID: 10abffef-617a-4b72-a661-1f5730d6a812,
Billed Duration for Request 10abffef-617a-4b72-a661-1f5730d6a812: 70 ms
Input: 1000000,
Cold Start: false
Unique ID: 46fa6ba1-f2fd-49c8-8226-bdc365bbf583,
Billed Duration for Request 46fa6ba1-f2fd-49c8-8226-bdc365bbf583: 94 ms
Input: 1000000,
Cold Start: false
Unique ID: 2815e820-a9cd-4642-bed5-74ae0e5b3a0c,
Billed Duration for Request 2815e820-a9cd-4642-bed5-74ae0e5b3a0c: 155 ms
Input: 1000000,
Cold Start: false
Unique ID: 0eafe0e5-514c-41f2-b1f6-9fa8439ec96c,
Billed Duration for Request 0eafe0e5-514c-41f2-b1f6-9fa8439ec96c: 101 ms
Input: 1000000,
Cold Start: false
Unique ID: 2042abc6-655e-455b-8d96-a1b7efc272fa,
Billed Duration for Request 2042abc6-655e-455b-8d96-a1b7efc272fa: 143 ms
Input: 1000000,
Cold Start: false
Unique ID: 24bee432-9dc9-4ae6-89b1-9e6509d307f7,
Billed Duration for Request 24bee432-9dc9-4ae6-89b1-9e6509d307f7: 103 ms
Input: 1000000,
Cold Start: false
Unique ID: 1319780b-502d-4662-bb5d-74f17298467c,
Billed Duration for Request 1319780b-502d-4662-bb5d-74f17298467c: 80 ms
Input: 1000000,
Cold Start: false
Unique ID: 95cfed60-8945-4a80-bd8e-848418347112,
Billed Duration for Request 95cfed60-8945-4a80-bd8e-848418347112: 82 ms
Input: 1000000,
Cold Start: false
Unique ID: 134ac6ce-fed6-4b5d-b7f2-7df44f10672b,
Billed Duration for Request 134ac6ce-fed6-4b5d-b7f2-7df44f10672b: 123 ms
Input: 1000000,
Cold Start: false
Unique ID: 5d0bbb30-4f82-4465-b0cb-ffce527f8fcd,
Billed Duration for Request 5d0bbb30-4f82-4465-b0cb-ffce527f8fcd: 93 ms
Input: 1000000,
Cold Start: false
Unique ID: ef886515-1a6f-4ddd-a71f-50c8db5bcf34,
Billed Duration for Request ef886515-1a6f-4ddd-a71f-50c8db5bcf34: 121 ms
Input: 1000000,
Cold Start: false
Unique ID: 381fa09c-2cf5-4fdb-82c9-f374852b3d35,
Billed Duration for Request 381fa09c-2cf5-4fdb-82c9-f374852b3d35: 124 ms
Input: 1000000,
Cold Start: false
Unique ID: 0e603547-cca6-47a3-afb0-a376c319ef67,
Billed Duration for Request 0e603547-cca6-47a3-afb0-a376c319ef67: 83 ms
Input: 1000000,
Cold Start: false
Unique ID: 87d3294c-4b2b-4863-a38b-2c6ddfd91b6b,
Billed Duration for Request 87d3294c-4b2b-4863-a38b-2c6ddfd91b6b: 122 ms
Input: 1000000,
Cold Start: false
Unique ID: fec197de-53e2-4882-875f-af6af85de59e,
Billed Duration for Request fec197de-53e2-4882-875f-af6af85de59e: 100 ms
Input: 1000000,
Cold Start: false
Unique ID: e8a011c8-26bf-47b5-8738-02cf99c20b57,
Billed Duration for Request e8a011c8-26bf-47b5-8738-02cf99c20b57: 142 ms
Input: 1000000,
Cold Start: false
Unique ID: 6faa8e33-d8aa-44fa-bf6a-4e5d3e8d5dce,
Billed Duration for Request 6faa8e33-d8aa-44fa-bf6a-4e5d3e8d5dce: 122 ms
Input: 1000000,
Cold Start: false
Unique ID: 13024a19-3dd7-4c01-8d61-e46e2384fe9a,
Billed Duration for Request 13024a19-3dd7-4c01-8d61-e46e2384fe9a: 102 ms
Input: 1000000,
Cold Start: false
Unique ID: 5bf3eb59-b9be-48e1-b3f3-a8a7387c6490,
Billed Duration for Request 5bf3eb59-b9be-48e1-b3f3-a8a7387c6490: 99 ms
Input: 1000000,
Cold Start: false
Unique ID: 3799356f-e9af-411f-8d3e-898a286b32fd,
Billed Duration for Request 3799356f-e9af-411f-8d3e-898a286b32fd: 84 ms
Input: 1000000,
Cold Start: false
Unique ID: 653cb744-af95-4530-a010-c4be66bff67b,
Billed Duration for Request 653cb744-af95-4530-a010-c4be66bff67b: 86 ms
Input: 1000000,
Cold Start: false
Unique ID: f4211f32-6914-4aec-9751-cad84e0f5597,
Billed Duration for Request f4211f32-6914-4aec-9751-cad84e0f5597: 137 ms
Input: 1000000,
Cold Start: false
Unique ID: 5727041f-3c67-485d-a044-b69cc53c3358,
Billed Duration for Request 5727041f-3c67-485d-a044-b69cc53c3358: 102 ms
Input: 1000000,
Cold Start: false
Unique ID: 292ee59c-a36b-431e-97fd-2fa6209cbc8a,
Billed Duration for Request 292ee59c-a36b-431e-97fd-2fa6209cbc8a: 106 ms
Input: 1000000,
Cold Start: false
Unique ID: f9567ba6-e501-4ce5-81d0-67fa7c9d7acd,
Billed Duration for Request f9567ba6-e501-4ce5-81d0-67fa7c9d7acd: 97 ms
Input: 1000000,
Cold Start: false
Unique ID: c7558630-9348-4fdd-9087-2b4104ca968c,
Billed Duration for Request c7558630-9348-4fdd-9087-2b4104ca968c: 122 ms
Input: 1000000,
Cold Start: false
Unique ID: 00a92b59-7499-4d5c-908c-87720595410d,
Billed Duration for Request 00a92b59-7499-4d5c-908c-87720595410d: 106 ms
Input: 1000000,
Cold Start: false
Unique ID: 5610ef72-ea86-4a78-a7a1-58e56a0b170d,
Billed Duration for Request 5610ef72-ea86-4a78-a7a1-58e56a0b170d: 82 ms
Input: 1000000,
Cold Start: false
Unique ID: 642b9b5b-47d8-42cd-a4a4-6a3da3dac0f8,
Billed Duration for Request 642b9b5b-47d8-42cd-a4a4-6a3da3dac0f8: 85 ms
Input: 1000000,
Cold Start: false
Unique ID: 44ea7e4d-c0f1-43e3-bc6c-02121dbd7a18,
Billed Duration for Request 44ea7e4d-c0f1-43e3-bc6c-02121dbd7a18: 100 ms
Input: 1000000,
Cold Start: false
Unique ID: b243a58d-7a4a-4d4d-8d7e-2135227b6b7a,
Billed Duration for Request b243a58d-7a4a-4d4d-8d7e-2135227b6b7a: 99 ms
Input: 1000000,
Cold Start: false
Unique ID: db01c22a-9c9d-473e-8868-40362e87817b,
Billed Duration for Request db01c22a-9c9d-473e-8868-40362e87817b: 97 ms
Input: 1000000,
Cold Start: false
Unique ID: 1422ca44-010e-4dee-99db-cd3681552f4c,
Billed Duration for Request 1422ca44-010e-4dee-99db-cd3681552f4c: 84 ms
Input: 1000000,
Cold Start: false
Unique ID: 9d795f66-f109-4492-bf9f-22a8993496d0,
Billed Duration for Request 9d795f66-f109-4492-bf9f-22a8993496d0: 100 ms
Input: 1000000,
Cold Start: false
Unique ID: d324cbb2-8dd5-48a4-a323-bd6992804554,
Billed Duration for Request d324cbb2-8dd5-48a4-a323-bd6992804554: 104 ms
Input: 1000000,
Cold Start: false
Unique ID: fc9d96ca-2675-43bd-ad02-984d6ea5655e,
Billed Duration for Request fc9d96ca-2675-43bd-ad02-984d6ea5655e: 161 ms
Input: 1000000,
Cold Start: false
Unique ID: 9cfcd6de-f032-4a52-ae05-cf9973a0c87b,
Billed Duration for Request 9cfcd6de-f032-4a52-ae05-cf9973a0c87b: 71 ms
Input: 1000000,
Cold Start: false
Unique ID: 4fabdd05-c5e6-4692-ac9f-62cb36e82230,
Billed Duration for Request 4fabdd05-c5e6-4692-ac9f-62cb36e82230: 80 ms
Input: 1000000,
Cold Start: false
Unique ID: cc09e762-1690-4923-ac89-5bee43ab9fdc,
Billed Duration for Request cc09e762-1690-4923-ac89-5bee43ab9fdc: 90 ms
Input: 1000000,
Cold Start: false
Unique ID: 832e4853-a232-46e4-aa39-4886adbb806b,
Billed Duration for Request 832e4853-a232-46e4-aa39-4886adbb806b: 207 ms
Input: 1000000,
Cold Start: false
Unique ID: bbf13479-3e47-444c-b665-6243047bb6d9,
Billed Duration for Request bbf13479-3e47-444c-b665-6243047bb6d9: 98 ms
Input: 1000000,
Cold Start: false
Unique ID: 8c92fbf8-1832-4e07-ba81-6c42619e0d89,
Billed Duration for Request 8c92fbf8-1832-4e07-ba81-6c42619e0d89: 101 ms
Input: 1000000,
Cold Start: false
Unique ID: 3270960b-9686-42f1-af1b-45d4dad2c0f6,
Billed Duration for Request 3270960b-9686-42f1-af1b-45d4dad2c0f6: 109 ms
Input: 1000000,
Cold Start: false
Unique ID: 41ac74c8-a0d8-401c-8b91-7bd734692f8e,
Billed Duration for Request 41ac74c8-a0d8-401c-8b91-7bd734692f8e: 96 ms
Input: 1000000,
Cold Start: false
Unique ID: 8b76fc84-97c1-4469-b440-26a8eaac6815,
Billed Duration for Request 8b76fc84-97c1-4469-b440-26a8eaac6815: 105 ms
Input: 1000000,
Cold Start: false
Unique ID: cf15492a-1510-4c0e-9356-a18b5d3dd53d,
Billed Duration for Request cf15492a-1510-4c0e-9356-a18b5d3dd53d: 109 ms
Input: 1000000,
Cold Start: false
Unique ID: 9412a099-4537-4faf-99fa-a67a4411b976,
Billed Duration for Request 9412a099-4537-4faf-99fa-a67a4411b976: 114 ms
Input: 1000000,
Cold Start: false
Unique ID: deec9180-1e6e-4493-aa5b-8738745edfab,
Billed Duration for Request deec9180-1e6e-4493-aa5b-8738745edfab: 113 ms
Input: 1000000,
Cold Start: false
Unique ID: 619546e3-747f-4975-9234-5005cf4f1aa6,
Billed Duration for Request 619546e3-747f-4975-9234-5005cf4f1aa6: 94 ms
Input: 1000000,
Cold Start: false
Unique ID: 70742a09-3778-4558-a5ca-40fd710b7134,
Billed Duration for Request 70742a09-3778-4558-a5ca-40fd710b7134: 115 ms
Input: 1000000,
Cold Start: false
Unique ID: 48abcffe-9263-4f8b-b485-7fe3790e02a1,
Billed Duration for Request 48abcffe-9263-4f8b-b485-7fe3790e02a1: 85 ms
Input: 1000000,
Cold Start: false
Unique ID: 80648d16-98ce-4334-adf9-f98b76248fb4,
Billed Duration for Request 80648d16-98ce-4334-adf9-f98b76248fb4: 109 ms
Input: 1000000,
Cold Start: false
Unique ID: 3801de66-e183-4754-8826-76fcce29c314,
Billed Duration for Request 3801de66-e183-4754-8826-76fcce29c314: 76 ms
Input: 1000000,
Cold Start: false
Unique ID: de5ad779-b6b0-40bf-9b5f-fc8e1714fe31,
Billed Duration for Request de5ad779-b6b0-40bf-9b5f-fc8e1714fe31: 67 ms
Input: 1000000,
Cold Start: false
Unique ID: 0ab3fc20-98bc-4700-bd13-74aa1d162231,
Billed Duration for Request 0ab3fc20-98bc-4700-bd13-74aa1d162231: 98 ms
Input: 1000000,
Cold Start: false
Unique ID: d3bc189e-85ca-4d1a-bc41-84798f167d3b,
Billed Duration for Request d3bc189e-85ca-4d1a-bc41-84798f167d3b: 137 ms
Input: 1000000,
Cold Start: false
Unique ID: 7b3c3af3-1f24-4012-a648-c44687fec0a4,
Billed Duration for Request 7b3c3af3-1f24-4012-a648-c44687fec0a4: 134 ms
Input: 1000000,
Cold Start: false
Unique ID: f808ea88-d761-433f-9363-b3b274febda8,
Billed Duration for Request f808ea88-d761-433f-9363-b3b274febda8: 86 ms
Input: 1000000,
Cold Start: false
Unique ID: 6071653e-ab46-4d8a-8d5a-6166d646fc6d,
Billed Duration for Request 6071653e-ab46-4d8a-8d5a-6166d646fc6d: 75 ms
Input: 1000000,
Cold Start: false
Unique ID: c60d53bc-795b-4919-9143-6b5f81084c81,
Billed Duration for Request c60d53bc-795b-4919-9143-6b5f81084c81: 109 ms
Input: 1000000,
Cold Start: false
Unique ID: 0866699e-a096-4b3d-ac09-74ccc733545c,
Billed Duration for Request 0866699e-a096-4b3d-ac09-74ccc733545c: 129 ms
Input: 1000000,
Cold Start: false
Unique ID: 405b9308-ea10-4bf8-9ba8-7cda486c6b37,
Billed Duration for Request 405b9308-ea10-4bf8-9ba8-7cda486c6b37: 94 ms
Input: 1000000,
Cold Start: false
Unique ID: cc45213e-4368-4e35-966e-1e0e5adf3920,
Billed Duration for Request cc45213e-4368-4e35-966e-1e0e5adf3920: 85 ms
Input: 1000000,
Cold Start: false
Unique ID: 79f3362b-05d4-4ccd-8c41-f59be83cf09a,
Billed Duration for Request 79f3362b-05d4-4ccd-8c41-f59be83cf09a: 84 ms
Input: 1000000,
Cold Start: false
Unique ID: 0383810a-f9b9-47c3-8800-8340079522a7,
Billed Duration for Request 0383810a-f9b9-47c3-8800-8340079522a7: 117 ms
Input: 1000000,
Cold Start: false
Unique ID: e245a418-1251-454d-a1fa-af8d2e5355aa,
Billed Duration for Request e245a418-1251-454d-a1fa-af8d2e5355aa: 86 ms
Input: 1000000,
Cold Start: false
Unique ID: a55ea357-3dfc-4641-be0a-36e0b38e9089,
Billed Duration for Request a55ea357-3dfc-4641-be0a-36e0b38e9089: 103 ms
Input: 1000000,
Cold Start: false
Unique ID: c28ed3e0-ae6a-40b5-b511-348c54518c34,
Billed Duration for Request c28ed3e0-ae6a-40b5-b511-348c54518c34: 100 ms
Input: 1000000,
Cold Start: false
Unique ID: 65020feb-b3cd-4ba9-afbe-a94e76a6a3d0,
Billed Duration for Request 65020feb-b3cd-4ba9-afbe-a94e76a6a3d0: 110 ms
Input: 1000000,
Cold Start: false
Unique ID: 15901d8e-f39c-4e0d-9c58-fe07825f8fb9,
Billed Duration for Request 15901d8e-f39c-4e0d-9c58-fe07825f8fb9: 75 ms
Input: 1000000,
Cold Start: false
Unique ID: a8df4f44-66eb-4dda-a108-1b212bb7ee65,
Billed Duration for Request a8df4f44-66eb-4dda-a108-1b212bb7ee65: 143 ms
Input: 1000000,
Cold Start: false
Unique ID: 5eec8c3e-13cd-4229-9747-adef9977a9a2,
Billed Duration for Request 5eec8c3e-13cd-4229-9747-adef9977a9a2: 112 ms
Input: 1000000,
Cold Start: false
Unique ID: 3a9667f5-3eaf-41be-9d24-b7790eee05e2,
Billed Duration for Request 3a9667f5-3eaf-41be-9d24-b7790eee05e2: 144 ms
Input: 1000000,
Cold Start: false
Unique ID: 0a7c7529-7356-40b5-8f9e-69c2fec3d7d3,
Billed Duration for Request 0a7c7529-7356-40b5-8f9e-69c2fec3d7d3: 85 ms
Input: 1000000,
Cold Start: false
Unique ID: e8d2ef42-a34a-4333-950c-3f1128916f62,
Billed Duration for Request e8d2ef42-a34a-4333-950c-3f1128916f62: 87 ms
Input: 1000000,
Cold Start: false
Unique ID: fc6674d7-8c68-4a08-8840-72c52f3cf8e9,
Billed Duration for Request fc6674d7-8c68-4a08-8840-72c52f3cf8e9: 118 ms
Input: 1000000,
Cold Start: false
Unique ID: 5b31d78e-56a6-41c1-9699-bbc6ea639b01,
Billed Duration for Request 5b31d78e-56a6-41c1-9699-bbc6ea639b01: 87 ms
Input: 1000000,
Cold Start: false
Unique ID: 82fa5814-75ca-4ad9-b23c-1e96c1af88d6,
Billed Duration for Request 82fa5814-75ca-4ad9-b23c-1e96c1af88d6: 107 ms
Input: 1000000,
Cold Start: false
Unique ID: 82ef2df4-de71-4a80-bcd0-8df61b50b1db,
Billed Duration for Request 82ef2df4-de71-4a80-bcd0-8df61b50b1db: 85 ms
Input: 1000000,
Cold Start: false
Unique ID: 234cdef3-5d55-4d36-bcdc-4c4d250fa23a,
Billed Duration for Request 234cdef3-5d55-4d36-bcdc-4c4d250fa23a: 141 ms
Input: 1000000,
Cold Start: false
Unique ID: d14caeea-e80c-4f94-a0ed-9fb7e0b2c009,
Billed Duration for Request d14caeea-e80c-4f94-a0ed-9fb7e0b2c009: 164 ms
Input: 1000000,
Cold Start: false
Unique ID: 53a83c43-caa4-4c0d-9336-3a5370666ba5,
Billed Duration for Request 53a83c43-caa4-4c0d-9336-3a5370666ba5: 99 ms
Input: 1000000,
Cold Start: false
Unique ID: a3e74b58-38e0-4572-985d-c852119e586c,
Billed Duration for Request a3e74b58-38e0-4572-985d-c852119e586c: 104 ms
Input: 1000000,
Cold Start: false
Unique ID: b3f5ca4a-fd92-40a6-893c-8074a403a107,
Billed Duration for Request b3f5ca4a-fd92-40a6-893c-8074a403a107: 87 ms
Input: 1000000,
Cold Start: false
Unique ID: a0ba2745-81f1-4e0b-87cd-f65ad7c35765,
Billed Duration for Request a0ba2745-81f1-4e0b-87cd-f65ad7c35765: 80 ms
Input: 1000000,
Cold Start: false
Unique ID: 1e98508a-1c41-4115-9ef6-3f407a323d2c,
Billed Duration for Request 1e98508a-1c41-4115-9ef6-3f407a323d2c: 125 ms
Input: 1000000,
Cold Start: false
Unique ID: 7fff0d6d-bfed-41da-a913-7ee7300ffdc3,
Billed Duration for Request 7fff0d6d-bfed-41da-a913-7ee7300ffdc3: 144 ms
Input: 1000000,
Cold Start: false
Unique ID: 831ea5f5-8c31-4a38-bb38-a49b43ec57f2,
Billed Duration for Request 831ea5f5-8c31-4a38-bb38-a49b43ec57f2: 99 ms
Input: 1000000,
Cold Start: false
Unique ID: 824791ab-2d94-4577-887e-bd13c50a4e6a,
Billed Duration for Request 824791ab-2d94-4577-887e-bd13c50a4e6a: 87 ms
Input: 1000000,
Cold Start: false
Unique ID: 72777a96-4225-4ca0-84c0-7cd1ca54d2e9,
Billed Duration for Request 72777a96-4225-4ca0-84c0-7cd1ca54d2e9: 104 ms
Input: 1000000,
Cold Start: false
Unique ID: 753c4858-95f2-4e3b-9f13-d5259c6629fe,
Billed Duration for Request 753c4858-95f2-4e3b-9f13-d5259c6629fe: 93 ms
Input: 1000000,
Cold Start: false
Unique ID: 0240b1ac-bcb2-4e60-91d7-a77c5d0976ef,
Billed Duration for Request 0240b1ac-bcb2-4e60-91d7-a77c5d0976ef: 122 ms
Input: 1000000,
Cold Start: false
Unique ID: 011a7249-c531-4801-b3d6-d2e4207714e9,
Billed Duration for Request 011a7249-c531-4801-b3d6-d2e4207714e9: 124 ms
Input: 1000000,
Cold Start: false
Unique ID: 406becd9-bc2e-4d30-9080-6f64184992fe,
Billed Duration for Request 406becd9-bc2e-4d30-9080-6f64184992fe: 121 ms
Input: 1000000,
Cold Start: false
Unique ID: 534b92a2-5d0f-481e-88b4-66557dfc8129,
Billed Duration for Request 534b92a2-5d0f-481e-88b4-66557dfc8129: 122 ms
Input: 1000000,
Cold Start: false
Unique ID: 04f6c533-884e-4608-9969-f8048d034936,
Billed Duration for Request 04f6c533-884e-4608-9969-f8048d034936: 104 ms
Input: 1000000,
Cold Start: false
Unique ID: 1afd6f91-f285-40df-8bce-f91e7b531aeb,
Billed Duration for Request 1afd6f91-f285-40df-8bce-f91e7b531aeb: 101 ms
Input: 1000000,
Cold Start: false
Unique ID: 710d7133-6203-4b29-8a92-91cf21c6a22b,
Billed Duration for Request 710d7133-6203-4b29-8a92-91cf21c6a22b: 83 ms
Input: 1000000,
Cold Start: false
Unique ID: 724fa8e7-3041-4ee6-b3b7-ca1b44fbb52c,
Billed Duration for Request 724fa8e7-3041-4ee6-b3b7-ca1b44fbb52c: 149 ms
Input: 1000000,
Cold Start: false
Unique ID: 1d0c2916-e991-4a11-934c-df9560701f75,
Billed Duration for Request 1d0c2916-e991-4a11-934c-df9560701f75: 82 ms
Input: 1000000,
Cold Start: false
Unique ID: 28b5dd76-86ee-4242-b27a-ed5d14510c69,
Billed Duration for Request 28b5dd76-86ee-4242-b27a-ed5d14510c69: 103 ms
Input: 1000000,
Cold Start: false
Unique ID: 51ad8ceb-205d-4fff-8e19-367ca9dacada,
Billed Duration for Request 51ad8ceb-205d-4fff-8e19-367ca9dacada: 146 ms
Input: 1000000,
Cold Start: false
Unique ID: d1a6ae9b-a7f9-4580-b849-6ef8845b4387,
Billed Duration for Request d1a6ae9b-a7f9-4580-b849-6ef8845b4387: 73 ms
Input: 1000000,
Cold Start: false
Unique ID: ec59772c-6d3a-4398-a199-ef9625baa817,
Billed Duration for Request ec59772c-6d3a-4398-a199-ef9625baa817: 102 ms
Input: 1000000,
Cold Start: false
Unique ID: 18b788ee-f13d-439f-b5c0-4c75014ec77f,
Billed Duration for Request 18b788ee-f13d-439f-b5c0-4c75014ec77f: 83 ms
Input: 1000000,
Cold Start: false
Unique ID: 38d19046-6278-4317-9eb8-55ae692c4cb6,
Billed Duration for Request 38d19046-6278-4317-9eb8-55ae692c4cb6: 119 ms
Input: 1000000,
Cold Start: false
Unique ID: 5a032611-766a-4cb3-86b8-d09394569f83,
Billed Duration for Request 5a032611-766a-4cb3-86b8-d09394569f83: 68 ms
Input: 1000000,
Cold Start: false
Unique ID: 683adbff-325e-4c0e-b8ac-1e0a579cffa7,
Billed Duration for Request 683adbff-325e-4c0e-b8ac-1e0a579cffa7: 104 ms
Input: 1000000,
Cold Start: false
Unique ID: ca4fec68-5153-478c-8363-d7cb11ba8091,
Billed Duration for Request ca4fec68-5153-478c-8363-d7cb11ba8091: 100 ms
Input: 1000000,
Cold Start: false
Unique ID: 2e56fe80-e578-45af-8c2f-a27487967478,
Billed Duration for Request 2e56fe80-e578-45af-8c2f-a27487967478: 124 ms
Input: 1000000,
Cold Start: false
Unique ID: a88e7fc6-3df3-487a-94ef-f8cd3888f7f2,
Billed Duration for Request a88e7fc6-3df3-487a-94ef-f8cd3888f7f2: 84 ms
Input: 1000000,
Cold Start: false
Unique ID: b22314a4-6651-484c-884f-69568b5bf457,
Billed Duration for Request b22314a4-6651-484c-884f-69568b5bf457: 122 ms
Input: 1000000,
Cold Start: false
Unique ID: 0e7a274a-f08a-40a4-9d1b-b4270272baa7,
Billed Duration for Request 0e7a274a-f08a-40a4-9d1b-b4270272baa7: 121 ms
Input: 1000000,
Cold Start: false
Unique ID: 44effc2e-d430-475d-b7f8-f5cb386443f6,
Billed Duration for Request 44effc2e-d430-475d-b7f8-f5cb386443f6: 107 ms
Input: 1000000,
Cold Start: false
Unique ID: 548b6932-6f2a-4a00-9117-b578ae6e21d1,
Billed Duration for Request 548b6932-6f2a-4a00-9117-b578ae6e21d1: 81 ms
Input: 1000000,
Cold Start: false
Unique ID: ac945099-39f7-416f-a9ff-b3a86822f14d,
Billed Duration for Request ac945099-39f7-416f-a9ff-b3a86822f14d: 85 ms
Input: 1000000,
Cold Start: false
Unique ID: 61588ec0-8313-417a-bef8-65b9549d84fd,
Billed Duration for Request 61588ec0-8313-417a-bef8-65b9549d84fd: 142 ms
Input: 1000000,
Cold Start: false
Unique ID: f59bb015-f47a-4e5c-a992-6a79de98c3d3,
Billed Duration for Request f59bb015-f47a-4e5c-a992-6a79de98c3d3: 98 ms
Input: 1000000,
Cold Start: false
Unique ID: cde4da4e-0ad5-4237-9723-18564d3218cf,
Billed Duration for Request cde4da4e-0ad5-4237-9723-18564d3218cf: 78 ms
Input: 1000000,
Cold Start: false
Unique ID: 63881a4b-56f0-461f-8d07-17395526d186,
Billed Duration for Request 63881a4b-56f0-461f-8d07-17395526d186: 85 ms
Input: 1000000,
Cold Start: false
Unique ID: b2b3a04a-309b-4f69-8efa-b7c498971e43,
Billed Duration for Request b2b3a04a-309b-4f69-8efa-b7c498971e43: 120 ms
Input: 1000000,
Cold Start: false
Unique ID: 2c5e3c18-efc1-427f-82cd-df92a45f361f,
Billed Duration for Request 2c5e3c18-efc1-427f-82cd-df92a45f361f: 126 ms
Input: 1000000,
Cold Start: false
Unique ID: d880a525-3c9d-4641-9001-f7b0258d0f2b,
Billed Duration for Request d880a525-3c9d-4641-9001-f7b0258d0f2b: 143 ms
Input: 1000000,
Cold Start: false
Unique ID: f25f0b9d-9482-4cc8-89f5-8ce2b6aa47db,
Billed Duration for Request f25f0b9d-9482-4cc8-89f5-8ce2b6aa47db: 102 ms
Input: 1000000,
Cold Start: false
Unique ID: 390fa4d1-d9eb-48b4-a928-1094e66e743e,
Billed Duration for Request 390fa4d1-d9eb-48b4-a928-1094e66e743e: 87 ms
Input: 1000000,
Cold Start: false
Unique ID: d0ac7940-2c00-4fa4-8fea-1eb04d2cf5f0,
Billed Duration for Request d0ac7940-2c00-4fa4-8fea-1eb04d2cf5f0: 147 ms
Input: 1000000,
Cold Start: false
Unique ID: 2b3b51cb-b61c-4541-bc66-d7a63a0963b9,
Billed Duration for Request 2b3b51cb-b61c-4541-bc66-d7a63a0963b9: 100 ms
Input: 1000000,
Cold Start: false
Unique ID: 5af25ac0-f013-403d-8c30-52c60d1a05b6,
Billed Duration for Request 5af25ac0-f013-403d-8c30-52c60d1a05b6: 105 ms
Input: 1000000,
Cold Start: false
Unique ID: d359e53d-1eeb-4004-bae1-4b91013b5c5c,
Billed Duration for Request d359e53d-1eeb-4004-bae1-4b91013b5c5c: 162 ms
Input: 1000000,
Cold Start: false
Unique ID: 84b6bd7d-6b88-487d-88a4-814afb937687,
Billed Duration for Request 84b6bd7d-6b88-487d-88a4-814afb937687: 123 ms
Input: 1000000,
Cold Start: false
Unique ID: a530ebfc-8023-470f-a650-4e4f80241984,
Billed Duration for Request a530ebfc-8023-470f-a650-4e4f80241984: 107 ms
Input: 1000000,
Cold Start: false
Unique ID: df1038c8-783a-4e66-85b2-75ffa9960f28,
Billed Duration for Request df1038c8-783a-4e66-85b2-75ffa9960f28: 103 ms
Input: 1000000,
Cold Start: false
Unique ID: 9e2383bc-76b9-4147-b48f-2edb9ea39d55,
Billed Duration for Request 9e2383bc-76b9-4147-b48f-2edb9ea39d55: 107 ms
Input: 1000000,
Cold Start: false
Unique ID: af3a6d60-ba4b-4bf4-b94b-398d18e022e3,
Billed Duration for Request af3a6d60-ba4b-4bf4-b94b-398d18e022e3: 122 ms
Input: 1000000,
Cold Start: false
Unique ID: ee2b4352-a2d8-4169-a0e0-432af369a68c,
Billed Duration for Request ee2b4352-a2d8-4169-a0e0-432af369a68c: 95 ms
Input: 1000000,
Cold Start: false
Unique ID: 5cc5c367-e930-4e3c-a0cf-22cea2df0c5c,
Billed Duration for Request 5cc5c367-e930-4e3c-a0cf-22cea2df0c5c: 120 ms
Input: 1000000,
Cold Start: false
Unique ID: 349694dc-86a4-40be-98a5-ca194efbc8be,
Billed Duration for Request 349694dc-86a4-40be-98a5-ca194efbc8be: 86 ms
Input: 1000000,
Cold Start: false
Unique ID: bbdb927c-dda4-415a-b6be-36e57784c653,
Billed Duration for Request bbdb927c-dda4-415a-b6be-36e57784c653: 80 ms
Input: 1000000,
Cold Start: false
Unique ID: 4efa5755-ef2f-40e5-b2ad-d444643f1ccc,
Billed Duration for Request 4efa5755-ef2f-40e5-b2ad-d444643f1ccc: 101 ms
Input: 1000000,
Cold Start: false
Unique ID: 07d8fa41-d196-4b05-8937-d0d51c0e8867,
Billed Duration for Request 07d8fa41-d196-4b05-8937-d0d51c0e8867: 96 ms
Input: 1000000,
Cold Start: false
Unique ID: 51a92ea8-3858-4b5c-9af0-3c7703314040,
Billed Duration for Request 51a92ea8-3858-4b5c-9af0-3c7703314040: 127 ms
Input: 1000000,
Cold Start: false
Unique ID: 7861073a-82f5-407f-8b8f-44b26fc226b2,
Billed Duration for Request 7861073a-82f5-407f-8b8f-44b26fc226b2: 103 ms
Input: 1000000,
Cold Start: false
Unique ID: c3403614-9791-4b1a-a429-363e3e8712c5,
Billed Duration for Request c3403614-9791-4b1a-a429-363e3e8712c5: 103 ms
Input: 1000000,
Cold Start: false
Unique ID: 6272374a-555f-464d-a5ad-36b0b5b42db5,
Billed Duration for Request 6272374a-555f-464d-a5ad-36b0b5b42db5: 125 ms
Input: 1000000,
Cold Start: false
Unique ID: a8bdeb01-5439-451c-af21-71932ecd8b37,
Billed Duration for Request a8bdeb01-5439-451c-af21-71932ecd8b37: 95 ms
Input: 1000000,
Cold Start: false
Unique ID: 4c1d30c8-6d82-4761-860e-4777ccc5bfe8,
Billed Duration for Request 4c1d30c8-6d82-4761-860e-4777ccc5bfe8: 121 ms
Input: 1000000,
Cold Start: false
Unique ID: 0416bf42-3add-4c8d-b59c-7d115a3ba7fb,
Billed Duration for Request 0416bf42-3add-4c8d-b59c-7d115a3ba7fb: 101 ms
Input: 1000000,
Cold Start: false
