Unique ID: b260ed8d-3b15-4d98-b061-66d2ffe34782,
Billed Duration for Request b260ed8d-3b15-4d98-b061-66d2ffe34782: 2131 ms
Input: 5750000,
Cold Start: false
Unique ID: a458507c-4715-4c2c-bdf7-5a0892e33086,
Billed Duration for Request a458507c-4715-4c2c-bdf7-5a0892e33086: 2184 ms
Input: 5750000,
Cold Start: false
Unique ID: df7c8fe5-cf2b-4aec-a55c-11c2b7b797cb,
Billed Duration for Request df7c8fe5-cf2b-4aec-a55c-11c2b7b797cb: 2133 ms
Input: 5750000,
Cold Start: false
Unique ID: 3ab778b3-5af9-4a70-88f9-51bd193768cf,
Billed Duration for Request 3ab778b3-5af9-4a70-88f9-51bd193768cf: 2122 ms
Input: 5750000,
Cold Start: false
Unique ID: 2c9953d6-2428-43de-9914-aa947d52a171,
Billed Duration for Request 2c9953d6-2428-43de-9914-aa947d52a171: 2089 ms
Input: 5750000,
Cold Start: false
Unique ID: c138f0f9-9345-47b8-8710-d40b648ab8af,
Billed Duration for Request c138f0f9-9345-47b8-8710-d40b648ab8af: 2167 ms
Input: 5750000,
Cold Start: false
Unique ID: 43e56981-0cd0-4f5c-bbeb-0ee158a0e0b2,
Billed Duration for Request 43e56981-0cd0-4f5c-bbeb-0ee158a0e0b2: 2107 ms
Input: 5750000,
Cold Start: false
Unique ID: ea1e52d2-f6d3-4b37-8db8-6460f96eaa27,
Billed Duration for Request ea1e52d2-f6d3-4b37-8db8-6460f96eaa27: 2179 ms
Input: 5750000,
Cold Start: false
Unique ID: aaeb3228-0205-4b2f-a8aa-26911cb9628d,
Billed Duration for Request aaeb3228-0205-4b2f-a8aa-26911cb9628d: 2164 ms
Input: 5750000,
Cold Start: false
Unique ID: 36c55c64-f2b2-4eaf-9814-f0223bdefbe4,
Billed Duration for Request 36c55c64-f2b2-4eaf-9814-f0223bdefbe4: 2155 ms
Input: 5750000,
Cold Start: false
Unique ID: 57db8552-314c-4884-9eea-9958592a061b,
Billed Duration for Request 57db8552-314c-4884-9eea-9958592a061b: 2063 ms
Input: 5750000,
Cold Start: false
Unique ID: 7b582c1b-59cc-4c3a-886d-3c8c103d266d,
Billed Duration for Request 7b582c1b-59cc-4c3a-886d-3c8c103d266d: 2026 ms
Input: 5750000,
Cold Start: false
Unique ID: e4dde9d6-57cb-40b3-bf0d-d74786a76cfd,
Billed Duration for Request e4dde9d6-57cb-40b3-bf0d-d74786a76cfd: 2070 ms
Input: 5750000,
Cold Start: false
Unique ID: cba38529-164d-487c-be81-49aae13612d6,
Billed Duration for Request cba38529-164d-487c-be81-49aae13612d6: 2052 ms
Input: 5750000,
Cold Start: false
Unique ID: 95e2634f-7541-49ca-9482-16b09895a8d8,
Billed Duration for Request 95e2634f-7541-49ca-9482-16b09895a8d8: 2086 ms
Input: 5750000,
Cold Start: false
Unique ID: ed1f9ff2-9e37-42db-b24e-2fea1e393b7c,
Billed Duration for Request ed1f9ff2-9e37-42db-b24e-2fea1e393b7c: 2115 ms
Input: 5750000,
Cold Start: false
Unique ID: c9640a21-593f-4741-a975-dbf8821e724c,
Billed Duration for Request c9640a21-593f-4741-a975-dbf8821e724c: 2093 ms
Input: 5750000,
Cold Start: false
Unique ID: defcad72-206c-428c-b5dc-a550a79e429e,
Billed Duration for Request defcad72-206c-428c-b5dc-a550a79e429e: 2091 ms
Input: 5750000,
Cold Start: false
Unique ID: 980432fc-5f54-49da-b095-02c422244e86,
Billed Duration for Request 980432fc-5f54-49da-b095-02c422244e86: 2025 ms
Input: 5750000,
Cold Start: false
Unique ID: 307e95a1-bf77-4469-a17e-b6da39daa0f9,
Billed Duration for Request 307e95a1-bf77-4469-a17e-b6da39daa0f9: 2101 ms
Input: 5750000,
Cold Start: false
Unique ID: 05bf6ccd-3598-4d37-920e-bf357baa4b7d,
Billed Duration for Request 05bf6ccd-3598-4d37-920e-bf357baa4b7d: 2059 ms
Input: 5750000,
Cold Start: false
Unique ID: 3c038863-55b4-403c-b893-83548b6c9d87,
Billed Duration for Request 3c038863-55b4-403c-b893-83548b6c9d87: 2037 ms
Input: 5750000,
Cold Start: false
Unique ID: 6e414a67-6680-4869-bd15-9d43a5af86b7,
Billed Duration for Request 6e414a67-6680-4869-bd15-9d43a5af86b7: 2071 ms
Input: 5750000,
Cold Start: false
Unique ID: 5ebc8362-4569-46ea-a55d-351a434310cb,
Billed Duration for Request 5ebc8362-4569-46ea-a55d-351a434310cb: 2082 ms
Input: 5750000,
Cold Start: false
Unique ID: 23b57ecd-8171-495a-a490-44018c3eae59,
Billed Duration for Request 23b57ecd-8171-495a-a490-44018c3eae59: 2064 ms
Input: 5750000,
Cold Start: false
Unique ID: 075ea8db-4049-4662-9be2-ad5401f6f86f,
Billed Duration for Request 075ea8db-4049-4662-9be2-ad5401f6f86f: 2105 ms
Input: 5750000,
Cold Start: false
Unique ID: 113d1433-4102-4041-a5c1-8f5227e38cf4,
Billed Duration for Request 113d1433-4102-4041-a5c1-8f5227e38cf4: 2087 ms
Input: 5750000,
Cold Start: false
Unique ID: 9b6ef873-a2c3-4cbb-8919-c24db2e09a87,
Billed Duration for Request 9b6ef873-a2c3-4cbb-8919-c24db2e09a87: 2123 ms
Input: 5750000,
Cold Start: false
Unique ID: 5503fcca-fa1c-4dd6-9d51-5a9585856769,
Billed Duration for Request 5503fcca-fa1c-4dd6-9d51-5a9585856769: 2036 ms
Input: 5750000,
Cold Start: false
Unique ID: e927f603-a79c-419f-b6f1-3a1fcfd0a967,
Billed Duration for Request e927f603-a79c-419f-b6f1-3a1fcfd0a967: 2068 ms
Input: 5750000,
Cold Start: false
Unique ID: 6fe8907f-9763-4f3a-a716-4d894f518c87,
Billed Duration for Request 6fe8907f-9763-4f3a-a716-4d894f518c87: 2023 ms
Input: 5750000,
Cold Start: false
Unique ID: 83bd967a-2ced-44c9-8252-9107ad52d514,
Billed Duration for Request 83bd967a-2ced-44c9-8252-9107ad52d514: 2068 ms
Input: 5750000,
Cold Start: false
Unique ID: 21b20d3f-9df6-4497-8614-ab9605735906,
Billed Duration for Request 21b20d3f-9df6-4497-8614-ab9605735906: 2059 ms
Input: 5750000,
Cold Start: false
Unique ID: a00b8951-2cd3-4fe8-8401-013ff56fd1d4,
Billed Duration for Request a00b8951-2cd3-4fe8-8401-013ff56fd1d4: 2081 ms
Input: 5750000,
Cold Start: false
Unique ID: ea31a7ad-1218-49c0-8ef8-91d9a0ce2425,
Billed Duration for Request ea31a7ad-1218-49c0-8ef8-91d9a0ce2425: 2076 ms
Input: 5750000,
Cold Start: false
Unique ID: 50aece12-5a34-4d3d-b946-eda796451fc0,
Billed Duration for Request 50aece12-5a34-4d3d-b946-eda796451fc0: 2028 ms
Input: 5750000,
Cold Start: false
Unique ID: 74323fd6-fc0c-476a-8880-a9813b9784f1,
Billed Duration for Request 74323fd6-fc0c-476a-8880-a9813b9784f1: 2100 ms
Input: 5750000,
Cold Start: false
Unique ID: 532b8301-ddba-4fed-bd2e-db0e9dad1f8b,
Billed Duration for Request 532b8301-ddba-4fed-bd2e-db0e9dad1f8b: 2020 ms
Input: 5750000,
Cold Start: false
Unique ID: f6cee21a-fa11-442c-a841-855d9316a430,
Billed Duration for Request f6cee21a-fa11-442c-a841-855d9316a430: 2080 ms
Input: 5750000,
Cold Start: false
Unique ID: e3aa1cfa-b34f-4287-8167-7a108aea146d,
Billed Duration for Request e3aa1cfa-b34f-4287-8167-7a108aea146d: 2060 ms
Input: 5750000,
Cold Start: false
Unique ID: ecece8f7-0c10-4334-b92e-531bee92f819,
Billed Duration for Request ecece8f7-0c10-4334-b92e-531bee92f819: 2046 ms
Input: 5750000,
Cold Start: false
Unique ID: 153f9536-41d3-4fbb-ae17-21faf2b5bddf,
Billed Duration for Request 153f9536-41d3-4fbb-ae17-21faf2b5bddf: 2041 ms
Input: 5750000,
Cold Start: false
Unique ID: f2b734f2-82ce-4b4f-a3b5-3b6a8ce276e9,
Billed Duration for Request f2b734f2-82ce-4b4f-a3b5-3b6a8ce276e9: 2088 ms
Input: 5750000,
Cold Start: false
Unique ID: f35e8919-29b2-4817-a89f-d883395d1a39,
Billed Duration for Request f35e8919-29b2-4817-a89f-d883395d1a39: 2047 ms
Input: 5750000,
Cold Start: false
Unique ID: b8557fad-85ae-4766-ae3c-536ab50a9b7e,
Billed Duration for Request b8557fad-85ae-4766-ae3c-536ab50a9b7e: 2072 ms
Input: 5750000,
Cold Start: false
Unique ID: 9aecb719-716c-4743-9d4f-3fdfb1940376,
Billed Duration for Request 9aecb719-716c-4743-9d4f-3fdfb1940376: 2029 ms
Input: 5750000,
Cold Start: false
Unique ID: ca2bc227-76d2-4440-a7cd-c66d614c2c82,
Billed Duration for Request ca2bc227-76d2-4440-a7cd-c66d614c2c82: 2071 ms
Input: 5750000,
Cold Start: false
Unique ID: f302313f-4dd6-475d-930b-06d4436467b9,
Billed Duration for Request f302313f-4dd6-475d-930b-06d4436467b9: 2092 ms
Input: 5750000,
Cold Start: false
Unique ID: bffb9078-b4ee-45c4-bbfc-15c09e772778,
Billed Duration for Request bffb9078-b4ee-45c4-bbfc-15c09e772778: 2063 ms
Input: 5750000,
Cold Start: false
Unique ID: 20775832-0bab-4d91-a2cc-be3f6e80cc05,
Billed Duration for Request 20775832-0bab-4d91-a2cc-be3f6e80cc05: 2037 ms
Input: 5750000,
Cold Start: false
Unique ID: f37b23b6-0dff-45a2-8a97-ad6fc89d54f0,
Billed Duration for Request f37b23b6-0dff-45a2-8a97-ad6fc89d54f0: 2010 ms
Input: 5750000,
Cold Start: false
Unique ID: fcfc625a-d458-4620-8c9c-bc78b9f2c588,
Billed Duration for Request fcfc625a-d458-4620-8c9c-bc78b9f2c588: 2051 ms
Input: 5750000,
Cold Start: false
Unique ID: ea8ae20b-6dc0-4c1c-9478-db8b8a750142,
Billed Duration for Request ea8ae20b-6dc0-4c1c-9478-db8b8a750142: 2089 ms
Input: 5750000,
Cold Start: false
Unique ID: d0ff0a71-9e3c-485b-89c4-59b9e2773b38,
Billed Duration for Request d0ff0a71-9e3c-485b-89c4-59b9e2773b38: 2095 ms
Input: 5750000,
Cold Start: false
Unique ID: 224c2e4d-c289-4621-b72c-b9a4ae0cb4f0,
Billed Duration for Request 224c2e4d-c289-4621-b72c-b9a4ae0cb4f0: 2026 ms
Input: 5750000,
Cold Start: false
Unique ID: 1074e61b-2d85-48e6-ade7-2ab358d56a59,
Billed Duration for Request 1074e61b-2d85-48e6-ade7-2ab358d56a59: 2076 ms
Input: 5750000,
Cold Start: false
Unique ID: 39f43590-449a-4634-99f0-a867bcf274eb,
Billed Duration for Request 39f43590-449a-4634-99f0-a867bcf274eb: 2095 ms
Input: 5750000,
Cold Start: false
Unique ID: 5fcd59fb-3bd3-445c-96f6-f07edce9eaf0,
Billed Duration for Request 5fcd59fb-3bd3-445c-96f6-f07edce9eaf0: 2068 ms
Input: 5750000,
Cold Start: false
Unique ID: 3121c7e5-2050-4467-aa1b-958b30b2ddc7,
Billed Duration for Request 3121c7e5-2050-4467-aa1b-958b30b2ddc7: 2066 ms
Input: 5750000,
Cold Start: false
Unique ID: 7fb1fae9-8b78-4412-ae03-c68c28a7e137,
Billed Duration for Request 7fb1fae9-8b78-4412-ae03-c68c28a7e137: 2038 ms
Input: 5750000,
Cold Start: false
Unique ID: 54c0531c-d540-43b9-90f3-1b9b924e9091,
Billed Duration for Request 54c0531c-d540-43b9-90f3-1b9b924e9091: 2073 ms
Input: 5750000,
Cold Start: false
Unique ID: 05951672-8e56-493d-af1a-5af7dce9f2d7,
Billed Duration for Request 05951672-8e56-493d-af1a-5af7dce9f2d7: 2097 ms
Input: 5750000,
Cold Start: false
Unique ID: 7760396f-571e-4100-a712-71104822011a,
Billed Duration for Request 7760396f-571e-4100-a712-71104822011a: 2055 ms
Input: 5750000,
Cold Start: false
Unique ID: 3228f85d-c647-4cc3-b89a-2845395114a3,
Billed Duration for Request 3228f85d-c647-4cc3-b89a-2845395114a3: 2072 ms
Input: 5750000,
Cold Start: false
Unique ID: cbb1f0ab-0e99-4058-9482-4032dd7791b7,
Billed Duration for Request cbb1f0ab-0e99-4058-9482-4032dd7791b7: 2009 ms
Input: 5750000,
Cold Start: false
Unique ID: 992bcf3a-6650-4c5a-b67e-612aed4ef1fc,
Billed Duration for Request 992bcf3a-6650-4c5a-b67e-612aed4ef1fc: 2085 ms
Input: 5750000,
Cold Start: false
Unique ID: c1f43171-2144-491d-97e6-d0e08b61f07b,
Billed Duration for Request c1f43171-2144-491d-97e6-d0e08b61f07b: 2096 ms
Input: 5750000,
Cold Start: false
Unique ID: 81d6632d-e86c-4702-89bd-ba85a6b3cb9a,
Billed Duration for Request 81d6632d-e86c-4702-89bd-ba85a6b3cb9a: 2026 ms
Input: 5750000,
Cold Start: false
Unique ID: 7b93a5b7-8870-4133-9d5c-dd052a8bace4,
Billed Duration for Request 7b93a5b7-8870-4133-9d5c-dd052a8bace4: 2097 ms
Input: 5750000,
Cold Start: false
Unique ID: e45dc399-4e6d-4785-b3d8-988ddfce3690,
Billed Duration for Request e45dc399-4e6d-4785-b3d8-988ddfce3690: 2042 ms
Input: 5750000,
Cold Start: false
Unique ID: 9b616226-2cef-426b-9c11-9a8382c5bfe5,
Billed Duration for Request 9b616226-2cef-426b-9c11-9a8382c5bfe5: 2051 ms
Input: 5750000,
Cold Start: false
Unique ID: d86a0a82-c3a2-4557-a76f-b1b9a6bf8560,
Billed Duration for Request d86a0a82-c3a2-4557-a76f-b1b9a6bf8560: 2050 ms
Input: 5750000,
Cold Start: false
Unique ID: a0f45ee4-7652-44e9-a4b6-8f89a0e93cf3,
Billed Duration for Request a0f45ee4-7652-44e9-a4b6-8f89a0e93cf3: 2089 ms
Input: 5750000,
Cold Start: false
Unique ID: 962036e0-307d-4ef6-803d-f0262a950ff4,
Billed Duration for Request 962036e0-307d-4ef6-803d-f0262a950ff4: 2004 ms
Input: 5750000,
Cold Start: false
Unique ID: c2ea48a9-037b-488d-b775-f6957fea18e4,
Billed Duration for Request c2ea48a9-037b-488d-b775-f6957fea18e4: 2065 ms
Input: 5750000,
Cold Start: false
Unique ID: 57f3d2ae-94e7-4fcc-9b6e-49407b2100a7,
Billed Duration for Request 57f3d2ae-94e7-4fcc-9b6e-49407b2100a7: 2083 ms
Input: 5750000,
Cold Start: false
Unique ID: 74be14ae-8225-466d-907d-9ec2b5336394,
Billed Duration for Request 74be14ae-8225-466d-907d-9ec2b5336394: 2006 ms
Input: 5750000,
Cold Start: false
Unique ID: a704e77e-9dee-46a2-85d1-1b4865480989,
Billed Duration for Request a704e77e-9dee-46a2-85d1-1b4865480989: 2045 ms
Input: 5750000,
Cold Start: false
Unique ID: dac85d2c-6a65-43e0-bebf-3df82b61ef21,
Billed Duration for Request dac85d2c-6a65-43e0-bebf-3df82b61ef21: 2122 ms
Input: 5750000,
Cold Start: false
Unique ID: c7e54d06-2d76-4dd9-8360-2edcb103b0cd,
Billed Duration for Request c7e54d06-2d76-4dd9-8360-2edcb103b0cd: 2053 ms
Input: 5750000,
Cold Start: false
Unique ID: 1e92971c-cf1e-4329-8eca-4097a9a9ebc1,
Billed Duration for Request 1e92971c-cf1e-4329-8eca-4097a9a9ebc1: 2113 ms
Input: 5750000,
Cold Start: false
Unique ID: c47eb686-0394-40d0-8599-51fd78f4630c,
Billed Duration for Request c47eb686-0394-40d0-8599-51fd78f4630c: 2137 ms
Input: 5750000,
Cold Start: false
Unique ID: a3056a24-9954-4bba-9cea-4b6c321053a5,
Billed Duration for Request a3056a24-9954-4bba-9cea-4b6c321053a5: 2182 ms
Input: 5750000,
Cold Start: false
Unique ID: f9255957-ccab-4468-b8d3-c2a3ccc7ec30,
Billed Duration for Request f9255957-ccab-4468-b8d3-c2a3ccc7ec30: 2174 ms
Input: 5750000,
Cold Start: false
Unique ID: 0586d285-edf9-4581-81f0-fde61707ffc3,
Billed Duration for Request 0586d285-edf9-4581-81f0-fde61707ffc3: 2127 ms
Input: 5750000,
Cold Start: false
Unique ID: 06a57a7c-79af-489b-bce4-000b6e2c6d5e,
Billed Duration for Request 06a57a7c-79af-489b-bce4-000b6e2c6d5e: 2114 ms
Input: 5750000,
Cold Start: false
Unique ID: 23cd5436-f9e9-4dcd-8ecc-2e119cbbf4ca,
Billed Duration for Request 23cd5436-f9e9-4dcd-8ecc-2e119cbbf4ca: 2090 ms
Input: 5750000,
Cold Start: false
Unique ID: d948435a-2bb6-4c5f-868f-7ba4a3be508c,
Billed Duration for Request d948435a-2bb6-4c5f-868f-7ba4a3be508c: 2155 ms
Input: 5750000,
Cold Start: false
Unique ID: 6e44a7d8-d9cf-4759-b359-b1bdc7f8d20e,
Billed Duration for Request 6e44a7d8-d9cf-4759-b359-b1bdc7f8d20e: 2151 ms
Input: 5750000,
Cold Start: false
Unique ID: ff97d895-7517-482e-8331-0c19a90f6a33,
Billed Duration for Request ff97d895-7517-482e-8331-0c19a90f6a33: 2108 ms
Input: 5750000,
Cold Start: false
Unique ID: 60dc458b-f016-4aca-be14-ed96648a10d8,
Billed Duration for Request 60dc458b-f016-4aca-be14-ed96648a10d8: 2179 ms
Input: 5750000,
Cold Start: false
Unique ID: 184f2407-cd84-4b19-96e8-163e7fdfb427,
Billed Duration for Request 184f2407-cd84-4b19-96e8-163e7fdfb427: 2092 ms
Input: 5750000,
Cold Start: false
Unique ID: bfb43c54-c3f9-44c4-b331-e0681c2f0c89,
Billed Duration for Request bfb43c54-c3f9-44c4-b331-e0681c2f0c89: 2065 ms
Input: 5750000,
Cold Start: false
Unique ID: 73cf1f0b-2bcc-4346-9ef7-d670dc183b36,
Billed Duration for Request 73cf1f0b-2bcc-4346-9ef7-d670dc183b36: 2079 ms
Input: 5750000,
Cold Start: false
Unique ID: 20f7de5f-d0f1-4d41-9ebe-5cbc34565770,
Billed Duration for Request 20f7de5f-d0f1-4d41-9ebe-5cbc34565770: 2098 ms
Input: 5750000,
Cold Start: false
Unique ID: 04c96df4-dace-4129-bdfd-32bc11fe130e,
Billed Duration for Request 04c96df4-dace-4129-bdfd-32bc11fe130e: 2106 ms
Input: 5750000,
Cold Start: false
Unique ID: 34941618-edad-40eb-91d9-a096e2e8543e,
Billed Duration for Request 34941618-edad-40eb-91d9-a096e2e8543e: 2130 ms
Input: 5750000,
Cold Start: false
Unique ID: ff0d7802-8e45-4da0-96ef-e516d478196e,
Billed Duration for Request ff0d7802-8e45-4da0-96ef-e516d478196e: 2110 ms
Input: 5750000,
Cold Start: false
Unique ID: 746417c4-0850-42a1-abc2-3c8f15063b5e,
Billed Duration for Request 746417c4-0850-42a1-abc2-3c8f15063b5e: 2051 ms
Input: 5750000,
Cold Start: false
Unique ID: 4ec44e2a-c518-4c5a-902f-028a55bfe07c,
Billed Duration for Request 4ec44e2a-c518-4c5a-902f-028a55bfe07c: 2082 ms
Input: 5750000,
Cold Start: false
Unique ID: 8b00aac5-3d59-402a-91e1-2e99577df192,
Billed Duration for Request 8b00aac5-3d59-402a-91e1-2e99577df192: 2021 ms
Input: 5750000,
Cold Start: false
Unique ID: b984d8f9-3486-481b-a261-6d58cb498763,
Billed Duration for Request b984d8f9-3486-481b-a261-6d58cb498763: 2064 ms
Input: 5750000,
Cold Start: false
Unique ID: 7dc48322-43b1-4178-99b3-559a89a19315,
Billed Duration for Request 7dc48322-43b1-4178-99b3-559a89a19315: 2021 ms
Input: 5750000,
Cold Start: false
Unique ID: e800d1c2-dc7b-4a10-8c7e-16709b4615bd,
Billed Duration for Request e800d1c2-dc7b-4a10-8c7e-16709b4615bd: 2063 ms
Input: 5750000,
Cold Start: false
Unique ID: 0dbedbcb-c3b0-4ef8-9dba-b3643ac76c27,
Billed Duration for Request 0dbedbcb-c3b0-4ef8-9dba-b3643ac76c27: 2080 ms
Input: 5750000,
Cold Start: false
Unique ID: a638ed18-b931-4949-bd09-e0d75f2778b6,
Billed Duration for Request a638ed18-b931-4949-bd09-e0d75f2778b6: 2086 ms
Input: 5750000,
Cold Start: false
Unique ID: bbbefb2b-92e9-4173-b49a-3c54ed3867f4,
Billed Duration for Request bbbefb2b-92e9-4173-b49a-3c54ed3867f4: 2045 ms
Input: 5750000,
Cold Start: false
Unique ID: cbea2c12-352e-4e93-a755-93bdddca2edf,
Billed Duration for Request cbea2c12-352e-4e93-a755-93bdddca2edf: 2130 ms
Input: 5750000,
Cold Start: false
Unique ID: bac1864f-be0f-4da5-a05c-72573ac4d42f,
Billed Duration for Request bac1864f-be0f-4da5-a05c-72573ac4d42f: 2072 ms
Input: 5750000,
Cold Start: false
Unique ID: 7ea2c047-bb9b-4bef-9e39-89425c6184a3,
Billed Duration for Request 7ea2c047-bb9b-4bef-9e39-89425c6184a3: 2005 ms
Input: 5750000,
Cold Start: false
Unique ID: 4250330b-b64b-4828-8af3-73a0fa601ba4,
Billed Duration for Request 4250330b-b64b-4828-8af3-73a0fa601ba4: 2110 ms
Input: 5750000,
Cold Start: false
Unique ID: e995180f-2f95-4cb6-86b6-f0f6b01b5438,
Billed Duration for Request e995180f-2f95-4cb6-86b6-f0f6b01b5438: 2070 ms
Input: 5750000,
Cold Start: false
Unique ID: 8ed86dcd-71b9-4cae-984e-f4ed87db719d,
Billed Duration for Request 8ed86dcd-71b9-4cae-984e-f4ed87db719d: 2096 ms
Input: 5750000,
Cold Start: false
Unique ID: bd7fde53-f5cd-48c3-8839-b179fa9c7350,
Billed Duration for Request bd7fde53-f5cd-48c3-8839-b179fa9c7350: 2057 ms
Input: 5750000,
Cold Start: false
Unique ID: 3a5c49ba-59e1-4cc3-bfa2-5d5075f23cd2,
Billed Duration for Request 3a5c49ba-59e1-4cc3-bfa2-5d5075f23cd2: 2099 ms
Input: 5750000,
Cold Start: false
Unique ID: 0f37bb59-508e-4bf9-a55e-056ecfc05e6f,
Billed Duration for Request 0f37bb59-508e-4bf9-a55e-056ecfc05e6f: 2070 ms
Input: 5750000,
Cold Start: false
Unique ID: eae77b14-f45d-4499-bd77-142c1d2e8fbf,
Billed Duration for Request eae77b14-f45d-4499-bd77-142c1d2e8fbf: 2029 ms
Input: 5750000,
Cold Start: false
Unique ID: 427aa4c8-58c0-451f-b1f8-f56a83dafc8a,
Billed Duration for Request 427aa4c8-58c0-451f-b1f8-f56a83dafc8a: 2028 ms
Input: 5750000,
Cold Start: false
Unique ID: 518d676b-4bca-413d-89e8-2a60d740220b,
Billed Duration for Request 518d676b-4bca-413d-89e8-2a60d740220b: 2091 ms
Input: 5750000,
Cold Start: false
Unique ID: 8e369755-e393-4e64-8a0c-6af48fed93f7,
Billed Duration for Request 8e369755-e393-4e64-8a0c-6af48fed93f7: 2062 ms
Input: 5750000,
Cold Start: false
Unique ID: 588025f2-5267-4409-a58b-e3a46f121713,
Billed Duration for Request 588025f2-5267-4409-a58b-e3a46f121713: 2077 ms
Input: 5750000,
Cold Start: false
Unique ID: 5a37ce5b-c074-44c7-91f9-569896503733,
Billed Duration for Request 5a37ce5b-c074-44c7-91f9-569896503733: 2045 ms
Input: 5750000,
Cold Start: false
Unique ID: f8048f96-7f8e-47b9-a5e9-eb0c4770bc27,
Billed Duration for Request f8048f96-7f8e-47b9-a5e9-eb0c4770bc27: 2072 ms
Input: 5750000,
Cold Start: false
Unique ID: 12c2334c-aba5-4b59-8655-37f625813415,
Billed Duration for Request 12c2334c-aba5-4b59-8655-37f625813415: 2053 ms
Input: 5750000,
Cold Start: false
Unique ID: 7e767c6f-a74e-4112-a725-cf1aa56ee331,
Billed Duration for Request 7e767c6f-a74e-4112-a725-cf1aa56ee331: 2019 ms
Input: 5750000,
Cold Start: false
Unique ID: 401cc2e9-fbe5-44a1-aa6a-576af3b11c12,
Billed Duration for Request 401cc2e9-fbe5-44a1-aa6a-576af3b11c12: 2089 ms
Input: 5750000,
Cold Start: false
Unique ID: c020965c-fafc-42bc-b5fb-6479b3a3d8ce,
Billed Duration for Request c020965c-fafc-42bc-b5fb-6479b3a3d8ce: 2041 ms
Input: 5750000,
Cold Start: false
Unique ID: 27b3a155-2cc3-43d8-ba74-ed0db1425e00,
Billed Duration for Request 27b3a155-2cc3-43d8-ba74-ed0db1425e00: 2000 ms
Input: 5750000,
Cold Start: false
Unique ID: 59504492-f57a-4a1f-b1b3-1f2d74694fbb,
Billed Duration for Request 59504492-f57a-4a1f-b1b3-1f2d74694fbb: 2083 ms
Input: 5750000,
Cold Start: false
Unique ID: f80caed5-8719-4c62-bfdc-45dd53873da2,
Billed Duration for Request f80caed5-8719-4c62-bfdc-45dd53873da2: 2104 ms
Input: 5750000,
Cold Start: false
Unique ID: 43dc719b-5af6-46ad-af2f-960f531bc43b,
Billed Duration for Request 43dc719b-5af6-46ad-af2f-960f531bc43b: 2038 ms
Input: 5750000,
Cold Start: false
Unique ID: cb8a7739-6abd-49c1-bccc-68539507b4e7,
Billed Duration for Request cb8a7739-6abd-49c1-bccc-68539507b4e7: 2099 ms
Input: 5750000,
Cold Start: false
Unique ID: ef0026ee-23e4-4356-a184-470d98522050,
Billed Duration for Request ef0026ee-23e4-4356-a184-470d98522050: 2045 ms
Input: 5750000,
Cold Start: false
Unique ID: 23b926b1-1d3c-4f15-b306-26bc6ad440e8,
Billed Duration for Request 23b926b1-1d3c-4f15-b306-26bc6ad440e8: 2055 ms
Input: 5750000,
Cold Start: false
Unique ID: 41951dbe-73ba-4936-a06f-a23815f11225,
Billed Duration for Request 41951dbe-73ba-4936-a06f-a23815f11225: 2011 ms
Input: 5750000,
Cold Start: false
Unique ID: e873460d-2e18-4a5c-ad47-172009b615eb,
Billed Duration for Request e873460d-2e18-4a5c-ad47-172009b615eb: 2051 ms
Input: 5750000,
Cold Start: false
Unique ID: fcb86832-e033-48c8-bc7c-fe7b528e4ffd,
Billed Duration for Request fcb86832-e033-48c8-bc7c-fe7b528e4ffd: 2047 ms
Input: 5750000,
Cold Start: false
Unique ID: fea2daca-a36e-408a-ba6c-35bfeaf35922,
Billed Duration for Request fea2daca-a36e-408a-ba6c-35bfeaf35922: 2101 ms
Input: 5750000,
Cold Start: false
Unique ID: a41fc6f6-adaf-4ffe-a6dd-84a5748223a6,
Billed Duration for Request a41fc6f6-adaf-4ffe-a6dd-84a5748223a6: 2090 ms
Input: 5750000,
Cold Start: false
Unique ID: e24a8be3-7a6c-4de3-9797-fbd62f87c044,
Billed Duration for Request e24a8be3-7a6c-4de3-9797-fbd62f87c044: 2087 ms
Input: 5750000,
Cold Start: false
Unique ID: 3cdb9f66-40e7-4f70-81af-69ee9372ad51,
Billed Duration for Request 3cdb9f66-40e7-4f70-81af-69ee9372ad51: 2071 ms
Input: 5750000,
Cold Start: false
Unique ID: 5e888c14-a9bf-45b3-b063-1899c968fed9,
Billed Duration for Request 5e888c14-a9bf-45b3-b063-1899c968fed9: 2059 ms
Input: 5750000,
Cold Start: false
Unique ID: dcadb82b-3258-4668-8430-cb93462e1066,
Billed Duration for Request dcadb82b-3258-4668-8430-cb93462e1066: 2049 ms
Input: 5750000,
Cold Start: false
Unique ID: 62a89e6f-7110-4891-ab73-0f0eb9172b89,
Billed Duration for Request 62a89e6f-7110-4891-ab73-0f0eb9172b89: 2025 ms
Input: 5750000,
Cold Start: false
Unique ID: 5a2d4439-52f8-4e69-a924-dd9260186911,
Billed Duration for Request 5a2d4439-52f8-4e69-a924-dd9260186911: 2089 ms
Input: 5750000,
Cold Start: false
Unique ID: 0f34872c-646d-4cad-9b99-b666ba4538c1,
Billed Duration for Request 0f34872c-646d-4cad-9b99-b666ba4538c1: 2032 ms
Input: 5750000,
Cold Start: false
Unique ID: 59e41d41-e36e-471c-81fa-de5742bb52dc,
Billed Duration for Request 59e41d41-e36e-471c-81fa-de5742bb52dc: 2047 ms
Input: 5750000,
Cold Start: false
Unique ID: a665b2cd-57d1-433e-8cd7-5115611e6069,
Billed Duration for Request a665b2cd-57d1-433e-8cd7-5115611e6069: 2073 ms
Input: 5750000,
Cold Start: false
Unique ID: 989348ea-9373-4dd7-b13f-9a5637365f38,
Billed Duration for Request 989348ea-9373-4dd7-b13f-9a5637365f38: 2102 ms
Input: 5750000,
Cold Start: false
Unique ID: 52e322bc-5ecf-4f99-a3c7-9b27991fcd17,
Billed Duration for Request 52e322bc-5ecf-4f99-a3c7-9b27991fcd17: 2040 ms
Input: 5750000,
Cold Start: false
Unique ID: e28b9dee-908f-4b5a-8a1d-9f1ba037b6fc,
Billed Duration for Request e28b9dee-908f-4b5a-8a1d-9f1ba037b6fc: 2112 ms
Input: 5750000,
Cold Start: false
Unique ID: 14b626c0-90e3-4167-ae09-1adf60329471,
Billed Duration for Request 14b626c0-90e3-4167-ae09-1adf60329471: 2080 ms
Input: 5750000,
Cold Start: false
Unique ID: 748aa86c-5060-439a-880d-68e3574709a9,
Billed Duration for Request 748aa86c-5060-439a-880d-68e3574709a9: 2051 ms
Input: 5750000,
Cold Start: false
Unique ID: 9a6f7e31-29e0-4d93-a2f9-5ca998dabd97,
Billed Duration for Request 9a6f7e31-29e0-4d93-a2f9-5ca998dabd97: 2028 ms
Input: 5750000,
Cold Start: false
Unique ID: 40caf210-7531-460e-8bb5-93447a76a3c6,
Billed Duration for Request 40caf210-7531-460e-8bb5-93447a76a3c6: 2015 ms
Input: 5750000,
Cold Start: false
Unique ID: 337b932b-fe50-4216-80de-0a7b6e4a45e5,
Billed Duration for Request 337b932b-fe50-4216-80de-0a7b6e4a45e5: 2089 ms
Input: 5750000,
Cold Start: false
Unique ID: d6315bd4-cdbd-49f0-82ad-3e6ff167b9cd,
Billed Duration for Request d6315bd4-cdbd-49f0-82ad-3e6ff167b9cd: 2028 ms
Input: 5750000,
Cold Start: false
Unique ID: c8931080-48e9-499d-a2ce-57effe789805,
Billed Duration for Request c8931080-48e9-499d-a2ce-57effe789805: 2078 ms
Input: 5750000,
Cold Start: false
Unique ID: 187c75f6-f182-4426-9b82-b3f8f3488d1f,
Billed Duration for Request 187c75f6-f182-4426-9b82-b3f8f3488d1f: 2072 ms
Input: 5750000,
Cold Start: false
Unique ID: 84d41528-db43-4c87-96be-16374f9274ac,
Billed Duration for Request 84d41528-db43-4c87-96be-16374f9274ac: 2095 ms
Input: 5750000,
Cold Start: false
Unique ID: 9fe0ab5d-f86b-4099-aa26-992044954f1d,
Billed Duration for Request 9fe0ab5d-f86b-4099-aa26-992044954f1d: 2094 ms
Input: 5750000,
Cold Start: false
