Unique ID: b9b50df729c406b8a3c7f77aee50a4dc,
Execution Time for Trace ID b9b50df729c406b8a3c7f77aee50a4dc: 1497 ms
Input: 5000000,
Cold Start: false
Unique ID: 2d4f5b6c2064a9c140871dd1e64b0b0d,
Execution Time for Trace ID 2d4f5b6c2064a9c140871dd1e64b0b0d: 1510 ms
Input: 5000000,
Cold Start: false
Unique ID: 26d1ff81c22f0a1753966896c4dd2061,
Execution Time for Trace ID 26d1ff81c22f0a1753966896c4dd2061: 1431 ms
Input: 5000000,
Cold Start: false
Unique ID: 532ec870f235873d66e198ff6d07c82c,
Execution Time for Trace ID 532ec870f235873d66e198ff6d07c82c: 1468 ms
Input: 5000000,
Cold Start: false
Unique ID: e6932b2adaa67cdb0a84bf2dfc339e64,
Execution Time for Trace ID e6932b2adaa67cdb0a84bf2dfc339e64: 1586 ms
Input: 5000000,
Cold Start: false
Unique ID: 71b6d786e4f89492a7cbef58534d0d24,
Execution Time for Trace ID 71b6d786e4f89492a7cbef58534d0d24: 1466 ms
Input: 5000000,
Cold Start: false
Unique ID: 936d141844defc5a9f547c186d963d2c,
Execution Time for Trace ID 936d141844defc5a9f547c186d963d2c: 1455 ms
Input: 5000000,
Cold Start: false
Unique ID: dfbab3ede0857ac175f3cfeec00a2e4a,
Execution Time for Trace ID dfbab3ede0857ac175f3cfeec00a2e4a: 1471 ms
Input: 5000000,
Cold Start: false
Unique ID: 38a8631790b3b37d934c9148b5e688b1,
Execution Time for Trace ID 38a8631790b3b37d934c9148b5e688b1: 1807 ms
Input: 5000000,
Cold Start: false
Unique ID: 2c1e82b674c5dbab564d49cca649e613,
Execution Time for Trace ID 2c1e82b674c5dbab564d49cca649e613: 1957 ms
Input: 5000000,
Cold Start: false
Unique ID: 402d2fa7cc995ac00d3ac000919e7cce,
Execution Time for Trace ID 402d2fa7cc995ac00d3ac000919e7cce: 1381 ms
Input: 5000000,
Cold Start: false
Unique ID: 241c0c6df7e56d3e90c3b0eaf1c27f69,
Execution Time for Trace ID 241c0c6df7e56d3e90c3b0eaf1c27f69: 1402 ms
Input: 5000000,
Cold Start: false
Unique ID: 1461ef77da03fd494d2c65bfad84d2c9,
Execution Time for Trace ID 1461ef77da03fd494d2c65bfad84d2c9: 1360 ms
Input: 5000000,
Cold Start: false
Unique ID: eb51d1dfa90f4644e59d8d44f40a147b,
Execution Time for Trace ID eb51d1dfa90f4644e59d8d44f40a147b: 1381 ms
Input: 5000000,
Cold Start: false
Unique ID: 9ed51372dcdea1c9bcbca76954aa85e1,
Execution Time for Trace ID 9ed51372dcdea1c9bcbca76954aa85e1: 1687 ms
Input: 5000000,
Cold Start: false
Unique ID: f625c0dc14ca38d7284a4d58f8ee8a38,
Execution Time for Trace ID f625c0dc14ca38d7284a4d58f8ee8a38: 1337 ms
Input: 5000000,
Cold Start: false
Unique ID: 51c09d7a02992ac29124e0fecfcc532b,
Execution Time for Trace ID 51c09d7a02992ac29124e0fecfcc532b: 1450 ms
Input: 5000000,
Cold Start: false
Unique ID: 282fd15e86baba55cad847f06923c98b,
Execution Time for Trace ID 282fd15e86baba55cad847f06923c98b: 1594 ms
Input: 5000000,
Cold Start: false
Unique ID: 61756785d09b1f3ade9d89e8d7606545,
Execution Time for Trace ID 61756785d09b1f3ade9d89e8d7606545: 1424 ms
Input: 5000000,
Cold Start: false
Unique ID: 283dbf9ea41fcad3d391cdcf4eb10349,
Execution Time for Trace ID 283dbf9ea41fcad3d391cdcf4eb10349: 1700 ms
Input: 5000000,
Cold Start: false
Unique ID: 3e56990761fc877227e574eba2169098,
Execution Time for Trace ID 3e56990761fc877227e574eba2169098: 1387 ms
Input: 5000000,
Cold Start: false
Unique ID: 59dbc48205864177f58f7d56b9318a74,
Execution Time for Trace ID 59dbc48205864177f58f7d56b9318a74: 1396 ms
Input: 5000000,
Cold Start: false
Unique ID: 8990b74ec743bb2179275ddfb1d77033,
Execution Time for Trace ID 8990b74ec743bb2179275ddfb1d77033: 1459 ms
Input: 5000000,
Cold Start: false
Unique ID: 0a6e27f9b37a10be7aa4596d77656905,
Execution Time for Trace ID 0a6e27f9b37a10be7aa4596d77656905: 2104 ms
Input: 5000000,
Cold Start: true
Unique ID: ec5dca62cacf10d74c61e93787f347e0,
Execution Time for Trace ID ec5dca62cacf10d74c61e93787f347e0: 1797 ms
Input: 5000000,
Cold Start: false
Unique ID: 64f97411de22842109ab20d9a06c5498,
Execution Time for Trace ID 64f97411de22842109ab20d9a06c5498: 1425 ms
Input: 5000000,
Cold Start: false
Unique ID: c8d0512c9dda119c6225cfaf14742aff,
Execution Time for Trace ID c8d0512c9dda119c6225cfaf14742aff: 1341 ms
Input: 5000000,
Cold Start: false
Unique ID: 411cf6acdff5944cd5dfc511d92c1729,
Execution Time for Trace ID 411cf6acdff5944cd5dfc511d92c1729: 1982 ms
Input: 5000000,
Cold Start: false
Unique ID: 9bce910649d14b8f5597f3e39cf65e50,
Execution Time for Trace ID 9bce910649d14b8f5597f3e39cf65e50: 2298 ms
Input: 5000000,
Cold Start: true
Unique ID: da18e1060f30c71958885e4dbacf5b1d,
Execution Time for Trace ID da18e1060f30c71958885e4dbacf5b1d: 1388 ms
Input: 5000000,
Cold Start: false
Unique ID: 09d1f1da305ee98fed4b4d139ab964b9,
Execution Time for Trace ID 09d1f1da305ee98fed4b4d139ab964b9: 1500 ms
Input: 5000000,
Cold Start: false
Unique ID: 948ec3ec556910d975a02334a6f24635,
Execution Time for Trace ID 948ec3ec556910d975a02334a6f24635: 1471 ms
Input: 5000000,
Cold Start: false
Unique ID: 1b092d4d72fe5bd2322d43049a1ced10,
Execution Time for Trace ID 1b092d4d72fe5bd2322d43049a1ced10: 1384 ms
Input: 5000000,
Cold Start: false
Unique ID: 6ffb4ed9b9b957c1e671eb7df9f85b95,
Execution Time for Trace ID 6ffb4ed9b9b957c1e671eb7df9f85b95: 1914 ms
Input: 5000000,
Cold Start: true
Unique ID: 2577288df5c615a97a29037dc45c09b8,
Execution Time for Trace ID 2577288df5c615a97a29037dc45c09b8: 1761 ms
Input: 5000000,
Cold Start: true
Unique ID: 88d197659be0155390f5ca0fca203893,
Execution Time for Trace ID 88d197659be0155390f5ca0fca203893: 1345 ms
Input: 5000000,
Cold Start: false
Unique ID: d48c7ad24d424dbd7b79745256532156,
Execution Time for Trace ID d48c7ad24d424dbd7b79745256532156: 1427 ms
Input: 5000000,
Cold Start: false
Unique ID: 328c316e699a2bc419c7acfd45ad183f,
Execution Time for Trace ID 328c316e699a2bc419c7acfd45ad183f: 1483 ms
Input: 5000000,
Cold Start: false
Unique ID: 959f11bdfae0732ef01da1f411001fa1,
Execution Time for Trace ID 959f11bdfae0732ef01da1f411001fa1: 1508 ms
Input: 5000000,
Cold Start: false
Unique ID: 0859915f906009e10e07cfbe019ab5ad,
Execution Time for Trace ID 0859915f906009e10e07cfbe019ab5ad: 1715 ms
Input: 5000000,
Cold Start: false
Unique ID: a25c36ad520c43573f538e056da9b4a0,
Execution Time for Trace ID a25c36ad520c43573f538e056da9b4a0: 1106 ms
Input: 5000000,
Cold Start: false
Unique ID: 297a3a4a71619bd71297d30dd8b1255c,
Execution Time for Trace ID 297a3a4a71619bd71297d30dd8b1255c: 1339 ms
Input: 5000000,
Cold Start: false
Unique ID: a9f2cfe58e1a91be10eedade55772413,
Execution Time for Trace ID a9f2cfe58e1a91be10eedade55772413: 1430 ms
Input: 5000000,
Cold Start: false
Unique ID: fa044ed0fb1e29a69eaf3bc75b712eeb,
Execution Time for Trace ID fa044ed0fb1e29a69eaf3bc75b712eeb: 1489 ms
Input: 5000000,
Cold Start: false
Unique ID: c3294fdb81ca50249ab0cdc47a3ee628,
Execution Time for Trace ID c3294fdb81ca50249ab0cdc47a3ee628: 1585 ms
Input: 5000000,
Cold Start: false
Unique ID: f8657ffbe1d0a251ecc499645f99e662,
Execution Time for Trace ID f8657ffbe1d0a251ecc499645f99e662: 1421 ms
Input: 5000000,
Cold Start: false
Unique ID: 56a7daf5076e2ce9abd2d4b6139e39ce,
Execution Time for Trace ID 56a7daf5076e2ce9abd2d4b6139e39ce: 1448 ms
Input: 5000000,
Cold Start: false
Unique ID: 9c8af43152206113d82a77993ae4e17c,
Execution Time for Trace ID 9c8af43152206113d82a77993ae4e17c: 1413 ms
Input: 5000000,
Cold Start: false
Unique ID: 4ecbff4bea41c0e4ae13044bd5c0e175,
Execution Time for Trace ID 4ecbff4bea41c0e4ae13044bd5c0e175: 2196 ms
Input: 5000000,
Cold Start: false
Unique ID: b7e29d49bebdcc8eb36d1f5c165079a1,
Execution Time for Trace ID b7e29d49bebdcc8eb36d1f5c165079a1: 2088 ms
Input: 5000000,
Cold Start: false
Unique ID: 06f3880919570b760f975f4419e467b0,
Execution Time for Trace ID 06f3880919570b760f975f4419e467b0: 1398 ms
Input: 5000000,
Cold Start: false
Unique ID: 20af7c86e1161c50d2597319b273e3f1,
Execution Time for Trace ID 20af7c86e1161c50d2597319b273e3f1: 1463 ms
Input: 5000000,
Cold Start: false
Unique ID: da76f442fdfe725b51d10b4d2cfaa737,
Execution Time for Trace ID da76f442fdfe725b51d10b4d2cfaa737: 1415 ms
Input: 5000000,
Cold Start: false
Unique ID: fdb60762b082f7b6f5d5c9f20932ce31,
Execution Time for Trace ID fdb60762b082f7b6f5d5c9f20932ce31: 1474 ms
Input: 5000000,
Cold Start: false
Unique ID: b6d5a7ac5b2a44077382e5c6cc9c3c97,
Execution Time for Trace ID b6d5a7ac5b2a44077382e5c6cc9c3c97: 1553 ms
Input: 5000000,
Cold Start: false
Unique ID: 4a0655a2874247552222ca4c835600a8,
Execution Time for Trace ID 4a0655a2874247552222ca4c835600a8: 1426 ms
Input: 5000000,
Cold Start: false
Unique ID: 9d2dc899d4e5b2b76145f2787e7efdb0,
Execution Time for Trace ID 9d2dc899d4e5b2b76145f2787e7efdb0: 1415 ms
Input: 5000000,
Cold Start: false
Unique ID: 90c80ade25a9adf9881b0a27d10779e3,
Execution Time for Trace ID 90c80ade25a9adf9881b0a27d10779e3: 1382 ms
Input: 5000000,
Cold Start: false
Unique ID: f6f8414c94a77f6940a39d16518c5df6,
Execution Time for Trace ID f6f8414c94a77f6940a39d16518c5df6: 1742 ms
Input: 5000000,
Cold Start: false
Unique ID: aeeb62c27759f323e17a5df6c944e665,
Execution Time for Trace ID aeeb62c27759f323e17a5df6c944e665: 1696 ms
Input: 5000000,
Cold Start: false
Unique ID: e55d42f3491961aae6e9cf224ea5574b,
Execution Time for Trace ID e55d42f3491961aae6e9cf224ea5574b: 1343 ms
Input: 5000000,
Cold Start: false
Unique ID: f5117b7ef0c6dde47843244472fdd110,
Execution Time for Trace ID f5117b7ef0c6dde47843244472fdd110: 1339 ms
Input: 5000000,
Cold Start: false
Unique ID: 0c9a9428ca2b85089b3f60138fe37831,
Execution Time for Trace ID 0c9a9428ca2b85089b3f60138fe37831: 1521 ms
Input: 5000000,
Cold Start: false
Unique ID: 30dd70b65c18887b212c406345058caf,
Execution Time for Trace ID 30dd70b65c18887b212c406345058caf: 1406 ms
Input: 5000000,
Cold Start: false
Unique ID: a94d26488a346646f7a9c9efe65d491e,
Execution Time for Trace ID a94d26488a346646f7a9c9efe65d491e: 1639 ms
Input: 5000000,
Cold Start: false
Unique ID: 3ce4e599aad9f23981cc63e33caf0c58,
Execution Time for Trace ID 3ce4e599aad9f23981cc63e33caf0c58: 1454 ms
Input: 5000000,
Cold Start: false
Unique ID: f9300a0c33dfb4ea48cef997797608a1,
Execution Time for Trace ID f9300a0c33dfb4ea48cef997797608a1: 1430 ms
Input: 5000000,
Cold Start: false
Unique ID: 1392d2b0e4d62b963d5ee15b03f7dc42,
Execution Time for Trace ID 1392d2b0e4d62b963d5ee15b03f7dc42: 1409 ms
Input: 5000000,
Cold Start: false
Unique ID: 2fa03e52baf416a798737113e5e73546,
Execution Time for Trace ID 2fa03e52baf416a798737113e5e73546: 1432 ms
Input: 5000000,
Cold Start: false
Unique ID: 9d44580c119c9948251a16f48eceedb6,
Execution Time for Trace ID 9d44580c119c9948251a16f48eceedb6: 1413 ms
Input: 5000000,
Cold Start: false
Unique ID: 3bb0abcd725056766c2c65cc4ea51708,
Execution Time for Trace ID 3bb0abcd725056766c2c65cc4ea51708: 1348 ms
Input: 5000000,
Cold Start: false
Unique ID: 136e1af4c0cf618047edc6fc2e0cf5f7,
Execution Time for Trace ID 136e1af4c0cf618047edc6fc2e0cf5f7: 1523 ms
Input: 5000000,
Cold Start: false
Unique ID: caa418d369ca687fa950ecfc962a4b5f,
Execution Time for Trace ID caa418d369ca687fa950ecfc962a4b5f: 1602 ms
Input: 5000000,
Cold Start: false
Unique ID: 9a6b85f78948dec638460cfabdee54b2,
Execution Time for Trace ID 9a6b85f78948dec638460cfabdee54b2: 1867 ms
Input: 5000000,
Cold Start: false
Unique ID: 0c8878da1086f8d18ef16df11728e8fc,
Execution Time for Trace ID 0c8878da1086f8d18ef16df11728e8fc: 1799 ms
Input: 5000000,
Cold Start: false
Unique ID: f33fe145b69946899ea1a5b8f107e86c,
Execution Time for Trace ID f33fe145b69946899ea1a5b8f107e86c: 1410 ms
Input: 5000000,
Cold Start: false
Unique ID: 907c1dfb96fa1b2ab24063fe562e3737,
Execution Time for Trace ID 907c1dfb96fa1b2ab24063fe562e3737: 1423 ms
Input: 5000000,
Cold Start: false
Unique ID: a1ec85ec3e29bf6b30636222d48d0e60,
Execution Time for Trace ID a1ec85ec3e29bf6b30636222d48d0e60: 1484 ms
Input: 5000000,
Cold Start: false
Unique ID: 95b5e68fd56c5d3ca2477995f516f7fd,
Execution Time for Trace ID 95b5e68fd56c5d3ca2477995f516f7fd: 1702 ms
Input: 5000000,
Cold Start: false
Unique ID: c767c844debce224a98123476a90bb9c,
Execution Time for Trace ID c767c844debce224a98123476a90bb9c: 1788 ms
Input: 5000000,
Cold Start: false
Unique ID: b6f60a1dd2f44d9016c8267edde2d1ed,
Execution Time for Trace ID b6f60a1dd2f44d9016c8267edde2d1ed: 1401 ms
Input: 5000000,
Cold Start: false
Unique ID: d1486cb0dd156d6db44b65a357ddd3ab,
Execution Time for Trace ID d1486cb0dd156d6db44b65a357ddd3ab: 1484 ms
Input: 5000000,
Cold Start: false
Unique ID: 86f1f61c482dbdf8216e377787509c8e,
Execution Time for Trace ID 86f1f61c482dbdf8216e377787509c8e: 1442 ms
Input: 5000000,
Cold Start: false
Unique ID: 94564e4f45a604c5950c785c05c46885,
Execution Time for Trace ID 94564e4f45a604c5950c785c05c46885: 1449 ms
Input: 5000000,
Cold Start: false
Unique ID: f36ce2f03defa650c7c954e4a8efc086,
Execution Time for Trace ID f36ce2f03defa650c7c954e4a8efc086: 1494 ms
Input: 5000000,
Cold Start: false
Unique ID: e68c5bd11944120da343c3e98a5a3e7b,
Execution Time for Trace ID e68c5bd11944120da343c3e98a5a3e7b: 1410 ms
Input: 5000000,
Cold Start: false
Unique ID: f468525731c261b6e756af9331f7ab7e,
Execution Time for Trace ID f468525731c261b6e756af9331f7ab7e: 1517 ms
Input: 5000000,
Cold Start: false
Unique ID: f4a3b7ae9c4c2076aeefd7b91d789eee,
Execution Time for Trace ID f4a3b7ae9c4c2076aeefd7b91d789eee: 1385 ms
Input: 5000000,
Cold Start: false
Unique ID: cdb05b3ffeeda4045873185814981646,
Execution Time for Trace ID cdb05b3ffeeda4045873185814981646: 2090 ms
Input: 5000000,
Cold Start: false
Unique ID: d74a6ce9ee35826622677c3a78e4f921,
Execution Time for Trace ID d74a6ce9ee35826622677c3a78e4f921: 2153 ms
Input: 5000000,
Cold Start: false
Unique ID: 72d2cfc59238195dbb26bcd2226a4620,
Execution Time for Trace ID 72d2cfc59238195dbb26bcd2226a4620: 1393 ms
Input: 5000000,
Cold Start: false
Unique ID: c1c54d7fccaec63724022b1a3d712d01,
Execution Time for Trace ID c1c54d7fccaec63724022b1a3d712d01: 1474 ms
Input: 5000000,
Cold Start: false
Unique ID: f1ffda9b75a52d947f88547dddfe0bb5,
Execution Time for Trace ID f1ffda9b75a52d947f88547dddfe0bb5: 1615 ms
Input: 5000000,
Cold Start: false
Unique ID: 2b48322366868ced2559d0d448c6adb9,
Execution Time for Trace ID 2b48322366868ced2559d0d448c6adb9: 1933 ms
Input: 5000000,
Cold Start: false
Unique ID: 0d40fb0bfa6ed67606fe1ee09dad1ba5,
Execution Time for Trace ID 0d40fb0bfa6ed67606fe1ee09dad1ba5: 1865 ms
Input: 5000000,
Cold Start: true
Unique ID: 396566c5064ae5af3164d89be5d27d7b,
Execution Time for Trace ID 396566c5064ae5af3164d89be5d27d7b: 1388 ms
Input: 5000000,
Cold Start: false
Unique ID: 73534acda2e0702153a1206c852804ef,
Execution Time for Trace ID 73534acda2e0702153a1206c852804ef: 1332 ms
Input: 5000000,
Cold Start: false
Unique ID: 8875688561d8fb6db1fe569604d51291,
Execution Time for Trace ID 8875688561d8fb6db1fe569604d51291: 1500 ms
Input: 5000000,
Cold Start: false
Unique ID: 9a8da0859f41b17806f85ba448aad7f8,
Execution Time for Trace ID 9a8da0859f41b17806f85ba448aad7f8: 1415 ms
Input: 5000000,
Cold Start: false
Unique ID: d6bca79ca6ecb34b11cbf84ad0243279,
Execution Time for Trace ID d6bca79ca6ecb34b11cbf84ad0243279: 1531 ms
Input: 5000000,
Cold Start: false
Unique ID: 90d6139455ee29c080d1099420fc9753,
Execution Time for Trace ID 90d6139455ee29c080d1099420fc9753: 1474 ms
Input: 5000000,
Cold Start: false
Unique ID: d7bb725760c88a166062057dca61c287,
Execution Time for Trace ID d7bb725760c88a166062057dca61c287: 1495 ms
Input: 5000000,
Cold Start: false
Unique ID: e5a7818fe83646de76a78073a413fa9c,
Execution Time for Trace ID e5a7818fe83646de76a78073a413fa9c: 1494 ms
Input: 5000000,
Cold Start: false
Unique ID: a6530745cf2cb49f12b1a0f8ebf9735f,
Execution Time for Trace ID a6530745cf2cb49f12b1a0f8ebf9735f: 1079 ms
Input: 5000000,
Cold Start: false
Unique ID: 47152acc98fcb37ca4059260b6336544,
Execution Time for Trace ID 47152acc98fcb37ca4059260b6336544: 1449 ms
Input: 5000000,
Cold Start: false
Unique ID: a7a26f5f3e0547716eec3ba92511e466,
Execution Time for Trace ID a7a26f5f3e0547716eec3ba92511e466: 2383 ms
Input: 5000000,
Cold Start: false
Unique ID: cd8b6b1a85afcf116e8bd4eeda2d716f,
Execution Time for Trace ID cd8b6b1a85afcf116e8bd4eeda2d716f: 1448 ms
Input: 5000000,
Cold Start: false
Unique ID: 3285a77f55c085e10f3f6f50a9febe1f,
Execution Time for Trace ID 3285a77f55c085e10f3f6f50a9febe1f: 2510 ms
Input: 5000000,
Cold Start: false
Unique ID: 337c7fb8adfa334d30b3d63ec5d5be71,
Execution Time for Trace ID 337c7fb8adfa334d30b3d63ec5d5be71: 1491 ms
Input: 5000000,
Cold Start: false
Unique ID: a51ee1908d746fe0372f731f26540015,
Execution Time for Trace ID a51ee1908d746fe0372f731f26540015: 1512 ms
Input: 5000000,
Cold Start: false
Unique ID: 9cf48d31c4041c07507d160984678495,
Execution Time for Trace ID 9cf48d31c4041c07507d160984678495: 1338 ms
Input: 5000000,
Cold Start: false
Unique ID: cd1116aeacb4743187d297b4779e30a7,
Execution Time for Trace ID cd1116aeacb4743187d297b4779e30a7: 1410 ms
Input: 5000000,
Cold Start: false
Unique ID: d6967128e5c098f3d3c18078e1ded11b,
Execution Time for Trace ID d6967128e5c098f3d3c18078e1ded11b: 1458 ms
Input: 5000000,
Cold Start: false
Unique ID: cfaa7ace97ff149cf8888421f892f840,
Execution Time for Trace ID cfaa7ace97ff149cf8888421f892f840: 1442 ms
Input: 5000000,
Cold Start: false
Unique ID: 5b4aa266e06a7fae702df9ba21ef74b8,
Execution Time for Trace ID 5b4aa266e06a7fae702df9ba21ef74b8: 1587 ms
Input: 5000000,
Cold Start: false
Unique ID: 2792620e16fa224a0b74a9d9115276ce,
Execution Time for Trace ID 2792620e16fa224a0b74a9d9115276ce: 1323 ms
Input: 5000000,
Cold Start: false
Unique ID: 2597d84345168527ebf8193618be7314,
Execution Time for Trace ID 2597d84345168527ebf8193618be7314: 1375 ms
Input: 5000000,
Cold Start: false
Unique ID: c73237419370ec1508a0092e20f5850e,
Execution Time for Trace ID c73237419370ec1508a0092e20f5850e: 1459 ms
Input: 5000000,
Cold Start: false
Unique ID: 00d883ce6ee3665f260acef3920a1644,
Execution Time for Trace ID 00d883ce6ee3665f260acef3920a1644: 1979 ms
Input: 5000000,
Cold Start: false
Unique ID: 4083408448071bb7b0eadb75693a6a60,
Execution Time for Trace ID 4083408448071bb7b0eadb75693a6a60: 2053 ms
Input: 5000000,
Cold Start: false
Unique ID: 1812662d4e3fbe3811b53d6133db0893,
Execution Time for Trace ID 1812662d4e3fbe3811b53d6133db0893: 1410 ms
Input: 5000000,
Cold Start: false
Unique ID: 0e9a566a144e966cb2867b78ce4c0d11,
Execution Time for Trace ID 0e9a566a144e966cb2867b78ce4c0d11: 1414 ms
Input: 5000000,
Cold Start: false
Unique ID: 4b5dc27fa832ec9bdc14dc6c5b92e95f,
Execution Time for Trace ID 4b5dc27fa832ec9bdc14dc6c5b92e95f: 1418 ms
Input: 5000000,
Cold Start: false
Unique ID: 229e7a1976a5cdff9e375d908627ce56,
Execution Time for Trace ID 229e7a1976a5cdff9e375d908627ce56: 1532 ms
Input: 5000000,
Cold Start: false
Unique ID: 01d467c24e395e0391b177e01f1d5855,
Execution Time for Trace ID 01d467c24e395e0391b177e01f1d5855: 1590 ms
Input: 5000000,
Cold Start: false
Unique ID: c1be24ce54d3be8334ed8082099b7aa7,
Execution Time for Trace ID c1be24ce54d3be8334ed8082099b7aa7: 1484 ms
Input: 5000000,
Cold Start: false
Unique ID: 65545bceaa06fe2659092bdb96fb2447,
Execution Time for Trace ID 65545bceaa06fe2659092bdb96fb2447: 1349 ms
Input: 5000000,
Cold Start: false
Unique ID: 755ba381df696e7151dec373f20db1ec,
Execution Time for Trace ID 755ba381df696e7151dec373f20db1ec: 1835 ms
Input: 5000000,
Cold Start: false
Unique ID: 2393fb0180ac1bac890eeef8016ac6dc,
Execution Time for Trace ID 2393fb0180ac1bac890eeef8016ac6dc: 1677 ms
Input: 5000000,
Cold Start: true
Unique ID: dd957447657c5f4350924a809fed9cd7,
Execution Time for Trace ID dd957447657c5f4350924a809fed9cd7: 1903 ms
Input: 5000000,
Cold Start: false
Unique ID: dde5a1260ccc7d30b9da8ca026a03b4c,
Execution Time for Trace ID dde5a1260ccc7d30b9da8ca026a03b4c: 1337 ms
Input: 5000000,
Cold Start: false
Unique ID: 156acb612e6140702c8500ec1e73c843,
Execution Time for Trace ID 156acb612e6140702c8500ec1e73c843: 1432 ms
Input: 5000000,
Cold Start: false
Unique ID: 6f4469887ad7740b5460b5ca67b6fa12,
Execution Time for Trace ID 6f4469887ad7740b5460b5ca67b6fa12: 1462 ms
Input: 5000000,
Cold Start: false
Unique ID: c2708e9a1cb76df60d2f4f3cc5d54d5c,
Execution Time for Trace ID c2708e9a1cb76df60d2f4f3cc5d54d5c: 1477 ms
Input: 5000000,
Cold Start: false
Unique ID: dd0877b0db6767c5fa90af60fe63af0e,
Execution Time for Trace ID dd0877b0db6767c5fa90af60fe63af0e: 1561 ms
Input: 5000000,
Cold Start: false
Unique ID: 5492fb7debc939213f7aad1229055b6b,
Execution Time for Trace ID 5492fb7debc939213f7aad1229055b6b: 1488 ms
Input: 5000000,
Cold Start: false
Unique ID: f574bd24bcb039c1882876f614167bef,
Execution Time for Trace ID f574bd24bcb039c1882876f614167bef: 1465 ms
Input: 5000000,
Cold Start: false
Unique ID: 8e1390c007395aac70ecc8bf95fb5073,
Execution Time for Trace ID 8e1390c007395aac70ecc8bf95fb5073: 1471 ms
Input: 5000000,
Cold Start: false
Unique ID: 8505e3144929974bfd8855234eab145e,
Execution Time for Trace ID 8505e3144929974bfd8855234eab145e: 2167 ms
Input: 5000000,
Cold Start: false
Unique ID: 557c0ab1bb817e8bc02cc70c1cd83158,
Execution Time for Trace ID 557c0ab1bb817e8bc02cc70c1cd83158: 2007 ms
Input: 5000000,
Cold Start: false
Unique ID: 70e0ab7243ac1ad8e52c302d3e944564,
Execution Time for Trace ID 70e0ab7243ac1ad8e52c302d3e944564: 1340 ms
Input: 5000000,
Cold Start: false
Unique ID: e1f4fa64da0eb0727de1da090b756ac8,
Execution Time for Trace ID e1f4fa64da0eb0727de1da090b756ac8: 1440 ms
Input: 5000000,
Cold Start: false
Unique ID: a28d4c130da20d31574c28c084ea5d7c,
Execution Time for Trace ID a28d4c130da20d31574c28c084ea5d7c: 1360 ms
Input: 5000000,
Cold Start: false
Unique ID: e3e39438d4baa5c3c601bf94c9b3f0eb,
Execution Time for Trace ID e3e39438d4baa5c3c601bf94c9b3f0eb: 1359 ms
Input: 5000000,
Cold Start: false
Unique ID: 8e6fb011acf70057e1e522b8a961c2e8,
Execution Time for Trace ID 8e6fb011acf70057e1e522b8a961c2e8: 1792 ms
Input: 5000000,
Cold Start: false
Unique ID: 04266431c23c9490a4abdfa93bc3ec93,
Execution Time for Trace ID 04266431c23c9490a4abdfa93bc3ec93: 1420 ms
Input: 5000000,
Cold Start: false
Unique ID: 2a064bf50fc8017a681532507b5dc18c,
Execution Time for Trace ID 2a064bf50fc8017a681532507b5dc18c: 1346 ms
Input: 5000000,
Cold Start: false
Unique ID: af622d5b8918b6fbe9342e944bd685bf,
Execution Time for Trace ID af622d5b8918b6fbe9342e944bd685bf: 1466 ms
Input: 5000000,
Cold Start: false
Unique ID: fadcb5f1444cbf2ca0cf9f09eb57511d,
Execution Time for Trace ID fadcb5f1444cbf2ca0cf9f09eb57511d: 1458 ms
Input: 5000000,
Cold Start: false
Unique ID: bae27e1e559e63d4dd3210998969126b,
Execution Time for Trace ID bae27e1e559e63d4dd3210998969126b: 1790 ms
Input: 5000000,
Cold Start: false
Unique ID: 3f4b52db568ccf308d720e9e09673538,
Execution Time for Trace ID 3f4b52db568ccf308d720e9e09673538: 1420 ms
Input: 5000000,
Cold Start: false
Unique ID: 8d28a21953362449cff8d80bc5c31066,
Execution Time for Trace ID 8d28a21953362449cff8d80bc5c31066: 1361 ms
Input: 5000000,
Cold Start: false
Unique ID: 45b4537e2d6ba7613c05ed422f788e80,
Execution Time for Trace ID 45b4537e2d6ba7613c05ed422f788e80: 1400 ms
Input: 5000000,
Cold Start: false
Unique ID: a3beca82b12a28a5741f492f9c045c4f,
Execution Time for Trace ID a3beca82b12a28a5741f492f9c045c4f: 1644 ms
Input: 5000000,
Cold Start: false
Unique ID: 18d9cff395a67ad69934b9532da9a40c,
Execution Time for Trace ID 18d9cff395a67ad69934b9532da9a40c: 1839 ms
Input: 5000000,
Cold Start: false
Unique ID: 2efaf8e5b3663f29e916497b2ad68595,
Execution Time for Trace ID 2efaf8e5b3663f29e916497b2ad68595: 1361 ms
Input: 5000000,
Cold Start: false
Unique ID: e5c35c5ed195115239f5564bc670fcec,
Execution Time for Trace ID e5c35c5ed195115239f5564bc670fcec: 1443 ms
Input: 5000000,
Cold Start: false
Unique ID: 8f33bfcdf382b906af750afeb3950e9f,
Execution Time for Trace ID 8f33bfcdf382b906af750afeb3950e9f: 1641 ms
Input: 5000000,
Cold Start: false
Unique ID: 586abaf34d9a6d893c553436789a9201,
Execution Time for Trace ID 586abaf34d9a6d893c553436789a9201: 1685 ms
Input: 5000000,
Cold Start: false
Unique ID: cd92ac709b7c2110185e71f7f1e511b7,
Execution Time for Trace ID cd92ac709b7c2110185e71f7f1e511b7: 1902 ms
Input: 5000000,
Cold Start: false
Unique ID: 4084460d1b5ee021250655024c6495b3,
Execution Time for Trace ID 4084460d1b5ee021250655024c6495b3: 1395 ms
Input: 5000000,
Cold Start: false
Unique ID: c7417c0f68c69408075a176ba73fd7ed,
Execution Time for Trace ID c7417c0f68c69408075a176ba73fd7ed: 1375 ms
Input: 5000000,
Cold Start: false
Unique ID: bbc2011a93db90b4a9bb490a664a4826,
Execution Time for Trace ID bbc2011a93db90b4a9bb490a664a4826: 1480 ms
Input: 5000000,
Cold Start: false
Unique ID: 390bf7e496e57e11f1eda9880075e040,
Execution Time for Trace ID 390bf7e496e57e11f1eda9880075e040: 1870 ms
Input: 5000000,
Cold Start: false
Unique ID: c1b6dec8a949ee74f9221ae5b7cfbbed,
Execution Time for Trace ID c1b6dec8a949ee74f9221ae5b7cfbbed: 1911 ms
Input: 5000000,
Cold Start: false
Unique ID: 750c9594fe5a027f470587a2c89d36fe,
Execution Time for Trace ID 750c9594fe5a027f470587a2c89d36fe: 1346 ms
Input: 5000000,
Cold Start: false
Unique ID: c9b2810b7fb988bcdbeb4cbbc589f762,
Execution Time for Trace ID c9b2810b7fb988bcdbeb4cbbc589f762: 1365 ms
Input: 5000000,
Cold Start: false
Unique ID: d7f5b2649c1ee9689eb7048da6b6bde1,
Execution Time for Trace ID d7f5b2649c1ee9689eb7048da6b6bde1: 1510 ms
Input: 5000000,
Cold Start: false
Unique ID: 8e5c9de501ec16ebcccf4b881b29a171,
Execution Time for Trace ID 8e5c9de501ec16ebcccf4b881b29a171: 1514 ms
Input: 5000000,
Cold Start: false
Unique ID: 2655c1357220d7ed976ba73846e10019,
Execution Time for Trace ID 2655c1357220d7ed976ba73846e10019: 1466 ms
Input: 5000000,
Cold Start: false
Unique ID: 88f0f9f96efe050679ecd110dfa214ea,
Execution Time for Trace ID 88f0f9f96efe050679ecd110dfa214ea: 1420 ms
Input: 5000000,
Cold Start: false
Unique ID: 6a8d84595c372ceb2707ce75eee560ea,
Execution Time for Trace ID 6a8d84595c372ceb2707ce75eee560ea: 1334 ms
Input: 5000000,
Cold Start: false
Unique ID: e0da3da037aab1e51aa67c9205becd3b,
Execution Time for Trace ID e0da3da037aab1e51aa67c9205becd3b: 1348 ms
Input: 5000000,
Cold Start: false
Unique ID: 4995d155c596be15bc376a2fc2e756c7,
Execution Time for Trace ID 4995d155c596be15bc376a2fc2e756c7: 1525 ms
Input: 5000000,
Cold Start: false
Unique ID: ddb28bc9f42fbc5264498bb50b7f4343,
Execution Time for Trace ID ddb28bc9f42fbc5264498bb50b7f4343: 480 ms
Input: 5000000,
Cold Start: false
Unique ID: c1f6d1f72d7b7c5826cb83f795524d12,
Execution Time for Trace ID c1f6d1f72d7b7c5826cb83f795524d12: 1581 ms
Input: 5000000,
Cold Start: false
Unique ID: add0ff4209ec0c1f041bf16fd53ed25e,
Execution Time for Trace ID add0ff4209ec0c1f041bf16fd53ed25e: 1419 ms
Input: 5000000,
Cold Start: false
Unique ID: 53ff28d704965bf98c0a0acb67d3e83f,
Execution Time for Trace ID 53ff28d704965bf98c0a0acb67d3e83f: 1378 ms
Input: 5000000,
Cold Start: false
Unique ID: d75dbff953bd90b5334125c4d5588d62,
Execution Time for Trace ID d75dbff953bd90b5334125c4d5588d62: 1383 ms
Input: 5000000,
Cold Start: false
Unique ID: c34b9bd6ee137415af61aaa033d9930c,
Execution Time for Trace ID c34b9bd6ee137415af61aaa033d9930c: 1536 ms
Input: 5000000,
Cold Start: false
Unique ID: 98b0a96a8728965e44e2c67bfc2615b7,
Execution Time for Trace ID 98b0a96a8728965e44e2c67bfc2615b7: 1411 ms
Input: 5000000,
Cold Start: false
Unique ID: a55d29674b90ad747e922775ded1f06f,
Execution Time for Trace ID a55d29674b90ad747e922775ded1f06f: 1354 ms
Input: 5000000,
Cold Start: false
Unique ID: b08dc03e281b9788b1e2a32e89f9e974,
Execution Time for Trace ID b08dc03e281b9788b1e2a32e89f9e974: 1350 ms
Input: 5000000,
Cold Start: false
Unique ID: 93407704c562f6cff8f98abcb48abf11,
Execution Time for Trace ID 93407704c562f6cff8f98abcb48abf11: 1723 ms
Input: 5000000,
Cold Start: false
Unique ID: fd5817e86d84e9f35b47bdd1d4fa9d3a,
Execution Time for Trace ID fd5817e86d84e9f35b47bdd1d4fa9d3a: 1649 ms
Input: 5000000,
Cold Start: false
Unique ID: 173d3a0f92c8370125a62c312c7ced29,
Execution Time for Trace ID 173d3a0f92c8370125a62c312c7ced29: 1432 ms
Input: 5000000,
Cold Start: false
Unique ID: 39545c1109320021d6fd6ac25397650d,
Execution Time for Trace ID 39545c1109320021d6fd6ac25397650d: 1431 ms
Input: 5000000,
Cold Start: false
Unique ID: c6d34647d81ff30cb4cbf0b347c350ae,
Execution Time for Trace ID c6d34647d81ff30cb4cbf0b347c350ae: 1513 ms
Input: 5000000,
Cold Start: false
Unique ID: f80926cee39a5403e4032e38ccabc43f,
Execution Time for Trace ID f80926cee39a5403e4032e38ccabc43f: 1343 ms
Input: 5000000,
Cold Start: false
Unique ID: 4caf9749ce41bb32939342787dec0eb6,
Execution Time for Trace ID 4caf9749ce41bb32939342787dec0eb6: 1420 ms
Input: 5000000,
Cold Start: false
Unique ID: 135c6e6071665b38399909dc9ddca559,
Execution Time for Trace ID 135c6e6071665b38399909dc9ddca559: 1385 ms
Input: 5000000,
Cold Start: false
Unique ID: e744cef405b27cb1e96be17efefbf821,
Execution Time for Trace ID e744cef405b27cb1e96be17efefbf821: 1580 ms
Input: 5000000,
Cold Start: false
Unique ID: 817ddbd66883ff23e5706afca71eaea6,
Execution Time for Trace ID 817ddbd66883ff23e5706afca71eaea6: 1502 ms
Input: 5000000,
Cold Start: false
Unique ID: dc5be030ff6f58fa5656fc32f32544e1,
Execution Time for Trace ID dc5be030ff6f58fa5656fc32f32544e1: 1392 ms
Input: 5000000,
Cold Start: false
Unique ID: 6609d2c0d2eaffde7588b97464e7a4bc,
Execution Time for Trace ID 6609d2c0d2eaffde7588b97464e7a4bc: 1785 ms
Input: 5000000,
Cold Start: false
Unique ID: 1e588f92b7dc8419a2011a0c6c0ab413,
Execution Time for Trace ID 1e588f92b7dc8419a2011a0c6c0ab413: 1461 ms
Input: 5000000,
Cold Start: false
Unique ID: 6d52532e09855986c54a6cc024a8fd5a,
Execution Time for Trace ID 6d52532e09855986c54a6cc024a8fd5a: 1423 ms
Input: 5000000,
Cold Start: false
Unique ID: 447f88203f3d90a4c2961cbe138b3d79,
Execution Time for Trace ID 447f88203f3d90a4c2961cbe138b3d79: 1594 ms
Input: 5000000,
Cold Start: false
Unique ID: 9267919de0f72dd1232c830483785897,
Execution Time for Trace ID 9267919de0f72dd1232c830483785897: 1560 ms
Input: 5000000,
Cold Start: false
Unique ID: 2a71f0741003468d2c715fa71e14dece,
Execution Time for Trace ID 2a71f0741003468d2c715fa71e14dece: 1615 ms
Input: 5000000,
Cold Start: false
