Unique ID: c7fb153c-dbe3-4ab8-be13-d8023c96a015,
Billed Duration for Request c7fb153c-dbe3-4ab8-be13-d8023c96a015: 119 ms
Pi: 3.143005714285714,
Input: 1050000,
Cold Start: false
Unique ID: 371ecbfb-8518-4919-b43f-390d4c8ba253,
Billed Duration for Request 371ecbfb-8518-4919-b43f-390d4c8ba253: 95 ms
Pi: 3.1396419047619046,
Input: 1050000,
Cold Start: false
Unique ID: 76422ea2-bb86-4b6a-a1ba-ebc81cc17176,
Billed Duration for Request 76422ea2-bb86-4b6a-a1ba-ebc81cc17176: 107 ms
Pi: 3.138929523809524,
Input: 1050000,
Cold Start: false
Unique ID: 449ae621-d3e5-40fa-95c5-426ffb18e5d8,
Billed Duration for Request 449ae621-d3e5-40fa-95c5-426ffb18e5d8: 91 ms
Pi: 3.143801904761905,
Input: 1050000,
Cold Start: false
Unique ID: 37ce982f-9bc4-4e8b-b5e9-95e150e7e410,
Billed Duration for Request 37ce982f-9bc4-4e8b-b5e9-95e150e7e410: 103 ms
Pi: 3.1453257142857143,
Input: 1050000,
Cold Start: false
Unique ID: d9990b6d-a75b-45e1-b5e1-e68a607901ed,
Billed Duration for Request d9990b6d-a75b-45e1-b5e1-e68a607901ed: 103 ms
Pi: 3.138921904761905,
Input: 1050000,
Cold Start: false
Unique ID: 3eb4a137-b24e-4ca8-ba67-1ad54c73ec78,
Billed Duration for Request 3eb4a137-b24e-4ca8-ba67-1ad54c73ec78: 109 ms
Pi: 3.141230476190476,
Input: 1050000,
Cold Start: false
Unique ID: 1eb313ac-6cd8-4904-9f0a-dfe9c03ceba9,
Billed Duration for Request 1eb313ac-6cd8-4904-9f0a-dfe9c03ceba9: 107 ms
Pi: 3.138472380952381,
Input: 1050000,
Cold Start: false
Unique ID: 45b72f98-eaef-47c6-b06b-7ccff8ec5f65,
Billed Duration for Request 45b72f98-eaef-47c6-b06b-7ccff8ec5f65: 108 ms
Pi: 3.137062857142857,
Input: 1050000,
Cold Start: false
Unique ID: 40adedfe-1a38-40c5-9537-ddafe132b175,
Billed Duration for Request 40adedfe-1a38-40c5-9537-ddafe132b175: 99 ms
Pi: 3.142518095238095,
Input: 1050000,
Cold Start: false
Unique ID: a80f7b19-c906-4da3-b6c3-2b1b831b5b23,
Billed Duration for Request a80f7b19-c906-4da3-b6c3-2b1b831b5b23: 95 ms
Pi: 3.1392495238095237,
Input: 1050000,
Cold Start: false
Unique ID: d1fb80c5-ad92-404b-bd33-b7c8dfa2ae4f,
Billed Duration for Request d1fb80c5-ad92-404b-bd33-b7c8dfa2ae4f: 100 ms
Pi: 3.1419961904761906,
Input: 1050000,
Cold Start: false
Unique ID: 8c89f4e0-1a3c-4ee7-9170-bd753bdd48b0,
Billed Duration for Request 8c89f4e0-1a3c-4ee7-9170-bd753bdd48b0: 103 ms
Pi: 3.1417638095238094,
Input: 1050000,
Cold Start: false
Unique ID: 31182e9e-5b6d-4f52-990c-177130a7e97e,
Billed Duration for Request 31182e9e-5b6d-4f52-990c-177130a7e97e: 103 ms
Pi: 3.137672380952381,
Input: 1050000,
Cold Start: false
Unique ID: 6ed64714-a9d6-4914-ade4-cdcc12e2fdd1,
Billed Duration for Request 6ed64714-a9d6-4914-ade4-cdcc12e2fdd1: 107 ms
Pi: 3.1433485714285716,
Input: 1050000,
Cold Start: false
Unique ID: c4ca8a07-12fc-46af-a872-35bc18fe8e7f,
Billed Duration for Request c4ca8a07-12fc-46af-a872-35bc18fe8e7f: 102 ms
Pi: 3.1410019047619047,
Input: 1050000,
Cold Start: false
Unique ID: 4abff1a3-6eef-47d8-a83f-dc64779e683a,
Billed Duration for Request 4abff1a3-6eef-47d8-a83f-dc64779e683a: 103 ms
Pi: 3.1405866666666666,
Input: 1050000,
Cold Start: false
Unique ID: eaec9d04-ba0b-4923-94f0-3fc789e5c81e,
Billed Duration for Request eaec9d04-ba0b-4923-94f0-3fc789e5c81e: 103 ms
Pi: 3.1433257142857145,
Input: 1050000,
Cold Start: false
Unique ID: 3d79636f-d086-4910-b50d-f02afc27e12b,
Billed Duration for Request 3d79636f-d086-4910-b50d-f02afc27e12b: 99 ms
Pi: 3.1423047619047617,
Input: 1050000,
Cold Start: false
Unique ID: 4f93dbeb-3345-4e3c-be24-f9b5bba48a58,
Billed Duration for Request 4f93dbeb-3345-4e3c-be24-f9b5bba48a58: 107 ms
Pi: 3.1395238095238094,
Input: 1050000,
Cold Start: false
Unique ID: ad57b189-9b10-4d46-95a4-bd6479a17974,
Billed Duration for Request ad57b189-9b10-4d46-95a4-bd6479a17974: 107 ms
Pi: 3.1409752380952383,
Input: 1050000,
Cold Start: false
Unique ID: ebb9fdac-4180-4b43-8cd6-e703b2da0b09,
Billed Duration for Request ebb9fdac-4180-4b43-8cd6-e703b2da0b09: 103 ms
Pi: 3.1392380952380954,
Input: 1050000,
Cold Start: false
Unique ID: 7ffeca1a-7326-4ec4-bc19-24e98164d8a2,
Billed Duration for Request 7ffeca1a-7326-4ec4-bc19-24e98164d8a2: 108 ms
Pi: 3.1416761904761903,
Input: 1050000,
Cold Start: false
Unique ID: 63d049f0-63ed-4a06-a880-15147891e402,
Billed Duration for Request 63d049f0-63ed-4a06-a880-15147891e402: 107 ms
Pi: 3.1414780952380954,
Input: 1050000,
Cold Start: false
Unique ID: 7725c5df-88df-4c36-8aa5-3d531c532c68,
Billed Duration for Request 7725c5df-88df-4c36-8aa5-3d531c532c68: 107 ms
Pi: 3.140841904761905,
Input: 1050000,
Cold Start: false
Unique ID: d6c571a8-2438-4ab0-bce7-5db207432c75,
Billed Duration for Request d6c571a8-2438-4ab0-bce7-5db207432c75: 103 ms
Pi: 3.1447161904761907,
Input: 1050000,
Cold Start: false
Unique ID: 9afef25f-6d6e-4785-902e-e5843882bd40,
Billed Duration for Request 9afef25f-6d6e-4785-902e-e5843882bd40: 108 ms
Pi: 3.142864761904762,
Input: 1050000,
Cold Start: false
Unique ID: 133f0a21-b011-4dab-8b35-2ee96b35151d,
Billed Duration for Request 133f0a21-b011-4dab-8b35-2ee96b35151d: 103 ms
Pi: 3.1413485714285714,
Input: 1050000,
Cold Start: false
Unique ID: 07318b79-6866-4738-9772-de2c34df523d,
Billed Duration for Request 07318b79-6866-4738-9772-de2c34df523d: 107 ms
Pi: 3.1418590476190476,
Input: 1050000,
Cold Start: false
Unique ID: e38255f7-1342-48a0-a4f5-659d29a62bb9,
Billed Duration for Request e38255f7-1342-48a0-a4f5-659d29a62bb9: 104 ms
Pi: 3.142099047619048,
Input: 1050000,
Cold Start: false
Unique ID: 597b1c3e-4429-4eee-a69b-a914496180f5,
Billed Duration for Request 597b1c3e-4429-4eee-a69b-a914496180f5: 107 ms
Pi: 3.1419809523809525,
Input: 1050000,
Cold Start: false
Unique ID: e3ef136f-73d8-477e-bb41-040c7d2d3f1d,
Billed Duration for Request e3ef136f-73d8-477e-bb41-040c7d2d3f1d: 104 ms
Pi: 3.1405295238095237,
Input: 1050000,
Cold Start: false
Unique ID: 41632a88-8429-42eb-a91e-050c4ed4009b,
Billed Duration for Request 41632a88-8429-42eb-a91e-050c4ed4009b: 104 ms
Pi: 3.143817142857143,
Input: 1050000,
Cold Start: false
Unique ID: 7c84db39-589d-477b-8d1f-0698ed629933,
Billed Duration for Request 7c84db39-589d-477b-8d1f-0698ed629933: 103 ms
Pi: 3.1390857142857143,
Input: 1050000,
Cold Start: false
Unique ID: 3c299fce-d131-49e1-9397-49f5fcff2f94,
Billed Duration for Request 3c299fce-d131-49e1-9397-49f5fcff2f94: 107 ms
Pi: 3.1422819047619046,
Input: 1050000,
Cold Start: false
Unique ID: 42a76655-126d-4ec7-b49c-1c46a654abf5,
Billed Duration for Request 42a76655-126d-4ec7-b49c-1c46a654abf5: 103 ms
Pi: 3.140209523809524,
Input: 1050000,
Cold Start: false
Unique ID: 74063ff7-a309-4f9c-bc4f-d9a255a2c383,
Billed Duration for Request 74063ff7-a309-4f9c-bc4f-d9a255a2c383: 103 ms
Pi: 3.1419542857142857,
Input: 1050000,
Cold Start: false
Unique ID: 0600b3f6-dc8c-4a6b-841e-54b9485ce08b,
Billed Duration for Request 0600b3f6-dc8c-4a6b-841e-54b9485ce08b: 103 ms
Pi: 3.142060952380952,
Input: 1050000,
Cold Start: false
Unique ID: 22e10665-b111-4272-a861-cfb4d2cac26a,
Billed Duration for Request 22e10665-b111-4272-a861-cfb4d2cac26a: 104 ms
Pi: 3.142918095238095,
Input: 1050000,
Cold Start: false
Unique ID: bb42a0f5-5ca7-465e-b580-21d15a3b0ee8,
Billed Duration for Request bb42a0f5-5ca7-465e-b580-21d15a3b0ee8: 107 ms
Pi: 3.1410514285714286,
Input: 1050000,
Cold Start: false
Unique ID: 6426189e-4559-4469-9366-5601aa7ba8af,
Billed Duration for Request 6426189e-4559-4469-9366-5601aa7ba8af: 107 ms
Pi: 3.1419314285714286,
Input: 1050000,
Cold Start: false
Unique ID: f36279c5-2499-499c-8a37-25a699e109e2,
Billed Duration for Request f36279c5-2499-499c-8a37-25a699e109e2: 126 ms
Pi: 3.1428,
Input: 1050000,
Cold Start: false
Unique ID: 28904d8e-22d0-4ffd-8488-e28301f159bf,
Billed Duration for Request 28904d8e-22d0-4ffd-8488-e28301f159bf: 99 ms
Pi: 3.1422628571428572,
Input: 1050000,
Cold Start: false
Unique ID: 803c35b3-594d-4053-840d-6f861a2c1a8c,
Billed Duration for Request 803c35b3-594d-4053-840d-6f861a2c1a8c: 103 ms
Pi: 3.1399238095238093,
Input: 1050000,
Cold Start: false
Unique ID: 4a57d4db-d26b-46ff-8ce9-0974095da3bf,
Billed Duration for Request 4a57d4db-d26b-46ff-8ce9-0974095da3bf: 112 ms
Pi: 3.14344,
Input: 1050000,
Cold Start: false
Unique ID: ba6ded64-1f57-4db2-98dd-073c904cb5b5,
Billed Duration for Request ba6ded64-1f57-4db2-98dd-073c904cb5b5: 103 ms
Pi: 3.143447619047619,
Input: 1050000,
Cold Start: false
Unique ID: f2592cdd-0c7d-4c94-8405-dac25b7a5f92,
Billed Duration for Request f2592cdd-0c7d-4c94-8405-dac25b7a5f92: 107 ms
Pi: 3.142392380952381,
Input: 1050000,
Cold Start: false
Unique ID: 6ed7022f-c0b2-47c1-8a7d-0661650dab51,
Billed Duration for Request 6ed7022f-c0b2-47c1-8a7d-0661650dab51: 107 ms
Pi: 3.142647619047619,
Input: 1050000,
Cold Start: false
Unique ID: 10e021f9-667a-4e69-8612-87d3438f191a,
Billed Duration for Request 10e021f9-667a-4e69-8612-87d3438f191a: 107 ms
Pi: 3.1435390476190475,
Input: 1050000,
Cold Start: false
Unique ID: 0acc62d7-c18f-419a-b2ca-7a8e814f1e36,
Billed Duration for Request 0acc62d7-c18f-419a-b2ca-7a8e814f1e36: 107 ms
Pi: 3.139992380952381,
Input: 1050000,
Cold Start: false
Unique ID: 37877229-640d-4e0f-af94-6b8ff7527505,
Billed Duration for Request 37877229-640d-4e0f-af94-6b8ff7527505: 99 ms
Pi: 3.140784761904762,
Input: 1050000,
Cold Start: false
Unique ID: c66f5807-c1e9-4974-959e-d316872a439f,
Billed Duration for Request c66f5807-c1e9-4974-959e-d316872a439f: 103 ms
Pi: 3.1406514285714286,
Input: 1050000,
Cold Start: false
Unique ID: 059ad7a7-afdd-4cb6-98d1-6d6085f935c6,
Billed Duration for Request 059ad7a7-afdd-4cb6-98d1-6d6085f935c6: 103 ms
Pi: 3.136887619047619,
Input: 1050000,
Cold Start: false
Unique ID: d1da033b-c6fa-4937-8481-67dd0ee09916,
Billed Duration for Request d1da033b-c6fa-4937-8481-67dd0ee09916: 103 ms
Pi: 3.140072380952381,
Input: 1050000,
Cold Start: false
Unique ID: 3e88913b-bc19-49a2-9e25-398b57ff3f0f,
Billed Duration for Request 3e88913b-bc19-49a2-9e25-398b57ff3f0f: 103 ms
Pi: 3.141584761904762,
Input: 1050000,
Cold Start: false
Unique ID: d5676c8b-049e-470e-abf2-fcce25447ed7,
Billed Duration for Request d5676c8b-049e-470e-abf2-fcce25447ed7: 98 ms
Pi: 3.1405980952380954,
Input: 1050000,
Cold Start: false
Unique ID: 727d2987-9742-4d16-a411-1328d0cb88c3,
Billed Duration for Request 727d2987-9742-4d16-a411-1328d0cb88c3: 104 ms
Pi: 3.1419733333333335,
Input: 1050000,
Cold Start: false
Unique ID: 65aae40a-c773-420f-a1ee-b8c36521602c,
Billed Duration for Request 65aae40a-c773-420f-a1ee-b8c36521602c: 102 ms
Pi: 3.142712380952381,
Input: 1050000,
Cold Start: false
Unique ID: d35179aa-a8f9-4fdc-9c8a-904052f3a805,
Billed Duration for Request d35179aa-a8f9-4fdc-9c8a-904052f3a805: 102 ms
Pi: 3.1420761904761907,
Input: 1050000,
Cold Start: false
Unique ID: c5b3574a-59b2-4463-8c27-31ac207eded5,
Billed Duration for Request c5b3574a-59b2-4463-8c27-31ac207eded5: 90 ms
Pi: 3.1385066666666668,
Input: 1050000,
Cold Start: false
Unique ID: de7f94b1-e151-4c4e-b115-a4ef436fa263,
Billed Duration for Request de7f94b1-e151-4c4e-b115-a4ef436fa263: 102 ms
Pi: 3.1414514285714286,
Input: 1050000,
Cold Start: false
Unique ID: dd212104-78c6-4bd7-9f27-06e9384d6434,
Billed Duration for Request dd212104-78c6-4bd7-9f27-06e9384d6434: 104 ms
Pi: 3.1441866666666667,
Input: 1050000,
Cold Start: false
Unique ID: 70bf7a15-273f-4f2f-9807-668a3c51c6f1,
Billed Duration for Request 70bf7a15-273f-4f2f-9807-668a3c51c6f1: 105 ms
Pi: 3.1419885714285716,
Input: 1050000,
Cold Start: false
Unique ID: bbbe7ee3-bce7-45f4-a6f3-2f7dd9e927ca,
Billed Duration for Request bbbe7ee3-bce7-45f4-a6f3-2f7dd9e927ca: 98 ms
Pi: 3.141257142857143,
Input: 1050000,
Cold Start: false
Unique ID: 8caa6b43-f4f5-4062-a99e-5495a12986f2,
Billed Duration for Request 8caa6b43-f4f5-4062-a99e-5495a12986f2: 103 ms
Pi: 3.142072380952381,
Input: 1050000,
Cold Start: false
Unique ID: b1139f05-258f-4fe0-ad67-edc56f2df148,
Billed Duration for Request b1139f05-258f-4fe0-ad67-edc56f2df148: 99 ms
Pi: 3.1449371428571427,
Input: 1050000,
Cold Start: false
Unique ID: 6e35beb7-761a-4077-ae62-571872c1d846,
Billed Duration for Request 6e35beb7-761a-4077-ae62-571872c1d846: 103 ms
Pi: 3.1411238095238097,
Input: 1050000,
Cold Start: false
Unique ID: e3d5b7ff-751c-4e03-848a-93c0d04db9ed,
Billed Duration for Request e3d5b7ff-751c-4e03-848a-93c0d04db9ed: 106 ms
Pi: 3.1431161904761904,
Input: 1050000,
Cold Start: false
Unique ID: 60129dc1-e700-4b55-9faa-41f98aa62d4a,
Billed Duration for Request 60129dc1-e700-4b55-9faa-41f98aa62d4a: 102 ms
Pi: 3.1374323809523808,
Input: 1050000,
Cold Start: false
Unique ID: edf76117-a9c8-4390-8fa7-c9bacc0cb803,
Billed Duration for Request edf76117-a9c8-4390-8fa7-c9bacc0cb803: 98 ms
Pi: 3.140712380952381,
Input: 1050000,
Cold Start: false
Unique ID: 00b7ffcd-7ad7-4b07-9daa-e4b96d095ee1,
Billed Duration for Request 00b7ffcd-7ad7-4b07-9daa-e4b96d095ee1: 90 ms
Pi: 3.1433219047619048,
Input: 1050000,
Cold Start: false
Unique ID: a91af544-aaf9-40f0-9706-02994f72dcae,
Billed Duration for Request a91af544-aaf9-40f0-9706-02994f72dcae: 103 ms
Pi: 3.139782857142857,
Input: 1050000,
Cold Start: false
Unique ID: 6b96f0ea-d50b-4fad-ae2e-f3c46595c5be,
Billed Duration for Request 6b96f0ea-d50b-4fad-ae2e-f3c46595c5be: 102 ms
Pi: 3.1404952380952382,
Input: 1050000,
Cold Start: false
Unique ID: a2c8c861-2012-44d0-b88f-3e4b5b271da5,
Billed Duration for Request a2c8c861-2012-44d0-b88f-3e4b5b271da5: 94 ms
Pi: 3.14336,
Input: 1050000,
Cold Start: false
Unique ID: fe088443-f354-4bed-a9ae-08e87d32063e,
Billed Duration for Request fe088443-f354-4bed-a9ae-08e87d32063e: 95 ms
Pi: 3.141150476190476,
Input: 1050000,
Cold Start: false
Unique ID: 08ca8f0c-f2d1-4931-ac71-40a9b248ac3e,
Billed Duration for Request 08ca8f0c-f2d1-4931-ac71-40a9b248ac3e: 108 ms
Pi: 3.141165714285714,
Input: 1050000,
Cold Start: false
Unique ID: 6875f4ea-2d15-450a-b7dc-b3506985b1fd,
Billed Duration for Request 6875f4ea-2d15-450a-b7dc-b3506985b1fd: 98 ms
Pi: 3.141657142857143,
Input: 1050000,
Cold Start: false
Unique ID: 677e6a59-2817-4222-a3a0-de396bae49f6,
Billed Duration for Request 677e6a59-2817-4222-a3a0-de396bae49f6: 102 ms
Pi: 3.142895238095238,
Input: 1050000,
Cold Start: false
Unique ID: a8ca8a5e-c9ec-4168-9e3c-af9c242c76e8,
Billed Duration for Request a8ca8a5e-c9ec-4168-9e3c-af9c242c76e8: 102 ms
Pi: 3.140849523809524,
Input: 1050000,
Cold Start: false
Unique ID: 1bd101d6-2e41-468d-bf85-a265e9cc9b1a,
Billed Duration for Request 1bd101d6-2e41-468d-bf85-a265e9cc9b1a: 87 ms
Pi: 3.141215238095238,
Input: 1050000,
Cold Start: false
Unique ID: 9096fb88-5809-4a53-8a5e-ca0e1d465ddd,
Billed Duration for Request 9096fb88-5809-4a53-8a5e-ca0e1d465ddd: 94 ms
Pi: 3.1413942857142856,
Input: 1050000,
Cold Start: false
Unique ID: c7dcc70a-5c65-495e-affe-8cd36a66a6ab,
Billed Duration for Request c7dcc70a-5c65-495e-affe-8cd36a66a6ab: 103 ms
Pi: 3.1413485714285714,
Input: 1050000,
Cold Start: false
Unique ID: bf247b38-c6d4-4e37-9893-7c1701100b4a,
Billed Duration for Request bf247b38-c6d4-4e37-9893-7c1701100b4a: 98 ms
Pi: 3.1405180952380953,
Input: 1050000,
Cold Start: false
Unique ID: b8158b74-2dd7-40dd-b817-a30fd2efbf17,
Billed Duration for Request b8158b74-2dd7-40dd-b817-a30fd2efbf17: 102 ms
Pi: 3.1422780952380953,
Input: 1050000,
Cold Start: false
Unique ID: 91e778be-3071-48a3-bd7c-e5ec9b2b04d4,
Billed Duration for Request 91e778be-3071-48a3-bd7c-e5ec9b2b04d4: 98 ms
Pi: 3.142902857142857,
Input: 1050000,
Cold Start: false
Unique ID: 2155ea72-6e81-439f-b719-04a3b7e35570,
Billed Duration for Request 2155ea72-6e81-439f-b719-04a3b7e35570: 103 ms
Pi: 3.142182857142857,
Input: 1050000,
Cold Start: false
Unique ID: 34f58f10-8bbc-451c-8985-1eab564a71c2,
Billed Duration for Request 34f58f10-8bbc-451c-8985-1eab564a71c2: 102 ms
Pi: 3.1448914285714284,
Input: 1050000,
Cold Start: false
Unique ID: a5e55c72-7d1f-4c56-ab10-963e5358e046,
Billed Duration for Request a5e55c72-7d1f-4c56-ab10-963e5358e046: 99 ms
Pi: 3.141737142857143,
Input: 1050000,
Cold Start: false
Unique ID: 090a569d-e796-4f81-935f-a0b3865efcf4,
Billed Duration for Request 090a569d-e796-4f81-935f-a0b3865efcf4: 98 ms
Pi: 3.1418895238095237,
Input: 1050000,
Cold Start: false
Unique ID: 53f455a2-f62d-4e8b-b8dd-743ff4cbf21c,
Billed Duration for Request 53f455a2-f62d-4e8b-b8dd-743ff4cbf21c: 98 ms
Pi: 3.141550476190476,
Input: 1050000,
Cold Start: false
Unique ID: c858a20e-1b73-427e-a1ed-bfd0f2b72945,
Billed Duration for Request c858a20e-1b73-427e-a1ed-bfd0f2b72945: 90 ms
Pi: 3.14088,
Input: 1050000,
Cold Start: false
Unique ID: 7198ea17-6e66-4756-97dd-56658c926f48,
Billed Duration for Request 7198ea17-6e66-4756-97dd-56658c926f48: 102 ms
Pi: 3.141245714285714,
Input: 1050000,
Cold Start: false
Unique ID: 628d4c85-6039-4973-9bd1-5831ced38295,
Billed Duration for Request 628d4c85-6039-4973-9bd1-5831ced38295: 103 ms
Pi: 3.1407961904761903,
Input: 1050000,
Cold Start: false
Unique ID: 4a4c4049-22b4-4e1b-96ef-c2a6084bc0a1,
Billed Duration for Request 4a4c4049-22b4-4e1b-96ef-c2a6084bc0a1: 106 ms
Pi: 3.140887619047619,
Input: 1050000,
Cold Start: false
Unique ID: 9e64174a-adbe-4f3a-977b-ed3db5530bf4,
Billed Duration for Request 9e64174a-adbe-4f3a-977b-ed3db5530bf4: 102 ms
Pi: 3.144297142857143,
Input: 1050000,
Cold Start: false
Unique ID: 5460c9bd-0a58-4192-a158-6ac8cee84f1c,
Billed Duration for Request 5460c9bd-0a58-4192-a158-6ac8cee84f1c: 104 ms
Pi: 3.1410057142857144,
Input: 1050000,
Cold Start: false
Unique ID: 1003f722-7962-4678-9e30-46a0bae3ee12,
Billed Duration for Request 1003f722-7962-4678-9e30-46a0bae3ee12: 94 ms
Pi: 3.1399809523809523,
Input: 1050000,
Cold Start: false
Unique ID: 70557b9e-88ae-4324-84dc-d73e92a49404,
Billed Duration for Request 70557b9e-88ae-4324-84dc-d73e92a49404: 103 ms
Pi: 3.1422514285714285,
Input: 1050000,
Cold Start: false
Unique ID: 623265a4-9bf1-4e43-8ac8-3a9d8fd1a6d5,
Billed Duration for Request 623265a4-9bf1-4e43-8ac8-3a9d8fd1a6d5: 102 ms
Pi: 3.1418476190476192,
Input: 1050000,
Cold Start: false
Unique ID: 40112f96-370d-4d06-9639-bd41b571a7fc,
Billed Duration for Request 40112f96-370d-4d06-9639-bd41b571a7fc: 102 ms
Pi: 3.1410019047619047,
Input: 1050000,
Cold Start: false
Unique ID: eb3e08ca-c03c-482f-a3d6-2f18cbce53aa,
Billed Duration for Request eb3e08ca-c03c-482f-a3d6-2f18cbce53aa: 106 ms
Pi: 3.141653333333333,
Input: 1050000,
Cold Start: false
Unique ID: 42dd807e-c882-47b1-939d-64d3d09ab0d5,
Billed Duration for Request 42dd807e-c882-47b1-939d-64d3d09ab0d5: 98 ms
Pi: 3.1440228571428572,
Input: 1050000,
Cold Start: false
Unique ID: 37b27c10-7009-4995-9a06-8447af156e6b,
Billed Duration for Request 37b27c10-7009-4995-9a06-8447af156e6b: 103 ms
Pi: 3.143302857142857,
Input: 1050000,
Cold Start: false
Unique ID: dcf471b2-b171-4c27-9051-6bc4c00676f2,
Billed Duration for Request dcf471b2-b171-4c27-9051-6bc4c00676f2: 102 ms
Pi: 3.142472380952381,
Input: 1050000,
Cold Start: false
Unique ID: 93a26f11-e740-4168-860b-3f94d0d8dbcd,
Billed Duration for Request 93a26f11-e740-4168-860b-3f94d0d8dbcd: 102 ms
Pi: 3.1391657142857143,
Input: 1050000,
Cold Start: false
Unique ID: f5a933ec-6c22-4fec-a1fe-aa5a21b1a206,
Billed Duration for Request f5a933ec-6c22-4fec-a1fe-aa5a21b1a206: 103 ms
Pi: 3.1447161904761907,
Input: 1050000,
Cold Start: false
Unique ID: cab79ac4-47c2-4fff-8a64-e00bd7279e38,
Billed Duration for Request cab79ac4-47c2-4fff-8a64-e00bd7279e38: 102 ms
Pi: 3.140293333333333,
Input: 1050000,
Cold Start: false
Unique ID: 3981a508-dc96-44f7-bf6d-a8934aefc863,
Billed Duration for Request 3981a508-dc96-44f7-bf6d-a8934aefc863: 102 ms
Pi: 3.1426285714285713,
Input: 1050000,
Cold Start: false
Unique ID: 5c60ce76-bd8f-48c8-98bf-ada79772d462,
Billed Duration for Request 5c60ce76-bd8f-48c8-98bf-ada79772d462: 106 ms
Pi: 3.1405180952380953,
Input: 1050000,
Cold Start: false
Unique ID: f9d6ea20-a447-4157-9536-a7f3ec6023eb,
Billed Duration for Request f9d6ea20-a447-4157-9536-a7f3ec6023eb: 103 ms
Pi: 3.141180952380952,
Input: 1050000,
Cold Start: false
Unique ID: b86a9457-b5e8-4ed0-8dc4-3461b99eebad,
Billed Duration for Request b86a9457-b5e8-4ed0-8dc4-3461b99eebad: 102 ms
Pi: 3.142072380952381,
Input: 1050000,
Cold Start: false
Unique ID: 29a2bcc1-0aaa-439c-a85c-a2fb6fbd563c,
Billed Duration for Request 29a2bcc1-0aaa-439c-a85c-a2fb6fbd563c: 102 ms
Pi: 3.143344761904762,
Input: 1050000,
Cold Start: false
Unique ID: 6eea1d2c-ae8f-40b6-aeb4-c782fafcc7cd,
Billed Duration for Request 6eea1d2c-ae8f-40b6-aeb4-c782fafcc7cd: 98 ms
Pi: 3.1421790476190474,
Input: 1050000,
Cold Start: false
Unique ID: 50be699a-3fd8-4097-a8e2-c5b0450f753e,
Billed Duration for Request 50be699a-3fd8-4097-a8e2-c5b0450f753e: 102 ms
Pi: 3.1405714285714286,
Input: 1050000,
Cold Start: false
Unique ID: 5346d7df-5c1f-49e9-898e-07f4a55b2675,
Billed Duration for Request 5346d7df-5c1f-49e9-898e-07f4a55b2675: 107 ms
Pi: 3.1416685714285713,
Input: 1050000,
Cold Start: false
Unique ID: 2173bc67-9142-40ac-8788-0280e0bdfcb3,
Billed Duration for Request 2173bc67-9142-40ac-8788-0280e0bdfcb3: 102 ms
Pi: 3.1432609523809525,
Input: 1050000,
Cold Start: false
Unique ID: c73b05c0-c9fc-4c42-8de0-4b981ad36fc3,
Billed Duration for Request c73b05c0-c9fc-4c42-8de0-4b981ad36fc3: 102 ms
Pi: 3.1428304761904764,
Input: 1050000,
Cold Start: false
Unique ID: 3f8c6c15-d0dc-4be5-92b7-c6c98d420dc4,
Billed Duration for Request 3f8c6c15-d0dc-4be5-92b7-c6c98d420dc4: 102 ms
Pi: 3.141695238095238,
Input: 1050000,
Cold Start: false
Unique ID: 88f1ff29-9173-4153-9ba0-52233974846d,
Billed Duration for Request 88f1ff29-9173-4153-9ba0-52233974846d: 106 ms
Pi: 3.1431657142857143,
Input: 1050000,
Cold Start: false
Unique ID: 7a7f1645-9bdb-4714-9ade-4b90798cb9fb,
Billed Duration for Request 7a7f1645-9bdb-4714-9ade-4b90798cb9fb: 103 ms
Pi: 3.141142857142857,
Input: 1050000,
Cold Start: false
Unique ID: 570d6536-2e04-4d43-9107-cd34bafcc94c,
Billed Duration for Request 570d6536-2e04-4d43-9107-cd34bafcc94c: 102 ms
Pi: 3.14072,
Input: 1050000,
Cold Start: false
Unique ID: 949a162c-37b8-4d3c-b74c-8eac48b5665c,
Billed Duration for Request 949a162c-37b8-4d3c-b74c-8eac48b5665c: 99 ms
Pi: 3.1431695238095236,
Input: 1050000,
Cold Start: false
Unique ID: 6e44e6af-bc8c-41ee-96b2-0ec2050e4e54,
Billed Duration for Request 6e44e6af-bc8c-41ee-96b2-0ec2050e4e54: 102 ms
Pi: 3.1414019047619046,
Input: 1050000,
Cold Start: false
Unique ID: d2d64d1c-5461-4b9c-be91-823a3824b806,
Billed Duration for Request d2d64d1c-5461-4b9c-be91-823a3824b806: 99 ms
Pi: 3.1409676190476192,
Input: 1050000,
Cold Start: false
Unique ID: a7ea74a2-da40-4812-8892-36ef7d77a38b,
Billed Duration for Request a7ea74a2-da40-4812-8892-36ef7d77a38b: 104 ms
Pi: 3.140792380952381,
Input: 1050000,
Cold Start: false
Unique ID: 01a150ee-94c9-411d-8754-8479898bcedb,
Billed Duration for Request 01a150ee-94c9-411d-8754-8479898bcedb: 103 ms
Pi: 3.142041904761905,
Input: 1050000,
Cold Start: false
Unique ID: aa3e4317-4ce9-4df9-8038-a62acad244a8,
Billed Duration for Request aa3e4317-4ce9-4df9-8038-a62acad244a8: 104 ms
Pi: 3.1439390476190474,
Input: 1050000,
Cold Start: false
Unique ID: a5d1a465-6926-4149-ab80-1064becc642c,
Billed Duration for Request a5d1a465-6926-4149-ab80-1064becc642c: 103 ms
Pi: 3.143081904761905,
Input: 1050000,
Cold Start: false
Unique ID: 4fab05ce-b313-43fe-9773-b5a5fbe91ecd,
Billed Duration for Request 4fab05ce-b313-43fe-9773-b5a5fbe91ecd: 102 ms
Pi: 3.1404190476190474,
Input: 1050000,
Cold Start: false
Unique ID: 33755ff0-d81e-4ce2-98b0-6ab0b00b8f32,
Billed Duration for Request 33755ff0-d81e-4ce2-98b0-6ab0b00b8f32: 103 ms
Pi: 3.1407009523809526,
Input: 1050000,
Cold Start: false
Unique ID: 3329dbee-3c46-463f-8871-5a2c63f88d65,
Billed Duration for Request 3329dbee-3c46-463f-8871-5a2c63f88d65: 106 ms
Pi: 3.1427580952380954,
Input: 1050000,
Cold Start: false
Unique ID: 7488c254-4b4f-405c-b24f-adf1ec38892d,
Billed Duration for Request 7488c254-4b4f-405c-b24f-adf1ec38892d: 90 ms
Pi: 3.1431923809523807,
Input: 1050000,
Cold Start: false
Unique ID: 218ed7fc-5dc1-4658-88c4-b70f245c450f,
Billed Duration for Request 218ed7fc-5dc1-4658-88c4-b70f245c450f: 103 ms
Pi: 3.1421485714285713,
Input: 1050000,
Cold Start: false
Unique ID: 933ca3b0-f685-4557-a1e9-951c46a75c72,
Billed Duration for Request 933ca3b0-f685-4557-a1e9-951c46a75c72: 102 ms
Pi: 3.144350476190476,
Input: 1050000,
Cold Start: false
Unique ID: 50b529b9-9b4a-4ca8-95d7-b3310b59bffa,
Billed Duration for Request 50b529b9-9b4a-4ca8-95d7-b3310b59bffa: 102 ms
Pi: 3.1401028571428573,
Input: 1050000,
Cold Start: false
Unique ID: b6fbd41d-e84f-41a7-a4f1-b60af58f96a5,
Billed Duration for Request b6fbd41d-e84f-41a7-a4f1-b60af58f96a5: 94 ms
Pi: 3.141592380952381,
Input: 1050000,
Cold Start: false
Unique ID: 35a4fb2b-dce3-4001-822f-e59b9421e0d4,
Billed Duration for Request 35a4fb2b-dce3-4001-822f-e59b9421e0d4: 107 ms
Pi: 3.1423123809523807,
Input: 1050000,
Cold Start: false
Unique ID: 000af85c-c092-4452-a1fd-5ea2eb04c415,
Billed Duration for Request 000af85c-c092-4452-a1fd-5ea2eb04c415: 90 ms
Pi: 3.143462857142857,
Input: 1050000,
Cold Start: false
Unique ID: 17074536-27a9-4d0b-b37a-879213bdba20,
Billed Duration for Request 17074536-27a9-4d0b-b37a-879213bdba20: 107 ms
Pi: 3.139264761904762,
Input: 1050000,
Cold Start: false
Unique ID: ece488a8-e77f-4432-8e4c-dd4e87cc079b,
Billed Duration for Request ece488a8-e77f-4432-8e4c-dd4e87cc079b: 102 ms
Pi: 3.143798095238095,
Input: 1050000,
Cold Start: false
Unique ID: 2d8fddf5-bdd6-47db-9767-e220db97c309,
Billed Duration for Request 2d8fddf5-bdd6-47db-9767-e220db97c309: 102 ms
Pi: 3.1426780952380953,
Input: 1050000,
Cold Start: false
Unique ID: 5b14aaaf-3a0b-43b5-a695-3ba75795be46,
Billed Duration for Request 5b14aaaf-3a0b-43b5-a695-3ba75795be46: 99 ms
Pi: 3.139904761904762,
Input: 1050000,
Cold Start: false
Unique ID: 6c91ab4b-f54d-4219-8172-81cde599d82e,
Billed Duration for Request 6c91ab4b-f54d-4219-8172-81cde599d82e: 90 ms
Pi: 3.142060952380952,
Input: 1050000,
Cold Start: false
Unique ID: 897bec90-f805-4133-8c9b-a11f5e857978,
Billed Duration for Request 897bec90-f805-4133-8c9b-a11f5e857978: 102 ms
Pi: 3.143737142857143,
Input: 1050000,
Cold Start: false
Unique ID: ea9f80f7-2d97-4e2f-a5f4-18dd8e850b12,
Billed Duration for Request ea9f80f7-2d97-4e2f-a5f4-18dd8e850b12: 98 ms
Pi: 3.140662857142857,
Input: 1050000,
Cold Start: false
Unique ID: a56a286d-724e-470e-82c1-f4ff15034155,
Billed Duration for Request a56a286d-724e-470e-82c1-f4ff15034155: 102 ms
Pi: 3.13832,
Input: 1050000,
Cold Start: false
Unique ID: 1da35b10-fe87-4e42-b32b-d2bbd7bce953,
Billed Duration for Request 1da35b10-fe87-4e42-b32b-d2bbd7bce953: 94 ms
Pi: 3.142514285714286,
Input: 1050000,
Cold Start: false
Unique ID: c9ab4e4b-3329-4a7a-a228-6e12a9fccf42,
Billed Duration for Request c9ab4e4b-3329-4a7a-a228-6e12a9fccf42: 98 ms
Pi: 3.1427885714285715,
Input: 1050000,
Cold Start: false
Unique ID: 969e8221-53a1-474e-af6e-ae8649c87e9c,
Billed Duration for Request 969e8221-53a1-474e-af6e-ae8649c87e9c: 94 ms
Pi: 3.1437638095238096,
Input: 1050000,
Cold Start: false
Unique ID: 7bea8ca7-67d2-483b-83e3-24ebdb7d540a,
Billed Duration for Request 7bea8ca7-67d2-483b-83e3-24ebdb7d540a: 107 ms
Pi: 3.139893333333333,
Input: 1050000,
Cold Start: false
