Unique ID: 4d9b39685755d49b3d3efb1f9243a61e,
Execution Time for Trace ID 4d9b39685755d49b3d3efb1f9243a61e: 90 ms
Input: 1000000,
Cold Start: true
Unique ID: 8fdd17b7d2aee7c36c5ecab2d4a78d45,
Execution Time for Trace ID 8fdd17b7d2aee7c36c5ecab2d4a78d45: 101 ms
Input: 1000000,
Cold Start: false
Unique ID: bdf27b17359b020293353ad64260bb4e,
Execution Time for Trace ID bdf27b17359b020293353ad64260bb4e: 41 ms
Input: 1000000,
Cold Start: false
Unique ID: c90f9a34565603b1dfa2426257dc95a1,
Execution Time for Trace ID c90f9a34565603b1dfa2426257dc95a1: 39 ms
Input: 1000000,
Cold Start: false
Unique ID: eca59ff72c8a6fc2d45c61d04bf3c4b0,
Execution Time for Trace ID eca59ff72c8a6fc2d45c61d04bf3c4b0: 37 ms
Input: 1000000,
Cold Start: false
Unique ID: 12a563e8c77039fa09a00544c349ea32,
Execution Time for Trace ID 12a563e8c77039fa09a00544c349ea32: 151 ms
Input: 1000000,
Cold Start: true
Unique ID: 399bcf3d8f239d2d7d1804e3f3268a8b,
Execution Time for Trace ID 399bcf3d8f239d2d7d1804e3f3268a8b: 106 ms
Input: 1000000,
Cold Start: false
Unique ID: f92dbbdda59b730df86f3a0bbe51f425,
Execution Time for Trace ID f92dbbdda59b730df86f3a0bbe51f425: 37 ms
Input: 1000000,
Cold Start: false
Unique ID: 5da0ae24e78e79b85503d29a6857b82f,
Execution Time for Trace ID 5da0ae24e78e79b85503d29a6857b82f: 38 ms
Input: 1000000,
Cold Start: false
Unique ID: 568128c92ecf4fd7031324d8c927a407,
Execution Time for Trace ID 568128c92ecf4fd7031324d8c927a407: 36 ms
Input: 1000000,
Cold Start: false
Unique ID: 2ed55ad612d8f3679ba07087db907399,
Execution Time for Trace ID 2ed55ad612d8f3679ba07087db907399: 37 ms
Input: 1000000,
Cold Start: false
Unique ID: d41692b3662e9cce306315e88294f6a1,
Execution Time for Trace ID d41692b3662e9cce306315e88294f6a1: 37 ms
Input: 1000000,
Cold Start: false
Unique ID: 79769beab27dbea3fd445edb55c3e087,
Execution Time for Trace ID 79769beab27dbea3fd445edb55c3e087: 37 ms
Input: 1000000,
Cold Start: false
Unique ID: 0bda721eee8ca3d1339ca43c5402755e,
Execution Time for Trace ID 0bda721eee8ca3d1339ca43c5402755e: 36 ms
Input: 1000000,
Cold Start: false
Unique ID: 9e960314ca55003408bb6d1b6668c7d1,
Execution Time for Trace ID 9e960314ca55003408bb6d1b6668c7d1: 36 ms
Input: 1000000,
Cold Start: false
Unique ID: c627464f17dc024beedcf8ec62fde851,
Execution Time for Trace ID c627464f17dc024beedcf8ec62fde851: 38 ms
Input: 1000000,
Cold Start: false
Unique ID: 7feadb3c0042a15ea237003bc2b82c15,
Execution Time for Trace ID 7feadb3c0042a15ea237003bc2b82c15: 36 ms
Input: 1000000,
Cold Start: false
Unique ID: 7153465135798f4480c3389620cf147d,
Execution Time for Trace ID 7153465135798f4480c3389620cf147d: 37 ms
Input: 1000000,
Cold Start: false
Unique ID: 99b085eb2b4af7b39e6daddaf5292a0b,
Execution Time for Trace ID 99b085eb2b4af7b39e6daddaf5292a0b: 36 ms
Input: 1000000,
Cold Start: false
Unique ID: 4fc0ffc42087da613c9f5a6fdd1487fd,
Execution Time for Trace ID 4fc0ffc42087da613c9f5a6fdd1487fd: 37 ms
Input: 1000000,
Cold Start: false
Unique ID: 55d4e33a4266b300dc1d784622106a17,
Execution Time for Trace ID 55d4e33a4266b300dc1d784622106a17: 36 ms
Input: 1000000,
Cold Start: false
Unique ID: c4cea2a8f2fb5b4d4392bf43d97b5d83,
Execution Time for Trace ID c4cea2a8f2fb5b4d4392bf43d97b5d83: 36 ms
Input: 1000000,
Cold Start: false
Unique ID: 4152bdddb7af7bbd5643f22b2c77d39d,
Execution Time for Trace ID 4152bdddb7af7bbd5643f22b2c77d39d: 37 ms
Input: 1000000,
Cold Start: false
Unique ID: 86c0c8b92dfcd78a23d1c38fba4f91a9,
Execution Time for Trace ID 86c0c8b92dfcd78a23d1c38fba4f91a9: 36 ms
Input: 1000000,
Cold Start: false
Unique ID: d56758c665664d131dae362a9dda73e7,
Execution Time for Trace ID d56758c665664d131dae362a9dda73e7: 36 ms
Input: 1000000,
Cold Start: false
Unique ID: 0fccad69489eebb31538e2e93bc30e9d,
Execution Time for Trace ID 0fccad69489eebb31538e2e93bc30e9d: 38 ms
Input: 1000000,
Cold Start: false
Unique ID: 7ee8f408d8094e55cc7f33168ba47b63,
Execution Time for Trace ID 7ee8f408d8094e55cc7f33168ba47b63: 37 ms
Input: 1000000,
Cold Start: false
Unique ID: 6a87e815b66d2bb947d2576081b3233f,
Execution Time for Trace ID 6a87e815b66d2bb947d2576081b3233f: 39 ms
Input: 1000000,
Cold Start: false
Unique ID: 06fe0fe0c2358162db0475f60d7d4e52,
Execution Time for Trace ID 06fe0fe0c2358162db0475f60d7d4e52: 36 ms
Input: 1000000,
Cold Start: false
Unique ID: 4d140fd52ecbf82b0e3732fe9a23274c,
Execution Time for Trace ID 4d140fd52ecbf82b0e3732fe9a23274c: 37 ms
Input: 1000000,
Cold Start: false
Unique ID: 92b57436cb82c26a32e90db9839993e3,
Execution Time for Trace ID 92b57436cb82c26a32e90db9839993e3: 36 ms
Input: 1000000,
Cold Start: false
Unique ID: 11aaf07b158533a5c2ae664b9cede0f9,
Execution Time for Trace ID 11aaf07b158533a5c2ae664b9cede0f9: 36 ms
Input: 1000000,
Cold Start: false
Unique ID: 6479f09ff706e91e68e3c386613ec52b,
Execution Time for Trace ID 6479f09ff706e91e68e3c386613ec52b: 38 ms
Input: 1000000,
Cold Start: false
Unique ID: 349e0b82ddd376f307747577def7b217,
Execution Time for Trace ID 349e0b82ddd376f307747577def7b217: 38 ms
Input: 1000000,
Cold Start: false
Unique ID: 2b9b7dde5d6f6cfcc2c8625e4ecd54a0,
Execution Time for Trace ID 2b9b7dde5d6f6cfcc2c8625e4ecd54a0: 36 ms
Input: 1000000,
Cold Start: false
Unique ID: 2dd61b16bb9697b8e636a1b9b16e1826,
Execution Time for Trace ID 2dd61b16bb9697b8e636a1b9b16e1826: 38 ms
Input: 1000000,
Cold Start: false
Unique ID: e10c1168f3f33a128e17a953307eea2c,
Execution Time for Trace ID e10c1168f3f33a128e17a953307eea2c: 35 ms
Input: 1000000,
Cold Start: false
Unique ID: 0f4c9f3f334e42a168343de256c8663a,
Execution Time for Trace ID 0f4c9f3f334e42a168343de256c8663a: 36 ms
Input: 1000000,
Cold Start: false
Unique ID: 6d34f1393005a69c24af9016525e74f4,
Execution Time for Trace ID 6d34f1393005a69c24af9016525e74f4: 36 ms
Input: 1000000,
Cold Start: false
Unique ID: 785634189cf2cc1f6b21c9c989cfabbb,
Execution Time for Trace ID 785634189cf2cc1f6b21c9c989cfabbb: 36 ms
Input: 1000000,
Cold Start: false
Unique ID: d3524b34ca4cc5901d2587933fb090e8,
Execution Time for Trace ID d3524b34ca4cc5901d2587933fb090e8: 36 ms
Input: 1000000,
Cold Start: false
Unique ID: ddc938605558c4d46a7285c0ccd69adb,
Execution Time for Trace ID ddc938605558c4d46a7285c0ccd69adb: 36 ms
Input: 1000000,
Cold Start: false
Unique ID: 49f21b1c3ff518ac511119a79344a005,
Execution Time for Trace ID 49f21b1c3ff518ac511119a79344a005: 37 ms
Input: 1000000,
Cold Start: false
Unique ID: 6df36baa442eb3544b102798b58c3aca,
Execution Time for Trace ID 6df36baa442eb3544b102798b58c3aca: 37 ms
Input: 1000000,
Cold Start: false
Unique ID: 14aa57410b3d33a5268deedda79cce82,
Execution Time for Trace ID 14aa57410b3d33a5268deedda79cce82: 37 ms
Input: 1000000,
Cold Start: false
Unique ID: c87126ffa36390e16734107eca0bd6d0,
Execution Time for Trace ID c87126ffa36390e16734107eca0bd6d0: 37 ms
Input: 1000000,
Cold Start: false
Unique ID: 57759903fd7b83d133cffcbe83e230f4,
Execution Time for Trace ID 57759903fd7b83d133cffcbe83e230f4: 37 ms
Input: 1000000,
Cold Start: false
Unique ID: 6f30e3bb882284db4bbfba94db023fc4,
Execution Time for Trace ID 6f30e3bb882284db4bbfba94db023fc4: 37 ms
Input: 1000000,
Cold Start: false
Unique ID: a89d36a605ad2394703a0cb29eee74b0,
Execution Time for Trace ID a89d36a605ad2394703a0cb29eee74b0: 36 ms
Input: 1000000,
Cold Start: false
Unique ID: 0b232a98e91c80b471b2df9f608e3f0d,
Execution Time for Trace ID 0b232a98e91c80b471b2df9f608e3f0d: 37 ms
Input: 1000000,
Cold Start: false
Unique ID: 656759f5521cd2b41dacdca56766cb6c,
Execution Time for Trace ID 656759f5521cd2b41dacdca56766cb6c: 36 ms
Input: 1000000,
Cold Start: false
Unique ID: 3578383e09abca92bbb5830b9e21cef9,
Execution Time for Trace ID 3578383e09abca92bbb5830b9e21cef9: 36 ms
Input: 1000000,
Cold Start: false
Unique ID: f8a513a8f209db5e217628c13305e4bb,
Execution Time for Trace ID f8a513a8f209db5e217628c13305e4bb: 39 ms
Input: 1000000,
Cold Start: false
Unique ID: d8fbb8349b11a2c5492d4182b63078c0,
Execution Time for Trace ID d8fbb8349b11a2c5492d4182b63078c0: 37 ms
Input: 1000000,
Cold Start: false
Unique ID: 4d5494dd5e2f25c731c8ec300a69bd82,
Execution Time for Trace ID 4d5494dd5e2f25c731c8ec300a69bd82: 36 ms
Input: 1000000,
Cold Start: false
Unique ID: 29ab30bc341a5e04607f179448ba7eb6,
Execution Time for Trace ID 29ab30bc341a5e04607f179448ba7eb6: 36 ms
Input: 1000000,
Cold Start: false
Unique ID: 1b184ff245ec750e5e59bac9dec7418c,
Execution Time for Trace ID 1b184ff245ec750e5e59bac9dec7418c: 37 ms
Input: 1000000,
Cold Start: false
Unique ID: f8dcf1745206621ea3d96c36a68fcbd3,
Execution Time for Trace ID f8dcf1745206621ea3d96c36a68fcbd3: 38 ms
Input: 1000000,
Cold Start: false
Unique ID: bf39c1f0a910763d15c1faae20a324d8,
Execution Time for Trace ID bf39c1f0a910763d15c1faae20a324d8: 37 ms
Input: 1000000,
Cold Start: false
Unique ID: 413f6c09cf8f0c91d46d7b39e8b3bc30,
Execution Time for Trace ID 413f6c09cf8f0c91d46d7b39e8b3bc30: 37 ms
Input: 1000000,
Cold Start: false
Unique ID: 5cc366394ed0d4bc5e31abd369f92a86,
Execution Time for Trace ID 5cc366394ed0d4bc5e31abd369f92a86: 37 ms
Input: 1000000,
Cold Start: false
Unique ID: f79b3c2c6c8e18fac6a8b7d5a4064d16,
Execution Time for Trace ID f79b3c2c6c8e18fac6a8b7d5a4064d16: 37 ms
Input: 1000000,
Cold Start: false
Unique ID: c103e1910e7b6a3b24d2b54295d1aefb,
Execution Time for Trace ID c103e1910e7b6a3b24d2b54295d1aefb: 37 ms
Input: 1000000,
Cold Start: false
Unique ID: 65def91617a49840f84946a233b3f5e4,
Execution Time for Trace ID 65def91617a49840f84946a233b3f5e4: 36 ms
Input: 1000000,
Cold Start: false
Unique ID: de2a46b3ed6ad4a5689c2f9f15d9d3d2,
Execution Time for Trace ID de2a46b3ed6ad4a5689c2f9f15d9d3d2: 37 ms
Input: 1000000,
Cold Start: false
Unique ID: 527acd395365bff4aa8daff9a1d7c44b,
Execution Time for Trace ID 527acd395365bff4aa8daff9a1d7c44b: 39 ms
Input: 1000000,
Cold Start: false
Unique ID: 2ae6f1234ca4ede24cc2b18cb39a38dc,
Execution Time for Trace ID 2ae6f1234ca4ede24cc2b18cb39a38dc: 36 ms
Input: 1000000,
Cold Start: false
Unique ID: 858a69685c0ae662107a10e0d9508910,
Execution Time for Trace ID 858a69685c0ae662107a10e0d9508910: 37 ms
Input: 1000000,
Cold Start: false
Unique ID: 885553d5764dfacd303c011fe12dd862,
Execution Time for Trace ID 885553d5764dfacd303c011fe12dd862: 80 ms
Input: 1000000,
Cold Start: false
Unique ID: 794150dcde8fe163bd59b13ad8a1e74e,
Execution Time for Trace ID 794150dcde8fe163bd59b13ad8a1e74e: 75 ms
Input: 1000000,
Cold Start: false
Unique ID: 85cbda64643f32d0eb80610d7fe50c19,
Execution Time for Trace ID 85cbda64643f32d0eb80610d7fe50c19: 37 ms
Input: 1000000,
Cold Start: false
Unique ID: 5d157170b3cebe4bcab47d445993d0c7,
Execution Time for Trace ID 5d157170b3cebe4bcab47d445993d0c7: 37 ms
Input: 1000000,
Cold Start: false
Unique ID: 5ccc74cf88937df3cc5681eb5b3e49a9,
Execution Time for Trace ID 5ccc74cf88937df3cc5681eb5b3e49a9: 36 ms
Input: 1000000,
Cold Start: false
Unique ID: 92d7e6875d7efb9d162041cc44e86e34,
Execution Time for Trace ID 92d7e6875d7efb9d162041cc44e86e34: 36 ms
Input: 1000000,
Cold Start: false
Unique ID: a8029cb987195b6b55dfc0eda82cb13e,
Execution Time for Trace ID a8029cb987195b6b55dfc0eda82cb13e: 36 ms
Input: 1000000,
Cold Start: false
Unique ID: cd7f4a3ec4fa75107c0745ef7fa6d1d3,
Execution Time for Trace ID cd7f4a3ec4fa75107c0745ef7fa6d1d3: 37 ms
Input: 1000000,
Cold Start: false
Unique ID: 0cba9c330c526cc61338afdf6d6f644e,
Execution Time for Trace ID 0cba9c330c526cc61338afdf6d6f644e: 37 ms
Input: 1000000,
Cold Start: false
Unique ID: 2b5e4aa30378ae16619f15e7fae0ce5a,
Execution Time for Trace ID 2b5e4aa30378ae16619f15e7fae0ce5a: 38 ms
Input: 1000000,
Cold Start: false
Unique ID: ad3d3f45113533c55102429cd541c654,
Execution Time for Trace ID ad3d3f45113533c55102429cd541c654: 38 ms
Input: 1000000,
Cold Start: false
Unique ID: 5e79064db91bf84d0c2b92fee7184c38,
Execution Time for Trace ID 5e79064db91bf84d0c2b92fee7184c38: 37 ms
Input: 1000000,
Cold Start: false
Unique ID: ab6b8566d59c151393709d17815807b6,
Execution Time for Trace ID ab6b8566d59c151393709d17815807b6: 36 ms
Input: 1000000,
Cold Start: false
Unique ID: 8634db47b26f98fd8178130c9d1d95fe,
Execution Time for Trace ID 8634db47b26f98fd8178130c9d1d95fe: 36 ms
Input: 1000000,
Cold Start: false
Unique ID: 082d9661f8a1e27c30c6b8c29490e028,
Execution Time for Trace ID 082d9661f8a1e27c30c6b8c29490e028: 38 ms
Input: 1000000,
Cold Start: false
Unique ID: b90540aa62d88aed3e3fd31c7ade4e22,
Execution Time for Trace ID b90540aa62d88aed3e3fd31c7ade4e22: 37 ms
Input: 1000000,
Cold Start: false
Unique ID: 71cddbb44ce5009a1fc0019c91fcbe07,
Execution Time for Trace ID 71cddbb44ce5009a1fc0019c91fcbe07: 37 ms
Input: 1000000,
Cold Start: false
Unique ID: 11307e14bab5c879f9d82f15647b5a9e,
Execution Time for Trace ID 11307e14bab5c879f9d82f15647b5a9e: 38 ms
Input: 1000000,
Cold Start: false
Unique ID: 9020ff12aa45c247f36388c83fd469bb,
Execution Time for Trace ID 9020ff12aa45c247f36388c83fd469bb: 37 ms
Input: 1000000,
Cold Start: false
Unique ID: 894d31c90e7f9cc9f325501db6d58aa4,
Execution Time for Trace ID 894d31c90e7f9cc9f325501db6d58aa4: 36 ms
Input: 1000000,
Cold Start: false
Unique ID: ad09b4f01d9fecfb48a9ed673efb283b,
Execution Time for Trace ID ad09b4f01d9fecfb48a9ed673efb283b: 40 ms
Input: 1000000,
Cold Start: false
Unique ID: 3d6dcc6a062f41b37b82677c683f99f6,
Execution Time for Trace ID 3d6dcc6a062f41b37b82677c683f99f6: 37 ms
Input: 1000000,
Cold Start: false
Unique ID: 530b33ce07c6554287357616d824cd5f,
Execution Time for Trace ID 530b33ce07c6554287357616d824cd5f: 36 ms
Input: 1000000,
Cold Start: false
Unique ID: 8eeb6bafea295f0e844427637b5d8734,
Execution Time for Trace ID 8eeb6bafea295f0e844427637b5d8734: 36 ms
Input: 1000000,
Cold Start: false
Unique ID: 3309674e726f603167f65b5664841721,
Execution Time for Trace ID 3309674e726f603167f65b5664841721: 37 ms
Input: 1000000,
Cold Start: false
Unique ID: f60c38a1da8cec827ac3eb4fc840c0bd,
Execution Time for Trace ID f60c38a1da8cec827ac3eb4fc840c0bd: 37 ms
Input: 1000000,
Cold Start: false
Unique ID: 9d0b076fd51043e7788713f29c979043,
Execution Time for Trace ID 9d0b076fd51043e7788713f29c979043: 37 ms
Input: 1000000,
Cold Start: false
Unique ID: d257f6f8f5af601495b597f82ef41c7c,
Execution Time for Trace ID d257f6f8f5af601495b597f82ef41c7c: 36 ms
Input: 1000000,
Cold Start: false
Unique ID: 54888d2c357e8a46690c1a1048cb8919,
Execution Time for Trace ID 54888d2c357e8a46690c1a1048cb8919: 37 ms
Input: 1000000,
Cold Start: false
Unique ID: 4aea33b13cdc333ed4bf5518913eace1,
Execution Time for Trace ID 4aea33b13cdc333ed4bf5518913eace1: 38 ms
Input: 1000000,
Cold Start: false
Unique ID: 796d3809a9cf5d7736207a7379ae23e6,
Execution Time for Trace ID 796d3809a9cf5d7736207a7379ae23e6: 36 ms
Input: 1000000,
Cold Start: false
Unique ID: 2ea58c62dc1a69b4e67941f6ed4476d7,
Execution Time for Trace ID 2ea58c62dc1a69b4e67941f6ed4476d7: 36 ms
Input: 1000000,
Cold Start: false
Unique ID: 22128505fa49361972b67e6f5fe47806,
Execution Time for Trace ID 22128505fa49361972b67e6f5fe47806: 36 ms
Input: 1000000,
Cold Start: false
Unique ID: 78a08a625eb7f850c4b686d6d8dcec7e,
Execution Time for Trace ID 78a08a625eb7f850c4b686d6d8dcec7e: 36 ms
Input: 1000000,
Cold Start: false
Unique ID: 9c13df8959fa46cd570930a7f53e894d,
Execution Time for Trace ID 9c13df8959fa46cd570930a7f53e894d: 41 ms
Input: 1000000,
Cold Start: false
Unique ID: 67fa895a7f86b67fc6b7095e9d33f715,
Execution Time for Trace ID 67fa895a7f86b67fc6b7095e9d33f715: 56 ms
Input: 1000000,
Cold Start: false
Unique ID: 59fd70a6a2471bf4a7d654a07c83b972,
Execution Time for Trace ID 59fd70a6a2471bf4a7d654a07c83b972: 39 ms
Input: 1000000,
Cold Start: false
Unique ID: 3efba900dfd51fdab76444df2be0022e,
Execution Time for Trace ID 3efba900dfd51fdab76444df2be0022e: 36 ms
Input: 1000000,
Cold Start: false
Unique ID: 3d8b998c3593378cc4e0f3a21a8cb667,
Execution Time for Trace ID 3d8b998c3593378cc4e0f3a21a8cb667: 44 ms
Input: 1000000,
Cold Start: false
Unique ID: a5300a5d4b062caca554924e25b12814,
Execution Time for Trace ID a5300a5d4b062caca554924e25b12814: 88 ms
Input: 1000000,
Cold Start: false
Unique ID: 36bf7df061c6854da287dccd32649988,
Execution Time for Trace ID 36bf7df061c6854da287dccd32649988: 74 ms
Input: 1000000,
Cold Start: false
Unique ID: 56d2e4977c2d2919600ae6e4d9520d46,
Execution Time for Trace ID 56d2e4977c2d2919600ae6e4d9520d46: 38 ms
Input: 1000000,
Cold Start: false
Unique ID: da8e6aeb86d2d94b1c292dda75823270,
Execution Time for Trace ID da8e6aeb86d2d94b1c292dda75823270: 37 ms
Input: 1000000,
Cold Start: false
Unique ID: eb30c3ecd5375b2b468e8e389f4ad200,
Execution Time for Trace ID eb30c3ecd5375b2b468e8e389f4ad200: 70 ms
Input: 1000000,
Cold Start: false
Unique ID: 13b24eb706a5137c68185c40d1717a24,
Execution Time for Trace ID 13b24eb706a5137c68185c40d1717a24: 38 ms
Input: 1000000,
Cold Start: false
Unique ID: b1aa04461fcd5a1c7521fbc8aa8c10e4,
Execution Time for Trace ID b1aa04461fcd5a1c7521fbc8aa8c10e4: 36 ms
Input: 1000000,
Cold Start: false
Unique ID: 189445169b408131d49beacbadfe7173,
Execution Time for Trace ID 189445169b408131d49beacbadfe7173: 37 ms
Input: 1000000,
Cold Start: false
Unique ID: 5a110f145c27168d5f2ecc7136a986fb,
Execution Time for Trace ID 5a110f145c27168d5f2ecc7136a986fb: 37 ms
Input: 1000000,
Cold Start: false
Unique ID: cbfe40a7df8b62b2b99efbd595bab338,
Execution Time for Trace ID cbfe40a7df8b62b2b99efbd595bab338: 37 ms
Input: 1000000,
Cold Start: false
Unique ID: 2aa93650cbbda3ed45ac0797e1bdd310,
Execution Time for Trace ID 2aa93650cbbda3ed45ac0797e1bdd310: 39 ms
Input: 1000000,
Cold Start: false
Unique ID: ec48f6738269e852fee23389a8bf2211,
Execution Time for Trace ID ec48f6738269e852fee23389a8bf2211: 84 ms
Input: 1000000,
Cold Start: false
Unique ID: 472b4d7d7dbaac66cf1841fc27cce783,
Execution Time for Trace ID 472b4d7d7dbaac66cf1841fc27cce783: 37 ms
Input: 1000000,
Cold Start: false
Unique ID: c2c01446a6321b8e3a32b2e908b88e67,
Execution Time for Trace ID c2c01446a6321b8e3a32b2e908b88e67: 37 ms
Input: 1000000,
Cold Start: false
Unique ID: 29fb77fb4160d6a27655b11f91394a35,
Execution Time for Trace ID 29fb77fb4160d6a27655b11f91394a35: 36 ms
Input: 1000000,
Cold Start: false
Unique ID: 6bfe1337902f9d185ca88200ebc96042,
Execution Time for Trace ID 6bfe1337902f9d185ca88200ebc96042: 36 ms
Input: 1000000,
Cold Start: false
Unique ID: 2dd62c7841e64658bfc6e0d13ab673e2,
Execution Time for Trace ID 2dd62c7841e64658bfc6e0d13ab673e2: 36 ms
Input: 1000000,
Cold Start: false
Unique ID: 42fa3a155251e718680b5172d62a51d7,
Execution Time for Trace ID 42fa3a155251e718680b5172d62a51d7: 38 ms
Input: 1000000,
Cold Start: false
Unique ID: d507ba88edf9af36364a70f4393c946b,
Execution Time for Trace ID d507ba88edf9af36364a70f4393c946b: 36 ms
Input: 1000000,
Cold Start: false
Unique ID: 4265251a5251afedf614c448f65f0890,
Execution Time for Trace ID 4265251a5251afedf614c448f65f0890: 45 ms
Input: 1000000,
Cold Start: false
Unique ID: 9eb4e841a721e9f6818f068e7da7b857,
Execution Time for Trace ID 9eb4e841a721e9f6818f068e7da7b857: 39 ms
Input: 1000000,
Cold Start: false
Unique ID: 607128e2d2d64aa21da9d548b463406a,
Execution Time for Trace ID 607128e2d2d64aa21da9d548b463406a: 36 ms
Input: 1000000,
Cold Start: false
Unique ID: 2f93d7b21dcc10989ca7815d0172fb2b,
Execution Time for Trace ID 2f93d7b21dcc10989ca7815d0172fb2b: 37 ms
Input: 1000000,
Cold Start: false
Unique ID: b9421f27002964c8418583331f67b932,
Execution Time for Trace ID b9421f27002964c8418583331f67b932: 36 ms
Input: 1000000,
Cold Start: false
Unique ID: 91c1f223fe78630d35f2ffcd1d5549d2,
Execution Time for Trace ID 91c1f223fe78630d35f2ffcd1d5549d2: 36 ms
Input: 1000000,
Cold Start: false
Unique ID: 77dc7f349308093285951cd803a02a0b,
Execution Time for Trace ID 77dc7f349308093285951cd803a02a0b: 37 ms
Input: 1000000,
Cold Start: false
Unique ID: becf7c0b3a0c7502161b6cfd0a26f0d0,
Execution Time for Trace ID becf7c0b3a0c7502161b6cfd0a26f0d0: 36 ms
Input: 1000000,
Cold Start: false
Unique ID: e184843290703437745c9594ef3cac3b,
Execution Time for Trace ID e184843290703437745c9594ef3cac3b: 36 ms
Input: 1000000,
Cold Start: false
Unique ID: 3f6499014b327ac509778b3aa2233cb7,
Execution Time for Trace ID 3f6499014b327ac509778b3aa2233cb7: 37 ms
Input: 1000000,
Cold Start: false
Unique ID: c13d9f708db7db9ae7e4814eee73639d,
Execution Time for Trace ID c13d9f708db7db9ae7e4814eee73639d: 38 ms
Input: 1000000,
Cold Start: false
Unique ID: 911f454deb17912bcfe8837a0702105d,
Execution Time for Trace ID 911f454deb17912bcfe8837a0702105d: 36 ms
Input: 1000000,
Cold Start: false
Unique ID: 80135a784cd6f18143813c0dec1b6cfc,
Execution Time for Trace ID 80135a784cd6f18143813c0dec1b6cfc: 37 ms
Input: 1000000,
Cold Start: false
Unique ID: 0a8258afdf6e2d427869bdbc2e39c11e,
Execution Time for Trace ID 0a8258afdf6e2d427869bdbc2e39c11e: 37 ms
Input: 1000000,
Cold Start: false
Unique ID: 72d048d6bd56d13d3c486f3c07406d37,
Execution Time for Trace ID 72d048d6bd56d13d3c486f3c07406d37: 37 ms
Input: 1000000,
Cold Start: false
Unique ID: 54b88d6431a64df0238bccaecfb81aa6,
Execution Time for Trace ID 54b88d6431a64df0238bccaecfb81aa6: 37 ms
Input: 1000000,
Cold Start: false
Unique ID: ce1b5c61051f21e824e598ec56f552e9,
Execution Time for Trace ID ce1b5c61051f21e824e598ec56f552e9: 36 ms
Input: 1000000,
Cold Start: false
Unique ID: c374d3aabc29198fb8953056d2c0c462,
Execution Time for Trace ID c374d3aabc29198fb8953056d2c0c462: 36 ms
Input: 1000000,
Cold Start: false
Unique ID: 825cd8153f2adea2b36ac7541fa6a66d,
Execution Time for Trace ID 825cd8153f2adea2b36ac7541fa6a66d: 36 ms
Input: 1000000,
Cold Start: false
Unique ID: ff23b3a00c0dca9586eb7838e7038caf,
Execution Time for Trace ID ff23b3a00c0dca9586eb7838e7038caf: 36 ms
Input: 1000000,
Cold Start: false
Unique ID: 51ce66adc9b2576f63ad891675dd8709,
Execution Time for Trace ID 51ce66adc9b2576f63ad891675dd8709: 60 ms
Input: 1000000,
Cold Start: false
Unique ID: db3230ebf0d3c7637646c245d49474aa,
Execution Time for Trace ID db3230ebf0d3c7637646c245d49474aa: 38 ms
Input: 1000000,
Cold Start: false
Unique ID: 99a074f9e375cd1123935c4be3dc5207,
Execution Time for Trace ID 99a074f9e375cd1123935c4be3dc5207: 37 ms
Input: 1000000,
Cold Start: false
Unique ID: b40ad5ec083c22f9ea7623ed46396156,
Execution Time for Trace ID b40ad5ec083c22f9ea7623ed46396156: 36 ms
Input: 1000000,
Cold Start: false
