Unique ID: 2c78c27d-fba5-46fa-a0bf-e9cedd1a6b38,
Billed Duration for Request 2c78c27d-fba5-46fa-a0bf-e9cedd1a6b38: 115 ms
Pi: 3.141656,
Input: 1000000,
Cold Start: false
Unique ID: 5f8b01a9-6d4a-4774-8bed-04ab1cb4076c,
Billed Duration for Request 5f8b01a9-6d4a-4774-8bed-04ab1cb4076c: 107 ms
Pi: 3.142808,
Input: 1000000,
Cold Start: false
Unique ID: 4d459e32-81ad-43bc-a249-0412dc3c9d59,
Billed Duration for Request 4d459e32-81ad-43bc-a249-0412dc3c9d59: 89 ms
Pi: 3.14304,
Input: 1000000,
Cold Start: false
Unique ID: 5525b5de-cb35-4c51-9b44-1585daeab805,
Billed Duration for Request 5525b5de-cb35-4c51-9b44-1585daeab805: 111 ms
Pi: 3.139316,
Input: 1000000,
Cold Start: false
Unique ID: 246d576c-98b4-468c-9bd3-22db05fe9b58,
Billed Duration for Request 246d576c-98b4-468c-9bd3-22db05fe9b58: 89 ms
Pi: 3.1421,
Input: 1000000,
Cold Start: false
Unique ID: c3f33e98-d2fe-4b28-a77f-41ab9d8a983f,
Billed Duration for Request c3f33e98-d2fe-4b28-a77f-41ab9d8a983f: 106 ms
Pi: 3.142696,
Input: 1000000,
Cold Start: false
Unique ID: 3faff7b6-f5b8-423b-b0a4-05cca125cdd3,
Billed Duration for Request 3faff7b6-f5b8-423b-b0a4-05cca125cdd3: 93 ms
Pi: 3.142556,
Input: 1000000,
Cold Start: false
Unique ID: 19c1befd-d66d-4ef8-8e02-0b07eacade3a,
Billed Duration for Request 19c1befd-d66d-4ef8-8e02-0b07eacade3a: 97 ms
Pi: 3.142228,
Input: 1000000,
Cold Start: false
Unique ID: fe454c91-ba73-45c2-9787-76502b42cc4a,
Billed Duration for Request fe454c91-ba73-45c2-9787-76502b42cc4a: 103 ms
Pi: 3.139308,
Input: 1000000,
Cold Start: false
Unique ID: a5c5794d-b7d2-4a79-abab-25c625e84f90,
Billed Duration for Request a5c5794d-b7d2-4a79-abab-25c625e84f90: 93 ms
Pi: 3.140596,
Input: 1000000,
Cold Start: false
Unique ID: 6b65432f-6ce4-44f4-ac61-e102ddeddc46,
Billed Duration for Request 6b65432f-6ce4-44f4-ac61-e102ddeddc46: 94 ms
Pi: 3.1426,
Input: 1000000,
Cold Start: false
Unique ID: a7c27ba3-7b2f-4c23-85ba-660ed859146d,
Billed Duration for Request a7c27ba3-7b2f-4c23-85ba-660ed859146d: 94 ms
Pi: 3.141176,
Input: 1000000,
Cold Start: false
Unique ID: 460eb9ca-d7de-43bb-b3b5-d0dec3d2d92c,
Billed Duration for Request 460eb9ca-d7de-43bb-b3b5-d0dec3d2d92c: 93 ms
Pi: 3.139104,
Input: 1000000,
Cold Start: false
Unique ID: 5fc6409a-ab44-4615-89bc-5f8e6ddd25c4,
Billed Duration for Request 5fc6409a-ab44-4615-89bc-5f8e6ddd25c4: 97 ms
Pi: 3.142604,
Input: 1000000,
Cold Start: false
Unique ID: 4e14d9b5-a73c-44ba-9eab-a9ea2fde162b,
Billed Duration for Request 4e14d9b5-a73c-44ba-9eab-a9ea2fde162b: 97 ms
Pi: 3.141472,
Input: 1000000,
Cold Start: false
Unique ID: 5eb905a7-41cc-40ea-9d04-f8844394db85,
Billed Duration for Request 5eb905a7-41cc-40ea-9d04-f8844394db85: 93 ms
Pi: 3.140968,
Input: 1000000,
Cold Start: false
Unique ID: ace9683b-847d-4803-b692-1db60d1b0382,
Billed Duration for Request ace9683b-847d-4803-b692-1db60d1b0382: 93 ms
Pi: 3.140916,
Input: 1000000,
Cold Start: false
Unique ID: fb710fd0-b1f9-4d8f-9cd9-8e0fda666706,
Billed Duration for Request fb710fd0-b1f9-4d8f-9cd9-8e0fda666706: 93 ms
Pi: 3.141296,
Input: 1000000,
Cold Start: false
Unique ID: 368a3f4f-a86b-4aef-a980-36b8c332bb98,
Billed Duration for Request 368a3f4f-a86b-4aef-a980-36b8c332bb98: 98 ms
Pi: 3.14476,
Input: 1000000,
Cold Start: false
Unique ID: 3fdd3fff-4d0c-4383-82bd-459fd437e755,
Billed Duration for Request 3fdd3fff-4d0c-4383-82bd-459fd437e755: 93 ms
Pi: 3.13806,
Input: 1000000,
Cold Start: false
Unique ID: 5535c200-8c37-44de-b7af-e2f6153cd2ba,
Billed Duration for Request 5535c200-8c37-44de-b7af-e2f6153cd2ba: 94 ms
Pi: 3.14328,
Input: 1000000,
Cold Start: false
Unique ID: 01fb5ba3-f8b9-49a8-a8ad-91c85c6e0dee,
Billed Duration for Request 01fb5ba3-f8b9-49a8-a8ad-91c85c6e0dee: 105 ms
Pi: 3.144392,
Input: 1000000,
Cold Start: false
Unique ID: b4506c50-6ed6-4686-bcfd-217a13b9a861,
Billed Duration for Request b4506c50-6ed6-4686-bcfd-217a13b9a861: 97 ms
Pi: 3.142036,
Input: 1000000,
Cold Start: false
Unique ID: 0f8981ef-18ef-4a97-a445-fa957e29c8a8,
Billed Duration for Request 0f8981ef-18ef-4a97-a445-fa957e29c8a8: 97 ms
Pi: 3.144392,
Input: 1000000,
Cold Start: false
Unique ID: c79b4211-0df6-45b3-ae5d-aa6008d6fdff,
Billed Duration for Request c79b4211-0df6-45b3-ae5d-aa6008d6fdff: 93 ms
Pi: 3.141704,
Input: 1000000,
Cold Start: false
Unique ID: e3788d06-b650-4313-82da-f036cdabf87e,
Billed Duration for Request e3788d06-b650-4313-82da-f036cdabf87e: 107 ms
Pi: 3.141152,
Input: 1000000,
Cold Start: false
Unique ID: a54ad8fc-1e42-4116-9531-f40d3ec1644a,
Billed Duration for Request a54ad8fc-1e42-4116-9531-f40d3ec1644a: 94 ms
Pi: 3.141344,
Input: 1000000,
Cold Start: false
Unique ID: 3b547ce6-bb55-43ce-a6e1-ed8e85e690fb,
Billed Duration for Request 3b547ce6-bb55-43ce-a6e1-ed8e85e690fb: 93 ms
Pi: 3.141172,
Input: 1000000,
Cold Start: false
Unique ID: 4b110d7c-b899-4236-aaed-35991e20804a,
Billed Duration for Request 4b110d7c-b899-4236-aaed-35991e20804a: 93 ms
Pi: 3.138752,
Input: 1000000,
Cold Start: false
Unique ID: 8f0f73d1-857b-464c-ae5b-fc127fc12332,
Billed Duration for Request 8f0f73d1-857b-464c-ae5b-fc127fc12332: 93 ms
Pi: 3.140732,
Input: 1000000,
Cold Start: false
Unique ID: 0e27d036-3388-4c57-8e6a-a29b1359463d,
Billed Duration for Request 0e27d036-3388-4c57-8e6a-a29b1359463d: 94 ms
Pi: 3.14002,
Input: 1000000,
Cold Start: false
Unique ID: efdc2ed4-7ada-4775-81e9-407cd6230553,
Billed Duration for Request efdc2ed4-7ada-4775-81e9-407cd6230553: 95 ms
Pi: 3.140356,
Input: 1000000,
Cold Start: false
Unique ID: 862b8c85-34b2-4109-bbcf-cc68be658863,
Billed Duration for Request 862b8c85-34b2-4109-bbcf-cc68be658863: 105 ms
Pi: 3.140212,
Input: 1000000,
Cold Start: false
Unique ID: 5569a14c-f2a9-4289-9bc0-49613601868c,
Billed Duration for Request 5569a14c-f2a9-4289-9bc0-49613601868c: 97 ms
Pi: 3.143596,
Input: 1000000,
Cold Start: false
Unique ID: 02dddf7d-71c3-4129-8be8-f5c0fcaee05e,
Billed Duration for Request 02dddf7d-71c3-4129-8be8-f5c0fcaee05e: 93 ms
Pi: 3.142344,
Input: 1000000,
Cold Start: false
Unique ID: f5517182-d6f9-40ef-8ec9-d7f46b5335ab,
Billed Duration for Request f5517182-d6f9-40ef-8ec9-d7f46b5335ab: 92 ms
Pi: 3.14198,
Input: 1000000,
Cold Start: false
Unique ID: aadae8eb-46c5-4fd5-86fc-80a57686c433,
Billed Duration for Request aadae8eb-46c5-4fd5-86fc-80a57686c433: 93 ms
Pi: 3.139372,
Input: 1000000,
Cold Start: false
Unique ID: 90e76c79-785e-463e-a4dd-2bc8dbe8c913,
Billed Duration for Request 90e76c79-785e-463e-a4dd-2bc8dbe8c913: 93 ms
Pi: 3.141396,
Input: 1000000,
Cold Start: false
Unique ID: 6648a43a-cf17-489a-aa66-e46e7d3e0bd1,
Billed Duration for Request 6648a43a-cf17-489a-aa66-e46e7d3e0bd1: 94 ms
Pi: 3.144116,
Input: 1000000,
Cold Start: false
Unique ID: b5b87e88-6688-4446-ad51-36b04590641c,
Billed Duration for Request b5b87e88-6688-4446-ad51-36b04590641c: 94 ms
Pi: 3.138892,
Input: 1000000,
Cold Start: false
Unique ID: 720f6b76-47c5-478e-95ba-53ac2b6f3a01,
Billed Duration for Request 720f6b76-47c5-478e-95ba-53ac2b6f3a01: 93 ms
Pi: 3.142504,
Input: 1000000,
Cold Start: false
Unique ID: 12e9b43f-e7ec-4558-b2c2-6f57df8c327e,
Billed Duration for Request 12e9b43f-e7ec-4558-b2c2-6f57df8c327e: 94 ms
Pi: 3.142312,
Input: 1000000,
Cold Start: false
Unique ID: 9da3627a-e6c3-4308-9442-9afa830b0be9,
Billed Duration for Request 9da3627a-e6c3-4308-9442-9afa830b0be9: 97 ms
Pi: 3.140576,
Input: 1000000,
Cold Start: false
Unique ID: 373e28c9-01db-4c76-bf5c-66e33ad7b7e6,
Billed Duration for Request 373e28c9-01db-4c76-bf5c-66e33ad7b7e6: 93 ms
Pi: 3.142524,
Input: 1000000,
Cold Start: false
Unique ID: c265f607-a975-4a49-a478-a5f858af0070,
Billed Duration for Request c265f607-a975-4a49-a478-a5f858af0070: 107 ms
Pi: 3.139972,
Input: 1000000,
Cold Start: false
Unique ID: 1953f7db-b721-4426-aaa3-097eceea931d,
Billed Duration for Request 1953f7db-b721-4426-aaa3-097eceea931d: 92 ms
Pi: 3.141396,
Input: 1000000,
Cold Start: false
Unique ID: 76b83ce8-3a1a-4f08-a158-5d1978165889,
Billed Duration for Request 76b83ce8-3a1a-4f08-a158-5d1978165889: 92 ms
Pi: 3.141416,
Input: 1000000,
Cold Start: false
Unique ID: 585ff79d-952f-4ca4-a6e7-2e3a7be831f4,
Billed Duration for Request 585ff79d-952f-4ca4-a6e7-2e3a7be831f4: 93 ms
Pi: 3.142152,
Input: 1000000,
Cold Start: false
Unique ID: f33eb2c2-72eb-4376-be6d-df034918e5ab,
Billed Duration for Request f33eb2c2-72eb-4376-be6d-df034918e5ab: 93 ms
Pi: 3.140112,
Input: 1000000,
Cold Start: false
Unique ID: c1f7e876-6b2f-471b-877e-04f23ef90611,
Billed Duration for Request c1f7e876-6b2f-471b-877e-04f23ef90611: 97 ms
Pi: 3.14232,
Input: 1000000,
Cold Start: false
Unique ID: bcc50782-0a8e-47e1-8e9a-5b5c897ca16d,
Billed Duration for Request bcc50782-0a8e-47e1-8e9a-5b5c897ca16d: 96 ms
Pi: 3.141772,
Input: 1000000,
Cold Start: false
Unique ID: 9a8ece44-5c67-47d5-9539-8f880e095f41,
Billed Duration for Request 9a8ece44-5c67-47d5-9539-8f880e095f41: 92 ms
Pi: 3.13976,
Input: 1000000,
Cold Start: false
Unique ID: 018f38fd-eef5-4a74-b427-94e12079fded,
Billed Duration for Request 018f38fd-eef5-4a74-b427-94e12079fded: 92 ms
Pi: 3.14054,
Input: 1000000,
Cold Start: false
Unique ID: eab0eee5-9c73-453c-908f-3903bfffe14e,
Billed Duration for Request eab0eee5-9c73-453c-908f-3903bfffe14e: 93 ms
Pi: 3.140548,
Input: 1000000,
Cold Start: false
Unique ID: ef2dd814-c371-4f1a-94f3-aa44314f7e90,
Billed Duration for Request ef2dd814-c371-4f1a-94f3-aa44314f7e90: 92 ms
Pi: 3.142844,
Input: 1000000,
Cold Start: false
Unique ID: 78a53b18-06e0-4bd4-af71-3bfd1f6ac66d,
Billed Duration for Request 78a53b18-06e0-4bd4-af71-3bfd1f6ac66d: 92 ms
Pi: 3.142132,
Input: 1000000,
Cold Start: false
Unique ID: 591d312d-83d4-47b9-8927-0279fea7fa29,
Billed Duration for Request 591d312d-83d4-47b9-8927-0279fea7fa29: 93 ms
Pi: 3.1404,
Input: 1000000,
Cold Start: false
Unique ID: 2b517754-188c-4894-b0dc-a1ff3b8939c2,
Billed Duration for Request 2b517754-188c-4894-b0dc-a1ff3b8939c2: 94 ms
Pi: 3.142104,
Input: 1000000,
Cold Start: false
Unique ID: ad76b37d-90db-414a-972a-72d5a68a98c1,
Billed Duration for Request ad76b37d-90db-414a-972a-72d5a68a98c1: 97 ms
Pi: 3.141592,
Input: 1000000,
Cold Start: false
Unique ID: da9493c0-5b41-49e7-98c4-69418156498d,
Billed Duration for Request da9493c0-5b41-49e7-98c4-69418156498d: 92 ms
Pi: 3.14354,
Input: 1000000,
Cold Start: false
Unique ID: 182e246c-d110-4f9b-8794-ad2d160555e8,
Billed Duration for Request 182e246c-d110-4f9b-8794-ad2d160555e8: 97 ms
Pi: 3.1416,
Input: 1000000,
Cold Start: false
Unique ID: 1a2d9b08-704a-4b2f-9fd7-2cf961297f9f,
Billed Duration for Request 1a2d9b08-704a-4b2f-9fd7-2cf961297f9f: 92 ms
Pi: 3.141752,
Input: 1000000,
Cold Start: false
Unique ID: efd4de30-7fcc-4e1a-8623-be4f463547cb,
Billed Duration for Request efd4de30-7fcc-4e1a-8623-be4f463547cb: 93 ms
Pi: 3.140744,
Input: 1000000,
Cold Start: false
Unique ID: c359d058-e0c4-451f-8689-d766be914a31,
Billed Duration for Request c359d058-e0c4-451f-8689-d766be914a31: 93 ms
Pi: 3.141936,
Input: 1000000,
Cold Start: false
Unique ID: e77ebd49-52cc-49f9-b41f-9f5df5e39490,
Billed Duration for Request e77ebd49-52cc-49f9-b41f-9f5df5e39490: 92 ms
Pi: 3.141312,
Input: 1000000,
Cold Start: false
Unique ID: 77ad7ac0-36c2-4661-8b14-1bd623c2711c,
Billed Duration for Request 77ad7ac0-36c2-4661-8b14-1bd623c2711c: 95 ms
Pi: 3.141328,
Input: 1000000,
Cold Start: false
Unique ID: 1f796c6d-f8fa-4ae4-a4d9-1b772c7c177c,
Billed Duration for Request 1f796c6d-f8fa-4ae4-a4d9-1b772c7c177c: 92 ms
Pi: 3.140096,
Input: 1000000,
Cold Start: false
Unique ID: cd1c1157-8712-4140-a7dc-3c4eef577873,
Billed Duration for Request cd1c1157-8712-4140-a7dc-3c4eef577873: 96 ms
Pi: 3.140712,
Input: 1000000,
Cold Start: false
Unique ID: 97db1d33-dffb-4061-971e-2596f6748d39,
Billed Duration for Request 97db1d33-dffb-4061-971e-2596f6748d39: 94 ms
Pi: 3.14288,
Input: 1000000,
Cold Start: false
Unique ID: 4c15064a-6418-4e73-8940-60b99649a375,
Billed Duration for Request 4c15064a-6418-4e73-8940-60b99649a375: 93 ms
Pi: 3.141088,
Input: 1000000,
Cold Start: false
Unique ID: a067547b-126b-4b7f-b94e-7856e61dd0cd,
Billed Duration for Request a067547b-126b-4b7f-b94e-7856e61dd0cd: 93 ms
Pi: 3.142464,
Input: 1000000,
Cold Start: false
Unique ID: 55d6eeec-6cb8-46e5-b14e-71d7abc1fec8,
Billed Duration for Request 55d6eeec-6cb8-46e5-b14e-71d7abc1fec8: 94 ms
Pi: 3.143492,
Input: 1000000,
Cold Start: false
Unique ID: a7da9106-d550-4097-96f4-c1da5c5d8ea4,
Billed Duration for Request a7da9106-d550-4097-96f4-c1da5c5d8ea4: 92 ms
Pi: 3.144072,
Input: 1000000,
Cold Start: false
Unique ID: 14a94582-6b72-4004-a537-0ee1ec663ed5,
Billed Duration for Request 14a94582-6b72-4004-a537-0ee1ec663ed5: 96 ms
Pi: 3.142328,
Input: 1000000,
Cold Start: false
Unique ID: c75f68a8-1749-44ab-b7ea-6f31535da6bb,
Billed Duration for Request c75f68a8-1749-44ab-b7ea-6f31535da6bb: 101 ms
Pi: 3.143264,
Input: 1000000,
Cold Start: false
Unique ID: 19fc2c17-1ef8-4d6a-871b-c0fc857be7b1,
Billed Duration for Request 19fc2c17-1ef8-4d6a-871b-c0fc857be7b1: 92 ms
Pi: 3.138952,
Input: 1000000,
Cold Start: false
Unique ID: 3691b485-4493-4f27-8ad6-6f8158e58760,
Billed Duration for Request 3691b485-4493-4f27-8ad6-6f8158e58760: 105 ms
Pi: 3.141884,
Input: 1000000,
Cold Start: false
Unique ID: fd3e97e6-8b91-47ee-af1b-a025bf29a015,
Billed Duration for Request fd3e97e6-8b91-47ee-af1b-a025bf29a015: 100 ms
Pi: 3.14236,
Input: 1000000,
Cold Start: false
Unique ID: c3d83dce-4abd-4b4c-a151-760d969ac379,
Billed Duration for Request c3d83dce-4abd-4b4c-a151-760d969ac379: 97 ms
Pi: 3.139324,
Input: 1000000,
Cold Start: false
Unique ID: b66709fb-8724-443c-9fdd-050c0502859f,
Billed Duration for Request b66709fb-8724-443c-9fdd-050c0502859f: 88 ms
Pi: 3.141836,
Input: 1000000,
Cold Start: false
Unique ID: 73c99e1a-a08d-44f6-b78c-0355f255a2f8,
Billed Duration for Request 73c99e1a-a08d-44f6-b78c-0355f255a2f8: 92 ms
Pi: 3.141212,
Input: 1000000,
Cold Start: false
Unique ID: fc5a4351-2bde-4ce5-a0cf-3f24b92f66e5,
Billed Duration for Request fc5a4351-2bde-4ce5-a0cf-3f24b92f66e5: 94 ms
Pi: 3.139684,
Input: 1000000,
Cold Start: false
Unique ID: 01334813-500f-405a-8c37-656424b6fb52,
Billed Duration for Request 01334813-500f-405a-8c37-656424b6fb52: 96 ms
Pi: 3.140904,
Input: 1000000,
Cold Start: false
Unique ID: d31b0587-a522-4e3d-a369-bcb76f8acc6d,
Billed Duration for Request d31b0587-a522-4e3d-a369-bcb76f8acc6d: 104 ms
Pi: 3.140256,
Input: 1000000,
Cold Start: false
Unique ID: e272220d-bb38-4ec4-b0ff-ea7fde272467,
Billed Duration for Request e272220d-bb38-4ec4-b0ff-ea7fde272467: 102 ms
Pi: 3.139532,
Input: 1000000,
Cold Start: false
Unique ID: 65db993e-7e55-488b-a7aa-7c914acf4712,
Billed Duration for Request 65db993e-7e55-488b-a7aa-7c914acf4712: 97 ms
Pi: 3.142592,
Input: 1000000,
Cold Start: false
Unique ID: 1dc9ee0c-503c-4d44-8d24-027a552fc7b1,
Billed Duration for Request 1dc9ee0c-503c-4d44-8d24-027a552fc7b1: 94 ms
Pi: 3.142624,
Input: 1000000,
Cold Start: false
Unique ID: 709693fa-4df3-4a1d-a655-bd335932e427,
Billed Duration for Request 709693fa-4df3-4a1d-a655-bd335932e427: 98 ms
Pi: 3.140056,
Input: 1000000,
Cold Start: false
Unique ID: 4c4a7be0-3fff-4f80-adfa-f00f7b657e8c,
Billed Duration for Request 4c4a7be0-3fff-4f80-adfa-f00f7b657e8c: 97 ms
Pi: 3.1415,
Input: 1000000,
Cold Start: false
Unique ID: 03ac164e-20f9-4572-90c5-86540662ce0b,
Billed Duration for Request 03ac164e-20f9-4572-90c5-86540662ce0b: 92 ms
Pi: 3.143808,
Input: 1000000,
Cold Start: false
Unique ID: de51c047-a841-4210-9fa4-aba0223b584b,
Billed Duration for Request de51c047-a841-4210-9fa4-aba0223b584b: 101 ms
Pi: 3.140108,
Input: 1000000,
Cold Start: false
Unique ID: 96826c78-5d49-4388-abec-aba5e327f947,
Billed Duration for Request 96826c78-5d49-4388-abec-aba5e327f947: 88 ms
Pi: 3.144952,
Input: 1000000,
Cold Start: false
Unique ID: 9e3b1402-0f73-4615-8d57-f9fb5076a6a1,
Billed Duration for Request 9e3b1402-0f73-4615-8d57-f9fb5076a6a1: 105 ms
Pi: 3.143552,
Input: 1000000,
Cold Start: false
Unique ID: f7b03b05-d1e8-439b-b753-06e63ae17642,
Billed Duration for Request f7b03b05-d1e8-439b-b753-06e63ae17642: 92 ms
Pi: 3.143012,
Input: 1000000,
Cold Start: false
Unique ID: 93c0d4f3-fd68-4058-ac93-70f10a38e7a7,
Billed Duration for Request 93c0d4f3-fd68-4058-ac93-70f10a38e7a7: 93 ms
Pi: 3.141484,
Input: 1000000,
Cold Start: false
Unique ID: 20784e33-31d3-4243-b3a3-516b65388e5e,
Billed Duration for Request 20784e33-31d3-4243-b3a3-516b65388e5e: 96 ms
Pi: 3.141276,
Input: 1000000,
Cold Start: false
Unique ID: 3fadb536-4fca-4d0c-b18a-3f478258e3c0,
Billed Duration for Request 3fadb536-4fca-4d0c-b18a-3f478258e3c0: 93 ms
Pi: 3.141312,
Input: 1000000,
Cold Start: false
Unique ID: afaaa65b-04e2-4213-bee7-8ced32771474,
Billed Duration for Request afaaa65b-04e2-4213-bee7-8ced32771474: 88 ms
Pi: 3.141724,
Input: 1000000,
Cold Start: false
Unique ID: ad88c864-d065-4c19-8ac0-eebaf16fd7e2,
Billed Duration for Request ad88c864-d065-4c19-8ac0-eebaf16fd7e2: 92 ms
Pi: 3.140792,
Input: 1000000,
Cold Start: false
Unique ID: ab0b317d-33c7-4945-97b2-c7e7e8eb48cf,
Billed Duration for Request ab0b317d-33c7-4945-97b2-c7e7e8eb48cf: 92 ms
Pi: 3.141988,
Input: 1000000,
Cold Start: false
Unique ID: 17d86a79-e0b4-4776-87f4-574cbc375a70,
Billed Duration for Request 17d86a79-e0b4-4776-87f4-574cbc375a70: 93 ms
Pi: 3.142896,
Input: 1000000,
Cold Start: false
Unique ID: 4935b68d-d3cf-4ea0-a20a-700f2cd20665,
Billed Duration for Request 4935b68d-d3cf-4ea0-a20a-700f2cd20665: 107 ms
Pi: 3.138584,
Input: 1000000,
Cold Start: false
Unique ID: 45258034-a807-42c1-baf0-c4b7459e80ed,
Billed Duration for Request 45258034-a807-42c1-baf0-c4b7459e80ed: 92 ms
Pi: 3.141856,
Input: 1000000,
Cold Start: false
Unique ID: bedb266c-dbeb-494b-987b-379d269d1992,
Billed Duration for Request bedb266c-dbeb-494b-987b-379d269d1992: 93 ms
Pi: 3.140532,
Input: 1000000,
Cold Start: false
Unique ID: 0047555a-66cc-40bd-9539-5745ad9b14d4,
Billed Duration for Request 0047555a-66cc-40bd-9539-5745ad9b14d4: 92 ms
Pi: 3.14104,
Input: 1000000,
Cold Start: false
Unique ID: 63a98319-4596-40b8-9d96-a5a1e2321063,
Billed Duration for Request 63a98319-4596-40b8-9d96-a5a1e2321063: 93 ms
Pi: 3.141176,
Input: 1000000,
Cold Start: false
Unique ID: 3a418c4b-1e3d-454d-82fc-7648695df902,
Billed Duration for Request 3a418c4b-1e3d-454d-82fc-7648695df902: 93 ms
Pi: 3.141876,
Input: 1000000,
Cold Start: false
Unique ID: a4b9876b-6d5b-4220-968a-6ce360f3467f,
Billed Duration for Request a4b9876b-6d5b-4220-968a-6ce360f3467f: 97 ms
Pi: 3.143372,
Input: 1000000,
Cold Start: false
Unique ID: 18cd6c0d-85bc-47ba-9058-65e7895b3000,
Billed Duration for Request 18cd6c0d-85bc-47ba-9058-65e7895b3000: 97 ms
Pi: 3.14522,
Input: 1000000,
Cold Start: false
Unique ID: d64d0308-bc41-4b3c-9df8-a12c4b5e8407,
Billed Duration for Request d64d0308-bc41-4b3c-9df8-a12c4b5e8407: 92 ms
Pi: 3.140008,
Input: 1000000,
Cold Start: false
Unique ID: e99e6b5b-fc52-482d-bda1-c18f4992b814,
Billed Duration for Request e99e6b5b-fc52-482d-bda1-c18f4992b814: 92 ms
Pi: 3.141004,
Input: 1000000,
Cold Start: false
Unique ID: f302808f-d978-438c-836c-4a0c53a55e47,
Billed Duration for Request f302808f-d978-438c-836c-4a0c53a55e47: 94 ms
Pi: 3.14348,
Input: 1000000,
Cold Start: false
Unique ID: e3757e88-dc1a-4e94-9115-d0148a372ecb,
Billed Duration for Request e3757e88-dc1a-4e94-9115-d0148a372ecb: 92 ms
Pi: 3.139764,
Input: 1000000,
Cold Start: false
Unique ID: 711e4a32-0f5a-4b0a-b59b-e6b40a4a5935,
Billed Duration for Request 711e4a32-0f5a-4b0a-b59b-e6b40a4a5935: 105 ms
Pi: 3.142088,
Input: 1000000,
Cold Start: false
Unique ID: bf79cb14-0a1f-4460-93aa-e9ed2cd0f4e8,
Billed Duration for Request bf79cb14-0a1f-4460-93aa-e9ed2cd0f4e8: 92 ms
Pi: 3.143196,
Input: 1000000,
Cold Start: false
Unique ID: 33ef235a-9c58-49cd-9939-59c04b984797,
Billed Duration for Request 33ef235a-9c58-49cd-9939-59c04b984797: 93 ms
Pi: 3.140256,
Input: 1000000,
Cold Start: false
Unique ID: 48e71f7e-8f95-4a87-8a33-4593de8dae0d,
Billed Duration for Request 48e71f7e-8f95-4a87-8a33-4593de8dae0d: 97 ms
Pi: 3.143012,
Input: 1000000,
Cold Start: false
Unique ID: b8eb75f3-a4e2-4265-bd29-1e9486244a33,
Billed Duration for Request b8eb75f3-a4e2-4265-bd29-1e9486244a33: 92 ms
Pi: 3.144432,
Input: 1000000,
Cold Start: false
Unique ID: e8e90a1c-3ab1-47d9-a1b5-89e274e5f98f,
Billed Duration for Request e8e90a1c-3ab1-47d9-a1b5-89e274e5f98f: 94 ms
Pi: 3.141764,
Input: 1000000,
Cold Start: false
Unique ID: 342250fa-5b4f-4b9d-88ba-0c6a4ab138e2,
Billed Duration for Request 342250fa-5b4f-4b9d-88ba-0c6a4ab138e2: 92 ms
Pi: 3.138904,
Input: 1000000,
Cold Start: false
Unique ID: 616a5e0c-940c-4a51-9439-5cc5942ec13d,
Billed Duration for Request 616a5e0c-940c-4a51-9439-5cc5942ec13d: 92 ms
Pi: 3.14284,
Input: 1000000,
Cold Start: false
Unique ID: eaf221a4-0833-494b-8198-be59bfb0d2c0,
Billed Duration for Request eaf221a4-0833-494b-8198-be59bfb0d2c0: 94 ms
Pi: 3.140676,
Input: 1000000,
Cold Start: false
Unique ID: 065fcb6d-ed97-4944-af60-04022162ed5b,
Billed Duration for Request 065fcb6d-ed97-4944-af60-04022162ed5b: 92 ms
Pi: 3.14272,
Input: 1000000,
Cold Start: false
Unique ID: bfdaf0be-4ae4-48c3-8365-8c6e2a3b9b7a,
Billed Duration for Request bfdaf0be-4ae4-48c3-8365-8c6e2a3b9b7a: 93 ms
Pi: 3.14162,
Input: 1000000,
Cold Start: false
Unique ID: 1bca62b3-3cf3-4fca-b2f2-1f669c830a8c,
Billed Duration for Request 1bca62b3-3cf3-4fca-b2f2-1f669c830a8c: 93 ms
Pi: 3.142304,
Input: 1000000,
Cold Start: false
Unique ID: 1559b4e7-c3c0-4865-8bb2-5e129e9f783e,
Billed Duration for Request 1559b4e7-c3c0-4865-8bb2-5e129e9f783e: 94 ms
Pi: 3.139904,
Input: 1000000,
Cold Start: false
Unique ID: 933f7967-7de9-4419-b87f-5b684763df88,
Billed Duration for Request 933f7967-7de9-4419-b87f-5b684763df88: 93 ms
Pi: 3.14314,
Input: 1000000,
Cold Start: false
Unique ID: fdafa69f-48cb-4aa2-98b4-b053bdfd9f6c,
Billed Duration for Request fdafa69f-48cb-4aa2-98b4-b053bdfd9f6c: 93 ms
Pi: 3.138916,
Input: 1000000,
Cold Start: false
Unique ID: d24daaf2-9999-470b-8ceb-c1813890c6dc,
Billed Duration for Request d24daaf2-9999-470b-8ceb-c1813890c6dc: 93 ms
Pi: 3.141284,
Input: 1000000,
Cold Start: false
Unique ID: 67164a08-41fd-4dd9-a53f-0168973b9392,
Billed Duration for Request 67164a08-41fd-4dd9-a53f-0168973b9392: 93 ms
Pi: 3.143704,
Input: 1000000,
Cold Start: false
Unique ID: be0d9187-65a6-494d-b3ce-e54126b0d101,
Billed Duration for Request be0d9187-65a6-494d-b3ce-e54126b0d101: 92 ms
Pi: 3.1423,
Input: 1000000,
Cold Start: false
Unique ID: 7dc3715b-5ab3-4636-ac46-86dd637a9720,
Billed Duration for Request 7dc3715b-5ab3-4636-ac46-86dd637a9720: 93 ms
Pi: 3.140124,
Input: 1000000,
Cold Start: false
Unique ID: e209412d-c0dc-4632-81d8-4fe82d9bd2e0,
Billed Duration for Request e209412d-c0dc-4632-81d8-4fe82d9bd2e0: 94 ms
Pi: 3.1406,
Input: 1000000,
Cold Start: false
Unique ID: 702ecf41-ca65-47c4-b614-866be3e95c5c,
Billed Duration for Request 702ecf41-ca65-47c4-b614-866be3e95c5c: 92 ms
Pi: 3.14006,
Input: 1000000,
Cold Start: false
Unique ID: ab1cba20-c604-47bf-b951-d2391ca8038f,
Billed Duration for Request ab1cba20-c604-47bf-b951-d2391ca8038f: 96 ms
Pi: 3.143316,
Input: 1000000,
Cold Start: false
Unique ID: a5086793-4a31-4530-9590-81d80f95794a,
Billed Duration for Request a5086793-4a31-4530-9590-81d80f95794a: 92 ms
Pi: 3.141456,
Input: 1000000,
Cold Start: false
Unique ID: 92bdde1e-0f83-4d1d-a686-72dbaa3860ab,
Billed Duration for Request 92bdde1e-0f83-4d1d-a686-72dbaa3860ab: 96 ms
Pi: 3.140804,
Input: 1000000,
Cold Start: false
Unique ID: b1748ff2-dfa3-430f-804f-deb0ddd9eced,
Billed Duration for Request b1748ff2-dfa3-430f-804f-deb0ddd9eced: 103 ms
Pi: 3.140568,
Input: 1000000,
Cold Start: false
Unique ID: d84e8a5c-0553-49ec-933a-dbd2a17a65b9,
Billed Duration for Request d84e8a5c-0553-49ec-933a-dbd2a17a65b9: 104 ms
Pi: 3.140984,
Input: 1000000,
Cold Start: false
Unique ID: 648dda70-6cee-40bc-8a7e-13340fd7e4f4,
Billed Duration for Request 648dda70-6cee-40bc-8a7e-13340fd7e4f4: 102 ms
Pi: 3.140688,
Input: 1000000,
Cold Start: false
Unique ID: b5e27c50-29c1-483d-9cef-39aaf8b0272e,
Billed Duration for Request b5e27c50-29c1-483d-9cef-39aaf8b0272e: 93 ms
Pi: 3.141932,
Input: 1000000,
Cold Start: false
Unique ID: d21781ab-46cf-47e1-ac52-268b63036891,
Billed Duration for Request d21781ab-46cf-47e1-ac52-268b63036891: 94 ms
Pi: 3.142448,
Input: 1000000,
Cold Start: false
Unique ID: fd5fc7d0-af62-46fe-9548-9ce3e752c6d6,
Billed Duration for Request fd5fc7d0-af62-46fe-9548-9ce3e752c6d6: 92 ms
Pi: 3.140672,
Input: 1000000,
Cold Start: false
Unique ID: c7f9c191-8e9b-42ee-b35b-dd137e9e5eff,
Billed Duration for Request c7f9c191-8e9b-42ee-b35b-dd137e9e5eff: 92 ms
Pi: 3.140556,
Input: 1000000,
Cold Start: false
Unique ID: 52e9672c-39f5-4c90-8ff6-197ba989ef21,
Billed Duration for Request 52e9672c-39f5-4c90-8ff6-197ba989ef21: 97 ms
Pi: 3.14168,
Input: 1000000,
Cold Start: false
Unique ID: dbec4d40-e288-4b16-8a69-7dfbadee825a,
Billed Duration for Request dbec4d40-e288-4b16-8a69-7dfbadee825a: 92 ms
Pi: 3.140796,
Input: 1000000,
Cold Start: false
Unique ID: fe45525e-7729-4df7-b156-895855c4415c,
Billed Duration for Request fe45525e-7729-4df7-b156-895855c4415c: 94 ms
Pi: 3.14206,
Input: 1000000,
Cold Start: false
Unique ID: e4269c84-ff2b-4342-b4a4-75d684c6f88f,
Billed Duration for Request e4269c84-ff2b-4342-b4a4-75d684c6f88f: 92 ms
Pi: 3.14092,
Input: 1000000,
Cold Start: false
Unique ID: 9a2770b4-8a7b-41e5-bae6-e9630dad4f36,
Billed Duration for Request 9a2770b4-8a7b-41e5-bae6-e9630dad4f36: 93 ms
Pi: 3.141,
Input: 1000000,
Cold Start: false
Unique ID: 38c747dd-a31b-420f-be0e-d671a1540c6a,
Billed Duration for Request 38c747dd-a31b-420f-be0e-d671a1540c6a: 92 ms
Pi: 3.140996,
Input: 1000000,
Cold Start: false
