Unique ID: ae167a8300142e993a12bad4545432f0,
Execution Time for Trace ID ae167a8300142e993a12bad4545432f0: 361 ms
Input: 5000000,
Cold Start: false
Unique ID: 54b41404512de9e49cc65aa49d1aeb90,
Execution Time for Trace ID 54b41404512de9e49cc65aa49d1aeb90: 396 ms
Input: 5000000,
Cold Start: false
Unique ID: 3eaa0f6ae00e457f932884b9396aee30,
Execution Time for Trace ID 3eaa0f6ae00e457f932884b9396aee30: 365 ms
Input: 5000000,
Cold Start: false
Unique ID: 75d370cc1690eac3bd8b410038d6a22d,
Execution Time for Trace ID 75d370cc1690eac3bd8b410038d6a22d: 421 ms
Input: 5000000,
Cold Start: false
Unique ID: e7ce304a6798e4c000d367dfe3c5c083,
Execution Time for Trace ID e7ce304a6798e4c000d367dfe3c5c083: 349 ms
Input: 5000000,
Cold Start: false
Unique ID: 0fa1c3ee598db4fc7dc5cd3aa2549cd4,
Execution Time for Trace ID 0fa1c3ee598db4fc7dc5cd3aa2549cd4: 385 ms
Input: 5000000,
Cold Start: false
Unique ID: 6a88984ad41a18540efe74b883dae6ce,
Execution Time for Trace ID 6a88984ad41a18540efe74b883dae6ce: 282 ms
Input: 5000000,
Cold Start: false
Unique ID: c5d807e6d3cbb6b4f1ab4320520de0a6,
Execution Time for Trace ID c5d807e6d3cbb6b4f1ab4320520de0a6: 426 ms
Input: 5000000,
Cold Start: false
Unique ID: ef7a6586e3c6e883cac86f49f1763d09,
Execution Time for Trace ID ef7a6586e3c6e883cac86f49f1763d09: 342 ms
Input: 5000000,
Cold Start: false
Unique ID: 09a049b129edeb1f2b4ecd2dadfd9c92,
Execution Time for Trace ID 09a049b129edeb1f2b4ecd2dadfd9c92: 345 ms
Input: 5000000,
Cold Start: false
Unique ID: d80106f72fcc21375fa2070092cd43f4,
Execution Time for Trace ID d80106f72fcc21375fa2070092cd43f4: 416 ms
Input: 5000000,
Cold Start: false
Unique ID: cafb4b3e614c6abb4ae04413ecf03d69,
Execution Time for Trace ID cafb4b3e614c6abb4ae04413ecf03d69: 380 ms
Input: 5000000,
Cold Start: false
Unique ID: 57129356432aa5fec87e0fb8d80421fc,
Execution Time for Trace ID 57129356432aa5fec87e0fb8d80421fc: 344 ms
Input: 5000000,
Cold Start: false
Unique ID: 28ee459e62441c280f24b3b77e7ab5a6,
Execution Time for Trace ID 28ee459e62441c280f24b3b77e7ab5a6: 370 ms
Input: 5000000,
Cold Start: false
Unique ID: 80a4f3d22b3dbbc4880162c641dc09f3,
Execution Time for Trace ID 80a4f3d22b3dbbc4880162c641dc09f3: 340 ms
Input: 5000000,
Cold Start: false
Unique ID: 9c18b4990a69692b8565b5fec81b6cab,
Execution Time for Trace ID 9c18b4990a69692b8565b5fec81b6cab: 336 ms
Input: 5000000,
Cold Start: false
Unique ID: 00eebe8ba9930814432f44ed83eb3ec2,
Execution Time for Trace ID 00eebe8ba9930814432f44ed83eb3ec2: 285 ms
Input: 5000000,
Cold Start: false
Unique ID: 6ea4f9d3d5c1d9c191f2ef5fdf201a67,
Execution Time for Trace ID 6ea4f9d3d5c1d9c191f2ef5fdf201a67: 347 ms
Input: 5000000,
Cold Start: false
Unique ID: 9a4b77d09ae72b1ba0405740e1721576,
Execution Time for Trace ID 9a4b77d09ae72b1ba0405740e1721576: 357 ms
Input: 5000000,
Cold Start: false
Unique ID: 257ef0793c2d26554ec9d9ccecb4760d,
Execution Time for Trace ID 257ef0793c2d26554ec9d9ccecb4760d: 371 ms
Input: 5000000,
Cold Start: false
Unique ID: 8b9ea5416d41529827bcfe9c9af7703a,
Execution Time for Trace ID 8b9ea5416d41529827bcfe9c9af7703a: 283 ms
Input: 5000000,
Cold Start: false
Unique ID: 230f2bb966ba332799415f42da41e283,
Execution Time for Trace ID 230f2bb966ba332799415f42da41e283: 339 ms
Input: 5000000,
Cold Start: false
Unique ID: 8d2815b83b19496be45d652c64d9bed1,
Execution Time for Trace ID 8d2815b83b19496be45d652c64d9bed1: 398 ms
Input: 5000000,
Cold Start: false
Unique ID: 536375b6c6e7caaa1ed8f29e37be069d,
Execution Time for Trace ID 536375b6c6e7caaa1ed8f29e37be069d: 399 ms
Input: 5000000,
Cold Start: false
Unique ID: 04f12597307ba1666a3db1589b0e3923,
Execution Time for Trace ID 04f12597307ba1666a3db1589b0e3923: 287 ms
Input: 5000000,
Cold Start: false
Unique ID: 766d1d0cc4bb77bc50750e392b8e860a,
Execution Time for Trace ID 766d1d0cc4bb77bc50750e392b8e860a: 344 ms
Input: 5000000,
Cold Start: false
Unique ID: d78c5eceb400eca4512f6008710c7a93,
Execution Time for Trace ID d78c5eceb400eca4512f6008710c7a93: 311 ms
Input: 5000000,
Cold Start: false
Unique ID: b269c8d22239b9104e6abdd81ff87118,
Execution Time for Trace ID b269c8d22239b9104e6abdd81ff87118: 342 ms
Input: 5000000,
Cold Start: false
Unique ID: dc484d604d504bee76f63e991c64919d,
Execution Time for Trace ID dc484d604d504bee76f63e991c64919d: 348 ms
Input: 5000000,
Cold Start: false
Unique ID: 3cfd68f82a4bf7726522d15a0a3a1a84,
Execution Time for Trace ID 3cfd68f82a4bf7726522d15a0a3a1a84: 375 ms
Input: 5000000,
Cold Start: false
Unique ID: 694b8ed3c9afa8ec36a92cc739ff13d2,
Execution Time for Trace ID 694b8ed3c9afa8ec36a92cc739ff13d2: 288 ms
Input: 5000000,
Cold Start: false
Unique ID: c70d22206969ccbed8c534d896667c91,
Execution Time for Trace ID c70d22206969ccbed8c534d896667c91: 345 ms
Input: 5000000,
Cold Start: false
Unique ID: 97a6c6424f3b607bb40521c257120563,
Execution Time for Trace ID 97a6c6424f3b607bb40521c257120563: 342 ms
Input: 5000000,
Cold Start: false
Unique ID: 40c7738405d45f9eac455f8f5a5b0895,
Execution Time for Trace ID 40c7738405d45f9eac455f8f5a5b0895: 284 ms
Input: 5000000,
Cold Start: false
Unique ID: 7f194ab608c5bfc7857389a8e458ef5b,
Execution Time for Trace ID 7f194ab608c5bfc7857389a8e458ef5b: 340 ms
Input: 5000000,
Cold Start: false
Unique ID: 620cd8535797ee150ee52d650edbe180,
Execution Time for Trace ID 620cd8535797ee150ee52d650edbe180: 377 ms
Input: 5000000,
Cold Start: false
Unique ID: dc14dcb468bfd3dbd66ac6ce7603a08b,
Execution Time for Trace ID dc14dcb468bfd3dbd66ac6ce7603a08b: 293 ms
Input: 5000000,
Cold Start: false
Unique ID: ddbca4266f7b183e6644cc592abfe666,
Execution Time for Trace ID ddbca4266f7b183e6644cc592abfe666: 352 ms
Input: 5000000,
Cold Start: false
Unique ID: ef6ee3f147561394d3b32b769814a224,
Execution Time for Trace ID ef6ee3f147561394d3b32b769814a224: 353 ms
Input: 5000000,
Cold Start: false
Unique ID: 462fe042a05ae10af6ea3d15d263083d,
Execution Time for Trace ID 462fe042a05ae10af6ea3d15d263083d: 314 ms
Input: 5000000,
Cold Start: false
Unique ID: 4af0579b8ae278c843649290d22e5288,
Execution Time for Trace ID 4af0579b8ae278c843649290d22e5288: 346 ms
Input: 5000000,
Cold Start: false
Unique ID: ae7dd2045411c0f414c48c227a4b5634,
Execution Time for Trace ID ae7dd2045411c0f414c48c227a4b5634: 347 ms
Input: 5000000,
Cold Start: false
Unique ID: 5c99b1bdf53023937131827406399452,
Execution Time for Trace ID 5c99b1bdf53023937131827406399452: 336 ms
Input: 5000000,
Cold Start: false
Unique ID: d80d1ed09252f08000ba5f93e4692206,
Execution Time for Trace ID d80d1ed09252f08000ba5f93e4692206: 287 ms
Input: 5000000,
Cold Start: false
Unique ID: 7dc5a2296c9b577b0b711233c3324e67,
Execution Time for Trace ID 7dc5a2296c9b577b0b711233c3324e67: 352 ms
Input: 5000000,
Cold Start: false
Unique ID: 2eaaa2e6025a3362e460d245b1a13c91,
Execution Time for Trace ID 2eaaa2e6025a3362e460d245b1a13c91: 282 ms
Input: 5000000,
Cold Start: false
Unique ID: 3b90e295980b3d982fb939344c539803,
Execution Time for Trace ID 3b90e295980b3d982fb939344c539803: 505 ms
Input: 5000000,
Cold Start: false
Unique ID: b8d0a2c7aba9432be4973da6dea65979,
Execution Time for Trace ID b8d0a2c7aba9432be4973da6dea65979: 464 ms
Input: 5000000,
Cold Start: false
Unique ID: 5fe9a715f456cf819884ac56653293dc,
Execution Time for Trace ID 5fe9a715f456cf819884ac56653293dc: 343 ms
Input: 5000000,
Cold Start: false
Unique ID: e806a4f40413479929855e4f432f7067,
Execution Time for Trace ID e806a4f40413479929855e4f432f7067: 332 ms
Input: 5000000,
Cold Start: false
Unique ID: c582a7d976ae47e635d01ffd38ccdc9f,
Execution Time for Trace ID c582a7d976ae47e635d01ffd38ccdc9f: 397 ms
Input: 5000000,
Cold Start: false
Unique ID: 1bb66eeb0cda3271c36e3cca00559518,
Execution Time for Trace ID 1bb66eeb0cda3271c36e3cca00559518: 399 ms
Input: 5000000,
Cold Start: false
Unique ID: e99b478b3d27a2a5147184ed9dc1fbfd,
Execution Time for Trace ID e99b478b3d27a2a5147184ed9dc1fbfd: 300 ms
Input: 5000000,
Cold Start: false
Unique ID: 75fcd0153031463eb6dbd310f4aeebd0,
Execution Time for Trace ID 75fcd0153031463eb6dbd310f4aeebd0: 337 ms
Input: 5000000,
Cold Start: false
Unique ID: 50031104efaf15529a31f263072887c9,
Execution Time for Trace ID 50031104efaf15529a31f263072887c9: 339 ms
Input: 5000000,
Cold Start: false
Unique ID: 7a4602f9877cc16fcd374589bf5e656b,
Execution Time for Trace ID 7a4602f9877cc16fcd374589bf5e656b: 343 ms
Input: 5000000,
Cold Start: false
Unique ID: 0960b291b52781ae3ff16273ade70c23,
Execution Time for Trace ID 0960b291b52781ae3ff16273ade70c23: 362 ms
Input: 5000000,
Cold Start: false
Unique ID: 22d2b6f8994c163db1d9c1f262512a48,
Execution Time for Trace ID 22d2b6f8994c163db1d9c1f262512a48: 379 ms
Input: 5000000,
Cold Start: false
Unique ID: 9052bfb82e64e031026c8b5297d0a220,
Execution Time for Trace ID 9052bfb82e64e031026c8b5297d0a220: 352 ms
Input: 5000000,
Cold Start: false
Unique ID: 503059447aca4dee7a07fb103cf93243,
Execution Time for Trace ID 503059447aca4dee7a07fb103cf93243: 301 ms
Input: 5000000,
Cold Start: false
Unique ID: de471668f74f07d21b47b3314c256cf9,
Execution Time for Trace ID de471668f74f07d21b47b3314c256cf9: 344 ms
Input: 5000000,
Cold Start: false
Unique ID: d904272e133e0d00ed0371e6ba95c711,
Execution Time for Trace ID d904272e133e0d00ed0371e6ba95c711: 331 ms
Input: 5000000,
Cold Start: false
Unique ID: 8e1337e0ec11037fca406cc473e9bfca,
Execution Time for Trace ID 8e1337e0ec11037fca406cc473e9bfca: 287 ms
Input: 5000000,
Cold Start: false
Unique ID: 13178f10ebf9233d5cb3603c11e8c5fe,
Execution Time for Trace ID 13178f10ebf9233d5cb3603c11e8c5fe: 400 ms
Input: 5000000,
Cold Start: false
Unique ID: 2cc088336e5b0caae44f38b097779d93,
Execution Time for Trace ID 2cc088336e5b0caae44f38b097779d93: 347 ms
Input: 5000000,
Cold Start: false
Unique ID: 657b7ceda42a454021dd02f8c46ff92c,
Execution Time for Trace ID 657b7ceda42a454021dd02f8c46ff92c: 375 ms
Input: 5000000,
Cold Start: false
Unique ID: da6245cb379f7fefa50f8181e80bcc7f,
Execution Time for Trace ID da6245cb379f7fefa50f8181e80bcc7f: 424 ms
Input: 5000000,
Cold Start: false
Unique ID: d66fda684eef08561b2f27ad289e5a8c,
Execution Time for Trace ID d66fda684eef08561b2f27ad289e5a8c: 375 ms
Input: 5000000,
Cold Start: false
Unique ID: 60059db8e08e0bcca8e526f9bda48286,
Execution Time for Trace ID 60059db8e08e0bcca8e526f9bda48286: 350 ms
Input: 5000000,
Cold Start: false
Unique ID: 6104eebe9a9197ab5f3ccd95ca175232,
Execution Time for Trace ID 6104eebe9a9197ab5f3ccd95ca175232: 379 ms
Input: 5000000,
Cold Start: false
Unique ID: 2d865c076f9dd4599d1bd383e321e9d4,
Execution Time for Trace ID 2d865c076f9dd4599d1bd383e321e9d4: 421 ms
Input: 5000000,
Cold Start: false
Unique ID: 5de96465d28baf7d2882dda5ba79b4f2,
Execution Time for Trace ID 5de96465d28baf7d2882dda5ba79b4f2: 377 ms
Input: 5000000,
Cold Start: false
Unique ID: 7155b8e2af869e1e80110d292cf3cbd5,
Execution Time for Trace ID 7155b8e2af869e1e80110d292cf3cbd5: 288 ms
Input: 5000000,
Cold Start: false
Unique ID: b79b3f6cfa5d7e7341c9eeb4b08926c4,
Execution Time for Trace ID b79b3f6cfa5d7e7341c9eeb4b08926c4: 353 ms
Input: 5000000,
Cold Start: false
Unique ID: 86f6e565f21c31594bd410fcaa6f62d3,
Execution Time for Trace ID 86f6e565f21c31594bd410fcaa6f62d3: 329 ms
Input: 5000000,
Cold Start: false
Unique ID: b55416b468c7511c9cc9c4d0c9cda7ac,
Execution Time for Trace ID b55416b468c7511c9cc9c4d0c9cda7ac: 403 ms
Input: 5000000,
Cold Start: false
Unique ID: e7ead5cdcdda3e20818bc35e00adf385,
Execution Time for Trace ID e7ead5cdcdda3e20818bc35e00adf385: 303 ms
Input: 5000000,
Cold Start: false
Unique ID: 6e7484a622a77f7e6aa6e692e44dd4be,
Execution Time for Trace ID 6e7484a622a77f7e6aa6e692e44dd4be: 357 ms
Input: 5000000,
Cold Start: false
Unique ID: e35d2f95fbe8426c450330d979bef03f,
Execution Time for Trace ID e35d2f95fbe8426c450330d979bef03f: 394 ms
Input: 5000000,
Cold Start: false
Unique ID: e6f2736e05f940d0cd31c93ebb96a108,
Execution Time for Trace ID e6f2736e05f940d0cd31c93ebb96a108: 397 ms
Input: 5000000,
Cold Start: false
Unique ID: 0761a66e5928aedce7e9673fccf0ba7e,
Execution Time for Trace ID 0761a66e5928aedce7e9673fccf0ba7e: 345 ms
Input: 5000000,
Cold Start: false
Unique ID: 7febf1c1b3dc4eba4c6dfdb11a31591c,
Execution Time for Trace ID 7febf1c1b3dc4eba4c6dfdb11a31591c: 384 ms
Input: 5000000,
Cold Start: false
Unique ID: 8c3bf8692cd6c9e5db3ab63b9d97654f,
Execution Time for Trace ID 8c3bf8692cd6c9e5db3ab63b9d97654f: 312 ms
Input: 5000000,
Cold Start: false
Unique ID: 341afecb5aa80fe180110d292cf3c1b3,
Execution Time for Trace ID 341afecb5aa80fe180110d292cf3c1b3: 425 ms
Input: 5000000,
Cold Start: false
Unique ID: 3ba8c2be0dd67f146df9860cbd63ef50,
Execution Time for Trace ID 3ba8c2be0dd67f146df9860cbd63ef50: 281 ms
Input: 5000000,
Cold Start: false
Unique ID: d2cd0c56c7963d55b826ea9fe84cf882,
Execution Time for Trace ID d2cd0c56c7963d55b826ea9fe84cf882: 298 ms
Input: 5000000,
Cold Start: false
Unique ID: 8edf0f4fc29b2921f4e54463d8892847,
Execution Time for Trace ID 8edf0f4fc29b2921f4e54463d8892847: 351 ms
Input: 5000000,
Cold Start: false
Unique ID: 3b72389636ee63470ed3c7411699b488,
Execution Time for Trace ID 3b72389636ee63470ed3c7411699b488: 310 ms
Input: 5000000,
Cold Start: false
Unique ID: d3fc5c157504a0d06a11599e3dce4144,
Execution Time for Trace ID d3fc5c157504a0d06a11599e3dce4144: 341 ms
Input: 5000000,
Cold Start: false
Unique ID: c2348591a0cbd3878adaee3f6106b7e6,
Execution Time for Trace ID c2348591a0cbd3878adaee3f6106b7e6: 302 ms
Input: 5000000,
Cold Start: false
Unique ID: d098c1d0efd534a588f4f97df0f5ef45,
Execution Time for Trace ID d098c1d0efd534a588f4f97df0f5ef45: 415 ms
Input: 5000000,
Cold Start: false
Unique ID: 3f67575e83ed551a43b13d3b989ac19e,
Execution Time for Trace ID 3f67575e83ed551a43b13d3b989ac19e: 436 ms
Input: 5000000,
Cold Start: false
Unique ID: a48985274b7ccdb2014198e3d923f06b,
Execution Time for Trace ID a48985274b7ccdb2014198e3d923f06b: 295 ms
Input: 5000000,
Cold Start: false
Unique ID: 079b12c2c9101ed5bf7a1eec606093c7,
Execution Time for Trace ID 079b12c2c9101ed5bf7a1eec606093c7: 337 ms
Input: 5000000,
Cold Start: false
Unique ID: 253e146f517cc7566f3c7de6b8dc89ea,
Execution Time for Trace ID 253e146f517cc7566f3c7de6b8dc89ea: 402 ms
Input: 5000000,
Cold Start: false
Unique ID: e3c2d05c776f16174b7ff7cb84ae9d12,
Execution Time for Trace ID e3c2d05c776f16174b7ff7cb84ae9d12: 362 ms
Input: 5000000,
Cold Start: false
Unique ID: 602821524dd44cebc91cd79acb91afa9,
Execution Time for Trace ID 602821524dd44cebc91cd79acb91afa9: 343 ms
Input: 5000000,
Cold Start: false
Unique ID: 47d0e222a71e8a98ce967e9b5f451e1b,
Execution Time for Trace ID 47d0e222a71e8a98ce967e9b5f451e1b: 401 ms
Input: 5000000,
Cold Start: false
Unique ID: bb1b1a76e6fd6da685faa07720158535,
Execution Time for Trace ID bb1b1a76e6fd6da685faa07720158535: 302 ms
Input: 5000000,
Cold Start: false
Unique ID: 7067006b6a6dde34a93ddb57d938303d,
Execution Time for Trace ID 7067006b6a6dde34a93ddb57d938303d: 408 ms
Input: 5000000,
Cold Start: false
Unique ID: 834b2ee4db9532456b216884c61941dc,
Execution Time for Trace ID 834b2ee4db9532456b216884c61941dc: 354 ms
Input: 5000000,
Cold Start: false
Unique ID: 67cc94bfb1289732f3c837355c306293,
Execution Time for Trace ID 67cc94bfb1289732f3c837355c306293: 343 ms
Input: 5000000,
Cold Start: false
Unique ID: c5f272c90f376bcdf8a039e2213a41e7,
Execution Time for Trace ID c5f272c90f376bcdf8a039e2213a41e7: 369 ms
Input: 5000000,
Cold Start: false
Unique ID: 276ce355c9ae38f580fa03a25c0721cc,
Execution Time for Trace ID 276ce355c9ae38f580fa03a25c0721cc: 417 ms
Input: 5000000,
Cold Start: false
Unique ID: d4e329a75f41c00f625809d532cf0924,
Execution Time for Trace ID d4e329a75f41c00f625809d532cf0924: 299 ms
Input: 5000000,
Cold Start: false
Unique ID: de011782d888a2b23e448fdedcbf9112,
Execution Time for Trace ID de011782d888a2b23e448fdedcbf9112: 340 ms
Input: 5000000,
Cold Start: false
Unique ID: 5a8ac971cce207f0d46d2c5ec7bc0666,
Execution Time for Trace ID 5a8ac971cce207f0d46d2c5ec7bc0666: 383 ms
Input: 5000000,
Cold Start: false
Unique ID: 8ee891f0ef6fe4acb5abc4569b655729,
Execution Time for Trace ID 8ee891f0ef6fe4acb5abc4569b655729: 396 ms
Input: 5000000,
Cold Start: false
Unique ID: 554b8099593dbd3f65230d292d703ad9,
Execution Time for Trace ID 554b8099593dbd3f65230d292d703ad9: 279 ms
Input: 5000000,
Cold Start: false
Unique ID: c3d7c827ab3a4ad5aad22f707bf1d4e0,
Execution Time for Trace ID c3d7c827ab3a4ad5aad22f707bf1d4e0: 341 ms
Input: 5000000,
Cold Start: false
Unique ID: fa9260275a5cf420b278207c5aaeabf5,
Execution Time for Trace ID fa9260275a5cf420b278207c5aaeabf5: 312 ms
Input: 5000000,
Cold Start: false
Unique ID: 81665f07a43b15e2c12dd41e5162052c,
Execution Time for Trace ID 81665f07a43b15e2c12dd41e5162052c: 369 ms
Input: 5000000,
Cold Start: false
Unique ID: ea0438c32eac7db3a261f077367aac90,
Execution Time for Trace ID ea0438c32eac7db3a261f077367aac90: 325 ms
Input: 5000000,
Cold Start: false
Unique ID: ea071fcae8e24cd8aa456cd28be25efd,
Execution Time for Trace ID ea071fcae8e24cd8aa456cd28be25efd: 306 ms
Input: 5000000,
Cold Start: false
Unique ID: beb5fad266989129c0abf8ffb6589a1d,
Execution Time for Trace ID beb5fad266989129c0abf8ffb6589a1d: 400 ms
Input: 5000000,
Cold Start: false
Unique ID: b222cfae83e735161cf24cb44b0fba7c,
Execution Time for Trace ID b222cfae83e735161cf24cb44b0fba7c: 414 ms
Input: 5000000,
Cold Start: false
Unique ID: be664a77da491187f7b8ff7b1b2b04dd,
Execution Time for Trace ID be664a77da491187f7b8ff7b1b2b04dd: 318 ms
Input: 5000000,
Cold Start: false
Unique ID: ec41b7075365d592a7c6fac8ce1c77d9,
Execution Time for Trace ID ec41b7075365d592a7c6fac8ce1c77d9: 333 ms
Input: 5000000,
Cold Start: false
Unique ID: f5c024e3b46d1c56840eadfdf3b95461,
Execution Time for Trace ID f5c024e3b46d1c56840eadfdf3b95461: 349 ms
Input: 5000000,
Cold Start: false
Unique ID: c6b7971e31e3330cb06fab4d6e7feae8,
Execution Time for Trace ID c6b7971e31e3330cb06fab4d6e7feae8: 339 ms
Input: 5000000,
Cold Start: false
Unique ID: 9dcc9e3265b3a641511f775c9ce72c19,
Execution Time for Trace ID 9dcc9e3265b3a641511f775c9ce72c19: 383 ms
Input: 5000000,
Cold Start: false
Unique ID: 4089816b96272bf2e4b3ffabed798ee9,
Execution Time for Trace ID 4089816b96272bf2e4b3ffabed798ee9: 317 ms
Input: 5000000,
Cold Start: false
Unique ID: b1b41f76e180b18b96f9a9d9779bc2b4,
Execution Time for Trace ID b1b41f76e180b18b96f9a9d9779bc2b4: 400 ms
Input: 5000000,
Cold Start: false
Unique ID: 594c06f1189b9cca640bb121914e2c5b,
Execution Time for Trace ID 594c06f1189b9cca640bb121914e2c5b: 339 ms
Input: 5000000,
Cold Start: false
Unique ID: 26e23ee2d9ff93cd66163da8a78d1911,
Execution Time for Trace ID 26e23ee2d9ff93cd66163da8a78d1911: 377 ms
Input: 5000000,
Cold Start: false
Unique ID: c50b9b2c4ecc25388abdbc589f30e57e,
Execution Time for Trace ID c50b9b2c4ecc25388abdbc589f30e57e: 348 ms
Input: 5000000,
Cold Start: false
Unique ID: fe60cd951b54eceb77a23e5d7e500e58,
Execution Time for Trace ID fe60cd951b54eceb77a23e5d7e500e58: 346 ms
Input: 5000000,
Cold Start: false
Unique ID: c97fda0adb27acbee68b83f95e0e8c3e,
Execution Time for Trace ID c97fda0adb27acbee68b83f95e0e8c3e: 393 ms
Input: 5000000,
Cold Start: false
Unique ID: 9b4aa360027222a3fb30f5fef8a47aea,
Execution Time for Trace ID 9b4aa360027222a3fb30f5fef8a47aea: 386 ms
Input: 5000000,
Cold Start: false
Unique ID: 21222bfa7ed8f93f451161ef850940a5,
Execution Time for Trace ID 21222bfa7ed8f93f451161ef850940a5: 282 ms
Input: 5000000,
Cold Start: false
Unique ID: 521e8779237e2b22c916d7f8a9315228,
Execution Time for Trace ID 521e8779237e2b22c916d7f8a9315228: 349 ms
Input: 5000000,
Cold Start: false
Unique ID: e897ad2b1e83fa4521fe89b0ca50fe17,
Execution Time for Trace ID e897ad2b1e83fa4521fe89b0ca50fe17: 348 ms
Input: 5000000,
Cold Start: false
Unique ID: 1b8428ebfd896c4c56ed0b9c098c946d,
Execution Time for Trace ID 1b8428ebfd896c4c56ed0b9c098c946d: 332 ms
Input: 5000000,
Cold Start: false
Unique ID: c6a8d4d5cd4689191da6aa06997fa51d,
Execution Time for Trace ID c6a8d4d5cd4689191da6aa06997fa51d: 380 ms
Input: 5000000,
Cold Start: false
Unique ID: 584aa076442ac76011a4fce525b93c67,
Execution Time for Trace ID 584aa076442ac76011a4fce525b93c67: 360 ms
Input: 5000000,
Cold Start: false
Unique ID: ad1d32bc28c69825e259a84e10837ec4,
Execution Time for Trace ID ad1d32bc28c69825e259a84e10837ec4: 408 ms
Input: 5000000,
Cold Start: false
Unique ID: c27afb18c78387024d0c9f7f4902efd8,
Execution Time for Trace ID c27afb18c78387024d0c9f7f4902efd8: 375 ms
Input: 5000000,
Cold Start: false
Unique ID: 1a8c518ceafdc254711246b7043d1fe7,
Execution Time for Trace ID 1a8c518ceafdc254711246b7043d1fe7: 408 ms
Input: 5000000,
Cold Start: false
Unique ID: 058221f56b5b29c1267b036fbbe3c660,
Execution Time for Trace ID 058221f56b5b29c1267b036fbbe3c660: 433 ms
Input: 5000000,
Cold Start: false
Unique ID: f0b980f2343646afbf7c4ef8816e3351,
Execution Time for Trace ID f0b980f2343646afbf7c4ef8816e3351: 376 ms
Input: 5000000,
Cold Start: false
Unique ID: d49221fe6d6c859396fbd6ce5a4e6755,
Execution Time for Trace ID d49221fe6d6c859396fbd6ce5a4e6755: 388 ms
Input: 5000000,
Cold Start: false
Unique ID: 7efca93c383f9f60857b649522785228,
Execution Time for Trace ID 7efca93c383f9f60857b649522785228: 400 ms
Input: 5000000,
Cold Start: false
Unique ID: a5c27ac23c4a7ee1675d0e47f49ab5d2,
Execution Time for Trace ID a5c27ac23c4a7ee1675d0e47f49ab5d2: 382 ms
Input: 5000000,
Cold Start: false
Unique ID: eb7d988e26d0c1c16e30f63005ce632c,
Execution Time for Trace ID eb7d988e26d0c1c16e30f63005ce632c: 434 ms
Input: 5000000,
Cold Start: false
Unique ID: 37c1f531c3c738ab1a9047846c93cd6f,
Execution Time for Trace ID 37c1f531c3c738ab1a9047846c93cd6f: 385 ms
Input: 5000000,
Cold Start: false
Unique ID: 1f77e8f3127beb79cbb6ced85bf5be7a,
Execution Time for Trace ID 1f77e8f3127beb79cbb6ced85bf5be7a: 329 ms
Input: 5000000,
Cold Start: false
Unique ID: fd2ecf5a44cb4f9a7664a45b946aa769,
Execution Time for Trace ID fd2ecf5a44cb4f9a7664a45b946aa769: 376 ms
Input: 5000000,
Cold Start: false
Unique ID: 6600d86d3074b81e986c9b0a759ab8f6,
Execution Time for Trace ID 6600d86d3074b81e986c9b0a759ab8f6: 495 ms
Input: 5000000,
Cold Start: false
Unique ID: e35b5e7c54b06611ff54b00f8b33e74c,
Execution Time for Trace ID e35b5e7c54b06611ff54b00f8b33e74c: 383 ms
Input: 5000000,
Cold Start: false
Unique ID: 011c64eabeb575eb0f9cc4beeb40e46f,
Execution Time for Trace ID 011c64eabeb575eb0f9cc4beeb40e46f: 353 ms
Input: 5000000,
Cold Start: false
Unique ID: 76afe044debc08efce5d2a088d287815,
Execution Time for Trace ID 76afe044debc08efce5d2a088d287815: 353 ms
Input: 5000000,
Cold Start: false
Unique ID: bccb4f21fb43890b4af423e740c1efb3,
Execution Time for Trace ID bccb4f21fb43890b4af423e740c1efb3: 441 ms
Input: 5000000,
Cold Start: false
Unique ID: d79f1e21423702017bc3e88b219e23ed,
Execution Time for Trace ID d79f1e21423702017bc3e88b219e23ed: 385 ms
Input: 5000000,
Cold Start: false
Unique ID: d466bb9e9e19b4fe11bbb1793274ac5c,
Execution Time for Trace ID d466bb9e9e19b4fe11bbb1793274ac5c: 351 ms
Input: 5000000,
Cold Start: false
Unique ID: 1906176ca4b2dd691e103ac85fd674c4,
Execution Time for Trace ID 1906176ca4b2dd691e103ac85fd674c4: 341 ms
Input: 5000000,
Cold Start: false
Unique ID: 48f9ce225d8c1add6b1e70582473a856,
Execution Time for Trace ID 48f9ce225d8c1add6b1e70582473a856: 333 ms
Input: 5000000,
Cold Start: false
Unique ID: d05daab36af4bb8b8b3446ac6158b7a5,
Execution Time for Trace ID d05daab36af4bb8b8b3446ac6158b7a5: 334 ms
Input: 5000000,
Cold Start: false
Unique ID: 3c473dbf3d4b54d827d409c026401c45,
Execution Time for Trace ID 3c473dbf3d4b54d827d409c026401c45: 285 ms
Input: 5000000,
Cold Start: false
Unique ID: e46fc83918102e3daa5de53508547924,
Execution Time for Trace ID e46fc83918102e3daa5de53508547924: 382 ms
Input: 5000000,
Cold Start: false
Unique ID: fd31f97f7489806d4532243f4c2f38d5,
Execution Time for Trace ID fd31f97f7489806d4532243f4c2f38d5: 348 ms
Input: 5000000,
Cold Start: false
Unique ID: 75eed2d4568fac5c70732edc880a3302,
Execution Time for Trace ID 75eed2d4568fac5c70732edc880a3302: 383 ms
Input: 5000000,
Cold Start: false
Unique ID: f84f02a820cc0b10be38fde5af12d3bb,
Execution Time for Trace ID f84f02a820cc0b10be38fde5af12d3bb: 292 ms
Input: 5000000,
Cold Start: false
Unique ID: 0c7dc4715cb95e5c305f158456865b15,
Execution Time for Trace ID 0c7dc4715cb95e5c305f158456865b15: 397 ms
Input: 5000000,
Cold Start: false
Unique ID: 2b3294b7c78aee98ce21c9152e161d46,
Execution Time for Trace ID 2b3294b7c78aee98ce21c9152e161d46: 349 ms
Input: 5000000,
Cold Start: false
Unique ID: 961f3d22e1fa7143ea14bf8c738a4367,
Execution Time for Trace ID 961f3d22e1fa7143ea14bf8c738a4367: 384 ms
Input: 5000000,
Cold Start: false
Unique ID: 63a54e43a3b98920bdb56c78f1adae4c,
Execution Time for Trace ID 63a54e43a3b98920bdb56c78f1adae4c: 395 ms
Input: 5000000,
Cold Start: false
Unique ID: 6a9761cea76fc02a936a69f05409210f,
Execution Time for Trace ID 6a9761cea76fc02a936a69f05409210f: 343 ms
Input: 5000000,
Cold Start: false
Unique ID: 31892aba79ac0d4d56a58644adfd419d,
Execution Time for Trace ID 31892aba79ac0d4d56a58644adfd419d: 406 ms
Input: 5000000,
Cold Start: false
Unique ID: 719455435058552fedca6d3a5deeff79,
Execution Time for Trace ID 719455435058552fedca6d3a5deeff79: 318 ms
Input: 5000000,
Cold Start: false
Unique ID: 0b68db9294f376f382c903467363b199,
Execution Time for Trace ID 0b68db9294f376f382c903467363b199: 332 ms
Input: 5000000,
Cold Start: false
Unique ID: a07b478cdfa343950edcf730baa8f589,
Execution Time for Trace ID a07b478cdfa343950edcf730baa8f589: 331 ms
Input: 5000000,
Cold Start: false
Unique ID: ffb419bfe138af47067ab45a87fd6f1e,
Execution Time for Trace ID ffb419bfe138af47067ab45a87fd6f1e: 384 ms
Input: 5000000,
Cold Start: false
Unique ID: ad4d58fd8a89834a08303dd25f19ef8f,
Execution Time for Trace ID ad4d58fd8a89834a08303dd25f19ef8f: 301 ms
Input: 5000000,
Cold Start: false
Unique ID: 79a9f846f2d48ac2fd7a4380a8c1e615,
Execution Time for Trace ID 79a9f846f2d48ac2fd7a4380a8c1e615: 339 ms
Input: 5000000,
Cold Start: false
Unique ID: 3ed2f1bbea0566fceed6eacf183f76f5,
Execution Time for Trace ID 3ed2f1bbea0566fceed6eacf183f76f5: 291 ms
Input: 5000000,
Cold Start: false
Unique ID: dc78cfeaad6061a6276f978578d44649,
Execution Time for Trace ID dc78cfeaad6061a6276f978578d44649: 345 ms
Input: 5000000,
Cold Start: false
Unique ID: 758bccc42788a53c856205b85c178738,
Execution Time for Trace ID 758bccc42788a53c856205b85c178738: 387 ms
Input: 5000000,
Cold Start: false
Unique ID: 86b9dd4737fc78d8af9f44a77b639a66,
Execution Time for Trace ID 86b9dd4737fc78d8af9f44a77b639a66: 334 ms
Input: 5000000,
Cold Start: false
Unique ID: 9a82e1ce102f0e5914bb83f3e4c7c2d6,
Execution Time for Trace ID 9a82e1ce102f0e5914bb83f3e4c7c2d6: 355 ms
Input: 5000000,
Cold Start: false
Unique ID: 1f9744fa49a2aea90864e70e6aa245a9,
Execution Time for Trace ID 1f9744fa49a2aea90864e70e6aa245a9: 350 ms
Input: 5000000,
Cold Start: false
Unique ID: b98a783c1687c286328ae95cba88b887,
Execution Time for Trace ID b98a783c1687c286328ae95cba88b887: 332 ms
Input: 5000000,
Cold Start: false
Unique ID: 28fcab9b712855d521dbc35eaef5d040,
Execution Time for Trace ID 28fcab9b712855d521dbc35eaef5d040: 391 ms
Input: 5000000,
Cold Start: false
Unique ID: 4f8b91a2480b922312bd4ecf41cdd4f3,
Execution Time for Trace ID 4f8b91a2480b922312bd4ecf41cdd4f3: 481 ms
Input: 5000000,
Cold Start: false
Unique ID: e9342af3e4015af50e18f7182e61dd09,
Execution Time for Trace ID e9342af3e4015af50e18f7182e61dd09: 534 ms
Input: 5000000,
Cold Start: false
Unique ID: 16c073371416ee3f93ab8ac804ab4d07,
Execution Time for Trace ID 16c073371416ee3f93ab8ac804ab4d07: 337 ms
Input: 5000000,
Cold Start: false
Unique ID: 8f0c9790b2db060bff608f4c111c7b67,
Execution Time for Trace ID 8f0c9790b2db060bff608f4c111c7b67: 374 ms
Input: 5000000,
Cold Start: false
Unique ID: d14e029d492fd2b886606b5abb01e41c,
Execution Time for Trace ID d14e029d492fd2b886606b5abb01e41c: 410 ms
Input: 5000000,
Cold Start: false
Unique ID: 79277a1c7d01dccf040e8642b2493bcb,
Execution Time for Trace ID 79277a1c7d01dccf040e8642b2493bcb: 420 ms
Input: 5000000,
Cold Start: false
Unique ID: 391d6064ac8a978803da48ec969c8d6c,
Execution Time for Trace ID 391d6064ac8a978803da48ec969c8d6c: 325 ms
Input: 5000000,
Cold Start: false
Unique ID: 8902215ecd70dc0ec1fed28b980b4d99,
Execution Time for Trace ID 8902215ecd70dc0ec1fed28b980b4d99: 333 ms
Input: 5000000,
Cold Start: false
Unique ID: 999f11ccd96bf973fc9e0cf11489f180,
Execution Time for Trace ID 999f11ccd96bf973fc9e0cf11489f180: 340 ms
Input: 5000000,
Cold Start: false
Unique ID: 25e7bb567410a07c1fbc4214c549b983,
Execution Time for Trace ID 25e7bb567410a07c1fbc4214c549b983: 344 ms
Input: 5000000,
Cold Start: false
Unique ID: 7458eae5106e94148a3186665f13809d,
Execution Time for Trace ID 7458eae5106e94148a3186665f13809d: 307 ms
Input: 5000000,
Cold Start: false
Unique ID: 6fa7386634e9096e7a776860d19cdcaa,
Execution Time for Trace ID 6fa7386634e9096e7a776860d19cdcaa: 343 ms
Input: 5000000,
Cold Start: false
Unique ID: 62c5b5159b70a19737107e132d37856c,
Execution Time for Trace ID 62c5b5159b70a19737107e132d37856c: 403 ms
Input: 5000000,
Cold Start: false
Unique ID: 927fe43b7c207cc82b4132744ada9650,
Execution Time for Trace ID 927fe43b7c207cc82b4132744ada9650: 366 ms
Input: 5000000,
Cold Start: false
Unique ID: 6793f5a318faee5951218f40db63851a,
Execution Time for Trace ID 6793f5a318faee5951218f40db63851a: 310 ms
Input: 5000000,
Cold Start: false
Unique ID: 89d07e95ead6d46d99b4f9f0f31ebf1e,
Execution Time for Trace ID 89d07e95ead6d46d99b4f9f0f31ebf1e: 339 ms
Input: 5000000,
Cold Start: false
Unique ID: 079b69c1a239a677074fa709bc022fee,
Execution Time for Trace ID 079b69c1a239a677074fa709bc022fee: 404 ms
Input: 5000000,
Cold Start: false
Unique ID: 6cab6dc9fb8a7a508dbbdd9ed12aadc2,
Execution Time for Trace ID 6cab6dc9fb8a7a508dbbdd9ed12aadc2: 351 ms
Input: 5000000,
Cold Start: false
Unique ID: f17891ea11a431a0f5ba5e0011435714,
Execution Time for Trace ID f17891ea11a431a0f5ba5e0011435714: 345 ms
Input: 5000000,
Cold Start: false
Unique ID: 170837bf6551eae39da300e5dbe2434e,
Execution Time for Trace ID 170837bf6551eae39da300e5dbe2434e: 360 ms
Input: 5000000,
Cold Start: false
Unique ID: b373413a9aa7cb7662e055e1b91e639a,
Execution Time for Trace ID b373413a9aa7cb7662e055e1b91e639a: 385 ms
Input: 5000000,
Cold Start: false
Unique ID: 71cea692befb4008d629408446b320bf,
Execution Time for Trace ID 71cea692befb4008d629408446b320bf: 354 ms
Input: 5000000,
Cold Start: false
Unique ID: 4badf0860724e1e7b01857848ecfc4fd,
Execution Time for Trace ID 4badf0860724e1e7b01857848ecfc4fd: 373 ms
Input: 5000000,
Cold Start: false
Unique ID: b07aa481de0581d2644caf93e2fdd6c2,
Execution Time for Trace ID b07aa481de0581d2644caf93e2fdd6c2: 307 ms
Input: 5000000,
Cold Start: false
Unique ID: 690d51ad31ebf3da32cffa52ec65c4a5,
Execution Time for Trace ID 690d51ad31ebf3da32cffa52ec65c4a5: 333 ms
Input: 5000000,
Cold Start: false
Unique ID: af853c5b6fef9109493cf7559f2a1f3b,
Execution Time for Trace ID af853c5b6fef9109493cf7559f2a1f3b: 428 ms
Input: 5000000,
Cold Start: false
Unique ID: 6c6b3a2a3cf71189832d2d7275546456,
Execution Time for Trace ID 6c6b3a2a3cf71189832d2d7275546456: 323 ms
Input: 5000000,
Cold Start: false
Unique ID: baaa83f29c96db26b171bf64fca09742,
Execution Time for Trace ID baaa83f29c96db26b171bf64fca09742: 376 ms
Input: 5000000,
Cold Start: false
Unique ID: 09fa42ba0dfa932c3b1ef62a10c08a9a,
Execution Time for Trace ID 09fa42ba0dfa932c3b1ef62a10c08a9a: 329 ms
Input: 5000000,
Cold Start: false
Unique ID: 1e0f51508e90e9565ca520119a2791e3,
Execution Time for Trace ID 1e0f51508e90e9565ca520119a2791e3: 379 ms
Input: 5000000,
Cold Start: false
Unique ID: 1fe1f852dfdd1c3de1f2416e89038b03,
Execution Time for Trace ID 1fe1f852dfdd1c3de1f2416e89038b03: 342 ms
Input: 5000000,
Cold Start: false
Unique ID: 29ffe615f441b020dd021d031f873472,
Execution Time for Trace ID 29ffe615f441b020dd021d031f873472: 356 ms
Input: 5000000,
Cold Start: false
Unique ID: a871760a638e872964b139b07c30e26a,
Execution Time for Trace ID a871760a638e872964b139b07c30e26a: 277 ms
Input: 5000000,
Cold Start: false
Unique ID: 892a79ca300c30a53d5565a37e4d9a56,
Execution Time for Trace ID 892a79ca300c30a53d5565a37e4d9a56: 343 ms
Input: 5000000,
Cold Start: false
Unique ID: 48b9f4dec044dc6d4fdb793a5c5e4911,
Execution Time for Trace ID 48b9f4dec044dc6d4fdb793a5c5e4911: 339 ms
Input: 5000000,
Cold Start: false
Unique ID: 0c583b42ea1dff3c04ababe939a7f822,
Execution Time for Trace ID 0c583b42ea1dff3c04ababe939a7f822: 373 ms
Input: 5000000,
Cold Start: false
Unique ID: ed366be965a635f32988194ca77b8bf4,
Execution Time for Trace ID ed366be965a635f32988194ca77b8bf4: 326 ms
Input: 5000000,
Cold Start: false
Unique ID: f6cb586d9809bb84d2a3e4f9f203a134,
Execution Time for Trace ID f6cb586d9809bb84d2a3e4f9f203a134: 342 ms
Input: 5000000,
Cold Start: false
Unique ID: 2d9c003b4f6c70c89437bf9a82b17080,
Execution Time for Trace ID 2d9c003b4f6c70c89437bf9a82b17080: 342 ms
Input: 5000000,
Cold Start: false
Unique ID: 0efffcd1b7ba577776650ff435374767,
Execution Time for Trace ID 0efffcd1b7ba577776650ff435374767: 279 ms
Input: 5000000,
Cold Start: false
Unique ID: 484a52d5329aed81556d22d7dcb3c72e,
Execution Time for Trace ID 484a52d5329aed81556d22d7dcb3c72e: 331 ms
Input: 5000000,
Cold Start: false
Unique ID: 8918dcb0a255e92a26f261c4c9727ff9,
Execution Time for Trace ID 8918dcb0a255e92a26f261c4c9727ff9: 385 ms
Input: 5000000,
Cold Start: false
Unique ID: 24a23d5f1c9c520225b2e4c76e4bcddb,
Execution Time for Trace ID 24a23d5f1c9c520225b2e4c76e4bcddb: 341 ms
Input: 5000000,
Cold Start: false
Unique ID: 194266389d6707287de58b9095020ed3,
Execution Time for Trace ID 194266389d6707287de58b9095020ed3: 354 ms
Input: 5000000,
Cold Start: false
Unique ID: 74d1312439926f7fcf140cd1a94b2023,
Execution Time for Trace ID 74d1312439926f7fcf140cd1a94b2023: 272 ms
Input: 5000000,
Cold Start: false
Unique ID: 326358f24845877258a07c88996cd040,
Execution Time for Trace ID 326358f24845877258a07c88996cd040: 344 ms
Input: 5000000,
Cold Start: false
Unique ID: 70a5cc53e2ee320e8d801b7a7430fbf6,
Execution Time for Trace ID 70a5cc53e2ee320e8d801b7a7430fbf6: 286 ms
Input: 5000000,
Cold Start: false
Unique ID: 040247bdc176169caee156b809a5d452,
Execution Time for Trace ID 040247bdc176169caee156b809a5d452: 339 ms
Input: 5000000,
Cold Start: false
Unique ID: 399370bbf789f1a8b4efbd877bce52ab,
Execution Time for Trace ID 399370bbf789f1a8b4efbd877bce52ab: 325 ms
Input: 5000000,
Cold Start: false
Unique ID: 56297ed6d1a196400ffd28d5de224d43,
Execution Time for Trace ID 56297ed6d1a196400ffd28d5de224d43: 382 ms
Input: 5000000,
Cold Start: false
Unique ID: 4b841bfe5d7c3b0567c8f90bb00c4283,
Execution Time for Trace ID 4b841bfe5d7c3b0567c8f90bb00c4283: 335 ms
Input: 5000000,
Cold Start: false
Unique ID: 4ecb5d94140c53cf81538d08969212d5,
Execution Time for Trace ID 4ecb5d94140c53cf81538d08969212d5: 368 ms
Input: 5000000,
Cold Start: false
Unique ID: 328209c2bd2166298e065c2b5f98c75c,
Execution Time for Trace ID 328209c2bd2166298e065c2b5f98c75c: 380 ms
Input: 5000000,
Cold Start: false
Unique ID: 83bbed6551650afc0babf2189db632c5,
Execution Time for Trace ID 83bbed6551650afc0babf2189db632c5: 382 ms
Input: 5000000,
Cold Start: false
Unique ID: 97f3815a938838f66ea2fe95f975355e,
Execution Time for Trace ID 97f3815a938838f66ea2fe95f975355e: 338 ms
Input: 5000000,
Cold Start: false
Unique ID: 77768331a09d8281b4cc2aa92cb92381,
Execution Time for Trace ID 77768331a09d8281b4cc2aa92cb92381: 327 ms
Input: 5000000,
Cold Start: false
Unique ID: 62a43b2c6bc530409392d51f247f8038,
Execution Time for Trace ID 62a43b2c6bc530409392d51f247f8038: 395 ms
Input: 5000000,
Cold Start: false
Unique ID: 8f613394e8f05a64981fbc1b092e194b,
Execution Time for Trace ID 8f613394e8f05a64981fbc1b092e194b: 345 ms
Input: 5000000,
Cold Start: false
Unique ID: d46cecd85500500aadfc31b49eddee02,
Execution Time for Trace ID d46cecd85500500aadfc31b49eddee02: 340 ms
Input: 5000000,
Cold Start: false
Unique ID: 6908a49277da67948e22b9d4862355c4,
Execution Time for Trace ID 6908a49277da67948e22b9d4862355c4: 309 ms
Input: 5000000,
Cold Start: false
Unique ID: bb2a916a2a8767cea2c84bf647c22dd2,
Execution Time for Trace ID bb2a916a2a8767cea2c84bf647c22dd2: 299 ms
Input: 5000000,
Cold Start: false
Unique ID: 33dadd54df8c32733d571bb870d7ba5a,
Execution Time for Trace ID 33dadd54df8c32733d571bb870d7ba5a: 333 ms
Input: 5000000,
Cold Start: false
Unique ID: 76087ec4638555f5e2e9d9791a021ff3,
Execution Time for Trace ID 76087ec4638555f5e2e9d9791a021ff3: 343 ms
Input: 5000000,
Cold Start: false
Unique ID: 35fc67cfd731a980729af393c6445e6c,
Execution Time for Trace ID 35fc67cfd731a980729af393c6445e6c: 363 ms
Input: 5000000,
Cold Start: false
Unique ID: af9da1b5fc00506356c6bbb1041efb37,
Execution Time for Trace ID af9da1b5fc00506356c6bbb1041efb37: 313 ms
Input: 5000000,
Cold Start: false
Unique ID: 0f8b54c00a6d3425095f724dd029b06f,
Execution Time for Trace ID 0f8b54c00a6d3425095f724dd029b06f: 273 ms
Input: 5000000,
Cold Start: false
Unique ID: e83f979b00f581d42930c66ea875d229,
Execution Time for Trace ID e83f979b00f581d42930c66ea875d229: 338 ms
Input: 5000000,
Cold Start: false
Unique ID: b183af818e03f2c60b10458cd662c7b7,
Execution Time for Trace ID b183af818e03f2c60b10458cd662c7b7: 372 ms
Input: 5000000,
Cold Start: false
Unique ID: babaaebccb55aa022ae5e83a2cad4f1a,
Execution Time for Trace ID babaaebccb55aa022ae5e83a2cad4f1a: 319 ms
Input: 5000000,
Cold Start: false
Unique ID: d022a0d43d83851d99cbc2a95621ceb9,
Execution Time for Trace ID d022a0d43d83851d99cbc2a95621ceb9: 338 ms
Input: 5000000,
Cold Start: false
Unique ID: 44893efff227e1a207a475abe84e29c1,
Execution Time for Trace ID 44893efff227e1a207a475abe84e29c1: 339 ms
Input: 5000000,
Cold Start: false
Unique ID: 92ab6b0967610a407321419bc3c2c4b4,
Execution Time for Trace ID 92ab6b0967610a407321419bc3c2c4b4: 296 ms
Input: 5000000,
Cold Start: false
Unique ID: a56681b7813d55b90ea144096ed7ee33,
Execution Time for Trace ID a56681b7813d55b90ea144096ed7ee33: 315 ms
Input: 5000000,
Cold Start: false
Unique ID: e9bd28ddb3481e9899e94db332e37b21,
Execution Time for Trace ID e9bd28ddb3481e9899e94db332e37b21: 274 ms
Input: 5000000,
Cold Start: false
Unique ID: 721d05f782f8b92fc6d759f5b9bf0d9b,
Execution Time for Trace ID 721d05f782f8b92fc6d759f5b9bf0d9b: 292 ms
Input: 5000000,
Cold Start: false
Unique ID: 4cc263d0a117f93a79928f8182ee1b85,
Execution Time for Trace ID 4cc263d0a117f93a79928f8182ee1b85: 339 ms
Input: 5000000,
Cold Start: false
Unique ID: 91767ded932619b7bbc2e1473f003302,
Execution Time for Trace ID 91767ded932619b7bbc2e1473f003302: 271 ms
Input: 5000000,
Cold Start: false
Unique ID: 7a4fc97db67476c12eccff50c2dcd857,
Execution Time for Trace ID 7a4fc97db67476c12eccff50c2dcd857: 350 ms
Input: 5000000,
Cold Start: false
Unique ID: 05e1e0e7afeba1859bb0fef044df8641,
Execution Time for Trace ID 05e1e0e7afeba1859bb0fef044df8641: 291 ms
Input: 5000000,
Cold Start: false
Unique ID: 8b358a53d94893755231898567dfe85c,
Execution Time for Trace ID 8b358a53d94893755231898567dfe85c: 338 ms
Input: 5000000,
Cold Start: false
Unique ID: 264960a1716b0a2d2acafe86da6cc47a,
Execution Time for Trace ID 264960a1716b0a2d2acafe86da6cc47a: 304 ms
Input: 5000000,
Cold Start: false
Unique ID: c76f0e1dafe27aefb225e16c66953e87,
Execution Time for Trace ID c76f0e1dafe27aefb225e16c66953e87: 275 ms
Input: 5000000,
Cold Start: false
Unique ID: 3925eeb45f17e83e44d7becb29a1c982,
Execution Time for Trace ID 3925eeb45f17e83e44d7becb29a1c982: 336 ms
Input: 5000000,
Cold Start: false
Unique ID: bba1624524a3114665ca42e61df8b62b,
Execution Time for Trace ID bba1624524a3114665ca42e61df8b62b: 366 ms
Input: 5000000,
Cold Start: false
Unique ID: 6d59f25e4d673dce30a3be31f41cb400,
Execution Time for Trace ID 6d59f25e4d673dce30a3be31f41cb400: 386 ms
Input: 5000000,
Cold Start: false
Unique ID: c11f5c1775385be009b5965cdc2f9129,
Execution Time for Trace ID c11f5c1775385be009b5965cdc2f9129: 425 ms
Input: 5000000,
Cold Start: false
Unique ID: ffd310f1f67c3d217f155696efbb5a12,
Execution Time for Trace ID ffd310f1f67c3d217f155696efbb5a12: 285 ms
Input: 5000000,
Cold Start: false
Unique ID: 11911b3535eea25d40003908a0e27a63,
Execution Time for Trace ID 11911b3535eea25d40003908a0e27a63: 339 ms
Input: 5000000,
Cold Start: false
Unique ID: bbcb23173472ebb838409dce97faaeac,
Execution Time for Trace ID bbcb23173472ebb838409dce97faaeac: 342 ms
Input: 5000000,
Cold Start: false
Unique ID: 152189876cda55520680452100d796de,
Execution Time for Trace ID 152189876cda55520680452100d796de: 329 ms
Input: 5000000,
Cold Start: false
Unique ID: 5e292d7d0c701ee1ab73a5340cbd1483,
Execution Time for Trace ID 5e292d7d0c701ee1ab73a5340cbd1483: 336 ms
Input: 5000000,
Cold Start: false
Unique ID: 5d3af4ed53df9c96762ec90b48223681,
Execution Time for Trace ID 5d3af4ed53df9c96762ec90b48223681: 367 ms
Input: 5000000,
Cold Start: false
Unique ID: 8e1f21df05ce75f56c474d6424c52f94,
Execution Time for Trace ID 8e1f21df05ce75f56c474d6424c52f94: 346 ms
Input: 5000000,
Cold Start: false
Unique ID: 7a1ab46ccfeb255be99ed3d4c1894240,
Execution Time for Trace ID 7a1ab46ccfeb255be99ed3d4c1894240: 334 ms
Input: 5000000,
Cold Start: false
Unique ID: a19b2cfee5f4b256217b917af2ab913d,
Execution Time for Trace ID a19b2cfee5f4b256217b917af2ab913d: 394 ms
Input: 5000000,
Cold Start: false
Unique ID: a560ac72c3a665d1118b99b266ba67f9,
Execution Time for Trace ID a560ac72c3a665d1118b99b266ba67f9: 365 ms
Input: 5000000,
Cold Start: false
Unique ID: 0cfb7d4380302f8f19bb51621f2736af,
Execution Time for Trace ID 0cfb7d4380302f8f19bb51621f2736af: 322 ms
Input: 5000000,
Cold Start: false
Unique ID: 22d27880b754c2d50f8cac51134ce3ac,
Execution Time for Trace ID 22d27880b754c2d50f8cac51134ce3ac: 334 ms
Input: 5000000,
Cold Start: false
Unique ID: 272cbe7d68b1cb595f112551eeba2256,
Execution Time for Trace ID 272cbe7d68b1cb595f112551eeba2256: 337 ms
Input: 5000000,
Cold Start: false
Unique ID: 980dbe9e9f28b43396621a58cd7d2233,
Execution Time for Trace ID 980dbe9e9f28b43396621a58cd7d2233: 368 ms
Input: 5000000,
Cold Start: false
Unique ID: a3fb2a3d221cba263a47c8d393d080b7,
Execution Time for Trace ID a3fb2a3d221cba263a47c8d393d080b7: 297 ms
Input: 5000000,
Cold Start: false
Unique ID: c25783425916bdd9551382ac59e2d86a,
Execution Time for Trace ID c25783425916bdd9551382ac59e2d86a: 382 ms
Input: 5000000,
Cold Start: false
Unique ID: 10e67dffdb3db7033f7df7ca210d26e0,
Execution Time for Trace ID 10e67dffdb3db7033f7df7ca210d26e0: 335 ms
Input: 5000000,
Cold Start: false
Unique ID: 51420226fe0ef4e807f5c5d69f4081b2,
Execution Time for Trace ID 51420226fe0ef4e807f5c5d69f4081b2: 289 ms
Input: 5000000,
Cold Start: false
Unique ID: ee72dbc39889d07f2f3dd15683d8dbba,
Execution Time for Trace ID ee72dbc39889d07f2f3dd15683d8dbba: 413 ms
Input: 5000000,
Cold Start: false
Unique ID: 0cddef4657bb817a762c3d06f9bc8bad,
Execution Time for Trace ID 0cddef4657bb817a762c3d06f9bc8bad: 373 ms
Input: 5000000,
Cold Start: false
Unique ID: d76af267a9774cc463a8bcec114d8561,
Execution Time for Trace ID d76af267a9774cc463a8bcec114d8561: 338 ms
Input: 5000000,
Cold Start: false
Unique ID: 7ee736a0a0d23bddf4a0d8f65f89adfb,
Execution Time for Trace ID 7ee736a0a0d23bddf4a0d8f65f89adfb: 367 ms
Input: 5000000,
Cold Start: false
Unique ID: 87aec14f18d9d1542ab318e6fe9aaaec,
Execution Time for Trace ID 87aec14f18d9d1542ab318e6fe9aaaec: 343 ms
Input: 5000000,
Cold Start: false
Unique ID: 1646b57b105d38e1e2c538b6a914c7cc,
Execution Time for Trace ID 1646b57b105d38e1e2c538b6a914c7cc: 338 ms
Input: 5000000,
Cold Start: false
Unique ID: 239eeba74c0522d5e7172a40766623ea,
Execution Time for Trace ID 239eeba74c0522d5e7172a40766623ea: 286 ms
Input: 5000000,
Cold Start: false
Unique ID: a4d7e7487ef63c2c8dd5b7eceba68610,
Execution Time for Trace ID a4d7e7487ef63c2c8dd5b7eceba68610: 337 ms
Input: 5000000,
Cold Start: false
Unique ID: e35beba14fe97b9a03430f462708bcde,
Execution Time for Trace ID e35beba14fe97b9a03430f462708bcde: 312 ms
Input: 5000000,
Cold Start: false
Unique ID: 941e9d8c59f98024875f08fe37e6245c,
Execution Time for Trace ID 941e9d8c59f98024875f08fe37e6245c: 379 ms
Input: 5000000,
Cold Start: false
Unique ID: 7296e46ebb3502be9ca3b5f6acbf770b,
Execution Time for Trace ID 7296e46ebb3502be9ca3b5f6acbf770b: 335 ms
Input: 5000000,
Cold Start: false
Unique ID: 9f063f5219f3bf4f39941fabf4d6ce56,
Execution Time for Trace ID 9f063f5219f3bf4f39941fabf4d6ce56: 289 ms
Input: 5000000,
Cold Start: false
Unique ID: eb2c96e6231acdfc1d4b3f184d84b01a,
Execution Time for Trace ID eb2c96e6231acdfc1d4b3f184d84b01a: 322 ms
Input: 5000000,
Cold Start: false
Unique ID: bdb7f87237059f28a513b074cbaaf503,
Execution Time for Trace ID bdb7f87237059f28a513b074cbaaf503: 333 ms
Input: 5000000,
Cold Start: false
Unique ID: 90dfecec039042488df1c1a1d1a30bb5,
Execution Time for Trace ID 90dfecec039042488df1c1a1d1a30bb5: 369 ms
Input: 5000000,
Cold Start: false
Unique ID: 214b946eb35fa9d3981c262812fbc375,
Execution Time for Trace ID 214b946eb35fa9d3981c262812fbc375: 410 ms
Input: 5000000,
Cold Start: false
Unique ID: c0e9093fa0e321ec293022f6dc75b3b5,
Execution Time for Trace ID c0e9093fa0e321ec293022f6dc75b3b5: 354 ms
Input: 5000000,
Cold Start: false
Unique ID: 82f8631d826f59c8e543a7a97632777b,
Execution Time for Trace ID 82f8631d826f59c8e543a7a97632777b: 354 ms
Input: 5000000,
Cold Start: false
Unique ID: ed64e2d1ebd532ce3aabc5eb1b28acba,
Execution Time for Trace ID ed64e2d1ebd532ce3aabc5eb1b28acba: 303 ms
Input: 5000000,
Cold Start: false
Unique ID: 746e332d8310650f778db165bed2254b,
Execution Time for Trace ID 746e332d8310650f778db165bed2254b: 342 ms
Input: 5000000,
Cold Start: false
Unique ID: 13f2684778fb8b8c51a8332e7bc93f90,
Execution Time for Trace ID 13f2684778fb8b8c51a8332e7bc93f90: 374 ms
Input: 5000000,
Cold Start: false
Unique ID: cb4db1c5b263d3428507893b98a359ef,
Execution Time for Trace ID cb4db1c5b263d3428507893b98a359ef: 350 ms
Input: 5000000,
Cold Start: false
Unique ID: 60d804197455c4d3d356cfe999989639,
Execution Time for Trace ID 60d804197455c4d3d356cfe999989639: 333 ms
Input: 5000000,
Cold Start: false
Unique ID: f10d65a7eb011921c498e2bfb7a1c3c9,
Execution Time for Trace ID f10d65a7eb011921c498e2bfb7a1c3c9: 302 ms
Input: 5000000,
Cold Start: false
Unique ID: cb087ef5afbbdda4ecd2b7fb5d70207e,
Execution Time for Trace ID cb087ef5afbbdda4ecd2b7fb5d70207e: 377 ms
Input: 5000000,
Cold Start: false
Unique ID: d609c7dee5c5d334a4669107b12d42ea,
Execution Time for Trace ID d609c7dee5c5d334a4669107b12d42ea: 424 ms
Input: 5000000,
Cold Start: false
Unique ID: 73f9b06e339eeed40f7e0361ded02ae7,
Execution Time for Trace ID 73f9b06e339eeed40f7e0361ded02ae7: 330 ms
Input: 5000000,
Cold Start: false
Unique ID: cbfa07a573273ff802572e481ff7338b,
Execution Time for Trace ID cbfa07a573273ff802572e481ff7338b: 326 ms
Input: 5000000,
Cold Start: false
Unique ID: e0dd65468d0e78521e7e3c467a24ee0b,
Execution Time for Trace ID e0dd65468d0e78521e7e3c467a24ee0b: 400 ms
Input: 5000000,
Cold Start: false
Unique ID: aba9d330222dfad1d02ee8d578620232,
Execution Time for Trace ID aba9d330222dfad1d02ee8d578620232: 351 ms
Input: 5000000,
Cold Start: false
Unique ID: 05781bc02c102fe9ff1388f570a3aae1,
Execution Time for Trace ID 05781bc02c102fe9ff1388f570a3aae1: 279 ms
Input: 5000000,
Cold Start: false
Unique ID: 9b8145004b24526030b20bb28fb60a98,
Execution Time for Trace ID 9b8145004b24526030b20bb28fb60a98: 307 ms
Input: 5000000,
Cold Start: false
Unique ID: 1190347510256e9a82042298d54d03b0,
Execution Time for Trace ID 1190347510256e9a82042298d54d03b0: 291 ms
Input: 5000000,
Cold Start: false
Unique ID: 775abca4a990c80e16818f29e454f7d1,
Execution Time for Trace ID 775abca4a990c80e16818f29e454f7d1: 389 ms
Input: 5000000,
Cold Start: false
Unique ID: 870ec1450b384823fea6818be25439c8,
Execution Time for Trace ID 870ec1450b384823fea6818be25439c8: 337 ms
Input: 5000000,
Cold Start: false
Unique ID: 055b1a2bd4f3cc6efc277c6f2d9b77b0,
Execution Time for Trace ID 055b1a2bd4f3cc6efc277c6f2d9b77b0: 308 ms
Input: 5000000,
Cold Start: false
Unique ID: d0bdf137d969c067e72c87972e81a931,
Execution Time for Trace ID d0bdf137d969c067e72c87972e81a931: 286 ms
Input: 5000000,
Cold Start: false
Unique ID: 69644f4949d93079d346c7a95238892d,
Execution Time for Trace ID 69644f4949d93079d346c7a95238892d: 348 ms
Input: 5000000,
Cold Start: false
Unique ID: 908d1673ba9c4cb27d22ba54473397a2,
Execution Time for Trace ID 908d1673ba9c4cb27d22ba54473397a2: 336 ms
Input: 5000000,
Cold Start: false
Unique ID: b9ec84d5546fbbbd8a12b2680b73e449,
Execution Time for Trace ID b9ec84d5546fbbbd8a12b2680b73e449: 281 ms
Input: 5000000,
Cold Start: false
Unique ID: 4d3b21c2aed13ae40e9048f48ba70143,
Execution Time for Trace ID 4d3b21c2aed13ae40e9048f48ba70143: 328 ms
Input: 5000000,
Cold Start: false
Unique ID: 8affa46b565723f17813228cb86f5d6d,
Execution Time for Trace ID 8affa46b565723f17813228cb86f5d6d: 399 ms
Input: 5000000,
Cold Start: false
Unique ID: 40e798ceccf3bcaed9a50f1a364b8ea7,
Execution Time for Trace ID 40e798ceccf3bcaed9a50f1a364b8ea7: 332 ms
Input: 5000000,
Cold Start: false
Unique ID: 8e95333885b6fee2bea1ff0957687fac,
Execution Time for Trace ID 8e95333885b6fee2bea1ff0957687fac: 387 ms
Input: 5000000,
Cold Start: false
Unique ID: 49d96fb8fdd12a148824d4852b9641b4,
Execution Time for Trace ID 49d96fb8fdd12a148824d4852b9641b4: 349 ms
Input: 5000000,
Cold Start: false
Unique ID: 15abd1d322b83dfd103f4da33059c0fc,
Execution Time for Trace ID 15abd1d322b83dfd103f4da33059c0fc: 334 ms
Input: 5000000,
Cold Start: false
Unique ID: 0dfacebcf5ac4dbed160256aef6d647b,
Execution Time for Trace ID 0dfacebcf5ac4dbed160256aef6d647b: 339 ms
Input: 5000000,
Cold Start: false
Unique ID: b62e241b3dac81c9107ca30d84dedfa7,
Execution Time for Trace ID b62e241b3dac81c9107ca30d84dedfa7: 302 ms
Input: 5000000,
Cold Start: false
Unique ID: 72f2b517da46d140e5e9ad6843944c32,
Execution Time for Trace ID 72f2b517da46d140e5e9ad6843944c32: 394 ms
Input: 5000000,
Cold Start: false
Unique ID: 8b42dbf236a3c6ebff5a5608ff47fff2,
Execution Time for Trace ID 8b42dbf236a3c6ebff5a5608ff47fff2: 403 ms
Input: 5000000,
Cold Start: false
Unique ID: 3f9a7928d9a94042f9cfe6a314f68f9d,
Execution Time for Trace ID 3f9a7928d9a94042f9cfe6a314f68f9d: 325 ms
Input: 5000000,
Cold Start: false
Unique ID: 64329a715d335227472eceaec2c7c21f,
Execution Time for Trace ID 64329a715d335227472eceaec2c7c21f: 379 ms
Input: 5000000,
Cold Start: false
Unique ID: bd26d5a8b9b26388d23284cccff742fc,
Execution Time for Trace ID bd26d5a8b9b26388d23284cccff742fc: 323 ms
Input: 5000000,
Cold Start: false
Unique ID: 653d57022c2a9646efeb8810075688af,
Execution Time for Trace ID 653d57022c2a9646efeb8810075688af: 377 ms
Input: 5000000,
Cold Start: false
Unique ID: 290cff171ea2bbcc0e8af98209846948,
Execution Time for Trace ID 290cff171ea2bbcc0e8af98209846948: 330 ms
Input: 5000000,
Cold Start: false
Unique ID: 1bd4fe06fb83fead98d708ea7335580a,
Execution Time for Trace ID 1bd4fe06fb83fead98d708ea7335580a: 326 ms
Input: 5000000,
Cold Start: false
Unique ID: 2b403d3a1d8027cebe47f23183a761ab,
Execution Time for Trace ID 2b403d3a1d8027cebe47f23183a761ab: 277 ms
Input: 5000000,
Cold Start: false
Unique ID: cc64b0c892932fc99d867d1588d6a9a5,
Execution Time for Trace ID cc64b0c892932fc99d867d1588d6a9a5: 349 ms
Input: 5000000,
Cold Start: false
Unique ID: c37ffc05bf74bb6a4089f5b623ff03ee,
Execution Time for Trace ID c37ffc05bf74bb6a4089f5b623ff03ee: 329 ms
Input: 5000000,
Cold Start: false
Unique ID: 612e8fdd6a04d3223fdd713f526eb4b9,
Execution Time for Trace ID 612e8fdd6a04d3223fdd713f526eb4b9: 360 ms
Input: 5000000,
Cold Start: false
Unique ID: 27c07b27129c96f6bc789b62787e87f2,
Execution Time for Trace ID 27c07b27129c96f6bc789b62787e87f2: 327 ms
Input: 5000000,
Cold Start: false
Unique ID: 43cb1e52859f0aa45ba49a253aa32553,
Execution Time for Trace ID 43cb1e52859f0aa45ba49a253aa32553: 283 ms
Input: 5000000,
Cold Start: false
Unique ID: 5418d5996677ad8d79b5657bc3984efc,
Execution Time for Trace ID 5418d5996677ad8d79b5657bc3984efc: 326 ms
Input: 5000000,
Cold Start: false
Unique ID: e8269712bd4912672def2a2a4a64e708,
Execution Time for Trace ID e8269712bd4912672def2a2a4a64e708: 384 ms
Input: 5000000,
Cold Start: false
Unique ID: 09d0138e28b6b40b44050fc53176dbb2,
Execution Time for Trace ID 09d0138e28b6b40b44050fc53176dbb2: 389 ms
Input: 5000000,
Cold Start: false
Unique ID: 6010f75de6be7785c7e2e33efe318094,
Execution Time for Trace ID 6010f75de6be7785c7e2e33efe318094: 368 ms
Input: 5000000,
Cold Start: false
Unique ID: 197e3e471269c4d9e5438999eab664a2,
Execution Time for Trace ID 197e3e471269c4d9e5438999eab664a2: 336 ms
Input: 5000000,
Cold Start: false
Unique ID: a17d907d1cb31a74765cfda3d63f8f22,
Execution Time for Trace ID a17d907d1cb31a74765cfda3d63f8f22: 305 ms
Input: 5000000,
Cold Start: false
Unique ID: c848278fbd061aebfd6f68ac97278682,
Execution Time for Trace ID c848278fbd061aebfd6f68ac97278682: 345 ms
Input: 5000000,
Cold Start: false
Unique ID: fa961ce09b8e89542e649e88798e5e96,
Execution Time for Trace ID fa961ce09b8e89542e649e88798e5e96: 341 ms
Input: 5000000,
Cold Start: false
Unique ID: 403b2c5f34b317e8926ab92729ff8b53,
Execution Time for Trace ID 403b2c5f34b317e8926ab92729ff8b53: 334 ms
Input: 5000000,
Cold Start: false
Unique ID: 3b7477058347eea11d8cca32e2ea3e44,
Execution Time for Trace ID 3b7477058347eea11d8cca32e2ea3e44: 322 ms
Input: 5000000,
Cold Start: false
Unique ID: 22b2118cae70bccd6dd63bf1629476a1,
Execution Time for Trace ID 22b2118cae70bccd6dd63bf1629476a1: 284 ms
Input: 5000000,
Cold Start: false
Unique ID: ba1f51d77bec46c42647c795234c5c7b,
Execution Time for Trace ID ba1f51d77bec46c42647c795234c5c7b: 393 ms
Input: 5000000,
Cold Start: false
Unique ID: 27a6f6f3cbce90bec0b73716ddcc15a8,
Execution Time for Trace ID 27a6f6f3cbce90bec0b73716ddcc15a8: 330 ms
Input: 5000000,
Cold Start: false
Unique ID: bd3fc24da1ab0baac746ffdf2b67ac2b,
Execution Time for Trace ID bd3fc24da1ab0baac746ffdf2b67ac2b: 380 ms
Input: 5000000,
Cold Start: false
Unique ID: 68107bee9f902790c0940750fd51a04a,
Execution Time for Trace ID 68107bee9f902790c0940750fd51a04a: 289 ms
Input: 5000000,
Cold Start: false
Unique ID: 004961ecb4be262eaf2e175fe914cfd9,
Execution Time for Trace ID 004961ecb4be262eaf2e175fe914cfd9: 345 ms
Input: 5000000,
Cold Start: false
Unique ID: e447e3113288ef6c96498376f0114e0e,
Execution Time for Trace ID e447e3113288ef6c96498376f0114e0e: 333 ms
Input: 5000000,
Cold Start: false
Unique ID: 811caad110ad9f819747ae9fded024ba,
Execution Time for Trace ID 811caad110ad9f819747ae9fded024ba: 297 ms
Input: 5000000,
Cold Start: false
Unique ID: e56182d5a3f5a90d5848f235cea844be,
Execution Time for Trace ID e56182d5a3f5a90d5848f235cea844be: 278 ms
Input: 5000000,
Cold Start: false
Unique ID: a01a3beabf14f548ba37c563f4e74cc9,
Execution Time for Trace ID a01a3beabf14f548ba37c563f4e74cc9: 338 ms
Input: 5000000,
Cold Start: false
Unique ID: 6dc52644db0a380d9f97f9ed0b480d50,
Execution Time for Trace ID 6dc52644db0a380d9f97f9ed0b480d50: 339 ms
Input: 5000000,
Cold Start: false
Unique ID: de3380b2ff3a8d031ec8e7465e43cdb9,
Execution Time for Trace ID de3380b2ff3a8d031ec8e7465e43cdb9: 303 ms
Input: 5000000,
Cold Start: false
Unique ID: 09fcc21e3cf7a2249c221c0b6aac5da1,
Execution Time for Trace ID 09fcc21e3cf7a2249c221c0b6aac5da1: 387 ms
Input: 5000000,
Cold Start: false
Unique ID: 6e3c32155494e5b61bd09a1094836aea,
Execution Time for Trace ID 6e3c32155494e5b61bd09a1094836aea: 367 ms
Input: 5000000,
Cold Start: false
Unique ID: 73f947a45ee3e7cda1ceee8d52a643fe,
Execution Time for Trace ID 73f947a45ee3e7cda1ceee8d52a643fe: 333 ms
Input: 5000000,
Cold Start: false
Unique ID: 7810a45458056ae55a49dc71572cc673,
Execution Time for Trace ID 7810a45458056ae55a49dc71572cc673: 383 ms
Input: 5000000,
Cold Start: false
Unique ID: 0351d78d52c61fc54ccb8cf58c9bc2b9,
Execution Time for Trace ID 0351d78d52c61fc54ccb8cf58c9bc2b9: 345 ms
Input: 5000000,
Cold Start: false
Unique ID: c6c9a9d6165818670e472dedd1efc2b0,
Execution Time for Trace ID c6c9a9d6165818670e472dedd1efc2b0: 419 ms
Input: 5000000,
Cold Start: false
Unique ID: 7f582cb4cdb68d85c6495b34bd9a3b2a,
Execution Time for Trace ID 7f582cb4cdb68d85c6495b34bd9a3b2a: 337 ms
Input: 5000000,
Cold Start: false
Unique ID: d7ddca815b0fc44b88cc428fbf4d7e18,
Execution Time for Trace ID d7ddca815b0fc44b88cc428fbf4d7e18: 304 ms
Input: 5000000,
Cold Start: false
Unique ID: 26983cb40bd45161bbc80149ada1adda,
Execution Time for Trace ID 26983cb40bd45161bbc80149ada1adda: 327 ms
Input: 5000000,
Cold Start: false
Unique ID: f1253fe036d55388a12ed111e60fd0b8,
Execution Time for Trace ID f1253fe036d55388a12ed111e60fd0b8: 389 ms
Input: 5000000,
Cold Start: false
Unique ID: 3a5e7856a34fb0c7526b872c557b6965,
Execution Time for Trace ID 3a5e7856a34fb0c7526b872c557b6965: 339 ms
Input: 5000000,
Cold Start: false
Unique ID: 2a6512a9ff8a4473375b78838ca4be62,
Execution Time for Trace ID 2a6512a9ff8a4473375b78838ca4be62: 298 ms
Input: 5000000,
Cold Start: false
Unique ID: 8d37e03984096bddd08ce88cb22144a1,
Execution Time for Trace ID 8d37e03984096bddd08ce88cb22144a1: 327 ms
Input: 5000000,
Cold Start: false
Unique ID: c2b7a1715b1f7e36fbdf348a52de553e,
Execution Time for Trace ID c2b7a1715b1f7e36fbdf348a52de553e: 288 ms
Input: 5000000,
Cold Start: false
Unique ID: a8e974fc5364fdc5d6b091979c3167ec,
Execution Time for Trace ID a8e974fc5364fdc5d6b091979c3167ec: 326 ms
Input: 5000000,
Cold Start: false
Unique ID: 691b84e27e5abfee53bdeedc8aa8b6e2,
Execution Time for Trace ID 691b84e27e5abfee53bdeedc8aa8b6e2: 382 ms
Input: 5000000,
Cold Start: false
Unique ID: 4195a17ae9ee804ae59ac17b089634b1,
Execution Time for Trace ID 4195a17ae9ee804ae59ac17b089634b1: 339 ms
Input: 5000000,
Cold Start: false
Unique ID: 8feaaf7c73d21da0d7245ffef169890c,
Execution Time for Trace ID 8feaaf7c73d21da0d7245ffef169890c: 340 ms
Input: 5000000,
Cold Start: false
Unique ID: ded4b5bb312475b823c67b1d2bf6f4cd,
Execution Time for Trace ID ded4b5bb312475b823c67b1d2bf6f4cd: 334 ms
Input: 5000000,
Cold Start: false
Unique ID: e6055c21015664642a0fb6ff77f5b225,
Execution Time for Trace ID e6055c21015664642a0fb6ff77f5b225: 283 ms
Input: 5000000,
Cold Start: false
Unique ID: 5d61366a5c0f6de5155d479b1f7816be,
Execution Time for Trace ID 5d61366a5c0f6de5155d479b1f7816be: 341 ms
Input: 5000000,
Cold Start: false
Unique ID: d0257d3fe1e226e6d7db2f46ce59ce30,
Execution Time for Trace ID d0257d3fe1e226e6d7db2f46ce59ce30: 335 ms
Input: 5000000,
Cold Start: false
Unique ID: 850befd552bff7e3077b0dae7d65ecf9,
Execution Time for Trace ID 850befd552bff7e3077b0dae7d65ecf9: 329 ms
Input: 5000000,
Cold Start: false
Unique ID: 8840ea184ee55abb3773424e87b8591f,
Execution Time for Trace ID 8840ea184ee55abb3773424e87b8591f: 381 ms
Input: 5000000,
Cold Start: false
Unique ID: 6d07417e9a7b13ac8e653f464de6d612,
Execution Time for Trace ID 6d07417e9a7b13ac8e653f464de6d612: 274 ms
Input: 5000000,
Cold Start: false
Unique ID: cba372a8e0ce7289bfc0caee956edba7,
Execution Time for Trace ID cba372a8e0ce7289bfc0caee956edba7: 336 ms
Input: 5000000,
Cold Start: false
Unique ID: 93b3adf108bd70890f19a1678da91f2b,
Execution Time for Trace ID 93b3adf108bd70890f19a1678da91f2b: 348 ms
Input: 5000000,
Cold Start: false
Unique ID: 1bfa6ed9ec22ed0e0661a70ddc4d697a,
Execution Time for Trace ID 1bfa6ed9ec22ed0e0661a70ddc4d697a: 309 ms
Input: 5000000,
Cold Start: false
Unique ID: 71a957fe49f62ef1b26527a08285bf05,
Execution Time for Trace ID 71a957fe49f62ef1b26527a08285bf05: 328 ms
Input: 5000000,
Cold Start: false
Unique ID: 1eed3a71f39dfc7782a193a5d055dc95,
Execution Time for Trace ID 1eed3a71f39dfc7782a193a5d055dc95: 396 ms
Input: 5000000,
Cold Start: false
