Unique ID: 623283854a9fe67f50f5b91adcb48677,
Execution Time for Trace ID 623283854a9fe67f50f5b91adcb48677: 397 ms
Input: 5500000,
Cold Start: false
Unique ID: 3d36f697f98eca2ea6fa09cdc3c09987,
Execution Time for Trace ID 3d36f697f98eca2ea6fa09cdc3c09987: 381 ms
Input: 5500000,
Cold Start: false
Unique ID: d8559211fd935070b3a450bcd0c2fb67,
Execution Time for Trace ID d8559211fd935070b3a450bcd0c2fb67: 395 ms
Input: 5500000,
Cold Start: false
Unique ID: fec4ec0bc2130461e5493741ef10cb48,
Execution Time for Trace ID fec4ec0bc2130461e5493741ef10cb48: 416 ms
Input: 5500000,
Cold Start: false
Unique ID: fc5ac3800ae31dd4ad3cade798253fb2,
Execution Time for Trace ID fc5ac3800ae31dd4ad3cade798253fb2: 359 ms
Input: 5500000,
Cold Start: false
Unique ID: bc9e3edafdbb4b67d6a951eab38a4642,
Execution Time for Trace ID bc9e3edafdbb4b67d6a951eab38a4642: 399 ms
Input: 5500000,
Cold Start: false
Unique ID: bee16986f86d76fa623b4f34f07214c1,
Execution Time for Trace ID bee16986f86d76fa623b4f34f07214c1: 389 ms
Input: 5500000,
Cold Start: false
Unique ID: 562daa41cbd52730e7f62452e47dbb9d,
Execution Time for Trace ID 562daa41cbd52730e7f62452e47dbb9d: 354 ms
Input: 5500000,
Cold Start: false
Unique ID: d9bcc34877b6a30b0514e5d9b297545b,
Execution Time for Trace ID d9bcc34877b6a30b0514e5d9b297545b: 190 ms
Input: 5500000,
Cold Start: false
Unique ID: 2cfc8d9f64e873595d569acd6570d1df,
Execution Time for Trace ID 2cfc8d9f64e873595d569acd6570d1df: 414 ms
Input: 5500000,
Cold Start: false
Unique ID: d32ea7844a70d987ae529c5883593a72,
Execution Time for Trace ID d32ea7844a70d987ae529c5883593a72: 393 ms
Input: 5500000,
Cold Start: false
Unique ID: 5db9358b8929318d4b5c10a24e034c68,
Execution Time for Trace ID 5db9358b8929318d4b5c10a24e034c68: 493 ms
Input: 5500000,
Cold Start: false
Unique ID: a133c3ce1c85cfc181290b8705faa408,
Execution Time for Trace ID a133c3ce1c85cfc181290b8705faa408: 406 ms
Input: 5500000,
Cold Start: false
Unique ID: 30c4d26ece4f575018b2773eb543d2a6,
Execution Time for Trace ID 30c4d26ece4f575018b2773eb543d2a6: 375 ms
Input: 5500000,
Cold Start: false
Unique ID: a8cac1a041ca0371b55cb32f02385a86,
Execution Time for Trace ID a8cac1a041ca0371b55cb32f02385a86: 399 ms
Input: 5500000,
Cold Start: false
Unique ID: e0a34df669d84295fb124150484370cd,
Execution Time for Trace ID e0a34df669d84295fb124150484370cd: 423 ms
Input: 5500000,
Cold Start: false
Unique ID: e4cef217b48730a394479f3be5324bde,
Execution Time for Trace ID e4cef217b48730a394479f3be5324bde: 349 ms
Input: 5500000,
Cold Start: false
Unique ID: e0f98f43fda71abf920237f2307b2771,
Execution Time for Trace ID e0f98f43fda71abf920237f2307b2771: 354 ms
Input: 5500000,
Cold Start: false
Unique ID: 41797bc3decfcbbc45c180f5fb852a6b,
Execution Time for Trace ID 41797bc3decfcbbc45c180f5fb852a6b: 398 ms
Input: 5500000,
Cold Start: false
Unique ID: ce9f3880b541638c5c4ed285ff0e5f9f,
Execution Time for Trace ID ce9f3880b541638c5c4ed285ff0e5f9f: 359 ms
Input: 5500000,
Cold Start: false
Unique ID: d0185601b511ecc04909fa78aaf3053b,
Execution Time for Trace ID d0185601b511ecc04909fa78aaf3053b: 350 ms
Input: 5500000,
Cold Start: false
Unique ID: 3959b51f2014e111f8d720258ad57d35,
Execution Time for Trace ID 3959b51f2014e111f8d720258ad57d35: 359 ms
Input: 5500000,
Cold Start: false
Unique ID: 7a42f3e356db8a8264569eb8d6fd3ec4,
Execution Time for Trace ID 7a42f3e356db8a8264569eb8d6fd3ec4: 391 ms
Input: 5500000,
Cold Start: false
Unique ID: 2ad7b2ebb7bce2aa942855d8f0e3edd0,
Execution Time for Trace ID 2ad7b2ebb7bce2aa942855d8f0e3edd0: 428 ms
Input: 5500000,
Cold Start: false
Unique ID: a4e54ce2345cf17d0d3eb60bbb8e2aed,
Execution Time for Trace ID a4e54ce2345cf17d0d3eb60bbb8e2aed: 389 ms
Input: 5500000,
Cold Start: false
Unique ID: 43a03d964a3ca2ca361dc74986c0d251,
Execution Time for Trace ID 43a03d964a3ca2ca361dc74986c0d251: 357 ms
Input: 5500000,
Cold Start: false
Unique ID: 11bfe04fc12f06514860d0e18382079d,
Execution Time for Trace ID 11bfe04fc12f06514860d0e18382079d: 393 ms
Input: 5500000,
Cold Start: false
Unique ID: b54528fdef6db7f298483b407c116901,
Execution Time for Trace ID b54528fdef6db7f298483b407c116901: 358 ms
Input: 5500000,
Cold Start: false
Unique ID: ed756efe3eba3cdd7daba3390375b987,
Execution Time for Trace ID ed756efe3eba3cdd7daba3390375b987: 417 ms
Input: 5500000,
Cold Start: false
Unique ID: a81867f10d3f73c124f7a48883ca6f97,
Execution Time for Trace ID a81867f10d3f73c124f7a48883ca6f97: 376 ms
Input: 5500000,
Cold Start: false
Unique ID: feea04b7ff5c94d7b1c580c9c0c5f863,
Execution Time for Trace ID feea04b7ff5c94d7b1c580c9c0c5f863: 408 ms
Input: 5500000,
Cold Start: false
Unique ID: b84eee3419d45930625a5d552f55840f,
Execution Time for Trace ID b84eee3419d45930625a5d552f55840f: 453 ms
Input: 5500000,
Cold Start: false
Unique ID: 7e4407c3012639cf58285c1df5010016,
Execution Time for Trace ID 7e4407c3012639cf58285c1df5010016: 407 ms
Input: 5500000,
Cold Start: false
Unique ID: ffc52b4056047bd6d73e83d5ceb4806a,
Execution Time for Trace ID ffc52b4056047bd6d73e83d5ceb4806a: 369 ms
Input: 5500000,
Cold Start: false
Unique ID: f4e278e29e9e94fa84f2b9d1d428f420,
Execution Time for Trace ID f4e278e29e9e94fa84f2b9d1d428f420: 467 ms
Input: 5500000,
Cold Start: false
Unique ID: 18cd22c2f61399f27573dbfc6e1e79f7,
Execution Time for Trace ID 18cd22c2f61399f27573dbfc6e1e79f7: 536 ms
Input: 5500000,
Cold Start: false
Unique ID: 57ae531de495da734544ce98d5328f44,
Execution Time for Trace ID 57ae531de495da734544ce98d5328f44: 418 ms
Input: 5500000,
Cold Start: false
Unique ID: 1c92afe39c2ef2bbeb67dbfa4ebfd7e2,
Execution Time for Trace ID 1c92afe39c2ef2bbeb67dbfa4ebfd7e2: 371 ms
Input: 5500000,
Cold Start: false
Unique ID: 3c290a7564e3a3fec4fb89d7c4d4b278,
Execution Time for Trace ID 3c290a7564e3a3fec4fb89d7c4d4b278: 391 ms
Input: 5500000,
Cold Start: false
Unique ID: 01da7e437f3ce4df2cf91f167c090e01,
Execution Time for Trace ID 01da7e437f3ce4df2cf91f167c090e01: 351 ms
Input: 5500000,
Cold Start: false
Unique ID: 8668f2fa595c31de921e80ec660fb248,
Execution Time for Trace ID 8668f2fa595c31de921e80ec660fb248: 410 ms
Input: 5500000,
Cold Start: false
Unique ID: 32791018ece5a4f01831268efae2d3c1,
Execution Time for Trace ID 32791018ece5a4f01831268efae2d3c1: 373 ms
Input: 5500000,
Cold Start: false
Unique ID: cceb2ffa6838cc37900c3f6e478b2311,
Execution Time for Trace ID cceb2ffa6838cc37900c3f6e478b2311: 387 ms
Input: 5500000,
Cold Start: false
Unique ID: d0d81e3f323aa624186ee0838c59f314,
Execution Time for Trace ID d0d81e3f323aa624186ee0838c59f314: 426 ms
Input: 5500000,
Cold Start: false
Unique ID: 3d620d75cc81c978175ed9b8c6c1425d,
Execution Time for Trace ID 3d620d75cc81c978175ed9b8c6c1425d: 349 ms
Input: 5500000,
Cold Start: false
Unique ID: da7d4efecce9e9cb07390d2e4fbcdade,
Execution Time for Trace ID da7d4efecce9e9cb07390d2e4fbcdade: 357 ms
Input: 5500000,
Cold Start: false
Unique ID: 9be885700b37d8e6fce2838fb0a78e0b,
Execution Time for Trace ID 9be885700b37d8e6fce2838fb0a78e0b: 414 ms
Input: 5500000,
Cold Start: false
Unique ID: e064acd9c4c9fdab0afe9b81c7f350c0,
Execution Time for Trace ID e064acd9c4c9fdab0afe9b81c7f350c0: 441 ms
Input: 5500000,
Cold Start: false
Unique ID: 215383aaac6bdc13286796ee93755e0a,
Execution Time for Trace ID 215383aaac6bdc13286796ee93755e0a: 357 ms
Input: 5500000,
Cold Start: false
Unique ID: 9258071d11054337e3a02632a42e8fd0,
Execution Time for Trace ID 9258071d11054337e3a02632a42e8fd0: 361 ms
Input: 5500000,
Cold Start: false
Unique ID: 35da7622e7000589a3f110b8c2e809f6,
Execution Time for Trace ID 35da7622e7000589a3f110b8c2e809f6: 382 ms
Input: 5500000,
Cold Start: false
Unique ID: 6dbf9c25d99c010044ed5d1e2604c483,
Execution Time for Trace ID 6dbf9c25d99c010044ed5d1e2604c483: 429 ms
Input: 5500000,
Cold Start: false
Unique ID: c88e285fc5db7d3e55febdda96168ca8,
Execution Time for Trace ID c88e285fc5db7d3e55febdda96168ca8: 412 ms
Input: 5500000,
Cold Start: false
Unique ID: 0a29585b6ffcfda2989833234d6a2124,
Execution Time for Trace ID 0a29585b6ffcfda2989833234d6a2124: 377 ms
Input: 5500000,
Cold Start: false
Unique ID: abbf4289980f507f5048b67fe7c927a0,
Execution Time for Trace ID abbf4289980f507f5048b67fe7c927a0: 377 ms
Input: 5500000,
Cold Start: false
Unique ID: 42c1b5fe35cef3d9643b0b6912cf3d7c,
Execution Time for Trace ID 42c1b5fe35cef3d9643b0b6912cf3d7c: 352 ms
Input: 5500000,
Cold Start: false
Unique ID: 96debf35ed901d5374969edcdc6670c8,
Execution Time for Trace ID 96debf35ed901d5374969edcdc6670c8: 413 ms
Input: 5500000,
Cold Start: false
Unique ID: 2d68cc6ab15399979b9fe122f339b892,
Execution Time for Trace ID 2d68cc6ab15399979b9fe122f339b892: 375 ms
Input: 5500000,
Cold Start: false
Unique ID: 367cea06ee70f37378705b42bf401c95,
Execution Time for Trace ID 367cea06ee70f37378705b42bf401c95: 395 ms
Input: 5500000,
Cold Start: false
Unique ID: f78865e85db8743beea87049078fb991,
Execution Time for Trace ID f78865e85db8743beea87049078fb991: 427 ms
Input: 5500000,
Cold Start: false
Unique ID: cd84a83815bd809f1610697f889121c0,
Execution Time for Trace ID cd84a83815bd809f1610697f889121c0: 355 ms
Input: 5500000,
Cold Start: false
Unique ID: bf619a3b95de534fb4f4b3b0dda79728,
Execution Time for Trace ID bf619a3b95de534fb4f4b3b0dda79728: 370 ms
Input: 5500000,
Cold Start: false
Unique ID: 7c1631cf97c8754ea33647b38890803b,
Execution Time for Trace ID 7c1631cf97c8754ea33647b38890803b: 488 ms
Input: 5500000,
Cold Start: false
Unique ID: d10f74098cd092f7d772f696b0abe655,
Execution Time for Trace ID d10f74098cd092f7d772f696b0abe655: 451 ms
Input: 5500000,
Cold Start: false
Unique ID: af1d2afd8cccf46b6f192c0788434401,
Execution Time for Trace ID af1d2afd8cccf46b6f192c0788434401: 414 ms
Input: 5500000,
Cold Start: false
Unique ID: 8539bb2d1eba9dcbe90c5e2940575993,
Execution Time for Trace ID 8539bb2d1eba9dcbe90c5e2940575993: 366 ms
Input: 5500000,
Cold Start: false
Unique ID: 22c6e7f914688cb7b887dab5469bc028,
Execution Time for Trace ID 22c6e7f914688cb7b887dab5469bc028: 472 ms
Input: 5500000,
Cold Start: false
Unique ID: 0a2600020340a48725b211d1ac73b70f,
Execution Time for Trace ID 0a2600020340a48725b211d1ac73b70f: 530 ms
Input: 5500000,
Cold Start: false
Unique ID: 58fd58622dba21ad86b2877aeac3e8a9,
Execution Time for Trace ID 58fd58622dba21ad86b2877aeac3e8a9: 418 ms
Input: 5500000,
Cold Start: false
Unique ID: ad60ebe8c347adf3e5e8f14643b60544,
Execution Time for Trace ID ad60ebe8c347adf3e5e8f14643b60544: 372 ms
Input: 5500000,
Cold Start: false
Unique ID: 1717fff3f48c026b369570b0c8096d3d,
Execution Time for Trace ID 1717fff3f48c026b369570b0c8096d3d: 401 ms
Input: 5500000,
Cold Start: false
Unique ID: 35daab621c1ac3ab3608ef7c6d647812,
Execution Time for Trace ID 35daab621c1ac3ab3608ef7c6d647812: 351 ms
Input: 5500000,
Cold Start: false
Unique ID: 8ba3394d1359af46f2b2bfecab1e9f93,
Execution Time for Trace ID 8ba3394d1359af46f2b2bfecab1e9f93: 346 ms
Input: 5500000,
Cold Start: false
Unique ID: 94e334023068248316df4fead6aca554,
Execution Time for Trace ID 94e334023068248316df4fead6aca554: 370 ms
Input: 5500000,
Cold Start: false
Unique ID: 14d00fa59c545912ce4efc8968d500f9,
Execution Time for Trace ID 14d00fa59c545912ce4efc8968d500f9: 386 ms
Input: 5500000,
Cold Start: false
Unique ID: bd8da4710c20248e0dd6b0e139ac5674,
Execution Time for Trace ID bd8da4710c20248e0dd6b0e139ac5674: 354 ms
Input: 5500000,
Cold Start: false
Unique ID: 8d308a6033761980281143f40a2fb0e8,
Execution Time for Trace ID 8d308a6033761980281143f40a2fb0e8: 352 ms
Input: 5500000,
Cold Start: false
Unique ID: 204e6df30f55e82b42eb89ecd10e7d50,
Execution Time for Trace ID 204e6df30f55e82b42eb89ecd10e7d50: 417 ms
Input: 5500000,
Cold Start: false
Unique ID: 3726206d352d666392c236c840db0206,
Execution Time for Trace ID 3726206d352d666392c236c840db0206: 394 ms
Input: 5500000,
Cold Start: false
Unique ID: deec2d4cc0893dbd27370dc06a321ea2,
Execution Time for Trace ID deec2d4cc0893dbd27370dc06a321ea2: 438 ms
Input: 5500000,
Cold Start: false
Unique ID: 1a0d5d5e422a6a9568285b82d10551c4,
Execution Time for Trace ID 1a0d5d5e422a6a9568285b82d10551c4: 407 ms
Input: 5500000,
Cold Start: false
Unique ID: 969eb0d9b0697e5edec961895a909438,
Execution Time for Trace ID 969eb0d9b0697e5edec961895a909438: 362 ms
Input: 5500000,
Cold Start: false
Unique ID: a3b3ac79486ebde1947c8a827511f1b4,
Execution Time for Trace ID a3b3ac79486ebde1947c8a827511f1b4: 381 ms
Input: 5500000,
Cold Start: false
Unique ID: 154d5e3ef547ea38e64d9fff0c8f9fc5,
Execution Time for Trace ID 154d5e3ef547ea38e64d9fff0c8f9fc5: 434 ms
Input: 5500000,
Cold Start: false
Unique ID: 85854d43b0faf6b617a8a28c4a208902,
Execution Time for Trace ID 85854d43b0faf6b617a8a28c4a208902: 421 ms
Input: 5500000,
Cold Start: false
Unique ID: 2b84ba46532713d6d8329aa232141e65,
Execution Time for Trace ID 2b84ba46532713d6d8329aa232141e65: 372 ms
Input: 5500000,
Cold Start: false
Unique ID: f29fdf31df10fe080258f9f554b6090e,
Execution Time for Trace ID f29fdf31df10fe080258f9f554b6090e: 478 ms
Input: 5500000,
Cold Start: false
Unique ID: 90adb03ec360af893c45afe3150a9ca8,
Execution Time for Trace ID 90adb03ec360af893c45afe3150a9ca8: 532 ms
Input: 5500000,
Cold Start: false
Unique ID: 0468fe70c0d97590984cf86e2b6e4ffd,
Execution Time for Trace ID 0468fe70c0d97590984cf86e2b6e4ffd: 348 ms
Input: 5500000,
Cold Start: false
Unique ID: 88cdde822d988c7eb476a1ff7183c09b,
Execution Time for Trace ID 88cdde822d988c7eb476a1ff7183c09b: 362 ms
Input: 5500000,
Cold Start: false
Unique ID: 2e535d537fd003a7c6838015bde76368,
Execution Time for Trace ID 2e535d537fd003a7c6838015bde76368: 412 ms
Input: 5500000,
Cold Start: false
Unique ID: 050bd89dde137df386cdd64b3a3cf6ad,
Execution Time for Trace ID 050bd89dde137df386cdd64b3a3cf6ad: 443 ms
Input: 5500000,
Cold Start: false
Unique ID: 1a489a3df89844d02259ef6c47a4cbfe,
Execution Time for Trace ID 1a489a3df89844d02259ef6c47a4cbfe: 191 ms
Input: 5500000,
Cold Start: false
Unique ID: 101452dc3707fdd74a00c2e590fd950f,
Execution Time for Trace ID 101452dc3707fdd74a00c2e590fd950f: 349 ms
Input: 5500000,
Cold Start: false
Unique ID: 8f2667d7ca0e38023a5cb50a434e5845,
Execution Time for Trace ID 8f2667d7ca0e38023a5cb50a434e5845: 353 ms
Input: 5500000,
Cold Start: false
Unique ID: f09c0989042a1552b4f2dcdf62bfd13c,
Execution Time for Trace ID f09c0989042a1552b4f2dcdf62bfd13c: 386 ms
Input: 5500000,
Cold Start: false
Unique ID: 190bc6ef762fcca664bb5f667c6170d9,
Execution Time for Trace ID 190bc6ef762fcca664bb5f667c6170d9: 413 ms
Input: 5500000,
Cold Start: false
Unique ID: 2131a989af9134bac1ea256adbc31161,
Execution Time for Trace ID 2131a989af9134bac1ea256adbc31161: 372 ms
Input: 5500000,
Cold Start: false
Unique ID: 459b66795399fbd150828911dc13b996,
Execution Time for Trace ID 459b66795399fbd150828911dc13b996: 478 ms
Input: 5500000,
Cold Start: false
Unique ID: be4e54e925ec28c2aba40fe09fb8dd38,
Execution Time for Trace ID be4e54e925ec28c2aba40fe09fb8dd38: 528 ms
Input: 5500000,
Cold Start: false
Unique ID: 783afa422db765cb70f9f46f65a506a7,
Execution Time for Trace ID 783afa422db765cb70f9f46f65a506a7: 463 ms
Input: 5500000,
Cold Start: false
Unique ID: 181ebdb95bd4cfaa2cfe3c4c57d0f7fc,
Execution Time for Trace ID 181ebdb95bd4cfaa2cfe3c4c57d0f7fc: 381 ms
Input: 5500000,
Cold Start: false
Unique ID: 6c2837d5dd8a6b9d9a6311b9c517987a,
Execution Time for Trace ID 6c2837d5dd8a6b9d9a6311b9c517987a: 464 ms
Input: 5500000,
Cold Start: false
Unique ID: 203abfad68d46cf32d16487e9555a7bf,
Execution Time for Trace ID 203abfad68d46cf32d16487e9555a7bf: 521 ms
Input: 5500000,
Cold Start: false
Unique ID: 9a1b300e004926bfb2f81550d1796bba,
Execution Time for Trace ID 9a1b300e004926bfb2f81550d1796bba: 399 ms
Input: 5500000,
Cold Start: false
Unique ID: 1d1cfff6ecefb36a5b8f3e0495fa4775,
Execution Time for Trace ID 1d1cfff6ecefb36a5b8f3e0495fa4775: 369 ms
Input: 5500000,
Cold Start: false
Unique ID: 091893f9f9e6d326a5b94c2f5031a885,
Execution Time for Trace ID 091893f9f9e6d326a5b94c2f5031a885: 373 ms
Input: 5500000,
Cold Start: false
Unique ID: 5d875a09a5d09118856fa233486ae405,
Execution Time for Trace ID 5d875a09a5d09118856fa233486ae405: 426 ms
Input: 5500000,
Cold Start: false
Unique ID: c03ecedb4204ebe5d73c84f071d92f88,
Execution Time for Trace ID c03ecedb4204ebe5d73c84f071d92f88: 407 ms
Input: 5500000,
Cold Start: false
Unique ID: f57b87fffbf17b155a9b331cc46442ea,
Execution Time for Trace ID f57b87fffbf17b155a9b331cc46442ea: 360 ms
Input: 5500000,
Cold Start: false
Unique ID: 72b94bbae68de27cf47c0bd4f0657358,
Execution Time for Trace ID 72b94bbae68de27cf47c0bd4f0657358: 386 ms
Input: 5500000,
Cold Start: false
Unique ID: edc944c2e0464a07b1ad4e246d197d33,
Execution Time for Trace ID edc944c2e0464a07b1ad4e246d197d33: 425 ms
Input: 5500000,
Cold Start: false
Unique ID: c3db66aec29fc47a20824c82c2bdc227,
Execution Time for Trace ID c3db66aec29fc47a20824c82c2bdc227: 389 ms
Input: 5500000,
Cold Start: false
Unique ID: 68474228b323c506a528b63fa8b7df3d,
Execution Time for Trace ID 68474228b323c506a528b63fa8b7df3d: 356 ms
Input: 5500000,
Cold Start: false
Unique ID: 4e3f0a53b2a40ae89d66925d0782e0eb,
Execution Time for Trace ID 4e3f0a53b2a40ae89d66925d0782e0eb: 383 ms
Input: 5500000,
Cold Start: false
Unique ID: b0185c29f92685a027743372b0529705,
Execution Time for Trace ID b0185c29f92685a027743372b0529705: 358 ms
Input: 5500000,
Cold Start: false
Unique ID: a76e9a98db381830d0222b96c599ed42,
Execution Time for Trace ID a76e9a98db381830d0222b96c599ed42: 409 ms
Input: 5500000,
Cold Start: false
Unique ID: e128490ccccfd5190be7af4f17d992c5,
Execution Time for Trace ID e128490ccccfd5190be7af4f17d992c5: 363 ms
Input: 5500000,
Cold Start: false
Unique ID: a49f0b8eb6daa051e8ea73b109a2aa59,
Execution Time for Trace ID a49f0b8eb6daa051e8ea73b109a2aa59: 383 ms
Input: 5500000,
Cold Start: false
Unique ID: 3c747efcb6bbe1dffd51f37f272a7252,
Execution Time for Trace ID 3c747efcb6bbe1dffd51f37f272a7252: 426 ms
Input: 5500000,
Cold Start: false
Unique ID: 4d4dd19bf790ae31fd223115241dfd6d,
Execution Time for Trace ID 4d4dd19bf790ae31fd223115241dfd6d: 349 ms
Input: 5500000,
Cold Start: false
Unique ID: cea92558df09d5aca1f01aaca875c480,
Execution Time for Trace ID cea92558df09d5aca1f01aaca875c480: 369 ms
Input: 5500000,
Cold Start: false
Unique ID: ffe440020fa7024af0de77dd9c0ec5dc,
Execution Time for Trace ID ffe440020fa7024af0de77dd9c0ec5dc: 373 ms
Input: 5500000,
Cold Start: false
Unique ID: 97da480f27e2385e6c3179a021421962,
Execution Time for Trace ID 97da480f27e2385e6c3179a021421962: 356 ms
Input: 5500000,
Cold Start: false
Unique ID: 3c0578e2383207dcef3071df2bead908,
Execution Time for Trace ID 3c0578e2383207dcef3071df2bead908: 416 ms
Input: 5500000,
Cold Start: false
Unique ID: dbf09ae5abd582e558a46cdb8ff37b7a,
Execution Time for Trace ID dbf09ae5abd582e558a46cdb8ff37b7a: 378 ms
Input: 5500000,
Cold Start: false
Unique ID: 883891e377dc88ed65caecfbd1c0775c,
Execution Time for Trace ID 883891e377dc88ed65caecfbd1c0775c: 372 ms
Input: 5500000,
Cold Start: false
Unique ID: a9ed656e1b29de1e312710a42f2f65b7,
Execution Time for Trace ID a9ed656e1b29de1e312710a42f2f65b7: 421 ms
Input: 5500000,
Cold Start: false
Unique ID: 03f888c5eb22f4cc468b47721b6b8202,
Execution Time for Trace ID 03f888c5eb22f4cc468b47721b6b8202: 353 ms
Input: 5500000,
Cold Start: false
Unique ID: 75d240e173dccd134ee76ec21b144a47,
Execution Time for Trace ID 75d240e173dccd134ee76ec21b144a47: 367 ms
Input: 5500000,
Cold Start: false
Unique ID: f06eea06246b8e3025f50e0bc56a5774,
Execution Time for Trace ID f06eea06246b8e3025f50e0bc56a5774: 382 ms
Input: 5500000,
Cold Start: false
Unique ID: 92cf0cb75c6c2b833d513b56ceb46f4f,
Execution Time for Trace ID 92cf0cb75c6c2b833d513b56ceb46f4f: 353 ms
Input: 5500000,
Cold Start: false
Unique ID: 705d652b04871a6246d06a0038cda423,
Execution Time for Trace ID 705d652b04871a6246d06a0038cda423: 416 ms
Input: 5500000,
Cold Start: false
Unique ID: 34b8e249b6089b0cc68afc854ba2d737,
Execution Time for Trace ID 34b8e249b6089b0cc68afc854ba2d737: 373 ms
Input: 5500000,
Cold Start: false
Unique ID: 45d0f3faacca537625ca63e29c63b3e7,
Execution Time for Trace ID 45d0f3faacca537625ca63e29c63b3e7: 392 ms
Input: 5500000,
Cold Start: false
Unique ID: 9f5ba7af4f8ac1c3195ebc3bb54a13cf,
Execution Time for Trace ID 9f5ba7af4f8ac1c3195ebc3bb54a13cf: 355 ms
Input: 5500000,
Cold Start: false
Unique ID: 032d1446c7e51be74cc709dfca7a2e6f,
Execution Time for Trace ID 032d1446c7e51be74cc709dfca7a2e6f: 417 ms
Input: 5500000,
Cold Start: false
Unique ID: 1d10b282a50db1a24050c222490e9dbf,
Execution Time for Trace ID 1d10b282a50db1a24050c222490e9dbf: 373 ms
Input: 5500000,
Cold Start: false
Unique ID: 3bfeb197cc23bf87359c2a8a915457ef,
Execution Time for Trace ID 3bfeb197cc23bf87359c2a8a915457ef: 582 ms
Input: 5500000,
Cold Start: false
Unique ID: e4274480e2852420b5c7f29d5686b43d,
Execution Time for Trace ID e4274480e2852420b5c7f29d5686b43d: 621 ms
Input: 5500000,
Cold Start: false
Unique ID: 76dfff9df2c443d84c95b8bea611ec91,
Execution Time for Trace ID 76dfff9df2c443d84c95b8bea611ec91: 411 ms
Input: 5500000,
Cold Start: false
Unique ID: e84b6f6833a7b0aa43d28d528ed2d891,
Execution Time for Trace ID e84b6f6833a7b0aa43d28d528ed2d891: 373 ms
Input: 5500000,
Cold Start: false
Unique ID: f40d5f9c3242d5baa6b0e599d8d09eaa,
Execution Time for Trace ID f40d5f9c3242d5baa6b0e599d8d09eaa: 471 ms
Input: 5500000,
Cold Start: false
Unique ID: 85641dd13d2332de3923f961abaf39f0,
Execution Time for Trace ID 85641dd13d2332de3923f961abaf39f0: 452 ms
Input: 5500000,
Cold Start: false
Unique ID: 784681a8fe3b3cdd276585d76f1ef0e3,
Execution Time for Trace ID 784681a8fe3b3cdd276585d76f1ef0e3: 433 ms
Input: 5500000,
Cold Start: false
Unique ID: 54dc172967035b10886b2feb15b266f2,
Execution Time for Trace ID 54dc172967035b10886b2feb15b266f2: 383 ms
Input: 5500000,
Cold Start: false
Unique ID: 09e05c78f3b75df852324c07dae6cef7,
Execution Time for Trace ID 09e05c78f3b75df852324c07dae6cef7: 375 ms
Input: 5500000,
Cold Start: false
Unique ID: 5d5c105b16e1fb39737dba43c8bb713c,
Execution Time for Trace ID 5d5c105b16e1fb39737dba43c8bb713c: 421 ms
Input: 5500000,
Cold Start: false
Unique ID: d8fac1f6c3b847ee0d9d92991f3ddcd1,
Execution Time for Trace ID d8fac1f6c3b847ee0d9d92991f3ddcd1: 420 ms
Input: 5500000,
Cold Start: false
Unique ID: 35069361f6cd98560f3af25d6d5f8a93,
Execution Time for Trace ID 35069361f6cd98560f3af25d6d5f8a93: 376 ms
Input: 5500000,
Cold Start: false
Unique ID: ea6bfb97dde73025945fa1a40e67b919,
Execution Time for Trace ID ea6bfb97dde73025945fa1a40e67b919: 384 ms
Input: 5500000,
Cold Start: false
Unique ID: 625159995c71353cedba8dc57e6263dc,
Execution Time for Trace ID 625159995c71353cedba8dc57e6263dc: 434 ms
Input: 5500000,
Cold Start: false
Unique ID: e691de8c97ac579ccc8ed5bc1e8983e4,
Execution Time for Trace ID e691de8c97ac579ccc8ed5bc1e8983e4: 415 ms
Input: 5500000,
Cold Start: false
Unique ID: 1a944feb7ade2fec6b51c69b8407326f,
Execution Time for Trace ID 1a944feb7ade2fec6b51c69b8407326f: 373 ms
Input: 5500000,
Cold Start: false
Unique ID: 521dd093b5b9f59ac56b577af176ae46,
Execution Time for Trace ID 521dd093b5b9f59ac56b577af176ae46: 355 ms
Input: 5500000,
Cold Start: false
Unique ID: 7cc11e3f98c98458737dba43c8bb7ee1,
Execution Time for Trace ID 7cc11e3f98c98458737dba43c8bb7ee1: 414 ms
Input: 5500000,
Cold Start: false
Unique ID: ea1c571a4256583ec9d993fbf238d242,
Execution Time for Trace ID ea1c571a4256583ec9d993fbf238d242: 415 ms
Input: 5500000,
Cold Start: false
Unique ID: ff342474cf76488adcf37104a61d04c8,
Execution Time for Trace ID ff342474cf76488adcf37104a61d04c8: 364 ms
Input: 5500000,
Cold Start: false
Unique ID: 8d034f95f7d0b2e9237c648de2cee410,
Execution Time for Trace ID 8d034f95f7d0b2e9237c648de2cee410: 379 ms
Input: 5500000,
Cold Start: false
Unique ID: b4ccc97b457d1745d11c9b09d11c21b7,
Execution Time for Trace ID b4ccc97b457d1745d11c9b09d11c21b7: 349 ms
Input: 5500000,
Cold Start: false
Unique ID: dd800cabc641817bd39dde571f58f4cf,
Execution Time for Trace ID dd800cabc641817bd39dde571f58f4cf: 357 ms
Input: 5500000,
Cold Start: false
Unique ID: 969161a8a07ce2b1df0bafe47bbbc587,
Execution Time for Trace ID 969161a8a07ce2b1df0bafe47bbbc587: 366 ms
Input: 5500000,
Cold Start: false
Unique ID: c6cfffdced2fff234200b709116ad9af,
Execution Time for Trace ID c6cfffdced2fff234200b709116ad9af: 383 ms
Input: 5500000,
Cold Start: false
Unique ID: fbc2dc06767af5cf241a5a6965d952e6,
Execution Time for Trace ID fbc2dc06767af5cf241a5a6965d952e6: 366 ms
Input: 5500000,
Cold Start: false
Unique ID: b9af8caf83ccec39b52ec4e39097e184,
Execution Time for Trace ID b9af8caf83ccec39b52ec4e39097e184: 349 ms
Input: 5500000,
Cold Start: false
Unique ID: c10f08ff7b5debc4c5ea6f74be62513a,
Execution Time for Trace ID c10f08ff7b5debc4c5ea6f74be62513a: 360 ms
Input: 5500000,
Cold Start: false
Unique ID: f4d58e7558af9853e34b14cf00d26b1a,
Execution Time for Trace ID f4d58e7558af9853e34b14cf00d26b1a: 385 ms
Input: 5500000,
Cold Start: false
Unique ID: 7c856b62f352bceb388832c89021844a,
Execution Time for Trace ID 7c856b62f352bceb388832c89021844a: 355 ms
Input: 5500000,
Cold Start: false
Unique ID: d9164a989b3010579bb37960569cbe3e,
Execution Time for Trace ID d9164a989b3010579bb37960569cbe3e: 414 ms
Input: 5500000,
Cold Start: false
Unique ID: ed7e91eb45a96c157b2818eadfd5742b,
Execution Time for Trace ID ed7e91eb45a96c157b2818eadfd5742b: 376 ms
Input: 5500000,
Cold Start: false
Unique ID: bb7fe5cefbd7cd9bbf608bdc4249024a,
Execution Time for Trace ID bb7fe5cefbd7cd9bbf608bdc4249024a: 391 ms
Input: 5500000,
Cold Start: false
Unique ID: a1b98a0e326259c782d2fb819e210c03,
Execution Time for Trace ID a1b98a0e326259c782d2fb819e210c03: 431 ms
Input: 5500000,
Cold Start: false
Unique ID: 52ea0581c1bbd2719cd8dc1ae4d5a4f1,
Execution Time for Trace ID 52ea0581c1bbd2719cd8dc1ae4d5a4f1: 352 ms
Input: 5500000,
Cold Start: false
Unique ID: 74a69f9ec6100922325968c81d726873,
Execution Time for Trace ID 74a69f9ec6100922325968c81d726873: 369 ms
Input: 5500000,
Cold Start: false
Unique ID: 7b24321e876e75a71224e9f37d71b327,
Execution Time for Trace ID 7b24321e876e75a71224e9f37d71b327: 384 ms
Input: 5500000,
Cold Start: false
Unique ID: 440919d870351d07ee947d40edb67d5b,
Execution Time for Trace ID 440919d870351d07ee947d40edb67d5b: 419 ms
Input: 5500000,
Cold Start: false
Unique ID: a68ede1342419dadab94169af752f317,
Execution Time for Trace ID a68ede1342419dadab94169af752f317: 410 ms
Input: 5500000,
Cold Start: false
Unique ID: 11631db23f4834fbc1386ca4dd5c1b81,
Execution Time for Trace ID 11631db23f4834fbc1386ca4dd5c1b81: 374 ms
Input: 5500000,
Cold Start: false
Unique ID: 6aceebcc65c9a0c770121187c26f8051,
Execution Time for Trace ID 6aceebcc65c9a0c770121187c26f8051: 402 ms
Input: 5500000,
Cold Start: false
Unique ID: 2803eb49cf513a0c30126864f13e09d5,
Execution Time for Trace ID 2803eb49cf513a0c30126864f13e09d5: 437 ms
Input: 5500000,
Cold Start: false
Unique ID: 07b59be9a61fcfaeded07a6b854a2816,
Execution Time for Trace ID 07b59be9a61fcfaeded07a6b854a2816: 414 ms
Input: 5500000,
Cold Start: false
Unique ID: 17d84651ffba9eb4410be0bccb031212,
Execution Time for Trace ID 17d84651ffba9eb4410be0bccb031212: 378 ms
Input: 5500000,
Cold Start: false
Unique ID: dcb572a3d3ff7b7ec9c027a4eddc9d61,
Execution Time for Trace ID dcb572a3d3ff7b7ec9c027a4eddc9d61: 396 ms
Input: 5500000,
Cold Start: false
Unique ID: 6fb917629c6de6b28b412976bc582aca,
Execution Time for Trace ID 6fb917629c6de6b28b412976bc582aca: 438 ms
Input: 5500000,
Cold Start: false
Unique ID: d33d68ceda4eaf77dbced16a2ee91a45,
Execution Time for Trace ID d33d68ceda4eaf77dbced16a2ee91a45: 412 ms
Input: 5500000,
Cold Start: false
Unique ID: da9f93cc57094cd5ea06ad26981cfed5,
Execution Time for Trace ID da9f93cc57094cd5ea06ad26981cfed5: 367 ms
Input: 5500000,
Cold Start: false
Unique ID: dc681181cee0dd14f10283590a6fe216,
Execution Time for Trace ID dc681181cee0dd14f10283590a6fe216: 398 ms
Input: 5500000,
Cold Start: false
Unique ID: f3d3ccc1979b06623bc96e835a11a265,
Execution Time for Trace ID f3d3ccc1979b06623bc96e835a11a265: 420 ms
Input: 5500000,
Cold Start: false
Unique ID: e1a7ec2221ad107d89d43ed89fd79c3e,
Execution Time for Trace ID e1a7ec2221ad107d89d43ed89fd79c3e: 376 ms
Input: 5500000,
Cold Start: false
Unique ID: e384eae5036f5357f605c1cdbebc591c,
Execution Time for Trace ID e384eae5036f5357f605c1cdbebc591c: 417 ms
Input: 5500000,
Cold Start: false
Unique ID: c295c9778e587a914d8157feb6f9a9d6,
Execution Time for Trace ID c295c9778e587a914d8157feb6f9a9d6: 381 ms
Input: 5500000,
Cold Start: false
Unique ID: f32fb3d5574c03fc716d8d6f58cc2e5e,
Execution Time for Trace ID f32fb3d5574c03fc716d8d6f58cc2e5e: 352 ms
Input: 5500000,
Cold Start: false
Unique ID: 78dc8cf0bceb30aefdd04392970e2c75,
Execution Time for Trace ID 78dc8cf0bceb30aefdd04392970e2c75: 367 ms
Input: 5500000,
Cold Start: false
Unique ID: 87dd1d6580ffb44fde9c7c53951ba99f,
Execution Time for Trace ID 87dd1d6580ffb44fde9c7c53951ba99f: 419 ms
Input: 5500000,
Cold Start: false
Unique ID: 82404bf80a0af43402fc49ae259d0e00,
Execution Time for Trace ID 82404bf80a0af43402fc49ae259d0e00: 353 ms
Input: 5500000,
Cold Start: false
Unique ID: 36fa086ab852c149e82fe338c569bfd8,
Execution Time for Trace ID 36fa086ab852c149e82fe338c569bfd8: 426 ms
Input: 5500000,
Cold Start: false
Unique ID: a9c7fc12974b508e37ae4444059f6c86,
Execution Time for Trace ID a9c7fc12974b508e37ae4444059f6c86: 383 ms
Input: 5500000,
Cold Start: false
Unique ID: 23ed332060fdaa24c9600ad39780b21d,
Execution Time for Trace ID 23ed332060fdaa24c9600ad39780b21d: 353 ms
Input: 5500000,
Cold Start: false
Unique ID: c33821769179fc2e3e98a65af47c9b48,
Execution Time for Trace ID c33821769179fc2e3e98a65af47c9b48: 410 ms
Input: 5500000,
Cold Start: false
Unique ID: a948156e07cfe2b21ed7f1586e072701,
Execution Time for Trace ID a948156e07cfe2b21ed7f1586e072701: 408 ms
Input: 5500000,
Cold Start: false
Unique ID: 7473a7305da0a2a1ff463b8a6f62781d,
Execution Time for Trace ID 7473a7305da0a2a1ff463b8a6f62781d: 424 ms
Input: 5500000,
Cold Start: false
Unique ID: 574520dd92859713c03b1dcccfe9c955,
Execution Time for Trace ID 574520dd92859713c03b1dcccfe9c955: 425 ms
Input: 5500000,
Cold Start: false
Unique ID: 70d8bccb4256df6fa834a5a3cc87d6f8,
Execution Time for Trace ID 70d8bccb4256df6fa834a5a3cc87d6f8: 429 ms
Input: 5500000,
Cold Start: false
Unique ID: aa58f5e3df01b80f9633215e30f4d126,
Execution Time for Trace ID aa58f5e3df01b80f9633215e30f4d126: 408 ms
Input: 5500000,
Cold Start: false
Unique ID: 3778222e93807edafb698a353983a0fa,
Execution Time for Trace ID 3778222e93807edafb698a353983a0fa: 348 ms
Input: 5500000,
Cold Start: false
Unique ID: fc2639c369ff46d02d2def7eb078ff1a,
Execution Time for Trace ID fc2639c369ff46d02d2def7eb078ff1a: 419 ms
Input: 5500000,
Cold Start: false
Unique ID: a6390d55e5e48fa79c08d9bad3ce030a,
Execution Time for Trace ID a6390d55e5e48fa79c08d9bad3ce030a: 418 ms
Input: 5500000,
Cold Start: false
Unique ID: 03ec5850f8e119628e552025dc48ab2f,
Execution Time for Trace ID 03ec5850f8e119628e552025dc48ab2f: 378 ms
Input: 5500000,
Cold Start: false
Unique ID: 670b20700c09bd654d4b197d2582c552,
Execution Time for Trace ID 670b20700c09bd654d4b197d2582c552: 357 ms
Input: 5500000,
Cold Start: false
Unique ID: c982c09d9fc2a2d196fbdc8aa3d35b35,
Execution Time for Trace ID c982c09d9fc2a2d196fbdc8aa3d35b35: 427 ms
Input: 5500000,
Cold Start: false
Unique ID: c3e6853b2065ac285ba68be97dfc1883,
Execution Time for Trace ID c3e6853b2065ac285ba68be97dfc1883: 404 ms
Input: 5500000,
Cold Start: false
Unique ID: 4c952e160d9150b0e1b44d2bd42f2d8f,
Execution Time for Trace ID 4c952e160d9150b0e1b44d2bd42f2d8f: 406 ms
Input: 5500000,
Cold Start: false
Unique ID: 1827705ffb076a8d2c24888dc8229032,
Execution Time for Trace ID 1827705ffb076a8d2c24888dc8229032: 372 ms
Input: 5500000,
Cold Start: false
Unique ID: 68faee9e2cdb54fb0fb74e0350f562ad,
Execution Time for Trace ID 68faee9e2cdb54fb0fb74e0350f562ad: 347 ms
Input: 5500000,
Cold Start: false
Unique ID: 29e44eac1931031f262007c8ea0e5ce7,
Execution Time for Trace ID 29e44eac1931031f262007c8ea0e5ce7: 423 ms
Input: 5500000,
Cold Start: false
Unique ID: de1dbd692e556bd34ab6a365e73d4f46,
Execution Time for Trace ID de1dbd692e556bd34ab6a365e73d4f46: 459 ms
Input: 5500000,
Cold Start: false
Unique ID: 3fb1ed1056e0ae48e3ce6305cf0e03a8,
Execution Time for Trace ID 3fb1ed1056e0ae48e3ce6305cf0e03a8: 374 ms
Input: 5500000,
Cold Start: false
Unique ID: fc47eb409fb33ca04a7a8d480cbe97a7,
Execution Time for Trace ID fc47eb409fb33ca04a7a8d480cbe97a7: 349 ms
Input: 5500000,
Cold Start: false
Unique ID: 9c230b2c2fb2d1960c8232453b8795e1,
Execution Time for Trace ID 9c230b2c2fb2d1960c8232453b8795e1: 418 ms
Input: 5500000,
Cold Start: false
Unique ID: b857dbab94cac0bb476f50d992d2a20d,
Execution Time for Trace ID b857dbab94cac0bb476f50d992d2a20d: 465 ms
Input: 5500000,
Cold Start: false
Unique ID: bfde395e795ffbe6f51461f03690c98b,
Execution Time for Trace ID bfde395e795ffbe6f51461f03690c98b: 377 ms
Input: 5500000,
Cold Start: false
Unique ID: e9060fc524e61ccee8eda6c409bc11d2,
Execution Time for Trace ID e9060fc524e61ccee8eda6c409bc11d2: 410 ms
Input: 5500000,
Cold Start: false
Unique ID: efb1318409cca5343e12850fbdcdfbfa,
Execution Time for Trace ID efb1318409cca5343e12850fbdcdfbfa: 417 ms
Input: 5500000,
Cold Start: false
Unique ID: b9ccd5329077be83bbd50b2d3eaca94a,
Execution Time for Trace ID b9ccd5329077be83bbd50b2d3eaca94a: 393 ms
Input: 5500000,
Cold Start: false
Unique ID: 8f149d9147b52542349db056229da04f,
Execution Time for Trace ID 8f149d9147b52542349db056229da04f: 374 ms
Input: 5500000,
Cold Start: false
Unique ID: a6486f5699f582378904506a94f2d929,
Execution Time for Trace ID a6486f5699f582378904506a94f2d929: 350 ms
Input: 5500000,
Cold Start: false
Unique ID: c136417cef50f4a849186079c58986a5,
Execution Time for Trace ID c136417cef50f4a849186079c58986a5: 357 ms
Input: 5500000,
Cold Start: false
Unique ID: a19400036bfcc3b999a8c99b55d2c59c,
Execution Time for Trace ID a19400036bfcc3b999a8c99b55d2c59c: 389 ms
Input: 5500000,
Cold Start: false
Unique ID: 7cf26d6c0937570aeb071baad6a74e42,
Execution Time for Trace ID 7cf26d6c0937570aeb071baad6a74e42: 395 ms
Input: 5500000,
Cold Start: false
Unique ID: 896546f737d204b6997a1cad59386264,
Execution Time for Trace ID 896546f737d204b6997a1cad59386264: 419 ms
Input: 5500000,
Cold Start: false
Unique ID: a228472fa06f82258bb5ed44168ff58b,
Execution Time for Trace ID a228472fa06f82258bb5ed44168ff58b: 375 ms
Input: 5500000,
Cold Start: false
Unique ID: f598a6eeb53cfb98a8ce088576d909a5,
Execution Time for Trace ID f598a6eeb53cfb98a8ce088576d909a5: 397 ms
Input: 5500000,
Cold Start: false
Unique ID: acb85ad75c9be31da66c0e3bc57804c5,
Execution Time for Trace ID acb85ad75c9be31da66c0e3bc57804c5: 385 ms
Input: 5500000,
Cold Start: false
Unique ID: 22a9165f3265e272e9a293268211203f,
Execution Time for Trace ID 22a9165f3265e272e9a293268211203f: 428 ms
Input: 5500000,
Cold Start: false
Unique ID: 74cbf9e9ad020da8be7794caad32a75c,
Execution Time for Trace ID 74cbf9e9ad020da8be7794caad32a75c: 418 ms
Input: 5500000,
Cold Start: false
Unique ID: 49fa26dfd33ce4ed425461ce154b6c1c,
Execution Time for Trace ID 49fa26dfd33ce4ed425461ce154b6c1c: 391 ms
Input: 5500000,
Cold Start: false
Unique ID: 614a003b7c245e6cfe8b1249e06269ad,
Execution Time for Trace ID 614a003b7c245e6cfe8b1249e06269ad: 365 ms
Input: 5500000,
Cold Start: false
Unique ID: 621d740f78c2f0a5a109ba63f4f0ea6b,
Execution Time for Trace ID 621d740f78c2f0a5a109ba63f4f0ea6b: 348 ms
Input: 5500000,
Cold Start: false
Unique ID: 3709f21d0fb058b389fc731576a115c4,
Execution Time for Trace ID 3709f21d0fb058b389fc731576a115c4: 348 ms
Input: 5500000,
Cold Start: false
Unique ID: 86640180aa44321bc89f1bdce68ecfe3,
Execution Time for Trace ID 86640180aa44321bc89f1bdce68ecfe3: 389 ms
Input: 5500000,
Cold Start: false
Unique ID: f5f5f586dacc8dc4de500d8447dbc366,
Execution Time for Trace ID f5f5f586dacc8dc4de500d8447dbc366: 369 ms
Input: 5500000,
Cold Start: false
Unique ID: 0253e9be98b89d1fd4fe0f7d238f646f,
Execution Time for Trace ID 0253e9be98b89d1fd4fe0f7d238f646f: 432 ms
Input: 5500000,
Cold Start: false
Unique ID: bd34bc3a362f93e94116bf03f6100161,
Execution Time for Trace ID bd34bc3a362f93e94116bf03f6100161: 418 ms
Input: 5500000,
Cold Start: false
Unique ID: c32098b6ad65f1cf7dfaec00a4f44555,
Execution Time for Trace ID c32098b6ad65f1cf7dfaec00a4f44555: 396 ms
Input: 5500000,
Cold Start: false
Unique ID: da549d62d496e6f6f505dccac0177d92,
Execution Time for Trace ID da549d62d496e6f6f505dccac0177d92: 375 ms
Input: 5500000,
Cold Start: false
Unique ID: d1babc9e40f5aca9eec339223c970b5b,
Execution Time for Trace ID d1babc9e40f5aca9eec339223c970b5b: 346 ms
Input: 5500000,
Cold Start: false
Unique ID: 324d3bb8e077923ce06935d3011b3394,
Execution Time for Trace ID 324d3bb8e077923ce06935d3011b3394: 425 ms
Input: 5500000,
Cold Start: false
Unique ID: adbc201f6d65c8cb2441afa2772be250,
Execution Time for Trace ID adbc201f6d65c8cb2441afa2772be250: 390 ms
Input: 5500000,
Cold Start: false
Unique ID: e9df58a32a7cb2e9430268359ad99505,
Execution Time for Trace ID e9df58a32a7cb2e9430268359ad99505: 371 ms
Input: 5500000,
Cold Start: false
Unique ID: 6b7b6f637adeecfb51a46a2bc6aae24c,
Execution Time for Trace ID 6b7b6f637adeecfb51a46a2bc6aae24c: 348 ms
Input: 5500000,
Cold Start: false
Unique ID: 9059c5dca4bc349917d78ec918188998,
Execution Time for Trace ID 9059c5dca4bc349917d78ec918188998: 416 ms
Input: 5500000,
Cold Start: false
Unique ID: 2da740090973d136e036da5718d0637d,
Execution Time for Trace ID 2da740090973d136e036da5718d0637d: 392 ms
Input: 5500000,
Cold Start: false
Unique ID: 0543da63689fb4e4e148bb510b1f504a,
Execution Time for Trace ID 0543da63689fb4e4e148bb510b1f504a: 373 ms
Input: 5500000,
Cold Start: false
Unique ID: 335de3484bb6b315cb3c8c046aa57b5e,
Execution Time for Trace ID 335de3484bb6b315cb3c8c046aa57b5e: 345 ms
Input: 5500000,
Cold Start: false
Unique ID: f054ed7673640223486d6a76238cdaa0,
Execution Time for Trace ID f054ed7673640223486d6a76238cdaa0: 420 ms
Input: 5500000,
Cold Start: false
Unique ID: d2906a50942a67e00422b4fa2b452541,
Execution Time for Trace ID d2906a50942a67e00422b4fa2b452541: 409 ms
Input: 5500000,
Cold Start: false
Unique ID: 9343f603baf79dab8fada26f5de0932f,
Execution Time for Trace ID 9343f603baf79dab8fada26f5de0932f: 369 ms
Input: 5500000,
Cold Start: false
Unique ID: f51236f0a823e5ebc367f8c51450964e,
Execution Time for Trace ID f51236f0a823e5ebc367f8c51450964e: 352 ms
Input: 5500000,
Cold Start: false
Unique ID: 4ced1f24c67c14b046e37ea4754c85a3,
Execution Time for Trace ID 4ced1f24c67c14b046e37ea4754c85a3: 415 ms
Input: 5500000,
Cold Start: false
Unique ID: 11c225ed1216bff5d169087475b3b346,
Execution Time for Trace ID 11c225ed1216bff5d169087475b3b346: 391 ms
Input: 5500000,
Cold Start: false
Unique ID: 8247c33106a2ab868cdbbc38259f0eb9,
Execution Time for Trace ID 8247c33106a2ab868cdbbc38259f0eb9: 369 ms
Input: 5500000,
Cold Start: false
Unique ID: 379e680210df54d6631815b3df6d1631,
Execution Time for Trace ID 379e680210df54d6631815b3df6d1631: 352 ms
Input: 5500000,
Cold Start: false
Unique ID: 6150aa71230fbf7296081b60317ddfee,
Execution Time for Trace ID 6150aa71230fbf7296081b60317ddfee: 347 ms
Input: 5500000,
Cold Start: false
Unique ID: 9be4064119eac5eaa3f79a037fa04120,
Execution Time for Trace ID 9be4064119eac5eaa3f79a037fa04120: 379 ms
Input: 5500000,
Cold Start: false
Unique ID: 68113612947959a350ae99a2bb363008,
Execution Time for Trace ID 68113612947959a350ae99a2bb363008: 369 ms
Input: 5500000,
Cold Start: false
Unique ID: bb74d86ac27b7f203a6ce72b327fd43f,
Execution Time for Trace ID bb74d86ac27b7f203a6ce72b327fd43f: 354 ms
Input: 5500000,
Cold Start: false
Unique ID: 6853b794b964afac1535f118cc7133a8,
Execution Time for Trace ID 6853b794b964afac1535f118cc7133a8: 431 ms
Input: 5500000,
Cold Start: false
Unique ID: 7a03707ee27709c8c096faaf6cd1d96e,
Execution Time for Trace ID 7a03707ee27709c8c096faaf6cd1d96e: 467 ms
Input: 5500000,
Cold Start: false
Unique ID: bc32b80e9717da51ac0935f4005c733a,
Execution Time for Trace ID bc32b80e9717da51ac0935f4005c733a: 370 ms
Input: 5500000,
Cold Start: false
Unique ID: 712757f378988b6aeb5f6c43460ae90e,
Execution Time for Trace ID 712757f378988b6aeb5f6c43460ae90e: 358 ms
Input: 5500000,
Cold Start: false
Unique ID: 65b8f034799b2e34c4fc6c618b843c27,
Execution Time for Trace ID 65b8f034799b2e34c4fc6c618b843c27: 354 ms
Input: 5500000,
Cold Start: false
Unique ID: 3fab826ee6e562720481583e88f37cb3,
Execution Time for Trace ID 3fab826ee6e562720481583e88f37cb3: 383 ms
Input: 5500000,
Cold Start: false
Unique ID: c404157189c6f9fb75cdab2b0ffefb61,
Execution Time for Trace ID c404157189c6f9fb75cdab2b0ffefb61: 371 ms
Input: 5500000,
Cold Start: false
Unique ID: 9d921be6f5a9e6da6fa5072a2452ea04,
Execution Time for Trace ID 9d921be6f5a9e6da6fa5072a2452ea04: 353 ms
Input: 5500000,
Cold Start: false
Unique ID: 4fccbcdb9d140103ece477ca347f4b3d,
Execution Time for Trace ID 4fccbcdb9d140103ece477ca347f4b3d: 344 ms
Input: 5500000,
Cold Start: false
Unique ID: b61d4e805ff9b6a07319296357898134,
Execution Time for Trace ID b61d4e805ff9b6a07319296357898134: 381 ms
Input: 5500000,
Cold Start: false
Unique ID: cce1cca09b6a6ee5069b599d970e6471,
Execution Time for Trace ID cce1cca09b6a6ee5069b599d970e6471: 368 ms
Input: 5500000,
Cold Start: false
Unique ID: 3e3aded9d8b7887c5b78eb15418509df,
Execution Time for Trace ID 3e3aded9d8b7887c5b78eb15418509df: 353 ms
Input: 5500000,
Cold Start: false
Unique ID: d3f53e4971425b918f5e4055f1fa6f10,
Execution Time for Trace ID d3f53e4971425b918f5e4055f1fa6f10: 352 ms
Input: 5500000,
Cold Start: false
Unique ID: 1dad3c3c8931ebddad50f49edfc3d57b,
Execution Time for Trace ID 1dad3c3c8931ebddad50f49edfc3d57b: 388 ms
Input: 5500000,
Cold Start: false
Unique ID: 4590df2911d2e371c587be74ea238f73,
Execution Time for Trace ID 4590df2911d2e371c587be74ea238f73: 366 ms
Input: 5500000,
Cold Start: false
Unique ID: 7554deaee3ed0d2081742cb4d8d93032,
Execution Time for Trace ID 7554deaee3ed0d2081742cb4d8d93032: 349 ms
Input: 5500000,
Cold Start: false
Unique ID: 9a4c35fca6dde679540b3b2526541798,
Execution Time for Trace ID 9a4c35fca6dde679540b3b2526541798: 357 ms
Input: 5500000,
Cold Start: false
Unique ID: e15f52d9cebb47665b66a0d13e22d8de,
Execution Time for Trace ID e15f52d9cebb47665b66a0d13e22d8de: 392 ms
Input: 5500000,
Cold Start: false
Unique ID: c418199bb25b8396bfb6537c16d7d756,
Execution Time for Trace ID c418199bb25b8396bfb6537c16d7d756: 368 ms
Input: 5500000,
Cold Start: false
Unique ID: ce4acb6e1a96103f5f068b73a5159f4c,
Execution Time for Trace ID ce4acb6e1a96103f5f068b73a5159f4c: 350 ms
Input: 5500000,
Cold Start: false
Unique ID: d15d683c52c507fe4afe4f2e3bd82e02,
Execution Time for Trace ID d15d683c52c507fe4afe4f2e3bd82e02: 427 ms
Input: 5500000,
Cold Start: false
Unique ID: 7f3cfc794515869785fd5c9caeba073c,
Execution Time for Trace ID 7f3cfc794515869785fd5c9caeba073c: 389 ms
Input: 5500000,
Cold Start: false
Unique ID: b4af700e9a0071d4c44c9a6eb68e81b9,
Execution Time for Trace ID b4af700e9a0071d4c44c9a6eb68e81b9: 374 ms
Input: 5500000,
Cold Start: false
Unique ID: 9a573b9cc8611e86c16f3f8de88a5bcf,
Execution Time for Trace ID 9a573b9cc8611e86c16f3f8de88a5bcf: 408 ms
Input: 5500000,
Cold Start: false
Unique ID: 1e67bba313bbf92e402c08ef24a60046,
Execution Time for Trace ID 1e67bba313bbf92e402c08ef24a60046: 418 ms
Input: 5500000,
Cold Start: false
Unique ID: 02eca768c4a21d9aa5758661106794d9,
Execution Time for Trace ID 02eca768c4a21d9aa5758661106794d9: 390 ms
Input: 5500000,
Cold Start: false
Unique ID: 8b9c169ecac4f7dc7c46c4763f7859c1,
Execution Time for Trace ID 8b9c169ecac4f7dc7c46c4763f7859c1: 416 ms
Input: 5500000,
Cold Start: false
Unique ID: db50636d869b26f8747102e0cb861a2a,
Execution Time for Trace ID db50636d869b26f8747102e0cb861a2a: 394 ms
Input: 5500000,
Cold Start: false
Unique ID: e138bc8ba54139b726f79c32daa46468,
Execution Time for Trace ID e138bc8ba54139b726f79c32daa46468: 398 ms
Input: 5500000,
Cold Start: false
Unique ID: 88189175d68983ae44bd38141dd10b65,
Execution Time for Trace ID 88189175d68983ae44bd38141dd10b65: 354 ms
Input: 5500000,
Cold Start: false
Unique ID: 69cac35a328cc58ead8a50f18918976a,
Execution Time for Trace ID 69cac35a328cc58ead8a50f18918976a: 361 ms
Input: 5500000,
Cold Start: false
Unique ID: 4d15163f35ceb4dd4a16d04a966165ea,
Execution Time for Trace ID 4d15163f35ceb4dd4a16d04a966165ea: 348 ms
Input: 5500000,
Cold Start: false
Unique ID: bc84f5796e5e3f5baf4ba5213ef84a19,
Execution Time for Trace ID bc84f5796e5e3f5baf4ba5213ef84a19: 349 ms
Input: 5500000,
Cold Start: false
Unique ID: 2369bc28c6df6acb53cdff8e1afa246a,
Execution Time for Trace ID 2369bc28c6df6acb53cdff8e1afa246a: 384 ms
Input: 5500000,
Cold Start: false
Unique ID: f35fc193405f131a933db0a683916511,
Execution Time for Trace ID f35fc193405f131a933db0a683916511: 375 ms
Input: 5500000,
Cold Start: false
Unique ID: 13b35edf2ab576b09f6574d9e8e16ab7,
Execution Time for Trace ID 13b35edf2ab576b09f6574d9e8e16ab7: 383 ms
Input: 5500000,
Cold Start: false
Unique ID: ebf6ab538e0780c1182519e83e300867,
Execution Time for Trace ID ebf6ab538e0780c1182519e83e300867: 400 ms
Input: 5500000,
Cold Start: false
Unique ID: 3ad0c3483d52b32c1592efbcbc6ea0d6,
Execution Time for Trace ID 3ad0c3483d52b32c1592efbcbc6ea0d6: 441 ms
Input: 5500000,
Cold Start: false
Unique ID: 4a53824cd2d76cb3cbe3b3f100c72629,
Execution Time for Trace ID 4a53824cd2d76cb3cbe3b3f100c72629: 383 ms
Input: 5500000,
Cold Start: false
Unique ID: 533d80ff708add17cb3ccb0be02507f5,
Execution Time for Trace ID 533d80ff708add17cb3ccb0be02507f5: 358 ms
Input: 5500000,
Cold Start: false
Unique ID: 198e56635d21dc2471c80dbbde6fcd46,
Execution Time for Trace ID 198e56635d21dc2471c80dbbde6fcd46: 351 ms
Input: 5500000,
Cold Start: false
Unique ID: 58e7db270fa4fe8210eee7e0547c0e29,
Execution Time for Trace ID 58e7db270fa4fe8210eee7e0547c0e29: 349 ms
Input: 5500000,
Cold Start: false
Unique ID: 357d7e0cb5b61500b4fa8bf191c8c4fc,
Execution Time for Trace ID 357d7e0cb5b61500b4fa8bf191c8c4fc: 396 ms
Input: 5500000,
Cold Start: false
Unique ID: bf0f1bd63bc77c353f044149b0a940fc,
Execution Time for Trace ID bf0f1bd63bc77c353f044149b0a940fc: 355 ms
Input: 5500000,
Cold Start: false
Unique ID: 65dd24cd568a85340b5b8ea347704098,
Execution Time for Trace ID 65dd24cd568a85340b5b8ea347704098: 381 ms
Input: 5500000,
Cold Start: false
Unique ID: 408ef3357c74ce7e3c5c451043c09381,
Execution Time for Trace ID 408ef3357c74ce7e3c5c451043c09381: 352 ms
Input: 5500000,
Cold Start: false
Unique ID: 0c61ea5add1699343eff7d6a7b79a02b,
Execution Time for Trace ID 0c61ea5add1699343eff7d6a7b79a02b: 410 ms
Input: 5500000,
Cold Start: false
Unique ID: 519405287527cd94e7aaba86973dd041,
Execution Time for Trace ID 519405287527cd94e7aaba86973dd041: 372 ms
Input: 5500000,
Cold Start: false
Unique ID: b53b887ff774224d5c64e842a43c6e71,
Execution Time for Trace ID b53b887ff774224d5c64e842a43c6e71: 384 ms
Input: 5500000,
Cold Start: false
Unique ID: 126c66e7bcd4527864248e7e494b6c4a,
Execution Time for Trace ID 126c66e7bcd4527864248e7e494b6c4a: 353 ms
Input: 5500000,
Cold Start: false
Unique ID: 9602e5b82462c8c520b06550ce8b6370,
Execution Time for Trace ID 9602e5b82462c8c520b06550ce8b6370: 407 ms
Input: 5500000,
Cold Start: false
Unique ID: e9991d470e0e58c1286c1dda853635bc,
Execution Time for Trace ID e9991d470e0e58c1286c1dda853635bc: 370 ms
Input: 5500000,
Cold Start: false
Unique ID: acbde14d3dba23946e9924612908171b,
Execution Time for Trace ID acbde14d3dba23946e9924612908171b: 384 ms
Input: 5500000,
Cold Start: false
Unique ID: 20d073239e090511d1e9320cf528da08,
Execution Time for Trace ID 20d073239e090511d1e9320cf528da08: 498 ms
Input: 5500000,
Cold Start: false
Unique ID: db42fac97ef78f4a61f3d2e3353a3dba,
Execution Time for Trace ID db42fac97ef78f4a61f3d2e3353a3dba: 404 ms
Input: 5500000,
Cold Start: false
Unique ID: 70950458b423dc6d770af2edce28c0db,
Execution Time for Trace ID 70950458b423dc6d770af2edce28c0db: 365 ms
Input: 5500000,
Cold Start: false
Unique ID: 283778dde03b366fcd9cf0f207ed05da,
Execution Time for Trace ID 283778dde03b366fcd9cf0f207ed05da: 369 ms
Input: 5500000,
Cold Start: false
Unique ID: 5a0a188ff4038efe57dc60e3d7933e67,
Execution Time for Trace ID 5a0a188ff4038efe57dc60e3d7933e67: 356 ms
Input: 5500000,
Cold Start: false
Unique ID: ce49f4a16aaf53c9ebe1ba13f2fb31e7,
Execution Time for Trace ID ce49f4a16aaf53c9ebe1ba13f2fb31e7: 356 ms
Input: 5500000,
Cold Start: false
Unique ID: 97917bc9c89cecb4a8a297b74592ea47,
Execution Time for Trace ID 97917bc9c89cecb4a8a297b74592ea47: 417 ms
Input: 5500000,
Cold Start: false
Unique ID: 1ac1bf787cdd53cc227cee6b91bfd01e,
Execution Time for Trace ID 1ac1bf787cdd53cc227cee6b91bfd01e: 354 ms
Input: 5500000,
Cold Start: false
Unique ID: 3393aa9e1878ac161508f6c9dcf5e415,
Execution Time for Trace ID 3393aa9e1878ac161508f6c9dcf5e415: 391 ms
Input: 5500000,
Cold Start: false
Unique ID: 2efcf76f4c972d0447bcdb9c5a244a5d,
Execution Time for Trace ID 2efcf76f4c972d0447bcdb9c5a244a5d: 360 ms
Input: 5500000,
Cold Start: false
Unique ID: 9c4a28d85847dfec92b936fb86668f78,
Execution Time for Trace ID 9c4a28d85847dfec92b936fb86668f78: 418 ms
Input: 5500000,
Cold Start: false
Unique ID: 560aead41476eee52914a193527de792,
Execution Time for Trace ID 560aead41476eee52914a193527de792: 399 ms
Input: 5500000,
Cold Start: false
Unique ID: fda3005d2ae92f28b4cb6fb175e0e0ea,
Execution Time for Trace ID fda3005d2ae92f28b4cb6fb175e0e0ea: 442 ms
Input: 5500000,
Cold Start: false
Unique ID: b3ba477acafd9a0617ac7ff18f7ce1dc,
Execution Time for Trace ID b3ba477acafd9a0617ac7ff18f7ce1dc: 418 ms
Input: 5500000,
Cold Start: false
Unique ID: b29b9f78d10cb18f5ab5bdf908eec039,
Execution Time for Trace ID b29b9f78d10cb18f5ab5bdf908eec039: 353 ms
Input: 5500000,
Cold Start: false
Unique ID: fc0bf0b66d34b877a9c7d3be01795449,
Execution Time for Trace ID fc0bf0b66d34b877a9c7d3be01795449: 366 ms
Input: 5500000,
Cold Start: false
Unique ID: 5cdb4c44eee717a32ef6e14f27e23df3,
Execution Time for Trace ID 5cdb4c44eee717a32ef6e14f27e23df3: 357 ms
Input: 5500000,
Cold Start: false
Unique ID: c931a10c543a7a0bc7e83f4c83342848,
Execution Time for Trace ID c931a10c543a7a0bc7e83f4c83342848: 355 ms
Input: 5500000,
Cold Start: false
Unique ID: a008a3327b19dd5e8ec07187a5c02a02,
Execution Time for Trace ID a008a3327b19dd5e8ec07187a5c02a02: 417 ms
Input: 5500000,
Cold Start: false
Unique ID: 6627ac16324a110c38f670c11f0e0011,
Execution Time for Trace ID 6627ac16324a110c38f670c11f0e0011: 372 ms
Input: 5500000,
Cold Start: false
Unique ID: be997dc8409a409f6c25ae1379e95708,
Execution Time for Trace ID be997dc8409a409f6c25ae1379e95708: 499 ms
Input: 5500000,
Cold Start: false
Unique ID: 74c2da4350c107bf9f32d27f66612507,
Execution Time for Trace ID 74c2da4350c107bf9f32d27f66612507: 405 ms
Input: 5500000,
Cold Start: false
Unique ID: 3d7aa21f66b38534742ffc8e69b9d0f7,
Execution Time for Trace ID 3d7aa21f66b38534742ffc8e69b9d0f7: 395 ms
Input: 5500000,
Cold Start: false
Unique ID: 8c34a6c78def14a0091cbd7f4a859e06,
Execution Time for Trace ID 8c34a6c78def14a0091cbd7f4a859e06: 377 ms
Input: 5500000,
Cold Start: false
Unique ID: a532969a968a17d1f7a99c8b3214f328,
Execution Time for Trace ID a532969a968a17d1f7a99c8b3214f328: 446 ms
Input: 5500000,
Cold Start: false
Unique ID: faf665f39dfe329922845330aaad879d,
Execution Time for Trace ID faf665f39dfe329922845330aaad879d: 365 ms
Input: 5500000,
Cold Start: false
Unique ID: 1a1930b272d1580a09dc2e332370fcc8,
Execution Time for Trace ID 1a1930b272d1580a09dc2e332370fcc8: 418 ms
Input: 5500000,
Cold Start: false
Unique ID: 3b432bc2f8669ee9514e9cd09f81e34b,
Execution Time for Trace ID 3b432bc2f8669ee9514e9cd09f81e34b: 365 ms
Input: 5500000,
Cold Start: false
Unique ID: 75e7935f20d5ea37a6dd938ee5b1004f,
Execution Time for Trace ID 75e7935f20d5ea37a6dd938ee5b1004f: 412 ms
Input: 5500000,
Cold Start: false
Unique ID: 92152854a8642893f4b5d2528b010b31,
Execution Time for Trace ID 92152854a8642893f4b5d2528b010b31: 413 ms
Input: 5500000,
Cold Start: false
Unique ID: bee182c22d1b7cfbfa3b7d1505578a58,
Execution Time for Trace ID bee182c22d1b7cfbfa3b7d1505578a58: 359 ms
Input: 5500000,
Cold Start: false
Unique ID: 1a9355b252628d314549064f2b14827d,
Execution Time for Trace ID 1a9355b252628d314549064f2b14827d: 379 ms
Input: 5500000,
Cold Start: false
Unique ID: fe5248de2bd8134bcc1b522f373f1da4,
Execution Time for Trace ID fe5248de2bd8134bcc1b522f373f1da4: 421 ms
Input: 5500000,
Cold Start: false
Unique ID: ac1604a99d0297d46f843744aa5b0a2d,
Execution Time for Trace ID ac1604a99d0297d46f843744aa5b0a2d: 359 ms
Input: 5500000,
Cold Start: false
Unique ID: 1b49897edf56f680f28c7ab2ae97cebe,
Execution Time for Trace ID 1b49897edf56f680f28c7ab2ae97cebe: 412 ms
Input: 5500000,
Cold Start: false
Unique ID: 3674e5b212d3b4d602bac408d786f484,
Execution Time for Trace ID 3674e5b212d3b4d602bac408d786f484: 468 ms
Input: 5500000,
Cold Start: false
Unique ID: 3e8d215f48928d7651774072c00a7473,
Execution Time for Trace ID 3e8d215f48928d7651774072c00a7473: 450 ms
Input: 5500000,
Cold Start: false
Unique ID: 4807d5505918a20e56581d60bd7250e4,
Execution Time for Trace ID 4807d5505918a20e56581d60bd7250e4: 405 ms
Input: 5500000,
Cold Start: false
Unique ID: 3d599fd18fcabfffc5fcd70d79109b39,
Execution Time for Trace ID 3d599fd18fcabfffc5fcd70d79109b39: 351 ms
Input: 5500000,
Cold Start: false
Unique ID: 06ef275adf05244dfffe6049b99d43dc,
Execution Time for Trace ID 06ef275adf05244dfffe6049b99d43dc: 389 ms
Input: 5500000,
Cold Start: false
Unique ID: da7223d7d4ec4529c8e533bb8bbb665f,
Execution Time for Trace ID da7223d7d4ec4529c8e533bb8bbb665f: 424 ms
Input: 5500000,
Cold Start: false
Unique ID: 972138e2a165945cead4e5885d108915,
Execution Time for Trace ID 972138e2a165945cead4e5885d108915: 406 ms
Input: 5500000,
Cold Start: false
Unique ID: c06de07aa737e66a22158f9e7481c8c2,
Execution Time for Trace ID c06de07aa737e66a22158f9e7481c8c2: 369 ms
Input: 5500000,
Cold Start: false
Unique ID: 3beece6af5014373ea795fc25a2f452b,
Execution Time for Trace ID 3beece6af5014373ea795fc25a2f452b: 376 ms
Input: 5500000,
Cold Start: false
Unique ID: f428addec250e86e9d765d4114a395ce,
Execution Time for Trace ID f428addec250e86e9d765d4114a395ce: 415 ms
Input: 5500000,
Cold Start: false
Unique ID: d8aafd839c1692eeb41f3b868d610a08,
Execution Time for Trace ID d8aafd839c1692eeb41f3b868d610a08: 409 ms
Input: 5500000,
Cold Start: false
Unique ID: 4ef18dbd6830d2aee0635022932a4c48,
Execution Time for Trace ID 4ef18dbd6830d2aee0635022932a4c48: 372 ms
Input: 5500000,
Cold Start: false
Unique ID: c3124cfc5eab90124175e16d25cc6be7,
Execution Time for Trace ID c3124cfc5eab90124175e16d25cc6be7: 369 ms
Input: 5500000,
Cold Start: false
Unique ID: efdc4ab21d5a92449763fdb5dd479d1b,
Execution Time for Trace ID efdc4ab21d5a92449763fdb5dd479d1b: 408 ms
Input: 5500000,
Cold Start: false
Unique ID: 8012c25a766434c83dd211810e1f2f83,
Execution Time for Trace ID 8012c25a766434c83dd211810e1f2f83: 188 ms
Input: 5500000,
Cold Start: false
Unique ID: 92cff304bc655bd58b838f383c2c87ed,
Execution Time for Trace ID 92cff304bc655bd58b838f383c2c87ed: 366 ms
Input: 5500000,
Cold Start: false
Unique ID: e17f4f7a4d5dda2c360d050cd8cc6581,
Execution Time for Trace ID e17f4f7a4d5dda2c360d050cd8cc6581: 382 ms
Input: 5500000,
Cold Start: false
Unique ID: 0efe3ef3cdd45372cfde2b680e95ece9,
Execution Time for Trace ID 0efe3ef3cdd45372cfde2b680e95ece9: 408 ms
Input: 5500000,
Cold Start: false
Unique ID: 47a12ece413137459a9d7faf57895eb8,
Execution Time for Trace ID 47a12ece413137459a9d7faf57895eb8: 192 ms
Input: 5500000,
Cold Start: false
Unique ID: 82fc7bde96fa23a0e894c62fd19b9765,
Execution Time for Trace ID 82fc7bde96fa23a0e894c62fd19b9765: 350 ms
Input: 5500000,
Cold Start: false
Unique ID: f9d2498d04d8aa665b4387151fd4bc29,
Execution Time for Trace ID f9d2498d04d8aa665b4387151fd4bc29: 419 ms
Input: 5500000,
Cold Start: false
Unique ID: aaeec78ff67068f96d7c1138d425e7ad,
Execution Time for Trace ID aaeec78ff67068f96d7c1138d425e7ad: 379 ms
Input: 5500000,
Cold Start: false
Unique ID: 317a8615d59246827216c618c9927296,
Execution Time for Trace ID 317a8615d59246827216c618c9927296: 349 ms
Input: 5500000,
Cold Start: false
Unique ID: 96950a63703eb439924855846c0fce43,
Execution Time for Trace ID 96950a63703eb439924855846c0fce43: 355 ms
Input: 5500000,
Cold Start: false
Unique ID: 1683412350f700881b268824cef1d384,
Execution Time for Trace ID 1683412350f700881b268824cef1d384: 367 ms
Input: 5500000,
Cold Start: false
Unique ID: dd4359e0b9c0d6a78254a5d4ba0be008,
Execution Time for Trace ID dd4359e0b9c0d6a78254a5d4ba0be008: 349 ms
Input: 5500000,
Cold Start: false
Unique ID: 5a9fe1f050d51e962b6779b6f6e0abd1,
Execution Time for Trace ID 5a9fe1f050d51e962b6779b6f6e0abd1: 397 ms
Input: 5500000,
Cold Start: false
Unique ID: 8e092a535e808b064402f1fddb5be9d2,
Execution Time for Trace ID 8e092a535e808b064402f1fddb5be9d2: 372 ms
Input: 5500000,
Cold Start: false
Unique ID: 8d87ea2eb17d86b710195c73c5fcaee4,
Execution Time for Trace ID 8d87ea2eb17d86b710195c73c5fcaee4: 379 ms
Input: 5500000,
Cold Start: false
Unique ID: 3cc46339888b2f215be1af98a910d152,
Execution Time for Trace ID 3cc46339888b2f215be1af98a910d152: 410 ms
Input: 5500000,
Cold Start: false
Unique ID: 21d4d7b116aacdefc09b39216372e3ca,
Execution Time for Trace ID 21d4d7b116aacdefc09b39216372e3ca: 405 ms
Input: 5500000,
Cold Start: false
Unique ID: 5d27fc35d1e2333e3eb9bbd7b26e6522,
Execution Time for Trace ID 5d27fc35d1e2333e3eb9bbd7b26e6522: 363 ms
Input: 5500000,
Cold Start: false
Unique ID: 02b5f340d5f69d8208db220ad9ed7b6f,
Execution Time for Trace ID 02b5f340d5f69d8208db220ad9ed7b6f: 370 ms
Input: 5500000,
Cold Start: false
Unique ID: 9520ba60bf393a2897842440abb9b963,
Execution Time for Trace ID 9520ba60bf393a2897842440abb9b963: 352 ms
Input: 5500000,
Cold Start: false
Unique ID: 00fe0d4b07b69e63e6131592625ff30c,
Execution Time for Trace ID 00fe0d4b07b69e63e6131592625ff30c: 362 ms
Input: 5500000,
Cold Start: false
Unique ID: 1206952ad88fba2b4e1ec10ecba86711,
Execution Time for Trace ID 1206952ad88fba2b4e1ec10ecba86711: 414 ms
Input: 5500000,
Cold Start: false
Unique ID: 2d012e4d6569a892e37f9260d425937c,
Execution Time for Trace ID 2d012e4d6569a892e37f9260d425937c: 372 ms
Input: 5500000,
Cold Start: false
Unique ID: 5020d5abf976406c7b3a19b76b846fd3,
Execution Time for Trace ID 5020d5abf976406c7b3a19b76b846fd3: 500 ms
Input: 5500000,
Cold Start: false
Unique ID: b205799d6c91363924b5cdd2373a7c20,
Execution Time for Trace ID b205799d6c91363924b5cdd2373a7c20: 409 ms
Input: 5500000,
Cold Start: false
Unique ID: dac9f00ec7775c5349ae319ad3ee461e,
Execution Time for Trace ID dac9f00ec7775c5349ae319ad3ee461e: 364 ms
Input: 5500000,
Cold Start: false
Unique ID: b6bd5300f08d45e074ced70b6a3a0ad1,
Execution Time for Trace ID b6bd5300f08d45e074ced70b6a3a0ad1: 375 ms
Input: 5500000,
Cold Start: false
Unique ID: 8cd9a0b38d385fe73960662e86c79dc5,
Execution Time for Trace ID 8cd9a0b38d385fe73960662e86c79dc5: 356 ms
Input: 5500000,
Cold Start: false
Unique ID: 8d27d594df1c08da5dc26ad57f6af200,
Execution Time for Trace ID 8d27d594df1c08da5dc26ad57f6af200: 409 ms
Input: 5500000,
Cold Start: false
Unique ID: 90cf1ece881c86236c1b4c45183a1a9b,
Execution Time for Trace ID 90cf1ece881c86236c1b4c45183a1a9b: 351 ms
Input: 5500000,
Cold Start: false
Unique ID: 12c32cc96a0ff0a9c35dc5e26392c55c,
Execution Time for Trace ID 12c32cc96a0ff0a9c35dc5e26392c55c: 367 ms
Input: 5500000,
Cold Start: false
Unique ID: ef5d65c7c00a641bc6b33c1689e23140,
Execution Time for Trace ID ef5d65c7c00a641bc6b33c1689e23140: 352 ms
Input: 5500000,
Cold Start: false
