Unique ID: 5219725d-64d9-49a4-b840-8504499b4412,
Billed Duration for Request 5219725d-64d9-49a4-b840-8504499b4412: 571 ms
Input: 5500000,
Cold Start: false
Unique ID: 7bfe4471-279d-4740-bb93-e0ede1d54dcd,
Billed Duration for Request 7bfe4471-279d-4740-bb93-e0ede1d54dcd: 619 ms
Input: 5500000,
Cold Start: false
Unique ID: 2821b3f1-7d3a-4bcc-89d2-c6d8471fe333,
Billed Duration for Request 2821b3f1-7d3a-4bcc-89d2-c6d8471fe333: 583 ms
Input: 5500000,
Cold Start: false
Unique ID: 26031f34-d587-42a7-a733-0f4de7e28ce6,
Billed Duration for Request 26031f34-d587-42a7-a733-0f4de7e28ce6: 641 ms
Input: 5500000,
Cold Start: false
Unique ID: c872c7b4-b992-4043-93db-e85bdc1d9c5d,
Billed Duration for Request c872c7b4-b992-4043-93db-e85bdc1d9c5d: 595 ms
Input: 5500000,
Cold Start: false
Unique ID: 4ceb106e-cf1d-4bbf-887f-592fc2999aec,
Billed Duration for Request 4ceb106e-cf1d-4bbf-887f-592fc2999aec: 552 ms
Input: 5500000,
Cold Start: false
Unique ID: cfaf0db2-ba9a-43e9-98c1-a1373df72e4a,
Billed Duration for Request cfaf0db2-ba9a-43e9-98c1-a1373df72e4a: 580 ms
Input: 5500000,
Cold Start: false
Unique ID: 15e55e6c-affb-49bc-a52d-29c338355ba5,
Billed Duration for Request 15e55e6c-affb-49bc-a52d-29c338355ba5: 552 ms
Input: 5500000,
Cold Start: false
Unique ID: d95f00b7-f741-4283-90e0-a7c8e9949e42,
Billed Duration for Request d95f00b7-f741-4283-90e0-a7c8e9949e42: 560 ms
Input: 5500000,
Cold Start: false
Unique ID: a2155285-7494-4a08-9f20-034ef90689d9,
Billed Duration for Request a2155285-7494-4a08-9f20-034ef90689d9: 588 ms
Input: 5500000,
Cold Start: false
Unique ID: b0abf68f-d829-4097-a505-725f149f7b18,
Billed Duration for Request b0abf68f-d829-4097-a505-725f149f7b18: 591 ms
Input: 5500000,
Cold Start: false
Unique ID: aaf5cfd8-4b0a-4e66-94d2-9281cec4d1a7,
Billed Duration for Request aaf5cfd8-4b0a-4e66-94d2-9281cec4d1a7: 551 ms
Input: 5500000,
Cold Start: false
Unique ID: 074b5ded-fef1-442f-b833-49a65a94f274,
Billed Duration for Request 074b5ded-fef1-442f-b833-49a65a94f274: 549 ms
Input: 5500000,
Cold Start: false
Unique ID: 969533dd-f269-4214-80d6-34cac7ab9ec3,
Billed Duration for Request 969533dd-f269-4214-80d6-34cac7ab9ec3: 607 ms
Input: 5500000,
Cold Start: false
Unique ID: ec644885-9c51-43b2-a99e-eea8d675d1de,
Billed Duration for Request ec644885-9c51-43b2-a99e-eea8d675d1de: 583 ms
Input: 5500000,
Cold Start: false
Unique ID: fac461ae-0f9d-4fe2-89f5-506c3e01d75e,
Billed Duration for Request fac461ae-0f9d-4fe2-89f5-506c3e01d75e: 557 ms
Input: 5500000,
Cold Start: false
Unique ID: da9b38ac-b9a2-48d0-904a-9edc960e9edf,
Billed Duration for Request da9b38ac-b9a2-48d0-904a-9edc960e9edf: 552 ms
Input: 5500000,
Cold Start: false
Unique ID: cb5d3855-6571-4137-93c2-3244a3570018,
Billed Duration for Request cb5d3855-6571-4137-93c2-3244a3570018: 589 ms
Input: 5500000,
Cold Start: false
Unique ID: 086f4632-9dfe-480e-aa6a-3480afd9936f,
Billed Duration for Request 086f4632-9dfe-480e-aa6a-3480afd9936f: 592 ms
Input: 5500000,
Cold Start: false
Unique ID: 8bafe5ed-4c16-4a6a-9ac4-7acc0bd5f695,
Billed Duration for Request 8bafe5ed-4c16-4a6a-9ac4-7acc0bd5f695: 552 ms
Input: 5500000,
Cold Start: false
Unique ID: 000b3be2-ba60-49da-b126-445835b0b0b9,
Billed Duration for Request 000b3be2-ba60-49da-b126-445835b0b0b9: 567 ms
Input: 5500000,
Cold Start: false
Unique ID: 95db3c40-3ed4-48ad-b013-82ff2fb9667d,
Billed Duration for Request 95db3c40-3ed4-48ad-b013-82ff2fb9667d: 585 ms
Input: 5500000,
Cold Start: false
Unique ID: 4791d318-a271-4e65-b0db-29dcaef4aaa8,
Billed Duration for Request 4791d318-a271-4e65-b0db-29dcaef4aaa8: 583 ms
Input: 5500000,
Cold Start: false
Unique ID: 3cfffd6e-8f9d-43ea-bce7-72aaa5e1a734,
Billed Duration for Request 3cfffd6e-8f9d-43ea-bce7-72aaa5e1a734: 553 ms
Input: 5500000,
Cold Start: false
Unique ID: f7c58304-6aa0-4302-851b-0679a8e69498,
Billed Duration for Request f7c58304-6aa0-4302-851b-0679a8e69498: 556 ms
Input: 5500000,
Cold Start: false
Unique ID: eb4a0d7e-3e2c-4cd7-83e4-dbf5c767c21d,
Billed Duration for Request eb4a0d7e-3e2c-4cd7-83e4-dbf5c767c21d: 577 ms
Input: 5500000,
Cold Start: false
Unique ID: 03672f68-1873-4a2d-9e33-f0c8e7041564,
Billed Duration for Request 03672f68-1873-4a2d-9e33-f0c8e7041564: 591 ms
Input: 5500000,
Cold Start: false
Unique ID: 94cfdb0f-100e-49b7-927d-88cedb386812,
Billed Duration for Request 94cfdb0f-100e-49b7-927d-88cedb386812: 550 ms
Input: 5500000,
Cold Start: false
Unique ID: afc2a480-5f36-49a2-9abc-2b8745a08c9d,
Billed Duration for Request afc2a480-5f36-49a2-9abc-2b8745a08c9d: 564 ms
Input: 5500000,
Cold Start: false
Unique ID: 1aa56214-5aaf-4fa8-b9f9-da82073e51ca,
Billed Duration for Request 1aa56214-5aaf-4fa8-b9f9-da82073e51ca: 607 ms
Input: 5500000,
Cold Start: false
Unique ID: a8de9f1b-763a-4e8d-b94c-3145ddac2a61,
Billed Duration for Request a8de9f1b-763a-4e8d-b94c-3145ddac2a61: 576 ms
Input: 5500000,
Cold Start: false
Unique ID: 5e09b3ff-c29c-459a-9251-1c9a19bf7281,
Billed Duration for Request 5e09b3ff-c29c-459a-9251-1c9a19bf7281: 554 ms
Input: 5500000,
Cold Start: false
Unique ID: 7987d137-b59d-421c-a5f3-666fae0c16ac,
Billed Duration for Request 7987d137-b59d-421c-a5f3-666fae0c16ac: 567 ms
Input: 5500000,
Cold Start: false
Unique ID: 7bfc0530-8747-4bcf-a873-6f35fc941dbd,
Billed Duration for Request 7bfc0530-8747-4bcf-a873-6f35fc941dbd: 587 ms
Input: 5500000,
Cold Start: false
Unique ID: 5bbf0022-ca96-42c5-ac3f-b2348ceee26e,
Billed Duration for Request 5bbf0022-ca96-42c5-ac3f-b2348ceee26e: 590 ms
Input: 5500000,
Cold Start: false
Unique ID: 00cc274b-98ff-4e29-9229-87c88fda569c,
Billed Duration for Request 00cc274b-98ff-4e29-9229-87c88fda569c: 551 ms
Input: 5500000,
Cold Start: false
Unique ID: e0cdad47-beba-4837-9290-6aa70b96a5c6,
Billed Duration for Request e0cdad47-beba-4837-9290-6aa70b96a5c6: 551 ms
Input: 5500000,
Cold Start: false
Unique ID: 03ab3838-a8a3-4665-85ea-f5b8c43d15f1,
Billed Duration for Request 03ab3838-a8a3-4665-85ea-f5b8c43d15f1: 587 ms
Input: 5500000,
Cold Start: false
Unique ID: 0cfd769f-bd5e-4a8a-bbec-6e07a133a56c,
Billed Duration for Request 0cfd769f-bd5e-4a8a-bbec-6e07a133a56c: 555 ms
Input: 5500000,
Cold Start: false
Unique ID: c46f2ad1-5488-4635-85f6-62cdb7fb8206,
Billed Duration for Request c46f2ad1-5488-4635-85f6-62cdb7fb8206: 575 ms
Input: 5500000,
Cold Start: false
Unique ID: 5fed968f-c913-40f9-a95e-293dd2ff2c2b,
Billed Duration for Request 5fed968f-c913-40f9-a95e-293dd2ff2c2b: 552 ms
Input: 5500000,
Cold Start: false
Unique ID: 7fd7226e-be4b-4c10-bb51-6a087f918d6c,
Billed Duration for Request 7fd7226e-be4b-4c10-bb51-6a087f918d6c: 574 ms
Input: 5500000,
Cold Start: false
Unique ID: 509e36a1-1c8a-4ce7-bbba-49ecd91e57f2,
Billed Duration for Request 509e36a1-1c8a-4ce7-bbba-49ecd91e57f2: 589 ms
Input: 5500000,
Cold Start: false
Unique ID: a5e09a0b-b805-4050-8c00-4e2a0fdb304d,
Billed Duration for Request a5e09a0b-b805-4050-8c00-4e2a0fdb304d: 550 ms
Input: 5500000,
Cold Start: false
Unique ID: ab9807ca-ebc7-4cce-bc43-4f2b305df498,
Billed Duration for Request ab9807ca-ebc7-4cce-bc43-4f2b305df498: 561 ms
Input: 5500000,
Cold Start: false
Unique ID: 7fbc2b6c-996e-41c1-bda0-568ba5135673,
Billed Duration for Request 7fbc2b6c-996e-41c1-bda0-568ba5135673: 590 ms
Input: 5500000,
Cold Start: false
Unique ID: 1ac44397-ebfb-4002-955f-1df7d1a04c56,
Billed Duration for Request 1ac44397-ebfb-4002-955f-1df7d1a04c56: 578 ms
Input: 5500000,
Cold Start: false
Unique ID: b27f5a15-def2-4166-ba25-81d632f496c3,
Billed Duration for Request b27f5a15-def2-4166-ba25-81d632f496c3: 557 ms
Input: 5500000,
Cold Start: false
Unique ID: 55017522-286e-4421-b536-55e4c4efcc5c,
Billed Duration for Request 55017522-286e-4421-b536-55e4c4efcc5c: 557 ms
Input: 5500000,
Cold Start: false
Unique ID: bf0af8c2-b9b8-4a17-b5c8-5c6cf52775cc,
Billed Duration for Request bf0af8c2-b9b8-4a17-b5c8-5c6cf52775cc: 574 ms
Input: 5500000,
Cold Start: false
Unique ID: e40601a4-9c7b-48de-a51b-0fd584d87c15,
Billed Duration for Request e40601a4-9c7b-48de-a51b-0fd584d87c15: 575 ms
Input: 5500000,
Cold Start: false
Unique ID: 8be742d5-d158-4b11-8b72-b6fc91ac1661,
Billed Duration for Request 8be742d5-d158-4b11-8b72-b6fc91ac1661: 551 ms
Input: 5500000,
Cold Start: false
Unique ID: c295c8a7-5a28-4864-a7ac-b04d48e86ee4,
Billed Duration for Request c295c8a7-5a28-4864-a7ac-b04d48e86ee4: 565 ms
Input: 5500000,
Cold Start: false
Unique ID: 6df9dfbd-49e9-47fb-8ac5-ffedafa28fff,
Billed Duration for Request 6df9dfbd-49e9-47fb-8ac5-ffedafa28fff: 582 ms
Input: 5500000,
Cold Start: false
Unique ID: 737caa84-0487-45dd-8364-20333643e193,
Billed Duration for Request 737caa84-0487-45dd-8364-20333643e193: 576 ms
Input: 5500000,
Cold Start: false
Unique ID: 4fab6683-6211-44b4-8972-2b37da0127c6,
Billed Duration for Request 4fab6683-6211-44b4-8972-2b37da0127c6: 555 ms
Input: 5500000,
Cold Start: false
Unique ID: 99bad1ce-a15a-4b45-86cd-8211624bc87d,
Billed Duration for Request 99bad1ce-a15a-4b45-86cd-8211624bc87d: 557 ms
Input: 5500000,
Cold Start: false
Unique ID: 59e0c8fe-ee94-4940-80dc-3e39019d9580,
Billed Duration for Request 59e0c8fe-ee94-4940-80dc-3e39019d9580: 590 ms
Input: 5500000,
Cold Start: false
Unique ID: 9a998700-244b-4323-9563-044eccf9b643,
Billed Duration for Request 9a998700-244b-4323-9563-044eccf9b643: 572 ms
Input: 5500000,
Cold Start: false
Unique ID: 282c57d1-b8dc-40c6-a19c-a4b826adcb68,
Billed Duration for Request 282c57d1-b8dc-40c6-a19c-a4b826adcb68: 534 ms
Input: 5500000,
Cold Start: false
Unique ID: 54736fd3-d274-42f9-9364-a925b97b9cad,
Billed Duration for Request 54736fd3-d274-42f9-9364-a925b97b9cad: 546 ms
Input: 5500000,
Cold Start: false
Unique ID: b329e6fe-5625-4db2-8e21-cb6d779c0491,
Billed Duration for Request b329e6fe-5625-4db2-8e21-cb6d779c0491: 573 ms
Input: 5500000,
Cold Start: false
Unique ID: 8d7301de-fc96-4539-a790-b990248fa1c9,
Billed Duration for Request 8d7301de-fc96-4539-a790-b990248fa1c9: 582 ms
Input: 5500000,
Cold Start: false
Unique ID: 91c92aaa-b5ca-44db-8a64-22fbfa2208ca,
Billed Duration for Request 91c92aaa-b5ca-44db-8a64-22fbfa2208ca: 560 ms
Input: 5500000,
Cold Start: false
Unique ID: c5031144-2660-48a8-8629-3a736796d414,
Billed Duration for Request c5031144-2660-48a8-8629-3a736796d414: 553 ms
Input: 5500000,
Cold Start: false
Unique ID: 65c1110d-7490-45b3-854f-66b985dc9675,
Billed Duration for Request 65c1110d-7490-45b3-854f-66b985dc9675: 575 ms
Input: 5500000,
Cold Start: false
Unique ID: df3c3326-c353-4a44-b7bd-86abcc146fda,
Billed Duration for Request df3c3326-c353-4a44-b7bd-86abcc146fda: 551 ms
Input: 5500000,
Cold Start: false
Unique ID: 4146cb56-76af-4159-949f-0760b394d8d0,
Billed Duration for Request 4146cb56-76af-4159-949f-0760b394d8d0: 590 ms
Input: 5500000,
Cold Start: false
Unique ID: 8ee2143c-6f4d-4812-84f3-e9dee507b617,
Billed Duration for Request 8ee2143c-6f4d-4812-84f3-e9dee507b617: 556 ms
Input: 5500000,
Cold Start: false
Unique ID: c3bc44c0-1bb9-497b-9fd1-a401d976acd1,
Billed Duration for Request c3bc44c0-1bb9-497b-9fd1-a401d976acd1: 597 ms
Input: 5500000,
Cold Start: false
Unique ID: 49d64436-21dd-4db3-8933-deacd8d6c1ea,
Billed Duration for Request 49d64436-21dd-4db3-8933-deacd8d6c1ea: 594 ms
Input: 5500000,
Cold Start: false
Unique ID: 23d9bcf3-c0a8-49fa-b163-05d58bed5972,
Billed Duration for Request 23d9bcf3-c0a8-49fa-b163-05d58bed5972: 552 ms
Input: 5500000,
Cold Start: false
Unique ID: 2da6ca88-7a56-46ab-9dd6-9d8630c07986,
Billed Duration for Request 2da6ca88-7a56-46ab-9dd6-9d8630c07986: 551 ms
Input: 5500000,
Cold Start: false
Unique ID: bb8fb47b-e7da-40e2-af33-108044cb1bc7,
Billed Duration for Request bb8fb47b-e7da-40e2-af33-108044cb1bc7: 592 ms
Input: 5500000,
Cold Start: false
Unique ID: 81bbf8e7-1db1-44b9-b148-8a8531a54d97,
Billed Duration for Request 81bbf8e7-1db1-44b9-b148-8a8531a54d97: 575 ms
Input: 5500000,
Cold Start: false
Unique ID: 64f1230b-a3fe-4aa3-b5ba-b366f1c3a383,
Billed Duration for Request 64f1230b-a3fe-4aa3-b5ba-b366f1c3a383: 562 ms
Input: 5500000,
Cold Start: false
Unique ID: 59f94c37-c5a6-4a5f-b991-ee7a8820cb2c,
Billed Duration for Request 59f94c37-c5a6-4a5f-b991-ee7a8820cb2c: 563 ms
Input: 5500000,
Cold Start: false
Unique ID: 6c913d9f-171b-4d9d-adfd-fa29b737e6d5,
Billed Duration for Request 6c913d9f-171b-4d9d-adfd-fa29b737e6d5: 588 ms
Input: 5500000,
Cold Start: false
Unique ID: 6863ce04-b402-429f-a526-03fbde1a90b6,
Billed Duration for Request 6863ce04-b402-429f-a526-03fbde1a90b6: 579 ms
Input: 5500000,
Cold Start: false
Unique ID: d3caaafa-32f6-4ff1-85ff-d4438d3231c1,
Billed Duration for Request d3caaafa-32f6-4ff1-85ff-d4438d3231c1: 560 ms
Input: 5500000,
Cold Start: false
Unique ID: b78287b5-4ce9-4991-ab5a-37e59234a1d7,
Billed Duration for Request b78287b5-4ce9-4991-ab5a-37e59234a1d7: 551 ms
Input: 5500000,
Cold Start: false
Unique ID: 80569aac-b9e6-4821-afc4-8902f6c1c6b9,
Billed Duration for Request 80569aac-b9e6-4821-afc4-8902f6c1c6b9: 589 ms
Input: 5500000,
Cold Start: false
Unique ID: 7a9a346a-d3b0-4e83-948a-2144635ee533,
Billed Duration for Request 7a9a346a-d3b0-4e83-948a-2144635ee533: 573 ms
Input: 5500000,
Cold Start: false
Unique ID: 8850a998-6569-4b4e-b8b8-8fa68090d0bb,
Billed Duration for Request 8850a998-6569-4b4e-b8b8-8fa68090d0bb: 553 ms
Input: 5500000,
Cold Start: false
Unique ID: 263ecdea-4f84-4c74-aabc-51e859bb94d7,
Billed Duration for Request 263ecdea-4f84-4c74-aabc-51e859bb94d7: 564 ms
Input: 5500000,
Cold Start: false
Unique ID: 1a067433-d8cb-4901-a2b6-47da25341ca8,
Billed Duration for Request 1a067433-d8cb-4901-a2b6-47da25341ca8: 582 ms
Input: 5500000,
Cold Start: false
Unique ID: f99f9e2a-f52c-4e86-bc30-7cbbc8fbd050,
Billed Duration for Request f99f9e2a-f52c-4e86-bc30-7cbbc8fbd050: 583 ms
Input: 5500000,
Cold Start: false
Unique ID: 2e6e6811-05c3-4c5d-bf10-6983e63d5f92,
Billed Duration for Request 2e6e6811-05c3-4c5d-bf10-6983e63d5f92: 553 ms
Input: 5500000,
Cold Start: false
Unique ID: 31cd93c4-b0d5-43b3-a8ad-80fbb498b7a6,
Billed Duration for Request 31cd93c4-b0d5-43b3-a8ad-80fbb498b7a6: 552 ms
Input: 5500000,
Cold Start: false
Unique ID: 76cf67a0-2a0c-47b1-a8f0-c0cea0b7717c,
Billed Duration for Request 76cf67a0-2a0c-47b1-a8f0-c0cea0b7717c: 602 ms
Input: 5500000,
Cold Start: false
Unique ID: 93868384-412a-4191-ae39-d90a28b24f3f,
Billed Duration for Request 93868384-412a-4191-ae39-d90a28b24f3f: 583 ms
Input: 5500000,
Cold Start: false
Unique ID: dbc543b0-7cf8-4221-8aa4-c804699504d5,
Billed Duration for Request dbc543b0-7cf8-4221-8aa4-c804699504d5: 553 ms
Input: 5500000,
Cold Start: false
Unique ID: 10427c7c-2e4b-4ad5-9a42-64ebe6855a2b,
Billed Duration for Request 10427c7c-2e4b-4ad5-9a42-64ebe6855a2b: 551 ms
Input: 5500000,
Cold Start: false
Unique ID: 4442de22-3d91-4cd0-a643-4c6f09832a96,
Billed Duration for Request 4442de22-3d91-4cd0-a643-4c6f09832a96: 584 ms
Input: 5500000,
Cold Start: false
Unique ID: f8a045ab-607f-408b-8d91-67e59b6e11be,
Billed Duration for Request f8a045ab-607f-408b-8d91-67e59b6e11be: 579 ms
Input: 5500000,
Cold Start: false
Unique ID: baef0dfb-92b0-41a6-be92-43350be66ee3,
Billed Duration for Request baef0dfb-92b0-41a6-be92-43350be66ee3: 555 ms
Input: 5500000,
Cold Start: false
Unique ID: f08cbeee-ada7-4908-a504-c492802f45f6,
Billed Duration for Request f08cbeee-ada7-4908-a504-c492802f45f6: 555 ms
Input: 5500000,
Cold Start: false
Unique ID: 9d1af340-784c-4b7d-88d1-e5c1368640a5,
Billed Duration for Request 9d1af340-784c-4b7d-88d1-e5c1368640a5: 573 ms
Input: 5500000,
Cold Start: false
Unique ID: 85649a8f-a17a-4863-8688-6306ee2354c9,
Billed Duration for Request 85649a8f-a17a-4863-8688-6306ee2354c9: 573 ms
Input: 5500000,
Cold Start: false
Unique ID: 2460409a-69e6-49e4-b2c8-624607ebde28,
Billed Duration for Request 2460409a-69e6-49e4-b2c8-624607ebde28: 552 ms
Input: 5500000,
Cold Start: false
Unique ID: a9c04fa6-07ed-4e9f-9d8a-b9622e82a0c0,
Billed Duration for Request a9c04fa6-07ed-4e9f-9d8a-b9622e82a0c0: 579 ms
Input: 5500000,
Cold Start: false
Unique ID: 2f27b169-f65a-4abd-af07-9db87759af86,
Billed Duration for Request 2f27b169-f65a-4abd-af07-9db87759af86: 620 ms
Input: 5500000,
Cold Start: false
Unique ID: eacddc5e-93be-4ebe-b443-bcafd639304a,
Billed Duration for Request eacddc5e-93be-4ebe-b443-bcafd639304a: 619 ms
Input: 5500000,
Cold Start: false
Unique ID: 15780a27-86bc-4763-b5e8-97ca46e2cb32,
Billed Duration for Request 15780a27-86bc-4763-b5e8-97ca46e2cb32: 584 ms
Input: 5500000,
Cold Start: false
Unique ID: 7d76f58c-234b-48ac-8473-babd4824f34c,
Billed Duration for Request 7d76f58c-234b-48ac-8473-babd4824f34c: 559 ms
Input: 5500000,
Cold Start: false
Unique ID: 99fffc21-a631-4ce7-b1a1-9f169ceadff4,
Billed Duration for Request 99fffc21-a631-4ce7-b1a1-9f169ceadff4: 559 ms
Input: 5500000,
Cold Start: false
Unique ID: 55a19093-4fca-4fbf-899f-d4d177ba7c08,
Billed Duration for Request 55a19093-4fca-4fbf-899f-d4d177ba7c08: 597 ms
Input: 5500000,
Cold Start: false
Unique ID: 8a1010ba-f31f-4c44-a1df-74fe81a9e1e4,
Billed Duration for Request 8a1010ba-f31f-4c44-a1df-74fe81a9e1e4: 603 ms
Input: 5500000,
Cold Start: false
Unique ID: c5ef8960-438b-4b3e-916b-3c75695a1154,
Billed Duration for Request c5ef8960-438b-4b3e-916b-3c75695a1154: 559 ms
Input: 5500000,
Cold Start: false
Unique ID: add265b3-1f00-414c-b38d-dc930e85d155,
Billed Duration for Request add265b3-1f00-414c-b38d-dc930e85d155: 593 ms
Input: 5500000,
Cold Start: false
Unique ID: 093e836b-f652-4910-9860-6c4472ad99a3,
Billed Duration for Request 093e836b-f652-4910-9860-6c4472ad99a3: 588 ms
Input: 5500000,
Cold Start: false
Unique ID: 7e7fc8d8-acef-45eb-9602-e1b75f868b20,
Billed Duration for Request 7e7fc8d8-acef-45eb-9602-e1b75f868b20: 552 ms
Input: 5500000,
Cold Start: false
Unique ID: f1eab6d0-fd14-43e4-995f-ea0132e9f4f3,
Billed Duration for Request f1eab6d0-fd14-43e4-995f-ea0132e9f4f3: 561 ms
Input: 5500000,
Cold Start: false
Unique ID: 44bd8229-9251-4e17-bda6-6c3033447a93,
Billed Duration for Request 44bd8229-9251-4e17-bda6-6c3033447a93: 556 ms
Input: 5500000,
Cold Start: false
Unique ID: a34c4842-b335-4df5-a53f-92e62f1aefae,
Billed Duration for Request a34c4842-b335-4df5-a53f-92e62f1aefae: 601 ms
Input: 5500000,
Cold Start: false
Unique ID: b66caeb0-ad68-4632-995c-f17b820cad0a,
Billed Duration for Request b66caeb0-ad68-4632-995c-f17b820cad0a: 595 ms
Input: 5500000,
Cold Start: false
Unique ID: a38f6552-f3fd-4b3c-b728-232bcc0db12d,
Billed Duration for Request a38f6552-f3fd-4b3c-b728-232bcc0db12d: 604 ms
Input: 5500000,
Cold Start: false
Unique ID: 50a74967-e9a9-4f67-97b0-add98ce8f82c,
Billed Duration for Request 50a74967-e9a9-4f67-97b0-add98ce8f82c: 552 ms
Input: 5500000,
Cold Start: false
Unique ID: 43e99714-be4c-4b6f-a61c-4cde72aa34ad,
Billed Duration for Request 43e99714-be4c-4b6f-a61c-4cde72aa34ad: 587 ms
Input: 5500000,
Cold Start: false
Unique ID: 8805667c-6bbd-4e63-a7b1-4b0f6b78ffb2,
Billed Duration for Request 8805667c-6bbd-4e63-a7b1-4b0f6b78ffb2: 564 ms
Input: 5500000,
Cold Start: false
Unique ID: a6279830-17a3-463b-8884-2649e4769363,
Billed Duration for Request a6279830-17a3-463b-8884-2649e4769363: 563 ms
Input: 5500000,
Cold Start: false
Unique ID: 438f2867-4017-458c-bc16-e0561c3962e5,
Billed Duration for Request 438f2867-4017-458c-bc16-e0561c3962e5: 588 ms
Input: 5500000,
Cold Start: false
Unique ID: 0aa1ba19-7800-4cb8-9936-7b2238702a6a,
Billed Duration for Request 0aa1ba19-7800-4cb8-9936-7b2238702a6a: 606 ms
Input: 5500000,
Cold Start: false
Unique ID: f6531160-70ed-4dd9-8f17-31e0b8eb3215,
Billed Duration for Request f6531160-70ed-4dd9-8f17-31e0b8eb3215: 564 ms
Input: 5500000,
Cold Start: false
Unique ID: f2c6b47c-b0e1-47d7-9a2b-e9267ea95f84,
Billed Duration for Request f2c6b47c-b0e1-47d7-9a2b-e9267ea95f84: 552 ms
Input: 5500000,
Cold Start: false
Unique ID: 14a36683-7239-47c1-92fe-0e0bac7f747d,
Billed Duration for Request 14a36683-7239-47c1-92fe-0e0bac7f747d: 631 ms
Input: 5500000,
Cold Start: false
Unique ID: 252c925e-347d-45f6-b8e9-0b25cfdd4813,
Billed Duration for Request 252c925e-347d-45f6-b8e9-0b25cfdd4813: 569 ms
Input: 5500000,
Cold Start: false
Unique ID: 746aa0ad-80b9-4ddc-ba6e-1a87829ef5ed,
Billed Duration for Request 746aa0ad-80b9-4ddc-ba6e-1a87829ef5ed: 567 ms
Input: 5500000,
Cold Start: false
Unique ID: 7fcdc421-a31b-4d23-a86b-e68d4bb3cb00,
Billed Duration for Request 7fcdc421-a31b-4d23-a86b-e68d4bb3cb00: 559 ms
Input: 5500000,
Cold Start: false
Unique ID: 86b9dfa9-70c5-4dce-bda5-5ab7b95a8b7f,
Billed Duration for Request 86b9dfa9-70c5-4dce-bda5-5ab7b95a8b7f: 608 ms
Input: 5500000,
Cold Start: false
Unique ID: 470f8514-d48e-4072-b199-a93ad375ba86,
Billed Duration for Request 470f8514-d48e-4072-b199-a93ad375ba86: 570 ms
Input: 5500000,
Cold Start: false
Unique ID: aa375ec7-28d6-4dc6-81ab-5167e0b324ab,
Billed Duration for Request aa375ec7-28d6-4dc6-81ab-5167e0b324ab: 548 ms
Input: 5500000,
Cold Start: false
Unique ID: b0a9d45f-d590-42f1-a8ff-59fbf70a8a29,
Billed Duration for Request b0a9d45f-d590-42f1-a8ff-59fbf70a8a29: 567 ms
Input: 5500000,
Cold Start: false
Unique ID: 4072a773-4034-4822-ae19-50ab402896cb,
Billed Duration for Request 4072a773-4034-4822-ae19-50ab402896cb: 572 ms
Input: 5500000,
Cold Start: false
Unique ID: d2df3d01-87a5-4c8f-8c97-4141f2bec7f6,
Billed Duration for Request d2df3d01-87a5-4c8f-8c97-4141f2bec7f6: 550 ms
Input: 5500000,
Cold Start: false
Unique ID: b4cbb3a5-b21e-41e3-b6bb-b4a871989b6b,
Billed Duration for Request b4cbb3a5-b21e-41e3-b6bb-b4a871989b6b: 598 ms
Input: 5500000,
Cold Start: false
Unique ID: 9c84b4cb-3d70-4a9d-ad6d-5d310e1d4cf2,
Billed Duration for Request 9c84b4cb-3d70-4a9d-ad6d-5d310e1d4cf2: 602 ms
Input: 5500000,
Cold Start: false
Unique ID: 09150c1b-a000-4467-9f80-beccc684ff73,
Billed Duration for Request 09150c1b-a000-4467-9f80-beccc684ff73: 566 ms
Input: 5500000,
Cold Start: false
Unique ID: 9b6378d2-8327-4df1-8f9a-08fe9e04a229,
Billed Duration for Request 9b6378d2-8327-4df1-8f9a-08fe9e04a229: 564 ms
Input: 5500000,
Cold Start: false
Unique ID: 5e18d5c3-e5b2-4f20-8f3d-5ae5c927401d,
Billed Duration for Request 5e18d5c3-e5b2-4f20-8f3d-5ae5c927401d: 555 ms
Input: 5500000,
Cold Start: false
Unique ID: 97f5bb7d-d5ef-4548-9bb5-9d9b8d1d51e3,
Billed Duration for Request 97f5bb7d-d5ef-4548-9bb5-9d9b8d1d51e3: 548 ms
Input: 5500000,
Cold Start: false
Unique ID: 5c0eb1ef-80ad-4c21-b917-6742dfadd219,
Billed Duration for Request 5c0eb1ef-80ad-4c21-b917-6742dfadd219: 577 ms
Input: 5500000,
Cold Start: false
Unique ID: d290f46a-f621-4e66-81de-06d28a241fe0,
Billed Duration for Request d290f46a-f621-4e66-81de-06d28a241fe0: 559 ms
Input: 5500000,
Cold Start: false
Unique ID: 11a21e9d-1fac-4ac3-9e75-a6bc12b5659d,
Billed Duration for Request 11a21e9d-1fac-4ac3-9e75-a6bc12b5659d: 590 ms
Input: 5500000,
Cold Start: false
Unique ID: 469f6a0d-37b9-4e1e-af6c-228df43eea9f,
Billed Duration for Request 469f6a0d-37b9-4e1e-af6c-228df43eea9f: 553 ms
Input: 5500000,
Cold Start: false
Unique ID: fa38f098-3c5a-456e-a9c7-755393c3e473,
Billed Duration for Request fa38f098-3c5a-456e-a9c7-755393c3e473: 606 ms
Input: 5500000,
Cold Start: false
Unique ID: 7f221d23-7526-42a4-ac40-d6bf14767360,
Billed Duration for Request 7f221d23-7526-42a4-ac40-d6bf14767360: 567 ms
Input: 5500000,
Cold Start: false
Unique ID: 96b0317a-4c50-44ff-8ab9-00f1c449835c,
Billed Duration for Request 96b0317a-4c50-44ff-8ab9-00f1c449835c: 560 ms
Input: 5500000,
Cold Start: false
Unique ID: 098f4afe-ef6b-4092-8d34-61501ab2d8c6,
Billed Duration for Request 098f4afe-ef6b-4092-8d34-61501ab2d8c6: 552 ms
Input: 5500000,
Cold Start: false
Unique ID: fb054a21-1021-4acd-8b02-84b41ffecd4b,
Billed Duration for Request fb054a21-1021-4acd-8b02-84b41ffecd4b: 565 ms
Input: 5500000,
Cold Start: false
Unique ID: c111ae8e-fbfc-4b43-abbf-04268a0a8da3,
Billed Duration for Request c111ae8e-fbfc-4b43-abbf-04268a0a8da3: 551 ms
Input: 5500000,
Cold Start: false
Unique ID: 8afd0778-e58f-4101-a065-8b00f1cc97b8,
Billed Duration for Request 8afd0778-e58f-4101-a065-8b00f1cc97b8: 603 ms
Input: 5500000,
Cold Start: false
Unique ID: e40cbd1d-bf4a-40e1-9b6a-692b5c30f02f,
Billed Duration for Request e40cbd1d-bf4a-40e1-9b6a-692b5c30f02f: 552 ms
Input: 5500000,
Cold Start: false
Unique ID: c75bfc59-7235-41b3-93ab-13604444536a,
Billed Duration for Request c75bfc59-7235-41b3-93ab-13604444536a: 589 ms
Input: 5500000,
Cold Start: false
Unique ID: 9fb192a9-6a5b-47aa-ab23-281d9a9a701a,
Billed Duration for Request 9fb192a9-6a5b-47aa-ab23-281d9a9a701a: 569 ms
Input: 5500000,
Cold Start: false
Unique ID: 62a91031-53bd-4279-81ae-76b4982cd0ec,
Billed Duration for Request 62a91031-53bd-4279-81ae-76b4982cd0ec: 565 ms
Input: 5500000,
Cold Start: false
Unique ID: 9ecd5705-eb9b-4e11-8eb7-8743417dbf90,
Billed Duration for Request 9ecd5705-eb9b-4e11-8eb7-8743417dbf90: 557 ms
Input: 5500000,
Cold Start: false
Unique ID: cc713f28-5d43-4749-b841-4b25679aa18f,
Billed Duration for Request cc713f28-5d43-4749-b841-4b25679aa18f: 563 ms
Input: 5500000,
Cold Start: false
Unique ID: 19703e49-1683-4509-8610-0c926d8f89a3,
Billed Duration for Request 19703e49-1683-4509-8610-0c926d8f89a3: 601 ms
Input: 5500000,
Cold Start: false
Unique ID: fa96da18-200b-42f3-85c5-3d2262287e7f,
Billed Duration for Request fa96da18-200b-42f3-85c5-3d2262287e7f: 548 ms
Input: 5500000,
Cold Start: false
Unique ID: fe38d515-aee2-4d76-8b08-800709631eda,
Billed Duration for Request fe38d515-aee2-4d76-8b08-800709631eda: 561 ms
Input: 5500000,
Cold Start: false
Unique ID: 2298e016-b3c3-494c-bb5d-675d1b69983a,
Billed Duration for Request 2298e016-b3c3-494c-bb5d-675d1b69983a: 598 ms
Input: 5500000,
Cold Start: false
Unique ID: 6f66828e-ed46-43f6-b2ce-5454102c25af,
Billed Duration for Request 6f66828e-ed46-43f6-b2ce-5454102c25af: 567 ms
Input: 5500000,
Cold Start: false
Unique ID: f63b6cb2-1771-478c-8a5a-30cb66c614bb,
Billed Duration for Request f63b6cb2-1771-478c-8a5a-30cb66c614bb: 560 ms
Input: 5500000,
Cold Start: false
Unique ID: 71861d05-e5f2-4581-be9b-6c90647e4ff3,
Billed Duration for Request 71861d05-e5f2-4581-be9b-6c90647e4ff3: 567 ms
Input: 5500000,
Cold Start: false
Unique ID: c7f53084-9512-4c10-b084-c04d94332d45,
Billed Duration for Request c7f53084-9512-4c10-b084-c04d94332d45: 576 ms
Input: 5500000,
Cold Start: false
Unique ID: 35509e94-9d59-4c5c-b3c5-b4df43425b9a,
Billed Duration for Request 35509e94-9d59-4c5c-b3c5-b4df43425b9a: 595 ms
Input: 5500000,
Cold Start: false
Unique ID: c109bca0-1ed5-442b-b9bb-098f8d691e23,
Billed Duration for Request c109bca0-1ed5-442b-b9bb-098f8d691e23: 546 ms
Input: 5500000,
Cold Start: false
Unique ID: e29adf84-9beb-4a8a-b1f7-9cea58c1f6b5,
Billed Duration for Request e29adf84-9beb-4a8a-b1f7-9cea58c1f6b5: 564 ms
Input: 5500000,
Cold Start: false
Unique ID: c5d4abea-f2b6-4d8b-858b-f66acc3eed30,
Billed Duration for Request c5d4abea-f2b6-4d8b-858b-f66acc3eed30: 592 ms
Input: 5500000,
Cold Start: false
Unique ID: a58731d3-139d-4a7c-969a-6f51cebe0e51,
Billed Duration for Request a58731d3-139d-4a7c-969a-6f51cebe0e51: 570 ms
Input: 5500000,
Cold Start: false
Unique ID: 1a3c8ef6-4d6c-4768-b26d-69adb92a1572,
Billed Duration for Request 1a3c8ef6-4d6c-4768-b26d-69adb92a1572: 562 ms
Input: 5500000,
Cold Start: false
Unique ID: 124d698c-be27-4cbc-893a-8a616c501ce9,
Billed Duration for Request 124d698c-be27-4cbc-893a-8a616c501ce9: 558 ms
Input: 5500000,
Cold Start: false
Unique ID: b1ee8ab5-8e85-49ce-bd5d-422fb38d564e,
Billed Duration for Request b1ee8ab5-8e85-49ce-bd5d-422fb38d564e: 573 ms
Input: 5500000,
Cold Start: false
Unique ID: f7d6fef1-01f1-4401-bff4-320efab28cfa,
Billed Duration for Request f7d6fef1-01f1-4401-bff4-320efab28cfa: 602 ms
Input: 5500000,
Cold Start: false
Unique ID: 07fded4d-7000-4f11-9f8b-af1c374a55f0,
Billed Duration for Request 07fded4d-7000-4f11-9f8b-af1c374a55f0: 567 ms
Input: 5500000,
Cold Start: false
Unique ID: 43066c4f-0465-4ae6-bc24-d02ba865fdc0,
Billed Duration for Request 43066c4f-0465-4ae6-bc24-d02ba865fdc0: 544 ms
Input: 5500000,
Cold Start: false
Unique ID: 32c2d4c0-cba6-4bd1-9e70-ddbb5a3d4dc0,
Billed Duration for Request 32c2d4c0-cba6-4bd1-9e70-ddbb5a3d4dc0: 599 ms
Input: 5500000,
Cold Start: false
Unique ID: d6108ae3-36d7-4590-85df-e50dc31f0486,
Billed Duration for Request d6108ae3-36d7-4590-85df-e50dc31f0486: 570 ms
Input: 5500000,
Cold Start: false
Unique ID: dfd23d73-c4c1-45d3-bb83-1568681aaad6,
Billed Duration for Request dfd23d73-c4c1-45d3-bb83-1568681aaad6: 561 ms
Input: 5500000,
Cold Start: false
Unique ID: 2a477e5e-54f9-402f-ba24-c6a17a9a97fd,
Billed Duration for Request 2a477e5e-54f9-402f-ba24-c6a17a9a97fd: 552 ms
Input: 5500000,
Cold Start: false
Unique ID: 16340a3b-4ad0-49bf-b7f5-801e5682318a,
Billed Duration for Request 16340a3b-4ad0-49bf-b7f5-801e5682318a: 561 ms
Input: 5500000,
Cold Start: false
Unique ID: 791d6f73-f8c1-4328-bea9-1758034a867b,
Billed Duration for Request 791d6f73-f8c1-4328-bea9-1758034a867b: 526 ms
Input: 5500000,
Cold Start: false
Unique ID: bc0c2cfc-a9a2-4e14-9121-623801a2851a,
Billed Duration for Request bc0c2cfc-a9a2-4e14-9121-623801a2851a: 603 ms
Input: 5500000,
Cold Start: false
Unique ID: 2bf361c8-75f5-4ad7-b671-09b7e3bca1e6,
Billed Duration for Request 2bf361c8-75f5-4ad7-b671-09b7e3bca1e6: 591 ms
Input: 5500000,
Cold Start: false
Unique ID: 5d8525c5-4bda-4674-ba0f-c58c197bf27d,
Billed Duration for Request 5d8525c5-4bda-4674-ba0f-c58c197bf27d: 535 ms
Input: 5500000,
Cold Start: false
Unique ID: 10494fad-443d-42f2-8d83-74259cc550da,
Billed Duration for Request 10494fad-443d-42f2-8d83-74259cc550da: 569 ms
Input: 5500000,
Cold Start: false
Unique ID: e5f051be-fbc4-4261-aa0c-3ce2f8865138,
Billed Duration for Request e5f051be-fbc4-4261-aa0c-3ce2f8865138: 567 ms
Input: 5500000,
Cold Start: false
Unique ID: fa4191f4-4e94-4eda-a6f1-54feee4e271c,
Billed Duration for Request fa4191f4-4e94-4eda-a6f1-54feee4e271c: 552 ms
Input: 5500000,
Cold Start: false
Unique ID: 91c6b0ad-8a17-409b-a482-2b3ca55840b3,
Billed Duration for Request 91c6b0ad-8a17-409b-a482-2b3ca55840b3: 566 ms
Input: 5500000,
Cold Start: false
Unique ID: e472b5ed-f006-4122-b92a-64d17c00041a,
Billed Duration for Request e472b5ed-f006-4122-b92a-64d17c00041a: 539 ms
Input: 5500000,
Cold Start: false
Unique ID: 1c6d2af0-b005-4c16-bd36-31396c21e9b2,
Billed Duration for Request 1c6d2af0-b005-4c16-bd36-31396c21e9b2: 589 ms
Input: 5500000,
Cold Start: false
Unique ID: 38798426-5900-4089-9d55-9a0025a51b18,
Billed Duration for Request 38798426-5900-4089-9d55-9a0025a51b18: 588 ms
Input: 5500000,
Cold Start: false
Unique ID: 003c8b9e-df17-4f7d-830d-6cd29cce98e5,
Billed Duration for Request 003c8b9e-df17-4f7d-830d-6cd29cce98e5: 531 ms
Input: 5500000,
Cold Start: false
Unique ID: 86380e0f-a121-419c-9d3f-3b53d19092a1,
Billed Duration for Request 86380e0f-a121-419c-9d3f-3b53d19092a1: 570 ms
Input: 5500000,
Cold Start: false
Unique ID: f884dab7-4965-4390-86d6-b6117d47eeae,
Billed Duration for Request f884dab7-4965-4390-86d6-b6117d47eeae: 561 ms
Input: 5500000,
Cold Start: false
Unique ID: 011ca6e8-7881-4909-b4f4-db76392dcfeb,
Billed Duration for Request 011ca6e8-7881-4909-b4f4-db76392dcfeb: 556 ms
Input: 5500000,
Cold Start: false
Unique ID: ef84b3f9-8d54-4a14-9b48-d1f366abd4d6,
Billed Duration for Request ef84b3f9-8d54-4a14-9b48-d1f366abd4d6: 565 ms
Input: 5500000,
Cold Start: false
Unique ID: 06f617cc-fbf9-4312-8151-1b9c0885acc7,
Billed Duration for Request 06f617cc-fbf9-4312-8151-1b9c0885acc7: 539 ms
Input: 5500000,
Cold Start: false
Unique ID: 0e58e4d0-d34e-4c36-94dd-59fac701fde4,
Billed Duration for Request 0e58e4d0-d34e-4c36-94dd-59fac701fde4: 595 ms
Input: 5500000,
Cold Start: false
Unique ID: 1437e814-d5f4-4b3c-9a24-9bfbbee2562c,
Billed Duration for Request 1437e814-d5f4-4b3c-9a24-9bfbbee2562c: 580 ms
Input: 5500000,
Cold Start: false
Unique ID: 11f0a12a-4483-4b1e-8213-22131f9fd410,
Billed Duration for Request 11f0a12a-4483-4b1e-8213-22131f9fd410: 620 ms
Input: 5500000,
Cold Start: false
Unique ID: c50d1060-8843-4e31-bd60-b005d7cd5526,
Billed Duration for Request c50d1060-8843-4e31-bd60-b005d7cd5526: 568 ms
Input: 5500000,
Cold Start: false
Unique ID: eb2c94e6-ef9a-4332-a9e5-1d8c1a5ce9fa,
Billed Duration for Request eb2c94e6-ef9a-4332-a9e5-1d8c1a5ce9fa: 620 ms
Input: 5500000,
Cold Start: false
Unique ID: dcd4fe9c-2e2d-48a2-9959-5b16a554ac17,
Billed Duration for Request dcd4fe9c-2e2d-48a2-9959-5b16a554ac17: 584 ms
Input: 5500000,
Cold Start: false
Unique ID: 0e04e3cf-0120-4090-a2d5-07cccb403a1c,
Billed Duration for Request 0e04e3cf-0120-4090-a2d5-07cccb403a1c: 562 ms
Input: 5500000,
Cold Start: false
Unique ID: 43fabe9e-772f-4d57-80c1-4e9d1b4f3cc4,
Billed Duration for Request 43fabe9e-772f-4d57-80c1-4e9d1b4f3cc4: 598 ms
Input: 5500000,
Cold Start: false
Unique ID: 5b89b9fb-649b-4a34-91ad-1d8ee1773622,
Billed Duration for Request 5b89b9fb-649b-4a34-91ad-1d8ee1773622: 537 ms
Input: 5500000,
Cold Start: false
Unique ID: 23f38159-e789-4f47-84e8-a4475d7d3fd3,
Billed Duration for Request 23f38159-e789-4f47-84e8-a4475d7d3fd3: 556 ms
Input: 5500000,
Cold Start: false
Unique ID: 1685b20a-b15f-40e4-8f37-776c58a015ca,
Billed Duration for Request 1685b20a-b15f-40e4-8f37-776c58a015ca: 593 ms
Input: 5500000,
Cold Start: false
Unique ID: dec470d3-cfe6-4de5-ba13-bf8224765ce6,
Billed Duration for Request dec470d3-cfe6-4de5-ba13-bf8224765ce6: 561 ms
Input: 5500000,
Cold Start: false
Unique ID: dc0e01cc-cfa8-4628-af2d-52c5c015076b,
Billed Duration for Request dc0e01cc-cfa8-4628-af2d-52c5c015076b: 578 ms
Input: 5500000,
Cold Start: false
Unique ID: 32909d79-2912-4966-a72b-1340864569e9,
Billed Duration for Request 32909d79-2912-4966-a72b-1340864569e9: 589 ms
Input: 5500000,
Cold Start: false
Unique ID: d505e814-9937-4e25-b23e-a7bef653caba,
Billed Duration for Request d505e814-9937-4e25-b23e-a7bef653caba: 564 ms
Input: 5500000,
Cold Start: false
Unique ID: a35d08a0-377b-4c08-bd28-82be067ef41b,
Billed Duration for Request a35d08a0-377b-4c08-bd28-82be067ef41b: 551 ms
Input: 5500000,
Cold Start: false
Unique ID: 2f78d7df-4971-4f45-b564-b7a14eed514b,
Billed Duration for Request 2f78d7df-4971-4f45-b564-b7a14eed514b: 603 ms
Input: 5500000,
Cold Start: false
Unique ID: f467dfbf-4f05-4dd7-99cb-5b3b8bb43e1d,
Billed Duration for Request f467dfbf-4f05-4dd7-99cb-5b3b8bb43e1d: 601 ms
Input: 5500000,
Cold Start: false
Unique ID: e806870a-b2bd-421a-bc9e-f532f237abdb,
Billed Duration for Request e806870a-b2bd-421a-bc9e-f532f237abdb: 545 ms
Input: 5500000,
Cold Start: false
Unique ID: 31f6e203-c739-400b-ad55-d547fb8e12dd,
Billed Duration for Request 31f6e203-c739-400b-ad55-d547fb8e12dd: 555 ms
Input: 5500000,
Cold Start: false
Unique ID: edcd9fca-b265-4678-8970-52607b1839c4,
Billed Duration for Request edcd9fca-b265-4678-8970-52607b1839c4: 580 ms
Input: 5500000,
Cold Start: false
Unique ID: 7643597e-5e28-4394-8ac1-dcb2373bb18e,
Billed Duration for Request 7643597e-5e28-4394-8ac1-dcb2373bb18e: 587 ms
Input: 5500000,
Cold Start: false
Unique ID: f30d4041-ff3f-4904-be07-66c128b47318,
Billed Duration for Request f30d4041-ff3f-4904-be07-66c128b47318: 546 ms
Input: 5500000,
Cold Start: false
Unique ID: 71dcf4d9-1fb5-4577-902d-393f1013a858,
Billed Duration for Request 71dcf4d9-1fb5-4577-902d-393f1013a858: 546 ms
Input: 5500000,
Cold Start: false
Unique ID: e1142fb9-2343-478d-a7ba-52adf5e3abfd,
Billed Duration for Request e1142fb9-2343-478d-a7ba-52adf5e3abfd: 600 ms
Input: 5500000,
Cold Start: false
Unique ID: e736a58b-c26d-4e70-8607-126a47302676,
Billed Duration for Request e736a58b-c26d-4e70-8607-126a47302676: 604 ms
Input: 5500000,
Cold Start: false
Unique ID: 7381796e-396d-4334-91bf-705e00c22e9a,
Billed Duration for Request 7381796e-396d-4334-91bf-705e00c22e9a: 547 ms
Input: 5500000,
Cold Start: false
Unique ID: 94643178-be67-457f-aa8f-0a897294dd4e,
Billed Duration for Request 94643178-be67-457f-aa8f-0a897294dd4e: 537 ms
Input: 5500000,
Cold Start: false
Unique ID: a26bbead-5ff0-4083-bcb6-1bb8acea07f0,
Billed Duration for Request a26bbead-5ff0-4083-bcb6-1bb8acea07f0: 578 ms
Input: 5500000,
Cold Start: false
Unique ID: 755ccf78-bd31-411d-8879-27330e9c7746,
Billed Duration for Request 755ccf78-bd31-411d-8879-27330e9c7746: 588 ms
Input: 5500000,
Cold Start: false
Unique ID: 535049f9-64d8-404d-b245-4dc6ddc65737,
Billed Duration for Request 535049f9-64d8-404d-b245-4dc6ddc65737: 564 ms
Input: 5500000,
Cold Start: false
Unique ID: 5f116b6b-f81e-49b6-804d-90a9bfb39eaa,
Billed Duration for Request 5f116b6b-f81e-49b6-804d-90a9bfb39eaa: 600 ms
Input: 5500000,
Cold Start: false
Unique ID: 355adf71-f0eb-4b3a-991c-d0c39c5ac6b0,
Billed Duration for Request 355adf71-f0eb-4b3a-991c-d0c39c5ac6b0: 545 ms
Input: 5500000,
Cold Start: false
Unique ID: a48f29e2-04db-4157-a081-26846734f799,
Billed Duration for Request a48f29e2-04db-4157-a081-26846734f799: 550 ms
Input: 5500000,
Cold Start: false
Unique ID: 8bf983a4-ac7d-4784-89d6-280fba76e9bd,
Billed Duration for Request 8bf983a4-ac7d-4784-89d6-280fba76e9bd: 603 ms
Input: 5500000,
Cold Start: false
Unique ID: 821c3372-12eb-4052-bf52-a96e569507ee,
Billed Duration for Request 821c3372-12eb-4052-bf52-a96e569507ee: 553 ms
Input: 5500000,
Cold Start: false
Unique ID: f263123c-45b4-4b6f-bb39-6504061da91c,
Billed Duration for Request f263123c-45b4-4b6f-bb39-6504061da91c: 580 ms
Input: 5500000,
Cold Start: false
Unique ID: f777d456-7e1f-4afc-a4b6-51f0c99257ad,
Billed Duration for Request f777d456-7e1f-4afc-a4b6-51f0c99257ad: 575 ms
Input: 5500000,
Cold Start: false
Unique ID: 201cd8e7-eef5-490b-8fd2-001f2bf773d5,
Billed Duration for Request 201cd8e7-eef5-490b-8fd2-001f2bf773d5: 554 ms
Input: 5500000,
Cold Start: false
Unique ID: 9e40a0fc-652e-45d3-8ab4-1e43b5e124ee,
Billed Duration for Request 9e40a0fc-652e-45d3-8ab4-1e43b5e124ee: 549 ms
Input: 5500000,
Cold Start: false
Unique ID: 50019dcb-5ec6-4b09-994f-51a79a631928,
Billed Duration for Request 50019dcb-5ec6-4b09-994f-51a79a631928: 602 ms
Input: 5500000,
Cold Start: false
Unique ID: d4361739-9b08-4747-b465-d116de90e9f2,
Billed Duration for Request d4361739-9b08-4747-b465-d116de90e9f2: 601 ms
Input: 5500000,
Cold Start: false
Unique ID: 3d41d83e-93f1-4788-bb7a-6706983e0d5c,
Billed Duration for Request 3d41d83e-93f1-4788-bb7a-6706983e0d5c: 550 ms
Input: 5500000,
Cold Start: false
Unique ID: 73b9cf00-b93b-42a6-b82a-4ce2b630235e,
Billed Duration for Request 73b9cf00-b93b-42a6-b82a-4ce2b630235e: 553 ms
Input: 5500000,
Cold Start: false
Unique ID: ebb341f5-a798-414b-8b3b-b7b2d1d0ff1a,
Billed Duration for Request ebb341f5-a798-414b-8b3b-b7b2d1d0ff1a: 579 ms
Input: 5500000,
Cold Start: false
Unique ID: 172a8e1f-9d07-41e2-a2fc-9f1aa610da55,
Billed Duration for Request 172a8e1f-9d07-41e2-a2fc-9f1aa610da55: 588 ms
Input: 5500000,
Cold Start: false
Unique ID: 64783307-07c4-4316-aa06-eaf6578c8737,
Billed Duration for Request 64783307-07c4-4316-aa06-eaf6578c8737: 564 ms
Input: 5500000,
Cold Start: false
Unique ID: 7667eba7-d7af-43f3-9b1a-52199252a568,
Billed Duration for Request 7667eba7-d7af-43f3-9b1a-52199252a568: 537 ms
Input: 5500000,
Cold Start: false
Unique ID: fd4ed1df-061b-48fe-9edc-c40e98fdc51e,
Billed Duration for Request fd4ed1df-061b-48fe-9edc-c40e98fdc51e: 591 ms
Input: 5500000,
Cold Start: false
Unique ID: def78f69-3a02-4697-9a3c-92cb9ff6fdea,
Billed Duration for Request def78f69-3a02-4697-9a3c-92cb9ff6fdea: 602 ms
Input: 5500000,
Cold Start: false
Unique ID: 94c39e31-bed9-4537-b192-4a1081d064f5,
Billed Duration for Request 94c39e31-bed9-4537-b192-4a1081d064f5: 550 ms
Input: 5500000,
Cold Start: false
Unique ID: 57bded07-f5a1-45d4-b57e-47e89989fd3a,
Billed Duration for Request 57bded07-f5a1-45d4-b57e-47e89989fd3a: 550 ms
Input: 5500000,
Cold Start: false
Unique ID: a4ef3ae7-bd29-4d5a-9b3f-dc5024275453,
Billed Duration for Request a4ef3ae7-bd29-4d5a-9b3f-dc5024275453: 586 ms
Input: 5500000,
Cold Start: false
Unique ID: ca6feb3b-1b6e-4ee7-acfb-cbfb56b71b67,
Billed Duration for Request ca6feb3b-1b6e-4ee7-acfb-cbfb56b71b67: 551 ms
Input: 5500000,
Cold Start: false
Unique ID: 89a3f5ad-b90e-4a99-b856-1768e8f559f3,
Billed Duration for Request 89a3f5ad-b90e-4a99-b856-1768e8f559f3: 592 ms
Input: 5500000,
Cold Start: false
Unique ID: db5eb1ac-1716-4531-8e66-e2661f8bf1f6,
Billed Duration for Request db5eb1ac-1716-4531-8e66-e2661f8bf1f6: 600 ms
Input: 5500000,
Cold Start: false
Unique ID: e00f7304-a7bb-4345-be6d-f0effb262034,
Billed Duration for Request e00f7304-a7bb-4345-be6d-f0effb262034: 551 ms
Input: 5500000,
Cold Start: false
Unique ID: 91271606-f4f5-45a6-a380-645702d76304,
Billed Duration for Request 91271606-f4f5-45a6-a380-645702d76304: 570 ms
Input: 5500000,
Cold Start: false
Unique ID: 9fa703de-a99c-461b-9f26-43f6e8aecff6,
Billed Duration for Request 9fa703de-a99c-461b-9f26-43f6e8aecff6: 550 ms
Input: 5500000,
Cold Start: false
Unique ID: e02695ba-c3c7-47d2-a5d1-5f1114d066a9,
Billed Duration for Request e02695ba-c3c7-47d2-a5d1-5f1114d066a9: 591 ms
Input: 5500000,
Cold Start: false
Unique ID: bc4d77c4-d6ba-4154-a1cc-19420926da29,
Billed Duration for Request bc4d77c4-d6ba-4154-a1cc-19420926da29: 560 ms
Input: 5500000,
Cold Start: false
Unique ID: ac1bb09d-49c1-4cd3-a490-60095c4e770b,
Billed Duration for Request ac1bb09d-49c1-4cd3-a490-60095c4e770b: 559 ms
Input: 5500000,
Cold Start: false
Unique ID: 23eeb094-f529-4f54-a23c-1ce5ad68eb6d,
Billed Duration for Request 23eeb094-f529-4f54-a23c-1ce5ad68eb6d: 558 ms
Input: 5500000,
Cold Start: false
Unique ID: 7b9ecfb6-d13c-48fe-a4a3-dd1d775610ae,
Billed Duration for Request 7b9ecfb6-d13c-48fe-a4a3-dd1d775610ae: 580 ms
Input: 5500000,
Cold Start: false
Unique ID: f8aceef6-14b9-4f97-ba31-12f9edce5a80,
Billed Duration for Request f8aceef6-14b9-4f97-ba31-12f9edce5a80: 573 ms
Input: 5500000,
Cold Start: false
Unique ID: 0578511b-7d46-4b01-be6d-2aa3e563aad6,
Billed Duration for Request 0578511b-7d46-4b01-be6d-2aa3e563aad6: 584 ms
Input: 5500000,
Cold Start: false
Unique ID: 07d7e88b-32c7-4736-b3c2-39d5d7ac98c3,
Billed Duration for Request 07d7e88b-32c7-4736-b3c2-39d5d7ac98c3: 550 ms
Input: 5500000,
Cold Start: false
Unique ID: 9721ac5e-a423-4f1a-a6fb-3916ad0831d7,
Billed Duration for Request 9721ac5e-a423-4f1a-a6fb-3916ad0831d7: 587 ms
Input: 5500000,
Cold Start: false
Unique ID: 03a452f0-b8dd-400d-b622-4772aeb482b5,
Billed Duration for Request 03a452f0-b8dd-400d-b622-4772aeb482b5: 560 ms
Input: 5500000,
Cold Start: false
Unique ID: 500f16c1-c228-4c98-acec-eea91d86fb80,
Billed Duration for Request 500f16c1-c228-4c98-acec-eea91d86fb80: 552 ms
Input: 5500000,
Cold Start: false
Unique ID: 0cb79185-ad45-4004-b9cf-f2e25553c913,
Billed Duration for Request 0cb79185-ad45-4004-b9cf-f2e25553c913: 598 ms
Input: 5500000,
Cold Start: false
Unique ID: 06211b3d-0d59-4d5b-b73d-cfb51a4d670a,
Billed Duration for Request 06211b3d-0d59-4d5b-b73d-cfb51a4d670a: 560 ms
Input: 5500000,
Cold Start: false
Unique ID: 00814a93-c1b3-42b6-a30b-cfc276797bbb,
Billed Duration for Request 00814a93-c1b3-42b6-a30b-cfc276797bbb: 573 ms
Input: 5500000,
Cold Start: false
Unique ID: 4a4c6e45-45c9-4974-a518-132c1465bea7,
Billed Duration for Request 4a4c6e45-45c9-4974-a518-132c1465bea7: 579 ms
Input: 5500000,
Cold Start: false
Unique ID: 44f501cb-4228-4cf5-a7e0-10b551e98424,
Billed Duration for Request 44f501cb-4228-4cf5-a7e0-10b551e98424: 551 ms
Input: 5500000,
Cold Start: false
Unique ID: d8e8bcf3-550a-4886-9a0a-fe7c83089cd2,
Billed Duration for Request d8e8bcf3-550a-4886-9a0a-fe7c83089cd2: 563 ms
Input: 5500000,
Cold Start: false
Unique ID: e3d1eb59-5ce3-4208-85cc-2a43eb659605,
Billed Duration for Request e3d1eb59-5ce3-4208-85cc-2a43eb659605: 605 ms
Input: 5500000,
Cold Start: false
Unique ID: 2283b0a2-24f3-48f2-a667-fa783b6289dc,
Billed Duration for Request 2283b0a2-24f3-48f2-a667-fa783b6289dc: 554 ms
Input: 5500000,
Cold Start: false
Unique ID: 6e3301df-ec54-4f94-ae9c-6df8ad148710,
Billed Duration for Request 6e3301df-ec54-4f94-ae9c-6df8ad148710: 582 ms
Input: 5500000,
Cold Start: false
Unique ID: 127ad04f-ecdd-4079-bb9b-aeec05c7c38f,
Billed Duration for Request 127ad04f-ecdd-4079-bb9b-aeec05c7c38f: 560 ms
Input: 5500000,
Cold Start: false
Unique ID: c104461c-69a6-4c78-99f3-b6200a48af64,
Billed Duration for Request c104461c-69a6-4c78-99f3-b6200a48af64: 585 ms
Input: 5500000,
Cold Start: false
Unique ID: 9710f84b-61cf-4a56-b4b2-b57b1fb6eeb4,
Billed Duration for Request 9710f84b-61cf-4a56-b4b2-b57b1fb6eeb4: 584 ms
Input: 5500000,
Cold Start: false
Unique ID: e54682f7-ad54-4d97-b00b-90d32eea6079,
Billed Duration for Request e54682f7-ad54-4d97-b00b-90d32eea6079: 551 ms
Input: 5500000,
Cold Start: false
Unique ID: 4543d7bb-0b20-4341-9c0c-c15faf5b3046,
Billed Duration for Request 4543d7bb-0b20-4341-9c0c-c15faf5b3046: 586 ms
Input: 5500000,
Cold Start: false
Unique ID: d55b3628-3ac8-4ffe-a2ac-25bc5f5028f6,
Billed Duration for Request d55b3628-3ac8-4ffe-a2ac-25bc5f5028f6: 545 ms
Input: 5500000,
Cold Start: false
Unique ID: 7b576b63-c04b-4eb2-b4f8-060de3927941,
Billed Duration for Request 7b576b63-c04b-4eb2-b4f8-060de3927941: 553 ms
Input: 5500000,
Cold Start: false
Unique ID: de567399-2bd5-40d6-aa3d-e4d4e9068bf2,
Billed Duration for Request de567399-2bd5-40d6-aa3d-e4d4e9068bf2: 582 ms
Input: 5500000,
Cold Start: false
Unique ID: 110fc50d-13f0-4a79-aa35-4314cc4380a4,
Billed Duration for Request 110fc50d-13f0-4a79-aa35-4314cc4380a4: 558 ms
Input: 5500000,
Cold Start: false
Unique ID: c877af6c-4e50-447e-909b-355cf593723d,
Billed Duration for Request c877af6c-4e50-447e-909b-355cf593723d: 576 ms
Input: 5500000,
Cold Start: false
Unique ID: f839afcb-be0e-474a-9b64-638a2e634ce8,
Billed Duration for Request f839afcb-be0e-474a-9b64-638a2e634ce8: 581 ms
Input: 5500000,
Cold Start: false
Unique ID: 31307637-87cf-4b25-aa25-171e03ed160a,
Billed Duration for Request 31307637-87cf-4b25-aa25-171e03ed160a: 555 ms
Input: 5500000,
Cold Start: false
Unique ID: caba2ffd-65e2-4148-9f5b-197855383ba6,
Billed Duration for Request caba2ffd-65e2-4148-9f5b-197855383ba6: 587 ms
Input: 5500000,
Cold Start: false
Unique ID: 8ece99b8-7635-4039-bbd4-b0bbba210dfd,
Billed Duration for Request 8ece99b8-7635-4039-bbd4-b0bbba210dfd: 563 ms
Input: 5500000,
Cold Start: false
Unique ID: c77a7267-f9e8-4b6e-a7b0-d3142e13bb1b,
Billed Duration for Request c77a7267-f9e8-4b6e-a7b0-d3142e13bb1b: 556 ms
Input: 5500000,
Cold Start: false
Unique ID: 5ea59efe-c963-4cbf-8661-9e622cf21d1a,
Billed Duration for Request 5ea59efe-c963-4cbf-8661-9e622cf21d1a: 580 ms
Input: 5500000,
Cold Start: false
Unique ID: 9402e0d0-76d9-4b0e-adbe-87b18c329974,
Billed Duration for Request 9402e0d0-76d9-4b0e-adbe-87b18c329974: 551 ms
Input: 5500000,
Cold Start: false
Unique ID: de6fd070-684b-4176-98eb-a2b9a42cb7d5,
Billed Duration for Request de6fd070-684b-4176-98eb-a2b9a42cb7d5: 583 ms
Input: 5500000,
Cold Start: false
Unique ID: 75eda5a4-d54c-4822-9eb7-f6021517aa3a,
Billed Duration for Request 75eda5a4-d54c-4822-9eb7-f6021517aa3a: 583 ms
Input: 5500000,
Cold Start: false
Unique ID: 5ee75916-24d4-418c-ad4b-6d678284f830,
Billed Duration for Request 5ee75916-24d4-418c-ad4b-6d678284f830: 546 ms
Input: 5500000,
Cold Start: false
Unique ID: d6e226a1-f3bc-4cd6-b05e-db5978ac7bac,
Billed Duration for Request d6e226a1-f3bc-4cd6-b05e-db5978ac7bac: 585 ms
Input: 5500000,
Cold Start: false
Unique ID: dca93b40-d2f9-4473-af82-1d52f19d0209,
Billed Duration for Request dca93b40-d2f9-4473-af82-1d52f19d0209: 548 ms
Input: 5500000,
Cold Start: false
