Unique ID: 5ed37473d971ff0fd799de68470a2edd,
Execution Time for Trace ID 5ed37473d971ff0fd799de68470a2edd: 381 ms
Input: 5000000,
Cold Start: false
Unique ID: 14e84b93db6e68fe90a7c6344dba16c7,
Execution Time for Trace ID 14e84b93db6e68fe90a7c6344dba16c7: 430 ms
Input: 5000000,
Cold Start: false
Unique ID: 0f88a8f171c832ed7a5128f0716b50ed,
Execution Time for Trace ID 0f88a8f171c832ed7a5128f0716b50ed: 408 ms
Input: 5000000,
Cold Start: false
Unique ID: 7aa24969785051f38f191177601e9c3c,
Execution Time for Trace ID 7aa24969785051f38f191177601e9c3c: 428 ms
Input: 5000000,
Cold Start: false
Unique ID: 2e84cbc6a0aa0ecacbd64a2e661a174c,
Execution Time for Trace ID 2e84cbc6a0aa0ecacbd64a2e661a174c: 385 ms
Input: 5000000,
Cold Start: false
Unique ID: a3ee83b14c1361db22592d1896f06b52,
Execution Time for Trace ID a3ee83b14c1361db22592d1896f06b52: 346 ms
Input: 5000000,
Cold Start: false
Unique ID: 75d0cb5b65504931debd7884f497387f,
Execution Time for Trace ID 75d0cb5b65504931debd7884f497387f: 342 ms
Input: 5000000,
Cold Start: false
Unique ID: da4f72009073d4751859f1e5d3a8b427,
Execution Time for Trace ID da4f72009073d4751859f1e5d3a8b427: 360 ms
Input: 5000000,
Cold Start: false
Unique ID: ce0df7c14179db8aaf71e0387d573227,
Execution Time for Trace ID ce0df7c14179db8aaf71e0387d573227: 339 ms
Input: 5000000,
Cold Start: false
Unique ID: 2c318ba7efe33dc68d2a07bae888e75b,
Execution Time for Trace ID 2c318ba7efe33dc68d2a07bae888e75b: 365 ms
Input: 5000000,
Cold Start: false
Unique ID: 5f7d2f4349ce446aea5895d7281d7481,
Execution Time for Trace ID 5f7d2f4349ce446aea5895d7281d7481: 355 ms
Input: 5000000,
Cold Start: false
Unique ID: a1a7d6446a5bd7b806a1608c1ca5f305,
Execution Time for Trace ID a1a7d6446a5bd7b806a1608c1ca5f305: 409 ms
Input: 5000000,
Cold Start: false
Unique ID: 524e797d0741cc87bb40fca079d79b3a,
Execution Time for Trace ID 524e797d0741cc87bb40fca079d79b3a: 341 ms
Input: 5000000,
Cold Start: false
Unique ID: 1afe0aeed7496accdfab56cf854a726d,
Execution Time for Trace ID 1afe0aeed7496accdfab56cf854a726d: 338 ms
Input: 5000000,
Cold Start: false
Unique ID: ebf089359157ebf79209a1f199e02d21,
Execution Time for Trace ID ebf089359157ebf79209a1f199e02d21: 440 ms
Input: 5000000,
Cold Start: false
Unique ID: 0d58a15c7af89f035c6c4a8ed59ab1ee,
Execution Time for Trace ID 0d58a15c7af89f035c6c4a8ed59ab1ee: 481 ms
Input: 5000000,
Cold Start: false
Unique ID: 7fd21ab0da8798169d9e38d623bc21cc,
Execution Time for Trace ID 7fd21ab0da8798169d9e38d623bc21cc: 342 ms
Input: 5000000,
Cold Start: false
Unique ID: 6ca03942d014b006176740cf74f233f5,
Execution Time for Trace ID 6ca03942d014b006176740cf74f233f5: 357 ms
Input: 5000000,
Cold Start: false
Unique ID: 5bc8552071bbce7091b734c12e35572a,
Execution Time for Trace ID 5bc8552071bbce7091b734c12e35572a: 290 ms
Input: 5000000,
Cold Start: false
Unique ID: 0dceda6ce134c3d8d835ccdf22d4841d,
Execution Time for Trace ID 0dceda6ce134c3d8d835ccdf22d4841d: 337 ms
Input: 5000000,
Cold Start: false
Unique ID: 5791ef3467095d4d18f8e318290d9e12,
Execution Time for Trace ID 5791ef3467095d4d18f8e318290d9e12: 293 ms
Input: 5000000,
Cold Start: false
Unique ID: 446b17ff48cffd0f33d43903a29b5469,
Execution Time for Trace ID 446b17ff48cffd0f33d43903a29b5469: 340 ms
Input: 5000000,
Cold Start: false
Unique ID: f4c6a1ee7e556679935297e8e4669637,
Execution Time for Trace ID f4c6a1ee7e556679935297e8e4669637: 368 ms
Input: 5000000,
Cold Start: false
Unique ID: 235ee9778c2253751ccd509101452c09,
Execution Time for Trace ID 235ee9778c2253751ccd509101452c09: 338 ms
Input: 5000000,
Cold Start: false
Unique ID: 1a109edb359a102ee1d5eb3070b1bc25,
Execution Time for Trace ID 1a109edb359a102ee1d5eb3070b1bc25: 334 ms
Input: 5000000,
Cold Start: false
Unique ID: 0001eb3870ba7675db0e49045074ff11,
Execution Time for Trace ID 0001eb3870ba7675db0e49045074ff11: 375 ms
Input: 5000000,
Cold Start: false
Unique ID: a0d2e504c1301fa46e3995723645d530,
Execution Time for Trace ID a0d2e504c1301fa46e3995723645d530: 354 ms
Input: 5000000,
Cold Start: false
Unique ID: 9e56f8779607179d49a874a33f358dc3,
Execution Time for Trace ID 9e56f8779607179d49a874a33f358dc3: 392 ms
Input: 5000000,
Cold Start: false
Unique ID: 1b622f70b432047f109db34fd655ec74,
Execution Time for Trace ID 1b622f70b432047f109db34fd655ec74: 279 ms
Input: 5000000,
Cold Start: false
Unique ID: fa12c13a7f7a62cc096c598cd54aa301,
Execution Time for Trace ID fa12c13a7f7a62cc096c598cd54aa301: 362 ms
Input: 5000000,
Cold Start: false
Unique ID: 9c0762f556dc2e157cd0d43fed18d7e3,
Execution Time for Trace ID 9c0762f556dc2e157cd0d43fed18d7e3: 333 ms
Input: 5000000,
Cold Start: false
Unique ID: 00385947a7ee79dd8b81d0f13d724bae,
Execution Time for Trace ID 00385947a7ee79dd8b81d0f13d724bae: 360 ms
Input: 5000000,
Cold Start: false
Unique ID: 2085a984920aa7fd3ccc648685c7c7f3,
Execution Time for Trace ID 2085a984920aa7fd3ccc648685c7c7f3: 334 ms
Input: 5000000,
Cold Start: false
Unique ID: f718e19f35bc0a8e91d5a3049a759c50,
Execution Time for Trace ID f718e19f35bc0a8e91d5a3049a759c50: 356 ms
Input: 5000000,
Cold Start: false
Unique ID: a7b6dc2fb43b7db771ed521b55ffd543,
Execution Time for Trace ID a7b6dc2fb43b7db771ed521b55ffd543: 338 ms
Input: 5000000,
Cold Start: false
Unique ID: 2fe18f0340ceb848df58733c34943233,
Execution Time for Trace ID 2fe18f0340ceb848df58733c34943233: 405 ms
Input: 5000000,
Cold Start: false
Unique ID: ea8a9e9384cb2193e1d5e71b45bc13f1,
Execution Time for Trace ID ea8a9e9384cb2193e1d5e71b45bc13f1: 335 ms
Input: 5000000,
Cold Start: false
Unique ID: b0be56ddba71e75b0abc994fab50a3f6,
Execution Time for Trace ID b0be56ddba71e75b0abc994fab50a3f6: 348 ms
Input: 5000000,
Cold Start: false
Unique ID: 97e5b4415c40b8e9ac421ce43aa8f725,
Execution Time for Trace ID 97e5b4415c40b8e9ac421ce43aa8f725: 308 ms
Input: 5000000,
Cold Start: false
Unique ID: fb7a8a5e4ac4e88d70b9e4ce69ab83c8,
Execution Time for Trace ID fb7a8a5e4ac4e88d70b9e4ce69ab83c8: 401 ms
Input: 5000000,
Cold Start: false
Unique ID: 2d7cb05dc377b44de81ad9c09f11a17f,
Execution Time for Trace ID 2d7cb05dc377b44de81ad9c09f11a17f: 333 ms
Input: 5000000,
Cold Start: false
Unique ID: b81d408435a86d054b45fed7136a8b5a,
Execution Time for Trace ID b81d408435a86d054b45fed7136a8b5a: 373 ms
Input: 5000000,
Cold Start: false
Unique ID: 9a7b21b0632c0733f18fa35b182e4e6f,
Execution Time for Trace ID 9a7b21b0632c0733f18fa35b182e4e6f: 340 ms
Input: 5000000,
Cold Start: false
Unique ID: 7927a8dfa7413b93e40e7626d3b205ab,
Execution Time for Trace ID 7927a8dfa7413b93e40e7626d3b205ab: 406 ms
Input: 5000000,
Cold Start: false
Unique ID: 5c04bf6fbaf480b41adaf172758d1b41,
Execution Time for Trace ID 5c04bf6fbaf480b41adaf172758d1b41: 349 ms
Input: 5000000,
Cold Start: false
Unique ID: 771fb2d7a14e30527351a934946c4efe,
Execution Time for Trace ID 771fb2d7a14e30527351a934946c4efe: 347 ms
Input: 5000000,
Cold Start: false
Unique ID: 5cfa45446d0770be6cef03afedd8ea8c,
Execution Time for Trace ID 5cfa45446d0770be6cef03afedd8ea8c: 327 ms
Input: 5000000,
Cold Start: false
Unique ID: 02d4f70d6fe725e96bc2be3fbce1c687,
Execution Time for Trace ID 02d4f70d6fe725e96bc2be3fbce1c687: 285 ms
Input: 5000000,
Cold Start: false
Unique ID: 2206c34824fe7f8ed925daf4424df1ef,
Execution Time for Trace ID 2206c34824fe7f8ed925daf4424df1ef: 340 ms
Input: 5000000,
Cold Start: false
Unique ID: c530f161571ddcc79a140bb162449981,
Execution Time for Trace ID c530f161571ddcc79a140bb162449981: 352 ms
Input: 5000000,
Cold Start: false
Unique ID: 1d83ecb4c0cd326886bbab1c28712a65,
Execution Time for Trace ID 1d83ecb4c0cd326886bbab1c28712a65: 390 ms
Input: 5000000,
Cold Start: false
Unique ID: 54212b2efbf7a821f72086bda931c951,
Execution Time for Trace ID 54212b2efbf7a821f72086bda931c951: 354 ms
Input: 5000000,
Cold Start: false
Unique ID: 30bd2387f329111afeb1cf9b7d16c903,
Execution Time for Trace ID 30bd2387f329111afeb1cf9b7d16c903: 335 ms
Input: 5000000,
Cold Start: false
Unique ID: 0d1a0e71c0e823aefdc4cbb30bc5440a,
Execution Time for Trace ID 0d1a0e71c0e823aefdc4cbb30bc5440a: 370 ms
Input: 5000000,
Cold Start: false
Unique ID: bd334a3b775e42b8af5d117a30a66d30,
Execution Time for Trace ID bd334a3b775e42b8af5d117a30a66d30: 390 ms
Input: 5000000,
Cold Start: false
Unique ID: 598b81afd7b901e87401e0e023482eb0,
Execution Time for Trace ID 598b81afd7b901e87401e0e023482eb0: 366 ms
Input: 5000000,
Cold Start: false
Unique ID: 34d2bb543b8f253085c326b05c9e1035,
Execution Time for Trace ID 34d2bb543b8f253085c326b05c9e1035: 339 ms
Input: 5000000,
Cold Start: false
Unique ID: 4e97a663ac3d6321e29e707c42207d51,
Execution Time for Trace ID 4e97a663ac3d6321e29e707c42207d51: 338 ms
Input: 5000000,
Cold Start: false
Unique ID: 927a5b6a610993160c31168fe7d953c6,
Execution Time for Trace ID 927a5b6a610993160c31168fe7d953c6: 292 ms
Input: 5000000,
Cold Start: false
Unique ID: d1d79b95352db21eceb7e8b7b972067a,
Execution Time for Trace ID d1d79b95352db21eceb7e8b7b972067a: 410 ms
Input: 5000000,
Cold Start: false
Unique ID: 8bd1c520ec559bbfe768619987d8e3cc,
Execution Time for Trace ID 8bd1c520ec559bbfe768619987d8e3cc: 334 ms
Input: 5000000,
Cold Start: false
Unique ID: 156d4f9d7db74d14c9e8888214ad73d9,
Execution Time for Trace ID 156d4f9d7db74d14c9e8888214ad73d9: 285 ms
Input: 5000000,
Cold Start: false
Unique ID: 4d7e6ebd3e63ff0ca67641193c9c5b5c,
Execution Time for Trace ID 4d7e6ebd3e63ff0ca67641193c9c5b5c: 412 ms
Input: 5000000,
Cold Start: false
Unique ID: b15119cb65433f16ca8b98da52f3062d,
Execution Time for Trace ID b15119cb65433f16ca8b98da52f3062d: 391 ms
Input: 5000000,
Cold Start: false
Unique ID: 86493de0f8ed80bb2e6949e9dcb88bb4,
Execution Time for Trace ID 86493de0f8ed80bb2e6949e9dcb88bb4: 278 ms
Input: 5000000,
Cold Start: false
Unique ID: cc3f937d6278669cfaacef01b98d2563,
Execution Time for Trace ID cc3f937d6278669cfaacef01b98d2563: 358 ms
Input: 5000000,
Cold Start: false
Unique ID: 97618d39c5011f27b9c34c34f6983f2f,
Execution Time for Trace ID 97618d39c5011f27b9c34c34f6983f2f: 389 ms
Input: 5000000,
Cold Start: false
Unique ID: 12cee59a2a6ec96dd1ebfb4ea51785a5,
Execution Time for Trace ID 12cee59a2a6ec96dd1ebfb4ea51785a5: 378 ms
Input: 5000000,
Cold Start: false
Unique ID: cf44c3746beef8fd8efa9983b2dae99d,
Execution Time for Trace ID cf44c3746beef8fd8efa9983b2dae99d: 337 ms
Input: 5000000,
Cold Start: false
Unique ID: 30496ee3feb3ca9cea7862f2c9bc0ec8,
Execution Time for Trace ID 30496ee3feb3ca9cea7862f2c9bc0ec8: 358 ms
Input: 5000000,
Cold Start: false
Unique ID: 77fe1782424925f3defe8f80149dfe00,
Execution Time for Trace ID 77fe1782424925f3defe8f80149dfe00: 332 ms
Input: 5000000,
Cold Start: false
Unique ID: 4da24a9f5bdca48186a4314bd8ab63cc,
Execution Time for Trace ID 4da24a9f5bdca48186a4314bd8ab63cc: 342 ms
Input: 5000000,
Cold Start: false
Unique ID: 535ea19cd455138abd3fd057f78b1442,
Execution Time for Trace ID 535ea19cd455138abd3fd057f78b1442: 334 ms
Input: 5000000,
Cold Start: false
Unique ID: 6fbfbe656c7778763e50d1966a5dcde3,
Execution Time for Trace ID 6fbfbe656c7778763e50d1966a5dcde3: 293 ms
Input: 5000000,
Cold Start: false
Unique ID: 018c32deeaed0917172abc4b6954f16f,
Execution Time for Trace ID 018c32deeaed0917172abc4b6954f16f: 285 ms
Input: 5000000,
Cold Start: false
Unique ID: 2f901926c7b399cec8b838feff412653,
Execution Time for Trace ID 2f901926c7b399cec8b838feff412653: 393 ms
Input: 5000000,
Cold Start: false
Unique ID: 6ef8a9e724969ff99a99d4a967e82b92,
Execution Time for Trace ID 6ef8a9e724969ff99a99d4a967e82b92: 339 ms
Input: 5000000,
Cold Start: false
Unique ID: 195e33765c336b446290c50f9bdc55c5,
Execution Time for Trace ID 195e33765c336b446290c50f9bdc55c5: 349 ms
Input: 5000000,
Cold Start: false
Unique ID: 03a7147c1ec1e9c7b617846508a28aec,
Execution Time for Trace ID 03a7147c1ec1e9c7b617846508a28aec: 339 ms
Input: 5000000,
Cold Start: false
Unique ID: 72533ef497d4925700e7f203f8797ee3,
Execution Time for Trace ID 72533ef497d4925700e7f203f8797ee3: 398 ms
Input: 5000000,
Cold Start: false
Unique ID: 088b499e5233a1f70b07f9e612bc7ee5,
Execution Time for Trace ID 088b499e5233a1f70b07f9e612bc7ee5: 337 ms
Input: 5000000,
Cold Start: false
Unique ID: eb8cb36d0a5062e0b7b014bc5c5b19de,
Execution Time for Trace ID eb8cb36d0a5062e0b7b014bc5c5b19de: 383 ms
Input: 5000000,
Cold Start: false
Unique ID: e55c1f2fb7a4495afdd702f10235a7bd,
Execution Time for Trace ID e55c1f2fb7a4495afdd702f10235a7bd: 287 ms
Input: 5000000,
Cold Start: false
Unique ID: 5d13052ddf9f5e190327d3d4d44e78cd,
Execution Time for Trace ID 5d13052ddf9f5e190327d3d4d44e78cd: 420 ms
Input: 5000000,
Cold Start: false
Unique ID: e18f2d316d6591bb896f50dc7e142cc6,
Execution Time for Trace ID e18f2d316d6591bb896f50dc7e142cc6: 336 ms
Input: 5000000,
Cold Start: false
Unique ID: 3e14e03ff8ea09fc359487fec18d2ef2,
Execution Time for Trace ID 3e14e03ff8ea09fc359487fec18d2ef2: 437 ms
Input: 5000000,
Cold Start: false
Unique ID: f2f959119372dd2486e4da5c8af77ab8,
Execution Time for Trace ID f2f959119372dd2486e4da5c8af77ab8: 397 ms
Input: 5000000,
Cold Start: false
Unique ID: cbf29ef8384b47a5e7cb9b1ea791cc9d,
Execution Time for Trace ID cbf29ef8384b47a5e7cb9b1ea791cc9d: 461 ms
Input: 5000000,
Cold Start: false
Unique ID: e34de4e302e03ffeb30cb75438c39c89,
Execution Time for Trace ID e34de4e302e03ffeb30cb75438c39c89: 336 ms
Input: 5000000,
Cold Start: false
Unique ID: da3a2b158d4f3ba7fef5d609b3569f0d,
Execution Time for Trace ID da3a2b158d4f3ba7fef5d609b3569f0d: 369 ms
Input: 5000000,
Cold Start: false
Unique ID: 86c64e2e6c9f8dfe107fa5255f9d08bd,
Execution Time for Trace ID 86c64e2e6c9f8dfe107fa5255f9d08bd: 400 ms
Input: 5000000,
Cold Start: false
Unique ID: 85368e2f057de8260969d99213fd4832,
Execution Time for Trace ID 85368e2f057de8260969d99213fd4832: 365 ms
Input: 5000000,
Cold Start: false
Unique ID: 756f34238abe65dd840386bdce85d334,
Execution Time for Trace ID 756f34238abe65dd840386bdce85d334: 335 ms
Input: 5000000,
Cold Start: false
Unique ID: 0d950da0393efca883cbc6a1aeae120e,
Execution Time for Trace ID 0d950da0393efca883cbc6a1aeae120e: 334 ms
Input: 5000000,
Cold Start: false
Unique ID: 14474b91b9b9f414439ced96794b26f7,
Execution Time for Trace ID 14474b91b9b9f414439ced96794b26f7: 274 ms
Input: 5000000,
Cold Start: false
Unique ID: 21d95b621c8a175d8dfe766b66706aa5,
Execution Time for Trace ID 21d95b621c8a175d8dfe766b66706aa5: 392 ms
Input: 5000000,
Cold Start: false
Unique ID: 589f44801824de1645c99c371cb36039,
Execution Time for Trace ID 589f44801824de1645c99c371cb36039: 337 ms
Input: 5000000,
Cold Start: false
Unique ID: b492ad7df9dbe039938581d4aff1a646,
Execution Time for Trace ID b492ad7df9dbe039938581d4aff1a646: 368 ms
Input: 5000000,
Cold Start: false
Unique ID: 507144f2794a9372effd99c3079bf497,
Execution Time for Trace ID 507144f2794a9372effd99c3079bf497: 315 ms
Input: 5000000,
Cold Start: false
Unique ID: ed448fadf65c2a81b7441d80f7e5e40c,
Execution Time for Trace ID ed448fadf65c2a81b7441d80f7e5e40c: 354 ms
Input: 5000000,
Cold Start: false
Unique ID: b9c2e7961357e3a0636d20c9bd1f6a9b,
Execution Time for Trace ID b9c2e7961357e3a0636d20c9bd1f6a9b: 361 ms
Input: 5000000,
Cold Start: false
Unique ID: bdae6f4e28f43b2d26223067b36a1255,
Execution Time for Trace ID bdae6f4e28f43b2d26223067b36a1255: 410 ms
Input: 5000000,
Cold Start: false
Unique ID: ff5d0bc73a3cc8195b509a69503756e8,
Execution Time for Trace ID ff5d0bc73a3cc8195b509a69503756e8: 415 ms
Input: 5000000,
Cold Start: false
Unique ID: 3075a5c813ebe05e162af5166184a2ea,
Execution Time for Trace ID 3075a5c813ebe05e162af5166184a2ea: 367 ms
Input: 5000000,
Cold Start: false
Unique ID: 766b0af635e54c2512218ddad1aa11c6,
Execution Time for Trace ID 766b0af635e54c2512218ddad1aa11c6: 349 ms
Input: 5000000,
Cold Start: false
Unique ID: c1906fc17da0963ea5a205cec09193ba,
Execution Time for Trace ID c1906fc17da0963ea5a205cec09193ba: 390 ms
Input: 5000000,
Cold Start: false
Unique ID: 4dfeb79f8f0112bc2093c56a663657c5,
Execution Time for Trace ID 4dfeb79f8f0112bc2093c56a663657c5: 354 ms
Input: 5000000,
Cold Start: false
Unique ID: a86497a4db6429f67837062115d1604b,
Execution Time for Trace ID a86497a4db6429f67837062115d1604b: 410 ms
Input: 5000000,
Cold Start: false
Unique ID: 46f2297d9de984dac88fb3cfc6593b1a,
Execution Time for Trace ID 46f2297d9de984dac88fb3cfc6593b1a: 356 ms
Input: 5000000,
Cold Start: false
Unique ID: 14b67988c9ce09b34ccca90cdbeb5d94,
Execution Time for Trace ID 14b67988c9ce09b34ccca90cdbeb5d94: 340 ms
Input: 5000000,
Cold Start: false
Unique ID: cd69c1886b968c7d998147c6b806b544,
Execution Time for Trace ID cd69c1886b968c7d998147c6b806b544: 401 ms
Input: 5000000,
Cold Start: false
Unique ID: 9abc0af7224ba67c4c42b613a1939f57,
Execution Time for Trace ID 9abc0af7224ba67c4c42b613a1939f57: 350 ms
Input: 5000000,
Cold Start: false
Unique ID: 06e8f1be751face81b273ee60d9eba67,
Execution Time for Trace ID 06e8f1be751face81b273ee60d9eba67: 443 ms
Input: 5000000,
Cold Start: false
Unique ID: 47ecd82032fc1de5689c618eb369e16e,
Execution Time for Trace ID 47ecd82032fc1de5689c618eb369e16e: 369 ms
Input: 5000000,
Cold Start: false
Unique ID: f25296d218e06e0b37f82ab9104e1f3d,
Execution Time for Trace ID f25296d218e06e0b37f82ab9104e1f3d: 472 ms
Input: 5000000,
Cold Start: false
Unique ID: 92bca10446985080e0acf5f4266d278e,
Execution Time for Trace ID 92bca10446985080e0acf5f4266d278e: 558 ms
Input: 5000000,
Cold Start: false
Unique ID: d2622835018d2ecc58cafdb9139f6276,
Execution Time for Trace ID d2622835018d2ecc58cafdb9139f6276: 416 ms
Input: 5000000,
Cold Start: false
Unique ID: 626e013ee9d6fe92bdab2c0f71715458,
Execution Time for Trace ID 626e013ee9d6fe92bdab2c0f71715458: 448 ms
Input: 5000000,
Cold Start: false
Unique ID: 02ceff4084a2616883ead9184ce4a711,
Execution Time for Trace ID 02ceff4084a2616883ead9184ce4a711: 392 ms
Input: 5000000,
Cold Start: false
Unique ID: 7265030c11cb50bf629d14853246ea04,
Execution Time for Trace ID 7265030c11cb50bf629d14853246ea04: 453 ms
Input: 5000000,
Cold Start: false
Unique ID: e703a31c2da711c51b7f3ecc4b7b3396,
Execution Time for Trace ID e703a31c2da711c51b7f3ecc4b7b3396: 352 ms
Input: 5000000,
Cold Start: false
Unique ID: 1f114730cb699d1a762eb3766f691455,
Execution Time for Trace ID 1f114730cb699d1a762eb3766f691455: 365 ms
Input: 5000000,
Cold Start: false
Unique ID: a644954cd90da8a65d4de7623a72ed97,
Execution Time for Trace ID a644954cd90da8a65d4de7623a72ed97: 494 ms
Input: 5000000,
Cold Start: false
Unique ID: bf849fc6080071aa306046666e5af4bb,
Execution Time for Trace ID bf849fc6080071aa306046666e5af4bb: 476 ms
Input: 5000000,
Cold Start: false
Unique ID: a796ec50c1e8bdb87bec4d0acace8c00,
Execution Time for Trace ID a796ec50c1e8bdb87bec4d0acace8c00: 288 ms
Input: 5000000,
Cold Start: false
Unique ID: 0d4899a7b4a70949ad5964adc6630e34,
Execution Time for Trace ID 0d4899a7b4a70949ad5964adc6630e34: 346 ms
Input: 5000000,
Cold Start: false
Unique ID: a3e4240e414d61d4b5b37c30cdc6f7da,
Execution Time for Trace ID a3e4240e414d61d4b5b37c30cdc6f7da: 403 ms
Input: 5000000,
Cold Start: false
Unique ID: d78751b0805253b0c202e07317c2868b,
Execution Time for Trace ID d78751b0805253b0c202e07317c2868b: 377 ms
Input: 5000000,
Cold Start: false
Unique ID: d339ae95a405100b66c6f567046736da,
Execution Time for Trace ID d339ae95a405100b66c6f567046736da: 341 ms
Input: 5000000,
Cold Start: false
Unique ID: 2aed6eb4321a87b9734defd6c7946e21,
Execution Time for Trace ID 2aed6eb4321a87b9734defd6c7946e21: 341 ms
Input: 5000000,
Cold Start: false
Unique ID: 32f49fe243cf5e5fa792a7fd150f20ff,
Execution Time for Trace ID 32f49fe243cf5e5fa792a7fd150f20ff: 383 ms
Input: 5000000,
Cold Start: false
Unique ID: a112553a622da2bf5b30e63207778739,
Execution Time for Trace ID a112553a622da2bf5b30e63207778739: 340 ms
Input: 5000000,
Cold Start: false
Unique ID: d841afa68329c2deb9347543827406d6,
Execution Time for Trace ID d841afa68329c2deb9347543827406d6: 342 ms
Input: 5000000,
Cold Start: false
Unique ID: 4183a522261a8fec0c113093339bb820,
Execution Time for Trace ID 4183a522261a8fec0c113093339bb820: 302 ms
Input: 5000000,
Cold Start: false
Unique ID: 96c8e57c11f7404037033c28f867fe50,
Execution Time for Trace ID 96c8e57c11f7404037033c28f867fe50: 328 ms
Input: 5000000,
Cold Start: false
Unique ID: f899dd3ab4926c9fc57c27e0dacd6943,
Execution Time for Trace ID f899dd3ab4926c9fc57c27e0dacd6943: 343 ms
Input: 5000000,
Cold Start: false
Unique ID: 55a9440dead6b1c49cecdfa73b78a172,
Execution Time for Trace ID 55a9440dead6b1c49cecdfa73b78a172: 362 ms
Input: 5000000,
Cold Start: false
Unique ID: 844f2d037907d63cd146b8fa9aa72ec9,
Execution Time for Trace ID 844f2d037907d63cd146b8fa9aa72ec9: 404 ms
Input: 5000000,
Cold Start: false
Unique ID: c8ec60e69c8e4ce9a0d909a28c96f3a1,
Execution Time for Trace ID c8ec60e69c8e4ce9a0d909a28c96f3a1: 337 ms
Input: 5000000,
Cold Start: false
Unique ID: 091ccc2c4fcbec81b65bace390d7ca08,
Execution Time for Trace ID 091ccc2c4fcbec81b65bace390d7ca08: 415 ms
Input: 5000000,
Cold Start: false
Unique ID: 5849b3d3db2a2ebedfe991318afd5707,
Execution Time for Trace ID 5849b3d3db2a2ebedfe991318afd5707: 342 ms
Input: 5000000,
Cold Start: false
Unique ID: e4ea68db6c27685438f52b48b7bcc290,
Execution Time for Trace ID e4ea68db6c27685438f52b48b7bcc290: 340 ms
Input: 5000000,
Cold Start: false
Unique ID: e45410f6a1bcb86e6eb384615e1bf42a,
Execution Time for Trace ID e45410f6a1bcb86e6eb384615e1bf42a: 339 ms
Input: 5000000,
Cold Start: false
Unique ID: b5b2afd76570448cac4d071d80e0a384,
Execution Time for Trace ID b5b2afd76570448cac4d071d80e0a384: 302 ms
Input: 5000000,
Cold Start: false
Unique ID: 835f1459d76ef7d9f978b5b49fde282f,
Execution Time for Trace ID 835f1459d76ef7d9f978b5b49fde282f: 285 ms
Input: 5000000,
Cold Start: false
Unique ID: a0170a4967a84a2cbc2c7e314355be95,
Execution Time for Trace ID a0170a4967a84a2cbc2c7e314355be95: 352 ms
Input: 5000000,
Cold Start: false
Unique ID: 8d4949a986bcf2204cd7d9a367def959,
Execution Time for Trace ID 8d4949a986bcf2204cd7d9a367def959: 332 ms
Input: 5000000,
Cold Start: false
Unique ID: 114cb24c436245572d286f6eb4291c7d,
Execution Time for Trace ID 114cb24c436245572d286f6eb4291c7d: 344 ms
Input: 5000000,
Cold Start: false
Unique ID: bd7d8e7663c52a1dca144141ccf37f51,
Execution Time for Trace ID bd7d8e7663c52a1dca144141ccf37f51: 341 ms
Input: 5000000,
Cold Start: false
Unique ID: 8539347217f82da6ee5090c376a77f24,
Execution Time for Trace ID 8539347217f82da6ee5090c376a77f24: 303 ms
Input: 5000000,
Cold Start: false
Unique ID: 318884a125faa33e773082d4cc28e3f6,
Execution Time for Trace ID 318884a125faa33e773082d4cc28e3f6: 332 ms
Input: 5000000,
Cold Start: false
Unique ID: 11133b2e59e31d3c517f29c802ef1a36,
Execution Time for Trace ID 11133b2e59e31d3c517f29c802ef1a36: 412 ms
Input: 5000000,
Cold Start: false
Unique ID: 8f2edbce1c3771c3fb6b436797d94c31,
Execution Time for Trace ID 8f2edbce1c3771c3fb6b436797d94c31: 336 ms
Input: 5000000,
Cold Start: false
Unique ID: 72fb58e2d04a0a256d239cdc38b56f8f,
Execution Time for Trace ID 72fb58e2d04a0a256d239cdc38b56f8f: 302 ms
Input: 5000000,
Cold Start: false
Unique ID: 0c242013e4f9775f6c4d62dac9739a28,
Execution Time for Trace ID 0c242013e4f9775f6c4d62dac9739a28: 280 ms
Input: 5000000,
Cold Start: false
Unique ID: 06a78f923c773c4985444e910a4c7c54,
Execution Time for Trace ID 06a78f923c773c4985444e910a4c7c54: 337 ms
Input: 5000000,
Cold Start: false
Unique ID: 10f658502187d3f12ebb8770967d359b,
Execution Time for Trace ID 10f658502187d3f12ebb8770967d359b: 319 ms
Input: 5000000,
Cold Start: false
Unique ID: 7a20d5aea01fbfa2c5e4d64ed22a5ab0,
Execution Time for Trace ID 7a20d5aea01fbfa2c5e4d64ed22a5ab0: 296 ms
Input: 5000000,
Cold Start: false
Unique ID: 445fde94eb86bd313f481aae91fed1c3,
Execution Time for Trace ID 445fde94eb86bd313f481aae91fed1c3: 323 ms
Input: 5000000,
Cold Start: false
Unique ID: df95a7c0480dc89df7937d5a35e8b5a9,
Execution Time for Trace ID df95a7c0480dc89df7937d5a35e8b5a9: 287 ms
Input: 5000000,
Cold Start: false
Unique ID: c97da5064b0bca60c0f73abb8e8a7bc7,
Execution Time for Trace ID c97da5064b0bca60c0f73abb8e8a7bc7: 338 ms
Input: 5000000,
Cold Start: false
Unique ID: cc10e5f376ef262719b1887133e5bf8f,
Execution Time for Trace ID cc10e5f376ef262719b1887133e5bf8f: 304 ms
Input: 5000000,
Cold Start: false
Unique ID: 0ea8bc5033792862fee9022d05408e39,
Execution Time for Trace ID 0ea8bc5033792862fee9022d05408e39: 379 ms
Input: 5000000,
Cold Start: false
Unique ID: 0338056db40d01c1e403c81e41823f23,
Execution Time for Trace ID 0338056db40d01c1e403c81e41823f23: 361 ms
Input: 5000000,
Cold Start: false
Unique ID: aae7eb872c59c0fd986eac26f2ac29c8,
Execution Time for Trace ID aae7eb872c59c0fd986eac26f2ac29c8: 332 ms
Input: 5000000,
Cold Start: false
Unique ID: 5b0fe7f95b3708fee80d8bd6a53b83b2,
Execution Time for Trace ID 5b0fe7f95b3708fee80d8bd6a53b83b2: 319 ms
Input: 5000000,
Cold Start: false
Unique ID: dee460a2a3f8aedd8bf2bc048b3fde15,
Execution Time for Trace ID dee460a2a3f8aedd8bf2bc048b3fde15: 392 ms
Input: 5000000,
Cold Start: false
Unique ID: dcd88673e03a8381df82ab1a7afa99e2,
Execution Time for Trace ID dcd88673e03a8381df82ab1a7afa99e2: 356 ms
Input: 5000000,
Cold Start: false
Unique ID: 4925133568c264f7f48fad74a6d37fc4,
Execution Time for Trace ID 4925133568c264f7f48fad74a6d37fc4: 336 ms
Input: 5000000,
Cold Start: false
Unique ID: 2ff7c322606af7fd6a8b9df6191113c1,
Execution Time for Trace ID 2ff7c322606af7fd6a8b9df6191113c1: 304 ms
Input: 5000000,
Cold Start: false
Unique ID: 3d138e7c9356aaeb4a3329a3f8a1e305,
Execution Time for Trace ID 3d138e7c9356aaeb4a3329a3f8a1e305: 376 ms
Input: 5000000,
Cold Start: false
Unique ID: 698f0217163ec944f1362eae22eeb3c6,
Execution Time for Trace ID 698f0217163ec944f1362eae22eeb3c6: 336 ms
Input: 5000000,
Cold Start: false
Unique ID: a2e7b0e750a9780a81b64afe46848cb6,
Execution Time for Trace ID a2e7b0e750a9780a81b64afe46848cb6: 334 ms
Input: 5000000,
Cold Start: false
Unique ID: ab9e6c539b2f7c5658177345591a53a4,
Execution Time for Trace ID ab9e6c539b2f7c5658177345591a53a4: 328 ms
Input: 5000000,
Cold Start: false
Unique ID: 5686f7286033199e4fd7a8718c591e78,
Execution Time for Trace ID 5686f7286033199e4fd7a8718c591e78: 388 ms
Input: 5000000,
Cold Start: false
Unique ID: cce6b4416de7bb6c13d97a92f2267e4f,
Execution Time for Trace ID cce6b4416de7bb6c13d97a92f2267e4f: 338 ms
Input: 5000000,
Cold Start: false
Unique ID: 3d285c2e09cdf25ec2e119ffb09347f9,
Execution Time for Trace ID 3d285c2e09cdf25ec2e119ffb09347f9: 340 ms
Input: 5000000,
Cold Start: false
Unique ID: 65e737549c1ca9f1bc095595713740ae,
Execution Time for Trace ID 65e737549c1ca9f1bc095595713740ae: 284 ms
Input: 5000000,
Cold Start: false
Unique ID: 8919e87f981d0c6cb778364a84f4e2e4,
Execution Time for Trace ID 8919e87f981d0c6cb778364a84f4e2e4: 471 ms
Input: 5000000,
Cold Start: false
Unique ID: e689fd65deac6162591bcb1081747c4e,
Execution Time for Trace ID e689fd65deac6162591bcb1081747c4e: 432 ms
Input: 5000000,
Cold Start: false
Unique ID: a5999bbd511ebfa9606941183671b129,
Execution Time for Trace ID a5999bbd511ebfa9606941183671b129: 332 ms
Input: 5000000,
Cold Start: false
Unique ID: 54fa80bba0e4ba1a18452717a2f1b527,
Execution Time for Trace ID 54fa80bba0e4ba1a18452717a2f1b527: 321 ms
Input: 5000000,
Cold Start: false
Unique ID: 1eec98006b82a125667f61f849e6ad47,
Execution Time for Trace ID 1eec98006b82a125667f61f849e6ad47: 374 ms
Input: 5000000,
Cold Start: false
Unique ID: dbf69649015aa38cc289b07397ea0709,
Execution Time for Trace ID dbf69649015aa38cc289b07397ea0709: 342 ms
Input: 5000000,
Cold Start: false
Unique ID: 2c4f60f19842f2a11beb60775cd2cf96,
Execution Time for Trace ID 2c4f60f19842f2a11beb60775cd2cf96: 334 ms
Input: 5000000,
Cold Start: false
Unique ID: 8c5429efb04aabb782c801f80c22dddc,
Execution Time for Trace ID 8c5429efb04aabb782c801f80c22dddc: 298 ms
Input: 5000000,
Cold Start: false
Unique ID: 48a4c5d9a3c8735fb84ade501a856ec6,
Execution Time for Trace ID 48a4c5d9a3c8735fb84ade501a856ec6: 282 ms
Input: 5000000,
Cold Start: false
Unique ID: 07c3a0416dc6344c8a8bbf6c88a2500f,
Execution Time for Trace ID 07c3a0416dc6344c8a8bbf6c88a2500f: 379 ms
Input: 5000000,
Cold Start: false
Unique ID: 57e61d904ba6dd0e5199e6a0d4fb46eb,
Execution Time for Trace ID 57e61d904ba6dd0e5199e6a0d4fb46eb: 331 ms
Input: 5000000,
Cold Start: false
Unique ID: 3e9bdabb024ebe47d39ffbc70a36a06d,
Execution Time for Trace ID 3e9bdabb024ebe47d39ffbc70a36a06d: 316 ms
Input: 5000000,
Cold Start: false
Unique ID: 29da810dd64379f2994b3799de213e7d,
Execution Time for Trace ID 29da810dd64379f2994b3799de213e7d: 329 ms
Input: 5000000,
Cold Start: false
Unique ID: 157031bbd41b820d6ddf3a3d21e3a237,
Execution Time for Trace ID 157031bbd41b820d6ddf3a3d21e3a237: 282 ms
Input: 5000000,
Cold Start: false
Unique ID: 29ddffedb9af5284864f5147153ec150,
Execution Time for Trace ID 29ddffedb9af5284864f5147153ec150: 336 ms
Input: 5000000,
Cold Start: false
Unique ID: c3f2ff9d8f1c274de337ba1742ef9f5c,
Execution Time for Trace ID c3f2ff9d8f1c274de337ba1742ef9f5c: 313 ms
Input: 5000000,
Cold Start: false
Unique ID: a4215c335a48f6e266623cb597c40bc4,
Execution Time for Trace ID a4215c335a48f6e266623cb597c40bc4: 412 ms
Input: 5000000,
Cold Start: false
Unique ID: 675ab7ee98b9831aa89f76e5c0a7cd15,
Execution Time for Trace ID 675ab7ee98b9831aa89f76e5c0a7cd15: 372 ms
Input: 5000000,
Cold Start: false
Unique ID: 32c1aa5b80a79fd42f94ef5c343238f8,
Execution Time for Trace ID 32c1aa5b80a79fd42f94ef5c343238f8: 341 ms
Input: 5000000,
Cold Start: false
Unique ID: f683c56acc733e71a5145be21008680e,
Execution Time for Trace ID f683c56acc733e71a5145be21008680e: 280 ms
Input: 5000000,
Cold Start: false
Unique ID: 6cfb567253ce3a7de4124a593cc5ebab,
Execution Time for Trace ID 6cfb567253ce3a7de4124a593cc5ebab: 319 ms
Input: 5000000,
Cold Start: false
Unique ID: b4ceaa5ff2f90c552dc79c8f7851f19e,
Execution Time for Trace ID b4ceaa5ff2f90c552dc79c8f7851f19e: 346 ms
Input: 5000000,
Cold Start: false
Unique ID: db877a906a2f4ec601b58111a208ce57,
Execution Time for Trace ID db877a906a2f4ec601b58111a208ce57: 398 ms
Input: 5000000,
Cold Start: false
Unique ID: a8483f7206827c2dcff956c6b2dc21c6,
Execution Time for Trace ID a8483f7206827c2dcff956c6b2dc21c6: 394 ms
Input: 5000000,
Cold Start: false
Unique ID: e22c8894ccad498c7f5cefe1329bc5c6,
Execution Time for Trace ID e22c8894ccad498c7f5cefe1329bc5c6: 356 ms
Input: 5000000,
Cold Start: false
Unique ID: 3c8a370d748c08e8e44ab4e785b36c45,
Execution Time for Trace ID 3c8a370d748c08e8e44ab4e785b36c45: 415 ms
Input: 5000000,
Cold Start: false
Unique ID: f3aadfbafe622bac3f38a97cc1186d92,
Execution Time for Trace ID f3aadfbafe622bac3f38a97cc1186d92: 341 ms
Input: 5000000,
Cold Start: false
Unique ID: d74b06acd62ded57686fc28bd9fd7878,
Execution Time for Trace ID d74b06acd62ded57686fc28bd9fd7878: 327 ms
Input: 5000000,
Cold Start: false
Unique ID: 57d3c639521947215692ac83031a5301,
Execution Time for Trace ID 57d3c639521947215692ac83031a5301: 409 ms
Input: 5000000,
Cold Start: false
Unique ID: 2d62f8f442e87bce3c9ba099017bb39d,
Execution Time for Trace ID 2d62f8f442e87bce3c9ba099017bb39d: 383 ms
Input: 5000000,
Cold Start: false
Unique ID: ad4b0079355495cb76a5416e1e910f18,
Execution Time for Trace ID ad4b0079355495cb76a5416e1e910f18: 336 ms
Input: 5000000,
Cold Start: false
Unique ID: 3dbc5be76d8363ef6a9422563203cab7,
Execution Time for Trace ID 3dbc5be76d8363ef6a9422563203cab7: 282 ms
Input: 5000000,
Cold Start: false
Unique ID: c8572f1be26dbd86cf732f67b54232d9,
Execution Time for Trace ID c8572f1be26dbd86cf732f67b54232d9: 443 ms
Input: 5000000,
Cold Start: false
Unique ID: 1f9097a798da72e5782c4738366fd787,
Execution Time for Trace ID 1f9097a798da72e5782c4738366fd787: 415 ms
Input: 5000000,
Cold Start: false
Unique ID: 4f838241e4cbefb75ec129ddbf1b1f83,
Execution Time for Trace ID 4f838241e4cbefb75ec129ddbf1b1f83: 335 ms
Input: 5000000,
Cold Start: false
Unique ID: 3abcce370ccc48554086a7e7607c83b3,
Execution Time for Trace ID 3abcce370ccc48554086a7e7607c83b3: 389 ms
Input: 5000000,
Cold Start: false
Unique ID: 500130c7ed6ab39b9087f5ff586c7fbd,
Execution Time for Trace ID 500130c7ed6ab39b9087f5ff586c7fbd: 353 ms
Input: 5000000,
Cold Start: false
Unique ID: 235c5859bdab8e1dca0002c83bbc0e1d,
Execution Time for Trace ID 235c5859bdab8e1dca0002c83bbc0e1d: 400 ms
Input: 5000000,
Cold Start: false
Unique ID: d7736848e56761af8f7d8244cfb44cf7,
Execution Time for Trace ID d7736848e56761af8f7d8244cfb44cf7: 344 ms
Input: 5000000,
Cold Start: false
Unique ID: a65e8a3fd195f6000f7554553501d796,
Execution Time for Trace ID a65e8a3fd195f6000f7554553501d796: 315 ms
Input: 5000000,
Cold Start: false
Unique ID: 2485db410ca526d08d9213bc4cf0f051,
Execution Time for Trace ID 2485db410ca526d08d9213bc4cf0f051: 337 ms
Input: 5000000,
Cold Start: false
Unique ID: 46f0734dbed6b172e6563f6d2217a8cb,
Execution Time for Trace ID 46f0734dbed6b172e6563f6d2217a8cb: 333 ms
Input: 5000000,
Cold Start: false
Unique ID: d9f779ad9367168c9f92e8780c0928e4,
Execution Time for Trace ID d9f779ad9367168c9f92e8780c0928e4: 339 ms
Input: 5000000,
Cold Start: false
Unique ID: 5dc6a5398c14bd9e7d51637cb91a6dee,
Execution Time for Trace ID 5dc6a5398c14bd9e7d51637cb91a6dee: 313 ms
Input: 5000000,
Cold Start: false
Unique ID: ba11cd0273489d9f582f5eede4494b3d,
Execution Time for Trace ID ba11cd0273489d9f582f5eede4494b3d: 320 ms
Input: 5000000,
Cold Start: false
Unique ID: af3f83349cc48e22b72f361066e1a00e,
Execution Time for Trace ID af3f83349cc48e22b72f361066e1a00e: 336 ms
Input: 5000000,
Cold Start: false
Unique ID: 95d01465c7897156562c5c3161bf9b66,
Execution Time for Trace ID 95d01465c7897156562c5c3161bf9b66: 278 ms
Input: 5000000,
Cold Start: false
Unique ID: 0165f5242c4e6bdaa8689967581ef335,
Execution Time for Trace ID 0165f5242c4e6bdaa8689967581ef335: 378 ms
Input: 5000000,
Cold Start: false
Unique ID: 96d12958b07330a4ec7b3dea70d534b5,
Execution Time for Trace ID 96d12958b07330a4ec7b3dea70d534b5: 333 ms
Input: 5000000,
Cold Start: false
Unique ID: 819417c5b2446c08b3d851e9f3947c6a,
Execution Time for Trace ID 819417c5b2446c08b3d851e9f3947c6a: 363 ms
Input: 5000000,
Cold Start: false
Unique ID: 5cf45f001e8536fcb5dab0224c095df8,
Execution Time for Trace ID 5cf45f001e8536fcb5dab0224c095df8: 287 ms
Input: 5000000,
Cold Start: false
Unique ID: 8f5e68834ed783ae199b85d69d9021c0,
Execution Time for Trace ID 8f5e68834ed783ae199b85d69d9021c0: 318 ms
Input: 5000000,
Cold Start: false
Unique ID: 2d9308bc21c8b613c183c7d0b690c37d,
Execution Time for Trace ID 2d9308bc21c8b613c183c7d0b690c37d: 290 ms
Input: 5000000,
Cold Start: false
Unique ID: e41dec4201f02815639cf7df38333a01,
Execution Time for Trace ID e41dec4201f02815639cf7df38333a01: 392 ms
Input: 5000000,
Cold Start: false
Unique ID: e46f3a4053d789a0ca95c7422f29006d,
Execution Time for Trace ID e46f3a4053d789a0ca95c7422f29006d: 330 ms
Input: 5000000,
Cold Start: false
Unique ID: 3b4ec7746260cd902cff6283399629bf,
Execution Time for Trace ID 3b4ec7746260cd902cff6283399629bf: 330 ms
Input: 5000000,
Cold Start: false
Unique ID: 2c6a58b19d1f60d120c0f9cc7d7e8561,
Execution Time for Trace ID 2c6a58b19d1f60d120c0f9cc7d7e8561: 339 ms
Input: 5000000,
Cold Start: false
Unique ID: 09f4dac495004d2ad85c58d4325e349d,
Execution Time for Trace ID 09f4dac495004d2ad85c58d4325e349d: 298 ms
Input: 5000000,
Cold Start: false
Unique ID: c6c00eef01f17b5e8f153bddec5b06d4,
Execution Time for Trace ID c6c00eef01f17b5e8f153bddec5b06d4: 334 ms
Input: 5000000,
Cold Start: false
Unique ID: 46ed073e0cd6612751af7dedf25a7b0d,
Execution Time for Trace ID 46ed073e0cd6612751af7dedf25a7b0d: 342 ms
Input: 5000000,
Cold Start: false
Unique ID: 1aa38670dd04ac7c7d3ecd1353b8ce41,
Execution Time for Trace ID 1aa38670dd04ac7c7d3ecd1353b8ce41: 391 ms
Input: 5000000,
Cold Start: false
Unique ID: 38747e327473b35d40ead10f603deed6,
Execution Time for Trace ID 38747e327473b35d40ead10f603deed6: 339 ms
Input: 5000000,
Cold Start: false
Unique ID: 26148ce6453b9019526670e84926a9cc,
Execution Time for Trace ID 26148ce6453b9019526670e84926a9cc: 333 ms
Input: 5000000,
Cold Start: false
Unique ID: f01151a2f3f85181a32c7cbc8ec64f40,
Execution Time for Trace ID f01151a2f3f85181a32c7cbc8ec64f40: 335 ms
Input: 5000000,
Cold Start: false
Unique ID: 71d96e5dff979de33a131e61c12f0b15,
Execution Time for Trace ID 71d96e5dff979de33a131e61c12f0b15: 328 ms
Input: 5000000,
Cold Start: false
Unique ID: b6160441951509e2c8b5f213ed32bbd0,
Execution Time for Trace ID b6160441951509e2c8b5f213ed32bbd0: 360 ms
Input: 5000000,
Cold Start: false
Unique ID: 663c79b675bb2f3b9f0680b781e562aa,
Execution Time for Trace ID 663c79b675bb2f3b9f0680b781e562aa: 338 ms
Input: 5000000,
Cold Start: false
Unique ID: 2cfc5ba1ef665e9274c4784e2be20dba,
Execution Time for Trace ID 2cfc5ba1ef665e9274c4784e2be20dba: 318 ms
Input: 5000000,
Cold Start: false
Unique ID: 0b49c4c650785ceeeca11f9199a9658b,
Execution Time for Trace ID 0b49c4c650785ceeeca11f9199a9658b: 338 ms
Input: 5000000,
Cold Start: false
Unique ID: 85a902d25c3b6c5903395b1a52eee37b,
Execution Time for Trace ID 85a902d25c3b6c5903395b1a52eee37b: 379 ms
Input: 5000000,
Cold Start: false
Unique ID: 1a47f45c12d0e599ba84dd5e4267cec9,
Execution Time for Trace ID 1a47f45c12d0e599ba84dd5e4267cec9: 339 ms
Input: 5000000,
Cold Start: false
Unique ID: 1d7e001fafe63c46d46fd2c3acbc803d,
Execution Time for Trace ID 1d7e001fafe63c46d46fd2c3acbc803d: 382 ms
Input: 5000000,
Cold Start: false
Unique ID: 0c892a99497f4dbc5346eb84f43fb194,
Execution Time for Trace ID 0c892a99497f4dbc5346eb84f43fb194: 336 ms
Input: 5000000,
Cold Start: false
Unique ID: 82792b582bb2a7b05079082c0904850b,
Execution Time for Trace ID 82792b582bb2a7b05079082c0904850b: 383 ms
Input: 5000000,
Cold Start: false
Unique ID: fc4949a0d22ff9f34145aa2ebd381f22,
Execution Time for Trace ID fc4949a0d22ff9f34145aa2ebd381f22: 336 ms
Input: 5000000,
Cold Start: false
Unique ID: 5c826605c8b282a93735f8ef362151bd,
Execution Time for Trace ID 5c826605c8b282a93735f8ef362151bd: 330 ms
Input: 5000000,
Cold Start: false
Unique ID: 46f45189a6122aeb54c5fb7a891f72a8,
Execution Time for Trace ID 46f45189a6122aeb54c5fb7a891f72a8: 400 ms
Input: 5000000,
Cold Start: false
Unique ID: 7302535af45d9052584ffa38c62fd48c,
Execution Time for Trace ID 7302535af45d9052584ffa38c62fd48c: 363 ms
Input: 5000000,
Cold Start: false
Unique ID: 6d0124055987f9f311852e318ebfc17a,
Execution Time for Trace ID 6d0124055987f9f311852e318ebfc17a: 280 ms
Input: 5000000,
Cold Start: false
Unique ID: d5d467a792b71c118e8b6ccd8928d30f,
Execution Time for Trace ID d5d467a792b71c118e8b6ccd8928d30f: 319 ms
Input: 5000000,
Cold Start: false
Unique ID: 0746acd37efc8af86b1f2493ab8a410c,
Execution Time for Trace ID 0746acd37efc8af86b1f2493ab8a410c: 432 ms
Input: 5000000,
Cold Start: false
Unique ID: dcf3002b0b1789c19a742e7165393369,
Execution Time for Trace ID dcf3002b0b1789c19a742e7165393369: 388 ms
Input: 5000000,
Cold Start: false
Unique ID: 9af406939e042ce7a86b6e2637a3384d,
Execution Time for Trace ID 9af406939e042ce7a86b6e2637a3384d: 340 ms
Input: 5000000,
Cold Start: false
Unique ID: 2e4928801f4488bc88120eacb281e5cf,
Execution Time for Trace ID 2e4928801f4488bc88120eacb281e5cf: 332 ms
Input: 5000000,
Cold Start: false
Unique ID: f0a7c86215de8c79a1b845727833ea07,
Execution Time for Trace ID f0a7c86215de8c79a1b845727833ea07: 339 ms
Input: 5000000,
Cold Start: false
Unique ID: 64a10544f4348b70f00fbc78e93650ce,
Execution Time for Trace ID 64a10544f4348b70f00fbc78e93650ce: 346 ms
Input: 5000000,
Cold Start: false
Unique ID: 386d175eb49782bf932e2c1fe793e37e,
Execution Time for Trace ID 386d175eb49782bf932e2c1fe793e37e: 333 ms
Input: 5000000,
Cold Start: false
Unique ID: 4d70e292903b0cf3d17c86e850ca10f5,
Execution Time for Trace ID 4d70e292903b0cf3d17c86e850ca10f5: 335 ms
Input: 5000000,
Cold Start: false
Unique ID: 4d2a1a71d489845dd095d54f4ce79550,
Execution Time for Trace ID 4d2a1a71d489845dd095d54f4ce79550: 291 ms
Input: 5000000,
Cold Start: false
Unique ID: a7cd02d7c37d74995cfb0eef54e1f005,
Execution Time for Trace ID a7cd02d7c37d74995cfb0eef54e1f005: 398 ms
Input: 5000000,
Cold Start: false
Unique ID: 01426690f061f945172b694a2c6346b5,
Execution Time for Trace ID 01426690f061f945172b694a2c6346b5: 335 ms
Input: 5000000,
Cold Start: false
Unique ID: d248eb794d6dddcba27d8dcca0811478,
Execution Time for Trace ID d248eb794d6dddcba27d8dcca0811478: 394 ms
Input: 5000000,
Cold Start: false
Unique ID: d76a4eeb2b47cde5c88b51ae0eacb874,
Execution Time for Trace ID d76a4eeb2b47cde5c88b51ae0eacb874: 387 ms
Input: 5000000,
Cold Start: false
Unique ID: bfdcc0455dfbe09d9fd7c28b925c735a,
Execution Time for Trace ID bfdcc0455dfbe09d9fd7c28b925c735a: 356 ms
Input: 5000000,
Cold Start: false
Unique ID: 87ab234d2522bc0b7aed7a8bb4bb3cf9,
Execution Time for Trace ID 87ab234d2522bc0b7aed7a8bb4bb3cf9: 339 ms
Input: 5000000,
Cold Start: false
Unique ID: 6d387d80f0c950f19e889efd415d81a7,
Execution Time for Trace ID 6d387d80f0c950f19e889efd415d81a7: 309 ms
Input: 5000000,
Cold Start: false
Unique ID: 9ae0e3501d84cc388e8e069f7001b3a8,
Execution Time for Trace ID 9ae0e3501d84cc388e8e069f7001b3a8: 344 ms
Input: 5000000,
Cold Start: false
Unique ID: 8d2d381799be9d716761a2c10845e002,
Execution Time for Trace ID 8d2d381799be9d716761a2c10845e002: 360 ms
Input: 5000000,
Cold Start: false
Unique ID: 205db1b87e5bd97ad1e84cfacbfb2c7c,
Execution Time for Trace ID 205db1b87e5bd97ad1e84cfacbfb2c7c: 334 ms
Input: 5000000,
Cold Start: false
Unique ID: 1310a562b1f88cc868c39d938e8e9205,
Execution Time for Trace ID 1310a562b1f88cc868c39d938e8e9205: 333 ms
Input: 5000000,
Cold Start: false
Unique ID: 25be0e44e50e1f21f81060d5c9d9a2a8,
Execution Time for Trace ID 25be0e44e50e1f21f81060d5c9d9a2a8: 339 ms
Input: 5000000,
Cold Start: false
Unique ID: f4af35f84a24a4c2a2030e6f132a1bae,
Execution Time for Trace ID f4af35f84a24a4c2a2030e6f132a1bae: 343 ms
Input: 5000000,
Cold Start: false
Unique ID: de1a5947718293b07303466ae8421f6c,
Execution Time for Trace ID de1a5947718293b07303466ae8421f6c: 330 ms
Input: 5000000,
Cold Start: false
Unique ID: 4d03cfb3590d54fbbc214c4c86047686,
Execution Time for Trace ID 4d03cfb3590d54fbbc214c4c86047686: 379 ms
Input: 5000000,
Cold Start: false
Unique ID: 21f61b27e624f86b66c037bece24bdf1,
Execution Time for Trace ID 21f61b27e624f86b66c037bece24bdf1: 343 ms
Input: 5000000,
Cold Start: false
Unique ID: 0a0ddae6275d32ddff0416e396e8e624,
Execution Time for Trace ID 0a0ddae6275d32ddff0416e396e8e624: 365 ms
Input: 5000000,
Cold Start: false
Unique ID: 93f45c7ce9fba0d7451cacc37293f228,
Execution Time for Trace ID 93f45c7ce9fba0d7451cacc37293f228: 340 ms
Input: 5000000,
Cold Start: false
Unique ID: 9ca50b3f04ced03cb2bb7f2aa7e4c9b0,
Execution Time for Trace ID 9ca50b3f04ced03cb2bb7f2aa7e4c9b0: 339 ms
Input: 5000000,
Cold Start: false
Unique ID: 0f8d94ff9ac1011f3452923073745939,
Execution Time for Trace ID 0f8d94ff9ac1011f3452923073745939: 390 ms
Input: 5000000,
Cold Start: false
Unique ID: ea60e9ba3ac97dfcdbfb45390c6d36a0,
Execution Time for Trace ID ea60e9ba3ac97dfcdbfb45390c6d36a0: 372 ms
Input: 5000000,
Cold Start: false
Unique ID: a92fdf9f8089ee5ba8d1d1f226e40641,
Execution Time for Trace ID a92fdf9f8089ee5ba8d1d1f226e40641: 346 ms
Input: 5000000,
Cold Start: false
Unique ID: 5321660e0275246e5d4f1c2c3873881e,
Execution Time for Trace ID 5321660e0275246e5d4f1c2c3873881e: 393 ms
Input: 5000000,
Cold Start: false
Unique ID: bd712db334bfd098a7f43d106596bcd4,
Execution Time for Trace ID bd712db334bfd098a7f43d106596bcd4: 398 ms
Input: 5000000,
Cold Start: false
Unique ID: 8967e3cb3b70bf7d005d5eb7a8752bca,
Execution Time for Trace ID 8967e3cb3b70bf7d005d5eb7a8752bca: 374 ms
Input: 5000000,
Cold Start: false
Unique ID: 13d66743e70160217277b00da27c05e3,
Execution Time for Trace ID 13d66743e70160217277b00da27c05e3: 341 ms
Input: 5000000,
Cold Start: false
Unique ID: 39721288c326926450196f6530da547c,
Execution Time for Trace ID 39721288c326926450196f6530da547c: 385 ms
Input: 5000000,
Cold Start: false
Unique ID: f5f78e6c99acbd1fbfaa4d67e2592fb6,
Execution Time for Trace ID f5f78e6c99acbd1fbfaa4d67e2592fb6: 358 ms
Input: 5000000,
Cold Start: false
Unique ID: 2c49c250ce567763595c684bd4115d3d,
Execution Time for Trace ID 2c49c250ce567763595c684bd4115d3d: 401 ms
Input: 5000000,
Cold Start: false
Unique ID: 7f3db9794c5fcfd3c6d45856625b6e84,
Execution Time for Trace ID 7f3db9794c5fcfd3c6d45856625b6e84: 336 ms
Input: 5000000,
Cold Start: false
Unique ID: 29e61c6248d607cd52386c1fff276e94,
Execution Time for Trace ID 29e61c6248d607cd52386c1fff276e94: 391 ms
Input: 5000000,
Cold Start: false
Unique ID: 55c6413b449c87474cafa8a5c2bb4b05,
Execution Time for Trace ID 55c6413b449c87474cafa8a5c2bb4b05: 334 ms
Input: 5000000,
Cold Start: false
Unique ID: 02a7a2f2606fff58c98963519e7c7ade,
Execution Time for Trace ID 02a7a2f2606fff58c98963519e7c7ade: 353 ms
Input: 5000000,
Cold Start: false
Unique ID: 05c14a553bd7c3b1f5aba52fdb69713a,
Execution Time for Trace ID 05c14a553bd7c3b1f5aba52fdb69713a: 359 ms
Input: 5000000,
Cold Start: false
Unique ID: 8f938d22ea211b952db87f4e49c55d62,
Execution Time for Trace ID 8f938d22ea211b952db87f4e49c55d62: 349 ms
Input: 5000000,
Cold Start: false
Unique ID: e46f379fe29fd04fd244f8abee9a3071,
Execution Time for Trace ID e46f379fe29fd04fd244f8abee9a3071: 348 ms
Input: 5000000,
Cold Start: false
Unique ID: 74ac2f5f0a4e42b85a48a42326e243a8,
Execution Time for Trace ID 74ac2f5f0a4e42b85a48a42326e243a8: 391 ms
Input: 5000000,
Cold Start: false
Unique ID: 4757adca17aa7ddb73f18e62a6e2b00c,
Execution Time for Trace ID 4757adca17aa7ddb73f18e62a6e2b00c: 359 ms
Input: 5000000,
Cold Start: false
Unique ID: b7f8bb3f3ef3979eacf77f95d781a260,
Execution Time for Trace ID b7f8bb3f3ef3979eacf77f95d781a260: 390 ms
Input: 5000000,
Cold Start: false
Unique ID: 7496d3f5865bc4db93237f0dce1ecbb7,
Execution Time for Trace ID 7496d3f5865bc4db93237f0dce1ecbb7: 337 ms
Input: 5000000,
Cold Start: false
Unique ID: 8c7e2c58c4ee29af9443c5ba9663b08b,
Execution Time for Trace ID 8c7e2c58c4ee29af9443c5ba9663b08b: 400 ms
Input: 5000000,
Cold Start: false
Unique ID: 20285f3bc8eb9b0589d733557a8d8802,
Execution Time for Trace ID 20285f3bc8eb9b0589d733557a8d8802: 364 ms
Input: 5000000,
Cold Start: false
Unique ID: 25af056cbdb03a338f5904d24453ffd6,
Execution Time for Trace ID 25af056cbdb03a338f5904d24453ffd6: 335 ms
Input: 5000000,
Cold Start: false
Unique ID: dd820c062b1388c1acddca250dfc7926,
Execution Time for Trace ID dd820c062b1388c1acddca250dfc7926: 345 ms
Input: 5000000,
Cold Start: false
Unique ID: d79b63aae6ea0881ad5e64a21830093c,
Execution Time for Trace ID d79b63aae6ea0881ad5e64a21830093c: 372 ms
Input: 5000000,
Cold Start: false
Unique ID: c81c1d8ab29ed27760236e3a18d0e86d,
Execution Time for Trace ID c81c1d8ab29ed27760236e3a18d0e86d: 335 ms
Input: 5000000,
Cold Start: false
Unique ID: f1826473198d932a9ab0a5140a2ef995,
Execution Time for Trace ID f1826473198d932a9ab0a5140a2ef995: 383 ms
Input: 5000000,
Cold Start: false
Unique ID: 649d161c76df88b38aa71bc4ca7cb0a5,
Execution Time for Trace ID 649d161c76df88b38aa71bc4ca7cb0a5: 338 ms
Input: 5000000,
Cold Start: false
Unique ID: 1970c879b8609daadc0b045fe3655d70,
Execution Time for Trace ID 1970c879b8609daadc0b045fe3655d70: 340 ms
Input: 5000000,
Cold Start: false
Unique ID: f988ba06b352a911eaff994403ec2b8c,
Execution Time for Trace ID f988ba06b352a911eaff994403ec2b8c: 329 ms
Input: 5000000,
Cold Start: false
Unique ID: 486c834ed5d9df53a7bfc006d653eb21,
Execution Time for Trace ID 486c834ed5d9df53a7bfc006d653eb21: 400 ms
Input: 5000000,
Cold Start: false
Unique ID: c696646d4c9c43a95ec54c32e338d69d,
Execution Time for Trace ID c696646d4c9c43a95ec54c32e338d69d: 340 ms
Input: 5000000,
Cold Start: false
Unique ID: 26e46d80edb2d6f6b3edef31a2b526b1,
Execution Time for Trace ID 26e46d80edb2d6f6b3edef31a2b526b1: 309 ms
Input: 5000000,
Cold Start: false
Unique ID: 7759a0db79bdad095a1047ea4d43812c,
Execution Time for Trace ID 7759a0db79bdad095a1047ea4d43812c: 353 ms
Input: 5000000,
Cold Start: false
Unique ID: f226a68c1bc3a193abc473ef388a2195,
Execution Time for Trace ID f226a68c1bc3a193abc473ef388a2195: 335 ms
Input: 5000000,
Cold Start: false
Unique ID: 2f68ce7a312de6c017f8b3063ac12364,
Execution Time for Trace ID 2f68ce7a312de6c017f8b3063ac12364: 336 ms
Input: 5000000,
Cold Start: false
Unique ID: 2e7674be1e5a8b6dfb04983532505840,
Execution Time for Trace ID 2e7674be1e5a8b6dfb04983532505840: 338 ms
Input: 5000000,
Cold Start: false
Unique ID: f4f08ed5337940b432c06346eec3ebdf,
Execution Time for Trace ID f4f08ed5337940b432c06346eec3ebdf: 388 ms
Input: 5000000,
Cold Start: false
Unique ID: d19fa5c1a704517f3efb00f829e957a0,
Execution Time for Trace ID d19fa5c1a704517f3efb00f829e957a0: 337 ms
Input: 5000000,
Cold Start: false
Unique ID: 99796def0e2a2480fd8deaad410e98ee,
Execution Time for Trace ID 99796def0e2a2480fd8deaad410e98ee: 350 ms
Input: 5000000,
Cold Start: false
Unique ID: b81231255587723e93c7cd0419491c51,
Execution Time for Trace ID b81231255587723e93c7cd0419491c51: 419 ms
Input: 5000000,
Cold Start: false
Unique ID: dfaac9926415d3b392f17bfea55380da,
Execution Time for Trace ID dfaac9926415d3b392f17bfea55380da: 334 ms
Input: 5000000,
Cold Start: false
Unique ID: 1044596c2c1a13a5d32e30258f06d7a6,
Execution Time for Trace ID 1044596c2c1a13a5d32e30258f06d7a6: 344 ms
Input: 5000000,
Cold Start: false
Unique ID: c9038a3482d08590cb8b4085b48a8808,
Execution Time for Trace ID c9038a3482d08590cb8b4085b48a8808: 352 ms
Input: 5000000,
Cold Start: false
Unique ID: fe9bb4e412865c929b31cd12063a3a13,
Execution Time for Trace ID fe9bb4e412865c929b31cd12063a3a13: 412 ms
Input: 5000000,
Cold Start: false
Unique ID: eeee50025f49eaeb19e2ef2d0316159e,
Execution Time for Trace ID eeee50025f49eaeb19e2ef2d0316159e: 363 ms
Input: 5000000,
Cold Start: false
Unique ID: 6b17b3882849e7beb3edd84c8e694d77,
Execution Time for Trace ID 6b17b3882849e7beb3edd84c8e694d77: 324 ms
Input: 5000000,
Cold Start: false
Unique ID: d5acded6895bc794d29826c9359c0305,
Execution Time for Trace ID d5acded6895bc794d29826c9359c0305: 345 ms
Input: 5000000,
Cold Start: false
Unique ID: 5b806c9e14c40867b92c86cf2ab25360,
Execution Time for Trace ID 5b806c9e14c40867b92c86cf2ab25360: 376 ms
Input: 5000000,
Cold Start: false
Unique ID: 041361e74ff9b6b9971f0a261c3bf629,
Execution Time for Trace ID 041361e74ff9b6b9971f0a261c3bf629: 295 ms
Input: 5000000,
Cold Start: false
Unique ID: 7711396c7080f46d1ef66f82eba42c69,
Execution Time for Trace ID 7711396c7080f46d1ef66f82eba42c69: 339 ms
Input: 5000000,
Cold Start: false
Unique ID: f1fe0fcd6e37b0e037f93ef63e8985df,
Execution Time for Trace ID f1fe0fcd6e37b0e037f93ef63e8985df: 336 ms
Input: 5000000,
Cold Start: false
Unique ID: 134b49f3e62f91017c2faabf88b7f94f,
Execution Time for Trace ID 134b49f3e62f91017c2faabf88b7f94f: 327 ms
Input: 5000000,
Cold Start: false
Unique ID: a60c1b8bd52805a6339799370ef271a9,
Execution Time for Trace ID a60c1b8bd52805a6339799370ef271a9: 281 ms
Input: 5000000,
Cold Start: false
Unique ID: 04d792dc556e7f751e1a3708b229ce3b,
Execution Time for Trace ID 04d792dc556e7f751e1a3708b229ce3b: 411 ms
Input: 5000000,
Cold Start: false
Unique ID: 734f71df3bf51b3dfcea7d53d7976ee0,
Execution Time for Trace ID 734f71df3bf51b3dfcea7d53d7976ee0: 418 ms
Input: 5000000,
Cold Start: false
Unique ID: 079788dc3e01f8158621db392ccc17e3,
Execution Time for Trace ID 079788dc3e01f8158621db392ccc17e3: 379 ms
Input: 5000000,
Cold Start: false
Unique ID: cac067f56f7883b9e993444a9a2c42e8,
Execution Time for Trace ID cac067f56f7883b9e993444a9a2c42e8: 302 ms
Input: 5000000,
Cold Start: false
Unique ID: ad0de039a495ef8325489d460734e713,
Execution Time for Trace ID ad0de039a495ef8325489d460734e713: 336 ms
Input: 5000000,
Cold Start: false
Unique ID: 8446df094137795c7d23778954458e44,
Execution Time for Trace ID 8446df094137795c7d23778954458e44: 341 ms
Input: 5000000,
Cold Start: false
Unique ID: ecba1fe81eff15d27c662fc3c06009f3,
Execution Time for Trace ID ecba1fe81eff15d27c662fc3c06009f3: 314 ms
Input: 5000000,
Cold Start: false
Unique ID: 01363d26944622c6402d5c6ac2acb6a2,
Execution Time for Trace ID 01363d26944622c6402d5c6ac2acb6a2: 340 ms
Input: 5000000,
Cold Start: false
Unique ID: a68908a8129716bcf528d15ff7595e55,
Execution Time for Trace ID a68908a8129716bcf528d15ff7595e55: 299 ms
Input: 5000000,
Cold Start: false
Unique ID: 542c8d4c283750676b2a3f377ef4b6b8,
Execution Time for Trace ID 542c8d4c283750676b2a3f377ef4b6b8: 335 ms
Input: 5000000,
Cold Start: false
Unique ID: 361ac7e004c6a7bfc2700fc12714150f,
Execution Time for Trace ID 361ac7e004c6a7bfc2700fc12714150f: 330 ms
Input: 5000000,
Cold Start: false
Unique ID: 21a4dddac4593271ae5497cc71e7d325,
Execution Time for Trace ID 21a4dddac4593271ae5497cc71e7d325: 387 ms
Input: 5000000,
Cold Start: false
Unique ID: 38a9513ff053f2663788e315ea178574,
Execution Time for Trace ID 38a9513ff053f2663788e315ea178574: 286 ms
Input: 5000000,
Cold Start: false
Unique ID: 0275b471988a49a0db58f5f8df58cb1e,
Execution Time for Trace ID 0275b471988a49a0db58f5f8df58cb1e: 353 ms
Input: 5000000,
Cold Start: false
Unique ID: 0dbd3de767364ea73fc4bbf51e5c7f11,
Execution Time for Trace ID 0dbd3de767364ea73fc4bbf51e5c7f11: 416 ms
Input: 5000000,
Cold Start: false
Unique ID: 911b8af60b75818c0add497811ba2404,
Execution Time for Trace ID 911b8af60b75818c0add497811ba2404: 320 ms
Input: 5000000,
Cold Start: false
Unique ID: 6dede75636e6a5e66fba3c1aa393a673,
Execution Time for Trace ID 6dede75636e6a5e66fba3c1aa393a673: 332 ms
Input: 5000000,
Cold Start: false
Unique ID: 7bfa5085c0b93e693bbac1cf7624fc13,
Execution Time for Trace ID 7bfa5085c0b93e693bbac1cf7624fc13: 282 ms
Input: 5000000,
Cold Start: false
Unique ID: c33596fb1fc4efb1bc3554db3eb914b5,
Execution Time for Trace ID c33596fb1fc4efb1bc3554db3eb914b5: 399 ms
Input: 5000000,
Cold Start: false
Unique ID: 040874601082a363aa137bd89188a38c,
Execution Time for Trace ID 040874601082a363aa137bd89188a38c: 324 ms
Input: 5000000,
Cold Start: false
Unique ID: c56e036fa4f605bdd1f94254bd1a9fa4,
Execution Time for Trace ID c56e036fa4f605bdd1f94254bd1a9fa4: 334 ms
Input: 5000000,
Cold Start: false
Unique ID: a7b44c99431383eb55377660ba80eed5,
Execution Time for Trace ID a7b44c99431383eb55377660ba80eed5: 354 ms
Input: 5000000,
Cold Start: false
Unique ID: 4fb4d8ea9c3ed85936545d5e225f0170,
Execution Time for Trace ID 4fb4d8ea9c3ed85936545d5e225f0170: 390 ms
Input: 5000000,
Cold Start: false
Unique ID: afb20f25394695e9d6f3c7d89a3c0142,
Execution Time for Trace ID afb20f25394695e9d6f3c7d89a3c0142: 325 ms
Input: 5000000,
Cold Start: false
Unique ID: e7e0b72b1988718fabd94230c214dfc0,
Execution Time for Trace ID e7e0b72b1988718fabd94230c214dfc0: 340 ms
Input: 5000000,
Cold Start: false
Unique ID: 395d18ce8c2e2f6f936ef184e782533d,
Execution Time for Trace ID 395d18ce8c2e2f6f936ef184e782533d: 289 ms
Input: 5000000,
Cold Start: false
Unique ID: e2e7b164a81e94470b2f02cd81851d92,
Execution Time for Trace ID e2e7b164a81e94470b2f02cd81851d92: 380 ms
Input: 5000000,
Cold Start: false
Unique ID: 3623e5e9eafeeace340071ad294c3f54,
Execution Time for Trace ID 3623e5e9eafeeace340071ad294c3f54: 323 ms
Input: 5000000,
Cold Start: false
Unique ID: 51c02505f50fe8340729b9079a8cfd8a,
Execution Time for Trace ID 51c02505f50fe8340729b9079a8cfd8a: 337 ms
Input: 5000000,
Cold Start: false
Unique ID: a537ff0720454f46f1eb200f38d16dec,
Execution Time for Trace ID a537ff0720454f46f1eb200f38d16dec: 339 ms
Input: 5000000,
Cold Start: false
Unique ID: b98561115893218e171c831698d2952b,
Execution Time for Trace ID b98561115893218e171c831698d2952b: 400 ms
Input: 5000000,
Cold Start: false
Unique ID: 6722e0e690d6b3f25fc4a36fc61128c6,
Execution Time for Trace ID 6722e0e690d6b3f25fc4a36fc61128c6: 300 ms
Input: 5000000,
Cold Start: false
Unique ID: 1498e84e4e4684022dca7e28df60610e,
Execution Time for Trace ID 1498e84e4e4684022dca7e28df60610e: 345 ms
Input: 5000000,
Cold Start: false
Unique ID: 1850b2f3ddf8c7e7b8dc048c96443e13,
Execution Time for Trace ID 1850b2f3ddf8c7e7b8dc048c96443e13: 354 ms
Input: 5000000,
Cold Start: false
Unique ID: 5873f7e306d9c06fa9b65bb5735d84fd,
Execution Time for Trace ID 5873f7e306d9c06fa9b65bb5735d84fd: 406 ms
Input: 5000000,
Cold Start: false
Unique ID: efa6ddb2c2ddaa8d95d1076a4959602b,
Execution Time for Trace ID efa6ddb2c2ddaa8d95d1076a4959602b: 300 ms
Input: 5000000,
Cold Start: false
Unique ID: 3696c7f67490c590a78551a2cdb0b452,
Execution Time for Trace ID 3696c7f67490c590a78551a2cdb0b452: 340 ms
Input: 5000000,
Cold Start: false
Unique ID: ad4f8a61587854ec8c7bf2409b1b4326,
Execution Time for Trace ID ad4f8a61587854ec8c7bf2409b1b4326: 334 ms
Input: 5000000,
Cold Start: false
Unique ID: 7002ebf5bcb1eb811f8caa3a3fe80403,
Execution Time for Trace ID 7002ebf5bcb1eb811f8caa3a3fe80403: 357 ms
Input: 5000000,
Cold Start: false
Unique ID: 15824dc3cae1967f29cda12339dae2ad,
Execution Time for Trace ID 15824dc3cae1967f29cda12339dae2ad: 368 ms
Input: 5000000,
Cold Start: false
Unique ID: d8494533626f2e9dfdb099ceabc26abd,
Execution Time for Trace ID d8494533626f2e9dfdb099ceabc26abd: 337 ms
Input: 5000000,
Cold Start: false
Unique ID: 37b8eb92cc900d3d1028c137d71c9f3f,
Execution Time for Trace ID 37b8eb92cc900d3d1028c137d71c9f3f: 290 ms
Input: 5000000,
Cold Start: false
Unique ID: b001a9eb043a5eacc94a9f8570c093dc,
Execution Time for Trace ID b001a9eb043a5eacc94a9f8570c093dc: 378 ms
Input: 5000000,
Cold Start: false
Unique ID: aa77f443acde86cec000d80c2b1dc688,
Execution Time for Trace ID aa77f443acde86cec000d80c2b1dc688: 302 ms
Input: 5000000,
Cold Start: false
Unique ID: ca118624da640fc8281a8a4bab63b15d,
Execution Time for Trace ID ca118624da640fc8281a8a4bab63b15d: 338 ms
Input: 5000000,
Cold Start: false
Unique ID: e6a352669e798f518f873a26844fed65,
Execution Time for Trace ID e6a352669e798f518f873a26844fed65: 331 ms
Input: 5000000,
Cold Start: false
Unique ID: 68d4c32a8c557d0213c70f0ec4a419ec,
Execution Time for Trace ID 68d4c32a8c557d0213c70f0ec4a419ec: 325 ms
Input: 5000000,
Cold Start: false
Unique ID: 6088e731f6bc43fb9ab7c46175f3e989,
Execution Time for Trace ID 6088e731f6bc43fb9ab7c46175f3e989: 383 ms
Input: 5000000,
Cold Start: false
Unique ID: 4d41762ca3d818a2db8ce7e1595891e9,
Execution Time for Trace ID 4d41762ca3d818a2db8ce7e1595891e9: 340 ms
Input: 5000000,
Cold Start: false
Unique ID: da236e8f08469ea68fbc7c0a9bddd288,
Execution Time for Trace ID da236e8f08469ea68fbc7c0a9bddd288: 341 ms
Input: 5000000,
Cold Start: false
Unique ID: 2ad9ddc3ca32291cf5484f82ddeccdda,
Execution Time for Trace ID 2ad9ddc3ca32291cf5484f82ddeccdda: 324 ms
Input: 5000000,
Cold Start: false
Unique ID: dfaa0c36b051434e70c53b4f5e53db0d,
Execution Time for Trace ID dfaa0c36b051434e70c53b4f5e53db0d: 332 ms
Input: 5000000,
Cold Start: false
Unique ID: c235d1a3d6e50379572a2c827592b01f,
Execution Time for Trace ID c235d1a3d6e50379572a2c827592b01f: 292 ms
Input: 5000000,
Cold Start: false
Unique ID: cce9796449a91713392d716ccb092cb6,
Execution Time for Trace ID cce9796449a91713392d716ccb092cb6: 402 ms
Input: 5000000,
Cold Start: false
Unique ID: f1ba469ddcdf97cddb2dd29ef69ef25d,
Execution Time for Trace ID f1ba469ddcdf97cddb2dd29ef69ef25d: 369 ms
Input: 5000000,
Cold Start: false
Unique ID: f830532b77c4c8af3c48ecbfb74cbf33,
Execution Time for Trace ID f830532b77c4c8af3c48ecbfb74cbf33: 303 ms
Input: 5000000,
Cold Start: false
Unique ID: 311b6617283cc93048e9b65a514b1f80,
Execution Time for Trace ID 311b6617283cc93048e9b65a514b1f80: 277 ms
Input: 5000000,
Cold Start: false
Unique ID: 11c50af0396997c952b1a1f4ba35a968,
Execution Time for Trace ID 11c50af0396997c952b1a1f4ba35a968: 352 ms
Input: 5000000,
Cold Start: false
Unique ID: 04deb14e139b68334f5c1f4b0b80ad74,
Execution Time for Trace ID 04deb14e139b68334f5c1f4b0b80ad74: 339 ms
Input: 5000000,
Cold Start: false
