Unique ID: 7c0a36936e46f924edf889bb28f3cedf,
Execution Time for Trace ID 7c0a36936e46f924edf889bb28f3cedf: 385 ms
Input: 5000000,
Cold Start: false
Unique ID: 05ce6ccc49cbadb16e277c87151b13c7,
Execution Time for Trace ID 05ce6ccc49cbadb16e277c87151b13c7: 437 ms
Input: 5000000,
Cold Start: false
Unique ID: b6da1fe19ca75cf58bdd6659828aa324,
Execution Time for Trace ID b6da1fe19ca75cf58bdd6659828aa324: 572 ms
Input: 5000000,
Cold Start: false
Unique ID: 1860d0f465a6e8c585a01b9a574eed3d,
Execution Time for Trace ID 1860d0f465a6e8c585a01b9a574eed3d: 613 ms
Input: 5000000,
Cold Start: false
Unique ID: 0a1013801f2439c67329c3240a054a87,
Execution Time for Trace ID 0a1013801f2439c67329c3240a054a87: 328 ms
Input: 5000000,
Cold Start: false
Unique ID: 0c426b32944e23837f323a46f785a8d6,
Execution Time for Trace ID 0c426b32944e23837f323a46f785a8d6: 411 ms
Input: 5000000,
Cold Start: false
Unique ID: 78d070be2dbecad051e487f9283e0d3b,
Execution Time for Trace ID 78d070be2dbecad051e487f9283e0d3b: 396 ms
Input: 5000000,
Cold Start: false
Unique ID: ae2ac52ba31aac99c179120bbc41c5b8,
Execution Time for Trace ID ae2ac52ba31aac99c179120bbc41c5b8: 350 ms
Input: 5000000,
Cold Start: false
Unique ID: ff5d069442cc3601daf4613d44fd7f92,
Execution Time for Trace ID ff5d069442cc3601daf4613d44fd7f92: 331 ms
Input: 5000000,
Cold Start: false
Unique ID: 49dd488533d8c0d3f495e9d4e331331b,
Execution Time for Trace ID 49dd488533d8c0d3f495e9d4e331331b: 353 ms
Input: 5000000,
Cold Start: false
Unique ID: d0854eb1323e91d1a11d857922c19f16,
Execution Time for Trace ID d0854eb1323e91d1a11d857922c19f16: 371 ms
Input: 5000000,
Cold Start: false
Unique ID: dd57662621535dd7fe0f2bdb53159739,
Execution Time for Trace ID dd57662621535dd7fe0f2bdb53159739: 368 ms
Input: 5000000,
Cold Start: false
Unique ID: 95c1d57fb671eef38f7b2b28098b13dd,
Execution Time for Trace ID 95c1d57fb671eef38f7b2b28098b13dd: 180 ms
Input: 5000000,
Cold Start: false
Unique ID: 7d7aceeaabeae60c1d51dc3df6dca38e,
Execution Time for Trace ID 7d7aceeaabeae60c1d51dc3df6dca38e: 331 ms
Input: 5000000,
Cold Start: false
Unique ID: 7c53b71227ed0de57eb12ae640af4e22,
Execution Time for Trace ID 7c53b71227ed0de57eb12ae640af4e22: 340 ms
Input: 5000000,
Cold Start: false
Unique ID: 58ec861d9881b038628b3b66edd602d4,
Execution Time for Trace ID 58ec861d9881b038628b3b66edd602d4: 352 ms
Input: 5000000,
Cold Start: false
Unique ID: 32ec967a602e50b1d3edce5c59ba25b0,
Execution Time for Trace ID 32ec967a602e50b1d3edce5c59ba25b0: 335 ms
Input: 5000000,
Cold Start: false
Unique ID: 13439235a21748f85a31fbae453acb82,
Execution Time for Trace ID 13439235a21748f85a31fbae453acb82: 296 ms
Input: 5000000,
Cold Start: false
Unique ID: 6bb821e246987f0d8625441f7361ca6f,
Execution Time for Trace ID 6bb821e246987f0d8625441f7361ca6f: 363 ms
Input: 5000000,
Cold Start: false
Unique ID: d222339117fbb7c0bf2d4f0e6c1b7149,
Execution Time for Trace ID d222339117fbb7c0bf2d4f0e6c1b7149: 348 ms
Input: 5000000,
Cold Start: false
Unique ID: d2121253c1f38e153b0be73373a53343,
Execution Time for Trace ID d2121253c1f38e153b0be73373a53343: 339 ms
Input: 5000000,
Cold Start: false
Unique ID: 575cf307f9d18b053673e4b48042c4de,
Execution Time for Trace ID 575cf307f9d18b053673e4b48042c4de: 293 ms
Input: 5000000,
Cold Start: false
Unique ID: a31696724e302ced9573e412ca179e19,
Execution Time for Trace ID a31696724e302ced9573e412ca179e19: 371 ms
Input: 5000000,
Cold Start: false
Unique ID: 413429a2bf02286f9573e412ca17959a,
Execution Time for Trace ID 413429a2bf02286f9573e412ca17959a: 331 ms
Input: 5000000,
Cold Start: false
Unique ID: 1d18f1425be4f80d5cd9ba02f4b436f5,
Execution Time for Trace ID 1d18f1425be4f80d5cd9ba02f4b436f5: 336 ms
Input: 5000000,
Cold Start: false
Unique ID: 94cbd163a5e9b3820dfe661e558961a6,
Execution Time for Trace ID 94cbd163a5e9b3820dfe661e558961a6: 343 ms
Input: 5000000,
Cold Start: false
Unique ID: 59fcc6e8deb9878cd9907fe8db729bc0,
Execution Time for Trace ID 59fcc6e8deb9878cd9907fe8db729bc0: 386 ms
Input: 5000000,
Cold Start: false
Unique ID: fdc75cd01d96dcd18b37ddda4106b300,
Execution Time for Trace ID fdc75cd01d96dcd18b37ddda4106b300: 362 ms
Input: 5000000,
Cold Start: false
Unique ID: 04a40753e8a51d653da917c7a97433ab,
Execution Time for Trace ID 04a40753e8a51d653da917c7a97433ab: 336 ms
Input: 5000000,
Cold Start: false
Unique ID: c06c525457d7c026ea82e1bab153df2e,
Execution Time for Trace ID c06c525457d7c026ea82e1bab153df2e: 332 ms
Input: 5000000,
Cold Start: false
Unique ID: 300af7d6ade747b70be1e56848d79bb9,
Execution Time for Trace ID 300af7d6ade747b70be1e56848d79bb9: 369 ms
Input: 5000000,
Cold Start: false
Unique ID: 4b2b097b1bc4dea2605dc748e4c239ff,
Execution Time for Trace ID 4b2b097b1bc4dea2605dc748e4c239ff: 412 ms
Input: 5000000,
Cold Start: false
Unique ID: 8ccce1cdce144069deb917bc29e02a67,
Execution Time for Trace ID 8ccce1cdce144069deb917bc29e02a67: 336 ms
Input: 5000000,
Cold Start: false
Unique ID: 8c154c0a1d6931cf9af56493f16b7667,
Execution Time for Trace ID 8c154c0a1d6931cf9af56493f16b7667: 352 ms
Input: 5000000,
Cold Start: false
Unique ID: 310140faa65978602276be9d91981800,
Execution Time for Trace ID 310140faa65978602276be9d91981800: 374 ms
Input: 5000000,
Cold Start: false
Unique ID: b862968c6f2b465db0755246b236c7f1,
Execution Time for Trace ID b862968c6f2b465db0755246b236c7f1: 335 ms
Input: 5000000,
Cold Start: false
Unique ID: d0548ac437ac27df2fce010be2532751,
Execution Time for Trace ID d0548ac437ac27df2fce010be2532751: 338 ms
Input: 5000000,
Cold Start: false
Unique ID: 61ae6d6072b698c73fc298e6444a9f1b,
Execution Time for Trace ID 61ae6d6072b698c73fc298e6444a9f1b: 344 ms
Input: 5000000,
Cold Start: false
Unique ID: 22cb22af5cf1f9b7289c476167357c50,
Execution Time for Trace ID 22cb22af5cf1f9b7289c476167357c50: 338 ms
Input: 5000000,
Cold Start: false
Unique ID: 850f5332779713759f82b225ad98f056,
Execution Time for Trace ID 850f5332779713759f82b225ad98f056: 402 ms
Input: 5000000,
Cold Start: false
Unique ID: 29db44adb7e59b65fd0d1ba9270e1acf,
Execution Time for Trace ID 29db44adb7e59b65fd0d1ba9270e1acf: 339 ms
Input: 5000000,
Cold Start: false
Unique ID: e591c80c24f46c01cc1cf6b039c7ed69,
Execution Time for Trace ID e591c80c24f46c01cc1cf6b039c7ed69: 348 ms
Input: 5000000,
Cold Start: false
Unique ID: 3c032731785a7195f3a84ff816708d83,
Execution Time for Trace ID 3c032731785a7195f3a84ff816708d83: 389 ms
Input: 5000000,
Cold Start: false
Unique ID: b77d072a5e822a078c7e36dc2c29f2fb,
Execution Time for Trace ID b77d072a5e822a078c7e36dc2c29f2fb: 355 ms
Input: 5000000,
Cold Start: false
Unique ID: f4ad028afe91fcecc27ab0099d3ffa5f,
Execution Time for Trace ID f4ad028afe91fcecc27ab0099d3ffa5f: 337 ms
Input: 5000000,
Cold Start: false
Unique ID: 1bef23a53972eac7eb8696b8af145357,
Execution Time for Trace ID 1bef23a53972eac7eb8696b8af145357: 331 ms
Input: 5000000,
Cold Start: false
Unique ID: e090992dbc700dca504dde258888e4fd,
Execution Time for Trace ID e090992dbc700dca504dde258888e4fd: 330 ms
Input: 5000000,
Cold Start: false
Unique ID: ca32f7d0de4c824415fae6758f201822,
Execution Time for Trace ID ca32f7d0de4c824415fae6758f201822: 353 ms
Input: 5000000,
Cold Start: false
Unique ID: 580f7d754b05c48e4ee54d8eb5b1d53a,
Execution Time for Trace ID 580f7d754b05c48e4ee54d8eb5b1d53a: 333 ms
Input: 5000000,
Cold Start: false
Unique ID: be1592198ebde9458355c211e290e507,
Execution Time for Trace ID be1592198ebde9458355c211e290e507: 339 ms
Input: 5000000,
Cold Start: false
Unique ID: 71ff755d61dee4122614102ed2ff01bc,
Execution Time for Trace ID 71ff755d61dee4122614102ed2ff01bc: 405 ms
Input: 5000000,
Cold Start: false
Unique ID: c107524cfd6955eab705337ef2631c88,
Execution Time for Trace ID c107524cfd6955eab705337ef2631c88: 369 ms
Input: 5000000,
Cold Start: false
Unique ID: 456c6055a94a1ff24e65aedb5c71eb1f,
Execution Time for Trace ID 456c6055a94a1ff24e65aedb5c71eb1f: 348 ms
Input: 5000000,
Cold Start: false
Unique ID: 19a03c5328bbb38b91c5fc702d80e958,
Execution Time for Trace ID 19a03c5328bbb38b91c5fc702d80e958: 332 ms
Input: 5000000,
Cold Start: false
Unique ID: 942fc01148003252ba529c6592110a8c,
Execution Time for Trace ID 942fc01148003252ba529c6592110a8c: 372 ms
Input: 5000000,
Cold Start: false
Unique ID: c9f6898dcf7ec1e56b6a1e31cfb754e7,
Execution Time for Trace ID c9f6898dcf7ec1e56b6a1e31cfb754e7: 413 ms
Input: 5000000,
Cold Start: false
Unique ID: 6078293963ff8055156b4523d6f8392b,
Execution Time for Trace ID 6078293963ff8055156b4523d6f8392b: 342 ms
Input: 5000000,
Cold Start: false
Unique ID: 0bde5831b4c2141b8d2854e0e90598a0,
Execution Time for Trace ID 0bde5831b4c2141b8d2854e0e90598a0: 344 ms
Input: 5000000,
Cold Start: false
Unique ID: 0af9a383012cd49c4b31a0770a707442,
Execution Time for Trace ID 0af9a383012cd49c4b31a0770a707442: 371 ms
Input: 5000000,
Cold Start: false
Unique ID: aa466bae96ebfa54ecabb8c422031de9,
Execution Time for Trace ID aa466bae96ebfa54ecabb8c422031de9: 348 ms
Input: 5000000,
Cold Start: false
Unique ID: fbb423af29ab170f635044dd7dce8952,
Execution Time for Trace ID fbb423af29ab170f635044dd7dce8952: 336 ms
Input: 5000000,
Cold Start: false
Unique ID: 79887c8bcc0a3262a9343a0cb7d7e0b3,
Execution Time for Trace ID 79887c8bcc0a3262a9343a0cb7d7e0b3: 290 ms
Input: 5000000,
Cold Start: false
Unique ID: 6693583e21a2e39f476126cccadf40ec,
Execution Time for Trace ID 6693583e21a2e39f476126cccadf40ec: 414 ms
Input: 5000000,
Cold Start: false
Unique ID: 3e72823121dcc127b4793ca8488e5595,
Execution Time for Trace ID 3e72823121dcc127b4793ca8488e5595: 368 ms
Input: 5000000,
Cold Start: false
Unique ID: 3f49b5d281cc7209365e7d2ef4988844,
Execution Time for Trace ID 3f49b5d281cc7209365e7d2ef4988844: 171 ms
Input: 5000000,
Cold Start: false
Unique ID: 7d7b8a7fbdf90e49bbc997b79e6387e7,
Execution Time for Trace ID 7d7b8a7fbdf90e49bbc997b79e6387e7: 343 ms
Input: 5000000,
Cold Start: false
Unique ID: cce91bfc54c0c6b2e46b3e67c4b53089,
Execution Time for Trace ID cce91bfc54c0c6b2e46b3e67c4b53089: 345 ms
Input: 5000000,
Cold Start: false
Unique ID: e99752d388e12c08cff2367332997388,
Execution Time for Trace ID e99752d388e12c08cff2367332997388: 340 ms
Input: 5000000,
Cold Start: false
Unique ID: f2f4b6b73d760a7c5b9d4477b72b6d18,
Execution Time for Trace ID f2f4b6b73d760a7c5b9d4477b72b6d18: 334 ms
Input: 5000000,
Cold Start: false
Unique ID: f6ccd9f00552da8908ccb7112973898a,
Execution Time for Trace ID f6ccd9f00552da8908ccb7112973898a: 329 ms
Input: 5000000,
Cold Start: false
Unique ID: 1674e89ccd90c4522122a4a2f2dc183f,
Execution Time for Trace ID 1674e89ccd90c4522122a4a2f2dc183f: 393 ms
Input: 5000000,
Cold Start: false
Unique ID: 6a109abf5cbf55026b34f85949a07012,
Execution Time for Trace ID 6a109abf5cbf55026b34f85949a07012: 349 ms
Input: 5000000,
Cold Start: false
Unique ID: 10faf95ea9a5004f310eeb908455e5c2,
Execution Time for Trace ID 10faf95ea9a5004f310eeb908455e5c2: 339 ms
Input: 5000000,
Cold Start: false
Unique ID: 00adb3f43b834a1690f21b8ccc7b328b,
Execution Time for Trace ID 00adb3f43b834a1690f21b8ccc7b328b: 293 ms
Input: 5000000,
Cold Start: false
Unique ID: 10b8ee2ac3fe742a1ec4c5185739ecfd,
Execution Time for Trace ID 10b8ee2ac3fe742a1ec4c5185739ecfd: 391 ms
Input: 5000000,
Cold Start: false
Unique ID: 232d5453b2ec4db1773b5009ac33f73e,
Execution Time for Trace ID 232d5453b2ec4db1773b5009ac33f73e: 413 ms
Input: 5000000,
Cold Start: false
Unique ID: 1d4fab53040ceb73f3253a5c39f918b2,
Execution Time for Trace ID 1d4fab53040ceb73f3253a5c39f918b2: 334 ms
Input: 5000000,
Cold Start: false
Unique ID: 6e10001977ee9214292494029741d79b,
Execution Time for Trace ID 6e10001977ee9214292494029741d79b: 352 ms
Input: 5000000,
Cold Start: false
Unique ID: 7fa4d6fa6c3343a16269e0792ccf739e,
Execution Time for Trace ID 7fa4d6fa6c3343a16269e0792ccf739e: 352 ms
Input: 5000000,
Cold Start: false
Unique ID: f578a6b7d7ddb6804d80fd2442418ef2,
Execution Time for Trace ID f578a6b7d7ddb6804d80fd2442418ef2: 411 ms
Input: 5000000,
Cold Start: false
Unique ID: 78a005e71e823638db81648fe2e072f2,
Execution Time for Trace ID 78a005e71e823638db81648fe2e072f2: 332 ms
Input: 5000000,
Cold Start: false
Unique ID: 604e545fd5860b71cf8e14aacdcd3197,
Execution Time for Trace ID 604e545fd5860b71cf8e14aacdcd3197: 294 ms
Input: 5000000,
Cold Start: false
Unique ID: 6b4c114d44605608dfc7ad519094b430,
Execution Time for Trace ID 6b4c114d44605608dfc7ad519094b430: 333 ms
Input: 5000000,
Cold Start: false
Unique ID: 170c1f2196bfae1a0b9159b2612ae148,
Execution Time for Trace ID 170c1f2196bfae1a0b9159b2612ae148: 338 ms
Input: 5000000,
Cold Start: false
Unique ID: 252bc18c5614cac337450a9d351cc97f,
Execution Time for Trace ID 252bc18c5614cac337450a9d351cc97f: 332 ms
Input: 5000000,
Cold Start: false
Unique ID: a9d34a47655572575bd1387d5dc32e46,
Execution Time for Trace ID a9d34a47655572575bd1387d5dc32e46: 286 ms
Input: 5000000,
Cold Start: false
Unique ID: d845dac93ad5799d274e71ca49f0a078,
Execution Time for Trace ID d845dac93ad5799d274e71ca49f0a078: 388 ms
Input: 5000000,
Cold Start: false
Unique ID: 9b9fca2c337b145ee344e4c62a59783c,
Execution Time for Trace ID 9b9fca2c337b145ee344e4c62a59783c: 347 ms
Input: 5000000,
Cold Start: false
Unique ID: d37286a298b8e3a010ba5f882807e930,
Execution Time for Trace ID d37286a298b8e3a010ba5f882807e930: 330 ms
Input: 5000000,
Cold Start: false
Unique ID: d924a8dcf1aa73d7a7bece3f2b3164d4,
Execution Time for Trace ID d924a8dcf1aa73d7a7bece3f2b3164d4: 342 ms
Input: 5000000,
Cold Start: false
Unique ID: cf220ae10415d5800fa00afa10222042,
Execution Time for Trace ID cf220ae10415d5800fa00afa10222042: 383 ms
Input: 5000000,
Cold Start: false
Unique ID: 991c0b4b9169c46a9dc996c1b9651e3b,
Execution Time for Trace ID 991c0b4b9169c46a9dc996c1b9651e3b: 341 ms
Input: 5000000,
Cold Start: false
Unique ID: d721de3b04c746ad73166c5924f1781c,
Execution Time for Trace ID d721de3b04c746ad73166c5924f1781c: 333 ms
Input: 5000000,
Cold Start: false
Unique ID: 0e99e265dc0c5a18b8adf256b93f1d54,
Execution Time for Trace ID 0e99e265dc0c5a18b8adf256b93f1d54: 350 ms
Input: 5000000,
Cold Start: false
Unique ID: 601e3311e10f6970ec22e36242a9d522,
Execution Time for Trace ID 601e3311e10f6970ec22e36242a9d522: 405 ms
Input: 5000000,
Cold Start: false
Unique ID: d331bb8ce8cb46f9073194092194ea91,
Execution Time for Trace ID d331bb8ce8cb46f9073194092194ea91: 338 ms
Input: 5000000,
Cold Start: false
Unique ID: 58acfc2d7189bdca6f6d973d81c03a4b,
Execution Time for Trace ID 58acfc2d7189bdca6f6d973d81c03a4b: 305 ms
Input: 5000000,
Cold Start: false
Unique ID: 92fdd73f4fbb3b2a55ea9806569e7b02,
Execution Time for Trace ID 92fdd73f4fbb3b2a55ea9806569e7b02: 174 ms
Input: 5000000,
Cold Start: false
Unique ID: 872755355f406f2e754e684cd58dffbc,
Execution Time for Trace ID 872755355f406f2e754e684cd58dffbc: 382 ms
Input: 5000000,
Cold Start: false
Unique ID: 37e6c04f7b4797ec5c7c080d38944264,
Execution Time for Trace ID 37e6c04f7b4797ec5c7c080d38944264: 344 ms
Input: 5000000,
Cold Start: false
Unique ID: 7ec08d275d0f945520224a4076fa7af2,
Execution Time for Trace ID 7ec08d275d0f945520224a4076fa7af2: 354 ms
Input: 5000000,
Cold Start: false
Unique ID: 866e33ab46db80285fac6418d6fda112,
Execution Time for Trace ID 866e33ab46db80285fac6418d6fda112: 415 ms
Input: 5000000,
Cold Start: false
Unique ID: 6eb3b572c0c1bb969be8cb933ac02c47,
Execution Time for Trace ID 6eb3b572c0c1bb969be8cb933ac02c47: 353 ms
Input: 5000000,
Cold Start: false
Unique ID: eee7616d7f359a54fd4eda5ba4fa5181,
Execution Time for Trace ID eee7616d7f359a54fd4eda5ba4fa5181: 407 ms
Input: 5000000,
Cold Start: false
Unique ID: 6201be42026d8b9b8ab43592a9821730,
Execution Time for Trace ID 6201be42026d8b9b8ab43592a9821730: 291 ms
Input: 5000000,
Cold Start: false
Unique ID: 2e1a80b041962afbf800e18836a1ff8e,
Execution Time for Trace ID 2e1a80b041962afbf800e18836a1ff8e: 512 ms
Input: 5000000,
Cold Start: false
Unique ID: 432473c4632a5d60876c39fc8c0b41d1,
Execution Time for Trace ID 432473c4632a5d60876c39fc8c0b41d1: 383 ms
Input: 5000000,
Cold Start: false
Unique ID: 27f8a355ad0573ec68988c39431cdb4a,
Execution Time for Trace ID 27f8a355ad0573ec68988c39431cdb4a: 461 ms
Input: 5000000,
Cold Start: false
Unique ID: 1d434652f5289628d11d6beb51bb67ab,
Execution Time for Trace ID 1d434652f5289628d11d6beb51bb67ab: 314 ms
Input: 5000000,
Cold Start: false
Unique ID: 27e49467a75c1a51b1bf8140d09953f5,
Execution Time for Trace ID 27e49467a75c1a51b1bf8140d09953f5: 399 ms
Input: 5000000,
Cold Start: false
Unique ID: 11f936b4f839f74ce2cc6c19e0879cbd,
Execution Time for Trace ID 11f936b4f839f74ce2cc6c19e0879cbd: 336 ms
Input: 5000000,
Cold Start: false
Unique ID: b66cafd1e7e8080dce2896a80cc42c42,
Execution Time for Trace ID b66cafd1e7e8080dce2896a80cc42c42: 391 ms
Input: 5000000,
Cold Start: false
Unique ID: bf02812d0b21d7d2387cc51393c3fc30,
Execution Time for Trace ID bf02812d0b21d7d2387cc51393c3fc30: 308 ms
Input: 5000000,
Cold Start: false
Unique ID: 070322826fc2045e32907e9f2ef05aa8,
Execution Time for Trace ID 070322826fc2045e32907e9f2ef05aa8: 284 ms
Input: 5000000,
Cold Start: false
Unique ID: 1862774c0b7592e6b86c035833e44b6c,
Execution Time for Trace ID 1862774c0b7592e6b86c035833e44b6c: 395 ms
Input: 5000000,
Cold Start: false
Unique ID: 69917af1bba5c4e53678892b08c9dfb0,
Execution Time for Trace ID 69917af1bba5c4e53678892b08c9dfb0: 331 ms
Input: 5000000,
Cold Start: false
Unique ID: 73b0cf63b708b7db0932c7a68a637f7d,
Execution Time for Trace ID 73b0cf63b708b7db0932c7a68a637f7d: 319 ms
Input: 5000000,
Cold Start: false
Unique ID: 744e4d51d81794661c424c5eb45d327d,
Execution Time for Trace ID 744e4d51d81794661c424c5eb45d327d: 400 ms
Input: 5000000,
Cold Start: false
Unique ID: f660e35afdf8206f9e0eebebe8b493d6,
Execution Time for Trace ID f660e35afdf8206f9e0eebebe8b493d6: 357 ms
Input: 5000000,
Cold Start: false
Unique ID: c132ab5a6cff77dded5156599f1c48af,
Execution Time for Trace ID c132ab5a6cff77dded5156599f1c48af: 396 ms
Input: 5000000,
Cold Start: false
Unique ID: 1ec91be1dd7f1ff2551771f47b45f633,
Execution Time for Trace ID 1ec91be1dd7f1ff2551771f47b45f633: 313 ms
Input: 5000000,
Cold Start: false
Unique ID: 0b52982d20078cba01f962d768cb9957,
Execution Time for Trace ID 0b52982d20078cba01f962d768cb9957: 337 ms
Input: 5000000,
Cold Start: false
Unique ID: 47cd967678c0dfe5084629fece607f77,
Execution Time for Trace ID 47cd967678c0dfe5084629fece607f77: 399 ms
Input: 5000000,
Cold Start: false
Unique ID: bf5e84ce21657a41b0bc82eb21deadbd,
Execution Time for Trace ID bf5e84ce21657a41b0bc82eb21deadbd: 402 ms
Input: 5000000,
Cold Start: false
Unique ID: 0efc4bedbea438e2385b30d065bf7f12,
Execution Time for Trace ID 0efc4bedbea438e2385b30d065bf7f12: 313 ms
Input: 5000000,
Cold Start: false
Unique ID: db6f1d412effe4b2fc1d054d11587a91,
Execution Time for Trace ID db6f1d412effe4b2fc1d054d11587a91: 341 ms
Input: 5000000,
Cold Start: false
Unique ID: 44a2fa63c884d1488f9745f8668263c9,
Execution Time for Trace ID 44a2fa63c884d1488f9745f8668263c9: 393 ms
Input: 5000000,
Cold Start: false
Unique ID: 982ced9842db0f4a0940da290768502f,
Execution Time for Trace ID 982ced9842db0f4a0940da290768502f: 411 ms
Input: 5000000,
Cold Start: false
Unique ID: 47ff9b6d730613bb9c754f08cdbad05e,
Execution Time for Trace ID 47ff9b6d730613bb9c754f08cdbad05e: 320 ms
Input: 5000000,
Cold Start: false
Unique ID: 6ba862b2087b2d33b3a518c0f73641c9,
Execution Time for Trace ID 6ba862b2087b2d33b3a518c0f73641c9: 399 ms
Input: 5000000,
Cold Start: false
Unique ID: 06071b80590c0640a05bc33f4fbe3fe2,
Execution Time for Trace ID 06071b80590c0640a05bc33f4fbe3fe2: 364 ms
Input: 5000000,
Cold Start: false
Unique ID: d63aee74ee63f8fcaab5375cc834251e,
Execution Time for Trace ID d63aee74ee63f8fcaab5375cc834251e: 373 ms
Input: 5000000,
Cold Start: false
Unique ID: 25d8115dc6b24d2d37bd517fbc048457,
Execution Time for Trace ID 25d8115dc6b24d2d37bd517fbc048457: 313 ms
Input: 5000000,
Cold Start: false
Unique ID: 397943a1971a28973a9f687ea5dea0bc,
Execution Time for Trace ID 397943a1971a28973a9f687ea5dea0bc: 335 ms
Input: 5000000,
Cold Start: false
Unique ID: 78f07592c86f021ec433c441efb70980,
Execution Time for Trace ID 78f07592c86f021ec433c441efb70980: 354 ms
Input: 5000000,
Cold Start: false
Unique ID: 53f6bb8e80d1d5b806c6c0c6d9291871,
Execution Time for Trace ID 53f6bb8e80d1d5b806c6c0c6d9291871: 404 ms
Input: 5000000,
Cold Start: false
Unique ID: c5159c3e2681c642491b6fc18feb4dc1,
Execution Time for Trace ID c5159c3e2681c642491b6fc18feb4dc1: 318 ms
Input: 5000000,
Cold Start: false
Unique ID: 66811a9b8dc13fad948b0564dc783e1c,
Execution Time for Trace ID 66811a9b8dc13fad948b0564dc783e1c: 402 ms
Input: 5000000,
Cold Start: false
Unique ID: 5fca3e7c3d286236b954e67c14571e00,
Execution Time for Trace ID 5fca3e7c3d286236b954e67c14571e00: 350 ms
Input: 5000000,
Cold Start: false
Unique ID: c73fe8f094e2b0f3da47c6b55ac698b8,
Execution Time for Trace ID c73fe8f094e2b0f3da47c6b55ac698b8: 384 ms
Input: 5000000,
Cold Start: false
Unique ID: defc39257d073eda29121ab525e10ed5,
Execution Time for Trace ID defc39257d073eda29121ab525e10ed5: 376 ms
Input: 5000000,
Cold Start: false
Unique ID: a01b94de313c3eb4a5777c0fc7d5e34d,
Execution Time for Trace ID a01b94de313c3eb4a5777c0fc7d5e34d: 337 ms
Input: 5000000,
Cold Start: false
Unique ID: c000c240811f4bea8353c68ec8e3231a,
Execution Time for Trace ID c000c240811f4bea8353c68ec8e3231a: 419 ms
Input: 5000000,
Cold Start: false
Unique ID: 7f71394299dce8075fc06dbb58713464,
Execution Time for Trace ID 7f71394299dce8075fc06dbb58713464: 423 ms
Input: 5000000,
Cold Start: false
Unique ID: e07e4c77da165a732b1d03f62efcc44f,
Execution Time for Trace ID e07e4c77da165a732b1d03f62efcc44f: 317 ms
Input: 5000000,
Cold Start: false
Unique ID: 4bbc4158d99219b9ce7a8a58d34d379d,
Execution Time for Trace ID 4bbc4158d99219b9ce7a8a58d34d379d: 371 ms
Input: 5000000,
Cold Start: false
Unique ID: d2a5bafd2e252da13fb2b349e4291105,
Execution Time for Trace ID d2a5bafd2e252da13fb2b349e4291105: 343 ms
Input: 5000000,
Cold Start: false
Unique ID: 6fb8d1403f1cb4688c1147a83e3c2092,
Execution Time for Trace ID 6fb8d1403f1cb4688c1147a83e3c2092: 398 ms
Input: 5000000,
Cold Start: false
Unique ID: f16f3bb1a486b5fe067340212a036da7,
Execution Time for Trace ID f16f3bb1a486b5fe067340212a036da7: 313 ms
Input: 5000000,
Cold Start: false
Unique ID: cf737d7e40c9446000ed1e5680591c12,
Execution Time for Trace ID cf737d7e40c9446000ed1e5680591c12: 287 ms
Input: 5000000,
Cold Start: false
Unique ID: bf0452eb72164fa4bb8e9930712895b4,
Execution Time for Trace ID bf0452eb72164fa4bb8e9930712895b4: 340 ms
Input: 5000000,
Cold Start: false
Unique ID: dd273055dc4a3469c95fb9a10ebdaf20,
Execution Time for Trace ID dd273055dc4a3469c95fb9a10ebdaf20: 388 ms
Input: 5000000,
Cold Start: false
Unique ID: 54422cab0c01aa8c1724040f6333fb55,
Execution Time for Trace ID 54422cab0c01aa8c1724040f6333fb55: 314 ms
Input: 5000000,
Cold Start: false
Unique ID: bbc268215cb3738208e79ccffc72e178,
Execution Time for Trace ID bbc268215cb3738208e79ccffc72e178: 347 ms
Input: 5000000,
Cold Start: false
Unique ID: db65b6c8439fc957f6ed30ff566442f6,
Execution Time for Trace ID db65b6c8439fc957f6ed30ff566442f6: 401 ms
Input: 5000000,
Cold Start: false
Unique ID: fc0da1d15f15a084af89d6467d9726e7,
Execution Time for Trace ID fc0da1d15f15a084af89d6467d9726e7: 385 ms
Input: 5000000,
Cold Start: false
Unique ID: ed014c256806e340a486d97850fbca4e,
Execution Time for Trace ID ed014c256806e340a486d97850fbca4e: 376 ms
Input: 5000000,
Cold Start: false
Unique ID: bc43838706fce3b6dbc90affd6a690e5,
Execution Time for Trace ID bc43838706fce3b6dbc90affd6a690e5: 339 ms
Input: 5000000,
Cold Start: false
Unique ID: b8f8790e669a96e3bd9e5e976cad2a1e,
Execution Time for Trace ID b8f8790e669a96e3bd9e5e976cad2a1e: 345 ms
Input: 5000000,
Cold Start: false
Unique ID: e2eb327b1354d9f1b1e5b827513b8633,
Execution Time for Trace ID e2eb327b1354d9f1b1e5b827513b8633: 389 ms
Input: 5000000,
Cold Start: false
Unique ID: d221bcca35bcdf401507a5527a16ead3,
Execution Time for Trace ID d221bcca35bcdf401507a5527a16ead3: 316 ms
Input: 5000000,
Cold Start: false
Unique ID: 1223da0737d33c2d53939ed66530a913,
Execution Time for Trace ID 1223da0737d33c2d53939ed66530a913: 392 ms
Input: 5000000,
Cold Start: false
Unique ID: f96612ae9ae4080b1ce31b64a2d3e4fb,
Execution Time for Trace ID f96612ae9ae4080b1ce31b64a2d3e4fb: 346 ms
Input: 5000000,
Cold Start: false
Unique ID: fba9f8441be6666cd8489e57cdd493fe,
Execution Time for Trace ID fba9f8441be6666cd8489e57cdd493fe: 377 ms
Input: 5000000,
Cold Start: false
Unique ID: 3cce2061eb878ce170d4c28eedb1f9bd,
Execution Time for Trace ID 3cce2061eb878ce170d4c28eedb1f9bd: 313 ms
Input: 5000000,
Cold Start: false
Unique ID: 206f02a80b94a1ac6cf3e213061262de,
Execution Time for Trace ID 206f02a80b94a1ac6cf3e213061262de: 348 ms
Input: 5000000,
Cold Start: false
Unique ID: 8a87367e94cee7ee6c752b6593b936db,
Execution Time for Trace ID 8a87367e94cee7ee6c752b6593b936db: 340 ms
Input: 5000000,
Cold Start: false
Unique ID: d91c127f796d36714045417929bb7f03,
Execution Time for Trace ID d91c127f796d36714045417929bb7f03: 375 ms
Input: 5000000,
Cold Start: false
Unique ID: db848d2409fec5c4338961534e74a5ea,
Execution Time for Trace ID db848d2409fec5c4338961534e74a5ea: 312 ms
Input: 5000000,
Cold Start: false
Unique ID: a18fc04f1b9ade17123249ff36387097,
Execution Time for Trace ID a18fc04f1b9ade17123249ff36387097: 335 ms
Input: 5000000,
Cold Start: false
Unique ID: dd56d9c48032b793df2d82ae96ce30bd,
Execution Time for Trace ID dd56d9c48032b793df2d82ae96ce30bd: 284 ms
Input: 5000000,
Cold Start: false
Unique ID: ae67a9a86373ab4c4bcfb1c1d7d20075,
Execution Time for Trace ID ae67a9a86373ab4c4bcfb1c1d7d20075: 378 ms
Input: 5000000,
Cold Start: false
Unique ID: fe2c5d788d5dbac04d742289f994c67e,
Execution Time for Trace ID fe2c5d788d5dbac04d742289f994c67e: 173 ms
Input: 5000000,
Cold Start: false
Unique ID: 57d879a4959d6d285a1cc71dbecb2023,
Execution Time for Trace ID 57d879a4959d6d285a1cc71dbecb2023: 310 ms
Input: 5000000,
Cold Start: false
Unique ID: 89627bffbf9d90647dd95c74df42f461,
Execution Time for Trace ID 89627bffbf9d90647dd95c74df42f461: 347 ms
Input: 5000000,
Cold Start: false
Unique ID: a7a7a6011d7cace9914374c36c63afc2,
Execution Time for Trace ID a7a7a6011d7cace9914374c36c63afc2: 389 ms
Input: 5000000,
Cold Start: false
Unique ID: a1c779316dedb1c1abfcb07c43fb0189,
Execution Time for Trace ID a1c779316dedb1c1abfcb07c43fb0189: 179 ms
Input: 5000000,
Cold Start: false
Unique ID: e028e8f8c6a05f71594f90bb1ca101c4,
Execution Time for Trace ID e028e8f8c6a05f71594f90bb1ca101c4: 314 ms
Input: 5000000,
Cold Start: false
Unique ID: 893c4b4ba1ab15a66847a043b609b3db,
Execution Time for Trace ID 893c4b4ba1ab15a66847a043b609b3db: 356 ms
Input: 5000000,
Cold Start: false
Unique ID: 44f27105dd543367f33ecc132905a962,
Execution Time for Trace ID 44f27105dd543367f33ecc132905a962: 389 ms
Input: 5000000,
Cold Start: false
Unique ID: 0f08210a51e09d2cdd8f0c596f9dd437,
Execution Time for Trace ID 0f08210a51e09d2cdd8f0c596f9dd437: 172 ms
Input: 5000000,
Cold Start: false
Unique ID: b4b28e555d0d039634c8f9ea2c30d543,
Execution Time for Trace ID b4b28e555d0d039634c8f9ea2c30d543: 306 ms
Input: 5000000,
Cold Start: false
Unique ID: 0955e0d80493d720183e3864a6ec732e,
Execution Time for Trace ID 0955e0d80493d720183e3864a6ec732e: 286 ms
Input: 5000000,
Cold Start: false
Unique ID: d64aa590ee8a148db579822cc83725ee,
Execution Time for Trace ID d64aa590ee8a148db579822cc83725ee: 389 ms
Input: 5000000,
Cold Start: false
Unique ID: 6d99181948ce3716e8ad13cdd1d08367,
Execution Time for Trace ID 6d99181948ce3716e8ad13cdd1d08367: 173 ms
Input: 5000000,
Cold Start: false
Unique ID: 199249a5e09c0563ecdd1f29d8875c97,
Execution Time for Trace ID 199249a5e09c0563ecdd1f29d8875c97: 331 ms
Input: 5000000,
Cold Start: false
Unique ID: 2dbe10f524cd879396116befdf67c872,
Execution Time for Trace ID 2dbe10f524cd879396116befdf67c872: 354 ms
Input: 5000000,
Cold Start: false
Unique ID: eeda3867ce9497a225b66473891fbd3c,
Execution Time for Trace ID eeda3867ce9497a225b66473891fbd3c: 409 ms
Input: 5000000,
Cold Start: false
Unique ID: 7c8775b008795aa6978461c4257fdad2,
Execution Time for Trace ID 7c8775b008795aa6978461c4257fdad2: 364 ms
Input: 5000000,
Cold Start: false
Unique ID: 199ca73e5caf5dca74acbf7d56e99b98,
Execution Time for Trace ID 199ca73e5caf5dca74acbf7d56e99b98: 330 ms
Input: 5000000,
Cold Start: false
Unique ID: 0b944ec56e3cec43c0f45649e1b13588,
Execution Time for Trace ID 0b944ec56e3cec43c0f45649e1b13588: 340 ms
Input: 5000000,
Cold Start: false
Unique ID: 3ac638eec0463d827d5f460460607d1a,
Execution Time for Trace ID 3ac638eec0463d827d5f460460607d1a: 341 ms
Input: 5000000,
Cold Start: false
Unique ID: 1db94af0976a7ee3008852a4680f97e5,
Execution Time for Trace ID 1db94af0976a7ee3008852a4680f97e5: 337 ms
Input: 5000000,
Cold Start: false
Unique ID: cbdcbc435aeb0ee5e83f9514ecde96a8,
Execution Time for Trace ID cbdcbc435aeb0ee5e83f9514ecde96a8: 281 ms
Input: 5000000,
Cold Start: false
Unique ID: 9e65fd2391f86c3fe31bf840be7a3858,
Execution Time for Trace ID 9e65fd2391f86c3fe31bf840be7a3858: 334 ms
Input: 5000000,
Cold Start: false
Unique ID: e547efb260593bac7a5c1ad7c015b9b6,
Execution Time for Trace ID e547efb260593bac7a5c1ad7c015b9b6: 394 ms
Input: 5000000,
Cold Start: false
Unique ID: 16410f5031eb0abc376922f1d183b4a3,
Execution Time for Trace ID 16410f5031eb0abc376922f1d183b4a3: 307 ms
Input: 5000000,
Cold Start: false
Unique ID: 9900654f97c4db0f56eeeedac9cdf2ec,
Execution Time for Trace ID 9900654f97c4db0f56eeeedac9cdf2ec: 339 ms
Input: 5000000,
Cold Start: false
Unique ID: 7a1253cda97d9d1cfd9185fdb395791d,
Execution Time for Trace ID 7a1253cda97d9d1cfd9185fdb395791d: 345 ms
Input: 5000000,
Cold Start: false
Unique ID: 22249b968ea1d2f8cf77e4f51606f16a,
Execution Time for Trace ID 22249b968ea1d2f8cf77e4f51606f16a: 332 ms
Input: 5000000,
Cold Start: false
Unique ID: fc08372771da7173cfca8e1b5262e2fc,
Execution Time for Trace ID fc08372771da7173cfca8e1b5262e2fc: 387 ms
Input: 5000000,
Cold Start: false
Unique ID: 4e1dfb68720ba80ef1e62bf015364562,
Execution Time for Trace ID 4e1dfb68720ba80ef1e62bf015364562: 364 ms
Input: 5000000,
Cold Start: false
Unique ID: c598070afa49d2ba94229d1d6cc00d3b,
Execution Time for Trace ID c598070afa49d2ba94229d1d6cc00d3b: 364 ms
Input: 5000000,
Cold Start: false
Unique ID: 99bd29283f67df62ee869c532f2621eb,
Execution Time for Trace ID 99bd29283f67df62ee869c532f2621eb: 412 ms
Input: 5000000,
Cold Start: false
Unique ID: 085e9cdb3dac0f67ab5491a593c4596f,
Execution Time for Trace ID 085e9cdb3dac0f67ab5491a593c4596f: 197 ms
Input: 5000000,
Cold Start: false
Unique ID: d4e1d53a3e9edb8d683559273ed9ac25,
Execution Time for Trace ID d4e1d53a3e9edb8d683559273ed9ac25: 373 ms
Input: 5000000,
Cold Start: false
Unique ID: e60b20ad5583904bbbff7f1219f2177f,
Execution Time for Trace ID e60b20ad5583904bbbff7f1219f2177f: 373 ms
Input: 5000000,
Cold Start: false
Unique ID: c41e08b7e275415f25c2bb460d1011a2,
Execution Time for Trace ID c41e08b7e275415f25c2bb460d1011a2: 354 ms
Input: 5000000,
Cold Start: false
Unique ID: ef26e4f15e370c7de5a4e480b772b23d,
Execution Time for Trace ID ef26e4f15e370c7de5a4e480b772b23d: 186 ms
Input: 5000000,
Cold Start: false
Unique ID: 30fedffabe74496518cad5813eb99da0,
Execution Time for Trace ID 30fedffabe74496518cad5813eb99da0: 343 ms
Input: 5000000,
Cold Start: false
Unique ID: 36897ce5cbf8f447a68b87d538461659,
Execution Time for Trace ID 36897ce5cbf8f447a68b87d538461659: 281 ms
Input: 5000000,
Cold Start: false
Unique ID: f6c8ae0dbfc54bd238ea3cbcb9112015,
Execution Time for Trace ID f6c8ae0dbfc54bd238ea3cbcb9112015: 376 ms
Input: 5000000,
Cold Start: false
Unique ID: 696c5de2c758bb2c3b911872ba21529f,
Execution Time for Trace ID 696c5de2c758bb2c3b911872ba21529f: 175 ms
Input: 5000000,
Cold Start: false
Unique ID: f396addb73d9d7be274e6392a5ac319b,
Execution Time for Trace ID f396addb73d9d7be274e6392a5ac319b: 379 ms
Input: 5000000,
Cold Start: false
Unique ID: 4ccf4e99b120c04f89add11627e99571,
Execution Time for Trace ID 4ccf4e99b120c04f89add11627e99571: 386 ms
Input: 5000000,
Cold Start: false
Unique ID: efa8fe67227c07777d0300079a52b76a,
Execution Time for Trace ID efa8fe67227c07777d0300079a52b76a: 343 ms
Input: 5000000,
Cold Start: false
Unique ID: 77d6417baa14a7f91c250109e2667ca5,
Execution Time for Trace ID 77d6417baa14a7f91c250109e2667ca5: 340 ms
Input: 5000000,
Cold Start: false
Unique ID: 2afae4807b9f942e6d8c32a16c3f20d0,
Execution Time for Trace ID 2afae4807b9f942e6d8c32a16c3f20d0: 364 ms
Input: 5000000,
Cold Start: false
Unique ID: fa591a7c2664bd6991186678a6374adf,
Execution Time for Trace ID fa591a7c2664bd6991186678a6374adf: 409 ms
Input: 5000000,
Cold Start: false
Unique ID: 8db1399526fd5e6c36aa84fdba2788b9,
Execution Time for Trace ID 8db1399526fd5e6c36aa84fdba2788b9: 435 ms
Input: 5000000,
Cold Start: false
Unique ID: 6b877abed0d81eb02a90e804a006b002,
Execution Time for Trace ID 6b877abed0d81eb02a90e804a006b002: 336 ms
Input: 5000000,
Cold Start: false
Unique ID: ec7565e3f56c0bba76f58529289646cb,
Execution Time for Trace ID ec7565e3f56c0bba76f58529289646cb: 356 ms
Input: 5000000,
Cold Start: false
Unique ID: 43566d0325edf8c31d2775166a418915,
Execution Time for Trace ID 43566d0325edf8c31d2775166a418915: 332 ms
Input: 5000000,
Cold Start: false
Unique ID: 2b69ec84294bfd240add050a0281f166,
Execution Time for Trace ID 2b69ec84294bfd240add050a0281f166: 336 ms
Input: 5000000,
Cold Start: false
Unique ID: 61e522db745d2d87d27a2355084b6325,
Execution Time for Trace ID 61e522db745d2d87d27a2355084b6325: 338 ms
Input: 5000000,
Cold Start: false
Unique ID: a5eb4d8aa07fab9ec3a533844eacb6e8,
Execution Time for Trace ID a5eb4d8aa07fab9ec3a533844eacb6e8: 357 ms
Input: 5000000,
Cold Start: false
Unique ID: 6c4334c454a0dabb0ccdda7cf45418cf,
Execution Time for Trace ID 6c4334c454a0dabb0ccdda7cf45418cf: 380 ms
Input: 5000000,
Cold Start: false
Unique ID: 623090de714fc4ab5e26ae312b622a5f,
Execution Time for Trace ID 623090de714fc4ab5e26ae312b622a5f: 426 ms
Input: 5000000,
Cold Start: false
Unique ID: eab40257f779780f140423833b0f6c87,
Execution Time for Trace ID eab40257f779780f140423833b0f6c87: 345 ms
Input: 5000000,
Cold Start: false
Unique ID: 9a4e23e8e1d84df03a7e757848f3afe6,
Execution Time for Trace ID 9a4e23e8e1d84df03a7e757848f3afe6: 300 ms
Input: 5000000,
Cold Start: false
Unique ID: 35b4db513f54eb27ef89175d90c9a204,
Execution Time for Trace ID 35b4db513f54eb27ef89175d90c9a204: 340 ms
Input: 5000000,
Cold Start: false
Unique ID: 5c45c23b17ebd01a2eacc509399a7c36,
Execution Time for Trace ID 5c45c23b17ebd01a2eacc509399a7c36: 392 ms
Input: 5000000,
Cold Start: false
Unique ID: f921f25b6c41f028014457cfb405fa63,
Execution Time for Trace ID f921f25b6c41f028014457cfb405fa63: 338 ms
Input: 5000000,
Cold Start: false
Unique ID: 29afcfb0dc032ba6231ea802c0ec66f3,
Execution Time for Trace ID 29afcfb0dc032ba6231ea802c0ec66f3: 377 ms
Input: 5000000,
Cold Start: false
Unique ID: 136b210ea5f96254d70ffe64714c2597,
Execution Time for Trace ID 136b210ea5f96254d70ffe64714c2597: 281 ms
Input: 5000000,
Cold Start: false
Unique ID: f5e9c7e054f97e517287e85490f2d66b,
Execution Time for Trace ID f5e9c7e054f97e517287e85490f2d66b: 371 ms
Input: 5000000,
Cold Start: false
Unique ID: 21ef253c6a69006b99f5af03de952555,
Execution Time for Trace ID 21ef253c6a69006b99f5af03de952555: 333 ms
Input: 5000000,
Cold Start: false
Unique ID: dd8bac1da48ac3797ac5c23119de9079,
Execution Time for Trace ID dd8bac1da48ac3797ac5c23119de9079: 302 ms
Input: 5000000,
Cold Start: false
Unique ID: a8bee15ca4f69863933335a9df0c2535,
Execution Time for Trace ID a8bee15ca4f69863933335a9df0c2535: 390 ms
Input: 5000000,
Cold Start: false
Unique ID: 75907d74cf6de71b3f1a6bffb4346479,
Execution Time for Trace ID 75907d74cf6de71b3f1a6bffb4346479: 335 ms
Input: 5000000,
Cold Start: false
Unique ID: e3fbf39e3dbca0dfe454081a62c662ad,
Execution Time for Trace ID e3fbf39e3dbca0dfe454081a62c662ad: 176 ms
Input: 5000000,
Cold Start: false
Unique ID: 37ac1dda5632bf15e7180f6b4e89f937,
Execution Time for Trace ID 37ac1dda5632bf15e7180f6b4e89f937: 333 ms
Input: 5000000,
Cold Start: false
Unique ID: 37ae29e426fd286769ef554341a76c24,
Execution Time for Trace ID 37ae29e426fd286769ef554341a76c24: 472 ms
Input: 5000000,
Cold Start: false
Unique ID: bbc2710894b49fd74c8e9cc5457a9374,
Execution Time for Trace ID bbc2710894b49fd74c8e9cc5457a9374: 438 ms
Input: 5000000,
Cold Start: false
Unique ID: 68fcd0a601a8688b648b48b1255d7914,
Execution Time for Trace ID 68fcd0a601a8688b648b48b1255d7914: 336 ms
Input: 5000000,
Cold Start: false
Unique ID: 62fa8238ede55290ac3aeb126fc4f546,
Execution Time for Trace ID 62fa8238ede55290ac3aeb126fc4f546: 300 ms
Input: 5000000,
Cold Start: false
Unique ID: 7c8ae2e79cb7711cd3a370d5a2b9ce71,
Execution Time for Trace ID 7c8ae2e79cb7711cd3a370d5a2b9ce71: 378 ms
Input: 5000000,
Cold Start: false
Unique ID: dc5878ce708113bf544b665aa580628d,
Execution Time for Trace ID dc5878ce708113bf544b665aa580628d: 349 ms
Input: 5000000,
Cold Start: false
Unique ID: d9000f35e5f122728178513295cc7be1,
Execution Time for Trace ID d9000f35e5f122728178513295cc7be1: 341 ms
Input: 5000000,
Cold Start: false
Unique ID: a82419b250d48d58f3cb2907b61c011d,
Execution Time for Trace ID a82419b250d48d58f3cb2907b61c011d: 369 ms
Input: 5000000,
Cold Start: false
Unique ID: ae3a47f817a5d76cdbc2b21966970b10,
Execution Time for Trace ID ae3a47f817a5d76cdbc2b21966970b10: 370 ms
Input: 5000000,
Cold Start: false
Unique ID: 6f70cd94d3ab9d4eb3e1946e807681ac,
Execution Time for Trace ID 6f70cd94d3ab9d4eb3e1946e807681ac: 334 ms
Input: 5000000,
Cold Start: false
Unique ID: 4fb861265937a07a06f6ac0b3446281a,
Execution Time for Trace ID 4fb861265937a07a06f6ac0b3446281a: 340 ms
Input: 5000000,
Cold Start: false
Unique ID: f53a574482282429e25897f24c84027c,
Execution Time for Trace ID f53a574482282429e25897f24c84027c: 280 ms
Input: 5000000,
Cold Start: false
Unique ID: f8b1ef6e3882821737888375e5ff2fd1,
Execution Time for Trace ID f8b1ef6e3882821737888375e5ff2fd1: 373 ms
Input: 5000000,
Cold Start: false
Unique ID: c08e805f04c7087974a3b48b12e6a6d6,
Execution Time for Trace ID c08e805f04c7087974a3b48b12e6a6d6: 342 ms
Input: 5000000,
Cold Start: false
Unique ID: ad5fab780f8d991352fd69856069f850,
Execution Time for Trace ID ad5fab780f8d991352fd69856069f850: 340 ms
Input: 5000000,
Cold Start: false
Unique ID: 011c565d2ef7678cacc643da70ce8eda,
Execution Time for Trace ID 011c565d2ef7678cacc643da70ce8eda: 312 ms
Input: 5000000,
Cold Start: false
Unique ID: a8b289e3a967d568a919827123f1b6c2,
Execution Time for Trace ID a8b289e3a967d568a919827123f1b6c2: 425 ms
Input: 5000000,
Cold Start: false
Unique ID: a366a13dd560b2013a53e7c2fe2d58db,
Execution Time for Trace ID a366a13dd560b2013a53e7c2fe2d58db: 446 ms
Input: 5000000,
Cold Start: false
Unique ID: f3e9b7aafbb5096a04f4a79dbf7bfc41,
Execution Time for Trace ID f3e9b7aafbb5096a04f4a79dbf7bfc41: 341 ms
Input: 5000000,
Cold Start: false
Unique ID: 3e3586516cf7e5b20ff2dbb71573b9b2,
Execution Time for Trace ID 3e3586516cf7e5b20ff2dbb71573b9b2: 308 ms
Input: 5000000,
Cold Start: false
Unique ID: 56c1b447048af0e3db68a300ff12041d,
Execution Time for Trace ID 56c1b447048af0e3db68a300ff12041d: 335 ms
Input: 5000000,
Cold Start: false
Unique ID: c52e28ca196acc919688c5feddfb4779,
Execution Time for Trace ID c52e28ca196acc919688c5feddfb4779: 392 ms
Input: 5000000,
Cold Start: false
Unique ID: 07f5cb3cf988c0cf30eca3c76ce8c176,
Execution Time for Trace ID 07f5cb3cf988c0cf30eca3c76ce8c176: 336 ms
Input: 5000000,
Cold Start: false
Unique ID: e10e2fda88686ef019a0b3f70186f9e0,
Execution Time for Trace ID e10e2fda88686ef019a0b3f70186f9e0: 311 ms
Input: 5000000,
Cold Start: false
Unique ID: d96fec6242900cc46b143b58c6ab1f9d,
Execution Time for Trace ID d96fec6242900cc46b143b58c6ab1f9d: 323 ms
Input: 5000000,
Cold Start: false
Unique ID: f9e3c81b2e1f8f8eb101faa62cec7b96,
Execution Time for Trace ID f9e3c81b2e1f8f8eb101faa62cec7b96: 343 ms
Input: 5000000,
Cold Start: false
Unique ID: 4888ec4ead4bd247cb4da5f3fbdd3015,
Execution Time for Trace ID 4888ec4ead4bd247cb4da5f3fbdd3015: 332 ms
Input: 5000000,
Cold Start: false
Unique ID: bd44f25bd9c623e53112533d957d6455,
Execution Time for Trace ID bd44f25bd9c623e53112533d957d6455: 354 ms
Input: 5000000,
Cold Start: false
Unique ID: 44e4bd46a78c4e45a7593df2dd9706cf,
Execution Time for Trace ID 44e4bd46a78c4e45a7593df2dd9706cf: 337 ms
Input: 5000000,
Cold Start: false
Unique ID: cfb7c25f42eb5b4112c94c5140247b4c,
Execution Time for Trace ID cfb7c25f42eb5b4112c94c5140247b4c: 407 ms
Input: 5000000,
Cold Start: false
Unique ID: 9d7a828b0f31937c0488e94ce5d0147d,
Execution Time for Trace ID 9d7a828b0f31937c0488e94ce5d0147d: 335 ms
Input: 5000000,
Cold Start: false
Unique ID: 915e17fcc6f946dd35ffb8c1e44253fc,
Execution Time for Trace ID 915e17fcc6f946dd35ffb8c1e44253fc: 341 ms
Input: 5000000,
Cold Start: false
Unique ID: 45c8e46305b70526a27a112c47af9371,
Execution Time for Trace ID 45c8e46305b70526a27a112c47af9371: 408 ms
Input: 5000000,
Cold Start: false
Unique ID: ad669fe7ee6104ee829f14ae5f039650,
Execution Time for Trace ID ad669fe7ee6104ee829f14ae5f039650: 436 ms
Input: 5000000,
Cold Start: false
Unique ID: 3dbc107720e461f59ec86ae20ed3c357,
Execution Time for Trace ID 3dbc107720e461f59ec86ae20ed3c357: 276 ms
Input: 5000000,
Cold Start: false
Unique ID: 54313ac9e59f7510e57f1770f555c1a4,
Execution Time for Trace ID 54313ac9e59f7510e57f1770f555c1a4: 295 ms
Input: 5000000,
Cold Start: false
Unique ID: acd99c32f5ee66753c5804a898ad4089,
Execution Time for Trace ID acd99c32f5ee66753c5804a898ad4089: 389 ms
Input: 5000000,
Cold Start: false
Unique ID: dfe84a9574b63745ec7c2b3a619617e3,
Execution Time for Trace ID dfe84a9574b63745ec7c2b3a619617e3: 340 ms
Input: 5000000,
Cold Start: false
Unique ID: 18ca8f3538293fbaa3d5a72584f4df9e,
Execution Time for Trace ID 18ca8f3538293fbaa3d5a72584f4df9e: 334 ms
Input: 5000000,
Cold Start: false
Unique ID: 51435638ec784337acc643da70ce8fe3,
Execution Time for Trace ID 51435638ec784337acc643da70ce8fe3: 359 ms
Input: 5000000,
Cold Start: false
Unique ID: e7f738eb3235e5360416134d84e6e3f3,
Execution Time for Trace ID e7f738eb3235e5360416134d84e6e3f3: 383 ms
Input: 5000000,
Cold Start: false
Unique ID: 5a20a908a30a82550c9efd1077c03d2a,
Execution Time for Trace ID 5a20a908a30a82550c9efd1077c03d2a: 342 ms
Input: 5000000,
Cold Start: false
Unique ID: 046e4115f16b593b328b34b1ff98cfa0,
Execution Time for Trace ID 046e4115f16b593b328b34b1ff98cfa0: 334 ms
Input: 5000000,
Cold Start: false
Unique ID: e76e9b9c4b90632a86352ec0bf30cdd6,
Execution Time for Trace ID e76e9b9c4b90632a86352ec0bf30cdd6: 352 ms
Input: 5000000,
Cold Start: false
Unique ID: 08c2fe7977f3873193c5d6b4dfdddfbd,
Execution Time for Trace ID 08c2fe7977f3873193c5d6b4dfdddfbd: 323 ms
Input: 5000000,
Cold Start: false
Unique ID: a56aeb335912be9bd0ab6e57a804444a,
Execution Time for Trace ID a56aeb335912be9bd0ab6e57a804444a: 340 ms
Input: 5000000,
Cold Start: false
Unique ID: 8ef62d7fcd609650ecce4b5f3122faa3,
Execution Time for Trace ID 8ef62d7fcd609650ecce4b5f3122faa3: 172 ms
Input: 5000000,
Cold Start: false
Unique ID: f6171310850c87a5fd62528814247ead,
Execution Time for Trace ID f6171310850c87a5fd62528814247ead: 339 ms
Input: 5000000,
Cold Start: false
Unique ID: c621cd314057722be4d9ef570cda91bd,
Execution Time for Trace ID c621cd314057722be4d9ef570cda91bd: 376 ms
Input: 5000000,
Cold Start: false
Unique ID: 3a2ada139586604196324f8c2210a8f3,
Execution Time for Trace ID 3a2ada139586604196324f8c2210a8f3: 420 ms
Input: 5000000,
Cold Start: false
Unique ID: bf5f2bb7a0a2d9dc3abf9c79a8e5903f,
Execution Time for Trace ID bf5f2bb7a0a2d9dc3abf9c79a8e5903f: 172 ms
Input: 5000000,
Cold Start: false
Unique ID: 5fbb40b78fed016f71b0acc325658c06,
Execution Time for Trace ID 5fbb40b78fed016f71b0acc325658c06: 336 ms
Input: 5000000,
Cold Start: false
Unique ID: 8b8557d9ada1e5239647105fd2fd2109,
Execution Time for Trace ID 8b8557d9ada1e5239647105fd2fd2109: 385 ms
Input: 5000000,
Cold Start: false
Unique ID: 1d67ecccf903fadbba7a00eb60eed48f,
Execution Time for Trace ID 1d67ecccf903fadbba7a00eb60eed48f: 338 ms
Input: 5000000,
Cold Start: false
Unique ID: 4448780aea5f41051fadd0435c001986,
Execution Time for Trace ID 4448780aea5f41051fadd0435c001986: 360 ms
Input: 5000000,
Cold Start: false
Unique ID: 24e98563d0b6121f94ebc2106deab76e,
Execution Time for Trace ID 24e98563d0b6121f94ebc2106deab76e: 337 ms
Input: 5000000,
Cold Start: false
Unique ID: 4d03bd0bf5061c9ec7dac1a3ee8f3495,
Execution Time for Trace ID 4d03bd0bf5061c9ec7dac1a3ee8f3495: 418 ms
Input: 5000000,
Cold Start: false
Unique ID: 86362902504c602dce1cb932d9367595,
Execution Time for Trace ID 86362902504c602dce1cb932d9367595: 386 ms
Input: 5000000,
Cold Start: false
Unique ID: 7af7cdc92bcc275fd32ac3579ea448ac,
Execution Time for Trace ID 7af7cdc92bcc275fd32ac3579ea448ac: 413 ms
Input: 5000000,
Cold Start: false
Unique ID: f1cabe888247ceed9e52fbfe8227b938,
Execution Time for Trace ID f1cabe888247ceed9e52fbfe8227b938: 343 ms
Input: 5000000,
Cold Start: false
Unique ID: fc8b4bc1e808842e7d51bdf5a93fc4d2,
Execution Time for Trace ID fc8b4bc1e808842e7d51bdf5a93fc4d2: 405 ms
Input: 5000000,
Cold Start: false
Unique ID: a8dc34d9ff3146f5974664f257f22d22,
Execution Time for Trace ID a8dc34d9ff3146f5974664f257f22d22: 379 ms
Input: 5000000,
Cold Start: false
Unique ID: b54ce03e291118e42023a33bb17250f6,
Execution Time for Trace ID b54ce03e291118e42023a33bb17250f6: 329 ms
Input: 5000000,
Cold Start: false
Unique ID: fd5d87ed2d629f7ec9adddca2b385a0a,
Execution Time for Trace ID fd5d87ed2d629f7ec9adddca2b385a0a: 293 ms
Input: 5000000,
Cold Start: false
Unique ID: fd8bbc00a2c225c79a21f6c990dabe39,
Execution Time for Trace ID fd8bbc00a2c225c79a21f6c990dabe39: 377 ms
Input: 5000000,
Cold Start: false
Unique ID: 6a432037ef0089f27750af1d5d25d1fe,
Execution Time for Trace ID 6a432037ef0089f27750af1d5d25d1fe: 340 ms
Input: 5000000,
Cold Start: false
Unique ID: 4fa8d07dac41d82d85c9583f694a581e,
Execution Time for Trace ID 4fa8d07dac41d82d85c9583f694a581e: 336 ms
Input: 5000000,
Cold Start: false
Unique ID: 895de663f09b7678d17393ff70ac4e6b,
Execution Time for Trace ID 895de663f09b7678d17393ff70ac4e6b: 354 ms
Input: 5000000,
Cold Start: false
Unique ID: 02ea52e9ca861abda91ea2c40f5509f7,
Execution Time for Trace ID 02ea52e9ca861abda91ea2c40f5509f7: 376 ms
Input: 5000000,
Cold Start: false
Unique ID: 2dc840b1049fc66e07176558bc29b04c,
Execution Time for Trace ID 2dc840b1049fc66e07176558bc29b04c: 358 ms
Input: 5000000,
Cold Start: false
Unique ID: 5674a5928ffe501575f1bc676ab25a1f,
Execution Time for Trace ID 5674a5928ffe501575f1bc676ab25a1f: 333 ms
Input: 5000000,
Cold Start: false
Unique ID: 56e49ae386080924d74ea2157621480e,
Execution Time for Trace ID 56e49ae386080924d74ea2157621480e: 299 ms
Input: 5000000,
Cold Start: false
Unique ID: 74070f88b2d8e54a2b975bf551cd465b,
Execution Time for Trace ID 74070f88b2d8e54a2b975bf551cd465b: 321 ms
Input: 5000000,
Cold Start: false
Unique ID: f1eff58250a694cccd8b051b9caddbaf,
Execution Time for Trace ID f1eff58250a694cccd8b051b9caddbaf: 278 ms
Input: 5000000,
Cold Start: false
Unique ID: a7560e9ee2586117923e5f02672131fb,
Execution Time for Trace ID a7560e9ee2586117923e5f02672131fb: 170 ms
Input: 5000000,
Cold Start: false
Unique ID: ffbee8e7ac179d2aaf73f120068b1ce6,
Execution Time for Trace ID ffbee8e7ac179d2aaf73f120068b1ce6: 316 ms
Input: 5000000,
Cold Start: false
Unique ID: 9f47d3ee462799cdc2f97430160433bb,
Execution Time for Trace ID 9f47d3ee462799cdc2f97430160433bb: 320 ms
Input: 5000000,
Cold Start: false
Unique ID: b918163944697b6d9e15143b5d895d29,
Execution Time for Trace ID b918163944697b6d9e15143b5d895d29: 339 ms
Input: 5000000,
Cold Start: false
Unique ID: baab3f153516cbc27914c6d4882c2641,
Execution Time for Trace ID baab3f153516cbc27914c6d4882c2641: 335 ms
Input: 5000000,
Cold Start: false
Unique ID: 5bedf3e96c6b6bf2e9d38371fd65e3b9,
Execution Time for Trace ID 5bedf3e96c6b6bf2e9d38371fd65e3b9: 297 ms
Input: 5000000,
Cold Start: false
Unique ID: 9517da68500449c66edd2bd33668f9e9,
Execution Time for Trace ID 9517da68500449c66edd2bd33668f9e9: 276 ms
Input: 5000000,
Cold Start: false
Unique ID: 5ea1e3754550496c3c352c14a5039245,
Execution Time for Trace ID 5ea1e3754550496c3c352c14a5039245: 370 ms
Input: 5000000,
Cold Start: false
Unique ID: 8a84646eff3caaa8e1b8a6c24da03953,
Execution Time for Trace ID 8a84646eff3caaa8e1b8a6c24da03953: 328 ms
Input: 5000000,
Cold Start: false
Unique ID: 8f4c36695237eddaf34bf77c9af7144c,
Execution Time for Trace ID 8f4c36695237eddaf34bf77c9af7144c: 358 ms
Input: 5000000,
Cold Start: false
Unique ID: 585e53afdc6a79937c3186ecc621ffd2,
Execution Time for Trace ID 585e53afdc6a79937c3186ecc621ffd2: 369 ms
Input: 5000000,
Cold Start: false
Unique ID: 406c3a8f1e4431128f052249f95cea99,
Execution Time for Trace ID 406c3a8f1e4431128f052249f95cea99: 339 ms
Input: 5000000,
Cold Start: false
Unique ID: 7c8603c739cb1a187aac5b9dff2bf440,
Execution Time for Trace ID 7c8603c739cb1a187aac5b9dff2bf440: 334 ms
Input: 5000000,
Cold Start: false
Unique ID: 40347f1bede6d09fc9d9dc9333759bb4,
Execution Time for Trace ID 40347f1bede6d09fc9d9dc9333759bb4: 300 ms
Input: 5000000,
Cold Start: false
Unique ID: 7a07f811ed860d5a3a39516a00a876fd,
Execution Time for Trace ID 7a07f811ed860d5a3a39516a00a876fd: 279 ms
Input: 5000000,
Cold Start: false
Unique ID: db416862c5169a45262dff67efa7f6ca,
Execution Time for Trace ID db416862c5169a45262dff67efa7f6ca: 366 ms
Input: 5000000,
Cold Start: false
Unique ID: 482bcf433a212e1d54673c047ced9366,
Execution Time for Trace ID 482bcf433a212e1d54673c047ced9366: 173 ms
Input: 5000000,
Cold Start: false
Unique ID: 3d50d8a12f151037da72a6c5ee31d0dc,
Execution Time for Trace ID 3d50d8a12f151037da72a6c5ee31d0dc: 306 ms
Input: 5000000,
Cold Start: false
Unique ID: 0f847adc602b570caa05af30318ee83f,
Execution Time for Trace ID 0f847adc602b570caa05af30318ee83f: 315 ms
Input: 5000000,
Cold Start: false
Unique ID: 46bd2de8c6639ffc2de89dd3376673c3,
Execution Time for Trace ID 46bd2de8c6639ffc2de89dd3376673c3: 275 ms
Input: 5000000,
Cold Start: false
Unique ID: 15ab537b931ff0e66af0a55cdab13a6d,
Execution Time for Trace ID 15ab537b931ff0e66af0a55cdab13a6d: 340 ms
Input: 5000000,
Cold Start: false
Unique ID: ef26ebd2042d46481ff6c829fd876a8e,
Execution Time for Trace ID ef26ebd2042d46481ff6c829fd876a8e: 310 ms
Input: 5000000,
Cold Start: false
Unique ID: 1462ed62bb5f5fab02c8735b4bab4111,
Execution Time for Trace ID 1462ed62bb5f5fab02c8735b4bab4111: 320 ms
Input: 5000000,
Cold Start: false
Unique ID: d3bc7e5ad11e95d146d745e84cf51ae2,
Execution Time for Trace ID d3bc7e5ad11e95d146d745e84cf51ae2: 348 ms
Input: 5000000,
Cold Start: false
Unique ID: c4cc4e96503a26c2c6752e649ab266f3,
Execution Time for Trace ID c4cc4e96503a26c2c6752e649ab266f3: 310 ms
Input: 5000000,
Cold Start: false
Unique ID: f4ce79a94c91de1a3bdff4e89878e6a8,
Execution Time for Trace ID f4ce79a94c91de1a3bdff4e89878e6a8: 403 ms
Input: 5000000,
Cold Start: false
Unique ID: 94daee4673bf863141f5d7a4e3ffb93b,
Execution Time for Trace ID 94daee4673bf863141f5d7a4e3ffb93b: 357 ms
Input: 5000000,
Cold Start: false
Unique ID: 95b28cad8238a27d41f85912bdc8c7c2,
Execution Time for Trace ID 95b28cad8238a27d41f85912bdc8c7c2: 336 ms
Input: 5000000,
Cold Start: false
Unique ID: c06d38fb5956743258ae26aa6f3291d1,
Execution Time for Trace ID c06d38fb5956743258ae26aa6f3291d1: 309 ms
Input: 5000000,
Cold Start: false
Unique ID: 46d64b428915b1cf5e4aaa5ec75acc1a,
Execution Time for Trace ID 46d64b428915b1cf5e4aaa5ec75acc1a: 398 ms
Input: 5000000,
Cold Start: false
Unique ID: fc1fe6e99a17da64fd9231adee46d9c1,
Execution Time for Trace ID fc1fe6e99a17da64fd9231adee46d9c1: 309 ms
Input: 5000000,
Cold Start: false
Unique ID: ca8c08f3b23a930d1112136d9a3bb91f,
Execution Time for Trace ID ca8c08f3b23a930d1112136d9a3bb91f: 327 ms
Input: 5000000,
Cold Start: false
Unique ID: 99f1f06a7bb47db9817776b75b4bc4db,
Execution Time for Trace ID 99f1f06a7bb47db9817776b75b4bc4db: 335 ms
Input: 5000000,
Cold Start: false
Unique ID: 0a5dd1d556e4d43e810fad1a182aa6e4,
Execution Time for Trace ID 0a5dd1d556e4d43e810fad1a182aa6e4: 358 ms
Input: 5000000,
Cold Start: false
Unique ID: 27acaa26ac8c5764d9eaaed257510bac,
Execution Time for Trace ID 27acaa26ac8c5764d9eaaed257510bac: 320 ms
Input: 5000000,
Cold Start: false
Unique ID: 95c6e11ebe111a0a392c3d1b60145b29,
Execution Time for Trace ID 95c6e11ebe111a0a392c3d1b60145b29: 341 ms
Input: 5000000,
Cold Start: false
Unique ID: 367987675f1b6406762b18e40be98dd1,
Execution Time for Trace ID 367987675f1b6406762b18e40be98dd1: 372 ms
Input: 5000000,
Cold Start: false
Unique ID: e0976b7dd336b0fcd3d9ec61ca92d25a,
Execution Time for Trace ID e0976b7dd336b0fcd3d9ec61ca92d25a: 424 ms
Input: 5000000,
Cold Start: false
Unique ID: 7b372205b3953a8885134b591d67930f,
Execution Time for Trace ID 7b372205b3953a8885134b591d67930f: 373 ms
Input: 5000000,
Cold Start: false
Unique ID: 619a3ef83adcd43211fc27f5c0ed00e9,
Execution Time for Trace ID 619a3ef83adcd43211fc27f5c0ed00e9: 418 ms
Input: 5000000,
Cold Start: false
Unique ID: 1ccecdd405e7417899f8c0e50e171df0,
Execution Time for Trace ID 1ccecdd405e7417899f8c0e50e171df0: 313 ms
Input: 5000000,
Cold Start: false
Unique ID: 8b8be468206aa6ddd79da4a898eb9de9,
Execution Time for Trace ID 8b8be468206aa6ddd79da4a898eb9de9: 411 ms
Input: 5000000,
Cold Start: false
Unique ID: 24bdd9bcd033f736de0850a428085dd4,
Execution Time for Trace ID 24bdd9bcd033f736de0850a428085dd4: 373 ms
Input: 5000000,
Cold Start: false
Unique ID: 9b3aa7fbeb876064f6564548c9f374c8,
Execution Time for Trace ID 9b3aa7fbeb876064f6564548c9f374c8: 335 ms
Input: 5000000,
Cold Start: false
Unique ID: f4354d9f710a0a8a088c0d8858d09248,
Execution Time for Trace ID f4354d9f710a0a8a088c0d8858d09248: 298 ms
Input: 5000000,
Cold Start: false
Unique ID: 00000ca512d61ceda6b4025030f7696c,
Execution Time for Trace ID 00000ca512d61ceda6b4025030f7696c: 406 ms
Input: 5000000,
Cold Start: false
Unique ID: d85a5b358e53ffd41975a9a904975c1f,
Execution Time for Trace ID d85a5b358e53ffd41975a9a904975c1f: 318 ms
Input: 5000000,
Cold Start: false
Unique ID: f17f5883a5869efaddd3cdfef58f7600,
Execution Time for Trace ID f17f5883a5869efaddd3cdfef58f7600: 415 ms
Input: 5000000,
Cold Start: false
Unique ID: 7f39e0b2e75348dd0ca703e573ad6ecc,
Execution Time for Trace ID 7f39e0b2e75348dd0ca703e573ad6ecc: 332 ms
Input: 5000000,
Cold Start: false
Unique ID: 3fed388df039d0320d233597f67a93ae,
Execution Time for Trace ID 3fed388df039d0320d233597f67a93ae: 354 ms
Input: 5000000,
Cold Start: false
Unique ID: 7dc1f41c56d1321698bcd5724d032c3a,
Execution Time for Trace ID 7dc1f41c56d1321698bcd5724d032c3a: 370 ms
Input: 5000000,
Cold Start: false
Unique ID: 54537f8240d844ee2bfacac5e614a5a2,
Execution Time for Trace ID 54537f8240d844ee2bfacac5e614a5a2: 334 ms
Input: 5000000,
Cold Start: false
Unique ID: 590ed45c09fc3e6a52e9c5026fc45969,
Execution Time for Trace ID 590ed45c09fc3e6a52e9c5026fc45969: 309 ms
Input: 5000000,
Cold Start: false
Unique ID: de925baa8013246ccb7101d561a397b2,
Execution Time for Trace ID de925baa8013246ccb7101d561a397b2: 393 ms
Input: 5000000,
Cold Start: false
Unique ID: f6e3502d6e5268c88b3826231a3116f8,
Execution Time for Trace ID f6e3502d6e5268c88b3826231a3116f8: 377 ms
Input: 5000000,
Cold Start: false
Unique ID: 4d5bfd196a8fd0bd7519a4e5a232b155,
Execution Time for Trace ID 4d5bfd196a8fd0bd7519a4e5a232b155: 358 ms
Input: 5000000,
Cold Start: false
Unique ID: 91c05115c59f038f89c31013c7dba827,
Execution Time for Trace ID 91c05115c59f038f89c31013c7dba827: 331 ms
Input: 5000000,
Cold Start: false
Unique ID: f76ba695f4da6a7b8cddb527d0078cff,
Execution Time for Trace ID f76ba695f4da6a7b8cddb527d0078cff: 301 ms
Input: 5000000,
Cold Start: false
Unique ID: 92bb645165c1878fb31a32ebc4b7f85b,
Execution Time for Trace ID 92bb645165c1878fb31a32ebc4b7f85b: 275 ms
Input: 5000000,
Cold Start: false
Unique ID: 03f7c24826672ccb7f2e5336ae8f89ca,
Execution Time for Trace ID 03f7c24826672ccb7f2e5336ae8f89ca: 374 ms
Input: 5000000,
Cold Start: false
Unique ID: 1d7e2ca2c8e68a434186bff36f72c431,
Execution Time for Trace ID 1d7e2ca2c8e68a434186bff36f72c431: 331 ms
Input: 5000000,
Cold Start: false
Unique ID: 51e5f63139206b139d959182798640cb,
Execution Time for Trace ID 51e5f63139206b139d959182798640cb: 362 ms
Input: 5000000,
Cold Start: false
Unique ID: 062f6a03702236ddd80b099eaa0f7025,
Execution Time for Trace ID 062f6a03702236ddd80b099eaa0f7025: 322 ms
Input: 5000000,
Cold Start: false
Unique ID: a45ec4460c83c69dc63fc90dfee8b9a1,
Execution Time for Trace ID a45ec4460c83c69dc63fc90dfee8b9a1: 340 ms
Input: 5000000,
Cold Start: false
Unique ID: 23539f43c629b28564ea959f9a77a7a2,
Execution Time for Trace ID 23539f43c629b28564ea959f9a77a7a2: 331 ms
Input: 5000000,
Cold Start: false
Unique ID: b04b008d8c433038866c420acc50d9f2,
Execution Time for Trace ID b04b008d8c433038866c420acc50d9f2: 359 ms
Input: 5000000,
Cold Start: false
Unique ID: f523dd09c4f2a6562ab9d64cf5053874,
Execution Time for Trace ID f523dd09c4f2a6562ab9d64cf5053874: 371 ms
Input: 5000000,
Cold Start: false
Unique ID: 9f13b900b5c09d4225a1a952b97d6596,
Execution Time for Trace ID 9f13b900b5c09d4225a1a952b97d6596: 341 ms
Input: 5000000,
Cold Start: false
Unique ID: b1751d5b178d59e906a4a5cfadea45d1,
Execution Time for Trace ID b1751d5b178d59e906a4a5cfadea45d1: 336 ms
Input: 5000000,
Cold Start: false
Unique ID: 37b6e8bbbeb27b49ad3a075901307bf3,
Execution Time for Trace ID 37b6e8bbbeb27b49ad3a075901307bf3: 359 ms
Input: 5000000,
Cold Start: false
Unique ID: 6fe710cea3eed9bd0dc4c5edda064a89,
Execution Time for Trace ID 6fe710cea3eed9bd0dc4c5edda064a89: 361 ms
Input: 5000000,
Cold Start: false
Unique ID: a60c54e006b4f2c7465e782de3b7adac,
Execution Time for Trace ID a60c54e006b4f2c7465e782de3b7adac: 346 ms
Input: 5000000,
Cold Start: false
Unique ID: 8cad6880b62bff5942cbedcebf5459be,
Execution Time for Trace ID 8cad6880b62bff5942cbedcebf5459be: 346 ms
Input: 5000000,
Cold Start: false
Unique ID: 7f585b65c0910bb45ffa6074520625b3,
Execution Time for Trace ID 7f585b65c0910bb45ffa6074520625b3: 296 ms
Input: 5000000,
Cold Start: false
Unique ID: 8e3ddd0052fb84c3929d5cf50adec295,
Execution Time for Trace ID 8e3ddd0052fb84c3929d5cf50adec295: 313 ms
Input: 5000000,
Cold Start: false
Unique ID: 8c95108acbcf4c81daf72919f46aa432,
Execution Time for Trace ID 8c95108acbcf4c81daf72919f46aa432: 339 ms
Input: 5000000,
Cold Start: false
Unique ID: ffd37b6e6937744a34cc7685111e127c,
Execution Time for Trace ID ffd37b6e6937744a34cc7685111e127c: 339 ms
Input: 5000000,
Cold Start: false
Unique ID: 4bcbb06e243beaaf2c9d6bf57253b1d9,
Execution Time for Trace ID 4bcbb06e243beaaf2c9d6bf57253b1d9: 306 ms
Input: 5000000,
Cold Start: false
Unique ID: e9267ad174c51b821b16b3fe1f8365d6,
Execution Time for Trace ID e9267ad174c51b821b16b3fe1f8365d6: 380 ms
Input: 5000000,
Cold Start: false
Unique ID: d9a7813b952eaf9ccbf3bc23e65c1f50,
Execution Time for Trace ID d9a7813b952eaf9ccbf3bc23e65c1f50: 346 ms
Input: 5000000,
Cold Start: false
Unique ID: 6fc0409ad60d0ea56b1d333529baa0b8,
Execution Time for Trace ID 6fc0409ad60d0ea56b1d333529baa0b8: 292 ms
Input: 5000000,
Cold Start: false
Unique ID: 3b7625e08886eff5bdac7fb1963a8e6d,
Execution Time for Trace ID 3b7625e08886eff5bdac7fb1963a8e6d: 360 ms
Input: 5000000,
Cold Start: false
Unique ID: 7e48068d2880dcc62d7a05dfee18831b,
Execution Time for Trace ID 7e48068d2880dcc62d7a05dfee18831b: 298 ms
Input: 5000000,
Cold Start: false
Unique ID: 142b9e5bff96ec4f7664db23adc2325b,
Execution Time for Trace ID 142b9e5bff96ec4f7664db23adc2325b: 381 ms
Input: 5000000,
Cold Start: false
