Unique ID: 6094568d7477d001aa28fad5f27dbf0e,
Execution Time for Trace ID 6094568d7477d001aa28fad5f27dbf0e: 421 ms
Input: 5500000,
Cold Start: false
Unique ID: fa4dbc06600a429164597bcbee4f9da5,
Execution Time for Trace ID fa4dbc06600a429164597bcbee4f9da5: 434 ms
Input: 5500000,
Cold Start: false
Unique ID: 0d5477931545898b631f30bdbdbcb6f8,
Execution Time for Trace ID 0d5477931545898b631f30bdbdbcb6f8: 390 ms
Input: 5500000,
Cold Start: false
Unique ID: 91c7388a92671569ecbac10cead544d5,
Execution Time for Trace ID 91c7388a92671569ecbac10cead544d5: 464 ms
Input: 5500000,
Cold Start: false
Unique ID: 4e89a0d9aef50b18314a5de4bd820a23,
Execution Time for Trace ID 4e89a0d9aef50b18314a5de4bd820a23: 364 ms
Input: 5500000,
Cold Start: false
Unique ID: 0390df00d7b94fe694f68908c54ecb8d,
Execution Time for Trace ID 0390df00d7b94fe694f68908c54ecb8d: 392 ms
Input: 5500000,
Cold Start: false
Unique ID: 622d6a3423c37759ea4efc4da9ec3231,
Execution Time for Trace ID 622d6a3423c37759ea4efc4da9ec3231: 404 ms
Input: 5500000,
Cold Start: false
Unique ID: 9c690208955a1514e989ccbbbdf09314,
Execution Time for Trace ID 9c690208955a1514e989ccbbbdf09314: 420 ms
Input: 5500000,
Cold Start: false
Unique ID: 6c8b612cbc9b2cd34f947f980d12b840,
Execution Time for Trace ID 6c8b612cbc9b2cd34f947f980d12b840: 360 ms
Input: 5500000,
Cold Start: false
Unique ID: b488d30405a4d70872c10414a1a58828,
Execution Time for Trace ID b488d30405a4d70872c10414a1a58828: 368 ms
Input: 5500000,
Cold Start: false
Unique ID: afadd736464c5ceee1d36aafe4254f1a,
Execution Time for Trace ID afadd736464c5ceee1d36aafe4254f1a: 389 ms
Input: 5500000,
Cold Start: false
Unique ID: f7ab04e932a3653f297507723b078b5e,
Execution Time for Trace ID f7ab04e932a3653f297507723b078b5e: 421 ms
Input: 5500000,
Cold Start: false
Unique ID: 298b5b0f041350d2936a808dbe3ed1ff,
Execution Time for Trace ID 298b5b0f041350d2936a808dbe3ed1ff: 356 ms
Input: 5500000,
Cold Start: false
Unique ID: ba475c20451d38d29823b7d0caf30b82,
Execution Time for Trace ID ba475c20451d38d29823b7d0caf30b82: 425 ms
Input: 5500000,
Cold Start: false
Unique ID: 0fc642198c622e06788a9a7d80f3c9c9,
Execution Time for Trace ID 0fc642198c622e06788a9a7d80f3c9c9: 394 ms
Input: 5500000,
Cold Start: false
Unique ID: e1c304045964262d6a445594af39c388,
Execution Time for Trace ID e1c304045964262d6a445594af39c388: 408 ms
Input: 5500000,
Cold Start: false
Unique ID: 9b3fa4c956636c7410a4df442a6996ab,
Execution Time for Trace ID 9b3fa4c956636c7410a4df442a6996ab: 368 ms
Input: 5500000,
Cold Start: false
Unique ID: 50d6a347d6cb594fdfe256d3f0c9ebec,
Execution Time for Trace ID 50d6a347d6cb594fdfe256d3f0c9ebec: 398 ms
Input: 5500000,
Cold Start: false
Unique ID: e9581a6cbfa7adc1159695d366fee593,
Execution Time for Trace ID e9581a6cbfa7adc1159695d366fee593: 363 ms
Input: 5500000,
Cold Start: false
Unique ID: 0ad532879b13681b9abc320e32e075ea,
Execution Time for Trace ID 0ad532879b13681b9abc320e32e075ea: 417 ms
Input: 5500000,
Cold Start: false
Unique ID: a6a1c7bcfc501009073e34606ba52060,
Execution Time for Trace ID a6a1c7bcfc501009073e34606ba52060: 352 ms
Input: 5500000,
Cold Start: false
Unique ID: 75578249e49f9cf2431797ec91d4029a,
Execution Time for Trace ID 75578249e49f9cf2431797ec91d4029a: 418 ms
Input: 5500000,
Cold Start: false
Unique ID: 622594694e135eb3505386b89b81c270,
Execution Time for Trace ID 622594694e135eb3505386b89b81c270: 431 ms
Input: 5500000,
Cold Start: false
Unique ID: b954b5b77d67e1775e3704b15844332a,
Execution Time for Trace ID b954b5b77d67e1775e3704b15844332a: 486 ms
Input: 5500000,
Cold Start: false
Unique ID: dbcf7c74a40787f4c1d3524a0d722366,
Execution Time for Trace ID dbcf7c74a40787f4c1d3524a0d722366: 367 ms
Input: 5500000,
Cold Start: false
Unique ID: 0805f9c2574a213c5d4d79da08f9b7f2,
Execution Time for Trace ID 0805f9c2574a213c5d4d79da08f9b7f2: 396 ms
Input: 5500000,
Cold Start: false
Unique ID: 869527015fc76480fd74aa60f1608df0,
Execution Time for Trace ID 869527015fc76480fd74aa60f1608df0: 359 ms
Input: 5500000,
Cold Start: false
Unique ID: da5af1bb47901ae9e6359aefdc8430bc,
Execution Time for Trace ID da5af1bb47901ae9e6359aefdc8430bc: 420 ms
Input: 5500000,
Cold Start: false
Unique ID: b47e42782677561c24b4022bf239ba3a,
Execution Time for Trace ID b47e42782677561c24b4022bf239ba3a: 353 ms
Input: 5500000,
Cold Start: false
Unique ID: 93aa18d017bec7f10abf956dab3cafe4,
Execution Time for Trace ID 93aa18d017bec7f10abf956dab3cafe4: 400 ms
Input: 5500000,
Cold Start: false
Unique ID: b3b46f6294c8090c91f096b633e0f75d,
Execution Time for Trace ID b3b46f6294c8090c91f096b633e0f75d: 380 ms
Input: 5500000,
Cold Start: false
Unique ID: 0fc183cbb89c0ac77edb9700d7a98bb8,
Execution Time for Trace ID 0fc183cbb89c0ac77edb9700d7a98bb8: 390 ms
Input: 5500000,
Cold Start: false
Unique ID: 1d0bcb99451bd125d8f38786a0873500,
Execution Time for Trace ID 1d0bcb99451bd125d8f38786a0873500: 367 ms
Input: 5500000,
Cold Start: false
Unique ID: 54d778ee5f0cafcc2e9290e15ca33382,
Execution Time for Trace ID 54d778ee5f0cafcc2e9290e15ca33382: 396 ms
Input: 5500000,
Cold Start: false
Unique ID: b327fc9765572a42e40bf23b2498729e,
Execution Time for Trace ID b327fc9765572a42e40bf23b2498729e: 358 ms
Input: 5500000,
Cold Start: false
Unique ID: 69a0dfbaba7c6ee983c91294d2919a4a,
Execution Time for Trace ID 69a0dfbaba7c6ee983c91294d2919a4a: 354 ms
Input: 5500000,
Cold Start: false
Unique ID: 9f44c3380e591aa70c93f4c6449bdb39,
Execution Time for Trace ID 9f44c3380e591aa70c93f4c6449bdb39: 355 ms
Input: 5500000,
Cold Start: false
Unique ID: 45bca79b93ba700ef629b26813c699c8,
Execution Time for Trace ID 45bca79b93ba700ef629b26813c699c8: 427 ms
Input: 5500000,
Cold Start: false
Unique ID: d35253bf1c0dfa91ba818aa2262eadb9,
Execution Time for Trace ID d35253bf1c0dfa91ba818aa2262eadb9: 378 ms
Input: 5500000,
Cold Start: false
Unique ID: ef79459868d9a246b299708223aaad57,
Execution Time for Trace ID ef79459868d9a246b299708223aaad57: 391 ms
Input: 5500000,
Cold Start: false
Unique ID: b3520fa30674c6043d0a972706fee9b6,
Execution Time for Trace ID b3520fa30674c6043d0a972706fee9b6: 373 ms
Input: 5500000,
Cold Start: false
Unique ID: 66cf4e4e2728af91c1dcbe83b0654f0f,
Execution Time for Trace ID 66cf4e4e2728af91c1dcbe83b0654f0f: 407 ms
Input: 5500000,
Cold Start: false
Unique ID: 6919b6db1998afb190ec02f3459dd9a4,
Execution Time for Trace ID 6919b6db1998afb190ec02f3459dd9a4: 358 ms
Input: 5500000,
Cold Start: false
Unique ID: b75cb73833ae716ec26f5c3f86539170,
Execution Time for Trace ID b75cb73833ae716ec26f5c3f86539170: 354 ms
Input: 5500000,
Cold Start: false
Unique ID: f06a525ac70c53edd9530f25c6397a04,
Execution Time for Trace ID f06a525ac70c53edd9530f25c6397a04: 362 ms
Input: 5500000,
Cold Start: false
Unique ID: 21846ff0652af2400e3dcdfcaea79acc,
Execution Time for Trace ID 21846ff0652af2400e3dcdfcaea79acc: 354 ms
Input: 5500000,
Cold Start: false
Unique ID: 2fde85987088cf02de85be5e2c44a39e,
Execution Time for Trace ID 2fde85987088cf02de85be5e2c44a39e: 421 ms
Input: 5500000,
Cold Start: false
Unique ID: e357cc102e09118480d13079190add37,
Execution Time for Trace ID e357cc102e09118480d13079190add37: 358 ms
Input: 5500000,
Cold Start: false
Unique ID: 61ccfa4c431eee09bb6833943a46098c,
Execution Time for Trace ID 61ccfa4c431eee09bb6833943a46098c: 370 ms
Input: 5500000,
Cold Start: false
Unique ID: f69d50561d38cefe9678d01a34f65042,
Execution Time for Trace ID f69d50561d38cefe9678d01a34f65042: 407 ms
Input: 5500000,
Cold Start: false
Unique ID: 9e2f2fc4e2f8297bad153cb4a4554de6,
Execution Time for Trace ID 9e2f2fc4e2f8297bad153cb4a4554de6: 367 ms
Input: 5500000,
Cold Start: false
Unique ID: ad06a0db8703b3a778c2cb7ca58d209d,
Execution Time for Trace ID ad06a0db8703b3a778c2cb7ca58d209d: 356 ms
Input: 5500000,
Cold Start: false
Unique ID: 70b2c25ad32ca665bcafb56199c6a470,
Execution Time for Trace ID 70b2c25ad32ca665bcafb56199c6a470: 367 ms
Input: 5500000,
Cold Start: false
Unique ID: 986551483f33a3dfd095117f904d322b,
Execution Time for Trace ID 986551483f33a3dfd095117f904d322b: 419 ms
Input: 5500000,
Cold Start: false
Unique ID: cadb6d252e567c4680b1dcd22fd95a28,
Execution Time for Trace ID cadb6d252e567c4680b1dcd22fd95a28: 428 ms
Input: 5500000,
Cold Start: false
Unique ID: 74b57317f91b648ad6c13c0abe5296f5,
Execution Time for Trace ID 74b57317f91b648ad6c13c0abe5296f5: 407 ms
Input: 5500000,
Cold Start: false
Unique ID: 8f1a901d5e05ecd09962cd2f133a8bc2,
Execution Time for Trace ID 8f1a901d5e05ecd09962cd2f133a8bc2: 357 ms
Input: 5500000,
Cold Start: false
Unique ID: 8582494cb8866e33247d27fc1bc3b6f4,
Execution Time for Trace ID 8582494cb8866e33247d27fc1bc3b6f4: 353 ms
Input: 5500000,
Cold Start: false
Unique ID: 709f3cd40fa5b7e0e33fc4e80286e69f,
Execution Time for Trace ID 709f3cd40fa5b7e0e33fc4e80286e69f: 418 ms
Input: 5500000,
Cold Start: false
Unique ID: a6ba39d5183e0224b71eac86cf11f6ce,
Execution Time for Trace ID a6ba39d5183e0224b71eac86cf11f6ce: 351 ms
Input: 5500000,
Cold Start: false
Unique ID: 897c8fb59e577533a40ebf1517fb540c,
Execution Time for Trace ID 897c8fb59e577533a40ebf1517fb540c: 367 ms
Input: 5500000,
Cold Start: false
Unique ID: 688291aa4a3a64dfc80c9e3c512cc054,
Execution Time for Trace ID 688291aa4a3a64dfc80c9e3c512cc054: 412 ms
Input: 5500000,
Cold Start: false
Unique ID: 8e57755b40e786d3c10cb8881a933962,
Execution Time for Trace ID 8e57755b40e786d3c10cb8881a933962: 386 ms
Input: 5500000,
Cold Start: false
Unique ID: 2a6b9f2a330221a9d305f65a5737892b,
Execution Time for Trace ID 2a6b9f2a330221a9d305f65a5737892b: 387 ms
Input: 5500000,
Cold Start: false
Unique ID: 0eb719082ce1126d90a15497252a7b06,
Execution Time for Trace ID 0eb719082ce1126d90a15497252a7b06: 368 ms
Input: 5500000,
Cold Start: false
Unique ID: d296eda0d95d1bdf389999b50320d575,
Execution Time for Trace ID d296eda0d95d1bdf389999b50320d575: 405 ms
Input: 5500000,
Cold Start: false
Unique ID: 5e0572817f8a3904900ba339cb0e0043,
Execution Time for Trace ID 5e0572817f8a3904900ba339cb0e0043: 569 ms
Input: 5500000,
Cold Start: false
Unique ID: 293c04be50371bc6783c76180393f2af,
Execution Time for Trace ID 293c04be50371bc6783c76180393f2af: 626 ms
Input: 5500000,
Cold Start: false
Unique ID: 2a3509587be8c03ee8462cb3ee520833,
Execution Time for Trace ID 2a3509587be8c03ee8462cb3ee520833: 361 ms
Input: 5500000,
Cold Start: false
Unique ID: bffb272cf099441041a709caa975ee5f,
Execution Time for Trace ID bffb272cf099441041a709caa975ee5f: 410 ms
Input: 5500000,
Cold Start: false
Unique ID: 31a85ce4e4c4c2845e38f3e7d60b32c5,
Execution Time for Trace ID 31a85ce4e4c4c2845e38f3e7d60b32c5: 376 ms
Input: 5500000,
Cold Start: false
Unique ID: 3c3f7d7d893cffe3f1e5dc9f5f6f9b4c,
Execution Time for Trace ID 3c3f7d7d893cffe3f1e5dc9f5f6f9b4c: 384 ms
Input: 5500000,
Cold Start: false
Unique ID: 3c0957a3776c2e0611741de5224cc29e,
Execution Time for Trace ID 3c0957a3776c2e0611741de5224cc29e: 366 ms
Input: 5500000,
Cold Start: false
Unique ID: e5e1ec605a19e799586d78d207119216,
Execution Time for Trace ID e5e1ec605a19e799586d78d207119216: 410 ms
Input: 5500000,
Cold Start: false
Unique ID: 39a1f50c34618ada0cb7783a52ab789b,
Execution Time for Trace ID 39a1f50c34618ada0cb7783a52ab789b: 395 ms
Input: 5500000,
Cold Start: false
Unique ID: f529e5cf90bc66bc2ba471ea84b1d585,
Execution Time for Trace ID f529e5cf90bc66bc2ba471ea84b1d585: 440 ms
Input: 5500000,
Cold Start: false
Unique ID: b92ae250697c8b895b20015cd8a75635,
Execution Time for Trace ID b92ae250697c8b895b20015cd8a75635: 367 ms
Input: 5500000,
Cold Start: false
Unique ID: 2df7eeb4d9b6ec5cce243fc34c4e1fb6,
Execution Time for Trace ID 2df7eeb4d9b6ec5cce243fc34c4e1fb6: 404 ms
Input: 5500000,
Cold Start: false
Unique ID: 3487546f63f06955950463af1524ab39,
Execution Time for Trace ID 3487546f63f06955950463af1524ab39: 357 ms
Input: 5500000,
Cold Start: false
Unique ID: 22aec6bb7b4aa0f42ff4d2a2efe0a80b,
Execution Time for Trace ID 22aec6bb7b4aa0f42ff4d2a2efe0a80b: 431 ms
Input: 5500000,
Cold Start: false
Unique ID: fa6978d90b09f307be8a1191284793c4,
Execution Time for Trace ID fa6978d90b09f307be8a1191284793c4: 360 ms
Input: 5500000,
Cold Start: false
Unique ID: c426e4ac845cd722b86d2b969684ddb7,
Execution Time for Trace ID c426e4ac845cd722b86d2b969684ddb7: 361 ms
Input: 5500000,
Cold Start: false
Unique ID: eb9710869cf757eb9bb23b54cb6bcf8d,
Execution Time for Trace ID eb9710869cf757eb9bb23b54cb6bcf8d: 416 ms
Input: 5500000,
Cold Start: false
Unique ID: 2aa3aa620bacb0ecaa39a4e1195cdfa8,
Execution Time for Trace ID 2aa3aa620bacb0ecaa39a4e1195cdfa8: 437 ms
Input: 5500000,
Cold Start: false
Unique ID: 1feae0ba2071ed289374baefc55f2171,
Execution Time for Trace ID 1feae0ba2071ed289374baefc55f2171: 361 ms
Input: 5500000,
Cold Start: false
Unique ID: 0a651e0b5228c2abbac58103dd89dbf4,
Execution Time for Trace ID 0a651e0b5228c2abbac58103dd89dbf4: 415 ms
Input: 5500000,
Cold Start: false
Unique ID: fbee9633ef530f5c72496705683fdbd1,
Execution Time for Trace ID fbee9633ef530f5c72496705683fdbd1: 395 ms
Input: 5500000,
Cold Start: false
Unique ID: af21bcd223a914959a6adfb0d68121a2,
Execution Time for Trace ID af21bcd223a914959a6adfb0d68121a2: 386 ms
Input: 5500000,
Cold Start: false
Unique ID: 22dd4c84df52782ef3ff8a3a68c5cb88,
Execution Time for Trace ID 22dd4c84df52782ef3ff8a3a68c5cb88: 417 ms
Input: 5500000,
Cold Start: false
Unique ID: 455c80059837ec31df2f950e8f5a8cbe,
Execution Time for Trace ID 455c80059837ec31df2f950e8f5a8cbe: 395 ms
Input: 5500000,
Cold Start: false
Unique ID: e52d160fc1a50514d21e543516a97d13,
Execution Time for Trace ID e52d160fc1a50514d21e543516a97d13: 369 ms
Input: 5500000,
Cold Start: false
Unique ID: b8ac8ddd6ee8813da02b504310f59c96,
Execution Time for Trace ID b8ac8ddd6ee8813da02b504310f59c96: 428 ms
Input: 5500000,
Cold Start: false
Unique ID: bc448b528cf9d95d2b2d0b6b457337d4,
Execution Time for Trace ID bc448b528cf9d95d2b2d0b6b457337d4: 361 ms
Input: 5500000,
Cold Start: false
Unique ID: 8e2d94ce6fa8bdd1bb1cfadced1b9f1b,
Execution Time for Trace ID 8e2d94ce6fa8bdd1bb1cfadced1b9f1b: 405 ms
Input: 5500000,
Cold Start: false
Unique ID: cdf1c0961625a29155d3918596bdb898,
Execution Time for Trace ID cdf1c0961625a29155d3918596bdb898: 402 ms
Input: 5500000,
Cold Start: false
Unique ID: 6c0b40e066d8f9c121e4f13b0e28dfbe,
Execution Time for Trace ID 6c0b40e066d8f9c121e4f13b0e28dfbe: 430 ms
Input: 5500000,
Cold Start: false
Unique ID: db9c7153739fa7dec5895447f2c5aacf,
Execution Time for Trace ID db9c7153739fa7dec5895447f2c5aacf: 365 ms
Input: 5500000,
Cold Start: false
Unique ID: 9c3f4317531cea37065d467b79c85fd6,
Execution Time for Trace ID 9c3f4317531cea37065d467b79c85fd6: 398 ms
Input: 5500000,
Cold Start: false
Unique ID: 0d5e6bb1382ec8ce2b8e56280d633df7,
Execution Time for Trace ID 0d5e6bb1382ec8ce2b8e56280d633df7: 358 ms
Input: 5500000,
Cold Start: false
Unique ID: 5e8a41ef343972e9d998126d40faeacb,
Execution Time for Trace ID 5e8a41ef343972e9d998126d40faeacb: 409 ms
Input: 5500000,
Cold Start: false
Unique ID: abc6cddc5bd4dfc287844d4a117c0e00,
Execution Time for Trace ID abc6cddc5bd4dfc287844d4a117c0e00: 395 ms
Input: 5500000,
Cold Start: false
Unique ID: c956d729aa5d6649247e9ae49cba2fe3,
Execution Time for Trace ID c956d729aa5d6649247e9ae49cba2fe3: 399 ms
Input: 5500000,
Cold Start: false
Unique ID: 73108a455d7b11ca3912faa6fe38855b,
Execution Time for Trace ID 73108a455d7b11ca3912faa6fe38855b: 623 ms
Input: 5500000,
Cold Start: false
Unique ID: 093b347af521c462f7459ebe8f47b266,
Execution Time for Trace ID 093b347af521c462f7459ebe8f47b266: 592 ms
Input: 5500000,
Cold Start: false
Unique ID: 33a685fea68716c2238a99696f7cab04,
Execution Time for Trace ID 33a685fea68716c2238a99696f7cab04: 382 ms
Input: 5500000,
Cold Start: false
Unique ID: 924fcbc826a9e11f0b7a75c4bc9b8b79,
Execution Time for Trace ID 924fcbc826a9e11f0b7a75c4bc9b8b79: 419 ms
Input: 5500000,
Cold Start: false
Unique ID: 61d34f0b7e3999f14867f139f0435580,
Execution Time for Trace ID 61d34f0b7e3999f14867f139f0435580: 382 ms
Input: 5500000,
Cold Start: false
Unique ID: 14f33ce0270e68d80854598c5eba7a30,
Execution Time for Trace ID 14f33ce0270e68d80854598c5eba7a30: 459 ms
Input: 5500000,
Cold Start: false
Unique ID: 32541380401e89600512de41a9abbacf,
Execution Time for Trace ID 32541380401e89600512de41a9abbacf: 354 ms
Input: 5500000,
Cold Start: false
Unique ID: 05e0fc11829ac5a41fc784a09afb8eea,
Execution Time for Trace ID 05e0fc11829ac5a41fc784a09afb8eea: 394 ms
Input: 5500000,
Cold Start: false
Unique ID: e9a7e3af5b3bef9c311ee1244859ee14,
Execution Time for Trace ID e9a7e3af5b3bef9c311ee1244859ee14: 363 ms
Input: 5500000,
Cold Start: false
Unique ID: a086713af186d12616dd1dc7bb8a6579,
Execution Time for Trace ID a086713af186d12616dd1dc7bb8a6579: 425 ms
Input: 5500000,
Cold Start: false
Unique ID: 53fb4bbb2c4d2f5c119bc988cde73368,
Execution Time for Trace ID 53fb4bbb2c4d2f5c119bc988cde73368: 405 ms
Input: 5500000,
Cold Start: false
Unique ID: 2554ace9894f6c300af470faf22db538,
Execution Time for Trace ID 2554ace9894f6c300af470faf22db538: 363 ms
Input: 5500000,
Cold Start: false
Unique ID: 5d94db1fafacab0a31cad2499339e7bf,
Execution Time for Trace ID 5d94db1fafacab0a31cad2499339e7bf: 438 ms
Input: 5500000,
Cold Start: false
Unique ID: 1217324bef1d2487da91a4bb8d2abb47,
Execution Time for Trace ID 1217324bef1d2487da91a4bb8d2abb47: 366 ms
Input: 5500000,
Cold Start: false
Unique ID: 51087a4b7c99497f02d769abf1515112,
Execution Time for Trace ID 51087a4b7c99497f02d769abf1515112: 367 ms
Input: 5500000,
Cold Start: false
Unique ID: 07cf27174025ca83d3a4f35fdd2a3a15,
Execution Time for Trace ID 07cf27174025ca83d3a4f35fdd2a3a15: 386 ms
Input: 5500000,
Cold Start: false
Unique ID: 9493c86026b47106a3b9cfe9337cbdb3,
Execution Time for Trace ID 9493c86026b47106a3b9cfe9337cbdb3: 408 ms
Input: 5500000,
Cold Start: false
Unique ID: 9c6fa859eea3c35e7b0169a859bfa48f,
Execution Time for Trace ID 9c6fa859eea3c35e7b0169a859bfa48f: 417 ms
Input: 5500000,
Cold Start: false
Unique ID: dde9c7176f58023970c632f51f02e165,
Execution Time for Trace ID dde9c7176f58023970c632f51f02e165: 405 ms
Input: 5500000,
Cold Start: false
Unique ID: 8b70b8fcc766e4296b1f69eebcd37e19,
Execution Time for Trace ID 8b70b8fcc766e4296b1f69eebcd37e19: 413 ms
Input: 5500000,
Cold Start: false
Unique ID: bd941412906c2a27b44f3edeb9eeca86,
Execution Time for Trace ID bd941412906c2a27b44f3edeb9eeca86: 408 ms
Input: 5500000,
Cold Start: false
Unique ID: 5c785f30776e2b1492645c985d61ae0e,
Execution Time for Trace ID 5c785f30776e2b1492645c985d61ae0e: 412 ms
Input: 5500000,
Cold Start: false
Unique ID: adb5965cefaabcb7f54cf53d6de2e082,
Execution Time for Trace ID adb5965cefaabcb7f54cf53d6de2e082: 355 ms
Input: 5500000,
Cold Start: false
Unique ID: 542372775d12bfd6a264865bed747555,
Execution Time for Trace ID 542372775d12bfd6a264865bed747555: 386 ms
Input: 5500000,
Cold Start: false
Unique ID: df91a7f2e74c3044bcd26edb31dcfa43,
Execution Time for Trace ID df91a7f2e74c3044bcd26edb31dcfa43: 400 ms
Input: 5500000,
Cold Start: false
Unique ID: 1361a5550b4b5afa8faa6ec15039e123,
Execution Time for Trace ID 1361a5550b4b5afa8faa6ec15039e123: 365 ms
Input: 5500000,
Cold Start: false
Unique ID: 037b21c624e0f9d7cd063b44b0c86733,
Execution Time for Trace ID 037b21c624e0f9d7cd063b44b0c86733: 357 ms
Input: 5500000,
Cold Start: false
Unique ID: 7236558212c31d28ad03c8ef7dd39a9e,
Execution Time for Trace ID 7236558212c31d28ad03c8ef7dd39a9e: 380 ms
Input: 5500000,
Cold Start: false
Unique ID: 7faf9aaf746a8985cc1a6eade62bddaf,
Execution Time for Trace ID 7faf9aaf746a8985cc1a6eade62bddaf: 383 ms
Input: 5500000,
Cold Start: false
Unique ID: fa5d661910cfcea5fb50517955922144,
Execution Time for Trace ID fa5d661910cfcea5fb50517955922144: 369 ms
Input: 5500000,
Cold Start: false
Unique ID: 865ad60fa536e87a543ec486f76327da,
Execution Time for Trace ID 865ad60fa536e87a543ec486f76327da: 359 ms
Input: 5500000,
Cold Start: false
Unique ID: a22e0e3ce83a6652577c461cb8f12a7e,
Execution Time for Trace ID a22e0e3ce83a6652577c461cb8f12a7e: 387 ms
Input: 5500000,
Cold Start: false
Unique ID: c38bc48339a31748213b104aac86d3d6,
Execution Time for Trace ID c38bc48339a31748213b104aac86d3d6: 414 ms
Input: 5500000,
Cold Start: false
Unique ID: d4946317c140de8e2165dbe7d60905f8,
Execution Time for Trace ID d4946317c140de8e2165dbe7d60905f8: 425 ms
Input: 5500000,
Cold Start: false
Unique ID: 0d2fb7badc8342a094925667a4de0419,
Execution Time for Trace ID 0d2fb7badc8342a094925667a4de0419: 417 ms
Input: 5500000,
Cold Start: false
Unique ID: a50be491d113076878fda2dd025e8322,
Execution Time for Trace ID a50be491d113076878fda2dd025e8322: 401 ms
Input: 5500000,
Cold Start: false
Unique ID: 7f778f417ec43c4d808eae333cff5a14,
Execution Time for Trace ID 7f778f417ec43c4d808eae333cff5a14: 418 ms
Input: 5500000,
Cold Start: false
Unique ID: 8a1d5a29c61aa30494b7be1521c52afb,
Execution Time for Trace ID 8a1d5a29c61aa30494b7be1521c52afb: 423 ms
Input: 5500000,
Cold Start: false
Unique ID: d06cf963720ac89dd604f67115ab1312,
Execution Time for Trace ID d06cf963720ac89dd604f67115ab1312: 382 ms
Input: 5500000,
Cold Start: false
Unique ID: b737b4049b335d97df70c93a92a9dada,
Execution Time for Trace ID b737b4049b335d97df70c93a92a9dada: 421 ms
Input: 5500000,
Cold Start: false
Unique ID: 513b2d86d5e440e2db117a4a38373ba3,
Execution Time for Trace ID 513b2d86d5e440e2db117a4a38373ba3: 373 ms
Input: 5500000,
Cold Start: false
Unique ID: d47030e42d489f6056e451d12a23226c,
Execution Time for Trace ID d47030e42d489f6056e451d12a23226c: 426 ms
Input: 5500000,
Cold Start: false
Unique ID: 02ac7cfbeaf5df3dd87a4224fd08141e,
Execution Time for Trace ID 02ac7cfbeaf5df3dd87a4224fd08141e: 363 ms
Input: 5500000,
Cold Start: false
Unique ID: 4bbdfe6e7dbf12a25926f77c36aea314,
Execution Time for Trace ID 4bbdfe6e7dbf12a25926f77c36aea314: 382 ms
Input: 5500000,
Cold Start: false
Unique ID: 867b6826875ff755cb49e7cdf182113d,
Execution Time for Trace ID 867b6826875ff755cb49e7cdf182113d: 367 ms
Input: 5500000,
Cold Start: false
Unique ID: b9e3725ee88f187e3479ed6503b87dc7,
Execution Time for Trace ID b9e3725ee88f187e3479ed6503b87dc7: 424 ms
Input: 5500000,
Cold Start: false
Unique ID: 46e1eac2a0a6e05086c5ef7e0c21f03d,
Execution Time for Trace ID 46e1eac2a0a6e05086c5ef7e0c21f03d: 365 ms
Input: 5500000,
Cold Start: false
Unique ID: 129452166c125e8b9267c4c6175327ab,
Execution Time for Trace ID 129452166c125e8b9267c4c6175327ab: 385 ms
Input: 5500000,
Cold Start: false
Unique ID: bd774bb49be21c42cb0fa064e48b8f27,
Execution Time for Trace ID bd774bb49be21c42cb0fa064e48b8f27: 360 ms
Input: 5500000,
Cold Start: false
Unique ID: c74a035d4bcb5e97f72ae0b2846c3360,
Execution Time for Trace ID c74a035d4bcb5e97f72ae0b2846c3360: 367 ms
Input: 5500000,
Cold Start: false
Unique ID: 1c7b87f6c12d203384ec9d70e0d3d541,
Execution Time for Trace ID 1c7b87f6c12d203384ec9d70e0d3d541: 412 ms
Input: 5500000,
Cold Start: false
Unique ID: c59a17a7ce7dd33536807f192e36b0d0,
Execution Time for Trace ID c59a17a7ce7dd33536807f192e36b0d0: 410 ms
Input: 5500000,
Cold Start: false
Unique ID: 582a2c03e3aaae01a2103224ca3c6a66,
Execution Time for Trace ID 582a2c03e3aaae01a2103224ca3c6a66: 374 ms
Input: 5500000,
Cold Start: false
Unique ID: 938af27eda906e69c0ecda7f9adaa4e2,
Execution Time for Trace ID 938af27eda906e69c0ecda7f9adaa4e2: 421 ms
Input: 5500000,
Cold Start: false
Unique ID: b7672867f2b8ceb6c9ef53f6a8458004,
Execution Time for Trace ID b7672867f2b8ceb6c9ef53f6a8458004: 351 ms
Input: 5500000,
Cold Start: false
Unique ID: 2532711106ac63535cbec45ba5dfdea0,
Execution Time for Trace ID 2532711106ac63535cbec45ba5dfdea0: 416 ms
Input: 5500000,
Cold Start: false
Unique ID: 67aace6f9365c88a150bbd089d2f3dde,
Execution Time for Trace ID 67aace6f9365c88a150bbd089d2f3dde: 385 ms
Input: 5500000,
Cold Start: false
Unique ID: 188e1ff4d391a736e951eff9af2940bf,
Execution Time for Trace ID 188e1ff4d391a736e951eff9af2940bf: 405 ms
Input: 5500000,
Cold Start: false
Unique ID: 19aba7046b2034db0d0920c3de8ba723,
Execution Time for Trace ID 19aba7046b2034db0d0920c3de8ba723: 405 ms
Input: 5500000,
Cold Start: false
Unique ID: 218627d2e659a4c13254c333fc42ebb9,
Execution Time for Trace ID 218627d2e659a4c13254c333fc42ebb9: 402 ms
Input: 5500000,
Cold Start: false
Unique ID: cb6d2aa9fdee6ab3e3539fcb1b698ed2,
Execution Time for Trace ID cb6d2aa9fdee6ab3e3539fcb1b698ed2: 426 ms
Input: 5500000,
Cold Start: false
Unique ID: 747ea5698a04c0b8419f1478ce17a3cf,
Execution Time for Trace ID 747ea5698a04c0b8419f1478ce17a3cf: 457 ms
Input: 5500000,
Cold Start: false
Unique ID: c5eba5cc4653d2ad7049240d879257e3,
Execution Time for Trace ID c5eba5cc4653d2ad7049240d879257e3: 356 ms
Input: 5500000,
Cold Start: false
Unique ID: 75c52aa563e090eea70b680d7a6874fa,
Execution Time for Trace ID 75c52aa563e090eea70b680d7a6874fa: 388 ms
Input: 5500000,
Cold Start: false
Unique ID: aba55ce23f8e4641b28c33d86613fe9a,
Execution Time for Trace ID aba55ce23f8e4641b28c33d86613fe9a: 370 ms
Input: 5500000,
Cold Start: false
Unique ID: 6d3923690c2e952a1ada566218c76b2d,
Execution Time for Trace ID 6d3923690c2e952a1ada566218c76b2d: 376 ms
Input: 5500000,
Cold Start: false
Unique ID: fcf3cc8778167c26334528ddde96d6b2,
Execution Time for Trace ID fcf3cc8778167c26334528ddde96d6b2: 355 ms
Input: 5500000,
Cold Start: false
Unique ID: 484eaedcff5ef304909c65c6a95e1420,
Execution Time for Trace ID 484eaedcff5ef304909c65c6a95e1420: 398 ms
Input: 5500000,
Cold Start: false
Unique ID: abb1cfd95cced894354612e4cf21455a,
Execution Time for Trace ID abb1cfd95cced894354612e4cf21455a: 439 ms
Input: 5500000,
Cold Start: false
Unique ID: 092d6e5292b9e21af854f7d9a1c4b660,
Execution Time for Trace ID 092d6e5292b9e21af854f7d9a1c4b660: 390 ms
Input: 5500000,
Cold Start: false
Unique ID: 4d9403117128944858c1fb019a0d452f,
Execution Time for Trace ID 4d9403117128944858c1fb019a0d452f: 418 ms
Input: 5500000,
Cold Start: false
Unique ID: 5427c796120e5c5c5d674bbfbf6f5c7d,
Execution Time for Trace ID 5427c796120e5c5c5d674bbfbf6f5c7d: 408 ms
Input: 5500000,
Cold Start: false
Unique ID: 3c01752c6e9c243715be91b92f15213a,
Execution Time for Trace ID 3c01752c6e9c243715be91b92f15213a: 373 ms
Input: 5500000,
Cold Start: false
Unique ID: 894ca6a1ba427cf59bb148404ce48e8f,
Execution Time for Trace ID 894ca6a1ba427cf59bb148404ce48e8f: 426 ms
Input: 5500000,
Cold Start: false
Unique ID: aad50765f2f9e7fb00b96a95d43b5692,
Execution Time for Trace ID aad50765f2f9e7fb00b96a95d43b5692: 355 ms
Input: 5500000,
Cold Start: false
Unique ID: 09cc93c1b278803073b61f32fa6be4bf,
Execution Time for Trace ID 09cc93c1b278803073b61f32fa6be4bf: 410 ms
Input: 5500000,
Cold Start: false
Unique ID: bae47312675820e2485c2d685a6bfc39,
Execution Time for Trace ID bae47312675820e2485c2d685a6bfc39: 378 ms
Input: 5500000,
Cold Start: false
Unique ID: bfb114e5a605fa3a79e25ac96a5f0df0,
Execution Time for Trace ID bfb114e5a605fa3a79e25ac96a5f0df0: 368 ms
Input: 5500000,
Cold Start: false
Unique ID: 41684c65cdad91e42bf15ae5d1b1cefe,
Execution Time for Trace ID 41684c65cdad91e42bf15ae5d1b1cefe: 410 ms
Input: 5500000,
Cold Start: false
Unique ID: 9395354cb6490dfdddf4d93bfa499a42,
Execution Time for Trace ID 9395354cb6490dfdddf4d93bfa499a42: 416 ms
Input: 5500000,
Cold Start: false
Unique ID: 3d98fb093dd34278f73d257b3e54146b,
Execution Time for Trace ID 3d98fb093dd34278f73d257b3e54146b: 378 ms
Input: 5500000,
Cold Start: false
Unique ID: 527a394d9f445ad0aa7822eeda084100,
Execution Time for Trace ID 527a394d9f445ad0aa7822eeda084100: 352 ms
Input: 5500000,
Cold Start: false
Unique ID: fab7ccd6e57b1fee3f20e4aa90f6882c,
Execution Time for Trace ID fab7ccd6e57b1fee3f20e4aa90f6882c: 416 ms
Input: 5500000,
Cold Start: false
Unique ID: fb8623b00d62ee33e34a351b81aa9753,
Execution Time for Trace ID fb8623b00d62ee33e34a351b81aa9753: 413 ms
Input: 5500000,
Cold Start: false
Unique ID: 80980adcd1789af10ce598c8c19e5449,
Execution Time for Trace ID 80980adcd1789af10ce598c8c19e5449: 449 ms
Input: 5500000,
Cold Start: false
Unique ID: f862bcc51db5d318b4ab452009d6e1e1,
Execution Time for Trace ID f862bcc51db5d318b4ab452009d6e1e1: 450 ms
Input: 5500000,
Cold Start: false
Unique ID: c942f0491d3621ab9a4afb530644bf64,
Execution Time for Trace ID c942f0491d3621ab9a4afb530644bf64: 358 ms
Input: 5500000,
Cold Start: false
Unique ID: d8597335d1a639b9283e0380b2b54bdb,
Execution Time for Trace ID d8597335d1a639b9283e0380b2b54bdb: 378 ms
Input: 5500000,
Cold Start: false
Unique ID: 4475ee632996a7c97e9dd3aa3aa0a948,
Execution Time for Trace ID 4475ee632996a7c97e9dd3aa3aa0a948: 386 ms
Input: 5500000,
Cold Start: false
Unique ID: 4c3fb726172e248dae79e4ff14df7096,
Execution Time for Trace ID 4c3fb726172e248dae79e4ff14df7096: 431 ms
Input: 5500000,
Cold Start: false
Unique ID: 18fe42d7cce6b24e0b138155d8eb0974,
Execution Time for Trace ID 18fe42d7cce6b24e0b138155d8eb0974: 416 ms
Input: 5500000,
Cold Start: false
Unique ID: aef81c6653d318e9b425f51cc991f779,
Execution Time for Trace ID aef81c6653d318e9b425f51cc991f779: 403 ms
Input: 5500000,
Cold Start: false
Unique ID: db84fb7cdba6dd8265396fe18915ab4c,
Execution Time for Trace ID db84fb7cdba6dd8265396fe18915ab4c: 439 ms
Input: 5500000,
Cold Start: false
Unique ID: 5d5e923a5df48a5d604a6207f0fe4b03,
Execution Time for Trace ID 5d5e923a5df48a5d604a6207f0fe4b03: 393 ms
Input: 5500000,
Cold Start: false
Unique ID: f08b15f97b8fbeb1316967b4b968501f,
Execution Time for Trace ID f08b15f97b8fbeb1316967b4b968501f: 360 ms
Input: 5500000,
Cold Start: false
Unique ID: 6a7b8efa5eabbdcbcb1a1b6fc61ae77a,
Execution Time for Trace ID 6a7b8efa5eabbdcbcb1a1b6fc61ae77a: 264 ms
Input: 5500000,
Cold Start: false
Unique ID: aad866b2c8d55de42f02d224b575c54d,
Execution Time for Trace ID aad866b2c8d55de42f02d224b575c54d: 378 ms
Input: 5500000,
Cold Start: false
Unique ID: 2f7920a31d15c79e8580dd59492ff7a5,
Execution Time for Trace ID 2f7920a31d15c79e8580dd59492ff7a5: 476 ms
Input: 5500000,
Cold Start: false
Unique ID: 7e3d28d0a55ca175ebac5ec496752980,
Execution Time for Trace ID 7e3d28d0a55ca175ebac5ec496752980: 390 ms
Input: 5500000,
Cold Start: false
Unique ID: 08a99aa1d6428a19fc1525364831ae6f,
Execution Time for Trace ID 08a99aa1d6428a19fc1525364831ae6f: 432 ms
Input: 5500000,
Cold Start: false
Unique ID: 7c17acb10ed818e063c7b38edc7c623a,
Execution Time for Trace ID 7c17acb10ed818e063c7b38edc7c623a: 383 ms
Input: 5500000,
Cold Start: false
Unique ID: b7a6e3780d2bc8104dc3237de9f1a6d7,
Execution Time for Trace ID b7a6e3780d2bc8104dc3237de9f1a6d7: 384 ms
Input: 5500000,
Cold Start: false
Unique ID: 99e02d29523b92de97621a11a1addfe7,
Execution Time for Trace ID 99e02d29523b92de97621a11a1addfe7: 368 ms
Input: 5500000,
Cold Start: false
Unique ID: b89e9b3e6a53da9cad38e102f8f28d86,
Execution Time for Trace ID b89e9b3e6a53da9cad38e102f8f28d86: 350 ms
Input: 5500000,
Cold Start: false
Unique ID: 44cb7735392082709f0e21a379559c49,
Execution Time for Trace ID 44cb7735392082709f0e21a379559c49: 418 ms
Input: 5500000,
Cold Start: false
Unique ID: 4e0fdf0f92d8b2dad649351483980747,
Execution Time for Trace ID 4e0fdf0f92d8b2dad649351483980747: 503 ms
Input: 5500000,
Cold Start: false
Unique ID: e47126a86c80f72d58ce05f8cfc79d3e,
Execution Time for Trace ID e47126a86c80f72d58ce05f8cfc79d3e: 403 ms
Input: 5500000,
Cold Start: false
Unique ID: ce5c0a8afa3d55ec186d6feba21d3541,
Execution Time for Trace ID ce5c0a8afa3d55ec186d6feba21d3541: 359 ms
Input: 5500000,
Cold Start: false
Unique ID: 59d080b9180eeb2f7e087e12335c1fdb,
Execution Time for Trace ID 59d080b9180eeb2f7e087e12335c1fdb: 614 ms
Input: 5500000,
Cold Start: false
Unique ID: 104c4fd24c224233778fa954e113915e,
Execution Time for Trace ID 104c4fd24c224233778fa954e113915e: 626 ms
Input: 5500000,
Cold Start: false
Unique ID: 1c5a892ea9f428d54ce0fdcceb435db5,
Execution Time for Trace ID 1c5a892ea9f428d54ce0fdcceb435db5: 402 ms
Input: 5500000,
Cold Start: false
Unique ID: 4b3036567f23569a9d5c60bb12f20869,
Execution Time for Trace ID 4b3036567f23569a9d5c60bb12f20869: 364 ms
Input: 5500000,
Cold Start: false
Unique ID: 0fc2b360c3b6c9bfe9bbe42d0a051b06,
Execution Time for Trace ID 0fc2b360c3b6c9bfe9bbe42d0a051b06: 411 ms
Input: 5500000,
Cold Start: false
Unique ID: 42e17cf8db884efc55fd08abe0317964,
Execution Time for Trace ID 42e17cf8db884efc55fd08abe0317964: 366 ms
Input: 5500000,
Cold Start: false
Unique ID: 32f337581bbe1f22fcbff3f0c249fc3e,
Execution Time for Trace ID 32f337581bbe1f22fcbff3f0c249fc3e: 399 ms
Input: 5500000,
Cold Start: false
Unique ID: bd080262325101d003455f4c892fcc42,
Execution Time for Trace ID bd080262325101d003455f4c892fcc42: 357 ms
Input: 5500000,
Cold Start: false
Unique ID: c2aa720fcd79699965488143c71a203e,
Execution Time for Trace ID c2aa720fcd79699965488143c71a203e: 376 ms
Input: 5500000,
Cold Start: false
Unique ID: cb5dc43542b7c48210f8d7e1c86d9899,
Execution Time for Trace ID cb5dc43542b7c48210f8d7e1c86d9899: 378 ms
Input: 5500000,
Cold Start: false
Unique ID: ef73580b324e18b1ef78144b635dce52,
Execution Time for Trace ID ef73580b324e18b1ef78144b635dce52: 397 ms
Input: 5500000,
Cold Start: false
Unique ID: 968355c5ea9af9cd872d74dd43c78ff2,
Execution Time for Trace ID 968355c5ea9af9cd872d74dd43c78ff2: 355 ms
Input: 5500000,
Cold Start: false
Unique ID: f335aea84c2c22d6eb592c89f2ec37ad,
Execution Time for Trace ID f335aea84c2c22d6eb592c89f2ec37ad: 351 ms
Input: 5500000,
Cold Start: false
Unique ID: 622d3cbca0679a1296d3fa3e7d586616,
Execution Time for Trace ID 622d3cbca0679a1296d3fa3e7d586616: 439 ms
Input: 5500000,
Cold Start: false
Unique ID: 352ae374e098789aba049ad8875b3c4c,
Execution Time for Trace ID 352ae374e098789aba049ad8875b3c4c: 404 ms
Input: 5500000,
Cold Start: false
Unique ID: 83750c5807bab0b42dcf40b73634aeb2,
Execution Time for Trace ID 83750c5807bab0b42dcf40b73634aeb2: 356 ms
Input: 5500000,
Cold Start: false
Unique ID: 4d83f8d65ac66aa06c487f93540df96e,
Execution Time for Trace ID 4d83f8d65ac66aa06c487f93540df96e: 378 ms
Input: 5500000,
Cold Start: false
Unique ID: 550b061fa4198f77b47da8cd474aef28,
Execution Time for Trace ID 550b061fa4198f77b47da8cd474aef28: 436 ms
Input: 5500000,
Cold Start: false
Unique ID: 12f3cf26a06101036adc36a65e69fa23,
Execution Time for Trace ID 12f3cf26a06101036adc36a65e69fa23: 395 ms
Input: 5500000,
Cold Start: false
Unique ID: 5747b329fe40b25255381bcfa8a57122,
Execution Time for Trace ID 5747b329fe40b25255381bcfa8a57122: 360 ms
Input: 5500000,
Cold Start: false
Unique ID: 677b5755d667ce77a43416275048b58d,
Execution Time for Trace ID 677b5755d667ce77a43416275048b58d: 418 ms
Input: 5500000,
Cold Start: false
Unique ID: 9f006a69bf41422d8bb7988ecf319597,
Execution Time for Trace ID 9f006a69bf41422d8bb7988ecf319597: 400 ms
Input: 5500000,
Cold Start: false
Unique ID: 5e529da2c591ff97753c9a7288bfb421,
Execution Time for Trace ID 5e529da2c591ff97753c9a7288bfb421: 387 ms
Input: 5500000,
Cold Start: false
Unique ID: f00b9c2e87d68a4189a689c23f00970b,
Execution Time for Trace ID f00b9c2e87d68a4189a689c23f00970b: 361 ms
Input: 5500000,
Cold Start: false
Unique ID: 694149bcf67bde834d6037629f287e45,
Execution Time for Trace ID 694149bcf67bde834d6037629f287e45: 521 ms
Input: 5500000,
Cold Start: false
Unique ID: 0890019816c0ddd35268303fe742a707,
Execution Time for Trace ID 0890019816c0ddd35268303fe742a707: 480 ms
Input: 5500000,
Cold Start: false
Unique ID: 626e4db4d7ef636fbbc369f9f43dd4d7,
Execution Time for Trace ID 626e4db4d7ef636fbbc369f9f43dd4d7: 394 ms
Input: 5500000,
Cold Start: false
Unique ID: 551f09119a8a77ce5a760bf356673674,
Execution Time for Trace ID 551f09119a8a77ce5a760bf356673674: 358 ms
Input: 5500000,
Cold Start: false
Unique ID: e1ba6a79c4b42cf00b25c7a70b142778,
Execution Time for Trace ID e1ba6a79c4b42cf00b25c7a70b142778: 368 ms
Input: 5500000,
Cold Start: false
Unique ID: 742b4c3b7bc8e24ea9fb7ebdb7f4c12c,
Execution Time for Trace ID 742b4c3b7bc8e24ea9fb7ebdb7f4c12c: 426 ms
Input: 5500000,
Cold Start: false
Unique ID: 4d1c2c4d6f931cafa65710283d299060,
Execution Time for Trace ID 4d1c2c4d6f931cafa65710283d299060: 386 ms
Input: 5500000,
Cold Start: false
Unique ID: 2dc3d692bb813a5a7bd646c1b4de6285,
Execution Time for Trace ID 2dc3d692bb813a5a7bd646c1b4de6285: 360 ms
Input: 5500000,
Cold Start: false
Unique ID: ed43028faf4056f59f19bd8eef7e3ca1,
Execution Time for Trace ID ed43028faf4056f59f19bd8eef7e3ca1: 422 ms
Input: 5500000,
Cold Start: false
Unique ID: 966e30f089363d768003de72862069c6,
Execution Time for Trace ID 966e30f089363d768003de72862069c6: 415 ms
Input: 5500000,
Cold Start: false
Unique ID: 2ed32879c7f37b0015920cfd445a3768,
Execution Time for Trace ID 2ed32879c7f37b0015920cfd445a3768: 406 ms
Input: 5500000,
Cold Start: false
Unique ID: 71de57c07ce22446b277861b9bd15177,
Execution Time for Trace ID 71de57c07ce22446b277861b9bd15177: 357 ms
Input: 5500000,
Cold Start: false
Unique ID: 5894a565903a9d207816046de20556eb,
Execution Time for Trace ID 5894a565903a9d207816046de20556eb: 357 ms
Input: 5500000,
Cold Start: false
Unique ID: 29870b431cfa47dc754245ab0347de4c,
Execution Time for Trace ID 29870b431cfa47dc754245ab0347de4c: 380 ms
Input: 5500000,
Cold Start: false
Unique ID: 02c7f9a1d92cbe601693375748098a27,
Execution Time for Trace ID 02c7f9a1d92cbe601693375748098a27: 387 ms
Input: 5500000,
Cold Start: false
Unique ID: aa988beeda929e3cc3c738c5c7481349,
Execution Time for Trace ID aa988beeda929e3cc3c738c5c7481349: 351 ms
Input: 5500000,
Cold Start: false
Unique ID: 29acda6868d7695a5114784a5de5a694,
Execution Time for Trace ID 29acda6868d7695a5114784a5de5a694: 352 ms
Input: 5500000,
Cold Start: false
Unique ID: 14554696131c300fd71958c4ff195234,
Execution Time for Trace ID 14554696131c300fd71958c4ff195234: 376 ms
Input: 5500000,
Cold Start: false
Unique ID: ddcb8cb34d869b09cdf6d99cda3eeef3,
Execution Time for Trace ID ddcb8cb34d869b09cdf6d99cda3eeef3: 403 ms
Input: 5500000,
Cold Start: false
Unique ID: bc093f3505356c5ac3a5ebe2dafec8fe,
Execution Time for Trace ID bc093f3505356c5ac3a5ebe2dafec8fe: 421 ms
Input: 5500000,
Cold Start: false
Unique ID: 5c819f44fca152007533422355ebf58a,
Execution Time for Trace ID 5c819f44fca152007533422355ebf58a: 372 ms
Input: 5500000,
Cold Start: false
Unique ID: f6ccfb00fb1b78e5a704d3ae46fd714f,
Execution Time for Trace ID f6ccfb00fb1b78e5a704d3ae46fd714f: 382 ms
Input: 5500000,
Cold Start: false
Unique ID: 194664cf198d3b4c99f91a146a8850f8,
Execution Time for Trace ID 194664cf198d3b4c99f91a146a8850f8: 392 ms
Input: 5500000,
Cold Start: false
Unique ID: fb64fbc2eebcf16a325da013274c9497,
Execution Time for Trace ID fb64fbc2eebcf16a325da013274c9497: 353 ms
Input: 5500000,
Cold Start: false
Unique ID: d5ec53af3ab7aadbb6a131335b7d6154,
Execution Time for Trace ID d5ec53af3ab7aadbb6a131335b7d6154: 366 ms
Input: 5500000,
Cold Start: false
Unique ID: 3944c734da9196e8b2d0f57407fc53bc,
Execution Time for Trace ID 3944c734da9196e8b2d0f57407fc53bc: 371 ms
Input: 5500000,
Cold Start: false
Unique ID: fbfba42345bba9836cdb3225766f82db,
Execution Time for Trace ID fbfba42345bba9836cdb3225766f82db: 386 ms
Input: 5500000,
Cold Start: false
Unique ID: bfb3530344190390d81f94c67180e53f,
Execution Time for Trace ID bfb3530344190390d81f94c67180e53f: 348 ms
Input: 5500000,
Cold Start: false
Unique ID: 5189d2bc109355b6f7fc742cc2a5c955,
Execution Time for Trace ID 5189d2bc109355b6f7fc742cc2a5c955: 445 ms
Input: 5500000,
Cold Start: false
Unique ID: dfead95bfd671c9e48ab52a410de8ede,
Execution Time for Trace ID dfead95bfd671c9e48ab52a410de8ede: 407 ms
Input: 5500000,
Cold Start: false
Unique ID: 1b186d202206dafd1e334a2e89b41462,
Execution Time for Trace ID 1b186d202206dafd1e334a2e89b41462: 403 ms
Input: 5500000,
Cold Start: false
Unique ID: 6f9ce920c518359ff7eb4bedb6747553,
Execution Time for Trace ID 6f9ce920c518359ff7eb4bedb6747553: 352 ms
Input: 5500000,
Cold Start: false
Unique ID: 1ecdcee3d42cc0299dba3a5ac7ee816a,
Execution Time for Trace ID 1ecdcee3d42cc0299dba3a5ac7ee816a: 414 ms
Input: 5500000,
Cold Start: false
Unique ID: 72112dcc7ba4c5980c33c2012166f9cf,
Execution Time for Trace ID 72112dcc7ba4c5980c33c2012166f9cf: 377 ms
Input: 5500000,
Cold Start: false
Unique ID: de680036e8c70e95d447474d2ccbdce4,
Execution Time for Trace ID de680036e8c70e95d447474d2ccbdce4: 398 ms
Input: 5500000,
Cold Start: false
Unique ID: df21e5b1a87602d68fa1f9832285c2b9,
Execution Time for Trace ID df21e5b1a87602d68fa1f9832285c2b9: 357 ms
Input: 5500000,
Cold Start: false
Unique ID: 500a6ebedea3bd6fd1a408a8c4c0e679,
Execution Time for Trace ID 500a6ebedea3bd6fd1a408a8c4c0e679: 394 ms
Input: 5500000,
Cold Start: false
Unique ID: 271222087551e1f1a9c5a7a452e4f3e5,
Execution Time for Trace ID 271222087551e1f1a9c5a7a452e4f3e5: 407 ms
Input: 5500000,
Cold Start: false
Unique ID: def94ccaa823b7fd9fd2c2a0b819ecf7,
Execution Time for Trace ID def94ccaa823b7fd9fd2c2a0b819ecf7: 387 ms
Input: 5500000,
Cold Start: false
Unique ID: 49edc18473c6ca8fe12ce8c57c4b6b68,
Execution Time for Trace ID 49edc18473c6ca8fe12ce8c57c4b6b68: 352 ms
Input: 5500000,
Cold Start: false
Unique ID: 0db68a7324a40f93073686e45871d9c8,
Execution Time for Trace ID 0db68a7324a40f93073686e45871d9c8: 424 ms
Input: 5500000,
Cold Start: false
Unique ID: 89e5e5f582e9b4d9dcd513c67a3c7628,
Execution Time for Trace ID 89e5e5f582e9b4d9dcd513c67a3c7628: 420 ms
Input: 5500000,
Cold Start: false
Unique ID: bfba4500e7c83d356b60009491084fd1,
Execution Time for Trace ID bfba4500e7c83d356b60009491084fd1: 353 ms
Input: 5500000,
Cold Start: false
Unique ID: 9b648027c740e780f4fe6f24f97788e6,
Execution Time for Trace ID 9b648027c740e780f4fe6f24f97788e6: 386 ms
Input: 5500000,
Cold Start: false
Unique ID: b364020c8f0936af09e7b354175f8488,
Execution Time for Trace ID b364020c8f0936af09e7b354175f8488: 428 ms
Input: 5500000,
Cold Start: false
Unique ID: 4a70b6243fb1484bdfb5cc9651b06980,
Execution Time for Trace ID 4a70b6243fb1484bdfb5cc9651b06980: 387 ms
Input: 5500000,
Cold Start: false
Unique ID: 037290cd72297e58fd6b44bd40cf0018,
Execution Time for Trace ID 037290cd72297e58fd6b44bd40cf0018: 395 ms
Input: 5500000,
Cold Start: false
Unique ID: 59f012b0b58732d015c6822e701388ca,
Execution Time for Trace ID 59f012b0b58732d015c6822e701388ca: 353 ms
Input: 5500000,
Cold Start: false
Unique ID: a6bef198844bdd484cf5f5afe7788654,
Execution Time for Trace ID a6bef198844bdd484cf5f5afe7788654: 428 ms
Input: 5500000,
Cold Start: false
Unique ID: 82952cad3d107fc9aaa689978b200784,
Execution Time for Trace ID 82952cad3d107fc9aaa689978b200784: 371 ms
Input: 5500000,
Cold Start: false
Unique ID: 07332c8d7476654d6c1e0c0453d8f35d,
Execution Time for Trace ID 07332c8d7476654d6c1e0c0453d8f35d: 391 ms
Input: 5500000,
Cold Start: false
Unique ID: 982391f5e29d09e342bfe0b4efca08a8,
Execution Time for Trace ID 982391f5e29d09e342bfe0b4efca08a8: 354 ms
Input: 5500000,
Cold Start: false
Unique ID: 102f4111e8a02f05afb06413f3e2dd3c,
Execution Time for Trace ID 102f4111e8a02f05afb06413f3e2dd3c: 375 ms
Input: 5500000,
Cold Start: false
Unique ID: 303e5e2a7d6a2c7c2cc83338464bea7c,
Execution Time for Trace ID 303e5e2a7d6a2c7c2cc83338464bea7c: 381 ms
Input: 5500000,
Cold Start: false
Unique ID: 970dd717a346917f1c025eb37f4482ef,
Execution Time for Trace ID 970dd717a346917f1c025eb37f4482ef: 412 ms
Input: 5500000,
Cold Start: false
Unique ID: 522a149e6ad05c840b3d056b8a3d2ae0,
Execution Time for Trace ID 522a149e6ad05c840b3d056b8a3d2ae0: 418 ms
Input: 5500000,
Cold Start: false
Unique ID: b28b918f756707046dcf1de7ef60ed69,
Execution Time for Trace ID b28b918f756707046dcf1de7ef60ed69: 399 ms
Input: 5500000,
Cold Start: false
Unique ID: 59783f41c485834344f026a9f0c5bd1f,
Execution Time for Trace ID 59783f41c485834344f026a9f0c5bd1f: 445 ms
Input: 5500000,
Cold Start: false
Unique ID: b362dede65267071da85b1c21eb38bef,
Execution Time for Trace ID b362dede65267071da85b1c21eb38bef: 411 ms
Input: 5500000,
Cold Start: false
Unique ID: ff0c3c2d6bd681dae78a96f2c51d564c,
Execution Time for Trace ID ff0c3c2d6bd681dae78a96f2c51d564c: 420 ms
Input: 5500000,
Cold Start: false
Unique ID: 7695543b9c68b8b8d3d752d1e6e48084,
Execution Time for Trace ID 7695543b9c68b8b8d3d752d1e6e48084: 372 ms
Input: 5500000,
Cold Start: false
Unique ID: b306537c4e692adbec54751c8fb28393,
Execution Time for Trace ID b306537c4e692adbec54751c8fb28393: 423 ms
Input: 5500000,
Cold Start: false
Unique ID: 249cfcfeea8afeb951d08ba523cd143f,
Execution Time for Trace ID 249cfcfeea8afeb951d08ba523cd143f: 393 ms
Input: 5500000,
Cold Start: false
Unique ID: b1ee4b901f3215b73ba134ea47954d44,
Execution Time for Trace ID b1ee4b901f3215b73ba134ea47954d44: 360 ms
Input: 5500000,
Cold Start: false
Unique ID: 29a0546fb2211e1a2f05de30480f288e,
Execution Time for Trace ID 29a0546fb2211e1a2f05de30480f288e: 421 ms
Input: 5500000,
Cold Start: false
Unique ID: d967a9d937f3926fe0688f109873c163,
Execution Time for Trace ID d967a9d937f3926fe0688f109873c163: 412 ms
Input: 5500000,
Cold Start: false
Unique ID: 6458f08884e93b20da463e363570dec2,
Execution Time for Trace ID 6458f08884e93b20da463e363570dec2: 380 ms
Input: 5500000,
Cold Start: false
Unique ID: c5f6e0bdc1e15401844d01874ff8176c,
Execution Time for Trace ID c5f6e0bdc1e15401844d01874ff8176c: 386 ms
Input: 5500000,
Cold Start: false
Unique ID: 501c946868c6ad25772fbc70c87a3043,
Execution Time for Trace ID 501c946868c6ad25772fbc70c87a3043: 435 ms
Input: 5500000,
Cold Start: false
Unique ID: 93e0641916dfd531af1f23580cfe5aa2,
Execution Time for Trace ID 93e0641916dfd531af1f23580cfe5aa2: 424 ms
Input: 5500000,
Cold Start: false
Unique ID: 75fdc6e004629ad3fbbf292948551c92,
Execution Time for Trace ID 75fdc6e004629ad3fbbf292948551c92: 349 ms
Input: 5500000,
Cold Start: false
Unique ID: ed5aa3e28e35c3eeb3ebf6bd29b29bba,
Execution Time for Trace ID ed5aa3e28e35c3eeb3ebf6bd29b29bba: 399 ms
Input: 5500000,
Cold Start: false
Unique ID: e15b72e60a386be60ee4520b59d3f1d6,
Execution Time for Trace ID e15b72e60a386be60ee4520b59d3f1d6: 353 ms
Input: 5500000,
Cold Start: false
Unique ID: 49b0abe0d81a0d6ad628cf43c5197129,
Execution Time for Trace ID 49b0abe0d81a0d6ad628cf43c5197129: 430 ms
Input: 5500000,
Cold Start: false
Unique ID: 806bafba052ad9fd876360886fbe24d6,
Execution Time for Trace ID 806bafba052ad9fd876360886fbe24d6: 390 ms
Input: 5500000,
Cold Start: false
Unique ID: 94054dfcfc27be45b6000361ee2720a8,
Execution Time for Trace ID 94054dfcfc27be45b6000361ee2720a8: 372 ms
Input: 5500000,
Cold Start: false
Unique ID: eacdeced1a24c0f9f7d5ed4b78cd8e7b,
Execution Time for Trace ID eacdeced1a24c0f9f7d5ed4b78cd8e7b: 385 ms
Input: 5500000,
Cold Start: false
Unique ID: 1edfb44adaac199df9385f18a446d28b,
Execution Time for Trace ID 1edfb44adaac199df9385f18a446d28b: 380 ms
Input: 5500000,
Cold Start: false
Unique ID: 4e34aec70810ec021a5e99ec253d7907,
Execution Time for Trace ID 4e34aec70810ec021a5e99ec253d7907: 401 ms
Input: 5500000,
Cold Start: false
Unique ID: 74245db1a075fce720c2e1458966638e,
Execution Time for Trace ID 74245db1a075fce720c2e1458966638e: 354 ms
Input: 5500000,
Cold Start: false
Unique ID: 7b22f70fac2662114fdf7f41b7ae6b28,
Execution Time for Trace ID 7b22f70fac2662114fdf7f41b7ae6b28: 349 ms
Input: 5500000,
Cold Start: false
Unique ID: ce75b6de65f243257116e4d5a41abe9a,
Execution Time for Trace ID ce75b6de65f243257116e4d5a41abe9a: 426 ms
Input: 5500000,
Cold Start: false
Unique ID: c15c459b8fb8dc2d279eb4e340a76fd7,
Execution Time for Trace ID c15c459b8fb8dc2d279eb4e340a76fd7: 401 ms
Input: 5500000,
Cold Start: false
Unique ID: 09551a776a420c09ada4650a24cb33c0,
Execution Time for Trace ID 09551a776a420c09ada4650a24cb33c0: 373 ms
Input: 5500000,
Cold Start: false
Unique ID: f35e6117763dce45363146e018a24c7c,
Execution Time for Trace ID f35e6117763dce45363146e018a24c7c: 424 ms
Input: 5500000,
Cold Start: false
Unique ID: 9d6261528dac1ca51fd69d4b6066bca2,
Execution Time for Trace ID 9d6261528dac1ca51fd69d4b6066bca2: 479 ms
Input: 5500000,
Cold Start: false
Unique ID: 5ff1f0583e9062169b77375baa13a2b9,
Execution Time for Trace ID 5ff1f0583e9062169b77375baa13a2b9: 395 ms
Input: 5500000,
Cold Start: false
Unique ID: d5a2e0fd68b78bfec4c3fc55ba1d3dbc,
Execution Time for Trace ID d5a2e0fd68b78bfec4c3fc55ba1d3dbc: 370 ms
Input: 5500000,
Cold Start: false
Unique ID: 8db1468e2aefc0543effd89c5953adb4,
Execution Time for Trace ID 8db1468e2aefc0543effd89c5953adb4: 354 ms
Input: 5500000,
Cold Start: false
Unique ID: 02a285c1f85f129ebc8f46981dd86e2d,
Execution Time for Trace ID 02a285c1f85f129ebc8f46981dd86e2d: 356 ms
Input: 5500000,
Cold Start: false
Unique ID: 3f879ee16b9bf65db12c25c88063c59e,
Execution Time for Trace ID 3f879ee16b9bf65db12c25c88063c59e: 411 ms
Input: 5500000,
Cold Start: false
Unique ID: 9e91986f244cc72a98ae7956dc0b1380,
Execution Time for Trace ID 9e91986f244cc72a98ae7956dc0b1380: 352 ms
Input: 5500000,
Cold Start: false
Unique ID: fed510ff36dfe659963edebe0e94f638,
Execution Time for Trace ID fed510ff36dfe659963edebe0e94f638: 400 ms
Input: 5500000,
Cold Start: false
Unique ID: e0088352f674ab868ade1f10e598d492,
Execution Time for Trace ID e0088352f674ab868ade1f10e598d492: 437 ms
Input: 5500000,
Cold Start: false
Unique ID: b4d8174cb89e0270ff79bbf88ee4928d,
Execution Time for Trace ID b4d8174cb89e0270ff79bbf88ee4928d: 368 ms
Input: 5500000,
Cold Start: false
Unique ID: 38d90c6c394fbbd705c2e09ed158f2d6,
Execution Time for Trace ID 38d90c6c394fbbd705c2e09ed158f2d6: 399 ms
Input: 5500000,
Cold Start: false
Unique ID: c0690ee6527740d2942e148aaf67c4bf,
Execution Time for Trace ID c0690ee6527740d2942e148aaf67c4bf: 398 ms
Input: 5500000,
Cold Start: false
Unique ID: 467d4ce9164570ec4103e6da34fb1be7,
Execution Time for Trace ID 467d4ce9164570ec4103e6da34fb1be7: 364 ms
Input: 5500000,
Cold Start: false
Unique ID: d21fafad28bd835f12f4a7935289b37c,
Execution Time for Trace ID d21fafad28bd835f12f4a7935289b37c: 389 ms
Input: 5500000,
Cold Start: false
Unique ID: 56209e88beafc43b11c32f2b7bcce184,
Execution Time for Trace ID 56209e88beafc43b11c32f2b7bcce184: 372 ms
Input: 5500000,
Cold Start: false
Unique ID: 4efb4bf6ceede2a5be8cf5e291e3fb60,
Execution Time for Trace ID 4efb4bf6ceede2a5be8cf5e291e3fb60: 385 ms
Input: 5500000,
Cold Start: false
Unique ID: 0bffdb81d676c10bddc34c7fb5dacdfd,
Execution Time for Trace ID 0bffdb81d676c10bddc34c7fb5dacdfd: 384 ms
Input: 5500000,
Cold Start: false
Unique ID: dd13d7f65e3d654f93e4cc46075d3fa5,
Execution Time for Trace ID dd13d7f65e3d654f93e4cc46075d3fa5: 355 ms
Input: 5500000,
Cold Start: false
Unique ID: e62eb38346f505b5c3208f45bc7a0dd8,
Execution Time for Trace ID e62eb38346f505b5c3208f45bc7a0dd8: 410 ms
Input: 5500000,
Cold Start: false
Unique ID: 227b98b0313bdbf50cbec16c2d0d4ccf,
Execution Time for Trace ID 227b98b0313bdbf50cbec16c2d0d4ccf: 389 ms
Input: 5500000,
Cold Start: false
Unique ID: f79383fff611f0dbf6a8a68457845996,
Execution Time for Trace ID f79383fff611f0dbf6a8a68457845996: 374 ms
Input: 5500000,
Cold Start: false
Unique ID: e4d49c5cd35bd02ed89a1de2933f48af,
Execution Time for Trace ID e4d49c5cd35bd02ed89a1de2933f48af: 409 ms
Input: 5500000,
Cold Start: false
Unique ID: 48898713742fd5476c26698dcf8e6eda,
Execution Time for Trace ID 48898713742fd5476c26698dcf8e6eda: 351 ms
Input: 5500000,
Cold Start: false
Unique ID: 77180e3a4ee647e61eb80737c428fcb3,
Execution Time for Trace ID 77180e3a4ee647e61eb80737c428fcb3: 411 ms
Input: 5500000,
Cold Start: false
Unique ID: 91011e48dcc2237e7f935a98d95c25ab,
Execution Time for Trace ID 91011e48dcc2237e7f935a98d95c25ab: 421 ms
Input: 5500000,
Cold Start: false
Unique ID: b9227f02a88798699785f52ffc2585ff,
Execution Time for Trace ID b9227f02a88798699785f52ffc2585ff: 351 ms
Input: 5500000,
Cold Start: false
Unique ID: 4cb387d530540c869b502487247ea07d,
Execution Time for Trace ID 4cb387d530540c869b502487247ea07d: 414 ms
Input: 5500000,
Cold Start: false
Unique ID: 5dbd80dfcc3dae1f27bedafe4c5b58fd,
Execution Time for Trace ID 5dbd80dfcc3dae1f27bedafe4c5b58fd: 393 ms
Input: 5500000,
Cold Start: false
Unique ID: b5c9bb83936c6b26b579478cc1fa78df,
Execution Time for Trace ID b5c9bb83936c6b26b579478cc1fa78df: 397 ms
Input: 5500000,
Cold Start: false
Unique ID: 66de46e6af8db88a0ee0272e14b9e7ba,
Execution Time for Trace ID 66de46e6af8db88a0ee0272e14b9e7ba: 371 ms
Input: 5500000,
Cold Start: false
Unique ID: b659d10ca9b687ec28a643fb47c94fad,
Execution Time for Trace ID b659d10ca9b687ec28a643fb47c94fad: 430 ms
Input: 5500000,
Cold Start: false
Unique ID: dce8379bfb13bf5691cc8b8c0197b412,
Execution Time for Trace ID dce8379bfb13bf5691cc8b8c0197b412: 360 ms
Input: 5500000,
Cold Start: false
Unique ID: 27d35c63ab84368207440a450da8b236,
Execution Time for Trace ID 27d35c63ab84368207440a450da8b236: 349 ms
Input: 5500000,
Cold Start: false
Unique ID: b7b02e3b08a21de4b0ac5bf48490a240,
Execution Time for Trace ID b7b02e3b08a21de4b0ac5bf48490a240: 419 ms
Input: 5500000,
Cold Start: false
Unique ID: 857a7a64f85d988068242d67b0dfb268,
Execution Time for Trace ID 857a7a64f85d988068242d67b0dfb268: 370 ms
Input: 5500000,
Cold Start: false
Unique ID: 6d0c8dcbea6d1c59e179cf4362fab12a,
Execution Time for Trace ID 6d0c8dcbea6d1c59e179cf4362fab12a: 419 ms
Input: 5500000,
Cold Start: false
Unique ID: 54962e68f0ee1d991858d8093a9e5b95,
Execution Time for Trace ID 54962e68f0ee1d991858d8093a9e5b95: 467 ms
Input: 5500000,
Cold Start: false
Unique ID: f46e24ddb470c539d75c1ddd850c0ae6,
Execution Time for Trace ID f46e24ddb470c539d75c1ddd850c0ae6: 365 ms
Input: 5500000,
Cold Start: false
Unique ID: 8d7608fad65b4c855ed66e074a9b24d5,
Execution Time for Trace ID 8d7608fad65b4c855ed66e074a9b24d5: 408 ms
Input: 5500000,
Cold Start: false
Unique ID: 58a5899cac61e8ce477de98e55b4b7ca,
Execution Time for Trace ID 58a5899cac61e8ce477de98e55b4b7ca: 347 ms
Input: 5500000,
Cold Start: false
Unique ID: f9939b1ff9e04f664d3b1198118cb31c,
Execution Time for Trace ID f9939b1ff9e04f664d3b1198118cb31c: 388 ms
Input: 5500000,
Cold Start: false
Unique ID: 9c2b0e43d1f161828f3bd02afc2cc911,
Execution Time for Trace ID 9c2b0e43d1f161828f3bd02afc2cc911: 367 ms
Input: 5500000,
Cold Start: false
Unique ID: 5e26bf2659af9a424dc8389752023fbb,
Execution Time for Trace ID 5e26bf2659af9a424dc8389752023fbb: 418 ms
Input: 5500000,
Cold Start: false
Unique ID: 06970a7234b73d76ae79a385fefa890a,
Execution Time for Trace ID 06970a7234b73d76ae79a385fefa890a: 421 ms
Input: 5500000,
Cold Start: false
Unique ID: 43f3d42b12cad33ed56d68d6d0704d61,
Execution Time for Trace ID 43f3d42b12cad33ed56d68d6d0704d61: 356 ms
Input: 5500000,
Cold Start: false
Unique ID: 539605e20bfdf4b3b296ff39a9e1e687,
Execution Time for Trace ID 539605e20bfdf4b3b296ff39a9e1e687: 366 ms
Input: 5500000,
Cold Start: false
Unique ID: 5c6ca7904a1d632c06eeb04c7de4c7ad,
Execution Time for Trace ID 5c6ca7904a1d632c06eeb04c7de4c7ad: 418 ms
Input: 5500000,
Cold Start: false
Unique ID: 73e518a1f47d10751864945dac23cb6c,
Execution Time for Trace ID 73e518a1f47d10751864945dac23cb6c: 356 ms
Input: 5500000,
Cold Start: false
Unique ID: 3365cba8d13d5be1eb8d2c89c8a353f6,
Execution Time for Trace ID 3365cba8d13d5be1eb8d2c89c8a353f6: 428 ms
Input: 5500000,
Cold Start: false
Unique ID: 5804e4492d09ed42c5c239df2bdde5c0,
Execution Time for Trace ID 5804e4492d09ed42c5c239df2bdde5c0: 414 ms
Input: 5500000,
Cold Start: false
Unique ID: b55ad4ed88d1cfde1df48627eb7306c0,
Execution Time for Trace ID b55ad4ed88d1cfde1df48627eb7306c0: 358 ms
Input: 5500000,
Cold Start: false
Unique ID: 1aed9c125444c511d8601092756fbb96,
Execution Time for Trace ID 1aed9c125444c511d8601092756fbb96: 355 ms
Input: 5500000,
Cold Start: false
Unique ID: 506fd7a9fe633455dadfff041068a531,
Execution Time for Trace ID 506fd7a9fe633455dadfff041068a531: 417 ms
Input: 5500000,
Cold Start: false
Unique ID: 334b10f311617ac54136f15b984c2ec2,
Execution Time for Trace ID 334b10f311617ac54136f15b984c2ec2: 411 ms
Input: 5500000,
Cold Start: false
Unique ID: 0e3747ab01e6c6196f409d7fd7070b11,
Execution Time for Trace ID 0e3747ab01e6c6196f409d7fd7070b11: 353 ms
Input: 5500000,
Cold Start: false
Unique ID: 25504f156da6b59dc7d02def78c61d2b,
Execution Time for Trace ID 25504f156da6b59dc7d02def78c61d2b: 427 ms
Input: 5500000,
Cold Start: false
Unique ID: 871ae3a8e87415387e769a191399a019,
Execution Time for Trace ID 871ae3a8e87415387e769a191399a019: 473 ms
Input: 5500000,
Cold Start: false
Unique ID: 891ed859f1db5a4b66f18dc038b1a70e,
Execution Time for Trace ID 891ed859f1db5a4b66f18dc038b1a70e: 355 ms
Input: 5500000,
Cold Start: false
Unique ID: 75edb25848f8a15e555265460d9346d0,
Execution Time for Trace ID 75edb25848f8a15e555265460d9346d0: 389 ms
Input: 5500000,
Cold Start: false
Unique ID: ee5b5767d5d2721d01676b9f23d794cd,
Execution Time for Trace ID ee5b5767d5d2721d01676b9f23d794cd: 402 ms
Input: 5500000,
Cold Start: false
Unique ID: b6177dd9c26b1d6c1e80383a273a296a,
Execution Time for Trace ID b6177dd9c26b1d6c1e80383a273a296a: 580 ms
Input: 5500000,
Cold Start: false
Unique ID: 6874401285ef8b4d489c13dc68ec9234,
Execution Time for Trace ID 6874401285ef8b4d489c13dc68ec9234: 350 ms
Input: 5500000,
Cold Start: false
Unique ID: a9874b6abe0b6d045fa499b15e0890d8,
Execution Time for Trace ID a9874b6abe0b6d045fa499b15e0890d8: 413 ms
Input: 5500000,
Cold Start: false
Unique ID: da6a5e2fb12e79c830d1a94afc933a1c,
Execution Time for Trace ID da6a5e2fb12e79c830d1a94afc933a1c: 529 ms
Input: 5500000,
Cold Start: false
Unique ID: beac4c1298ed84e3550cd91ff5d2d69a,
Execution Time for Trace ID beac4c1298ed84e3550cd91ff5d2d69a: 567 ms
Input: 5500000,
Cold Start: false
Unique ID: 5d77dcfc1c7241a8c28abbec8c5a1779,
Execution Time for Trace ID 5d77dcfc1c7241a8c28abbec8c5a1779: 419 ms
Input: 5500000,
Cold Start: false
Unique ID: 3cb2968877968385db4e684da974b873,
Execution Time for Trace ID 3cb2968877968385db4e684da974b873: 350 ms
Input: 5500000,
Cold Start: false
Unique ID: c3ab4246a884d5fc163c5bdc44ff3ff6,
Execution Time for Trace ID c3ab4246a884d5fc163c5bdc44ff3ff6: 355 ms
Input: 5500000,
Cold Start: false
Unique ID: 2b3144eed5160f0e0a1e1b3a674c58db,
Execution Time for Trace ID 2b3144eed5160f0e0a1e1b3a674c58db: 421 ms
Input: 5500000,
Cold Start: false
Unique ID: 742a2fd9a8df55fa4f5af2b1de9fb092,
Execution Time for Trace ID 742a2fd9a8df55fa4f5af2b1de9fb092: 376 ms
Input: 5500000,
Cold Start: false
Unique ID: ce6eee716edebfaa59fb860b95fa222b,
Execution Time for Trace ID ce6eee716edebfaa59fb860b95fa222b: 395 ms
Input: 5500000,
Cold Start: false
Unique ID: d8da6fa2770587d2a5734ceed9cb35c4,
Execution Time for Trace ID d8da6fa2770587d2a5734ceed9cb35c4: 417 ms
Input: 5500000,
Cold Start: false
Unique ID: 02f9e83561a66ec4a55bd717e7f15677,
Execution Time for Trace ID 02f9e83561a66ec4a55bd717e7f15677: 390 ms
Input: 5500000,
Cold Start: false
Unique ID: 0291750c5f5a3f053bbb07fea59b7874,
Execution Time for Trace ID 0291750c5f5a3f053bbb07fea59b7874: 350 ms
Input: 5500000,
Cold Start: false
Unique ID: b7ed2d432d70675dc2692c154d356a29,
Execution Time for Trace ID b7ed2d432d70675dc2692c154d356a29: 350 ms
Input: 5500000,
Cold Start: false
Unique ID: 958a04740eb4137a023a8c963c408055,
Execution Time for Trace ID 958a04740eb4137a023a8c963c408055: 389 ms
Input: 5500000,
Cold Start: false
Unique ID: 2d1c6c2f1f79e8f8364b9724dfcd11b7,
Execution Time for Trace ID 2d1c6c2f1f79e8f8364b9724dfcd11b7: 426 ms
Input: 5500000,
Cold Start: false
Unique ID: 76050827696f46f913c8eecb14cc379b,
Execution Time for Trace ID 76050827696f46f913c8eecb14cc379b: 350 ms
Input: 5500000,
Cold Start: false
Unique ID: c75f0fc2dc60c44336d2588f815f84d1,
Execution Time for Trace ID c75f0fc2dc60c44336d2588f815f84d1: 405 ms
Input: 5500000,
Cold Start: false
Unique ID: e142a27624445f75641341138f81bc2d,
Execution Time for Trace ID e142a27624445f75641341138f81bc2d: 392 ms
Input: 5500000,
Cold Start: false
Unique ID: ea3bedd1a7f478ab0d36bd336e304503,
Execution Time for Trace ID ea3bedd1a7f478ab0d36bd336e304503: 433 ms
Input: 5500000,
Cold Start: false
