Unique ID: 230a8183557e8b70954e95797d86ddff,
Execution Time for Trace ID 230a8183557e8b70954e95797d86ddff: 417 ms
Input: 5250000,
Cold Start: false
Unique ID: 6382c4c83ffef7c052e177b460184045,
Execution Time for Trace ID 6382c4c83ffef7c052e177b460184045: 414 ms
Input: 5250000,
Cold Start: false
Unique ID: 57329c6d485a53d98f02318a1487c76f,
Execution Time for Trace ID 57329c6d485a53d98f02318a1487c76f: 490 ms
Input: 5250000,
Cold Start: false
Unique ID: 08a32f4eacc434f4322320dcaf74cb11,
Execution Time for Trace ID 08a32f4eacc434f4322320dcaf74cb11: 505 ms
Input: 5250000,
Cold Start: false
Unique ID: a634df9704ad9650bef1dc54f5afaca9,
Execution Time for Trace ID a634df9704ad9650bef1dc54f5afaca9: 339 ms
Input: 5250000,
Cold Start: false
Unique ID: 441e73ec47315159c29f0de78fefc540,
Execution Time for Trace ID 441e73ec47315159c29f0de78fefc540: 371 ms
Input: 5250000,
Cold Start: false
Unique ID: eb00975b24bc24e33bb91a81a7fcbc53,
Execution Time for Trace ID eb00975b24bc24e33bb91a81a7fcbc53: 390 ms
Input: 5250000,
Cold Start: false
Unique ID: d4fa1b24f1a907defe8297a43099f677,
Execution Time for Trace ID d4fa1b24f1a907defe8297a43099f677: 504 ms
Input: 5250000,
Cold Start: false
Unique ID: f6c77e51715bd2b84cdf9324d8f65f84,
Execution Time for Trace ID f6c77e51715bd2b84cdf9324d8f65f84: 343 ms
Input: 5250000,
Cold Start: false
Unique ID: 5dc66a4ba497607380e231e90ee51635,
Execution Time for Trace ID 5dc66a4ba497607380e231e90ee51635: 388 ms
Input: 5250000,
Cold Start: false
Unique ID: aef732868d579f71dd81c37efd97d0fd,
Execution Time for Trace ID aef732868d579f71dd81c37efd97d0fd: 362 ms
Input: 5250000,
Cold Start: false
Unique ID: 8e7c647fc962b5aecb00f6940a185e65,
Execution Time for Trace ID 8e7c647fc962b5aecb00f6940a185e65: 426 ms
Input: 5250000,
Cold Start: false
Unique ID: 8b26e7f06aed8df789e1caffe575b97b,
Execution Time for Trace ID 8b26e7f06aed8df789e1caffe575b97b: 344 ms
Input: 5250000,
Cold Start: false
Unique ID: 983cf4163239d5a48b88145cdb0e31c2,
Execution Time for Trace ID 983cf4163239d5a48b88145cdb0e31c2: 406 ms
Input: 5250000,
Cold Start: false
Unique ID: b99cfc1802ebfef432dffe3efa4850cf,
Execution Time for Trace ID b99cfc1802ebfef432dffe3efa4850cf: 409 ms
Input: 5250000,
Cold Start: false
Unique ID: a1c375ca485047ba4868d228679325e2,
Execution Time for Trace ID a1c375ca485047ba4868d228679325e2: 351 ms
Input: 5250000,
Cold Start: false
Unique ID: 0ecf30b6ce7f7660e163c5f4e93b8972,
Execution Time for Trace ID 0ecf30b6ce7f7660e163c5f4e93b8972: 342 ms
Input: 5250000,
Cold Start: false
Unique ID: 41a8be9c79aeacc5f6eefbbe8ec89f23,
Execution Time for Trace ID 41a8be9c79aeacc5f6eefbbe8ec89f23: 405 ms
Input: 5250000,
Cold Start: false
Unique ID: a3e3bb6898bc83ed9a5d51111b7bc417,
Execution Time for Trace ID a3e3bb6898bc83ed9a5d51111b7bc417: 405 ms
Input: 5250000,
Cold Start: false
Unique ID: c11ca5c7898a64d46699484bf5a300fd,
Execution Time for Trace ID c11ca5c7898a64d46699484bf5a300fd: 342 ms
Input: 5250000,
Cold Start: false
Unique ID: 2c3df4fbaef565b4e48bd72a480ab04e,
Execution Time for Trace ID 2c3df4fbaef565b4e48bd72a480ab04e: 362 ms
Input: 5250000,
Cold Start: false
Unique ID: 2103f01fa1390898e6d44fc1edb144ea,
Execution Time for Trace ID 2103f01fa1390898e6d44fc1edb144ea: 387 ms
Input: 5250000,
Cold Start: false
Unique ID: 26c8308280566e31ba6981b5f84d0831,
Execution Time for Trace ID 26c8308280566e31ba6981b5f84d0831: 340 ms
Input: 5250000,
Cold Start: false
Unique ID: d3cdc7418a0f6c1d450276378931c314,
Execution Time for Trace ID d3cdc7418a0f6c1d450276378931c314: 345 ms
Input: 5250000,
Cold Start: false
Unique ID: 1f62fcc234e3b167228824921f623bce,
Execution Time for Trace ID 1f62fcc234e3b167228824921f623bce: 357 ms
Input: 5250000,
Cold Start: false
Unique ID: 1cf2d19f828ac9b5d5b640393a5f0e79,
Execution Time for Trace ID 1cf2d19f828ac9b5d5b640393a5f0e79: 392 ms
Input: 5250000,
Cold Start: false
Unique ID: 86d9e6e37fff23b27b4d4abed367ff7a,
Execution Time for Trace ID 86d9e6e37fff23b27b4d4abed367ff7a: 342 ms
Input: 5250000,
Cold Start: false
Unique ID: aea0dc4dd3ced28519ac90f5e5bcb9b2,
Execution Time for Trace ID aea0dc4dd3ced28519ac90f5e5bcb9b2: 355 ms
Input: 5250000,
Cold Start: false
Unique ID: 251d4938f0be22cef7159b39daa33ecc,
Execution Time for Trace ID 251d4938f0be22cef7159b39daa33ecc: 357 ms
Input: 5250000,
Cold Start: false
Unique ID: ff32dfdb0d47a342b531257263dfede3,
Execution Time for Trace ID ff32dfdb0d47a342b531257263dfede3: 387 ms
Input: 5250000,
Cold Start: false
Unique ID: aeb6c0baabcc5a5bec75741f784872c9,
Execution Time for Trace ID aeb6c0baabcc5a5bec75741f784872c9: 423 ms
Input: 5250000,
Cold Start: false
Unique ID: 1342d47183271654d061bacffd694d84,
Execution Time for Trace ID 1342d47183271654d061bacffd694d84: 369 ms
Input: 5250000,
Cold Start: false
Unique ID: 1fda88129cf0661dc50dd450d33679d8,
Execution Time for Trace ID 1fda88129cf0661dc50dd450d33679d8: 349 ms
Input: 5250000,
Cold Start: false
Unique ID: c1912837e0032d0cd9a588b54905fb5d,
Execution Time for Trace ID c1912837e0032d0cd9a588b54905fb5d: 384 ms
Input: 5250000,
Cold Start: false
Unique ID: 3c72806013405db52da6ecacfb284c3d,
Execution Time for Trace ID 3c72806013405db52da6ecacfb284c3d: 410 ms
Input: 5250000,
Cold Start: false
Unique ID: b0d21d44c7b9cc7ecd8bd276fb93834b,
Execution Time for Trace ID b0d21d44c7b9cc7ecd8bd276fb93834b: 356 ms
Input: 5250000,
Cold Start: false
Unique ID: b0af099c16cf73c1c80d0687f551bddc,
Execution Time for Trace ID b0af099c16cf73c1c80d0687f551bddc: 340 ms
Input: 5250000,
Cold Start: false
Unique ID: e7e9498048132ee5681c41d5fa38857d,
Execution Time for Trace ID e7e9498048132ee5681c41d5fa38857d: 341 ms
Input: 5250000,
Cold Start: false
Unique ID: 79c0b99fafc033d94bf208c8c9f5cc95,
Execution Time for Trace ID 79c0b99fafc033d94bf208c8c9f5cc95: 407 ms
Input: 5250000,
Cold Start: false
Unique ID: 38f09946ad2f762eb5453bb9db2c652b,
Execution Time for Trace ID 38f09946ad2f762eb5453bb9db2c652b: 355 ms
Input: 5250000,
Cold Start: false
Unique ID: cc610bd892cf65d6f5190eba85760c4a,
Execution Time for Trace ID cc610bd892cf65d6f5190eba85760c4a: 351 ms
Input: 5250000,
Cold Start: false
Unique ID: e910b2c36b4fb052f4db8196923c5bcc,
Execution Time for Trace ID e910b2c36b4fb052f4db8196923c5bcc: 384 ms
Input: 5250000,
Cold Start: false
Unique ID: c6546fa85eef4292e590ccc60b7286cc,
Execution Time for Trace ID c6546fa85eef4292e590ccc60b7286cc: 344 ms
Input: 5250000,
Cold Start: false
Unique ID: a20778c4a8859974b63d94a7bf3286ae,
Execution Time for Trace ID a20778c4a8859974b63d94a7bf3286ae: 412 ms
Input: 5250000,
Cold Start: false
Unique ID: 0aa9ce87c3f0ee1354b664e59f2db704,
Execution Time for Trace ID 0aa9ce87c3f0ee1354b664e59f2db704: 349 ms
Input: 5250000,
Cold Start: false
Unique ID: 411aaf04a953319f6d0f5697ed41c4fd,
Execution Time for Trace ID 411aaf04a953319f6d0f5697ed41c4fd: 386 ms
Input: 5250000,
Cold Start: false
Unique ID: b91f524235403a4851cc4a883e933481,
Execution Time for Trace ID b91f524235403a4851cc4a883e933481: 348 ms
Input: 5250000,
Cold Start: false
Unique ID: 5dde503322153ce72bd31de24bc09d61,
Execution Time for Trace ID 5dde503322153ce72bd31de24bc09d61: 415 ms
Input: 5250000,
Cold Start: false
Unique ID: d0acf0a07cceaf901c0eb6032546cffa,
Execution Time for Trace ID d0acf0a07cceaf901c0eb6032546cffa: 350 ms
Input: 5250000,
Cold Start: false
Unique ID: 9b11843ea6af53112c74016a1af06399,
Execution Time for Trace ID 9b11843ea6af53112c74016a1af06399: 328 ms
Input: 5250000,
Cold Start: false
Unique ID: 75714db2d5cf37d68aa832a78d34d249,
Execution Time for Trace ID 75714db2d5cf37d68aa832a78d34d249: 347 ms
Input: 5250000,
Cold Start: false
Unique ID: 3a6e9e876bbff551aa4f04dff9c5a0d8,
Execution Time for Trace ID 3a6e9e876bbff551aa4f04dff9c5a0d8: 361 ms
Input: 5250000,
Cold Start: false
Unique ID: 94c118c3609e0f806081ac4e0fd165e2,
Execution Time for Trace ID 94c118c3609e0f806081ac4e0fd165e2: 352 ms
Input: 5250000,
Cold Start: false
Unique ID: 02c30f2721cf637ff01ba339c2549534,
Execution Time for Trace ID 02c30f2721cf637ff01ba339c2549534: 382 ms
Input: 5250000,
Cold Start: false
Unique ID: 7b3ce644966ff2a902c90a8f54a0f927,
Execution Time for Trace ID 7b3ce644966ff2a902c90a8f54a0f927: 417 ms
Input: 5250000,
Cold Start: false
Unique ID: 265b150ae4ea3b87e187809a2f5a14c8,
Execution Time for Trace ID 265b150ae4ea3b87e187809a2f5a14c8: 371 ms
Input: 5250000,
Cold Start: false
Unique ID: 179086fbe48c728ad0ae6a40bcacb961,
Execution Time for Trace ID 179086fbe48c728ad0ae6a40bcacb961: 356 ms
Input: 5250000,
Cold Start: false
Unique ID: c3f931c42e2e107e904532489bb8c7b5,
Execution Time for Trace ID c3f931c42e2e107e904532489bb8c7b5: 330 ms
Input: 5250000,
Cold Start: false
Unique ID: 121de7575c6f287a8c2ae4f75810ca87,
Execution Time for Trace ID 121de7575c6f287a8c2ae4f75810ca87: 412 ms
Input: 5250000,
Cold Start: false
Unique ID: 1eb6c8bda6c79669b284bed265811a78,
Execution Time for Trace ID 1eb6c8bda6c79669b284bed265811a78: 367 ms
Input: 5250000,
Cold Start: false
Unique ID: e4f314c7f0ff6b59f2225e58ba6636cc,
Execution Time for Trace ID e4f314c7f0ff6b59f2225e58ba6636cc: 351 ms
Input: 5250000,
Cold Start: false
Unique ID: 55fb36255a3d0497d3ae17ff5f21cf13,
Execution Time for Trace ID 55fb36255a3d0497d3ae17ff5f21cf13: 409 ms
Input: 5250000,
Cold Start: false
Unique ID: f214624f611638c88fc03805ada3617c,
Execution Time for Trace ID f214624f611638c88fc03805ada3617c: 356 ms
Input: 5250000,
Cold Start: false
Unique ID: 435333e3620b7308ed86bfcb40cd86df,
Execution Time for Trace ID 435333e3620b7308ed86bfcb40cd86df: 411 ms
Input: 5250000,
Cold Start: false
Unique ID: 290da2d30ada9f6a43c1b828f79d0a71,
Execution Time for Trace ID 290da2d30ada9f6a43c1b828f79d0a71: 345 ms
Input: 5250000,
Cold Start: false
Unique ID: 7977df3ff2babe9b54250f4fd124da16,
Execution Time for Trace ID 7977df3ff2babe9b54250f4fd124da16: 401 ms
Input: 5250000,
Cold Start: false
Unique ID: f1e73c6710fba93a0f5c32e922aca81c,
Execution Time for Trace ID f1e73c6710fba93a0f5c32e922aca81c: 430 ms
Input: 5250000,
Cold Start: false
Unique ID: 3c786c19d666cd1c80853789b60f1b41,
Execution Time for Trace ID 3c786c19d666cd1c80853789b60f1b41: 447 ms
Input: 5250000,
Cold Start: false
Unique ID: cf2a22bca32785019276746daf2c2b58,
Execution Time for Trace ID cf2a22bca32785019276746daf2c2b58: 353 ms
Input: 5250000,
Cold Start: false
Unique ID: b8ef4bfe2e0e0f44e828fe7d14a14783,
Execution Time for Trace ID b8ef4bfe2e0e0f44e828fe7d14a14783: 389 ms
Input: 5250000,
Cold Start: false
Unique ID: 7124a9167e7302101af4ffadb7e124f0,
Execution Time for Trace ID 7124a9167e7302101af4ffadb7e124f0: 349 ms
Input: 5250000,
Cold Start: false
Unique ID: bb2bff37dc601d7ae273a960e52a0e54,
Execution Time for Trace ID bb2bff37dc601d7ae273a960e52a0e54: 368 ms
Input: 5250000,
Cold Start: false
Unique ID: 22e1c8ed2599d715c0335d62798d7e62,
Execution Time for Trace ID 22e1c8ed2599d715c0335d62798d7e62: 346 ms
Input: 5250000,
Cold Start: false
Unique ID: 2a3ceb5b872ea095aa25f5cf1e5064b9,
Execution Time for Trace ID 2a3ceb5b872ea095aa25f5cf1e5064b9: 398 ms
Input: 5250000,
Cold Start: false
Unique ID: c5f63f424351ff371703ea0f17bacb18,
Execution Time for Trace ID c5f63f424351ff371703ea0f17bacb18: 352 ms
Input: 5250000,
Cold Start: false
Unique ID: 99b01be8378add1c97240fab0ce11f61,
Execution Time for Trace ID 99b01be8378add1c97240fab0ce11f61: 365 ms
Input: 5250000,
Cold Start: false
Unique ID: 62b07cd16f8ed6e645bd8ca6346340f8,
Execution Time for Trace ID 62b07cd16f8ed6e645bd8ca6346340f8: 348 ms
Input: 5250000,
Cold Start: false
Unique ID: a4efb5d5a036441e0339887e58187872,
Execution Time for Trace ID a4efb5d5a036441e0339887e58187872: 392 ms
Input: 5250000,
Cold Start: false
Unique ID: d04bf4adff491554cbb7414c1dc236cc,
Execution Time for Trace ID d04bf4adff491554cbb7414c1dc236cc: 407 ms
Input: 5250000,
Cold Start: false
Unique ID: 39afda6508c5daa068aab916313d2b21,
Execution Time for Trace ID 39afda6508c5daa068aab916313d2b21: 381 ms
Input: 5250000,
Cold Start: false
Unique ID: a5cfbaf9a14c249c7339c793f897bc32,
Execution Time for Trace ID a5cfbaf9a14c249c7339c793f897bc32: 352 ms
Input: 5250000,
Cold Start: false
Unique ID: 71299216c7eeaf289093847688e4f243,
Execution Time for Trace ID 71299216c7eeaf289093847688e4f243: 381 ms
Input: 5250000,
Cold Start: false
Unique ID: 4cc7baef43dcb7e3de67ae02d04a1d10,
Execution Time for Trace ID 4cc7baef43dcb7e3de67ae02d04a1d10: 407 ms
Input: 5250000,
Cold Start: false
Unique ID: 477a5404213f14b318204b9c2c103cd5,
Execution Time for Trace ID 477a5404213f14b318204b9c2c103cd5: 353 ms
Input: 5250000,
Cold Start: false
Unique ID: ac1dfdaf8748ffd304232d305c307e72,
Execution Time for Trace ID ac1dfdaf8748ffd304232d305c307e72: 350 ms
Input: 5250000,
Cold Start: false
Unique ID: bf2af13677350a838d32f50e4fb893f4,
Execution Time for Trace ID bf2af13677350a838d32f50e4fb893f4: 381 ms
Input: 5250000,
Cold Start: false
Unique ID: 0bea1a2ab3dfde46efe1c238367ab47a,
Execution Time for Trace ID 0bea1a2ab3dfde46efe1c238367ab47a: 349 ms
Input: 5250000,
Cold Start: false
Unique ID: 07b7ca89d795fb5261f023c9b70b62bd,
Execution Time for Trace ID 07b7ca89d795fb5261f023c9b70b62bd: 355 ms
Input: 5250000,
Cold Start: false
Unique ID: 2e3f107bf0f1df58f7c00f13953402f1,
Execution Time for Trace ID 2e3f107bf0f1df58f7c00f13953402f1: 340 ms
Input: 5250000,
Cold Start: false
Unique ID: 120fdd9c853e5d7537c7bc92ba797b40,
Execution Time for Trace ID 120fdd9c853e5d7537c7bc92ba797b40: 342 ms
Input: 5250000,
Cold Start: false
Unique ID: fadda5e0190e2b769b48382e84614be8,
Execution Time for Trace ID fadda5e0190e2b769b48382e84614be8: 397 ms
Input: 5250000,
Cold Start: false
Unique ID: 00081e8d2582c491a9c9730025e0e391,
Execution Time for Trace ID 00081e8d2582c491a9c9730025e0e391: 365 ms
Input: 5250000,
Cold Start: false
Unique ID: 51e2c352f3ef89577565d1db3a1d3a11,
Execution Time for Trace ID 51e2c352f3ef89577565d1db3a1d3a11: 358 ms
Input: 5250000,
Cold Start: false
Unique ID: b48d562af8dfd6a8970cea2be74cf9cc,
Execution Time for Trace ID b48d562af8dfd6a8970cea2be74cf9cc: 385 ms
Input: 5250000,
Cold Start: false
Unique ID: a8550067bceddf398c80cac5cd5d86b7,
Execution Time for Trace ID a8550067bceddf398c80cac5cd5d86b7: 407 ms
Input: 5250000,
Cold Start: false
Unique ID: 8d495dfd37386694614824d959f53400,
Execution Time for Trace ID 8d495dfd37386694614824d959f53400: 356 ms
Input: 5250000,
Cold Start: false
Unique ID: c62d4c8aa72adcb6f4b5f0f856d5f900,
Execution Time for Trace ID c62d4c8aa72adcb6f4b5f0f856d5f900: 282 ms
Input: 5250000,
Cold Start: false
Unique ID: e6eddf3e385f40906e947b476dc04092,
Execution Time for Trace ID e6eddf3e385f40906e947b476dc04092: 384 ms
Input: 5250000,
Cold Start: false
Unique ID: 47fbd5530d6f4265d02744bc9fb11bc8,
Execution Time for Trace ID 47fbd5530d6f4265d02744bc9fb11bc8: 413 ms
Input: 5250000,
Cold Start: false
Unique ID: 2e8d5dbcc38f75ee744dd50271f173b0,
Execution Time for Trace ID 2e8d5dbcc38f75ee744dd50271f173b0: 370 ms
Input: 5250000,
Cold Start: false
Unique ID: ba1ec886d01f4bb64c08a1062df0fe63,
Execution Time for Trace ID ba1ec886d01f4bb64c08a1062df0fe63: 425 ms
Input: 5250000,
Cold Start: false
Unique ID: ca8c012180aabe38bc75a1813a7e6b76,
Execution Time for Trace ID ca8c012180aabe38bc75a1813a7e6b76: 369 ms
Input: 5250000,
Cold Start: false
Unique ID: a8529fee55d91320c66589efebf47f4a,
Execution Time for Trace ID a8529fee55d91320c66589efebf47f4a: 420 ms
Input: 5250000,
Cold Start: false
Unique ID: 9ef0c9a2503cc402d0000e2a73ab4bbf,
Execution Time for Trace ID 9ef0c9a2503cc402d0000e2a73ab4bbf: 430 ms
Input: 5250000,
Cold Start: false
Unique ID: bd382a574126cea531be85adc12bd775,
Execution Time for Trace ID bd382a574126cea531be85adc12bd775: 350 ms
Input: 5250000,
Cold Start: false
Unique ID: f7b63019b0c82e6875fca53e20dd7679,
Execution Time for Trace ID f7b63019b0c82e6875fca53e20dd7679: 404 ms
Input: 5250000,
Cold Start: false
Unique ID: e85461a42bb848f76530971f7d463628,
Execution Time for Trace ID e85461a42bb848f76530971f7d463628: 345 ms
Input: 5250000,
Cold Start: false
Unique ID: 484b75b219a34a4377edbdb4d9363b3e,
Execution Time for Trace ID 484b75b219a34a4377edbdb4d9363b3e: 364 ms
Input: 5250000,
Cold Start: false
Unique ID: 0b43816d4f66141a25c1b65cdee069cb,
Execution Time for Trace ID 0b43816d4f66141a25c1b65cdee069cb: 358 ms
Input: 5250000,
Cold Start: false
Unique ID: 1e241013b1d1e0b579fe9ff4840d12b5,
Execution Time for Trace ID 1e241013b1d1e0b579fe9ff4840d12b5: 401 ms
Input: 5250000,
Cold Start: false
Unique ID: 8d03deecc55e48265a0d7e08db348073,
Execution Time for Trace ID 8d03deecc55e48265a0d7e08db348073: 434 ms
Input: 5250000,
Cold Start: false
Unique ID: d0f5001cc875fcb0e283341a10ff3cbe,
Execution Time for Trace ID d0f5001cc875fcb0e283341a10ff3cbe: 354 ms
Input: 5250000,
Cold Start: false
Unique ID: db688edb099c0bb8d53d771948ea5ad6,
Execution Time for Trace ID db688edb099c0bb8d53d771948ea5ad6: 355 ms
Input: 5250000,
Cold Start: false
Unique ID: ed4720800ccb720e445313f98bce26a3,
Execution Time for Trace ID ed4720800ccb720e445313f98bce26a3: 407 ms
Input: 5250000,
Cold Start: false
Unique ID: 5d273c2f6cc49006782907ca0f74b855,
Execution Time for Trace ID 5d273c2f6cc49006782907ca0f74b855: 413 ms
Input: 5250000,
Cold Start: false
Unique ID: 39fc73aff99eeaae4c8594b58ea9edc8,
Execution Time for Trace ID 39fc73aff99eeaae4c8594b58ea9edc8: 385 ms
Input: 5250000,
Cold Start: false
Unique ID: 5f39f8cc9a995cf4531f695cb101f269,
Execution Time for Trace ID 5f39f8cc9a995cf4531f695cb101f269: 384 ms
Input: 5250000,
Cold Start: false
Unique ID: 8b47c62820e64925bb6d79ac49373109,
Execution Time for Trace ID 8b47c62820e64925bb6d79ac49373109: 411 ms
Input: 5250000,
Cold Start: false
Unique ID: 7eb2fc5b6b85e0b297860dede4bd2e94,
Execution Time for Trace ID 7eb2fc5b6b85e0b297860dede4bd2e94: 417 ms
Input: 5250000,
Cold Start: false
Unique ID: 2618f3bfba41700f1d5048cc30d31f4f,
Execution Time for Trace ID 2618f3bfba41700f1d5048cc30d31f4f: 363 ms
Input: 5250000,
Cold Start: false
Unique ID: ede3c46b3509d205a227cd6151ad606a,
Execution Time for Trace ID ede3c46b3509d205a227cd6151ad606a: 381 ms
Input: 5250000,
Cold Start: false
Unique ID: 3ce3352b1fa8c82327a2dc609b1a5884,
Execution Time for Trace ID 3ce3352b1fa8c82327a2dc609b1a5884: 438 ms
Input: 5250000,
Cold Start: false
Unique ID: 157293ace94f0f26a4832298cd6cbef0,
Execution Time for Trace ID 157293ace94f0f26a4832298cd6cbef0: 354 ms
Input: 5250000,
Cold Start: false
Unique ID: be2c3c7665e5ada51769845ad8e06a7e,
Execution Time for Trace ID be2c3c7665e5ada51769845ad8e06a7e: 417 ms
Input: 5250000,
Cold Start: false
Unique ID: 8714d15d9e2dd87228a168899800d931,
Execution Time for Trace ID 8714d15d9e2dd87228a168899800d931: 352 ms
Input: 5250000,
Cold Start: false
Unique ID: c11216c43f07d0372160f2c2f55540e2,
Execution Time for Trace ID c11216c43f07d0372160f2c2f55540e2: 378 ms
Input: 5250000,
Cold Start: false
Unique ID: eb4513ff1bb63bce58f938eb43170601,
Execution Time for Trace ID eb4513ff1bb63bce58f938eb43170601: 406 ms
Input: 5250000,
Cold Start: false
Unique ID: 8df90af06b6746410cfd85969b3c2dca,
Execution Time for Trace ID 8df90af06b6746410cfd85969b3c2dca: 424 ms
Input: 5250000,
Cold Start: false
Unique ID: fe9f7d2da95dfc389edb60c7fc87a388,
Execution Time for Trace ID fe9f7d2da95dfc389edb60c7fc87a388: 373 ms
Input: 5250000,
Cold Start: false
Unique ID: 9a809d7879b75acef29052db8fb40c84,
Execution Time for Trace ID 9a809d7879b75acef29052db8fb40c84: 340 ms
Input: 5250000,
Cold Start: false
Unique ID: 77432d940dd45a0e3f95608095ba564e,
Execution Time for Trace ID 77432d940dd45a0e3f95608095ba564e: 437 ms
Input: 5250000,
Cold Start: false
Unique ID: 387affe9104101be6fcd0341db8162af,
Execution Time for Trace ID 387affe9104101be6fcd0341db8162af: 357 ms
Input: 5250000,
Cold Start: false
Unique ID: 25f9a2b7b94bcb20d87a7129675b4869,
Execution Time for Trace ID 25f9a2b7b94bcb20d87a7129675b4869: 374 ms
Input: 5250000,
Cold Start: false
Unique ID: 59a7935ed8b0ced92c61d5e6a8be78f9,
Execution Time for Trace ID 59a7935ed8b0ced92c61d5e6a8be78f9: 411 ms
Input: 5250000,
Cold Start: false
Unique ID: 405a64a63a447d92f51e17f8fd92ed31,
Execution Time for Trace ID 405a64a63a447d92f51e17f8fd92ed31: 427 ms
Input: 5250000,
Cold Start: false
Unique ID: 5fc5003485eecfc0914ab3fcc35b3701,
Execution Time for Trace ID 5fc5003485eecfc0914ab3fcc35b3701: 389 ms
Input: 5250000,
Cold Start: false
Unique ID: cbfab109f46786f18025ed6345b1d511,
Execution Time for Trace ID cbfab109f46786f18025ed6345b1d511: 379 ms
Input: 5250000,
Cold Start: false
Unique ID: ee8d9676662b97c53e3054bc4a76a899,
Execution Time for Trace ID ee8d9676662b97c53e3054bc4a76a899: 345 ms
Input: 5250000,
Cold Start: false
Unique ID: abb55aab0073391019b9247f256e8efa,
Execution Time for Trace ID abb55aab0073391019b9247f256e8efa: 403 ms
Input: 5250000,
Cold Start: false
Unique ID: a406465afa68629f677c76c33d49a1b0,
Execution Time for Trace ID a406465afa68629f677c76c33d49a1b0: 363 ms
Input: 5250000,
Cold Start: false
Unique ID: 5e3e6d8c49b231860354481fad3fe961,
Execution Time for Trace ID 5e3e6d8c49b231860354481fad3fe961: 347 ms
Input: 5250000,
Cold Start: false
Unique ID: d8ca55faaa361658c15e83c436c38194,
Execution Time for Trace ID d8ca55faaa361658c15e83c436c38194: 343 ms
Input: 5250000,
Cold Start: false
Unique ID: 1eb98492d3b733703900545d86ef2770,
Execution Time for Trace ID 1eb98492d3b733703900545d86ef2770: 411 ms
Input: 5250000,
Cold Start: false
Unique ID: 3c6e5b49325518ac442e001e630db8ac,
Execution Time for Trace ID 3c6e5b49325518ac442e001e630db8ac: 358 ms
Input: 5250000,
Cold Start: false
Unique ID: 1f9783eab6519412c3ad064c7f50bf38,
Execution Time for Trace ID 1f9783eab6519412c3ad064c7f50bf38: 349 ms
Input: 5250000,
Cold Start: false
Unique ID: 1c65812aa774410ec956d8640aba293a,
Execution Time for Trace ID 1c65812aa774410ec956d8640aba293a: 354 ms
Input: 5250000,
Cold Start: false
Unique ID: 413745c05a69f8de2be578b4eb3b75ee,
Execution Time for Trace ID 413745c05a69f8de2be578b4eb3b75ee: 436 ms
Input: 5250000,
Cold Start: false
Unique ID: 90ae0587f0de86653edd78eb42a4eb7e,
Execution Time for Trace ID 90ae0587f0de86653edd78eb42a4eb7e: 475 ms
Input: 5250000,
Cold Start: false
Unique ID: de30291732867f0d567292f6ac297fa9,
Execution Time for Trace ID de30291732867f0d567292f6ac297fa9: 400 ms
Input: 5250000,
Cold Start: false
Unique ID: 783c11709874948d4c0cb04e0ed7db1d,
Execution Time for Trace ID 783c11709874948d4c0cb04e0ed7db1d: 389 ms
Input: 5250000,
Cold Start: false
Unique ID: 927550c36ad66544ff0c9372219932c5,
Execution Time for Trace ID 927550c36ad66544ff0c9372219932c5: 402 ms
Input: 5250000,
Cold Start: false
Unique ID: 36e9da93a09a17eb586145411d6b77f3,
Execution Time for Trace ID 36e9da93a09a17eb586145411d6b77f3: 363 ms
Input: 5250000,
Cold Start: false
Unique ID: 4b209e4f72baad4412f6b16da852c231,
Execution Time for Trace ID 4b209e4f72baad4412f6b16da852c231: 389 ms
Input: 5250000,
Cold Start: false
Unique ID: efd502434fa3ed092925314e90abbf38,
Execution Time for Trace ID efd502434fa3ed092925314e90abbf38: 402 ms
Input: 5250000,
Cold Start: false
Unique ID: 3bb8500a1769fe95e00557da33288219,
Execution Time for Trace ID 3bb8500a1769fe95e00557da33288219: 343 ms
Input: 5250000,
Cold Start: false
Unique ID: 91c89c6b10c6c8014cc3873ae1f93b04,
Execution Time for Trace ID 91c89c6b10c6c8014cc3873ae1f93b04: 349 ms
Input: 5250000,
Cold Start: false
Unique ID: 3862fd5da6936247f3971907e1e5a4e5,
Execution Time for Trace ID 3862fd5da6936247f3971907e1e5a4e5: 378 ms
Input: 5250000,
Cold Start: false
Unique ID: 889e40170b122650681b7adc0353fffa,
Execution Time for Trace ID 889e40170b122650681b7adc0353fffa: 393 ms
Input: 5250000,
Cold Start: false
Unique ID: 2a8b34ac3b40167492ab194c42f1a415,
Execution Time for Trace ID 2a8b34ac3b40167492ab194c42f1a415: 349 ms
Input: 5250000,
Cold Start: false
Unique ID: 8c8a300e2b65d23746ea0f218e4bbfc0,
Execution Time for Trace ID 8c8a300e2b65d23746ea0f218e4bbfc0: 372 ms
Input: 5250000,
Cold Start: false
Unique ID: 7849a7ddd261d290c94db5f3882acf53,
Execution Time for Trace ID 7849a7ddd261d290c94db5f3882acf53: 371 ms
Input: 5250000,
Cold Start: false
Unique ID: 8129d72641d5d9de242977ac838942db,
Execution Time for Trace ID 8129d72641d5d9de242977ac838942db: 398 ms
Input: 5250000,
Cold Start: false
Unique ID: 5b67df3598425c0380fc5fa02d8dd340,
Execution Time for Trace ID 5b67df3598425c0380fc5fa02d8dd340: 415 ms
Input: 5250000,
Cold Start: false
Unique ID: 0a2777cf8e8772708bc48072a5b0e0d1,
Execution Time for Trace ID 0a2777cf8e8772708bc48072a5b0e0d1: 362 ms
Input: 5250000,
Cold Start: false
Unique ID: b87dc2d3c240543543e8f196469fb16b,
Execution Time for Trace ID b87dc2d3c240543543e8f196469fb16b: 343 ms
Input: 5250000,
Cold Start: false
Unique ID: 59a6f8cf5570927201e3fdd44420f9ad,
Execution Time for Trace ID 59a6f8cf5570927201e3fdd44420f9ad: 411 ms
Input: 5250000,
Cold Start: false
Unique ID: 29375ffbab4aaf8879138d56047fd00f,
Execution Time for Trace ID 29375ffbab4aaf8879138d56047fd00f: 412 ms
Input: 5250000,
Cold Start: false
Unique ID: 16a97172feb7b702770d500b7eb9fb38,
Execution Time for Trace ID 16a97172feb7b702770d500b7eb9fb38: 377 ms
Input: 5250000,
Cold Start: false
Unique ID: a2b3b86e93b8c3e08f8cdf370a76e628,
Execution Time for Trace ID a2b3b86e93b8c3e08f8cdf370a76e628: 350 ms
Input: 5250000,
Cold Start: false
Unique ID: 31c4546e3a14e2af320fb29d864c3746,
Execution Time for Trace ID 31c4546e3a14e2af320fb29d864c3746: 411 ms
Input: 5250000,
Cold Start: false
Unique ID: b5c3585b9906dcb898bf307682f4ab0f,
Execution Time for Trace ID b5c3585b9906dcb898bf307682f4ab0f: 418 ms
Input: 5250000,
Cold Start: false
Unique ID: 113d6fe04e94e15c8dd8044c0d0df396,
Execution Time for Trace ID 113d6fe04e94e15c8dd8044c0d0df396: 360 ms
Input: 5250000,
Cold Start: false
Unique ID: 0497918e7352df773b1b571d1499ca00,
Execution Time for Trace ID 0497918e7352df773b1b571d1499ca00: 377 ms
Input: 5250000,
Cold Start: false
Unique ID: 51cc852f79447299db83bb5923863a3c,
Execution Time for Trace ID 51cc852f79447299db83bb5923863a3c: 339 ms
Input: 5250000,
Cold Start: false
Unique ID: 3ff136588dd32d50c8096f548093329b,
Execution Time for Trace ID 3ff136588dd32d50c8096f548093329b: 402 ms
Input: 5250000,
Cold Start: false
Unique ID: adc30011522c9547a546ce4fc8c08f19,
Execution Time for Trace ID adc30011522c9547a546ce4fc8c08f19: 375 ms
Input: 5250000,
Cold Start: false
Unique ID: 77d65e217b4968333f8116cfa582458e,
Execution Time for Trace ID 77d65e217b4968333f8116cfa582458e: 351 ms
Input: 5250000,
Cold Start: false
Unique ID: c4b2b8e2e60866167d7dfa16f08b1054,
Execution Time for Trace ID c4b2b8e2e60866167d7dfa16f08b1054: 354 ms
Input: 5250000,
Cold Start: false
Unique ID: 5ff258b953b73371b4cce4a7bb29ab8d,
Execution Time for Trace ID 5ff258b953b73371b4cce4a7bb29ab8d: 347 ms
Input: 5250000,
Cold Start: false
Unique ID: 2441828701c01c732678a68624a79d07,
Execution Time for Trace ID 2441828701c01c732678a68624a79d07: 362 ms
Input: 5250000,
Cold Start: false
Unique ID: b42ddf1fd6dd8828db4c337da4ec480a,
Execution Time for Trace ID b42ddf1fd6dd8828db4c337da4ec480a: 352 ms
Input: 5250000,
Cold Start: false
Unique ID: 5ce57b42f83a206e6aa38fd16c27bfee,
Execution Time for Trace ID 5ce57b42f83a206e6aa38fd16c27bfee: 352 ms
Input: 5250000,
Cold Start: false
Unique ID: 4c93448f02416f0ae9ca7a8e9fdb0f75,
Execution Time for Trace ID 4c93448f02416f0ae9ca7a8e9fdb0f75: 344 ms
Input: 5250000,
Cold Start: false
Unique ID: 7a656a3d31ad9ad1f4ac5f96fec25164,
Execution Time for Trace ID 7a656a3d31ad9ad1f4ac5f96fec25164: 355 ms
Input: 5250000,
Cold Start: false
Unique ID: 09fdb72096846041163a6be0fae4fa1e,
Execution Time for Trace ID 09fdb72096846041163a6be0fae4fa1e: 346 ms
Input: 5250000,
Cold Start: false
Unique ID: 598cbe8f88abe1c3abbc3783c3fc7f3a,
Execution Time for Trace ID 598cbe8f88abe1c3abbc3783c3fc7f3a: 410 ms
Input: 5250000,
Cold Start: false
Unique ID: 2f8319aee34fff7b127661ad0dca90ca,
Execution Time for Trace ID 2f8319aee34fff7b127661ad0dca90ca: 421 ms
Input: 5250000,
Cold Start: false
Unique ID: 13f7b67ae144601877d71d8edf90e896,
Execution Time for Trace ID 13f7b67ae144601877d71d8edf90e896: 365 ms
Input: 5250000,
Cold Start: false
Unique ID: 64803f2ee2178861a8c391aa775e9721,
Execution Time for Trace ID 64803f2ee2178861a8c391aa775e9721: 373 ms
Input: 5250000,
Cold Start: false
Unique ID: 4d411c4329d4ffe8ea7a8a0879f4d71c,
Execution Time for Trace ID 4d411c4329d4ffe8ea7a8a0879f4d71c: 394 ms
Input: 5250000,
Cold Start: false
Unique ID: 4d77e454d35add414db9ee8434ddc827,
Execution Time for Trace ID 4d77e454d35add414db9ee8434ddc827: 352 ms
Input: 5250000,
Cold Start: false
Unique ID: bf20f856c16faf3d829e5a0e4e3ce90c,
Execution Time for Trace ID bf20f856c16faf3d829e5a0e4e3ce90c: 360 ms
Input: 5250000,
Cold Start: false
Unique ID: 2401349dc18b5a3a75d57e5b1ad77e08,
Execution Time for Trace ID 2401349dc18b5a3a75d57e5b1ad77e08: 370 ms
Input: 5250000,
Cold Start: false
Unique ID: 291c2df93c22b052cb673b4e69195969,
Execution Time for Trace ID 291c2df93c22b052cb673b4e69195969: 343 ms
Input: 5250000,
Cold Start: false
Unique ID: d2bed00ac363ee751be158fb07d1427e,
Execution Time for Trace ID d2bed00ac363ee751be158fb07d1427e: 400 ms
Input: 5250000,
Cold Start: false
Unique ID: 6962cf803ffd9b8529f7f2befe08c8d2,
Execution Time for Trace ID 6962cf803ffd9b8529f7f2befe08c8d2: 370 ms
Input: 5250000,
Cold Start: false
Unique ID: ac1e1e73d2572ab519b7c0bf7808a5bf,
Execution Time for Trace ID ac1e1e73d2572ab519b7c0bf7808a5bf: 372 ms
Input: 5250000,
Cold Start: false
Unique ID: af0108d3ff1f1d3ab90674f9d6cc2895,
Execution Time for Trace ID af0108d3ff1f1d3ab90674f9d6cc2895: 396 ms
Input: 5250000,
Cold Start: false
Unique ID: ad4aef75f3015a22781d456b4bdf78e1,
Execution Time for Trace ID ad4aef75f3015a22781d456b4bdf78e1: 351 ms
Input: 5250000,
Cold Start: false
Unique ID: eda875421f36efd0d11cef2cfa53caa0,
Execution Time for Trace ID eda875421f36efd0d11cef2cfa53caa0: 375 ms
Input: 5250000,
Cold Start: false
Unique ID: 4c2660a40ab892645f1b962fe8ccbdec,
Execution Time for Trace ID 4c2660a40ab892645f1b962fe8ccbdec: 355 ms
Input: 5250000,
Cold Start: false
Unique ID: b9a69b5a580b126cc198f83260c32c5c,
Execution Time for Trace ID b9a69b5a580b126cc198f83260c32c5c: 380 ms
Input: 5250000,
Cold Start: false
Unique ID: 2955d4109e55a4ff82e7462567377eb8,
Execution Time for Trace ID 2955d4109e55a4ff82e7462567377eb8: 447 ms
Input: 5250000,
Cold Start: false
Unique ID: 78aa315382bfe077a71255183ac8ee75,
Execution Time for Trace ID 78aa315382bfe077a71255183ac8ee75: 503 ms
Input: 5250000,
Cold Start: false
Unique ID: b926a0fb04edbc6b0d75c0cbbe7af625,
Execution Time for Trace ID b926a0fb04edbc6b0d75c0cbbe7af625: 342 ms
Input: 5250000,
Cold Start: false
Unique ID: 18fcac75ea03073f4253fc9bf9d137c3,
Execution Time for Trace ID 18fcac75ea03073f4253fc9bf9d137c3: 364 ms
Input: 5250000,
Cold Start: false
Unique ID: fded69c0a95736c3b50c388867f5ee43,
Execution Time for Trace ID fded69c0a95736c3b50c388867f5ee43: 406 ms
Input: 5250000,
Cold Start: false
Unique ID: f4db4f83dcc8e249c1674ead7997198c,
Execution Time for Trace ID f4db4f83dcc8e249c1674ead7997198c: 372 ms
Input: 5250000,
Cold Start: false
Unique ID: 1d852cce6e29b083d501144fcca2eee6,
Execution Time for Trace ID 1d852cce6e29b083d501144fcca2eee6: 406 ms
Input: 5250000,
Cold Start: false
Unique ID: fb7812dc610872477da1e7246c11266d,
Execution Time for Trace ID fb7812dc610872477da1e7246c11266d: 377 ms
Input: 5250000,
Cold Start: false
Unique ID: 3cf0a4e13fa3248f4f675e3cbedcf580,
Execution Time for Trace ID 3cf0a4e13fa3248f4f675e3cbedcf580: 389 ms
Input: 5250000,
Cold Start: false
Unique ID: d5af15abfb7798ba25ebdf31240bd8da,
Execution Time for Trace ID d5af15abfb7798ba25ebdf31240bd8da: 353 ms
Input: 5250000,
Cold Start: false
Unique ID: 5b6f281ab0c78866654b56ad4f0bceca,
Execution Time for Trace ID 5b6f281ab0c78866654b56ad4f0bceca: 351 ms
Input: 5250000,
Cold Start: false
Unique ID: d2db6f25083791b0dd928b3e024a51d4,
Execution Time for Trace ID d2db6f25083791b0dd928b3e024a51d4: 374 ms
Input: 5250000,
Cold Start: false
Unique ID: 81cfe340bb44dca7c79ee51c9d981127,
Execution Time for Trace ID 81cfe340bb44dca7c79ee51c9d981127: 382 ms
Input: 5250000,
Cold Start: false
Unique ID: fd12510329688b06fe102bd54e69c67c,
Execution Time for Trace ID fd12510329688b06fe102bd54e69c67c: 350 ms
Input: 5250000,
Cold Start: false
Unique ID: 4136e78937ce60b3fef3632b1e235cb0,
Execution Time for Trace ID 4136e78937ce60b3fef3632b1e235cb0: 347 ms
Input: 5250000,
Cold Start: false
Unique ID: c428371c4cc7a6cce645755d2ae0f851,
Execution Time for Trace ID c428371c4cc7a6cce645755d2ae0f851: 376 ms
Input: 5250000,
Cold Start: false
Unique ID: caed060414b97b337fd2c1a8b1f88e2f,
Execution Time for Trace ID caed060414b97b337fd2c1a8b1f88e2f: 398 ms
Input: 5250000,
Cold Start: false
Unique ID: f0c8e6ad5b3b4a049d94a4b1681de946,
Execution Time for Trace ID f0c8e6ad5b3b4a049d94a4b1681de946: 354 ms
Input: 5250000,
Cold Start: false
Unique ID: dbc40fd830119b1802c8f5afcef6a48f,
Execution Time for Trace ID dbc40fd830119b1802c8f5afcef6a48f: 342 ms
Input: 5250000,
Cold Start: false
Unique ID: 768a449123e70c5beb64a28e69974f22,
Execution Time for Trace ID 768a449123e70c5beb64a28e69974f22: 373 ms
Input: 5250000,
Cold Start: false
Unique ID: bee96e05de41198416730e4aadfc9b46,
Execution Time for Trace ID bee96e05de41198416730e4aadfc9b46: 399 ms
Input: 5250000,
Cold Start: false
Unique ID: 8c5fd544e7f085c7dcc51a63e704ea6f,
Execution Time for Trace ID 8c5fd544e7f085c7dcc51a63e704ea6f: 352 ms
Input: 5250000,
Cold Start: false
Unique ID: a83585711026434ff60d97867d5f87eb,
Execution Time for Trace ID a83585711026434ff60d97867d5f87eb: 353 ms
Input: 5250000,
Cold Start: false
Unique ID: 3711dd7d07fe25dbd4a532b039161426,
Execution Time for Trace ID 3711dd7d07fe25dbd4a532b039161426: 368 ms
Input: 5250000,
Cold Start: false
Unique ID: b955c98a182fa2226e00d6bb3a0a0bcb,
Execution Time for Trace ID b955c98a182fa2226e00d6bb3a0a0bcb: 388 ms
Input: 5250000,
Cold Start: false
Unique ID: 691bfde901c76cf02a71c04ec401503c,
Execution Time for Trace ID 691bfde901c76cf02a71c04ec401503c: 345 ms
Input: 5250000,
Cold Start: false
Unique ID: 250804d18334639226d303474130189d,
Execution Time for Trace ID 250804d18334639226d303474130189d: 349 ms
Input: 5250000,
Cold Start: false
Unique ID: 1e58404ee08f78eee40c0e889c5afd4f,
Execution Time for Trace ID 1e58404ee08f78eee40c0e889c5afd4f: 369 ms
Input: 5250000,
Cold Start: false
Unique ID: a435a88991a24c56fc9d980f23c4c4aa,
Execution Time for Trace ID a435a88991a24c56fc9d980f23c4c4aa: 343 ms
Input: 5250000,
Cold Start: false
Unique ID: 796285f43e79500e6a55df9e3a7cb8ac,
Execution Time for Trace ID 796285f43e79500e6a55df9e3a7cb8ac: 405 ms
Input: 5250000,
Cold Start: false
Unique ID: 62f19405a52ef4fedb84b8e4deecb40f,
Execution Time for Trace ID 62f19405a52ef4fedb84b8e4deecb40f: 350 ms
Input: 5250000,
Cold Start: false
Unique ID: bc6e3046a320c834592217b682cf08e5,
Execution Time for Trace ID bc6e3046a320c834592217b682cf08e5: 381 ms
Input: 5250000,
Cold Start: false
Unique ID: 78d37ffb3ce4971051e9f25263f5a139,
Execution Time for Trace ID 78d37ffb3ce4971051e9f25263f5a139: 399 ms
Input: 5250000,
Cold Start: false
Unique ID: c19d6c815c5794fb5b2ff24f1d6e08ec,
Execution Time for Trace ID c19d6c815c5794fb5b2ff24f1d6e08ec: 366 ms
Input: 5250000,
Cold Start: false
Unique ID: 0ff706c1d049469a87935778a3cb3dbb,
Execution Time for Trace ID 0ff706c1d049469a87935778a3cb3dbb: 347 ms
Input: 5250000,
Cold Start: false
Unique ID: de9382e5126c7574b839e8bc3571c4a2,
Execution Time for Trace ID de9382e5126c7574b839e8bc3571c4a2: 375 ms
Input: 5250000,
Cold Start: false
Unique ID: a81196f4b4bc2a35c1eff421894e4814,
Execution Time for Trace ID a81196f4b4bc2a35c1eff421894e4814: 403 ms
Input: 5250000,
Cold Start: false
Unique ID: f3b2ac19496d7b6552d7167148ce564d,
Execution Time for Trace ID f3b2ac19496d7b6552d7167148ce564d: 349 ms
Input: 5250000,
Cold Start: false
Unique ID: af6d0cd50196805ac184ef9c076ee68e,
Execution Time for Trace ID af6d0cd50196805ac184ef9c076ee68e: 377 ms
Input: 5250000,
Cold Start: false
Unique ID: 81aebfc7e987f9e4015aea88e4c9e05a,
Execution Time for Trace ID 81aebfc7e987f9e4015aea88e4c9e05a: 347 ms
Input: 5250000,
Cold Start: false
Unique ID: 3f5ee990e4bbe46e07d20dc10e19b08f,
Execution Time for Trace ID 3f5ee990e4bbe46e07d20dc10e19b08f: 346 ms
Input: 5250000,
Cold Start: false
Unique ID: ff1fb64aadc3627eefb2c66c9e14b306,
Execution Time for Trace ID ff1fb64aadc3627eefb2c66c9e14b306: 375 ms
Input: 5250000,
Cold Start: false
Unique ID: 87ed16af181615c6affe103c55dbd37b,
Execution Time for Trace ID 87ed16af181615c6affe103c55dbd37b: 347 ms
Input: 5250000,
Cold Start: false
Unique ID: 13cea73573260cc2a854258d9c25fa9e,
Execution Time for Trace ID 13cea73573260cc2a854258d9c25fa9e: 365 ms
Input: 5250000,
Cold Start: false
Unique ID: a83633210105a0324448e4fb98115f70,
Execution Time for Trace ID a83633210105a0324448e4fb98115f70: 404 ms
Input: 5250000,
Cold Start: false
Unique ID: 6a11cb4ad383908ba58f61c7ba04fad2,
Execution Time for Trace ID 6a11cb4ad383908ba58f61c7ba04fad2: 367 ms
Input: 5250000,
Cold Start: false
Unique ID: ec3bf09fed7156c417a134895ced7d45,
Execution Time for Trace ID ec3bf09fed7156c417a134895ced7d45: 352 ms
Input: 5250000,
Cold Start: false
Unique ID: 40b9bef5cffe9bc436d2d37c88f9e8db,
Execution Time for Trace ID 40b9bef5cffe9bc436d2d37c88f9e8db: 377 ms
Input: 5250000,
Cold Start: false
Unique ID: 6e473a916f4ff3451a13533f4b99331c,
Execution Time for Trace ID 6e473a916f4ff3451a13533f4b99331c: 348 ms
Input: 5250000,
Cold Start: false
Unique ID: f3e1cb0f1c17a30636d2d37c88f9e247,
Execution Time for Trace ID f3e1cb0f1c17a30636d2d37c88f9e247: 403 ms
Input: 5250000,
Cold Start: false
Unique ID: 23798d04a5af3508c316dbb3f5984f51,
Execution Time for Trace ID 23798d04a5af3508c316dbb3f5984f51: 343 ms
Input: 5250000,
Cold Start: false
Unique ID: 3a597defa3bbe039fc2c9aef1e5ada0d,
Execution Time for Trace ID 3a597defa3bbe039fc2c9aef1e5ada0d: 367 ms
Input: 5250000,
Cold Start: false
Unique ID: 2dec9f2455b434cdb5384c2f06a7187c,
Execution Time for Trace ID 2dec9f2455b434cdb5384c2f06a7187c: 485 ms
Input: 5250000,
Cold Start: false
Unique ID: 2b7c0a02192fd8cf22bb048b790d42a9,
Execution Time for Trace ID 2b7c0a02192fd8cf22bb048b790d42a9: 529 ms
Input: 5250000,
Cold Start: false
Unique ID: 9e7b93f38d7d78429bd0ef62c7654329,
Execution Time for Trace ID 9e7b93f38d7d78429bd0ef62c7654329: 390 ms
Input: 5250000,
Cold Start: false
Unique ID: 88e6c2530470dd3a2156e8b951b71860,
Execution Time for Trace ID 88e6c2530470dd3a2156e8b951b71860: 387 ms
Input: 5250000,
Cold Start: false
Unique ID: fb5a5b144f21ebdbd1aac5f03f16abc0,
Execution Time for Trace ID fb5a5b144f21ebdbd1aac5f03f16abc0: 398 ms
Input: 5250000,
Cold Start: false
Unique ID: 36ba990dfdf54d6f8e2bd1c3fd67037c,
Execution Time for Trace ID 36ba990dfdf54d6f8e2bd1c3fd67037c: 346 ms
Input: 5250000,
Cold Start: false
Unique ID: bc0e465aff07cf1502b26eb7c3b7276b,
Execution Time for Trace ID bc0e465aff07cf1502b26eb7c3b7276b: 346 ms
Input: 5250000,
Cold Start: false
Unique ID: d363c9d992a608d56e83d356dad4037c,
Execution Time for Trace ID d363c9d992a608d56e83d356dad4037c: 393 ms
Input: 5250000,
Cold Start: false
Unique ID: 8a077c75e3621ab9ff83b9248c7861f2,
Execution Time for Trace ID 8a077c75e3621ab9ff83b9248c7861f2: 394 ms
Input: 5250000,
Cold Start: false
Unique ID: 50b8bc5ce3ff30075bc2854cdaec1eb1,
Execution Time for Trace ID 50b8bc5ce3ff30075bc2854cdaec1eb1: 355 ms
Input: 5250000,
Cold Start: false
Unique ID: f236daf0b9f9cb4056cfe60a737af7f9,
Execution Time for Trace ID f236daf0b9f9cb4056cfe60a737af7f9: 345 ms
Input: 5250000,
Cold Start: false
Unique ID: 3eaa3cf26cd7a91ddfd33d92b8dbc6c7,
Execution Time for Trace ID 3eaa3cf26cd7a91ddfd33d92b8dbc6c7: 364 ms
Input: 5250000,
Cold Start: false
Unique ID: 74376d9e8336c7d87303ccf558deccbe,
Execution Time for Trace ID 74376d9e8336c7d87303ccf558deccbe: 406 ms
Input: 5250000,
Cold Start: false
Unique ID: 7128c057b005ff8b8028bd74e560aba3,
Execution Time for Trace ID 7128c057b005ff8b8028bd74e560aba3: 354 ms
Input: 5250000,
Cold Start: false
Unique ID: a96a5f9a45b04723ad87f2a1a469a938,
Execution Time for Trace ID a96a5f9a45b04723ad87f2a1a469a938: 343 ms
Input: 5250000,
Cold Start: false
Unique ID: a39766cfa94d29d23c13980c49ff9a24,
Execution Time for Trace ID a39766cfa94d29d23c13980c49ff9a24: 361 ms
Input: 5250000,
Cold Start: false
Unique ID: 3a4b9132fc097a7e5702386c12828a2d,
Execution Time for Trace ID 3a4b9132fc097a7e5702386c12828a2d: 389 ms
Input: 5250000,
Cold Start: false
Unique ID: 44983b68a2a1d767c7e03207316fb926,
Execution Time for Trace ID 44983b68a2a1d767c7e03207316fb926: 353 ms
Input: 5250000,
Cold Start: false
Unique ID: e65a9f87a52184c8ef54f2556111ccd5,
Execution Time for Trace ID e65a9f87a52184c8ef54f2556111ccd5: 343 ms
Input: 5250000,
Cold Start: false
Unique ID: 8b1cf33ed871fb1b7e22f7b9316e1c80,
Execution Time for Trace ID 8b1cf33ed871fb1b7e22f7b9316e1c80: 373 ms
Input: 5250000,
Cold Start: false
Unique ID: 228d876c50e85bd930234920b3d811b0,
Execution Time for Trace ID 228d876c50e85bd930234920b3d811b0: 339 ms
Input: 5250000,
Cold Start: false
Unique ID: 6014f6450bfa65dc6ea1d83a426f987d,
Execution Time for Trace ID 6014f6450bfa65dc6ea1d83a426f987d: 398 ms
Input: 5250000,
Cold Start: false
Unique ID: 201268c39e38e43598f6535a34804ac5,
Execution Time for Trace ID 201268c39e38e43598f6535a34804ac5: 345 ms
Input: 5250000,
Cold Start: false
Unique ID: 0f33029fa1c2ef220423004b9e4e290c,
Execution Time for Trace ID 0f33029fa1c2ef220423004b9e4e290c: 387 ms
Input: 5250000,
Cold Start: false
Unique ID: d92f806254b0cbe38c2dd674bd770892,
Execution Time for Trace ID d92f806254b0cbe38c2dd674bd770892: 496 ms
Input: 5250000,
Cold Start: false
Unique ID: 623d7b7f84af76ec432ad003dd691f29,
Execution Time for Trace ID 623d7b7f84af76ec432ad003dd691f29: 542 ms
Input: 5250000,
Cold Start: false
Unique ID: e6220243aa8f7525a1547c92ababe6a1,
Execution Time for Trace ID e6220243aa8f7525a1547c92ababe6a1: 347 ms
Input: 5250000,
Cold Start: false
Unique ID: ab1298b2ff509ed1a4e10f182ee2e815,
Execution Time for Trace ID ab1298b2ff509ed1a4e10f182ee2e815: 383 ms
Input: 5250000,
Cold Start: false
Unique ID: d5d685a149d8a676ffd19bd3a97f45f7,
Execution Time for Trace ID d5d685a149d8a676ffd19bd3a97f45f7: 473 ms
Input: 5250000,
Cold Start: false
Unique ID: 5ebc01c70cb66c0032bafffe90e7b83d,
Execution Time for Trace ID 5ebc01c70cb66c0032bafffe90e7b83d: 440 ms
Input: 5250000,
Cold Start: false
Unique ID: 3241162f357d9f633ea92402883d001c,
Execution Time for Trace ID 3241162f357d9f633ea92402883d001c: 343 ms
Input: 5250000,
Cold Start: false
Unique ID: 36bd783bd8bb723842eea0f8539a0e75,
Execution Time for Trace ID 36bd783bd8bb723842eea0f8539a0e75: 379 ms
Input: 5250000,
Cold Start: false
Unique ID: 6f464d7e8d1a7d77d2ee1fe90c6e5001,
Execution Time for Trace ID 6f464d7e8d1a7d77d2ee1fe90c6e5001: 392 ms
Input: 5250000,
Cold Start: false
Unique ID: 2b5140d6d3ffccabf9c50ca6f9ffc3f6,
Execution Time for Trace ID 2b5140d6d3ffccabf9c50ca6f9ffc3f6: 423 ms
Input: 5250000,
Cold Start: false
Unique ID: 1f071daa04bb45914d366aacca632800,
Execution Time for Trace ID 1f071daa04bb45914d366aacca632800: 347 ms
Input: 5250000,
Cold Start: false
Unique ID: dd2fa447ca4196b54d160b80072afcb9,
Execution Time for Trace ID dd2fa447ca4196b54d160b80072afcb9: 362 ms
Input: 5250000,
Cold Start: false
Unique ID: 6ccd9f43b04117324653e1d6970506e6,
Execution Time for Trace ID 6ccd9f43b04117324653e1d6970506e6: 391 ms
Input: 5250000,
Cold Start: false
Unique ID: be7b03cee39874b4ca98539acadc9506,
Execution Time for Trace ID be7b03cee39874b4ca98539acadc9506: 343 ms
Input: 5250000,
Cold Start: false
Unique ID: 24c95bffbf5e15a9ebf69165a8bb379e,
Execution Time for Trace ID 24c95bffbf5e15a9ebf69165a8bb379e: 345 ms
Input: 5250000,
Cold Start: false
Unique ID: 4e63a128a0854787c3513cb7f9baf0c7,
Execution Time for Trace ID 4e63a128a0854787c3513cb7f9baf0c7: 373 ms
Input: 5250000,
Cold Start: false
Unique ID: 9e51f0db98c77211d0e8feb35868360d,
Execution Time for Trace ID 9e51f0db98c77211d0e8feb35868360d: 382 ms
Input: 5250000,
Cold Start: false
Unique ID: 644cfc44e8e8cbc5a077dc0372d47114,
Execution Time for Trace ID 644cfc44e8e8cbc5a077dc0372d47114: 345 ms
Input: 5250000,
Cold Start: false
Unique ID: 3585074620ad03208aaff5b7210429e2,
Execution Time for Trace ID 3585074620ad03208aaff5b7210429e2: 340 ms
Input: 5250000,
Cold Start: false
Unique ID: 750f291a4391c9d45f16e7868ec1d8b6,
Execution Time for Trace ID 750f291a4391c9d45f16e7868ec1d8b6: 381 ms
Input: 5250000,
Cold Start: false
Unique ID: 26809c66c33a686c4dc49297d69d6f39,
Execution Time for Trace ID 26809c66c33a686c4dc49297d69d6f39: 346 ms
Input: 5250000,
Cold Start: false
Unique ID: be12326031373931ace5dd22d232943b,
Execution Time for Trace ID be12326031373931ace5dd22d232943b: 396 ms
Input: 5250000,
Cold Start: false
Unique ID: 1fd3703c2171b5e3d866d384b01da511,
Execution Time for Trace ID 1fd3703c2171b5e3d866d384b01da511: 362 ms
Input: 5250000,
Cold Start: false
Unique ID: 4e848af3739c51d653131b79ab91e0f8,
Execution Time for Trace ID 4e848af3739c51d653131b79ab91e0f8: 358 ms
Input: 5250000,
Cold Start: false
Unique ID: f55444cc9f52662c99059a35f39acee2,
Execution Time for Trace ID f55444cc9f52662c99059a35f39acee2: 366 ms
Input: 5250000,
Cold Start: false
Unique ID: 3964021a150f9b6f5b92e78fd49e7e62,
Execution Time for Trace ID 3964021a150f9b6f5b92e78fd49e7e62: 400 ms
Input: 5250000,
Cold Start: false
Unique ID: c4759daf454a5c03a36f1e8971dc8b7c,
Execution Time for Trace ID c4759daf454a5c03a36f1e8971dc8b7c: 357 ms
Input: 5250000,
Cold Start: false
Unique ID: ffd57dae6c293f94112d3307dce988c2,
Execution Time for Trace ID ffd57dae6c293f94112d3307dce988c2: 364 ms
Input: 5250000,
Cold Start: false
Unique ID: 2b7f033d3614b7eac1fcf9168757a6df,
Execution Time for Trace ID 2b7f033d3614b7eac1fcf9168757a6df: 351 ms
Input: 5250000,
Cold Start: false
Unique ID: 3ec3bcd79ca04eb7113a47906d7db81b,
Execution Time for Trace ID 3ec3bcd79ca04eb7113a47906d7db81b: 402 ms
Input: 5250000,
Cold Start: false
Unique ID: bfa1166648997625ad8703bac6ad6c40,
Execution Time for Trace ID bfa1166648997625ad8703bac6ad6c40: 381 ms
Input: 5250000,
Cold Start: false
Unique ID: a7b5548dfad84e1c8176621627ea591c,
Execution Time for Trace ID a7b5548dfad84e1c8176621627ea591c: 351 ms
Input: 5250000,
Cold Start: false
Unique ID: e96d13c7942255c047fc9d536fc03b6e,
Execution Time for Trace ID e96d13c7942255c047fc9d536fc03b6e: 357 ms
Input: 5250000,
Cold Start: false
Unique ID: a3f6e46954d7fdaea591dd7ff492aa5e,
Execution Time for Trace ID a3f6e46954d7fdaea591dd7ff492aa5e: 430 ms
Input: 5250000,
Cold Start: false
Unique ID: 6dd21ce7a6a837060028bf65c8f7965b,
Execution Time for Trace ID 6dd21ce7a6a837060028bf65c8f7965b: 343 ms
Input: 5250000,
Cold Start: false
Unique ID: 5a2135d94f26a94c71efb52cd57dd97b,
Execution Time for Trace ID 5a2135d94f26a94c71efb52cd57dd97b: 408 ms
Input: 5250000,
Cold Start: false
Unique ID: 645e78c6629dc658ab3ae104593555a7,
Execution Time for Trace ID 645e78c6629dc658ab3ae104593555a7: 352 ms
Input: 5250000,
Cold Start: false
Unique ID: 1582023965f3843be0d25b0591f81f7a,
Execution Time for Trace ID 1582023965f3843be0d25b0591f81f7a: 424 ms
Input: 5250000,
Cold Start: false
Unique ID: afc016282c859dbe61eb431bd31a2c99,
Execution Time for Trace ID afc016282c859dbe61eb431bd31a2c99: 389 ms
Input: 5250000,
Cold Start: false
Unique ID: d237dac7a9479d0dd127dea7397deb00,
Execution Time for Trace ID d237dac7a9479d0dd127dea7397deb00: 351 ms
Input: 5250000,
Cold Start: false
Unique ID: 68527caaf69735a12df4dffda9c268f4,
Execution Time for Trace ID 68527caaf69735a12df4dffda9c268f4: 363 ms
Input: 5250000,
Cold Start: false
Unique ID: 9e0a12009264b125eaa08add06e5578a,
Execution Time for Trace ID 9e0a12009264b125eaa08add06e5578a: 411 ms
Input: 5250000,
Cold Start: false
Unique ID: b1886da7f11ce880b980bdc5587ca390,
Execution Time for Trace ID b1886da7f11ce880b980bdc5587ca390: 381 ms
Input: 5250000,
Cold Start: false
Unique ID: eab800c0f42573ef74ef56ffc1722986,
Execution Time for Trace ID eab800c0f42573ef74ef56ffc1722986: 357 ms
Input: 5250000,
Cold Start: false
Unique ID: 9477cf1811086851f9b0848705432a69,
Execution Time for Trace ID 9477cf1811086851f9b0848705432a69: 354 ms
Input: 5250000,
Cold Start: false
Unique ID: 87898723e35a7e8485ef736e0831fae9,
Execution Time for Trace ID 87898723e35a7e8485ef736e0831fae9: 407 ms
Input: 5250000,
Cold Start: false
Unique ID: 83f46b28be92fa3562e93ce7ea199353,
Execution Time for Trace ID 83f46b28be92fa3562e93ce7ea199353: 377 ms
Input: 5250000,
Cold Start: false
Unique ID: d9c253ab8e1b5a909609cf7458780844,
Execution Time for Trace ID d9c253ab8e1b5a909609cf7458780844: 348 ms
Input: 5250000,
Cold Start: false
Unique ID: d0180f5451411bffe78abfc708a21100,
Execution Time for Trace ID d0180f5451411bffe78abfc708a21100: 378 ms
Input: 5250000,
Cold Start: false
Unique ID: e89b7b961dfdde2d268015f3b0519a88,
Execution Time for Trace ID e89b7b961dfdde2d268015f3b0519a88: 425 ms
Input: 5250000,
Cold Start: false
Unique ID: 6ae42ec5961aa73341daf1ea87a47fd6,
Execution Time for Trace ID 6ae42ec5961aa73341daf1ea87a47fd6: 360 ms
Input: 5250000,
Cold Start: false
Unique ID: 9c43bceca673846e1b2dac1a493d1cd2,
Execution Time for Trace ID 9c43bceca673846e1b2dac1a493d1cd2: 287 ms
Input: 5250000,
Cold Start: false
Unique ID: 68717d030cabfc460e72fe4955c149fb,
Execution Time for Trace ID 68717d030cabfc460e72fe4955c149fb: 367 ms
Input: 5250000,
Cold Start: false
Unique ID: 8d16225f26a7d87b1600a80ecae56cfd,
Execution Time for Trace ID 8d16225f26a7d87b1600a80ecae56cfd: 345 ms
Input: 5250000,
Cold Start: false
Unique ID: 5e25f6f99e067c62fcf344192dbae290,
Execution Time for Trace ID 5e25f6f99e067c62fcf344192dbae290: 364 ms
Input: 5250000,
Cold Start: false
Unique ID: effd54862638a8473fa20b4b9f810f25,
Execution Time for Trace ID effd54862638a8473fa20b4b9f810f25: 411 ms
Input: 5250000,
Cold Start: false
Unique ID: 0eef39d9f6a19efa4becf4730305d6d8,
Execution Time for Trace ID 0eef39d9f6a19efa4becf4730305d6d8: 414 ms
Input: 5250000,
Cold Start: false
Unique ID: 7ecc4bd151eb0d92e5229471794fae76,
Execution Time for Trace ID 7ecc4bd151eb0d92e5229471794fae76: 451 ms
Input: 5250000,
Cold Start: false
Unique ID: 3dcdc60bf0100fee917a3d6965b7770e,
Execution Time for Trace ID 3dcdc60bf0100fee917a3d6965b7770e: 379 ms
Input: 5250000,
Cold Start: false
Unique ID: aff55465b1b8515dd674661dcf954ac0,
Execution Time for Trace ID aff55465b1b8515dd674661dcf954ac0: 345 ms
Input: 5250000,
Cold Start: false
Unique ID: 007bcb941191dc4408723e9a6ad1a417,
Execution Time for Trace ID 007bcb941191dc4408723e9a6ad1a417: 347 ms
Input: 5250000,
Cold Start: false
Unique ID: eb1477408787da16524b6765a8d15cc3,
Execution Time for Trace ID eb1477408787da16524b6765a8d15cc3: 404 ms
Input: 5250000,
Cold Start: false
Unique ID: 08be03d009e6e4f0c577b4f012cff16f,
Execution Time for Trace ID 08be03d009e6e4f0c577b4f012cff16f: 393 ms
Input: 5250000,
Cold Start: false
Unique ID: ed86a37829461b583cb315648b0c7c68,
Execution Time for Trace ID ed86a37829461b583cb315648b0c7c68: 343 ms
Input: 5250000,
Cold Start: false
Unique ID: 2c5293894c3e2cd5dce53115f127f4cb,
Execution Time for Trace ID 2c5293894c3e2cd5dce53115f127f4cb: 367 ms
Input: 5250000,
Cold Start: false
Unique ID: 8eb38270836f6a34e5d9622a76367982,
Execution Time for Trace ID 8eb38270836f6a34e5d9622a76367982: 397 ms
Input: 5250000,
Cold Start: false
Unique ID: a9f3354f1b90114b0724a8a9c90230ce,
Execution Time for Trace ID a9f3354f1b90114b0724a8a9c90230ce: 352 ms
Input: 5250000,
Cold Start: false
Unique ID: 4d41f9c52005ce4bdcb3426758e20196,
Execution Time for Trace ID 4d41f9c52005ce4bdcb3426758e20196: 389 ms
Input: 5250000,
Cold Start: false
Unique ID: e3d07c4f1680ace164659773d88ee3a5,
Execution Time for Trace ID e3d07c4f1680ace164659773d88ee3a5: 348 ms
Input: 5250000,
Cold Start: false
Unique ID: 75c55e091ffd1adc34afd17a56a531ca,
Execution Time for Trace ID 75c55e091ffd1adc34afd17a56a531ca: 404 ms
Input: 5250000,
Cold Start: false
Unique ID: 95e1718457deccd63604681575a990b4,
Execution Time for Trace ID 95e1718457deccd63604681575a990b4: 390 ms
Input: 5250000,
Cold Start: false
Unique ID: d17d4dab2505bb867d953a1610a78878,
Execution Time for Trace ID d17d4dab2505bb867d953a1610a78878: 397 ms
Input: 5250000,
Cold Start: false
Unique ID: 6520abbe8d56859e93cd03ab18c4558f,
Execution Time for Trace ID 6520abbe8d56859e93cd03ab18c4558f: 353 ms
Input: 5250000,
Cold Start: false
Unique ID: cd1d31412931fa611cad24b84f991f73,
Execution Time for Trace ID cd1d31412931fa611cad24b84f991f73: 406 ms
Input: 5250000,
Cold Start: false
Unique ID: b9b4bd4e2e47bcd0f362c70f73b215ea,
Execution Time for Trace ID b9b4bd4e2e47bcd0f362c70f73b215ea: 392 ms
Input: 5250000,
Cold Start: false
Unique ID: 48886eff0c9e572915769ab0bf20668a,
Execution Time for Trace ID 48886eff0c9e572915769ab0bf20668a: 359 ms
Input: 5250000,
Cold Start: false
Unique ID: 99d9a708f496038268f82a5170c29561,
Execution Time for Trace ID 99d9a708f496038268f82a5170c29561: 361 ms
Input: 5250000,
Cold Start: false
Unique ID: 9df479ea511deeeb1e1a64377d833394,
Execution Time for Trace ID 9df479ea511deeeb1e1a64377d833394: 422 ms
Input: 5250000,
Cold Start: false
Unique ID: 3af0f686f3e7f8e7cfca2057caa9ec54,
Execution Time for Trace ID 3af0f686f3e7f8e7cfca2057caa9ec54: 406 ms
Input: 5250000,
Cold Start: false
Unique ID: 2141f38d4e9b80c6f7ed69898f64046b,
Execution Time for Trace ID 2141f38d4e9b80c6f7ed69898f64046b: 352 ms
Input: 5250000,
Cold Start: false
Unique ID: 2281e13ecb814b21062c1684bff3f906,
Execution Time for Trace ID 2281e13ecb814b21062c1684bff3f906: 386 ms
Input: 5250000,
Cold Start: false
Unique ID: 6f0ae144d3011a81e805b3743e0aff56,
Execution Time for Trace ID 6f0ae144d3011a81e805b3743e0aff56: 442 ms
Input: 5250000,
Cold Start: false
Unique ID: 026f99c78851f01cf954af4e16c1d5d7,
Execution Time for Trace ID 026f99c78851f01cf954af4e16c1d5d7: 404 ms
Input: 5250000,
Cold Start: false
Unique ID: 6cbef3021a10d90caba09802ac0c7447,
Execution Time for Trace ID 6cbef3021a10d90caba09802ac0c7447: 347 ms
Input: 5250000,
Cold Start: false
Unique ID: 4fdd022fba98cdc4798669b3e2c5fceb,
Execution Time for Trace ID 4fdd022fba98cdc4798669b3e2c5fceb: 427 ms
Input: 5250000,
Cold Start: false
Unique ID: e29a897f95d549e6de62158eef7a5efb,
Execution Time for Trace ID e29a897f95d549e6de62158eef7a5efb: 480 ms
Input: 5250000,
Cold Start: false
Unique ID: ef122368d21252b6e59f73dc19cc2094,
Execution Time for Trace ID ef122368d21252b6e59f73dc19cc2094: 382 ms
Input: 5250000,
Cold Start: false
Unique ID: 5a43032015d3babad825f22e29d4072d,
Execution Time for Trace ID 5a43032015d3babad825f22e29d4072d: 353 ms
Input: 5250000,
Cold Start: false
Unique ID: 25769144a26cd7111ac77dc2ee95708b,
Execution Time for Trace ID 25769144a26cd7111ac77dc2ee95708b: 372 ms
Input: 5250000,
Cold Start: false
Unique ID: 4602f01295433605051d02630ed8c69a,
Execution Time for Trace ID 4602f01295433605051d02630ed8c69a: 403 ms
Input: 5250000,
Cold Start: false
Unique ID: cba71fcc2a308adb98e1d303f24284aa,
Execution Time for Trace ID cba71fcc2a308adb98e1d303f24284aa: 388 ms
Input: 5250000,
Cold Start: false
Unique ID: e318511c98b072332385262401a14641,
Execution Time for Trace ID e318511c98b072332385262401a14641: 352 ms
Input: 5250000,
Cold Start: false
Unique ID: a077b618e9b322eb8cb2c294bcce86e5,
Execution Time for Trace ID a077b618e9b322eb8cb2c294bcce86e5: 371 ms
Input: 5250000,
Cold Start: false
Unique ID: 4a21b712d484f5384ec947a1d2bf5571,
Execution Time for Trace ID 4a21b712d484f5384ec947a1d2bf5571: 417 ms
Input: 5250000,
Cold Start: false
Unique ID: f34335ab17249d392d987a3711ef938a,
Execution Time for Trace ID f34335ab17249d392d987a3711ef938a: 391 ms
Input: 5250000,
Cold Start: false
Unique ID: 9ebbac9dda1a13bc7816668123288762,
Execution Time for Trace ID 9ebbac9dda1a13bc7816668123288762: 359 ms
Input: 5250000,
Cold Start: false
Unique ID: a975b2ace244fb9d3caba45932f9bf0b,
Execution Time for Trace ID a975b2ace244fb9d3caba45932f9bf0b: 473 ms
Input: 5250000,
Cold Start: false
Unique ID: bfb8b78765ecfcce67c07a05b1e882d8,
Execution Time for Trace ID bfb8b78765ecfcce67c07a05b1e882d8: 495 ms
Input: 5250000,
Cold Start: false
Unique ID: 0c3229ef495c3ebbe05df5b16f942c73,
Execution Time for Trace ID 0c3229ef495c3ebbe05df5b16f942c73: 409 ms
Input: 5250000,
Cold Start: false
Unique ID: 0ae311b01ac1b9afbd16255d1a9bc87d,
Execution Time for Trace ID 0ae311b01ac1b9afbd16255d1a9bc87d: 350 ms
Input: 5250000,
Cold Start: false
Unique ID: df47cafdb22813e8264a8051ffaf4646,
Execution Time for Trace ID df47cafdb22813e8264a8051ffaf4646: 353 ms
Input: 5250000,
Cold Start: false
Unique ID: b69c31001d6ccdc20fe467b6800d5ea2,
Execution Time for Trace ID b69c31001d6ccdc20fe467b6800d5ea2: 393 ms
Input: 5250000,
Cold Start: false
Unique ID: c83426b8f2f63bda37f5791337d92b70,
Execution Time for Trace ID c83426b8f2f63bda37f5791337d92b70: 351 ms
Input: 5250000,
Cold Start: false
Unique ID: 7e09fe44edd85abb45c2efe4b61adb6d,
Execution Time for Trace ID 7e09fe44edd85abb45c2efe4b61adb6d: 396 ms
Input: 5250000,
Cold Start: false
Unique ID: abdeed1c17c31c20f0de03356a2cf859,
Execution Time for Trace ID abdeed1c17c31c20f0de03356a2cf859: 361 ms
Input: 5250000,
Cold Start: false
Unique ID: 482d34a8c85a964cdd1602186b28d620,
Execution Time for Trace ID 482d34a8c85a964cdd1602186b28d620: 398 ms
Input: 5250000,
Cold Start: false
Unique ID: 93d1c77a494a0b13f9c8c9c64939f5e8,
Execution Time for Trace ID 93d1c77a494a0b13f9c8c9c64939f5e8: 405 ms
Input: 5250000,
Cold Start: false
Unique ID: ba1776ac536f250dbb147b0c20674648,
Execution Time for Trace ID ba1776ac536f250dbb147b0c20674648: 345 ms
Input: 5250000,
Cold Start: false
Unique ID: 2063d3ba0f8fee327e77a95e0e57fa0f,
Execution Time for Trace ID 2063d3ba0f8fee327e77a95e0e57fa0f: 374 ms
Input: 5250000,
Cold Start: false
Unique ID: 0742b1c77c4d26869a57dffbea95ff32,
Execution Time for Trace ID 0742b1c77c4d26869a57dffbea95ff32: 485 ms
Input: 5250000,
Cold Start: false
Unique ID: c57b64602d15c2bedba8ccfaa29e2a0d,
Execution Time for Trace ID c57b64602d15c2bedba8ccfaa29e2a0d: 387 ms
Input: 5250000,
Cold Start: false
Unique ID: 1b8f8a0eabb927803ebded76e7b6aa51,
Execution Time for Trace ID 1b8f8a0eabb927803ebded76e7b6aa51: 350 ms
Input: 5250000,
Cold Start: false
Unique ID: ce8db5c28cb9db437ec624694ae59ccb,
Execution Time for Trace ID ce8db5c28cb9db437ec624694ae59ccb: 351 ms
Input: 5250000,
Cold Start: false
Unique ID: cb5f365e70a90ea08dea9788a8078a7f,
Execution Time for Trace ID cb5f365e70a90ea08dea9788a8078a7f: 396 ms
Input: 5250000,
Cold Start: false
Unique ID: b304728ff4a601c2ee5150cbe27874b4,
Execution Time for Trace ID b304728ff4a601c2ee5150cbe27874b4: 394 ms
Input: 5250000,
Cold Start: false
Unique ID: f519ecd2a453b42b993d3aeb6ce89329,
Execution Time for Trace ID f519ecd2a453b42b993d3aeb6ce89329: 345 ms
Input: 5250000,
Cold Start: false
Unique ID: a79fc72122b661acdb5935fc853f2d1e,
Execution Time for Trace ID a79fc72122b661acdb5935fc853f2d1e: 364 ms
Input: 5250000,
Cold Start: false
Unique ID: fc4f1529f43bef04e7c92619f876f789,
Execution Time for Trace ID fc4f1529f43bef04e7c92619f876f789: 403 ms
Input: 5250000,
Cold Start: false
Unique ID: 68e87d10dade7a8b44227986eed3971e,
Execution Time for Trace ID 68e87d10dade7a8b44227986eed3971e: 397 ms
Input: 5250000,
Cold Start: false
Unique ID: a404ec9baefdf8ea15d3f1cf4faa1a27,
Execution Time for Trace ID a404ec9baefdf8ea15d3f1cf4faa1a27: 370 ms
Input: 5250000,
Cold Start: false
Unique ID: e28981f07f1391d1bd376b3a236afe74,
Execution Time for Trace ID e28981f07f1391d1bd376b3a236afe74: 356 ms
Input: 5250000,
Cold Start: false
Unique ID: 3d056868f95185cb010a75c8e4026a15,
Execution Time for Trace ID 3d056868f95185cb010a75c8e4026a15: 380 ms
Input: 5250000,
Cold Start: false
