Unique ID: 3628df1d8521fb2df5847d846e589ff6,
Execution Time for Trace ID 3628df1d8521fb2df5847d846e589ff6: 471 ms
Input: 5750000,
Cold Start: false
Unique ID: 87da8e5573c67e507d389b20e60ea6df,
Execution Time for Trace ID 87da8e5573c67e507d389b20e60ea6df: 509 ms
Input: 5750000,
Cold Start: false
Unique ID: 46c4e585e97ae3e9264f9155d249475a,
Execution Time for Trace ID 46c4e585e97ae3e9264f9155d249475a: 511 ms
Input: 5750000,
Cold Start: false
Unique ID: 51a1c3f8ba0db38c3446851b48a12d69,
Execution Time for Trace ID 51a1c3f8ba0db38c3446851b48a12d69: 461 ms
Input: 5750000,
Cold Start: false
Unique ID: 5fc67b4a33a95da873ee78d8a609e234,
Execution Time for Trace ID 5fc67b4a33a95da873ee78d8a609e234: 411 ms
Input: 5750000,
Cold Start: false
Unique ID: cefe3f47e1dd7ff8395fb784dfc96c07,
Execution Time for Trace ID cefe3f47e1dd7ff8395fb784dfc96c07: 443 ms
Input: 5750000,
Cold Start: false
Unique ID: caf01c5cea478275cc4825d2b5ff1c68,
Execution Time for Trace ID caf01c5cea478275cc4825d2b5ff1c68: 543 ms
Input: 5750000,
Cold Start: false
Unique ID: 8387b4fb5e1e588f02231596a80d4ecc,
Execution Time for Trace ID 8387b4fb5e1e588f02231596a80d4ecc: 603 ms
Input: 5750000,
Cold Start: false
Unique ID: 3010263bebb5ecc445890f9dfa5b063f,
Execution Time for Trace ID 3010263bebb5ecc445890f9dfa5b063f: 425 ms
Input: 5750000,
Cold Start: false
Unique ID: 3ad86fd975a2b7be021486639340030b,
Execution Time for Trace ID 3ad86fd975a2b7be021486639340030b: 403 ms
Input: 5750000,
Cold Start: false
Unique ID: 7715690c786c5ca993f9f17b60d68034,
Execution Time for Trace ID 7715690c786c5ca993f9f17b60d68034: 507 ms
Input: 5750000,
Cold Start: false
Unique ID: 40eebc6c25dbc99f9d0ce59f777c893c,
Execution Time for Trace ID 40eebc6c25dbc99f9d0ce59f777c893c: 453 ms
Input: 5750000,
Cold Start: false
Unique ID: c52305df3bf1191fd77973c853a16145,
Execution Time for Trace ID c52305df3bf1191fd77973c853a16145: 420 ms
Input: 5750000,
Cold Start: false
Unique ID: 48109ca2b8f5fef4e60a59290a83ac7d,
Execution Time for Trace ID 48109ca2b8f5fef4e60a59290a83ac7d: 428 ms
Input: 5750000,
Cold Start: false
Unique ID: 62a305e404c47b02ab3017332328484a,
Execution Time for Trace ID 62a305e404c47b02ab3017332328484a: 417 ms
Input: 5750000,
Cold Start: false
Unique ID: e0f51360ec6aa12ca6b611c63f2c6547,
Execution Time for Trace ID e0f51360ec6aa12ca6b611c63f2c6547: 421 ms
Input: 5750000,
Cold Start: false
Unique ID: 0f4e974b6f63f68bdf4ce3b223600aca,
Execution Time for Trace ID 0f4e974b6f63f68bdf4ce3b223600aca: 438 ms
Input: 5750000,
Cold Start: false
Unique ID: a240f09c58bf50fbe5d5e0a37843244d,
Execution Time for Trace ID a240f09c58bf50fbe5d5e0a37843244d: 412 ms
Input: 5750000,
Cold Start: false
Unique ID: 34b0d1a9560eb717504f1da5901f0042,
Execution Time for Trace ID 34b0d1a9560eb717504f1da5901f0042: 370 ms
Input: 5750000,
Cold Start: false
Unique ID: 9fbce9f35f6f3cca0b48c737212e4af4,
Execution Time for Trace ID 9fbce9f35f6f3cca0b48c737212e4af4: 420 ms
Input: 5750000,
Cold Start: false
Unique ID: ddca03b2063a773ef92c69e840f35f4d,
Execution Time for Trace ID ddca03b2063a773ef92c69e840f35f4d: 367 ms
Input: 5750000,
Cold Start: false
Unique ID: dccef9297a1e78498f5ef8238e2cc175,
Execution Time for Trace ID dccef9297a1e78498f5ef8238e2cc175: 397 ms
Input: 5750000,
Cold Start: false
Unique ID: 7590fd07852dd1f3b0cc28aa0ff0a00b,
Execution Time for Trace ID 7590fd07852dd1f3b0cc28aa0ff0a00b: 413 ms
Input: 5750000,
Cold Start: false
Unique ID: a61bc120e04b93b18020684434385b36,
Execution Time for Trace ID a61bc120e04b93b18020684434385b36: 421 ms
Input: 5750000,
Cold Start: false
Unique ID: a02ea12861085ee6210c627ff6535ae1,
Execution Time for Trace ID a02ea12861085ee6210c627ff6535ae1: 371 ms
Input: 5750000,
Cold Start: false
Unique ID: fe24d5a6450f51797c795b870d17ec70,
Execution Time for Trace ID fe24d5a6450f51797c795b870d17ec70: 401 ms
Input: 5750000,
Cold Start: false
Unique ID: 69deebaa33ad70caaf566a8161101077,
Execution Time for Trace ID 69deebaa33ad70caaf566a8161101077: 424 ms
Input: 5750000,
Cold Start: false
Unique ID: a38e4f50fe55363ff55755a920f2ce2f,
Execution Time for Trace ID a38e4f50fe55363ff55755a920f2ce2f: 366 ms
Input: 5750000,
Cold Start: false
Unique ID: 0c93fffbeb2ebbf32fb6802db7469207,
Execution Time for Trace ID 0c93fffbeb2ebbf32fb6802db7469207: 444 ms
Input: 5750000,
Cold Start: false
Unique ID: da4cd0cbea43d7f211d0c50e96266418,
Execution Time for Trace ID da4cd0cbea43d7f211d0c50e96266418: 398 ms
Input: 5750000,
Cold Start: false
Unique ID: 779024ab88570e4cdc6e6be58203cc5d,
Execution Time for Trace ID 779024ab88570e4cdc6e6be58203cc5d: 373 ms
Input: 5750000,
Cold Start: false
Unique ID: 6ddc87976a1636742ef22e8e6f6766ee,
Execution Time for Trace ID 6ddc87976a1636742ef22e8e6f6766ee: 365 ms
Input: 5750000,
Cold Start: false
Unique ID: 2a1e101ff799a4de3a652b340f360925,
Execution Time for Trace ID 2a1e101ff799a4de3a652b340f360925: 409 ms
Input: 5750000,
Cold Start: false
Unique ID: 04e5d1dacc5821bcc0226a1af8df6607,
Execution Time for Trace ID 04e5d1dacc5821bcc0226a1af8df6607: 404 ms
Input: 5750000,
Cold Start: false
Unique ID: a99de7a008596784e165984eb115ce31,
Execution Time for Trace ID a99de7a008596784e165984eb115ce31: 363 ms
Input: 5750000,
Cold Start: false
Unique ID: bf5baeab8086a027cc4f0120fdb67e4d,
Execution Time for Trace ID bf5baeab8086a027cc4f0120fdb67e4d: 421 ms
Input: 5750000,
Cold Start: false
Unique ID: 96272cc28a3e4e8af331a850e4944e65,
Execution Time for Trace ID 96272cc28a3e4e8af331a850e4944e65: 378 ms
Input: 5750000,
Cold Start: false
Unique ID: 582dd3ced9b62f03e5c42d0b2ae78a5c,
Execution Time for Trace ID 582dd3ced9b62f03e5c42d0b2ae78a5c: 393 ms
Input: 5750000,
Cold Start: false
Unique ID: 1bf09072a6ca3b421e157ccf5771c951,
Execution Time for Trace ID 1bf09072a6ca3b421e157ccf5771c951: 421 ms
Input: 5750000,
Cold Start: false
Unique ID: e955c506dd68e67ac4f36828046c5054,
Execution Time for Trace ID e955c506dd68e67ac4f36828046c5054: 396 ms
Input: 5750000,
Cold Start: false
Unique ID: 8be3eef5a7fc3b884520c05012866329,
Execution Time for Trace ID 8be3eef5a7fc3b884520c05012866329: 356 ms
Input: 5750000,
Cold Start: false
Unique ID: 1b7e89ef17289af562f373838ec75119,
Execution Time for Trace ID 1b7e89ef17289af562f373838ec75119: 413 ms
Input: 5750000,
Cold Start: false
Unique ID: 4a62144708267c48dad88884a6898e3b,
Execution Time for Trace ID 4a62144708267c48dad88884a6898e3b: 438 ms
Input: 5750000,
Cold Start: false
Unique ID: 40c0e25ef14b72455e23af071830a2a1,
Execution Time for Trace ID 40c0e25ef14b72455e23af071830a2a1: 491 ms
Input: 5750000,
Cold Start: false
Unique ID: 28bbe66c0995b344662aa807e89587a7,
Execution Time for Trace ID 28bbe66c0995b344662aa807e89587a7: 358 ms
Input: 5750000,
Cold Start: false
Unique ID: b2077fcc4f50743ff4140fd34ab9ff5a,
Execution Time for Trace ID b2077fcc4f50743ff4140fd34ab9ff5a: 413 ms
Input: 5750000,
Cold Start: false
Unique ID: 0109823d5c7dac6042dc24e0bc9d87c9,
Execution Time for Trace ID 0109823d5c7dac6042dc24e0bc9d87c9: 377 ms
Input: 5750000,
Cold Start: false
Unique ID: 81ecfacc6e18a5f1e945a50a7a072813,
Execution Time for Trace ID 81ecfacc6e18a5f1e945a50a7a072813: 365 ms
Input: 5750000,
Cold Start: false
Unique ID: e6c46266ee2f01bdcc9268cc522a2ee6,
Execution Time for Trace ID e6c46266ee2f01bdcc9268cc522a2ee6: 420 ms
Input: 5750000,
Cold Start: false
Unique ID: 88fda77f2a74fcd4392aede786231409,
Execution Time for Trace ID 88fda77f2a74fcd4392aede786231409: 411 ms
Input: 5750000,
Cold Start: false
Unique ID: 029ba4fab2b4f6459ff4b2d07b12bdbd,
Execution Time for Trace ID 029ba4fab2b4f6459ff4b2d07b12bdbd: 369 ms
Input: 5750000,
Cold Start: false
Unique ID: d84777fb01f7b38f7a54e17f6587a1be,
Execution Time for Trace ID d84777fb01f7b38f7a54e17f6587a1be: 367 ms
Input: 5750000,
Cold Start: false
Unique ID: 32e6fc021ce1d12167c931724184adb3,
Execution Time for Trace ID 32e6fc021ce1d12167c931724184adb3: 381 ms
Input: 5750000,
Cold Start: false
Unique ID: c1077a56fcd75fcb261d27709926e9c7,
Execution Time for Trace ID c1077a56fcd75fcb261d27709926e9c7: 427 ms
Input: 5750000,
Cold Start: false
Unique ID: 5dc347b9394038cb970a88ae383aaec7,
Execution Time for Trace ID 5dc347b9394038cb970a88ae383aaec7: 369 ms
Input: 5750000,
Cold Start: false
Unique ID: 14fd211adc6225fb7a39708a8cc2766d,
Execution Time for Trace ID 14fd211adc6225fb7a39708a8cc2766d: 366 ms
Input: 5750000,
Cold Start: false
Unique ID: 1c2d13b0320a6da0585d33fcac9833a8,
Execution Time for Trace ID 1c2d13b0320a6da0585d33fcac9833a8: 357 ms
Input: 5750000,
Cold Start: false
Unique ID: 9df6ebf7312e1a01268418a04f96e629,
Execution Time for Trace ID 9df6ebf7312e1a01268418a04f96e629: 419 ms
Input: 5750000,
Cold Start: false
Unique ID: a9637cb94a1871d55b09d5c6e9f2b034,
Execution Time for Trace ID a9637cb94a1871d55b09d5c6e9f2b034: 424 ms
Input: 5750000,
Cold Start: false
Unique ID: 64f23bd0c0c988538d19fa87327661f5,
Execution Time for Trace ID 64f23bd0c0c988538d19fa87327661f5: 371 ms
Input: 5750000,
Cold Start: false
Unique ID: 25ded0df732d3432dbb4758a8e5f3eb6,
Execution Time for Trace ID 25ded0df732d3432dbb4758a8e5f3eb6: 419 ms
Input: 5750000,
Cold Start: false
Unique ID: 991ba23e622d05c47809519ca5c85aeb,
Execution Time for Trace ID 991ba23e622d05c47809519ca5c85aeb: 419 ms
Input: 5750000,
Cold Start: false
Unique ID: 49a6f0427ed35ca84a1d22f13360b552,
Execution Time for Trace ID 49a6f0427ed35ca84a1d22f13360b552: 436 ms
Input: 5750000,
Cold Start: false
Unique ID: 74a0b5d4d7dcb701f27f9444016d18af,
Execution Time for Trace ID 74a0b5d4d7dcb701f27f9444016d18af: 459 ms
Input: 5750000,
Cold Start: false
Unique ID: 8c54608a217f4f8cd0092e28ec7dcf9a,
Execution Time for Trace ID 8c54608a217f4f8cd0092e28ec7dcf9a: 359 ms
Input: 5750000,
Cold Start: false
Unique ID: 537a64ac84df7c799bee0694b2c749f3,
Execution Time for Trace ID 537a64ac84df7c799bee0694b2c749f3: 422 ms
Input: 5750000,
Cold Start: false
Unique ID: d7f1433ab93858d0948b4f51178f2c32,
Execution Time for Trace ID d7f1433ab93858d0948b4f51178f2c32: 415 ms
Input: 5750000,
Cold Start: false
Unique ID: 9c62dd161b5510cbb9aaee67e0094681,
Execution Time for Trace ID 9c62dd161b5510cbb9aaee67e0094681: 358 ms
Input: 5750000,
Cold Start: false
Unique ID: d6fb5c446056e295c1d88d500d36b0c0,
Execution Time for Trace ID d6fb5c446056e295c1d88d500d36b0c0: 367 ms
Input: 5750000,
Cold Start: false
Unique ID: bae0380b9e5baaadd7db04620e58f514,
Execution Time for Trace ID bae0380b9e5baaadd7db04620e58f514: 408 ms
Input: 5750000,
Cold Start: false
Unique ID: 8bc7c014c959afef0201fca100be01ef,
Execution Time for Trace ID 8bc7c014c959afef0201fca100be01ef: 374 ms
Input: 5750000,
Cold Start: false
Unique ID: 05267e21640118c9e4ba13f8fa95be2d,
Execution Time for Trace ID 05267e21640118c9e4ba13f8fa95be2d: 374 ms
Input: 5750000,
Cold Start: false
Unique ID: 6c698ba6c6f963d9d5cd009876127115,
Execution Time for Trace ID 6c698ba6c6f963d9d5cd009876127115: 424 ms
Input: 5750000,
Cold Start: false
Unique ID: bf883c94839723ada06677ad52d92a3c,
Execution Time for Trace ID bf883c94839723ada06677ad52d92a3c: 409 ms
Input: 5750000,
Cold Start: false
Unique ID: cec40d9be739f3e3336bc132fa8b972a,
Execution Time for Trace ID cec40d9be739f3e3336bc132fa8b972a: 404 ms
Input: 5750000,
Cold Start: false
Unique ID: 47ad4c4d2b8091f5ced0480bc1c83b05,
Execution Time for Trace ID 47ad4c4d2b8091f5ced0480bc1c83b05: 413 ms
Input: 5750000,
Cold Start: false
Unique ID: cc468e76730cbda6b5dced4b4887a2d8,
Execution Time for Trace ID cc468e76730cbda6b5dced4b4887a2d8: 364 ms
Input: 5750000,
Cold Start: false
Unique ID: 5b491841a07a494fd0f3503a0557ec13,
Execution Time for Trace ID 5b491841a07a494fd0f3503a0557ec13: 394 ms
Input: 5750000,
Cold Start: false
Unique ID: ce87046f882aea9d95192dabeb0eebc5,
Execution Time for Trace ID ce87046f882aea9d95192dabeb0eebc5: 507 ms
Input: 5750000,
Cold Start: false
Unique ID: 64ac1273cc78e604856f9a87cffab42f,
Execution Time for Trace ID 64ac1273cc78e604856f9a87cffab42f: 461 ms
Input: 5750000,
Cold Start: false
Unique ID: 8619976f6112006bfd42522cdbba3e6e,
Execution Time for Trace ID 8619976f6112006bfd42522cdbba3e6e: 414 ms
Input: 5750000,
Cold Start: false
Unique ID: 88fc1fcc116dcfff573cfa10b9feea1b,
Execution Time for Trace ID 88fc1fcc116dcfff573cfa10b9feea1b: 409 ms
Input: 5750000,
Cold Start: false
Unique ID: ae8b1a6be53a351f3b553282acac46b8,
Execution Time for Trace ID ae8b1a6be53a351f3b553282acac46b8: 412 ms
Input: 5750000,
Cold Start: false
Unique ID: c18f5cbbb6b1d3518b9760aebf9360f2,
Execution Time for Trace ID c18f5cbbb6b1d3518b9760aebf9360f2: 424 ms
Input: 5750000,
Cold Start: false
Unique ID: ee62613d02aa3cefb8bd663b02d6820b,
Execution Time for Trace ID ee62613d02aa3cefb8bd663b02d6820b: 367 ms
Input: 5750000,
Cold Start: false
Unique ID: a67ed3dd1c8fad506f6df9dfc3d4f399,
Execution Time for Trace ID a67ed3dd1c8fad506f6df9dfc3d4f399: 393 ms
Input: 5750000,
Cold Start: false
Unique ID: 141fc4950846890fab15a854a9319a52,
Execution Time for Trace ID 141fc4950846890fab15a854a9319a52: 348 ms
Input: 5750000,
Cold Start: false
Unique ID: 5e937b2097a75ea108286cba1d6fb363,
Execution Time for Trace ID 5e937b2097a75ea108286cba1d6fb363: 380 ms
Input: 5750000,
Cold Start: false
Unique ID: 639f30a6c8af2158e17ec3f3cb4ab2ec,
Execution Time for Trace ID 639f30a6c8af2158e17ec3f3cb4ab2ec: 356 ms
Input: 5750000,
Cold Start: false
Unique ID: b5de3d91e5f60b69347770c4cc586e5b,
Execution Time for Trace ID b5de3d91e5f60b69347770c4cc586e5b: 418 ms
Input: 5750000,
Cold Start: false
Unique ID: 8f90dd3fd3111e4ee3111bd62f3c9ed8,
Execution Time for Trace ID 8f90dd3fd3111e4ee3111bd62f3c9ed8: 418 ms
Input: 5750000,
Cold Start: false
Unique ID: 8fd61573f24b7c2a38c6494941add9a0,
Execution Time for Trace ID 8fd61573f24b7c2a38c6494941add9a0: 428 ms
Input: 5750000,
Cold Start: false
Unique ID: c2a561e73366bd3ece434ad6abd1c1a6,
Execution Time for Trace ID c2a561e73366bd3ece434ad6abd1c1a6: 365 ms
Input: 5750000,
Cold Start: false
Unique ID: fc0de2e6c76e61638051805022bdcc57,
Execution Time for Trace ID fc0de2e6c76e61638051805022bdcc57: 388 ms
Input: 5750000,
Cold Start: false
Unique ID: 12be4b99122aadccf889ec071baf78e3,
Execution Time for Trace ID 12be4b99122aadccf889ec071baf78e3: 356 ms
Input: 5750000,
Cold Start: false
Unique ID: 66f8ca225ed243763522b270af25a62d,
Execution Time for Trace ID 66f8ca225ed243763522b270af25a62d: 374 ms
Input: 5750000,
Cold Start: false
Unique ID: 88672958a51da9e7ccfbbd1786622f91,
Execution Time for Trace ID 88672958a51da9e7ccfbbd1786622f91: 360 ms
Input: 5750000,
Cold Start: false
Unique ID: 6c57e3cd5e057b37d65690d1016acd5d,
Execution Time for Trace ID 6c57e3cd5e057b37d65690d1016acd5d: 390 ms
Input: 5750000,
Cold Start: false
Unique ID: 5703f15475d6d3164c720b23c5101545,
Execution Time for Trace ID 5703f15475d6d3164c720b23c5101545: 417 ms
Input: 5750000,
Cold Start: false
Unique ID: 97c70aa2365c01ffee143eb388696a2f,
Execution Time for Trace ID 97c70aa2365c01ffee143eb388696a2f: 422 ms
Input: 5750000,
Cold Start: false
Unique ID: aee12d7d91de4909408196739beac649,
Execution Time for Trace ID aee12d7d91de4909408196739beac649: 431 ms
Input: 5750000,
Cold Start: false
Unique ID: 471005163ee65ea8aa43be159aeb2527,
Execution Time for Trace ID 471005163ee65ea8aa43be159aeb2527: 487 ms
Input: 5750000,
Cold Start: false
Unique ID: 056e15150ead226557f436878444c21a,
Execution Time for Trace ID 056e15150ead226557f436878444c21a: 423 ms
Input: 5750000,
Cold Start: false
Unique ID: f0e69c4ef72afbe260c86ae1eaf6788f,
Execution Time for Trace ID f0e69c4ef72afbe260c86ae1eaf6788f: 379 ms
Input: 5750000,
Cold Start: false
Unique ID: 16938ae2fd59bf96390a8f6446a3967a,
Execution Time for Trace ID 16938ae2fd59bf96390a8f6446a3967a: 414 ms
Input: 5750000,
Cold Start: false
Unique ID: ac0fa26848f4317eee168e07bf996018,
Execution Time for Trace ID ac0fa26848f4317eee168e07bf996018: 398 ms
Input: 5750000,
Cold Start: false
Unique ID: ad8376ac80ab79bc0475a831d7274355,
Execution Time for Trace ID ad8376ac80ab79bc0475a831d7274355: 392 ms
Input: 5750000,
Cold Start: false
Unique ID: 5104f26da2eab5c22d5c2e993d29bf16,
Execution Time for Trace ID 5104f26da2eab5c22d5c2e993d29bf16: 398 ms
Input: 5750000,
Cold Start: false
Unique ID: 8b2257eced279555e7cfd9cf28a6c751,
Execution Time for Trace ID 8b2257eced279555e7cfd9cf28a6c751: 418 ms
Input: 5750000,
Cold Start: false
Unique ID: be8541a3295917247234ca29f89f2e15,
Execution Time for Trace ID be8541a3295917247234ca29f89f2e15: 353 ms
Input: 5750000,
Cold Start: false
Unique ID: 3d6374be0cb572b5815581be8d4da6aa,
Execution Time for Trace ID 3d6374be0cb572b5815581be8d4da6aa: 408 ms
Input: 5750000,
Cold Start: false
Unique ID: fa677138fec971a9f219c0a29ab5d3ae,
Execution Time for Trace ID fa677138fec971a9f219c0a29ab5d3ae: 502 ms
Input: 5750000,
Cold Start: false
Unique ID: f5dfe03c00d049c526fdd3467716c312,
Execution Time for Trace ID f5dfe03c00d049c526fdd3467716c312: 354 ms
Input: 5750000,
Cold Start: false
Unique ID: fde155b73581d7ee987a0ec0111fc418,
Execution Time for Trace ID fde155b73581d7ee987a0ec0111fc418: 418 ms
Input: 5750000,
Cold Start: false
Unique ID: f7e9ae3b3ab86403a1ae35ccee3e5e50,
Execution Time for Trace ID f7e9ae3b3ab86403a1ae35ccee3e5e50: 417 ms
Input: 5750000,
Cold Start: false
Unique ID: 37807dbf663a76db129d7a5f8543046e,
Execution Time for Trace ID 37807dbf663a76db129d7a5f8543046e: 424 ms
Input: 5750000,
Cold Start: false
Unique ID: a02afa31b24e2b23805bc9ebd456dedb,
Execution Time for Trace ID a02afa31b24e2b23805bc9ebd456dedb: 372 ms
Input: 5750000,
Cold Start: false
Unique ID: ef5086bd334c91af5f79426a004f49da,
Execution Time for Trace ID ef5086bd334c91af5f79426a004f49da: 395 ms
Input: 5750000,
Cold Start: false
Unique ID: b34b59ab6308de618304a780c6bfa069,
Execution Time for Trace ID b34b59ab6308de618304a780c6bfa069: 418 ms
Input: 5750000,
Cold Start: false
Unique ID: c3bde544777c92b6e61bfb217cf8cc26,
Execution Time for Trace ID c3bde544777c92b6e61bfb217cf8cc26: 463 ms
Input: 5750000,
Cold Start: false
Unique ID: 66aa04c702c728c4702a674925e0899a,
Execution Time for Trace ID 66aa04c702c728c4702a674925e0899a: 372 ms
Input: 5750000,
Cold Start: false
Unique ID: a905cca7ccc1178074c7c841fc070a26,
Execution Time for Trace ID a905cca7ccc1178074c7c841fc070a26: 407 ms
Input: 5750000,
Cold Start: false
Unique ID: 1d9afb62ccc9dbdcd51c94dfa8cff948,
Execution Time for Trace ID 1d9afb62ccc9dbdcd51c94dfa8cff948: 446 ms
Input: 5750000,
Cold Start: false
Unique ID: 59bde2361deea179a0971e654d79a118,
Execution Time for Trace ID 59bde2361deea179a0971e654d79a118: 452 ms
Input: 5750000,
Cold Start: false
Unique ID: c1f97582e15a8d32edb3a4794676acb4,
Execution Time for Trace ID c1f97582e15a8d32edb3a4794676acb4: 359 ms
Input: 5750000,
Cold Start: false
Unique ID: f7d313a8d952059cd3330b30015044a7,
Execution Time for Trace ID f7d313a8d952059cd3330b30015044a7: 425 ms
Input: 5750000,
Cold Start: false
Unique ID: 1fd22ffe14effdd53d753fb2177cd4a5,
Execution Time for Trace ID 1fd22ffe14effdd53d753fb2177cd4a5: 408 ms
Input: 5750000,
Cold Start: false
Unique ID: 5042663e081fbf9f2d8179767b6e5b42,
Execution Time for Trace ID 5042663e081fbf9f2d8179767b6e5b42: 425 ms
Input: 5750000,
Cold Start: false
Unique ID: 9ce0cc92b2bd972ca97f8c2bd88225a7,
Execution Time for Trace ID 9ce0cc92b2bd972ca97f8c2bd88225a7: 363 ms
Input: 5750000,
Cold Start: false
Unique ID: a06c41adc339ca310ae49a7ab53a5e74,
Execution Time for Trace ID a06c41adc339ca310ae49a7ab53a5e74: 359 ms
Input: 5750000,
Cold Start: false
Unique ID: bf9e1f813b33d8819a7a52b9a9e60043,
Execution Time for Trace ID bf9e1f813b33d8819a7a52b9a9e60043: 410 ms
Input: 5750000,
Cold Start: false
Unique ID: 40bb9bd2101e49a644ab899fe5eb378b,
Execution Time for Trace ID 40bb9bd2101e49a644ab899fe5eb378b: 370 ms
Input: 5750000,
Cold Start: false
Unique ID: 778bd1896ffd9a6e7b86b2dde0964d5b,
Execution Time for Trace ID 778bd1896ffd9a6e7b86b2dde0964d5b: 415 ms
Input: 5750000,
Cold Start: false
Unique ID: 76daaf7e3d0f60a120d0fa14cb119d39,
Execution Time for Trace ID 76daaf7e3d0f60a120d0fa14cb119d39: 378 ms
Input: 5750000,
Cold Start: false
Unique ID: df877f748e0992c7113ec1763caa81b4,
Execution Time for Trace ID df877f748e0992c7113ec1763caa81b4: 390 ms
Input: 5750000,
Cold Start: false
Unique ID: 3f1b7cb8125d3801f1389dffa1b0ee7e,
Execution Time for Trace ID 3f1b7cb8125d3801f1389dffa1b0ee7e: 357 ms
Input: 5750000,
Cold Start: false
Unique ID: 112fe8acc0be797110ee4f2186a4faaf,
Execution Time for Trace ID 112fe8acc0be797110ee4f2186a4faaf: 374 ms
Input: 5750000,
Cold Start: false
Unique ID: 438b4623750829e717dbe117e9b2a9d9,
Execution Time for Trace ID 438b4623750829e717dbe117e9b2a9d9: 405 ms
Input: 5750000,
Cold Start: false
Unique ID: 30e002b2eee4705e1c6549c1585e253e,
Execution Time for Trace ID 30e002b2eee4705e1c6549c1585e253e: 412 ms
Input: 5750000,
Cold Start: false
Unique ID: cc83c569e709f624d43e371c9f9e079c,
Execution Time for Trace ID cc83c569e709f624d43e371c9f9e079c: 367 ms
Input: 5750000,
Cold Start: false
Unique ID: 49dcafaaf5e132b8567ab4c6f3db3e43,
Execution Time for Trace ID 49dcafaaf5e132b8567ab4c6f3db3e43: 360 ms
Input: 5750000,
Cold Start: false
Unique ID: a22ac78f7c777b4a3707b8bbec08ea7a,
Execution Time for Trace ID a22ac78f7c777b4a3707b8bbec08ea7a: 357 ms
Input: 5750000,
Cold Start: false
Unique ID: 66cbd82f111cb2d1095f128f02068761,
Execution Time for Trace ID 66cbd82f111cb2d1095f128f02068761: 430 ms
Input: 5750000,
Cold Start: false
Unique ID: 3c45456335842230f2db6f9d7ad502a4,
Execution Time for Trace ID 3c45456335842230f2db6f9d7ad502a4: 393 ms
Input: 5750000,
Cold Start: false
Unique ID: 8f8619a678ee68101e6efb65d260d267,
Execution Time for Trace ID 8f8619a678ee68101e6efb65d260d267: 368 ms
Input: 5750000,
Cold Start: false
Unique ID: d0a62e51fe0454d04cb1d5b64487f221,
Execution Time for Trace ID d0a62e51fe0454d04cb1d5b64487f221: 403 ms
Input: 5750000,
Cold Start: false
Unique ID: 3c54a34eb1c50c4b8aff9ccc958925b6,
Execution Time for Trace ID 3c54a34eb1c50c4b8aff9ccc958925b6: 367 ms
Input: 5750000,
Cold Start: false
Unique ID: 5a8cfffb013f65c77d16de99b168b298,
Execution Time for Trace ID 5a8cfffb013f65c77d16de99b168b298: 373 ms
Input: 5750000,
Cold Start: false
Unique ID: a629dc211d47bd1d038af9d5e937a9ec,
Execution Time for Trace ID a629dc211d47bd1d038af9d5e937a9ec: 366 ms
Input: 5750000,
Cold Start: false
Unique ID: 0db0e973d33adba4ac8d415831e8e1f4,
Execution Time for Trace ID 0db0e973d33adba4ac8d415831e8e1f4: 401 ms
Input: 5750000,
Cold Start: false
Unique ID: a3ec56eb01b75fab7564090e36820088,
Execution Time for Trace ID a3ec56eb01b75fab7564090e36820088: 469 ms
Input: 5750000,
Cold Start: false
Unique ID: 45913e57bf3a1dac8f520c0866d353b1,
Execution Time for Trace ID 45913e57bf3a1dac8f520c0866d353b1: 535 ms
Input: 5750000,
Cold Start: false
Unique ID: f4016364a16fa909bbd49bf156c282c6,
Execution Time for Trace ID f4016364a16fa909bbd49bf156c282c6: 360 ms
Input: 5750000,
Cold Start: false
Unique ID: 6cefeb7c3a5e66248ee21810037a3345,
Execution Time for Trace ID 6cefeb7c3a5e66248ee21810037a3345: 426 ms
Input: 5750000,
Cold Start: false
Unique ID: 4dd850036864d40e0cb00b2fc77be6ce,
Execution Time for Trace ID 4dd850036864d40e0cb00b2fc77be6ce: 416 ms
Input: 5750000,
Cold Start: false
Unique ID: 96934d8f61ab1e420e34087a2672c7ef,
Execution Time for Trace ID 96934d8f61ab1e420e34087a2672c7ef: 369 ms
Input: 5750000,
Cold Start: false
Unique ID: 9e71ea9cc9f894725d0ec2cb1aee4dcf,
Execution Time for Trace ID 9e71ea9cc9f894725d0ec2cb1aee4dcf: 362 ms
Input: 5750000,
Cold Start: false
Unique ID: f9ef42c15e5b331669dd4421c438c665,
Execution Time for Trace ID f9ef42c15e5b331669dd4421c438c665: 428 ms
Input: 5750000,
Cold Start: false
Unique ID: d0678d1ffd0a5b57ad00b541c85498e2,
Execution Time for Trace ID d0678d1ffd0a5b57ad00b541c85498e2: 414 ms
Input: 5750000,
Cold Start: false
Unique ID: 9c813260c6e212491decbba6993010b0,
Execution Time for Trace ID 9c813260c6e212491decbba6993010b0: 420 ms
Input: 5750000,
Cold Start: false
Unique ID: f45a3dac6678a4bc61168add040defd5,
Execution Time for Trace ID f45a3dac6678a4bc61168add040defd5: 356 ms
Input: 5750000,
Cold Start: false
Unique ID: f8938fde25ecc3f2d592d030cd8219c0,
Execution Time for Trace ID f8938fde25ecc3f2d592d030cd8219c0: 430 ms
Input: 5750000,
Cold Start: false
Unique ID: 822cffce38d497d95bf6042f64373851,
Execution Time for Trace ID 822cffce38d497d95bf6042f64373851: 423 ms
Input: 5750000,
Cold Start: false
Unique ID: 69c77cc4a5f0de3f28999e0ca9115091,
Execution Time for Trace ID 69c77cc4a5f0de3f28999e0ca9115091: 385 ms
Input: 5750000,
Cold Start: false
Unique ID: ce0dc396b626cf1c1768a9c3598de558,
Execution Time for Trace ID ce0dc396b626cf1c1768a9c3598de558: 379 ms
Input: 5750000,
Cold Start: false
Unique ID: ef30d5126a20515c1632e7d92f1f2521,
Execution Time for Trace ID ef30d5126a20515c1632e7d92f1f2521: 398 ms
Input: 5750000,
Cold Start: false
Unique ID: b64afb18a9546ee99904c9a284cead6f,
Execution Time for Trace ID b64afb18a9546ee99904c9a284cead6f: 410 ms
Input: 5750000,
Cold Start: false
Unique ID: 5da44d42b6f3dfcc2923d1183dd795d9,
Execution Time for Trace ID 5da44d42b6f3dfcc2923d1183dd795d9: 411 ms
Input: 5750000,
Cold Start: false
Unique ID: 507002358f50f45da3ad305769d4194d,
Execution Time for Trace ID 507002358f50f45da3ad305769d4194d: 362 ms
Input: 5750000,
Cold Start: false
Unique ID: 6ff30bd959777471e8e97473881b901c,
Execution Time for Trace ID 6ff30bd959777471e8e97473881b901c: 425 ms
Input: 5750000,
Cold Start: false
Unique ID: 7373ec24c76108f5e52c574dbc4a4438,
Execution Time for Trace ID 7373ec24c76108f5e52c574dbc4a4438: 429 ms
Input: 5750000,
Cold Start: false
Unique ID: d62723f3ed285fabeca2462dd039c51b,
Execution Time for Trace ID d62723f3ed285fabeca2462dd039c51b: 393 ms
Input: 5750000,
Cold Start: false
Unique ID: edeff1215a2a788f90b8376456d07416,
Execution Time for Trace ID edeff1215a2a788f90b8376456d07416: 382 ms
Input: 5750000,
Cold Start: false
Unique ID: 7670dffa8c2e3b9619e780f02f8036df,
Execution Time for Trace ID 7670dffa8c2e3b9619e780f02f8036df: 401 ms
Input: 5750000,
Cold Start: false
Unique ID: e14c7a636fff00147d7a68bd1eaf2c0a,
Execution Time for Trace ID e14c7a636fff00147d7a68bd1eaf2c0a: 422 ms
Input: 5750000,
Cold Start: false
Unique ID: 08f3835982cd4a9ce52673c226bfda43,
Execution Time for Trace ID 08f3835982cd4a9ce52673c226bfda43: 426 ms
Input: 5750000,
Cold Start: false
Unique ID: babc58faec66bc47f3ccaf28be3f7346,
Execution Time for Trace ID babc58faec66bc47f3ccaf28be3f7346: 415 ms
Input: 5750000,
Cold Start: false
Unique ID: fd7300404ff120f000deed5e0a3705aa,
Execution Time for Trace ID fd7300404ff120f000deed5e0a3705aa: 364 ms
Input: 5750000,
Cold Start: false
Unique ID: 95fcf96ee7648298599f599a58f63d2d,
Execution Time for Trace ID 95fcf96ee7648298599f599a58f63d2d: 373 ms
Input: 5750000,
Cold Start: false
Unique ID: 51ffa1ea5b6f856d66ff0967064dd8f3,
Execution Time for Trace ID 51ffa1ea5b6f856d66ff0967064dd8f3: 380 ms
Input: 5750000,
Cold Start: false
Unique ID: fba315d53bc550c95b91febe9b301699,
Execution Time for Trace ID fba315d53bc550c95b91febe9b301699: 378 ms
Input: 5750000,
Cold Start: false
Unique ID: 5776fdefec1f11a49318c3c79323c123,
Execution Time for Trace ID 5776fdefec1f11a49318c3c79323c123: 399 ms
Input: 5750000,
Cold Start: false
Unique ID: 1e7fbe804cde8e62efa93d5a76247e98,
Execution Time for Trace ID 1e7fbe804cde8e62efa93d5a76247e98: 360 ms
Input: 5750000,
Cold Start: false
Unique ID: f7b918ab9f3426e8aee7bc46be4f990c,
Execution Time for Trace ID f7b918ab9f3426e8aee7bc46be4f990c: 429 ms
Input: 5750000,
Cold Start: false
Unique ID: b5d98d3b2ef9b4399e709044af79ba3b,
Execution Time for Trace ID b5d98d3b2ef9b4399e709044af79ba3b: 359 ms
Input: 5750000,
Cold Start: false
Unique ID: 83fd8845f99e33bcc4fd9aafdbd68810,
Execution Time for Trace ID 83fd8845f99e33bcc4fd9aafdbd68810: 414 ms
Input: 5750000,
Cold Start: false
Unique ID: d2c8c38089513b2b16a241685f1aba07,
Execution Time for Trace ID d2c8c38089513b2b16a241685f1aba07: 524 ms
Input: 5750000,
Cold Start: false
Unique ID: 76c9d27f1ec4661b9e189fdbb0db9d67,
Execution Time for Trace ID 76c9d27f1ec4661b9e189fdbb0db9d67: 542 ms
Input: 5750000,
Cold Start: false
Unique ID: 0dcd422e26353fa51cc5b675867ace38,
Execution Time for Trace ID 0dcd422e26353fa51cc5b675867ace38: 368 ms
Input: 5750000,
Cold Start: false
Unique ID: d5a560d54db6bc769796547f8008d5d6,
Execution Time for Trace ID d5a560d54db6bc769796547f8008d5d6: 401 ms
Input: 5750000,
Cold Start: false
Unique ID: c400bdd4a19814164b02a9934a3901e6,
Execution Time for Trace ID c400bdd4a19814164b02a9934a3901e6: 426 ms
Input: 5750000,
Cold Start: false
Unique ID: b5bed4f687d80cd0f933656cf480be69,
Execution Time for Trace ID b5bed4f687d80cd0f933656cf480be69: 426 ms
Input: 5750000,
Cold Start: false
Unique ID: bffc128e228aa19a4286123a0b82ccb7,
Execution Time for Trace ID bffc128e228aa19a4286123a0b82ccb7: 354 ms
Input: 5750000,
Cold Start: false
Unique ID: d971464f9cf31542183cfd639189472d,
Execution Time for Trace ID d971464f9cf31542183cfd639189472d: 359 ms
Input: 5750000,
Cold Start: false
Unique ID: 76a5e44aaeb97b4dab83c7dd0d29dbf0,
Execution Time for Trace ID 76a5e44aaeb97b4dab83c7dd0d29dbf0: 415 ms
Input: 5750000,
Cold Start: false
Unique ID: e16735b71807344ac2f801a8f7e47fc5,
Execution Time for Trace ID e16735b71807344ac2f801a8f7e47fc5: 422 ms
Input: 5750000,
Cold Start: false
Unique ID: 30672a8799544f70f88ff2020bfdf809,
Execution Time for Trace ID 30672a8799544f70f88ff2020bfdf809: 359 ms
Input: 5750000,
Cold Start: false
Unique ID: 1c866a0c11fc497370cc9eae780bdb40,
Execution Time for Trace ID 1c866a0c11fc497370cc9eae780bdb40: 411 ms
Input: 5750000,
Cold Start: false
Unique ID: 2e1b40cec57e8cd1a3d988794b1b7f76,
Execution Time for Trace ID 2e1b40cec57e8cd1a3d988794b1b7f76: 428 ms
Input: 5750000,
Cold Start: false
Unique ID: f26fb352158313ab40bc71cf692a7aec,
Execution Time for Trace ID f26fb352158313ab40bc71cf692a7aec: 389 ms
Input: 5750000,
Cold Start: false
Unique ID: d0724fb47cf6951fdfd3a6510a830e97,
Execution Time for Trace ID d0724fb47cf6951fdfd3a6510a830e97: 390 ms
Input: 5750000,
Cold Start: false
Unique ID: c7f8ac2df4c648f8a7e63998d166c1d9,
Execution Time for Trace ID c7f8ac2df4c648f8a7e63998d166c1d9: 374 ms
Input: 5750000,
Cold Start: false
Unique ID: efe79dfafc7eab0856e4fd42b821883b,
Execution Time for Trace ID efe79dfafc7eab0856e4fd42b821883b: 391 ms
Input: 5750000,
Cold Start: false
Unique ID: 4ade6894b2d50151bfb0640bc4949e11,
Execution Time for Trace ID 4ade6894b2d50151bfb0640bc4949e11: 496 ms
Input: 5750000,
Cold Start: false
Unique ID: e77718bd0a1da32f58f2fe080fe10a60,
Execution Time for Trace ID e77718bd0a1da32f58f2fe080fe10a60: 403 ms
Input: 5750000,
Cold Start: false
Unique ID: 3bebed7b804588ae89bfce8ca907eef0,
Execution Time for Trace ID 3bebed7b804588ae89bfce8ca907eef0: 359 ms
Input: 5750000,
Cold Start: false
Unique ID: 0ef0a6148d1eb488bbeda62b45184efc,
Execution Time for Trace ID 0ef0a6148d1eb488bbeda62b45184efc: 369 ms
Input: 5750000,
Cold Start: false
Unique ID: 781c926f28edeb117e177216f1ac969e,
Execution Time for Trace ID 781c926f28edeb117e177216f1ac969e: 438 ms
Input: 5750000,
Cold Start: false
Unique ID: 7f1bc301e68fe17b0cdd96f5ab549b1d,
Execution Time for Trace ID 7f1bc301e68fe17b0cdd96f5ab549b1d: 402 ms
Input: 5750000,
Cold Start: false
Unique ID: a60a3ca9be10138bd73903d74eba7e48,
Execution Time for Trace ID a60a3ca9be10138bd73903d74eba7e48: 363 ms
Input: 5750000,
Cold Start: false
Unique ID: a0ff1cb61abbed794b18b60bdcfe6006,
Execution Time for Trace ID a0ff1cb61abbed794b18b60bdcfe6006: 378 ms
Input: 5750000,
Cold Start: false
Unique ID: 085a463b1331087a3645b29b327d3dca,
Execution Time for Trace ID 085a463b1331087a3645b29b327d3dca: 413 ms
Input: 5750000,
Cold Start: false
Unique ID: ab5d8253820af8a8e5d44aafca9eeacb,
Execution Time for Trace ID ab5d8253820af8a8e5d44aafca9eeacb: 416 ms
Input: 5750000,
Cold Start: false
Unique ID: 7c9aea75883f54e3028a73e6a015f6c8,
Execution Time for Trace ID 7c9aea75883f54e3028a73e6a015f6c8: 356 ms
Input: 5750000,
Cold Start: false
Unique ID: bfa0e2305b97e65e295da339f566374b,
Execution Time for Trace ID bfa0e2305b97e65e295da339f566374b: 383 ms
Input: 5750000,
Cold Start: false
Unique ID: d23f4749470d48f5438dd69faa9029aa,
Execution Time for Trace ID d23f4749470d48f5438dd69faa9029aa: 405 ms
Input: 5750000,
Cold Start: false
Unique ID: 22632d99c34f56a84afc9d97cc0c0f27,
Execution Time for Trace ID 22632d99c34f56a84afc9d97cc0c0f27: 397 ms
Input: 5750000,
Cold Start: false
Unique ID: 2d6f5c1c12a912e59577f4698a5ffbe2,
Execution Time for Trace ID 2d6f5c1c12a912e59577f4698a5ffbe2: 373 ms
Input: 5750000,
Cold Start: false
Unique ID: 2be011a115ca19f1b648942c5a5f22a9,
Execution Time for Trace ID 2be011a115ca19f1b648942c5a5f22a9: 432 ms
Input: 5750000,
Cold Start: false
Unique ID: ab8dc9cdd39c6c83dc8869bbacaac003,
Execution Time for Trace ID ab8dc9cdd39c6c83dc8869bbacaac003: 448 ms
Input: 5750000,
Cold Start: false
Unique ID: 5a617c850b51dad4b88f1bc646e70cec,
Execution Time for Trace ID 5a617c850b51dad4b88f1bc646e70cec: 412 ms
Input: 5750000,
Cold Start: false
Unique ID: e8cc08eb5a2f599db1bb39f7a8d38237,
Execution Time for Trace ID e8cc08eb5a2f599db1bb39f7a8d38237: 360 ms
Input: 5750000,
Cold Start: false
Unique ID: 0b6b1277231b3699503973fd6bee68da,
Execution Time for Trace ID 0b6b1277231b3699503973fd6bee68da: 378 ms
Input: 5750000,
Cold Start: false
Unique ID: 843959d7c22b2e1565cd3b5a7fb62f72,
Execution Time for Trace ID 843959d7c22b2e1565cd3b5a7fb62f72: 367 ms
Input: 5750000,
Cold Start: false
Unique ID: e2e148812d1526f45af1b8c41405757d,
Execution Time for Trace ID e2e148812d1526f45af1b8c41405757d: 393 ms
Input: 5750000,
Cold Start: false
Unique ID: c2411776be32289235e407074601d863,
Execution Time for Trace ID c2411776be32289235e407074601d863: 362 ms
Input: 5750000,
Cold Start: false
Unique ID: a3258c05ca6ab5ffe3a487728105d370,
Execution Time for Trace ID a3258c05ca6ab5ffe3a487728105d370: 362 ms
Input: 5750000,
Cold Start: false
Unique ID: 7ea32693a10623dd60b3e67a67d724f9,
Execution Time for Trace ID 7ea32693a10623dd60b3e67a67d724f9: 414 ms
Input: 5750000,
Cold Start: false
Unique ID: 7cdc36402f0dd27aae0c55db4704b630,
Execution Time for Trace ID 7cdc36402f0dd27aae0c55db4704b630: 367 ms
Input: 5750000,
Cold Start: false
Unique ID: 9f19044517091de39522c9ebffde1826,
Execution Time for Trace ID 9f19044517091de39522c9ebffde1826: 393 ms
Input: 5750000,
Cold Start: false
Unique ID: 7105d7b7073e7bc0aa77f69400e395be,
Execution Time for Trace ID 7105d7b7073e7bc0aa77f69400e395be: 371 ms
Input: 5750000,
Cold Start: false
Unique ID: 79b273ca9cc96722f9d3acf1b75cbb30,
Execution Time for Trace ID 79b273ca9cc96722f9d3acf1b75cbb30: 415 ms
Input: 5750000,
Cold Start: false
Unique ID: 4f5c663fd6cd263266c8b0f7919a9899,
Execution Time for Trace ID 4f5c663fd6cd263266c8b0f7919a9899: 392 ms
Input: 5750000,
Cold Start: false
Unique ID: ce304fefef191cf91e77a6489a80f09d,
Execution Time for Trace ID ce304fefef191cf91e77a6489a80f09d: 364 ms
Input: 5750000,
Cold Start: false
Unique ID: 27aaf8b7e478d76bec65ddfa0d32ae2f,
Execution Time for Trace ID 27aaf8b7e478d76bec65ddfa0d32ae2f: 382 ms
Input: 5750000,
Cold Start: false
Unique ID: 8703cada2c79d12ffc5d5cb9039a653c,
Execution Time for Trace ID 8703cada2c79d12ffc5d5cb9039a653c: 406 ms
Input: 5750000,
Cold Start: false
Unique ID: b5a9066a5df9bb19c599e866ffd53268,
Execution Time for Trace ID b5a9066a5df9bb19c599e866ffd53268: 373 ms
Input: 5750000,
Cold Start: false
Unique ID: e95d649dbdd6f9974eee988ccf4a6189,
Execution Time for Trace ID e95d649dbdd6f9974eee988ccf4a6189: 415 ms
Input: 5750000,
Cold Start: false
Unique ID: f025c265fb979230d27ff2c5a7dc49bf,
Execution Time for Trace ID f025c265fb979230d27ff2c5a7dc49bf: 368 ms
Input: 5750000,
Cold Start: false
Unique ID: c59d771f6be5d6962693892ff211ffc7,
Execution Time for Trace ID c59d771f6be5d6962693892ff211ffc7: 359 ms
Input: 5750000,
Cold Start: false
Unique ID: 3282c4c1c4876ff1d0b993dfad018318,
Execution Time for Trace ID 3282c4c1c4876ff1d0b993dfad018318: 417 ms
Input: 5750000,
Cold Start: false
Unique ID: 519835ebb9ba07d2af8de29d588d1ef6,
Execution Time for Trace ID 519835ebb9ba07d2af8de29d588d1ef6: 371 ms
Input: 5750000,
Cold Start: false
Unique ID: cb405873cf15b24be242a614a79d4e27,
Execution Time for Trace ID cb405873cf15b24be242a614a79d4e27: 377 ms
Input: 5750000,
Cold Start: false
Unique ID: 9ac8317f03d05ec918abb05b3afce803,
Execution Time for Trace ID 9ac8317f03d05ec918abb05b3afce803: 364 ms
Input: 5750000,
Cold Start: false
Unique ID: a3f38d0ce597906c06aa245a832e193f,
Execution Time for Trace ID a3f38d0ce597906c06aa245a832e193f: 411 ms
Input: 5750000,
Cold Start: false
Unique ID: 9f5353cfec8ec8b5570d2c3d5e5e5937,
Execution Time for Trace ID 9f5353cfec8ec8b5570d2c3d5e5e5937: 367 ms
Input: 5750000,
Cold Start: false
Unique ID: 6c9289911e39506156a623ee41f29ad3,
Execution Time for Trace ID 6c9289911e39506156a623ee41f29ad3: 379 ms
Input: 5750000,
Cold Start: false
Unique ID: 7d04835c6521cffe765cb502dc8c25d4,
Execution Time for Trace ID 7d04835c6521cffe765cb502dc8c25d4: 359 ms
Input: 5750000,
Cold Start: false
Unique ID: eccef5d80ffe83aaf20605af76334c94,
Execution Time for Trace ID eccef5d80ffe83aaf20605af76334c94: 403 ms
Input: 5750000,
Cold Start: false
Unique ID: 04d17cb6fb703d1e52d68e28c6cb2d24,
Execution Time for Trace ID 04d17cb6fb703d1e52d68e28c6cb2d24: 366 ms
Input: 5750000,
Cold Start: false
Unique ID: 78ced4d375a29692eb490368d0f8af28,
Execution Time for Trace ID 78ced4d375a29692eb490368d0f8af28: 499 ms
Input: 5750000,
Cold Start: false
Unique ID: d220c321d3ced5f56ef67077baafa297,
Execution Time for Trace ID d220c321d3ced5f56ef67077baafa297: 454 ms
Input: 5750000,
Cold Start: false
Unique ID: 8ec99d89f15ab4c2ffc42e2e26e7fcc2,
Execution Time for Trace ID 8ec99d89f15ab4c2ffc42e2e26e7fcc2: 402 ms
Input: 5750000,
Cold Start: false
Unique ID: 9815a0360689cafb1857361f4b2ef51c,
Execution Time for Trace ID 9815a0360689cafb1857361f4b2ef51c: 362 ms
Input: 5750000,
Cold Start: false
Unique ID: c3dbf5ea19c9ec7136b166d69a19e7f2,
Execution Time for Trace ID c3dbf5ea19c9ec7136b166d69a19e7f2: 378 ms
Input: 5750000,
Cold Start: false
Unique ID: fad4ea5b0d6a85aef4fe54d2ccc84939,
Execution Time for Trace ID fad4ea5b0d6a85aef4fe54d2ccc84939: 470 ms
Input: 5750000,
Cold Start: false
Unique ID: 41bf8bca4acfc64df7c60eebdb7ab0b4,
Execution Time for Trace ID 41bf8bca4acfc64df7c60eebdb7ab0b4: 363 ms
Input: 5750000,
Cold Start: false
Unique ID: 7c92fa88d7087115874559ff23086b8e,
Execution Time for Trace ID 7c92fa88d7087115874559ff23086b8e: 434 ms
Input: 5750000,
Cold Start: false
Unique ID: d1b834b8aaa23059375a1534eb60d34d,
Execution Time for Trace ID d1b834b8aaa23059375a1534eb60d34d: 371 ms
Input: 5750000,
Cold Start: false
Unique ID: 2ac84624bc3aacce0dc7555b70709021,
Execution Time for Trace ID 2ac84624bc3aacce0dc7555b70709021: 410 ms
Input: 5750000,
Cold Start: false
Unique ID: bec43eea776a73e9b13bf3261ced1585,
Execution Time for Trace ID bec43eea776a73e9b13bf3261ced1585: 409 ms
Input: 5750000,
Cold Start: false
Unique ID: da9c7eb973d0da44fc75f0f5a13f7df6,
Execution Time for Trace ID da9c7eb973d0da44fc75f0f5a13f7df6: 365 ms
Input: 5750000,
Cold Start: false
Unique ID: aa398734287d3bd47fbf1c13b3eaa861,
Execution Time for Trace ID aa398734287d3bd47fbf1c13b3eaa861: 369 ms
Input: 5750000,
Cold Start: false
Unique ID: 7f1d5a199413214e0e83dee08c6ee850,
Execution Time for Trace ID 7f1d5a199413214e0e83dee08c6ee850: 411 ms
Input: 5750000,
Cold Start: false
Unique ID: 7a966fa779115892ef942f121184c87a,
Execution Time for Trace ID 7a966fa779115892ef942f121184c87a: 403 ms
Input: 5750000,
Cold Start: false
Unique ID: 347bef7f163b54b39f4d18447e3a0ecf,
Execution Time for Trace ID 347bef7f163b54b39f4d18447e3a0ecf: 363 ms
Input: 5750000,
Cold Start: false
Unique ID: b135cdce704ce64f660727e76d94358e,
Execution Time for Trace ID b135cdce704ce64f660727e76d94358e: 428 ms
Input: 5750000,
Cold Start: false
Unique ID: 4ae6a28c005daa6dc2a2c2f0af37e61c,
Execution Time for Trace ID 4ae6a28c005daa6dc2a2c2f0af37e61c: 421 ms
Input: 5750000,
Cold Start: false
Unique ID: 7b25026e8332b24102d8a182778de567,
Execution Time for Trace ID 7b25026e8332b24102d8a182778de567: 399 ms
Input: 5750000,
Cold Start: false
Unique ID: 3da06deff7b30ac2a4a952ed06125d1f,
Execution Time for Trace ID 3da06deff7b30ac2a4a952ed06125d1f: 366 ms
Input: 5750000,
Cold Start: false
Unique ID: 26e39c43364dd780dcdfb7cf15ebc50e,
Execution Time for Trace ID 26e39c43364dd780dcdfb7cf15ebc50e: 373 ms
Input: 5750000,
Cold Start: false
Unique ID: 6b13d669f4319274a22400fdc8dba603,
Execution Time for Trace ID 6b13d669f4319274a22400fdc8dba603: 405 ms
Input: 5750000,
Cold Start: false
Unique ID: f6d07aebdf6089ed20bcabf122f8361f,
Execution Time for Trace ID f6d07aebdf6089ed20bcabf122f8361f: 389 ms
Input: 5750000,
Cold Start: false
Unique ID: 1aca3548c6d12e4fcc5d20cf1abd8710,
Execution Time for Trace ID 1aca3548c6d12e4fcc5d20cf1abd8710: 372 ms
Input: 5750000,
Cold Start: false
Unique ID: bd5c6f5cd3edb9a3c3dbd020440e5811,
Execution Time for Trace ID bd5c6f5cd3edb9a3c3dbd020440e5811: 438 ms
Input: 5750000,
Cold Start: false
Unique ID: 790c7b16049b6918c54633d660209a5b,
Execution Time for Trace ID 790c7b16049b6918c54633d660209a5b: 438 ms
Input: 5750000,
Cold Start: false
Unique ID: 2f1434479d8129c82d9c389d7f80b52e,
Execution Time for Trace ID 2f1434479d8129c82d9c389d7f80b52e: 366 ms
Input: 5750000,
Cold Start: false
Unique ID: f8c6fb7420be8c8692d322ab8485f251,
Execution Time for Trace ID f8c6fb7420be8c8692d322ab8485f251: 422 ms
Input: 5750000,
Cold Start: false
Unique ID: 5617acdbd6b1b7c612565e9f06ebe786,
Execution Time for Trace ID 5617acdbd6b1b7c612565e9f06ebe786: 359 ms
Input: 5750000,
Cold Start: false
Unique ID: 5a84ba3260ce171b6c46b1c257d13177,
Execution Time for Trace ID 5a84ba3260ce171b6c46b1c257d13177: 371 ms
Input: 5750000,
Cold Start: false
Unique ID: dacc821013c0ea3048fbacefebb098b4,
Execution Time for Trace ID dacc821013c0ea3048fbacefebb098b4: 405 ms
Input: 5750000,
Cold Start: false
Unique ID: ed2015e36d051b3356a3903c07c10cc5,
Execution Time for Trace ID ed2015e36d051b3356a3903c07c10cc5: 367 ms
Input: 5750000,
Cold Start: false
Unique ID: 3a3c3a6c9f4725a67fa20f386bc61fbd,
Execution Time for Trace ID 3a3c3a6c9f4725a67fa20f386bc61fbd: 586 ms
Input: 5750000,
Cold Start: false
Unique ID: fedf6fc5eac7eca219cf9497615f2189,
Execution Time for Trace ID fedf6fc5eac7eca219cf9497615f2189: 633 ms
Input: 5750000,
Cold Start: false
Unique ID: 8b324d340fed60fc697b688bc5fc9b09,
Execution Time for Trace ID 8b324d340fed60fc697b688bc5fc9b09: 405 ms
Input: 5750000,
Cold Start: false
Unique ID: b24ea9d68ce20199772697d3a08736c4,
Execution Time for Trace ID b24ea9d68ce20199772697d3a08736c4: 363 ms
Input: 5750000,
Cold Start: false
Unique ID: 9f97babc515101cdce12fb2f8ad34626,
Execution Time for Trace ID 9f97babc515101cdce12fb2f8ad34626: 367 ms
Input: 5750000,
Cold Start: false
Unique ID: 2b5c1176654882505cfab41d19ac82e3,
Execution Time for Trace ID 2b5c1176654882505cfab41d19ac82e3: 420 ms
Input: 5750000,
Cold Start: false
Unique ID: 0594932b6d71bce658df507b4ac06088,
Execution Time for Trace ID 0594932b6d71bce658df507b4ac06088: 399 ms
Input: 5750000,
Cold Start: false
Unique ID: d599be7cec6d2c6a146e89c02300ca44,
Execution Time for Trace ID d599be7cec6d2c6a146e89c02300ca44: 368 ms
Input: 5750000,
Cold Start: false
Unique ID: 94dbfe492a30dfea3d2520b571597d40,
Execution Time for Trace ID 94dbfe492a30dfea3d2520b571597d40: 377 ms
Input: 5750000,
Cold Start: false
Unique ID: 65e5af57503e4c1bece48b48448ed57c,
Execution Time for Trace ID 65e5af57503e4c1bece48b48448ed57c: 499 ms
Input: 5750000,
Cold Start: false
Unique ID: 397f0c6c5fcb05e4ad47fd7d241bc613,
Execution Time for Trace ID 397f0c6c5fcb05e4ad47fd7d241bc613: 364 ms
Input: 5750000,
Cold Start: false
Unique ID: 0635ee2f786b84668131cb834c2036bc,
Execution Time for Trace ID 0635ee2f786b84668131cb834c2036bc: 392 ms
Input: 5750000,
Cold Start: false
Unique ID: 5fe07eb5b7ec34d5d78f7aa4ea6165e3,
Execution Time for Trace ID 5fe07eb5b7ec34d5d78f7aa4ea6165e3: 411 ms
Input: 5750000,
Cold Start: false
Unique ID: 9ebed5da3421071e3b371415bb272367,
Execution Time for Trace ID 9ebed5da3421071e3b371415bb272367: 498 ms
Input: 5750000,
Cold Start: false
Unique ID: 187de2efcac7acad3b92ed5afedd6af7,
Execution Time for Trace ID 187de2efcac7acad3b92ed5afedd6af7: 418 ms
Input: 5750000,
Cold Start: false
Unique ID: 4bb97f1b50f34d2d19aa01f32b66aacc,
Execution Time for Trace ID 4bb97f1b50f34d2d19aa01f32b66aacc: 363 ms
Input: 5750000,
Cold Start: false
Unique ID: eeb9679f984c7b0629fde73dde6475dc,
Execution Time for Trace ID eeb9679f984c7b0629fde73dde6475dc: 380 ms
Input: 5750000,
Cold Start: false
Unique ID: b63fce224f5acc5d87de5d693da74ef7,
Execution Time for Trace ID b63fce224f5acc5d87de5d693da74ef7: 367 ms
Input: 5750000,
Cold Start: false
Unique ID: f1837c31be7970e1d6d54859aec29421,
Execution Time for Trace ID f1837c31be7970e1d6d54859aec29421: 474 ms
Input: 5750000,
Cold Start: false
Unique ID: b9d0d1bbfbc98afd631e1a8e8ba19d21,
Execution Time for Trace ID b9d0d1bbfbc98afd631e1a8e8ba19d21: 419 ms
Input: 5750000,
Cold Start: false
Unique ID: afc9b9524d5b8a36dd3c3f7e90526731,
Execution Time for Trace ID afc9b9524d5b8a36dd3c3f7e90526731: 414 ms
Input: 5750000,
Cold Start: false
Unique ID: 387e31ffb5e17dd1c208b4f7ef00fa62,
Execution Time for Trace ID 387e31ffb5e17dd1c208b4f7ef00fa62: 425 ms
Input: 5750000,
Cold Start: false
Unique ID: 14f5697d54174c3f7dda1dfaa252f7ef,
Execution Time for Trace ID 14f5697d54174c3f7dda1dfaa252f7ef: 431 ms
Input: 5750000,
Cold Start: false
Unique ID: a5d03b2b54974a640c750432e6de6392,
Execution Time for Trace ID a5d03b2b54974a640c750432e6de6392: 383 ms
Input: 5750000,
Cold Start: false
Unique ID: f3c521d54749880e079703571a58b419,
Execution Time for Trace ID f3c521d54749880e079703571a58b419: 362 ms
Input: 5750000,
Cold Start: false
Unique ID: 3ab5d29b087840f3c7d5fa12759dab77,
Execution Time for Trace ID 3ab5d29b087840f3c7d5fa12759dab77: 447 ms
Input: 5750000,
Cold Start: false
Unique ID: 02e6214af22f79c1cd52b442aa149c46,
Execution Time for Trace ID 02e6214af22f79c1cd52b442aa149c46: 410 ms
Input: 5750000,
Cold Start: false
Unique ID: b95a63a80f57980910372b60bf40bb9e,
Execution Time for Trace ID b95a63a80f57980910372b60bf40bb9e: 408 ms
Input: 5750000,
Cold Start: false
Unique ID: 0ef4367b8bae659645ac0724273caae5,
Execution Time for Trace ID 0ef4367b8bae659645ac0724273caae5: 418 ms
Input: 5750000,
Cold Start: false
Unique ID: d84d8e22d2991a15b161ede32defd666,
Execution Time for Trace ID d84d8e22d2991a15b161ede32defd666: 424 ms
Input: 5750000,
Cold Start: false
Unique ID: 31ac9b1cad19bda729df40168c830dad,
Execution Time for Trace ID 31ac9b1cad19bda729df40168c830dad: 368 ms
Input: 5750000,
Cold Start: false
Unique ID: aeaeed8673f4af4ddce4237cbc2a4a02,
Execution Time for Trace ID aeaeed8673f4af4ddce4237cbc2a4a02: 387 ms
Input: 5750000,
Cold Start: false
Unique ID: c6029ccac94178a49dc0425495c36a3a,
Execution Time for Trace ID c6029ccac94178a49dc0425495c36a3a: 372 ms
Input: 5750000,
Cold Start: false
Unique ID: e381170c41bc3deeea21bad5a91b1bf2,
Execution Time for Trace ID e381170c41bc3deeea21bad5a91b1bf2: 360 ms
Input: 5750000,
Cold Start: false
Unique ID: 975fddb38a906c924d92628b97e5d73b,
Execution Time for Trace ID 975fddb38a906c924d92628b97e5d73b: 421 ms
Input: 5750000,
Cold Start: false
Unique ID: 4fa57e44a928670600618d08ad881de5,
Execution Time for Trace ID 4fa57e44a928670600618d08ad881de5: 396 ms
Input: 5750000,
Cold Start: false
Unique ID: 41032291d4ab1124428258bb3bffc613,
Execution Time for Trace ID 41032291d4ab1124428258bb3bffc613: 443 ms
Input: 5750000,
Cold Start: false
Unique ID: 664ef944766375b1a7f45cb3c20087a1,
Execution Time for Trace ID 664ef944766375b1a7f45cb3c20087a1: 407 ms
Input: 5750000,
Cold Start: false
Unique ID: 8daf74cb31f5325a01507f5fa84a6bb7,
Execution Time for Trace ID 8daf74cb31f5325a01507f5fa84a6bb7: 367 ms
Input: 5750000,
Cold Start: false
Unique ID: 7e20a25ed18f5e3a164918f1c97737b3,
Execution Time for Trace ID 7e20a25ed18f5e3a164918f1c97737b3: 399 ms
Input: 5750000,
Cold Start: false
Unique ID: d09ced814ce1aba0db41222e3fb02890,
Execution Time for Trace ID d09ced814ce1aba0db41222e3fb02890: 415 ms
Input: 5750000,
Cold Start: false
Unique ID: 38f82f0f46962e4002dc035af0a50b94,
Execution Time for Trace ID 38f82f0f46962e4002dc035af0a50b94: 363 ms
Input: 5750000,
Cold Start: false
Unique ID: f228ae1777b90a1a1eeeaa0f541608ae,
Execution Time for Trace ID f228ae1777b90a1a1eeeaa0f541608ae: 365 ms
Input: 5750000,
Cold Start: false
Unique ID: 9aa154c7bb114d22e4923faa2e108928,
Execution Time for Trace ID 9aa154c7bb114d22e4923faa2e108928: 422 ms
Input: 5750000,
Cold Start: false
Unique ID: bc5e40cd90494c5f2ae27326321cc7f7,
Execution Time for Trace ID bc5e40cd90494c5f2ae27326321cc7f7: 462 ms
Input: 5750000,
Cold Start: false
Unique ID: a74217a207eff837b7591d7da2052678,
Execution Time for Trace ID a74217a207eff837b7591d7da2052678: 512 ms
Input: 5750000,
Cold Start: false
Unique ID: 11446683b9d05ae675e1ebbf636c5c78,
Execution Time for Trace ID 11446683b9d05ae675e1ebbf636c5c78: 369 ms
Input: 5750000,
Cold Start: false
Unique ID: a266ae147d73efd1f017ed3ac14d71ab,
Execution Time for Trace ID a266ae147d73efd1f017ed3ac14d71ab: 389 ms
Input: 5750000,
Cold Start: false
Unique ID: 46f52b9d0c43753ab5237def12cc7ef6,
Execution Time for Trace ID 46f52b9d0c43753ab5237def12cc7ef6: 418 ms
Input: 5750000,
Cold Start: false
Unique ID: 316cd578d7edac8408db56ad15df56dc,
Execution Time for Trace ID 316cd578d7edac8408db56ad15df56dc: 415 ms
Input: 5750000,
Cold Start: false
Unique ID: 1349357f8e2829ed9dc1c6b772f9013e,
Execution Time for Trace ID 1349357f8e2829ed9dc1c6b772f9013e: 363 ms
Input: 5750000,
Cold Start: false
Unique ID: e97663923f0bdc50db6c4d07fcbc3b76,
Execution Time for Trace ID e97663923f0bdc50db6c4d07fcbc3b76: 389 ms
Input: 5750000,
Cold Start: false
Unique ID: 6b45494247fb359f0a4703c258615fb1,
Execution Time for Trace ID 6b45494247fb359f0a4703c258615fb1: 370 ms
Input: 5750000,
Cold Start: false
Unique ID: bc4c81c20db55a1a69dfbc4c369753fe,
Execution Time for Trace ID bc4c81c20db55a1a69dfbc4c369753fe: 362 ms
Input: 5750000,
Cold Start: false
Unique ID: 05aba753b27a9d4ea353b9cd0826cb8a,
Execution Time for Trace ID 05aba753b27a9d4ea353b9cd0826cb8a: 427 ms
Input: 5750000,
Cold Start: false
Unique ID: f600e9a40e8c86e4c475282e4a1e8fd3,
Execution Time for Trace ID f600e9a40e8c86e4c475282e4a1e8fd3: 391 ms
Input: 5750000,
Cold Start: false
Unique ID: c334ad19963c5fffa676564aea3e99ef,
Execution Time for Trace ID c334ad19963c5fffa676564aea3e99ef: 363 ms
Input: 5750000,
Cold Start: false
Unique ID: 885838aa0673e90162fe4667483ee637,
Execution Time for Trace ID 885838aa0673e90162fe4667483ee637: 427 ms
Input: 5750000,
Cold Start: false
Unique ID: 686bd3d135de153812e5ca10e8127874,
Execution Time for Trace ID 686bd3d135de153812e5ca10e8127874: 359 ms
Input: 5750000,
Cold Start: false
Unique ID: 512d75c3e4394e999ee52fbaa6a9965b,
Execution Time for Trace ID 512d75c3e4394e999ee52fbaa6a9965b: 390 ms
Input: 5750000,
Cold Start: false
Unique ID: a12b334e817494b26789b24be3a36c62,
Execution Time for Trace ID a12b334e817494b26789b24be3a36c62: 410 ms
Input: 5750000,
Cold Start: false
Unique ID: f8c19f220ec8b2a6d04d9583679e8c8d,
Execution Time for Trace ID f8c19f220ec8b2a6d04d9583679e8c8d: 363 ms
Input: 5750000,
Cold Start: false
Unique ID: 7813c8bfbc0255fe3b1514995cedee0e,
Execution Time for Trace ID 7813c8bfbc0255fe3b1514995cedee0e: 370 ms
Input: 5750000,
Cold Start: false
Unique ID: 9409588ce84da419a939cfa7160a8131,
Execution Time for Trace ID 9409588ce84da419a939cfa7160a8131: 389 ms
Input: 5750000,
Cold Start: false
Unique ID: 97fffd2b4f3104192855ccb5618674df,
Execution Time for Trace ID 97fffd2b4f3104192855ccb5618674df: 364 ms
Input: 5750000,
Cold Start: false
Unique ID: 52924af3c6434ef49ff8295a75585edb,
Execution Time for Trace ID 52924af3c6434ef49ff8295a75585edb: 371 ms
Input: 5750000,
Cold Start: false
Unique ID: 6528e00eb1eb9f328bff9893eba6a5e8,
Execution Time for Trace ID 6528e00eb1eb9f328bff9893eba6a5e8: 360 ms
Input: 5750000,
Cold Start: false
Unique ID: f0faba656d5a4eb369c6e31fe58e3c79,
Execution Time for Trace ID f0faba656d5a4eb369c6e31fe58e3c79: 391 ms
Input: 5750000,
Cold Start: false
Unique ID: a4c97584fc8f43fa815c06c7b9e5e0a7,
Execution Time for Trace ID a4c97584fc8f43fa815c06c7b9e5e0a7: 414 ms
Input: 5750000,
Cold Start: false
Unique ID: 1eab349b69e1d681fa02c8d0dc335dbf,
Execution Time for Trace ID 1eab349b69e1d681fa02c8d0dc335dbf: 381 ms
Input: 5750000,
Cold Start: false
Unique ID: 1687a443d05949f942e896fb91d341ad,
Execution Time for Trace ID 1687a443d05949f942e896fb91d341ad: 414 ms
Input: 5750000,
Cold Start: false
Unique ID: 652a3ad1a2794d88c9a0d13abd3183fc,
Execution Time for Trace ID 652a3ad1a2794d88c9a0d13abd3183fc: 416 ms
Input: 5750000,
Cold Start: false
Unique ID: 622c910510f3c7b2162bde05192688e1,
Execution Time for Trace ID 622c910510f3c7b2162bde05192688e1: 367 ms
Input: 5750000,
Cold Start: false
Unique ID: bd664f9589ce69258e39a040bed08542,
Execution Time for Trace ID bd664f9589ce69258e39a040bed08542: 424 ms
Input: 5750000,
Cold Start: false
Unique ID: 5a1211c38628a69258312535e92136d4,
Execution Time for Trace ID 5a1211c38628a69258312535e92136d4: 360 ms
Input: 5750000,
Cold Start: false
Unique ID: 194869028fcb97bc17ff78da05b1e59d,
Execution Time for Trace ID 194869028fcb97bc17ff78da05b1e59d: 417 ms
Input: 5750000,
Cold Start: false
Unique ID: 1877836e337e9fdc586168875467a77f,
Execution Time for Trace ID 1877836e337e9fdc586168875467a77f: 395 ms
Input: 5750000,
Cold Start: false
Unique ID: bd68cb498298b107886d509b48589fa6,
Execution Time for Trace ID bd68cb498298b107886d509b48589fa6: 368 ms
Input: 5750000,
Cold Start: false
Unique ID: 7df57e2f92003becc91fd2218bea2f72,
Execution Time for Trace ID 7df57e2f92003becc91fd2218bea2f72: 422 ms
Input: 5750000,
Cold Start: false
Unique ID: 9ba94e235663a56aa319fce4bd9fa82a,
Execution Time for Trace ID 9ba94e235663a56aa319fce4bd9fa82a: 413 ms
Input: 5750000,
Cold Start: false
Unique ID: 31de3177b11dd1a15b99606a11aca399,
Execution Time for Trace ID 31de3177b11dd1a15b99606a11aca399: 410 ms
Input: 5750000,
Cold Start: false
Unique ID: c43e298f4d2dd731bd3bee03fe1f599d,
Execution Time for Trace ID c43e298f4d2dd731bd3bee03fe1f599d: 359 ms
Input: 5750000,
Cold Start: false
Unique ID: 005dcd9b8fe40c045373b72253e3334b,
Execution Time for Trace ID 005dcd9b8fe40c045373b72253e3334b: 412 ms
Input: 5750000,
Cold Start: false
Unique ID: 9da86a03a98c5eea10b56dfa06c32249,
Execution Time for Trace ID 9da86a03a98c5eea10b56dfa06c32249: 412 ms
Input: 5750000,
Cold Start: false
Unique ID: 14f401fa7f66f9a39c65218f0098c260,
Execution Time for Trace ID 14f401fa7f66f9a39c65218f0098c260: 374 ms
Input: 5750000,
Cold Start: false
Unique ID: b3b9cbacf1086e20006c35c121c11854,
Execution Time for Trace ID b3b9cbacf1086e20006c35c121c11854: 479 ms
Input: 5750000,
Cold Start: false
Unique ID: 691c7be50e071c5d6a8b4ee206db54d0,
Execution Time for Trace ID 691c7be50e071c5d6a8b4ee206db54d0: 356 ms
Input: 5750000,
Cold Start: false
Unique ID: ed7c15cdc8b71e8c1ebacdd702f7ba67,
Execution Time for Trace ID ed7c15cdc8b71e8c1ebacdd702f7ba67: 409 ms
Input: 5750000,
Cold Start: false
Unique ID: 41cf26a648f125bed98d8770fd5bd7bd,
Execution Time for Trace ID 41cf26a648f125bed98d8770fd5bd7bd: 415 ms
Input: 5750000,
Cold Start: false
Unique ID: 13f305ad9fe9a24e0839ae7319e5193b,
Execution Time for Trace ID 13f305ad9fe9a24e0839ae7319e5193b: 387 ms
Input: 5750000,
Cold Start: false
Unique ID: d19e1198a88f7444842aad9afc55cf3c,
Execution Time for Trace ID d19e1198a88f7444842aad9afc55cf3c: 356 ms
Input: 5750000,
Cold Start: false
Unique ID: d112a4f6539ebed042400d78af949d9a,
Execution Time for Trace ID d112a4f6539ebed042400d78af949d9a: 409 ms
Input: 5750000,
Cold Start: false
Unique ID: c3611c593bd3d169084ebf45db4eba5e,
Execution Time for Trace ID c3611c593bd3d169084ebf45db4eba5e: 409 ms
Input: 5750000,
Cold Start: false
Unique ID: 901bdfd25477d91d2deb0a0aa41f22f3,
Execution Time for Trace ID 901bdfd25477d91d2deb0a0aa41f22f3: 363 ms
Input: 5750000,
Cold Start: false
Unique ID: ecce374422ec22411363c79a249d8070,
Execution Time for Trace ID ecce374422ec22411363c79a249d8070: 365 ms
Input: 5750000,
Cold Start: false
Unique ID: 0f62fb9f6106e97dc3d6256f1f359b12,
Execution Time for Trace ID 0f62fb9f6106e97dc3d6256f1f359b12: 385 ms
Input: 5750000,
Cold Start: false
Unique ID: 29124bde04a6b6d0383cc416341125db,
Execution Time for Trace ID 29124bde04a6b6d0383cc416341125db: 384 ms
Input: 5750000,
Cold Start: false
Unique ID: 4b4a0bd518302b5a13fa78561fd13437,
Execution Time for Trace ID 4b4a0bd518302b5a13fa78561fd13437: 362 ms
Input: 5750000,
Cold Start: false
Unique ID: c1fafc4fc6c5392bf33679e3eaa7ba97,
Execution Time for Trace ID c1fafc4fc6c5392bf33679e3eaa7ba97: 354 ms
Input: 5750000,
Cold Start: false
Unique ID: 1baf14d3950d76bed685b35f10eb6896,
Execution Time for Trace ID 1baf14d3950d76bed685b35f10eb6896: 408 ms
Input: 5750000,
Cold Start: false
Unique ID: 4a8823c37e3044c51fb840c1d4c49140,
Execution Time for Trace ID 4a8823c37e3044c51fb840c1d4c49140: 418 ms
Input: 5750000,
Cold Start: false
Unique ID: 6df3cbbcf9a0861558896dcefcbc05c7,
Execution Time for Trace ID 6df3cbbcf9a0861558896dcefcbc05c7: 369 ms
Input: 5750000,
Cold Start: false
Unique ID: 176b70d81415a5f96fd87fbcda950e6a,
Execution Time for Trace ID 176b70d81415a5f96fd87fbcda950e6a: 367 ms
Input: 5750000,
Cold Start: false
Unique ID: 29bf096646aa8233efc0b980fe27a1d0,
Execution Time for Trace ID 29bf096646aa8233efc0b980fe27a1d0: 383 ms
Input: 5750000,
Cold Start: false
Unique ID: e7e932c34883f675a2c96d49bdfe9f3f,
Execution Time for Trace ID e7e932c34883f675a2c96d49bdfe9f3f: 370 ms
Input: 5750000,
Cold Start: false
Unique ID: da7e3d88bc8c1bb47bbd3e64e645d759,
Execution Time for Trace ID da7e3d88bc8c1bb47bbd3e64e645d759: 354 ms
Input: 5750000,
Cold Start: false
Unique ID: 6536dac1a733bf33f4ed9a44bdca945d,
Execution Time for Trace ID 6536dac1a733bf33f4ed9a44bdca945d: 367 ms
Input: 5750000,
Cold Start: false
Unique ID: 07d4ee65a4be8faa3c8f0336fe665d36,
Execution Time for Trace ID 07d4ee65a4be8faa3c8f0336fe665d36: 388 ms
Input: 5750000,
Cold Start: false
Unique ID: 3d48fa05e964decb78741314db5792c3,
Execution Time for Trace ID 3d48fa05e964decb78741314db5792c3: 410 ms
Input: 5750000,
Cold Start: false
Unique ID: 3f5e76d681409bf5492a45f8b5186c27,
Execution Time for Trace ID 3f5e76d681409bf5492a45f8b5186c27: 486 ms
Input: 5750000,
Cold Start: false
Unique ID: 112aa6ce36b9e89fbafc61540eb84fa3,
Execution Time for Trace ID 112aa6ce36b9e89fbafc61540eb84fa3: 367 ms
Input: 5750000,
Cold Start: false
Unique ID: 36f4fda414a1ba0a6a75273238192314,
Execution Time for Trace ID 36f4fda414a1ba0a6a75273238192314: 386 ms
Input: 5750000,
Cold Start: false
Unique ID: d6bab9d93c23ba6088ee776fdfd46769,
Execution Time for Trace ID d6bab9d93c23ba6088ee776fdfd46769: 378 ms
Input: 5750000,
Cold Start: false
Unique ID: 1ab74a20defdbbf8c0f6e49f3191e5e5,
Execution Time for Trace ID 1ab74a20defdbbf8c0f6e49f3191e5e5: 358 ms
Input: 5750000,
Cold Start: false
Unique ID: fa4bb1a08c4cb252896b65e2a699145c,
Execution Time for Trace ID fa4bb1a08c4cb252896b65e2a699145c: 357 ms
Input: 5750000,
Cold Start: false
Unique ID: 215baceab40c5da0dbb63afe3bc51524,
Execution Time for Trace ID 215baceab40c5da0dbb63afe3bc51524: 415 ms
Input: 5750000,
Cold Start: false
Unique ID: 5663b23c4d56f354750a00acb97f7d43,
Execution Time for Trace ID 5663b23c4d56f354750a00acb97f7d43: 410 ms
Input: 5750000,
Cold Start: false
Unique ID: 8ee9b21b875448e4b00631f05ba8e0eb,
Execution Time for Trace ID 8ee9b21b875448e4b00631f05ba8e0eb: 379 ms
Input: 5750000,
Cold Start: false
