Unique ID: 1a7e34019dfa7a0bf4721a9eba6b24c6,
Execution Time for Trace ID 1a7e34019dfa7a0bf4721a9eba6b24c6: 1554 ms
Input: 5500000,
Cold Start: false
Unique ID: 201c308b2d8f3857b299fd01373ebec6,
Execution Time for Trace ID 201c308b2d8f3857b299fd01373ebec6: 1536 ms
Input: 5500000,
Cold Start: false
Unique ID: 146fd299bbf1ca705ec493bd226dbe8b,
Execution Time for Trace ID 146fd299bbf1ca705ec493bd226dbe8b: 1577 ms
Input: 5500000,
Cold Start: false
Unique ID: b3e2c763a195db5ccdc6844b562af63f,
Execution Time for Trace ID b3e2c763a195db5ccdc6844b562af63f: 2014 ms
Input: 5500000,
Cold Start: false
Unique ID: 185d54c125e214d9e7cc6ac1cc766bc3,
Execution Time for Trace ID 185d54c125e214d9e7cc6ac1cc766bc3: 2007 ms
Input: 5500000,
Cold Start: false
Unique ID: 5568c1bcef2012ab318753c967156828,
Execution Time for Trace ID 5568c1bcef2012ab318753c967156828: 1813 ms
Input: 5500000,
Cold Start: false
Unique ID: 07e8dcd2e43e8d2aa54df1b61e5eabab,
Execution Time for Trace ID 07e8dcd2e43e8d2aa54df1b61e5eabab: 1766 ms
Input: 5500000,
Cold Start: false
Unique ID: 525228f980ab7eccd6d5166d9ee5d17f,
Execution Time for Trace ID 525228f980ab7eccd6d5166d9ee5d17f: 1646 ms
Input: 5500000,
Cold Start: false
Unique ID: 0606be55989b96a36c35605718bcec85,
Execution Time for Trace ID 0606be55989b96a36c35605718bcec85: 1674 ms
Input: 5500000,
Cold Start: false
Unique ID: 0a9a583c8d04aa4f15145283e74c5035,
Execution Time for Trace ID 0a9a583c8d04aa4f15145283e74c5035: 1772 ms
Input: 5500000,
Cold Start: false
Unique ID: 34757ca79aea45ab20e39c4cafedca72,
Execution Time for Trace ID 34757ca79aea45ab20e39c4cafedca72: 1626 ms
Input: 5500000,
Cold Start: false
Unique ID: 3b6eeb8a97bb9169745032605d7ff613,
Execution Time for Trace ID 3b6eeb8a97bb9169745032605d7ff613: 1620 ms
Input: 5500000,
Cold Start: false
Unique ID: 785d8307d1da843e26d496230482b2f7,
Execution Time for Trace ID 785d8307d1da843e26d496230482b2f7: 1678 ms
Input: 5500000,
Cold Start: false
Unique ID: 54d4cf2dce2556f870112f914ad6e5c8,
Execution Time for Trace ID 54d4cf2dce2556f870112f914ad6e5c8: 1694 ms
Input: 5500000,
Cold Start: false
Unique ID: 61c03efe7b71c9029bafd6144a1c2a7a,
Execution Time for Trace ID 61c03efe7b71c9029bafd6144a1c2a7a: 1635 ms
Input: 5500000,
Cold Start: false
Unique ID: 0d957032103b6f853c2f8a49d7f0425f,
Execution Time for Trace ID 0d957032103b6f853c2f8a49d7f0425f: 1597 ms
Input: 5500000,
Cold Start: false
Unique ID: 8f206f7e8b46e919cbd7c70d6c7258f1,
Execution Time for Trace ID 8f206f7e8b46e919cbd7c70d6c7258f1: 1552 ms
Input: 5500000,
Cold Start: false
Unique ID: 14109114d376226a49953e7c4ff54704,
Execution Time for Trace ID 14109114d376226a49953e7c4ff54704: 1891 ms
Input: 5500000,
Cold Start: false
Unique ID: b93aa38ab2fed7e5297a3e5835cffc41,
Execution Time for Trace ID b93aa38ab2fed7e5297a3e5835cffc41: 1678 ms
Input: 5500000,
Cold Start: false
Unique ID: a68998da03fa47cb2d2b7737f6fc745e,
Execution Time for Trace ID a68998da03fa47cb2d2b7737f6fc745e: 1791 ms
Input: 5500000,
Cold Start: false
Unique ID: 80a84433a39bc5196fab7968ea359be6,
Execution Time for Trace ID 80a84433a39bc5196fab7968ea359be6: 1583 ms
Input: 5500000,
Cold Start: false
Unique ID: 60c51719408d05cebea9c1dfe5eaf913,
Execution Time for Trace ID 60c51719408d05cebea9c1dfe5eaf913: 1810 ms
Input: 5500000,
Cold Start: false
Unique ID: 5c5ab0cc77c3def0ad17e23731c2a8bf,
Execution Time for Trace ID 5c5ab0cc77c3def0ad17e23731c2a8bf: 1448 ms
Input: 5500000,
Cold Start: false
Unique ID: e3dc71105f5306526d5302d35db6532b,
Execution Time for Trace ID e3dc71105f5306526d5302d35db6532b: 1991 ms
Input: 5500000,
Cold Start: false
Unique ID: d6387e9c8d5e14ef3838c2803cba9c9a,
Execution Time for Trace ID d6387e9c8d5e14ef3838c2803cba9c9a: 1601 ms
Input: 5500000,
Cold Start: false
Unique ID: 80eeafade455dc06f4a5acae50a00676,
Execution Time for Trace ID 80eeafade455dc06f4a5acae50a00676: 626 ms
Input: 5500000,
Cold Start: false
Unique ID: 46d193d5c7409c69b6b6ec01bd250807,
Execution Time for Trace ID 46d193d5c7409c69b6b6ec01bd250807: 2001 ms
Input: 5500000,
Cold Start: false
Unique ID: d492da505c0b147b10aa223e8c7be47f,
Execution Time for Trace ID d492da505c0b147b10aa223e8c7be47f: 1674 ms
Input: 5500000,
Cold Start: false
Unique ID: 3c18bf548cdf34d879694e2f6c26b648,
Execution Time for Trace ID 3c18bf548cdf34d879694e2f6c26b648: 1495 ms
Input: 5500000,
Cold Start: false
Unique ID: 2afa217563b474087da417e6e600a653,
Execution Time for Trace ID 2afa217563b474087da417e6e600a653: 1447 ms
Input: 5500000,
Cold Start: false
Unique ID: 2f702628339076a3b73cb22256278c58,
Execution Time for Trace ID 2f702628339076a3b73cb22256278c58: 1687 ms
Input: 5500000,
Cold Start: false
Unique ID: 8aae75efee897fd0b10ad1796bb5139b,
Execution Time for Trace ID 8aae75efee897fd0b10ad1796bb5139b: 1573 ms
Input: 5500000,
Cold Start: false
Unique ID: 2af71bdcca414601113d7c930693eeed,
Execution Time for Trace ID 2af71bdcca414601113d7c930693eeed: 1690 ms
Input: 5500000,
Cold Start: false
Unique ID: fe5b0fc867d2bc32ae7b7444db493824,
Execution Time for Trace ID fe5b0fc867d2bc32ae7b7444db493824: 1609 ms
Input: 5500000,
Cold Start: false
Unique ID: 836329cffbd434e97b8cc566d54be31f,
Execution Time for Trace ID 836329cffbd434e97b8cc566d54be31f: 1531 ms
Input: 5500000,
Cold Start: false
Unique ID: 28bbbdedd1987539a82714172fb29689,
Execution Time for Trace ID 28bbbdedd1987539a82714172fb29689: 1572 ms
Input: 5500000,
Cold Start: false
Unique ID: 8e77916496ab39ab660d458b99465aaf,
Execution Time for Trace ID 8e77916496ab39ab660d458b99465aaf: 1554 ms
Input: 5500000,
Cold Start: false
Unique ID: 928b757b4c31289069b350286b8148e7,
Execution Time for Trace ID 928b757b4c31289069b350286b8148e7: 1592 ms
Input: 5500000,
Cold Start: false
Unique ID: fcba68c680b14f5eea98c0de06e5e99e,
Execution Time for Trace ID fcba68c680b14f5eea98c0de06e5e99e: 1579 ms
Input: 5500000,
Cold Start: false
Unique ID: 10cfbae4cc628f219f2a3340f01da294,
Execution Time for Trace ID 10cfbae4cc628f219f2a3340f01da294: 1611 ms
Input: 5500000,
Cold Start: false
Unique ID: 3e9dac1e60b59a0ba10ed8363f8e37d7,
Execution Time for Trace ID 3e9dac1e60b59a0ba10ed8363f8e37d7: 1589 ms
Input: 5500000,
Cold Start: false
Unique ID: c0b39bfb12dff8b7b2e93e018f6b362b,
Execution Time for Trace ID c0b39bfb12dff8b7b2e93e018f6b362b: 1583 ms
Input: 5500000,
Cold Start: false
Unique ID: 9b5ee1805cffd3b01564ac8c2a9410f8,
Execution Time for Trace ID 9b5ee1805cffd3b01564ac8c2a9410f8: 1599 ms
Input: 5500000,
Cold Start: false
Unique ID: d67e6a8fa7c6a6fc80b5b0d0540d3714,
Execution Time for Trace ID d67e6a8fa7c6a6fc80b5b0d0540d3714: 1795 ms
Input: 5500000,
Cold Start: false
Unique ID: 80d616fd93ed19edb61471ccd3e03eb2,
Execution Time for Trace ID 80d616fd93ed19edb61471ccd3e03eb2: 1950 ms
Input: 5500000,
Cold Start: false
Unique ID: 6befa10868a50f134d486237d6806d08,
Execution Time for Trace ID 6befa10868a50f134d486237d6806d08: 1769 ms
Input: 5500000,
Cold Start: false
Unique ID: 318b9e927b066f93e2c2d8ac8efc7185,
Execution Time for Trace ID 318b9e927b066f93e2c2d8ac8efc7185: 1595 ms
Input: 5500000,
Cold Start: false
Unique ID: 32d4f45f304a72f5d8e3a5891ae60189,
Execution Time for Trace ID 32d4f45f304a72f5d8e3a5891ae60189: 1796 ms
Input: 5500000,
Cold Start: false
Unique ID: c32fb6efe32361a7a816d1e2a0759897,
Execution Time for Trace ID c32fb6efe32361a7a816d1e2a0759897: 1786 ms
Input: 5500000,
Cold Start: false
Unique ID: 4a6a43b5b4c8e91035b880b6cc9dac44,
Execution Time for Trace ID 4a6a43b5b4c8e91035b880b6cc9dac44: 1758 ms
Input: 5500000,
Cold Start: false
Unique ID: 8a9f86bb059c3499a96a0d6453afea4c,
Execution Time for Trace ID 8a9f86bb059c3499a96a0d6453afea4c: 1702 ms
Input: 5500000,
Cold Start: false
Unique ID: b7b192697c335a83f9c3b14fe188a56f,
Execution Time for Trace ID b7b192697c335a83f9c3b14fe188a56f: 1542 ms
Input: 5500000,
Cold Start: false
Unique ID: 65ff4f5f226564d10b6b76d73e29db15,
Execution Time for Trace ID 65ff4f5f226564d10b6b76d73e29db15: 1772 ms
Input: 5500000,
Cold Start: false
Unique ID: 8bf57eb4d0d92634e2ca7cd9c314b5e3,
Execution Time for Trace ID 8bf57eb4d0d92634e2ca7cd9c314b5e3: 1802 ms
Input: 5500000,
Cold Start: false
Unique ID: 65ecdf349dea0466308baee5fd33e372,
Execution Time for Trace ID 65ecdf349dea0466308baee5fd33e372: 1870 ms
Input: 5500000,
Cold Start: false
Unique ID: 1e41c1b895b90ff1040e3faf2904076c,
Execution Time for Trace ID 1e41c1b895b90ff1040e3faf2904076c: 1890 ms
Input: 5500000,
Cold Start: false
Unique ID: cd9f9d3ef07b9023e796e089351b083b,
Execution Time for Trace ID cd9f9d3ef07b9023e796e089351b083b: 1586 ms
Input: 5500000,
Cold Start: false
Unique ID: 59fa8ad9a9e3a237ee062af8c71bb0c7,
Execution Time for Trace ID 59fa8ad9a9e3a237ee062af8c71bb0c7: 1596 ms
Input: 5500000,
Cold Start: false
Unique ID: 6ab220940fb1ec6dfed7346a12415d50,
Execution Time for Trace ID 6ab220940fb1ec6dfed7346a12415d50: 1804 ms
Input: 5500000,
Cold Start: false
Unique ID: ce7e0652088aca156fbcc7de1884b262,
Execution Time for Trace ID ce7e0652088aca156fbcc7de1884b262: 1804 ms
Input: 5500000,
Cold Start: false
Unique ID: 1881eb3190967261a511f3097ef14743,
Execution Time for Trace ID 1881eb3190967261a511f3097ef14743: 1910 ms
Input: 5500000,
Cold Start: false
Unique ID: a1c81f1b1c16c3ad21f1698ab6e10abb,
Execution Time for Trace ID a1c81f1b1c16c3ad21f1698ab6e10abb: 1979 ms
Input: 5500000,
Cold Start: false
Unique ID: 729db25bdfdc411dd376c2a9e1b97e2b,
Execution Time for Trace ID 729db25bdfdc411dd376c2a9e1b97e2b: 2075 ms
Input: 5500000,
Cold Start: false
Unique ID: 64b3051312a5f3f2a12059d8be0b3d07,
Execution Time for Trace ID 64b3051312a5f3f2a12059d8be0b3d07: 2210 ms
Input: 5500000,
Cold Start: false
Unique ID: cbcf09309c65ca96f4754f65c6b7d269,
Execution Time for Trace ID cbcf09309c65ca96f4754f65c6b7d269: 1710 ms
Input: 5500000,
Cold Start: false
Unique ID: 60add33e5ee39ee336400e615ea6de72,
Execution Time for Trace ID 60add33e5ee39ee336400e615ea6de72: 1710 ms
Input: 5500000,
Cold Start: false
Unique ID: 184507ace396810baa846e58899e39dc,
Execution Time for Trace ID 184507ace396810baa846e58899e39dc: 1800 ms
Input: 5500000,
Cold Start: false
Unique ID: 077f7f3e4c9f56e5f1f22fa9838e2518,
Execution Time for Trace ID 077f7f3e4c9f56e5f1f22fa9838e2518: 1612 ms
Input: 5500000,
Cold Start: false
Unique ID: 412b316a4af26c16a19bfe316a394fcb,
Execution Time for Trace ID 412b316a4af26c16a19bfe316a394fcb: 1614 ms
Input: 5500000,
Cold Start: false
Unique ID: 591f38671317eef9254317e84190199a,
Execution Time for Trace ID 591f38671317eef9254317e84190199a: 1651 ms
Input: 5500000,
Cold Start: false
Unique ID: 4da57baa6c81607b3ccbe21c3fbcb94a,
Execution Time for Trace ID 4da57baa6c81607b3ccbe21c3fbcb94a: 1645 ms
Input: 5500000,
Cold Start: false
Unique ID: 23a5f7386035fa02a663e507c452add3,
Execution Time for Trace ID 23a5f7386035fa02a663e507c452add3: 1774 ms
Input: 5500000,
Cold Start: false
Unique ID: 209c565e39606396720aa980ee34a7ca,
Execution Time for Trace ID 209c565e39606396720aa980ee34a7ca: 1659 ms
Input: 5500000,
Cold Start: false
Unique ID: 3f5855854e78d609880c2ce4628eafdf,
Execution Time for Trace ID 3f5855854e78d609880c2ce4628eafdf: 1614 ms
Input: 5500000,
Cold Start: false
Unique ID: fe780ef7b1e64e20fa1e3be18cde0609,
Execution Time for Trace ID fe780ef7b1e64e20fa1e3be18cde0609: 1740 ms
Input: 5500000,
Cold Start: false
Unique ID: 3c82b03bef91a1ab7d8f949e086520a6,
Execution Time for Trace ID 3c82b03bef91a1ab7d8f949e086520a6: 1529 ms
Input: 5500000,
Cold Start: false
Unique ID: 7829d3d1eb390a32061e0540a2262a12,
Execution Time for Trace ID 7829d3d1eb390a32061e0540a2262a12: 1810 ms
Input: 5500000,
Cold Start: false
Unique ID: eec1b8bdb681200f72213bcbc3c787da,
Execution Time for Trace ID eec1b8bdb681200f72213bcbc3c787da: 1619 ms
Input: 5500000,
Cold Start: false
Unique ID: 712988aba933b6d5379c7ce48a38a28c,
Execution Time for Trace ID 712988aba933b6d5379c7ce48a38a28c: 1616 ms
Input: 5500000,
Cold Start: false
Unique ID: ae0bd5e9edb5a1b028869466ecb8f2bf,
Execution Time for Trace ID ae0bd5e9edb5a1b028869466ecb8f2bf: 1821 ms
Input: 5500000,
Cold Start: false
Unique ID: 9ed217f11d7ade7b82a26cc461e4bee8,
Execution Time for Trace ID 9ed217f11d7ade7b82a26cc461e4bee8: 1607 ms
Input: 5500000,
Cold Start: false
Unique ID: 3ebc7fc89074532317355ba45a08583e,
Execution Time for Trace ID 3ebc7fc89074532317355ba45a08583e: 1634 ms
Input: 5500000,
Cold Start: false
Unique ID: a525f191ef147d35ca81a641cfe7e2bf,
Execution Time for Trace ID a525f191ef147d35ca81a641cfe7e2bf: 1748 ms
Input: 5500000,
Cold Start: false
Unique ID: 785ded851e1daf64d0f0da4b83191620,
Execution Time for Trace ID 785ded851e1daf64d0f0da4b83191620: 1681 ms
Input: 5500000,
Cold Start: false
Unique ID: 8f2aff20af23eb7cdb8a03bdcbd3b213,
Execution Time for Trace ID 8f2aff20af23eb7cdb8a03bdcbd3b213: 1589 ms
Input: 5500000,
Cold Start: false
Unique ID: 69097481e2bf19ae131b03421153bac3,
Execution Time for Trace ID 69097481e2bf19ae131b03421153bac3: 1734 ms
Input: 5500000,
Cold Start: false
Unique ID: 7d18ff7e47426f3e0e5fe50e55b6db7c,
Execution Time for Trace ID 7d18ff7e47426f3e0e5fe50e55b6db7c: 1785 ms
Input: 5500000,
Cold Start: false
Unique ID: 15ae181ece8417de6b961b755a9d6d17,
Execution Time for Trace ID 15ae181ece8417de6b961b755a9d6d17: 1872 ms
Input: 5500000,
Cold Start: false
Unique ID: 0d384e3991a7ee6111e68c36cd011d81,
Execution Time for Trace ID 0d384e3991a7ee6111e68c36cd011d81: 1628 ms
Input: 5500000,
Cold Start: false
Unique ID: 3d12050ac6946321b9babec6bfa25042,
Execution Time for Trace ID 3d12050ac6946321b9babec6bfa25042: 1629 ms
Input: 5500000,
Cold Start: false
Unique ID: c3a0ad05e75ff428a50cbfc652a0e00f,
Execution Time for Trace ID c3a0ad05e75ff428a50cbfc652a0e00f: 1677 ms
Input: 5500000,
Cold Start: false
Unique ID: 66762703d11e4dded97c0b9a109fc390,
Execution Time for Trace ID 66762703d11e4dded97c0b9a109fc390: 1626 ms
Input: 5500000,
Cold Start: false
Unique ID: 89893e745507563b95eec9f12f14b2cd,
Execution Time for Trace ID 89893e745507563b95eec9f12f14b2cd: 1550 ms
Input: 5500000,
Cold Start: false
Unique ID: 124089549ee78da7caf1252befa20a40,
Execution Time for Trace ID 124089549ee78da7caf1252befa20a40: 1724 ms
Input: 5500000,
Cold Start: false
Unique ID: 4910f061fae4192ad06dc78a4ec65d6d,
Execution Time for Trace ID 4910f061fae4192ad06dc78a4ec65d6d: 1628 ms
Input: 5500000,
Cold Start: false
Unique ID: d6a89dfdf4537ca7e1c284e397d444d2,
Execution Time for Trace ID d6a89dfdf4537ca7e1c284e397d444d2: 1979 ms
Input: 5500000,
Cold Start: false
Unique ID: 848342984050c1ad7a918550438f93c5,
Execution Time for Trace ID 848342984050c1ad7a918550438f93c5: 1642 ms
Input: 5500000,
Cold Start: false
Unique ID: adf3aeb6a8a04a162596ca92fb7a73c6,
Execution Time for Trace ID adf3aeb6a8a04a162596ca92fb7a73c6: 1853 ms
Input: 5500000,
Cold Start: false
Unique ID: 8ec8d280ae892c5d80133e98d63d1ac9,
Execution Time for Trace ID 8ec8d280ae892c5d80133e98d63d1ac9: 1588 ms
Input: 5500000,
Cold Start: false
Unique ID: 5a04d6a7b0fe71921e2f76da9e2af44d,
Execution Time for Trace ID 5a04d6a7b0fe71921e2f76da9e2af44d: 1774 ms
Input: 5500000,
Cold Start: false
Unique ID: e83c22f221c831d61ab4adea4ea856f8,
Execution Time for Trace ID e83c22f221c831d61ab4adea4ea856f8: 1570 ms
Input: 5500000,
Cold Start: false
Unique ID: 1987321cae1870306f0de99a85138695,
Execution Time for Trace ID 1987321cae1870306f0de99a85138695: 2070 ms
Input: 5500000,
Cold Start: false
Unique ID: 8bb9bb7139f3d789634a529dd4f1ba14,
Execution Time for Trace ID 8bb9bb7139f3d789634a529dd4f1ba14: 1552 ms
Input: 5500000,
Cold Start: false
Unique ID: 09216710d11ed82be68c7aba0f7e8596,
Execution Time for Trace ID 09216710d11ed82be68c7aba0f7e8596: 1807 ms
Input: 5500000,
Cold Start: false
Unique ID: 08451a7d38fc29132e11f659451a0264,
Execution Time for Trace ID 08451a7d38fc29132e11f659451a0264: 1793 ms
Input: 5500000,
Cold Start: false
Unique ID: bacbfd2174231cdfbcdbc6903946a321,
Execution Time for Trace ID bacbfd2174231cdfbcdbc6903946a321: 1774 ms
Input: 5500000,
Cold Start: false
Unique ID: e3bbb2662240e7ca910beadbbe40ddb2,
Execution Time for Trace ID e3bbb2662240e7ca910beadbbe40ddb2: 1799 ms
Input: 5500000,
Cold Start: false
Unique ID: dd11581d34cd8a44b543d6cc58e1d3d5,
Execution Time for Trace ID dd11581d34cd8a44b543d6cc58e1d3d5: 2094 ms
Input: 5500000,
Cold Start: false
Unique ID: 58b7665a294f28016c7c512e240cbdc3,
Execution Time for Trace ID 58b7665a294f28016c7c512e240cbdc3: 1698 ms
Input: 5500000,
Cold Start: false
Unique ID: fb02b41c327fc311cc5c1d956b3419d9,
Execution Time for Trace ID fb02b41c327fc311cc5c1d956b3419d9: 1813 ms
Input: 5500000,
Cold Start: false
Unique ID: a43a02a85eae0f26ac176ae58e08e907,
Execution Time for Trace ID a43a02a85eae0f26ac176ae58e08e907: 1773 ms
Input: 5500000,
Cold Start: false
Unique ID: 229e781f55534c56066721286f2e3467,
Execution Time for Trace ID 229e781f55534c56066721286f2e3467: 1641 ms
Input: 5500000,
Cold Start: false
Unique ID: 7874aad05d76e75a227a2df04a54fe79,
Execution Time for Trace ID 7874aad05d76e75a227a2df04a54fe79: 1861 ms
Input: 5500000,
Cold Start: false
Unique ID: 1f6f4fbf0ed876c73be2efaec4603eb9,
Execution Time for Trace ID 1f6f4fbf0ed876c73be2efaec4603eb9: 1624 ms
Input: 5500000,
Cold Start: false
Unique ID: 4633f7790e617d1d11ff64d6eec0237f,
Execution Time for Trace ID 4633f7790e617d1d11ff64d6eec0237f: 1985 ms
Input: 5500000,
Cold Start: false
Unique ID: a386fba4311fa2841f7b8a10e3b171c7,
Execution Time for Trace ID a386fba4311fa2841f7b8a10e3b171c7: 1619 ms
Input: 5500000,
Cold Start: false
Unique ID: c7a285f28ba0063f5d7e2fbb92483ae3,
Execution Time for Trace ID c7a285f28ba0063f5d7e2fbb92483ae3: 1882 ms
Input: 5500000,
Cold Start: false
Unique ID: 875653b93d12d863902409521c6783cd,
Execution Time for Trace ID 875653b93d12d863902409521c6783cd: 1745 ms
Input: 5500000,
Cold Start: false
Unique ID: c64621771afb17e4d0711ab1e33f8c87,
Execution Time for Trace ID c64621771afb17e4d0711ab1e33f8c87: 1673 ms
Input: 5500000,
Cold Start: false
Unique ID: c20ca0e19fa7a26a7712e7b42e194fce,
Execution Time for Trace ID c20ca0e19fa7a26a7712e7b42e194fce: 1788 ms
Input: 5500000,
Cold Start: false
Unique ID: bc61b2112d57e57fa0942e0a5707f09a,
Execution Time for Trace ID bc61b2112d57e57fa0942e0a5707f09a: 1704 ms
Input: 5500000,
Cold Start: false
Unique ID: 896fc1c06378a6d2d120715e2e9a7510,
Execution Time for Trace ID 896fc1c06378a6d2d120715e2e9a7510: 1531 ms
Input: 5500000,
Cold Start: false
Unique ID: 386454cfd38d6b5f61475774de8f4416,
Execution Time for Trace ID 386454cfd38d6b5f61475774de8f4416: 1720 ms
Input: 5500000,
Cold Start: false
Unique ID: 1581cb38cf61b53fbc53e14ad0ffb9be,
Execution Time for Trace ID 1581cb38cf61b53fbc53e14ad0ffb9be: 1553 ms
Input: 5500000,
Cold Start: false
Unique ID: 880cf7cf47dba461d03d65507eaffcc7,
Execution Time for Trace ID 880cf7cf47dba461d03d65507eaffcc7: 1562 ms
Input: 5500000,
Cold Start: false
Unique ID: 6b620169539b43a9a64a3ad68a5c1254,
Execution Time for Trace ID 6b620169539b43a9a64a3ad68a5c1254: 1790 ms
Input: 5500000,
Cold Start: false
Unique ID: 2d21817baf7b32269faaa9f9a55615ef,
Execution Time for Trace ID 2d21817baf7b32269faaa9f9a55615ef: 1992 ms
Input: 5500000,
Cold Start: false
Unique ID: 17a23351abca4c8249361a1a95d580de,
Execution Time for Trace ID 17a23351abca4c8249361a1a95d580de: 1891 ms
Input: 5500000,
Cold Start: false
Unique ID: ed38272d17e57cd9ca4386bcb3714c5d,
Execution Time for Trace ID ed38272d17e57cd9ca4386bcb3714c5d: 1552 ms
Input: 5500000,
Cold Start: false
Unique ID: 0072d7e6b0997601cb758dea5c7551b0,
Execution Time for Trace ID 0072d7e6b0997601cb758dea5c7551b0: 1807 ms
Input: 5500000,
Cold Start: false
Unique ID: c2e4515074701c85e29e01048f194b68,
Execution Time for Trace ID c2e4515074701c85e29e01048f194b68: 1727 ms
Input: 5500000,
Cold Start: false
Unique ID: 8d881d31b3b9dd1c3284bb498edc16ee,
Execution Time for Trace ID 8d881d31b3b9dd1c3284bb498edc16ee: 1556 ms
Input: 5500000,
Cold Start: false
Unique ID: b25890b3f4918996f38988fdd8e81630,
Execution Time for Trace ID b25890b3f4918996f38988fdd8e81630: 1833 ms
Input: 5500000,
Cold Start: false
Unique ID: b76393c59d4f3a554d8a9e66b066f7b4,
Execution Time for Trace ID b76393c59d4f3a554d8a9e66b066f7b4: 1585 ms
Input: 5500000,
Cold Start: false
Unique ID: 6afbeb9a1dcd79bf1fd5fb4deef13680,
Execution Time for Trace ID 6afbeb9a1dcd79bf1fd5fb4deef13680: 1604 ms
Input: 5500000,
Cold Start: false
Unique ID: 2cdc2de239bb7032878f2658ed5e00b6,
Execution Time for Trace ID 2cdc2de239bb7032878f2658ed5e00b6: 1802 ms
Input: 5500000,
Cold Start: false
Unique ID: e85bb7b960a7840f8c2b6634f89af68c,
Execution Time for Trace ID e85bb7b960a7840f8c2b6634f89af68c: 1708 ms
Input: 5500000,
Cold Start: false
Unique ID: 031824f341e1bdbdf39324e83a4d6bf2,
Execution Time for Trace ID 031824f341e1bdbdf39324e83a4d6bf2: 1636 ms
Input: 5500000,
Cold Start: false
Unique ID: 676fb08ef9feeabc02bcc5f6edbf9754,
Execution Time for Trace ID 676fb08ef9feeabc02bcc5f6edbf9754: 1574 ms
Input: 5500000,
Cold Start: false
Unique ID: fccc361812708ea186e9f0751bfc544e,
Execution Time for Trace ID fccc361812708ea186e9f0751bfc544e: 1569 ms
Input: 5500000,
Cold Start: false
Unique ID: 95e9ae76e76ae9cbb9e80db6de914f68,
Execution Time for Trace ID 95e9ae76e76ae9cbb9e80db6de914f68: 1550 ms
Input: 5500000,
Cold Start: false
Unique ID: 8c9048696370e4e30eff7629d234b078,
Execution Time for Trace ID 8c9048696370e4e30eff7629d234b078: 2065 ms
Input: 5500000,
Cold Start: false
Unique ID: 9d45fafd8025a04424303a728cfa9b0e,
Execution Time for Trace ID 9d45fafd8025a04424303a728cfa9b0e: 1972 ms
Input: 5500000,
Cold Start: false
Unique ID: c41543be0d81a8aaec2b6296c9d2dfab,
Execution Time for Trace ID c41543be0d81a8aaec2b6296c9d2dfab: 1827 ms
Input: 5500000,
Cold Start: false
Unique ID: 8c91e26ec14c99c416c4e82598462bc2,
Execution Time for Trace ID 8c91e26ec14c99c416c4e82598462bc2: 1544 ms
Input: 5500000,
Cold Start: false
Unique ID: 8a32c95bd914ae7d5fba6560ffd5431c,
Execution Time for Trace ID 8a32c95bd914ae7d5fba6560ffd5431c: 2005 ms
Input: 5500000,
Cold Start: false
Unique ID: 6905f04e1703c00411669687fc8aad28,
Execution Time for Trace ID 6905f04e1703c00411669687fc8aad28: 1891 ms
Input: 5500000,
Cold Start: false
Unique ID: e7087d012d33e2258b241ebc3c3f6539,
Execution Time for Trace ID e7087d012d33e2258b241ebc3c3f6539: 1513 ms
Input: 5500000,
Cold Start: false
Unique ID: 8fe6053b2fe8649b20520a6924496c39,
Execution Time for Trace ID 8fe6053b2fe8649b20520a6924496c39: 1711 ms
Input: 5500000,
Cold Start: false
Unique ID: 335c7fa3fbbe5e0236ba4450959da8a1,
Execution Time for Trace ID 335c7fa3fbbe5e0236ba4450959da8a1: 1812 ms
Input: 5500000,
Cold Start: false
Unique ID: 8321fd3ff7cca39f7c64777a18b99963,
Execution Time for Trace ID 8321fd3ff7cca39f7c64777a18b99963: 1602 ms
Input: 5500000,
Cold Start: false
Unique ID: 34070ec3447ac69c71d29f3e68129dd3,
Execution Time for Trace ID 34070ec3447ac69c71d29f3e68129dd3: 1759 ms
Input: 5500000,
Cold Start: false
Unique ID: 598809f85bc8276e4ab6457f152cc9dd,
Execution Time for Trace ID 598809f85bc8276e4ab6457f152cc9dd: 1722 ms
Input: 5500000,
Cold Start: false
Unique ID: d03672d5c7e28436f5c8a3de063d47db,
Execution Time for Trace ID d03672d5c7e28436f5c8a3de063d47db: 2161 ms
Input: 5500000,
Cold Start: false
Unique ID: 128cf6e948397ca35519ac52cb114019,
Execution Time for Trace ID 128cf6e948397ca35519ac52cb114019: 2274 ms
Input: 5500000,
Cold Start: false
Unique ID: 961f48388f5f556ecb66a27e58b3df3e,
Execution Time for Trace ID 961f48388f5f556ecb66a27e58b3df3e: 1849 ms
Input: 5500000,
Cold Start: false
Unique ID: 9513de06797628818e464bf6610eb133,
Execution Time for Trace ID 9513de06797628818e464bf6610eb133: 2082 ms
Input: 5500000,
Cold Start: false
Unique ID: 23a659eeb910a4dc0203843a5ae57d3b,
Execution Time for Trace ID 23a659eeb910a4dc0203843a5ae57d3b: 1846 ms
Input: 5500000,
Cold Start: false
Unique ID: ecd0eb64d0c1e697950e327f2bb3ceb9,
Execution Time for Trace ID ecd0eb64d0c1e697950e327f2bb3ceb9: 1727 ms
Input: 5500000,
Cold Start: false
Unique ID: 7fc9de34cbb2bcd9ae4a054ed70bc1a1,
Execution Time for Trace ID 7fc9de34cbb2bcd9ae4a054ed70bc1a1: 1627 ms
Input: 5500000,
Cold Start: false
Unique ID: a37603dd03f2e815f4df0a6c0fc5837a,
Execution Time for Trace ID a37603dd03f2e815f4df0a6c0fc5837a: 1588 ms
Input: 5500000,
Cold Start: false
Unique ID: 8ad7c0c5743d086db7d9827760b10655,
Execution Time for Trace ID 8ad7c0c5743d086db7d9827760b10655: 1861 ms
Input: 5500000,
Cold Start: false
Unique ID: 495ee81ddeca935a26ec8b821870ca5a,
Execution Time for Trace ID 495ee81ddeca935a26ec8b821870ca5a: 1625 ms
Input: 5500000,
Cold Start: false
Unique ID: ef827cf9624b5d8b01e300af8d11efbb,
Execution Time for Trace ID ef827cf9624b5d8b01e300af8d11efbb: 2273 ms
Input: 5500000,
Cold Start: false
Unique ID: e16678169fe487064e26f0d5ae1ee6b3,
Execution Time for Trace ID e16678169fe487064e26f0d5ae1ee6b3: 2067 ms
Input: 5500000,
Cold Start: false
Unique ID: 9d497ec669d6fa3711ec844040c38188,
Execution Time for Trace ID 9d497ec669d6fa3711ec844040c38188: 1658 ms
Input: 5500000,
Cold Start: false
Unique ID: 0b931b94bda8259bc8ca36194ee9281c,
Execution Time for Trace ID 0b931b94bda8259bc8ca36194ee9281c: 1906 ms
Input: 5500000,
Cold Start: false
Unique ID: 7ef2d54f650fbfd2389d4849b1872e05,
Execution Time for Trace ID 7ef2d54f650fbfd2389d4849b1872e05: 1515 ms
Input: 5500000,
Cold Start: false
Unique ID: 3664880afee4ef4b285e334d752e9394,
Execution Time for Trace ID 3664880afee4ef4b285e334d752e9394: 2270 ms
Input: 5500000,
Cold Start: false
Unique ID: cf9261c97a0d84ac96b97028751d6395,
Execution Time for Trace ID cf9261c97a0d84ac96b97028751d6395: 1490 ms
Input: 5500000,
Cold Start: false
Unique ID: 18cdd57a5ac412c91cdd3ec34ddbcf85,
Execution Time for Trace ID 18cdd57a5ac412c91cdd3ec34ddbcf85: 2254 ms
Input: 5500000,
Cold Start: false
Unique ID: a449a2f3e489ee4ed4bc73abcb95f2f7,
Execution Time for Trace ID a449a2f3e489ee4ed4bc73abcb95f2f7: 1529 ms
Input: 5500000,
Cold Start: false
Unique ID: ffe5bc9e69b3122b49bcec5172c466b4,
Execution Time for Trace ID ffe5bc9e69b3122b49bcec5172c466b4: 2093 ms
Input: 5500000,
Cold Start: false
Unique ID: f2670998e71533f29fca8354a905b511,
Execution Time for Trace ID f2670998e71533f29fca8354a905b511: 1884 ms
Input: 5500000,
Cold Start: false
Unique ID: fe087763c03dbde65af569292e553261,
Execution Time for Trace ID fe087763c03dbde65af569292e553261: 2189 ms
Input: 5500000,
Cold Start: false
Unique ID: 289214989cd94a315313bcff9cd42b32,
Execution Time for Trace ID 289214989cd94a315313bcff9cd42b32: 1876 ms
Input: 5500000,
Cold Start: false
Unique ID: d2afe64cbad9ac95453725f4182795ba,
Execution Time for Trace ID d2afe64cbad9ac95453725f4182795ba: 1653 ms
Input: 5500000,
Cold Start: false
Unique ID: 6efde37a5b0ffcd3f8fd078834234d42,
Execution Time for Trace ID 6efde37a5b0ffcd3f8fd078834234d42: 2365 ms
Input: 5500000,
Cold Start: false
Unique ID: 63d96171428390e9df71d84bffdeb374,
Execution Time for Trace ID 63d96171428390e9df71d84bffdeb374: 1729 ms
Input: 5500000,
Cold Start: false
Unique ID: 5d0674b0f118060fa58d43f71805e3e1,
Execution Time for Trace ID 5d0674b0f118060fa58d43f71805e3e1: 1625 ms
Input: 5500000,
Cold Start: false
Unique ID: 568e73d25497d323b31f816be2dc1944,
Execution Time for Trace ID 568e73d25497d323b31f816be2dc1944: 1630 ms
Input: 5500000,
Cold Start: false
Unique ID: a9235d9a7de7d3b67caa620239b01b85,
Execution Time for Trace ID a9235d9a7de7d3b67caa620239b01b85: 2478 ms
Input: 5500000,
Cold Start: false
Unique ID: d5bff0b25f2f6c661578b90e780e1e1e,
Execution Time for Trace ID d5bff0b25f2f6c661578b90e780e1e1e: 1987 ms
Input: 5500000,
Cold Start: false
Unique ID: 8c2745bdc5a1800e6cb4f8d3beb45ba3,
Execution Time for Trace ID 8c2745bdc5a1800e6cb4f8d3beb45ba3: 1659 ms
Input: 5500000,
Cold Start: false
Unique ID: 5683720b8688aa28803470e818cc6d39,
Execution Time for Trace ID 5683720b8688aa28803470e818cc6d39: 1478 ms
Input: 5500000,
Cold Start: false
Unique ID: 0ad30d6baf8b49a4e271cf98b3076115,
Execution Time for Trace ID 0ad30d6baf8b49a4e271cf98b3076115: 2088 ms
Input: 5500000,
Cold Start: false
Unique ID: 1b898c22c402335f92eb1dac878f68ea,
Execution Time for Trace ID 1b898c22c402335f92eb1dac878f68ea: 1872 ms
Input: 5500000,
Cold Start: false
Unique ID: 39aeb07fa06805aa0a4960f9949cf4bf,
Execution Time for Trace ID 39aeb07fa06805aa0a4960f9949cf4bf: 1572 ms
Input: 5500000,
Cold Start: false
Unique ID: 12fd4e864d665f52810f8862ffd4d012,
Execution Time for Trace ID 12fd4e864d665f52810f8862ffd4d012: 1532 ms
Input: 5500000,
Cold Start: false
Unique ID: 8403b45ed8f113a44bb371ee2d7cfc1f,
Execution Time for Trace ID 8403b45ed8f113a44bb371ee2d7cfc1f: 1767 ms
Input: 5500000,
Cold Start: false
Unique ID: 5dce9a450a104083fcafa816c0fe4f3a,
Execution Time for Trace ID 5dce9a450a104083fcafa816c0fe4f3a: 2268 ms
Input: 5500000,
Cold Start: false
Unique ID: 49c7162ade871722970d20ed7414646c,
Execution Time for Trace ID 49c7162ade871722970d20ed7414646c: 1623 ms
Input: 5500000,
Cold Start: false
Unique ID: d0dff809e17d6b623a9f10aacad86425,
Execution Time for Trace ID d0dff809e17d6b623a9f10aacad86425: 1694 ms
Input: 5500000,
Cold Start: false
Unique ID: 8c859c0a694a9dfcb55d1ef74883ddc6,
Execution Time for Trace ID 8c859c0a694a9dfcb55d1ef74883ddc6: 2165 ms
Input: 5500000,
Cold Start: false
Unique ID: c5cfe1229c3a8d6f7170e62ce3301f76,
Execution Time for Trace ID c5cfe1229c3a8d6f7170e62ce3301f76: 1743 ms
Input: 5500000,
Cold Start: false
Unique ID: 5f68e22c67f4247d088f6974c1de7296,
Execution Time for Trace ID 5f68e22c67f4247d088f6974c1de7296: 1592 ms
Input: 5500000,
Cold Start: false
Unique ID: 06d3c47bff316643cc5dd0c9cf972278,
Execution Time for Trace ID 06d3c47bff316643cc5dd0c9cf972278: 1683 ms
Input: 5500000,
Cold Start: false
Unique ID: 0b90b904611824b91bb96c2f77637516,
Execution Time for Trace ID 0b90b904611824b91bb96c2f77637516: 1667 ms
Input: 5500000,
Cold Start: false
Unique ID: 2d79df91d2f7f33d16377b1f6c64eac8,
Execution Time for Trace ID 2d79df91d2f7f33d16377b1f6c64eac8: 1519 ms
Input: 5500000,
Cold Start: false
Unique ID: 172e39ae557d8b1320e1a404258ac1d7,
Execution Time for Trace ID 172e39ae557d8b1320e1a404258ac1d7: 1789 ms
Input: 5500000,
Cold Start: false
Unique ID: 8970b350f1e12ca6f8a94d4924ac0c8b,
Execution Time for Trace ID 8970b350f1e12ca6f8a94d4924ac0c8b: 1518 ms
Input: 5500000,
Cold Start: false
Unique ID: ad0069d1bffbe4abc697ff3435c0e043,
Execution Time for Trace ID ad0069d1bffbe4abc697ff3435c0e043: 574 ms
Input: 5500000,
Cold Start: false
Unique ID: 8e2d58eca6ebfcbe94b85094cf392b92,
Execution Time for Trace ID 8e2d58eca6ebfcbe94b85094cf392b92: 2065 ms
Input: 5500000,
Cold Start: false
Unique ID: feb7dcc192f75041af4f4d966ce339fc,
Execution Time for Trace ID feb7dcc192f75041af4f4d966ce339fc: 1876 ms
Input: 5500000,
Cold Start: false
Unique ID: 233719e09d39049e5c55025dd3812594,
Execution Time for Trace ID 233719e09d39049e5c55025dd3812594: 1575 ms
Input: 5500000,
Cold Start: false
Unique ID: 7c8f123f96c9d580f8e7f83c81a5b7e2,
Execution Time for Trace ID 7c8f123f96c9d580f8e7f83c81a5b7e2: 1690 ms
Input: 5500000,
Cold Start: false
Unique ID: 9b187a48938400c9fccf4682a95460d4,
Execution Time for Trace ID 9b187a48938400c9fccf4682a95460d4: 1440 ms
Input: 5500000,
Cold Start: false
Unique ID: 22e6bc651820b2dc5708c8e095d2d211,
Execution Time for Trace ID 22e6bc651820b2dc5708c8e095d2d211: 2272 ms
Input: 5500000,
Cold Start: false
Unique ID: 8ed731a6360eed3aca69ddc193ceed59,
Execution Time for Trace ID 8ed731a6360eed3aca69ddc193ceed59: 1661 ms
Input: 5500000,
Cold Start: false
Unique ID: 601af6057e39c8119f2d3e2d7b222a16,
Execution Time for Trace ID 601af6057e39c8119f2d3e2d7b222a16: 1528 ms
Input: 5500000,
Cold Start: false
Unique ID: b784b187cb671dda1768e1d7ca1be999,
Execution Time for Trace ID b784b187cb671dda1768e1d7ca1be999: 1775 ms
Input: 5500000,
Cold Start: false
Unique ID: c9a0c96fab99bccdd0fce79291852af8,
Execution Time for Trace ID c9a0c96fab99bccdd0fce79291852af8: 1982 ms
Input: 5500000,
Cold Start: false
Unique ID: 9d07a549fb04555a77a2db4c1f0c79d0,
Execution Time for Trace ID 9d07a549fb04555a77a2db4c1f0c79d0: 1689 ms
Input: 5500000,
Cold Start: false
Unique ID: 07d35c2d29897a497b912338e4372cd5,
Execution Time for Trace ID 07d35c2d29897a497b912338e4372cd5: 1589 ms
Input: 5500000,
Cold Start: false
Unique ID: 33746becf09c17b47ef9a33021aa973a,
Execution Time for Trace ID 33746becf09c17b47ef9a33021aa973a: 1681 ms
Input: 5500000,
Cold Start: false
Unique ID: ba124f9bf0f953932d2703fbbbe500b7,
Execution Time for Trace ID ba124f9bf0f953932d2703fbbbe500b7: 1525 ms
Input: 5500000,
Cold Start: false
Unique ID: f0f5b710fec58b0ced1001abd0a21538,
Execution Time for Trace ID f0f5b710fec58b0ced1001abd0a21538: 1660 ms
Input: 5500000,
Cold Start: false
Unique ID: b1ee3fa2a1430b6782836089e46391ab,
Execution Time for Trace ID b1ee3fa2a1430b6782836089e46391ab: 1571 ms
Input: 5500000,
Cold Start: false
Unique ID: d3a0522251fc4e6741e4f81f24dbd730,
Execution Time for Trace ID d3a0522251fc4e6741e4f81f24dbd730: 1523 ms
Input: 5500000,
Cold Start: false
Unique ID: bb5bc7298117a3405fc865ec856766f7,
Execution Time for Trace ID bb5bc7298117a3405fc865ec856766f7: 2165 ms
Input: 5500000,
Cold Start: false
Unique ID: 154253e6948adf7a660d96bb3d5aec7a,
Execution Time for Trace ID 154253e6948adf7a660d96bb3d5aec7a: 2018 ms
Input: 5500000,
Cold Start: false
Unique ID: b35b786bc7c2ff954692c70b49b827d7,
Execution Time for Trace ID b35b786bc7c2ff954692c70b49b827d7: 2365 ms
Input: 5500000,
Cold Start: false
Unique ID: 5ff9255742986e2f126ae0286268ea20,
Execution Time for Trace ID 5ff9255742986e2f126ae0286268ea20: 1983 ms
Input: 5500000,
Cold Start: false
Unique ID: c2102b528bafa47eed7d1f2322333141,
Execution Time for Trace ID c2102b528bafa47eed7d1f2322333141: 1889 ms
Input: 5500000,
Cold Start: false
Unique ID: 5f6a187f7b73e3bd247e2bb94548092b,
Execution Time for Trace ID 5f6a187f7b73e3bd247e2bb94548092b: 1513 ms
Input: 5500000,
Cold Start: false
Unique ID: 09131af73bd4ae40d7fee513c96f32f3,
Execution Time for Trace ID 09131af73bd4ae40d7fee513c96f32f3: 1789 ms
Input: 5500000,
Cold Start: false
Unique ID: 1b7f945361a8cf5216509f46b2a17b73,
Execution Time for Trace ID 1b7f945361a8cf5216509f46b2a17b73: 1559 ms
Input: 5500000,
Cold Start: false
Unique ID: 0fb4a0a334f8d69012d86fd21c70d5d3,
Execution Time for Trace ID 0fb4a0a334f8d69012d86fd21c70d5d3: 1985 ms
Input: 5500000,
Cold Start: false
Unique ID: cac28c0a98f109324c9d407ad94b042e,
Execution Time for Trace ID cac28c0a98f109324c9d407ad94b042e: 1671 ms
Input: 5500000,
Cold Start: false
Unique ID: 2892c4130ecd136a27a68a6de7ed5685,
Execution Time for Trace ID 2892c4130ecd136a27a68a6de7ed5685: 2085 ms
Input: 5500000,
Cold Start: true
Unique ID: 809daf3ecd5babcc47de4e11270debf6,
Execution Time for Trace ID 809daf3ecd5babcc47de4e11270debf6: 1736 ms
Input: 5500000,
Cold Start: false
Unique ID: fdd9c4c4f4188ef52cc8496f694d1487,
Execution Time for Trace ID fdd9c4c4f4188ef52cc8496f694d1487: 1728 ms
Input: 5500000,
Cold Start: false
Unique ID: aa746420e73b05a7bcdab2fce0eb131f,
Execution Time for Trace ID aa746420e73b05a7bcdab2fce0eb131f: 1783 ms
Input: 5500000,
Cold Start: false
Unique ID: 56682c028f7c33ce4ddfcfbfc43b1d3c,
Execution Time for Trace ID 56682c028f7c33ce4ddfcfbfc43b1d3c: 1889 ms
Input: 5500000,
Cold Start: false
Unique ID: c4b145049892e5a3ab9aa8e6744a952e,
Execution Time for Trace ID c4b145049892e5a3ab9aa8e6744a952e: 1731 ms
Input: 5500000,
Cold Start: false
Unique ID: b045b7413319f0fc99864c76d938e3ae,
Execution Time for Trace ID b045b7413319f0fc99864c76d938e3ae: 1661 ms
Input: 5500000,
Cold Start: false
Unique ID: 2a03cd4b3abd859280c75edd02431a62,
Execution Time for Trace ID 2a03cd4b3abd859280c75edd02431a62: 2076 ms
Input: 5500000,
Cold Start: false
Unique ID: a8c0d73a926cf6d96cbd4961a090d584,
Execution Time for Trace ID a8c0d73a926cf6d96cbd4961a090d584: 1694 ms
Input: 5500000,
Cold Start: false
Unique ID: 4f793f90266c57add1dfa619a90899c0,
Execution Time for Trace ID 4f793f90266c57add1dfa619a90899c0: 1620 ms
Input: 5500000,
Cold Start: false
Unique ID: 10c6d65d893b083ea1123bb8ecdcc991,
Execution Time for Trace ID 10c6d65d893b083ea1123bb8ecdcc991: 1657 ms
Input: 5500000,
Cold Start: false
Unique ID: 0036a25e3ad1a8226d9202867695a718,
Execution Time for Trace ID 0036a25e3ad1a8226d9202867695a718: 2266 ms
Input: 5500000,
Cold Start: false
Unique ID: 0bafd71aae6f99d3a4376bb8f5d4aa90,
Execution Time for Trace ID 0bafd71aae6f99d3a4376bb8f5d4aa90: 1878 ms
Input: 5500000,
Cold Start: false
Unique ID: 7caf4d64fb83179010c18262474a317a,
Execution Time for Trace ID 7caf4d64fb83179010c18262474a317a: 1689 ms
Input: 5500000,
Cold Start: false
Unique ID: 385b9baa4d8f5b99a20c105f9640683d,
Execution Time for Trace ID 385b9baa4d8f5b99a20c105f9640683d: 1526 ms
Input: 5500000,
Cold Start: false
Unique ID: dee64ec74ac41b37809170fb513e6e4a,
Execution Time for Trace ID dee64ec74ac41b37809170fb513e6e4a: 1658 ms
Input: 5500000,
Cold Start: false
Unique ID: fe6ec5d062f2c02051bc710ae8fef805,
Execution Time for Trace ID fe6ec5d062f2c02051bc710ae8fef805: 1892 ms
Input: 5500000,
Cold Start: false
Unique ID: 8293a0007fa8033f32b0eb87d12221c6,
Execution Time for Trace ID 8293a0007fa8033f32b0eb87d12221c6: 1704 ms
Input: 5500000,
Cold Start: false
Unique ID: 2341deed76ccb091bb0d689f26a35533,
Execution Time for Trace ID 2341deed76ccb091bb0d689f26a35533: 1701 ms
Input: 5500000,
Cold Start: false
Unique ID: a0ecabf3a0a6a6b1c994037a18b33528,
Execution Time for Trace ID a0ecabf3a0a6a6b1c994037a18b33528: 1527 ms
Input: 5500000,
Cold Start: false
Unique ID: d43d96602acbc678f88c294ddb00572f,
Execution Time for Trace ID d43d96602acbc678f88c294ddb00572f: 1655 ms
Input: 5500000,
Cold Start: false
Unique ID: bdfa300e9d235bf92e58e7831f8c9357,
Execution Time for Trace ID bdfa300e9d235bf92e58e7831f8c9357: 1770 ms
Input: 5500000,
Cold Start: false
Unique ID: 2c6af153e3faa5c46b728869908e4ffd,
Execution Time for Trace ID 2c6af153e3faa5c46b728869908e4ffd: 1784 ms
Input: 5500000,
Cold Start: false
Unique ID: a42e93a34f5988164f9f702ccfd48c1c,
Execution Time for Trace ID a42e93a34f5988164f9f702ccfd48c1c: 1595 ms
Input: 5500000,
Cold Start: false
Unique ID: d51b17935296bea010d3d3637fdbf702,
Execution Time for Trace ID d51b17935296bea010d3d3637fdbf702: 2068 ms
Input: 5500000,
Cold Start: false
Unique ID: 0ab9dfa5175010a492444106606e0d35,
Execution Time for Trace ID 0ab9dfa5175010a492444106606e0d35: 1574 ms
Input: 5500000,
Cold Start: false
Unique ID: 37300a12f6f90d11818313f5f96fbcae,
Execution Time for Trace ID 37300a12f6f90d11818313f5f96fbcae: 1796 ms
Input: 5500000,
Cold Start: false
Unique ID: 7697a4bf70a4402eedf4bca9fb1f15fe,
Execution Time for Trace ID 7697a4bf70a4402eedf4bca9fb1f15fe: 1616 ms
Input: 5500000,
Cold Start: false
Unique ID: ffebbd7e8e3e42fb86c2e29522d3cef0,
Execution Time for Trace ID ffebbd7e8e3e42fb86c2e29522d3cef0: 1784 ms
Input: 5500000,
Cold Start: false
Unique ID: b19aedada7804e8e3801c404315bb928,
Execution Time for Trace ID b19aedada7804e8e3801c404315bb928: 1709 ms
Input: 5500000,
Cold Start: false
Unique ID: a9e9f35e3583c0e81f3dccebad3de55f,
Execution Time for Trace ID a9e9f35e3583c0e81f3dccebad3de55f: 1668 ms
Input: 5500000,
Cold Start: false
Unique ID: 60c4daa2fd7ab75c62348db640a59d6c,
Execution Time for Trace ID 60c4daa2fd7ab75c62348db640a59d6c: 1572 ms
Input: 5500000,
Cold Start: false
Unique ID: c870997d501108c94708084e7bf1d62a,
Execution Time for Trace ID c870997d501108c94708084e7bf1d62a: 1964 ms
Input: 5500000,
Cold Start: false
Unique ID: fceed890c8f7f284a13c2794e7390e24,
Execution Time for Trace ID fceed890c8f7f284a13c2794e7390e24: 1785 ms
Input: 5500000,
Cold Start: false
Unique ID: 308a04b9b1747bd0ea2e20764b63c931,
Execution Time for Trace ID 308a04b9b1747bd0ea2e20764b63c931: 1761 ms
Input: 5500000,
Cold Start: false
Unique ID: b5729a207b664aaf2cbb2381811a13a6,
Execution Time for Trace ID b5729a207b664aaf2cbb2381811a13a6: 1994 ms
Input: 5500000,
Cold Start: false
Unique ID: 3158b4f6b8b4a3be3aec84587bd07979,
Execution Time for Trace ID 3158b4f6b8b4a3be3aec84587bd07979: 1759 ms
Input: 5500000,
Cold Start: false
Unique ID: a10fb9a12286b62b60d3ede6301cba4e,
Execution Time for Trace ID a10fb9a12286b62b60d3ede6301cba4e: 1528 ms
Input: 5500000,
Cold Start: false
Unique ID: 41867e9ce9fcf1ff04b321b7bec13ef3,
Execution Time for Trace ID 41867e9ce9fcf1ff04b321b7bec13ef3: 1876 ms
Input: 5500000,
Cold Start: false
Unique ID: 1fc9e9925b2c30aaabf3331d533dad13,
Execution Time for Trace ID 1fc9e9925b2c30aaabf3331d533dad13: 1772 ms
Input: 5500000,
Cold Start: false
Unique ID: c487a698b3e1e13a4f4264d7b428ca61,
Execution Time for Trace ID c487a698b3e1e13a4f4264d7b428ca61: 1618 ms
Input: 5500000,
Cold Start: false
Unique ID: 0b84f9f921c6fa05c4d00e33b6c6a777,
Execution Time for Trace ID 0b84f9f921c6fa05c4d00e33b6c6a777: 1569 ms
Input: 5500000,
Cold Start: false
Unique ID: 35d1797d40e10a62a2781877074c91bf,
Execution Time for Trace ID 35d1797d40e10a62a2781877074c91bf: 1984 ms
Input: 5500000,
Cold Start: false
Unique ID: a629105de222d33661943ce0503bb081,
Execution Time for Trace ID a629105de222d33661943ce0503bb081: 1776 ms
Input: 5500000,
Cold Start: false
Unique ID: 5763d0aa0af32c64db73912368428823,
Execution Time for Trace ID 5763d0aa0af32c64db73912368428823: 1666 ms
Input: 5500000,
Cold Start: false
Unique ID: 66c6de983dd1129c849a45f586c82231,
Execution Time for Trace ID 66c6de983dd1129c849a45f586c82231: 829 ms
Input: 5500000,
Cold Start: false
Unique ID: 9fc1d996ac10ed06c70762fdde73fc98,
Execution Time for Trace ID 9fc1d996ac10ed06c70762fdde73fc98: 1902 ms
Input: 5500000,
Cold Start: false
Unique ID: 06d1ab447270353df38d5a4b3da56e12,
Execution Time for Trace ID 06d1ab447270353df38d5a4b3da56e12: 2372 ms
Input: 5500000,
Cold Start: false
Unique ID: ba2f4218141d9f2a70fadb6c4724256f,
Execution Time for Trace ID ba2f4218141d9f2a70fadb6c4724256f: 1964 ms
Input: 5500000,
Cold Start: false
Unique ID: c2defd454c89449de9edb379c4f9dbdc,
Execution Time for Trace ID c2defd454c89449de9edb379c4f9dbdc: 2292 ms
Input: 5500000,
Cold Start: false
Unique ID: 05acc87e31a5e8e23a4b2b8d7b2fbb2b,
Execution Time for Trace ID 05acc87e31a5e8e23a4b2b8d7b2fbb2b: 1493 ms
Input: 5500000,
Cold Start: false
Unique ID: 8f309edca9ecc35cef92528160371feb,
Execution Time for Trace ID 8f309edca9ecc35cef92528160371feb: 1752 ms
Input: 5500000,
Cold Start: false
Unique ID: 92d958d48fc4af943021e0e737548d2f,
Execution Time for Trace ID 92d958d48fc4af943021e0e737548d2f: 1558 ms
Input: 5500000,
Cold Start: false
Unique ID: 246103058535e27a5d4725206e0fc2fd,
Execution Time for Trace ID 246103058535e27a5d4725206e0fc2fd: 1770 ms
Input: 5500000,
Cold Start: false
Unique ID: 0bb523041fc364981c5f53133537dbaf,
Execution Time for Trace ID 0bb523041fc364981c5f53133537dbaf: 1829 ms
Input: 5500000,
Cold Start: false
Unique ID: 73177bac694c174c431176798d405260,
Execution Time for Trace ID 73177bac694c174c431176798d405260: 2023 ms
Input: 5500000,
Cold Start: false
Unique ID: 1e7bf5628db68f0163ae6d874cd4bca7,
Execution Time for Trace ID 1e7bf5628db68f0163ae6d874cd4bca7: 2012 ms
Input: 5500000,
Cold Start: false
Unique ID: 63f1d52bc60c0331a72b7ff5d5af551e,
Execution Time for Trace ID 63f1d52bc60c0331a72b7ff5d5af551e: 1669 ms
Input: 5500000,
Cold Start: false
Unique ID: 60cd49753e0d1cbb54b22422f0eb8d35,
Execution Time for Trace ID 60cd49753e0d1cbb54b22422f0eb8d35: 2293 ms
Input: 5500000,
Cold Start: false
Unique ID: 12021a7d553c1b0bc3ea5c90cb500c75,
Execution Time for Trace ID 12021a7d553c1b0bc3ea5c90cb500c75: 2379 ms
Input: 5500000,
Cold Start: false
Unique ID: ff02067834e77125344dca3f30098c2b,
Execution Time for Trace ID ff02067834e77125344dca3f30098c2b: 1859 ms
Input: 5500000,
Cold Start: false
Unique ID: c3f663b7b4f8d64cca30f79637335196,
Execution Time for Trace ID c3f663b7b4f8d64cca30f79637335196: 1733 ms
Input: 5500000,
Cold Start: false
Unique ID: 4f85288bebd81f789d8b09dc671cc50b,
Execution Time for Trace ID 4f85288bebd81f789d8b09dc671cc50b: 1771 ms
Input: 5500000,
Cold Start: false
Unique ID: 36fd606a0d507b4e3e69e8715caa0ff2,
Execution Time for Trace ID 36fd606a0d507b4e3e69e8715caa0ff2: 2382 ms
Input: 5500000,
Cold Start: false
Unique ID: 2ed2c9fa34732b6bf8bb7ca4b404ff6a,
Execution Time for Trace ID 2ed2c9fa34732b6bf8bb7ca4b404ff6a: 1619 ms
Input: 5500000,
Cold Start: false
Unique ID: f010f792776f501b4f4264d7b428cdae,
Execution Time for Trace ID f010f792776f501b4f4264d7b428cdae: 1756 ms
Input: 5500000,
Cold Start: false
Unique ID: 777381381d266ac0139a29dc17522f5c,
Execution Time for Trace ID 777381381d266ac0139a29dc17522f5c: 1577 ms
Input: 5500000,
Cold Start: false
Unique ID: 46dc4a3de89470d4ccceb1e5e4e2a4d1,
Execution Time for Trace ID 46dc4a3de89470d4ccceb1e5e4e2a4d1: 1784 ms
Input: 5500000,
Cold Start: false
Unique ID: e3b8f70120e3902d56d14797184276cf,
Execution Time for Trace ID e3b8f70120e3902d56d14797184276cf: 1655 ms
Input: 5500000,
Cold Start: false
Unique ID: 9862c8b2634db7c0e80c6414dba4b0ca,
Execution Time for Trace ID 9862c8b2634db7c0e80c6414dba4b0ca: 1526 ms
Input: 5500000,
Cold Start: false
Unique ID: 5e95be3d93ff1d0dff89b42b4badca64,
Execution Time for Trace ID 5e95be3d93ff1d0dff89b42b4badca64: 1783 ms
Input: 5500000,
Cold Start: false
