Unique ID: c8d7029e-76ce-42f2-b55c-b9d38449920f,
Billed Duration for Request c8d7029e-76ce-42f2-b55c-b9d38449920f: 104 ms
Input: 1000000,
Cold Start: false
Unique ID: 5d9f935a-1fa0-4af7-bf6e-a753dccd9c90,
Billed Duration for Request 5d9f935a-1fa0-4af7-bf6e-a753dccd9c90: 73 ms
Input: 1000000,
Cold Start: false
Unique ID: d9e7f6fa-84f0-4a0f-9cde-1018d4107dce,
Billed Duration for Request d9e7f6fa-84f0-4a0f-9cde-1018d4107dce: 128 ms
Input: 1000000,
Cold Start: false
Unique ID: a31a5445-1093-49f2-8553-3a66d5109185,
Billed Duration for Request a31a5445-1093-49f2-8553-3a66d5109185: 126 ms
Input: 1000000,
Cold Start: false
Unique ID: de2c2c45-3bd9-4217-90af-4f96eef0e895,
Billed Duration for Request de2c2c45-3bd9-4217-90af-4f96eef0e895: 68 ms
Input: 1000000,
Cold Start: false
Unique ID: 1a564136-3a4a-45ef-bb8a-364f208c5929,
Billed Duration for Request 1a564136-3a4a-45ef-bb8a-364f208c5929: 106 ms
Input: 1000000,
Cold Start: false
Unique ID: af5e838c-354a-47d5-864f-96607bb23165,
Billed Duration for Request af5e838c-354a-47d5-864f-96607bb23165: 135 ms
Input: 1000000,
Cold Start: false
Unique ID: 9a021391-8d95-44f4-80e4-23df0e8fcc7c,
Billed Duration for Request 9a021391-8d95-44f4-80e4-23df0e8fcc7c: 71 ms
Input: 1000000,
Cold Start: false
Unique ID: 49f197b5-2562-4dd1-b4ee-5f600d9a6086,
Billed Duration for Request 49f197b5-2562-4dd1-b4ee-5f600d9a6086: 102 ms
Input: 1000000,
Cold Start: false
Unique ID: b6c82f9a-018b-40d9-966b-6ee8fdecf19a,
Billed Duration for Request b6c82f9a-018b-40d9-966b-6ee8fdecf19a: 91 ms
Input: 1000000,
Cold Start: false
Unique ID: 4e39784e-3c9a-47fa-bf0d-68743520ca72,
Billed Duration for Request 4e39784e-3c9a-47fa-bf0d-68743520ca72: 89 ms
Input: 1000000,
Cold Start: false
Unique ID: 2e2fe981-8254-4f54-9efd-2c5382681533,
Billed Duration for Request 2e2fe981-8254-4f54-9efd-2c5382681533: 130 ms
Input: 1000000,
Cold Start: false
Unique ID: 8e398d6e-feae-4845-b462-2b04fa4637cb,
Billed Duration for Request 8e398d6e-feae-4845-b462-2b04fa4637cb: 112 ms
Input: 1000000,
Cold Start: false
Unique ID: 2ca0c47c-27d2-45fd-ad5f-ee94f8132b34,
Billed Duration for Request 2ca0c47c-27d2-45fd-ad5f-ee94f8132b34: 139 ms
Input: 1000000,
Cold Start: false
Unique ID: 3abcedfd-2cd2-456b-85df-7206f4f0ee4c,
Billed Duration for Request 3abcedfd-2cd2-456b-85df-7206f4f0ee4c: 115 ms
Input: 1000000,
Cold Start: false
Unique ID: ff37aecb-c910-499d-b664-f7761578ce15,
Billed Duration for Request ff37aecb-c910-499d-b664-f7761578ce15: 95 ms
Input: 1000000,
Cold Start: false
Unique ID: a0a66396-df36-493f-860e-b31ac2009373,
Billed Duration for Request a0a66396-df36-493f-860e-b31ac2009373: 72 ms
Input: 1000000,
Cold Start: false
Unique ID: 42d96162-e999-4620-aaeb-9df6cd2a3063,
Billed Duration for Request 42d96162-e999-4620-aaeb-9df6cd2a3063: 91 ms
Input: 1000000,
Cold Start: false
Unique ID: dc945dd7-493b-4142-aeb7-95d1a480a95b,
Billed Duration for Request dc945dd7-493b-4142-aeb7-95d1a480a95b: 76 ms
Input: 1000000,
Cold Start: false
Unique ID: 5d553ca8-0981-4f47-90e5-f4a8ad5fc774,
Billed Duration for Request 5d553ca8-0981-4f47-90e5-f4a8ad5fc774: 152 ms
Input: 1000000,
Cold Start: false
Unique ID: 0dcb441d-e598-41b9-b887-4b341efe78f2,
Billed Duration for Request 0dcb441d-e598-41b9-b887-4b341efe78f2: 98 ms
Input: 1000000,
Cold Start: false
Unique ID: 0975452f-ca58-4e68-84c4-8d5724c6168b,
Billed Duration for Request 0975452f-ca58-4e68-84c4-8d5724c6168b: 128 ms
Input: 1000000,
Cold Start: false
Unique ID: 7d191a66-727a-4498-b537-473c464ed8a6,
Billed Duration for Request 7d191a66-727a-4498-b537-473c464ed8a6: 116 ms
Input: 1000000,
Cold Start: false
Unique ID: 49ec7b08-fdf6-479f-9010-51538714da7f,
Billed Duration for Request 49ec7b08-fdf6-479f-9010-51538714da7f: 95 ms
Input: 1000000,
Cold Start: false
Unique ID: a7f86791-3ecb-42f8-9f88-f88fc98fd520,
Billed Duration for Request a7f86791-3ecb-42f8-9f88-f88fc98fd520: 90 ms
Input: 1000000,
Cold Start: false
Unique ID: 02379a7d-b4a9-49f9-8adc-435f6dabecae,
Billed Duration for Request 02379a7d-b4a9-49f9-8adc-435f6dabecae: 104 ms
Input: 1000000,
Cold Start: false
Unique ID: 19260e2f-246d-4980-9e56-47af3f1cc8e7,
Billed Duration for Request 19260e2f-246d-4980-9e56-47af3f1cc8e7: 132 ms
Input: 1000000,
Cold Start: false
Unique ID: f27a5291-3f0b-4d9f-8cef-714eda439c82,
Billed Duration for Request f27a5291-3f0b-4d9f-8cef-714eda439c82: 91 ms
Input: 1000000,
Cold Start: false
Unique ID: f20e7aac-c479-4762-af71-de6992eccbc2,
Billed Duration for Request f20e7aac-c479-4762-af71-de6992eccbc2: 86 ms
Input: 1000000,
Cold Start: false
Unique ID: ed977877-bd8e-47df-b35f-8e8ed3b907b9,
Billed Duration for Request ed977877-bd8e-47df-b35f-8e8ed3b907b9: 82 ms
Input: 1000000,
Cold Start: false
Unique ID: c1df8da4-775b-43e9-a9e2-327d6cdbdf28,
Billed Duration for Request c1df8da4-775b-43e9-a9e2-327d6cdbdf28: 116 ms
Input: 1000000,
Cold Start: false
Unique ID: 5fa46e81-1707-4817-b3bb-ad57ecf417cc,
Billed Duration for Request 5fa46e81-1707-4817-b3bb-ad57ecf417cc: 123 ms
Input: 1000000,
Cold Start: false
Unique ID: 5d6b5077-7b96-42ab-9759-82a3e79ee21b,
Billed Duration for Request 5d6b5077-7b96-42ab-9759-82a3e79ee21b: 88 ms
Input: 1000000,
Cold Start: false
Unique ID: 95fa2046-562a-49f8-aa7a-f5f49d5b97fe,
Billed Duration for Request 95fa2046-562a-49f8-aa7a-f5f49d5b97fe: 71 ms
Input: 1000000,
Cold Start: false
Unique ID: eec8f9e5-e721-4f69-a64f-a1f4f91c64bb,
Billed Duration for Request eec8f9e5-e721-4f69-a64f-a1f4f91c64bb: 131 ms
Input: 1000000,
Cold Start: false
Unique ID: cc20109a-c261-4903-bcf7-f2d5d58e0168,
Billed Duration for Request cc20109a-c261-4903-bcf7-f2d5d58e0168: 117 ms
Input: 1000000,
Cold Start: false
Unique ID: 841cdc6c-48c6-4e99-b256-34704244aac7,
Billed Duration for Request 841cdc6c-48c6-4e99-b256-34704244aac7: 99 ms
Input: 1000000,
Cold Start: false
Unique ID: 49505709-d48d-4d12-bbc3-67389bb5a7fe,
Billed Duration for Request 49505709-d48d-4d12-bbc3-67389bb5a7fe: 80 ms
Input: 1000000,
Cold Start: false
Unique ID: e21e4956-9e61-40e1-993c-c14504d5dbde,
Billed Duration for Request e21e4956-9e61-40e1-993c-c14504d5dbde: 85 ms
Input: 1000000,
Cold Start: false
Unique ID: 7cde9d4c-0864-42aa-9261-0f2d3c30281f,
Billed Duration for Request 7cde9d4c-0864-42aa-9261-0f2d3c30281f: 95 ms
Input: 1000000,
Cold Start: false
Unique ID: 5c7437ba-b5c7-4155-8ac3-84c6f8c62b4a,
Billed Duration for Request 5c7437ba-b5c7-4155-8ac3-84c6f8c62b4a: 124 ms
Input: 1000000,
Cold Start: false
Unique ID: 97524981-c3b6-45c5-b74d-622fc941dd17,
Billed Duration for Request 97524981-c3b6-45c5-b74d-622fc941dd17: 146 ms
Input: 1000000,
Cold Start: false
Unique ID: 7f246298-fa5d-4c0b-85c3-10c9a768b349,
Billed Duration for Request 7f246298-fa5d-4c0b-85c3-10c9a768b349: 111 ms
Input: 1000000,
Cold Start: false
Unique ID: d1efdf07-5ffa-4d7c-872a-7eb74e7f9e90,
Billed Duration for Request d1efdf07-5ffa-4d7c-872a-7eb74e7f9e90: 116 ms
Input: 1000000,
Cold Start: false
Unique ID: ec41c295-f9c2-4706-b67d-77242c16cc8c,
Billed Duration for Request ec41c295-f9c2-4706-b67d-77242c16cc8c: 88 ms
Input: 1000000,
Cold Start: false
Unique ID: d33cf003-ae84-402d-8d57-84234677d794,
Billed Duration for Request d33cf003-ae84-402d-8d57-84234677d794: 139 ms
Input: 1000000,
Cold Start: false
Unique ID: fbda09eb-51be-47c1-981a-3f147e2c3671,
Billed Duration for Request fbda09eb-51be-47c1-981a-3f147e2c3671: 90 ms
Input: 1000000,
Cold Start: false
Unique ID: d53fcde3-9613-4530-ae9c-b0c07dc2d319,
Billed Duration for Request d53fcde3-9613-4530-ae9c-b0c07dc2d319: 100 ms
Input: 1000000,
Cold Start: false
Unique ID: 5967f4b7-ada1-48be-b1f0-5dc1f7c21bee,
Billed Duration for Request 5967f4b7-ada1-48be-b1f0-5dc1f7c21bee: 94 ms
Input: 1000000,
Cold Start: false
Unique ID: f8edc011-9ae0-4bfa-8c27-408f2a4ca6ef,
Billed Duration for Request f8edc011-9ae0-4bfa-8c27-408f2a4ca6ef: 88 ms
Input: 1000000,
Cold Start: false
Unique ID: 2bc7c46b-bb8f-4c19-ae89-9a440fff4d37,
Billed Duration for Request 2bc7c46b-bb8f-4c19-ae89-9a440fff4d37: 108 ms
Input: 1000000,
Cold Start: false
Unique ID: a37d532d-7760-4d0d-8ca5-f4ebcb02a54a,
Billed Duration for Request a37d532d-7760-4d0d-8ca5-f4ebcb02a54a: 89 ms
Input: 1000000,
Cold Start: false
Unique ID: 8b2a0066-8ba4-4e21-82dc-21f96a242b64,
Billed Duration for Request 8b2a0066-8ba4-4e21-82dc-21f96a242b64: 116 ms
Input: 1000000,
Cold Start: false
Unique ID: eb0594d8-8fd9-47b4-8ce0-3d054bb7348a,
Billed Duration for Request eb0594d8-8fd9-47b4-8ce0-3d054bb7348a: 106 ms
Input: 1000000,
Cold Start: false
Unique ID: 8628a0d4-15f3-41c8-adf0-db5bda2a1347,
Billed Duration for Request 8628a0d4-15f3-41c8-adf0-db5bda2a1347: 79 ms
Input: 1000000,
Cold Start: false
Unique ID: fec7b51a-f092-44dc-a07e-06513c18f3fa,
Billed Duration for Request fec7b51a-f092-44dc-a07e-06513c18f3fa: 114 ms
Input: 1000000,
Cold Start: false
Unique ID: 4e761ab7-1ddb-4c8e-b437-b03edae6edab,
Billed Duration for Request 4e761ab7-1ddb-4c8e-b437-b03edae6edab: 117 ms
Input: 1000000,
Cold Start: false
Unique ID: 93382bdf-3977-44bb-84d5-329964be007d,
Billed Duration for Request 93382bdf-3977-44bb-84d5-329964be007d: 90 ms
Input: 1000000,
Cold Start: false
Unique ID: 626b0bef-320f-4c72-93c8-c3e6b6601eae,
Billed Duration for Request 626b0bef-320f-4c72-93c8-c3e6b6601eae: 87 ms
Input: 1000000,
Cold Start: false
Unique ID: 6757e6df-1e20-4a73-8a8c-287981441a35,
Billed Duration for Request 6757e6df-1e20-4a73-8a8c-287981441a35: 118 ms
Input: 1000000,
Cold Start: false
Unique ID: 7aa980dd-4580-4b2a-afcb-6cb36faf1c9c,
Billed Duration for Request 7aa980dd-4580-4b2a-afcb-6cb36faf1c9c: 70 ms
Input: 1000000,
Cold Start: false
Unique ID: 7a7ed06e-13ab-4a33-827f-2aa818b3cc4b,
Billed Duration for Request 7a7ed06e-13ab-4a33-827f-2aa818b3cc4b: 79 ms
Input: 1000000,
Cold Start: false
Unique ID: 2b3efae5-f76f-4948-8139-1bdd2bb60b8c,
Billed Duration for Request 2b3efae5-f76f-4948-8139-1bdd2bb60b8c: 109 ms
Input: 1000000,
Cold Start: false
Unique ID: bd2bbb11-1347-429b-add5-4140ba3f85df,
Billed Duration for Request bd2bbb11-1347-429b-add5-4140ba3f85df: 112 ms
Input: 1000000,
Cold Start: false
Unique ID: f1c759c9-1a4d-42b2-8901-51a72af62778,
Billed Duration for Request f1c759c9-1a4d-42b2-8901-51a72af62778: 175 ms
Input: 1000000,
Cold Start: false
Unique ID: 800ff2f8-7b7b-4210-8c00-1724f85b62fa,
Billed Duration for Request 800ff2f8-7b7b-4210-8c00-1724f85b62fa: 98 ms
Input: 1000000,
Cold Start: false
Unique ID: e055da04-8315-4b28-a311-90490508ca30,
Billed Duration for Request e055da04-8315-4b28-a311-90490508ca30: 122 ms
Input: 1000000,
Cold Start: false
Unique ID: 7c134002-d36a-4641-b453-56882f34e0b9,
Billed Duration for Request 7c134002-d36a-4641-b453-56882f34e0b9: 73 ms
Input: 1000000,
Cold Start: false
Unique ID: 5c7f51f6-ccf8-4628-925a-ea5d0dd1b411,
Billed Duration for Request 5c7f51f6-ccf8-4628-925a-ea5d0dd1b411: 95 ms
Input: 1000000,
Cold Start: false
Unique ID: 1f7064e5-30bf-4abd-af81-c9ddce37c484,
Billed Duration for Request 1f7064e5-30bf-4abd-af81-c9ddce37c484: 89 ms
Input: 1000000,
Cold Start: false
Unique ID: 7916577a-695e-487c-92f4-f7b1471b514e,
Billed Duration for Request 7916577a-695e-487c-92f4-f7b1471b514e: 89 ms
Input: 1000000,
Cold Start: false
Unique ID: f6e02731-3c34-46ed-bcfb-2ac37e5e18da,
Billed Duration for Request f6e02731-3c34-46ed-bcfb-2ac37e5e18da: 90 ms
Input: 1000000,
Cold Start: false
Unique ID: 0f700ff5-ab64-4dcc-a5b3-3ffdd41f5d4b,
Billed Duration for Request 0f700ff5-ab64-4dcc-a5b3-3ffdd41f5d4b: 89 ms
Input: 1000000,
Cold Start: false
Unique ID: 6799397c-26fc-49ae-8b11-423c359c91ff,
Billed Duration for Request 6799397c-26fc-49ae-8b11-423c359c91ff: 75 ms
Input: 1000000,
Cold Start: false
Unique ID: d8787e3b-b551-4caf-8a24-a24465f3d4c1,
Billed Duration for Request d8787e3b-b551-4caf-8a24-a24465f3d4c1: 147 ms
Input: 1000000,
Cold Start: false
Unique ID: 5de02944-90d8-46f0-b7d9-80bca9f756f2,
Billed Duration for Request 5de02944-90d8-46f0-b7d9-80bca9f756f2: 74 ms
Input: 1000000,
Cold Start: false
Unique ID: 4009b22b-2e2c-4b28-b0e8-731d71ea3c5f,
Billed Duration for Request 4009b22b-2e2c-4b28-b0e8-731d71ea3c5f: 97 ms
Input: 1000000,
Cold Start: false
Unique ID: 997eb538-6579-4104-8779-7d0797a459e3,
Billed Duration for Request 997eb538-6579-4104-8779-7d0797a459e3: 143 ms
Input: 1000000,
Cold Start: false
Unique ID: a3177a55-d55f-4237-a89f-d4a99df28fcf,
Billed Duration for Request a3177a55-d55f-4237-a89f-d4a99df28fcf: 166 ms
Input: 1000000,
Cold Start: false
Unique ID: e4e8087c-a506-4f83-92e9-9d842dc11b68,
Billed Duration for Request e4e8087c-a506-4f83-92e9-9d842dc11b68: 130 ms
Input: 1000000,
Cold Start: false
Unique ID: 4724a69c-9630-4b8c-92cd-f84e07117521,
Billed Duration for Request 4724a69c-9630-4b8c-92cd-f84e07117521: 88 ms
Input: 1000000,
Cold Start: false
Unique ID: 9bc85e7e-6748-42d3-b164-69f6ff3be85d,
Billed Duration for Request 9bc85e7e-6748-42d3-b164-69f6ff3be85d: 94 ms
Input: 1000000,
Cold Start: false
Unique ID: d6eb7b93-9a91-4ef3-a492-867a80a0c5f0,
Billed Duration for Request d6eb7b93-9a91-4ef3-a492-867a80a0c5f0: 113 ms
Input: 1000000,
Cold Start: false
Unique ID: d6c6e674-0380-4fe9-880c-3aa656215996,
Billed Duration for Request d6c6e674-0380-4fe9-880c-3aa656215996: 92 ms
Input: 1000000,
Cold Start: false
Unique ID: c343e8f9-922b-46d9-8567-dad4294dafa2,
Billed Duration for Request c343e8f9-922b-46d9-8567-dad4294dafa2: 106 ms
Input: 1000000,
Cold Start: false
Unique ID: 0006b5cd-0ace-47da-be1c-07f9594ed8b3,
Billed Duration for Request 0006b5cd-0ace-47da-be1c-07f9594ed8b3: 76 ms
Input: 1000000,
Cold Start: false
Unique ID: 899d0573-ddfb-46b9-8316-379a061295e3,
Billed Duration for Request 899d0573-ddfb-46b9-8316-379a061295e3: 94 ms
Input: 1000000,
Cold Start: false
Unique ID: 5baca8c5-9a90-4a32-a5d8-60f3041f1d4c,
Billed Duration for Request 5baca8c5-9a90-4a32-a5d8-60f3041f1d4c: 72 ms
Input: 1000000,
Cold Start: false
Unique ID: 77ad600f-44d2-4242-9147-da0c4a8582fc,
Billed Duration for Request 77ad600f-44d2-4242-9147-da0c4a8582fc: 113 ms
Input: 1000000,
Cold Start: false
Unique ID: df58e184-7daf-4111-949f-f346af7f1496,
Billed Duration for Request df58e184-7daf-4111-949f-f346af7f1496: 129 ms
Input: 1000000,
Cold Start: false
Unique ID: bd74afa3-36cd-4065-9d49-bd2cbf17109a,
Billed Duration for Request bd74afa3-36cd-4065-9d49-bd2cbf17109a: 87 ms
Input: 1000000,
Cold Start: false
Unique ID: 817f7620-56b9-4b87-93d4-a1811c2fb109,
Billed Duration for Request 817f7620-56b9-4b87-93d4-a1811c2fb109: 93 ms
Input: 1000000,
Cold Start: false
Unique ID: f5d6df75-c72f-4854-b754-cc99d4d31642,
Billed Duration for Request f5d6df75-c72f-4854-b754-cc99d4d31642: 95 ms
Input: 1000000,
Cold Start: false
Unique ID: bda5324e-1912-49c5-bdf4-be93e6cda5fe,
Billed Duration for Request bda5324e-1912-49c5-bdf4-be93e6cda5fe: 89 ms
Input: 1000000,
Cold Start: false
Unique ID: fd5ef796-a1aa-40b4-aafb-78672677aa0c,
Billed Duration for Request fd5ef796-a1aa-40b4-aafb-78672677aa0c: 104 ms
Input: 1000000,
Cold Start: false
Unique ID: 8b133684-cc7c-4a8c-b01b-95107d984d61,
Billed Duration for Request 8b133684-cc7c-4a8c-b01b-95107d984d61: 90 ms
Input: 1000000,
Cold Start: false
Unique ID: b758ee54-0e86-4b38-9c65-c686d1cdf712,
Billed Duration for Request b758ee54-0e86-4b38-9c65-c686d1cdf712: 90 ms
Input: 1000000,
Cold Start: false
Unique ID: 03654176-2f6f-4300-a25f-c31b9b25ee3e,
Billed Duration for Request 03654176-2f6f-4300-a25f-c31b9b25ee3e: 90 ms
Input: 1000000,
Cold Start: false
Unique ID: 9310cd6f-55a0-45ba-a8bc-4c53abc04374,
Billed Duration for Request 9310cd6f-55a0-45ba-a8bc-4c53abc04374: 115 ms
Input: 1000000,
Cold Start: false
Unique ID: 4888905f-ec51-413e-ad43-abc700bf02c4,
Billed Duration for Request 4888905f-ec51-413e-ad43-abc700bf02c4: 87 ms
Input: 1000000,
Cold Start: false
Unique ID: 9fdee6b2-f3b8-44ee-8283-193ed6720d8c,
Billed Duration for Request 9fdee6b2-f3b8-44ee-8283-193ed6720d8c: 90 ms
Input: 1000000,
Cold Start: false
Unique ID: bd22c230-62f0-4b42-adfd-f37df297ccf5,
Billed Duration for Request bd22c230-62f0-4b42-adfd-f37df297ccf5: 95 ms
Input: 1000000,
Cold Start: false
Unique ID: f138da6a-9f9e-49bc-8149-3b368c259ad3,
Billed Duration for Request f138da6a-9f9e-49bc-8149-3b368c259ad3: 127 ms
Input: 1000000,
Cold Start: false
Unique ID: 159c37ec-12bc-4c50-8d50-92d70db467e8,
Billed Duration for Request 159c37ec-12bc-4c50-8d50-92d70db467e8: 143 ms
Input: 1000000,
Cold Start: false
Unique ID: 90049e47-cd3e-4610-823a-a0b79b262b71,
Billed Duration for Request 90049e47-cd3e-4610-823a-a0b79b262b71: 150 ms
Input: 1000000,
Cold Start: false
Unique ID: ea84dc3a-067e-44b7-a832-c88de166eed1,
Billed Duration for Request ea84dc3a-067e-44b7-a832-c88de166eed1: 81 ms
Input: 1000000,
Cold Start: false
Unique ID: 8169ea2c-3de8-4a57-81ad-f54fdcfe1a0c,
Billed Duration for Request 8169ea2c-3de8-4a57-81ad-f54fdcfe1a0c: 88 ms
Input: 1000000,
Cold Start: false
Unique ID: 1de71d43-29b2-4fc0-945f-ff2a355e23b1,
Billed Duration for Request 1de71d43-29b2-4fc0-945f-ff2a355e23b1: 94 ms
Input: 1000000,
Cold Start: false
Unique ID: 177abc8d-8acd-4dda-ba32-2126754efc86,
Billed Duration for Request 177abc8d-8acd-4dda-ba32-2126754efc86: 123 ms
Input: 1000000,
Cold Start: false
Unique ID: 27ecca52-0ddc-40e8-a34c-8e8ea8e426cc,
Billed Duration for Request 27ecca52-0ddc-40e8-a34c-8e8ea8e426cc: 85 ms
Input: 1000000,
Cold Start: false
Unique ID: a44d9e8b-dc78-4f1c-a8b4-c423d5876bad,
Billed Duration for Request a44d9e8b-dc78-4f1c-a8b4-c423d5876bad: 124 ms
Input: 1000000,
Cold Start: false
Unique ID: 0eefc8af-6f3c-43f6-9c64-1ff24b7f96e3,
Billed Duration for Request 0eefc8af-6f3c-43f6-9c64-1ff24b7f96e3: 114 ms
Input: 1000000,
Cold Start: false
Unique ID: a4bf9d22-1ac2-4246-adfc-de4c15cd1315,
Billed Duration for Request a4bf9d22-1ac2-4246-adfc-de4c15cd1315: 106 ms
Input: 1000000,
Cold Start: false
Unique ID: 5aee09f4-05d0-4cf1-aac2-2f6a8c28aed4,
Billed Duration for Request 5aee09f4-05d0-4cf1-aac2-2f6a8c28aed4: 110 ms
Input: 1000000,
Cold Start: false
Unique ID: b67f3353-4678-48fa-9310-5040b5ed48be,
Billed Duration for Request b67f3353-4678-48fa-9310-5040b5ed48be: 131 ms
Input: 1000000,
Cold Start: false
Unique ID: 52cd3b52-d7bf-4a1e-b5da-5ee4083d08e8,
Billed Duration for Request 52cd3b52-d7bf-4a1e-b5da-5ee4083d08e8: 122 ms
Input: 1000000,
Cold Start: false
Unique ID: ad2b8164-a700-4a43-b798-bd8b0652c6c8,
Billed Duration for Request ad2b8164-a700-4a43-b798-bd8b0652c6c8: 71 ms
Input: 1000000,
Cold Start: false
Unique ID: e4c30c84-b148-4523-8da3-c964ed9669f4,
Billed Duration for Request e4c30c84-b148-4523-8da3-c964ed9669f4: 72 ms
Input: 1000000,
Cold Start: false
Unique ID: 72b74098-0bb8-45ed-8d7f-280cca1b5df6,
Billed Duration for Request 72b74098-0bb8-45ed-8d7f-280cca1b5df6: 90 ms
Input: 1000000,
Cold Start: false
Unique ID: 4fc97881-021c-4f57-a0df-b0bb174dc3c8,
Billed Duration for Request 4fc97881-021c-4f57-a0df-b0bb174dc3c8: 95 ms
Input: 1000000,
Cold Start: false
Unique ID: 7c7f33c6-a7da-460e-9c3c-36009226cd48,
Billed Duration for Request 7c7f33c6-a7da-460e-9c3c-36009226cd48: 81 ms
Input: 1000000,
Cold Start: false
Unique ID: d2d1394c-8b09-4389-aa18-093a458a3b06,
Billed Duration for Request d2d1394c-8b09-4389-aa18-093a458a3b06: 122 ms
Input: 1000000,
Cold Start: false
Unique ID: dd5134ce-59d4-4283-a81c-0a30db02ce1f,
Billed Duration for Request dd5134ce-59d4-4283-a81c-0a30db02ce1f: 120 ms
Input: 1000000,
Cold Start: false
Unique ID: 0ecd2a18-6a17-404c-ad6b-4f2aec8a74a4,
Billed Duration for Request 0ecd2a18-6a17-404c-ad6b-4f2aec8a74a4: 121 ms
Input: 1000000,
Cold Start: false
Unique ID: a65c8d8e-b821-43c5-bf65-4df9be968bb7,
Billed Duration for Request a65c8d8e-b821-43c5-bf65-4df9be968bb7: 104 ms
Input: 1000000,
Cold Start: false
Unique ID: 6395bea8-f871-43ba-a5ab-d4998f20ae02,
Billed Duration for Request 6395bea8-f871-43ba-a5ab-d4998f20ae02: 105 ms
Input: 1000000,
Cold Start: false
Unique ID: b99112da-fca8-4d08-9743-fa8e52f2b564,
Billed Duration for Request b99112da-fca8-4d08-9743-fa8e52f2b564: 112 ms
Input: 1000000,
Cold Start: false
Unique ID: e7c4c759-9f25-4407-b96d-3170cbb33e33,
Billed Duration for Request e7c4c759-9f25-4407-b96d-3170cbb33e33: 72 ms
Input: 1000000,
Cold Start: false
Unique ID: 419dc167-a9cf-44b1-8753-391192ed2668,
Billed Duration for Request 419dc167-a9cf-44b1-8753-391192ed2668: 90 ms
Input: 1000000,
Cold Start: false
Unique ID: e2028f66-acf7-4607-ac28-e471fabba71a,
Billed Duration for Request e2028f66-acf7-4607-ac28-e471fabba71a: 81 ms
Input: 1000000,
Cold Start: false
Unique ID: a70096b4-6a40-463a-bab0-73e565ab2be4,
Billed Duration for Request a70096b4-6a40-463a-bab0-73e565ab2be4: 101 ms
Input: 1000000,
Cold Start: false
Unique ID: 3a35eaff-e292-427f-ae9f-d4f3ec183509,
Billed Duration for Request 3a35eaff-e292-427f-ae9f-d4f3ec183509: 157 ms
Input: 1000000,
Cold Start: false
Unique ID: 47638f60-7c4a-48e9-aca4-acfd9598216a,
Billed Duration for Request 47638f60-7c4a-48e9-aca4-acfd9598216a: 101 ms
Input: 1000000,
Cold Start: false
Unique ID: 4e8abde4-00d6-469c-ac9d-4c7ebf871e9d,
Billed Duration for Request 4e8abde4-00d6-469c-ac9d-4c7ebf871e9d: 86 ms
Input: 1000000,
Cold Start: false
Unique ID: b0e37b17-daf6-43ad-a37b-d00dfd5d82a1,
Billed Duration for Request b0e37b17-daf6-43ad-a37b-d00dfd5d82a1: 88 ms
Input: 1000000,
Cold Start: false
Unique ID: 8ec2fcc9-ad1c-44b5-bc70-115087fc7be2,
Billed Duration for Request 8ec2fcc9-ad1c-44b5-bc70-115087fc7be2: 98 ms
Input: 1000000,
Cold Start: false
Unique ID: 6cac6752-e8d8-43f1-9e44-e52637ec71a4,
Billed Duration for Request 6cac6752-e8d8-43f1-9e44-e52637ec71a4: 131 ms
Input: 1000000,
Cold Start: false
Unique ID: ec0dc77e-d62c-4432-835e-525551a17358,
Billed Duration for Request ec0dc77e-d62c-4432-835e-525551a17358: 77 ms
Input: 1000000,
Cold Start: false
Unique ID: eb60dcd2-c893-4c53-8270-f7a32b011e93,
Billed Duration for Request eb60dcd2-c893-4c53-8270-f7a32b011e93: 68 ms
Input: 1000000,
Cold Start: false
Unique ID: 725af6fe-667e-4637-9808-91b3cf0bc192,
Billed Duration for Request 725af6fe-667e-4637-9808-91b3cf0bc192: 157 ms
Input: 1000000,
Cold Start: false
Unique ID: d79a9586-6620-4e00-9c1b-6d6b1e77b4cb,
Billed Duration for Request d79a9586-6620-4e00-9c1b-6d6b1e77b4cb: 80 ms
Input: 1000000,
Cold Start: false
Unique ID: 16ce2aa7-2810-4067-831e-734c4250ee3f,
Billed Duration for Request 16ce2aa7-2810-4067-831e-734c4250ee3f: 122 ms
Input: 1000000,
Cold Start: false
Unique ID: 2399ce2b-2a21-402c-b678-1b105ef07fcb,
Billed Duration for Request 2399ce2b-2a21-402c-b678-1b105ef07fcb: 91 ms
Input: 1000000,
Cold Start: false
Unique ID: 10932859-4393-4db2-be79-b9d8b3213f45,
Billed Duration for Request 10932859-4393-4db2-be79-b9d8b3213f45: 103 ms
Input: 1000000,
Cold Start: false
Unique ID: ea1bab22-1f4d-42a5-a157-55db4841f361,
Billed Duration for Request ea1bab22-1f4d-42a5-a157-55db4841f361: 73 ms
Input: 1000000,
Cold Start: false
Unique ID: 48ad4638-d0d1-4cf3-90c9-8a397ac4b9b9,
Billed Duration for Request 48ad4638-d0d1-4cf3-90c9-8a397ac4b9b9: 110 ms
Input: 1000000,
Cold Start: false
Unique ID: 2eeeb358-3204-4ccd-9a29-abc11c57885c,
Billed Duration for Request 2eeeb358-3204-4ccd-9a29-abc11c57885c: 85 ms
Input: 1000000,
Cold Start: false
Unique ID: 546c8621-4ddd-4b05-a56f-8d2b0ad3ccfd,
Billed Duration for Request 546c8621-4ddd-4b05-a56f-8d2b0ad3ccfd: 92 ms
Input: 1000000,
Cold Start: false
Unique ID: 845ab93e-d5d0-4cb9-840e-3d765f54d2a7,
Billed Duration for Request 845ab93e-d5d0-4cb9-840e-3d765f54d2a7: 101 ms
Input: 1000000,
Cold Start: false
Unique ID: 4a3bfd22-e8b3-46e7-97ef-063ab531dc3f,
Billed Duration for Request 4a3bfd22-e8b3-46e7-97ef-063ab531dc3f: 106 ms
Input: 1000000,
Cold Start: false
Unique ID: 9f871182-01cf-444e-b1df-c4183ee62e7d,
Billed Duration for Request 9f871182-01cf-444e-b1df-c4183ee62e7d: 72 ms
Input: 1000000,
Cold Start: false
Unique ID: 47c5846f-ca39-4c7b-9ee3-f38eb297f923,
Billed Duration for Request 47c5846f-ca39-4c7b-9ee3-f38eb297f923: 95 ms
Input: 1000000,
Cold Start: false
Unique ID: f1f21df2-9022-47ac-affd-c618ae6a5e4f,
Billed Duration for Request f1f21df2-9022-47ac-affd-c618ae6a5e4f: 75 ms
Input: 1000000,
Cold Start: false
Unique ID: 5e9003c6-634a-419b-9366-a9defb5fbd8d,
Billed Duration for Request 5e9003c6-634a-419b-9366-a9defb5fbd8d: 81 ms
Input: 1000000,
Cold Start: false
Unique ID: 3086eb36-82ee-46a6-9a41-ae696364128b,
Billed Duration for Request 3086eb36-82ee-46a6-9a41-ae696364128b: 102 ms
Input: 1000000,
Cold Start: false
Unique ID: e5307e43-c75b-435c-b497-72c065f17666,
Billed Duration for Request e5307e43-c75b-435c-b497-72c065f17666: 122 ms
Input: 1000000,
Cold Start: false
Unique ID: 50d9d343-1b7c-4f14-83c4-6a73536935f7,
Billed Duration for Request 50d9d343-1b7c-4f14-83c4-6a73536935f7: 115 ms
Input: 1000000,
Cold Start: false
Unique ID: 9847a4b5-7d92-4f63-b76d-d349f27f6968,
Billed Duration for Request 9847a4b5-7d92-4f63-b76d-d349f27f6968: 105 ms
Input: 1000000,
Cold Start: false
Unique ID: fe6f5be4-8a54-42c0-870c-045953da9c4a,
Billed Duration for Request fe6f5be4-8a54-42c0-870c-045953da9c4a: 99 ms
Input: 1000000,
Cold Start: false
Unique ID: 83c2f58f-9aff-4f65-818a-7c6cf5cc7e04,
Billed Duration for Request 83c2f58f-9aff-4f65-818a-7c6cf5cc7e04: 73 ms
Input: 1000000,
Cold Start: false
Unique ID: 410fc1d0-760b-41e4-8c58-7425cae3087a,
Billed Duration for Request 410fc1d0-760b-41e4-8c58-7425cae3087a: 99 ms
Input: 1000000,
Cold Start: false
Unique ID: 366eadd7-c41b-4572-a55c-ac537c78bb60,
Billed Duration for Request 366eadd7-c41b-4572-a55c-ac537c78bb60: 73 ms
Input: 1000000,
Cold Start: false
Unique ID: f14a4b5f-2373-4242-9669-442560eb6803,
Billed Duration for Request f14a4b5f-2373-4242-9669-442560eb6803: 106 ms
Input: 1000000,
Cold Start: false
Unique ID: cda8077c-c7a3-4090-9d12-b87f77a2a3c9,
Billed Duration for Request cda8077c-c7a3-4090-9d12-b87f77a2a3c9: 121 ms
Input: 1000000,
Cold Start: false
Unique ID: 5f8f5cb5-94fc-449f-8938-5c0996d1319e,
Billed Duration for Request 5f8f5cb5-94fc-449f-8938-5c0996d1319e: 114 ms
Input: 1000000,
Cold Start: false
Unique ID: 4f141301-8c39-417c-b5a3-83426ec9e2fa,
Billed Duration for Request 4f141301-8c39-417c-b5a3-83426ec9e2fa: 113 ms
Input: 1000000,
Cold Start: false
Unique ID: b9184103-5ec1-4d3b-a69f-2ed9569194ff,
Billed Duration for Request b9184103-5ec1-4d3b-a69f-2ed9569194ff: 82 ms
Input: 1000000,
Cold Start: false
Unique ID: 9ae284b7-feb0-42a5-adad-ba33e5f2881f,
Billed Duration for Request 9ae284b7-feb0-42a5-adad-ba33e5f2881f: 83 ms
Input: 1000000,
Cold Start: false
Unique ID: 4a5c26f3-167f-423d-8942-8f922403c2ca,
Billed Duration for Request 4a5c26f3-167f-423d-8942-8f922403c2ca: 102 ms
Input: 1000000,
Cold Start: false
Unique ID: 0798177b-eae9-499a-b11c-2716f13ede8f,
Billed Duration for Request 0798177b-eae9-499a-b11c-2716f13ede8f: 110 ms
Input: 1000000,
Cold Start: false
Unique ID: 59d1a14d-0c0c-4705-ada3-f6d49819dfce,
Billed Duration for Request 59d1a14d-0c0c-4705-ada3-f6d49819dfce: 97 ms
Input: 1000000,
Cold Start: false
Unique ID: aadd497a-fed8-4669-993c-9139a46a259e,
Billed Duration for Request aadd497a-fed8-4669-993c-9139a46a259e: 121 ms
Input: 1000000,
Cold Start: false
Unique ID: d687cb14-8454-47de-8796-d98495541c76,
Billed Duration for Request d687cb14-8454-47de-8796-d98495541c76: 85 ms
Input: 1000000,
Cold Start: false
Unique ID: 4b6a8e24-18f3-4f2d-810a-e697cbd47a86,
Billed Duration for Request 4b6a8e24-18f3-4f2d-810a-e697cbd47a86: 119 ms
Input: 1000000,
Cold Start: false
Unique ID: 4015185a-f7d3-476b-9d6e-5f0d1d1e52fd,
Billed Duration for Request 4015185a-f7d3-476b-9d6e-5f0d1d1e52fd: 71 ms
Input: 1000000,
Cold Start: false
Unique ID: 0abd6e89-d27a-4c10-a4a4-8d4c88d2d3d8,
Billed Duration for Request 0abd6e89-d27a-4c10-a4a4-8d4c88d2d3d8: 89 ms
Input: 1000000,
Cold Start: false
Unique ID: 0bf96a43-0452-41e5-b3f6-6062b8d0d669,
Billed Duration for Request 0bf96a43-0452-41e5-b3f6-6062b8d0d669: 75 ms
Input: 1000000,
Cold Start: false
Unique ID: 1a56827c-ccef-429e-866f-2f6da0e6f9a9,
Billed Duration for Request 1a56827c-ccef-429e-866f-2f6da0e6f9a9: 122 ms
Input: 1000000,
Cold Start: false
Unique ID: 578cafb0-83f4-45fc-aa51-40a93638fe76,
Billed Duration for Request 578cafb0-83f4-45fc-aa51-40a93638fe76: 122 ms
Input: 1000000,
Cold Start: false
Unique ID: 64d88ea2-49fe-4ede-aa4f-d8f6948f6dee,
Billed Duration for Request 64d88ea2-49fe-4ede-aa4f-d8f6948f6dee: 153 ms
Input: 1000000,
Cold Start: false
Unique ID: 64052a97-10ae-4199-94f8-87eb12791832,
Billed Duration for Request 64052a97-10ae-4199-94f8-87eb12791832: 74 ms
Input: 1000000,
Cold Start: false
Unique ID: 609967a6-9668-49f1-9ccd-8204735e0a9a,
Billed Duration for Request 609967a6-9668-49f1-9ccd-8204735e0a9a: 84 ms
Input: 1000000,
Cold Start: false
Unique ID: 1cff6640-ec8c-40c8-bd8b-afdfe5b939d7,
Billed Duration for Request 1cff6640-ec8c-40c8-bd8b-afdfe5b939d7: 93 ms
Input: 1000000,
Cold Start: false
Unique ID: 309fb51a-4788-4fb0-b0cf-7bb603eced0c,
Billed Duration for Request 309fb51a-4788-4fb0-b0cf-7bb603eced0c: 102 ms
Input: 1000000,
Cold Start: false
Unique ID: 8363422d-598f-4ca7-8037-44a5e27fc329,
Billed Duration for Request 8363422d-598f-4ca7-8037-44a5e27fc329: 79 ms
Input: 1000000,
Cold Start: false
Unique ID: 35ff89d0-45a2-4626-bea4-5d8242238e84,
Billed Duration for Request 35ff89d0-45a2-4626-bea4-5d8242238e84: 84 ms
Input: 1000000,
Cold Start: false
Unique ID: 5a308842-7954-49e2-8d57-11b9974ce0e7,
Billed Duration for Request 5a308842-7954-49e2-8d57-11b9974ce0e7: 100 ms
Input: 1000000,
Cold Start: false
Unique ID: 6f57bfd9-2ae5-4e4c-ba0d-1c2bf0ced562,
Billed Duration for Request 6f57bfd9-2ae5-4e4c-ba0d-1c2bf0ced562: 134 ms
Input: 1000000,
Cold Start: false
Unique ID: 4e889099-95f2-4ab9-a6cf-a327eba1e596,
Billed Duration for Request 4e889099-95f2-4ab9-a6cf-a327eba1e596: 119 ms
Input: 1000000,
Cold Start: false
Unique ID: 6ccdc239-fe3a-4968-8ad7-c52f0635e14c,
Billed Duration for Request 6ccdc239-fe3a-4968-8ad7-c52f0635e14c: 90 ms
Input: 1000000,
Cold Start: false
Unique ID: 85de8ba0-de74-47ae-a130-4176539ec468,
Billed Duration for Request 85de8ba0-de74-47ae-a130-4176539ec468: 111 ms
Input: 1000000,
Cold Start: false
Unique ID: b0e9398a-ac89-41e0-a02d-68dbc456dd84,
Billed Duration for Request b0e9398a-ac89-41e0-a02d-68dbc456dd84: 97 ms
Input: 1000000,
Cold Start: false
Unique ID: e86b2fcb-b41c-46cb-939a-a1915a24e603,
Billed Duration for Request e86b2fcb-b41c-46cb-939a-a1915a24e603: 71 ms
Input: 1000000,
Cold Start: false
Unique ID: 433dc170-889b-407e-84f0-6b97e7165893,
Billed Duration for Request 433dc170-889b-407e-84f0-6b97e7165893: 77 ms
Input: 1000000,
Cold Start: false
Unique ID: 6ef2f885-e69b-487d-b0dc-709c6abfe719,
Billed Duration for Request 6ef2f885-e69b-487d-b0dc-709c6abfe719: 91 ms
Input: 1000000,
Cold Start: false
Unique ID: 041ce02f-c805-4f84-a713-6341a3327062,
Billed Duration for Request 041ce02f-c805-4f84-a713-6341a3327062: 75 ms
Input: 1000000,
Cold Start: false
Unique ID: 090668d7-747a-4912-9ad2-b4ac7a1faff0,
Billed Duration for Request 090668d7-747a-4912-9ad2-b4ac7a1faff0: 121 ms
Input: 1000000,
Cold Start: false
Unique ID: 4d29cd6e-440b-47b9-be5d-f9eb1432ab7e,
Billed Duration for Request 4d29cd6e-440b-47b9-be5d-f9eb1432ab7e: 90 ms
Input: 1000000,
Cold Start: false
Unique ID: 0bda6b7b-2af5-4b47-807b-6bde135d7148,
Billed Duration for Request 0bda6b7b-2af5-4b47-807b-6bde135d7148: 77 ms
Input: 1000000,
Cold Start: false
Unique ID: 38a72d5d-53d0-4040-bce2-f8fc7de954c9,
Billed Duration for Request 38a72d5d-53d0-4040-bce2-f8fc7de954c9: 150 ms
Input: 1000000,
Cold Start: false
Unique ID: 5b0c6dd7-a193-4127-959a-1005a6f793e9,
Billed Duration for Request 5b0c6dd7-a193-4127-959a-1005a6f793e9: 110 ms
Input: 1000000,
Cold Start: false
Unique ID: a505169a-1ff1-48fb-b5b1-66de3b65418f,
Billed Duration for Request a505169a-1ff1-48fb-b5b1-66de3b65418f: 76 ms
Input: 1000000,
Cold Start: false
Unique ID: 3dc2957d-eb85-4c9a-a83f-17992030b39f,
Billed Duration for Request 3dc2957d-eb85-4c9a-a83f-17992030b39f: 91 ms
Input: 1000000,
Cold Start: false
Unique ID: 5284fa2b-38cb-4464-bca9-7a26ba4f143d,
Billed Duration for Request 5284fa2b-38cb-4464-bca9-7a26ba4f143d: 118 ms
Input: 1000000,
Cold Start: false
Unique ID: 77f7de4a-6852-466b-aa95-c4465e67dff7,
Billed Duration for Request 77f7de4a-6852-466b-aa95-c4465e67dff7: 127 ms
Input: 1000000,
Cold Start: false
Unique ID: 4a03fa79-9bd5-471b-9283-329b6b86b9f9,
Billed Duration for Request 4a03fa79-9bd5-471b-9283-329b6b86b9f9: 79 ms
Input: 1000000,
Cold Start: false
Unique ID: e8a4c416-1f88-4a92-8f89-532d4aca9c39,
Billed Duration for Request e8a4c416-1f88-4a92-8f89-532d4aca9c39: 99 ms
Input: 1000000,
Cold Start: false
Unique ID: d07e234b-d4ea-42c5-87e7-60beba3610e3,
Billed Duration for Request d07e234b-d4ea-42c5-87e7-60beba3610e3: 112 ms
Input: 1000000,
Cold Start: false
Unique ID: 03a97364-9f0b-43e4-bb09-68176cfef692,
Billed Duration for Request 03a97364-9f0b-43e4-bb09-68176cfef692: 117 ms
Input: 1000000,
Cold Start: false
Unique ID: 06fcaf29-cf17-4d9f-99d5-153d2f3c49a2,
Billed Duration for Request 06fcaf29-cf17-4d9f-99d5-153d2f3c49a2: 102 ms
Input: 1000000,
Cold Start: false
Unique ID: 6a3e15d6-4d4d-4d37-bbf1-d5ae123c3904,
Billed Duration for Request 6a3e15d6-4d4d-4d37-bbf1-d5ae123c3904: 87 ms
Input: 1000000,
Cold Start: false
Unique ID: 9a9de7df-0c06-4ed7-b581-65852f83d2bf,
Billed Duration for Request 9a9de7df-0c06-4ed7-b581-65852f83d2bf: 87 ms
Input: 1000000,
Cold Start: false
Unique ID: feaff90b-2d55-42af-8310-f5972a091ac0,
Billed Duration for Request feaff90b-2d55-42af-8310-f5972a091ac0: 81 ms
Input: 1000000,
Cold Start: false
Unique ID: d0bf5854-8fdc-4403-a3f9-f1ff68cce434,
Billed Duration for Request d0bf5854-8fdc-4403-a3f9-f1ff68cce434: 102 ms
Input: 1000000,
Cold Start: false
Unique ID: 40797a36-6928-4e39-9a15-9ba7b722153d,
Billed Duration for Request 40797a36-6928-4e39-9a15-9ba7b722153d: 143 ms
Input: 1000000,
Cold Start: false
Unique ID: c6a84a81-6b41-4b57-bb23-9dc84e0396d4,
Billed Duration for Request c6a84a81-6b41-4b57-bb23-9dc84e0396d4: 109 ms
Input: 1000000,
Cold Start: false
Unique ID: 078508a6-884f-481f-af15-6fb0c7557079,
Billed Duration for Request 078508a6-884f-481f-af15-6fb0c7557079: 81 ms
Input: 1000000,
Cold Start: false
Unique ID: 27d3cb4a-9010-4d11-85fc-b4bf83484a22,
Billed Duration for Request 27d3cb4a-9010-4d11-85fc-b4bf83484a22: 84 ms
Input: 1000000,
Cold Start: false
Unique ID: cb4d7e88-624c-4a13-9968-510cb38199df,
Billed Duration for Request cb4d7e88-624c-4a13-9968-510cb38199df: 155 ms
Input: 1000000,
Cold Start: false
Unique ID: 4c325e3b-ec5c-41db-b600-914e5476e770,
Billed Duration for Request 4c325e3b-ec5c-41db-b600-914e5476e770: 109 ms
Input: 1000000,
Cold Start: false
Unique ID: e5b3aa3e-c4fe-4ffe-8668-896e6152160d,
Billed Duration for Request e5b3aa3e-c4fe-4ffe-8668-896e6152160d: 129 ms
Input: 1000000,
Cold Start: false
Unique ID: eab04af6-ac95-4d18-b355-96ff285456fb,
Billed Duration for Request eab04af6-ac95-4d18-b355-96ff285456fb: 87 ms
Input: 1000000,
Cold Start: false
Unique ID: 2dab6723-2165-4871-81a9-daec1f3efa1f,
Billed Duration for Request 2dab6723-2165-4871-81a9-daec1f3efa1f: 90 ms
Input: 1000000,
Cold Start: false
Unique ID: 3965e8d6-0ac7-464b-be0a-f016892736c0,
Billed Duration for Request 3965e8d6-0ac7-464b-be0a-f016892736c0: 113 ms
Input: 1000000,
Cold Start: false
Unique ID: 4df50ab3-2411-4040-a418-42e8c8bdc904,
Billed Duration for Request 4df50ab3-2411-4040-a418-42e8c8bdc904: 90 ms
Input: 1000000,
Cold Start: false
Unique ID: 2a683648-4a8a-4982-aa54-8f99ce843dab,
Billed Duration for Request 2a683648-4a8a-4982-aa54-8f99ce843dab: 85 ms
Input: 1000000,
Cold Start: false
Unique ID: 2a5dd04f-6905-428b-94f1-c1656502b9c9,
Billed Duration for Request 2a5dd04f-6905-428b-94f1-c1656502b9c9: 106 ms
Input: 1000000,
Cold Start: false
Unique ID: d7a24397-5765-47ae-80f8-b5bdf48eb3c8,
Billed Duration for Request d7a24397-5765-47ae-80f8-b5bdf48eb3c8: 107 ms
Input: 1000000,
Cold Start: false
Unique ID: 6c59da81-cba2-4201-8495-36c4cd327e83,
Billed Duration for Request 6c59da81-cba2-4201-8495-36c4cd327e83: 124 ms
Input: 1000000,
Cold Start: false
Unique ID: 825b5c6f-869b-492c-9af9-705051653440,
Billed Duration for Request 825b5c6f-869b-492c-9af9-705051653440: 115 ms
Input: 1000000,
Cold Start: false
Unique ID: 58f2973d-451a-4084-a034-5edb4aa10b9d,
Billed Duration for Request 58f2973d-451a-4084-a034-5edb4aa10b9d: 82 ms
Input: 1000000,
Cold Start: false
Unique ID: 2ecf1acf-c1aa-4e6f-8e7e-54a95acb8b4b,
Billed Duration for Request 2ecf1acf-c1aa-4e6f-8e7e-54a95acb8b4b: 75 ms
Input: 1000000,
Cold Start: false
Unique ID: f2a3deb8-95ce-4196-9c90-11c192afd793,
Billed Duration for Request f2a3deb8-95ce-4196-9c90-11c192afd793: 80 ms
Input: 1000000,
Cold Start: false
Unique ID: 41bbb6c2-a0ec-4ecc-8152-711ba91579ef,
Billed Duration for Request 41bbb6c2-a0ec-4ecc-8152-711ba91579ef: 77 ms
Input: 1000000,
Cold Start: false
Unique ID: be3ab862-bb42-4c1b-ad4d-5cd8bb11324e,
Billed Duration for Request be3ab862-bb42-4c1b-ad4d-5cd8bb11324e: 78 ms
Input: 1000000,
Cold Start: false
Unique ID: 0bc9a3d3-5498-4ddb-bf2a-90d21fc06c4f,
Billed Duration for Request 0bc9a3d3-5498-4ddb-bf2a-90d21fc06c4f: 128 ms
Input: 1000000,
Cold Start: false
Unique ID: bddc30cf-4f0a-49aa-81b0-e7e0a77e759c,
Billed Duration for Request bddc30cf-4f0a-49aa-81b0-e7e0a77e759c: 160 ms
Input: 1000000,
Cold Start: false
Unique ID: 7849724c-401b-4bcd-9d41-e963e068fe5b,
Billed Duration for Request 7849724c-401b-4bcd-9d41-e963e068fe5b: 107 ms
Input: 1000000,
Cold Start: false
Unique ID: 6a258ac3-cc78-42f6-8801-085bea3afa49,
Billed Duration for Request 6a258ac3-cc78-42f6-8801-085bea3afa49: 80 ms
Input: 1000000,
Cold Start: false
Unique ID: 89ca4fb4-a314-42c8-8413-0089c77ad297,
Billed Duration for Request 89ca4fb4-a314-42c8-8413-0089c77ad297: 110 ms
Input: 1000000,
Cold Start: false
Unique ID: e466c0ac-2df6-493d-be80-927d67a1c77a,
Billed Duration for Request e466c0ac-2df6-493d-be80-927d67a1c77a: 90 ms
Input: 1000000,
Cold Start: false
Unique ID: fdd6a9c0-b58a-4eb4-b1b0-85aa23e87f24,
Billed Duration for Request fdd6a9c0-b58a-4eb4-b1b0-85aa23e87f24: 100 ms
Input: 1000000,
Cold Start: false
Unique ID: 988c958e-ce40-4a6f-affb-667fe03b7453,
Billed Duration for Request 988c958e-ce40-4a6f-affb-667fe03b7453: 90 ms
Input: 1000000,
Cold Start: false
Unique ID: 79a19e0c-d944-4fbb-af0c-02e7fd667248,
Billed Duration for Request 79a19e0c-d944-4fbb-af0c-02e7fd667248: 99 ms
Input: 1000000,
Cold Start: false
Unique ID: fd9c455f-75b2-4f28-8dcb-8b318e7705cb,
Billed Duration for Request fd9c455f-75b2-4f28-8dcb-8b318e7705cb: 86 ms
Input: 1000000,
Cold Start: false
Unique ID: 1d81a05e-635c-4f64-9c42-b4e317b3d453,
Billed Duration for Request 1d81a05e-635c-4f64-9c42-b4e317b3d453: 84 ms
Input: 1000000,
Cold Start: false
Unique ID: ed599c60-7608-4dcd-bc41-6ee369dc2cf9,
Billed Duration for Request ed599c60-7608-4dcd-bc41-6ee369dc2cf9: 97 ms
Input: 1000000,
Cold Start: false
Unique ID: 6a4e752b-1144-48ac-90e4-11134807d83e,
Billed Duration for Request 6a4e752b-1144-48ac-90e4-11134807d83e: 112 ms
Input: 1000000,
Cold Start: false
Unique ID: 11eacc8e-bdbe-473e-8719-172eaeba31cc,
Billed Duration for Request 11eacc8e-bdbe-473e-8719-172eaeba31cc: 107 ms
Input: 1000000,
Cold Start: false
Unique ID: 9d93482a-456c-4f61-ab89-630d58e31f2b,
Billed Duration for Request 9d93482a-456c-4f61-ab89-630d58e31f2b: 156 ms
Input: 1000000,
Cold Start: false
