Unique ID: 67e44454-be80-4c64-a390-fae08be67132,
Billed Duration for Request 67e44454-be80-4c64-a390-fae08be67132: 103 ms
Input: 1102500,
Cold Start: false
Unique ID: c0a67cce-0fe4-4642-a844-8a225c04c4e8,
Billed Duration for Request c0a67cce-0fe4-4642-a844-8a225c04c4e8: 135 ms
Input: 1102500,
Cold Start: false
Unique ID: 101cc022-3923-4c06-93cf-d065b669fcad,
Billed Duration for Request 101cc022-3923-4c06-93cf-d065b669fcad: 138 ms
Input: 1102500,
Cold Start: false
Unique ID: 5c9b9ffd-65d3-4b63-914f-c14acbfb3e72,
Billed Duration for Request 5c9b9ffd-65d3-4b63-914f-c14acbfb3e72: 160 ms
Input: 1102500,
Cold Start: false
Unique ID: ba107e5f-985d-4770-9ce5-5155cd84d0e6,
Billed Duration for Request ba107e5f-985d-4770-9ce5-5155cd84d0e6: 78 ms
Input: 1102500,
Cold Start: false
Unique ID: d23e9ea5-f536-4ef7-9dbb-949741787d8d,
Billed Duration for Request d23e9ea5-f536-4ef7-9dbb-949741787d8d: 111 ms
Input: 1102500,
Cold Start: false
Unique ID: 718f7d55-0041-42c2-8637-fb4dde979ff5,
Billed Duration for Request 718f7d55-0041-42c2-8637-fb4dde979ff5: 158 ms
Input: 1102500,
Cold Start: false
Unique ID: 1814d462-d34d-4b8c-89c4-975d9b3c7a59,
Billed Duration for Request 1814d462-d34d-4b8c-89c4-975d9b3c7a59: 86 ms
Input: 1102500,
Cold Start: false
Unique ID: 6e5187b4-71ea-461e-96d4-f16e9fe09c92,
Billed Duration for Request 6e5187b4-71ea-461e-96d4-f16e9fe09c92: 131 ms
Input: 1102500,
Cold Start: false
Unique ID: 0caa65f7-7073-4c6e-9678-5fde8ffc9067,
Billed Duration for Request 0caa65f7-7073-4c6e-9678-5fde8ffc9067: 176 ms
Input: 1102500,
Cold Start: false
Unique ID: c3658db3-9c6c-461f-bd39-de2f263671a8,
Billed Duration for Request c3658db3-9c6c-461f-bd39-de2f263671a8: 98 ms
Input: 1102500,
Cold Start: false
Unique ID: 88fc9a9e-687f-4138-ac9c-69ec4be3518c,
Billed Duration for Request 88fc9a9e-687f-4138-ac9c-69ec4be3518c: 135 ms
Input: 1102500,
Cold Start: false
Unique ID: f8c53886-5a64-42a0-a879-70ae90269c68,
Billed Duration for Request f8c53886-5a64-42a0-a879-70ae90269c68: 81 ms
Input: 1102500,
Cold Start: false
Unique ID: 26dcf109-884e-44f5-88f4-64bbc53b5040,
Billed Duration for Request 26dcf109-884e-44f5-88f4-64bbc53b5040: 86 ms
Input: 1102500,
Cold Start: false
Unique ID: 311f4656-3186-4b4e-bdff-f9065eb7d8de,
Billed Duration for Request 311f4656-3186-4b4e-bdff-f9065eb7d8de: 121 ms
Input: 1102500,
Cold Start: false
Unique ID: dd93c9a2-ab6c-4bf8-bd1e-3a66d826d992,
Billed Duration for Request dd93c9a2-ab6c-4bf8-bd1e-3a66d826d992: 132 ms
Input: 1102500,
Cold Start: false
Unique ID: 9c5a7a92-785e-47d5-ae68-494b252faf8b,
Billed Duration for Request 9c5a7a92-785e-47d5-ae68-494b252faf8b: 156 ms
Input: 1102500,
Cold Start: false
Unique ID: 1b9cc8c7-fc9c-4e8b-a1fb-9a9efbfb7610,
Billed Duration for Request 1b9cc8c7-fc9c-4e8b-a1fb-9a9efbfb7610: 159 ms
Input: 1102500,
Cold Start: false
Unique ID: ca1305a8-187f-44a3-af9f-e9fa4fc6ffd1,
Billed Duration for Request ca1305a8-187f-44a3-af9f-e9fa4fc6ffd1: 112 ms
Input: 1102500,
Cold Start: false
Unique ID: 2133a0d4-e24b-4f56-a47e-33c6196b1343,
Billed Duration for Request 2133a0d4-e24b-4f56-a47e-33c6196b1343: 158 ms
Input: 1102500,
Cold Start: false
Unique ID: 1ae6d5fd-1726-4834-abea-ad19c574aa10,
Billed Duration for Request 1ae6d5fd-1726-4834-abea-ad19c574aa10: 136 ms
Input: 1102500,
Cold Start: false
Unique ID: 958dd5be-f3d7-4d43-8f00-cb1d5522ba08,
Billed Duration for Request 958dd5be-f3d7-4d43-8f00-cb1d5522ba08: 109 ms
Input: 1102500,
Cold Start: false
Unique ID: 8628f8d8-8642-491c-b1a6-25fe0e65f3f6,
Billed Duration for Request 8628f8d8-8642-491c-b1a6-25fe0e65f3f6: 91 ms
Input: 1102500,
Cold Start: false
Unique ID: cf863b9d-b024-4eea-bb5e-5618c9129892,
Billed Duration for Request cf863b9d-b024-4eea-bb5e-5618c9129892: 109 ms
Input: 1102500,
Cold Start: false
Unique ID: e8452e8b-5f8d-4549-bec5-09d4c314d16c,
Billed Duration for Request e8452e8b-5f8d-4549-bec5-09d4c314d16c: 120 ms
Input: 1102500,
Cold Start: false
Unique ID: e83e1389-e158-4d6a-8d49-da85488bda30,
Billed Duration for Request e83e1389-e158-4d6a-8d49-da85488bda30: 130 ms
Input: 1102500,
Cold Start: false
Unique ID: cdb2a5cf-a2b6-4161-954f-bbaa111bbf75,
Billed Duration for Request cdb2a5cf-a2b6-4161-954f-bbaa111bbf75: 170 ms
Input: 1102500,
Cold Start: false
Unique ID: a8fe2bb9-850b-4386-8f52-0daed8f79f03,
Billed Duration for Request a8fe2bb9-850b-4386-8f52-0daed8f79f03: 131 ms
Input: 1102500,
Cold Start: false
Unique ID: c03c93bc-7c2d-4c4d-87ce-b635077c7ec8,
Billed Duration for Request c03c93bc-7c2d-4c4d-87ce-b635077c7ec8: 155 ms
Input: 1102500,
Cold Start: false
Unique ID: d243396f-d8d3-4773-a7d9-43d2bf257266,
Billed Duration for Request d243396f-d8d3-4773-a7d9-43d2bf257266: 145 ms
Input: 1102500,
Cold Start: false
Unique ID: 7d0b6114-5c22-498b-bc9d-b60f2249677e,
Billed Duration for Request 7d0b6114-5c22-498b-bc9d-b60f2249677e: 117 ms
Input: 1102500,
Cold Start: false
Unique ID: c3b32b86-bdc1-4db0-bfd4-76241f0fce5a,
Billed Duration for Request c3b32b86-bdc1-4db0-bfd4-76241f0fce5a: 99 ms
Input: 1102500,
Cold Start: false
Unique ID: b86292ea-c0bd-466e-b285-bef29a221451,
Billed Duration for Request b86292ea-c0bd-466e-b285-bef29a221451: 121 ms
Input: 1102500,
Cold Start: false
Unique ID: 4973bfc6-9d57-4392-bf32-a41d19bbe06c,
Billed Duration for Request 4973bfc6-9d57-4392-bf32-a41d19bbe06c: 146 ms
Input: 1102500,
Cold Start: false
Unique ID: 58dd291b-8673-4a9f-94e5-76fee3c53f94,
Billed Duration for Request 58dd291b-8673-4a9f-94e5-76fee3c53f94: 170 ms
Input: 1102500,
Cold Start: false
Unique ID: 5b21171e-eab0-4d13-a748-f247ba83d8bb,
Billed Duration for Request 5b21171e-eab0-4d13-a748-f247ba83d8bb: 104 ms
Input: 1102500,
Cold Start: false
Unique ID: 1ef2dcf3-d6fc-4579-8d40-96a345fce66a,
Billed Duration for Request 1ef2dcf3-d6fc-4579-8d40-96a345fce66a: 97 ms
Input: 1102500,
Cold Start: false
Unique ID: 28597af4-9c88-48d9-a796-5d6b8b98c90a,
Billed Duration for Request 28597af4-9c88-48d9-a796-5d6b8b98c90a: 105 ms
Input: 1102500,
Cold Start: false
Unique ID: bb5cb480-7337-4b7c-bcc7-136df5ba9f2d,
Billed Duration for Request bb5cb480-7337-4b7c-bcc7-136df5ba9f2d: 172 ms
Input: 1102500,
Cold Start: false
Unique ID: 7b23e35d-ae23-441b-a500-ac9dc6d00c20,
Billed Duration for Request 7b23e35d-ae23-441b-a500-ac9dc6d00c20: 157 ms
Input: 1102500,
Cold Start: false
Unique ID: 77973c79-476f-4be8-b50a-0babac41366e,
Billed Duration for Request 77973c79-476f-4be8-b50a-0babac41366e: 104 ms
Input: 1102500,
Cold Start: false
Unique ID: f35b0e2e-be16-4716-a862-2d63d15416bd,
Billed Duration for Request f35b0e2e-be16-4716-a862-2d63d15416bd: 115 ms
Input: 1102500,
Cold Start: false
Unique ID: 287deaf9-b4b7-46b0-bf80-c70aaab8fecf,
Billed Duration for Request 287deaf9-b4b7-46b0-bf80-c70aaab8fecf: 165 ms
Input: 1102500,
Cold Start: false
Unique ID: 8697fe57-ff1c-469d-b953-0f829304cc54,
Billed Duration for Request 8697fe57-ff1c-469d-b953-0f829304cc54: 127 ms
Input: 1102500,
Cold Start: false
Unique ID: 7225618c-0021-4ce6-81d3-dec270fef752,
Billed Duration for Request 7225618c-0021-4ce6-81d3-dec270fef752: 103 ms
Input: 1102500,
Cold Start: false
Unique ID: 2d643178-f0f7-4b5b-bd87-7452f59848bd,
Billed Duration for Request 2d643178-f0f7-4b5b-bd87-7452f59848bd: 109 ms
Input: 1102500,
Cold Start: false
Unique ID: 9357b04b-50ad-4fd4-bdb2-d875fcfdc5f3,
Billed Duration for Request 9357b04b-50ad-4fd4-bdb2-d875fcfdc5f3: 104 ms
Input: 1102500,
Cold Start: false
Unique ID: cba32cf0-5d0c-4782-9728-dce2e68f222a,
Billed Duration for Request cba32cf0-5d0c-4782-9728-dce2e68f222a: 122 ms
Input: 1102500,
Cold Start: false
Unique ID: 5e404e1d-387d-482e-93ac-a49750e997bd,
Billed Duration for Request 5e404e1d-387d-482e-93ac-a49750e997bd: 105 ms
Input: 1102500,
Cold Start: false
Unique ID: bb97cc43-a851-4bee-b3ef-bdcadecae6e6,
Billed Duration for Request bb97cc43-a851-4bee-b3ef-bdcadecae6e6: 117 ms
Input: 1102500,
Cold Start: false
Unique ID: c680ac3b-b7b4-4bd1-908b-e84a01620164,
Billed Duration for Request c680ac3b-b7b4-4bd1-908b-e84a01620164: 129 ms
Input: 1102500,
Cold Start: false
Unique ID: 416ec98f-bb97-41ba-98c4-11375249d310,
Billed Duration for Request 416ec98f-bb97-41ba-98c4-11375249d310: 178 ms
Input: 1102500,
Cold Start: false
Unique ID: 2b30268e-5dfe-4c96-87ae-ce64872013f5,
Billed Duration for Request 2b30268e-5dfe-4c96-87ae-ce64872013f5: 132 ms
Input: 1102500,
Cold Start: false
Unique ID: c6161cb5-ecf6-4d71-927a-5164deee0208,
Billed Duration for Request c6161cb5-ecf6-4d71-927a-5164deee0208: 93 ms
Input: 1102500,
Cold Start: false
Unique ID: a812fd82-c7fb-4311-8abc-54e89c8da138,
Billed Duration for Request a812fd82-c7fb-4311-8abc-54e89c8da138: 162 ms
Input: 1102500,
Cold Start: false
Unique ID: f2f24b7a-80a9-444b-b29f-b9f375633b9a,
Billed Duration for Request f2f24b7a-80a9-444b-b29f-b9f375633b9a: 137 ms
Input: 1102500,
Cold Start: false
Unique ID: 90b720b2-e77c-4214-976a-bb565f8bce98,
Billed Duration for Request 90b720b2-e77c-4214-976a-bb565f8bce98: 124 ms
Input: 1102500,
Cold Start: false
Unique ID: 813fd741-38f8-4090-9935-94902ff9556a,
Billed Duration for Request 813fd741-38f8-4090-9935-94902ff9556a: 153 ms
Input: 1102500,
Cold Start: false
Unique ID: 1f8684d7-7e8a-49ed-b706-807905ff076a,
Billed Duration for Request 1f8684d7-7e8a-49ed-b706-807905ff076a: 109 ms
Input: 1102500,
Cold Start: false
Unique ID: 07050a08-2fd9-4cd8-8e2e-42f31fb9eb1e,
Billed Duration for Request 07050a08-2fd9-4cd8-8e2e-42f31fb9eb1e: 118 ms
Input: 1102500,
Cold Start: false
Unique ID: 6e91a479-2fd7-439f-990b-d510133fed87,
Billed Duration for Request 6e91a479-2fd7-439f-990b-d510133fed87: 110 ms
Input: 1102500,
Cold Start: false
Unique ID: 9d4d8e09-3b2f-4de9-9a50-68adedd065ab,
Billed Duration for Request 9d4d8e09-3b2f-4de9-9a50-68adedd065ab: 100 ms
Input: 1102500,
Cold Start: false
Unique ID: 20bb2ccb-d7a6-49ee-84a8-31d465676c72,
Billed Duration for Request 20bb2ccb-d7a6-49ee-84a8-31d465676c72: 131 ms
Input: 1102500,
Cold Start: false
Unique ID: 6ff672d5-59fd-4e4f-909a-e62c70861391,
Billed Duration for Request 6ff672d5-59fd-4e4f-909a-e62c70861391: 151 ms
Input: 1102500,
Cold Start: false
Unique ID: 0e1bc271-f068-4e49-9282-ce1fe7420f5b,
Billed Duration for Request 0e1bc271-f068-4e49-9282-ce1fe7420f5b: 177 ms
Input: 1102500,
Cold Start: false
Unique ID: 78a6bb29-6ebe-43ce-a273-db36d5353317,
Billed Duration for Request 78a6bb29-6ebe-43ce-a273-db36d5353317: 89 ms
Input: 1102500,
Cold Start: false
Unique ID: dc3d3f46-7237-47e4-9c1c-7408b3bc2d5f,
Billed Duration for Request dc3d3f46-7237-47e4-9c1c-7408b3bc2d5f: 110 ms
Input: 1102500,
Cold Start: false
Unique ID: 9c913131-a0ef-4268-aa5a-841262b409ab,
Billed Duration for Request 9c913131-a0ef-4268-aa5a-841262b409ab: 130 ms
Input: 1102500,
Cold Start: false
Unique ID: 13ee5c18-83c8-49f4-a6f3-ba6b593f8113,
Billed Duration for Request 13ee5c18-83c8-49f4-a6f3-ba6b593f8113: 103 ms
Input: 1102500,
Cold Start: false
Unique ID: 66510b50-446e-41e5-9b55-a9641c3e38be,
Billed Duration for Request 66510b50-446e-41e5-9b55-a9641c3e38be: 201 ms
Input: 1102500,
Cold Start: false
Unique ID: fd1f9b69-49a1-4794-9697-8a67bf710389,
Billed Duration for Request fd1f9b69-49a1-4794-9697-8a67bf710389: 95 ms
Input: 1102500,
Cold Start: false
Unique ID: 7d0d1d39-1d8c-4a69-b8c3-7e02a6c45f45,
Billed Duration for Request 7d0d1d39-1d8c-4a69-b8c3-7e02a6c45f45: 122 ms
Input: 1102500,
Cold Start: false
Unique ID: cad318e1-2321-4919-bef8-bcc68ea700f0,
Billed Duration for Request cad318e1-2321-4919-bef8-bcc68ea700f0: 102 ms
Input: 1102500,
Cold Start: false
Unique ID: 9316b2f5-dc5d-43ec-9719-c4a16818de97,
Billed Duration for Request 9316b2f5-dc5d-43ec-9719-c4a16818de97: 155 ms
Input: 1102500,
Cold Start: false
Unique ID: fbde4872-d759-4640-99ea-3697eeaab086,
Billed Duration for Request fbde4872-d759-4640-99ea-3697eeaab086: 117 ms
Input: 1102500,
Cold Start: false
Unique ID: 056e796b-6b9f-4204-a5fb-74c394b9aae5,
Billed Duration for Request 056e796b-6b9f-4204-a5fb-74c394b9aae5: 116 ms
Input: 1102500,
Cold Start: false
Unique ID: cf4dac59-a547-4d6d-9ae1-4b63a37a44c9,
Billed Duration for Request cf4dac59-a547-4d6d-9ae1-4b63a37a44c9: 92 ms
Input: 1102500,
Cold Start: false
Unique ID: 80847c88-2a38-4d19-8703-5c0475e3492f,
Billed Duration for Request 80847c88-2a38-4d19-8703-5c0475e3492f: 111 ms
Input: 1102500,
Cold Start: false
Unique ID: 08db3773-ea48-4916-85bf-64aa0049d627,
Billed Duration for Request 08db3773-ea48-4916-85bf-64aa0049d627: 148 ms
Input: 1102500,
Cold Start: false
Unique ID: 9c58f21c-ff3d-49aa-b280-075cafe7a386,
Billed Duration for Request 9c58f21c-ff3d-49aa-b280-075cafe7a386: 168 ms
Input: 1102500,
Cold Start: false
Unique ID: 55af573b-0b99-4ff6-b592-b72995b831e4,
Billed Duration for Request 55af573b-0b99-4ff6-b592-b72995b831e4: 108 ms
Input: 1102500,
Cold Start: false
Unique ID: a6b9ed5f-31e6-4ebe-b7c1-a469786c65d1,
Billed Duration for Request a6b9ed5f-31e6-4ebe-b7c1-a469786c65d1: 89 ms
Input: 1102500,
Cold Start: false
Unique ID: 0137ba21-026c-445f-897d-777ca9ee7b81,
Billed Duration for Request 0137ba21-026c-445f-897d-777ca9ee7b81: 105 ms
Input: 1102500,
Cold Start: false
Unique ID: 94816b40-4071-4a38-8337-539004fef293,
Billed Duration for Request 94816b40-4071-4a38-8337-539004fef293: 144 ms
Input: 1102500,
Cold Start: false
Unique ID: 62c39dfd-2499-4b28-8365-3cf15c5b95de,
Billed Duration for Request 62c39dfd-2499-4b28-8365-3cf15c5b95de: 174 ms
Input: 1102500,
Cold Start: false
Unique ID: 7924518e-1a18-4b8f-ba13-db0979cba635,
Billed Duration for Request 7924518e-1a18-4b8f-ba13-db0979cba635: 133 ms
Input: 1102500,
Cold Start: false
Unique ID: 29ae777a-0167-4ee0-ac80-b764d4a77bbd,
Billed Duration for Request 29ae777a-0167-4ee0-ac80-b764d4a77bbd: 98 ms
Input: 1102500,
Cold Start: false
Unique ID: 3461155d-0759-4ba6-b24d-0c1a5e45288c,
Billed Duration for Request 3461155d-0759-4ba6-b24d-0c1a5e45288c: 89 ms
Input: 1102500,
Cold Start: false
Unique ID: d729f195-5acc-45ae-af7f-acc6a193ad45,
Billed Duration for Request d729f195-5acc-45ae-af7f-acc6a193ad45: 161 ms
Input: 1102500,
Cold Start: false
Unique ID: 77c4c24e-4514-4d39-96f4-42ec8b2c8d47,
Billed Duration for Request 77c4c24e-4514-4d39-96f4-42ec8b2c8d47: 178 ms
Input: 1102500,
Cold Start: false
Unique ID: bbc5736b-0425-4dbc-855a-a8026433db47,
Billed Duration for Request bbc5736b-0425-4dbc-855a-a8026433db47: 133 ms
Input: 1102500,
Cold Start: false
Unique ID: ec77adec-985f-459f-96f5-57b71d0c179a,
Billed Duration for Request ec77adec-985f-459f-96f5-57b71d0c179a: 97 ms
Input: 1102500,
Cold Start: false
Unique ID: ef1f4ef5-44e4-4874-b431-0f75270aa277,
Billed Duration for Request ef1f4ef5-44e4-4874-b431-0f75270aa277: 120 ms
Input: 1102500,
Cold Start: false
Unique ID: dbf0276d-3253-4b2c-a98f-0381db7cd4ae,
Billed Duration for Request dbf0276d-3253-4b2c-a98f-0381db7cd4ae: 114 ms
Input: 1102500,
Cold Start: false
Unique ID: bc6c9621-d939-4810-acc9-0a893fe334c1,
Billed Duration for Request bc6c9621-d939-4810-acc9-0a893fe334c1: 155 ms
Input: 1102500,
Cold Start: false
Unique ID: ef7f967f-5ef8-464b-9c52-7db88ce721f1,
Billed Duration for Request ef7f967f-5ef8-464b-9c52-7db88ce721f1: 90 ms
Input: 1102500,
Cold Start: false
Unique ID: 3a7e7169-149e-4cf4-987f-e9f63c1dd70b,
Billed Duration for Request 3a7e7169-149e-4cf4-987f-e9f63c1dd70b: 137 ms
Input: 1102500,
Cold Start: false
Unique ID: e230e5a0-c56f-4803-a0e9-3c40faefeaaa,
Billed Duration for Request e230e5a0-c56f-4803-a0e9-3c40faefeaaa: 186 ms
Input: 1102500,
Cold Start: false
Unique ID: d17b4ede-8e67-4761-98c9-6d3f068751a4,
Billed Duration for Request d17b4ede-8e67-4761-98c9-6d3f068751a4: 161 ms
Input: 1102500,
Cold Start: false
Unique ID: 415810eb-fee0-494d-b73b-db9e0b47cab2,
Billed Duration for Request 415810eb-fee0-494d-b73b-db9e0b47cab2: 121 ms
Input: 1102500,
Cold Start: false
Unique ID: dcb45a42-d3b5-4b78-b76d-9cc29fec952c,
Billed Duration for Request dcb45a42-d3b5-4b78-b76d-9cc29fec952c: 155 ms
Input: 1102500,
Cold Start: false
Unique ID: c6c733b3-fa6b-40d7-a607-44ec6620d5ae,
Billed Duration for Request c6c733b3-fa6b-40d7-a607-44ec6620d5ae: 119 ms
Input: 1102500,
Cold Start: false
Unique ID: 567d2fa3-72a7-4ea9-ade7-1b7ae3e1a643,
Billed Duration for Request 567d2fa3-72a7-4ea9-ade7-1b7ae3e1a643: 123 ms
Input: 1102500,
Cold Start: false
Unique ID: f0b5d9bd-c4b5-40d6-936e-70055c2eab6b,
Billed Duration for Request f0b5d9bd-c4b5-40d6-936e-70055c2eab6b: 107 ms
Input: 1102500,
Cold Start: false
Unique ID: 785560ec-bb3e-4c29-ab6f-602862e8ed75,
Billed Duration for Request 785560ec-bb3e-4c29-ab6f-602862e8ed75: 135 ms
Input: 1102500,
Cold Start: false
Unique ID: c45d6e2c-5b0d-4549-8764-eb44ab7f4442,
Billed Duration for Request c45d6e2c-5b0d-4549-8764-eb44ab7f4442: 125 ms
Input: 1102500,
Cold Start: false
Unique ID: de18918b-85c3-4479-b281-071d6c4545a4,
Billed Duration for Request de18918b-85c3-4479-b281-071d6c4545a4: 141 ms
Input: 1102500,
Cold Start: false
Unique ID: dc8db9c6-49c3-4eb7-b5ff-a94ef74c7419,
Billed Duration for Request dc8db9c6-49c3-4eb7-b5ff-a94ef74c7419: 173 ms
Input: 1102500,
Cold Start: false
Unique ID: be483373-6895-49dd-9eac-9f76cb00f3ac,
Billed Duration for Request be483373-6895-49dd-9eac-9f76cb00f3ac: 105 ms
Input: 1102500,
Cold Start: false
Unique ID: a16bb1cc-0191-4f4a-b0b1-4db37122cabe,
Billed Duration for Request a16bb1cc-0191-4f4a-b0b1-4db37122cabe: 137 ms
Input: 1102500,
Cold Start: false
Unique ID: d98416b6-aba7-4dee-8e14-a1a8c6f5585b,
Billed Duration for Request d98416b6-aba7-4dee-8e14-a1a8c6f5585b: 134 ms
Input: 1102500,
Cold Start: false
Unique ID: efa09391-0df9-4276-ae3e-5f9885a230d5,
Billed Duration for Request efa09391-0df9-4276-ae3e-5f9885a230d5: 118 ms
Input: 1102500,
Cold Start: false
Unique ID: 795eac80-ab5d-4473-a824-94d0ef110643,
Billed Duration for Request 795eac80-ab5d-4473-a824-94d0ef110643: 108 ms
Input: 1102500,
Cold Start: false
Unique ID: d31336ea-b0b7-41a2-a8c1-1fad07bf1839,
Billed Duration for Request d31336ea-b0b7-41a2-a8c1-1fad07bf1839: 109 ms
Input: 1102500,
Cold Start: false
Unique ID: 86b901d8-4012-4d40-ac5a-6f6ebc91d9a5,
Billed Duration for Request 86b901d8-4012-4d40-ac5a-6f6ebc91d9a5: 104 ms
Input: 1102500,
Cold Start: false
Unique ID: 8bc64371-9a0f-4d29-8578-eb1b92e3f133,
Billed Duration for Request 8bc64371-9a0f-4d29-8578-eb1b92e3f133: 92 ms
Input: 1102500,
Cold Start: false
Unique ID: 2624c3de-10b7-4ebf-b98a-617e272475bd,
Billed Duration for Request 2624c3de-10b7-4ebf-b98a-617e272475bd: 111 ms
Input: 1102500,
Cold Start: false
Unique ID: 87eb4323-6e45-404c-b5a7-823af4369b9e,
Billed Duration for Request 87eb4323-6e45-404c-b5a7-823af4369b9e: 104 ms
Input: 1102500,
Cold Start: false
Unique ID: c2200435-8164-43e4-86e5-8cb37829d0d1,
Billed Duration for Request c2200435-8164-43e4-86e5-8cb37829d0d1: 128 ms
Input: 1102500,
Cold Start: false
Unique ID: eed7eb67-ab6b-4e2e-9c9f-367d8f1e7d1f,
Billed Duration for Request eed7eb67-ab6b-4e2e-9c9f-367d8f1e7d1f: 163 ms
Input: 1102500,
Cold Start: false
Unique ID: d6594cd6-3a07-4067-8c5c-5acede02e729,
Billed Duration for Request d6594cd6-3a07-4067-8c5c-5acede02e729: 136 ms
Input: 1102500,
Cold Start: false
Unique ID: 09f69b83-1bfd-4c72-be92-bdbb7ad381c7,
Billed Duration for Request 09f69b83-1bfd-4c72-be92-bdbb7ad381c7: 137 ms
Input: 1102500,
Cold Start: false
Unique ID: e0883db5-c0af-4254-847e-95380024310c,
Billed Duration for Request e0883db5-c0af-4254-847e-95380024310c: 163 ms
Input: 1102500,
Cold Start: false
Unique ID: c967d245-7ffe-4ae0-aa69-13331aa26dbb,
Billed Duration for Request c967d245-7ffe-4ae0-aa69-13331aa26dbb: 126 ms
Input: 1102500,
Cold Start: false
Unique ID: 57e0d3f9-1c6f-4d31-bb4f-61788e93b4ad,
Billed Duration for Request 57e0d3f9-1c6f-4d31-bb4f-61788e93b4ad: 133 ms
Input: 1102500,
Cold Start: false
Unique ID: f57630ea-455b-419e-98c2-30e3c0699ae1,
Billed Duration for Request f57630ea-455b-419e-98c2-30e3c0699ae1: 128 ms
Input: 1102500,
Cold Start: false
Unique ID: 92b80893-3993-4a10-85cd-68d367da3881,
Billed Duration for Request 92b80893-3993-4a10-85cd-68d367da3881: 110 ms
Input: 1102500,
Cold Start: false
Unique ID: 6b26252b-e3b7-497a-8068-ce24e1c84286,
Billed Duration for Request 6b26252b-e3b7-497a-8068-ce24e1c84286: 106 ms
Input: 1102500,
Cold Start: false
Unique ID: 36ce7912-c963-4833-a259-449b7bee1859,
Billed Duration for Request 36ce7912-c963-4833-a259-449b7bee1859: 95 ms
Input: 1102500,
Cold Start: false
Unique ID: 2c32e9bb-8849-4ab1-9c69-538c1f6cfea8,
Billed Duration for Request 2c32e9bb-8849-4ab1-9c69-538c1f6cfea8: 109 ms
Input: 1102500,
Cold Start: false
Unique ID: 7309664e-0f60-4d89-8b14-7ea5c15db0ed,
Billed Duration for Request 7309664e-0f60-4d89-8b14-7ea5c15db0ed: 127 ms
Input: 1102500,
Cold Start: false
Unique ID: ea75034b-493a-4511-a6a7-6a231d5f3f05,
Billed Duration for Request ea75034b-493a-4511-a6a7-6a231d5f3f05: 132 ms
Input: 1102500,
Cold Start: false
Unique ID: 7a2f5de7-8878-4852-8c7b-0ea42621a167,
Billed Duration for Request 7a2f5de7-8878-4852-8c7b-0ea42621a167: 98 ms
Input: 1102500,
Cold Start: false
Unique ID: b24acc09-add4-486b-87ba-740229cb8623,
Billed Duration for Request b24acc09-add4-486b-87ba-740229cb8623: 124 ms
Input: 1102500,
Cold Start: false
Unique ID: f4326fda-f054-4d57-8aed-a4aa9fa6f739,
Billed Duration for Request f4326fda-f054-4d57-8aed-a4aa9fa6f739: 102 ms
Input: 1102500,
Cold Start: false
Unique ID: 330b81df-1c66-4c33-9c56-37121a5f01da,
Billed Duration for Request 330b81df-1c66-4c33-9c56-37121a5f01da: 152 ms
Input: 1102500,
Cold Start: false
Unique ID: a49ad0c7-4be9-4de4-a827-38f30d2c200d,
Billed Duration for Request a49ad0c7-4be9-4de4-a827-38f30d2c200d: 105 ms
Input: 1102500,
Cold Start: false
Unique ID: b1ea8d26-9059-45e0-ac2a-62db0a406ba1,
Billed Duration for Request b1ea8d26-9059-45e0-ac2a-62db0a406ba1: 110 ms
Input: 1102500,
Cold Start: false
Unique ID: d29d4bdc-57db-4984-b055-efc7808feb60,
Billed Duration for Request d29d4bdc-57db-4984-b055-efc7808feb60: 150 ms
Input: 1102500,
Cold Start: false
Unique ID: 06bd9fee-bd63-47be-b9b3-cba481ca1034,
Billed Duration for Request 06bd9fee-bd63-47be-b9b3-cba481ca1034: 160 ms
Input: 1102500,
Cold Start: false
Unique ID: 2f150536-b6fe-4a32-ad0a-e05f73a20b2e,
Billed Duration for Request 2f150536-b6fe-4a32-ad0a-e05f73a20b2e: 128 ms
Input: 1102500,
Cold Start: false
Unique ID: fbe62008-ae0f-4a42-8c70-922f3d2b22dd,
Billed Duration for Request fbe62008-ae0f-4a42-8c70-922f3d2b22dd: 118 ms
Input: 1102500,
Cold Start: false
Unique ID: 957f0583-4a2e-4193-99e9-39e8effe99b8,
Billed Duration for Request 957f0583-4a2e-4193-99e9-39e8effe99b8: 122 ms
Input: 1102500,
Cold Start: false
Unique ID: 0134576a-0e71-4bc2-8a8a-399ec8d08659,
Billed Duration for Request 0134576a-0e71-4bc2-8a8a-399ec8d08659: 134 ms
Input: 1102500,
Cold Start: false
Unique ID: 9959ea13-954c-4d8d-aa58-cfe6c2808034,
Billed Duration for Request 9959ea13-954c-4d8d-aa58-cfe6c2808034: 167 ms
Input: 1102500,
Cold Start: false
Unique ID: 87804f1e-6436-49a3-8aa3-eb7deefdbc8f,
Billed Duration for Request 87804f1e-6436-49a3-8aa3-eb7deefdbc8f: 108 ms
Input: 1102500,
Cold Start: false
Unique ID: 2dd36be3-d923-47c0-87ab-354096920934,
Billed Duration for Request 2dd36be3-d923-47c0-87ab-354096920934: 140 ms
Input: 1102500,
Cold Start: false
Unique ID: 1e1b3fbc-b39d-4e96-868d-abffd29407fb,
Billed Duration for Request 1e1b3fbc-b39d-4e96-868d-abffd29407fb: 109 ms
Input: 1102500,
Cold Start: false
Unique ID: 88879826-7b97-46bc-a2e5-7784c7bfed81,
Billed Duration for Request 88879826-7b97-46bc-a2e5-7784c7bfed81: 171 ms
Input: 1102500,
Cold Start: false
Unique ID: 86652c35-87bc-4478-a93f-363216eb175e,
Billed Duration for Request 86652c35-87bc-4478-a93f-363216eb175e: 158 ms
Input: 1102500,
Cold Start: false
Unique ID: bc837885-0bf0-48e0-b19d-54c458e06b0c,
Billed Duration for Request bc837885-0bf0-48e0-b19d-54c458e06b0c: 87 ms
Input: 1102500,
Cold Start: false
Unique ID: ee29f689-6d83-4a01-a65a-a5e25d5bce05,
Billed Duration for Request ee29f689-6d83-4a01-a65a-a5e25d5bce05: 112 ms
Input: 1102500,
Cold Start: false
Unique ID: 808670d9-2dc0-42f9-a07a-c17283066bea,
Billed Duration for Request 808670d9-2dc0-42f9-a07a-c17283066bea: 108 ms
Input: 1102500,
Cold Start: false
Unique ID: 48f0d899-d685-4981-9610-12a6763fba5c,
Billed Duration for Request 48f0d899-d685-4981-9610-12a6763fba5c: 160 ms
Input: 1102500,
Cold Start: false
Unique ID: 68b0e5e0-0382-4245-ab75-4d136ee8f2ce,
Billed Duration for Request 68b0e5e0-0382-4245-ab75-4d136ee8f2ce: 145 ms
Input: 1102500,
Cold Start: false
Unique ID: e8a32b78-a6b7-4331-bd0a-a7e1705e58b3,
Billed Duration for Request e8a32b78-a6b7-4331-bd0a-a7e1705e58b3: 103 ms
Input: 1102500,
Cold Start: false
Unique ID: 8946b9f8-6c36-4ce2-94ff-df319701649e,
Billed Duration for Request 8946b9f8-6c36-4ce2-94ff-df319701649e: 86 ms
Input: 1102500,
Cold Start: false
Unique ID: ebaf8a85-f5a0-478d-a3ad-77a799c34508,
Billed Duration for Request ebaf8a85-f5a0-478d-a3ad-77a799c34508: 92 ms
Input: 1102500,
Cold Start: false
Unique ID: 5cd492c5-d2dc-4159-9e57-0d0a1f99959d,
Billed Duration for Request 5cd492c5-d2dc-4159-9e57-0d0a1f99959d: 162 ms
Input: 1102500,
Cold Start: false
Unique ID: 8d2bf11e-72f8-44a0-b34e-2fb81649fe00,
Billed Duration for Request 8d2bf11e-72f8-44a0-b34e-2fb81649fe00: 124 ms
Input: 1102500,
Cold Start: false
Unique ID: 3279b6e1-23d5-4ac0-9433-2af58b48652e,
Billed Duration for Request 3279b6e1-23d5-4ac0-9433-2af58b48652e: 129 ms
Input: 1102500,
Cold Start: false
Unique ID: c5f40975-2a32-4032-a87a-cc7bc1c81d82,
Billed Duration for Request c5f40975-2a32-4032-a87a-cc7bc1c81d82: 115 ms
Input: 1102500,
Cold Start: false
Unique ID: 7dd82a29-afdd-48ad-a986-759f7d58202d,
Billed Duration for Request 7dd82a29-afdd-48ad-a986-759f7d58202d: 135 ms
Input: 1102500,
Cold Start: false
Unique ID: 75a76ec2-baca-42e0-9bdc-98b5ca25c9e6,
Billed Duration for Request 75a76ec2-baca-42e0-9bdc-98b5ca25c9e6: 146 ms
Input: 1102500,
Cold Start: false
Unique ID: ae1f9461-8a00-4227-9337-544f230eaa47,
Billed Duration for Request ae1f9461-8a00-4227-9337-544f230eaa47: 145 ms
Input: 1102500,
Cold Start: false
Unique ID: 9eeee6cc-99c3-48eb-9b39-9ac109da6feb,
Billed Duration for Request 9eeee6cc-99c3-48eb-9b39-9ac109da6feb: 125 ms
Input: 1102500,
Cold Start: false
Unique ID: 3a273762-eef8-47fc-9f8d-d9d0defcb647,
Billed Duration for Request 3a273762-eef8-47fc-9f8d-d9d0defcb647: 120 ms
Input: 1102500,
Cold Start: false
Unique ID: 9a9216f6-46ea-417e-98cd-1c0e6244e3a5,
Billed Duration for Request 9a9216f6-46ea-417e-98cd-1c0e6244e3a5: 126 ms
Input: 1102500,
Cold Start: false
Unique ID: c5dec4ff-276c-4a50-89c0-5ca0e1d9f416,
Billed Duration for Request c5dec4ff-276c-4a50-89c0-5ca0e1d9f416: 118 ms
Input: 1102500,
Cold Start: false
Unique ID: 68216491-508d-40c6-b5c2-1bcebc5be18b,
Billed Duration for Request 68216491-508d-40c6-b5c2-1bcebc5be18b: 113 ms
Input: 1102500,
Cold Start: false
Unique ID: 04a5fdb9-8385-4006-996c-2935522d553b,
Billed Duration for Request 04a5fdb9-8385-4006-996c-2935522d553b: 139 ms
Input: 1102500,
Cold Start: false
Unique ID: 346d1702-910e-4ad9-819c-f19ee0d2173a,
Billed Duration for Request 346d1702-910e-4ad9-819c-f19ee0d2173a: 151 ms
Input: 1102500,
Cold Start: false
Unique ID: 1c3b2357-3a31-41f3-8473-068295e614f4,
Billed Duration for Request 1c3b2357-3a31-41f3-8473-068295e614f4: 148 ms
Input: 1102500,
Cold Start: false
Unique ID: 5d2fd61b-d58e-40b0-93a2-c7a7c35d6937,
Billed Duration for Request 5d2fd61b-d58e-40b0-93a2-c7a7c35d6937: 140 ms
Input: 1102500,
Cold Start: false
Unique ID: 779e2013-6a71-42a5-8852-2ec83fe02f5b,
Billed Duration for Request 779e2013-6a71-42a5-8852-2ec83fe02f5b: 170 ms
Input: 1102500,
Cold Start: false
Unique ID: 87f6a828-45a6-476c-bc31-90f9bd33ca8c,
Billed Duration for Request 87f6a828-45a6-476c-bc31-90f9bd33ca8c: 94 ms
Input: 1102500,
Cold Start: false
Unique ID: 5fef6e16-d75b-4732-9478-b1147e844f99,
Billed Duration for Request 5fef6e16-d75b-4732-9478-b1147e844f99: 120 ms
Input: 1102500,
Cold Start: false
Unique ID: 0930de9d-2c9f-48b1-bdcb-970827a87710,
Billed Duration for Request 0930de9d-2c9f-48b1-bdcb-970827a87710: 108 ms
Input: 1102500,
Cold Start: false
Unique ID: 66947626-62d4-47b9-a68c-a59412550fe9,
Billed Duration for Request 66947626-62d4-47b9-a68c-a59412550fe9: 133 ms
Input: 1102500,
Cold Start: false
Unique ID: 7289cf34-d913-46ce-b5ed-1dc9bcd8cd41,
Billed Duration for Request 7289cf34-d913-46ce-b5ed-1dc9bcd8cd41: 177 ms
Input: 1102500,
Cold Start: false
Unique ID: e5824e5d-b591-4553-9819-1d7d561af3da,
Billed Duration for Request e5824e5d-b591-4553-9819-1d7d561af3da: 91 ms
Input: 1102500,
Cold Start: false
Unique ID: 4e0b7506-08b2-4974-9369-bad9753eae68,
Billed Duration for Request 4e0b7506-08b2-4974-9369-bad9753eae68: 124 ms
Input: 1102500,
Cold Start: false
Unique ID: 42b02164-14c6-4e3d-9d67-661be57950f7,
Billed Duration for Request 42b02164-14c6-4e3d-9d67-661be57950f7: 167 ms
Input: 1102500,
Cold Start: false
Unique ID: b42999bc-100b-4b5d-b3a8-dbecc880f7e9,
Billed Duration for Request b42999bc-100b-4b5d-b3a8-dbecc880f7e9: 140 ms
Input: 1102500,
Cold Start: false
Unique ID: e6f08ac0-377d-4d31-be39-3c8436f6315d,
Billed Duration for Request e6f08ac0-377d-4d31-be39-3c8436f6315d: 157 ms
Input: 1102500,
Cold Start: false
Unique ID: ce8c940c-4001-4ee5-99e7-993147c06fd0,
Billed Duration for Request ce8c940c-4001-4ee5-99e7-993147c06fd0: 104 ms
Input: 1102500,
Cold Start: false
Unique ID: cab9c3ff-d6ff-4efe-a386-c997ec917813,
Billed Duration for Request cab9c3ff-d6ff-4efe-a386-c997ec917813: 108 ms
Input: 1102500,
Cold Start: false
Unique ID: 3575511c-a849-4d6e-9640-fe1066b25fdc,
Billed Duration for Request 3575511c-a849-4d6e-9640-fe1066b25fdc: 86 ms
Input: 1102500,
Cold Start: false
Unique ID: 92c98596-11a8-4025-a403-d34700c2fe7a,
Billed Duration for Request 92c98596-11a8-4025-a403-d34700c2fe7a: 124 ms
Input: 1102500,
Cold Start: false
Unique ID: 6f7e0e03-3966-437c-a86d-75582f020583,
Billed Duration for Request 6f7e0e03-3966-437c-a86d-75582f020583: 135 ms
Input: 1102500,
Cold Start: false
Unique ID: 924adc98-12b6-4954-a22f-9d16f39660e5,
Billed Duration for Request 924adc98-12b6-4954-a22f-9d16f39660e5: 173 ms
Input: 1102500,
Cold Start: false
Unique ID: 20ca8974-14e4-4831-8592-8c9adb613ec4,
Billed Duration for Request 20ca8974-14e4-4831-8592-8c9adb613ec4: 143 ms
Input: 1102500,
Cold Start: false
Unique ID: d5767c8d-defc-4e23-86f3-6ef472790928,
Billed Duration for Request d5767c8d-defc-4e23-86f3-6ef472790928: 157 ms
Input: 1102500,
Cold Start: false
Unique ID: c7443ce2-02e1-4d7c-9f99-8dfa2917164c,
Billed Duration for Request c7443ce2-02e1-4d7c-9f99-8dfa2917164c: 111 ms
Input: 1102500,
Cold Start: false
Unique ID: f752a622-1736-4fd6-bd52-619c898b8659,
Billed Duration for Request f752a622-1736-4fd6-bd52-619c898b8659: 156 ms
Input: 1102500,
Cold Start: false
Unique ID: 38d1a9fd-3de6-4961-a896-14b97a983aa7,
Billed Duration for Request 38d1a9fd-3de6-4961-a896-14b97a983aa7: 120 ms
Input: 1102500,
Cold Start: false
Unique ID: e3703065-1a6c-4d99-8b57-8113eae08751,
Billed Duration for Request e3703065-1a6c-4d99-8b57-8113eae08751: 140 ms
Input: 1102500,
Cold Start: false
Unique ID: 3f6e6db0-c89f-4ec8-9562-c24f6048fb9d,
Billed Duration for Request 3f6e6db0-c89f-4ec8-9562-c24f6048fb9d: 143 ms
Input: 1102500,
Cold Start: false
Unique ID: ff3a9c52-6c0e-4241-93cc-1fdcf2ce1f83,
Billed Duration for Request ff3a9c52-6c0e-4241-93cc-1fdcf2ce1f83: 132 ms
Input: 1102500,
Cold Start: false
Unique ID: 4d0b6add-1a16-4a2e-8a39-11231aa7d060,
Billed Duration for Request 4d0b6add-1a16-4a2e-8a39-11231aa7d060: 89 ms
Input: 1102500,
Cold Start: false
Unique ID: 1532bf83-b111-48da-8457-bded888aefd7,
Billed Duration for Request 1532bf83-b111-48da-8457-bded888aefd7: 112 ms
Input: 1102500,
Cold Start: false
Unique ID: e7557de7-7367-4afe-b788-9364679cefe5,
Billed Duration for Request e7557de7-7367-4afe-b788-9364679cefe5: 145 ms
Input: 1102500,
Cold Start: false
Unique ID: f73c7247-ca20-43a4-87af-257d76000712,
Billed Duration for Request f73c7247-ca20-43a4-87af-257d76000712: 123 ms
Input: 1102500,
Cold Start: false
Unique ID: 184e3c10-0e7d-42de-82c6-f5df320eb0af,
Billed Duration for Request 184e3c10-0e7d-42de-82c6-f5df320eb0af: 117 ms
Input: 1102500,
Cold Start: false
Unique ID: 5f0cb908-39bc-444d-9cc9-e113a36b89b4,
Billed Duration for Request 5f0cb908-39bc-444d-9cc9-e113a36b89b4: 165 ms
Input: 1102500,
Cold Start: false
Unique ID: c6c419fc-468a-4646-83df-79c353c72f4d,
Billed Duration for Request c6c419fc-468a-4646-83df-79c353c72f4d: 132 ms
Input: 1102500,
Cold Start: false
Unique ID: 39b8f2ac-9779-413d-9939-33974e2be00d,
Billed Duration for Request 39b8f2ac-9779-413d-9939-33974e2be00d: 120 ms
Input: 1102500,
Cold Start: false
Unique ID: 7aa83f13-9000-4522-b78a-52cf8d0a184e,
Billed Duration for Request 7aa83f13-9000-4522-b78a-52cf8d0a184e: 169 ms
Input: 1102500,
Cold Start: false
Unique ID: f0542b20-b51e-4a77-ba0d-2832e8f67e30,
Billed Duration for Request f0542b20-b51e-4a77-ba0d-2832e8f67e30: 165 ms
Input: 1102500,
Cold Start: false
Unique ID: 5550f806-f443-40ca-9372-59db39a4a201,
Billed Duration for Request 5550f806-f443-40ca-9372-59db39a4a201: 148 ms
Input: 1102500,
Cold Start: false
Unique ID: a57e5142-bae1-4d12-960b-83e4d54762bd,
Billed Duration for Request a57e5142-bae1-4d12-960b-83e4d54762bd: 92 ms
Input: 1102500,
Cold Start: false
Unique ID: ad5a6e86-99d7-4101-82f3-72b630ebfdb5,
Billed Duration for Request ad5a6e86-99d7-4101-82f3-72b630ebfdb5: 109 ms
Input: 1102500,
Cold Start: false
Unique ID: f98dd620-bf54-482c-8a21-4e28d267e926,
Billed Duration for Request f98dd620-bf54-482c-8a21-4e28d267e926: 104 ms
Input: 1102500,
Cold Start: false
Unique ID: 59f2740d-72e3-4e81-bd22-35fb8cbd5f49,
Billed Duration for Request 59f2740d-72e3-4e81-bd22-35fb8cbd5f49: 165 ms
Input: 1102500,
Cold Start: false
Unique ID: 3410efec-1171-425c-bea7-82c9ed8f2414,
Billed Duration for Request 3410efec-1171-425c-bea7-82c9ed8f2414: 141 ms
Input: 1102500,
Cold Start: false
Unique ID: 195b35bd-f235-42ed-a063-3dcc8c04a04e,
Billed Duration for Request 195b35bd-f235-42ed-a063-3dcc8c04a04e: 101 ms
Input: 1102500,
Cold Start: false
Unique ID: d2d16a5d-5b60-45dc-8a20-9086bb012a75,
Billed Duration for Request d2d16a5d-5b60-45dc-8a20-9086bb012a75: 110 ms
Input: 1102500,
Cold Start: false
Unique ID: ab4154e0-8c3a-4ada-bf52-a9992318e75d,
Billed Duration for Request ab4154e0-8c3a-4ada-bf52-a9992318e75d: 136 ms
Input: 1102500,
Cold Start: false
Unique ID: 6b3d164a-d8bb-47b6-a6d0-3db65ce5d84e,
Billed Duration for Request 6b3d164a-d8bb-47b6-a6d0-3db65ce5d84e: 152 ms
Input: 1102500,
Cold Start: false
Unique ID: 18f44783-2d0b-4faa-8c83-4d8e86bbb63d,
Billed Duration for Request 18f44783-2d0b-4faa-8c83-4d8e86bbb63d: 129 ms
Input: 1102500,
Cold Start: false
Unique ID: 955ca653-1841-4d54-826b-06814fa01d56,
Billed Duration for Request 955ca653-1841-4d54-826b-06814fa01d56: 127 ms
Input: 1102500,
Cold Start: false
Unique ID: a9b89b66-5b2b-42a9-afe3-f8fb5cc4b005,
Billed Duration for Request a9b89b66-5b2b-42a9-afe3-f8fb5cc4b005: 112 ms
Input: 1102500,
Cold Start: false
Unique ID: b969fcbd-3430-4c71-9c44-fa23137223e6,
Billed Duration for Request b969fcbd-3430-4c71-9c44-fa23137223e6: 119 ms
Input: 1102500,
Cold Start: false
Unique ID: be9d3453-d287-48ee-bbea-61cfb0c61dee,
Billed Duration for Request be9d3453-d287-48ee-bbea-61cfb0c61dee: 114 ms
Input: 1102500,
Cold Start: false
Unique ID: 82540ee3-5e67-4480-b05f-0a71c3793d94,
Billed Duration for Request 82540ee3-5e67-4480-b05f-0a71c3793d94: 146 ms
Input: 1102500,
Cold Start: false
Unique ID: a1324cd5-9229-4537-ac0d-cf38d9ed0d96,
Billed Duration for Request a1324cd5-9229-4537-ac0d-cf38d9ed0d96: 145 ms
Input: 1102500,
Cold Start: false
Unique ID: c71f41da-9c06-4a14-a21d-023b416746e7,
Billed Duration for Request c71f41da-9c06-4a14-a21d-023b416746e7: 130 ms
Input: 1102500,
Cold Start: false
Unique ID: 010ffd4b-5216-42e1-9d9b-8f076b538079,
Billed Duration for Request 010ffd4b-5216-42e1-9d9b-8f076b538079: 133 ms
Input: 1102500,
Cold Start: false
Unique ID: 65546423-d1cf-4247-9069-250a587c38c6,
Billed Duration for Request 65546423-d1cf-4247-9069-250a587c38c6: 157 ms
Input: 1102500,
Cold Start: false
Unique ID: 48eeb000-b4dc-428d-9e5e-83a367abfd3f,
Billed Duration for Request 48eeb000-b4dc-428d-9e5e-83a367abfd3f: 146 ms
Input: 1102500,
Cold Start: false
Unique ID: c624c3f7-111e-4d75-8a30-b36a1b00e122,
Billed Duration for Request c624c3f7-111e-4d75-8a30-b36a1b00e122: 140 ms
Input: 1102500,
Cold Start: false
Unique ID: 82597a0f-95fb-4fdb-a215-e93430e02da4,
Billed Duration for Request 82597a0f-95fb-4fdb-a215-e93430e02da4: 122 ms
Input: 1102500,
Cold Start: false
Unique ID: f144bb63-1891-4838-a131-2c0e033b2847,
Billed Duration for Request f144bb63-1891-4838-a131-2c0e033b2847: 99 ms
Input: 1102500,
Cold Start: false
Unique ID: 218aa6eb-0321-4aa0-b3e3-63639a1bfd70,
Billed Duration for Request 218aa6eb-0321-4aa0-b3e3-63639a1bfd70: 109 ms
Input: 1102500,
Cold Start: false
Unique ID: c643e6b3-d8bd-46e2-9205-d621fc94a938,
Billed Duration for Request c643e6b3-d8bd-46e2-9205-d621fc94a938: 156 ms
Input: 1102500,
Cold Start: false
Unique ID: d59757fe-1a24-4783-b6a2-88f7cec59a99,
Billed Duration for Request d59757fe-1a24-4783-b6a2-88f7cec59a99: 139 ms
Input: 1102500,
Cold Start: false
Unique ID: 91b4bb69-3360-4c8c-b067-535be41ea828,
Billed Duration for Request 91b4bb69-3360-4c8c-b067-535be41ea828: 157 ms
Input: 1102500,
Cold Start: false
Unique ID: 920eca8a-07e8-437f-9f3d-c8ce8f30aa0c,
Billed Duration for Request 920eca8a-07e8-437f-9f3d-c8ce8f30aa0c: 124 ms
Input: 1102500,
Cold Start: false
Unique ID: 905b361f-6fd7-4e53-a526-2c74b1e72c0b,
Billed Duration for Request 905b361f-6fd7-4e53-a526-2c74b1e72c0b: 107 ms
Input: 1102500,
Cold Start: false
Unique ID: 7d8efd76-f079-4f74-86af-97631b8999a5,
Billed Duration for Request 7d8efd76-f079-4f74-86af-97631b8999a5: 125 ms
Input: 1102500,
Cold Start: false
Unique ID: ae8a867a-0c00-426c-84a8-f44688fac396,
Billed Duration for Request ae8a867a-0c00-426c-84a8-f44688fac396: 126 ms
Input: 1102500,
Cold Start: false
Unique ID: 675005dd-f357-4fdc-8e51-d3e29a714a90,
Billed Duration for Request 675005dd-f357-4fdc-8e51-d3e29a714a90: 132 ms
Input: 1102500,
Cold Start: false
Unique ID: 2f7244d1-9c3c-48d6-a33f-7f2b0866d73e,
Billed Duration for Request 2f7244d1-9c3c-48d6-a33f-7f2b0866d73e: 91 ms
Input: 1102500,
Cold Start: false
Unique ID: a7f109f5-d607-4c8d-991f-3f3d471b2ae6,
Billed Duration for Request a7f109f5-d607-4c8d-991f-3f3d471b2ae6: 144 ms
Input: 1102500,
Cold Start: false
Unique ID: 832191b9-12ed-46a6-98bc-5e918129ac5c,
Billed Duration for Request 832191b9-12ed-46a6-98bc-5e918129ac5c: 132 ms
Input: 1102500,
Cold Start: false
Unique ID: 0d951ef3-ea87-4cc5-9e06-e555a3b89cae,
Billed Duration for Request 0d951ef3-ea87-4cc5-9e06-e555a3b89cae: 118 ms
Input: 1102500,
Cold Start: false
Unique ID: e8103419-1433-475f-8915-a00830754c79,
Billed Duration for Request e8103419-1433-475f-8915-a00830754c79: 137 ms
Input: 1102500,
Cold Start: false
Unique ID: e742eb1a-7906-4a67-85ff-99d7701ec2f3,
Billed Duration for Request e742eb1a-7906-4a67-85ff-99d7701ec2f3: 143 ms
Input: 1102500,
Cold Start: false
Unique ID: a4d85233-6ed8-4722-8f9d-44c4dbc88873,
Billed Duration for Request a4d85233-6ed8-4722-8f9d-44c4dbc88873: 125 ms
Input: 1102500,
Cold Start: false
Unique ID: 1924374f-121e-4696-970f-03c166ca2647,
Billed Duration for Request 1924374f-121e-4696-970f-03c166ca2647: 124 ms
Input: 1102500,
Cold Start: false
