Unique ID: f77515b3c5a48560dedbaec1ac0d2930,
Execution Time for Trace ID f77515b3c5a48560dedbaec1ac0d2930: 896 ms
Input: 5500000,
Cold Start: false
Unique ID: 863e3b1ae01aca6e156a21e53e77ced9,
Execution Time for Trace ID 863e3b1ae01aca6e156a21e53e77ced9: 1837 ms
Input: 5500000,
Cold Start: false
Unique ID: ea23fa9cdb36af4ee75ae86a1e19a8a5,
Execution Time for Trace ID ea23fa9cdb36af4ee75ae86a1e19a8a5: 1821 ms
Input: 5500000,
Cold Start: false
Unique ID: 7957abb698f6074b5b5d957e112ed85e,
Execution Time for Trace ID 7957abb698f6074b5b5d957e112ed85e: 2032 ms
Input: 5500000,
Cold Start: false
Unique ID: 2e41b25e3d6842494b764ecb9af7d6ce,
Execution Time for Trace ID 2e41b25e3d6842494b764ecb9af7d6ce: 2109 ms
Input: 5500000,
Cold Start: false
Unique ID: 5bfd2e62c8491bec1eef2eb58549d331,
Execution Time for Trace ID 5bfd2e62c8491bec1eef2eb58549d331: 2022 ms
Input: 5500000,
Cold Start: false
Unique ID: c58f1697c94c2a4afcb457df2ce4eb39,
Execution Time for Trace ID c58f1697c94c2a4afcb457df2ce4eb39: 2014 ms
Input: 5500000,
Cold Start: false
Unique ID: 9203c0e647c201e283cf2390712f180a,
Execution Time for Trace ID 9203c0e647c201e283cf2390712f180a: 2414 ms
Input: 5500000,
Cold Start: false
Unique ID: b069c04e79b3c6df797e37c23e59059d,
Execution Time for Trace ID b069c04e79b3c6df797e37c23e59059d: 2477 ms
Input: 5500000,
Cold Start: false
Unique ID: 6a38ff15f3675c094a1192188c1854f7,
Execution Time for Trace ID 6a38ff15f3675c094a1192188c1854f7: 2397 ms
Input: 5500000,
Cold Start: false
Unique ID: a0631289feda6aea76886b809fe17668,
Execution Time for Trace ID a0631289feda6aea76886b809fe17668: 1772 ms
Input: 5500000,
Cold Start: false
Unique ID: 7929fdcb1e8ad1279540b461df72ed36,
Execution Time for Trace ID 7929fdcb1e8ad1279540b461df72ed36: 1909 ms
Input: 5500000,
Cold Start: false
Unique ID: c005eec5d7d8d06808083fb9c6a37b45,
Execution Time for Trace ID c005eec5d7d8d06808083fb9c6a37b45: 1814 ms
Input: 5500000,
Cold Start: false
Unique ID: b68d8439ecbca3db6682d4f6f0251dd8,
Execution Time for Trace ID b68d8439ecbca3db6682d4f6f0251dd8: 1893 ms
Input: 5500000,
Cold Start: false
Unique ID: 0393030b032a2fea4879bba71ec26819,
Execution Time for Trace ID 0393030b032a2fea4879bba71ec26819: 2374 ms
Input: 5500000,
Cold Start: false
Unique ID: 92559437535693265e037cefc1227a45,
Execution Time for Trace ID 92559437535693265e037cefc1227a45: 1571 ms
Input: 5500000,
Cold Start: false
Unique ID: d24116facbba1461182303b4c58e3036,
Execution Time for Trace ID d24116facbba1461182303b4c58e3036: 1614 ms
Input: 5500000,
Cold Start: false
Unique ID: 83539f4c28a2196454e63413d8d7734e,
Execution Time for Trace ID 83539f4c28a2196454e63413d8d7734e: 1563 ms
Input: 5500000,
Cold Start: false
Unique ID: d4bdb89dc4b8342fd5f20933816849c5,
Execution Time for Trace ID d4bdb89dc4b8342fd5f20933816849c5: 2229 ms
Input: 5500000,
Cold Start: false
Unique ID: 8b23e5c6014f9427b892f3caee316068,
Execution Time for Trace ID 8b23e5c6014f9427b892f3caee316068: 2376 ms
Input: 5500000,
Cold Start: false
Unique ID: 3c62266b7c529209e44724dcdc2c6413,
Execution Time for Trace ID 3c62266b7c529209e44724dcdc2c6413: 1671 ms
Input: 5500000,
Cold Start: false
Unique ID: b3858573e9f957eba66098d92b0b6893,
Execution Time for Trace ID b3858573e9f957eba66098d92b0b6893: 1727 ms
Input: 5500000,
Cold Start: false
Unique ID: 511b74fa673abaffbeede6fe3ec8378b,
Execution Time for Trace ID 511b74fa673abaffbeede6fe3ec8378b: 1888 ms
Input: 5500000,
Cold Start: false
Unique ID: b0a553e43b6d425c8972e38cd3fa8a14,
Execution Time for Trace ID b0a553e43b6d425c8972e38cd3fa8a14: 1824 ms
Input: 5500000,
Cold Start: false
Unique ID: 8c339d2ee6384285d847e649fc432732,
Execution Time for Trace ID 8c339d2ee6384285d847e649fc432732: 1926 ms
Input: 5500000,
Cold Start: false
Unique ID: bb5011472fbada68cedf13cc64de2b9a,
Execution Time for Trace ID bb5011472fbada68cedf13cc64de2b9a: 1556 ms
Input: 5500000,
Cold Start: false
Unique ID: 8a259d5a6a1b6e9234616a4b8aed231e,
Execution Time for Trace ID 8a259d5a6a1b6e9234616a4b8aed231e: 1471 ms
Input: 5500000,
Cold Start: false
Unique ID: f6a9b0549cdd1989451c2d2663d4a04d,
Execution Time for Trace ID f6a9b0549cdd1989451c2d2663d4a04d: 1522 ms
Input: 5500000,
Cold Start: false
Unique ID: c8c356f5225e568402443ad814af187d,
Execution Time for Trace ID c8c356f5225e568402443ad814af187d: 1632 ms
Input: 5500000,
Cold Start: false
Unique ID: b0cc9dea551ece1b3951ebd7f5c0ad8c,
Execution Time for Trace ID b0cc9dea551ece1b3951ebd7f5c0ad8c: 1675 ms
Input: 5500000,
Cold Start: false
Unique ID: b9a3e33fc84a88ef04236583d1149740,
Execution Time for Trace ID b9a3e33fc84a88ef04236583d1149740: 1581 ms
Input: 5500000,
Cold Start: false
Unique ID: 31939360083850fddaa9a3d2c29ad6ab,
Execution Time for Trace ID 31939360083850fddaa9a3d2c29ad6ab: 1623 ms
Input: 5500000,
Cold Start: false
Unique ID: b53a5708aa7166a105f708c8ad363c64,
Execution Time for Trace ID b53a5708aa7166a105f708c8ad363c64: 1541 ms
Input: 5500000,
Cold Start: false
Unique ID: 3a4f918d4d2a2fabcc79c048cd9eceb0,
Execution Time for Trace ID 3a4f918d4d2a2fabcc79c048cd9eceb0: 1800 ms
Input: 5500000,
Cold Start: false
Unique ID: 2d2b56a5e2598d2face104a21750e41d,
Execution Time for Trace ID 2d2b56a5e2598d2face104a21750e41d: 1742 ms
Input: 5500000,
Cold Start: false
Unique ID: 9bf1b2bafc55dca16baee079480c6133,
Execution Time for Trace ID 9bf1b2bafc55dca16baee079480c6133: 1656 ms
Input: 5500000,
Cold Start: false
Unique ID: a1d2d0bd0d78ee06a530f1cf09a9915e,
Execution Time for Trace ID a1d2d0bd0d78ee06a530f1cf09a9915e: 1646 ms
Input: 5500000,
Cold Start: false
Unique ID: db0aa367a5fd1adc19243f17cc14ea71,
Execution Time for Trace ID db0aa367a5fd1adc19243f17cc14ea71: 1595 ms
Input: 5500000,
Cold Start: false
Unique ID: 935eaa840f0b29ff90abb2d602b82fca,
Execution Time for Trace ID 935eaa840f0b29ff90abb2d602b82fca: 1551 ms
Input: 5500000,
Cold Start: false
Unique ID: 449f9de344db1d0f58dd22d0f1f5496e,
Execution Time for Trace ID 449f9de344db1d0f58dd22d0f1f5496e: 1640 ms
Input: 5500000,
Cold Start: false
Unique ID: 84bbc05b8e611f27dd6a7b56c4a8f33c,
Execution Time for Trace ID 84bbc05b8e611f27dd6a7b56c4a8f33c: 1531 ms
Input: 5500000,
Cold Start: false
Unique ID: 7a5d042d9a7a6cbbf59cdd3425b66fc1,
Execution Time for Trace ID 7a5d042d9a7a6cbbf59cdd3425b66fc1: 1565 ms
Input: 5500000,
Cold Start: false
Unique ID: c5f8b5eb004aa4ed5817defbc27b47fd,
Execution Time for Trace ID c5f8b5eb004aa4ed5817defbc27b47fd: 1586 ms
Input: 5500000,
Cold Start: false
Unique ID: a5f2018e4def3876ba057210843726c3,
Execution Time for Trace ID a5f2018e4def3876ba057210843726c3: 1609 ms
Input: 5500000,
Cold Start: false
Unique ID: 5837cb927ffb450e0557d43c37ca58a3,
Execution Time for Trace ID 5837cb927ffb450e0557d43c37ca58a3: 1556 ms
Input: 5500000,
Cold Start: false
Unique ID: ee70ed389320dc21322dd49b48b73270,
Execution Time for Trace ID ee70ed389320dc21322dd49b48b73270: 1882 ms
Input: 5500000,
Cold Start: true
Unique ID: ea8c2f182d1b54f0fa01a5314f96ff27,
Execution Time for Trace ID ea8c2f182d1b54f0fa01a5314f96ff27: 1538 ms
Input: 5500000,
Cold Start: false
Unique ID: 67cee4fadf9d5631964832e4da3bf72c,
Execution Time for Trace ID 67cee4fadf9d5631964832e4da3bf72c: 1566 ms
Input: 5500000,
Cold Start: false
Unique ID: 42769e3658c5de6d17e6339dd16b8f01,
Execution Time for Trace ID 42769e3658c5de6d17e6339dd16b8f01: 1573 ms
Input: 5500000,
Cold Start: false
Unique ID: 76e5cdaff863c84ce4098c9ef5a13d43,
Execution Time for Trace ID 76e5cdaff863c84ce4098c9ef5a13d43: 1809 ms
Input: 5500000,
Cold Start: true
Unique ID: 294e22e90c2b92bfdf7c31f066bb7b6b,
Execution Time for Trace ID 294e22e90c2b92bfdf7c31f066bb7b6b: 1586 ms
Input: 5500000,
Cold Start: false
Unique ID: 7eaed343d2807c712bae86f81e8e0cca,
Execution Time for Trace ID 7eaed343d2807c712bae86f81e8e0cca: 1626 ms
Input: 5500000,
Cold Start: false
Unique ID: 4c7b3fbdcae5b68b50e0827be1df3689,
Execution Time for Trace ID 4c7b3fbdcae5b68b50e0827be1df3689: 1627 ms
Input: 5500000,
Cold Start: false
Unique ID: 4135f09242d19c9d1bc52ad12afeb874,
Execution Time for Trace ID 4135f09242d19c9d1bc52ad12afeb874: 1730 ms
Input: 5500000,
Cold Start: false
Unique ID: ad3173c71370592e1db38901794801d2,
Execution Time for Trace ID ad3173c71370592e1db38901794801d2: 1718 ms
Input: 5500000,
Cold Start: false
Unique ID: 45559fb9b00b5cc9049152c8dad2178c,
Execution Time for Trace ID 45559fb9b00b5cc9049152c8dad2178c: 1616 ms
Input: 5500000,
Cold Start: false
Unique ID: 1e22f1444a0e97849fa58896ce74da43,
Execution Time for Trace ID 1e22f1444a0e97849fa58896ce74da43: 1693 ms
Input: 5500000,
Cold Start: false
Unique ID: fdc0771a1adb1ed45d2c334ef2b2d60e,
Execution Time for Trace ID fdc0771a1adb1ed45d2c334ef2b2d60e: 1718 ms
Input: 5500000,
Cold Start: false
Unique ID: 7eaa2d194b333c08f7630dbd77f1ac2f,
Execution Time for Trace ID 7eaa2d194b333c08f7630dbd77f1ac2f: 1890 ms
Input: 5500000,
Cold Start: false
Unique ID: 0cb8a843ada2f8fb18f71aa17b9efc62,
Execution Time for Trace ID 0cb8a843ada2f8fb18f71aa17b9efc62: 1536 ms
Input: 5500000,
Cold Start: false
Unique ID: a8e73a5bd3dacee8439df34d596faf99,
Execution Time for Trace ID a8e73a5bd3dacee8439df34d596faf99: 1577 ms
Input: 5500000,
Cold Start: false
Unique ID: fc3c933496eb70c3ca58c22c069c0c73,
Execution Time for Trace ID fc3c933496eb70c3ca58c22c069c0c73: 2021 ms
Input: 5500000,
Cold Start: true
Unique ID: b5b9b1de190a4da7898387d4a7c705f8,
Execution Time for Trace ID b5b9b1de190a4da7898387d4a7c705f8: 1610 ms
Input: 5500000,
Cold Start: false
Unique ID: 2ef0c82eca82acff4983b39545918f2a,
Execution Time for Trace ID 2ef0c82eca82acff4983b39545918f2a: 730 ms
Input: 5500000,
Cold Start: false
Unique ID: 498ea75e9b92f515e33d2b52125265a1,
Execution Time for Trace ID 498ea75e9b92f515e33d2b52125265a1: 1786 ms
Input: 5500000,
Cold Start: false
Unique ID: 676bb256b1213d9f2a21975d5bacc104,
Execution Time for Trace ID 676bb256b1213d9f2a21975d5bacc104: 1750 ms
Input: 5500000,
Cold Start: false
Unique ID: 9483e8b5cbb012b59a7b15c6de963810,
Execution Time for Trace ID 9483e8b5cbb012b59a7b15c6de963810: 1576 ms
Input: 5500000,
Cold Start: false
Unique ID: 3e7b52ff78c4d277d9821f1c00ada5a0,
Execution Time for Trace ID 3e7b52ff78c4d277d9821f1c00ada5a0: 1771 ms
Input: 5500000,
Cold Start: false
Unique ID: 5cef146ee873776f53c7beaee93031ea,
Execution Time for Trace ID 5cef146ee873776f53c7beaee93031ea: 1718 ms
Input: 5500000,
Cold Start: false
Unique ID: 30c9739e1926b2ead282dd1d221ae924,
Execution Time for Trace ID 30c9739e1926b2ead282dd1d221ae924: 1970 ms
Input: 5500000,
Cold Start: true
Unique ID: 6744c200eab33b52de6ed6d97953684a,
Execution Time for Trace ID 6744c200eab33b52de6ed6d97953684a: 1536 ms
Input: 5500000,
Cold Start: false
Unique ID: 0124cb924fc8af1058cdf7f5497a3680,
Execution Time for Trace ID 0124cb924fc8af1058cdf7f5497a3680: 1467 ms
Input: 5500000,
Cold Start: false
Unique ID: 4b67e5f634b921d58ee326197c0418cf,
Execution Time for Trace ID 4b67e5f634b921d58ee326197c0418cf: 1601 ms
Input: 5500000,
Cold Start: false
Unique ID: 7d5b0d25fc642864bb67c618c2c738d3,
Execution Time for Trace ID 7d5b0d25fc642864bb67c618c2c738d3: 1570 ms
Input: 5500000,
Cold Start: false
Unique ID: 08ced3b878bd90a4e109a629e475ad15,
Execution Time for Trace ID 08ced3b878bd90a4e109a629e475ad15: 1563 ms
Input: 5500000,
Cold Start: false
Unique ID: 467b02d6623dce9a9bb4b6d60f325f68,
Execution Time for Trace ID 467b02d6623dce9a9bb4b6d60f325f68: 1553 ms
Input: 5500000,
Cold Start: false
Unique ID: 8851b5755eb9b3ca2cf3f42217819a2b,
Execution Time for Trace ID 8851b5755eb9b3ca2cf3f42217819a2b: 2033 ms
Input: 5500000,
Cold Start: false
Unique ID: c06b7cce7dc5096dbb04f0748e305d82,
Execution Time for Trace ID c06b7cce7dc5096dbb04f0748e305d82: 1573 ms
Input: 5500000,
Cold Start: false
Unique ID: 1530ebca82243ef7c6e4d2b1736a043a,
Execution Time for Trace ID 1530ebca82243ef7c6e4d2b1736a043a: 1520 ms
Input: 5500000,
Cold Start: false
Unique ID: abb3c74eedcb5afd672d777e7dad854a,
Execution Time for Trace ID abb3c74eedcb5afd672d777e7dad854a: 1525 ms
Input: 5500000,
Cold Start: false
Unique ID: 9f72409aaa3497cf86a6fb32f91f1698,
Execution Time for Trace ID 9f72409aaa3497cf86a6fb32f91f1698: 2801 ms
Input: 5500000,
Cold Start: true
Unique ID: cf2a2285fa0d2674ce331f4650102775,
Execution Time for Trace ID cf2a2285fa0d2674ce331f4650102775: 4225 ms
Input: 5500000,
Cold Start: false
Unique ID: c8918e86b313af48e796f26c78d3d53a,
Execution Time for Trace ID c8918e86b313af48e796f26c78d3d53a: 2279 ms
Input: 5500000,
Cold Start: false
Unique ID: d633205a19c2e5318e2d41e2bafe2fd9,
Execution Time for Trace ID d633205a19c2e5318e2d41e2bafe2fd9: 2867 ms
Input: 5500000,
Cold Start: true
Unique ID: 1a41ffb42ab0d144f266a48f85ca7788,
Execution Time for Trace ID 1a41ffb42ab0d144f266a48f85ca7788: 1562 ms
Input: 5500000,
Cold Start: false
Unique ID: b9a66487e5d545a2c2159ab9f9440ff0,
Execution Time for Trace ID b9a66487e5d545a2c2159ab9f9440ff0: 1521 ms
Input: 5500000,
Cold Start: false
Unique ID: 52f023951a26c40c0309a6c6c52633f1,
Execution Time for Trace ID 52f023951a26c40c0309a6c6c52633f1: 1544 ms
Input: 5500000,
Cold Start: false
Unique ID: b225a84a2505a88464412352e057dc30,
Execution Time for Trace ID b225a84a2505a88464412352e057dc30: 1665 ms
Input: 5500000,
Cold Start: false
Unique ID: b1de7edc022a1c009bd9b1e2793f8a1b,
Execution Time for Trace ID b1de7edc022a1c009bd9b1e2793f8a1b: 1590 ms
Input: 5500000,
Cold Start: false
Unique ID: baf712c6d6ea9474b33a23fb1994889b,
Execution Time for Trace ID baf712c6d6ea9474b33a23fb1994889b: 2592 ms
Input: 5500000,
Cold Start: true
Unique ID: 606f868e59cbff4756042cd48c35386d,
Execution Time for Trace ID 606f868e59cbff4756042cd48c35386d: 1510 ms
Input: 5500000,
Cold Start: false
Unique ID: aaeb3bb19b13aaff8e3763660bc9bc01,
Execution Time for Trace ID aaeb3bb19b13aaff8e3763660bc9bc01: 1525 ms
Input: 5500000,
Cold Start: false
Unique ID: d3d9aa29f8acc9a67b349f15f3960b3b,
Execution Time for Trace ID d3d9aa29f8acc9a67b349f15f3960b3b: 1597 ms
Input: 5500000,
Cold Start: false
Unique ID: c2baaf300e978eac45605c9694aa174b,
Execution Time for Trace ID c2baaf300e978eac45605c9694aa174b: 1555 ms
Input: 5500000,
Cold Start: false
Unique ID: c957fb5260fd62fa36724cfc60a0aab8,
Execution Time for Trace ID c957fb5260fd62fa36724cfc60a0aab8: 1749 ms
Input: 5500000,
Cold Start: false
Unique ID: 65f309b88eb20f30a867da6351e63fee,
Execution Time for Trace ID 65f309b88eb20f30a867da6351e63fee: 1280 ms
Input: 5500000,
Cold Start: false
Unique ID: e054238e210723e88cfa0cd01ad4fba6,
Execution Time for Trace ID e054238e210723e88cfa0cd01ad4fba6: 1616 ms
Input: 5500000,
Cold Start: false
Unique ID: 256a444b11a739956fbdf86af37f2f22,
Execution Time for Trace ID 256a444b11a739956fbdf86af37f2f22: 1974 ms
Input: 5500000,
Cold Start: false
Unique ID: 96ee626c13ed0f1881d3b1df8f8b52fc,
Execution Time for Trace ID 96ee626c13ed0f1881d3b1df8f8b52fc: 1929 ms
Input: 5500000,
Cold Start: false
Unique ID: a7dce626280127dc84fe5a45cec2b10f,
Execution Time for Trace ID a7dce626280127dc84fe5a45cec2b10f: 2074 ms
Input: 5500000,
Cold Start: false
Unique ID: 3db2c77fc653da83124ece1985451d51,
Execution Time for Trace ID 3db2c77fc653da83124ece1985451d51: 1620 ms
Input: 5500000,
Cold Start: false
Unique ID: ca7154d863636f8b1a5c65ebadea6c07,
Execution Time for Trace ID ca7154d863636f8b1a5c65ebadea6c07: 1573 ms
Input: 5500000,
Cold Start: false
Unique ID: e456b52576681a53c330fe0e9a19d647,
Execution Time for Trace ID e456b52576681a53c330fe0e9a19d647: 1833 ms
Input: 5500000,
Cold Start: false
Unique ID: 3fa952b0e55551a41750160ea55db1c3,
Execution Time for Trace ID 3fa952b0e55551a41750160ea55db1c3: 2045 ms
Input: 5500000,
Cold Start: false
Unique ID: 038b34c99eb50953fdde68dee7814c1b,
Execution Time for Trace ID 038b34c99eb50953fdde68dee7814c1b: 2299 ms
Input: 5500000,
Cold Start: false
Unique ID: fd1a76460665bad3894fcbbc4d09fe96,
Execution Time for Trace ID fd1a76460665bad3894fcbbc4d09fe96: 621 ms
Input: 5500000,
Cold Start: false
Unique ID: efb0d19c1fd9b3e920f7f0106d18f903,
Execution Time for Trace ID efb0d19c1fd9b3e920f7f0106d18f903: 1687 ms
Input: 5500000,
Cold Start: false
Unique ID: a71a0d0a1751da8b2e727f3c0f1c33f3,
Execution Time for Trace ID a71a0d0a1751da8b2e727f3c0f1c33f3: 1638 ms
Input: 5500000,
Cold Start: false
Unique ID: 4672a3b9dc704651a61cbc0acbe5c223,
Execution Time for Trace ID 4672a3b9dc704651a61cbc0acbe5c223: 1829 ms
Input: 5500000,
Cold Start: false
Unique ID: 2508ddd021eaa6a3c79f7e140b9fbc11,
Execution Time for Trace ID 2508ddd021eaa6a3c79f7e140b9fbc11: 1855 ms
Input: 5500000,
Cold Start: false
Unique ID: 970c1f4a56646578c192de9cf17ecbed,
Execution Time for Trace ID 970c1f4a56646578c192de9cf17ecbed: 1865 ms
Input: 5500000,
Cold Start: false
Unique ID: 4debc4a9b725b94faa1d0e1d3a2a9391,
Execution Time for Trace ID 4debc4a9b725b94faa1d0e1d3a2a9391: 1490 ms
Input: 5500000,
Cold Start: false
Unique ID: 153dfa06c361d4732e093d2d796d3f8b,
Execution Time for Trace ID 153dfa06c361d4732e093d2d796d3f8b: 1566 ms
Input: 5500000,
Cold Start: false
Unique ID: 534424a96568dd61852fa36959499448,
Execution Time for Trace ID 534424a96568dd61852fa36959499448: 1806 ms
Input: 5500000,
Cold Start: false
Unique ID: ff743164201ce8c5a796c812a989c068,
Execution Time for Trace ID ff743164201ce8c5a796c812a989c068: 2048 ms
Input: 5500000,
Cold Start: false
Unique ID: 46538da79d9ba7e99d3ff1d9565f56f8,
Execution Time for Trace ID 46538da79d9ba7e99d3ff1d9565f56f8: 1685 ms
Input: 5500000,
Cold Start: false
Unique ID: d1f24758ce3d0c9c8ce7b205ee23adc9,
Execution Time for Trace ID d1f24758ce3d0c9c8ce7b205ee23adc9: 1658 ms
Input: 5500000,
Cold Start: false
Unique ID: b11165e9b8766c0fe46d93ca77d333ac,
Execution Time for Trace ID b11165e9b8766c0fe46d93ca77d333ac: 1631 ms
Input: 5500000,
Cold Start: false
Unique ID: 142e2b9b008280cf6ae23b2dfee28016,
Execution Time for Trace ID 142e2b9b008280cf6ae23b2dfee28016: 1805 ms
Input: 5500000,
Cold Start: false
Unique ID: c4ebb97d868e16e971277708a2561ae1,
Execution Time for Trace ID c4ebb97d868e16e971277708a2561ae1: 1764 ms
Input: 5500000,
Cold Start: false
Unique ID: 6d3906865d03fde8b218f454527a3f06,
Execution Time for Trace ID 6d3906865d03fde8b218f454527a3f06: 1527 ms
Input: 5500000,
Cold Start: false
Unique ID: 7979bcdf159f5808489eed1e2b6a497f,
Execution Time for Trace ID 7979bcdf159f5808489eed1e2b6a497f: 1555 ms
Input: 5500000,
Cold Start: false
Unique ID: 776ef0c18ab6856f258e9a86ecaf3121,
Execution Time for Trace ID 776ef0c18ab6856f258e9a86ecaf3121: 1704 ms
Input: 5500000,
Cold Start: false
Unique ID: 595e6cb0af9d2e1a5379338776acff11,
Execution Time for Trace ID 595e6cb0af9d2e1a5379338776acff11: 1858 ms
Input: 5500000,
Cold Start: false
Unique ID: 4a650c0d2af09fec21b51ec7cdd486c8,
Execution Time for Trace ID 4a650c0d2af09fec21b51ec7cdd486c8: 2191 ms
Input: 5500000,
Cold Start: false
Unique ID: 3a26ea4465e24a75bfc8ccedd7c09e98,
Execution Time for Trace ID 3a26ea4465e24a75bfc8ccedd7c09e98: 1529 ms
Input: 5500000,
Cold Start: false
Unique ID: 6970ad38bf754fb05c0f3be03d1ae336,
Execution Time for Trace ID 6970ad38bf754fb05c0f3be03d1ae336: 1530 ms
Input: 5500000,
Cold Start: false
Unique ID: 0a30f0f0e10f647ae0c204ab98e3e33f,
Execution Time for Trace ID 0a30f0f0e10f647ae0c204ab98e3e33f: 1659 ms
Input: 5500000,
Cold Start: false
Unique ID: 64fe200e818b37091f9adc4c5a28ecca,
Execution Time for Trace ID 64fe200e818b37091f9adc4c5a28ecca: 1564 ms
Input: 5500000,
Cold Start: false
Unique ID: b3c331e6e6a9bc484840b62d8074c2f4,
Execution Time for Trace ID b3c331e6e6a9bc484840b62d8074c2f4: 689 ms
Input: 5500000,
Cold Start: false
Unique ID: 56e039e62f2275aaf9618329eaef09a4,
Execution Time for Trace ID 56e039e62f2275aaf9618329eaef09a4: 1833 ms
Input: 5500000,
Cold Start: false
Unique ID: efd2c992d7d611b6a8bb2daa21a02c80,
Execution Time for Trace ID efd2c992d7d611b6a8bb2daa21a02c80: 1531 ms
Input: 5500000,
Cold Start: false
Unique ID: 5673de3083203fe92fe416b9debcba43,
Execution Time for Trace ID 5673de3083203fe92fe416b9debcba43: 1634 ms
Input: 5500000,
Cold Start: false
Unique ID: b1650ac66d499851145ce50ee1a65ed4,
Execution Time for Trace ID b1650ac66d499851145ce50ee1a65ed4: 1592 ms
Input: 5500000,
Cold Start: false
Unique ID: 2d0e3367a4ce29e0095725f2fb1410d0,
Execution Time for Trace ID 2d0e3367a4ce29e0095725f2fb1410d0: 1723 ms
Input: 5500000,
Cold Start: false
Unique ID: 0c65fd5a86a1bca01f0d96cb449ef2e6,
Execution Time for Trace ID 0c65fd5a86a1bca01f0d96cb449ef2e6: 1520 ms
Input: 5500000,
Cold Start: false
Unique ID: fcf431aa484c56b6d729cf2cc79b8184,
Execution Time for Trace ID fcf431aa484c56b6d729cf2cc79b8184: 1582 ms
Input: 5500000,
Cold Start: false
Unique ID: 889a467c76f6d935b83febae1514b56a,
Execution Time for Trace ID 889a467c76f6d935b83febae1514b56a: 1538 ms
Input: 5500000,
Cold Start: false
Unique ID: 1b7709a321026061495e41f7163540d6,
Execution Time for Trace ID 1b7709a321026061495e41f7163540d6: 1898 ms
Input: 5500000,
Cold Start: false
Unique ID: e7df7020fd8089fe6100b256b9cd552c,
Execution Time for Trace ID e7df7020fd8089fe6100b256b9cd552c: 2056 ms
Input: 5500000,
Cold Start: false
Unique ID: 903ada2c336c91d9777c863c455c7d2a,
Execution Time for Trace ID 903ada2c336c91d9777c863c455c7d2a: 1638 ms
Input: 5500000,
Cold Start: false
Unique ID: 85308de0c2c8e062b9a6e0361b68f909,
Execution Time for Trace ID 85308de0c2c8e062b9a6e0361b68f909: 1675 ms
Input: 5500000,
Cold Start: false
Unique ID: 319e0e7abc16bf84b50cb03d8b294794,
Execution Time for Trace ID 319e0e7abc16bf84b50cb03d8b294794: 1680 ms
Input: 5500000,
Cold Start: false
Unique ID: 79d42eb5931399b3975119a8a4e084f5,
Execution Time for Trace ID 79d42eb5931399b3975119a8a4e084f5: 1849 ms
Input: 5500000,
Cold Start: false
Unique ID: b494b3906391223aaf6e366dea2ea2d5,
Execution Time for Trace ID b494b3906391223aaf6e366dea2ea2d5: 1757 ms
Input: 5500000,
Cold Start: false
Unique ID: b46299579e7e732c84f71dba646850f8,
Execution Time for Trace ID b46299579e7e732c84f71dba646850f8: 1531 ms
Input: 5500000,
Cold Start: false
Unique ID: 3c774563a497e2355071259ca980079e,
Execution Time for Trace ID 3c774563a497e2355071259ca980079e: 1661 ms
Input: 5500000,
Cold Start: false
Unique ID: 140470364278992968f8163f777cf0a6,
Execution Time for Trace ID 140470364278992968f8163f777cf0a6: 1592 ms
Input: 5500000,
Cold Start: false
Unique ID: 730338b05102fda82e8ad5e2d344d310,
Execution Time for Trace ID 730338b05102fda82e8ad5e2d344d310: 1852 ms
Input: 5500000,
Cold Start: false
Unique ID: 8453bb356b0d2217dd497740ceb910db,
Execution Time for Trace ID 8453bb356b0d2217dd497740ceb910db: 1953 ms
Input: 5500000,
Cold Start: false
Unique ID: 2a8bfb1ff1e2e2d4470111ced9a4a080,
Execution Time for Trace ID 2a8bfb1ff1e2e2d4470111ced9a4a080: 1523 ms
Input: 5500000,
Cold Start: false
Unique ID: a23b6d49b907581d259f91485775edf7,
Execution Time for Trace ID a23b6d49b907581d259f91485775edf7: 1596 ms
Input: 5500000,
Cold Start: false
Unique ID: 0819cbc3e4561566a7e562d59272e9af,
Execution Time for Trace ID 0819cbc3e4561566a7e562d59272e9af: 1607 ms
Input: 5500000,
Cold Start: false
Unique ID: 688dd14f1839ae15736d85df093966e4,
Execution Time for Trace ID 688dd14f1839ae15736d85df093966e4: 1576 ms
Input: 5500000,
Cold Start: false
Unique ID: 4c7a16c9c271f94471495fbe534a03f7,
Execution Time for Trace ID 4c7a16c9c271f94471495fbe534a03f7: 1937 ms
Input: 5500000,
Cold Start: false
Unique ID: 205eb6cfdd63592bc8e4741edfcfa344,
Execution Time for Trace ID 205eb6cfdd63592bc8e4741edfcfa344: 1532 ms
Input: 5500000,
Cold Start: false
Unique ID: 437fabce1c4fbf2aeec644163ac1e57f,
Execution Time for Trace ID 437fabce1c4fbf2aeec644163ac1e57f: 1496 ms
Input: 5500000,
Cold Start: false
Unique ID: c5cb6a67687abd424646b21acfbdb76e,
Execution Time for Trace ID c5cb6a67687abd424646b21acfbdb76e: 1481 ms
Input: 5500000,
Cold Start: false
Unique ID: 8110f8b73e0fc44eff66f1d3afc5f2fc,
Execution Time for Trace ID 8110f8b73e0fc44eff66f1d3afc5f2fc: 1698 ms
Input: 5500000,
Cold Start: false
Unique ID: dcbf0fe726261eb23a04f9125c1b2293,
Execution Time for Trace ID dcbf0fe726261eb23a04f9125c1b2293: 2080 ms
Input: 5500000,
Cold Start: false
Unique ID: 81df8085fcfbadfc4c8bea25fe3e2939,
Execution Time for Trace ID 81df8085fcfbadfc4c8bea25fe3e2939: 1591 ms
Input: 5500000,
Cold Start: false
Unique ID: 66be9e0157ef505e36b9bb1e97b34370,
Execution Time for Trace ID 66be9e0157ef505e36b9bb1e97b34370: 1580 ms
Input: 5500000,
Cold Start: false
Unique ID: b1620a98a7775fb859316eafc7f6211c,
Execution Time for Trace ID b1620a98a7775fb859316eafc7f6211c: 1773 ms
Input: 5500000,
Cold Start: false
Unique ID: 21440bcbc1a34c42b06def7c21e0237f,
Execution Time for Trace ID 21440bcbc1a34c42b06def7c21e0237f: 1986 ms
Input: 5500000,
Cold Start: false
Unique ID: 74fb26a694f514439b23f559c01c717b,
Execution Time for Trace ID 74fb26a694f514439b23f559c01c717b: 1976 ms
Input: 5500000,
Cold Start: false
Unique ID: b904cc80bfaee6821b0d63da4014edc2,
Execution Time for Trace ID b904cc80bfaee6821b0d63da4014edc2: 1547 ms
Input: 5500000,
Cold Start: false
Unique ID: 2f724ab6f09cc73e730eae1ec33ad85c,
Execution Time for Trace ID 2f724ab6f09cc73e730eae1ec33ad85c: 1578 ms
Input: 5500000,
Cold Start: false
Unique ID: 30d0aa597cb240ecd978d4acb5613623,
Execution Time for Trace ID 30d0aa597cb240ecd978d4acb5613623: 1721 ms
Input: 5500000,
Cold Start: false
Unique ID: fcd1245834cbfbccf6f489f56fad8056,
Execution Time for Trace ID fcd1245834cbfbccf6f489f56fad8056: 1964 ms
Input: 5500000,
Cold Start: false
Unique ID: b6449477d37c2c2ecd949f641cacddc3,
Execution Time for Trace ID b6449477d37c2c2ecd949f641cacddc3: 2001 ms
Input: 5500000,
Cold Start: false
Unique ID: 918f5611f3fc65f3e6ff858eecfb3c37,
Execution Time for Trace ID 918f5611f3fc65f3e6ff858eecfb3c37: 1570 ms
Input: 5500000,
Cold Start: false
Unique ID: cc6dfa141c1afb8932d0e92cc45be40d,
Execution Time for Trace ID cc6dfa141c1afb8932d0e92cc45be40d: 1535 ms
Input: 5500000,
Cold Start: false
Unique ID: 4bb82e13c37c34db492ad7f4aed4775d,
Execution Time for Trace ID 4bb82e13c37c34db492ad7f4aed4775d: 1604 ms
Input: 5500000,
Cold Start: false
Unique ID: f63b0e8cc18cf9c8ecd2bf505e36613a,
Execution Time for Trace ID f63b0e8cc18cf9c8ecd2bf505e36613a: 1891 ms
Input: 5500000,
Cold Start: false
Unique ID: 15140f22cee07a4ca96edc810a970900,
Execution Time for Trace ID 15140f22cee07a4ca96edc810a970900: 2092 ms
Input: 5500000,
Cold Start: false
Unique ID: 6c6b0d6b6b061920b3e64755be1d8d16,
Execution Time for Trace ID 6c6b0d6b6b061920b3e64755be1d8d16: 1589 ms
Input: 5500000,
Cold Start: false
Unique ID: 94f153f788cbfea0e19bfced18fb2071,
Execution Time for Trace ID 94f153f788cbfea0e19bfced18fb2071: 1619 ms
Input: 5500000,
Cold Start: false
Unique ID: a14e55c0f1b04e3c2237457beec0f401,
Execution Time for Trace ID a14e55c0f1b04e3c2237457beec0f401: 1630 ms
Input: 5500000,
Cold Start: false
Unique ID: 2aebed7d77051146d1be2802dd13d125,
Execution Time for Trace ID 2aebed7d77051146d1be2802dd13d125: 1604 ms
Input: 5500000,
Cold Start: false
Unique ID: 8748bfe8866c9d816dba225f410ae742,
Execution Time for Trace ID 8748bfe8866c9d816dba225f410ae742: 2141 ms
Input: 5500000,
Cold Start: false
Unique ID: 3de8eefeced098243102a9f10be8e7ca,
Execution Time for Trace ID 3de8eefeced098243102a9f10be8e7ca: 1478 ms
Input: 5500000,
Cold Start: false
Unique ID: 81977c906d7e89d6bfc35e62a841999b,
Execution Time for Trace ID 81977c906d7e89d6bfc35e62a841999b: 1684 ms
Input: 5500000,
Cold Start: false
Unique ID: 43691637b6f774e050ed08a4fecbab69,
Execution Time for Trace ID 43691637b6f774e050ed08a4fecbab69: 1901 ms
Input: 5500000,
Cold Start: false
Unique ID: 11cef9cdd25b4da97522c64657468e34,
Execution Time for Trace ID 11cef9cdd25b4da97522c64657468e34: 2080 ms
Input: 5500000,
Cold Start: false
Unique ID: c4d4eaafd1b27d51b488d7e45390084c,
Execution Time for Trace ID c4d4eaafd1b27d51b488d7e45390084c: 2058 ms
Input: 5500000,
Cold Start: false
Unique ID: b5dd0d5ba7e79c34d4495388c0acd437,
Execution Time for Trace ID b5dd0d5ba7e79c34d4495388c0acd437: 1491 ms
Input: 5500000,
Cold Start: false
Unique ID: bddd14a5a90d0ca80bca9343f3a720c7,
Execution Time for Trace ID bddd14a5a90d0ca80bca9343f3a720c7: 1572 ms
Input: 5500000,
Cold Start: false
Unique ID: dc8353564b287a33a64b75a47a4d8f35,
Execution Time for Trace ID dc8353564b287a33a64b75a47a4d8f35: 1597 ms
Input: 5500000,
Cold Start: false
Unique ID: 23fba139855df1d6967b1b5221534f32,
Execution Time for Trace ID 23fba139855df1d6967b1b5221534f32: 1633 ms
Input: 5500000,
Cold Start: false
Unique ID: 8585d85e858516f462dcda2e9483ccf1,
Execution Time for Trace ID 8585d85e858516f462dcda2e9483ccf1: 2082 ms
Input: 5500000,
Cold Start: false
Unique ID: 19747cc8f68ab52e0e2777d7fc84ea89,
Execution Time for Trace ID 19747cc8f68ab52e0e2777d7fc84ea89: 1573 ms
Input: 5500000,
Cold Start: false
Unique ID: ca3be38e89a0fce3391e2fb146fb1e02,
Execution Time for Trace ID ca3be38e89a0fce3391e2fb146fb1e02: 1604 ms
Input: 5500000,
Cold Start: false
Unique ID: d2cf4d3dc726caffc94443e6303ce84f,
Execution Time for Trace ID d2cf4d3dc726caffc94443e6303ce84f: 2388 ms
Input: 5500000,
Cold Start: false
Unique ID: 6f315da9a671683a7537316dcd47c905,
Execution Time for Trace ID 6f315da9a671683a7537316dcd47c905: 2405 ms
Input: 5500000,
Cold Start: false
Unique ID: fe2016e0ae7957a8751cf6ef24cc9661,
Execution Time for Trace ID fe2016e0ae7957a8751cf6ef24cc9661: 1526 ms
Input: 5500000,
Cold Start: false
Unique ID: c7b3a7a3358108e1794ae06b4b57bc7f,
Execution Time for Trace ID c7b3a7a3358108e1794ae06b4b57bc7f: 2534 ms
Input: 5500000,
Cold Start: false
Unique ID: de4d40d591b7c96420597127065baf74,
Execution Time for Trace ID de4d40d591b7c96420597127065baf74: 1518 ms
Input: 5500000,
Cold Start: false
Unique ID: 92799b1a61b8812db752b50d5a71fbdd,
Execution Time for Trace ID 92799b1a61b8812db752b50d5a71fbdd: 1582 ms
Input: 5500000,
Cold Start: false
Unique ID: 437945677e0f11f695c3392408dc49db,
Execution Time for Trace ID 437945677e0f11f695c3392408dc49db: 1569 ms
Input: 5500000,
Cold Start: false
Unique ID: bf4a261c32c918c43730647ae48c0e0a,
Execution Time for Trace ID bf4a261c32c918c43730647ae48c0e0a: 2032 ms
Input: 5500000,
Cold Start: false
