Unique ID: 53d8dc65-ce76-4f74-afb6-7bde73da1ad6,
Billed Duration for Request 53d8dc65-ce76-4f74-afb6-7bde73da1ad6: 1671 ms
Input: 5000000,
Cold Start: false
Unique ID: c292cb80-cd5a-4ff9-a96f-cf06d0b8c142,
Billed Duration for Request c292cb80-cd5a-4ff9-a96f-cf06d0b8c142: 1850 ms
Input: 5000000,
Cold Start: false
Unique ID: 37cf75a4-ce8a-469e-8d6f-c2b39da81991,
Billed Duration for Request 37cf75a4-ce8a-469e-8d6f-c2b39da81991: 1844 ms
Input: 5000000,
Cold Start: false
Unique ID: f4116cbe-25aa-45b0-b07e-e294a39ac4e2,
Billed Duration for Request f4116cbe-25aa-45b0-b07e-e294a39ac4e2: 1824 ms
Input: 5000000,
Cold Start: false
Unique ID: 6b766173-4e2f-4760-951e-0062391db25d,
Billed Duration for Request 6b766173-4e2f-4760-951e-0062391db25d: 1841 ms
Input: 5000000,
Cold Start: false
Unique ID: 2b9054fd-4a00-490c-8394-da2aebb1bbd1,
Billed Duration for Request 2b9054fd-4a00-490c-8394-da2aebb1bbd1: 1745 ms
Input: 5000000,
Cold Start: false
Unique ID: bcd747f0-51f7-4a33-a44d-da0f711559c1,
Billed Duration for Request bcd747f0-51f7-4a33-a44d-da0f711559c1: 1847 ms
Input: 5000000,
Cold Start: false
Unique ID: b847f9e8-15b6-47fa-bd43-3d5c1d734d29,
Billed Duration for Request b847f9e8-15b6-47fa-bd43-3d5c1d734d29: 1838 ms
Input: 5000000,
Cold Start: false
Unique ID: 6800bca0-33e1-4fb1-bdf9-9cb0c71f8ff6,
Billed Duration for Request 6800bca0-33e1-4fb1-bdf9-9cb0c71f8ff6: 1891 ms
Input: 5000000,
Cold Start: false
Unique ID: a2940514-455b-4fa9-9387-14f7ef41c50b,
Billed Duration for Request a2940514-455b-4fa9-9387-14f7ef41c50b: 1921 ms
Input: 5000000,
Cold Start: false
Unique ID: 3c489990-cc39-4c8e-b9d3-10f9ddb8227d,
Billed Duration for Request 3c489990-cc39-4c8e-b9d3-10f9ddb8227d: 1787 ms
Input: 5000000,
Cold Start: false
Unique ID: f3992767-9d60-4f7b-bef0-b288edcf08cb,
Billed Duration for Request f3992767-9d60-4f7b-bef0-b288edcf08cb: 1632 ms
Input: 5000000,
Cold Start: false
Unique ID: ab3121b8-755e-43a7-b0e5-f606b3683c1c,
Billed Duration for Request ab3121b8-755e-43a7-b0e5-f606b3683c1c: 1813 ms
Input: 5000000,
Cold Start: false
Unique ID: 1df1a593-1123-4231-a6c1-059ce8871c8f,
Billed Duration for Request 1df1a593-1123-4231-a6c1-059ce8871c8f: 1830 ms
Input: 5000000,
Cold Start: false
Unique ID: 3f68bd4e-5553-41af-9656-c7fec80308a4,
Billed Duration for Request 3f68bd4e-5553-41af-9656-c7fec80308a4: 1831 ms
Input: 5000000,
Cold Start: false
Unique ID: 9b5a44b1-7575-4175-8cfb-9f97c59cca9a,
Billed Duration for Request 9b5a44b1-7575-4175-8cfb-9f97c59cca9a: 1760 ms
Input: 5000000,
Cold Start: false
Unique ID: 0b758958-3bf6-49ad-b10b-618adba1988d,
Billed Duration for Request 0b758958-3bf6-49ad-b10b-618adba1988d: 1843 ms
Input: 5000000,
Cold Start: false
Unique ID: 90228b85-7a19-4b6b-b20e-2fb1123383f2,
Billed Duration for Request 90228b85-7a19-4b6b-b20e-2fb1123383f2: 1745 ms
Input: 5000000,
Cold Start: false
Unique ID: 3c4fd482-ca95-4de5-a8f1-67a9702b86fa,
Billed Duration for Request 3c4fd482-ca95-4de5-a8f1-67a9702b86fa: 1836 ms
Input: 5000000,
Cold Start: false
Unique ID: a1d2d881-7a01-41df-b15b-e8848d857166,
Billed Duration for Request a1d2d881-7a01-41df-b15b-e8848d857166: 1893 ms
Input: 5000000,
Cold Start: false
Unique ID: 45b194db-160f-42d2-aa3f-544a5d11b623,
Billed Duration for Request 45b194db-160f-42d2-aa3f-544a5d11b623: 1647 ms
Input: 5000000,
Cold Start: false
Unique ID: 93b46541-954c-47ab-b2fd-2ac60dc151bb,
Billed Duration for Request 93b46541-954c-47ab-b2fd-2ac60dc151bb: 1825 ms
Input: 5000000,
Cold Start: false
Unique ID: 58b2a3d7-38a6-4563-8cdc-d7599433efca,
Billed Duration for Request 58b2a3d7-38a6-4563-8cdc-d7599433efca: 1874 ms
Input: 5000000,
Cold Start: false
Unique ID: 2dda2de9-f49f-4363-aa42-9fb7c11cdfde,
Billed Duration for Request 2dda2de9-f49f-4363-aa42-9fb7c11cdfde: 1824 ms
Input: 5000000,
Cold Start: false
Unique ID: c78ac6b1-64b3-4369-ac49-19a0b601946b,
Billed Duration for Request c78ac6b1-64b3-4369-ac49-19a0b601946b: 1773 ms
Input: 5000000,
Cold Start: false
Unique ID: ba15daec-fab7-482e-95af-0ae4d8ad60d8,
Billed Duration for Request ba15daec-fab7-482e-95af-0ae4d8ad60d8: 1671 ms
Input: 5000000,
Cold Start: false
Unique ID: e6f9fc10-f256-4de5-9537-4ba5aa149ecc,
Billed Duration for Request e6f9fc10-f256-4de5-9537-4ba5aa149ecc: 1834 ms
Input: 5000000,
Cold Start: false
Unique ID: 4606fc7b-2968-49f4-b705-bcff46eb77d8,
Billed Duration for Request 4606fc7b-2968-49f4-b705-bcff46eb77d8: 1872 ms
Input: 5000000,
Cold Start: false
Unique ID: 6646aa06-ace8-403c-906f-9c5d2ed6fb1b,
Billed Duration for Request 6646aa06-ace8-403c-906f-9c5d2ed6fb1b: 1808 ms
Input: 5000000,
Cold Start: false
Unique ID: 68d145b1-a869-45b2-a006-0fcc64d73fbe,
Billed Duration for Request 68d145b1-a869-45b2-a006-0fcc64d73fbe: 1769 ms
Input: 5000000,
Cold Start: false
Unique ID: cac9cfd5-4df7-483f-b6eb-c4a831f8beff,
Billed Duration for Request cac9cfd5-4df7-483f-b6eb-c4a831f8beff: 1775 ms
Input: 5000000,
Cold Start: false
Unique ID: ab4f1195-4c70-484b-8ae4-7e8b7d63f066,
Billed Duration for Request ab4f1195-4c70-484b-8ae4-7e8b7d63f066: 1824 ms
Input: 5000000,
Cold Start: false
Unique ID: 9b144e16-3899-48f0-a6f4-b29ef0edce25,
Billed Duration for Request 9b144e16-3899-48f0-a6f4-b29ef0edce25: 1633 ms
Input: 5000000,
Cold Start: false
Unique ID: 3f49093b-9991-4ae9-9e38-c46b47aa7494,
Billed Duration for Request 3f49093b-9991-4ae9-9e38-c46b47aa7494: 1837 ms
Input: 5000000,
Cold Start: false
Unique ID: f096121c-6613-4487-b557-d9745ff5df27,
Billed Duration for Request f096121c-6613-4487-b557-d9745ff5df27: 1823 ms
Input: 5000000,
Cold Start: false
Unique ID: fdaee900-0048-4a1a-8d6a-8c39db4b22ae,
Billed Duration for Request fdaee900-0048-4a1a-8d6a-8c39db4b22ae: 1736 ms
Input: 5000000,
Cold Start: false
Unique ID: 4ebc761d-4fbe-40a6-a1b6-c20d3fac46de,
Billed Duration for Request 4ebc761d-4fbe-40a6-a1b6-c20d3fac46de: 1832 ms
Input: 5000000,
Cold Start: false
Unique ID: 10398c18-6a42-4205-a6b8-e9c0bf0c1a6f,
Billed Duration for Request 10398c18-6a42-4205-a6b8-e9c0bf0c1a6f: 1691 ms
Input: 5000000,
Cold Start: false
Unique ID: 69a58c57-208b-4eac-a774-161c7c8f6b5e,
Billed Duration for Request 69a58c57-208b-4eac-a774-161c7c8f6b5e: 1873 ms
Input: 5000000,
Cold Start: false
Unique ID: 620078c2-e96a-4be4-bf17-306074179ff4,
Billed Duration for Request 620078c2-e96a-4be4-bf17-306074179ff4: 1820 ms
Input: 5000000,
Cold Start: false
Unique ID: 648f487e-7cac-4d78-b283-58c2ba17f52e,
Billed Duration for Request 648f487e-7cac-4d78-b283-58c2ba17f52e: 1634 ms
Input: 5000000,
Cold Start: false
Unique ID: c590fb5a-2c67-4a39-a679-d0be4299da94,
Billed Duration for Request c590fb5a-2c67-4a39-a679-d0be4299da94: 1823 ms
Input: 5000000,
Cold Start: false
Unique ID: c968be6a-f98f-4225-817b-97cf45f7fc7f,
Billed Duration for Request c968be6a-f98f-4225-817b-97cf45f7fc7f: 1826 ms
Input: 5000000,
Cold Start: false
Unique ID: 0e759825-83b4-4b44-ba1e-9594be6895f9,
Billed Duration for Request 0e759825-83b4-4b44-ba1e-9594be6895f9: 1775 ms
Input: 5000000,
Cold Start: false
Unique ID: 7caefef4-3438-4f4d-a7a8-91c23d9cbc48,
Billed Duration for Request 7caefef4-3438-4f4d-a7a8-91c23d9cbc48: 1838 ms
Input: 5000000,
Cold Start: false
Unique ID: 98125844-1615-4bca-9682-0c003c5bd817,
Billed Duration for Request 98125844-1615-4bca-9682-0c003c5bd817: 1693 ms
Input: 5000000,
Cold Start: false
Unique ID: db7fc9eb-b9d0-48c7-abcc-f835fe6d1bd6,
Billed Duration for Request db7fc9eb-b9d0-48c7-abcc-f835fe6d1bd6: 1825 ms
Input: 5000000,
Cold Start: false
Unique ID: d8f09752-34a5-4d57-a52a-6d42bd2f628c,
Billed Duration for Request d8f09752-34a5-4d57-a52a-6d42bd2f628c: 1755 ms
Input: 5000000,
Cold Start: false
Unique ID: 97a5f633-2605-43af-98fb-4e5cc1e6e12d,
Billed Duration for Request 97a5f633-2605-43af-98fb-4e5cc1e6e12d: 1960 ms
Input: 5000000,
Cold Start: false
Unique ID: 29d1e77f-7420-4150-9f0c-0b3ee8495db7,
Billed Duration for Request 29d1e77f-7420-4150-9f0c-0b3ee8495db7: 1812 ms
Input: 5000000,
Cold Start: false
Unique ID: 34b57fa5-f1ec-46e9-8b54-9b06a0f5aa77,
Billed Duration for Request 34b57fa5-f1ec-46e9-8b54-9b06a0f5aa77: 1777 ms
Input: 5000000,
Cold Start: false
Unique ID: e9d95b92-4de2-493a-b4fa-9fd3f7697050,
Billed Duration for Request e9d95b92-4de2-493a-b4fa-9fd3f7697050: 1615 ms
Input: 5000000,
Cold Start: false
Unique ID: 5d0301d9-5587-45d1-9256-092beedf50b1,
Billed Duration for Request 5d0301d9-5587-45d1-9256-092beedf50b1: 1817 ms
Input: 5000000,
Cold Start: false
Unique ID: abb4d278-aa1f-42ff-a733-bf3fa23d3e43,
Billed Duration for Request abb4d278-aa1f-42ff-a733-bf3fa23d3e43: 1839 ms
Input: 5000000,
Cold Start: false
Unique ID: 06b46b17-631c-42c3-95e7-d897b66fa4d6,
Billed Duration for Request 06b46b17-631c-42c3-95e7-d897b66fa4d6: 1826 ms
Input: 5000000,
Cold Start: false
Unique ID: 3321cd5b-95d4-4797-86db-e8b1b49f9c2a,
Billed Duration for Request 3321cd5b-95d4-4797-86db-e8b1b49f9c2a: 1744 ms
Input: 5000000,
Cold Start: false
Unique ID: f6c20100-512b-4a83-ae61-72ba9272da4b,
Billed Duration for Request f6c20100-512b-4a83-ae61-72ba9272da4b: 1891 ms
Input: 5000000,
Cold Start: false
Unique ID: cc893445-1a84-44a8-bf24-050287a6c5fa,
Billed Duration for Request cc893445-1a84-44a8-bf24-050287a6c5fa: 1851 ms
Input: 5000000,
Cold Start: false
Unique ID: 640f95e6-d29f-4ede-afad-86e579fdf98b,
Billed Duration for Request 640f95e6-d29f-4ede-afad-86e579fdf98b: 1670 ms
Input: 5000000,
Cold Start: false
Unique ID: e98b3be9-5730-47b0-9781-2b83e0227a79,
Billed Duration for Request e98b3be9-5730-47b0-9781-2b83e0227a79: 1822 ms
Input: 5000000,
Cold Start: false
Unique ID: 3d39295d-291f-4e5f-8789-0b685f1a10b9,
Billed Duration for Request 3d39295d-291f-4e5f-8789-0b685f1a10b9: 1630 ms
Input: 5000000,
Cold Start: false
Unique ID: 32dcc5fe-c721-40d3-b13a-98a6d8458afd,
Billed Duration for Request 32dcc5fe-c721-40d3-b13a-98a6d8458afd: 1850 ms
Input: 5000000,
Cold Start: false
Unique ID: 79e75ace-6c5c-4204-88b1-7e851190eca2,
Billed Duration for Request 79e75ace-6c5c-4204-88b1-7e851190eca2: 1849 ms
Input: 5000000,
Cold Start: false
Unique ID: c74f64ed-b50c-4da6-a75e-82d2a7fa3ca0,
Billed Duration for Request c74f64ed-b50c-4da6-a75e-82d2a7fa3ca0: 1825 ms
Input: 5000000,
Cold Start: false
Unique ID: 1fb547f6-c97c-42ff-b8a6-d8ba39c06404,
Billed Duration for Request 1fb547f6-c97c-42ff-b8a6-d8ba39c06404: 1775 ms
Input: 5000000,
Cold Start: false
Unique ID: 53fcdff5-746e-4907-939d-511fc93bf9c6,
Billed Duration for Request 53fcdff5-746e-4907-939d-511fc93bf9c6: 1860 ms
Input: 5000000,
Cold Start: false
Unique ID: 595efdfb-6b55-486c-8dce-ff3248e812dd,
Billed Duration for Request 595efdfb-6b55-486c-8dce-ff3248e812dd: 1664 ms
Input: 5000000,
Cold Start: false
Unique ID: 315d7913-efe9-41b5-8cdb-cd912fe23a08,
Billed Duration for Request 315d7913-efe9-41b5-8cdb-cd912fe23a08: 1816 ms
Input: 5000000,
Cold Start: false
Unique ID: 783224c1-d834-4511-b99b-f251c3fd864d,
Billed Duration for Request 783224c1-d834-4511-b99b-f251c3fd864d: 1737 ms
Input: 5000000,
Cold Start: false
Unique ID: c6491a2f-43ca-4d87-b18b-bbd7b19589ca,
Billed Duration for Request c6491a2f-43ca-4d87-b18b-bbd7b19589ca: 1920 ms
Input: 5000000,
Cold Start: false
Unique ID: 7ee92b40-4682-44e8-9ee8-a4b09e5324c2,
Billed Duration for Request 7ee92b40-4682-44e8-9ee8-a4b09e5324c2: 1785 ms
Input: 5000000,
Cold Start: false
Unique ID: 7387fae7-ca6a-4655-b27a-eec1542dbcb1,
Billed Duration for Request 7387fae7-ca6a-4655-b27a-eec1542dbcb1: 1613 ms
Input: 5000000,
Cold Start: false
Unique ID: f7411de2-70ba-4a36-85d2-b976563d60ca,
Billed Duration for Request f7411de2-70ba-4a36-85d2-b976563d60ca: 1817 ms
Input: 5000000,
Cold Start: false
Unique ID: 13dbbf95-6014-4929-9133-b0ff38387173,
Billed Duration for Request 13dbbf95-6014-4929-9133-b0ff38387173: 1836 ms
Input: 5000000,
Cold Start: false
Unique ID: ef7c142f-bb6c-470a-85b1-d9db47ea4d26,
Billed Duration for Request ef7c142f-bb6c-470a-85b1-d9db47ea4d26: 1809 ms
Input: 5000000,
Cold Start: false
Unique ID: 474f7ed0-3a14-429b-becf-14b0be137791,
Billed Duration for Request 474f7ed0-3a14-429b-becf-14b0be137791: 1727 ms
Input: 5000000,
Cold Start: false
Unique ID: dd3d5d4f-5538-48d9-b21d-62e622293fa1,
Billed Duration for Request dd3d5d4f-5538-48d9-b21d-62e622293fa1: 1667 ms
Input: 5000000,
Cold Start: false
Unique ID: 5f24223d-b732-4d3a-99be-bbf15bcb29c5,
Billed Duration for Request 5f24223d-b732-4d3a-99be-bbf15bcb29c5: 1911 ms
Input: 5000000,
Cold Start: false
Unique ID: a36ff261-7a6a-43af-978e-23161eb3c75a,
Billed Duration for Request a36ff261-7a6a-43af-978e-23161eb3c75a: 1836 ms
Input: 5000000,
Cold Start: false
Unique ID: dda0f3bb-5768-4bb3-83d6-30b2969a2084,
Billed Duration for Request dda0f3bb-5768-4bb3-83d6-30b2969a2084: 1837 ms
Input: 5000000,
Cold Start: false
Unique ID: b623ceda-25e2-45d9-84c2-f6cb8b07cc7c,
Billed Duration for Request b623ceda-25e2-45d9-84c2-f6cb8b07cc7c: 1611 ms
Input: 5000000,
Cold Start: false
Unique ID: 8af8d8ff-54b0-479a-85a9-f3c06c2dee82,
Billed Duration for Request 8af8d8ff-54b0-479a-85a9-f3c06c2dee82: 1812 ms
Input: 5000000,
Cold Start: false
Unique ID: e2c48f71-e1cf-491b-989e-8e97b1e497d5,
Billed Duration for Request e2c48f71-e1cf-491b-989e-8e97b1e497d5: 1867 ms
Input: 5000000,
Cold Start: false
Unique ID: d5ac6265-6061-46f7-945f-5e6ad6dcaf36,
Billed Duration for Request d5ac6265-6061-46f7-945f-5e6ad6dcaf36: 1824 ms
Input: 5000000,
Cold Start: false
Unique ID: f35b4851-c26a-4fbf-9b73-07e1c5f7665f,
Billed Duration for Request f35b4851-c26a-4fbf-9b73-07e1c5f7665f: 1773 ms
Input: 5000000,
Cold Start: false
Unique ID: cacc8e77-cf9d-4ede-a010-f70c668395b8,
Billed Duration for Request cacc8e77-cf9d-4ede-a010-f70c668395b8: 1649 ms
Input: 5000000,
Cold Start: false
Unique ID: 524f38d2-03fa-48ac-946a-be058c068f18,
Billed Duration for Request 524f38d2-03fa-48ac-946a-be058c068f18: 1834 ms
Input: 5000000,
Cold Start: false
Unique ID: 5dc7050f-4221-4d2b-a5c6-161f9f774faf,
Billed Duration for Request 5dc7050f-4221-4d2b-a5c6-161f9f774faf: 1834 ms
Input: 5000000,
Cold Start: false
Unique ID: df19f008-e363-484a-9f76-d30f41e5cacd,
Billed Duration for Request df19f008-e363-484a-9f76-d30f41e5cacd: 1734 ms
Input: 5000000,
Cold Start: false
Unique ID: 8c0a810d-ec49-4fec-81c4-a47364406fac,
Billed Duration for Request 8c0a810d-ec49-4fec-81c4-a47364406fac: 1906 ms
Input: 5000000,
Cold Start: false
Unique ID: 6e844e76-7c46-49e1-8b44-e2c9e69268b6,
Billed Duration for Request 6e844e76-7c46-49e1-8b44-e2c9e69268b6: 1783 ms
Input: 5000000,
Cold Start: false
Unique ID: c238b023-a010-48d4-8e2d-435daa95647f,
Billed Duration for Request c238b023-a010-48d4-8e2d-435daa95647f: 1636 ms
Input: 5000000,
Cold Start: false
Unique ID: 4b9a1555-4ad1-4dfd-8281-16ff979d5938,
Billed Duration for Request 4b9a1555-4ad1-4dfd-8281-16ff979d5938: 1820 ms
Input: 5000000,
Cold Start: false
Unique ID: b5becc6f-16c1-49f2-a9ce-403b991decdb,
Billed Duration for Request b5becc6f-16c1-49f2-a9ce-403b991decdb: 1837 ms
Input: 5000000,
Cold Start: false
Unique ID: 2b64dafb-b7d9-4358-895f-ebea51bcb73e,
Billed Duration for Request 2b64dafb-b7d9-4358-895f-ebea51bcb73e: 1807 ms
Input: 5000000,
Cold Start: false
Unique ID: 8aa7b4ce-b201-4566-b40d-b9ded94bc06a,
Billed Duration for Request 8aa7b4ce-b201-4566-b40d-b9ded94bc06a: 1733 ms
Input: 5000000,
Cold Start: false
Unique ID: 1ef31286-c421-4a55-b4f0-effdf25617b5,
Billed Duration for Request 1ef31286-c421-4a55-b4f0-effdf25617b5: 1666 ms
Input: 5000000,
Cold Start: false
Unique ID: 109030cc-7762-44a9-9323-4901b34103f5,
Billed Duration for Request 109030cc-7762-44a9-9323-4901b34103f5: 1892 ms
Input: 5000000,
Cold Start: false
Unique ID: 5f163a51-2a3d-4a45-9cab-001c512e0f5e,
Billed Duration for Request 5f163a51-2a3d-4a45-9cab-001c512e0f5e: 1825 ms
Input: 5000000,
Cold Start: false
Unique ID: 46be0689-4ae6-4be1-8634-43d8b94632fc,
Billed Duration for Request 46be0689-4ae6-4be1-8634-43d8b94632fc: 1813 ms
Input: 5000000,
Cold Start: false
Unique ID: 77faa544-ae0b-4440-b1e8-1ce84a64fa4e,
Billed Duration for Request 77faa544-ae0b-4440-b1e8-1ce84a64fa4e: 1654 ms
Input: 5000000,
Cold Start: false
Unique ID: 89addcde-8d99-4df5-91cd-52d1df166c44,
Billed Duration for Request 89addcde-8d99-4df5-91cd-52d1df166c44: 1833 ms
Input: 5000000,
Cold Start: false
Unique ID: 80b1f1e0-134c-4813-9037-44760387c643,
Billed Duration for Request 80b1f1e0-134c-4813-9037-44760387c643: 1851 ms
Input: 5000000,
Cold Start: false
Unique ID: ec7b2208-d02d-4b68-9a44-ca65aef667c4,
Billed Duration for Request ec7b2208-d02d-4b68-9a44-ca65aef667c4: 1767 ms
Input: 5000000,
Cold Start: false
Unique ID: 10502dea-7dfd-418e-a96b-46a9e4c74d4a,
Billed Duration for Request 10502dea-7dfd-418e-a96b-46a9e4c74d4a: 1899 ms
Input: 5000000,
Cold Start: false
Unique ID: 5185b911-ea46-48dc-b58f-e3ac8a848753,
Billed Duration for Request 5185b911-ea46-48dc-b58f-e3ac8a848753: 1626 ms
Input: 5000000,
Cold Start: false
Unique ID: 6e262344-3cb9-4109-b529-3bf9b4c2383e,
Billed Duration for Request 6e262344-3cb9-4109-b529-3bf9b4c2383e: 1833 ms
Input: 5000000,
Cold Start: false
Unique ID: 391af05d-da72-4454-ad3a-66910684934a,
Billed Duration for Request 391af05d-da72-4454-ad3a-66910684934a: 1857 ms
Input: 5000000,
Cold Start: false
Unique ID: 4ebfb1ea-0988-4f56-9246-a3423a76d006,
Billed Duration for Request 4ebfb1ea-0988-4f56-9246-a3423a76d006: 1833 ms
Input: 5000000,
Cold Start: false
Unique ID: 4c324773-d683-4cc6-b555-372886905331,
Billed Duration for Request 4c324773-d683-4cc6-b555-372886905331: 1775 ms
Input: 5000000,
Cold Start: false
Unique ID: dd6200e8-dc49-406f-8b3d-b2a63f63b43e,
Billed Duration for Request dd6200e8-dc49-406f-8b3d-b2a63f63b43e: 1750 ms
Input: 5000000,
Cold Start: false
Unique ID: c27b8d5e-0cf4-4d21-a4bb-6a4954ef3616,
Billed Duration for Request c27b8d5e-0cf4-4d21-a4bb-6a4954ef3616: 1652 ms
Input: 5000000,
Cold Start: false
Unique ID: d9a420ae-7046-4f48-ba5a-3009707787f8,
Billed Duration for Request d9a420ae-7046-4f48-ba5a-3009707787f8: 1897 ms
Input: 5000000,
Cold Start: false
Unique ID: 42409431-592a-4f61-982a-1f51f27ddab6,
Billed Duration for Request 42409431-592a-4f61-982a-1f51f27ddab6: 1870 ms
Input: 5000000,
Cold Start: false
Unique ID: dc9ecc0a-4b95-43e2-86de-260bce4695b3,
Billed Duration for Request dc9ecc0a-4b95-43e2-86de-260bce4695b3: 1822 ms
Input: 5000000,
Cold Start: false
Unique ID: 2fcb4c33-19ad-44cf-9bfa-3220e28fd78b,
Billed Duration for Request 2fcb4c33-19ad-44cf-9bfa-3220e28fd78b: 1824 ms
Input: 5000000,
Cold Start: false
Unique ID: c91f03b0-0cd0-41da-9998-094a6bf4f39f,
Billed Duration for Request c91f03b0-0cd0-41da-9998-094a6bf4f39f: 1610 ms
Input: 5000000,
Cold Start: false
Unique ID: ce55fd1d-d978-4f15-805e-4e658df003be,
Billed Duration for Request ce55fd1d-d978-4f15-805e-4e658df003be: 1784 ms
Input: 5000000,
Cold Start: false
Unique ID: 4cb4cfef-b111-4a4c-8563-056aa306e344,
Billed Duration for Request 4cb4cfef-b111-4a4c-8563-056aa306e344: 1831 ms
Input: 5000000,
Cold Start: false
Unique ID: 247bc340-fc7c-43c3-b5d5-bdfdd08d59cb,
Billed Duration for Request 247bc340-fc7c-43c3-b5d5-bdfdd08d59cb: 1826 ms
Input: 5000000,
Cold Start: false
Unique ID: 02ac66e6-c17e-4edf-b871-2a6f1297a6e4,
Billed Duration for Request 02ac66e6-c17e-4edf-b871-2a6f1297a6e4: 1818 ms
Input: 5000000,
Cold Start: false
Unique ID: 1c7046c8-146a-472b-8e1f-b70c63910a3e,
Billed Duration for Request 1c7046c8-146a-472b-8e1f-b70c63910a3e: 1645 ms
Input: 5000000,
Cold Start: false
Unique ID: c65dfc51-0793-43b9-a070-2606d2381b6a,
Billed Duration for Request c65dfc51-0793-43b9-a070-2606d2381b6a: 1839 ms
Input: 5000000,
Cold Start: false
Unique ID: 64b1dcc2-865f-4707-9382-d119eb691d0b,
Billed Duration for Request 64b1dcc2-865f-4707-9382-d119eb691d0b: 1887 ms
Input: 5000000,
Cold Start: false
Unique ID: 612064cc-904f-4aad-bd45-f128354bc849,
Billed Duration for Request 612064cc-904f-4aad-bd45-f128354bc849: 1747 ms
Input: 5000000,
Cold Start: false
Unique ID: 2c5c9651-bfb7-4676-bb51-6ec9584d2bf3,
Billed Duration for Request 2c5c9651-bfb7-4676-bb51-6ec9584d2bf3: 1825 ms
Input: 5000000,
Cold Start: false
Unique ID: 0cb64d54-8705-4776-beb6-3203a5e8c0f6,
Billed Duration for Request 0cb64d54-8705-4776-beb6-3203a5e8c0f6: 1597 ms
Input: 5000000,
Cold Start: false
Unique ID: 5ce9ee61-14f9-4d1c-8d85-ab017e3b25c7,
Billed Duration for Request 5ce9ee61-14f9-4d1c-8d85-ab017e3b25c7: 1773 ms
Input: 5000000,
Cold Start: false
Unique ID: 152bafd4-5b35-4c84-bf4d-936438ceb34b,
Billed Duration for Request 152bafd4-5b35-4c84-bf4d-936438ceb34b: 1839 ms
Input: 5000000,
Cold Start: false
Unique ID: ab79d27c-46a8-46a2-9363-9d5522aa088a,
Billed Duration for Request ab79d27c-46a8-46a2-9363-9d5522aa088a: 1796 ms
Input: 5000000,
Cold Start: false
Unique ID: 095505b3-6849-4be0-b915-72b78b4b3528,
Billed Duration for Request 095505b3-6849-4be0-b915-72b78b4b3528: 1753 ms
Input: 5000000,
Cold Start: false
Unique ID: 336b2b4e-4e57-4cbe-bc30-b42193c4faf8,
Billed Duration for Request 336b2b4e-4e57-4cbe-bc30-b42193c4faf8: 1653 ms
Input: 5000000,
Cold Start: false
Unique ID: 056f5641-268f-4c45-b3cd-dd84c2551a4e,
Billed Duration for Request 056f5641-268f-4c45-b3cd-dd84c2551a4e: 1829 ms
Input: 5000000,
Cold Start: false
Unique ID: fe644de4-1ae6-4a2b-b402-3157d5ef1512,
Billed Duration for Request fe644de4-1ae6-4a2b-b402-3157d5ef1512: 1915 ms
Input: 5000000,
Cold Start: false
Unique ID: 2c0c3e1d-993b-4fc9-b377-d7e22dbb8f9d,
Billed Duration for Request 2c0c3e1d-993b-4fc9-b377-d7e22dbb8f9d: 1836 ms
Input: 5000000,
Cold Start: false
Unique ID: 50c87108-812e-4c20-8ff6-0f01fdea68f4,
Billed Duration for Request 50c87108-812e-4c20-8ff6-0f01fdea68f4: 1791 ms
Input: 5000000,
Cold Start: false
Unique ID: b0206a49-aade-4ea1-a20f-cffb2c8fef0b,
Billed Duration for Request b0206a49-aade-4ea1-a20f-cffb2c8fef0b: 1633 ms
Input: 5000000,
Cold Start: false
Unique ID: 8250febf-f972-494a-a257-46a954434602,
Billed Duration for Request 8250febf-f972-494a-a257-46a954434602: 1772 ms
Input: 5000000,
Cold Start: false
Unique ID: 4a2f065f-e762-4ccb-b516-70574fa18ab9,
Billed Duration for Request 4a2f065f-e762-4ccb-b516-70574fa18ab9: 1854 ms
Input: 5000000,
Cold Start: false
Unique ID: 8e47edf7-ea04-467e-ad78-c4b65aaf5cc4,
Billed Duration for Request 8e47edf7-ea04-467e-ad78-c4b65aaf5cc4: 1834 ms
Input: 5000000,
Cold Start: false
Unique ID: 869993b6-c88f-4043-9ca3-d8218fa7e377,
Billed Duration for Request 869993b6-c88f-4043-9ca3-d8218fa7e377: 1833 ms
Input: 5000000,
Cold Start: false
Unique ID: 43803428-f792-4bcf-9dc4-5c1ca186a3a6,
Billed Duration for Request 43803428-f792-4bcf-9dc4-5c1ca186a3a6: 1660 ms
Input: 5000000,
Cold Start: false
Unique ID: d46cc536-38cd-49b8-83f1-30559b5eb7fc,
Billed Duration for Request d46cc536-38cd-49b8-83f1-30559b5eb7fc: 1812 ms
Input: 5000000,
Cold Start: false
Unique ID: 8c74e4d9-1880-4646-afd0-b121638df1b2,
Billed Duration for Request 8c74e4d9-1880-4646-afd0-b121638df1b2: 1895 ms
Input: 5000000,
Cold Start: false
Unique ID: 72ed6530-7471-4d51-ac53-6710d7da3641,
Billed Duration for Request 72ed6530-7471-4d51-ac53-6710d7da3641: 1762 ms
Input: 5000000,
Cold Start: false
Unique ID: e2bd712e-26cb-462b-af0e-29c9e33429a7,
Billed Duration for Request e2bd712e-26cb-462b-af0e-29c9e33429a7: 1815 ms
Input: 5000000,
Cold Start: false
Unique ID: 9b67fc7b-d4c6-4515-9bec-6929f501ac6f,
Billed Duration for Request 9b67fc7b-d4c6-4515-9bec-6929f501ac6f: 1767 ms
Input: 5000000,
Cold Start: false
Unique ID: 1f575b01-8875-4dc8-8b25-e30d10c4b79a,
Billed Duration for Request 1f575b01-8875-4dc8-8b25-e30d10c4b79a: 1661 ms
Input: 5000000,
Cold Start: false
Unique ID: 9249ba88-70f9-4540-906e-afb56b85fbf7,
Billed Duration for Request 9249ba88-70f9-4540-906e-afb56b85fbf7: 1824 ms
Input: 5000000,
Cold Start: false
Unique ID: 1d256b47-3790-4aee-898f-936e71d3df2a,
Billed Duration for Request 1d256b47-3790-4aee-898f-936e71d3df2a: 1820 ms
Input: 5000000,
Cold Start: false
Unique ID: 7665d57b-b340-473b-9f18-bea87bb03f1e,
Billed Duration for Request 7665d57b-b340-473b-9f18-bea87bb03f1e: 1751 ms
Input: 5000000,
Cold Start: false
Unique ID: dff8f6aa-79bc-470f-b43d-de166dc3e567,
Billed Duration for Request dff8f6aa-79bc-470f-b43d-de166dc3e567: 1686 ms
Input: 5000000,
Cold Start: false
Unique ID: f802f407-ae8a-44e5-a852-ab41b03dd681,
Billed Duration for Request f802f407-ae8a-44e5-a852-ab41b03dd681: 1828 ms
Input: 5000000,
Cold Start: false
Unique ID: 5735378f-6b5d-4bf2-b321-99c6a94c86da,
Billed Duration for Request 5735378f-6b5d-4bf2-b321-99c6a94c86da: 1911 ms
Input: 5000000,
Cold Start: false
Unique ID: 7e4ec53b-c703-4778-8f1b-0aaa1cc8aab3,
Billed Duration for Request 7e4ec53b-c703-4778-8f1b-0aaa1cc8aab3: 1815 ms
Input: 5000000,
Cold Start: false
Unique ID: 2b58ba74-ed62-4b23-95f1-15892ff9b290,
Billed Duration for Request 2b58ba74-ed62-4b23-95f1-15892ff9b290: 1667 ms
Input: 5000000,
Cold Start: false
Unique ID: d3a90eab-c23f-4e05-8f57-729d27ca9321,
Billed Duration for Request d3a90eab-c23f-4e05-8f57-729d27ca9321: 1817 ms
Input: 5000000,
Cold Start: false
Unique ID: ebb2c59f-ef29-463f-9203-b46bc935122d,
Billed Duration for Request ebb2c59f-ef29-463f-9203-b46bc935122d: 1833 ms
Input: 5000000,
Cold Start: false
Unique ID: be305036-74df-4240-9e19-1cedf14a3653,
Billed Duration for Request be305036-74df-4240-9e19-1cedf14a3653: 1784 ms
Input: 5000000,
Cold Start: false
Unique ID: ee661549-347e-482a-ae8c-910fdcc16def,
Billed Duration for Request ee661549-347e-482a-ae8c-910fdcc16def: 1836 ms
Input: 5000000,
Cold Start: false
Unique ID: a82652d9-7101-47fa-8175-1aaecae6febb,
Billed Duration for Request a82652d9-7101-47fa-8175-1aaecae6febb: 1854 ms
Input: 5000000,
Cold Start: false
Unique ID: 1b96453f-fbfb-49f8-908b-23e7a2ac34a5,
Billed Duration for Request 1b96453f-fbfb-49f8-908b-23e7a2ac34a5: 1683 ms
Input: 5000000,
Cold Start: false
Unique ID: fa70e16e-fc24-4cd9-b899-86ab0f77b515,
Billed Duration for Request fa70e16e-fc24-4cd9-b899-86ab0f77b515: 1828 ms
Input: 5000000,
Cold Start: false
Unique ID: 4e5ba443-a1d7-42fe-b930-fbd37bf17d79,
Billed Duration for Request 4e5ba443-a1d7-42fe-b930-fbd37bf17d79: 1894 ms
Input: 5000000,
Cold Start: false
Unique ID: 92fbd988-4810-4217-ba08-dd52bcb0e22e,
Billed Duration for Request 92fbd988-4810-4217-ba08-dd52bcb0e22e: 1763 ms
Input: 5000000,
Cold Start: false
Unique ID: ea012cdd-dda4-4a4a-9a32-cf67437e98fa,
Billed Duration for Request ea012cdd-dda4-4a4a-9a32-cf67437e98fa: 1785 ms
Input: 5000000,
Cold Start: false
Unique ID: 98fd8e85-6ac7-4fa6-876d-bb4ae9433315,
Billed Duration for Request 98fd8e85-6ac7-4fa6-876d-bb4ae9433315: 1659 ms
Input: 5000000,
Cold Start: false
Unique ID: f650009b-f024-4597-983a-3d440c6569d7,
Billed Duration for Request f650009b-f024-4597-983a-3d440c6569d7: 1835 ms
Input: 5000000,
Cold Start: false
Unique ID: 816bcc3e-5ada-4795-89a2-f53b2e2b8415,
Billed Duration for Request 816bcc3e-5ada-4795-89a2-f53b2e2b8415: 1829 ms
Input: 5000000,
Cold Start: false
Unique ID: 1934699c-2a2e-405f-a07c-4e362c2f25f9,
Billed Duration for Request 1934699c-2a2e-405f-a07c-4e362c2f25f9: 1815 ms
Input: 5000000,
Cold Start: false
Unique ID: 9c8fc84b-3037-4eda-9a61-0226fe82d5f0,
Billed Duration for Request 9c8fc84b-3037-4eda-9a61-0226fe82d5f0: 1752 ms
Input: 5000000,
Cold Start: false
Unique ID: a295f19e-1d24-49df-b332-febf7e691268,
Billed Duration for Request a295f19e-1d24-49df-b332-febf7e691268: 1665 ms
Input: 5000000,
Cold Start: false
Unique ID: c7eee417-91ea-42b2-b318-22fe67cd734a,
Billed Duration for Request c7eee417-91ea-42b2-b318-22fe67cd734a: 1830 ms
Input: 5000000,
Cold Start: false
Unique ID: 9055c910-88c8-4acd-a0ee-614ca6e48d5c,
Billed Duration for Request 9055c910-88c8-4acd-a0ee-614ca6e48d5c: 1895 ms
Input: 5000000,
Cold Start: false
Unique ID: 159dd6fa-25c7-4181-bf61-bdfd34459c12,
Billed Duration for Request 159dd6fa-25c7-4181-bf61-bdfd34459c12: 1863 ms
Input: 5000000,
Cold Start: false
Unique ID: 6e96d6f5-db1d-4918-a128-e9bcb1e2a5ba,
Billed Duration for Request 6e96d6f5-db1d-4918-a128-e9bcb1e2a5ba: 1648 ms
Input: 5000000,
Cold Start: false
Unique ID: 0994031c-aea4-42ae-88b6-ace4d37ba976,
Billed Duration for Request 0994031c-aea4-42ae-88b6-ace4d37ba976: 1818 ms
Input: 5000000,
Cold Start: false
Unique ID: c810ab99-6c2a-4473-a892-eb52eb642eec,
Billed Duration for Request c810ab99-6c2a-4473-a892-eb52eb642eec: 1860 ms
Input: 5000000,
Cold Start: false
Unique ID: f49fc14e-eff6-4ace-b6e6-783e182d6c55,
Billed Duration for Request f49fc14e-eff6-4ace-b6e6-783e182d6c55: 1823 ms
Input: 5000000,
Cold Start: false
Unique ID: 75e5b085-2c19-464e-bf8a-3620d16bd681,
Billed Duration for Request 75e5b085-2c19-464e-bf8a-3620d16bd681: 1759 ms
Input: 5000000,
Cold Start: false
Unique ID: ffa29133-31e3-4aad-9c8f-86c70e559b85,
Billed Duration for Request ffa29133-31e3-4aad-9c8f-86c70e559b85: 1683 ms
Input: 5000000,
Cold Start: false
Unique ID: cab09e73-abe4-4ff0-9503-e04a90297bc2,
Billed Duration for Request cab09e73-abe4-4ff0-9503-e04a90297bc2: 1861 ms
Input: 5000000,
Cold Start: false
Unique ID: 57d33a89-26e2-4b46-8cee-9938b02d9190,
Billed Duration for Request 57d33a89-26e2-4b46-8cee-9938b02d9190: 1902 ms
Input: 5000000,
Cold Start: false
Unique ID: baa63684-9d35-4419-a615-5d9e79c1b300,
Billed Duration for Request baa63684-9d35-4419-a615-5d9e79c1b300: 1833 ms
Input: 5000000,
Cold Start: false
Unique ID: 44b720f3-8f7b-45bf-852e-165316c0178f,
Billed Duration for Request 44b720f3-8f7b-45bf-852e-165316c0178f: 1762 ms
Input: 5000000,
Cold Start: false
Unique ID: c4111bd1-0f1e-4434-9224-e524120c47b6,
Billed Duration for Request c4111bd1-0f1e-4434-9224-e524120c47b6: 1790 ms
Input: 5000000,
Cold Start: false
Unique ID: c8d732fb-e997-4fdb-bd07-7c54416fca1e,
Billed Duration for Request c8d732fb-e997-4fdb-bd07-7c54416fca1e: 1654 ms
Input: 5000000,
Cold Start: false
Unique ID: 4aea37d8-d4a9-4f32-b0ad-0b493c06bf6d,
Billed Duration for Request 4aea37d8-d4a9-4f32-b0ad-0b493c06bf6d: 1815 ms
Input: 5000000,
Cold Start: false
Unique ID: 73cc793b-bd0c-490d-ae4d-63b8fde53061,
Billed Duration for Request 73cc793b-bd0c-490d-ae4d-63b8fde53061: 1831 ms
Input: 5000000,
Cold Start: false
Unique ID: 2aaa2a30-eeef-412a-9618-06ef8463de88,
Billed Duration for Request 2aaa2a30-eeef-412a-9618-06ef8463de88: 1815 ms
Input: 5000000,
Cold Start: false
Unique ID: d7ce0f96-85f7-4379-9484-cbbacdd8587a,
Billed Duration for Request d7ce0f96-85f7-4379-9484-cbbacdd8587a: 1762 ms
Input: 5000000,
Cold Start: false
Unique ID: 27cf711d-8b30-459e-86b3-f56bfaa82c3d,
Billed Duration for Request 27cf711d-8b30-459e-86b3-f56bfaa82c3d: 1838 ms
Input: 5000000,
Cold Start: false
Unique ID: f00ace11-07ef-4af4-87ae-18213bad5a9f,
Billed Duration for Request f00ace11-07ef-4af4-87ae-18213bad5a9f: 1669 ms
Input: 5000000,
Cold Start: false
Unique ID: d72c9347-52da-4fb7-a50f-34aaf4caea10,
Billed Duration for Request d72c9347-52da-4fb7-a50f-34aaf4caea10: 1808 ms
Input: 5000000,
Cold Start: false
Unique ID: b527479d-bffa-4992-8944-c12973001bfc,
Billed Duration for Request b527479d-bffa-4992-8944-c12973001bfc: 1924 ms
Input: 5000000,
Cold Start: false
Unique ID: 393254c2-f77f-47cf-af3b-678c44cb3fb4,
Billed Duration for Request 393254c2-f77f-47cf-af3b-678c44cb3fb4: 1649 ms
Input: 5000000,
Cold Start: false
Unique ID: 79c51d9b-4af7-4936-8800-cb6e4470045f,
Billed Duration for Request 79c51d9b-4af7-4936-8800-cb6e4470045f: 1848 ms
Input: 5000000,
Cold Start: false
Unique ID: 8483f624-fd2f-44dc-b4c3-ffb9bd18ddd7,
Billed Duration for Request 8483f624-fd2f-44dc-b4c3-ffb9bd18ddd7: 1804 ms
Input: 5000000,
Cold Start: false
Unique ID: fa448e01-974c-4da3-bc30-66ae24a00058,
Billed Duration for Request fa448e01-974c-4da3-bc30-66ae24a00058: 1762 ms
Input: 5000000,
Cold Start: false
Unique ID: 421cb40f-6ef3-46ed-b00e-3053f09b9838,
Billed Duration for Request 421cb40f-6ef3-46ed-b00e-3053f09b9838: 1815 ms
Input: 5000000,
Cold Start: false
