Unique ID: 4dbce226-1ef5-499f-9496-f1af1b59f5e3,
Billed Duration for Request 4dbce226-1ef5-499f-9496-f1af1b59f5e3: 1807 ms
Input: 5500000,
Cold Start: false
Unique ID: e449188a-f7a8-479d-a5bd-001690ff1dfa,
Billed Duration for Request e449188a-f7a8-479d-a5bd-001690ff1dfa: 1943 ms
Input: 5500000,
Cold Start: false
Unique ID: bb98768d-07ac-4233-b976-2dca221da449,
Billed Duration for Request bb98768d-07ac-4233-b976-2dca221da449: 2035 ms
Input: 5500000,
Cold Start: false
Unique ID: cca79c7c-31dd-4a6f-bbed-4be6a95c35fb,
Billed Duration for Request cca79c7c-31dd-4a6f-bbed-4be6a95c35fb: 1978 ms
Input: 5500000,
Cold Start: false
Unique ID: 104e1db7-f308-4987-8b06-ccaebc52667e,
Billed Duration for Request 104e1db7-f308-4987-8b06-ccaebc52667e: 2018 ms
Input: 5500000,
Cold Start: false
Unique ID: 4c2ef654-dcdf-4ff8-a1b3-10611544b7f0,
Billed Duration for Request 4c2ef654-dcdf-4ff8-a1b3-10611544b7f0: 1811 ms
Input: 5500000,
Cold Start: false
Unique ID: decf7c89-3a95-42d0-a0c8-b2269499b08f,
Billed Duration for Request decf7c89-3a95-42d0-a0c8-b2269499b08f: 2008 ms
Input: 5500000,
Cold Start: false
Unique ID: 5e81ff93-40b0-4ed9-ba92-9be2e3c1ed5a,
Billed Duration for Request 5e81ff93-40b0-4ed9-ba92-9be2e3c1ed5a: 2068 ms
Input: 5500000,
Cold Start: false
Unique ID: 44acae7e-c2a5-45fa-9a88-14a554dab0a8,
Billed Duration for Request 44acae7e-c2a5-45fa-9a88-14a554dab0a8: 1906 ms
Input: 5500000,
Cold Start: false
Unique ID: f61ac523-7a1a-4933-b1e1-43108c5a3bb2,
Billed Duration for Request f61ac523-7a1a-4933-b1e1-43108c5a3bb2: 2050 ms
Input: 5500000,
Cold Start: false
Unique ID: 3dcc7e7a-068a-44b0-a957-e5db86dd1739,
Billed Duration for Request 3dcc7e7a-068a-44b0-a957-e5db86dd1739: 1807 ms
Input: 5500000,
Cold Start: false
Unique ID: 2ab9325e-e076-4b29-883d-03d7495f3389,
Billed Duration for Request 2ab9325e-e076-4b29-883d-03d7495f3389: 1995 ms
Input: 5500000,
Cold Start: false
Unique ID: 07c30a84-af35-43cd-8a07-6cb77db7b5f7,
Billed Duration for Request 07c30a84-af35-43cd-8a07-6cb77db7b5f7: 1967 ms
Input: 5500000,
Cold Start: false
Unique ID: 33087c8d-8d97-434e-93a1-64391d67523c,
Billed Duration for Request 33087c8d-8d97-434e-93a1-64391d67523c: 2014 ms
Input: 5500000,
Cold Start: false
Unique ID: f4ef442b-f768-48b7-826f-8ae7bd1bfc64,
Billed Duration for Request f4ef442b-f768-48b7-826f-8ae7bd1bfc64: 2017 ms
Input: 5500000,
Cold Start: false
Unique ID: 7ee30439-16a0-4e5f-9ee8-74c1a321018b,
Billed Duration for Request 7ee30439-16a0-4e5f-9ee8-74c1a321018b: 1823 ms
Input: 5500000,
Cold Start: false
Unique ID: 97c4fdb6-ff9f-4c0e-a375-4b3abcc6f3a7,
Billed Duration for Request 97c4fdb6-ff9f-4c0e-a375-4b3abcc6f3a7: 1909 ms
Input: 5500000,
Cold Start: false
Unique ID: d8425e19-f786-4b98-a92b-7a3f1f81054e,
Billed Duration for Request d8425e19-f786-4b98-a92b-7a3f1f81054e: 2068 ms
Input: 5500000,
Cold Start: false
Unique ID: 51677868-0af5-41ac-af11-4c89dfb20a69,
Billed Duration for Request 51677868-0af5-41ac-af11-4c89dfb20a69: 1791 ms
Input: 5500000,
Cold Start: false
Unique ID: 82473bff-00b4-40d1-8e93-5cbc003b36f3,
Billed Duration for Request 82473bff-00b4-40d1-8e93-5cbc003b36f3: 2016 ms
Input: 5500000,
Cold Start: false
Unique ID: 6f2f5569-c560-4221-964f-6804e889ad95,
Billed Duration for Request 6f2f5569-c560-4221-964f-6804e889ad95: 1990 ms
Input: 5500000,
Cold Start: false
Unique ID: 13db8681-403e-4ab4-be1e-daa7cfc98b4a,
Billed Duration for Request 13db8681-403e-4ab4-be1e-daa7cfc98b4a: 2044 ms
Input: 5500000,
Cold Start: false
Unique ID: ff94fe4f-6a2b-4e1d-91df-b83a132923b6,
Billed Duration for Request ff94fe4f-6a2b-4e1d-91df-b83a132923b6: 1962 ms
Input: 5500000,
Cold Start: false
Unique ID: f8412001-2d7d-4162-8d70-646fd6d1ff0c,
Billed Duration for Request f8412001-2d7d-4162-8d70-646fd6d1ff0c: 1833 ms
Input: 5500000,
Cold Start: false
Unique ID: 0b890e51-e666-45f6-9bd6-e5f80b2d04fe,
Billed Duration for Request 0b890e51-e666-45f6-9bd6-e5f80b2d04fe: 1926 ms
Input: 5500000,
Cold Start: false
Unique ID: 933f7e05-ddc0-4bf8-862d-502fb0c993e7,
Billed Duration for Request 933f7e05-ddc0-4bf8-862d-502fb0c993e7: 1994 ms
Input: 5500000,
Cold Start: false
Unique ID: 9f06583c-b08d-4530-80e0-84ee602a77cd,
Billed Duration for Request 9f06583c-b08d-4530-80e0-84ee602a77cd: 1990 ms
Input: 5500000,
Cold Start: false
Unique ID: aaa5645a-7e93-47dd-8d96-f8cabe175fd8,
Billed Duration for Request aaa5645a-7e93-47dd-8d96-f8cabe175fd8: 1805 ms
Input: 5500000,
Cold Start: false
Unique ID: f41364f0-0475-4dea-9d48-2d7eb63b2ee1,
Billed Duration for Request f41364f0-0475-4dea-9d48-2d7eb63b2ee1: 1977 ms
Input: 5500000,
Cold Start: false
Unique ID: f897ce27-cf24-4f96-b831-e3035e382b0d,
Billed Duration for Request f897ce27-cf24-4f96-b831-e3035e382b0d: 2083 ms
Input: 5500000,
Cold Start: false
Unique ID: 97f14eec-7514-4012-9c15-58bda153b295,
Billed Duration for Request 97f14eec-7514-4012-9c15-58bda153b295: 2030 ms
Input: 5500000,
Cold Start: false
Unique ID: 3aaf8236-f480-4ab8-a126-d4fc229967d6,
Billed Duration for Request 3aaf8236-f480-4ab8-a126-d4fc229967d6: 1842 ms
Input: 5500000,
Cold Start: false
Unique ID: 8a3a734b-8f84-4b16-a171-0c8064b8cb78,
Billed Duration for Request 8a3a734b-8f84-4b16-a171-0c8064b8cb78: 1888 ms
Input: 5500000,
Cold Start: false
Unique ID: bdfd4ab0-8ad4-4797-860f-5c768b9466c7,
Billed Duration for Request bdfd4ab0-8ad4-4797-860f-5c768b9466c7: 2023 ms
Input: 5500000,
Cold Start: false
Unique ID: 4ce11104-5ba8-4fb9-8934-f43a8ebbe791,
Billed Duration for Request 4ce11104-5ba8-4fb9-8934-f43a8ebbe791: 2010 ms
Input: 5500000,
Cold Start: false
Unique ID: c849c704-1120-4e96-9066-408f4495c91d,
Billed Duration for Request c849c704-1120-4e96-9066-408f4495c91d: 1962 ms
Input: 5500000,
Cold Start: false
Unique ID: 3e5efba8-eafc-43b4-afa2-e3c50ae53b3c,
Billed Duration for Request 3e5efba8-eafc-43b4-afa2-e3c50ae53b3c: 1786 ms
Input: 5500000,
Cold Start: false
Unique ID: fbd55c6f-7d8a-4357-9d7e-067d7b6dc4c4,
Billed Duration for Request fbd55c6f-7d8a-4357-9d7e-067d7b6dc4c4: 2013 ms
Input: 5500000,
Cold Start: false
Unique ID: ee4104d3-0fe8-4353-8830-4a8075241ab8,
Billed Duration for Request ee4104d3-0fe8-4353-8830-4a8075241ab8: 1999 ms
Input: 5500000,
Cold Start: false
Unique ID: bfb2fa67-f57b-4e23-bb04-fb844d3179f3,
Billed Duration for Request bfb2fa67-f57b-4e23-bb04-fb844d3179f3: 2073 ms
Input: 5500000,
Cold Start: false
Unique ID: 4f2ba214-40c5-40fa-a072-169bbdd76f9a,
Billed Duration for Request 4f2ba214-40c5-40fa-a072-169bbdd76f9a: 1825 ms
Input: 5500000,
Cold Start: false
Unique ID: 3ecff12b-3caf-4b5a-8e77-74bd90d32d9d,
Billed Duration for Request 3ecff12b-3caf-4b5a-8e77-74bd90d32d9d: 1917 ms
Input: 5500000,
Cold Start: false
Unique ID: 8765dbf9-9539-4726-b783-7761cd6d9ea9,
Billed Duration for Request 8765dbf9-9539-4726-b783-7761cd6d9ea9: 2008 ms
Input: 5500000,
Cold Start: false
Unique ID: 1942a69b-8638-48fb-a8f9-f6b2efac1496,
Billed Duration for Request 1942a69b-8638-48fb-a8f9-f6b2efac1496: 2078 ms
Input: 5500000,
Cold Start: false
Unique ID: f3b4a2e0-5df4-4351-99eb-8c83ad0b5064,
Billed Duration for Request f3b4a2e0-5df4-4351-99eb-8c83ad0b5064: 1998 ms
Input: 5500000,
Cold Start: false
Unique ID: 4e57202d-1b84-49f9-9e24-f117f2227e61,
Billed Duration for Request 4e57202d-1b84-49f9-9e24-f117f2227e61: 1784 ms
Input: 5500000,
Cold Start: false
Unique ID: 494270c3-945e-47a2-aa09-25955d178667,
Billed Duration for Request 494270c3-945e-47a2-aa09-25955d178667: 1953 ms
Input: 5500000,
Cold Start: false
Unique ID: 20891e3a-f262-4f26-8737-eea96777f5f4,
Billed Duration for Request 20891e3a-f262-4f26-8737-eea96777f5f4: 1990 ms
Input: 5500000,
Cold Start: false
Unique ID: 0ce64f4a-9a72-4a08-b84a-9254a87fdee4,
Billed Duration for Request 0ce64f4a-9a72-4a08-b84a-9254a87fdee4: 2043 ms
Input: 5500000,
Cold Start: false
Unique ID: 6a174374-1d41-41c7-aa1c-213e3339e907,
Billed Duration for Request 6a174374-1d41-41c7-aa1c-213e3339e907: 1822 ms
Input: 5500000,
Cold Start: false
Unique ID: adde1afa-9762-4d3e-b5cb-99383d9d7d2e,
Billed Duration for Request adde1afa-9762-4d3e-b5cb-99383d9d7d2e: 1919 ms
Input: 5500000,
Cold Start: false
Unique ID: 044d2a55-f617-418b-b18c-d6801238867c,
Billed Duration for Request 044d2a55-f617-418b-b18c-d6801238867c: 2073 ms
Input: 5500000,
Cold Start: false
Unique ID: b3c02cdb-ea76-4a63-aac1-64191ca3ed51,
Billed Duration for Request b3c02cdb-ea76-4a63-aac1-64191ca3ed51: 2022 ms
Input: 5500000,
Cold Start: false
Unique ID: 45b58ccf-cf96-4b91-a74e-752a8fe37563,
Billed Duration for Request 45b58ccf-cf96-4b91-a74e-752a8fe37563: 2013 ms
Input: 5500000,
Cold Start: false
Unique ID: 9f0f4ad5-800c-4670-9fd3-f1a47be3589b,
Billed Duration for Request 9f0f4ad5-800c-4670-9fd3-f1a47be3589b: 1790 ms
Input: 5500000,
Cold Start: false
Unique ID: f03f5a89-bbad-4a57-84d6-d73acdbb05b2,
Billed Duration for Request f03f5a89-bbad-4a57-84d6-d73acdbb05b2: 1953 ms
Input: 5500000,
Cold Start: false
Unique ID: 01f8308d-b779-4ea4-93e4-7cd27e74e2de,
Billed Duration for Request 01f8308d-b779-4ea4-93e4-7cd27e74e2de: 2034 ms
Input: 5500000,
Cold Start: false
Unique ID: 5d06e8e7-aba3-49e8-aa3c-89a9f8eff32e,
Billed Duration for Request 5d06e8e7-aba3-49e8-aa3c-89a9f8eff32e: 1985 ms
Input: 5500000,
Cold Start: false
Unique ID: 6f045d93-603d-4058-af51-d2ac2f1f5269,
Billed Duration for Request 6f045d93-603d-4058-af51-d2ac2f1f5269: 1823 ms
Input: 5500000,
Cold Start: false
Unique ID: 78c2393e-36f7-44f4-a702-2fd11cfb587d,
Billed Duration for Request 78c2393e-36f7-44f4-a702-2fd11cfb587d: 1916 ms
Input: 5500000,
Cold Start: false
Unique ID: dfbcbf3d-20d2-451d-9f98-0f6390bb3792,
Billed Duration for Request dfbcbf3d-20d2-451d-9f98-0f6390bb3792: 2046 ms
Input: 5500000,
Cold Start: false
Unique ID: bfd3466e-1944-46dd-a0a2-9f7a1ab5f71b,
Billed Duration for Request bfd3466e-1944-46dd-a0a2-9f7a1ab5f71b: 2032 ms
Input: 5500000,
Cold Start: false
Unique ID: 1d69639b-0294-49ae-9ee5-7e5bfc191274,
Billed Duration for Request 1d69639b-0294-49ae-9ee5-7e5bfc191274: 1808 ms
Input: 5500000,
Cold Start: false
Unique ID: 751f0dbb-1f4d-4bc9-a0bb-4d9da440548b,
Billed Duration for Request 751f0dbb-1f4d-4bc9-a0bb-4d9da440548b: 1935 ms
Input: 5500000,
Cold Start: false
Unique ID: 33ceb2a3-4b2a-49a4-a511-ef0af0ec4e7a,
Billed Duration for Request 33ceb2a3-4b2a-49a4-a511-ef0af0ec4e7a: 2023 ms
Input: 5500000,
Cold Start: false
Unique ID: 6383a34f-8e59-4771-a694-4600dd64d95f,
Billed Duration for Request 6383a34f-8e59-4771-a694-4600dd64d95f: 2007 ms
Input: 5500000,
Cold Start: false
Unique ID: 64c148f0-cf2a-4c8e-b3eb-c2a96463caa0,
Billed Duration for Request 64c148f0-cf2a-4c8e-b3eb-c2a96463caa0: 1981 ms
Input: 5500000,
Cold Start: false
Unique ID: 64c10198-90a6-4df2-b0cc-ef195798a466,
Billed Duration for Request 64c10198-90a6-4df2-b0cc-ef195798a466: 1836 ms
Input: 5500000,
Cold Start: false
Unique ID: 156a4d16-62c2-40a8-b0f4-320f6a1ff168,
Billed Duration for Request 156a4d16-62c2-40a8-b0f4-320f6a1ff168: 1915 ms
Input: 5500000,
Cold Start: false
Unique ID: 72d26436-3f9f-4383-ba20-2841d1206502,
Billed Duration for Request 72d26436-3f9f-4383-ba20-2841d1206502: 2028 ms
Input: 5500000,
Cold Start: false
Unique ID: d593a51d-f113-48ac-be64-85a6fe945f71,
Billed Duration for Request d593a51d-f113-48ac-be64-85a6fe945f71: 2069 ms
Input: 5500000,
Cold Start: false
Unique ID: 2fd6726e-879c-4493-b786-5670331a1b79,
Billed Duration for Request 2fd6726e-879c-4493-b786-5670331a1b79: 1792 ms
Input: 5500000,
Cold Start: false
Unique ID: f55b4d28-3722-4c3b-9fc4-33cee3b74153,
Billed Duration for Request f55b4d28-3722-4c3b-9fc4-33cee3b74153: 1973 ms
Input: 5500000,
Cold Start: false
Unique ID: 4336db7d-30ee-4030-a6d8-084520970a06,
Billed Duration for Request 4336db7d-30ee-4030-a6d8-084520970a06: 2016 ms
Input: 5500000,
Cold Start: false
Unique ID: 0afd2305-029b-4f4b-9e23-6eee5df8f28c,
Billed Duration for Request 0afd2305-029b-4f4b-9e23-6eee5df8f28c: 2047 ms
Input: 5500000,
Cold Start: false
Unique ID: eca0cb4c-86db-44fc-a176-13bd3ef9d30d,
Billed Duration for Request eca0cb4c-86db-44fc-a176-13bd3ef9d30d: 1985 ms
Input: 5500000,
Cold Start: false
Unique ID: 705735dc-4786-471d-a0d8-f21f4414c51f,
Billed Duration for Request 705735dc-4786-471d-a0d8-f21f4414c51f: 1860 ms
Input: 5500000,
Cold Start: false
Unique ID: 9b3dfbc3-ef44-4db9-b3f8-f0e73708164c,
Billed Duration for Request 9b3dfbc3-ef44-4db9-b3f8-f0e73708164c: 1912 ms
Input: 5500000,
Cold Start: false
Unique ID: 39427ada-82b3-4afb-ab83-eb3d630c3468,
Billed Duration for Request 39427ada-82b3-4afb-ab83-eb3d630c3468: 2019 ms
Input: 5500000,
Cold Start: false
Unique ID: 80b53a4f-f33d-42d3-b5f7-e27831edbaa3,
Billed Duration for Request 80b53a4f-f33d-42d3-b5f7-e27831edbaa3: 2062 ms
Input: 5500000,
Cold Start: false
Unique ID: 2c627e5f-355f-4b61-ad32-1023a32f2823,
Billed Duration for Request 2c627e5f-355f-4b61-ad32-1023a32f2823: 1792 ms
Input: 5500000,
Cold Start: false
Unique ID: 71abd3c4-a761-44ff-ac60-a28b328e6e8d,
Billed Duration for Request 71abd3c4-a761-44ff-ac60-a28b328e6e8d: 1955 ms
Input: 5500000,
Cold Start: false
Unique ID: a2e3e8cf-5448-45ed-9259-4628a656c0ad,
Billed Duration for Request a2e3e8cf-5448-45ed-9259-4628a656c0ad: 2076 ms
Input: 5500000,
Cold Start: false
Unique ID: 8f8fe97c-941f-48d5-bace-5dc4b7aab34d,
Billed Duration for Request 8f8fe97c-941f-48d5-bace-5dc4b7aab34d: 2018 ms
Input: 5500000,
Cold Start: false
Unique ID: 6464f810-c92a-4fc2-b370-5ba2f2b905e9,
Billed Duration for Request 6464f810-c92a-4fc2-b370-5ba2f2b905e9: 1824 ms
Input: 5500000,
Cold Start: false
Unique ID: 8b38d9a9-ca39-445a-a279-f77bbf8797ee,
Billed Duration for Request 8b38d9a9-ca39-445a-a279-f77bbf8797ee: 1937 ms
Input: 5500000,
Cold Start: false
Unique ID: 75d44a09-6120-4bc1-bf24-7b6d15684666,
Billed Duration for Request 75d44a09-6120-4bc1-bf24-7b6d15684666: 2025 ms
Input: 5500000,
Cold Start: false
Unique ID: e7c57adb-efb3-46a8-a7b5-518768cfd8fb,
Billed Duration for Request e7c57adb-efb3-46a8-a7b5-518768cfd8fb: 2023 ms
Input: 5500000,
Cold Start: false
Unique ID: 76bf8cf3-094f-421e-b7f5-8a8d8546d131,
Billed Duration for Request 76bf8cf3-094f-421e-b7f5-8a8d8546d131: 2005 ms
Input: 5500000,
Cold Start: false
Unique ID: 5a0b00a4-5f3a-4be9-aa12-02e0049233f0,
Billed Duration for Request 5a0b00a4-5f3a-4be9-aa12-02e0049233f0: 1988 ms
Input: 5500000,
Cold Start: false
Unique ID: 494b0c09-a186-493a-ad67-d1fdf6422654,
Billed Duration for Request 494b0c09-a186-493a-ad67-d1fdf6422654: 2029 ms
Input: 5500000,
Cold Start: false
Unique ID: eee37261-c791-4ac5-9722-73b5b161dbd1,
Billed Duration for Request eee37261-c791-4ac5-9722-73b5b161dbd1: 1893 ms
Input: 5500000,
Cold Start: false
Unique ID: 693d67b4-4f00-43cd-9e79-96bf793ff2ed,
Billed Duration for Request 693d67b4-4f00-43cd-9e79-96bf793ff2ed: 1935 ms
Input: 5500000,
Cold Start: false
Unique ID: f4bb1c2a-0b7d-48b5-bd34-89812324242d,
Billed Duration for Request f4bb1c2a-0b7d-48b5-bd34-89812324242d: 2008 ms
Input: 5500000,
Cold Start: false
Unique ID: f19e4233-0753-40b0-9821-17e825e1c31b,
Billed Duration for Request f19e4233-0753-40b0-9821-17e825e1c31b: 1802 ms
Input: 5500000,
Cold Start: false
Unique ID: 1a204e61-f959-4bd9-889e-741d00829eb2,
Billed Duration for Request 1a204e61-f959-4bd9-889e-741d00829eb2: 1954 ms
Input: 5500000,
Cold Start: false
Unique ID: 47c2f7f9-9241-4dc3-9f93-649f211a159a,
Billed Duration for Request 47c2f7f9-9241-4dc3-9f93-649f211a159a: 2021 ms
Input: 5500000,
Cold Start: false
Unique ID: a038684b-5c35-4821-bef0-48cd1a5b5cf3,
Billed Duration for Request a038684b-5c35-4821-bef0-48cd1a5b5cf3: 2081 ms
Input: 5500000,
Cold Start: false
Unique ID: b868b6c8-b81c-4704-b8e0-e98ab6f317cf,
Billed Duration for Request b868b6c8-b81c-4704-b8e0-e98ab6f317cf: 2011 ms
Input: 5500000,
Cold Start: false
Unique ID: 225ceb58-aa0b-4ae9-9b57-68992d20fb0f,
Billed Duration for Request 225ceb58-aa0b-4ae9-9b57-68992d20fb0f: 1870 ms
Input: 5500000,
Cold Start: false
Unique ID: b48390ee-68b8-43e1-a1d6-8ddd8b331a96,
Billed Duration for Request b48390ee-68b8-43e1-a1d6-8ddd8b331a96: 2002 ms
Input: 5500000,
Cold Start: false
Unique ID: 657c77e7-012d-4281-96ea-935c99b96107,
Billed Duration for Request 657c77e7-012d-4281-96ea-935c99b96107: 1930 ms
Input: 5500000,
Cold Start: false
Unique ID: 72ec7856-44c5-41bc-b052-23060b2f485d,
Billed Duration for Request 72ec7856-44c5-41bc-b052-23060b2f485d: 2008 ms
Input: 5500000,
Cold Start: false
Unique ID: 2a52f200-d3fc-4ce7-9794-b85ce0ff9c91,
Billed Duration for Request 2a52f200-d3fc-4ce7-9794-b85ce0ff9c91: 1815 ms
Input: 5500000,
Cold Start: false
Unique ID: 60999929-2268-4e7f-860a-599d94f6770b,
Billed Duration for Request 60999929-2268-4e7f-860a-599d94f6770b: 2030 ms
Input: 5500000,
Cold Start: false
Unique ID: 65690841-fa7f-4b63-ab14-65b0d4675ca9,
Billed Duration for Request 65690841-fa7f-4b63-ab14-65b0d4675ca9: 2000 ms
Input: 5500000,
Cold Start: false
Unique ID: cd06a7e4-54d0-4b02-a908-3053ab327bbc,
Billed Duration for Request cd06a7e4-54d0-4b02-a908-3053ab327bbc: 2070 ms
Input: 5500000,
Cold Start: false
Unique ID: f9b7df45-b363-4dd4-9ab0-b0d1956e2fdc,
Billed Duration for Request f9b7df45-b363-4dd4-9ab0-b0d1956e2fdc: 1990 ms
Input: 5500000,
Cold Start: false
Unique ID: b0c147b7-08ba-4edd-a1fb-ca9565c0b18c,
Billed Duration for Request b0c147b7-08ba-4edd-a1fb-ca9565c0b18c: 1911 ms
Input: 5500000,
Cold Start: false
Unique ID: 45326d75-27c9-4c4a-87de-4be72b65e9d1,
Billed Duration for Request 45326d75-27c9-4c4a-87de-4be72b65e9d1: 1941 ms
Input: 5500000,
Cold Start: false
Unique ID: 9aaee929-7444-4cb4-8c16-c1c7962e9658,
Billed Duration for Request 9aaee929-7444-4cb4-8c16-c1c7962e9658: 2022 ms
Input: 5500000,
Cold Start: false
Unique ID: 7c7ba3ae-86e7-4860-9ebf-43a748dafe89,
Billed Duration for Request 7c7ba3ae-86e7-4860-9ebf-43a748dafe89: 1991 ms
Input: 5500000,
Cold Start: false
Unique ID: 7c54c8f8-cecf-4a76-bfaf-88f679843748,
Billed Duration for Request 7c54c8f8-cecf-4a76-bfaf-88f679843748: 1798 ms
Input: 5500000,
Cold Start: false
Unique ID: 8be1f219-eeee-47f3-87f8-29d82c8b6b1c,
Billed Duration for Request 8be1f219-eeee-47f3-87f8-29d82c8b6b1c: 2030 ms
Input: 5500000,
Cold Start: false
Unique ID: 961634be-8744-46fe-acb1-8877723133f3,
Billed Duration for Request 961634be-8744-46fe-acb1-8877723133f3: 2016 ms
Input: 5500000,
Cold Start: false
Unique ID: 3d41c623-69dd-4258-9037-d69c35259473,
Billed Duration for Request 3d41c623-69dd-4258-9037-d69c35259473: 2020 ms
Input: 5500000,
Cold Start: false
Unique ID: 247e36db-dd94-439e-8b14-e35aa2585f78,
Billed Duration for Request 247e36db-dd94-439e-8b14-e35aa2585f78: 2085 ms
Input: 5500000,
Cold Start: false
Unique ID: 8fefd891-b822-4d39-a40f-5a316e52044f,
Billed Duration for Request 8fefd891-b822-4d39-a40f-5a316e52044f: 1850 ms
Input: 5500000,
Cold Start: false
Unique ID: 378568e5-8601-425d-b1de-bfeac1170ab6,
Billed Duration for Request 378568e5-8601-425d-b1de-bfeac1170ab6: 1950 ms
Input: 5500000,
Cold Start: false
Unique ID: 0871b86d-581d-4573-a14d-73736d43b748,
Billed Duration for Request 0871b86d-581d-4573-a14d-73736d43b748: 2018 ms
Input: 5500000,
Cold Start: false
Unique ID: b8ec260f-53fb-42c6-8768-d3bdd1dc225d,
Billed Duration for Request b8ec260f-53fb-42c6-8768-d3bdd1dc225d: 1936 ms
Input: 5500000,
Cold Start: false
Unique ID: bf5f5bc4-d041-4629-9fe0-c0058379abaa,
Billed Duration for Request bf5f5bc4-d041-4629-9fe0-c0058379abaa: 1991 ms
Input: 5500000,
Cold Start: false
Unique ID: 2bf4e7e8-8a10-476c-9dae-372c5453d065,
Billed Duration for Request 2bf4e7e8-8a10-476c-9dae-372c5453d065: 1800 ms
Input: 5500000,
Cold Start: false
Unique ID: 107d697d-40cc-46a1-b954-9ad5bbcfc525,
Billed Duration for Request 107d697d-40cc-46a1-b954-9ad5bbcfc525: 2026 ms
Input: 5500000,
Cold Start: false
Unique ID: deea033a-dfa6-435f-9463-6eb660efb070,
Billed Duration for Request deea033a-dfa6-435f-9463-6eb660efb070: 1997 ms
Input: 5500000,
Cold Start: false
Unique ID: 2ff8423b-3712-4c51-8459-628bb0391fc6,
Billed Duration for Request 2ff8423b-3712-4c51-8459-628bb0391fc6: 1848 ms
Input: 5500000,
Cold Start: false
Unique ID: de18acbe-3a95-4ab7-b590-d2832262bdb9,
Billed Duration for Request de18acbe-3a95-4ab7-b590-d2832262bdb9: 1974 ms
Input: 5500000,
Cold Start: false
Unique ID: cac1018f-198c-4222-8c4a-4c99531818d2,
Billed Duration for Request cac1018f-198c-4222-8c4a-4c99531818d2: 1990 ms
Input: 5500000,
Cold Start: false
Unique ID: da15fb9e-807a-4e5e-8385-a6c0dde8b7e0,
Billed Duration for Request da15fb9e-807a-4e5e-8385-a6c0dde8b7e0: 1935 ms
Input: 5500000,
Cold Start: false
Unique ID: 574742a5-db80-4c9f-bea6-8aa6d6db6bdc,
Billed Duration for Request 574742a5-db80-4c9f-bea6-8aa6d6db6bdc: 2076 ms
Input: 5500000,
Cold Start: false
Unique ID: 2695ef3f-c6aa-44f1-82d9-717594c3e022,
Billed Duration for Request 2695ef3f-c6aa-44f1-82d9-717594c3e022: 1816 ms
Input: 5500000,
Cold Start: false
Unique ID: 62353952-a00e-4cb2-87da-8e04b08fa549,
Billed Duration for Request 62353952-a00e-4cb2-87da-8e04b08fa549: 2019 ms
Input: 5500000,
Cold Start: false
Unique ID: 4a7769ef-69ef-4be6-a48a-6232e85c87d8,
Billed Duration for Request 4a7769ef-69ef-4be6-a48a-6232e85c87d8: 2012 ms
Input: 5500000,
Cold Start: false
Unique ID: 5c04ecfe-6b09-4e3d-8706-0b3e9504c8e6,
Billed Duration for Request 5c04ecfe-6b09-4e3d-8706-0b3e9504c8e6: 2034 ms
Input: 5500000,
Cold Start: false
Unique ID: 1c2d6b62-43f6-480f-beca-e3b63b684969,
Billed Duration for Request 1c2d6b62-43f6-480f-beca-e3b63b684969: 1810 ms
Input: 5500000,
Cold Start: false
Unique ID: 1634c834-65eb-4156-add4-68f5f66f9d23,
Billed Duration for Request 1634c834-65eb-4156-add4-68f5f66f9d23: 1947 ms
Input: 5500000,
Cold Start: false
Unique ID: 2b4d5717-f453-4b39-891f-95b704d5d5b0,
Billed Duration for Request 2b4d5717-f453-4b39-891f-95b704d5d5b0: 1991 ms
Input: 5500000,
Cold Start: false
Unique ID: 8978440c-e8ee-4dd3-a1e7-e4352680a3cc,
Billed Duration for Request 8978440c-e8ee-4dd3-a1e7-e4352680a3cc: 2085 ms
Input: 5500000,
Cold Start: false
Unique ID: 3a4e4110-6280-4ed7-afc5-5da56a6ee965,
Billed Duration for Request 3a4e4110-6280-4ed7-afc5-5da56a6ee965: 1800 ms
Input: 5500000,
Cold Start: false
Unique ID: df06eb47-4ca7-4886-9ec3-96d188956d33,
Billed Duration for Request df06eb47-4ca7-4886-9ec3-96d188956d33: 1953 ms
Input: 5500000,
Cold Start: false
Unique ID: 821db691-1c66-4418-b227-c39b000cfa4e,
Billed Duration for Request 821db691-1c66-4418-b227-c39b000cfa4e: 2006 ms
Input: 5500000,
Cold Start: false
Unique ID: 4b024793-fc75-4bfe-b613-f093efd2e4d2,
Billed Duration for Request 4b024793-fc75-4bfe-b613-f093efd2e4d2: 2027 ms
Input: 5500000,
Cold Start: false
Unique ID: b4d09164-0619-425a-9050-58ddbefeac08,
Billed Duration for Request b4d09164-0619-425a-9050-58ddbefeac08: 2022 ms
Input: 5500000,
Cold Start: false
Unique ID: 7cadea0c-ef29-4dac-8924-02c71248b193,
Billed Duration for Request 7cadea0c-ef29-4dac-8924-02c71248b193: 1790 ms
Input: 5500000,
Cold Start: false
Unique ID: d17a5e93-2228-46d9-880d-9bb1647ba038,
Billed Duration for Request d17a5e93-2228-46d9-880d-9bb1647ba038: 1949 ms
Input: 5500000,
Cold Start: false
Unique ID: a289228a-503a-47c9-afd0-4d9304ae3ccc,
Billed Duration for Request a289228a-503a-47c9-afd0-4d9304ae3ccc: 2025 ms
Input: 5500000,
Cold Start: false
Unique ID: 83db756e-b77b-4b8c-b196-ccfcc167da1e,
Billed Duration for Request 83db756e-b77b-4b8c-b196-ccfcc167da1e: 2022 ms
Input: 5500000,
Cold Start: false
Unique ID: 4fe2f3a0-dcb5-472a-8ee4-afd315ada13c,
Billed Duration for Request 4fe2f3a0-dcb5-472a-8ee4-afd315ada13c: 1812 ms
Input: 5500000,
Cold Start: false
Unique ID: 413e8d66-b35a-40e2-9cbe-e5014f6e55b2,
Billed Duration for Request 413e8d66-b35a-40e2-9cbe-e5014f6e55b2: 1943 ms
Input: 5500000,
Cold Start: false
Unique ID: ed48cf6e-9c8e-44c1-8a9d-448206139e47,
Billed Duration for Request ed48cf6e-9c8e-44c1-8a9d-448206139e47: 1990 ms
Input: 5500000,
Cold Start: false
Unique ID: 9c533b50-dc74-4b35-8ed5-3e3c4314dd86,
Billed Duration for Request 9c533b50-dc74-4b35-8ed5-3e3c4314dd86: 2094 ms
Input: 5500000,
Cold Start: false
Unique ID: ef820c0b-c411-4589-b949-4f9573499c8a,
Billed Duration for Request ef820c0b-c411-4589-b949-4f9573499c8a: 1989 ms
Input: 5500000,
Cold Start: false
Unique ID: 0c6ed23b-cffa-4b86-9d7e-99149c08ea5d,
Billed Duration for Request 0c6ed23b-cffa-4b86-9d7e-99149c08ea5d: 1834 ms
Input: 5500000,
Cold Start: false
Unique ID: 8121c2a1-c734-45ff-b5a2-ecf607957f38,
Billed Duration for Request 8121c2a1-c734-45ff-b5a2-ecf607957f38: 1948 ms
Input: 5500000,
Cold Start: false
Unique ID: b9b225b3-4ac1-4e92-9f65-18c76155e4e9,
Billed Duration for Request b9b225b3-4ac1-4e92-9f65-18c76155e4e9: 1988 ms
Input: 5500000,
Cold Start: false
Unique ID: e464082c-5336-4ea7-a400-bccca5424274,
Billed Duration for Request e464082c-5336-4ea7-a400-bccca5424274: 2022 ms
Input: 5500000,
Cold Start: false
Unique ID: f489addc-0de9-4d49-ab1f-ffe37a118b70,
Billed Duration for Request f489addc-0de9-4d49-ab1f-ffe37a118b70: 1812 ms
Input: 5500000,
Cold Start: false
Unique ID: 67138541-9437-4d98-80b4-538dbe2233c2,
Billed Duration for Request 67138541-9437-4d98-80b4-538dbe2233c2: 1941 ms
Input: 5500000,
Cold Start: false
Unique ID: cd1d8dfa-140b-48d8-b346-363acc52371e,
Billed Duration for Request cd1d8dfa-140b-48d8-b346-363acc52371e: 2019 ms
Input: 5500000,
Cold Start: false
Unique ID: bf7c6862-4589-4e2d-a708-56bc07d1e44e,
Billed Duration for Request bf7c6862-4589-4e2d-a708-56bc07d1e44e: 2015 ms
Input: 5500000,
Cold Start: false
Unique ID: f6b38e0f-74da-4159-8a51-cd484af8c6cb,
Billed Duration for Request f6b38e0f-74da-4159-8a51-cd484af8c6cb: 2143 ms
Input: 5500000,
Cold Start: false
Unique ID: 2e74bb6d-1889-4638-80e7-5902247add09,
Billed Duration for Request 2e74bb6d-1889-4638-80e7-5902247add09: 1814 ms
Input: 5500000,
Cold Start: false
Unique ID: 13142b33-2f08-4f7a-9a4a-075843a1eb47,
Billed Duration for Request 13142b33-2f08-4f7a-9a4a-075843a1eb47: 1972 ms
Input: 5500000,
Cold Start: false
Unique ID: 750f37a4-3db3-4538-b39d-a0a41f76090f,
Billed Duration for Request 750f37a4-3db3-4538-b39d-a0a41f76090f: 1988 ms
Input: 5500000,
Cold Start: false
Unique ID: dee4fce8-aeba-4030-b7e5-e26c7619da28,
Billed Duration for Request dee4fce8-aeba-4030-b7e5-e26c7619da28: 2026 ms
Input: 5500000,
Cold Start: false
Unique ID: dc80f518-7992-4a0f-8167-5ad0fcab7705,
Billed Duration for Request dc80f518-7992-4a0f-8167-5ad0fcab7705: 1783 ms
Input: 5500000,
Cold Start: false
Unique ID: 3c050cf9-75e2-45ed-825b-fc1c8a154d15,
Billed Duration for Request 3c050cf9-75e2-45ed-825b-fc1c8a154d15: 1929 ms
Input: 5500000,
Cold Start: false
Unique ID: 46bf03b5-b274-4c16-86ce-c6d2e8452324,
Billed Duration for Request 46bf03b5-b274-4c16-86ce-c6d2e8452324: 2016 ms
Input: 5500000,
Cold Start: false
Unique ID: bc0cc6fc-f519-4761-8418-096d186c431d,
Billed Duration for Request bc0cc6fc-f519-4761-8418-096d186c431d: 2037 ms
Input: 5500000,
Cold Start: false
Unique ID: aad16102-5a02-485b-ae67-1d59533f2736,
Billed Duration for Request aad16102-5a02-485b-ae67-1d59533f2736: 2010 ms
Input: 5500000,
Cold Start: false
Unique ID: 66246809-0954-4328-9cad-7c502ea6927d,
Billed Duration for Request 66246809-0954-4328-9cad-7c502ea6927d: 1852 ms
Input: 5500000,
Cold Start: false
Unique ID: eaf45525-ea3e-4230-a5eb-793805b159ca,
Billed Duration for Request eaf45525-ea3e-4230-a5eb-793805b159ca: 1974 ms
Input: 5500000,
Cold Start: false
Unique ID: f155bed9-0220-4cc1-8ca9-558b9c5d957c,
Billed Duration for Request f155bed9-0220-4cc1-8ca9-558b9c5d957c: 1984 ms
Input: 5500000,
Cold Start: false
Unique ID: 4fb9db6a-1db9-47bc-8246-0e7390b4bd6a,
Billed Duration for Request 4fb9db6a-1db9-47bc-8246-0e7390b4bd6a: 2010 ms
Input: 5500000,
Cold Start: false
Unique ID: 652a9848-cd9d-42cc-8a79-dee751fe0bd1,
Billed Duration for Request 652a9848-cd9d-42cc-8a79-dee751fe0bd1: 2076 ms
Input: 5500000,
Cold Start: false
Unique ID: 6698f730-8a10-4353-a1da-c08f588ff8a8,
Billed Duration for Request 6698f730-8a10-4353-a1da-c08f588ff8a8: 1809 ms
Input: 5500000,
Cold Start: false
Unique ID: 3fca3a49-8c47-4b80-a1fa-4747d06b45e5,
Billed Duration for Request 3fca3a49-8c47-4b80-a1fa-4747d06b45e5: 1924 ms
Input: 5500000,
Cold Start: false
Unique ID: e1ffac05-278c-4df1-a74c-7159f2eb35b9,
Billed Duration for Request e1ffac05-278c-4df1-a74c-7159f2eb35b9: 2019 ms
Input: 5500000,
Cold Start: false
Unique ID: 80558539-15e9-4feb-8efb-0b12b7bf9214,
Billed Duration for Request 80558539-15e9-4feb-8efb-0b12b7bf9214: 1995 ms
Input: 5500000,
Cold Start: false
