Unique ID: f8a9b00b-49db-4505-853b-0c1d05c9f9e9,
Billed Duration for Request f8a9b00b-49db-4505-853b-0c1d05c9f9e9: 565 ms
Pi: 3.141626666666667,
Input: 5250000,
Cold Start: false
Unique ID: 09d1e061-b7b9-4969-ab09-2369f741cca8,
Billed Duration for Request 09d1e061-b7b9-4969-ab09-2369f741cca8: 600 ms
Pi: 3.1409508571428573,
Input: 5250000,
Cold Start: false
Unique ID: ddaac287-0f42-47e2-9044-6e456ff6576f,
Billed Duration for Request ddaac287-0f42-47e2-9044-6e456ff6576f: 580 ms
Pi: 3.1422445714285714,
Input: 5250000,
Cold Start: false
Unique ID: cc1fd6f5-2ae6-4ebc-a2f3-6424d87e385f,
Billed Duration for Request cc1fd6f5-2ae6-4ebc-a2f3-6424d87e385f: 565 ms
Pi: 3.140368,
Input: 5250000,
Cold Start: false
Unique ID: 6a61cf46-f0a6-47d0-aba9-0d7649897525,
Billed Duration for Request 6a61cf46-f0a6-47d0-aba9-0d7649897525: 586 ms
Pi: 3.1417721904761904,
Input: 5250000,
Cold Start: false
Unique ID: 95a9c27c-08c2-40d8-a351-2121e65d5c17,
Billed Duration for Request 95a9c27c-08c2-40d8-a351-2121e65d5c17: 540 ms
Pi: 3.142192761904762,
Input: 5250000,
Cold Start: false
Unique ID: 7c01aa9f-c34b-4e4d-92aa-e413febe15c4,
Billed Duration for Request 7c01aa9f-c34b-4e4d-92aa-e413febe15c4: 547 ms
Pi: 3.1413706666666665,
Input: 5250000,
Cold Start: false
Unique ID: 691ab9da-5682-4c42-a2ba-9e511e39e702,
Billed Duration for Request 691ab9da-5682-4c42-a2ba-9e511e39e702: 567 ms
Pi: 3.141856,
Input: 5250000,
Cold Start: false
Unique ID: 25f5e96a-2e45-41d3-99f6-fe1e7df5262c,
Billed Duration for Request 25f5e96a-2e45-41d3-99f6-fe1e7df5262c: 539 ms
Pi: 3.1418895238095237,
Input: 5250000,
Cold Start: false
Unique ID: 6b0986bd-80c0-494c-afde-69f991a9e9fe,
Billed Duration for Request 6b0986bd-80c0-494c-afde-69f991a9e9fe: 564 ms
Pi: 3.141678476190476,
Input: 5250000,
Cold Start: false
Unique ID: 2381997c-be1c-400c-86c0-1fcbc03075af,
Billed Duration for Request 2381997c-be1c-400c-86c0-1fcbc03075af: 547 ms
Pi: 3.1418887619047617,
Input: 5250000,
Cold Start: false
Unique ID: ede1b53d-107e-4efa-9558-ee977e92ac4b,
Billed Duration for Request ede1b53d-107e-4efa-9558-ee977e92ac4b: 535 ms
Pi: 3.141714285714286,
Input: 5250000,
Cold Start: false
Unique ID: 70dd3049-36d0-4647-b7a8-676f35731287,
Billed Duration for Request 70dd3049-36d0-4647-b7a8-676f35731287: 530 ms
Pi: 3.142138666666667,
Input: 5250000,
Cold Start: false
Unique ID: e2f94845-6734-4469-933f-4a022cdf02eb,
Billed Duration for Request e2f94845-6734-4469-933f-4a022cdf02eb: 547 ms
Pi: 3.1422681904761904,
Input: 5250000,
Cold Start: false
Unique ID: f5821a92-b24c-48f2-8783-bf8adb51777b,
Billed Duration for Request f5821a92-b24c-48f2-8783-bf8adb51777b: 524 ms
Pi: 3.141968,
Input: 5250000,
Cold Start: false
Unique ID: fa70ca3b-2292-49d1-bc82-12fbf0619ac0,
Billed Duration for Request fa70ca3b-2292-49d1-bc82-12fbf0619ac0: 551 ms
Pi: 3.141801142857143,
Input: 5250000,
Cold Start: false
Unique ID: bab83564-ebc0-4f10-8e67-39223d5087cd,
Billed Duration for Request bab83564-ebc0-4f10-8e67-39223d5087cd: 553 ms
Pi: 3.1419291428571428,
Input: 5250000,
Cold Start: false
Unique ID: b541c32a-b17b-445a-9f32-74b6c29c5b65,
Billed Duration for Request b541c32a-b17b-445a-9f32-74b6c29c5b65: 524 ms
Pi: 3.142185904761905,
Input: 5250000,
Cold Start: false
Unique ID: f98079fc-1e58-40d7-8010-113b06280a3a,
Billed Duration for Request f98079fc-1e58-40d7-8010-113b06280a3a: 566 ms
Pi: 3.142816,
Input: 5250000,
Cold Start: false
Unique ID: ececcf93-9578-4f91-a6e0-8d985bc3caa1,
Billed Duration for Request ececcf93-9578-4f91-a6e0-8d985bc3caa1: 559 ms
Pi: 3.142153904761905,
Input: 5250000,
Cold Start: false
Unique ID: d88e5a4b-b797-46b8-96e8-df4ee2d5cd3b,
Billed Duration for Request d88e5a4b-b797-46b8-96e8-df4ee2d5cd3b: 523 ms
Pi: 3.1419466666666667,
Input: 5250000,
Cold Start: false
Unique ID: a16b6a6e-fb88-4665-83da-fff689ee776f,
Billed Duration for Request a16b6a6e-fb88-4665-83da-fff689ee776f: 567 ms
Pi: 3.1412198095238093,
Input: 5250000,
Cold Start: false
Unique ID: 494669df-af8b-4b40-972c-4f0bb6fd752b,
Billed Duration for Request 494669df-af8b-4b40-972c-4f0bb6fd752b: 562 ms
Pi: 3.141650285714286,
Input: 5250000,
Cold Start: false
Unique ID: 50ea02fa-a81c-46aa-9e1e-b54716194a90,
Billed Duration for Request 50ea02fa-a81c-46aa-9e1e-b54716194a90: 518 ms
Pi: 3.1409424761904763,
Input: 5250000,
Cold Start: false
Unique ID: 6c58cab9-ce75-4494-a075-d3d77f09445a,
Billed Duration for Request 6c58cab9-ce75-4494-a075-d3d77f09445a: 566 ms
Pi: 3.1417889523809523,
Input: 5250000,
Cold Start: false
Unique ID: 20d097c7-9278-45ef-afda-a1ddf7e3588f,
Billed Duration for Request 20d097c7-9278-45ef-afda-a1ddf7e3588f: 536 ms
Pi: 3.1419619047619047,
Input: 5250000,
Cold Start: false
Unique ID: 4f2b06c2-9274-493b-a533-9ce4f08ba597,
Billed Duration for Request 4f2b06c2-9274-493b-a533-9ce4f08ba597: 517 ms
Pi: 3.1422285714285714,
Input: 5250000,
Cold Start: false
Unique ID: b898efb6-5182-43f5-98be-4a767adc3a57,
Billed Duration for Request b898efb6-5182-43f5-98be-4a767adc3a57: 566 ms
Pi: 3.1408921904761904,
Input: 5250000,
Cold Start: false
Unique ID: 28d794a0-fd12-4ba5-aa2e-bae1aebd1a91,
Billed Duration for Request 28d794a0-fd12-4ba5-aa2e-bae1aebd1a91: 534 ms
Pi: 3.141799619047619,
Input: 5250000,
Cold Start: false
Unique ID: 00b73ccb-6b4e-4ed9-bc7c-e967d1f00519,
Billed Duration for Request 00b73ccb-6b4e-4ed9-bc7c-e967d1f00519: 523 ms
Pi: 3.1417158095238094,
Input: 5250000,
Cold Start: false
Unique ID: 815c5a99-5906-46ea-b3ef-ae18cbdad8fa,
Billed Duration for Request 815c5a99-5906-46ea-b3ef-ae18cbdad8fa: 554 ms
Pi: 3.1436434285714285,
Input: 5250000,
Cold Start: false
Unique ID: 4c3cca74-400c-4b4e-92d6-31a6f7520a0d,
Billed Duration for Request 4c3cca74-400c-4b4e-92d6-31a6f7520a0d: 527 ms
Pi: 3.141296,
Input: 5250000,
Cold Start: false
Unique ID: ecfc2c6d-8129-4a11-b417-45d22a4d85fe,
Billed Duration for Request ecfc2c6d-8129-4a11-b417-45d22a4d85fe: 519 ms
Pi: 3.140744380952381,
Input: 5250000,
Cold Start: false
Unique ID: 8a9cf062-7185-4b4f-8571-8c750bad306e,
Billed Duration for Request 8a9cf062-7185-4b4f-8571-8c750bad306e: 550 ms
Pi: 3.1428053333333335,
Input: 5250000,
Cold Start: false
Unique ID: 493e4ce0-c24f-4bd9-b52f-510198b8e069,
Billed Duration for Request 493e4ce0-c24f-4bd9-b52f-510198b8e069: 548 ms
Pi: 3.1414537142857144,
Input: 5250000,
Cold Start: false
Unique ID: bdf87351-5ecb-4cdf-a9a5-9f078e053aa0,
Billed Duration for Request bdf87351-5ecb-4cdf-a9a5-9f078e053aa0: 522 ms
Pi: 3.1417554285714284,
Input: 5250000,
Cold Start: false
Unique ID: e012793f-0f12-46df-81bc-3b0ad29765a9,
Billed Duration for Request e012793f-0f12-46df-81bc-3b0ad29765a9: 550 ms
Pi: 3.1432502857142857,
Input: 5250000,
Cold Start: false
Unique ID: ae8f338b-d656-4223-8ef6-4c69afcf0a10,
Billed Duration for Request ae8f338b-d656-4223-8ef6-4c69afcf0a10: 549 ms
Pi: 3.1412121904761903,
Input: 5250000,
Cold Start: false
Unique ID: baf50cbb-4669-4af5-be81-026fcb5a33df,
Billed Duration for Request baf50cbb-4669-4af5-be81-026fcb5a33df: 515 ms
Pi: 3.1421394285714284,
Input: 5250000,
Cold Start: false
Unique ID: d87fd2ae-1726-4311-83f1-f9d923f396a6,
Billed Duration for Request d87fd2ae-1726-4311-83f1-f9d923f396a6: 562 ms
Pi: 3.1417318095238094,
Input: 5250000,
Cold Start: false
Unique ID: 5e9fa51e-2b39-4f3f-bc2c-0e2dfecee08d,
Billed Duration for Request 5e9fa51e-2b39-4f3f-bc2c-0e2dfecee08d: 544 ms
Pi: 3.1411139047619048,
Input: 5250000,
Cold Start: false
Unique ID: 51a256ce-31da-4396-ab5c-94bafa3778e2,
Billed Duration for Request 51a256ce-31da-4396-ab5c-94bafa3778e2: 523 ms
Pi: 3.141608380952381,
Input: 5250000,
Cold Start: false
Unique ID: 1e7eaaf5-ab47-44bb-9a11-290a387731b0,
Billed Duration for Request 1e7eaaf5-ab47-44bb-9a11-290a387731b0: 549 ms
Pi: 3.141816380952381,
Input: 5250000,
Cold Start: false
Unique ID: 29aaf227-b661-4ff6-a8f4-bfd828069c37,
Billed Duration for Request 29aaf227-b661-4ff6-a8f4-bfd828069c37: 546 ms
Pi: 3.1419779047619047,
Input: 5250000,
Cold Start: false
Unique ID: 1d9c091e-74d2-4c42-a329-7a74197bd5a8,
Billed Duration for Request 1d9c091e-74d2-4c42-a329-7a74197bd5a8: 523 ms
Pi: 3.1419055238095237,
Input: 5250000,
Cold Start: false
Unique ID: d1fe78d0-5120-414f-99c1-c06f613e5972,
Billed Duration for Request d1fe78d0-5120-414f-99c1-c06f613e5972: 551 ms
Pi: 3.141721904761905,
Input: 5250000,
Cold Start: false
Unique ID: 24d5a8f8-41e9-4329-87f5-f9b6588e57fb,
Billed Duration for Request 24d5a8f8-41e9-4329-87f5-f9b6588e57fb: 548 ms
Pi: 3.1421973333333333,
Input: 5250000,
Cold Start: false
Unique ID: a3f59def-9f18-45b4-b34a-286ffa849766,
Billed Duration for Request a3f59def-9f18-45b4-b34a-286ffa849766: 527 ms
Pi: 3.141352380952381,
Input: 5250000,
Cold Start: false
Unique ID: e37b17e3-dbb8-4864-a32a-37518ee0b9c1,
Billed Duration for Request e37b17e3-dbb8-4864-a32a-37518ee0b9c1: 563 ms
Pi: 3.141264761904762,
Input: 5250000,
Cold Start: false
Unique ID: 19ebcafc-3ce6-4fa1-b6fc-4aea7e6a01a5,
Billed Duration for Request 19ebcafc-3ce6-4fa1-b6fc-4aea7e6a01a5: 549 ms
Pi: 3.141274666666667,
Input: 5250000,
Cold Start: false
Unique ID: 745b28b8-c524-4eeb-bd90-ff585982bd19,
Billed Duration for Request 745b28b8-c524-4eeb-bd90-ff585982bd19: 518 ms
Pi: 3.1406460952380955,
Input: 5250000,
Cold Start: false
Unique ID: dddf9afe-a0a5-4616-84cb-234968d8ba9b,
Billed Duration for Request dddf9afe-a0a5-4616-84cb-234968d8ba9b: 547 ms
Pi: 3.1405287619047617,
Input: 5250000,
Cold Start: false
Unique ID: e1dcd852-9dc7-4def-9b27-c12d6db9d926,
Billed Duration for Request e1dcd852-9dc7-4def-9b27-c12d6db9d926: 547 ms
Pi: 3.142154666666667,
Input: 5250000,
Cold Start: false
Unique ID: 9bb8136f-488a-445c-a36b-3577b676023d,
Billed Duration for Request 9bb8136f-488a-445c-a36b-3577b676023d: 524 ms
Pi: 3.1418232380952382,
Input: 5250000,
Cold Start: false
Unique ID: bcbea481-9054-4fd7-9bbe-096823789276,
Billed Duration for Request bcbea481-9054-4fd7-9bbe-096823789276: 532 ms
Pi: 3.1418476190476192,
Input: 5250000,
Cold Start: false
Unique ID: f2549f29-2aff-4c58-a4d0-d0b82b18ca40,
Billed Duration for Request f2549f29-2aff-4c58-a4d0-d0b82b18ca40: 532 ms
Pi: 3.141150476190476,
Input: 5250000,
Cold Start: false
Unique ID: 4191dc4c-6d54-4121-95f4-cd91e93737f1,
Billed Duration for Request 4191dc4c-6d54-4121-95f4-cd91e93737f1: 522 ms
Pi: 3.140803047619048,
Input: 5250000,
Cold Start: false
Unique ID: a978b6ae-b703-4672-b220-fd5cc0e2b1b2,
Billed Duration for Request a978b6ae-b703-4672-b220-fd5cc0e2b1b2: 531 ms
Pi: 3.1418811428571427,
Input: 5250000,
Cold Start: false
Unique ID: d3083e82-e425-4f61-bde8-05a35303c10b,
Billed Duration for Request d3083e82-e425-4f61-bde8-05a35303c10b: 549 ms
Pi: 3.1419558095238096,
Input: 5250000,
Cold Start: false
Unique ID: f7866b1a-a5fa-47d6-8fbc-fd1ba4a4bf3b,
Billed Duration for Request f7866b1a-a5fa-47d6-8fbc-fd1ba4a4bf3b: 512 ms
Pi: 3.1413965714285714,
Input: 5250000,
Cold Start: false
Unique ID: 7375b315-c44b-4a79-9e60-4b00a9412548,
Billed Duration for Request 7375b315-c44b-4a79-9e60-4b00a9412548: 545 ms
Pi: 3.1413310476190475,
Input: 5250000,
Cold Start: false
Unique ID: 6c1f3d05-e91a-46ab-ae9d-7e67237853cd,
Billed Duration for Request 6c1f3d05-e91a-46ab-ae9d-7e67237853cd: 537 ms
Pi: 3.140872380952381,
Input: 5250000,
Cold Start: false
Unique ID: a7987fd0-b0d9-46cb-aff3-da65fede89b6,
Billed Duration for Request a7987fd0-b0d9-46cb-aff3-da65fede89b6: 514 ms
Pi: 3.142113523809524,
Input: 5250000,
Cold Start: false
Unique ID: 186f4453-0fbb-44a0-80db-5bea85eda86f,
Billed Duration for Request 186f4453-0fbb-44a0-80db-5bea85eda86f: 534 ms
Pi: 3.1414460952380954,
Input: 5250000,
Cold Start: false
Unique ID: f55c04f4-f903-4126-9aa0-3b5147609f1d,
Billed Duration for Request f55c04f4-f903-4126-9aa0-3b5147609f1d: 548 ms
Pi: 3.1415870476190477,
Input: 5250000,
Cold Start: false
Unique ID: 083f0acd-d8fd-43f8-84f8-dc339332d30b,
Billed Duration for Request 083f0acd-d8fd-43f8-84f8-dc339332d30b: 537 ms
Pi: 3.141180952380952,
Input: 5250000,
Cold Start: false
Unique ID: ed28f764-44f8-4364-adc1-432cea600acd,
Billed Duration for Request ed28f764-44f8-4364-adc1-432cea600acd: 526 ms
Pi: 3.141661714285714,
Input: 5250000,
Cold Start: false
Unique ID: 73fd486c-b97f-4a81-8b20-764cc43a1b53,
Billed Duration for Request 73fd486c-b97f-4a81-8b20-764cc43a1b53: 548 ms
Pi: 3.141536,
Input: 5250000,
Cold Start: false
Unique ID: 762a4d56-3877-4527-a9e9-5a832f93f36f,
Billed Duration for Request 762a4d56-3877-4527-a9e9-5a832f93f36f: 515 ms
Pi: 3.141510857142857,
Input: 5250000,
Cold Start: false
Unique ID: dc9e5274-ad8d-41f7-9b3e-ce7dc1877cbe,
Billed Duration for Request dc9e5274-ad8d-41f7-9b3e-ce7dc1877cbe: 543 ms
Pi: 3.141758476190476,
Input: 5250000,
Cold Start: false
Unique ID: 2b99e79e-ef1e-42c6-9bbc-3d2826104f83,
Billed Duration for Request 2b99e79e-ef1e-42c6-9bbc-3d2826104f83: 548 ms
Pi: 3.1411085714285716,
Input: 5250000,
Cold Start: false
Unique ID: 41b201a8-15c7-45eb-8403-680b51b682e8,
Billed Duration for Request 41b201a8-15c7-45eb-8403-680b51b682e8: 522 ms
Pi: 3.1410011428571427,
Input: 5250000,
Cold Start: false
Unique ID: 36747056-145b-4ed4-be4a-bc21a0a97548,
Billed Duration for Request 36747056-145b-4ed4-be4a-bc21a0a97548: 532 ms
Pi: 3.142049523809524,
Input: 5250000,
Cold Start: false
Unique ID: 42bb2ed0-17a8-49d6-b7b7-6a7fe08ce763,
Billed Duration for Request 42bb2ed0-17a8-49d6-b7b7-6a7fe08ce763: 548 ms
Pi: 3.1422544761904763,
Input: 5250000,
Cold Start: false
Unique ID: 0ea70c9f-1c29-430f-8860-c789fe8b6fce,
Billed Duration for Request 0ea70c9f-1c29-430f-8860-c789fe8b6fce: 520 ms
Pi: 3.140762666666667,
Input: 5250000,
Cold Start: false
Unique ID: f4fba137-de4b-496f-b323-4e6f9032bf3b,
Billed Duration for Request f4fba137-de4b-496f-b323-4e6f9032bf3b: 548 ms
Pi: 3.1410278095238096,
Input: 5250000,
Cold Start: false
Unique ID: d2bfcad9-39d7-4e50-88a1-d7c43f81ccc8,
Billed Duration for Request d2bfcad9-39d7-4e50-88a1-d7c43f81ccc8: 533 ms
Pi: 3.1410666666666667,
Input: 5250000,
Cold Start: false
Unique ID: 3370deda-791e-4ffc-b183-f6a2cc5d3dce,
Billed Duration for Request 3370deda-791e-4ffc-b183-f6a2cc5d3dce: 511 ms
Pi: 3.1418895238095237,
Input: 5250000,
Cold Start: false
Unique ID: e08a8816-9cfc-47b9-a6e3-23215dd10eda,
Billed Duration for Request e08a8816-9cfc-47b9-a6e3-23215dd10eda: 546 ms
Pi: 3.1408038095238093,
Input: 5250000,
Cold Start: false
Unique ID: 29626ce7-34e5-495b-b8a3-02f4098e40c4,
Billed Duration for Request 29626ce7-34e5-495b-b8a3-02f4098e40c4: 549 ms
Pi: 3.142106666666667,
Input: 5250000,
Cold Start: false
Unique ID: 8110278c-201f-4a1e-8ddc-da49ce82d57b,
Billed Duration for Request 8110278c-201f-4a1e-8ddc-da49ce82d57b: 519 ms
Pi: 3.1409340952380953,
Input: 5250000,
Cold Start: false
Unique ID: f0e7bc69-6df6-49b6-9e4b-f5f961ee1e49,
Billed Duration for Request f0e7bc69-6df6-49b6-9e4b-f5f961ee1e49: 537 ms
Pi: 3.141110095238095,
Input: 5250000,
Cold Start: false
Unique ID: b81d691d-d0bd-4b03-bf92-934d31b991a1,
Billed Duration for Request b81d691d-d0bd-4b03-bf92-934d31b991a1: 548 ms
Pi: 3.1419260952380954,
Input: 5250000,
Cold Start: false
Unique ID: 9b4d1236-2b32-48dd-aa53-f1b48be00329,
Billed Duration for Request 9b4d1236-2b32-48dd-aa53-f1b48be00329: 520 ms
Pi: 3.1414407619047617,
Input: 5250000,
Cold Start: false
Unique ID: 452c8519-9cbb-4d7d-974f-d5b3e6e3489c,
Billed Duration for Request 452c8519-9cbb-4d7d-974f-d5b3e6e3489c: 542 ms
Pi: 3.140464,
Input: 5250000,
Cold Start: false
Unique ID: 390aa6fb-9e03-4da9-9cfe-021dd0f26134,
Billed Duration for Request 390aa6fb-9e03-4da9-9cfe-021dd0f26134: 543 ms
Pi: 3.141726476190476,
Input: 5250000,
Cold Start: false
Unique ID: d57c9f0d-8c68-479e-9c60-b21db3271997,
Billed Duration for Request d57c9f0d-8c68-479e-9c60-b21db3271997: 524 ms
Pi: 3.1428594285714286,
Input: 5250000,
Cold Start: false
Unique ID: 518cc0ef-bab1-4179-997a-6e1e38eb81b0,
Billed Duration for Request 518cc0ef-bab1-4179-997a-6e1e38eb81b0: 531 ms
Pi: 3.1404045714285713,
Input: 5250000,
Cold Start: false
Unique ID: bdb9c2b6-f155-4509-afcc-c5920d869236,
Billed Duration for Request bdb9c2b6-f155-4509-afcc-c5920d869236: 533 ms
Pi: 3.141456,
Input: 5250000,
Cold Start: false
Unique ID: 846fe2b1-1953-490c-89da-3ec1ecd7a342,
Billed Duration for Request 846fe2b1-1953-490c-89da-3ec1ecd7a342: 522 ms
Pi: 3.141321142857143,
Input: 5250000,
Cold Start: false
Unique ID: 9e7e0652-c023-48c1-8210-7a772a857052,
Billed Duration for Request 9e7e0652-c023-48c1-8210-7a772a857052: 548 ms
Pi: 3.1419184761904764,
Input: 5250000,
Cold Start: false
Unique ID: 8596dd53-5d39-413b-823b-e6de9e12c898,
Billed Duration for Request 8596dd53-5d39-413b-823b-e6de9e12c898: 546 ms
Pi: 3.141565714285714,
Input: 5250000,
Cold Start: false
Unique ID: dec6d36c-c4f1-4f45-82b3-3fc6d8172970,
Billed Duration for Request dec6d36c-c4f1-4f45-82b3-3fc6d8172970: 522 ms
Pi: 3.1416198095238097,
Input: 5250000,
Cold Start: false
Unique ID: 0d7e9d44-1c28-4b63-ab4b-c66d117df484,
Billed Duration for Request 0d7e9d44-1c28-4b63-ab4b-c66d117df484: 546 ms
Pi: 3.1411878095238097,
Input: 5250000,
Cold Start: false
Unique ID: 1a2b8a66-7b7d-4038-a9c7-97c121ca3a20,
Billed Duration for Request 1a2b8a66-7b7d-4038-a9c7-97c121ca3a20: 529 ms
Pi: 3.1419047619047618,
Input: 5250000,
Cold Start: false
Unique ID: e011f0e8-a398-41ff-a081-0ef2baf47954,
Billed Duration for Request e011f0e8-a398-41ff-a081-0ef2baf47954: 524 ms
Pi: 3.1404281904761904,
Input: 5250000,
Cold Start: false
Unique ID: e0fc9008-ae32-4e03-a522-dc78924212c2,
Billed Duration for Request e0fc9008-ae32-4e03-a522-dc78924212c2: 548 ms
Pi: 3.1414201904761905,
Input: 5250000,
Cold Start: false
Unique ID: 01a307bf-ee67-4d11-bcf3-5942b4961f0d,
Billed Duration for Request 01a307bf-ee67-4d11-bcf3-5942b4961f0d: 534 ms
Pi: 3.141008,
Input: 5250000,
Cold Start: false
Unique ID: b6512dbe-d2d2-4db1-bc7c-99b58f340be5,
Billed Duration for Request b6512dbe-d2d2-4db1-bc7c-99b58f340be5: 518 ms
Pi: 3.1409737142857144,
Input: 5250000,
Cold Start: false
Unique ID: 9f89e3d7-5373-4b1f-b9f9-af6911a8dcff,
Billed Duration for Request 9f89e3d7-5373-4b1f-b9f9-af6911a8dcff: 530 ms
Pi: 3.1414217142857144,
Input: 5250000,
Cold Start: false
Unique ID: 259032fc-13f8-4d96-97d6-2a1772471d5d,
Billed Duration for Request 259032fc-13f8-4d96-97d6-2a1772471d5d: 534 ms
Pi: 3.1417074285714284,
Input: 5250000,
Cold Start: false
Unique ID: b0eeb826-003f-419c-8fd2-c0c2ac0f9adb,
Billed Duration for Request b0eeb826-003f-419c-8fd2-c0c2ac0f9adb: 523 ms
Pi: 3.1422102857142855,
Input: 5250000,
Cold Start: false
Unique ID: f87ee70d-3914-4585-bb7d-c31b63b33326,
Billed Duration for Request f87ee70d-3914-4585-bb7d-c31b63b33326: 528 ms
Pi: 3.142208761904762,
Input: 5250000,
Cold Start: false
Unique ID: 86523bb4-042c-4758-8ba1-3d848642ddc8,
Billed Duration for Request 86523bb4-042c-4758-8ba1-3d848642ddc8: 533 ms
Pi: 3.142240761904762,
Input: 5250000,
Cold Start: false
Unique ID: cc48618e-bb52-43f6-b39d-ce128dc8f867,
Billed Duration for Request cc48618e-bb52-43f6-b39d-ce128dc8f867: 523 ms
Pi: 3.1414986666666667,
Input: 5250000,
Cold Start: false
Unique ID: ded52ead-56cb-4d90-a640-756312021522,
Billed Duration for Request ded52ead-56cb-4d90-a640-756312021522: 532 ms
Pi: 3.142121142857143,
Input: 5250000,
Cold Start: false
Unique ID: 037ea76b-8634-4788-9ce2-d258cd955864,
Billed Duration for Request 037ea76b-8634-4788-9ce2-d258cd955864: 531 ms
Pi: 3.1413394285714284,
Input: 5250000,
Cold Start: false
Unique ID: 741141af-cadb-4393-92ed-56d9433609e2,
Billed Duration for Request 741141af-cadb-4393-92ed-56d9433609e2: 523 ms
Pi: 3.141399619047619,
Input: 5250000,
Cold Start: false
Unique ID: e12047e7-a74e-424d-9a6a-05afaa981706,
Billed Duration for Request e12047e7-a74e-424d-9a6a-05afaa981706: 542 ms
Pi: 3.1414247619047617,
Input: 5250000,
Cold Start: false
Unique ID: 62c5abd8-249f-4d31-b021-cbc2587aeeed,
Billed Duration for Request 62c5abd8-249f-4d31-b021-cbc2587aeeed: 537 ms
Pi: 3.143536,
Input: 5250000,
Cold Start: false
Unique ID: e2590421-fb81-4cfb-b569-7e58af8370a2,
Billed Duration for Request e2590421-fb81-4cfb-b569-7e58af8370a2: 515 ms
Pi: 3.1432380952380954,
Input: 5250000,
Cold Start: false
Unique ID: c763b125-0c37-4643-8164-72d137af9bd1,
Billed Duration for Request c763b125-0c37-4643-8164-72d137af9bd1: 545 ms
Pi: 3.1422758095238095,
Input: 5250000,
Cold Start: false
Unique ID: 6d81c6fc-f68d-4bb5-801e-c989969639a1,
Billed Duration for Request 6d81c6fc-f68d-4bb5-801e-c989969639a1: 534 ms
Pi: 3.141334857142857,
Input: 5250000,
Cold Start: false
Unique ID: fdead318-7fef-42af-844c-b5ef2604356d,
Billed Duration for Request fdead318-7fef-42af-844c-b5ef2604356d: 523 ms
Pi: 3.1410575238095237,
Input: 5250000,
Cold Start: false
Unique ID: 21cd31d8-2f19-47d1-ab94-37b2fd5fce26,
Billed Duration for Request 21cd31d8-2f19-47d1-ab94-37b2fd5fce26: 533 ms
Pi: 3.140257523809524,
Input: 5250000,
Cold Start: false
Unique ID: 41f9d8eb-bcc1-4f0b-bdd1-79217e5cb01c,
Billed Duration for Request 41f9d8eb-bcc1-4f0b-bdd1-79217e5cb01c: 534 ms
Pi: 3.1410925714285716,
Input: 5250000,
Cold Start: false
Unique ID: 94edc2ab-3b84-4da1-973c-94a6759781ee,
Billed Duration for Request 94edc2ab-3b84-4da1-973c-94a6759781ee: 522 ms
Pi: 3.140298666666667,
Input: 5250000,
Cold Start: false
Unique ID: 24cf659b-2136-4c2c-9088-031ecbb2cae5,
Billed Duration for Request 24cf659b-2136-4c2c-9088-031ecbb2cae5: 531 ms
Pi: 3.1416845714285713,
Input: 5250000,
Cold Start: false
Unique ID: 16785227-ea91-4c48-b7d9-9f9cf88ceccb,
Billed Duration for Request 16785227-ea91-4c48-b7d9-9f9cf88ceccb: 548 ms
Pi: 3.1413165714285713,
Input: 5250000,
Cold Start: false
Unique ID: e9e1e8fc-167a-4529-8091-08534956fabf,
Billed Duration for Request e9e1e8fc-167a-4529-8091-08534956fabf: 523 ms
Pi: 3.140879238095238,
Input: 5250000,
Cold Start: false
Unique ID: 81581a42-0dfa-4ba5-99ab-bc13bf86ebf7,
Billed Duration for Request 81581a42-0dfa-4ba5-99ab-bc13bf86ebf7: 533 ms
Pi: 3.1421973333333333,
Input: 5250000,
Cold Start: false
Unique ID: 66d2864d-866b-45b5-9516-4b71255489de,
Billed Duration for Request 66d2864d-866b-45b5-9516-4b71255489de: 548 ms
Pi: 3.1414445714285715,
Input: 5250000,
Cold Start: false
Unique ID: a168f490-10b2-4661-ba4a-18e9100f3f87,
Billed Duration for Request a168f490-10b2-4661-ba4a-18e9100f3f87: 522 ms
Pi: 3.142192761904762,
Input: 5250000,
Cold Start: false
Unique ID: 68ce29a0-b1c3-4012-a1a6-a4dd5a4962eb,
Billed Duration for Request 68ce29a0-b1c3-4012-a1a6-a4dd5a4962eb: 533 ms
Pi: 3.14208,
Input: 5250000,
Cold Start: false
Unique ID: 54244434-8008-4890-b278-3a6e71174560,
Billed Duration for Request 54244434-8008-4890-b278-3a6e71174560: 532 ms
Pi: 3.1419451428571428,
Input: 5250000,
Cold Start: false
Unique ID: 5ee310cb-acea-42b2-a529-ea3d8ed19dba,
Billed Duration for Request 5ee310cb-acea-42b2-a529-ea3d8ed19dba: 523 ms
Pi: 3.1413249523809523,
Input: 5250000,
Cold Start: false
Unique ID: d6c3b183-0fd9-4d33-b7b3-b31beceddea7,
Billed Duration for Request d6c3b183-0fd9-4d33-b7b3-b31beceddea7: 532 ms
Pi: 3.141677714285714,
Input: 5250000,
Cold Start: false
Unique ID: bcfcb6f9-5b0d-4cac-add8-31d8955548af,
Billed Duration for Request bcfcb6f9-5b0d-4cac-add8-31d8955548af: 535 ms
Pi: 3.1410422857142857,
Input: 5250000,
Cold Start: false
Unique ID: d72e3277-c758-4b3b-b14d-554af7a7fcb4,
Billed Duration for Request d72e3277-c758-4b3b-b14d-554af7a7fcb4: 524 ms
Pi: 3.1394278095238097,
Input: 5250000,
Cold Start: false
Unique ID: 6d2ba646-28b7-46d3-9168-f45e6409f98a,
Billed Duration for Request 6d2ba646-28b7-46d3-9168-f45e6409f98a: 535 ms
Pi: 3.143021714285714,
Input: 5250000,
Cold Start: false
Unique ID: 60abb1e6-68c7-4e70-bcca-634f436f6405,
Billed Duration for Request 60abb1e6-68c7-4e70-bcca-634f436f6405: 535 ms
Pi: 3.1426506666666665,
Input: 5250000,
Cold Start: false
Unique ID: 94bfbd4f-c022-481e-b1f7-a6aa5d7bb95b,
Billed Duration for Request 94bfbd4f-c022-481e-b1f7-a6aa5d7bb95b: 522 ms
Pi: 3.139728,
Input: 5250000,
Cold Start: false
Unique ID: 533a2a51-e623-4436-abb3-1c1bc313eb52,
Billed Duration for Request 533a2a51-e623-4436-abb3-1c1bc313eb52: 541 ms
Pi: 3.142575238095238,
Input: 5250000,
Cold Start: false
Unique ID: 6f066e3a-9b9f-4d36-b7cc-08ac4aaa5570,
Billed Duration for Request 6f066e3a-9b9f-4d36-b7cc-08ac4aaa5570: 536 ms
Pi: 3.1415558095238096,
Input: 5250000,
Cold Start: false
Unique ID: db3074d7-c3c2-450b-af2c-5fd73590891d,
Billed Duration for Request db3074d7-c3c2-450b-af2c-5fd73590891d: 524 ms
Pi: 3.1418270476190475,
Input: 5250000,
Cold Start: false
Unique ID: 7ff86a2a-c86b-4f1e-abad-8b3352c00ee5,
Billed Duration for Request 7ff86a2a-c86b-4f1e-abad-8b3352c00ee5: 532 ms
Pi: 3.1405721904761905,
Input: 5250000,
Cold Start: false
Unique ID: 7c0a2e3c-0d95-4263-b073-a4914942d6ee,
Billed Duration for Request 7c0a2e3c-0d95-4263-b073-a4914942d6ee: 534 ms
Pi: 3.1417889523809523,
Input: 5250000,
Cold Start: false
Unique ID: c19fa597-af36-485e-a3ce-c8250415e7f3,
Billed Duration for Request c19fa597-af36-485e-a3ce-c8250415e7f3: 524 ms
Pi: 3.142696380952381,
Input: 5250000,
Cold Start: false
Unique ID: 151d5c18-488e-4e21-b3ce-ac4a65147edc,
Billed Duration for Request 151d5c18-488e-4e21-b3ce-ac4a65147edc: 529 ms
Pi: 3.141164952380952,
Input: 5250000,
Cold Start: false
Unique ID: d2023274-89f2-42f2-9cf2-784e20cdd29b,
Billed Duration for Request d2023274-89f2-42f2-9cf2-784e20cdd29b: 534 ms
Pi: 3.1413965714285714,
Input: 5250000,
Cold Start: false
Unique ID: 4cd7bdff-acbf-458e-889a-1dfdc8b23b1f,
Billed Duration for Request 4cd7bdff-acbf-458e-889a-1dfdc8b23b1f: 522 ms
Pi: 3.141203047619048,
Input: 5250000,
Cold Start: false
Unique ID: fd9df044-d782-484a-8ab2-20d43992e94e,
Billed Duration for Request fd9df044-d782-484a-8ab2-20d43992e94e: 544 ms
Pi: 3.141126857142857,
Input: 5250000,
Cold Start: false
Unique ID: 7955f8d3-ee9c-4aa1-86dd-9337919a0847,
Billed Duration for Request 7955f8d3-ee9c-4aa1-86dd-9337919a0847: 532 ms
Pi: 3.141526857142857,
Input: 5250000,
Cold Start: false
Unique ID: ea313bd7-6045-4746-828b-60efb8d5f70d,
Billed Duration for Request ea313bd7-6045-4746-828b-60efb8d5f70d: 523 ms
Pi: 3.141319619047619,
Input: 5250000,
Cold Start: false
Unique ID: a555c802-13fc-411e-bb43-2bed3c54b954,
Billed Duration for Request a555c802-13fc-411e-bb43-2bed3c54b954: 547 ms
Pi: 3.1418346666666666,
Input: 5250000,
Cold Start: false
Unique ID: e8d28c4c-029b-471e-8801-b59837b2b401,
Billed Duration for Request e8d28c4c-029b-471e-8801-b59837b2b401: 532 ms
Pi: 3.141696761904762,
Input: 5250000,
Cold Start: false
Unique ID: fcefc850-5a72-4d66-ab6b-b4a7a8e0f9fd,
Billed Duration for Request fcefc850-5a72-4d66-ab6b-b4a7a8e0f9fd: 523 ms
Pi: 3.141488,
Input: 5250000,
Cold Start: false
Unique ID: d404793d-f9ca-4fc4-a61c-d036991e9964,
Billed Duration for Request d404793d-f9ca-4fc4-a61c-d036991e9964: 526 ms
Pi: 3.141104761904762,
Input: 5250000,
Cold Start: false
Unique ID: 0435cde2-68ac-46f8-bc7f-f9d10911120e,
Billed Duration for Request 0435cde2-68ac-46f8-bc7f-f9d10911120e: 542 ms
Pi: 3.141207619047619,
Input: 5250000,
Cold Start: false
Unique ID: f6a83ffc-91ef-4fe8-80e8-9188c1b734e0,
Billed Duration for Request f6a83ffc-91ef-4fe8-80e8-9188c1b734e0: 522 ms
Pi: 3.1422582857142856,
Input: 5250000,
Cold Start: false
