Unique ID: 28158425cc0fcb4a6d6844f3411564bc,
Execution Time for Trace ID 28158425cc0fcb4a6d6844f3411564bc: 404 ms
Input: 5000000,
Cold Start: false
Unique ID: 363deab6cd3b84fe54d536e4fded42a2,
Execution Time for Trace ID 363deab6cd3b84fe54d536e4fded42a2: 352 ms
Input: 5000000,
Cold Start: false
Unique ID: 2ebd49792dbcc72c3096d1221020f12b,
Execution Time for Trace ID 2ebd49792dbcc72c3096d1221020f12b: 355 ms
Input: 5000000,
Cold Start: false
Unique ID: 430a1c5f67082a3b5dac3ab6a7e5d352,
Execution Time for Trace ID 430a1c5f67082a3b5dac3ab6a7e5d352: 332 ms
Input: 5000000,
Cold Start: false
Unique ID: 7e61200ee3d49bc4e5d0c7cef416cd83,
Execution Time for Trace ID 7e61200ee3d49bc4e5d0c7cef416cd83: 292 ms
Input: 5000000,
Cold Start: false
Unique ID: e23c802b3eb19e77e4bbdfcaf9c7d405,
Execution Time for Trace ID e23c802b3eb19e77e4bbdfcaf9c7d405: 271 ms
Input: 5000000,
Cold Start: false
Unique ID: d50f39675091f4e0c4bd2f415c9b6ad6,
Execution Time for Trace ID d50f39675091f4e0c4bd2f415c9b6ad6: 296 ms
Input: 5000000,
Cold Start: false
Unique ID: fa45cbd5f7477d86b8e821952eb2afdf,
Execution Time for Trace ID fa45cbd5f7477d86b8e821952eb2afdf: 276 ms
Input: 5000000,
Cold Start: false
Unique ID: c1971f82aca76455e815339e734fbf14,
Execution Time for Trace ID c1971f82aca76455e815339e734fbf14: 289 ms
Input: 5000000,
Cold Start: false
Unique ID: bdc5d3f78068f801cfad6b76fa565ac7,
Execution Time for Trace ID bdc5d3f78068f801cfad6b76fa565ac7: 278 ms
Input: 5000000,
Cold Start: false
Unique ID: 9632fe79944402d29a99783baf3fe7c2,
Execution Time for Trace ID 9632fe79944402d29a99783baf3fe7c2: 283 ms
Input: 5000000,
Cold Start: false
Unique ID: 1aaf13016ee9ca7866720b31025b8ee1,
Execution Time for Trace ID 1aaf13016ee9ca7866720b31025b8ee1: 277 ms
Input: 5000000,
Cold Start: false
Unique ID: 302f3956f753bda1e018d5e7a502a43c,
Execution Time for Trace ID 302f3956f753bda1e018d5e7a502a43c: 289 ms
Input: 5000000,
Cold Start: false
Unique ID: 38af4920f921b356185adc3cc3ff8c7e,
Execution Time for Trace ID 38af4920f921b356185adc3cc3ff8c7e: 276 ms
Input: 5000000,
Cold Start: false
Unique ID: dd0f45dac450eac3cf884e786e736de5,
Execution Time for Trace ID dd0f45dac450eac3cf884e786e736de5: 289 ms
Input: 5000000,
Cold Start: false
Unique ID: 81a2b0dbbea6f01e4bf2cc1d83a3c4fb,
Execution Time for Trace ID 81a2b0dbbea6f01e4bf2cc1d83a3c4fb: 278 ms
Input: 5000000,
Cold Start: false
Unique ID: 23bfa41816b37064039ab4c8c8238293,
Execution Time for Trace ID 23bfa41816b37064039ab4c8c8238293: 290 ms
Input: 5000000,
Cold Start: false
Unique ID: 121ae5c178df0680ee558c3ad13824e3,
Execution Time for Trace ID 121ae5c178df0680ee558c3ad13824e3: 280 ms
Input: 5000000,
Cold Start: false
Unique ID: 73281801731b68135c890725a413fb20,
Execution Time for Trace ID 73281801731b68135c890725a413fb20: 292 ms
Input: 5000000,
Cold Start: false
Unique ID: 7dd090ed0a9b259d0126967aae291d52,
Execution Time for Trace ID 7dd090ed0a9b259d0126967aae291d52: 273 ms
Input: 5000000,
Cold Start: false
Unique ID: 2872c44d03735dcc56a7a9d347436a3c,
Execution Time for Trace ID 2872c44d03735dcc56a7a9d347436a3c: 287 ms
Input: 5000000,
Cold Start: false
Unique ID: 0ee0fde36554674a5e4a136a4bbaf39b,
Execution Time for Trace ID 0ee0fde36554674a5e4a136a4bbaf39b: 272 ms
Input: 5000000,
Cold Start: false
Unique ID: 93ae7380d5531eb479d702202cf71bab,
Execution Time for Trace ID 93ae7380d5531eb479d702202cf71bab: 296 ms
Input: 5000000,
Cold Start: false
Unique ID: aff9a25eccf4722fca613c7340e39689,
Execution Time for Trace ID aff9a25eccf4722fca613c7340e39689: 281 ms
Input: 5000000,
Cold Start: false
Unique ID: 96689585c2adce1893d3bc9f32da17b7,
Execution Time for Trace ID 96689585c2adce1893d3bc9f32da17b7: 295 ms
Input: 5000000,
Cold Start: false
Unique ID: 8a74df895433056b4ca35ebb790ddac0,
Execution Time for Trace ID 8a74df895433056b4ca35ebb790ddac0: 279 ms
Input: 5000000,
Cold Start: false
Unique ID: 7fbb3b968a51e3c1efb6a3f8677e898b,
Execution Time for Trace ID 7fbb3b968a51e3c1efb6a3f8677e898b: 298 ms
Input: 5000000,
Cold Start: false
Unique ID: dde97e2b5e237e266ba948f8450032c1,
Execution Time for Trace ID dde97e2b5e237e266ba948f8450032c1: 277 ms
Input: 5000000,
Cold Start: false
Unique ID: 0483f68f364156cdd7e534d02f11d4fd,
Execution Time for Trace ID 0483f68f364156cdd7e534d02f11d4fd: 294 ms
Input: 5000000,
Cold Start: false
Unique ID: bc0885d3e1350d3bec5bdc26bc471fc0,
Execution Time for Trace ID bc0885d3e1350d3bec5bdc26bc471fc0: 282 ms
Input: 5000000,
Cold Start: false
Unique ID: 9764c321eab21340c0c5a35e36fb19d1,
Execution Time for Trace ID 9764c321eab21340c0c5a35e36fb19d1: 291 ms
Input: 5000000,
Cold Start: false
Unique ID: bd17ffeb15475998abc62e7c07cd9b82,
Execution Time for Trace ID bd17ffeb15475998abc62e7c07cd9b82: 274 ms
Input: 5000000,
Cold Start: false
Unique ID: b87d101f4f63dc057aecb4b9dd6b6264,
Execution Time for Trace ID b87d101f4f63dc057aecb4b9dd6b6264: 286 ms
Input: 5000000,
Cold Start: false
Unique ID: f0a60cd1d5f64c47c64c6f814536c168,
Execution Time for Trace ID f0a60cd1d5f64c47c64c6f814536c168: 275 ms
Input: 5000000,
Cold Start: false
Unique ID: af169826c0e13153363159d4fbd88b8f,
Execution Time for Trace ID af169826c0e13153363159d4fbd88b8f: 296 ms
Input: 5000000,
Cold Start: false
Unique ID: 3f1b1b807bfd8e50021d7adf78cd61e3,
Execution Time for Trace ID 3f1b1b807bfd8e50021d7adf78cd61e3: 277 ms
Input: 5000000,
Cold Start: false
Unique ID: c0f6734229070c3f2315431a5e613972,
Execution Time for Trace ID c0f6734229070c3f2315431a5e613972: 290 ms
Input: 5000000,
Cold Start: false
Unique ID: 88c4e06ff0981b43ec3ee83f67b12a99,
Execution Time for Trace ID 88c4e06ff0981b43ec3ee83f67b12a99: 278 ms
Input: 5000000,
Cold Start: false
Unique ID: b81ada03726647017dec48b49c842cc3,
Execution Time for Trace ID b81ada03726647017dec48b49c842cc3: 297 ms
Input: 5000000,
Cold Start: false
Unique ID: 13e30380a74f01abf106e60f16192d63,
Execution Time for Trace ID 13e30380a74f01abf106e60f16192d63: 276 ms
Input: 5000000,
Cold Start: false
Unique ID: 5e82ee04abfa409b9ae517ae71edf177,
Execution Time for Trace ID 5e82ee04abfa409b9ae517ae71edf177: 352 ms
Input: 5000000,
Cold Start: false
Unique ID: c6feb57ead635e67f731e9d8a71e7272,
Execution Time for Trace ID c6feb57ead635e67f731e9d8a71e7272: 280 ms
Input: 5000000,
Cold Start: false
Unique ID: d7513c5f4ad88529d9e44130eedcc98a,
Execution Time for Trace ID d7513c5f4ad88529d9e44130eedcc98a: 353 ms
Input: 5000000,
Cold Start: false
Unique ID: 499554d0d514f4696d12439610295c32,
Execution Time for Trace ID 499554d0d514f4696d12439610295c32: 280 ms
Input: 5000000,
Cold Start: false
Unique ID: 3980284e70888c4bc61d349f9c08f1f4,
Execution Time for Trace ID 3980284e70888c4bc61d349f9c08f1f4: 351 ms
Input: 5000000,
Cold Start: false
Unique ID: 21932b731dbd4f7b82555facbfe541c8,
Execution Time for Trace ID 21932b731dbd4f7b82555facbfe541c8: 338 ms
Input: 5000000,
Cold Start: false
Unique ID: 7fb0f6e4d89f009250c4706a1ef97007,
Execution Time for Trace ID 7fb0f6e4d89f009250c4706a1ef97007: 296 ms
Input: 5000000,
Cold Start: false
Unique ID: d84d3411bdde36c7f7f5d721e568c3e0,
Execution Time for Trace ID d84d3411bdde36c7f7f5d721e568c3e0: 274 ms
Input: 5000000,
Cold Start: false
Unique ID: d6cf71051e28e20ee99139cf7580da2f,
Execution Time for Trace ID d6cf71051e28e20ee99139cf7580da2f: 293 ms
Input: 5000000,
Cold Start: false
Unique ID: 79ad3501135d78d52f9d8bbc7e3603a0,
Execution Time for Trace ID 79ad3501135d78d52f9d8bbc7e3603a0: 280 ms
Input: 5000000,
Cold Start: false
Unique ID: 50176858e06c3c869e680e2687ee67c4,
Execution Time for Trace ID 50176858e06c3c869e680e2687ee67c4: 289 ms
Input: 5000000,
Cold Start: false
Unique ID: e1d211837a937770c04247f3999d08f2,
Execution Time for Trace ID e1d211837a937770c04247f3999d08f2: 283 ms
Input: 5000000,
Cold Start: false
Unique ID: 7fa3906b2d7f1a577c7ede61a13f5089,
Execution Time for Trace ID 7fa3906b2d7f1a577c7ede61a13f5089: 295 ms
Input: 5000000,
Cold Start: false
Unique ID: b70efe9efc98a22a12ae5dae302787e1,
Execution Time for Trace ID b70efe9efc98a22a12ae5dae302787e1: 274 ms
Input: 5000000,
Cold Start: false
Unique ID: 3d8e2545119cf8daf0035772d7a843fb,
Execution Time for Trace ID 3d8e2545119cf8daf0035772d7a843fb: 287 ms
Input: 5000000,
Cold Start: false
Unique ID: 9fa7bc72bf32978756f1c3b4386e8a68,
Execution Time for Trace ID 9fa7bc72bf32978756f1c3b4386e8a68: 277 ms
Input: 5000000,
Cold Start: false
Unique ID: 29697a41384d53871605fb136c605147,
Execution Time for Trace ID 29697a41384d53871605fb136c605147: 290 ms
Input: 5000000,
Cold Start: false
Unique ID: 5855fbe9a277b6973b5349635ab42df6,
Execution Time for Trace ID 5855fbe9a277b6973b5349635ab42df6: 289 ms
Input: 5000000,
Cold Start: false
Unique ID: 2ea55ae3553245256dc6b8c7a0c05d18,
Execution Time for Trace ID 2ea55ae3553245256dc6b8c7a0c05d18: 295 ms
Input: 5000000,
Cold Start: false
Unique ID: 35f575f544756a4a82ae7d41b60c4625,
Execution Time for Trace ID 35f575f544756a4a82ae7d41b60c4625: 279 ms
Input: 5000000,
Cold Start: false
Unique ID: 20c17aac4a4f7c1737561e2c2596297f,
Execution Time for Trace ID 20c17aac4a4f7c1737561e2c2596297f: 293 ms
Input: 5000000,
Cold Start: false
Unique ID: 1eff21be3849f159f90486249eb4bf5f,
Execution Time for Trace ID 1eff21be3849f159f90486249eb4bf5f: 279 ms
Input: 5000000,
Cold Start: false
Unique ID: 4990509e8dd803f73f0f4b02058387ac,
Execution Time for Trace ID 4990509e8dd803f73f0f4b02058387ac: 293 ms
Input: 5000000,
Cold Start: false
Unique ID: 508f0f3908663128311029691237f8b9,
Execution Time for Trace ID 508f0f3908663128311029691237f8b9: 283 ms
Input: 5000000,
Cold Start: false
Unique ID: 3b646cac975101150dcc51162d7e66d3,
Execution Time for Trace ID 3b646cac975101150dcc51162d7e66d3: 289 ms
Input: 5000000,
Cold Start: false
Unique ID: 6509af072a65222547422958d0bfbf0f,
Execution Time for Trace ID 6509af072a65222547422958d0bfbf0f: 357 ms
Input: 5000000,
Cold Start: false
Unique ID: 5f258ce4167d19c5cd3c697f81864a9a,
Execution Time for Trace ID 5f258ce4167d19c5cd3c697f81864a9a: 288 ms
Input: 5000000,
Cold Start: false
Unique ID: 6122ee5bb016ee0d9ae517ae71edf35a,
Execution Time for Trace ID 6122ee5bb016ee0d9ae517ae71edf35a: 370 ms
Input: 5000000,
Cold Start: false
Unique ID: 4dd8a8b6117bbe0b012c7e2971e094d6,
Execution Time for Trace ID 4dd8a8b6117bbe0b012c7e2971e094d6: 342 ms
Input: 5000000,
Cold Start: false
Unique ID: 96101f530b51282a010b373aaffe182c,
Execution Time for Trace ID 96101f530b51282a010b373aaffe182c: 383 ms
Input: 5000000,
Cold Start: false
Unique ID: 78f38eeac69b861bacf8d736e4e829d1,
Execution Time for Trace ID 78f38eeac69b861bacf8d736e4e829d1: 357 ms
Input: 5000000,
Cold Start: false
Unique ID: 58bf4e4d5017cd4bb19271455dec4c69,
Execution Time for Trace ID 58bf4e4d5017cd4bb19271455dec4c69: 380 ms
Input: 5000000,
Cold Start: false
Unique ID: a04e2c1e6e4cdcafc7b51bf464fc1af4,
Execution Time for Trace ID a04e2c1e6e4cdcafc7b51bf464fc1af4: 362 ms
Input: 5000000,
Cold Start: false
Unique ID: 84e4c349ff221a802198e279973374b7,
Execution Time for Trace ID 84e4c349ff221a802198e279973374b7: 439 ms
Input: 5000000,
Cold Start: false
Unique ID: 100f76a0108e81c11e95e376ccd73639,
Execution Time for Trace ID 100f76a0108e81c11e95e376ccd73639: 346 ms
Input: 5000000,
Cold Start: false
Unique ID: 3dde9f7274fd476dda58a340164350c6,
Execution Time for Trace ID 3dde9f7274fd476dda58a340164350c6: 341 ms
Input: 5000000,
Cold Start: false
Unique ID: 5e350af85c548ccc0a19f9d4d0d24b1d,
Execution Time for Trace ID 5e350af85c548ccc0a19f9d4d0d24b1d: 359 ms
Input: 5000000,
Cold Start: false
Unique ID: 1b3ccd02f490ab444cd1c799e03510d3,
Execution Time for Trace ID 1b3ccd02f490ab444cd1c799e03510d3: 353 ms
Input: 5000000,
Cold Start: false
Unique ID: 0ca1921ff3bed6fb3b8e607e99cbe09a,
Execution Time for Trace ID 0ca1921ff3bed6fb3b8e607e99cbe09a: 382 ms
Input: 5000000,
Cold Start: false
Unique ID: da7db03b3c4ad0d54e7ee16b62cb5805,
Execution Time for Trace ID da7db03b3c4ad0d54e7ee16b62cb5805: 349 ms
Input: 5000000,
Cold Start: false
Unique ID: 2b917f6ba6707cdaa75e5cc258250e5e,
Execution Time for Trace ID 2b917f6ba6707cdaa75e5cc258250e5e: 399 ms
Input: 5000000,
Cold Start: false
Unique ID: c31a3ada207da3c6f6187b9ac28f6f2e,
Execution Time for Trace ID c31a3ada207da3c6f6187b9ac28f6f2e: 345 ms
Input: 5000000,
Cold Start: false
Unique ID: 84ca29603a9307b809130035fe1f5436,
Execution Time for Trace ID 84ca29603a9307b809130035fe1f5436: 443 ms
Input: 5000000,
Cold Start: false
Unique ID: 7a00bd727e9a88ea11bcd11976035e59,
Execution Time for Trace ID 7a00bd727e9a88ea11bcd11976035e59: 353 ms
Input: 5000000,
Cold Start: false
Unique ID: 8b7498726a6f28c585e212b6183ea9a7,
Execution Time for Trace ID 8b7498726a6f28c585e212b6183ea9a7: 351 ms
Input: 5000000,
Cold Start: false
Unique ID: bbd29a0cafa08907fba0452601a40090,
Execution Time for Trace ID bbd29a0cafa08907fba0452601a40090: 295 ms
Input: 5000000,
Cold Start: false
Unique ID: c54c8bf1f980343f2b9fc50fc8dec42f,
Execution Time for Trace ID c54c8bf1f980343f2b9fc50fc8dec42f: 348 ms
Input: 5000000,
Cold Start: false
Unique ID: 768ecee374bae8796501e1afe7f4e49c,
Execution Time for Trace ID 768ecee374bae8796501e1afe7f4e49c: 353 ms
Input: 5000000,
Cold Start: false
Unique ID: 2edc40216b1012831c6b196ff56ad5b3,
Execution Time for Trace ID 2edc40216b1012831c6b196ff56ad5b3: 362 ms
Input: 5000000,
Cold Start: false
Unique ID: f6f66b6ee8e13c7e341de144ea61023b,
Execution Time for Trace ID f6f66b6ee8e13c7e341de144ea61023b: 355 ms
Input: 5000000,
Cold Start: false
Unique ID: 94fff15c4170edf436c44d26653e7c5a,
Execution Time for Trace ID 94fff15c4170edf436c44d26653e7c5a: 365 ms
Input: 5000000,
Cold Start: false
Unique ID: fed6a3755e25b5c77fe25baf2fe07601,
Execution Time for Trace ID fed6a3755e25b5c77fe25baf2fe07601: 358 ms
Input: 5000000,
Cold Start: false
Unique ID: 13c8e1312cf2ecb3cdce7bb4c558b233,
Execution Time for Trace ID 13c8e1312cf2ecb3cdce7bb4c558b233: 332 ms
Input: 5000000,
Cold Start: false
Unique ID: 9a693812d0af4f579fab16b04d420b7d,
Execution Time for Trace ID 9a693812d0af4f579fab16b04d420b7d: 342 ms
Input: 5000000,
Cold Start: false
Unique ID: a78ad8723868c4a58bfa76b8b81aa38b,
Execution Time for Trace ID a78ad8723868c4a58bfa76b8b81aa38b: 350 ms
Input: 5000000,
Cold Start: false
Unique ID: 48381e48663e3f300daefe1093d47454,
Execution Time for Trace ID 48381e48663e3f300daefe1093d47454: 363 ms
Input: 5000000,
Cold Start: false
Unique ID: 5e70be8e08f28304f8a496c31f2c3c7b,
Execution Time for Trace ID 5e70be8e08f28304f8a496c31f2c3c7b: 347 ms
Input: 5000000,
Cold Start: false
Unique ID: c9d1927b4364bd07fce8e273f03671a6,
Execution Time for Trace ID c9d1927b4364bd07fce8e273f03671a6: 367 ms
Input: 5000000,
Cold Start: false
Unique ID: 4ef25dc5dc99db72ab939e1e903fc473,
Execution Time for Trace ID 4ef25dc5dc99db72ab939e1e903fc473: 282 ms
Input: 5000000,
Cold Start: false
Unique ID: ae64001580e50d8955bccc2e2c9442f5,
Execution Time for Trace ID ae64001580e50d8955bccc2e2c9442f5: 377 ms
Input: 5000000,
Cold Start: false
Unique ID: 84a76fc9118ec39af03018a408c3ec16,
Execution Time for Trace ID 84a76fc9118ec39af03018a408c3ec16: 281 ms
Input: 5000000,
Cold Start: false
Unique ID: 9717f6126fe0469d4365c7968b566f72,
Execution Time for Trace ID 9717f6126fe0469d4365c7968b566f72: 375 ms
Input: 5000000,
Cold Start: false
Unique ID: f9584987c3daad17e96d942d53411564,
Execution Time for Trace ID f9584987c3daad17e96d942d53411564: 277 ms
Input: 5000000,
Cold Start: false
Unique ID: 2e8149fa84aec722248e939386ae0328,
Execution Time for Trace ID 2e8149fa84aec722248e939386ae0328: 380 ms
Input: 5000000,
Cold Start: false
Unique ID: b93272fcf009f8cd9289aa3dffadd62a,
Execution Time for Trace ID b93272fcf009f8cd9289aa3dffadd62a: 274 ms
Input: 5000000,
Cold Start: false
Unique ID: 83b1e6d607d9deaa8bd7d98caa236243,
Execution Time for Trace ID 83b1e6d607d9deaa8bd7d98caa236243: 383 ms
Input: 5000000,
Cold Start: false
Unique ID: 613555d3fb2eca4895a41f0f727e0e1c,
Execution Time for Trace ID 613555d3fb2eca4895a41f0f727e0e1c: 279 ms
Input: 5000000,
Cold Start: false
Unique ID: 339adf1d4ecf86162a10a9483907647b,
Execution Time for Trace ID 339adf1d4ecf86162a10a9483907647b: 380 ms
Input: 5000000,
Cold Start: false
Unique ID: d483fd0b563a4bae869cb6996e71f83c,
Execution Time for Trace ID d483fd0b563a4bae869cb6996e71f83c: 278 ms
Input: 5000000,
Cold Start: false
Unique ID: f3c2d636695809ff076f8350b5fd722d,
Execution Time for Trace ID f3c2d636695809ff076f8350b5fd722d: 379 ms
Input: 5000000,
Cold Start: false
Unique ID: b05d8a8c3f8cb653c9fcd67d89edbe63,
Execution Time for Trace ID b05d8a8c3f8cb653c9fcd67d89edbe63: 337 ms
Input: 5000000,
Cold Start: false
Unique ID: 0c3a0f8ae79d0c2dd4ebd19916bbef01,
Execution Time for Trace ID 0c3a0f8ae79d0c2dd4ebd19916bbef01: 391 ms
Input: 5000000,
Cold Start: false
Unique ID: ef9e38314941258771428a3452a25d00,
Execution Time for Trace ID ef9e38314941258771428a3452a25d00: 276 ms
Input: 5000000,
Cold Start: false
Unique ID: a3f631e003fa346b1f2db0c9480e60ab,
Execution Time for Trace ID a3f631e003fa346b1f2db0c9480e60ab: 370 ms
Input: 5000000,
Cold Start: false
Unique ID: f8f36c43c0805b88a485c8b0dc0a6435,
Execution Time for Trace ID f8f36c43c0805b88a485c8b0dc0a6435: 333 ms
Input: 5000000,
Cold Start: false
Unique ID: 1873b128eb3f2c58a485c8b0dc0a6383,
Execution Time for Trace ID 1873b128eb3f2c58a485c8b0dc0a6383: 373 ms
Input: 5000000,
Cold Start: false
Unique ID: c207beba1fc534d0431d7a6117603237,
Execution Time for Trace ID c207beba1fc534d0431d7a6117603237: 358 ms
Input: 5000000,
Cold Start: false
Unique ID: 5f464a33245e5e8ea5b0d2cc677bf305,
Execution Time for Trace ID 5f464a33245e5e8ea5b0d2cc677bf305: 378 ms
Input: 5000000,
Cold Start: false
Unique ID: 1648f40301e881637d60a8da315ab486,
Execution Time for Trace ID 1648f40301e881637d60a8da315ab486: 354 ms
Input: 5000000,
Cold Start: false
Unique ID: a540388e8fdcd9ed6d9127f02e96d84e,
Execution Time for Trace ID a540388e8fdcd9ed6d9127f02e96d84e: 375 ms
Input: 5000000,
Cold Start: false
Unique ID: b2c08809346784dd6520e595211aa5d8,
Execution Time for Trace ID b2c08809346784dd6520e595211aa5d8: 329 ms
Input: 5000000,
Cold Start: false
Unique ID: 3ec4734ea5586393870f03d0aae60a46,
Execution Time for Trace ID 3ec4734ea5586393870f03d0aae60a46: 365 ms
Input: 5000000,
Cold Start: false
Unique ID: 592b491b6a66f9fa434ea3e805b91ef9,
Execution Time for Trace ID 592b491b6a66f9fa434ea3e805b91ef9: 342 ms
Input: 5000000,
Cold Start: false
Unique ID: 117e1d66ecb2558f13b59ff15f3852eb,
Execution Time for Trace ID 117e1d66ecb2558f13b59ff15f3852eb: 362 ms
Input: 5000000,
Cold Start: false
Unique ID: 28cc72a4484ab6d0d534bbc27fc4c9c2,
Execution Time for Trace ID 28cc72a4484ab6d0d534bbc27fc4c9c2: 340 ms
Input: 5000000,
Cold Start: false
Unique ID: 3d965489082bb16841771ef150cf1cd9,
Execution Time for Trace ID 3d965489082bb16841771ef150cf1cd9: 361 ms
Input: 5000000,
Cold Start: false
Unique ID: d28de63588e7a573d0cf1326d8d942df,
Execution Time for Trace ID d28de63588e7a573d0cf1326d8d942df: 279 ms
Input: 5000000,
Cold Start: false
Unique ID: 9011a1113f576f1440b81b786ed11fc7,
Execution Time for Trace ID 9011a1113f576f1440b81b786ed11fc7: 348 ms
Input: 5000000,
Cold Start: false
Unique ID: ac7123842534e7008776a5d58feacfe4,
Execution Time for Trace ID ac7123842534e7008776a5d58feacfe4: 276 ms
Input: 5000000,
Cold Start: false
Unique ID: 89ce2f3cef10d84358ed522236b202ba,
Execution Time for Trace ID 89ce2f3cef10d84358ed522236b202ba: 295 ms
Input: 5000000,
Cold Start: false
Unique ID: f25274d15018154340a95b4da514b7aa,
Execution Time for Trace ID f25274d15018154340a95b4da514b7aa: 280 ms
Input: 5000000,
Cold Start: false
Unique ID: ea5a8a0312abde08ad1b0c3b6205aa39,
Execution Time for Trace ID ea5a8a0312abde08ad1b0c3b6205aa39: 295 ms
Input: 5000000,
Cold Start: false
Unique ID: 61d2bdc04cba2f5f457aed6bbe142a75,
Execution Time for Trace ID 61d2bdc04cba2f5f457aed6bbe142a75: 275 ms
Input: 5000000,
Cold Start: false
Unique ID: d658aaf50d238311e87915436ad981e3,
Execution Time for Trace ID d658aaf50d238311e87915436ad981e3: 297 ms
Input: 5000000,
Cold Start: false
Unique ID: 0d958901552e1b75227e75115e33b018,
Execution Time for Trace ID 0d958901552e1b75227e75115e33b018: 273 ms
Input: 5000000,
Cold Start: false
Unique ID: e716f6577d5f99c7978994ad5b1fabb7,
Execution Time for Trace ID e716f6577d5f99c7978994ad5b1fabb7: 296 ms
Input: 5000000,
Cold Start: false
Unique ID: d938229f2d89163fe10aa9fcd7494dbc,
Execution Time for Trace ID d938229f2d89163fe10aa9fcd7494dbc: 336 ms
Input: 5000000,
Cold Start: false
Unique ID: f414bc8822f3e941af4301519f26f95d,
Execution Time for Trace ID f414bc8822f3e941af4301519f26f95d: 286 ms
Input: 5000000,
Cold Start: false
Unique ID: 56d517b3c591c340fd481373cb4fb5d2,
Execution Time for Trace ID 56d517b3c591c340fd481373cb4fb5d2: 331 ms
Input: 5000000,
Cold Start: false
Unique ID: c9ace6dda73da56b9ef4fafbf41ce4b4,
Execution Time for Trace ID c9ace6dda73da56b9ef4fafbf41ce4b4: 290 ms
Input: 5000000,
Cold Start: false
Unique ID: c866310e7c4910378eece1165372b808,
Execution Time for Trace ID c866310e7c4910378eece1165372b808: 345 ms
Input: 5000000,
Cold Start: false
Unique ID: 0c10e29f2530c39f9649d8a42c7b8227,
Execution Time for Trace ID 0c10e29f2530c39f9649d8a42c7b8227: 286 ms
Input: 5000000,
Cold Start: false
Unique ID: 07805676d864dffbcd5e6b8c465fd851,
Execution Time for Trace ID 07805676d864dffbcd5e6b8c465fd851: 341 ms
Input: 5000000,
Cold Start: false
Unique ID: 9f677d488a2e0ebddf1dc105b4d956d4,
Execution Time for Trace ID 9f677d488a2e0ebddf1dc105b4d956d4: 290 ms
Input: 5000000,
Cold Start: false
Unique ID: b857b757482ba9d70bfb0fd9b9ad25ed,
Execution Time for Trace ID b857b757482ba9d70bfb0fd9b9ad25ed: 274 ms
Input: 5000000,
Cold Start: false
Unique ID: 94edf4100dd0df30be8cd13b4b342a2c,
Execution Time for Trace ID 94edf4100dd0df30be8cd13b4b342a2c: 298 ms
Input: 5000000,
Cold Start: false
Unique ID: 8be15908ba36400459c08631e05ce37f,
Execution Time for Trace ID 8be15908ba36400459c08631e05ce37f: 277 ms
Input: 5000000,
Cold Start: false
Unique ID: a4d40978c45741645912cb4eedb4c913,
Execution Time for Trace ID a4d40978c45741645912cb4eedb4c913: 297 ms
Input: 5000000,
Cold Start: false
Unique ID: d0dd95fc46f6229854047e8b889d52bf,
Execution Time for Trace ID d0dd95fc46f6229854047e8b889d52bf: 277 ms
Input: 5000000,
Cold Start: false
Unique ID: 78a08bc469bff6c4971eb428cb6b677e,
Execution Time for Trace ID 78a08bc469bff6c4971eb428cb6b677e: 287 ms
Input: 5000000,
Cold Start: false
Unique ID: d81a64946efefe77651f3de49c5b1c07,
Execution Time for Trace ID d81a64946efefe77651f3de49c5b1c07: 356 ms
Input: 5000000,
Cold Start: false
Unique ID: fa6f900e70603d1ec06fa3f969a2b729,
Execution Time for Trace ID fa6f900e70603d1ec06fa3f969a2b729: 346 ms
Input: 5000000,
Cold Start: false
Unique ID: cb06ddadec96df102695aa1394163653,
Execution Time for Trace ID cb06ddadec96df102695aa1394163653: 384 ms
Input: 5000000,
Cold Start: false
Unique ID: dc17b854b93b41d7066cf8c028aaf56c,
Execution Time for Trace ID dc17b854b93b41d7066cf8c028aaf56c: 351 ms
Input: 5000000,
Cold Start: false
Unique ID: 2df386eb8be8c356ba467a8e1eb988c6,
Execution Time for Trace ID 2df386eb8be8c356ba467a8e1eb988c6: 387 ms
Input: 5000000,
Cold Start: false
Unique ID: f52e754b5c4bc75d25569768abcc51d3,
Execution Time for Trace ID f52e754b5c4bc75d25569768abcc51d3: 340 ms
Input: 5000000,
Cold Start: false
Unique ID: 68fe05b76582bab25bf463195caa0d52,
Execution Time for Trace ID 68fe05b76582bab25bf463195caa0d52: 381 ms
Input: 5000000,
Cold Start: false
Unique ID: ed137d0434ed4b54d39dc75484f792f3,
Execution Time for Trace ID ed137d0434ed4b54d39dc75484f792f3: 270 ms
Input: 5000000,
Cold Start: false
Unique ID: 8b2e167af4653909121ee7209f2d532d,
Execution Time for Trace ID 8b2e167af4653909121ee7209f2d532d: 378 ms
Input: 5000000,
Cold Start: false
Unique ID: 3ab3c8e4a7d0866b5f60982e0ffd7974,
Execution Time for Trace ID 3ab3c8e4a7d0866b5f60982e0ffd7974: 332 ms
Input: 5000000,
Cold Start: false
Unique ID: e68745f7e06bc426ca00e97a98771ac3,
Execution Time for Trace ID e68745f7e06bc426ca00e97a98771ac3: 376 ms
Input: 5000000,
Cold Start: false
Unique ID: cc6c09fe4eec55d744c279fceba62b25,
Execution Time for Trace ID cc6c09fe4eec55d744c279fceba62b25: 278 ms
Input: 5000000,
Cold Start: false
Unique ID: e49b1133963644a96a89a9b6a1688563,
Execution Time for Trace ID e49b1133963644a96a89a9b6a1688563: 377 ms
Input: 5000000,
Cold Start: false
Unique ID: 818e30cc64ed67c154572d187be21654,
Execution Time for Trace ID 818e30cc64ed67c154572d187be21654: 274 ms
Input: 5000000,
Cold Start: false
Unique ID: 8183d544c6373a234c344c4c625d8481,
Execution Time for Trace ID 8183d544c6373a234c344c4c625d8481: 339 ms
Input: 5000000,
Cold Start: false
Unique ID: cc586849782164752a9d947012e0cfa7,
Execution Time for Trace ID cc586849782164752a9d947012e0cfa7: 332 ms
Input: 5000000,
Cold Start: false
Unique ID: d3d7448c9641b2e6ce2104fa89ef4455,
Execution Time for Trace ID d3d7448c9641b2e6ce2104fa89ef4455: 346 ms
Input: 5000000,
Cold Start: false
Unique ID: f06f71352074c86ad7ef96b84512c5de,
Execution Time for Trace ID f06f71352074c86ad7ef96b84512c5de: 341 ms
Input: 5000000,
Cold Start: false
Unique ID: cad4012f6e0bae0a5e2cf92a7c5b947a,
Execution Time for Trace ID cad4012f6e0bae0a5e2cf92a7c5b947a: 372 ms
Input: 5000000,
Cold Start: false
Unique ID: 69714bd3c33c852cb803fd1e74e44026,
Execution Time for Trace ID 69714bd3c33c852cb803fd1e74e44026: 276 ms
Input: 5000000,
Cold Start: false
Unique ID: e5458177ecc27ce7aafb8c2dcf6767ec,
Execution Time for Trace ID e5458177ecc27ce7aafb8c2dcf6767ec: 367 ms
Input: 5000000,
Cold Start: false
Unique ID: be5a13c2edd5d91ce902f92363b45d8c,
Execution Time for Trace ID be5a13c2edd5d91ce902f92363b45d8c: 279 ms
Input: 5000000,
Cold Start: false
Unique ID: 28060180bbd6824f91ebec15a9742c72,
Execution Time for Trace ID 28060180bbd6824f91ebec15a9742c72: 372 ms
Input: 5000000,
Cold Start: false
Unique ID: 9779ff740d4537ad8df3bb374d23aa23,
Execution Time for Trace ID 9779ff740d4537ad8df3bb374d23aa23: 275 ms
Input: 5000000,
Cold Start: false
Unique ID: 51927bb1b9b67632f0cf8172a5fd7f01,
Execution Time for Trace ID 51927bb1b9b67632f0cf8172a5fd7f01: 367 ms
Input: 5000000,
Cold Start: false
Unique ID: 729765d7032bcb343e4bc2bcca75d8c6,
Execution Time for Trace ID 729765d7032bcb343e4bc2bcca75d8c6: 275 ms
Input: 5000000,
Cold Start: false
Unique ID: e6f419c36518c6fcbb57134b10148dd1,
Execution Time for Trace ID e6f419c36518c6fcbb57134b10148dd1: 364 ms
Input: 5000000,
Cold Start: false
Unique ID: ef64d9bd61b768bd3222b0c4b167eeaa,
Execution Time for Trace ID ef64d9bd61b768bd3222b0c4b167eeaa: 341 ms
Input: 5000000,
Cold Start: false
Unique ID: d0c592fb837af5b44eb69489246d4dae,
Execution Time for Trace ID d0c592fb837af5b44eb69489246d4dae: 359 ms
Input: 5000000,
Cold Start: false
Unique ID: c30e74628be496111733f737557570d1,
Execution Time for Trace ID c30e74628be496111733f737557570d1: 284 ms
Input: 5000000,
Cold Start: false
Unique ID: c8f2ea10d623c0e626e355082e5eff46,
Execution Time for Trace ID c8f2ea10d623c0e626e355082e5eff46: 363 ms
Input: 5000000,
Cold Start: false
Unique ID: ca4606b322bd48704f78cf0fd9d8ede6,
Execution Time for Trace ID ca4606b322bd48704f78cf0fd9d8ede6: 276 ms
Input: 5000000,
Cold Start: false
Unique ID: 2dc23c0da77474d1ed93e7c971c68b5f,
Execution Time for Trace ID 2dc23c0da77474d1ed93e7c971c68b5f: 362 ms
Input: 5000000,
Cold Start: false
Unique ID: fb24769e57bd1527df9bd1f9414ccebe,
Execution Time for Trace ID fb24769e57bd1527df9bd1f9414ccebe: 278 ms
Input: 5000000,
Cold Start: false
Unique ID: 80e986d84885b0115e514d691992fb64,
Execution Time for Trace ID 80e986d84885b0115e514d691992fb64: 353 ms
Input: 5000000,
Cold Start: false
Unique ID: d22a1d9246cef9e676dc5fca075f57b5,
Execution Time for Trace ID d22a1d9246cef9e676dc5fca075f57b5: 276 ms
Input: 5000000,
Cold Start: false
Unique ID: 16d757439412dea8a7476d3d989ac19f,
Execution Time for Trace ID 16d757439412dea8a7476d3d989ac19f: 351 ms
Input: 5000000,
Cold Start: false
Unique ID: def3b815a8c4e023c4512e7911abff99,
Execution Time for Trace ID def3b815a8c4e023c4512e7911abff99: 335 ms
Input: 5000000,
Cold Start: false
Unique ID: 0d5bc7178ec64aa9a906c613c76912b6,
Execution Time for Trace ID 0d5bc7178ec64aa9a906c613c76912b6: 340 ms
Input: 5000000,
Cold Start: false
Unique ID: 7c32c0411c9a4f128f3334f668b3ff02,
Execution Time for Trace ID 7c32c0411c9a4f128f3334f668b3ff02: 331 ms
Input: 5000000,
Cold Start: false
Unique ID: 77ebb1fefe18cfe13a8fe92012201fb8,
Execution Time for Trace ID 77ebb1fefe18cfe13a8fe92012201fb8: 343 ms
Input: 5000000,
Cold Start: false
Unique ID: a2229d89175f42eb59e8eff25017b673,
Execution Time for Trace ID a2229d89175f42eb59e8eff25017b673: 279 ms
Input: 5000000,
Cold Start: false
Unique ID: 0e66b1434764c9bc650bd6b960a5f920,
Execution Time for Trace ID 0e66b1434764c9bc650bd6b960a5f920: 382 ms
Input: 5000000,
Cold Start: false
Unique ID: ba7a783bb8f58168b69013e34d0c7b3d,
Execution Time for Trace ID ba7a783bb8f58168b69013e34d0c7b3d: 273 ms
Input: 5000000,
Cold Start: false
Unique ID: 9ebdcd6716b0df6bfe9bef83e54fc4e0,
Execution Time for Trace ID 9ebdcd6716b0df6bfe9bef83e54fc4e0: 372 ms
Input: 5000000,
Cold Start: false
Unique ID: 17e0e234652add596768736dcf7042cb,
Execution Time for Trace ID 17e0e234652add596768736dcf7042cb: 272 ms
Input: 5000000,
Cold Start: false
Unique ID: ded3de753e96dc1e021ca8ad61d0b2fb,
Execution Time for Trace ID ded3de753e96dc1e021ca8ad61d0b2fb: 375 ms
Input: 5000000,
Cold Start: false
Unique ID: e9fca32be5d2af4cdcbaf08aa5adae38,
Execution Time for Trace ID e9fca32be5d2af4cdcbaf08aa5adae38: 275 ms
Input: 5000000,
Cold Start: false
Unique ID: 34c02d5a53354b0aed1af0a1c5058459,
Execution Time for Trace ID 34c02d5a53354b0aed1af0a1c5058459: 384 ms
Input: 5000000,
Cold Start: false
Unique ID: ef9a62fda112cb81d14ee01516e7670c,
Execution Time for Trace ID ef9a62fda112cb81d14ee01516e7670c: 335 ms
Input: 5000000,
Cold Start: false
Unique ID: f6cf1c6ea73d93f26e3fdca1225afe99,
Execution Time for Trace ID f6cf1c6ea73d93f26e3fdca1225afe99: 371 ms
Input: 5000000,
Cold Start: false
Unique ID: fb1cbd5fe89f28e72481608e55ed9524,
Execution Time for Trace ID fb1cbd5fe89f28e72481608e55ed9524: 344 ms
Input: 5000000,
Cold Start: false
Unique ID: f1e5d261d6c0da4af77984fda79c3e43,
Execution Time for Trace ID f1e5d261d6c0da4af77984fda79c3e43: 382 ms
Input: 5000000,
Cold Start: false
Unique ID: 1140ffeffe7935dd5209af93184b4ee8,
Execution Time for Trace ID 1140ffeffe7935dd5209af93184b4ee8: 349 ms
Input: 5000000,
Cold Start: false
Unique ID: 3acd664991760076fcab4c2dd8ae9272,
Execution Time for Trace ID 3acd664991760076fcab4c2dd8ae9272: 387 ms
Input: 5000000,
Cold Start: false
Unique ID: f372146de9956e52fea2f795f1c27b25,
Execution Time for Trace ID f372146de9956e52fea2f795f1c27b25: 277 ms
Input: 5000000,
Cold Start: false
Unique ID: 54e0c95eea788c946a99bbb6f924d3e3,
Execution Time for Trace ID 54e0c95eea788c946a99bbb6f924d3e3: 389 ms
Input: 5000000,
Cold Start: false
Unique ID: f75ce6257eb2688302c420293b39398e,
Execution Time for Trace ID f75ce6257eb2688302c420293b39398e: 276 ms
Input: 5000000,
Cold Start: false
Unique ID: 3d927e1d26e949b4122133e0add3630c,
Execution Time for Trace ID 3d927e1d26e949b4122133e0add3630c: 395 ms
Input: 5000000,
Cold Start: false
Unique ID: 2ae57035f52971d18ed31b682b913010,
Execution Time for Trace ID 2ae57035f52971d18ed31b682b913010: 339 ms
Input: 5000000,
Cold Start: false
Unique ID: 8dfd3209fd730ad66fa8d3839032a3fe,
Execution Time for Trace ID 8dfd3209fd730ad66fa8d3839032a3fe: 347 ms
Input: 5000000,
Cold Start: false
Unique ID: 0ceba01f1e6691dd3a633cf438e45059,
Execution Time for Trace ID 0ceba01f1e6691dd3a633cf438e45059: 346 ms
Input: 5000000,
Cold Start: false
Unique ID: 083f6e8668cf11f6ae437e08f3711b4f,
Execution Time for Trace ID 083f6e8668cf11f6ae437e08f3711b4f: 332 ms
Input: 5000000,
Cold Start: false
Unique ID: a248ac0c4af3e18f33496d372cde1bcf,
Execution Time for Trace ID a248ac0c4af3e18f33496d372cde1bcf: 343 ms
Input: 5000000,
Cold Start: false
Unique ID: 42eecbc4791df101da0bbc5e82b8cb89,
Execution Time for Trace ID 42eecbc4791df101da0bbc5e82b8cb89: 333 ms
Input: 5000000,
Cold Start: false
Unique ID: 5732c80e3dfdb7e7909c2a1a1c0e6081,
Execution Time for Trace ID 5732c80e3dfdb7e7909c2a1a1c0e6081: 373 ms
Input: 5000000,
Cold Start: false
Unique ID: f6fb6a5d380d954cb6927316e3d8870d,
Execution Time for Trace ID f6fb6a5d380d954cb6927316e3d8870d: 345 ms
Input: 5000000,
Cold Start: false
Unique ID: 301789514fdb88db2ceea8bd3f883b65,
Execution Time for Trace ID 301789514fdb88db2ceea8bd3f883b65: 367 ms
Input: 5000000,
Cold Start: false
Unique ID: ea4ae969e5b6622dded9707e0633e7c7,
Execution Time for Trace ID ea4ae969e5b6622dded9707e0633e7c7: 286 ms
Input: 5000000,
Cold Start: false
Unique ID: 2ce6153ca18ae4d1c3ca5cf89b49d5d0,
Execution Time for Trace ID 2ce6153ca18ae4d1c3ca5cf89b49d5d0: 367 ms
Input: 5000000,
Cold Start: false
Unique ID: 3f651313ea369dc61f1cf038df37f1cd,
Execution Time for Trace ID 3f651313ea369dc61f1cf038df37f1cd: 276 ms
Input: 5000000,
Cold Start: false
Unique ID: b9ad71dddf5d31a38253342510b96656,
Execution Time for Trace ID b9ad71dddf5d31a38253342510b96656: 371 ms
Input: 5000000,
Cold Start: false
Unique ID: 2f4f4d76553450046e3c0a4b6beeb3f3,
Execution Time for Trace ID 2f4f4d76553450046e3c0a4b6beeb3f3: 277 ms
Input: 5000000,
Cold Start: false
Unique ID: 842da50848cc9982bc7824a6d6b24dde,
Execution Time for Trace ID 842da50848cc9982bc7824a6d6b24dde: 377 ms
Input: 5000000,
Cold Start: false
Unique ID: 7b0e7798d5a9ab629ae0918fc75c2ccc,
Execution Time for Trace ID 7b0e7798d5a9ab629ae0918fc75c2ccc: 280 ms
Input: 5000000,
Cold Start: false
Unique ID: cffe1a63585df79edf0dbbc4dfd6c3f0,
Execution Time for Trace ID cffe1a63585df79edf0dbbc4dfd6c3f0: 402 ms
Input: 5000000,
Cold Start: false
Unique ID: c0e946db671aaf4c38df15aa2bf8f81b,
Execution Time for Trace ID c0e946db671aaf4c38df15aa2bf8f81b: 280 ms
Input: 5000000,
Cold Start: false
Unique ID: c57bde9a9dd36fa0a379a7537476c2c2,
Execution Time for Trace ID c57bde9a9dd36fa0a379a7537476c2c2: 379 ms
Input: 5000000,
Cold Start: false
Unique ID: 62dbd5c647bc4a71c4a8c705e66c9843,
Execution Time for Trace ID 62dbd5c647bc4a71c4a8c705e66c9843: 366 ms
Input: 5000000,
Cold Start: false
Unique ID: 118f4dee69461f466b15a5fcde6808fa,
Execution Time for Trace ID 118f4dee69461f466b15a5fcde6808fa: 285 ms
Input: 5000000,
Cold Start: false
Unique ID: fbd1d66371ea3f1142aacf18a8ea2f75,
Execution Time for Trace ID fbd1d66371ea3f1142aacf18a8ea2f75: 367 ms
Input: 5000000,
Cold Start: false
Unique ID: e6abfd4bc307e51493b00ae517c54755,
Execution Time for Trace ID e6abfd4bc307e51493b00ae517c54755: 339 ms
Input: 5000000,
Cold Start: false
Unique ID: 146827a6c79e9fdb6f9ad7e31a330916,
Execution Time for Trace ID 146827a6c79e9fdb6f9ad7e31a330916: 380 ms
Input: 5000000,
Cold Start: false
Unique ID: e3171fee1a87365f60527df2dbeb2612,
Execution Time for Trace ID e3171fee1a87365f60527df2dbeb2612: 280 ms
Input: 5000000,
Cold Start: false
Unique ID: cddc85fc4c1b8bbd7544b14c4ed71b6b,
Execution Time for Trace ID cddc85fc4c1b8bbd7544b14c4ed71b6b: 380 ms
Input: 5000000,
Cold Start: false
Unique ID: 58d56584d62429e2e6564532a117d8c7,
Execution Time for Trace ID 58d56584d62429e2e6564532a117d8c7: 283 ms
Input: 5000000,
Cold Start: false
Unique ID: 7df867996bf4d331bf97a476fceb5f4d,
Execution Time for Trace ID 7df867996bf4d331bf97a476fceb5f4d: 339 ms
Input: 5000000,
Cold Start: false
Unique ID: d91d9d5244db5ace854775b9af57912f,
Execution Time for Trace ID d91d9d5244db5ace854775b9af57912f: 283 ms
Input: 5000000,
Cold Start: false
Unique ID: 5387288aa3f3f83033a4a8175dffaf5a,
Execution Time for Trace ID 5387288aa3f3f83033a4a8175dffaf5a: 373 ms
Input: 5000000,
Cold Start: false
Unique ID: cda0addbad236af88505dceebd732ba2,
Execution Time for Trace ID cda0addbad236af88505dceebd732ba2: 337 ms
Input: 5000000,
Cold Start: false
Unique ID: 4d49d3fc7a282834db35518c33ad528e,
Execution Time for Trace ID 4d49d3fc7a282834db35518c33ad528e: 401 ms
Input: 5000000,
Cold Start: false
Unique ID: 6ede363583d046554864804fd4a3ae4e,
Execution Time for Trace ID 6ede363583d046554864804fd4a3ae4e: 338 ms
Input: 5000000,
Cold Start: false
Unique ID: 37c907ec2a3aa856f587aeb0026066e2,
Execution Time for Trace ID 37c907ec2a3aa856f587aeb0026066e2: 384 ms
Input: 5000000,
Cold Start: false
Unique ID: 65f3086841eae1829270dad3af6e0f04,
Execution Time for Trace ID 65f3086841eae1829270dad3af6e0f04: 280 ms
Input: 5000000,
Cold Start: false
Unique ID: 627d5a4238d1b8a117f18b0302720a25,
Execution Time for Trace ID 627d5a4238d1b8a117f18b0302720a25: 470 ms
Input: 5000000,
Cold Start: false
Unique ID: 61398c07511bd9a554c119c5a1870d87,
Execution Time for Trace ID 61398c07511bd9a554c119c5a1870d87: 279 ms
Input: 5000000,
Cold Start: false
Unique ID: 73ac88585e92833368786cd97b6656d0,
Execution Time for Trace ID 73ac88585e92833368786cd97b6656d0: 336 ms
Input: 5000000,
Cold Start: false
Unique ID: bfd7df0e6a6886417238285101b884b7,
Execution Time for Trace ID bfd7df0e6a6886417238285101b884b7: 293 ms
Input: 5000000,
Cold Start: false
Unique ID: d4d6b37a31c217c88e6d2d570c106523,
Execution Time for Trace ID d4d6b37a31c217c88e6d2d570c106523: 276 ms
Input: 5000000,
Cold Start: false
Unique ID: d57e4eb8a2e33b905a093752259ba0b5,
Execution Time for Trace ID d57e4eb8a2e33b905a093752259ba0b5: 293 ms
Input: 5000000,
Cold Start: false
Unique ID: cc8c68f20eed90f9176b8b60e4bf9eac,
Execution Time for Trace ID cc8c68f20eed90f9176b8b60e4bf9eac: 281 ms
Input: 5000000,
Cold Start: false
Unique ID: e25e5258f3b2b07a81205c09ac00070a,
Execution Time for Trace ID e25e5258f3b2b07a81205c09ac00070a: 297 ms
Input: 5000000,
Cold Start: false
Unique ID: 0de342d6a0be500c86d40f5aff7cddc0,
Execution Time for Trace ID 0de342d6a0be500c86d40f5aff7cddc0: 342 ms
Input: 5000000,
Cold Start: false
Unique ID: 758ad71361f030e60c67e74c37c9bec7,
Execution Time for Trace ID 758ad71361f030e60c67e74c37c9bec7: 292 ms
Input: 5000000,
Cold Start: false
Unique ID: be81d404e0653fc206ff722e819a1475,
Execution Time for Trace ID be81d404e0653fc206ff722e819a1475: 280 ms
Input: 5000000,
Cold Start: false
Unique ID: 5ff09cabe114c0cd9aa5a48297092ac1,
Execution Time for Trace ID 5ff09cabe114c0cd9aa5a48297092ac1: 293 ms
Input: 5000000,
Cold Start: false
Unique ID: 34116daea6ee4b46f8af19dbfda61fe8,
Execution Time for Trace ID 34116daea6ee4b46f8af19dbfda61fe8: 335 ms
Input: 5000000,
Cold Start: false
Unique ID: 76d0a258ba10c166454c902be48a88d0,
Execution Time for Trace ID 76d0a258ba10c166454c902be48a88d0: 290 ms
Input: 5000000,
Cold Start: false
Unique ID: df4fd59a0aca3684bb854a2b5f054d33,
Execution Time for Trace ID df4fd59a0aca3684bb854a2b5f054d33: 358 ms
Input: 5000000,
Cold Start: false
Unique ID: 6cbe97a626800fd06324036db54e4aa9,
Execution Time for Trace ID 6cbe97a626800fd06324036db54e4aa9: 342 ms
Input: 5000000,
Cold Start: false
Unique ID: 7fee180d3f320315de7442d281b008a8,
Execution Time for Trace ID 7fee180d3f320315de7442d281b008a8: 349 ms
Input: 5000000,
Cold Start: false
Unique ID: 7638754605d3c14a4f716710158ffdbb,
Execution Time for Trace ID 7638754605d3c14a4f716710158ffdbb: 362 ms
Input: 5000000,
Cold Start: false
Unique ID: b606d347d2ac38e31aa0994297c32a0e,
Execution Time for Trace ID b606d347d2ac38e31aa0994297c32a0e: 332 ms
Input: 5000000,
Cold Start: false
Unique ID: f485f5383367ddd36d1d0ec94d02d7d7,
Execution Time for Trace ID f485f5383367ddd36d1d0ec94d02d7d7: 348 ms
Input: 5000000,
Cold Start: false
Unique ID: c3157581b9d81bf2e770934bcd06ad8a,
Execution Time for Trace ID c3157581b9d81bf2e770934bcd06ad8a: 346 ms
Input: 5000000,
Cold Start: false
Unique ID: 5303cf0d8bdd2bead1418f2f7eb75dd0,
Execution Time for Trace ID 5303cf0d8bdd2bead1418f2f7eb75dd0: 292 ms
Input: 5000000,
Cold Start: false
Unique ID: 17075a3b692db5812ca063c0a12c9485,
Execution Time for Trace ID 17075a3b692db5812ca063c0a12c9485: 342 ms
Input: 5000000,
Cold Start: false
Unique ID: 804d8a8ba4c3a6e2f8b589dc34404143,
Execution Time for Trace ID 804d8a8ba4c3a6e2f8b589dc34404143: 288 ms
Input: 5000000,
Cold Start: false
Unique ID: efc53045c676be8fc79467bb23a4ba52,
Execution Time for Trace ID efc53045c676be8fc79467bb23a4ba52: 280 ms
Input: 5000000,
Cold Start: false
Unique ID: d849a414964d9b8555e1a7e0f490b7ca,
Execution Time for Trace ID d849a414964d9b8555e1a7e0f490b7ca: 293 ms
Input: 5000000,
Cold Start: false
Unique ID: 0d3d45728a5d893d34f1fbc9d37542bb,
Execution Time for Trace ID 0d3d45728a5d893d34f1fbc9d37542bb: 276 ms
Input: 5000000,
Cold Start: false
Unique ID: 803bfef603a50b19533a0fbd8667defe,
Execution Time for Trace ID 803bfef603a50b19533a0fbd8667defe: 341 ms
Input: 5000000,
Cold Start: false
Unique ID: 4b82625767c34b312b90057422ad346d,
Execution Time for Trace ID 4b82625767c34b312b90057422ad346d: 283 ms
Input: 5000000,
Cold Start: false
Unique ID: 3935b35091deba577a4522ccedb13c9b,
Execution Time for Trace ID 3935b35091deba577a4522ccedb13c9b: 355 ms
Input: 5000000,
Cold Start: false
Unique ID: 49838d0fa36de7b820b68dee9900ce6e,
Execution Time for Trace ID 49838d0fa36de7b820b68dee9900ce6e: 278 ms
Input: 5000000,
Cold Start: false
Unique ID: 835a181a78e8636b7192fac3b3dfcf1a,
Execution Time for Trace ID 835a181a78e8636b7192fac3b3dfcf1a: 354 ms
Input: 5000000,
Cold Start: false
Unique ID: e366d574224eb5facdad801611c0259b,
Execution Time for Trace ID e366d574224eb5facdad801611c0259b: 278 ms
Input: 5000000,
Cold Start: false
Unique ID: 2cae9ffcaed662dd0a2a7d9fcd14fa1e,
Execution Time for Trace ID 2cae9ffcaed662dd0a2a7d9fcd14fa1e: 355 ms
Input: 5000000,
Cold Start: false
Unique ID: a59636f72af297105e8949aa40f76abc,
Execution Time for Trace ID a59636f72af297105e8949aa40f76abc: 273 ms
Input: 5000000,
Cold Start: false
Unique ID: f688036beab89e97eec555565b6d6bea,
Execution Time for Trace ID f688036beab89e97eec555565b6d6bea: 359 ms
Input: 5000000,
Cold Start: false
Unique ID: c23e362ca35de7243dca9e20396b0d07,
Execution Time for Trace ID c23e362ca35de7243dca9e20396b0d07: 280 ms
Input: 5000000,
Cold Start: false
Unique ID: dd77e04c44a17546da0cd8ec606f547a,
Execution Time for Trace ID dd77e04c44a17546da0cd8ec606f547a: 358 ms
Input: 5000000,
Cold Start: false
Unique ID: c6733eb4528f7a86ceed4ec1ed2c9376,
Execution Time for Trace ID c6733eb4528f7a86ceed4ec1ed2c9376: 280 ms
Input: 5000000,
Cold Start: false
Unique ID: 0768644961185a401b4de67cbccf6ecc,
Execution Time for Trace ID 0768644961185a401b4de67cbccf6ecc: 357 ms
Input: 5000000,
Cold Start: false
Unique ID: 4070e8dce1f9ce1bb23c5f8508359ef0,
Execution Time for Trace ID 4070e8dce1f9ce1bb23c5f8508359ef0: 277 ms
Input: 5000000,
Cold Start: false
Unique ID: 38aa3f93e0c191118a5d213fde8c5ed7,
Execution Time for Trace ID 38aa3f93e0c191118a5d213fde8c5ed7: 348 ms
Input: 5000000,
Cold Start: false
Unique ID: fc914f19194074c3fc96514ef032f115,
Execution Time for Trace ID fc914f19194074c3fc96514ef032f115: 279 ms
Input: 5000000,
Cold Start: false
Unique ID: 8ddc1589224e4a50043661be9a8115a7,
Execution Time for Trace ID 8ddc1589224e4a50043661be9a8115a7: 291 ms
Input: 5000000,
Cold Start: false
Unique ID: 9df25348505a2d815ed2caff25b7e48e,
Execution Time for Trace ID 9df25348505a2d815ed2caff25b7e48e: 278 ms
Input: 5000000,
Cold Start: false
Unique ID: 05fbef1bbf62edf220f79b77e2fb14e5,
Execution Time for Trace ID 05fbef1bbf62edf220f79b77e2fb14e5: 285 ms
Input: 5000000,
Cold Start: false
Unique ID: 467b1f2ba988c098b7f256ebb3b48352,
Execution Time for Trace ID 467b1f2ba988c098b7f256ebb3b48352: 341 ms
Input: 5000000,
Cold Start: false
Unique ID: f44ba7134a1d6277bf75e7a47d374421,
Execution Time for Trace ID f44ba7134a1d6277bf75e7a47d374421: 295 ms
Input: 5000000,
Cold Start: false
Unique ID: 2f439b0d2f3520539372da4c0d0e3a5a,
Execution Time for Trace ID 2f439b0d2f3520539372da4c0d0e3a5a: 333 ms
Input: 5000000,
Cold Start: false
Unique ID: ed7bd418e67a7b61f8897d9b47d57a58,
Execution Time for Trace ID ed7bd418e67a7b61f8897d9b47d57a58: 288 ms
Input: 5000000,
Cold Start: false
Unique ID: dc0ee18ad1b94dd82ef4370cdac9468d,
Execution Time for Trace ID dc0ee18ad1b94dd82ef4370cdac9468d: 275 ms
Input: 5000000,
Cold Start: false
Unique ID: 77228c4479e4b0872d32d2379775879b,
Execution Time for Trace ID 77228c4479e4b0872d32d2379775879b: 293 ms
Input: 5000000,
Cold Start: false
Unique ID: b1ce58dedf2b70fd675491ea65767513,
Execution Time for Trace ID b1ce58dedf2b70fd675491ea65767513: 342 ms
Input: 5000000,
Cold Start: false
Unique ID: f5a7802ddcf69a64b021ad461503a8fc,
Execution Time for Trace ID f5a7802ddcf69a64b021ad461503a8fc: 293 ms
Input: 5000000,
Cold Start: false
Unique ID: 2a9bc6ba9cbb010fc4623cd36c0582b2,
Execution Time for Trace ID 2a9bc6ba9cbb010fc4623cd36c0582b2: 281 ms
Input: 5000000,
Cold Start: false
Unique ID: 4cad5218893145e7a32f0ee16b2a8f72,
Execution Time for Trace ID 4cad5218893145e7a32f0ee16b2a8f72: 297 ms
Input: 5000000,
Cold Start: false
