Unique ID: 12427a6e-fbde-48e6-9959-9698153b0c73,
Billed Duration for Request 12427a6e-fbde-48e6-9959-9698153b0c73: 545 ms
Pi: 3.142872,
Input: 5000000,
Cold Start: false
Unique ID: dc9cc1ef-14b5-455a-be57-bbd9cd84dfcd,
Billed Duration for Request dc9cc1ef-14b5-455a-be57-bbd9cd84dfcd: 599 ms
Pi: 3.1413488,
Input: 5000000,
Cold Start: true
Unique ID: f1cad9a9-bb4e-466d-8195-cf4cd5c97d83,
Billed Duration for Request f1cad9a9-bb4e-466d-8195-cf4cd5c97d83: 504 ms
Pi: 3.1409352,
Input: 5000000,
Cold Start: false
Unique ID: 3558e79f-7613-4c84-b520-c18d951ff131,
Billed Duration for Request 3558e79f-7613-4c84-b520-c18d951ff131: 570 ms
Pi: 3.1408264,
Input: 5000000,
Cold Start: true
Unique ID: 6f30657c-f27c-44e6-85ed-358a9914a750,
Billed Duration for Request 6f30657c-f27c-44e6-85ed-358a9914a750: 555 ms
Pi: 3.1408984,
Input: 5000000,
Cold Start: false
Unique ID: 4567ad02-e4fb-4760-9b74-1f61ca3055e2,
Billed Duration for Request 4567ad02-e4fb-4760-9b74-1f61ca3055e2: 586 ms
Pi: 3.1413832,
Input: 5000000,
Cold Start: true
Unique ID: 786d529f-efbb-4f9e-b32f-2c6164e405c5,
Billed Duration for Request 786d529f-efbb-4f9e-b32f-2c6164e405c5: 502 ms
Pi: 3.1409888,
Input: 5000000,
Cold Start: false
Unique ID: 6aeddeee-8379-401f-84ec-deb837695093,
Billed Duration for Request 6aeddeee-8379-401f-84ec-deb837695093: 548 ms
Pi: 3.1420936,
Input: 5000000,
Cold Start: false
Unique ID: 616bd155-4525-456a-a233-41ed6c1773cf,
Billed Duration for Request 616bd155-4525-456a-a233-41ed6c1773cf: 529 ms
Pi: 3.1418448,
Input: 5000000,
Cold Start: false
Unique ID: 80fc5de8-1acf-4145-90b6-743de506e929,
Billed Duration for Request 80fc5de8-1acf-4145-90b6-743de506e929: 506 ms
Pi: 3.1406848,
Input: 5000000,
Cold Start: false
Unique ID: 8f4374b2-48ba-49ce-9d3a-fb7c3057aa30,
Billed Duration for Request 8f4374b2-48ba-49ce-9d3a-fb7c3057aa30: 530 ms
Pi: 3.141616,
Input: 5000000,
Cold Start: false
Unique ID: 806c937a-afb1-41a6-b64e-ca3861f25325,
Billed Duration for Request 806c937a-afb1-41a6-b64e-ca3861f25325: 526 ms
Pi: 3.1417064,
Input: 5000000,
Cold Start: false
Unique ID: 249206b4-b29c-45fa-aa4d-f198de15f491,
Billed Duration for Request 249206b4-b29c-45fa-aa4d-f198de15f491: 502 ms
Pi: 3.142012,
Input: 5000000,
Cold Start: false
Unique ID: 4ebc5ad8-4476-4208-b195-83d979c09203,
Billed Duration for Request 4ebc5ad8-4476-4208-b195-83d979c09203: 530 ms
Pi: 3.1418968,
Input: 5000000,
Cold Start: false
Unique ID: d6598d09-258e-4acf-a10e-fd35fc286fcc,
Billed Duration for Request d6598d09-258e-4acf-a10e-fd35fc286fcc: 527 ms
Pi: 3.1429824,
Input: 5000000,
Cold Start: false
Unique ID: 557de4ee-e17f-4773-9f74-21aa3458b7db,
Billed Duration for Request 557de4ee-e17f-4773-9f74-21aa3458b7db: 503 ms
Pi: 3.1414032,
Input: 5000000,
Cold Start: false
Unique ID: 31f3ab31-c308-4950-8311-7a6eeb9238cc,
Billed Duration for Request 31f3ab31-c308-4950-8311-7a6eeb9238cc: 530 ms
Pi: 3.1411408,
Input: 5000000,
Cold Start: false
Unique ID: 9190dd37-3d3c-4aaf-9185-124a9d17983d,
Billed Duration for Request 9190dd37-3d3c-4aaf-9185-124a9d17983d: 530 ms
Pi: 3.1416712,
Input: 5000000,
Cold Start: false
Unique ID: ea8db3de-aa7b-42d2-9789-ce2fff8a1667,
Billed Duration for Request ea8db3de-aa7b-42d2-9789-ce2fff8a1667: 501 ms
Pi: 3.1422624,
Input: 5000000,
Cold Start: false
Unique ID: ded59076-7b52-4574-a12c-ad1066c1f5ab,
Billed Duration for Request ded59076-7b52-4574-a12c-ad1066c1f5ab: 539 ms
Pi: 3.1417016,
Input: 5000000,
Cold Start: false
Unique ID: 65bd34dc-757f-4050-9bb3-1ba29476b50d,
Billed Duration for Request 65bd34dc-757f-4050-9bb3-1ba29476b50d: 512 ms
Pi: 3.1428592,
Input: 5000000,
Cold Start: false
Unique ID: 9d1278d0-d31b-4703-8c27-baab2c602140,
Billed Duration for Request 9d1278d0-d31b-4703-8c27-baab2c602140: 507 ms
Pi: 3.1419744,
Input: 5000000,
Cold Start: false
Unique ID: 39695e31-7175-43a0-9131-87e1d1b1c6b6,
Billed Duration for Request 39695e31-7175-43a0-9131-87e1d1b1c6b6: 545 ms
Pi: 3.1427216,
Input: 5000000,
Cold Start: false
Unique ID: e5ad9296-ab8f-4d60-9f93-173048d37473,
Billed Duration for Request e5ad9296-ab8f-4d60-9f93-173048d37473: 530 ms
Pi: 3.1424856,
Input: 5000000,
Cold Start: false
Unique ID: 7a03455d-f070-4775-bdad-82a65a936044,
Billed Duration for Request 7a03455d-f070-4775-bdad-82a65a936044: 507 ms
Pi: 3.141,
Input: 5000000,
Cold Start: false
Unique ID: ccc4c0ad-b93c-4e88-98b4-2efe2b51c84d,
Billed Duration for Request ccc4c0ad-b93c-4e88-98b4-2efe2b51c84d: 529 ms
Pi: 3.141496,
Input: 5000000,
Cold Start: false
Unique ID: b253b67c-f82b-4cb1-ba4b-50c8fa5fe00c,
Billed Duration for Request b253b67c-f82b-4cb1-ba4b-50c8fa5fe00c: 529 ms
Pi: 3.1421832,
Input: 5000000,
Cold Start: false
Unique ID: eca5fc03-c204-4a58-9a55-60d7108e670a,
Billed Duration for Request eca5fc03-c204-4a58-9a55-60d7108e670a: 523 ms
Pi: 3.1412016,
Input: 5000000,
Cold Start: false
Unique ID: a08ecbed-8175-4631-b3ab-fe38c29ee1ad,
Billed Duration for Request a08ecbed-8175-4631-b3ab-fe38c29ee1ad: 531 ms
Pi: 3.1412008,
Input: 5000000,
Cold Start: false
Unique ID: bf5b979f-640d-480e-a040-cca53610be41,
Billed Duration for Request bf5b979f-640d-480e-a040-cca53610be41: 513 ms
Pi: 3.14234,
Input: 5000000,
Cold Start: false
Unique ID: a31fc166-98b1-4592-8e78-ed252802b1de,
Billed Duration for Request a31fc166-98b1-4592-8e78-ed252802b1de: 503 ms
Pi: 3.1418544,
Input: 5000000,
Cold Start: false
Unique ID: 3062adb2-1d66-422f-ab89-ce738aad0b65,
Billed Duration for Request 3062adb2-1d66-422f-ab89-ce738aad0b65: 528 ms
Pi: 3.1409864,
Input: 5000000,
Cold Start: false
Unique ID: d1ccfab0-5442-4b19-894d-301e60edd7fe,
Billed Duration for Request d1ccfab0-5442-4b19-894d-301e60edd7fe: 530 ms
Pi: 3.1410536,
Input: 5000000,
Cold Start: false
Unique ID: d1e39226-5187-4daa-88f2-8953b6548261,
Billed Duration for Request d1e39226-5187-4daa-88f2-8953b6548261: 506 ms
Pi: 3.1426112,
Input: 5000000,
Cold Start: false
Unique ID: b0d43f03-9420-4a20-8ef2-ac1a2b025063,
Billed Duration for Request b0d43f03-9420-4a20-8ef2-ac1a2b025063: 540 ms
Pi: 3.1413088,
Input: 5000000,
Cold Start: false
Unique ID: d3746b77-6ad9-42f7-8b42-13562ae857b7,
Billed Duration for Request d3746b77-6ad9-42f7-8b42-13562ae857b7: 528 ms
Pi: 3.1419848,
Input: 5000000,
Cold Start: false
Unique ID: 6e8632e1-ff17-4e1d-8d43-2c0aaa6e40cb,
Billed Duration for Request 6e8632e1-ff17-4e1d-8d43-2c0aaa6e40cb: 501 ms
Pi: 3.1427528,
Input: 5000000,
Cold Start: false
Unique ID: c24861a2-b26e-4dd7-bab1-ef5256fb7717,
Billed Duration for Request c24861a2-b26e-4dd7-bab1-ef5256fb7717: 527 ms
Pi: 3.1410752,
Input: 5000000,
Cold Start: false
Unique ID: c9ca00b0-2ecb-4b89-bbfa-7eca49c6a6a6,
Billed Duration for Request c9ca00b0-2ecb-4b89-bbfa-7eca49c6a6a6: 512 ms
Pi: 3.1412888,
Input: 5000000,
Cold Start: false
Unique ID: 6f909719-fcd3-4965-9a5c-e49b31ae1b5e,
Billed Duration for Request 6f909719-fcd3-4965-9a5c-e49b31ae1b5e: 498 ms
Pi: 3.140908,
Input: 5000000,
Cold Start: false
Unique ID: 80f81ace-80a7-4508-818f-a0290a7523ae,
Billed Duration for Request 80f81ace-80a7-4508-818f-a0290a7523ae: 528 ms
Pi: 3.1421648,
Input: 5000000,
Cold Start: false
Unique ID: fdd414eb-a830-4b9c-aad2-f7f6ecb841ac,
Billed Duration for Request fdd414eb-a830-4b9c-aad2-f7f6ecb841ac: 513 ms
Pi: 3.1418016,
Input: 5000000,
Cold Start: false
Unique ID: c40a46a2-8db9-4c29-bb37-2e1823d29042,
Billed Duration for Request c40a46a2-8db9-4c29-bb37-2e1823d29042: 506 ms
Pi: 3.1406864,
Input: 5000000,
Cold Start: false
Unique ID: dc1d5d11-627a-4ac1-8f40-b5960571a44c,
Billed Duration for Request dc1d5d11-627a-4ac1-8f40-b5960571a44c: 530 ms
Pi: 3.1420712,
Input: 5000000,
Cold Start: false
Unique ID: c5322e61-cc25-4767-9b14-00437ea6c7a1,
Billed Duration for Request c5322e61-cc25-4767-9b14-00437ea6c7a1: 513 ms
Pi: 3.1409304,
Input: 5000000,
Cold Start: false
Unique ID: 0382fb30-f69f-41ae-8a2e-8c4c3fd9df2f,
Billed Duration for Request 0382fb30-f69f-41ae-8a2e-8c4c3fd9df2f: 505 ms
Pi: 3.1424152,
Input: 5000000,
Cold Start: false
Unique ID: cdeb53ec-517c-4388-91dd-930344c13493,
Billed Duration for Request cdeb53ec-517c-4388-91dd-930344c13493: 532 ms
Pi: 3.1400736,
Input: 5000000,
Cold Start: false
Unique ID: ae9f5714-d1b8-4f7b-8f33-ce591241a6d3,
Billed Duration for Request ae9f5714-d1b8-4f7b-8f33-ce591241a6d3: 510 ms
Pi: 3.1406624,
Input: 5000000,
Cold Start: false
Unique ID: 422b21fe-10cc-4ba9-84a9-fd8c74402291,
Billed Duration for Request 422b21fe-10cc-4ba9-84a9-fd8c74402291: 506 ms
Pi: 3.1413584,
Input: 5000000,
Cold Start: false
Unique ID: 8e9998b4-d57e-46bc-b36d-2ea418cd05ed,
Billed Duration for Request 8e9998b4-d57e-46bc-b36d-2ea418cd05ed: 547 ms
Pi: 3.1410472,
Input: 5000000,
Cold Start: false
Unique ID: 705181e1-1be8-4c17-8184-078a4b50990e,
Billed Duration for Request 705181e1-1be8-4c17-8184-078a4b50990e: 511 ms
Pi: 3.141692,
Input: 5000000,
Cold Start: false
Unique ID: ec5c6eaf-7ead-4085-9d14-355346885640,
Billed Duration for Request ec5c6eaf-7ead-4085-9d14-355346885640: 506 ms
Pi: 3.1415976,
Input: 5000000,
Cold Start: false
Unique ID: 3f878e62-4634-4b40-90e7-3c10dfd6ab05,
Billed Duration for Request 3f878e62-4634-4b40-90e7-3c10dfd6ab05: 530 ms
Pi: 3.1417008,
Input: 5000000,
Cold Start: false
Unique ID: 543748a5-76de-4472-8798-b221c9b279c9,
Billed Duration for Request 543748a5-76de-4472-8798-b221c9b279c9: 511 ms
Pi: 3.142304,
Input: 5000000,
Cold Start: false
Unique ID: 01a78dd9-04b3-4044-91c1-dde0a0a3237e,
Billed Duration for Request 01a78dd9-04b3-4044-91c1-dde0a0a3237e: 503 ms
Pi: 3.1424232,
Input: 5000000,
Cold Start: false
Unique ID: de8c05f2-0ccf-48bc-90b1-b6c7ccd92f14,
Billed Duration for Request de8c05f2-0ccf-48bc-90b1-b6c7ccd92f14: 540 ms
Pi: 3.1416352,
Input: 5000000,
Cold Start: false
Unique ID: d4d05dcd-59f2-46af-b391-161943d6f35f,
Billed Duration for Request d4d05dcd-59f2-46af-b391-161943d6f35f: 514 ms
Pi: 3.1421736,
Input: 5000000,
Cold Start: false
Unique ID: 8c9bac0f-da9a-4c8e-a325-f47dea608b39,
Billed Duration for Request 8c9bac0f-da9a-4c8e-a325-f47dea608b39: 505 ms
Pi: 3.141496,
Input: 5000000,
Cold Start: false
Unique ID: d10df40a-bdff-4107-888d-c6b9b53bea81,
Billed Duration for Request d10df40a-bdff-4107-888d-c6b9b53bea81: 541 ms
Pi: 3.1426216,
Input: 5000000,
Cold Start: false
Unique ID: 70c9b25c-4cfb-464f-8063-5829c2a8a28d,
Billed Duration for Request 70c9b25c-4cfb-464f-8063-5829c2a8a28d: 511 ms
Pi: 3.1411048,
Input: 5000000,
Cold Start: false
Unique ID: 1e25a7f5-7c8c-4f67-b0eb-8836ae17e6a7,
Billed Duration for Request 1e25a7f5-7c8c-4f67-b0eb-8836ae17e6a7: 502 ms
Pi: 3.141324,
Input: 5000000,
Cold Start: false
Unique ID: c0d0ed37-2ca2-4119-9dba-09d0c2c8fd62,
Billed Duration for Request c0d0ed37-2ca2-4119-9dba-09d0c2c8fd62: 523 ms
Pi: 3.142376,
Input: 5000000,
Cold Start: false
Unique ID: 894abb6b-4408-45b3-b850-f5628f55b30a,
Billed Duration for Request 894abb6b-4408-45b3-b850-f5628f55b30a: 511 ms
Pi: 3.1429264,
Input: 5000000,
Cold Start: false
Unique ID: 096dafc2-f6e9-46be-ac52-2cba7699c0cf,
Billed Duration for Request 096dafc2-f6e9-46be-ac52-2cba7699c0cf: 503 ms
Pi: 3.1427016,
Input: 5000000,
Cold Start: false
Unique ID: 55d28f6f-dc49-4d8f-9410-50cd7dfb4707,
Billed Duration for Request 55d28f6f-dc49-4d8f-9410-50cd7dfb4707: 511 ms
Pi: 3.1415064,
Input: 5000000,
Cold Start: false
Unique ID: 7cbc398e-e9d6-45e8-aa8d-97bb48f1aa4b,
Billed Duration for Request 7cbc398e-e9d6-45e8-aa8d-97bb48f1aa4b: 511 ms
Pi: 3.1411984,
Input: 5000000,
Cold Start: false
Unique ID: b9ce8e22-3557-44cc-bc39-75ff26c92219,
Billed Duration for Request b9ce8e22-3557-44cc-bc39-75ff26c92219: 502 ms
Pi: 3.1424304,
Input: 5000000,
Cold Start: false
Unique ID: 76453537-d10e-40fb-b250-02560a55a15b,
Billed Duration for Request 76453537-d10e-40fb-b250-02560a55a15b: 507 ms
Pi: 3.1418952,
Input: 5000000,
Cold Start: false
Unique ID: 2b77fb65-94a9-4074-9275-078bf1765eaf,
Billed Duration for Request 2b77fb65-94a9-4074-9275-078bf1765eaf: 509 ms
Pi: 3.1410096,
Input: 5000000,
Cold Start: false
Unique ID: 169a6dd0-7d9b-4319-a1cd-25bf23593a0a,
Billed Duration for Request 169a6dd0-7d9b-4319-a1cd-25bf23593a0a: 518 ms
Pi: 3.141612,
Input: 5000000,
Cold Start: false
Unique ID: 410edd60-133d-4382-b22a-9ff0275acebe,
Billed Duration for Request 410edd60-133d-4382-b22a-9ff0275acebe: 511 ms
Pi: 3.1410224,
Input: 5000000,
Cold Start: false
Unique ID: 76bacf22-6cab-4b80-9f98-a1f1b1bb6d2f,
Billed Duration for Request 76bacf22-6cab-4b80-9f98-a1f1b1bb6d2f: 509 ms
Pi: 3.14132,
Input: 5000000,
Cold Start: false
Unique ID: 293dfe3f-faf9-47e4-a9b0-13cfadce6c85,
Billed Duration for Request 293dfe3f-faf9-47e4-a9b0-13cfadce6c85: 522 ms
Pi: 3.1404208,
Input: 5000000,
Cold Start: false
Unique ID: 9120ca13-0f73-472f-83f4-5b54c3a45b16,
Billed Duration for Request 9120ca13-0f73-472f-83f4-5b54c3a45b16: 510 ms
Pi: 3.1407592,
Input: 5000000,
Cold Start: false
Unique ID: 0f2dc34a-ef9d-44c7-a399-c2a82d3fa345,
Billed Duration for Request 0f2dc34a-ef9d-44c7-a399-c2a82d3fa345: 511 ms
Pi: 3.1414496,
Input: 5000000,
Cold Start: false
Unique ID: 8dab8ab6-e93e-4068-af5a-1eff4dafe4a6,
Billed Duration for Request 8dab8ab6-e93e-4068-af5a-1eff4dafe4a6: 503 ms
Pi: 3.1407616,
Input: 5000000,
Cold Start: false
Unique ID: f23f18b6-16cb-45c3-b211-5cb71bf96768,
Billed Duration for Request f23f18b6-16cb-45c3-b211-5cb71bf96768: 510 ms
Pi: 3.14168,
Input: 5000000,
Cold Start: false
Unique ID: b3c73516-6215-4106-9035-8001e88deea9,
Billed Duration for Request b3c73516-6215-4106-9035-8001e88deea9: 508 ms
Pi: 3.1420008,
Input: 5000000,
Cold Start: false
Unique ID: f03daa7a-fced-4f99-a935-3b3f8f6c1469,
Billed Duration for Request f03daa7a-fced-4f99-a935-3b3f8f6c1469: 507 ms
Pi: 3.1416208,
Input: 5000000,
Cold Start: false
Unique ID: b400a7b2-c7d8-4e9f-a645-321e145b1932,
Billed Duration for Request b400a7b2-c7d8-4e9f-a645-321e145b1932: 511 ms
Pi: 3.1409272,
Input: 5000000,
Cold Start: false
Unique ID: 807f8b7a-94f6-4904-ad0b-83aa8e1ffc6c,
Billed Duration for Request 807f8b7a-94f6-4904-ad0b-83aa8e1ffc6c: 499 ms
Pi: 3.1419608,
Input: 5000000,
Cold Start: false
Unique ID: c07670f1-abae-444c-8598-e9656362c570,
Billed Duration for Request c07670f1-abae-444c-8598-e9656362c570: 506 ms
Pi: 3.1415576,
Input: 5000000,
Cold Start: false
Unique ID: 8f49f04e-6e53-4e3a-a0d2-c96ea6664a36,
Billed Duration for Request 8f49f04e-6e53-4e3a-a0d2-c96ea6664a36: 510 ms
Pi: 3.1424736,
Input: 5000000,
Cold Start: false
Unique ID: 57e07c98-8e36-4f4f-8400-907c3980d2f4,
Billed Duration for Request 57e07c98-8e36-4f4f-8400-907c3980d2f4: 509 ms
Pi: 3.1412544,
Input: 5000000,
Cold Start: false
Unique ID: 01c0f792-90f9-4185-91e3-db03cebde908,
Billed Duration for Request 01c0f792-90f9-4185-91e3-db03cebde908: 498 ms
Pi: 3.1415744,
Input: 5000000,
Cold Start: false
Unique ID: 8494f2ea-b3d9-44df-881d-d04e89b20d72,
Billed Duration for Request 8494f2ea-b3d9-44df-881d-d04e89b20d72: 507 ms
Pi: 3.1417472,
Input: 5000000,
Cold Start: false
Unique ID: 2462df4b-3195-4108-ac9c-341251484adb,
Billed Duration for Request 2462df4b-3195-4108-ac9c-341251484adb: 492 ms
Pi: 3.1412536,
Input: 5000000,
Cold Start: false
Unique ID: 135bb67f-49b3-4838-b6e7-9f85635b1cb1,
Billed Duration for Request 135bb67f-49b3-4838-b6e7-9f85635b1cb1: 508 ms
Pi: 3.14066,
Input: 5000000,
Cold Start: false
Unique ID: 69ec247c-6178-4f3c-850b-32eaf7e551dc,
Billed Duration for Request 69ec247c-6178-4f3c-850b-32eaf7e551dc: 506 ms
Pi: 3.140856,
Input: 5000000,
Cold Start: false
Unique ID: 4ebf4b1a-2176-4f4e-846d-ee17701c7797,
Billed Duration for Request 4ebf4b1a-2176-4f4e-846d-ee17701c7797: 509 ms
Pi: 3.1418608,
Input: 5000000,
Cold Start: false
Unique ID: bb81cef5-9e4d-4157-b39e-a8330380c92c,
Billed Duration for Request bb81cef5-9e4d-4157-b39e-a8330380c92c: 506 ms
Pi: 3.1412632,
Input: 5000000,
Cold Start: false
Unique ID: 231e1607-eb18-4889-a4be-e88b41d7d5da,
Billed Duration for Request 231e1607-eb18-4889-a4be-e88b41d7d5da: 519 ms
Pi: 3.1414544,
Input: 5000000,
Cold Start: false
Unique ID: b1070b82-24bd-4cf0-984a-f5f1b87e1455,
Billed Duration for Request b1070b82-24bd-4cf0-984a-f5f1b87e1455: 510 ms
Pi: 3.1415224,
Input: 5000000,
Cold Start: false
Unique ID: ee467f70-7a0c-4de3-acfd-b7b7fdb56442,
Billed Duration for Request ee467f70-7a0c-4de3-acfd-b7b7fdb56442: 522 ms
Pi: 3.1404088,
Input: 5000000,
Cold Start: false
Unique ID: b97a0988-9c49-469d-802f-664af826ad37,
Billed Duration for Request b97a0988-9c49-469d-802f-664af826ad37: 507 ms
Pi: 3.1418808,
Input: 5000000,
Cold Start: false
Unique ID: 8570b79b-431d-4f48-a221-5c6c67c045b2,
Billed Duration for Request 8570b79b-431d-4f48-a221-5c6c67c045b2: 510 ms
Pi: 3.1405232,
Input: 5000000,
Cold Start: false
Unique ID: 6b3fd1a7-4592-4377-b6c1-02bdbe2867a5,
Billed Duration for Request 6b3fd1a7-4592-4377-b6c1-02bdbe2867a5: 502 ms
Pi: 3.1420712,
Input: 5000000,
Cold Start: false
Unique ID: 9df8d04f-5075-4e15-9d3f-ac44d8ecd510,
Billed Duration for Request 9df8d04f-5075-4e15-9d3f-ac44d8ecd510: 518 ms
Pi: 3.1425448,
Input: 5000000,
Cold Start: false
Unique ID: cf25d979-16ea-4322-a389-83565fdeca3a,
Billed Duration for Request cf25d979-16ea-4322-a389-83565fdeca3a: 509 ms
Pi: 3.1415376,
Input: 5000000,
Cold Start: false
Unique ID: 8d1c1f9e-e07e-4a78-ae5d-fc026b26eeb2,
Billed Duration for Request 8d1c1f9e-e07e-4a78-ae5d-fc026b26eeb2: 506 ms
Pi: 3.142528,
Input: 5000000,
Cold Start: false
Unique ID: 8679c4c2-59fa-4800-aecf-411716558a92,
Billed Duration for Request 8679c4c2-59fa-4800-aecf-411716558a92: 512 ms
Pi: 3.1412568,
Input: 5000000,
Cold Start: false
Unique ID: 30fcf3ab-08cc-4c2f-a013-349a97c980e7,
Billed Duration for Request 30fcf3ab-08cc-4c2f-a013-349a97c980e7: 523 ms
Pi: 3.1420488,
Input: 5000000,
Cold Start: false
Unique ID: 143e4470-26f6-461b-b699-6309579aba44,
Billed Duration for Request 143e4470-26f6-461b-b699-6309579aba44: 504 ms
Pi: 3.1411808,
Input: 5000000,
Cold Start: false
Unique ID: d5a7cec8-282a-4523-9e39-baa79f9e4592,
Billed Duration for Request d5a7cec8-282a-4523-9e39-baa79f9e4592: 519 ms
Pi: 3.1434328,
Input: 5000000,
Cold Start: false
Unique ID: 2fa8ddc6-cb61-4ca3-a752-7aac03fe31ac,
Billed Duration for Request 2fa8ddc6-cb61-4ca3-a752-7aac03fe31ac: 515 ms
Pi: 3.1424304,
Input: 5000000,
Cold Start: false
Unique ID: f5b10e89-6157-4dea-9a55-36d9e65f2ef8,
Billed Duration for Request f5b10e89-6157-4dea-9a55-36d9e65f2ef8: 507 ms
Pi: 3.1409096,
Input: 5000000,
Cold Start: false
Unique ID: 8fee4eda-3380-4b1f-b47d-23c992258512,
Billed Duration for Request 8fee4eda-3380-4b1f-b47d-23c992258512: 509 ms
Pi: 3.1410536,
Input: 5000000,
Cold Start: false
Unique ID: 96e8ea28-b619-4315-84d4-016a7a6d6409,
Billed Duration for Request 96e8ea28-b619-4315-84d4-016a7a6d6409: 524 ms
Pi: 3.1420168,
Input: 5000000,
Cold Start: false
Unique ID: 1098fd74-3512-4a3f-af93-dce6bd496893,
Billed Duration for Request 1098fd74-3512-4a3f-af93-dce6bd496893: 504 ms
Pi: 3.1411504,
Input: 5000000,
Cold Start: false
Unique ID: 30e1a3e5-9486-491f-b6f3-1d9dbdddb8a2,
Billed Duration for Request 30e1a3e5-9486-491f-b6f3-1d9dbdddb8a2: 527 ms
Pi: 3.142228,
Input: 5000000,
Cold Start: false
Unique ID: 1b18e778-db4c-4b13-83af-b24d0458fea7,
Billed Duration for Request 1b18e778-db4c-4b13-83af-b24d0458fea7: 511 ms
Pi: 3.1409728,
Input: 5000000,
Cold Start: false
Unique ID: 0e75fac2-ca93-4c02-bb34-373724b182f6,
Billed Duration for Request 0e75fac2-ca93-4c02-bb34-373724b182f6: 505 ms
Pi: 3.1417096,
Input: 5000000,
Cold Start: false
Unique ID: 6d6e8888-31c7-4348-9084-b71120d97159,
Billed Duration for Request 6d6e8888-31c7-4348-9084-b71120d97159: 535 ms
Pi: 3.1427968,
Input: 5000000,
Cold Start: false
Unique ID: 16901109-b5da-4864-89c7-1d144fffc1b4,
Billed Duration for Request 16901109-b5da-4864-89c7-1d144fffc1b4: 511 ms
Pi: 3.1417968,
Input: 5000000,
Cold Start: false
Unique ID: a1d939ea-c2b1-43d2-ad55-3ee0d11bec2d,
Billed Duration for Request a1d939ea-c2b1-43d2-ad55-3ee0d11bec2d: 510 ms
Pi: 3.1422312,
Input: 5000000,
Cold Start: false
Unique ID: c1fca495-6a19-424c-943f-62dbb1a495c2,
Billed Duration for Request c1fca495-6a19-424c-943f-62dbb1a495c2: 511 ms
Pi: 3.1423816,
Input: 5000000,
Cold Start: false
Unique ID: 74387ef2-6b0e-44f6-8c5c-5f74e64dc524,
Billed Duration for Request 74387ef2-6b0e-44f6-8c5c-5f74e64dc524: 522 ms
Pi: 3.1415472,
Input: 5000000,
Cold Start: false
Unique ID: e8b25df4-baa9-4988-aeec-87fa1739f5c6,
Billed Duration for Request e8b25df4-baa9-4988-aeec-87fa1739f5c6: 501 ms
Pi: 3.1414792,
Input: 5000000,
Cold Start: false
Unique ID: df37a9a6-4536-4b51-9364-75cf8ba5f594,
Billed Duration for Request df37a9a6-4536-4b51-9364-75cf8ba5f594: 507 ms
Pi: 3.1418648,
Input: 5000000,
Cold Start: false
Unique ID: 262ef007-0975-4c2e-91f6-167ae47f1ea7,
Billed Duration for Request 262ef007-0975-4c2e-91f6-167ae47f1ea7: 510 ms
Pi: 3.1411248,
Input: 5000000,
Cold Start: false
Unique ID: 9fcc9573-b82d-4313-b04c-afcf4efb782a,
Billed Duration for Request 9fcc9573-b82d-4313-b04c-afcf4efb782a: 503 ms
Pi: 3.1423432,
Input: 5000000,
Cold Start: false
Unique ID: 1eaecf48-4af5-425a-afcb-e8344ada7648,
Billed Duration for Request 1eaecf48-4af5-425a-afcb-e8344ada7648: 511 ms
Pi: 3.1416424,
Input: 5000000,
Cold Start: false
Unique ID: 4e21c1e2-2e99-4c8d-adbd-dcddd5cd4413,
Billed Duration for Request 4e21c1e2-2e99-4c8d-adbd-dcddd5cd4413: 506 ms
Pi: 3.1425816,
Input: 5000000,
Cold Start: false
Unique ID: 5fab97c9-93e6-4aba-b748-7016b3a22b98,
Billed Duration for Request 5fab97c9-93e6-4aba-b748-7016b3a22b98: 502 ms
Pi: 3.1417456,
Input: 5000000,
Cold Start: false
Unique ID: 5876c4f5-2498-4a5a-bb88-4aa2a2b4d837,
Billed Duration for Request 5876c4f5-2498-4a5a-bb88-4aa2a2b4d837: 526 ms
Pi: 3.1421824,
Input: 5000000,
Cold Start: false
Unique ID: fd42ee32-4375-44cb-8b1d-6e21702f109e,
Billed Duration for Request fd42ee32-4375-44cb-8b1d-6e21702f109e: 509 ms
Pi: 3.140568,
Input: 5000000,
Cold Start: false
Unique ID: 2efda874-56cd-41d4-bf0c-7ddb17c04d9c,
Billed Duration for Request 2efda874-56cd-41d4-bf0c-7ddb17c04d9c: 523 ms
Pi: 3.1417944,
Input: 5000000,
Cold Start: false
Unique ID: ad672af0-ce34-4b3d-9871-a0b42e7172ce,
Billed Duration for Request ad672af0-ce34-4b3d-9871-a0b42e7172ce: 511 ms
Pi: 3.14194,
Input: 5000000,
Cold Start: false
Unique ID: 30f3f620-4d52-4e0a-9ece-25aec6d4d6a1,
Billed Duration for Request 30f3f620-4d52-4e0a-9ece-25aec6d4d6a1: 510 ms
Pi: 3.1418752,
Input: 5000000,
Cold Start: false
Unique ID: 2d29828d-4e11-4c95-b5e3-4c9c41f5d8ce,
Billed Duration for Request 2d29828d-4e11-4c95-b5e3-4c9c41f5d8ce: 507 ms
Pi: 3.141512,
Input: 5000000,
Cold Start: false
Unique ID: b201c897-945f-46c4-be48-ad204142d124,
Billed Duration for Request b201c897-945f-46c4-be48-ad204142d124: 508 ms
Pi: 3.141528,
Input: 5000000,
Cold Start: false
Unique ID: 1313a161-8502-4a26-b5af-78f8b411058c,
Billed Duration for Request 1313a161-8502-4a26-b5af-78f8b411058c: 496 ms
Pi: 3.141764,
Input: 5000000,
Cold Start: false
Unique ID: 93db932e-2503-4164-9f65-4b0d1afde356,
Billed Duration for Request 93db932e-2503-4164-9f65-4b0d1afde356: 505 ms
Pi: 3.1418136,
Input: 5000000,
Cold Start: false
Unique ID: 9f429841-36aa-433a-b6a5-8eab757f4e22,
Billed Duration for Request 9f429841-36aa-433a-b6a5-8eab757f4e22: 507 ms
Pi: 3.1420904,
Input: 5000000,
Cold Start: false
Unique ID: 4e51d0e5-126f-41c8-ad69-d1b9b8f3e46e,
Billed Duration for Request 4e51d0e5-126f-41c8-ad69-d1b9b8f3e46e: 520 ms
Pi: 3.1422824,
Input: 5000000,
Cold Start: false
Unique ID: ac94533a-a608-4114-bbfb-fef988d73e76,
Billed Duration for Request ac94533a-a608-4114-bbfb-fef988d73e76: 503 ms
Pi: 3.1420616,
Input: 5000000,
Cold Start: false
Unique ID: 83dad702-9dca-4666-a2ac-d1b54a36259d,
Billed Duration for Request 83dad702-9dca-4666-a2ac-d1b54a36259d: 512 ms
Pi: 3.1408448,
Input: 5000000,
Cold Start: false
Unique ID: dad9940e-3d80-4b98-b7ed-e52f36c6f0b2,
Billed Duration for Request dad9940e-3d80-4b98-b7ed-e52f36c6f0b2: 513 ms
Pi: 3.1403624,
Input: 5000000,
Cold Start: false
Unique ID: 25fe0e52-3b46-4739-9c88-31592b27a670,
Billed Duration for Request 25fe0e52-3b46-4739-9c88-31592b27a670: 522 ms
Pi: 3.1411368,
Input: 5000000,
Cold Start: false
Unique ID: f3011a06-fb53-4569-8ca2-b97ca1ccd667,
Billed Duration for Request f3011a06-fb53-4569-8ca2-b97ca1ccd667: 527 ms
Pi: 3.141364,
Input: 5000000,
Cold Start: false
Unique ID: b600ae8b-d80d-46c3-9536-14b43b36ee05,
Billed Duration for Request b600ae8b-d80d-46c3-9536-14b43b36ee05: 511 ms
Pi: 3.1419216,
Input: 5000000,
Cold Start: false
Unique ID: 6e077ed1-367a-4a0e-8ec7-29846da57042,
Billed Duration for Request 6e077ed1-367a-4a0e-8ec7-29846da57042: 506 ms
Pi: 3.141892,
Input: 5000000,
Cold Start: false
Unique ID: 17ddabf8-b13f-4cca-a389-21f5329ebdfa,
Billed Duration for Request 17ddabf8-b13f-4cca-a389-21f5329ebdfa: 510 ms
Pi: 3.1414696,
Input: 5000000,
Cold Start: false
Unique ID: f3d0f76b-a6f0-45dc-a00f-ee35ddb02f7e,
Billed Duration for Request f3d0f76b-a6f0-45dc-a00f-ee35ddb02f7e: 510 ms
Pi: 3.1417712,
Input: 5000000,
Cold Start: false
Unique ID: 2fc52d0e-42ce-4954-a705-8e7f7481c895,
Billed Duration for Request 2fc52d0e-42ce-4954-a705-8e7f7481c895: 507 ms
Pi: 3.1406904,
Input: 5000000,
Cold Start: false
Unique ID: d485b844-4bbe-468c-942d-93a71580987d,
Billed Duration for Request d485b844-4bbe-468c-942d-93a71580987d: 506 ms
Pi: 3.1418968,
Input: 5000000,
Cold Start: false
Unique ID: e05523f2-3745-43ed-af28-c0e8c9dd1a67,
Billed Duration for Request e05523f2-3745-43ed-af28-c0e8c9dd1a67: 510 ms
Pi: 3.1418448,
Input: 5000000,
Cold Start: false
Unique ID: 2df8c509-bb47-461e-8507-28cac1381b58,
Billed Duration for Request 2df8c509-bb47-461e-8507-28cac1381b58: 506 ms
Pi: 3.142176,
Input: 5000000,
Cold Start: false
Unique ID: 05574057-fe44-49de-9289-7078a6442a1b,
Billed Duration for Request 05574057-fe44-49de-9289-7078a6442a1b: 512 ms
Pi: 3.1426024,
Input: 5000000,
Cold Start: false
Unique ID: fd08bc81-0df8-4e7e-a060-080e813493dd,
Billed Duration for Request fd08bc81-0df8-4e7e-a060-080e813493dd: 509 ms
Pi: 3.1410448,
Input: 5000000,
Cold Start: false
