Unique ID: 4203e3c8-c45f-444c-8a24-484f3e329f12,
Billed Duration for Request 4203e3c8-c45f-444c-8a24-484f3e329f12: 563 ms
Pi: 3.141156,
Input: 5000000,
Cold Start: false
Unique ID: 090da7fd-189c-430d-81a6-18230a2c0670,
Billed Duration for Request 090da7fd-189c-430d-81a6-18230a2c0670: 564 ms
Pi: 3.1400872,
Input: 5000000,
Cold Start: false
Unique ID: 7a0faa2a-ae7e-4e63-b70c-a95361642d08,
Billed Duration for Request 7a0faa2a-ae7e-4e63-b70c-a95361642d08: 512 ms
Pi: 3.141132,
Input: 5000000,
Cold Start: false
Unique ID: d3a06acb-aea5-4108-b670-145b0b311ee6,
Billed Duration for Request d3a06acb-aea5-4108-b670-145b0b311ee6: 531 ms
Pi: 3.1414336,
Input: 5000000,
Cold Start: true
Unique ID: e05133ae-f2c5-4693-9aa7-d2bc8402bdd1,
Billed Duration for Request e05133ae-f2c5-4693-9aa7-d2bc8402bdd1: 530 ms
Pi: 3.1409136,
Input: 5000000,
Cold Start: false
Unique ID: c28daae6-0314-45aa-be3f-922c2e8490c7,
Billed Duration for Request c28daae6-0314-45aa-be3f-922c2e8490c7: 494 ms
Pi: 3.1406432,
Input: 5000000,
Cold Start: false
Unique ID: 69fb4f7d-330d-4c4c-baa5-53b79e5ebf64,
Billed Duration for Request 69fb4f7d-330d-4c4c-baa5-53b79e5ebf64: 519 ms
Pi: 3.1411584,
Input: 5000000,
Cold Start: false
Unique ID: eac423e1-8d10-4513-9d2c-c1d2dd0ad4f7,
Billed Duration for Request eac423e1-8d10-4513-9d2c-c1d2dd0ad4f7: 530 ms
Pi: 3.1406432,
Input: 5000000,
Cold Start: false
Unique ID: b8f332e9-0283-43b6-bc6f-cba73e54b282,
Billed Duration for Request b8f332e9-0283-43b6-bc6f-cba73e54b282: 494 ms
Pi: 3.1418864,
Input: 5000000,
Cold Start: false
Unique ID: d645a8ed-f4a2-4dd7-aaa7-a43dd17a3bdd,
Billed Duration for Request d645a8ed-f4a2-4dd7-aaa7-a43dd17a3bdd: 503 ms
Pi: 3.141192,
Input: 5000000,
Cold Start: false
Unique ID: 91b7923e-57ee-4957-88ee-7f16208a9f44,
Billed Duration for Request 91b7923e-57ee-4957-88ee-7f16208a9f44: 531 ms
Pi: 3.141756,
Input: 5000000,
Cold Start: false
Unique ID: 0453d348-317f-49bd-b50b-bca61898c41d,
Billed Duration for Request 0453d348-317f-49bd-b50b-bca61898c41d: 497 ms
Pi: 3.1409448,
Input: 5000000,
Cold Start: false
Unique ID: 100c38a0-58e4-41ae-803f-ad33ec7f3422,
Billed Duration for Request 100c38a0-58e4-41ae-803f-ad33ec7f3422: 506 ms
Pi: 3.1414344,
Input: 5000000,
Cold Start: false
Unique ID: 08c7d918-a0dc-4973-82f2-b59f494785d9,
Billed Duration for Request 08c7d918-a0dc-4973-82f2-b59f494785d9: 532 ms
Pi: 3.1426632,
Input: 5000000,
Cold Start: false
Unique ID: 750990c2-93cf-4fb8-99b3-1f1231bc1327,
Billed Duration for Request 750990c2-93cf-4fb8-99b3-1f1231bc1327: 493 ms
Pi: 3.142092,
Input: 5000000,
Cold Start: false
Unique ID: 6e051517-b749-4d92-aa28-128925a9019e,
Billed Duration for Request 6e051517-b749-4d92-aa28-128925a9019e: 492 ms
Pi: 3.1422232,
Input: 5000000,
Cold Start: false
Unique ID: 52aad713-7682-41a2-80cb-81bb08a938c0,
Billed Duration for Request 52aad713-7682-41a2-80cb-81bb08a938c0: 529 ms
Pi: 3.1412144,
Input: 5000000,
Cold Start: false
Unique ID: b383b372-e30d-478f-a57c-a6e71caceee8,
Billed Duration for Request b383b372-e30d-478f-a57c-a6e71caceee8: 495 ms
Pi: 3.1397656,
Input: 5000000,
Cold Start: false
Unique ID: 23ab05dd-b758-4922-bed6-13c0b1df5184,
Billed Duration for Request 23ab05dd-b758-4922-bed6-13c0b1df5184: 504 ms
Pi: 3.1411656,
Input: 5000000,
Cold Start: false
Unique ID: 411173b4-1f80-4621-8a3c-e64edc372f62,
Billed Duration for Request 411173b4-1f80-4621-8a3c-e64edc372f62: 532 ms
Pi: 3.140864,
Input: 5000000,
Cold Start: false
Unique ID: 77c14bb3-5dbe-4aec-b046-c7cad8924cae,
Billed Duration for Request 77c14bb3-5dbe-4aec-b046-c7cad8924cae: 512 ms
Pi: 3.1423752,
Input: 5000000,
Cold Start: false
Unique ID: 98fd7eeb-385b-488d-9993-19a26e66b318,
Billed Duration for Request 98fd7eeb-385b-488d-9993-19a26e66b318: 507 ms
Pi: 3.1412552,
Input: 5000000,
Cold Start: false
Unique ID: 393820d2-54bc-4713-af61-1c488fa3a125,
Billed Duration for Request 393820d2-54bc-4713-af61-1c488fa3a125: 535 ms
Pi: 3.1417968,
Input: 5000000,
Cold Start: false
Unique ID: 45726043-d56c-49f6-bfef-faa07fa02b77,
Billed Duration for Request 45726043-d56c-49f6-bfef-faa07fa02b77: 495 ms
Pi: 3.1417528,
Input: 5000000,
Cold Start: false
Unique ID: 77793792-8f7d-44e6-9eb0-ed18b170ac87,
Billed Duration for Request 77793792-8f7d-44e6-9eb0-ed18b170ac87: 488 ms
Pi: 3.1422952,
Input: 5000000,
Cold Start: false
Unique ID: c616f7af-02ef-4ca8-b6d5-b798423ed7af,
Billed Duration for Request c616f7af-02ef-4ca8-b6d5-b798423ed7af: 532 ms
Pi: 3.1420144,
Input: 5000000,
Cold Start: false
Unique ID: bdb16a9f-1b60-4691-82bf-dd2ba0a384df,
Billed Duration for Request bdb16a9f-1b60-4691-82bf-dd2ba0a384df: 499 ms
Pi: 3.1429552,
Input: 5000000,
Cold Start: false
Unique ID: f8e11d5b-2134-418e-9dc2-6ce70de29450,
Billed Duration for Request f8e11d5b-2134-418e-9dc2-6ce70de29450: 504 ms
Pi: 3.1420768,
Input: 5000000,
Cold Start: false
Unique ID: c34fe768-ea63-4f99-9a96-753482107917,
Billed Duration for Request c34fe768-ea63-4f99-9a96-753482107917: 534 ms
Pi: 3.141272,
Input: 5000000,
Cold Start: false
Unique ID: edd725c1-6547-4807-863c-8065184665bc,
Billed Duration for Request edd725c1-6547-4807-863c-8065184665bc: 496 ms
Pi: 3.142036,
Input: 5000000,
Cold Start: false
Unique ID: 54b5b282-b6e7-4688-af27-0fb8610c5f0c,
Billed Duration for Request 54b5b282-b6e7-4688-af27-0fb8610c5f0c: 502 ms
Pi: 3.1421232,
Input: 5000000,
Cold Start: false
Unique ID: 39dc0fd7-dce7-4600-9d3f-5ed61cbe6168,
Billed Duration for Request 39dc0fd7-dce7-4600-9d3f-5ed61cbe6168: 532 ms
Pi: 3.1415056,
Input: 5000000,
Cold Start: false
Unique ID: daf20adf-6bd3-4db9-9b75-4cb978994ae0,
Billed Duration for Request daf20adf-6bd3-4db9-9b75-4cb978994ae0: 494 ms
Pi: 3.140692,
Input: 5000000,
Cold Start: false
Unique ID: d70ebd4f-78f3-4835-a25e-e2de8814ee1f,
Billed Duration for Request d70ebd4f-78f3-4835-a25e-e2de8814ee1f: 492 ms
Pi: 3.141404,
Input: 5000000,
Cold Start: false
Unique ID: 76f1cac4-1afc-4935-ba98-15d3675b3479,
Billed Duration for Request 76f1cac4-1afc-4935-ba98-15d3675b3479: 530 ms
Pi: 3.1419848,
Input: 5000000,
Cold Start: false
Unique ID: 3aa7b5fb-16b3-4287-b225-089d9afebc2b,
Billed Duration for Request 3aa7b5fb-16b3-4287-b225-089d9afebc2b: 494 ms
Pi: 3.1423584,
Input: 5000000,
Cold Start: false
Unique ID: 428fac8b-6bd9-44f3-a5eb-95fc8cc21170,
Billed Duration for Request 428fac8b-6bd9-44f3-a5eb-95fc8cc21170: 492 ms
Pi: 3.1425816,
Input: 5000000,
Cold Start: false
Unique ID: ad367189-8eca-401d-8c71-5a4b53826386,
Billed Duration for Request ad367189-8eca-401d-8c71-5a4b53826386: 533 ms
Pi: 3.1425424,
Input: 5000000,
Cold Start: false
Unique ID: dffbc769-a565-497d-8bf1-fbbba3e721e1,
Billed Duration for Request dffbc769-a565-497d-8bf1-fbbba3e721e1: 497 ms
Pi: 3.1413968,
Input: 5000000,
Cold Start: false
Unique ID: e3f7f873-d1d4-4641-ab61-e91f1dc7a2fa,
Billed Duration for Request e3f7f873-d1d4-4641-ab61-e91f1dc7a2fa: 505 ms
Pi: 3.1424152,
Input: 5000000,
Cold Start: false
Unique ID: a2594b0b-6d58-4e74-b9d3-a795230406e7,
Billed Duration for Request a2594b0b-6d58-4e74-b9d3-a795230406e7: 530 ms
Pi: 3.1417632,
Input: 5000000,
Cold Start: false
Unique ID: cc6fe256-764b-45fb-b4e8-3562de4cca38,
Billed Duration for Request cc6fe256-764b-45fb-b4e8-3562de4cca38: 503 ms
Pi: 3.142712,
Input: 5000000,
Cold Start: false
Unique ID: d6015db9-bc43-4ed8-9b97-b169f0b2c4ab,
Billed Duration for Request d6015db9-bc43-4ed8-9b97-b169f0b2c4ab: 487 ms
Pi: 3.14146,
Input: 5000000,
Cold Start: false
Unique ID: 6e7954a4-4eb6-4f43-813f-6e75091d060b,
Billed Duration for Request 6e7954a4-4eb6-4f43-813f-6e75091d060b: 532 ms
Pi: 3.1421096,
Input: 5000000,
Cold Start: false
Unique ID: 2a15a348-f350-40d5-9682-9dc353354115,
Billed Duration for Request 2a15a348-f350-40d5-9682-9dc353354115: 494 ms
Pi: 3.1427624,
Input: 5000000,
Cold Start: false
Unique ID: 889c08c7-8f39-407e-a67c-8d31f728cd89,
Billed Duration for Request 889c08c7-8f39-407e-a67c-8d31f728cd89: 486 ms
Pi: 3.140764,
Input: 5000000,
Cold Start: false
Unique ID: 4d07ec55-2cdb-48c6-a53d-2751cea40f2d,
Billed Duration for Request 4d07ec55-2cdb-48c6-a53d-2751cea40f2d: 531 ms
Pi: 3.141012,
Input: 5000000,
Cold Start: false
Unique ID: 69e7ff97-795c-426d-b6cc-c3b9578464a9,
Billed Duration for Request 69e7ff97-795c-426d-b6cc-c3b9578464a9: 495 ms
Pi: 3.1418008,
Input: 5000000,
Cold Start: false
Unique ID: e2d20ab6-9238-4af7-8f77-cbb42e8c8b5d,
Billed Duration for Request e2d20ab6-9238-4af7-8f77-cbb42e8c8b5d: 486 ms
Pi: 3.1414584,
Input: 5000000,
Cold Start: false
Unique ID: a256f071-b536-41f8-91b0-d3beae34b104,
Billed Duration for Request a256f071-b536-41f8-91b0-d3beae34b104: 531 ms
Pi: 3.1413784,
Input: 5000000,
Cold Start: false
Unique ID: 0ec6a37d-f6f2-4df1-bb55-dfb8fad0e4a8,
Billed Duration for Request 0ec6a37d-f6f2-4df1-bb55-dfb8fad0e4a8: 498 ms
Pi: 3.1413336,
Input: 5000000,
Cold Start: false
Unique ID: 46059ac9-8daa-432a-af20-8827b101d42b,
Billed Duration for Request 46059ac9-8daa-432a-af20-8827b101d42b: 487 ms
Pi: 3.1411224,
Input: 5000000,
Cold Start: false
Unique ID: 4157bfc7-6056-4da3-836d-77fa187c66da,
Billed Duration for Request 4157bfc7-6056-4da3-836d-77fa187c66da: 532 ms
Pi: 3.1415088,
Input: 5000000,
Cold Start: false
Unique ID: decd72b1-8ac4-4317-9710-2940255d1b1d,
Billed Duration for Request decd72b1-8ac4-4317-9710-2940255d1b1d: 496 ms
Pi: 3.1415888,
Input: 5000000,
Cold Start: false
Unique ID: d02664a4-7bd6-4bcd-9121-f6186a4d0a16,
Billed Duration for Request d02664a4-7bd6-4bcd-9121-f6186a4d0a16: 488 ms
Pi: 3.1412224,
Input: 5000000,
Cold Start: false
Unique ID: 44c950fa-c444-404d-98cf-48d4eca9ed24,
Billed Duration for Request 44c950fa-c444-404d-98cf-48d4eca9ed24: 532 ms
Pi: 3.1421944,
Input: 5000000,
Cold Start: false
Unique ID: 55aceebf-092f-414f-8984-9b431bcbe586,
Billed Duration for Request 55aceebf-092f-414f-8984-9b431bcbe586: 501 ms
Pi: 3.142796,
Input: 5000000,
Cold Start: false
Unique ID: daebecb7-30a7-499b-ab6b-d22408253f2f,
Billed Duration for Request daebecb7-30a7-499b-ab6b-d22408253f2f: 484 ms
Pi: 3.140732,
Input: 5000000,
Cold Start: false
Unique ID: 509e149c-dd5b-472a-b792-de109bfeeb43,
Billed Duration for Request 509e149c-dd5b-472a-b792-de109bfeeb43: 532 ms
Pi: 3.141628,
Input: 5000000,
Cold Start: false
Unique ID: a56e8a85-192b-4d87-92aa-091fc06478e5,
Billed Duration for Request a56e8a85-192b-4d87-92aa-091fc06478e5: 496 ms
Pi: 3.1424264,
Input: 5000000,
Cold Start: false
Unique ID: 694dd21c-a092-45af-89e8-8a9815c7f1c8,
Billed Duration for Request 694dd21c-a092-45af-89e8-8a9815c7f1c8: 487 ms
Pi: 3.1422312,
Input: 5000000,
Cold Start: false
Unique ID: 0552c7b5-ef29-4721-ab7a-63aa6c395a57,
Billed Duration for Request 0552c7b5-ef29-4721-ab7a-63aa6c395a57: 517 ms
Pi: 3.1405624,
Input: 5000000,
Cold Start: false
Unique ID: ca1e0731-01b4-49f5-9eff-7e212a63877f,
Billed Duration for Request ca1e0731-01b4-49f5-9eff-7e212a63877f: 498 ms
Pi: 3.1404392,
Input: 5000000,
Cold Start: false
Unique ID: 6ae44de9-0601-4599-b730-2ff1350e6f08,
Billed Duration for Request 6ae44de9-0601-4599-b730-2ff1350e6f08: 469 ms
Pi: 3.1409848,
Input: 5000000,
Cold Start: false
Unique ID: 18769c83-3242-4d05-9051-df3304bbfa43,
Billed Duration for Request 18769c83-3242-4d05-9051-df3304bbfa43: 531 ms
Pi: 3.1414376,
Input: 5000000,
Cold Start: false
Unique ID: bb3392cb-2afb-4259-be63-eeb6806514b0,
Billed Duration for Request bb3392cb-2afb-4259-be63-eeb6806514b0: 517 ms
Pi: 3.1419792,
Input: 5000000,
Cold Start: false
Unique ID: 22c1c65e-12ab-434b-ba20-e99b440727f6,
Billed Duration for Request 22c1c65e-12ab-434b-ba20-e99b440727f6: 485 ms
Pi: 3.1405808,
Input: 5000000,
Cold Start: false
Unique ID: 294c0527-c3fa-4ada-b1ff-fa99e7a19330,
Billed Duration for Request 294c0527-c3fa-4ada-b1ff-fa99e7a19330: 535 ms
Pi: 3.1420992,
Input: 5000000,
Cold Start: false
Unique ID: 8b0d4d49-3ed8-4ea1-8afc-0009a14872ce,
Billed Duration for Request 8b0d4d49-3ed8-4ea1-8afc-0009a14872ce: 497 ms
Pi: 3.1414832,
Input: 5000000,
Cold Start: false
Unique ID: e793ebb7-1bc6-4f02-bf2b-7c9d2218c1ed,
Billed Duration for Request e793ebb7-1bc6-4f02-bf2b-7c9d2218c1ed: 485 ms
Pi: 3.1411576,
Input: 5000000,
Cold Start: false
Unique ID: 0c2edf7d-c09c-447b-957e-5bb5a0972199,
Billed Duration for Request 0c2edf7d-c09c-447b-957e-5bb5a0972199: 531 ms
Pi: 3.1425072,
Input: 5000000,
Cold Start: false
Unique ID: 7c0b2d9d-b325-46a6-84d7-adf2c58052ed,
Billed Duration for Request 7c0b2d9d-b325-46a6-84d7-adf2c58052ed: 519 ms
Pi: 3.1421968,
Input: 5000000,
Cold Start: false
Unique ID: a2bbbb82-3d78-402f-8d90-4117db4f5c05,
Billed Duration for Request a2bbbb82-3d78-402f-8d90-4117db4f5c05: 486 ms
Pi: 3.1414904,
Input: 5000000,
Cold Start: false
Unique ID: 1622c674-de46-43e8-bf00-b08ee59b4662,
Billed Duration for Request 1622c674-de46-43e8-bf00-b08ee59b4662: 532 ms
Pi: 3.141172,
Input: 5000000,
Cold Start: false
Unique ID: f8c01085-cf66-45a1-aaee-1ab687e26d28,
Billed Duration for Request f8c01085-cf66-45a1-aaee-1ab687e26d28: 497 ms
Pi: 3.1423008,
Input: 5000000,
Cold Start: false
Unique ID: 7132cff8-b90f-4574-ac55-43ee0ba1a70b,
Billed Duration for Request 7132cff8-b90f-4574-ac55-43ee0ba1a70b: 468 ms
Pi: 3.1416056,
Input: 5000000,
Cold Start: false
Unique ID: 4e40c071-eba8-49c2-9f8b-efa73546313b,
Billed Duration for Request 4e40c071-eba8-49c2-9f8b-efa73546313b: 531 ms
Pi: 3.1420048,
Input: 5000000,
Cold Start: false
Unique ID: d031b93e-1ec3-4029-bb2f-f2082c0b7687,
Billed Duration for Request d031b93e-1ec3-4029-bb2f-f2082c0b7687: 513 ms
Pi: 3.1410608,
Input: 5000000,
Cold Start: false
Unique ID: 70f8dea3-994c-4682-941d-6c0f2e674465,
Billed Duration for Request 70f8dea3-994c-4682-941d-6c0f2e674465: 485 ms
Pi: 3.1412288,
Input: 5000000,
Cold Start: false
Unique ID: 42a8e1eb-86e4-4baf-a201-754744ab162b,
Billed Duration for Request 42a8e1eb-86e4-4baf-a201-754744ab162b: 537 ms
Pi: 3.1413504,
Input: 5000000,
Cold Start: false
Unique ID: 10e996b1-a0cf-4e69-abe6-7b51b979f948,
Billed Duration for Request 10e996b1-a0cf-4e69-abe6-7b51b979f948: 503 ms
Pi: 3.1411448,
Input: 5000000,
Cold Start: false
Unique ID: 4264e3a7-5db2-42f2-a620-94a39892967a,
Billed Duration for Request 4264e3a7-5db2-42f2-a620-94a39892967a: 484 ms
Pi: 3.142704,
Input: 5000000,
Cold Start: false
Unique ID: 166f87d7-42cc-4558-a67b-865518d65305,
Billed Duration for Request 166f87d7-42cc-4558-a67b-865518d65305: 531 ms
Pi: 3.1414856,
Input: 5000000,
Cold Start: false
Unique ID: 9bb8ba89-94df-4d33-a288-55c4c561f819,
Billed Duration for Request 9bb8ba89-94df-4d33-a288-55c4c561f819: 503 ms
Pi: 3.1421384,
Input: 5000000,
Cold Start: false
Unique ID: 0888cfc9-a433-4be7-8145-b2d8c3ac34d3,
Billed Duration for Request 0888cfc9-a433-4be7-8145-b2d8c3ac34d3: 469 ms
Pi: 3.1414744,
Input: 5000000,
Cold Start: false
Unique ID: ab14d283-2b06-4a95-8ad9-85a1460a38a0,
Billed Duration for Request ab14d283-2b06-4a95-8ad9-85a1460a38a0: 536 ms
Pi: 3.1410736,
Input: 5000000,
Cold Start: false
Unique ID: c5a2cdf9-2c1e-4e87-8c24-fc22cb5df104,
Billed Duration for Request c5a2cdf9-2c1e-4e87-8c24-fc22cb5df104: 499 ms
Pi: 3.1423984,
Input: 5000000,
Cold Start: false
Unique ID: 2d5a9751-a1c2-4fcd-818d-d9792b994002,
Billed Duration for Request 2d5a9751-a1c2-4fcd-818d-d9792b994002: 486 ms
Pi: 3.141104,
Input: 5000000,
Cold Start: false
Unique ID: 3da58194-ab12-4f2d-97af-bb79fd316ea4,
Billed Duration for Request 3da58194-ab12-4f2d-97af-bb79fd316ea4: 531 ms
Pi: 3.1412952,
Input: 5000000,
Cold Start: false
Unique ID: 635351cd-ca1b-4992-950a-f8dd1d6727cb,
Billed Duration for Request 635351cd-ca1b-4992-950a-f8dd1d6727cb: 513 ms
Pi: 3.1444496,
Input: 5000000,
Cold Start: false
Unique ID: 22ac0b70-8474-4259-8909-9d49f8de6f38,
Billed Duration for Request 22ac0b70-8474-4259-8909-9d49f8de6f38: 504 ms
Pi: 3.1416304,
Input: 5000000,
Cold Start: false
Unique ID: 15c1c61c-4a06-4d34-a1e5-4617d332f880,
Billed Duration for Request 15c1c61c-4a06-4d34-a1e5-4617d332f880: 528 ms
Pi: 3.1418176,
Input: 5000000,
Cold Start: false
Unique ID: 1d39930d-992c-4d8a-b50b-3443a6fac079,
Billed Duration for Request 1d39930d-992c-4d8a-b50b-3443a6fac079: 513 ms
Pi: 3.1409528,
Input: 5000000,
Cold Start: false
Unique ID: 9bc8b160-d971-4d2e-b2df-8188a28d591e,
Billed Duration for Request 9bc8b160-d971-4d2e-b2df-8188a28d591e: 489 ms
Pi: 3.1424784,
Input: 5000000,
Cold Start: false
Unique ID: b1b07735-6a1f-4d95-9127-59f27d1391dc,
Billed Duration for Request b1b07735-6a1f-4d95-9127-59f27d1391dc: 530 ms
Pi: 3.1404352,
Input: 5000000,
Cold Start: false
Unique ID: 609b2413-9a1d-41b4-9cc0-e2f1d820ed30,
Billed Duration for Request 609b2413-9a1d-41b4-9cc0-e2f1d820ed30: 498 ms
Pi: 3.142036,
Input: 5000000,
Cold Start: false
Unique ID: b22386ad-b096-4f63-8b58-90adf5e93e02,
Billed Duration for Request b22386ad-b096-4f63-8b58-90adf5e93e02: 503 ms
Pi: 3.1414312,
Input: 5000000,
Cold Start: false
Unique ID: 05572b39-d049-4fb8-9c7e-6f246da3b6d8,
Billed Duration for Request 05572b39-d049-4fb8-9c7e-6f246da3b6d8: 533 ms
Pi: 3.1423024,
Input: 5000000,
Cold Start: false
Unique ID: b1fd6041-0202-4dd6-b48d-b7f9b0014e6e,
Billed Duration for Request b1fd6041-0202-4dd6-b48d-b7f9b0014e6e: 493 ms
Pi: 3.1408848,
Input: 5000000,
Cold Start: false
Unique ID: 4ad7a1d4-79fa-497c-ba5a-f845e95e2628,
Billed Duration for Request 4ad7a1d4-79fa-497c-ba5a-f845e95e2628: 484 ms
Pi: 3.1421024,
Input: 5000000,
Cold Start: false
Unique ID: d813e293-df85-4bd5-89f0-1146110c3ec6,
Billed Duration for Request d813e293-df85-4bd5-89f0-1146110c3ec6: 529 ms
Pi: 3.1412224,
Input: 5000000,
Cold Start: false
Unique ID: 4cc3a6cf-b175-4bbd-8a4c-ff6053af2ac8,
Billed Duration for Request 4cc3a6cf-b175-4bbd-8a4c-ff6053af2ac8: 497 ms
Pi: 3.1418008,
Input: 5000000,
Cold Start: false
Unique ID: 72583354-e470-4502-8431-65a4ed0a4116,
Billed Duration for Request 72583354-e470-4502-8431-65a4ed0a4116: 488 ms
Pi: 3.1424776,
Input: 5000000,
Cold Start: false
Unique ID: e1b32398-8a8b-4127-a9ea-03b9b9ccbd8b,
Billed Duration for Request e1b32398-8a8b-4127-a9ea-03b9b9ccbd8b: 528 ms
Pi: 3.1421872,
Input: 5000000,
Cold Start: false
Unique ID: cca23a41-b072-4d73-8d02-7c5936112544,
Billed Duration for Request cca23a41-b072-4d73-8d02-7c5936112544: 500 ms
Pi: 3.140876,
Input: 5000000,
Cold Start: false
Unique ID: 43f6bab7-b77d-4da7-88a1-faa096f001c8,
Billed Duration for Request 43f6bab7-b77d-4da7-88a1-faa096f001c8: 486 ms
Pi: 3.1400112,
Input: 5000000,
Cold Start: false
Unique ID: e5fbb28f-b8e6-47fe-aef3-689ed5a2428c,
Billed Duration for Request e5fbb28f-b8e6-47fe-aef3-689ed5a2428c: 535 ms
Pi: 3.142584,
Input: 5000000,
Cold Start: false
Unique ID: 49986c15-ca62-4c42-b9ce-56742b1f988d,
Billed Duration for Request 49986c15-ca62-4c42-b9ce-56742b1f988d: 496 ms
Pi: 3.1418592,
Input: 5000000,
Cold Start: false
Unique ID: 4161bde1-06f2-4c35-a8a8-6ef8bf95d835,
Billed Duration for Request 4161bde1-06f2-4c35-a8a8-6ef8bf95d835: 486 ms
Pi: 3.1411928,
Input: 5000000,
Cold Start: false
Unique ID: c9bc2d5d-d60d-4a0f-a25d-226b7f329bcc,
Billed Duration for Request c9bc2d5d-d60d-4a0f-a25d-226b7f329bcc: 530 ms
Pi: 3.1419168,
Input: 5000000,
Cold Start: false
Unique ID: 94984ec6-fe6d-4d63-9bba-3556e23ae0b7,
Billed Duration for Request 94984ec6-fe6d-4d63-9bba-3556e23ae0b7: 498 ms
Pi: 3.1414928,
Input: 5000000,
Cold Start: false
Unique ID: 40be7228-bdc3-4ad3-bef1-229d09797bee,
Billed Duration for Request 40be7228-bdc3-4ad3-bef1-229d09797bee: 503 ms
Pi: 3.1405,
Input: 5000000,
Cold Start: false
Unique ID: 1929211a-ba21-42d2-8b26-12fa10aa4787,
Billed Duration for Request 1929211a-ba21-42d2-8b26-12fa10aa4787: 514 ms
Pi: 3.1428128,
Input: 5000000,
Cold Start: false
Unique ID: 431f3f41-7924-4f11-a7dc-9e937c0859f9,
Billed Duration for Request 431f3f41-7924-4f11-a7dc-9e937c0859f9: 508 ms
Pi: 3.1411976,
Input: 5000000,
Cold Start: false
Unique ID: 09ccb1d0-2df6-412e-b4ee-87b6a35b0281,
Billed Duration for Request 09ccb1d0-2df6-412e-b4ee-87b6a35b0281: 484 ms
Pi: 3.1407072,
Input: 5000000,
Cold Start: false
Unique ID: fb90c4ca-1593-4a90-a112-7cd8352a8acf,
Billed Duration for Request fb90c4ca-1593-4a90-a112-7cd8352a8acf: 537 ms
Pi: 3.1416776,
Input: 5000000,
Cold Start: false
Unique ID: 05648073-f9e2-4260-be14-f96f63940303,
Billed Duration for Request 05648073-f9e2-4260-be14-f96f63940303: 507 ms
Pi: 3.1419248,
Input: 5000000,
Cold Start: false
Unique ID: 6e217c92-91be-4768-93ce-561e3d2dd0b4,
Billed Duration for Request 6e217c92-91be-4768-93ce-561e3d2dd0b4: 488 ms
Pi: 3.1416384,
Input: 5000000,
Cold Start: false
Unique ID: c9ab3e4b-ba99-42ec-a285-2bb05109b0b6,
Billed Duration for Request c9ab3e4b-ba99-42ec-a285-2bb05109b0b6: 533 ms
Pi: 3.1422336,
Input: 5000000,
Cold Start: false
Unique ID: b6e291cc-30d0-4012-a932-39ea28d67576,
Billed Duration for Request b6e291cc-30d0-4012-a932-39ea28d67576: 514 ms
Pi: 3.142276,
Input: 5000000,
Cold Start: false
Unique ID: 8bc856d0-a2de-4add-a0d0-c6f5d1f14f2c,
Billed Duration for Request 8bc856d0-a2de-4add-a0d0-c6f5d1f14f2c: 486 ms
Pi: 3.1408872,
Input: 5000000,
Cold Start: false
Unique ID: 8eea05af-cdcb-480c-be93-8fe500cea684,
Billed Duration for Request 8eea05af-cdcb-480c-be93-8fe500cea684: 531 ms
Pi: 3.1416168,
Input: 5000000,
Cold Start: false
Unique ID: 5401ec41-125f-4dbf-844e-6a77d245b260,
Billed Duration for Request 5401ec41-125f-4dbf-844e-6a77d245b260: 517 ms
Pi: 3.141552,
Input: 5000000,
Cold Start: false
Unique ID: 021a9e19-ef7a-4a6e-9f9d-f9dd6c0a48c6,
Billed Duration for Request 021a9e19-ef7a-4a6e-9f9d-f9dd6c0a48c6: 483 ms
Pi: 3.1427336,
Input: 5000000,
Cold Start: false
Unique ID: 2e56c521-403a-4ba0-a8a5-2d698b5ea430,
Billed Duration for Request 2e56c521-403a-4ba0-a8a5-2d698b5ea430: 532 ms
Pi: 3.1415088,
Input: 5000000,
Cold Start: false
Unique ID: ac6b16f2-bcb1-4312-9cc3-a9de90b61b5e,
Billed Duration for Request ac6b16f2-bcb1-4312-9cc3-a9de90b61b5e: 495 ms
Pi: 3.1413848,
Input: 5000000,
Cold Start: false
Unique ID: b69b6eec-2c3d-4f19-8cdc-5a9910bd9b0b,
Billed Duration for Request b69b6eec-2c3d-4f19-8cdc-5a9910bd9b0b: 484 ms
Pi: 3.1418984,
Input: 5000000,
Cold Start: false
Unique ID: e0e95014-2ca9-4ece-ace8-096b294a0728,
Billed Duration for Request e0e95014-2ca9-4ece-ace8-096b294a0728: 536 ms
Pi: 3.1405992,
Input: 5000000,
Cold Start: false
Unique ID: 8870c2fa-db92-42e4-ae50-814bd7fcdfd1,
Billed Duration for Request 8870c2fa-db92-42e4-ae50-814bd7fcdfd1: 511 ms
Pi: 3.13952,
Input: 5000000,
Cold Start: false
Unique ID: 01abfbcd-28a0-4923-b68c-8d2749fb03da,
Billed Duration for Request 01abfbcd-28a0-4923-b68c-8d2749fb03da: 485 ms
Pi: 3.141012,
Input: 5000000,
Cold Start: false
Unique ID: 699bacd9-c376-43bb-bd7e-b14c56be868c,
Billed Duration for Request 699bacd9-c376-43bb-bd7e-b14c56be868c: 532 ms
Pi: 3.1420488,
Input: 5000000,
Cold Start: false
Unique ID: 21a60c56-c4cc-4322-aed5-320bb4251147,
Billed Duration for Request 21a60c56-c4cc-4322-aed5-320bb4251147: 519 ms
Pi: 3.140356,
Input: 5000000,
Cold Start: false
Unique ID: f7fa828a-7d92-41d4-96bd-45c357110876,
Billed Duration for Request f7fa828a-7d92-41d4-96bd-45c357110876: 468 ms
Pi: 3.1434072,
Input: 5000000,
Cold Start: false
Unique ID: 6d5c04af-343f-4ee0-863d-b125623cbd81,
Billed Duration for Request 6d5c04af-343f-4ee0-863d-b125623cbd81: 547 ms
Pi: 3.1412728,
Input: 5000000,
Cold Start: false
Unique ID: 469f74c2-c648-45da-b85f-2d8461b75815,
Billed Duration for Request 469f74c2-c648-45da-b85f-2d8461b75815: 514 ms
Pi: 3.1416992,
Input: 5000000,
Cold Start: false
Unique ID: ca6a40e6-94c6-4807-9e37-f58ef361f490,
Billed Duration for Request ca6a40e6-94c6-4807-9e37-f58ef361f490: 490 ms
Pi: 3.1410256,
Input: 5000000,
Cold Start: false
Unique ID: ce80aeec-367f-4f62-b7cf-5b0dcdab2cd5,
Billed Duration for Request ce80aeec-367f-4f62-b7cf-5b0dcdab2cd5: 533 ms
Pi: 3.1410384,
Input: 5000000,
Cold Start: false
Unique ID: 1dd8ef0f-3df1-41f0-aaa0-bb24f3a279d0,
Billed Duration for Request 1dd8ef0f-3df1-41f0-aaa0-bb24f3a279d0: 495 ms
Pi: 3.1409744,
Input: 5000000,
Cold Start: false
Unique ID: 68e042b0-6e4d-432d-af30-1383cd1f31b0,
Billed Duration for Request 68e042b0-6e4d-432d-af30-1383cd1f31b0: 486 ms
Pi: 3.1421424,
Input: 5000000,
Cold Start: false
Unique ID: 1b16ca4c-01bf-4232-98a3-268a50a2010d,
Billed Duration for Request 1b16ca4c-01bf-4232-98a3-268a50a2010d: 533 ms
Pi: 3.1424728,
Input: 5000000,
Cold Start: false
Unique ID: f1ec92d5-01f0-4106-9955-86d4defcdf9a,
Billed Duration for Request f1ec92d5-01f0-4106-9955-86d4defcdf9a: 498 ms
Pi: 3.140968,
Input: 5000000,
Cold Start: false
Unique ID: 50bbdff8-06d0-4da4-aeda-98bc01ecbcc5,
Billed Duration for Request 50bbdff8-06d0-4da4-aeda-98bc01ecbcc5: 489 ms
Pi: 3.1418176,
Input: 5000000,
Cold Start: false
Unique ID: 4dd30f5f-fb40-4c39-bd33-8c0244a94c0e,
Billed Duration for Request 4dd30f5f-fb40-4c39-bd33-8c0244a94c0e: 534 ms
Pi: 3.1408512,
Input: 5000000,
Cold Start: false
Unique ID: c5ec720e-fc8c-4a17-aecb-0f2a390034a7,
Billed Duration for Request c5ec720e-fc8c-4a17-aecb-0f2a390034a7: 499 ms
Pi: 3.1423336,
Input: 5000000,
Cold Start: false
Unique ID: b04e6c86-bac4-4ac7-8e2d-0a6195e9c04b,
Billed Duration for Request b04e6c86-bac4-4ac7-8e2d-0a6195e9c04b: 489 ms
Pi: 3.1403,
Input: 5000000,
Cold Start: false
Unique ID: 3d16f2dc-d593-47a5-8c77-1903bfca6b58,
Billed Duration for Request 3d16f2dc-d593-47a5-8c77-1903bfca6b58: 532 ms
Pi: 3.142436,
Input: 5000000,
Cold Start: false
Unique ID: bef6c45d-fc70-40a1-817e-839bc6b72f5e,
Billed Duration for Request bef6c45d-fc70-40a1-817e-839bc6b72f5e: 495 ms
Pi: 3.1420128,
Input: 5000000,
Cold Start: false
Unique ID: 2e5d7ca1-87b0-49c7-8d2d-d74cc09ad0ba,
Billed Duration for Request 2e5d7ca1-87b0-49c7-8d2d-d74cc09ad0ba: 488 ms
Pi: 3.1414904,
Input: 5000000,
Cold Start: false
Unique ID: ccb81d22-5109-4413-a4bf-766fba63dc41,
Billed Duration for Request ccb81d22-5109-4413-a4bf-766fba63dc41: 533 ms
Pi: 3.141188,
Input: 5000000,
Cold Start: false
Unique ID: c052f3c1-b033-4d0c-9fa9-b1cd492dfdfe,
Billed Duration for Request c052f3c1-b033-4d0c-9fa9-b1cd492dfdfe: 513 ms
Pi: 3.1403632,
Input: 5000000,
Cold Start: false
