Unique ID: 6c05be0f-7b9a-41de-8d70-4229b0a46915,
Billed Duration for Request 6c05be0f-7b9a-41de-8d70-4229b0a46915: 636 ms
Pi: 3.142637217391304,
Input: 5750000,
Cold Start: false
Unique ID: c201cff3-0ebb-45b3-9dc8-10c08af093eb,
Billed Duration for Request c201cff3-0ebb-45b3-9dc8-10c08af093eb: 648 ms
Pi: 3.141440695652174,
Input: 5750000,
Cold Start: false
Unique ID: 9e63e380-8c00-44a2-8711-52322929556e,
Billed Duration for Request 9e63e380-8c00-44a2-8711-52322929556e: 648 ms
Pi: 3.1406601739130435,
Input: 5750000,
Cold Start: false
Unique ID: 14d7ddc2-f192-498d-bdbe-2bc7bc9d293e,
Billed Duration for Request 14d7ddc2-f192-498d-bdbe-2bc7bc9d293e: 649 ms
Pi: 3.1415415652173913,
Input: 5750000,
Cold Start: false
Unique ID: f7b825e0-1681-48a9-a909-069af9ee1ed8,
Billed Duration for Request f7b825e0-1681-48a9-a909-069af9ee1ed8: 614 ms
Pi: 3.1425453913043477,
Input: 5750000,
Cold Start: false
Unique ID: b08f5666-799d-4e49-b3ca-ed5d7f1eba33,
Billed Duration for Request b08f5666-799d-4e49-b3ca-ed5d7f1eba33: 627 ms
Pi: 3.141399652173913,
Input: 5750000,
Cold Start: false
Unique ID: 5dd6523f-ed3e-4015-b7cb-84148101c8cf,
Billed Duration for Request 5dd6523f-ed3e-4015-b7cb-84148101c8cf: 612 ms
Pi: 3.1413572173913042,
Input: 5750000,
Cold Start: false
Unique ID: 54540d30-c394-492f-8969-d0ce0888a152,
Billed Duration for Request 54540d30-c394-492f-8969-d0ce0888a152: 610 ms
Pi: 3.141282086956522,
Input: 5750000,
Cold Start: false
Unique ID: 5d47b9d0-537b-46da-9b4b-821477f57a79,
Billed Duration for Request 5d47b9d0-537b-46da-9b4b-821477f57a79: 626 ms
Pi: 3.1419012173913043,
Input: 5750000,
Cold Start: false
Unique ID: 8101548b-8994-44ab-86a3-3333e8e9e90c,
Billed Duration for Request 8101548b-8994-44ab-86a3-3333e8e9e90c: 629 ms
Pi: 3.1404549565217392,
Input: 5750000,
Cold Start: false
Unique ID: 6c51dfa3-1dd2-474c-95e5-517c030399b8,
Billed Duration for Request 6c51dfa3-1dd2-474c-95e5-517c030399b8: 616 ms
Pi: 3.142013913043478,
Input: 5750000,
Cold Start: false
Unique ID: 85d1b491-983d-409f-b673-74d012d7cda4,
Billed Duration for Request 85d1b491-983d-409f-b673-74d012d7cda4: 615 ms
Pi: 3.141238956521739,
Input: 5750000,
Cold Start: false
Unique ID: 441fa143-e6d7-4094-bd5a-f2376b28b234,
Billed Duration for Request 441fa143-e6d7-4094-bd5a-f2376b28b234: 612 ms
Pi: 3.140601739130435,
Input: 5750000,
Cold Start: false
Unique ID: b7608b61-19e7-4add-a4b6-887050b2e851,
Billed Duration for Request b7608b61-19e7-4add-a4b6-887050b2e851: 630 ms
Pi: 3.1425133913043477,
Input: 5750000,
Cold Start: false
Unique ID: 2e12f691-4f5e-4e29-83e7-a986f43b4c4f,
Billed Duration for Request 2e12f691-4f5e-4e29-83e7-a986f43b4c4f: 612 ms
Pi: 3.1418761739130434,
Input: 5750000,
Cold Start: false
Unique ID: 3b256037-8ef7-422b-a393-842ac142c3ac,
Billed Duration for Request 3b256037-8ef7-422b-a393-842ac142c3ac: 612 ms
Pi: 3.1413467826086956,
Input: 5750000,
Cold Start: false
Unique ID: 36a42d18-eb31-4b9b-b635-1f21c90fc124,
Billed Duration for Request 36a42d18-eb31-4b9b-b635-1f21c90fc124: 591 ms
Pi: 3.1407666086956523,
Input: 5750000,
Cold Start: false
Unique ID: b64fc51a-8680-4ead-8917-248bd4aea861,
Billed Duration for Request b64fc51a-8680-4ead-8917-248bd4aea861: 629 ms
Pi: 3.141689043478261,
Input: 5750000,
Cold Start: false
Unique ID: 71f892ca-3216-44dc-bf82-d9317fa8bf87,
Billed Duration for Request 71f892ca-3216-44dc-bf82-d9317fa8bf87: 612 ms
Pi: 3.141767652173913,
Input: 5750000,
Cold Start: false
Unique ID: 63cec586-9eeb-409c-998e-f37661295a27,
Billed Duration for Request 63cec586-9eeb-409c-998e-f37661295a27: 604 ms
Pi: 3.142709565217391,
Input: 5750000,
Cold Start: false
Unique ID: 3e80955d-70f4-41b7-ae01-6763cf4aaab1,
Billed Duration for Request 3e80955d-70f4-41b7-ae01-6763cf4aaab1: 616 ms
Pi: 3.1419109565217394,
Input: 5750000,
Cold Start: false
Unique ID: e744ee53-a708-443f-8028-8690f312258d,
Billed Duration for Request e744ee53-a708-443f-8028-8690f312258d: 612 ms
Pi: 3.141838608695652,
Input: 5750000,
Cold Start: false
Unique ID: 38c367e5-6d88-4d84-85f2-df64577eeba6,
Billed Duration for Request 38c367e5-6d88-4d84-85f2-df64577eeba6: 628 ms
Pi: 3.1425314782608695,
Input: 5750000,
Cold Start: false
Unique ID: b304a204-30b9-4585-a8ac-d2a879cf7b95,
Billed Duration for Request b304a204-30b9-4585-a8ac-d2a879cf7b95: 593 ms
Pi: 3.141965913043478,
Input: 5750000,
Cold Start: false
Unique ID: 96e88ad4-c364-456e-aa55-de208a60e956,
Billed Duration for Request 96e88ad4-c364-456e-aa55-de208a60e956: 618 ms
Pi: 3.1404521739130433,
Input: 5750000,
Cold Start: false
Unique ID: 1600e1b2-09c6-4c76-865d-521cff222080,
Billed Duration for Request 1600e1b2-09c6-4c76-865d-521cff222080: 625 ms
Pi: 3.1406393043478262,
Input: 5750000,
Cold Start: false
Unique ID: af65d42d-8632-4f48-9856-81dfdf57f7fe,
Billed Duration for Request af65d42d-8632-4f48-9856-81dfdf57f7fe: 611 ms
Pi: 3.1411575652173913,
Input: 5750000,
Cold Start: false
Unique ID: cde21d7c-90cf-49f7-a626-012aabf98adf,
Billed Duration for Request cde21d7c-90cf-49f7-a626-012aabf98adf: 629 ms
Pi: 3.1422379130434783,
Input: 5750000,
Cold Start: false
Unique ID: 9db297f5-aeee-4507-b2e3-2b98b57cb741,
Billed Duration for Request 9db297f5-aeee-4507-b2e3-2b98b57cb741: 613 ms
Pi: 3.141672347826087,
Input: 5750000,
Cold Start: false
Unique ID: f86f85d1-907e-4279-a9fa-b665ffd985b7,
Billed Duration for Request f86f85d1-907e-4279-a9fa-b665ffd985b7: 611 ms
Pi: 3.140479304347826,
Input: 5750000,
Cold Start: false
Unique ID: a8ff67c7-a98f-486c-9028-6ab6ebafeea6,
Billed Duration for Request a8ff67c7-a98f-486c-9028-6ab6ebafeea6: 611 ms
Pi: 3.142264347826087,
Input: 5750000,
Cold Start: false
Unique ID: 3894800f-3f23-4945-addf-f85c1654e766,
Billed Duration for Request 3894800f-3f23-4945-addf-f85c1654e766: 630 ms
Pi: 3.1413885217391306,
Input: 5750000,
Cold Start: false
Unique ID: f2b617d2-e668-49d4-855e-5889e607f3f2,
Billed Duration for Request f2b617d2-e668-49d4-855e-5889e607f3f2: 616 ms
Pi: 3.1418052173913043,
Input: 5750000,
Cold Start: false
Unique ID: e03ae536-71b1-412a-970d-87d5798bb5c3,
Billed Duration for Request e03ae536-71b1-412a-970d-87d5798bb5c3: 607 ms
Pi: 3.141914434782609,
Input: 5750000,
Cold Start: false
Unique ID: 7aa46d2c-e2dd-4d28-b625-3ceabf55f789,
Billed Duration for Request 7aa46d2c-e2dd-4d28-b625-3ceabf55f789: 606 ms
Pi: 3.1418629565217393,
Input: 5750000,
Cold Start: false
Unique ID: 85100e98-9d74-467a-8b85-9cc0da93f53d,
Billed Duration for Request 85100e98-9d74-467a-8b85-9cc0da93f53d: 632 ms
Pi: 3.141565913043478,
Input: 5750000,
Cold Start: false
Unique ID: 9f39da7f-a5c0-469d-892f-2df637e574a8,
Billed Duration for Request 9f39da7f-a5c0-469d-892f-2df637e574a8: 613 ms
Pi: 3.141752347826087,
Input: 5750000,
Cold Start: false
Unique ID: 0f49e833-9f15-4ae0-9def-d3c0a303c3f0,
Billed Duration for Request 0f49e833-9f15-4ae0-9def-d3c0a303c3f0: 615 ms
Pi: 3.141720347826087,
Input: 5750000,
Cold Start: false
Unique ID: 14cbb4fa-73bb-4b4e-bc47-651cb34f0a81,
Billed Duration for Request 14cbb4fa-73bb-4b4e-bc47-651cb34f0a81: 616 ms
Pi: 3.142119652173913,
Input: 5750000,
Cold Start: false
Unique ID: 0f424b38-789d-4f17-8831-bde49123c233,
Billed Duration for Request 0f424b38-789d-4f17-8831-bde49123c233: 627 ms
Pi: 3.141488695652174,
Input: 5750000,
Cold Start: false
Unique ID: 7f999370-9e30-403f-9eec-045db792dbb8,
Billed Duration for Request 7f999370-9e30-403f-9eec-045db792dbb8: 600 ms
Pi: 3.1415492173913044,
Input: 5750000,
Cold Start: false
Unique ID: 00241386-1337-44ef-8c8c-b5e3f1fc9380,
Billed Duration for Request 00241386-1337-44ef-8c8c-b5e3f1fc9380: 627 ms
Pi: 3.1428452173913044,
Input: 5750000,
Cold Start: false
Unique ID: bac12a38-8de8-47c9-83e6-e588265baf76,
Billed Duration for Request bac12a38-8de8-47c9-83e6-e588265baf76: 646 ms
Pi: 3.142048,
Input: 5750000,
Cold Start: false
Unique ID: 7436492b-0087-4b61-bdeb-f9fb78826eb0,
Billed Duration for Request 7436492b-0087-4b61-bdeb-f9fb78826eb0: 604 ms
Pi: 3.143051130434783,
Input: 5750000,
Cold Start: false
Unique ID: cb1c00a5-0a68-4e2b-8b83-3f7207c7a80f,
Billed Duration for Request cb1c00a5-0a68-4e2b-8b83-3f7207c7a80f: 615 ms
Pi: 3.1412285217391305,
Input: 5750000,
Cold Start: false
Unique ID: d1c25391-791f-4521-b6fa-019b589faeb7,
Billed Duration for Request d1c25391-791f-4521-b6fa-019b589faeb7: 614 ms
Pi: 3.142726260869565,
Input: 5750000,
Cold Start: false
Unique ID: 6559ce75-eccb-4fd0-a507-d633de70c486,
Billed Duration for Request 6559ce75-eccb-4fd0-a507-d633de70c486: 630 ms
Pi: 3.141431652173913,
Input: 5750000,
Cold Start: false
Unique ID: e8f8ead8-65c8-4079-9eb9-c9ee8546d55f,
Billed Duration for Request e8f8ead8-65c8-4079-9eb9-c9ee8546d55f: 593 ms
Pi: 3.141218086956522,
Input: 5750000,
Cold Start: false
Unique ID: e2474eab-5ca5-4fab-a7a1-0f0b56799fe6,
Billed Duration for Request e2474eab-5ca5-4fab-a7a1-0f0b56799fe6: 616 ms
Pi: 3.141318956521739,
Input: 5750000,
Cold Start: false
Unique ID: 63b85cf5-4f59-41ce-981a-cfd09520f8ec,
Billed Duration for Request 63b85cf5-4f59-41ce-981a-cfd09520f8ec: 597 ms
Pi: 3.141921391304348,
Input: 5750000,
Cold Start: false
Unique ID: 86f8d883-a4fb-4537-bd0d-513d999430ec,
Billed Duration for Request 86f8d883-a4fb-4537-bd0d-513d999430ec: 610 ms
Pi: 3.141982608695652,
Input: 5750000,
Cold Start: false
Unique ID: 3cdb7d44-f063-4c94-81ce-c7f80008c04d,
Billed Duration for Request 3cdb7d44-f063-4c94-81ce-c7f80008c04d: 628 ms
Pi: 3.142352,
Input: 5750000,
Cold Start: false
Unique ID: f8408662-a2be-4c3d-87fc-e9d8bab3f07b,
Billed Duration for Request f8408662-a2be-4c3d-87fc-e9d8bab3f07b: 615 ms
Pi: 3.139712,
Input: 5750000,
Cold Start: false
Unique ID: dcb79f97-6ced-47f2-b149-7c9343f9d095,
Billed Duration for Request dcb79f97-6ced-47f2-b149-7c9343f9d095: 591 ms
Pi: 3.142999652173913,
Input: 5750000,
Cold Start: false
Unique ID: ef4197ce-67cf-409f-8673-ff338b571be5,
Billed Duration for Request ef4197ce-67cf-409f-8673-ff338b571be5: 607 ms
Pi: 3.1431158260869565,
Input: 5750000,
Cold Start: false
Unique ID: 95b0c937-0f00-4bd1-8b3f-20bbc2edf2f8,
Billed Duration for Request 95b0c937-0f00-4bd1-8b3f-20bbc2edf2f8: 630 ms
Pi: 3.1415533913043476,
Input: 5750000,
Cold Start: false
Unique ID: 5ac27e3a-0bb2-4e46-a4c4-c07d48128760,
Billed Duration for Request 5ac27e3a-0bb2-4e46-a4c4-c07d48128760: 614 ms
Pi: 3.1406852173913045,
Input: 5750000,
Cold Start: false
Unique ID: 8759c61c-0045-46ff-bfee-7232c3048271,
Billed Duration for Request 8759c61c-0045-46ff-bfee-7232c3048271: 610 ms
Pi: 3.142319304347826,
Input: 5750000,
Cold Start: false
Unique ID: b3d4585d-e9e2-4588-9ad4-321e06361b10,
Billed Duration for Request b3d4585d-e9e2-4588-9ad4-321e06361b10: 594 ms
Pi: 3.1417975652173915,
Input: 5750000,
Cold Start: false
Unique ID: 11400a16-b068-4863-aa70-64b6b443dab7,
Billed Duration for Request 11400a16-b068-4863-aa70-64b6b443dab7: 631 ms
Pi: 3.1418045217391306,
Input: 5750000,
Cold Start: false
Unique ID: b7939a2f-2429-4ef3-8e05-3c14220c9e63,
Billed Duration for Request b7939a2f-2429-4ef3-8e05-3c14220c9e63: 643 ms
Pi: 3.1417106086956523,
Input: 5750000,
Cold Start: false
Unique ID: bf3e828e-c9d7-4cbe-aa84-eae7e0cf4f2c,
Billed Duration for Request bf3e828e-c9d7-4cbe-aa84-eae7e0cf4f2c: 611 ms
Pi: 3.1415130434782608,
Input: 5750000,
Cold Start: false
Unique ID: c279c287-0778-4f90-9b96-db1dbfc207b6,
Billed Duration for Request c279c287-0778-4f90-9b96-db1dbfc207b6: 592 ms
Pi: 3.1406024347826085,
Input: 5750000,
Cold Start: false
Unique ID: 30bc9cab-8932-4bf8-b549-38fafe1e817c,
Billed Duration for Request 30bc9cab-8932-4bf8-b549-38fafe1e817c: 615 ms
Pi: 3.141041391304348,
Input: 5750000,
Cold Start: false
Unique ID: 5d1a9943-5d29-4976-811a-fe7c3b177edc,
Billed Duration for Request 5d1a9943-5d29-4976-811a-fe7c3b177edc: 630 ms
Pi: 3.142438956521739,
Input: 5750000,
Cold Start: false
Unique ID: d5f2b75b-41bc-4b77-a782-35f3346741c4,
Billed Duration for Request d5f2b75b-41bc-4b77-a782-35f3346741c4: 606 ms
Pi: 3.1426900869565215,
Input: 5750000,
Cold Start: false
Unique ID: ef20c33d-f935-4e15-898c-b46492fb0c0a,
Billed Duration for Request ef20c33d-f935-4e15-898c-b46492fb0c0a: 605 ms
Pi: 3.1410504347826085,
Input: 5750000,
Cold Start: false
Unique ID: c949cd23-6b29-4678-8174-50a13e8fedf2,
Billed Duration for Request c949cd23-6b29-4678-8174-50a13e8fedf2: 614 ms
Pi: 3.140981565217391,
Input: 5750000,
Cold Start: false
Unique ID: edf76073-f529-42b5-83bf-22fa9876b5ea,
Billed Duration for Request edf76073-f529-42b5-83bf-22fa9876b5ea: 627 ms
Pi: 3.1416445217391304,
Input: 5750000,
Cold Start: false
Unique ID: e7b9ceae-1b0c-44ad-bc9a-806b3fab0f4c,
Billed Duration for Request e7b9ceae-1b0c-44ad-bc9a-806b3fab0f4c: 594 ms
Pi: 3.1410921739130435,
Input: 5750000,
Cold Start: false
Unique ID: d2babcda-782a-4487-862b-08acb5cc3c4a,
Billed Duration for Request d2babcda-782a-4487-862b-08acb5cc3c4a: 593 ms
Pi: 3.1425836521739132,
Input: 5750000,
Cold Start: false
Unique ID: 763ea0d4-5ffc-4e84-b1d3-810f86b9eab7,
Billed Duration for Request 763ea0d4-5ffc-4e84-b1d3-810f86b9eab7: 622 ms
Pi: 3.140575304347826,
Input: 5750000,
Cold Start: false
Unique ID: 66d0749a-d2fc-4160-b28f-2078132c5d22,
Billed Duration for Request 66d0749a-d2fc-4160-b28f-2078132c5d22: 634 ms
Pi: 3.1421398260869564,
Input: 5750000,
Cold Start: false
Unique ID: 5a278a10-5b1d-4cc4-86f2-ac3af79e2e80,
Billed Duration for Request 5a278a10-5b1d-4cc4-86f2-ac3af79e2e80: 614 ms
Pi: 3.140409043478261,
Input: 5750000,
Cold Start: false
Unique ID: fab0d056-5165-46c2-ab08-86da63661b56,
Billed Duration for Request fab0d056-5165-46c2-ab08-86da63661b56: 592 ms
Pi: 3.1421565217391305,
Input: 5750000,
Cold Start: false
Unique ID: 974299a8-68f2-4363-9e1e-5ec283faeba9,
Billed Duration for Request 974299a8-68f2-4363-9e1e-5ec283faeba9: 620 ms
Pi: 3.139833739130435,
Input: 5750000,
Cold Start: false
Unique ID: 701769e1-770b-4a42-8c9d-ba0fbdc43973,
Billed Duration for Request 701769e1-770b-4a42-8c9d-ba0fbdc43973: 612 ms
Pi: 3.141184695652174,
Input: 5750000,
Cold Start: false
Unique ID: eb9fdc2d-65c6-4d21-933f-781bcc955134,
Billed Duration for Request eb9fdc2d-65c6-4d21-933f-781bcc955134: 599 ms
Pi: 3.141584695652174,
Input: 5750000,
Cold Start: false
Unique ID: 49c1a97d-29d5-4bb2-9f3c-0b3fa95a9aed,
Billed Duration for Request 49c1a97d-29d5-4bb2-9f3c-0b3fa95a9aed: 593 ms
Pi: 3.1412285217391305,
Input: 5750000,
Cold Start: false
Unique ID: 621bcc8c-0a14-4c2b-a259-463e43acbfa8,
Billed Duration for Request 621bcc8c-0a14-4c2b-a259-463e43acbfa8: 614 ms
Pi: 3.1410692173913044,
Input: 5750000,
Cold Start: false
Unique ID: d0caf456-ef6d-45d2-be95-e12b96417e20,
Billed Duration for Request d0caf456-ef6d-45d2-be95-e12b96417e20: 592 ms
Pi: 3.142477913043478,
Input: 5750000,
Cold Start: false
Unique ID: 85619887-14fd-4ea0-9569-9c7c1851d649,
Billed Duration for Request 85619887-14fd-4ea0-9569-9c7c1851d649: 614 ms
Pi: 3.1417321739130433,
Input: 5750000,
Cold Start: false
Unique ID: 72ae13b2-9270-4f5d-b474-e5c466501ac9,
Billed Duration for Request 72ae13b2-9270-4f5d-b474-e5c466501ac9: 615 ms
Pi: 3.1421474782608696,
Input: 5750000,
Cold Start: false
Unique ID: 448e9138-c2b7-4d27-98c7-95b59e117f3a,
Billed Duration for Request 448e9138-c2b7-4d27-98c7-95b59e117f3a: 589 ms
Pi: 3.141423304347826,
Input: 5750000,
Cold Start: false
Unique ID: 838525ae-53b9-4832-9ff6-6c56efd24bc8,
Billed Duration for Request 838525ae-53b9-4832-9ff6-6c56efd24bc8: 627 ms
Pi: 3.142233043478261,
Input: 5750000,
Cold Start: false
Unique ID: ad52f626-4f2c-4304-899b-0d6c535730bd,
Billed Duration for Request ad52f626-4f2c-4304-899b-0d6c535730bd: 595 ms
Pi: 3.142073043478261,
Input: 5750000,
Cold Start: false
Unique ID: ecc21812-d91e-4f9f-b4b1-c8dd04489382,
Billed Duration for Request ecc21812-d91e-4f9f-b4b1-c8dd04489382: 594 ms
Pi: 3.140903652173913,
Input: 5750000,
Cold Start: false
Unique ID: da4b55b5-52b7-4152-8529-8c3ed59839d7,
Billed Duration for Request da4b55b5-52b7-4152-8529-8c3ed59839d7: 620 ms
Pi: 3.141928347826087,
Input: 5750000,
Cold Start: false
Unique ID: 3125e655-d431-4f84-b3be-1dfd1b38b743,
Billed Duration for Request 3125e655-d431-4f84-b3be-1dfd1b38b743: 590 ms
Pi: 3.142263652173913,
Input: 5750000,
Cold Start: false
Unique ID: 4987d5c0-ef9a-4ada-8adc-475dbf4870ec,
Billed Duration for Request 4987d5c0-ef9a-4ada-8adc-475dbf4870ec: 604 ms
Pi: 3.1419471304347826,
Input: 5750000,
Cold Start: false
Unique ID: 495b8ddf-c784-4602-9bda-3d44b57a505b,
Billed Duration for Request 495b8ddf-c784-4602-9bda-3d44b57a505b: 627 ms
Pi: 3.14192,
Input: 5750000,
Cold Start: false
Unique ID: c4188932-b1a3-405e-bf8d-92c46b884b88,
Billed Duration for Request c4188932-b1a3-405e-bf8d-92c46b884b88: 610 ms
Pi: 3.1413697391304347,
Input: 5750000,
Cold Start: false
Unique ID: 63a9bfd8-5db6-4e5b-a534-afc76bb29854,
Billed Duration for Request 63a9bfd8-5db6-4e5b-a534-afc76bb29854: 617 ms
Pi: 3.141495652173913,
Input: 5750000,
Cold Start: false
Unique ID: 9d0d5d82-92bb-4a7a-b5b0-3854731bd102,
Billed Duration for Request 9d0d5d82-92bb-4a7a-b5b0-3854731bd102: 608 ms
Pi: 3.1425328695652173,
Input: 5750000,
Cold Start: false
Unique ID: 4e8634ad-ce6d-4552-81c1-d91a13d0abcc,
Billed Duration for Request 4e8634ad-ce6d-4552-81c1-d91a13d0abcc: 615 ms
Pi: 3.141657043478261,
Input: 5750000,
Cold Start: false
Unique ID: 76d548c9-96cc-4790-b5b9-ae5cb665fd58,
Billed Duration for Request 76d548c9-96cc-4790-b5b9-ae5cb665fd58: 594 ms
Pi: 3.142309565217391,
Input: 5750000,
Cold Start: false
Unique ID: b6b8672c-2898-4359-b425-0336cb8d63db,
Billed Duration for Request b6b8672c-2898-4359-b425-0336cb8d63db: 592 ms
Pi: 3.1429203478260868,
Input: 5750000,
Cold Start: false
Unique ID: b4a9ea1e-fda4-424d-a7ae-9eab6a48358d,
Billed Duration for Request b4a9ea1e-fda4-424d-a7ae-9eab6a48358d: 616 ms
Pi: 3.141798260869565,
Input: 5750000,
Cold Start: false
Unique ID: be91d4ae-8d4d-4250-81a8-b32e54e44d7d,
Billed Duration for Request be91d4ae-8d4d-4250-81a8-b32e54e44d7d: 593 ms
Pi: 3.139968,
Input: 5750000,
Cold Start: false
Unique ID: 500ea79e-f3ec-41ce-81f2-50fe463eeb77,
Billed Duration for Request 500ea79e-f3ec-41ce-81f2-50fe463eeb77: 612 ms
Pi: 3.141486608695652,
Input: 5750000,
Cold Start: false
Unique ID: 5e34a330-e1d9-4407-924e-97cbe0126547,
Billed Duration for Request 5e34a330-e1d9-4407-924e-97cbe0126547: 595 ms
Pi: 3.1413697391304347,
Input: 5750000,
Cold Start: false
Unique ID: 19d89064-9743-4b77-94e5-487f6cd0ba81,
Billed Duration for Request 19d89064-9743-4b77-94e5-487f6cd0ba81: 593 ms
Pi: 3.1424118260869567,
Input: 5750000,
Cold Start: false
Unique ID: 22d96406-9354-4fa8-a15e-ade9d0f08ff9,
Billed Duration for Request 22d96406-9354-4fa8-a15e-ade9d0f08ff9: 614 ms
Pi: 3.1417892173913042,
Input: 5750000,
Cold Start: false
Unique ID: e5ac0726-c96f-45dc-a0e2-30788e1a4ed2,
Billed Duration for Request e5ac0726-c96f-45dc-a0e2-30788e1a4ed2: 612 ms
Pi: 3.140745043478261,
Input: 5750000,
Cold Start: false
Unique ID: 942f9355-7654-4bf0-8feb-d356d8b1254d,
Billed Duration for Request 942f9355-7654-4bf0-8feb-d356d8b1254d: 591 ms
Pi: 3.1407506086956523,
Input: 5750000,
Cold Start: false
Unique ID: 7146bb01-a10e-410f-b44b-62e607456163,
Billed Duration for Request 7146bb01-a10e-410f-b44b-62e607456163: 610 ms
Pi: 3.1414205217391302,
Input: 5750000,
Cold Start: false
Unique ID: 5cee3013-87e9-41dc-b7c0-58f9c9288112,
Billed Duration for Request 5cee3013-87e9-41dc-b7c0-58f9c9288112: 618 ms
Pi: 3.1433711304347827,
Input: 5750000,
Cold Start: false
Unique ID: 7c6c99f9-7a34-4085-90aa-f17ce56d4639,
Billed Duration for Request 7c6c99f9-7a34-4085-90aa-f17ce56d4639: 615 ms
Pi: 3.140359652173913,
Input: 5750000,
Cold Start: false
Unique ID: 818d3569-394a-433f-a3df-f44a019b16f4,
Billed Duration for Request 818d3569-394a-433f-a3df-f44a019b16f4: 590 ms
Pi: 3.141313391304348,
Input: 5750000,
Cold Start: false
Unique ID: fa3a4388-a736-4c97-b5f3-4036b8edc67d,
Billed Duration for Request fa3a4388-a736-4c97-b5f3-4036b8edc67d: 613 ms
Pi: 3.140431304347826,
Input: 5750000,
Cold Start: false
Unique ID: d82f6b5b-ceeb-4705-a203-8420e6831d87,
Billed Duration for Request d82f6b5b-ceeb-4705-a203-8420e6831d87: 616 ms
Pi: 3.1397954782608695,
Input: 5750000,
Cold Start: false
Unique ID: 99654fa2-d8a4-4d38-b894-417b480192e3,
Billed Duration for Request 99654fa2-d8a4-4d38-b894-417b480192e3: 592 ms
Pi: 3.140742956521739,
Input: 5750000,
Cold Start: false
Unique ID: 3b67a4ae-6db3-4189-a21a-178a533d7e2c,
Billed Duration for Request 3b67a4ae-6db3-4189-a21a-178a533d7e2c: 598 ms
Pi: 3.1416041739130436,
Input: 5750000,
Cold Start: false
Unique ID: bea77c60-6bbd-4eae-b642-fb232fcff1c5,
Billed Duration for Request bea77c60-6bbd-4eae-b642-fb232fcff1c5: 612 ms
Pi: 3.1412292173913046,
Input: 5750000,
Cold Start: false
Unique ID: 93c67060-7013-4c29-8519-d000774a4645,
Billed Duration for Request 93c67060-7013-4c29-8519-d000774a4645: 597 ms
Pi: 3.141112347826087,
Input: 5750000,
Cold Start: false
Unique ID: d6fb2e21-48e8-404b-ba0d-f9d2cd9f986e,
Billed Duration for Request d6fb2e21-48e8-404b-ba0d-f9d2cd9f986e: 614 ms
Pi: 3.1407798260869564,
Input: 5750000,
Cold Start: false
Unique ID: be933e01-3c44-40a3-9088-c814091beb23,
Billed Duration for Request be933e01-3c44-40a3-9088-c814091beb23: 612 ms
Pi: 3.141723130434783,
Input: 5750000,
Cold Start: false
Unique ID: dcc32047-aa49-4ba5-8b5a-c9fc13ecacf3,
Billed Duration for Request dcc32047-aa49-4ba5-8b5a-c9fc13ecacf3: 591 ms
Pi: 3.141584695652174,
Input: 5750000,
Cold Start: false
Unique ID: dc47843e-5764-476c-8022-9db37dd7c4b8,
Billed Duration for Request dc47843e-5764-476c-8022-9db37dd7c4b8: 591 ms
Pi: 3.1431179130434783,
Input: 5750000,
Cold Start: false
Unique ID: b32158e7-323a-4275-95bc-565ccce8f463,
Billed Duration for Request b32158e7-323a-4275-95bc-565ccce8f463: 614 ms
Pi: 3.140429217391304,
Input: 5750000,
Cold Start: false
Unique ID: 32906769-cd23-4693-8bdd-a063a029c8fc,
Billed Duration for Request 32906769-cd23-4693-8bdd-a063a029c8fc: 589 ms
Pi: 3.141088,
Input: 5750000,
Cold Start: false
Unique ID: 47902d3f-0aa6-4d10-b678-0b8229f8840a,
Billed Duration for Request 47902d3f-0aa6-4d10-b678-0b8229f8840a: 585 ms
Pi: 3.1418177391304347,
Input: 5750000,
Cold Start: false
Unique ID: 755d1626-2d41-431c-b2f7-3bf2644e719f,
Billed Duration for Request 755d1626-2d41-431c-b2f7-3bf2644e719f: 610 ms
Pi: 3.142193391304348,
Input: 5750000,
Cold Start: false
Unique ID: 2b554d4a-ca5a-4498-a207-3223f9db60da,
Billed Duration for Request 2b554d4a-ca5a-4498-a207-3223f9db60da: 607 ms
Pi: 3.1419478260869567,
Input: 5750000,
Cold Start: false
Unique ID: 15d5388a-44e2-4abb-bd4b-3535f4cddacc,
Billed Duration for Request 15d5388a-44e2-4abb-bd4b-3535f4cddacc: 618 ms
Pi: 3.1426991304347824,
Input: 5750000,
Cold Start: false
Unique ID: fa4c02b3-e2f2-439d-903a-8cfee78a1408,
Billed Duration for Request fa4c02b3-e2f2-439d-903a-8cfee78a1408: 591 ms
Pi: 3.142287304347826,
Input: 5750000,
Cold Start: false
Unique ID: 782ce471-941c-4dd9-9ea8-13fb57aa5e4d,
Billed Duration for Request 782ce471-941c-4dd9-9ea8-13fb57aa5e4d: 609 ms
Pi: 3.1411394782608695,
Input: 5750000,
Cold Start: false
Unique ID: 3cebc94a-ce8d-4009-82a3-bccb3ec049f0,
Billed Duration for Request 3cebc94a-ce8d-4009-82a3-bccb3ec049f0: 590 ms
Pi: 3.1413238260869565,
Input: 5750000,
Cold Start: false
Unique ID: 35f1378a-8a72-403e-ba76-60c9ef134739,
Billed Duration for Request 35f1378a-8a72-403e-ba76-60c9ef134739: 576 ms
Pi: 3.1416055652173913,
Input: 5750000,
Cold Start: false
Unique ID: 4d9d6da1-e965-4ea0-a341-fcf6091efbe2,
Billed Duration for Request 4d9d6da1-e965-4ea0-a341-fcf6091efbe2: 616 ms
Pi: 3.1420361739130436,
Input: 5750000,
Cold Start: false
Unique ID: 2e4bd6d7-708c-4295-bd2f-407eef4fe85c,
Billed Duration for Request 2e4bd6d7-708c-4295-bd2f-407eef4fe85c: 612 ms
Pi: 3.141734260869565,
Input: 5750000,
Cold Start: false
Unique ID: a0ab3cdd-44b9-4a5b-b84a-dab7bfdb8ce0,
Billed Duration for Request a0ab3cdd-44b9-4a5b-b84a-dab7bfdb8ce0: 593 ms
Pi: 3.140329043478261,
Input: 5750000,
Cold Start: false
Unique ID: 9a5fcfe1-718e-4b57-9c8f-d37f6c5c5181,
Billed Duration for Request 9a5fcfe1-718e-4b57-9c8f-d37f6c5c5181: 612 ms
Pi: 3.1424111304347826,
Input: 5750000,
Cold Start: false
Unique ID: 14ee2ff3-d904-466e-b3a3-f0a91d61bfef,
Billed Duration for Request 14ee2ff3-d904-466e-b3a3-f0a91d61bfef: 616 ms
Pi: 3.141734956521739,
Input: 5750000,
Cold Start: false
Unique ID: 127ce650-2e36-475e-a858-af46abfd2283,
Billed Duration for Request 127ce650-2e36-475e-a858-af46abfd2283: 592 ms
Pi: 3.141936,
Input: 5750000,
Cold Start: false
Unique ID: 4958fc7c-4f41-45b0-a882-b7e4feba7af6,
Billed Duration for Request 4958fc7c-4f41-45b0-a882-b7e4feba7af6: 593 ms
Pi: 3.1415798260869567,
Input: 5750000,
Cold Start: false
Unique ID: 006dd28d-9fb8-4c68-a612-0a6fd995fd07,
Billed Duration for Request 006dd28d-9fb8-4c68-a612-0a6fd995fd07: 614 ms
Pi: 3.1427220869565216,
Input: 5750000,
Cold Start: false
Unique ID: 5dd4ec0b-0359-48a4-a3b2-ab9df9ed7214,
Billed Duration for Request 5dd4ec0b-0359-48a4-a3b2-ab9df9ed7214: 629 ms
Pi: 3.1420375652173913,
Input: 5750000,
Cold Start: false
Unique ID: 6c3a028d-c780-4b70-89d5-f3b2966f1607,
Billed Duration for Request 6c3a028d-c780-4b70-89d5-f3b2966f1607: 593 ms
Pi: 3.142143304347826,
Input: 5750000,
Cold Start: false
Unique ID: 318703c2-f13f-455f-bc61-627ff1c00707,
Billed Duration for Request 318703c2-f13f-455f-bc61-627ff1c00707: 594 ms
Pi: 3.141734956521739,
Input: 5750000,
Cold Start: false
Unique ID: 39319397-595d-444e-8204-30a291da387a,
Billed Duration for Request 39319397-595d-444e-8204-30a291da387a: 615 ms
Pi: 3.1418205217391306,
Input: 5750000,
Cold Start: false
Unique ID: 671172e4-f950-4739-9aac-d49d5e80fc95,
Billed Duration for Request 671172e4-f950-4739-9aac-d49d5e80fc95: 594 ms
Pi: 3.1403318260869564,
Input: 5750000,
Cold Start: false
Unique ID: b25ce955-73f7-413e-a4b6-5d8380043590,
Billed Duration for Request b25ce955-73f7-413e-a4b6-5d8380043590: 590 ms
Pi: 3.143430956521739,
Input: 5750000,
Cold Start: false
Unique ID: 69123093-4dbd-4c35-8955-1704f9b228fd,
Billed Duration for Request 69123093-4dbd-4c35-8955-1704f9b228fd: 610 ms
Pi: 3.141022608695652,
Input: 5750000,
Cold Start: false
Unique ID: 03381ef4-6960-4e9a-8482-5fff39e1004c,
Billed Duration for Request 03381ef4-6960-4e9a-8482-5fff39e1004c: 598 ms
Pi: 3.141240347826087,
Input: 5750000,
Cold Start: false
Unique ID: 21c69a47-c0ca-4601-9673-33b53cf490a7,
Billed Duration for Request 21c69a47-c0ca-4601-9673-33b53cf490a7: 607 ms
Pi: 3.1416855652173914,
Input: 5750000,
Cold Start: false
Unique ID: a87230e2-aaf0-4d4c-ab66-ab8ab7eadf88,
Billed Duration for Request a87230e2-aaf0-4d4c-ab66-ab8ab7eadf88: 620 ms
Pi: 3.1419081739130434,
Input: 5750000,
Cold Start: false
Unique ID: 5457dc99-d515-42d1-94ee-09bbdb970b1e,
Billed Duration for Request 5457dc99-d515-42d1-94ee-09bbdb970b1e: 610 ms
Pi: 3.140662956521739,
Input: 5750000,
Cold Start: false
Unique ID: fecad600-6f5d-4720-ad65-4fe102d78e17,
Billed Duration for Request fecad600-6f5d-4720-ad65-4fe102d78e17: 589 ms
Pi: 3.141265391304348,
Input: 5750000,
Cold Start: false
Unique ID: a6cc47ce-7b2c-4a2f-a7f3-e03242a1962e,
Billed Duration for Request a6cc47ce-7b2c-4a2f-a7f3-e03242a1962e: 594 ms
Pi: 3.140871652173913,
Input: 5750000,
Cold Start: false
