Unique ID: a6c3a97def6d7e5fdaf9f35a7023691a,
Execution Time for Trace ID a6c3a97def6d7e5fdaf9f35a7023691a: 407 ms
Input: 5250000,
Cold Start: false
Unique ID: 889ab5d7f78089d5b87a781572c206be,
Execution Time for Trace ID 889ab5d7f78089d5b87a781572c206be: 425 ms
Input: 5250000,
Cold Start: false
Unique ID: 6bbe4846226687c14d61375c8771e3af,
Execution Time for Trace ID 6bbe4846226687c14d61375c8771e3af: 403 ms
Input: 5250000,
Cold Start: false
Unique ID: 1e8a13a85e67667c23206b8c23a1e263,
Execution Time for Trace ID 1e8a13a85e67667c23206b8c23a1e263: 345 ms
Input: 5250000,
Cold Start: false
Unique ID: f72255d5baaa200c116b872ae26188b8,
Execution Time for Trace ID f72255d5baaa200c116b872ae26188b8: 346 ms
Input: 5250000,
Cold Start: false
Unique ID: dfe5a6ba07faa68587d5f5f50cdecd21,
Execution Time for Trace ID dfe5a6ba07faa68587d5f5f50cdecd21: 354 ms
Input: 5250000,
Cold Start: false
Unique ID: 141b8e40c40ca199904e35ab6cc2b620,
Execution Time for Trace ID 141b8e40c40ca199904e35ab6cc2b620: 360 ms
Input: 5250000,
Cold Start: false
Unique ID: d585ef4340dccaf2d03f0bfaf5f2f230,
Execution Time for Trace ID d585ef4340dccaf2d03f0bfaf5f2f230: 349 ms
Input: 5250000,
Cold Start: false
Unique ID: f1e7868cee395ed06086e2d1f5f63a23,
Execution Time for Trace ID f1e7868cee395ed06086e2d1f5f63a23: 359 ms
Input: 5250000,
Cold Start: false
Unique ID: a4a0effa443fdb46bf8dd24f8e7acd87,
Execution Time for Trace ID a4a0effa443fdb46bf8dd24f8e7acd87: 366 ms
Input: 5250000,
Cold Start: false
Unique ID: 7ca65617cb8e483551c87b770cb52c5a,
Execution Time for Trace ID 7ca65617cb8e483551c87b770cb52c5a: 372 ms
Input: 5250000,
Cold Start: false
Unique ID: 168889b8cb94cd3a64b57e0bfc9488e8,
Execution Time for Trace ID 168889b8cb94cd3a64b57e0bfc9488e8: 379 ms
Input: 5250000,
Cold Start: false
Unique ID: 9c0fee7c9b604ba403e8f6e7848e413c,
Execution Time for Trace ID 9c0fee7c9b604ba403e8f6e7848e413c: 372 ms
Input: 5250000,
Cold Start: false
Unique ID: 8f9b6e21ea2323c55391365d5ebbdb3e,
Execution Time for Trace ID 8f9b6e21ea2323c55391365d5ebbdb3e: 374 ms
Input: 5250000,
Cold Start: false
Unique ID: 38fe12bdae326f76aa4017d799bc3501,
Execution Time for Trace ID 38fe12bdae326f76aa4017d799bc3501: 367 ms
Input: 5250000,
Cold Start: false
Unique ID: e64f91acfd59a4a5b465734494021688,
Execution Time for Trace ID e64f91acfd59a4a5b465734494021688: 374 ms
Input: 5250000,
Cold Start: false
Unique ID: 66318ba2a4f9a0a21c54a894e0900efe,
Execution Time for Trace ID 66318ba2a4f9a0a21c54a894e0900efe: 383 ms
Input: 5250000,
Cold Start: false
Unique ID: 1d243621735fcb4e2b5c61e0855db4ac,
Execution Time for Trace ID 1d243621735fcb4e2b5c61e0855db4ac: 374 ms
Input: 5250000,
Cold Start: false
Unique ID: dd071d13c196060585b4dcc8c4cb6856,
Execution Time for Trace ID dd071d13c196060585b4dcc8c4cb6856: 444 ms
Input: 5250000,
Cold Start: false
Unique ID: 865d8a9c62aee63ad64d523bec25c988,
Execution Time for Trace ID 865d8a9c62aee63ad64d523bec25c988: 380 ms
Input: 5250000,
Cold Start: false
Unique ID: 6dc887be3287b9f7443dd735c755f372,
Execution Time for Trace ID 6dc887be3287b9f7443dd735c755f372: 425 ms
Input: 5250000,
Cold Start: false
Unique ID: b7fbed6e9dc8894c900fd8c1d1699c65,
Execution Time for Trace ID b7fbed6e9dc8894c900fd8c1d1699c65: 288 ms
Input: 5250000,
Cold Start: false
Unique ID: e2923c48d52bc67b486b7f0b57c4749a,
Execution Time for Trace ID e2923c48d52bc67b486b7f0b57c4749a: 356 ms
Input: 5250000,
Cold Start: false
Unique ID: 333333cbe6bf674a3e8a3a06bbb6935d,
Execution Time for Trace ID 333333cbe6bf674a3e8a3a06bbb6935d: 344 ms
Input: 5250000,
Cold Start: false
Unique ID: db2b5d9ba671f41d3f76d3238fff305a,
Execution Time for Trace ID db2b5d9ba671f41d3f76d3238fff305a: 363 ms
Input: 5250000,
Cold Start: false
Unique ID: 103dbc0ae89412aa3660b911fbbfa150,
Execution Time for Trace ID 103dbc0ae89412aa3660b911fbbfa150: 347 ms
Input: 5250000,
Cold Start: false
Unique ID: 48e0844939a99942166cb1ac15d3279f,
Execution Time for Trace ID 48e0844939a99942166cb1ac15d3279f: 361 ms
Input: 5250000,
Cold Start: false
Unique ID: f263e9e26af84a064d670a8cd949ad8e,
Execution Time for Trace ID f263e9e26af84a064d670a8cd949ad8e: 346 ms
Input: 5250000,
Cold Start: false
Unique ID: 4a3014084c0d69f2f57e29d3e0b64675,
Execution Time for Trace ID 4a3014084c0d69f2f57e29d3e0b64675: 339 ms
Input: 5250000,
Cold Start: false
Unique ID: ef803d65b771beef4bd095d9f21b2582,
Execution Time for Trace ID ef803d65b771beef4bd095d9f21b2582: 335 ms
Input: 5250000,
Cold Start: false
Unique ID: 123f4b2252920b838f1613bcf0c7eb97,
Execution Time for Trace ID 123f4b2252920b838f1613bcf0c7eb97: 340 ms
Input: 5250000,
Cold Start: false
Unique ID: 1b85fe747e29c86b7f62e1638f745963,
Execution Time for Trace ID 1b85fe747e29c86b7f62e1638f745963: 404 ms
Input: 5250000,
Cold Start: false
Unique ID: 9f540cd6866882faaa652f2656ef8075,
Execution Time for Trace ID 9f540cd6866882faaa652f2656ef8075: 350 ms
Input: 5250000,
Cold Start: false
Unique ID: 1d599d667cb3f4566ca583b4e725fe56,
Execution Time for Trace ID 1d599d667cb3f4566ca583b4e725fe56: 427 ms
Input: 5250000,
Cold Start: false
Unique ID: 4db2c93847e75e23e9141a632f28d5c5,
Execution Time for Trace ID 4db2c93847e75e23e9141a632f28d5c5: 390 ms
Input: 5250000,
Cold Start: false
Unique ID: 1ee5bd812ec0f788c2258f6d3904b33d,
Execution Time for Trace ID 1ee5bd812ec0f788c2258f6d3904b33d: 350 ms
Input: 5250000,
Cold Start: false
Unique ID: 41e4f01afcf1200a773f7b28667644c6,
Execution Time for Trace ID 41e4f01afcf1200a773f7b28667644c6: 386 ms
Input: 5250000,
Cold Start: false
Unique ID: 3a68bd8c8c5ae91e4c80e95e01e59be9,
Execution Time for Trace ID 3a68bd8c8c5ae91e4c80e95e01e59be9: 354 ms
Input: 5250000,
Cold Start: false
Unique ID: b453637e30b1834dc3f40405c9cfd4b8,
Execution Time for Trace ID b453637e30b1834dc3f40405c9cfd4b8: 394 ms
Input: 5250000,
Cold Start: false
Unique ID: 8224b93d5a85c5be41cc41004f6eac98,
Execution Time for Trace ID 8224b93d5a85c5be41cc41004f6eac98: 362 ms
Input: 5250000,
Cold Start: false
Unique ID: e81266b38ed919d4c0c9ce7b5c534aa7,
Execution Time for Trace ID e81266b38ed919d4c0c9ce7b5c534aa7: 386 ms
Input: 5250000,
Cold Start: false
Unique ID: 6d4c1880415157c5593324e7bab195b7,
Execution Time for Trace ID 6d4c1880415157c5593324e7bab195b7: 371 ms
Input: 5250000,
Cold Start: false
Unique ID: 6e14530b9182851682fec36612684de7,
Execution Time for Trace ID 6e14530b9182851682fec36612684de7: 392 ms
Input: 5250000,
Cold Start: false
Unique ID: 6c0c22bbf0e20d8314d3d641b24eb2ad,
Execution Time for Trace ID 6c0c22bbf0e20d8314d3d641b24eb2ad: 367 ms
Input: 5250000,
Cold Start: false
Unique ID: 2fdbadd63a2fcad65b7edb39fc0129a5,
Execution Time for Trace ID 2fdbadd63a2fcad65b7edb39fc0129a5: 391 ms
Input: 5250000,
Cold Start: false
Unique ID: ad34bcac0706e509a3aa84fee7c30bd6,
Execution Time for Trace ID ad34bcac0706e509a3aa84fee7c30bd6: 373 ms
Input: 5250000,
Cold Start: false
Unique ID: d370c02f8d7092623750497aed338942,
Execution Time for Trace ID d370c02f8d7092623750497aed338942: 396 ms
Input: 5250000,
Cold Start: false
Unique ID: 711b86763535565b491dcb49b68e849c,
Execution Time for Trace ID 711b86763535565b491dcb49b68e849c: 381 ms
Input: 5250000,
Cold Start: false
Unique ID: c78f991073d7c9f13035c0deef1ac533,
Execution Time for Trace ID c78f991073d7c9f13035c0deef1ac533: Not Found
Input: 5250000,
Cold Start: false
Unique ID: 6ac9473083a59b814e4490a72b95eaca,
Execution Time for Trace ID 6ac9473083a59b814e4490a72b95eaca: 380 ms
Input: 5250000,
Cold Start: false
Unique ID: 3b100190ad3d1959c3b1aade09847cb6,
Execution Time for Trace ID 3b100190ad3d1959c3b1aade09847cb6: 399 ms
Input: 5250000,
Cold Start: false
Unique ID: b390adb92b664c46a79f0be410b4bc93,
Execution Time for Trace ID b390adb92b664c46a79f0be410b4bc93: 446 ms
Input: 5250000,
Cold Start: false
Unique ID: 72a70a83511fdef4e2c72fdca24fd4cf,
Execution Time for Trace ID 72a70a83511fdef4e2c72fdca24fd4cf: 457 ms
Input: 5250000,
Cold Start: false
Unique ID: 519f6f95e5f8d318d69a1845716e57b6,
Execution Time for Trace ID 519f6f95e5f8d318d69a1845716e57b6: 415 ms
Input: 5250000,
Cold Start: false
Unique ID: f1d3ffa14d41344a143f3455bd076e1b,
Execution Time for Trace ID f1d3ffa14d41344a143f3455bd076e1b: 348 ms
Input: 5250000,
Cold Start: false
Unique ID: b9107d31fa175190c4a3e2d86cdfb935,
Execution Time for Trace ID b9107d31fa175190c4a3e2d86cdfb935: 288 ms
Input: 5250000,
Cold Start: false
Unique ID: 15698d0781e8a9fb71dd51c416fc3e65,
Execution Time for Trace ID 15698d0781e8a9fb71dd51c416fc3e65: 358 ms
Input: 5250000,
Cold Start: false
Unique ID: 2aae7f582cc88e2f2122b0c56b3c1ddd,
Execution Time for Trace ID 2aae7f582cc88e2f2122b0c56b3c1ddd: 299 ms
Input: 5250000,
Cold Start: false
Unique ID: 9d6a0025ab8963e0859bef20de36dd37,
Execution Time for Trace ID 9d6a0025ab8963e0859bef20de36dd37: 360 ms
Input: 5250000,
Cold Start: false
Unique ID: 8f3fb253f610f68eef272206e2393641,
Execution Time for Trace ID 8f3fb253f610f68eef272206e2393641: 361 ms
Input: 5250000,
Cold Start: false
Unique ID: 5de1aa2855231dd40d170081da1d2120,
Execution Time for Trace ID 5de1aa2855231dd40d170081da1d2120: 361 ms
Input: 5250000,
Cold Start: false
Unique ID: 4b4352ae82fcb16c28b8d0194c89b5b2,
Execution Time for Trace ID 4b4352ae82fcb16c28b8d0194c89b5b2: 360 ms
Input: 5250000,
Cold Start: false
Unique ID: 703ef5c169104498f8365ec91c1114a3,
Execution Time for Trace ID 703ef5c169104498f8365ec91c1114a3: 366 ms
Input: 5250000,
Cold Start: false
Unique ID: 574dbc8b04b8d1d55ea455489f3fd922,
Execution Time for Trace ID 574dbc8b04b8d1d55ea455489f3fd922: 363 ms
Input: 5250000,
Cold Start: false
Unique ID: a61ed4eb7e8c7b2a143330ea5f3ff0cb,
Execution Time for Trace ID a61ed4eb7e8c7b2a143330ea5f3ff0cb: 372 ms
Input: 5250000,
Cold Start: false
Unique ID: 9afd51be1ab0021591cd8775554906df,
Execution Time for Trace ID 9afd51be1ab0021591cd8775554906df: 367 ms
Input: 5250000,
Cold Start: false
Unique ID: 9edb60cc42736434358832d42d282b85,
Execution Time for Trace ID 9edb60cc42736434358832d42d282b85: 381 ms
Input: 5250000,
Cold Start: false
Unique ID: 88af0896daed1008550a3ba49366feb5,
Execution Time for Trace ID 88af0896daed1008550a3ba49366feb5: 366 ms
Input: 5250000,
Cold Start: false
Unique ID: 682f6641f9894501058485205ad539c3,
Execution Time for Trace ID 682f6641f9894501058485205ad539c3: 383 ms
Input: 5250000,
Cold Start: false
Unique ID: 406b5daa7630c2fe6b7f6f453f9c5029,
Execution Time for Trace ID 406b5daa7630c2fe6b7f6f453f9c5029: 371 ms
Input: 5250000,
Cold Start: false
Unique ID: 783566b0438d428f98d6dd13d0f4fa73,
Execution Time for Trace ID 783566b0438d428f98d6dd13d0f4fa73: 438 ms
Input: 5250000,
Cold Start: false
Unique ID: 32b9b766129daa103f34a9923339af66,
Execution Time for Trace ID 32b9b766129daa103f34a9923339af66: 374 ms
Input: 5250000,
Cold Start: false
Unique ID: 0cc9844aaba784d26993c5979aed9608,
Execution Time for Trace ID 0cc9844aaba784d26993c5979aed9608: 359 ms
Input: 5250000,
Cold Start: false
Unique ID: 13e61f4c9a80f1e542c22ffadf1dcdda,
Execution Time for Trace ID 13e61f4c9a80f1e542c22ffadf1dcdda: 344 ms
Input: 5250000,
Cold Start: false
Unique ID: 1c892734f22510b2b69ffe5f503f5d18,
Execution Time for Trace ID 1c892734f22510b2b69ffe5f503f5d18: 350 ms
Input: 5250000,
Cold Start: false
Unique ID: 7002e6486a84d0dad787f8dc8b440d52,
Execution Time for Trace ID 7002e6486a84d0dad787f8dc8b440d52: 342 ms
Input: 5250000,
Cold Start: false
Unique ID: db347dda22e955003a635d1935c112ae,
Execution Time for Trace ID db347dda22e955003a635d1935c112ae: 352 ms
Input: 5250000,
Cold Start: false
Unique ID: ff262e1559b973c75eb228ba26444a22,
Execution Time for Trace ID ff262e1559b973c75eb228ba26444a22: 349 ms
Input: 5250000,
Cold Start: false
Unique ID: 3e792994fcae154e9f62bf2ea03f87e4,
Execution Time for Trace ID 3e792994fcae154e9f62bf2ea03f87e4: 355 ms
Input: 5250000,
Cold Start: false
Unique ID: 186bb3c17437ed689875cd379fdcde2a,
Execution Time for Trace ID 186bb3c17437ed689875cd379fdcde2a: Not Found
Input: 5250000,
Cold Start: false
Unique ID: 6de53e9c0b9b90ec584d9ce0d8bbf262,
Execution Time for Trace ID 6de53e9c0b9b90ec584d9ce0d8bbf262: 360 ms
Input: 5250000,
Cold Start: false
Unique ID: 4cf562e3787927121230e5c9f16f7aec,
Execution Time for Trace ID 4cf562e3787927121230e5c9f16f7aec: 354 ms
Input: 5250000,
Cold Start: false
Unique ID: de341efaaa37fbfc696ccf95b5334da7,
Execution Time for Trace ID de341efaaa37fbfc696ccf95b5334da7: 365 ms
Input: 5250000,
Cold Start: false
Unique ID: 5537d7ae6ea614e923599ec53388d184,
Execution Time for Trace ID 5537d7ae6ea614e923599ec53388d184: 356 ms
Input: 5250000,
Cold Start: false
Unique ID: 307a3bf71f8e55a311e0c85394801e28,
Execution Time for Trace ID 307a3bf71f8e55a311e0c85394801e28: 360 ms
Input: 5250000,
Cold Start: false
Unique ID: 7461a40bdedd358bfdc3957de68b1b4e,
Execution Time for Trace ID 7461a40bdedd358bfdc3957de68b1b4e: 356 ms
Input: 5250000,
Cold Start: false
Unique ID: 1b4e7fda4d823fe28d5d4b61ad5d03fe,
Execution Time for Trace ID 1b4e7fda4d823fe28d5d4b61ad5d03fe: 362 ms
Input: 5250000,
Cold Start: false
Unique ID: 4bc9c9e790a8bd9734de320c1c8cf901,
Execution Time for Trace ID 4bc9c9e790a8bd9734de320c1c8cf901: 362 ms
Input: 5250000,
Cold Start: false
Unique ID: 1f060a47161bd16c3e78e57d16f2c400,
Execution Time for Trace ID 1f060a47161bd16c3e78e57d16f2c400: 357 ms
Input: 5250000,
Cold Start: false
Unique ID: 1e89a1cb493a760e9da89f4bdd32fb0b,
Execution Time for Trace ID 1e89a1cb493a760e9da89f4bdd32fb0b: 368 ms
Input: 5250000,
Cold Start: false
Unique ID: 372b17cf057cb9caad625a341a29db1b,
Execution Time for Trace ID 372b17cf057cb9caad625a341a29db1b: 370 ms
Input: 5250000,
Cold Start: false
Unique ID: 85473071b8a32db84dc57b4eec24b8bf,
Execution Time for Trace ID 85473071b8a32db84dc57b4eec24b8bf: 363 ms
Input: 5250000,
Cold Start: false
Unique ID: 183e799ddf6644fd2f69ee0e022cfa65,
Execution Time for Trace ID 183e799ddf6644fd2f69ee0e022cfa65: 370 ms
Input: 5250000,
Cold Start: false
Unique ID: ede4e3f3de3d892139ce374df02d3b86,
Execution Time for Trace ID ede4e3f3de3d892139ce374df02d3b86: 369 ms
Input: 5250000,
Cold Start: false
Unique ID: 7412ed9f455efae2823947c809ca5d7c,
Execution Time for Trace ID 7412ed9f455efae2823947c809ca5d7c: 374 ms
Input: 5250000,
Cold Start: false
Unique ID: 7e048e7bc6cf95451931f6dd0f068661,
Execution Time for Trace ID 7e048e7bc6cf95451931f6dd0f068661: 380 ms
Input: 5250000,
Cold Start: false
Unique ID: e5eb236a78c08438a041c6d1a0b654f9,
Execution Time for Trace ID e5eb236a78c08438a041c6d1a0b654f9: 376 ms
Input: 5250000,
Cold Start: false
Unique ID: 21a0a0d5ead7d3bb33f6d99939f4af61,
Execution Time for Trace ID 21a0a0d5ead7d3bb33f6d99939f4af61: 380 ms
Input: 5250000,
Cold Start: false
Unique ID: a9ee44e450458e19b7f1725bd89cc378,
Execution Time for Trace ID a9ee44e450458e19b7f1725bd89cc378: 380 ms
Input: 5250000,
Cold Start: false
Unique ID: d0bb6f7cd62a60a37f83ee70be257923,
Execution Time for Trace ID d0bb6f7cd62a60a37f83ee70be257923: 389 ms
Input: 5250000,
Cold Start: false
Unique ID: 5b5d0439f32d827b9feb7f1363743f4d,
Execution Time for Trace ID 5b5d0439f32d827b9feb7f1363743f4d: 387 ms
Input: 5250000,
Cold Start: false
Unique ID: 382779dec4352a2a5beccabcae391540,
Execution Time for Trace ID 382779dec4352a2a5beccabcae391540: 452 ms
Input: 5250000,
Cold Start: false
Unique ID: 90d971602234fb374bb8783753210abe,
Execution Time for Trace ID 90d971602234fb374bb8783753210abe: 393 ms
Input: 5250000,
Cold Start: false
Unique ID: 9e85ccd15168c8721771fcf44982e23f,
Execution Time for Trace ID 9e85ccd15168c8721771fcf44982e23f: Not Found
Input: 5250000,
Cold Start: false
Unique ID: db307f82b410e3958f4e5feeb5759324,
Execution Time for Trace ID db307f82b410e3958f4e5feeb5759324: 386 ms
Input: 5250000,
Cold Start: false
Unique ID: ac4ae7e8ab43f7d0acbca294931dfec1,
Execution Time for Trace ID ac4ae7e8ab43f7d0acbca294931dfec1: 344 ms
Input: 5250000,
Cold Start: false
Unique ID: 417278feb89c056c54b40835c0cc0274,
Execution Time for Trace ID 417278feb89c056c54b40835c0cc0274: 397 ms
Input: 5250000,
Cold Start: false
Unique ID: ea01902de82bb4d2e1e84aef80ad92ed,
Execution Time for Trace ID ea01902de82bb4d2e1e84aef80ad92ed: 371 ms
Input: 5250000,
Cold Start: false
Unique ID: 66d585594c9d56c9a0d6f7d449ba6767,
Execution Time for Trace ID 66d585594c9d56c9a0d6f7d449ba6767: 395 ms
Input: 5250000,
Cold Start: false
Unique ID: 933a35338b70a358a86b6c00dba1f4b2,
Execution Time for Trace ID 933a35338b70a358a86b6c00dba1f4b2: 365 ms
Input: 5250000,
Cold Start: false
Unique ID: 2a5980c2020995e42610e2bf7d21e6cf,
Execution Time for Trace ID 2a5980c2020995e42610e2bf7d21e6cf: 393 ms
Input: 5250000,
Cold Start: false
Unique ID: 7c8fd7a65ffd78871b23ebf485223dfb,
Execution Time for Trace ID 7c8fd7a65ffd78871b23ebf485223dfb: 369 ms
Input: 5250000,
Cold Start: false
Unique ID: f79ffaceabf02547fc1d5ae5cc35ff9d,
Execution Time for Trace ID f79ffaceabf02547fc1d5ae5cc35ff9d: 461 ms
Input: 5250000,
Cold Start: false
Unique ID: 94831906c1070ca9e81819aea23934bf,
Execution Time for Trace ID 94831906c1070ca9e81819aea23934bf: 344 ms
Input: 5250000,
Cold Start: false
Unique ID: 200b5b5890c107e0ad227599473720fe,
Execution Time for Trace ID 200b5b5890c107e0ad227599473720fe: 361 ms
Input: 5250000,
Cold Start: false
Unique ID: c2bbd49e706b0de4ca5525d710868038,
Execution Time for Trace ID c2bbd49e706b0de4ca5525d710868038: 301 ms
Input: 5250000,
Cold Start: false
Unique ID: 0fc695c063e9c43436a4dc4b35c5c3a9,
Execution Time for Trace ID 0fc695c063e9c43436a4dc4b35c5c3a9: 285 ms
Input: 5250000,
Cold Start: false
Unique ID: 290c509fe1ff471311f3ab5887da7a44,
Execution Time for Trace ID 290c509fe1ff471311f3ab5887da7a44: 294 ms
Input: 5250000,
Cold Start: false
Unique ID: c6bf33a2ed7f33315b6e58df53bb24c5,
Execution Time for Trace ID c6bf33a2ed7f33315b6e58df53bb24c5: 340 ms
Input: 5250000,
Cold Start: false
Unique ID: a26d6c2fa36954ffaaea467f007f8d31,
Execution Time for Trace ID a26d6c2fa36954ffaaea467f007f8d31: 302 ms
Input: 5250000,
Cold Start: false
Unique ID: d2ef861725c2e489fe5e85aa6a31785b,
Execution Time for Trace ID d2ef861725c2e489fe5e85aa6a31785b: 357 ms
Input: 5250000,
Cold Start: false
Unique ID: bb3e957981b1195a8d4ffe670508c537,
Execution Time for Trace ID bb3e957981b1195a8d4ffe670508c537: 304 ms
Input: 5250000,
Cold Start: false
Unique ID: 8f6e335f99b7f1275c89af16ea3e84f8,
Execution Time for Trace ID 8f6e335f99b7f1275c89af16ea3e84f8: 359 ms
Input: 5250000,
Cold Start: false
Unique ID: b9ef77be91e6d65906d6c6bd16ec9292,
Execution Time for Trace ID b9ef77be91e6d65906d6c6bd16ec9292: 358 ms
Input: 5250000,
Cold Start: false
Unique ID: a6f5f4b7764474d5a31860b0f329d1f3,
Execution Time for Trace ID a6f5f4b7764474d5a31860b0f329d1f3: 354 ms
Input: 5250000,
Cold Start: false
Unique ID: 0d17c08f2c54642b9cad95e9b63aa7e4,
Execution Time for Trace ID 0d17c08f2c54642b9cad95e9b63aa7e4: 358 ms
Input: 5250000,
Cold Start: false
Unique ID: 6d80362171ef7c233544cf6d47ee09b6,
Execution Time for Trace ID 6d80362171ef7c233544cf6d47ee09b6: Not Found
Input: 5250000,
Cold Start: false
Unique ID: 3a3f6cc3dc3ee631dd9f22fa786ee7e4,
Execution Time for Trace ID 3a3f6cc3dc3ee631dd9f22fa786ee7e4: 354 ms
Input: 5250000,
Cold Start: false
Unique ID: 5df10998c0ad5c92821ab1699eaff57a,
Execution Time for Trace ID 5df10998c0ad5c92821ab1699eaff57a: 358 ms
Input: 5250000,
Cold Start: false
Unique ID: 9ae38121e993c576ba8679af45bd333b,
Execution Time for Trace ID 9ae38121e993c576ba8679af45bd333b: 353 ms
Input: 5250000,
Cold Start: false
Unique ID: eed415aa14050e78cdedad7d95d4f090,
Execution Time for Trace ID eed415aa14050e78cdedad7d95d4f090: 362 ms
Input: 5250000,
Cold Start: false
Unique ID: 7b69edb532f985f13f24379d373fbbc9,
Execution Time for Trace ID 7b69edb532f985f13f24379d373fbbc9: 358 ms
Input: 5250000,
Cold Start: false
Unique ID: 3019a15e61697e71321139a154c7bc0c,
Execution Time for Trace ID 3019a15e61697e71321139a154c7bc0c: 361 ms
Input: 5250000,
Cold Start: false
Unique ID: 6a79aff3477d7ef80793bb4f17c0980d,
Execution Time for Trace ID 6a79aff3477d7ef80793bb4f17c0980d: 368 ms
Input: 5250000,
Cold Start: false
Unique ID: ead090a525dacae7b299a6c6901d6946,
Execution Time for Trace ID ead090a525dacae7b299a6c6901d6946: 366 ms
Input: 5250000,
Cold Start: false
Unique ID: a11e42d76b1d5de2644d6e4ec2423afe,
Execution Time for Trace ID a11e42d76b1d5de2644d6e4ec2423afe: 370 ms
Input: 5250000,
Cold Start: false
Unique ID: 8b9441e2d3d2d20b0a359428c5fd416d,
Execution Time for Trace ID 8b9441e2d3d2d20b0a359428c5fd416d: 370 ms
Input: 5250000,
Cold Start: false
Unique ID: c652ed4af444c04b2a1c8a3fbbd5130d,
Execution Time for Trace ID c652ed4af444c04b2a1c8a3fbbd5130d: 377 ms
Input: 5250000,
Cold Start: false
Unique ID: 62cc00f58f881c03422d5e2189dbce98,
Execution Time for Trace ID 62cc00f58f881c03422d5e2189dbce98: 376 ms
Input: 5250000,
Cold Start: false
Unique ID: 37927541d3f4f85eed4d374f48cc3bca,
Execution Time for Trace ID 37927541d3f4f85eed4d374f48cc3bca: 372 ms
Input: 5250000,
Cold Start: false
Unique ID: f0a34e0ac9e93960c56b572c4da8075d,
Execution Time for Trace ID f0a34e0ac9e93960c56b572c4da8075d: 372 ms
Input: 5250000,
Cold Start: false
Unique ID: 7422df35313e527f3011b33e728ad3a2,
Execution Time for Trace ID 7422df35313e527f3011b33e728ad3a2: 387 ms
Input: 5250000,
Cold Start: false
Unique ID: 9c813758da611d6e1917b0c309fc9ef8,
Execution Time for Trace ID 9c813758da611d6e1917b0c309fc9ef8: 377 ms
Input: 5250000,
Cold Start: false
Unique ID: c8c5aeb98c372875230862cb983daaca,
Execution Time for Trace ID c8c5aeb98c372875230862cb983daaca: 382 ms
Input: 5250000,
Cold Start: false
Unique ID: c389ce2413c6e7c102d76b13fadd2383,
Execution Time for Trace ID c389ce2413c6e7c102d76b13fadd2383: 370 ms
Input: 5250000,
Cold Start: false
Unique ID: 1dd9d5d3eaedc07782d83a7db8c89c52,
Execution Time for Trace ID 1dd9d5d3eaedc07782d83a7db8c89c52: 377 ms
Input: 5250000,
Cold Start: false
Unique ID: 25e6f2d51709139c9442fde74a253a50,
Execution Time for Trace ID 25e6f2d51709139c9442fde74a253a50: 380 ms
Input: 5250000,
Cold Start: false
Unique ID: a51c52079128c3f319032bbd101d2bd4,
Execution Time for Trace ID a51c52079128c3f319032bbd101d2bd4: 383 ms
Input: 5250000,
Cold Start: false
Unique ID: 79c11adfc14659e3b38303bdad004103,
Execution Time for Trace ID 79c11adfc14659e3b38303bdad004103: 357 ms
Input: 5250000,
Cold Start: false
Unique ID: 8a1e7e9dd5d677c515fd2d37a93b74c6,
Execution Time for Trace ID 8a1e7e9dd5d677c515fd2d37a93b74c6: 347 ms
Input: 5250000,
Cold Start: false
Unique ID: a0830c459cf7a78e580695aaa065147f,
Execution Time for Trace ID a0830c459cf7a78e580695aaa065147f: 438 ms
Input: 5250000,
Cold Start: false
Unique ID: 21f0bb101114ab5603253a8cdb0764de,
Execution Time for Trace ID 21f0bb101114ab5603253a8cdb0764de: 404 ms
Input: 5250000,
Cold Start: false
Unique ID: e970545bb35b5336dbf6acea8473064e,
Execution Time for Trace ID e970545bb35b5336dbf6acea8473064e: 426 ms
Input: 5250000,
Cold Start: false
Unique ID: 17a621036ba41d33ffe598bd7050d3ef,
Execution Time for Trace ID 17a621036ba41d33ffe598bd7050d3ef: 410 ms
Input: 5250000,
Cold Start: false
Unique ID: 8160392e8a8a74b2aa03be1ae9df0e63,
Execution Time for Trace ID 8160392e8a8a74b2aa03be1ae9df0e63: 385 ms
Input: 5250000,
Cold Start: false
Unique ID: 3f702511fc3d9db9db7cf77111898b22,
Execution Time for Trace ID 3f702511fc3d9db9db7cf77111898b22: 380 ms
Input: 5250000,
Cold Start: false
Unique ID: 796b2abeaa406d6df63b7be248922c49,
Execution Time for Trace ID 796b2abeaa406d6df63b7be248922c49: 350 ms
Input: 5250000,
Cold Start: false
Unique ID: 017e83ec78bd2753c247f967960c3db1,
Execution Time for Trace ID 017e83ec78bd2753c247f967960c3db1: 402 ms
Input: 5250000,
Cold Start: false
Unique ID: 972c68fff6c0487a96a2836278c6c4ed,
Execution Time for Trace ID 972c68fff6c0487a96a2836278c6c4ed: 417 ms
Input: 5250000,
Cold Start: false
Unique ID: 1da6c83f24f8f24829512cc498154b4c,
Execution Time for Trace ID 1da6c83f24f8f24829512cc498154b4c: 386 ms
Input: 5250000,
Cold Start: false
Unique ID: e557f36e71deb7499f6b3853f071ff46,
Execution Time for Trace ID e557f36e71deb7499f6b3853f071ff46: 404 ms
Input: 5250000,
Cold Start: false
Unique ID: 3dcee142efeeaa59673e802ff74b2047,
Execution Time for Trace ID 3dcee142efeeaa59673e802ff74b2047: 347 ms
Input: 5250000,
Cold Start: false
Unique ID: f0b3c00cdbc67d9aa5237712e76f965b,
Execution Time for Trace ID f0b3c00cdbc67d9aa5237712e76f965b: 389 ms
Input: 5250000,
Cold Start: false
Unique ID: 9085937316fab5620725ce547df0310b,
Execution Time for Trace ID 9085937316fab5620725ce547df0310b: 341 ms
Input: 5250000,
Cold Start: false
Unique ID: 48966318e6fc3415ff04f0e09e33c061,
Execution Time for Trace ID 48966318e6fc3415ff04f0e09e33c061: 349 ms
Input: 5250000,
Cold Start: false
Unique ID: 638fe259e968232aa4f1112f02f60de3,
Execution Time for Trace ID 638fe259e968232aa4f1112f02f60de3: 341 ms
Input: 5250000,
Cold Start: false
Unique ID: f8c730aa81145186cfa25cb210ac47e2,
Execution Time for Trace ID f8c730aa81145186cfa25cb210ac47e2: 357 ms
Input: 5250000,
Cold Start: false
Unique ID: 99bf8d221cc279595b2b5fe668b3523c,
Execution Time for Trace ID 99bf8d221cc279595b2b5fe668b3523c: 411 ms
Input: 5250000,
Cold Start: false
Unique ID: 2d295f3900e1515719b1abc0d92bf556,
Execution Time for Trace ID 2d295f3900e1515719b1abc0d92bf556: 360 ms
Input: 5250000,
Cold Start: false
Unique ID: 8bfbab09bf468d236247b4b477dc33fa,
Execution Time for Trace ID 8bfbab09bf468d236247b4b477dc33fa: 393 ms
Input: 5250000,
Cold Start: false
Unique ID: 5d25a14b036024fc5f7ae0260f1b2921,
Execution Time for Trace ID 5d25a14b036024fc5f7ae0260f1b2921: 403 ms
Input: 5250000,
Cold Start: false
Unique ID: 6dc90a254e2620b2196854d0331cac09,
Execution Time for Trace ID 6dc90a254e2620b2196854d0331cac09: 341 ms
Input: 5250000,
Cold Start: false
Unique ID: 99f283078cdb3a3ac3386107113d11a4,
Execution Time for Trace ID 99f283078cdb3a3ac3386107113d11a4: 378 ms
Input: 5250000,
Cold Start: false
Unique ID: 5bd0b495be8148d046179bf8137d90e8,
Execution Time for Trace ID 5bd0b495be8148d046179bf8137d90e8: 344 ms
Input: 5250000,
Cold Start: false
Unique ID: 123ed57f9c4f454943ebab2ccf3176a8,
Execution Time for Trace ID 123ed57f9c4f454943ebab2ccf3176a8: 348 ms
Input: 5250000,
Cold Start: false
Unique ID: bd30c759848403a3919f5b6605f70e0e,
Execution Time for Trace ID bd30c759848403a3919f5b6605f70e0e: 404 ms
Input: 5250000,
Cold Start: false
Unique ID: 5a93773c6fb6a362311bae29e568fd99,
Execution Time for Trace ID 5a93773c6fb6a362311bae29e568fd99: 359 ms
Input: 5250000,
Cold Start: false
Unique ID: 150694b752d01f75513f87b93e429d98,
Execution Time for Trace ID 150694b752d01f75513f87b93e429d98: 382 ms
Input: 5250000,
Cold Start: false
Unique ID: adc8fc199d4d81d9ec96af969e1d3e36,
Execution Time for Trace ID adc8fc199d4d81d9ec96af969e1d3e36: 340 ms
Input: 5250000,
Cold Start: false
Unique ID: c1798b4a6f11cebe2f571c02f2e31347,
Execution Time for Trace ID c1798b4a6f11cebe2f571c02f2e31347: 341 ms
Input: 5250000,
Cold Start: false
Unique ID: 39f9727be2a2832dd281eddfbb243bf1,
Execution Time for Trace ID 39f9727be2a2832dd281eddfbb243bf1: 340 ms
Input: 5250000,
Cold Start: false
Unique ID: 69e7e227880219bc273d6bf565580fea,
Execution Time for Trace ID 69e7e227880219bc273d6bf565580fea: 423 ms
Input: 5250000,
Cold Start: false
Unique ID: b6ec635f9fa19f594c5f7dc88bdd5e7c,
Execution Time for Trace ID b6ec635f9fa19f594c5f7dc88bdd5e7c: 351 ms
Input: 5250000,
Cold Start: false
Unique ID: 732baa4c492bde3efdc191a920deca95,
Execution Time for Trace ID 732baa4c492bde3efdc191a920deca95: 375 ms
Input: 5250000,
Cold Start: false
Unique ID: 8f025a0400fdfca4eae3e77b7683d090,
Execution Time for Trace ID 8f025a0400fdfca4eae3e77b7683d090: 410 ms
Input: 5250000,
Cold Start: false
Unique ID: 78984be7eef5c98f8c772c4638b877b2,
Execution Time for Trace ID 78984be7eef5c98f8c772c4638b877b2: 354 ms
Input: 5250000,
Cold Start: false
Unique ID: f2833d7606c1218f4652aafcb9e97212,
Execution Time for Trace ID f2833d7606c1218f4652aafcb9e97212: 398 ms
Input: 5250000,
Cold Start: false
Unique ID: 557cfcf6b47d0b435f3e741e2bda1348,
Execution Time for Trace ID 557cfcf6b47d0b435f3e741e2bda1348: 362 ms
Input: 5250000,
Cold Start: false
Unique ID: 315c441ada0ebddb5e640965190fe13b,
Execution Time for Trace ID 315c441ada0ebddb5e640965190fe13b: 384 ms
Input: 5250000,
Cold Start: false
Unique ID: a59164a799446af351f2c76f3a009f30,
Execution Time for Trace ID a59164a799446af351f2c76f3a009f30: 424 ms
Input: 5250000,
Cold Start: false
Unique ID: a47ef28704bbe90a1d96b75787a6a2c0,
Execution Time for Trace ID a47ef28704bbe90a1d96b75787a6a2c0: 398 ms
Input: 5250000,
Cold Start: false
Unique ID: 7d83cf2104b3d1778df0f6ebc74f6cef,
Execution Time for Trace ID 7d83cf2104b3d1778df0f6ebc74f6cef: 376 ms
Input: 5250000,
Cold Start: false
Unique ID: a6fbdf69fb6543b3b5251436bb05d877,
Execution Time for Trace ID a6fbdf69fb6543b3b5251436bb05d877: 347 ms
Input: 5250000,
Cold Start: false
Unique ID: dede44104139c4ebe6e79c12791f82a6,
Execution Time for Trace ID dede44104139c4ebe6e79c12791f82a6: 339 ms
Input: 5250000,
Cold Start: false
Unique ID: ef6c915dbc046a42747b333df7ed1e18,
Execution Time for Trace ID ef6c915dbc046a42747b333df7ed1e18: 355 ms
Input: 5250000,
Cold Start: false
Unique ID: 6f80f14764ca218cdfba309bfdab2674,
Execution Time for Trace ID 6f80f14764ca218cdfba309bfdab2674: 399 ms
Input: 5250000,
Cold Start: false
Unique ID: 72f507506c986ca13aaa7a2fc9988a9e,
Execution Time for Trace ID 72f507506c986ca13aaa7a2fc9988a9e: 354 ms
Input: 5250000,
Cold Start: false
Unique ID: c0c5f9d2333270c72f414c7dd73af3b9,
Execution Time for Trace ID c0c5f9d2333270c72f414c7dd73af3b9: 399 ms
Input: 5250000,
Cold Start: false
Unique ID: 53001f18b4684e5de8cfd83d3a67c791,
Execution Time for Trace ID 53001f18b4684e5de8cfd83d3a67c791: 342 ms
Input: 5250000,
Cold Start: false
Unique ID: 0e5c678d1639fc2267c9d272e888fcab,
Execution Time for Trace ID 0e5c678d1639fc2267c9d272e888fcab: 342 ms
Input: 5250000,
Cold Start: false
Unique ID: 12e9f68e845ec63811b4ee1e0d1b6fa8,
Execution Time for Trace ID 12e9f68e845ec63811b4ee1e0d1b6fa8: 348 ms
Input: 5250000,
Cold Start: false
Unique ID: 575ca1759a0913844edae4c3b0aa0b00,
Execution Time for Trace ID 575ca1759a0913844edae4c3b0aa0b00: 344 ms
Input: 5250000,
Cold Start: false
Unique ID: 8a493b4782ad332c6d4d572e3bf48d59,
Execution Time for Trace ID 8a493b4782ad332c6d4d572e3bf48d59: 347 ms
Input: 5250000,
Cold Start: false
Unique ID: 490f951ecb6eb2f2aa23d0dfc8ff05e0,
Execution Time for Trace ID 490f951ecb6eb2f2aa23d0dfc8ff05e0: 345 ms
Input: 5250000,
Cold Start: false
Unique ID: de0417307251d62b9c34f4544b05e92b,
Execution Time for Trace ID de0417307251d62b9c34f4544b05e92b: 405 ms
Input: 5250000,
Cold Start: false
Unique ID: 1dc1ed1ede2c478640b936d12f62dfff,
Execution Time for Trace ID 1dc1ed1ede2c478640b936d12f62dfff: 351 ms
Input: 5250000,
Cold Start: false
Unique ID: 8bf0c7b611c0f038d134819e9bb3edaf,
Execution Time for Trace ID 8bf0c7b611c0f038d134819e9bb3edaf: 394 ms
Input: 5250000,
Cold Start: false
Unique ID: 6845f992fdb583518e7180346ce82360,
Execution Time for Trace ID 6845f992fdb583518e7180346ce82360: 344 ms
Input: 5250000,
Cold Start: false
Unique ID: c540f3ddbce9a35468031380bf69898a,
Execution Time for Trace ID c540f3ddbce9a35468031380bf69898a: 390 ms
Input: 5250000,
Cold Start: false
Unique ID: 01947296e3c5339cde9f8ad757a922fd,
Execution Time for Trace ID 01947296e3c5339cde9f8ad757a922fd: 347 ms
Input: 5250000,
Cold Start: false
Unique ID: bd09c73b166aca8411bf2e8c4e3d4d99,
Execution Time for Trace ID bd09c73b166aca8411bf2e8c4e3d4d99: 344 ms
Input: 5250000,
Cold Start: false
Unique ID: a798895a6f20967710b773032430d7f1,
Execution Time for Trace ID a798895a6f20967710b773032430d7f1: 354 ms
Input: 5250000,
Cold Start: false
Unique ID: af32b333f9f61dec81e77545998f9df2,
Execution Time for Trace ID af32b333f9f61dec81e77545998f9df2: 408 ms
Input: 5250000,
Cold Start: false
Unique ID: 1eb8bb69cecac3a76c611bedba709b14,
Execution Time for Trace ID 1eb8bb69cecac3a76c611bedba709b14: 352 ms
Input: 5250000,
Cold Start: false
Unique ID: bc6eaafcccf741b29d580a23f3eba66d,
Execution Time for Trace ID bc6eaafcccf741b29d580a23f3eba66d: 379 ms
Input: 5250000,
Cold Start: false
Unique ID: ccd838c3e07a4fe0d96c5d10d70ef7c6,
Execution Time for Trace ID ccd838c3e07a4fe0d96c5d10d70ef7c6: 402 ms
Input: 5250000,
Cold Start: false
Unique ID: f7eeb17fc58dbe702463dff093ad6cd2,
Execution Time for Trace ID f7eeb17fc58dbe702463dff093ad6cd2: 408 ms
Input: 5250000,
Cold Start: false
Unique ID: 5b77362d48bc7993ae463adc0838abf9,
Execution Time for Trace ID 5b77362d48bc7993ae463adc0838abf9: 394 ms
Input: 5250000,
Cold Start: false
Unique ID: db62fdae41fd36d07a42a5eae1ecf316,
Execution Time for Trace ID db62fdae41fd36d07a42a5eae1ecf316: 407 ms
Input: 5250000,
Cold Start: false
Unique ID: db29d1eab997d53cac80ead11a915f69,
Execution Time for Trace ID db29d1eab997d53cac80ead11a915f69: 349 ms
Input: 5250000,
Cold Start: false
Unique ID: f2bc79f6b05616bfa876afa2a0ef44a1,
Execution Time for Trace ID f2bc79f6b05616bfa876afa2a0ef44a1: 393 ms
Input: 5250000,
Cold Start: false
Unique ID: 04b4c45f438a8613923011167f230711,
Execution Time for Trace ID 04b4c45f438a8613923011167f230711: 349 ms
Input: 5250000,
Cold Start: false
Unique ID: f12bee189153decd4ce37d4863854c01,
Execution Time for Trace ID f12bee189153decd4ce37d4863854c01: 346 ms
Input: 5250000,
Cold Start: false
Unique ID: f27ebd02d39909e492e983b86d0684e4,
Execution Time for Trace ID f27ebd02d39909e492e983b86d0684e4: 345 ms
Input: 5250000,
Cold Start: false
Unique ID: 95f57fffb2478e7e5b13dac56eb2ca7c,
Execution Time for Trace ID 95f57fffb2478e7e5b13dac56eb2ca7c: 347 ms
Input: 5250000,
Cold Start: false
Unique ID: 02a24a769f5e280c21e085bb79550cfe,
Execution Time for Trace ID 02a24a769f5e280c21e085bb79550cfe: 356 ms
Input: 5250000,
Cold Start: false
Unique ID: c8364221d00b5c489c13743ed0cc0ac2,
Execution Time for Trace ID c8364221d00b5c489c13743ed0cc0ac2: 341 ms
Input: 5250000,
Cold Start: false
Unique ID: f4772e2a64d9a3542233d94e645f5a46,
Execution Time for Trace ID f4772e2a64d9a3542233d94e645f5a46: 353 ms
Input: 5250000,
Cold Start: false
Unique ID: e3d2436282114d0e9d69f6a52ba6cdc3,
Execution Time for Trace ID e3d2436282114d0e9d69f6a52ba6cdc3: 347 ms
Input: 5250000,
Cold Start: false
Unique ID: f8398a17477e1c1be6677b6d0d0be716,
Execution Time for Trace ID f8398a17477e1c1be6677b6d0d0be716: 423 ms
Input: 5250000,
Cold Start: false
Unique ID: 883c404f56e8c97df33bbccbef41d306,
Execution Time for Trace ID 883c404f56e8c97df33bbccbef41d306: 355 ms
Input: 5250000,
Cold Start: false
Unique ID: a5be49042aa91235fa47f98f2b90390a,
Execution Time for Trace ID a5be49042aa91235fa47f98f2b90390a: 378 ms
Input: 5250000,
Cold Start: false
Unique ID: f3693f516f4e2f72c5923140f81e2de2,
Execution Time for Trace ID f3693f516f4e2f72c5923140f81e2de2: 357 ms
Input: 5250000,
Cold Start: false
Unique ID: f0b978551bd619ef7df7529df9d22e9f,
Execution Time for Trace ID f0b978551bd619ef7df7529df9d22e9f: 403 ms
Input: 5250000,
Cold Start: false
Unique ID: dc1cb6d9151935f7edeca988157c77da,
Execution Time for Trace ID dc1cb6d9151935f7edeca988157c77da: 394 ms
Input: 5250000,
Cold Start: false
Unique ID: 51acba633d91a67e331851d72c65b61e,
Execution Time for Trace ID 51acba633d91a67e331851d72c65b61e: 346 ms
Input: 5250000,
Cold Start: false
Unique ID: 78f417328fd667da3df8d0e4e4154805,
Execution Time for Trace ID 78f417328fd667da3df8d0e4e4154805: 333 ms
Input: 5250000,
Cold Start: false
Unique ID: 494668758c956a148302d4c217edc27a,
Execution Time for Trace ID 494668758c956a148302d4c217edc27a: 354 ms
Input: 5250000,
Cold Start: false
Unique ID: ce50ec86866fe0c5a9cf4b8eb7ed104c,
Execution Time for Trace ID ce50ec86866fe0c5a9cf4b8eb7ed104c: 348 ms
Input: 5250000,
Cold Start: false
Unique ID: a056e7849f3f6b8d11027d4c8984bbd1,
Execution Time for Trace ID a056e7849f3f6b8d11027d4c8984bbd1: 360 ms
Input: 5250000,
Cold Start: false
Unique ID: ab82ac9800443f4ddc2aff193fc66dca,
Execution Time for Trace ID ab82ac9800443f4ddc2aff193fc66dca: 347 ms
Input: 5250000,
Cold Start: false
Unique ID: 48ab46b73076508d008d72bb950984a4,
Execution Time for Trace ID 48ab46b73076508d008d72bb950984a4: 416 ms
Input: 5250000,
Cold Start: false
Unique ID: 9ac65d05dc295616a8429ca517b5ef6f,
Execution Time for Trace ID 9ac65d05dc295616a8429ca517b5ef6f: 341 ms
Input: 5250000,
Cold Start: false
Unique ID: 075752328d5a70bf1f77ce517c826d50,
Execution Time for Trace ID 075752328d5a70bf1f77ce517c826d50: 376 ms
Input: 5250000,
Cold Start: false
Unique ID: 0292ea3d9ad7928ad87e8c24938e2124,
Execution Time for Trace ID 0292ea3d9ad7928ad87e8c24938e2124: 348 ms
Input: 5250000,
Cold Start: false
Unique ID: 20539d4e8b658449e866166f20bdb9ff,
Execution Time for Trace ID 20539d4e8b658449e866166f20bdb9ff: 342 ms
Input: 5250000,
Cold Start: false
Unique ID: 7c43a3f4f9ac0711dc6e93bc55760f37,
Execution Time for Trace ID 7c43a3f4f9ac0711dc6e93bc55760f37: 355 ms
Input: 5250000,
Cold Start: false
Unique ID: 610eb9dca3b3d8c792ce579a4dfc80fd,
Execution Time for Trace ID 610eb9dca3b3d8c792ce579a4dfc80fd: 336 ms
Input: 5250000,
Cold Start: false
Unique ID: b1262874529dc2561f7a6c923c102e9c,
Execution Time for Trace ID b1262874529dc2561f7a6c923c102e9c: 343 ms
Input: 5250000,
Cold Start: false
Unique ID: 268ab19a6b29eb5d9b71bd8be836ba3f,
Execution Time for Trace ID 268ab19a6b29eb5d9b71bd8be836ba3f: 345 ms
Input: 5250000,
Cold Start: false
Unique ID: f63c0f27ae153c589aba1e6a33817a7e,
Execution Time for Trace ID f63c0f27ae153c589aba1e6a33817a7e: 341 ms
Input: 5250000,
Cold Start: false
Unique ID: 3f94269a731988aa0b849c582e055c54,
Execution Time for Trace ID 3f94269a731988aa0b849c582e055c54: 404 ms
Input: 5250000,
Cold Start: false
Unique ID: 2f2cab1f9ea766e9b0aca16d9077d0fc,
Execution Time for Trace ID 2f2cab1f9ea766e9b0aca16d9077d0fc: 361 ms
Input: 5250000,
Cold Start: false
Unique ID: 0265c0e246c95cbffdb79249b3b6141d,
Execution Time for Trace ID 0265c0e246c95cbffdb79249b3b6141d: 376 ms
Input: 5250000,
Cold Start: false
Unique ID: acaa32158e5ff5000374778e22a03d4f,
Execution Time for Trace ID acaa32158e5ff5000374778e22a03d4f: 344 ms
Input: 5250000,
Cold Start: false
Unique ID: 531c9c70dc0accc7d85332cfe3512495,
Execution Time for Trace ID 531c9c70dc0accc7d85332cfe3512495: 346 ms
Input: 5250000,
Cold Start: false
Unique ID: 766a6ea6edeadafc4fbeec34a9252ef1,
Execution Time for Trace ID 766a6ea6edeadafc4fbeec34a9252ef1: Not Found
Input: 5250000,
Cold Start: false
Unique ID: 6a25e7449edfdc726ddade97f4b2856d,
Execution Time for Trace ID 6a25e7449edfdc726ddade97f4b2856d: 349 ms
Input: 5250000,
Cold Start: false
Unique ID: c3b4c3a6806bc70933f41e928c4f8464,
Execution Time for Trace ID c3b4c3a6806bc70933f41e928c4f8464: 350 ms
Input: 5250000,
Cold Start: false
Unique ID: e09b3f0502cd251672f0013cfc0b9979,
Execution Time for Trace ID e09b3f0502cd251672f0013cfc0b9979: 354 ms
Input: 5250000,
Cold Start: false
Unique ID: 12d9a1ebad4a006b34ad7fb9295bd6b9,
Execution Time for Trace ID 12d9a1ebad4a006b34ad7fb9295bd6b9: 398 ms
Input: 5250000,
Cold Start: false
Unique ID: cab0c4662af5f5b394284b2515859b0e,
Execution Time for Trace ID cab0c4662af5f5b394284b2515859b0e: 377 ms
Input: 5250000,
Cold Start: false
Unique ID: cc1303b3ac3d56538bb59627eaf2e2ac,
Execution Time for Trace ID cc1303b3ac3d56538bb59627eaf2e2ac: 361 ms
Input: 5250000,
Cold Start: false
Unique ID: c72302ff4c31d0e5a721b34f1d214ba5,
Execution Time for Trace ID c72302ff4c31d0e5a721b34f1d214ba5: 398 ms
Input: 5250000,
Cold Start: false
Unique ID: 710e61bc67e20097a6c37675ba78c002,
Execution Time for Trace ID 710e61bc67e20097a6c37675ba78c002: 357 ms
Input: 5250000,
Cold Start: false
Unique ID: b2143d00bd8a17a0ecfb0a9faa502703,
Execution Time for Trace ID b2143d00bd8a17a0ecfb0a9faa502703: 365 ms
Input: 5250000,
Cold Start: false
Unique ID: abbf70961495536a4bf66e55b87fdcba,
Execution Time for Trace ID abbf70961495536a4bf66e55b87fdcba: 354 ms
Input: 5250000,
Cold Start: false
Unique ID: 4e88f67d6f738aff7b56a2b4d634b948,
Execution Time for Trace ID 4e88f67d6f738aff7b56a2b4d634b948: 349 ms
Input: 5250000,
Cold Start: false
Unique ID: 1e56fc4a1075ba1cfb179fe66c98e1db,
Execution Time for Trace ID 1e56fc4a1075ba1cfb179fe66c98e1db: 325 ms
Input: 5250000,
Cold Start: false
Unique ID: fd61a814ebbfc9615c4c607aff138e5a,
Execution Time for Trace ID fd61a814ebbfc9615c4c607aff138e5a: 409 ms
Input: 5250000,
Cold Start: false
Unique ID: dde7cf027b857476419ad176a7940bf1,
Execution Time for Trace ID dde7cf027b857476419ad176a7940bf1: 417 ms
Input: 5250000,
Cold Start: false
Unique ID: 53633924334637122198e2dc2036d994,
Execution Time for Trace ID 53633924334637122198e2dc2036d994: 376 ms
Input: 5250000,
Cold Start: false
Unique ID: cbdcec207b61a22b553f3e6ea3fd6368,
Execution Time for Trace ID cbdcec207b61a22b553f3e6ea3fd6368: 345 ms
Input: 5250000,
Cold Start: false
Unique ID: 9665996aae61834bfb119a6f1c8e1d33,
Execution Time for Trace ID 9665996aae61834bfb119a6f1c8e1d33: 353 ms
Input: 5250000,
Cold Start: false
Unique ID: 7d7bd37e115f303a52d970d1d09534b4,
Execution Time for Trace ID 7d7bd37e115f303a52d970d1d09534b4: 397 ms
Input: 5250000,
Cold Start: false
Unique ID: 7f1ab44a601c58e98e736d3d39ccb7f0,
Execution Time for Trace ID 7f1ab44a601c58e98e736d3d39ccb7f0: 352 ms
Input: 5250000,
Cold Start: false
Unique ID: 65ab7321e6b750a38e1f52069f31a1f5,
Execution Time for Trace ID 65ab7321e6b750a38e1f52069f31a1f5: 400 ms
Input: 5250000,
Cold Start: false
Unique ID: 4a87f0b705487b61494b97af8b09c46e,
Execution Time for Trace ID 4a87f0b705487b61494b97af8b09c46e: 357 ms
Input: 5250000,
Cold Start: false
Unique ID: 6b87ee635e0f6b3d8f2bd7019439c777,
Execution Time for Trace ID 6b87ee635e0f6b3d8f2bd7019439c777: 375 ms
Input: 5250000,
Cold Start: false
Unique ID: 9d9f6785b95845a69e4d9d9c3ccdb604,
Execution Time for Trace ID 9d9f6785b95845a69e4d9d9c3ccdb604: 359 ms
Input: 5250000,
Cold Start: false
Unique ID: e965db5e781c1c9cd64ea6a745ec02a1,
Execution Time for Trace ID e965db5e781c1c9cd64ea6a745ec02a1: 343 ms
Input: 5250000,
Cold Start: false
Unique ID: 3f7540319edf525e04b720bf81a26741,
Execution Time for Trace ID 3f7540319edf525e04b720bf81a26741: 416 ms
Input: 5250000,
Cold Start: false
Unique ID: 17e1aa4d76f2a52bb1cc64f44e546164,
Execution Time for Trace ID 17e1aa4d76f2a52bb1cc64f44e546164: 343 ms
Input: 5250000,
Cold Start: false
Unique ID: 1db13172cadb8c75b726d60e668be265,
Execution Time for Trace ID 1db13172cadb8c75b726d60e668be265: 405 ms
Input: 5250000,
Cold Start: false
Unique ID: effc3aff5cdb24acae80024f02fe49e7,
Execution Time for Trace ID effc3aff5cdb24acae80024f02fe49e7: 344 ms
Input: 5250000,
Cold Start: false
Unique ID: de4ef105690c80810daeeddfe4fb4ba4,
Execution Time for Trace ID de4ef105690c80810daeeddfe4fb4ba4: 346 ms
Input: 5250000,
Cold Start: false
Unique ID: f712e64d0f1db5c9aba6fa86f927cf46,
Execution Time for Trace ID f712e64d0f1db5c9aba6fa86f927cf46: 409 ms
Input: 5250000,
Cold Start: false
Unique ID: 91966b9e3c760a2298feb4fa8d2a797a,
Execution Time for Trace ID 91966b9e3c760a2298feb4fa8d2a797a: 349 ms
Input: 5250000,
Cold Start: false
Unique ID: 5194959b23cb9aa49d561b7f1b4aa495,
Execution Time for Trace ID 5194959b23cb9aa49d561b7f1b4aa495: 407 ms
Input: 5250000,
Cold Start: false
Unique ID: 63f46dc063c02d816bcf6eca138ae448,
Execution Time for Trace ID 63f46dc063c02d816bcf6eca138ae448: 351 ms
Input: 5250000,
Cold Start: false
Unique ID: ae71269e9b053c988c1858957d3cf1e6,
Execution Time for Trace ID ae71269e9b053c988c1858957d3cf1e6: 404 ms
Input: 5250000,
Cold Start: false
Unique ID: c53cba40bf8320e4efc7e5b5a4fb3167,
Execution Time for Trace ID c53cba40bf8320e4efc7e5b5a4fb3167: 355 ms
Input: 5250000,
Cold Start: false
Unique ID: d22de7aa4862fbd12e2ea70e924514eb,
Execution Time for Trace ID d22de7aa4862fbd12e2ea70e924514eb: 394 ms
Input: 5250000,
Cold Start: false
Unique ID: 10e351e3e8c514093cf5bed36ee319d6,
Execution Time for Trace ID 10e351e3e8c514093cf5bed36ee319d6: 342 ms
Input: 5250000,
Cold Start: false
Unique ID: 37a298334d01bf1ca0c5f6dce74b32b4,
Execution Time for Trace ID 37a298334d01bf1ca0c5f6dce74b32b4: 342 ms
Input: 5250000,
Cold Start: false
Unique ID: 89226cf879045d6b3829db82e5bfcbef,
Execution Time for Trace ID 89226cf879045d6b3829db82e5bfcbef: 400 ms
Input: 5250000,
Cold Start: false
Unique ID: fe4f49ec6c94604da58b20665cab265f,
Execution Time for Trace ID fe4f49ec6c94604da58b20665cab265f: 346 ms
Input: 5250000,
Cold Start: false
Unique ID: d9511b404d3b1e062206d01f5783502e,
Execution Time for Trace ID d9511b404d3b1e062206d01f5783502e: 389 ms
Input: 5250000,
Cold Start: false
Unique ID: c670d0633b178c8654351150f8c1dcdc,
Execution Time for Trace ID c670d0633b178c8654351150f8c1dcdc: 363 ms
Input: 5250000,
Cold Start: false
Unique ID: 7464c6f568e1524dbb3fd6c5b11989ff,
Execution Time for Trace ID 7464c6f568e1524dbb3fd6c5b11989ff: 408 ms
Input: 5250000,
Cold Start: false
Unique ID: 28108c9399271af5e916c2b6c11e28a4,
Execution Time for Trace ID 28108c9399271af5e916c2b6c11e28a4: 378 ms
Input: 5250000,
Cold Start: false
Unique ID: 361fed9c05e4996833a13763c053c694,
Execution Time for Trace ID 361fed9c05e4996833a13763c053c694: 388 ms
Input: 5250000,
Cold Start: false
Unique ID: 50325ec9b216319abf0db826cfc2c42a,
Execution Time for Trace ID 50325ec9b216319abf0db826cfc2c42a: 397 ms
Input: 5250000,
Cold Start: false
Unique ID: 28e32eccea80f45c3318e94f7e783dc3,
Execution Time for Trace ID 28e32eccea80f45c3318e94f7e783dc3: 346 ms
Input: 5250000,
Cold Start: false
Unique ID: aa4847eadd646f39a4c5174318d4ab48,
Execution Time for Trace ID aa4847eadd646f39a4c5174318d4ab48: 394 ms
Input: 5250000,
Cold Start: false
Unique ID: dbff1fbd90bc578cb148efb0bbd69925,
Execution Time for Trace ID dbff1fbd90bc578cb148efb0bbd69925: 406 ms
Input: 5250000,
Cold Start: false
Unique ID: 7a5746bd45f9cbff15f1e1c9f7344ab1,
Execution Time for Trace ID 7a5746bd45f9cbff15f1e1c9f7344ab1: 397 ms
Input: 5250000,
Cold Start: false
Unique ID: dddac908542a243f8fc4b9abcb18d81b,
Execution Time for Trace ID dddac908542a243f8fc4b9abcb18d81b: 384 ms
Input: 5250000,
Cold Start: false
Unique ID: 9d11f981beceb7bce60ab602018d6ae3,
Execution Time for Trace ID 9d11f981beceb7bce60ab602018d6ae3: 401 ms
Input: 5250000,
Cold Start: false
Unique ID: ba6d15820513fc77d60eadbbae3cbc30,
Execution Time for Trace ID ba6d15820513fc77d60eadbbae3cbc30: 388 ms
Input: 5250000,
Cold Start: false
Unique ID: 9fc0247a1218840192b8fdd1d68f7b57,
Execution Time for Trace ID 9fc0247a1218840192b8fdd1d68f7b57: 383 ms
Input: 5250000,
Cold Start: false
Unique ID: afbb2c9f5be9ab5cf19556136a5498a4,
Execution Time for Trace ID afbb2c9f5be9ab5cf19556136a5498a4: 403 ms
Input: 5250000,
Cold Start: false
Unique ID: d3134dcde09c0ec928a05c7ae25c19bb,
Execution Time for Trace ID d3134dcde09c0ec928a05c7ae25c19bb: 379 ms
Input: 5250000,
Cold Start: false
Unique ID: 018c5afa51e0de8296f4810d5400080c,
Execution Time for Trace ID 018c5afa51e0de8296f4810d5400080c: 395 ms
Input: 5250000,
Cold Start: false
Unique ID: 245989da37fe5131b2b2f27c3250c7f9,
Execution Time for Trace ID 245989da37fe5131b2b2f27c3250c7f9: 415 ms
Input: 5250000,
Cold Start: false
Unique ID: 8978b4003ece0b9121d2086fcbe077a1,
Execution Time for Trace ID 8978b4003ece0b9121d2086fcbe077a1: 382 ms
Input: 5250000,
Cold Start: false
Unique ID: 53f8604e9a73491a7b2e3a3388d5beda,
Execution Time for Trace ID 53f8604e9a73491a7b2e3a3388d5beda: 334 ms
Input: 5250000,
Cold Start: false
Unique ID: 0dd4e9a8285a7a9f2da9202b5c629c57,
Execution Time for Trace ID 0dd4e9a8285a7a9f2da9202b5c629c57: 348 ms
Input: 5250000,
Cold Start: false
Unique ID: ae4b8cac8f8ccbc1d39dcb44a062baee,
Execution Time for Trace ID ae4b8cac8f8ccbc1d39dcb44a062baee: 326 ms
Input: 5250000,
Cold Start: false
Unique ID: ededa9e835dd49d128a47e6ad98523c4,
Execution Time for Trace ID ededa9e835dd49d128a47e6ad98523c4: 400 ms
Input: 5250000,
Cold Start: false
Unique ID: 363f298466fbec206f0d6bb429270a74,
Execution Time for Trace ID 363f298466fbec206f0d6bb429270a74: 390 ms
Input: 5250000,
Cold Start: false
Unique ID: d0cd063cfaa108fa943c455d44339a85,
Execution Time for Trace ID d0cd063cfaa108fa943c455d44339a85: 368 ms
Input: 5250000,
Cold Start: false
Unique ID: 1f7658663c96882cde819cbccdf87ab5,
Execution Time for Trace ID 1f7658663c96882cde819cbccdf87ab5: 392 ms
Input: 5250000,
Cold Start: false
Unique ID: 3a8c7abf835c8003127a8be305627869,
Execution Time for Trace ID 3a8c7abf835c8003127a8be305627869: 347 ms
Input: 5250000,
Cold Start: false
Unique ID: bfabc39e92edeff02dd5e9e5f5ccd750,
Execution Time for Trace ID bfabc39e92edeff02dd5e9e5f5ccd750: 397 ms
Input: 5250000,
Cold Start: false
Unique ID: 7934b7db7d487b28dee175dbe920b3b5,
Execution Time for Trace ID 7934b7db7d487b28dee175dbe920b3b5: 400 ms
Input: 5250000,
Cold Start: false
Unique ID: 611e8453cccafc9708778135461aa819,
Execution Time for Trace ID 611e8453cccafc9708778135461aa819: 402 ms
Input: 5250000,
Cold Start: false
Unique ID: e06e8b06169819b9c64519d2c1dfc4f8,
Execution Time for Trace ID e06e8b06169819b9c64519d2c1dfc4f8: 369 ms
Input: 5250000,
Cold Start: false
Unique ID: 2434f87263d9cdb87f73ded4ffc4f9bb,
Execution Time for Trace ID 2434f87263d9cdb87f73ded4ffc4f9bb: 401 ms
Input: 5250000,
Cold Start: false
Unique ID: f0d2f2a151cc0a2e11c067dee62fb619,
Execution Time for Trace ID f0d2f2a151cc0a2e11c067dee62fb619: 344 ms
Input: 5250000,
Cold Start: false
Unique ID: 5373dd2c966848ba7887f459005ed9a9,
Execution Time for Trace ID 5373dd2c966848ba7887f459005ed9a9: 357 ms
Input: 5250000,
Cold Start: false
Unique ID: 8aa5d79e2fafa7d06061711480969e9e,
Execution Time for Trace ID 8aa5d79e2fafa7d06061711480969e9e: 395 ms
Input: 5250000,
Cold Start: false
Unique ID: 2c5134ac189200ebf86d6c9943af524c,
Execution Time for Trace ID 2c5134ac189200ebf86d6c9943af524c: 407 ms
Input: 5250000,
Cold Start: false
Unique ID: 3cf679fc090fa07eb38555cce491bc84,
Execution Time for Trace ID 3cf679fc090fa07eb38555cce491bc84: 390 ms
Input: 5250000,
Cold Start: false
Unique ID: 93e9b8b06232a30eaa3ce76fa1b20abf,
Execution Time for Trace ID 93e9b8b06232a30eaa3ce76fa1b20abf: 372 ms
Input: 5250000,
Cold Start: false
Unique ID: 2399e51494f52c28367075bc2c32a134,
Execution Time for Trace ID 2399e51494f52c28367075bc2c32a134: 405 ms
Input: 5250000,
Cold Start: false
Unique ID: 28251db5c3b115b8730fd9a2f08e2a56,
Execution Time for Trace ID 28251db5c3b115b8730fd9a2f08e2a56: 385 ms
Input: 5250000,
Cold Start: false
Unique ID: 3a321257bd480e0d9761d9eec3540587,
Execution Time for Trace ID 3a321257bd480e0d9761d9eec3540587: 356 ms
Input: 5250000,
Cold Start: false
Unique ID: 6b8c6ccf3dbe699e11b7b9b2505286d1,
Execution Time for Trace ID 6b8c6ccf3dbe699e11b7b9b2505286d1: 379 ms
Input: 5250000,
Cold Start: false
Unique ID: 8389c8e7d364bc085ea854f13ff5307f,
Execution Time for Trace ID 8389c8e7d364bc085ea854f13ff5307f: 406 ms
Input: 5250000,
Cold Start: false
Unique ID: d420f326f1016f0f1fdf083b03353950,
Execution Time for Trace ID d420f326f1016f0f1fdf083b03353950: 381 ms
Input: 5250000,
Cold Start: false
Unique ID: 33ef4e2d73b950ca4c3e6dae0806de55,
Execution Time for Trace ID 33ef4e2d73b950ca4c3e6dae0806de55: 338 ms
Input: 5250000,
Cold Start: false
Unique ID: 10ae8c5616baeb65d7a27b82d1ebaf01,
Execution Time for Trace ID 10ae8c5616baeb65d7a27b82d1ebaf01: 370 ms
Input: 5250000,
Cold Start: false
Unique ID: ba4994e665ac954330b25835e49d6b1b,
Execution Time for Trace ID ba4994e665ac954330b25835e49d6b1b: 301 ms
Input: 5250000,
Cold Start: false
Unique ID: 7db026569b8bdb4242fadec78f40daa7,
Execution Time for Trace ID 7db026569b8bdb4242fadec78f40daa7: 358 ms
Input: 5250000,
Cold Start: false
Unique ID: c602b616f5775f97b99149b9a1ec0bbe,
Execution Time for Trace ID c602b616f5775f97b99149b9a1ec0bbe: 349 ms
Input: 5250000,
Cold Start: false
Unique ID: 25c55ac1ca04810c71d75255774b6b33,
Execution Time for Trace ID 25c55ac1ca04810c71d75255774b6b33: 381 ms
Input: 5250000,
Cold Start: false
Unique ID: 0fa23ba2d869f81716c01224734a9f82,
Execution Time for Trace ID 0fa23ba2d869f81716c01224734a9f82: 358 ms
Input: 5250000,
Cold Start: false
Unique ID: 7d83071236e5e407b7e7cbceb7ccefe4,
Execution Time for Trace ID 7d83071236e5e407b7e7cbceb7ccefe4: 350 ms
Input: 5250000,
Cold Start: false
Unique ID: 1854b62df095843290249bbf4ae9b9ee,
Execution Time for Trace ID 1854b62df095843290249bbf4ae9b9ee: 397 ms
Input: 5250000,
Cold Start: false
Unique ID: 00abc9251a88e0c06abc5711ffb770f1,
Execution Time for Trace ID 00abc9251a88e0c06abc5711ffb770f1: 408 ms
Input: 5250000,
Cold Start: false
Unique ID: 52f30ddc2b7501311a59ea2ba5c3ce9f,
Execution Time for Trace ID 52f30ddc2b7501311a59ea2ba5c3ce9f: 378 ms
Input: 5250000,
Cold Start: false
Unique ID: 01e13136fbf8cf9a6bd8df837ca8a75f,
Execution Time for Trace ID 01e13136fbf8cf9a6bd8df837ca8a75f: 331 ms
Input: 5250000,
Cold Start: false
Unique ID: 6bf810671aa459c1f3f8e2032270c334,
Execution Time for Trace ID 6bf810671aa459c1f3f8e2032270c334: 405 ms
Input: 5250000,
Cold Start: false
Unique ID: 679d86440c3e0f2180f890c636abe24b,
Execution Time for Trace ID 679d86440c3e0f2180f890c636abe24b: 386 ms
Input: 5250000,
Cold Start: false
Unique ID: 0558fd77927c630b0f259d19b0d2d0d3,
Execution Time for Trace ID 0558fd77927c630b0f259d19b0d2d0d3: 361 ms
Input: 5250000,
Cold Start: false
Unique ID: 00646dc34fe970d96c72469266a40e8c,
Execution Time for Trace ID 00646dc34fe970d96c72469266a40e8c: 393 ms
Input: 5250000,
Cold Start: false
Unique ID: 21ec0163df11707a763c048fa759e732,
Execution Time for Trace ID 21ec0163df11707a763c048fa759e732: 401 ms
Input: 5250000,
Cold Start: false
Unique ID: 1f36fb568953c3855497a22e7dec7b1c,
Execution Time for Trace ID 1f36fb568953c3855497a22e7dec7b1c: 392 ms
Input: 5250000,
Cold Start: false
Unique ID: 86c4efeacaaa31453bf497eaa00b2437,
Execution Time for Trace ID 86c4efeacaaa31453bf497eaa00b2437: 363 ms
Input: 5250000,
Cold Start: false
Unique ID: 18564341b827236e426dde3ead5f1fa7,
Execution Time for Trace ID 18564341b827236e426dde3ead5f1fa7: 402 ms
Input: 5250000,
Cold Start: false
Unique ID: e76f9ebe6bcf8d700008ed3964d015ea,
Execution Time for Trace ID e76f9ebe6bcf8d700008ed3964d015ea: 406 ms
Input: 5250000,
Cold Start: false
Unique ID: 70900f85c1d12010487c85a710f0c875,
Execution Time for Trace ID 70900f85c1d12010487c85a710f0c875: 387 ms
Input: 5250000,
Cold Start: false
Unique ID: ea0c862d1fbdd586d4444e265fe49a38,
Execution Time for Trace ID ea0c862d1fbdd586d4444e265fe49a38: 329 ms
Input: 5250000,
Cold Start: false
Unique ID: 5505f378a4d0a63d56a94da71a6f0c67,
Execution Time for Trace ID 5505f378a4d0a63d56a94da71a6f0c67: 402 ms
Input: 5250000,
Cold Start: false
Unique ID: edce423a8e5075757097f58e03cd0b7e,
Execution Time for Trace ID edce423a8e5075757097f58e03cd0b7e: 329 ms
Input: 5250000,
Cold Start: false
Unique ID: 9d29fc856d0c0ec91985d2e806fcfa01,
Execution Time for Trace ID 9d29fc856d0c0ec91985d2e806fcfa01: 359 ms
Input: 5250000,
Cold Start: false
Unique ID: 76752c9732f3557f554ae3ec415637f9,
Execution Time for Trace ID 76752c9732f3557f554ae3ec415637f9: 336 ms
Input: 5250000,
Cold Start: false
Unique ID: adce57759578e698bd41b0c15e3c916a,
Execution Time for Trace ID adce57759578e698bd41b0c15e3c916a: 394 ms
Input: 5250000,
Cold Start: false
Unique ID: dea1c3cd0508a9b8760c50955306cfad,
Execution Time for Trace ID dea1c3cd0508a9b8760c50955306cfad: 345 ms
Input: 5250000,
Cold Start: false
Unique ID: 7ecc5f9e6768810f0bb1f0dd4f039656,
Execution Time for Trace ID 7ecc5f9e6768810f0bb1f0dd4f039656: 369 ms
Input: 5250000,
Cold Start: false
Unique ID: 903ad46f881f18e487e01ffc273bba59,
Execution Time for Trace ID 903ad46f881f18e487e01ffc273bba59: 411 ms
Input: 5250000,
Cold Start: false
Unique ID: fcc0f19728143ffb66b45ce1bf805326,
Execution Time for Trace ID fcc0f19728143ffb66b45ce1bf805326: 382 ms
Input: 5250000,
Cold Start: false
Unique ID: 2ac358697db4bce8fd2fd23c8058dd6a,
Execution Time for Trace ID 2ac358697db4bce8fd2fd23c8058dd6a: 322 ms
Input: 5250000,
Cold Start: false
Unique ID: c7e2ec52a8ee599c8073da4eee5ef816,
Execution Time for Trace ID c7e2ec52a8ee599c8073da4eee5ef816: 346 ms
Input: 5250000,
Cold Start: false
Unique ID: 2c7e91d1f74a98550be9d829c2f10f38,
Execution Time for Trace ID 2c7e91d1f74a98550be9d829c2f10f38: 390 ms
Input: 5250000,
Cold Start: false
Unique ID: 0b923100d8a198957b6677dd22ed9b5b,
Execution Time for Trace ID 0b923100d8a198957b6677dd22ed9b5b: 398 ms
Input: 5250000,
Cold Start: false
Unique ID: d143403a1f83206b3bc6fa725be2d53f,
Execution Time for Trace ID d143403a1f83206b3bc6fa725be2d53f: 357 ms
Input: 5250000,
Cold Start: false
Unique ID: a9366e0ec51d861fa017014b76f96890,
Execution Time for Trace ID a9366e0ec51d861fa017014b76f96890: 359 ms
Input: 5250000,
Cold Start: false
Unique ID: 37dcc9ef86918ee5cafd69a96b222eeb,
Execution Time for Trace ID 37dcc9ef86918ee5cafd69a96b222eeb: 411 ms
Input: 5250000,
Cold Start: false
Unique ID: d6593d93091360da4fe4842bd3c8ad84,
Execution Time for Trace ID d6593d93091360da4fe4842bd3c8ad84: 392 ms
Input: 5250000,
Cold Start: false
Unique ID: 03a329d7c41707092d87ff8450f84a8c,
Execution Time for Trace ID 03a329d7c41707092d87ff8450f84a8c: 362 ms
Input: 5250000,
Cold Start: false
Unique ID: 89dab8944fa93ea999887e2b812d9af5,
Execution Time for Trace ID 89dab8944fa93ea999887e2b812d9af5: 401 ms
Input: 5250000,
Cold Start: false
Unique ID: 99b7c0f3152cac151957c4021765b642,
Execution Time for Trace ID 99b7c0f3152cac151957c4021765b642: 393 ms
Input: 5250000,
Cold Start: false
Unique ID: 2882fabf6276043a6896228d026a2b97,
Execution Time for Trace ID 2882fabf6276043a6896228d026a2b97: 357 ms
Input: 5250000,
Cold Start: false
Unique ID: e3d0cc9a47007e8579825c4dbabf5f7d,
Execution Time for Trace ID e3d0cc9a47007e8579825c4dbabf5f7d: 398 ms
Input: 5250000,
Cold Start: false
Unique ID: c4e016a8d1836d63478736426e6b2196,
Execution Time for Trace ID c4e016a8d1836d63478736426e6b2196: 405 ms
Input: 5250000,
Cold Start: false
Unique ID: 83f08e013084acb19faeb1372bb88934,
Execution Time for Trace ID 83f08e013084acb19faeb1372bb88934: 363 ms
Input: 5250000,
Cold Start: false
Unique ID: 059c8a6d5b9c0b8a35027591465ddac3,
Execution Time for Trace ID 059c8a6d5b9c0b8a35027591465ddac3: 394 ms
Input: 5250000,
Cold Start: false
Unique ID: 3a8cfa34274674aa9c38a598d94064c5,
Execution Time for Trace ID 3a8cfa34274674aa9c38a598d94064c5: 351 ms
Input: 5250000,
Cold Start: false
Unique ID: d735a796b8e84202c403b59687e5ebbe,
Execution Time for Trace ID d735a796b8e84202c403b59687e5ebbe: 398 ms
Input: 5250000,
Cold Start: false
Unique ID: 0fc4a7e548420e57e9bce9eea572674a,
Execution Time for Trace ID 0fc4a7e548420e57e9bce9eea572674a: 404 ms
Input: 5250000,
Cold Start: false
Unique ID: 234eb71fd5ef0934eaabf78fa8c324a6,
Execution Time for Trace ID 234eb71fd5ef0934eaabf78fa8c324a6: 364 ms
Input: 5250000,
Cold Start: false
Unique ID: 933b456ba1e5b3bff471c5d056c9f95c,
Execution Time for Trace ID 933b456ba1e5b3bff471c5d056c9f95c: 396 ms
Input: 5250000,
Cold Start: false
Unique ID: 0094b883418abfcb6db98d3030d163f3,
Execution Time for Trace ID 0094b883418abfcb6db98d3030d163f3: 414 ms
Input: 5250000,
Cold Start: false
Unique ID: 27a08e07bc7708bb094696a33d15fdb7,
Execution Time for Trace ID 27a08e07bc7708bb094696a33d15fdb7: 342 ms
Input: 5250000,
Cold Start: false
Unique ID: 1ac7ad0056197606e189a1599684ccdc,
Execution Time for Trace ID 1ac7ad0056197606e189a1599684ccdc: 385 ms
Input: 5250000,
Cold Start: false
Unique ID: 3b98d31027244d23267c01b2ae486e9f,
Execution Time for Trace ID 3b98d31027244d23267c01b2ae486e9f: 341 ms
Input: 5250000,
Cold Start: false
Unique ID: 6d831fce6e6782c85829ad797c884344,
Execution Time for Trace ID 6d831fce6e6782c85829ad797c884344: 392 ms
Input: 5250000,
Cold Start: false
Unique ID: d367e63cdb75289323c22f5c6f3a3a6f,
Execution Time for Trace ID d367e63cdb75289323c22f5c6f3a3a6f: 342 ms
Input: 5250000,
Cold Start: false
Unique ID: 4c95d50cf69010fdd5f44cd615299e87,
Execution Time for Trace ID 4c95d50cf69010fdd5f44cd615299e87: 396 ms
Input: 5250000,
Cold Start: false
Unique ID: 783e92822982950d5e5ab0c980b46c9a,
Execution Time for Trace ID 783e92822982950d5e5ab0c980b46c9a: 401 ms
Input: 5250000,
Cold Start: false
Unique ID: 22eea3939d3515bd09c761c844403d6f,
Execution Time for Trace ID 22eea3939d3515bd09c761c844403d6f: 404 ms
Input: 5250000,
Cold Start: false
Unique ID: 1d568286169c9408d6f491f0c22540e3,
Execution Time for Trace ID 1d568286169c9408d6f491f0c22540e3: 378 ms
Input: 5250000,
Cold Start: false
Unique ID: 661f49237ed756e6c7491cf00d4ab76c,
Execution Time for Trace ID 661f49237ed756e6c7491cf00d4ab76c: 431 ms
Input: 5250000,
Cold Start: false
Unique ID: dc27817b8adffaabb99f285d3ffe25b1,
Execution Time for Trace ID dc27817b8adffaabb99f285d3ffe25b1: 393 ms
Input: 5250000,
Cold Start: false
Unique ID: 1748ffc43d2f24c09b5b7e7efd5c1ce2,
Execution Time for Trace ID 1748ffc43d2f24c09b5b7e7efd5c1ce2: 369 ms
Input: 5250000,
Cold Start: false
Unique ID: ab8d6fd786b4a82f3e9b6fd8ec5d95d2,
Execution Time for Trace ID ab8d6fd786b4a82f3e9b6fd8ec5d95d2: 398 ms
Input: 5250000,
Cold Start: false
Unique ID: 6a0022343f83f3c302fab3138907ebc2,
Execution Time for Trace ID 6a0022343f83f3c302fab3138907ebc2: 386 ms
Input: 5250000,
Cold Start: false
Unique ID: e2a93c9d568cd11a76db006ac9410989,
Execution Time for Trace ID e2a93c9d568cd11a76db006ac9410989: 398 ms
Input: 5250000,
Cold Start: false
Unique ID: 5a45c2deecaf132a15c4f5454c74be7b,
Execution Time for Trace ID 5a45c2deecaf132a15c4f5454c74be7b: 363 ms
Input: 5250000,
Cold Start: false
Unique ID: 5e2886a792a14295ccc7d110332ec0b6,
Execution Time for Trace ID 5e2886a792a14295ccc7d110332ec0b6: 368 ms
Input: 5250000,
Cold Start: false
Unique ID: e1d7f26cfffe202b470530d7215e1968,
Execution Time for Trace ID e1d7f26cfffe202b470530d7215e1968: 415 ms
Input: 5250000,
Cold Start: false
Unique ID: 88cd9d47193e570ba110217723c91874,
Execution Time for Trace ID 88cd9d47193e570ba110217723c91874: 416 ms
Input: 5250000,
Cold Start: false
Unique ID: e3f67a4e4cae2e971abd8cc7269599e9,
Execution Time for Trace ID e3f67a4e4cae2e971abd8cc7269599e9: 353 ms
Input: 5250000,
Cold Start: false
Unique ID: c5c99044d92dca66c4cb930d1ebc4268,
Execution Time for Trace ID c5c99044d92dca66c4cb930d1ebc4268: 425 ms
Input: 5250000,
Cold Start: false
Unique ID: 6980cf4e43851de67c0fe6c8847701df,
Execution Time for Trace ID 6980cf4e43851de67c0fe6c8847701df: 409 ms
Input: 5250000,
Cold Start: false
Unique ID: 87373feacdeaf4052c1e4d1572874f70,
Execution Time for Trace ID 87373feacdeaf4052c1e4d1572874f70: 352 ms
Input: 5250000,
Cold Start: false
Unique ID: 942109b02935c72c36daf90b6d7fda32,
Execution Time for Trace ID 942109b02935c72c36daf90b6d7fda32: 394 ms
Input: 5250000,
Cold Start: false
Unique ID: f5447866af300275161ff25a58804ac6,
Execution Time for Trace ID f5447866af300275161ff25a58804ac6: 432 ms
Input: 5250000,
Cold Start: false
Unique ID: da24cbd4880b13d11bdd5d14ed78a7fa,
Execution Time for Trace ID da24cbd4880b13d11bdd5d14ed78a7fa: 304 ms
Input: 5250000,
Cold Start: false
Unique ID: 1db999deff0c2cbf336ed570088a416f,
Execution Time for Trace ID 1db999deff0c2cbf336ed570088a416f: 401 ms
Input: 5250000,
Cold Start: false
Unique ID: 80ac5c1625baf62fe76479afdfd99e87,
Execution Time for Trace ID 80ac5c1625baf62fe76479afdfd99e87: 418 ms
Input: 5250000,
Cold Start: false
Unique ID: ad5d3c86794d6ffc2dcf52eb4cf55dbe,
Execution Time for Trace ID ad5d3c86794d6ffc2dcf52eb4cf55dbe: 378 ms
Input: 5250000,
Cold Start: false
Unique ID: 5a583f61c7f5a59000a31c4c2bce5bda,
Execution Time for Trace ID 5a583f61c7f5a59000a31c4c2bce5bda: 404 ms
Input: 5250000,
Cold Start: false
Unique ID: c186e8592ff95f0dd1f6e18cde4779b5,
Execution Time for Trace ID c186e8592ff95f0dd1f6e18cde4779b5: 409 ms
Input: 5250000,
Cold Start: false
Unique ID: 9c1b3dbf1444a456610e6f1e5fe6b3dd,
Execution Time for Trace ID 9c1b3dbf1444a456610e6f1e5fe6b3dd: 402 ms
Input: 5250000,
Cold Start: false
Unique ID: 22fe0012c770122f03fe06874663c31e,
Execution Time for Trace ID 22fe0012c770122f03fe06874663c31e: 405 ms
Input: 5250000,
Cold Start: false
Unique ID: 5d91630bc9bacbf5697ec272289b4e00,
Execution Time for Trace ID 5d91630bc9bacbf5697ec272289b4e00: 369 ms
Input: 5250000,
Cold Start: false
Unique ID: f8e6ed9553a2f3ba24c499d4e9f6f531,
Execution Time for Trace ID f8e6ed9553a2f3ba24c499d4e9f6f531: 420 ms
Input: 5250000,
Cold Start: false
Unique ID: aaa4fe4e00fca20aea5f90cc1f88d484,
Execution Time for Trace ID aaa4fe4e00fca20aea5f90cc1f88d484: 435 ms
Input: 5250000,
Cold Start: false
Unique ID: 594f82eb1e719d33c5aabf70f187860c,
Execution Time for Trace ID 594f82eb1e719d33c5aabf70f187860c: 364 ms
Input: 5250000,
Cold Start: false
Unique ID: eb7f43d8882bfe41d70a41c4e4fbd832,
Execution Time for Trace ID eb7f43d8882bfe41d70a41c4e4fbd832: 398 ms
Input: 5250000,
Cold Start: false
Unique ID: 65006f47e0baa7e2a49f3a2981b92354,
Execution Time for Trace ID 65006f47e0baa7e2a49f3a2981b92354: 423 ms
Input: 5250000,
Cold Start: false
Unique ID: 4f15070ed90ff4ea7a1e9c611876d6d4,
Execution Time for Trace ID 4f15070ed90ff4ea7a1e9c611876d6d4: 388 ms
Input: 5250000,
Cold Start: false
Unique ID: 58778400104a2c59a4c54878ed1d2180,
Execution Time for Trace ID 58778400104a2c59a4c54878ed1d2180: 416 ms
Input: 5250000,
Cold Start: false
Unique ID: 747aa26b0c25e37963daeeb52625c26d,
Execution Time for Trace ID 747aa26b0c25e37963daeeb52625c26d: 410 ms
Input: 5250000,
Cold Start: false
Unique ID: 3dc29763ce70b41fa29a3715b86b3faf,
Execution Time for Trace ID 3dc29763ce70b41fa29a3715b86b3faf: 356 ms
Input: 5250000,
Cold Start: false
Unique ID: 87a89222345009ec722dcc26e5139e69,
Execution Time for Trace ID 87a89222345009ec722dcc26e5139e69: 392 ms
Input: 5250000,
Cold Start: false
Unique ID: 15cb986d73ed08c61b526a5ecb6ce19d,
Execution Time for Trace ID 15cb986d73ed08c61b526a5ecb6ce19d: 416 ms
Input: 5250000,
Cold Start: false
Unique ID: a9e07d8e7f77edbd3078188e47fb191f,
Execution Time for Trace ID a9e07d8e7f77edbd3078188e47fb191f: 396 ms
Input: 5250000,
Cold Start: false
Unique ID: fb53c067fe76f9f8b531ad193ed4491b,
Execution Time for Trace ID fb53c067fe76f9f8b531ad193ed4491b: 375 ms
Input: 5250000,
Cold Start: false
Unique ID: 1c21a836b955349068692bcc7e7c1128,
Execution Time for Trace ID 1c21a836b955349068692bcc7e7c1128: 402 ms
Input: 5250000,
Cold Start: false
Unique ID: d659f3fedc7f2530e9cb35730d45740e,
Execution Time for Trace ID d659f3fedc7f2530e9cb35730d45740e: 402 ms
Input: 5250000,
Cold Start: false
Unique ID: c436fdd248cf50ce83990420c6dcd0b3,
Execution Time for Trace ID c436fdd248cf50ce83990420c6dcd0b3: 372 ms
Input: 5250000,
Cold Start: false
Unique ID: 6a44a3de52be85735c3e81b7f4c82f9d,
Execution Time for Trace ID 6a44a3de52be85735c3e81b7f4c82f9d: 407 ms
Input: 5250000,
Cold Start: false
Unique ID: 5cd3855a4814962259cdb4c055daae89,
Execution Time for Trace ID 5cd3855a4814962259cdb4c055daae89: 387 ms
Input: 5250000,
Cold Start: false
Unique ID: f831dc384b7d222afa15f5925e1ff049,
Execution Time for Trace ID f831dc384b7d222afa15f5925e1ff049: 368 ms
Input: 5250000,
Cold Start: false
Unique ID: 9946f36690bc788aca375ffe74122761,
Execution Time for Trace ID 9946f36690bc788aca375ffe74122761: 392 ms
Input: 5250000,
Cold Start: false
Unique ID: 1c9016f41a749d7f5e9ac3f75781e35b,
Execution Time for Trace ID 1c9016f41a749d7f5e9ac3f75781e35b: 345 ms
Input: 5250000,
Cold Start: false
Unique ID: e6aa70696c3133248b560aaf74150b7f,
Execution Time for Trace ID e6aa70696c3133248b560aaf74150b7f: 354 ms
Input: 5250000,
Cold Start: false
Unique ID: 12eb24247a598e39b2beb8ccf19edd63,
Execution Time for Trace ID 12eb24247a598e39b2beb8ccf19edd63: 419 ms
Input: 5250000,
Cold Start: false
Unique ID: 9ce035f5100ae286d7fe62bcd6c60f09,
Execution Time for Trace ID 9ce035f5100ae286d7fe62bcd6c60f09: 359 ms
Input: 5250000,
Cold Start: false
Unique ID: 1da2b01e8b37978358ee96043016dcc6,
Execution Time for Trace ID 1da2b01e8b37978358ee96043016dcc6: 356 ms
Input: 5250000,
Cold Start: false
Unique ID: 009fbec61f7fa5ac2d15af586c80160b,
Execution Time for Trace ID 009fbec61f7fa5ac2d15af586c80160b: 392 ms
Input: 5250000,
Cold Start: false
Unique ID: cf0e4ae0146049d9a58c9eb0fde6de14,
Execution Time for Trace ID cf0e4ae0146049d9a58c9eb0fde6de14: 344 ms
Input: 5250000,
Cold Start: false
Unique ID: 741b104087c8e44b36afa8415048f0db,
Execution Time for Trace ID 741b104087c8e44b36afa8415048f0db: 386 ms
Input: 5250000,
Cold Start: false
Unique ID: 0c8aeaed5fca572e6cc20abb32f9451a,
Execution Time for Trace ID 0c8aeaed5fca572e6cc20abb32f9451a: 372 ms
Input: 5250000,
Cold Start: false
Unique ID: a4028c0bc4d6e0bd4bc3b7a2b75161d4,
Execution Time for Trace ID a4028c0bc4d6e0bd4bc3b7a2b75161d4: 392 ms
Input: 5250000,
Cold Start: false
Unique ID: a61ff36689d1d47bc0acb345a203085b,
Execution Time for Trace ID a61ff36689d1d47bc0acb345a203085b: 372 ms
Input: 5250000,
Cold Start: false
Unique ID: 4bd4d95d132d086b9dadd1c9cfacfa32,
Execution Time for Trace ID 4bd4d95d132d086b9dadd1c9cfacfa32: 389 ms
Input: 5250000,
Cold Start: false
Unique ID: 383ad3a430e5ad549dec30e8cd709c5c,
Execution Time for Trace ID 383ad3a430e5ad549dec30e8cd709c5c: 379 ms
Input: 5250000,
Cold Start: false
Unique ID: c8affb900a7295396da8f8017cc202de,
Execution Time for Trace ID c8affb900a7295396da8f8017cc202de: 390 ms
Input: 5250000,
Cold Start: false
Unique ID: 8b93f821c93e83e83e131ecde351cc20,
Execution Time for Trace ID 8b93f821c93e83e83e131ecde351cc20: 380 ms
Input: 5250000,
Cold Start: false
Unique ID: 0bc1cbdc4c2b05803a96ef5b90a16144,
Execution Time for Trace ID 0bc1cbdc4c2b05803a96ef5b90a16144: 388 ms
Input: 5250000,
Cold Start: false
Unique ID: 6df479b20d386cb1cdbc3932feaf2465,
Execution Time for Trace ID 6df479b20d386cb1cdbc3932feaf2465: 381 ms
Input: 5250000,
Cold Start: false
Unique ID: 70365b9d273b5373b120545e9fdf1ba3,
Execution Time for Trace ID 70365b9d273b5373b120545e9fdf1ba3: 478 ms
Input: 5250000,
Cold Start: false
Unique ID: 9e7e1697079b678831c596ef7c625e78,
Execution Time for Trace ID 9e7e1697079b678831c596ef7c625e78: 379 ms
Input: 5250000,
Cold Start: false
Unique ID: 7d8a161c0708ec25fc7a594dc4c57689,
Execution Time for Trace ID 7d8a161c0708ec25fc7a594dc4c57689: 361 ms
Input: 5250000,
Cold Start: false
Unique ID: b9cc9f4a06428bf523d2af0e4ca1965f,
Execution Time for Trace ID b9cc9f4a06428bf523d2af0e4ca1965f: 387 ms
Input: 5250000,
Cold Start: false
Unique ID: cccadb2eb9e82eae625bf2210839368c,
Execution Time for Trace ID cccadb2eb9e82eae625bf2210839368c: 371 ms
Input: 5250000,
Cold Start: false
Unique ID: c60559d83558f0fc4c5c0ba4071cd710,
Execution Time for Trace ID c60559d83558f0fc4c5c0ba4071cd710: 395 ms
Input: 5250000,
Cold Start: false
Unique ID: 5dcec647bc588a0f891a504678a6b352,
Execution Time for Trace ID 5dcec647bc588a0f891a504678a6b352: 355 ms
Input: 5250000,
Cold Start: false
Unique ID: 84edadbacd2aaa2453649e91aa3ad37b,
Execution Time for Trace ID 84edadbacd2aaa2453649e91aa3ad37b: 450 ms
Input: 5250000,
Cold Start: false
Unique ID: 6ddf78b02efc5a2477704a1f2bd93916,
Execution Time for Trace ID 6ddf78b02efc5a2477704a1f2bd93916: 368 ms
Input: 5250000,
Cold Start: false
Unique ID: d2c1cb51fee35e71e6bd9cfbf6796329,
Execution Time for Trace ID d2c1cb51fee35e71e6bd9cfbf6796329: 341 ms
Input: 5250000,
Cold Start: false
Unique ID: 6c17ffd21ef8bd1f406c194349c0729f,
Execution Time for Trace ID 6c17ffd21ef8bd1f406c194349c0729f: 374 ms
Input: 5250000,
Cold Start: false
Unique ID: 8532a9c8100d0b399431e1bca8fb4a34,
Execution Time for Trace ID 8532a9c8100d0b399431e1bca8fb4a34: 362 ms
Input: 5250000,
Cold Start: false
Unique ID: 3ec111d8841831e075b9761fac684e59,
Execution Time for Trace ID 3ec111d8841831e075b9761fac684e59: 344 ms
Input: 5250000,
Cold Start: false
Unique ID: f449906de9918683ae02ab70e944dd3b,
Execution Time for Trace ID f449906de9918683ae02ab70e944dd3b: 366 ms
Input: 5250000,
Cold Start: false
Unique ID: 664910c1bfec777320e2b738ea3a6336,
Execution Time for Trace ID 664910c1bfec777320e2b738ea3a6336: 375 ms
Input: 5250000,
Cold Start: false
Unique ID: 3d6b21b57cb3080ecfc3eab076c8d304,
Execution Time for Trace ID 3d6b21b57cb3080ecfc3eab076c8d304: 375 ms
Input: 5250000,
Cold Start: false
Unique ID: acdf1f86c75908ecee5a356fac6a017a,
Execution Time for Trace ID acdf1f86c75908ecee5a356fac6a017a: 378 ms
Input: 5250000,
Cold Start: false
Unique ID: 0e7a00e6ecfacae2d6225509a5786b2e,
Execution Time for Trace ID 0e7a00e6ecfacae2d6225509a5786b2e: 382 ms
Input: 5250000,
Cold Start: false
Unique ID: 51dadbefd26598c3a629c3fbedc4ff09,
Execution Time for Trace ID 51dadbefd26598c3a629c3fbedc4ff09: 386 ms
Input: 5250000,
Cold Start: false
Unique ID: 1d70228a9643741dd1e3f05d35783194,
Execution Time for Trace ID 1d70228a9643741dd1e3f05d35783194: 384 ms
Input: 5250000,
Cold Start: false
Unique ID: de5650cbd071e5ed1f7523a65c19c1bc,
Execution Time for Trace ID de5650cbd071e5ed1f7523a65c19c1bc: 407 ms
Input: 5250000,
Cold Start: false
Unique ID: 075bbacb53db09b7ac5d73604ceb939a,
Execution Time for Trace ID 075bbacb53db09b7ac5d73604ceb939a: 394 ms
Input: 5250000,
Cold Start: false
Unique ID: 44f806424b78741b2bcae67858a05c0c,
Execution Time for Trace ID 44f806424b78741b2bcae67858a05c0c: 374 ms
Input: 5250000,
Cold Start: false
Unique ID: 2d98fc3d88ae1e5d4255f7bd1e0543bc,
Execution Time for Trace ID 2d98fc3d88ae1e5d4255f7bd1e0543bc: 440 ms
Input: 5250000,
Cold Start: false
Unique ID: 92ddf38e47a4675d0ace1b60385aedbc,
Execution Time for Trace ID 92ddf38e47a4675d0ace1b60385aedbc: 346 ms
Input: 5250000,
Cold Start: false
Unique ID: a79e7a52116554eec1a928f48ef05307,
Execution Time for Trace ID a79e7a52116554eec1a928f48ef05307: 378 ms
Input: 5250000,
Cold Start: false
Unique ID: 939269a9dccda88db97f966debf8484f,
Execution Time for Trace ID 939269a9dccda88db97f966debf8484f: 354 ms
Input: 5250000,
Cold Start: false
Unique ID: af6e54f52341a775b0a8157aa3e11a1b,
Execution Time for Trace ID af6e54f52341a775b0a8157aa3e11a1b: 372 ms
Input: 5250000,
Cold Start: false
Unique ID: c744120c39a73056b2f3d16eeacbc016,
Execution Time for Trace ID c744120c39a73056b2f3d16eeacbc016: 365 ms
Input: 5250000,
Cold Start: false
Unique ID: b77db0c1509ce46a64627290e1e5111d,
Execution Time for Trace ID b77db0c1509ce46a64627290e1e5111d: 363 ms
Input: 5250000,
Cold Start: false
Unique ID: 15921287954826b73ed218e36e834b1b,
Execution Time for Trace ID 15921287954826b73ed218e36e834b1b: 365 ms
Input: 5250000,
Cold Start: false
Unique ID: 04bc36d3f1d96a7f1b28887bc4ba2dda,
Execution Time for Trace ID 04bc36d3f1d96a7f1b28887bc4ba2dda: 385 ms
Input: 5250000,
Cold Start: false
Unique ID: 6e73beca2ce6eb750bd052e87918bf6f,
Execution Time for Trace ID 6e73beca2ce6eb750bd052e87918bf6f: 363 ms
Input: 5250000,
Cold Start: false
Unique ID: 3aad50e9a3b5787ff85ca165225b4983,
Execution Time for Trace ID 3aad50e9a3b5787ff85ca165225b4983: 381 ms
Input: 5250000,
Cold Start: false
Unique ID: 5557425350020076db0f70b7ead51450,
Execution Time for Trace ID 5557425350020076db0f70b7ead51450: 370 ms
Input: 5250000,
Cold Start: false
Unique ID: 6934a13f50d7e0e824015b65fe2761d4,
Execution Time for Trace ID 6934a13f50d7e0e824015b65fe2761d4: 385 ms
Input: 5250000,
Cold Start: false
Unique ID: 55c58b8453224d7e5e06eeb812683540,
Execution Time for Trace ID 55c58b8453224d7e5e06eeb812683540: 375 ms
Input: 5250000,
Cold Start: false
Unique ID: d282699e01382132c8626556c182e43d,
Execution Time for Trace ID d282699e01382132c8626556c182e43d: 387 ms
Input: 5250000,
Cold Start: false
Unique ID: 1353d39ad3610e34d217cfb466df053f,
Execution Time for Trace ID 1353d39ad3610e34d217cfb466df053f: 378 ms
Input: 5250000,
Cold Start: false
Unique ID: e12b0d2591adfb575d4062b34811d7d6,
Execution Time for Trace ID e12b0d2591adfb575d4062b34811d7d6: 397 ms
Input: 5250000,
Cold Start: false
Unique ID: 944bf2e4cb371185fc65046c1d1c3c83,
Execution Time for Trace ID 944bf2e4cb371185fc65046c1d1c3c83: 392 ms
Input: 5250000,
Cold Start: false
Unique ID: 5ed06ae1e6601f4c0aeb052045b99fc7,
Execution Time for Trace ID 5ed06ae1e6601f4c0aeb052045b99fc7: 405 ms
Input: 5250000,
Cold Start: false
Unique ID: dac3863b3d6d2a2c4a6054ca672a1948,
Execution Time for Trace ID dac3863b3d6d2a2c4a6054ca672a1948: 382 ms
Input: 5250000,
Cold Start: false
Unique ID: b39fe2fa4a153964314c01f332e28467,
Execution Time for Trace ID b39fe2fa4a153964314c01f332e28467: 400 ms
Input: 5250000,
Cold Start: false
Unique ID: 09312b6c98a34a369cd9460f0ee39059,
Execution Time for Trace ID 09312b6c98a34a369cd9460f0ee39059: 385 ms
Input: 5250000,
Cold Start: false
Unique ID: 88024aeaed892bba5290495d2ed1a900,
Execution Time for Trace ID 88024aeaed892bba5290495d2ed1a900: 365 ms
Input: 5250000,
Cold Start: false
Unique ID: f596b6c99fcdde6b1e5f64aead3e331b,
Execution Time for Trace ID f596b6c99fcdde6b1e5f64aead3e331b: 345 ms
Input: 5250000,
Cold Start: false
Unique ID: bd5c3f7c69b43208a5fe0f6db794fb45,
Execution Time for Trace ID bd5c3f7c69b43208a5fe0f6db794fb45: 348 ms
Input: 5250000,
Cold Start: false
Unique ID: 6e13fad3272cdf9f83b441cab94a6bea,
Execution Time for Trace ID 6e13fad3272cdf9f83b441cab94a6bea: 375 ms
Input: 5250000,
Cold Start: false
Unique ID: 08c208a54ca6ce3cea98b7dc8ab91810,
Execution Time for Trace ID 08c208a54ca6ce3cea98b7dc8ab91810: 338 ms
Input: 5250000,
Cold Start: false
Unique ID: 2d55b63f8650e1fe889ba96a6c335aff,
Execution Time for Trace ID 2d55b63f8650e1fe889ba96a6c335aff: 375 ms
Input: 5250000,
Cold Start: false
Unique ID: 32b271e48bd46df74b5988ff8a74362f,
Execution Time for Trace ID 32b271e48bd46df74b5988ff8a74362f: 359 ms
Input: 5250000,
Cold Start: false
Unique ID: 82509a8f5e26728d87f05f000b7abfc4,
Execution Time for Trace ID 82509a8f5e26728d87f05f000b7abfc4: 382 ms
Input: 5250000,
Cold Start: false
Unique ID: b92eea1e5798e6914d95956b6ec5d5c1,
Execution Time for Trace ID b92eea1e5798e6914d95956b6ec5d5c1: 362 ms
Input: 5250000,
Cold Start: false
Unique ID: b2ec050a81067df0e86301bb40a0fe71,
Execution Time for Trace ID b2ec050a81067df0e86301bb40a0fe71: 393 ms
Input: 5250000,
Cold Start: false
Unique ID: b98a429e77555ceebe46fe0d616fa995,
Execution Time for Trace ID b98a429e77555ceebe46fe0d616fa995: 364 ms
Input: 5250000,
Cold Start: false
Unique ID: d8e09f9a6142d3a9e48af45410444c6d,
Execution Time for Trace ID d8e09f9a6142d3a9e48af45410444c6d: 400 ms
Input: 5250000,
Cold Start: false
Unique ID: fc2bbff56cbffa8edc34dc650baaa620,
Execution Time for Trace ID fc2bbff56cbffa8edc34dc650baaa620: 366 ms
Input: 5250000,
Cold Start: false
Unique ID: bd76910a342a282271b1f925a99afd30,
Execution Time for Trace ID bd76910a342a282271b1f925a99afd30: 467 ms
Input: 5250000,
Cold Start: false
Unique ID: 33675875dcebe41b443ca5e20d9ed18f,
Execution Time for Trace ID 33675875dcebe41b443ca5e20d9ed18f: 364 ms
Input: 5250000,
Cold Start: false
Unique ID: 47e4a6ae609c5c9d70d76dce9d69a66c,
Execution Time for Trace ID 47e4a6ae609c5c9d70d76dce9d69a66c: 428 ms
Input: 5250000,
Cold Start: false
Unique ID: 59712ff245b69538a583e5147cc73605,
Execution Time for Trace ID 59712ff245b69538a583e5147cc73605: 371 ms
Input: 5250000,
Cold Start: false
Unique ID: 5529804b6130fac8e04cd8dea3ae0b92,
Execution Time for Trace ID 5529804b6130fac8e04cd8dea3ae0b92: 400 ms
Input: 5250000,
Cold Start: false
Unique ID: ea5770e5c7a31e3343a0dd91fb6aa4e5,
Execution Time for Trace ID ea5770e5c7a31e3343a0dd91fb6aa4e5: 365 ms
Input: 5250000,
Cold Start: false
Unique ID: 06806a73b71332bfca59d5a3e1bce49f,
Execution Time for Trace ID 06806a73b71332bfca59d5a3e1bce49f: 411 ms
Input: 5250000,
Cold Start: false
Unique ID: 394a903c09c0ba5c461f1e8d1b303ab8,
Execution Time for Trace ID 394a903c09c0ba5c461f1e8d1b303ab8: 371 ms
Input: 5250000,
Cold Start: false
Unique ID: 51c98a7b3c09a35fb5cbc8994e65cb8c,
Execution Time for Trace ID 51c98a7b3c09a35fb5cbc8994e65cb8c: 403 ms
Input: 5250000,
Cold Start: false
Unique ID: 839932aef066c049ff0bd8133676fdcb,
Execution Time for Trace ID 839932aef066c049ff0bd8133676fdcb: 377 ms
Input: 5250000,
Cold Start: false
Unique ID: 994ab96b48b5518098fe5fc21fb0849f,
Execution Time for Trace ID 994ab96b48b5518098fe5fc21fb0849f: 342 ms
Input: 5250000,
Cold Start: false
Unique ID: 79b115793b35cba5a0d35e7d3dcd91c0,
Execution Time for Trace ID 79b115793b35cba5a0d35e7d3dcd91c0: 381 ms
Input: 5250000,
Cold Start: false
Unique ID: 78d510d537bba8510c97107aa0d01dbd,
Execution Time for Trace ID 78d510d537bba8510c97107aa0d01dbd: 359 ms
Input: 5250000,
Cold Start: false
Unique ID: cc80725f6db0388c191f5fc1e6ce9832,
Execution Time for Trace ID cc80725f6db0388c191f5fc1e6ce9832: 392 ms
Input: 5250000,
Cold Start: false
Unique ID: 2a3df14a34b4bae31ac571d57601ac67,
Execution Time for Trace ID 2a3df14a34b4bae31ac571d57601ac67: 370 ms
Input: 5250000,
Cold Start: false
Unique ID: df56561dc9fa6d10be0a39768a6a0d96,
Execution Time for Trace ID df56561dc9fa6d10be0a39768a6a0d96: 404 ms
Input: 5250000,
Cold Start: false
Unique ID: 9f4d89c6226173344dd724f30cc02243,
Execution Time for Trace ID 9f4d89c6226173344dd724f30cc02243: 376 ms
Input: 5250000,
Cold Start: false
Unique ID: ad597881135235d4f1064417c5d8ee4a,
Execution Time for Trace ID ad597881135235d4f1064417c5d8ee4a: 340 ms
Input: 5250000,
Cold Start: false
Unique ID: ec77ad9b67484d1aacdb86d4754b6681,
Execution Time for Trace ID ec77ad9b67484d1aacdb86d4754b6681: 382 ms
Input: 5250000,
Cold Start: false
Unique ID: e9aef7f56e8c4e3f6462af38dc43173d,
Execution Time for Trace ID e9aef7f56e8c4e3f6462af38dc43173d: 380 ms
Input: 5250000,
Cold Start: false
Unique ID: d3403e11b8c13f5a1bdd8b7d04ee9db5,
Execution Time for Trace ID d3403e11b8c13f5a1bdd8b7d04ee9db5: 390 ms
Input: 5250000,
Cold Start: false
Unique ID: ea4b0a7a0a9e04925152e9d52f99366b,
Execution Time for Trace ID ea4b0a7a0a9e04925152e9d52f99366b: 385 ms
Input: 5250000,
Cold Start: false
Unique ID: fd1770284c49a5c922a363b2d2a0cc23,
Execution Time for Trace ID fd1770284c49a5c922a363b2d2a0cc23: 395 ms
Input: 5250000,
Cold Start: false
Unique ID: 94426f2bc5bd26dd2fb996f612dab813,
Execution Time for Trace ID 94426f2bc5bd26dd2fb996f612dab813: 382 ms
Input: 5250000,
Cold Start: false
Unique ID: 394137b5c93031c84fe9162a0a66639a,
Execution Time for Trace ID 394137b5c93031c84fe9162a0a66639a: 369 ms
Input: 5250000,
Cold Start: false
Unique ID: 58c6b6b2c5227b9fb1208d68e4872061,
Execution Time for Trace ID 58c6b6b2c5227b9fb1208d68e4872061: 387 ms
Input: 5250000,
Cold Start: false
Unique ID: a272cd1d67d7ff1e1ff3ec42ff0fbc98,
Execution Time for Trace ID a272cd1d67d7ff1e1ff3ec42ff0fbc98: 453 ms
Input: 5250000,
Cold Start: false
Unique ID: b4e9e86d41081034a3fb849e7f91478e,
Execution Time for Trace ID b4e9e86d41081034a3fb849e7f91478e: 394 ms
Input: 5250000,
Cold Start: false
Unique ID: eed9e8794274b37bec343a6a351c338b,
Execution Time for Trace ID eed9e8794274b37bec343a6a351c338b: 360 ms
Input: 5250000,
Cold Start: false
Unique ID: 9dd0e80f1c3be2fbf4c2a9c9b2ba27bb,
Execution Time for Trace ID 9dd0e80f1c3be2fbf4c2a9c9b2ba27bb: 399 ms
Input: 5250000,
Cold Start: false
Unique ID: c249a49ad02be98685f024d9c4ca924d,
Execution Time for Trace ID c249a49ad02be98685f024d9c4ca924d: 355 ms
Input: 5250000,
Cold Start: false
Unique ID: 26c2913ed31c1c17f8f7cd24a9ebd52e,
Execution Time for Trace ID 26c2913ed31c1c17f8f7cd24a9ebd52e: 399 ms
Input: 5250000,
Cold Start: false
Unique ID: f950977a28f141235a51372257907fca,
Execution Time for Trace ID f950977a28f141235a51372257907fca: 355 ms
Input: 5250000,
Cold Start: false
Unique ID: 1fca52b4d7f999933365ec4618ce7fcd,
Execution Time for Trace ID 1fca52b4d7f999933365ec4618ce7fcd: 344 ms
Input: 5250000,
Cold Start: false
Unique ID: a51d6a03375e42941e2a50f3009064a1,
Execution Time for Trace ID a51d6a03375e42941e2a50f3009064a1: 366 ms
Input: 5250000,
Cold Start: false
Unique ID: 3b1ef416501621bac0e3f410c79d7616,
Execution Time for Trace ID 3b1ef416501621bac0e3f410c79d7616: 365 ms
Input: 5250000,
Cold Start: false
Unique ID: 15ae079900e5f708a9546d5f5ade44c4,
Execution Time for Trace ID 15ae079900e5f708a9546d5f5ade44c4: 363 ms
Input: 5250000,
Cold Start: false
Unique ID: 9195780b82b8230319eeef53c68acbc3,
Execution Time for Trace ID 9195780b82b8230319eeef53c68acbc3: 370 ms
Input: 5250000,
Cold Start: false
Unique ID: cd4d42df3c98dcbce72acc98ca58efbf,
Execution Time for Trace ID cd4d42df3c98dcbce72acc98ca58efbf: 373 ms
Input: 5250000,
Cold Start: false
Unique ID: 73c324e268edbaa4b3bd5a639a588b7a,
Execution Time for Trace ID 73c324e268edbaa4b3bd5a639a588b7a: 384 ms
Input: 5250000,
Cold Start: false
Unique ID: 6664d8e2b9b05d279734e2d38097291c,
Execution Time for Trace ID 6664d8e2b9b05d279734e2d38097291c: 370 ms
Input: 5250000,
Cold Start: false
Unique ID: 57ec34afebea66c5fa125b74d29c43cd,
Execution Time for Trace ID 57ec34afebea66c5fa125b74d29c43cd: 378 ms
Input: 5250000,
Cold Start: false
Unique ID: cd541c7191dedccc1a0fad584cfc9fc3,
Execution Time for Trace ID cd541c7191dedccc1a0fad584cfc9fc3: 373 ms
Input: 5250000,
Cold Start: false
Unique ID: 20bc45347a7722b77697981f52a83ccc,
Execution Time for Trace ID 20bc45347a7722b77697981f52a83ccc: 388 ms
Input: 5250000,
Cold Start: false
Unique ID: f9f730c7ffa60049998e7db05bd8e0bd,
Execution Time for Trace ID f9f730c7ffa60049998e7db05bd8e0bd: 376 ms
Input: 5250000,
Cold Start: false
Unique ID: 4e6d41550d91d329de26a486a33671f2,
Execution Time for Trace ID 4e6d41550d91d329de26a486a33671f2: 389 ms
Input: 5250000,
Cold Start: false
Unique ID: 872d6f7a27ea25727387426baaa3ed42,
Execution Time for Trace ID 872d6f7a27ea25727387426baaa3ed42: 392 ms
Input: 5250000,
Cold Start: false
Unique ID: 6b2b49a736801847e7293355473c8356,
Execution Time for Trace ID 6b2b49a736801847e7293355473c8356: 366 ms
Input: 5250000,
Cold Start: false
Unique ID: c7a27dc3a1171fd43061203cd8dec126,
Execution Time for Trace ID c7a27dc3a1171fd43061203cd8dec126: 395 ms
Input: 5250000,
Cold Start: false
Unique ID: b93da380e83839a3d5b4c7ecbefbd79c,
Execution Time for Trace ID b93da380e83839a3d5b4c7ecbefbd79c: 389 ms
Input: 5250000,
Cold Start: false
Unique ID: 27e7d008808efdffbafd5a71767306eb,
Execution Time for Trace ID 27e7d008808efdffbafd5a71767306eb: 389 ms
Input: 5250000,
Cold Start: false
Unique ID: 57e4d035b46dbff0da6facbed167b829,
Execution Time for Trace ID 57e4d035b46dbff0da6facbed167b829: 396 ms
Input: 5250000,
Cold Start: false
Unique ID: 9d5625a1d75d0ece27992b5fb2705540,
Execution Time for Trace ID 9d5625a1d75d0ece27992b5fb2705540: 459 ms
Input: 5250000,
Cold Start: false
Unique ID: 444e63526ae408b768724b461b4e7a4a,
Execution Time for Trace ID 444e63526ae408b768724b461b4e7a4a: 351 ms
Input: 5250000,
Cold Start: false
Unique ID: d3ac3cba2cd9b0e17f9f7ba315e4c2fd,
Execution Time for Trace ID d3ac3cba2cd9b0e17f9f7ba315e4c2fd: 293 ms
Input: 5250000,
Cold Start: false
Unique ID: e3c1e6bf98a6d7d164ec33d62c8ef019,
Execution Time for Trace ID e3c1e6bf98a6d7d164ec33d62c8ef019: 284 ms
Input: 5250000,
Cold Start: false
Unique ID: d946efd2881a697a0a6382e79f068289,
Execution Time for Trace ID d946efd2881a697a0a6382e79f068289: 307 ms
Input: 5250000,
Cold Start: false
Unique ID: 538a307b8dfe036e093d81a7b98d4b14,
Execution Time for Trace ID 538a307b8dfe036e093d81a7b98d4b14: 284 ms
Input: 5250000,
Cold Start: false
Unique ID: 618cf4d38317b78ba0d46394bf99a707,
Execution Time for Trace ID 618cf4d38317b78ba0d46394bf99a707: 298 ms
Input: 5250000,
Cold Start: false
Unique ID: 0b188254bc2c207749f3e16c041f5018,
Execution Time for Trace ID 0b188254bc2c207749f3e16c041f5018: 348 ms
Input: 5250000,
Cold Start: false
Unique ID: e6377b59004fd63b1b5c1dcf87ac01ef,
Execution Time for Trace ID e6377b59004fd63b1b5c1dcf87ac01ef: 369 ms
Input: 5250000,
Cold Start: false
Unique ID: d5fe31af75b7680aaacd6cc5707bf4c9,
Execution Time for Trace ID d5fe31af75b7680aaacd6cc5707bf4c9: 351 ms
Input: 5250000,
Cold Start: false
Unique ID: fb206afa1932c889aacd6cc5707bfe04,
Execution Time for Trace ID fb206afa1932c889aacd6cc5707bfe04: 354 ms
Input: 5250000,
Cold Start: false
Unique ID: 6bfb92b22cd23728d6612391cb87ee2d,
Execution Time for Trace ID 6bfb92b22cd23728d6612391cb87ee2d: 361 ms
Input: 5250000,
Cold Start: false
Unique ID: e0304e26228a6b7645f28a1a4f64582f,
Execution Time for Trace ID e0304e26228a6b7645f28a1a4f64582f: 362 ms
Input: 5250000,
Cold Start: false
Unique ID: 634a58221cb68d4243ac3f817226f967,
Execution Time for Trace ID 634a58221cb68d4243ac3f817226f967: 362 ms
Input: 5250000,
Cold Start: false
Unique ID: 68d7ac31977b638221fa6639925258d0,
Execution Time for Trace ID 68d7ac31977b638221fa6639925258d0: 369 ms
Input: 5250000,
Cold Start: false
Unique ID: a05db2ba10f27f3bdbd8ba45e8643bc0,
Execution Time for Trace ID a05db2ba10f27f3bdbd8ba45e8643bc0: 360 ms
Input: 5250000,
Cold Start: false
Unique ID: 84684342acaf3702d807cf42bebeaad3,
Execution Time for Trace ID 84684342acaf3702d807cf42bebeaad3: 377 ms
Input: 5250000,
Cold Start: false
Unique ID: 4b7166350f9c6c94027b90d96a673404,
Execution Time for Trace ID 4b7166350f9c6c94027b90d96a673404: 376 ms
Input: 5250000,
Cold Start: false
Unique ID: be5687f1b060b88d0a16334467712904,
Execution Time for Trace ID be5687f1b060b88d0a16334467712904: 386 ms
Input: 5250000,
Cold Start: false
Unique ID: 7ac9972ce67fbcf6f3bea9baf704065c,
Execution Time for Trace ID 7ac9972ce67fbcf6f3bea9baf704065c: 390 ms
Input: 5250000,
Cold Start: false
Unique ID: 7c362bee24757fd9905bf49283a576c5,
Execution Time for Trace ID 7c362bee24757fd9905bf49283a576c5: 380 ms
Input: 5250000,
Cold Start: false
Unique ID: 2a98480c54d726002f688910f74a142b,
Execution Time for Trace ID 2a98480c54d726002f688910f74a142b: 388 ms
Input: 5250000,
Cold Start: false
Unique ID: 2d235edc8a39ed4d2e110d9b9abbfe44,
Execution Time for Trace ID 2d235edc8a39ed4d2e110d9b9abbfe44: 365 ms
Input: 5250000,
Cold Start: false
Unique ID: f6f98e7f12ad3c8a30e0aca21cbcbe4b,
Execution Time for Trace ID f6f98e7f12ad3c8a30e0aca21cbcbe4b: 447 ms
Input: 5250000,
Cold Start: false
