Unique ID: 46af5a8ce5cc85c9b495f32faff7ebc9,
Execution Time for Trace ID 46af5a8ce5cc85c9b495f32faff7ebc9: 1579 ms
Input: 5250000,
Cold Start: false
Unique ID: ff8bc4ec7be2cf72ab0f33e9ada58bd9,
Execution Time for Trace ID ff8bc4ec7be2cf72ab0f33e9ada58bd9: 1539 ms
Input: 5250000,
Cold Start: false
Unique ID: 76a10315a9786d94c69ec079edc60a00,
Execution Time for Trace ID 76a10315a9786d94c69ec079edc60a00: 1465 ms
Input: 5250000,
Cold Start: false
Unique ID: c9fc1c33c081ef6b62f579748ebb2f0a,
Execution Time for Trace ID c9fc1c33c081ef6b62f579748ebb2f0a: 2244 ms
Input: 5250000,
Cold Start: false
Unique ID: adcd18aed45a036e3d737db4530facff,
Execution Time for Trace ID adcd18aed45a036e3d737db4530facff: 2153 ms
Input: 5250000,
Cold Start: false
Unique ID: 6dd562f2118035210d8829157672c5f0,
Execution Time for Trace ID 6dd562f2118035210d8829157672c5f0: 1493 ms
Input: 5250000,
Cold Start: false
Unique ID: f1fc4fa5a53711fb4e1aed84fdfd11d7,
Execution Time for Trace ID f1fc4fa5a53711fb4e1aed84fdfd11d7: 1472 ms
Input: 5250000,
Cold Start: false
Unique ID: 3f986301f60c48ea5a78bf2989012d0e,
Execution Time for Trace ID 3f986301f60c48ea5a78bf2989012d0e: 1791 ms
Input: 5250000,
Cold Start: false
Unique ID: 29341e21d8f75eccdea343b4e28a82d0,
Execution Time for Trace ID 29341e21d8f75eccdea343b4e28a82d0: 1779 ms
Input: 5250000,
Cold Start: false
Unique ID: 9b77449ac76afd90b861cdc0083fd05b,
Execution Time for Trace ID 9b77449ac76afd90b861cdc0083fd05b: 1743 ms
Input: 5250000,
Cold Start: false
Unique ID: 85e48c3817febd182d4d9d77a80566ab,
Execution Time for Trace ID 85e48c3817febd182d4d9d77a80566ab: 1517 ms
Input: 5250000,
Cold Start: false
Unique ID: 840dc6587d0f85d9b421791a75d7bab3,
Execution Time for Trace ID 840dc6587d0f85d9b421791a75d7bab3: 1777 ms
Input: 5250000,
Cold Start: false
Unique ID: 4ea09c1a2e0100ca69c94d4381dd53dc,
Execution Time for Trace ID 4ea09c1a2e0100ca69c94d4381dd53dc: 1731 ms
Input: 5250000,
Cold Start: false
Unique ID: dd15aea7ba72ff46d97e28332cf6e5a9,
Execution Time for Trace ID dd15aea7ba72ff46d97e28332cf6e5a9: 1646 ms
Input: 5250000,
Cold Start: false
Unique ID: 72a689c7959aa74a7b7bb7ab24d8d419,
Execution Time for Trace ID 72a689c7959aa74a7b7bb7ab24d8d419: 1791 ms
Input: 5250000,
Cold Start: false
Unique ID: 1e1ed4d8be7d0c8b4cd0e6807ce1d088,
Execution Time for Trace ID 1e1ed4d8be7d0c8b4cd0e6807ce1d088: 1494 ms
Input: 5250000,
Cold Start: false
Unique ID: 9389db36ebf59a575e74f32687dd861f,
Execution Time for Trace ID 9389db36ebf59a575e74f32687dd861f: 1507 ms
Input: 5250000,
Cold Start: false
Unique ID: 6fa5d50204f1ef2fe96f9ce6be1ef969,
Execution Time for Trace ID 6fa5d50204f1ef2fe96f9ce6be1ef969: 1969 ms
Input: 5250000,
Cold Start: false
Unique ID: 11dc7d0a5f7096c975689c10c9af4e33,
Execution Time for Trace ID 11dc7d0a5f7096c975689c10c9af4e33: 1926 ms
Input: 5250000,
Cold Start: false
Unique ID: 610a60d122829152b6dfc734c062534b,
Execution Time for Trace ID 610a60d122829152b6dfc734c062534b: 1992 ms
Input: 5250000,
Cold Start: false
Unique ID: 9ef1a74a7859c2fdd0da60289cd8c68f,
Execution Time for Trace ID 9ef1a74a7859c2fdd0da60289cd8c68f: 1450 ms
Input: 5250000,
Cold Start: false
Unique ID: e9a2cc8be8c241ad4965205688277d0b,
Execution Time for Trace ID e9a2cc8be8c241ad4965205688277d0b: 1574 ms
Input: 5250000,
Cold Start: false
Unique ID: 926bb400b94df139def17fa6245607ce,
Execution Time for Trace ID 926bb400b94df139def17fa6245607ce: 1844 ms
Input: 5250000,
Cold Start: false
Unique ID: f76c4ef74659e4f4b735451e5d57be12,
Execution Time for Trace ID f76c4ef74659e4f4b735451e5d57be12: 1804 ms
Input: 5250000,
Cold Start: false
Unique ID: 27652d1436c00143a417d853faa06d06,
Execution Time for Trace ID 27652d1436c00143a417d853faa06d06: 2116 ms
Input: 5250000,
Cold Start: false
Unique ID: 1824c178935ff0c76c4031261884a00e,
Execution Time for Trace ID 1824c178935ff0c76c4031261884a00e: 1569 ms
Input: 5250000,
Cold Start: false
Unique ID: 993b29446df684a4bd6e171c44003346,
Execution Time for Trace ID 993b29446df684a4bd6e171c44003346: 1691 ms
Input: 5250000,
Cold Start: false
Unique ID: 858b73f0cd06352ee2eca0fd3427992d,
Execution Time for Trace ID 858b73f0cd06352ee2eca0fd3427992d: 1917 ms
Input: 5250000,
Cold Start: false
Unique ID: 741eada309113218091c4a56386f01d1,
Execution Time for Trace ID 741eada309113218091c4a56386f01d1: 1956 ms
Input: 5250000,
Cold Start: false
Unique ID: 108d7136cb445ca2a432d7ddbeff9342,
Execution Time for Trace ID 108d7136cb445ca2a432d7ddbeff9342: 2033 ms
Input: 5250000,
Cold Start: false
Unique ID: 80104743c08561ce0ff3fb2e8fb5dd7a,
Execution Time for Trace ID 80104743c08561ce0ff3fb2e8fb5dd7a: 1490 ms
Input: 5250000,
Cold Start: false
Unique ID: 31f3fad54483a09d1a7bd47026f27999,
Execution Time for Trace ID 31f3fad54483a09d1a7bd47026f27999: 1676 ms
Input: 5250000,
Cold Start: false
Unique ID: 24fb1d05e61224c9dbc9b00c6b504224,
Execution Time for Trace ID 24fb1d05e61224c9dbc9b00c6b504224: 1732 ms
Input: 5250000,
Cold Start: false
Unique ID: 6d36a19327b350e20c06c34857deb9ea,
Execution Time for Trace ID 6d36a19327b350e20c06c34857deb9ea: 1637 ms
Input: 5250000,
Cold Start: false
Unique ID: 8ab38264fec63f88f7306bb0e25012ae,
Execution Time for Trace ID 8ab38264fec63f88f7306bb0e25012ae: 1435 ms
Input: 5250000,
Cold Start: false
Unique ID: f4d3ae4bfef4681def1c049a86684afd,
Execution Time for Trace ID f4d3ae4bfef4681def1c049a86684afd: 1955 ms
Input: 5250000,
Cold Start: true
Unique ID: c7a6f5142a1462809712150d4e17cdde,
Execution Time for Trace ID c7a6f5142a1462809712150d4e17cdde: 1723 ms
Input: 5250000,
Cold Start: false
Unique ID: 51e90af30c5beb4e988fbe87f4569646,
Execution Time for Trace ID 51e90af30c5beb4e988fbe87f4569646: 1601 ms
Input: 5250000,
Cold Start: false
Unique ID: 277dff565717d020370e153662af055e,
Execution Time for Trace ID 277dff565717d020370e153662af055e: 1705 ms
Input: 5250000,
Cold Start: false
Unique ID: 6768b5772202c98685f5f30d2e6c5832,
Execution Time for Trace ID 6768b5772202c98685f5f30d2e6c5832: 1817 ms
Input: 5250000,
Cold Start: false
Unique ID: 64614dc4401b3e906a88437a86390a3e,
Execution Time for Trace ID 64614dc4401b3e906a88437a86390a3e: 1642 ms
Input: 5250000,
Cold Start: false
Unique ID: 3b3caa4fc9e9e410fa580ef38c7dbbc0,
Execution Time for Trace ID 3b3caa4fc9e9e410fa580ef38c7dbbc0: 1813 ms
Input: 5250000,
Cold Start: false
Unique ID: ddb69ea77ce911a548fab09c0ecd7971,
Execution Time for Trace ID ddb69ea77ce911a548fab09c0ecd7971: 1767 ms
Input: 5250000,
Cold Start: false
Unique ID: 7ea24b4837d8f40a837714f55f1fbabb,
Execution Time for Trace ID 7ea24b4837d8f40a837714f55f1fbabb: 1709 ms
Input: 5250000,
Cold Start: false
Unique ID: 0bcb3d6802e705848ea643a76375a01f,
Execution Time for Trace ID 0bcb3d6802e705848ea643a76375a01f: 1787 ms
Input: 5250000,
Cold Start: false
Unique ID: 614d3c2e140bb29cc8baeb75000ce596,
Execution Time for Trace ID 614d3c2e140bb29cc8baeb75000ce596: 1510 ms
Input: 5250000,
Cold Start: false
Unique ID: 787170584baeb44bfdf950fb6ffe968f,
Execution Time for Trace ID 787170584baeb44bfdf950fb6ffe968f: 1503 ms
Input: 5250000,
Cold Start: false
Unique ID: d9751b220ffe4f3e21613abe28a6e27a,
Execution Time for Trace ID d9751b220ffe4f3e21613abe28a6e27a: 637 ms
Input: 5250000,
Cold Start: false
Unique ID: 1eb5c560bc5f3eed18187e53b696aa9a,
Execution Time for Trace ID 1eb5c560bc5f3eed18187e53b696aa9a: 1780 ms
Input: 5250000,
Cold Start: false
Unique ID: 08da5c67595c0a794ee8255c6b33605e,
Execution Time for Trace ID 08da5c67595c0a794ee8255c6b33605e: 1818 ms
Input: 5250000,
Cold Start: false
Unique ID: cc01ab555d4798e7708d1750f9a68979,
Execution Time for Trace ID cc01ab555d4798e7708d1750f9a68979: 1887 ms
Input: 5250000,
Cold Start: false
Unique ID: c1f193ae5d0008bad7a26c7f6f597db6,
Execution Time for Trace ID c1f193ae5d0008bad7a26c7f6f597db6: 1425 ms
Input: 5250000,
Cold Start: false
Unique ID: a3d4d2020a7f800193e26ebc65fca16f,
Execution Time for Trace ID a3d4d2020a7f800193e26ebc65fca16f: 551 ms
Input: 5250000,
Cold Start: false
Unique ID: 6cf6c6822a043486a28cbf1458bccd46,
Execution Time for Trace ID 6cf6c6822a043486a28cbf1458bccd46: 1467 ms
Input: 5250000,
Cold Start: false
Unique ID: 4158ecae266537ea20ff333338b06b3c,
Execution Time for Trace ID 4158ecae266537ea20ff333338b06b3c: 1687 ms
Input: 5250000,
Cold Start: false
Unique ID: f984e61e7d1c02d6ce73431f0bbd5e29,
Execution Time for Trace ID f984e61e7d1c02d6ce73431f0bbd5e29: 2032 ms
Input: 5250000,
Cold Start: false
Unique ID: e6c928f37c4505011af5e3631b28e384,
Execution Time for Trace ID e6c928f37c4505011af5e3631b28e384: 1477 ms
Input: 5250000,
Cold Start: false
Unique ID: adb673a62694fb757c0170750ee41716,
Execution Time for Trace ID adb673a62694fb757c0170750ee41716: 1431 ms
Input: 5250000,
Cold Start: false
Unique ID: b2567e885c8bf6830b40667a232143cd,
Execution Time for Trace ID b2567e885c8bf6830b40667a232143cd: 1521 ms
Input: 5250000,
Cold Start: false
Unique ID: d25bc629b9a97a41a9f61944d64b4f44,
Execution Time for Trace ID d25bc629b9a97a41a9f61944d64b4f44: 1447 ms
Input: 5250000,
Cold Start: false
Unique ID: 3efb34ae4d3ef3b65a0181758ab3b3bc,
Execution Time for Trace ID 3efb34ae4d3ef3b65a0181758ab3b3bc: 1428 ms
Input: 5250000,
Cold Start: false
Unique ID: 907c568452a1525c4d38e22e3b346b4a,
Execution Time for Trace ID 907c568452a1525c4d38e22e3b346b4a: 1645 ms
Input: 5250000,
Cold Start: false
Unique ID: 5e19757ee619841e6ec7f1d853301cfc,
Execution Time for Trace ID 5e19757ee619841e6ec7f1d853301cfc: 1592 ms
Input: 5250000,
Cold Start: false
Unique ID: a3aba1de8478bccc92e6e44edeacb2be,
Execution Time for Trace ID a3aba1de8478bccc92e6e44edeacb2be: 1527 ms
Input: 5250000,
Cold Start: false
Unique ID: da84a08369e6f046eed10a99ffc03e0e,
Execution Time for Trace ID da84a08369e6f046eed10a99ffc03e0e: 1515 ms
Input: 5250000,
Cold Start: false
Unique ID: 06891b88490606bb2e37faa5c7bfb1f9,
Execution Time for Trace ID 06891b88490606bb2e37faa5c7bfb1f9: 1508 ms
Input: 5250000,
Cold Start: false
Unique ID: c4f056bc80c90cc720d2b81e1d20b5b4,
Execution Time for Trace ID c4f056bc80c90cc720d2b81e1d20b5b4: 1480 ms
Input: 5250000,
Cold Start: false
Unique ID: 29afb5e9d717db11434cab0b4b1f5958,
Execution Time for Trace ID 29afb5e9d717db11434cab0b4b1f5958: 1471 ms
Input: 5250000,
Cold Start: false
Unique ID: 8d3bca90247180287210a8f8ad0452d5,
Execution Time for Trace ID 8d3bca90247180287210a8f8ad0452d5: 1497 ms
Input: 5250000,
Cold Start: false
Unique ID: 3d2ab3b44a2e17b67085a375a6f54bb3,
Execution Time for Trace ID 3d2ab3b44a2e17b67085a375a6f54bb3: 1574 ms
Input: 5250000,
Cold Start: false
Unique ID: 815d51305a185248f83a8330ab32d939,
Execution Time for Trace ID 815d51305a185248f83a8330ab32d939: 1422 ms
Input: 5250000,
Cold Start: false
Unique ID: 9e2409f7682e913969ff4146033415b5,
Execution Time for Trace ID 9e2409f7682e913969ff4146033415b5: 1575 ms
Input: 5250000,
Cold Start: false
Unique ID: 435c1f101eee70003c9030bd3be35645,
Execution Time for Trace ID 435c1f101eee70003c9030bd3be35645: 1486 ms
Input: 5250000,
Cold Start: false
Unique ID: b99f81280d7f022bfcaa345245315b9f,
Execution Time for Trace ID b99f81280d7f022bfcaa345245315b9f: 1790 ms
Input: 5250000,
Cold Start: false
Unique ID: 1729c8f25ac34f48033129aa23c15778,
Execution Time for Trace ID 1729c8f25ac34f48033129aa23c15778: 1739 ms
Input: 5250000,
Cold Start: false
Unique ID: cd9074865443ab47cd6ec016c0188474,
Execution Time for Trace ID cd9074865443ab47cd6ec016c0188474: 1503 ms
Input: 5250000,
Cold Start: false
Unique ID: 3271e3e59efddfdb1ef75a9652729be8,
Execution Time for Trace ID 3271e3e59efddfdb1ef75a9652729be8: 1520 ms
Input: 5250000,
Cold Start: false
Unique ID: f6e06331f752a49a9d6e17d28be9517b,
Execution Time for Trace ID f6e06331f752a49a9d6e17d28be9517b: 1660 ms
Input: 5250000,
Cold Start: false
Unique ID: 73257cc8895013693be72c195b295948,
Execution Time for Trace ID 73257cc8895013693be72c195b295948: 1729 ms
Input: 5250000,
Cold Start: false
Unique ID: 15268693825f78523409e1e4ae46a8f6,
Execution Time for Trace ID 15268693825f78523409e1e4ae46a8f6: 1651 ms
Input: 5250000,
Cold Start: false
Unique ID: 618c919aa45a91168c3eebfabd31bad3,
Execution Time for Trace ID 618c919aa45a91168c3eebfabd31bad3: 1237 ms
Input: 5250000,
Cold Start: false
Unique ID: b98a77fe75989d5c52bb566913dafa18,
Execution Time for Trace ID b98a77fe75989d5c52bb566913dafa18: 1468 ms
Input: 5250000,
Cold Start: false
Unique ID: fcb2509864b09202367a18fb3182d110,
Execution Time for Trace ID fcb2509864b09202367a18fb3182d110: 1515 ms
Input: 5250000,
Cold Start: false
Unique ID: 3b40f738f04075cd26d00678f0660af5,
Execution Time for Trace ID 3b40f738f04075cd26d00678f0660af5: 1528 ms
Input: 5250000,
Cold Start: false
Unique ID: a9bc65907bfba3fe7d8d5f39097cc7ec,
Execution Time for Trace ID a9bc65907bfba3fe7d8d5f39097cc7ec: 1783 ms
Input: 5250000,
Cold Start: false
Unique ID: ca14c6f956b0ef94013b738304b19df6,
Execution Time for Trace ID ca14c6f956b0ef94013b738304b19df6: 1428 ms
Input: 5250000,
Cold Start: false
Unique ID: 14817dd2baba9279bc1d82078d52306c,
Execution Time for Trace ID 14817dd2baba9279bc1d82078d52306c: 1464 ms
Input: 5250000,
Cold Start: false
Unique ID: 9571007a075f5d65f0ee740000abdd4e,
Execution Time for Trace ID 9571007a075f5d65f0ee740000abdd4e: 1647 ms
Input: 5250000,
Cold Start: false
Unique ID: b64160d261052c1ade27375488d1e6c9,
Execution Time for Trace ID b64160d261052c1ade27375488d1e6c9: 1511 ms
Input: 5250000,
Cold Start: false
Unique ID: 5e627c81a9c6d0cdf9e6e6854f81574d,
Execution Time for Trace ID 5e627c81a9c6d0cdf9e6e6854f81574d: 1746 ms
Input: 5250000,
Cold Start: false
Unique ID: b20ecf6558e5ba26b8fe6f5a4277e08d,
Execution Time for Trace ID b20ecf6558e5ba26b8fe6f5a4277e08d: 1471 ms
Input: 5250000,
Cold Start: false
Unique ID: 4ebb70ca27a5405a68c7fe3815caf438,
Execution Time for Trace ID 4ebb70ca27a5405a68c7fe3815caf438: 1496 ms
Input: 5250000,
Cold Start: false
Unique ID: 7ce98e11717e1cf9bc7d96419bd56b9a,
Execution Time for Trace ID 7ce98e11717e1cf9bc7d96419bd56b9a: 1655 ms
Input: 5250000,
Cold Start: false
Unique ID: e7569c87ebed2c71b32ab31e641a649d,
Execution Time for Trace ID e7569c87ebed2c71b32ab31e641a649d: 1613 ms
Input: 5250000,
Cold Start: false
Unique ID: 5e67706e59ca8ab073e8280f28d6d3a6,
Execution Time for Trace ID 5e67706e59ca8ab073e8280f28d6d3a6: 2008 ms
Input: 5250000,
Cold Start: false
Unique ID: 6b1d239bcb240e4632ab696cf88c9572,
Execution Time for Trace ID 6b1d239bcb240e4632ab696cf88c9572: 1489 ms
Input: 5250000,
Cold Start: false
Unique ID: baa804e86841d3e297d05b3e9673e7f0,
Execution Time for Trace ID baa804e86841d3e297d05b3e9673e7f0: 1555 ms
Input: 5250000,
Cold Start: false
Unique ID: 3bf8749757c238ea970e644a813ac07f,
Execution Time for Trace ID 3bf8749757c238ea970e644a813ac07f: 1523 ms
Input: 5250000,
Cold Start: false
Unique ID: f50d2d77486ec79a3974751000ecb635,
Execution Time for Trace ID f50d2d77486ec79a3974751000ecb635: 1794 ms
Input: 5250000,
Cold Start: false
Unique ID: 45d7f61924e521b4503f55cca0d4a721,
Execution Time for Trace ID 45d7f61924e521b4503f55cca0d4a721: 1847 ms
Input: 5250000,
Cold Start: false
Unique ID: 8a1c8f22ffe08c6f40f87fc61975da19,
Execution Time for Trace ID 8a1c8f22ffe08c6f40f87fc61975da19: 1542 ms
Input: 5250000,
Cold Start: false
Unique ID: a0085ffc1850980e48092b878a7aece8,
Execution Time for Trace ID a0085ffc1850980e48092b878a7aece8: 1838 ms
Input: 5250000,
Cold Start: false
Unique ID: c728cb0adbc325228f8035c6c02a8a4b,
Execution Time for Trace ID c728cb0adbc325228f8035c6c02a8a4b: 1863 ms
Input: 5250000,
Cold Start: false
Unique ID: 6d13689dcab5fd2887633ffeb7ebbeef,
Execution Time for Trace ID 6d13689dcab5fd2887633ffeb7ebbeef: 1975 ms
Input: 5250000,
Cold Start: false
Unique ID: bfe1395fb67c58e56ca42a55b735d65e,
Execution Time for Trace ID bfe1395fb67c58e56ca42a55b735d65e: 2232 ms
Input: 5250000,
Cold Start: false
Unique ID: c5a55cb42864f8d92759407b4cccefae,
Execution Time for Trace ID c5a55cb42864f8d92759407b4cccefae: 1477 ms
Input: 5250000,
Cold Start: false
Unique ID: 954aacb7c1b02c151d284eb7a4809626,
Execution Time for Trace ID 954aacb7c1b02c151d284eb7a4809626: 1581 ms
Input: 5250000,
Cold Start: false
Unique ID: 58cfd600bbca5f7b782ae2278ca58644,
Execution Time for Trace ID 58cfd600bbca5f7b782ae2278ca58644: 1534 ms
Input: 5250000,
Cold Start: false
Unique ID: 43befa7a52b2de48f8ebe2fc31bdbd23,
Execution Time for Trace ID 43befa7a52b2de48f8ebe2fc31bdbd23: 1632 ms
Input: 5250000,
Cold Start: false
Unique ID: 54ebda025d7023a70a89b9b5834c4f18,
Execution Time for Trace ID 54ebda025d7023a70a89b9b5834c4f18: 2057 ms
Input: 5250000,
Cold Start: false
Unique ID: d0fe65fb2d5d3456ae64e8fc8db10394,
Execution Time for Trace ID d0fe65fb2d5d3456ae64e8fc8db10394: 1482 ms
Input: 5250000,
Cold Start: false
Unique ID: 4bf19e13c6851028ab6512caf9ede3c1,
Execution Time for Trace ID 4bf19e13c6851028ab6512caf9ede3c1: 1591 ms
Input: 5250000,
Cold Start: false
Unique ID: 699c707979a9c1076918010f11408628,
Execution Time for Trace ID 699c707979a9c1076918010f11408628: 1811 ms
Input: 5250000,
Cold Start: false
Unique ID: ea9253c58d5de1010280b8b9432dc4f0,
Execution Time for Trace ID ea9253c58d5de1010280b8b9432dc4f0: 1895 ms
Input: 5250000,
Cold Start: false
Unique ID: 7b173e8747e52ca9e64e22b484bbed70,
Execution Time for Trace ID 7b173e8747e52ca9e64e22b484bbed70: 1822 ms
Input: 5250000,
Cold Start: false
Unique ID: c970cd75e6e06fd19d332ee83e246e57,
Execution Time for Trace ID c970cd75e6e06fd19d332ee83e246e57: 1480 ms
Input: 5250000,
Cold Start: false
Unique ID: 8257bfd96f16b9dce7affe8ee022fedc,
Execution Time for Trace ID 8257bfd96f16b9dce7affe8ee022fedc: 1444 ms
Input: 5250000,
Cold Start: false
Unique ID: a404f8c8b7e6fd0473295f777670662c,
Execution Time for Trace ID a404f8c8b7e6fd0473295f777670662c: 1494 ms
Input: 5250000,
Cold Start: false
Unique ID: fc23391d00cbb8505c22b6f9d82d8c16,
Execution Time for Trace ID fc23391d00cbb8505c22b6f9d82d8c16: 1484 ms
Input: 5250000,
Cold Start: false
Unique ID: d50ba8476280e59b4a3f65f78b3c9ea8,
Execution Time for Trace ID d50ba8476280e59b4a3f65f78b3c9ea8: 1751 ms
Input: 5250000,
Cold Start: false
Unique ID: e87ffb74fbbe3d920338755a8eada17d,
Execution Time for Trace ID e87ffb74fbbe3d920338755a8eada17d: 1493 ms
Input: 5250000,
Cold Start: false
Unique ID: f9fd5d76f5af2ae825f57f3ef57b10c1,
Execution Time for Trace ID f9fd5d76f5af2ae825f57f3ef57b10c1: 1463 ms
Input: 5250000,
Cold Start: false
Unique ID: 2f7b32d33dcd30e0a2592fd1420caaf7,
Execution Time for Trace ID 2f7b32d33dcd30e0a2592fd1420caaf7: 1490 ms
Input: 5250000,
Cold Start: false
Unique ID: 048e915126db0af86f8269328ed347e9,
Execution Time for Trace ID 048e915126db0af86f8269328ed347e9: 1608 ms
Input: 5250000,
Cold Start: false
Unique ID: 041eb00441c79f11a2194752cde5d4d8,
Execution Time for Trace ID 041eb00441c79f11a2194752cde5d4d8: 1903 ms
Input: 5250000,
Cold Start: false
Unique ID: e45c15102bafe019a777125113072013,
Execution Time for Trace ID e45c15102bafe019a777125113072013: 1499 ms
Input: 5250000,
Cold Start: false
Unique ID: ee24d78884b148454965ed03cd8ef27a,
Execution Time for Trace ID ee24d78884b148454965ed03cd8ef27a: 1516 ms
Input: 5250000,
Cold Start: false
Unique ID: f7f6de31fa46202828cb7a40c2ee7bcd,
Execution Time for Trace ID f7f6de31fa46202828cb7a40c2ee7bcd: 1494 ms
Input: 5250000,
Cold Start: false
Unique ID: 0ab0214ee7d55c2e62717a98bbfebbdc,
Execution Time for Trace ID 0ab0214ee7d55c2e62717a98bbfebbdc: 1552 ms
Input: 5250000,
Cold Start: false
Unique ID: 53eebb9aba8ed3be48d1a0bb0267b4d5,
Execution Time for Trace ID 53eebb9aba8ed3be48d1a0bb0267b4d5: 2034 ms
Input: 5250000,
Cold Start: false
Unique ID: e1e32935928319ec6521578795d3dc15,
Execution Time for Trace ID e1e32935928319ec6521578795d3dc15: 1470 ms
Input: 5250000,
Cold Start: false
Unique ID: 457120ddce67a97d6b251f48e1a49a7b,
Execution Time for Trace ID 457120ddce67a97d6b251f48e1a49a7b: 1651 ms
Input: 5250000,
Cold Start: false
Unique ID: 7f4282b1486a96b57e1231f9e2390427,
Execution Time for Trace ID 7f4282b1486a96b57e1231f9e2390427: 1523 ms
Input: 5250000,
Cold Start: false
Unique ID: 1eea9e4093d34606b3bd5dbd5682feb2,
Execution Time for Trace ID 1eea9e4093d34606b3bd5dbd5682feb2: 1669 ms
Input: 5250000,
Cold Start: false
Unique ID: 2afcd0f8912bca259dfc71dafbd67818,
Execution Time for Trace ID 2afcd0f8912bca259dfc71dafbd67818: 2342 ms
Input: 5250000,
Cold Start: false
Unique ID: 63447bf6eb7bf0f3a6b2f9e3ec0e1213,
Execution Time for Trace ID 63447bf6eb7bf0f3a6b2f9e3ec0e1213: 1452 ms
Input: 5250000,
Cold Start: false
Unique ID: 2d2f4a5de2ba9ea6f61c2007b05d6fdd,
Execution Time for Trace ID 2d2f4a5de2ba9ea6f61c2007b05d6fdd: 1471 ms
Input: 5250000,
Cold Start: false
Unique ID: 57e46d465d1eabc9679bb1b0b98e26cc,
Execution Time for Trace ID 57e46d465d1eabc9679bb1b0b98e26cc: 1500 ms
Input: 5250000,
Cold Start: false
Unique ID: d092debfca1d4d69625a98ae9a4565be,
Execution Time for Trace ID d092debfca1d4d69625a98ae9a4565be: 1511 ms
Input: 5250000,
Cold Start: false
Unique ID: c9d76b052513a210b2bce7393d4f3dbd,
Execution Time for Trace ID c9d76b052513a210b2bce7393d4f3dbd: 2053 ms
Input: 5250000,
Cold Start: false
Unique ID: 1d0a8dcc46903561fcbad706e910babe,
Execution Time for Trace ID 1d0a8dcc46903561fcbad706e910babe: 1426 ms
Input: 5250000,
Cold Start: false
Unique ID: 124edb0e35fe7332daed6275dc486380,
Execution Time for Trace ID 124edb0e35fe7332daed6275dc486380: 1468 ms
Input: 5250000,
Cold Start: false
Unique ID: 5cb01c18d873216fcacae9e15d42a4a6,
Execution Time for Trace ID 5cb01c18d873216fcacae9e15d42a4a6: 1515 ms
Input: 5250000,
Cold Start: false
Unique ID: 56e11a45bec2d599a8fb2ce063fb9201,
Execution Time for Trace ID 56e11a45bec2d599a8fb2ce063fb9201: 1597 ms
Input: 5250000,
Cold Start: false
Unique ID: 060bc6f6884ab63638002301b6ae975a,
Execution Time for Trace ID 060bc6f6884ab63638002301b6ae975a: 1742 ms
Input: 5250000,
Cold Start: true
Unique ID: 1d2ef92cef998204636de4d1f544f3c2,
Execution Time for Trace ID 1d2ef92cef998204636de4d1f544f3c2: 1467 ms
Input: 5250000,
Cold Start: false
Unique ID: 6501f45a1aef6f622fc9a14e9632a7de,
Execution Time for Trace ID 6501f45a1aef6f622fc9a14e9632a7de: 1451 ms
Input: 5250000,
Cold Start: false
Unique ID: 6e87bfc9a4fc66c3e1392e425c04ba37,
Execution Time for Trace ID 6e87bfc9a4fc66c3e1392e425c04ba37: 1433 ms
Input: 5250000,
Cold Start: false
Unique ID: 84ab65ab0703ede7402f79e18d8123a4,
Execution Time for Trace ID 84ab65ab0703ede7402f79e18d8123a4: 1756 ms
Input: 5250000,
Cold Start: false
Unique ID: 17e770ed49c8b7de62fe2e89978e600c,
Execution Time for Trace ID 17e770ed49c8b7de62fe2e89978e600c: 2051 ms
Input: 5250000,
Cold Start: false
Unique ID: 1c48648fabf2e058c6aeaf0eed228eae,
Execution Time for Trace ID 1c48648fabf2e058c6aeaf0eed228eae: 1468 ms
Input: 5250000,
Cold Start: false
Unique ID: cba60e4f192f96cd5c50db70fdd0def2,
Execution Time for Trace ID cba60e4f192f96cd5c50db70fdd0def2: 1443 ms
Input: 5250000,
Cold Start: false
Unique ID: d8e127dee174be60bc64c625a2213307,
Execution Time for Trace ID d8e127dee174be60bc64c625a2213307: 1591 ms
Input: 5250000,
Cold Start: false
Unique ID: efa8efd4e978885306ec3a9794a3b364,
Execution Time for Trace ID efa8efd4e978885306ec3a9794a3b364: 1710 ms
Input: 5250000,
Cold Start: false
Unique ID: 61260ebd2f3fcd827b545521e0dbfbd1,
Execution Time for Trace ID 61260ebd2f3fcd827b545521e0dbfbd1: 2057 ms
Input: 5250000,
Cold Start: false
Unique ID: 2bf531e76a45fb625f930a4c3b247d5b,
Execution Time for Trace ID 2bf531e76a45fb625f930a4c3b247d5b: 1468 ms
Input: 5250000,
Cold Start: false
Unique ID: eb359a67c5f20f541b80c3ab222806c6,
Execution Time for Trace ID eb359a67c5f20f541b80c3ab222806c6: 1496 ms
Input: 5250000,
Cold Start: false
Unique ID: 47472ab2efff638cd9791cb0a935592a,
Execution Time for Trace ID 47472ab2efff638cd9791cb0a935592a: 1747 ms
Input: 5250000,
Cold Start: false
Unique ID: 93387ad9de84c080fb6e03490a17cf8d,
Execution Time for Trace ID 93387ad9de84c080fb6e03490a17cf8d: 1717 ms
Input: 5250000,
Cold Start: false
Unique ID: 4ef22d3f0d7c3f6c0ead10ba4ac38289,
Execution Time for Trace ID 4ef22d3f0d7c3f6c0ead10ba4ac38289: 2031 ms
Input: 5250000,
Cold Start: false
Unique ID: 3361b823cf2279faee36b7b7e3c89229,
Execution Time for Trace ID 3361b823cf2279faee36b7b7e3c89229: 1457 ms
Input: 5250000,
Cold Start: false
Unique ID: db283d7b749c2b4843b5cfec4531533b,
Execution Time for Trace ID db283d7b749c2b4843b5cfec4531533b: 1464 ms
Input: 5250000,
Cold Start: false
Unique ID: 535b5d0a45d540895278cb644ba541a1,
Execution Time for Trace ID 535b5d0a45d540895278cb644ba541a1: 1607 ms
Input: 5250000,
Cold Start: false
Unique ID: cdebeea6860d4174eb97407c006b3bbc,
Execution Time for Trace ID cdebeea6860d4174eb97407c006b3bbc: 1472 ms
Input: 5250000,
Cold Start: false
Unique ID: 7215946bfb0419e3939b89ffcef39d4c,
Execution Time for Trace ID 7215946bfb0419e3939b89ffcef39d4c: 1750 ms
Input: 5250000,
Cold Start: true
Unique ID: c0db3cc947d927cd99d2ebfc0bc7a4d9,
Execution Time for Trace ID c0db3cc947d927cd99d2ebfc0bc7a4d9: 1466 ms
Input: 5250000,
Cold Start: false
Unique ID: caea3bd6c42243d259b32f63417675ef,
Execution Time for Trace ID caea3bd6c42243d259b32f63417675ef: 1427 ms
Input: 5250000,
Cold Start: false
Unique ID: 95e1b63cd06631cfd92ae1c34e4ce819,
Execution Time for Trace ID 95e1b63cd06631cfd92ae1c34e4ce819: 1482 ms
Input: 5250000,
Cold Start: false
Unique ID: 101442ccff97670bc7450707a8f9fe86,
Execution Time for Trace ID 101442ccff97670bc7450707a8f9fe86: 1939 ms
Input: 5250000,
Cold Start: false
Unique ID: b6321d3fcc6080de405ab3a10b9b91f3,
Execution Time for Trace ID b6321d3fcc6080de405ab3a10b9b91f3: 1954 ms
Input: 5250000,
Cold Start: false
Unique ID: f5171187f6f373ba4a0699229aa726d5,
Execution Time for Trace ID f5171187f6f373ba4a0699229aa726d5: 1488 ms
Input: 5250000,
Cold Start: false
Unique ID: 626fee52e592eebed35d0f4aa7a0f630,
Execution Time for Trace ID 626fee52e592eebed35d0f4aa7a0f630: 1451 ms
Input: 5250000,
Cold Start: false
Unique ID: 54fb4125b318a9c52c33150708fa6351,
Execution Time for Trace ID 54fb4125b318a9c52c33150708fa6351: 1470 ms
Input: 5250000,
Cold Start: false
Unique ID: d3111bae34370b86caefbef35b46dd71,
Execution Time for Trace ID d3111bae34370b86caefbef35b46dd71: 1802 ms
Input: 5250000,
Cold Start: false
Unique ID: 1718a711fd139fd749120e937f1a61c1,
Execution Time for Trace ID 1718a711fd139fd749120e937f1a61c1: 1511 ms
Input: 5250000,
Cold Start: false
Unique ID: ec7d49669e21fa89b121c7f8cd0b26a9,
Execution Time for Trace ID ec7d49669e21fa89b121c7f8cd0b26a9: 1446 ms
Input: 5250000,
Cold Start: false
Unique ID: 2706435b0769f4756746e4b516c6fa5e,
Execution Time for Trace ID 2706435b0769f4756746e4b516c6fa5e: 1472 ms
Input: 5250000,
Cold Start: false
Unique ID: c615b87bbbf8cd2dca6ad6bcdc1577f8,
Execution Time for Trace ID c615b87bbbf8cd2dca6ad6bcdc1577f8: 1471 ms
Input: 5250000,
Cold Start: false
Unique ID: 53b7a4a9cdaceedaffba8372fbb86c07,
Execution Time for Trace ID 53b7a4a9cdaceedaffba8372fbb86c07: 1796 ms
Input: 5250000,
Cold Start: false
Unique ID: ed2348199859c7d87de2ff768c7d2059,
Execution Time for Trace ID ed2348199859c7d87de2ff768c7d2059: 1849 ms
Input: 5250000,
Cold Start: false
Unique ID: 365c413540b252f88d4804f7ee7a56ac,
Execution Time for Trace ID 365c413540b252f88d4804f7ee7a56ac: 1472 ms
Input: 5250000,
Cold Start: false
Unique ID: d4f21894a009d244a993c19370c28162,
Execution Time for Trace ID d4f21894a009d244a993c19370c28162: 1479 ms
Input: 5250000,
Cold Start: false
Unique ID: efbe9b945eed331b2c3bde05c58113e6,
Execution Time for Trace ID efbe9b945eed331b2c3bde05c58113e6: 1440 ms
Input: 5250000,
Cold Start: false
Unique ID: 37ebeb7d5aec2921cb1136f828ce60f6,
Execution Time for Trace ID 37ebeb7d5aec2921cb1136f828ce60f6: 1638 ms
Input: 5250000,
Cold Start: false
Unique ID: b134dd154e6f457e609326a4aeee4982,
Execution Time for Trace ID b134dd154e6f457e609326a4aeee4982: 1568 ms
Input: 5250000,
Cold Start: false
Unique ID: f2b84b236e91f5a8a78c4339f3542f74,
Execution Time for Trace ID f2b84b236e91f5a8a78c4339f3542f74: 1520 ms
Input: 5250000,
Cold Start: false
Unique ID: dd2af71870a807d70c89f1074748136c,
Execution Time for Trace ID dd2af71870a807d70c89f1074748136c: 1482 ms
Input: 5250000,
Cold Start: false
Unique ID: 6a99b9005193eee53e543c833501b790,
Execution Time for Trace ID 6a99b9005193eee53e543c833501b790: 1493 ms
Input: 5250000,
Cold Start: false
Unique ID: b60c8b0c7bdc6c7b5ddfa2f5493062b4,
Execution Time for Trace ID b60c8b0c7bdc6c7b5ddfa2f5493062b4: 1688 ms
Input: 5250000,
Cold Start: false
Unique ID: 67a30ecf707611868d8bdd7b72f26da2,
Execution Time for Trace ID 67a30ecf707611868d8bdd7b72f26da2: 1602 ms
Input: 5250000,
Cold Start: false
Unique ID: d1308a4bd9ed4c51735303ccd0da1206,
Execution Time for Trace ID d1308a4bd9ed4c51735303ccd0da1206: 1480 ms
Input: 5250000,
Cold Start: false
Unique ID: 3da83533cdb74d34e1923f81f0c199b8,
Execution Time for Trace ID 3da83533cdb74d34e1923f81f0c199b8: 1715 ms
Input: 5250000,
Cold Start: false
Unique ID: 56ff7488ede9e52e9f5148bfd077d557,
Execution Time for Trace ID 56ff7488ede9e52e9f5148bfd077d557: 1790 ms
Input: 5250000,
Cold Start: false
Unique ID: 2af457c59bda1b3182f476b85b9550ed,
Execution Time for Trace ID 2af457c59bda1b3182f476b85b9550ed: 1597 ms
Input: 5250000,
Cold Start: false
Unique ID: a78b9d2e32112ad14140ffbb9998653d,
Execution Time for Trace ID a78b9d2e32112ad14140ffbb9998653d: 1692 ms
Input: 5250000,
Cold Start: false
Unique ID: 4c1653895770c2a37516c470ce753fb0,
Execution Time for Trace ID 4c1653895770c2a37516c470ce753fb0: 1477 ms
Input: 5250000,
Cold Start: false
Unique ID: 5bfb3712ff1cda9b92ad71f36697ae76,
Execution Time for Trace ID 5bfb3712ff1cda9b92ad71f36697ae76: 1605 ms
Input: 5250000,
Cold Start: false
Unique ID: c6e89fd2ca950cfc5f15984b11a4ff07,
Execution Time for Trace ID c6e89fd2ca950cfc5f15984b11a4ff07: 1559 ms
Input: 5250000,
Cold Start: false
Unique ID: 6125291a67446707ffff7d1ebd47d31a,
Execution Time for Trace ID 6125291a67446707ffff7d1ebd47d31a: 1474 ms
Input: 5250000,
Cold Start: false
Unique ID: ca8f2c2555e6182793fbe2b969264780,
Execution Time for Trace ID ca8f2c2555e6182793fbe2b969264780: 1663 ms
Input: 5250000,
Cold Start: false
