Unique ID: c29dec4b-47fc-4cbb-8033-642a2d2c534d,
Billed Duration for Request c29dec4b-47fc-4cbb-8033-642a2d2c534d: 1941 ms
Input: 5250000,
Cold Start: false
Unique ID: d72160a0-d6de-4103-a16b-5a133a62805f,
Billed Duration for Request d72160a0-d6de-4103-a16b-5a133a62805f: 1869 ms
Input: 5250000,
Cold Start: false
Unique ID: 0851acb6-a750-4200-8248-f354a6c3e5db,
Billed Duration for Request 0851acb6-a750-4200-8248-f354a6c3e5db: 2013 ms
Input: 5250000,
Cold Start: false
Unique ID: ad656c5a-d4b3-4833-a86d-a8f9c0c500b2,
Billed Duration for Request ad656c5a-d4b3-4833-a86d-a8f9c0c500b2: 1987 ms
Input: 5250000,
Cold Start: false
Unique ID: e376900b-a520-4a8e-b6a1-69797d7ff36e,
Billed Duration for Request e376900b-a520-4a8e-b6a1-69797d7ff36e: 1889 ms
Input: 5250000,
Cold Start: false
Unique ID: 1754a2eb-597f-4abc-a8b2-e160d1960897,
Billed Duration for Request 1754a2eb-597f-4abc-a8b2-e160d1960897: 1774 ms
Input: 5250000,
Cold Start: false
Unique ID: 019f5f95-0880-4eeb-99d8-a34b4bc21141,
Billed Duration for Request 019f5f95-0880-4eeb-99d8-a34b4bc21141: 1915 ms
Input: 5250000,
Cold Start: false
Unique ID: 3eafc84c-9d20-428b-bd8b-fe1278b9cf40,
Billed Duration for Request 3eafc84c-9d20-428b-bd8b-fe1278b9cf40: 1856 ms
Input: 5250000,
Cold Start: false
Unique ID: c55b5587-a9bc-46f8-9f7f-d9c4493669f6,
Billed Duration for Request c55b5587-a9bc-46f8-9f7f-d9c4493669f6: 1969 ms
Input: 5250000,
Cold Start: false
Unique ID: e42ee518-9c29-4363-942a-efc9658dfc73,
Billed Duration for Request e42ee518-9c29-4363-942a-efc9658dfc73: 2038 ms
Input: 5250000,
Cold Start: false
Unique ID: 37f585e0-c962-4165-a9a5-686944385254,
Billed Duration for Request 37f585e0-c962-4165-a9a5-686944385254: 1879 ms
Input: 5250000,
Cold Start: false
Unique ID: acb73d76-6679-4f90-94a9-b9395cef7bd4,
Billed Duration for Request acb73d76-6679-4f90-94a9-b9395cef7bd4: 1973 ms
Input: 5250000,
Cold Start: false
Unique ID: b77c84fc-0aab-4f37-baeb-f8d975798b55,
Billed Duration for Request b77c84fc-0aab-4f37-baeb-f8d975798b55: 1986 ms
Input: 5250000,
Cold Start: false
Unique ID: f498307e-b131-483f-876e-2ebb09bad413,
Billed Duration for Request f498307e-b131-483f-876e-2ebb09bad413: 1741 ms
Input: 5250000,
Cold Start: false
Unique ID: b12f4c57-2042-43eb-b2e8-512eaefbc84c,
Billed Duration for Request b12f4c57-2042-43eb-b2e8-512eaefbc84c: 1894 ms
Input: 5250000,
Cold Start: false
Unique ID: a5d8e417-0977-4c04-bfe4-4f36bb4f4edf,
Billed Duration for Request a5d8e417-0977-4c04-bfe4-4f36bb4f4edf: 1964 ms
Input: 5250000,
Cold Start: false
Unique ID: 93147c95-7bce-4367-b547-ca9f7a91f49a,
Billed Duration for Request 93147c95-7bce-4367-b547-ca9f7a91f49a: 1915 ms
Input: 5250000,
Cold Start: false
Unique ID: 241fac7b-545d-4d35-acf8-04434f7cac25,
Billed Duration for Request 241fac7b-545d-4d35-acf8-04434f7cac25: 1983 ms
Input: 5250000,
Cold Start: false
Unique ID: f7ee5786-4f17-4288-b45f-2dfce1037845,
Billed Duration for Request f7ee5786-4f17-4288-b45f-2dfce1037845: 1904 ms
Input: 5250000,
Cold Start: false
Unique ID: b7a6a28b-0516-4f80-b2f1-5964ac399585,
Billed Duration for Request b7a6a28b-0516-4f80-b2f1-5964ac399585: 1864 ms
Input: 5250000,
Cold Start: false
Unique ID: 40e7a7f1-4513-4c76-9934-cbf48d175c42,
Billed Duration for Request 40e7a7f1-4513-4c76-9934-cbf48d175c42: 2043 ms
Input: 5250000,
Cold Start: false
Unique ID: bdce4513-9c50-40e1-9554-c40c65bb0f72,
Billed Duration for Request bdce4513-9c50-40e1-9554-c40c65bb0f72: 1978 ms
Input: 5250000,
Cold Start: false
Unique ID: 3b47d08d-eb20-4685-a3bd-96969da3ef6a,
Billed Duration for Request 3b47d08d-eb20-4685-a3bd-96969da3ef6a: 1769 ms
Input: 5250000,
Cold Start: false
Unique ID: 3c5e7fb1-3c4b-4e68-83cd-9f196a3fe450,
Billed Duration for Request 3c5e7fb1-3c4b-4e68-83cd-9f196a3fe450: 1895 ms
Input: 5250000,
Cold Start: false
Unique ID: 8e47f870-8867-42c2-b4c7-80002a60f141,
Billed Duration for Request 8e47f870-8867-42c2-b4c7-80002a60f141: 1862 ms
Input: 5250000,
Cold Start: false
Unique ID: ad4c434c-407b-46f9-be4a-ddf366db26f3,
Billed Duration for Request ad4c434c-407b-46f9-be4a-ddf366db26f3: 1937 ms
Input: 5250000,
Cold Start: false
Unique ID: eab64799-2959-4357-92fa-b21db420bb7c,
Billed Duration for Request eab64799-2959-4357-92fa-b21db420bb7c: 2002 ms
Input: 5250000,
Cold Start: false
Unique ID: f7cb74ef-2c80-4198-9d38-f1b05e09ab76,
Billed Duration for Request f7cb74ef-2c80-4198-9d38-f1b05e09ab76: 1876 ms
Input: 5250000,
Cold Start: false
Unique ID: 199b3d8d-738d-4b51-bf94-e6b06e716bbd,
Billed Duration for Request 199b3d8d-738d-4b51-bf94-e6b06e716bbd: 1850 ms
Input: 5250000,
Cold Start: false
Unique ID: a0226eb8-a7ff-437c-bb50-0276bda54f29,
Billed Duration for Request a0226eb8-a7ff-437c-bb50-0276bda54f29: 1970 ms
Input: 5250000,
Cold Start: false
Unique ID: 6dc749f6-1aec-4979-baf6-82215fd7bc26,
Billed Duration for Request 6dc749f6-1aec-4979-baf6-82215fd7bc26: 1967 ms
Input: 5250000,
Cold Start: false
Unique ID: 364dcd24-ef70-4cda-8377-b0c420e3bb91,
Billed Duration for Request 364dcd24-ef70-4cda-8377-b0c420e3bb91: 2015 ms
Input: 5250000,
Cold Start: false
Unique ID: 32ad1f5f-7281-4b12-a4f1-f5747f356994,
Billed Duration for Request 32ad1f5f-7281-4b12-a4f1-f5747f356994: 1922 ms
Input: 5250000,
Cold Start: false
Unique ID: 5b278d7c-c525-4fd9-99d0-8dece86e64f3,
Billed Duration for Request 5b278d7c-c525-4fd9-99d0-8dece86e64f3: 1759 ms
Input: 5250000,
Cold Start: false
Unique ID: c91ec8e7-f46c-4903-833a-96778cece9d2,
Billed Duration for Request c91ec8e7-f46c-4903-833a-96778cece9d2: 1897 ms
Input: 5250000,
Cold Start: false
Unique ID: 458607e0-a70d-4192-938e-e7c916b79d0d,
Billed Duration for Request 458607e0-a70d-4192-938e-e7c916b79d0d: 1942 ms
Input: 5250000,
Cold Start: false
Unique ID: 6835e995-8f02-4d51-8aa2-f06cf059f2df,
Billed Duration for Request 6835e995-8f02-4d51-8aa2-f06cf059f2df: 2002 ms
Input: 5250000,
Cold Start: false
Unique ID: ed43ddb8-5a1c-4ec7-a7c3-bea621f3d0db,
Billed Duration for Request ed43ddb8-5a1c-4ec7-a7c3-bea621f3d0db: 1855 ms
Input: 5250000,
Cold Start: false
Unique ID: 9f5abee4-a8db-4d8a-9add-2b961da387ad,
Billed Duration for Request 9f5abee4-a8db-4d8a-9add-2b961da387ad: 1884 ms
Input: 5250000,
Cold Start: false
Unique ID: 6aaf43fa-cbfa-4620-9be8-16e70c27e5d2,
Billed Duration for Request 6aaf43fa-cbfa-4620-9be8-16e70c27e5d2: 1991 ms
Input: 5250000,
Cold Start: false
Unique ID: 712a4b72-06ef-4c5e-ba98-cab400a9eaab,
Billed Duration for Request 712a4b72-06ef-4c5e-ba98-cab400a9eaab: 1976 ms
Input: 5250000,
Cold Start: false
Unique ID: 60c944ba-9189-4e26-91dd-2b905796a0a2,
Billed Duration for Request 60c944ba-9189-4e26-91dd-2b905796a0a2: 1757 ms
Input: 5250000,
Cold Start: false
Unique ID: e189fb08-cb45-4981-b7ae-4652407e2739,
Billed Duration for Request e189fb08-cb45-4981-b7ae-4652407e2739: 1882 ms
Input: 5250000,
Cold Start: false
Unique ID: 48f431b0-703a-403d-97fc-80bb21e61de9,
Billed Duration for Request 48f431b0-703a-403d-97fc-80bb21e61de9: 2010 ms
Input: 5250000,
Cold Start: false
Unique ID: 3f59dad7-52ad-4195-b9d6-46f67c1a4de6,
Billed Duration for Request 3f59dad7-52ad-4195-b9d6-46f67c1a4de6: 1903 ms
Input: 5250000,
Cold Start: false
Unique ID: 37c8e817-35a0-455d-b974-57f74969843b,
Billed Duration for Request 37c8e817-35a0-455d-b974-57f74969843b: 1961 ms
Input: 5250000,
Cold Start: false
Unique ID: 540c82b1-8403-4986-bf00-b88c458ba2b0,
Billed Duration for Request 540c82b1-8403-4986-bf00-b88c458ba2b0: 1893 ms
Input: 5250000,
Cold Start: false
Unique ID: 9486489c-2294-4808-8830-9f057e313ce3,
Billed Duration for Request 9486489c-2294-4808-8830-9f057e313ce3: 1851 ms
Input: 5250000,
Cold Start: false
Unique ID: dfebd5f7-d610-47fc-81b0-4ab63d776a84,
Billed Duration for Request dfebd5f7-d610-47fc-81b0-4ab63d776a84: 1982 ms
Input: 5250000,
Cold Start: false
Unique ID: 5c801b31-0e35-4b5b-b00b-1baedc115334,
Billed Duration for Request 5c801b31-0e35-4b5b-b00b-1baedc115334: 2043 ms
Input: 5250000,
Cold Start: false
Unique ID: 08acb7e6-996a-491a-b99b-e0d2cf73b166,
Billed Duration for Request 08acb7e6-996a-491a-b99b-e0d2cf73b166: 1948 ms
Input: 5250000,
Cold Start: false
Unique ID: c5950799-e136-48ea-ba2a-385bcdc903a2,
Billed Duration for Request c5950799-e136-48ea-ba2a-385bcdc903a2: 1875 ms
Input: 5250000,
Cold Start: false
Unique ID: a7793b62-cc40-490c-9833-a4600f5ee3ee,
Billed Duration for Request a7793b62-cc40-490c-9833-a4600f5ee3ee: 1755 ms
Input: 5250000,
Cold Start: false
Unique ID: 3c89b6a2-efa6-4816-af7a-7df712db17f9,
Billed Duration for Request 3c89b6a2-efa6-4816-af7a-7df712db17f9: 1893 ms
Input: 5250000,
Cold Start: false
Unique ID: a9e9ac63-588c-4782-8acc-af5a39f43927,
Billed Duration for Request a9e9ac63-588c-4782-8acc-af5a39f43927: 1940 ms
Input: 5250000,
Cold Start: false
Unique ID: 273990df-6bb4-4b45-9764-0b784b924ef7,
Billed Duration for Request 273990df-6bb4-4b45-9764-0b784b924ef7: 1839 ms
Input: 5250000,
Cold Start: false
Unique ID: 0dfff22d-93ea-4d71-b97f-9bf22c896c02,
Billed Duration for Request 0dfff22d-93ea-4d71-b97f-9bf22c896c02: 1886 ms
Input: 5250000,
Cold Start: false
Unique ID: 4bcf7665-ad0d-4719-8974-6d27cd44b763,
Billed Duration for Request 4bcf7665-ad0d-4719-8974-6d27cd44b763: 1986 ms
Input: 5250000,
Cold Start: false
Unique ID: cb18f5c0-38d7-4653-a154-69db65d04df8,
Billed Duration for Request cb18f5c0-38d7-4653-a154-69db65d04df8: 1967 ms
Input: 5250000,
Cold Start: false
Unique ID: 14ce9105-60eb-44f7-9cf1-79fd36da179b,
Billed Duration for Request 14ce9105-60eb-44f7-9cf1-79fd36da179b: 2053 ms
Input: 5250000,
Cold Start: false
Unique ID: da6be432-aeaa-4d13-a3e4-b4299747253d,
Billed Duration for Request da6be432-aeaa-4d13-a3e4-b4299747253d: 1886 ms
Input: 5250000,
Cold Start: false
Unique ID: 213422b2-4b21-4060-af8b-76aee2e4e0f8,
Billed Duration for Request 213422b2-4b21-4060-af8b-76aee2e4e0f8: 1749 ms
Input: 5250000,
Cold Start: false
Unique ID: 2d6635d8-d6cc-4301-b4f3-5a6516c499f1,
Billed Duration for Request 2d6635d8-d6cc-4301-b4f3-5a6516c499f1: 1951 ms
Input: 5250000,
Cold Start: false
Unique ID: 887d3cc3-02de-4ac4-b7c1-2a17a3cece72,
Billed Duration for Request 887d3cc3-02de-4ac4-b7c1-2a17a3cece72: 1865 ms
Input: 5250000,
Cold Start: false
Unique ID: fd38effb-6c35-409a-a582-65a4e4c7786d,
Billed Duration for Request fd38effb-6c35-409a-a582-65a4e4c7786d: 1989 ms
Input: 5250000,
Cold Start: false
Unique ID: c34a6a43-c577-4b63-9ab1-9b4253753812,
Billed Duration for Request c34a6a43-c577-4b63-9ab1-9b4253753812: 1832 ms
Input: 5250000,
Cold Start: false
Unique ID: 2349d5bc-5961-4a42-87fa-5b418045eb71,
Billed Duration for Request 2349d5bc-5961-4a42-87fa-5b418045eb71: 1889 ms
Input: 5250000,
Cold Start: false
Unique ID: fa18d06b-6117-424d-baca-0ce186102c3e,
Billed Duration for Request fa18d06b-6117-424d-baca-0ce186102c3e: 1988 ms
Input: 5250000,
Cold Start: false
Unique ID: 2a1f787e-0886-4c45-88a9-55262e04deb2,
Billed Duration for Request 2a1f787e-0886-4c45-88a9-55262e04deb2: 2031 ms
Input: 5250000,
Cold Start: false
Unique ID: 660c1f2e-5086-4abb-83c2-494968e43e49,
Billed Duration for Request 660c1f2e-5086-4abb-83c2-494968e43e49: 1922 ms
Input: 5250000,
Cold Start: false
Unique ID: 59f507eb-da77-4ec6-ae70-af879449f3b5,
Billed Duration for Request 59f507eb-da77-4ec6-ae70-af879449f3b5: 1885 ms
Input: 5250000,
Cold Start: false
Unique ID: 9c86207f-f60d-49ce-b414-f05fc6564985,
Billed Duration for Request 9c86207f-f60d-49ce-b414-f05fc6564985: 1776 ms
Input: 5250000,
Cold Start: false
Unique ID: 3468629d-38e8-4154-8b2b-6b1f28fd753e,
Billed Duration for Request 3468629d-38e8-4154-8b2b-6b1f28fd753e: 1937 ms
Input: 5250000,
Cold Start: false
Unique ID: 1130d659-ee8b-4836-8ccb-6ef512361291,
Billed Duration for Request 1130d659-ee8b-4836-8ccb-6ef512361291: 1986 ms
Input: 5250000,
Cold Start: false
Unique ID: 10f3f9b6-8516-40b6-8e4b-ea28d8900bc6,
Billed Duration for Request 10f3f9b6-8516-40b6-8e4b-ea28d8900bc6: 1909 ms
Input: 5250000,
Cold Start: false
Unique ID: 5b3d2eaa-55d5-4bdb-b94a-947b50932ba3,
Billed Duration for Request 5b3d2eaa-55d5-4bdb-b94a-947b50932ba3: 1849 ms
Input: 5250000,
Cold Start: false
Unique ID: 2c5cc605-0da7-4315-a6b8-7e0fd0489c29,
Billed Duration for Request 2c5cc605-0da7-4315-a6b8-7e0fd0489c29: 2009 ms
Input: 5250000,
Cold Start: false
Unique ID: 50fd8a26-b08f-4373-a4e1-0577a898bbec,
Billed Duration for Request 50fd8a26-b08f-4373-a4e1-0577a898bbec: 1962 ms
Input: 5250000,
Cold Start: false
Unique ID: c1037db3-66c1-46b3-9b0b-fd633432de29,
Billed Duration for Request c1037db3-66c1-46b3-9b0b-fd633432de29: 1751 ms
Input: 5250000,
Cold Start: false
Unique ID: bb56583d-1cdf-4cdb-9ad4-67c514a5350e,
Billed Duration for Request bb56583d-1cdf-4cdb-9ad4-67c514a5350e: 1930 ms
Input: 5250000,
Cold Start: false
Unique ID: 9453c2ca-1a8f-41b3-b66b-03f9a5723bfa,
Billed Duration for Request 9453c2ca-1a8f-41b3-b66b-03f9a5723bfa: 1877 ms
Input: 5250000,
Cold Start: false
Unique ID: 1fc8ab81-f36c-46fa-9d18-fb8672b57e13,
Billed Duration for Request 1fc8ab81-f36c-46fa-9d18-fb8672b57e13: 1906 ms
Input: 5250000,
Cold Start: false
Unique ID: b72bbd0f-69b6-4f4a-abc2-1cc301f1ffe9,
Billed Duration for Request b72bbd0f-69b6-4f4a-abc2-1cc301f1ffe9: 1984 ms
Input: 5250000,
Cold Start: false
Unique ID: 4611a283-c6bc-41c0-ad3a-ba5ab88f97f7,
Billed Duration for Request 4611a283-c6bc-41c0-ad3a-ba5ab88f97f7: 1855 ms
Input: 5250000,
Cold Start: false
Unique ID: 7fed8f4f-0275-4c6c-ab21-20e18796fdb3,
Billed Duration for Request 7fed8f4f-0275-4c6c-ab21-20e18796fdb3: 1849 ms
Input: 5250000,
Cold Start: false
Unique ID: 278ff2bd-327b-4d00-b675-040c80700e31,
Billed Duration for Request 278ff2bd-327b-4d00-b675-040c80700e31: 2025 ms
Input: 5250000,
Cold Start: false
Unique ID: 8bb4f9b5-3bbe-40cf-81ac-aeee6eb5ede3,
Billed Duration for Request 8bb4f9b5-3bbe-40cf-81ac-aeee6eb5ede3: 1979 ms
Input: 5250000,
Cold Start: false
Unique ID: e101ccef-6395-41ed-9974-65507c9b532b,
Billed Duration for Request e101ccef-6395-41ed-9974-65507c9b532b: 1984 ms
Input: 5250000,
Cold Start: false
Unique ID: 515cf6f6-31e0-475a-9205-05c3cf61d0cd,
Billed Duration for Request 515cf6f6-31e0-475a-9205-05c3cf61d0cd: 1760 ms
Input: 5250000,
Cold Start: false
Unique ID: 3d9f6602-8877-4425-a226-c07996f07708,
Billed Duration for Request 3d9f6602-8877-4425-a226-c07996f07708: 1870 ms
Input: 5250000,
Cold Start: false
Unique ID: 448ae8f8-fd64-4980-be4d-f40c0515b516,
Billed Duration for Request 448ae8f8-fd64-4980-be4d-f40c0515b516: 1942 ms
Input: 5250000,
Cold Start: false
Unique ID: 0fca94b2-b1dc-4df8-8194-4061667dbaa8,
Billed Duration for Request 0fca94b2-b1dc-4df8-8194-4061667dbaa8: 1923 ms
Input: 5250000,
Cold Start: false
Unique ID: 8cf1a3be-9c68-4cad-9885-7cecd094b6c2,
Billed Duration for Request 8cf1a3be-9c68-4cad-9885-7cecd094b6c2: 1924 ms
Input: 5250000,
Cold Start: false
Unique ID: ae0a3e09-ebbc-4491-8dec-788bb34f32ae,
Billed Duration for Request ae0a3e09-ebbc-4491-8dec-788bb34f32ae: 1919 ms
Input: 5250000,
Cold Start: false
Unique ID: aaedbdb3-78fd-43b9-a27d-dddfaa59ff78,
Billed Duration for Request aaedbdb3-78fd-43b9-a27d-dddfaa59ff78: 1772 ms
Input: 5250000,
Cold Start: false
Unique ID: 6666f4a0-8b6a-4be7-af2a-51a5ea7aecae,
Billed Duration for Request 6666f4a0-8b6a-4be7-af2a-51a5ea7aecae: 1961 ms
Input: 5250000,
Cold Start: false
Unique ID: 023e665c-b747-48f4-96bc-96b2b5d5894e,
Billed Duration for Request 023e665c-b747-48f4-96bc-96b2b5d5894e: 1905 ms
Input: 5250000,
Cold Start: false
Unique ID: c950d52c-ba2f-483c-944e-ada7d7b7ee40,
Billed Duration for Request c950d52c-ba2f-483c-944e-ada7d7b7ee40: 1944 ms
Input: 5250000,
Cold Start: false
Unique ID: 87677f22-a8ed-45e9-95ea-4aa21e9447e9,
Billed Duration for Request 87677f22-a8ed-45e9-95ea-4aa21e9447e9: 1992 ms
Input: 5250000,
Cold Start: false
Unique ID: dde9d8a4-22b7-4897-a69f-800c37512dc1,
Billed Duration for Request dde9d8a4-22b7-4897-a69f-800c37512dc1: 1969 ms
Input: 5250000,
Cold Start: false
Unique ID: bedfed7f-caf5-48d8-bfa4-96421348937c,
Billed Duration for Request bedfed7f-caf5-48d8-bfa4-96421348937c: 1856 ms
Input: 5250000,
Cold Start: false
Unique ID: d2d6ba75-3c92-4751-8ddf-0850dc376078,
Billed Duration for Request d2d6ba75-3c92-4751-8ddf-0850dc376078: 1920 ms
Input: 5250000,
Cold Start: false
Unique ID: d654de81-056c-41e9-8296-fe6f5fe70807,
Billed Duration for Request d654de81-056c-41e9-8296-fe6f5fe70807: 2033 ms
Input: 5250000,
Cold Start: false
Unique ID: 4bdbef93-5314-4a11-b7c9-9eff78aee1d1,
Billed Duration for Request 4bdbef93-5314-4a11-b7c9-9eff78aee1d1: 1771 ms
Input: 5250000,
Cold Start: false
Unique ID: dce18b9f-9157-4e92-954f-ca110d95bf93,
Billed Duration for Request dce18b9f-9157-4e92-954f-ca110d95bf93: 1932 ms
Input: 5250000,
Cold Start: false
Unique ID: 5b90f43f-1200-4aed-974c-2dbffb5737bd,
Billed Duration for Request 5b90f43f-1200-4aed-974c-2dbffb5737bd: 1874 ms
Input: 5250000,
Cold Start: false
Unique ID: d333a656-b956-4fc5-984b-c0e3432853e5,
Billed Duration for Request d333a656-b956-4fc5-984b-c0e3432853e5: 1999 ms
Input: 5250000,
Cold Start: false
Unique ID: 0ea88750-8140-411e-befe-5e86c2b14939,
Billed Duration for Request 0ea88750-8140-411e-befe-5e86c2b14939: 1934 ms
Input: 5250000,
Cold Start: false
Unique ID: 23bcacc0-3954-4637-9cb4-6e62c98cb287,
Billed Duration for Request 23bcacc0-3954-4637-9cb4-6e62c98cb287: 1861 ms
Input: 5250000,
Cold Start: false
Unique ID: 544cc811-8156-415a-a038-f2fc2e38e788,
Billed Duration for Request 544cc811-8156-415a-a038-f2fc2e38e788: 1968 ms
Input: 5250000,
Cold Start: false
Unique ID: 1f4bc21a-9ffb-4743-92ce-d4a33b53063c,
Billed Duration for Request 1f4bc21a-9ffb-4743-92ce-d4a33b53063c: 1883 ms
Input: 5250000,
Cold Start: false
Unique ID: fb3ccc61-9c2d-4df0-92f8-b1c88f3b370c,
Billed Duration for Request fb3ccc61-9c2d-4df0-92f8-b1c88f3b370c: 2044 ms
Input: 5250000,
Cold Start: false
Unique ID: 614fbde3-1803-42d1-96e5-8945235ea704,
Billed Duration for Request 614fbde3-1803-42d1-96e5-8945235ea704: 1914 ms
Input: 5250000,
Cold Start: false
Unique ID: b991c61f-4ff4-4ec2-8b9d-ae4d6de71aa7,
Billed Duration for Request b991c61f-4ff4-4ec2-8b9d-ae4d6de71aa7: 1781 ms
Input: 5250000,
Cold Start: false
Unique ID: eed99eda-3c80-4e5a-8081-a38ff7b9f649,
Billed Duration for Request eed99eda-3c80-4e5a-8081-a38ff7b9f649: 1996 ms
Input: 5250000,
Cold Start: false
Unique ID: 20869892-289a-4356-86c1-bd9bd6dcb320,
Billed Duration for Request 20869892-289a-4356-86c1-bd9bd6dcb320: 1898 ms
Input: 5250000,
Cold Start: false
Unique ID: ed2f052c-d0fe-4336-9eec-7a2df6619fcd,
Billed Duration for Request ed2f052c-d0fe-4336-9eec-7a2df6619fcd: 1934 ms
Input: 5250000,
Cold Start: false
Unique ID: a625399f-df49-4626-8f38-1123d8d74250,
Billed Duration for Request a625399f-df49-4626-8f38-1123d8d74250: 1835 ms
Input: 5250000,
Cold Start: false
Unique ID: c1d5489f-5650-4f57-8746-a7c4a6348c06,
Billed Duration for Request c1d5489f-5650-4f57-8746-a7c4a6348c06: 1973 ms
Input: 5250000,
Cold Start: false
Unique ID: 89c714bf-4a5a-405a-a49f-3c0b9563fc0e,
Billed Duration for Request 89c714bf-4a5a-405a-a49f-3c0b9563fc0e: 1901 ms
Input: 5250000,
Cold Start: false
Unique ID: 31251ff0-0955-4c64-a647-a9d0644060e4,
Billed Duration for Request 31251ff0-0955-4c64-a647-a9d0644060e4: 1953 ms
Input: 5250000,
Cold Start: false
Unique ID: 9dcb8ec3-9413-47a5-808a-d851d3c65b6a,
Billed Duration for Request 9dcb8ec3-9413-47a5-808a-d851d3c65b6a: 2052 ms
Input: 5250000,
Cold Start: false
Unique ID: 4df2698c-bd21-4e15-964a-a920f431b778,
Billed Duration for Request 4df2698c-bd21-4e15-964a-a920f431b778: 1773 ms
Input: 5250000,
Cold Start: false
Unique ID: ada0edad-c932-47e0-97de-b7df848d4b34,
Billed Duration for Request ada0edad-c932-47e0-97de-b7df848d4b34: 1886 ms
Input: 5250000,
Cold Start: false
Unique ID: acafc1d2-e64a-4a49-8399-dc4604261528,
Billed Duration for Request acafc1d2-e64a-4a49-8399-dc4604261528: 1953 ms
Input: 5250000,
Cold Start: false
Unique ID: 0f6a3260-d28a-4631-a94b-75e4c7680381,
Billed Duration for Request 0f6a3260-d28a-4631-a94b-75e4c7680381: 1877 ms
Input: 5250000,
Cold Start: false
Unique ID: 68f13a30-a034-4308-8f44-1a32c7b85d19,
Billed Duration for Request 68f13a30-a034-4308-8f44-1a32c7b85d19: 2008 ms
Input: 5250000,
Cold Start: false
Unique ID: 167756be-e893-41ff-98cf-8aafc4fb280f,
Billed Duration for Request 167756be-e893-41ff-98cf-8aafc4fb280f: 1848 ms
Input: 5250000,
Cold Start: false
Unique ID: 3e2e41bc-7319-4ea1-8d6a-c75c370de33c,
Billed Duration for Request 3e2e41bc-7319-4ea1-8d6a-c75c370de33c: 1903 ms
Input: 5250000,
Cold Start: false
Unique ID: da49ba89-1ebc-4e6d-9968-8981a026c78e,
Billed Duration for Request da49ba89-1ebc-4e6d-9968-8981a026c78e: 1995 ms
Input: 5250000,
Cold Start: false
Unique ID: 4ce6c642-cfeb-4931-a61c-1656a2a4c9f9,
Billed Duration for Request 4ce6c642-cfeb-4931-a61c-1656a2a4c9f9: 1948 ms
Input: 5250000,
Cold Start: false
Unique ID: 01353085-5549-4815-bd61-7f8e80ab165a,
Billed Duration for Request 01353085-5549-4815-bd61-7f8e80ab165a: 1752 ms
Input: 5250000,
Cold Start: false
Unique ID: a65b23fc-5498-4e6b-8dd4-11197565a6b0,
Billed Duration for Request a65b23fc-5498-4e6b-8dd4-11197565a6b0: 1899 ms
Input: 5250000,
Cold Start: false
Unique ID: 0ad99ef2-aae2-423f-9742-54d7cac9729a,
Billed Duration for Request 0ad99ef2-aae2-423f-9742-54d7cac9729a: 1961 ms
Input: 5250000,
Cold Start: false
Unique ID: caf35c18-ee2f-42d8-88d0-64ad7fad39fa,
Billed Duration for Request caf35c18-ee2f-42d8-88d0-64ad7fad39fa: 2021 ms
Input: 5250000,
Cold Start: false
Unique ID: 479dce37-9fb2-4425-bc75-7e06f3ee638a,
Billed Duration for Request 479dce37-9fb2-4425-bc75-7e06f3ee638a: 1985 ms
Input: 5250000,
Cold Start: false
Unique ID: 71a05410-6386-4be8-9383-3523b12631c3,
Billed Duration for Request 71a05410-6386-4be8-9383-3523b12631c3: 1828 ms
Input: 5250000,
Cold Start: false
Unique ID: 6456b403-f36a-4b84-97a2-4a161aaac87e,
Billed Duration for Request 6456b403-f36a-4b84-97a2-4a161aaac87e: 1879 ms
Input: 5250000,
Cold Start: false
Unique ID: 91913fdb-91d5-4d0d-95d3-bdbc7aefeb63,
Billed Duration for Request 91913fdb-91d5-4d0d-95d3-bdbc7aefeb63: 1894 ms
Input: 5250000,
Cold Start: false
Unique ID: d9aad8d6-827e-4e2a-85c9-51d36048fadc,
Billed Duration for Request d9aad8d6-827e-4e2a-85c9-51d36048fadc: 1988 ms
Input: 5250000,
Cold Start: false
Unique ID: b662be86-8bd2-44df-91bb-39f6e98f69a4,
Billed Duration for Request b662be86-8bd2-44df-91bb-39f6e98f69a4: 1963 ms
Input: 5250000,
Cold Start: false
Unique ID: 640f4f81-75e8-4180-83de-0fb7dea229af,
Billed Duration for Request 640f4f81-75e8-4180-83de-0fb7dea229af: 1800 ms
Input: 5250000,
Cold Start: false
Unique ID: 8ba78ea6-f8b9-4331-ba52-3353ca06e95a,
Billed Duration for Request 8ba78ea6-f8b9-4331-ba52-3353ca06e95a: 1869 ms
Input: 5250000,
Cold Start: false
Unique ID: a63745cd-f787-4974-88fe-4ec42768a071,
Billed Duration for Request a63745cd-f787-4974-88fe-4ec42768a071: 2041 ms
Input: 5250000,
Cold Start: false
Unique ID: 718ed90d-1c47-481c-8d5e-0b5181373ca6,
Billed Duration for Request 718ed90d-1c47-481c-8d5e-0b5181373ca6: 1980 ms
Input: 5250000,
Cold Start: false
Unique ID: c7e34813-143d-47de-931b-491cd1ba95ba,
Billed Duration for Request c7e34813-143d-47de-931b-491cd1ba95ba: 1883 ms
Input: 5250000,
Cold Start: false
Unique ID: 45ccd74f-e1fb-4bee-8b1d-59a7019006d1,
Billed Duration for Request 45ccd74f-e1fb-4bee-8b1d-59a7019006d1: 1898 ms
Input: 5250000,
Cold Start: false
Unique ID: 7d875b80-9086-4f13-be81-9d226b3a0f37,
Billed Duration for Request 7d875b80-9086-4f13-be81-9d226b3a0f37: 1825 ms
Input: 5250000,
Cold Start: false
Unique ID: c630193d-556e-42a5-beeb-2643c99c48d6,
Billed Duration for Request c630193d-556e-42a5-beeb-2643c99c48d6: 1989 ms
Input: 5250000,
Cold Start: false
Unique ID: bbd14156-f05e-4781-a303-5d5d27e3a713,
Billed Duration for Request bbd14156-f05e-4781-a303-5d5d27e3a713: 1982 ms
Input: 5250000,
Cold Start: false
Unique ID: 015483ad-b307-49b7-b500-e12666b26f7e,
Billed Duration for Request 015483ad-b307-49b7-b500-e12666b26f7e: 1768 ms
Input: 5250000,
Cold Start: false
Unique ID: 16f590c1-0928-480e-b719-5da4a16e9b62,
Billed Duration for Request 16f590c1-0928-480e-b719-5da4a16e9b62: 1883 ms
Input: 5250000,
Cold Start: false
Unique ID: 876b2eab-f14f-4d72-a431-fb76f85754e9,
Billed Duration for Request 876b2eab-f14f-4d72-a431-fb76f85754e9: 1966 ms
Input: 5250000,
Cold Start: false
Unique ID: 1b4fed14-1f98-4d5a-a8f2-1355e2db0bcc,
Billed Duration for Request 1b4fed14-1f98-4d5a-a8f2-1355e2db0bcc: 1924 ms
Input: 5250000,
Cold Start: false
Unique ID: b6034295-6f99-4028-89c7-ff42b67cb433,
Billed Duration for Request b6034295-6f99-4028-89c7-ff42b67cb433: 1899 ms
Input: 5250000,
Cold Start: false
Unique ID: 5900efcc-a59b-47f3-82e8-39ee5b526f96,
Billed Duration for Request 5900efcc-a59b-47f3-82e8-39ee5b526f96: 1840 ms
Input: 5250000,
Cold Start: false
Unique ID: 0b91b053-fe36-4ce6-95b1-cfafc72f37a0,
Billed Duration for Request 0b91b053-fe36-4ce6-95b1-cfafc72f37a0: 1906 ms
Input: 5250000,
Cold Start: false
Unique ID: 4f7a35aa-307b-4555-b5bc-0308d88f1242,
Billed Duration for Request 4f7a35aa-307b-4555-b5bc-0308d88f1242: 1972 ms
Input: 5250000,
Cold Start: false
Unique ID: 9c49187b-c7fd-4451-bcf0-4128f97a7c18,
Billed Duration for Request 9c49187b-c7fd-4451-bcf0-4128f97a7c18: 1964 ms
Input: 5250000,
Cold Start: false
Unique ID: bc17d8ae-9f21-420b-88d0-1cb5d34d9143,
Billed Duration for Request bc17d8ae-9f21-420b-88d0-1cb5d34d9143: 1778 ms
Input: 5250000,
Cold Start: false
Unique ID: bf36a181-bb40-4509-8f67-92bd0bcee1e9,
Billed Duration for Request bf36a181-bb40-4509-8f67-92bd0bcee1e9: 1870 ms
Input: 5250000,
Cold Start: false
Unique ID: 0713d2d6-43a3-410e-a8b1-ae4b64a2597d,
Billed Duration for Request 0713d2d6-43a3-410e-a8b1-ae4b64a2597d: 1928 ms
Input: 5250000,
Cold Start: false
Unique ID: 9d87b0cf-e360-41fe-92f9-1329c57000f9,
Billed Duration for Request 9d87b0cf-e360-41fe-92f9-1329c57000f9: 1994 ms
Input: 5250000,
Cold Start: false
Unique ID: fd11be24-0bec-467a-98c7-030f23def9c6,
Billed Duration for Request fd11be24-0bec-467a-98c7-030f23def9c6: 2027 ms
Input: 5250000,
Cold Start: false
Unique ID: f31a9f46-0f2c-40ca-892a-97650f6f3e98,
Billed Duration for Request f31a9f46-0f2c-40ca-892a-97650f6f3e98: 1826 ms
Input: 5250000,
Cold Start: false
Unique ID: dab3d1d0-c28d-4eae-99bf-913767e64426,
Billed Duration for Request dab3d1d0-c28d-4eae-99bf-913767e64426: 1886 ms
Input: 5250000,
Cold Start: false
Unique ID: 2455abc6-28e0-4e28-adea-5f9dddfa9097,
Billed Duration for Request 2455abc6-28e0-4e28-adea-5f9dddfa9097: 1877 ms
Input: 5250000,
Cold Start: false
Unique ID: 8a5d3827-dc2e-45ac-bb7f-b00e781d5320,
Billed Duration for Request 8a5d3827-dc2e-45ac-bb7f-b00e781d5320: 1988 ms
Input: 5250000,
Cold Start: false
Unique ID: 24e0ad77-6688-4c6b-865f-499581cf7f7a,
Billed Duration for Request 24e0ad77-6688-4c6b-865f-499581cf7f7a: 1978 ms
Input: 5250000,
Cold Start: false
Unique ID: 18317b9a-f427-418a-bdd0-bef98583cf57,
Billed Duration for Request 18317b9a-f427-418a-bdd0-bef98583cf57: 1883 ms
Input: 5250000,
Cold Start: false
Unique ID: 94f337ca-1702-4b6a-99f7-685c5b7de01f,
Billed Duration for Request 94f337ca-1702-4b6a-99f7-685c5b7de01f: 1784 ms
Input: 5250000,
Cold Start: false
Unique ID: c4f97d67-3726-41fa-b788-b12cae1a0b06,
Billed Duration for Request c4f97d67-3726-41fa-b788-b12cae1a0b06: 1934 ms
Input: 5250000,
Cold Start: false
Unique ID: 6c417821-a3ef-4bfd-9cf4-6987dc8e3f69,
Billed Duration for Request 6c417821-a3ef-4bfd-9cf4-6987dc8e3f69: 1996 ms
Input: 5250000,
Cold Start: false
Unique ID: 16f3115d-cf53-427a-a582-3e0f90baa4d2,
Billed Duration for Request 16f3115d-cf53-427a-a582-3e0f90baa4d2: 1904 ms
Input: 5250000,
Cold Start: false
Unique ID: 9779e0e5-d0ca-48b3-9965-6c52d4c7a0f4,
Billed Duration for Request 9779e0e5-d0ca-48b3-9965-6c52d4c7a0f4: 1830 ms
Input: 5250000,
Cold Start: false
Unique ID: e8fa2763-9e1f-4037-bab7-9683df3b624b,
Billed Duration for Request e8fa2763-9e1f-4037-bab7-9683df3b624b: 1890 ms
Input: 5250000,
Cold Start: false
Unique ID: 0e852641-e48b-4e83-8812-f7325930bcda,
Billed Duration for Request 0e852641-e48b-4e83-8812-f7325930bcda: 1960 ms
Input: 5250000,
Cold Start: false
Unique ID: 7c8befbc-2a0e-423d-9064-310051578e64,
Billed Duration for Request 7c8befbc-2a0e-423d-9064-310051578e64: 2014 ms
Input: 5250000,
Cold Start: false
Unique ID: 74060d6b-4812-4ccd-b983-fb256c1b0cfb,
Billed Duration for Request 74060d6b-4812-4ccd-b983-fb256c1b0cfb: 1763 ms
Input: 5250000,
Cold Start: false
Unique ID: e6714710-3675-45f3-9c0b-59cc027b0e85,
Billed Duration for Request e6714710-3675-45f3-9c0b-59cc027b0e85: 1916 ms
Input: 5250000,
Cold Start: false
Unique ID: 7752b824-e79e-461b-ba27-5077dd242371,
Billed Duration for Request 7752b824-e79e-461b-ba27-5077dd242371: 1899 ms
Input: 5250000,
Cold Start: false
Unique ID: d816c528-702d-489c-8b92-47049fa2239b,
Billed Duration for Request d816c528-702d-489c-8b92-47049fa2239b: 2042 ms
Input: 5250000,
Cold Start: false
Unique ID: 8e5c19ed-2a1c-4fd9-8bb2-daff73ce7436,
Billed Duration for Request 8e5c19ed-2a1c-4fd9-8bb2-daff73ce7436: 1842 ms
Input: 5250000,
Cold Start: false
Unique ID: 3cc97d2b-1e28-4001-a94e-826a348da499,
Billed Duration for Request 3cc97d2b-1e28-4001-a94e-826a348da499: 1900 ms
Input: 5250000,
Cold Start: false
Unique ID: 2f125d59-b1ad-4d85-829d-ff016e0ced56,
Billed Duration for Request 2f125d59-b1ad-4d85-829d-ff016e0ced56: 1889 ms
Input: 5250000,
Cold Start: false
Unique ID: 09494f9e-3dce-4065-8970-e553c7915ce1,
Billed Duration for Request 09494f9e-3dce-4065-8970-e553c7915ce1: 1935 ms
Input: 5250000,
Cold Start: false
Unique ID: c40ec9a4-d6b7-45d5-b9db-b17182788925,
Billed Duration for Request c40ec9a4-d6b7-45d5-b9db-b17182788925: 1968 ms
Input: 5250000,
Cold Start: false
