Unique ID: 86c747bd90326c4592621776e0188b32,
Execution Time for Trace ID 86c747bd90326c4592621776e0188b32: 1443 ms
Input: 5000000,
Cold Start: false
Unique ID: bcdcb7561cae28c899b0531243ee689d,
Execution Time for Trace ID bcdcb7561cae28c899b0531243ee689d: 1484 ms
Input: 5000000,
Cold Start: false
Unique ID: 9557256c4cab08e23926540611b8a455,
Execution Time for Trace ID 9557256c4cab08e23926540611b8a455: 1489 ms
Input: 5000000,
Cold Start: false
Unique ID: 447e8f89f9981876302c756ec5b66900,
Execution Time for Trace ID 447e8f89f9981876302c756ec5b66900: 1755 ms
Input: 5000000,
Cold Start: false
Unique ID: b6ed193c6016e48e967fa17bb08af327,
Execution Time for Trace ID b6ed193c6016e48e967fa17bb08af327: 1658 ms
Input: 5000000,
Cold Start: false
Unique ID: 74eeb211196509aa15ac0c9a165a7690,
Execution Time for Trace ID 74eeb211196509aa15ac0c9a165a7690: 1516 ms
Input: 5000000,
Cold Start: false
Unique ID: c2c56bb64a3f9f64cf6519c7ae106c73,
Execution Time for Trace ID c2c56bb64a3f9f64cf6519c7ae106c73: 1489 ms
Input: 5000000,
Cold Start: false
Unique ID: e723abab17dbdf8104c2806f05e8b4e4,
Execution Time for Trace ID e723abab17dbdf8104c2806f05e8b4e4: 1668 ms
Input: 5000000,
Cold Start: false
Unique ID: 447b608ef325110d9631a0d4ec7a6147,
Execution Time for Trace ID 447b608ef325110d9631a0d4ec7a6147: 1747 ms
Input: 5000000,
Cold Start: false
Unique ID: 7712d597000aade9495ae44970795d54,
Execution Time for Trace ID 7712d597000aade9495ae44970795d54: 1663 ms
Input: 5000000,
Cold Start: false
Unique ID: 8c7417e909e3e80e244b89a463b81e08,
Execution Time for Trace ID 8c7417e909e3e80e244b89a463b81e08: 1651 ms
Input: 5000000,
Cold Start: false
Unique ID: dc5ac9cd8a9e4d7a79ca8773a538cd5b,
Execution Time for Trace ID dc5ac9cd8a9e4d7a79ca8773a538cd5b: 1660 ms
Input: 5000000,
Cold Start: false
Unique ID: 22749faed271698b4d4d5e78de9a0881,
Execution Time for Trace ID 22749faed271698b4d4d5e78de9a0881: 1658 ms
Input: 5000000,
Cold Start: false
Unique ID: 8c116482321d3960bc9769d7d592f3af,
Execution Time for Trace ID 8c116482321d3960bc9769d7d592f3af: 1650 ms
Input: 5000000,
Cold Start: false
Unique ID: b44ef0ba4f8ea3cc77cff43ba5a16b56,
Execution Time for Trace ID b44ef0ba4f8ea3cc77cff43ba5a16b56: 1728 ms
Input: 5000000,
Cold Start: false
Unique ID: 5f04fbed4309751b5fcc82a12af28ecc,
Execution Time for Trace ID 5f04fbed4309751b5fcc82a12af28ecc: 1056 ms
Input: 5000000,
Cold Start: false
Unique ID: 0df0c95837bc878a6a238080472b4fe5,
Execution Time for Trace ID 0df0c95837bc878a6a238080472b4fe5: 1407 ms
Input: 5000000,
Cold Start: false
Unique ID: e1190b9bd7a295573698876d2dd5a61d,
Execution Time for Trace ID e1190b9bd7a295573698876d2dd5a61d: 1480 ms
Input: 5000000,
Cold Start: false
Unique ID: a52eda202f6c0387e7b8f25489dd7cae,
Execution Time for Trace ID a52eda202f6c0387e7b8f25489dd7cae: 1590 ms
Input: 5000000,
Cold Start: false
Unique ID: b1c85d80a9051ab5ef4864ae743fe72a,
Execution Time for Trace ID b1c85d80a9051ab5ef4864ae743fe72a: 1378 ms
Input: 5000000,
Cold Start: false
Unique ID: 31e143a9468e2030df7de445c93ebe42,
Execution Time for Trace ID 31e143a9468e2030df7de445c93ebe42: 1367 ms
Input: 5000000,
Cold Start: false
Unique ID: a252f2fdad032e2d3e4d53e1fdd58eb5,
Execution Time for Trace ID a252f2fdad032e2d3e4d53e1fdd58eb5: 1370 ms
Input: 5000000,
Cold Start: false
Unique ID: 4a95cefcb32c099f8b6eaea4f9be98af,
Execution Time for Trace ID 4a95cefcb32c099f8b6eaea4f9be98af: 1522 ms
Input: 5000000,
Cold Start: false
Unique ID: 900173d1fc2371dfea6578cb0bde8f08,
Execution Time for Trace ID 900173d1fc2371dfea6578cb0bde8f08: 2086 ms
Input: 5000000,
Cold Start: true
Unique ID: 6542fecc23e074f650972dca8877f4a8,
Execution Time for Trace ID 6542fecc23e074f650972dca8877f4a8: 1654 ms
Input: 5000000,
Cold Start: false
Unique ID: d9bbb973ce17661340ce7e4f219a0c0a,
Execution Time for Trace ID d9bbb973ce17661340ce7e4f219a0c0a: 1384 ms
Input: 5000000,
Cold Start: false
Unique ID: 2173fd7a446658b58f083939428b70c9,
Execution Time for Trace ID 2173fd7a446658b58f083939428b70c9: 1534 ms
Input: 5000000,
Cold Start: false
Unique ID: cf17d678abec85535668d25125d6dda9,
Execution Time for Trace ID cf17d678abec85535668d25125d6dda9: 1427 ms
Input: 5000000,
Cold Start: false
Unique ID: 407732834204de62842fe47bebe08295,
Execution Time for Trace ID 407732834204de62842fe47bebe08295: 1400 ms
Input: 5000000,
Cold Start: false
Unique ID: 3e3904435de39945098b6605fa095b2d,
Execution Time for Trace ID 3e3904435de39945098b6605fa095b2d: 1692 ms
Input: 5000000,
Cold Start: false
Unique ID: bf97319301dbae27ad09e8555650e14e,
Execution Time for Trace ID bf97319301dbae27ad09e8555650e14e: 1379 ms
Input: 5000000,
Cold Start: false
Unique ID: ded7947324436f627f7cf29a05d77662,
Execution Time for Trace ID ded7947324436f627f7cf29a05d77662: 1485 ms
Input: 5000000,
Cold Start: false
Unique ID: 05259af61c84ac43ac33c6218e942578,
Execution Time for Trace ID 05259af61c84ac43ac33c6218e942578: 1507 ms
Input: 5000000,
Cold Start: false
Unique ID: 86e48a846d881211b5404f217ca4a59d,
Execution Time for Trace ID 86e48a846d881211b5404f217ca4a59d: 1497 ms
Input: 5000000,
Cold Start: false
Unique ID: c5e0aaf8b5bef7d98dfe79357a4a1eb8,
Execution Time for Trace ID c5e0aaf8b5bef7d98dfe79357a4a1eb8: 1442 ms
Input: 5000000,
Cold Start: false
Unique ID: 8d65414c38da6a54ae3236cc84c066d1,
Execution Time for Trace ID 8d65414c38da6a54ae3236cc84c066d1: 1767 ms
Input: 5000000,
Cold Start: false
Unique ID: f0e6bad3388be83ec325c83ef15a10d5,
Execution Time for Trace ID f0e6bad3388be83ec325c83ef15a10d5: 1753 ms
Input: 5000000,
Cold Start: false
Unique ID: 7dff5c3c35746c16d5129929c7b6e0f4,
Execution Time for Trace ID 7dff5c3c35746c16d5129929c7b6e0f4: 1918 ms
Input: 5000000,
Cold Start: false
Unique ID: 1ff2ddf7e8a385fcbde377601e136753,
Execution Time for Trace ID 1ff2ddf7e8a385fcbde377601e136753: 1960 ms
Input: 5000000,
Cold Start: false
Unique ID: 54dbcc8c6e4e0ed3cd8f2e53c13801ac,
Execution Time for Trace ID 54dbcc8c6e4e0ed3cd8f2e53c13801ac: 2196 ms
Input: 5000000,
Cold Start: true
Unique ID: 79b9683c1ca90e254834b386e4ddfed8,
Execution Time for Trace ID 79b9683c1ca90e254834b386e4ddfed8: 1415 ms
Input: 5000000,
Cold Start: false
Unique ID: 84014d5c1345b811513113993adde0c1,
Execution Time for Trace ID 84014d5c1345b811513113993adde0c1: 1393 ms
Input: 5000000,
Cold Start: false
Unique ID: 6bc91556bca2afef7ae52507c51b4afa,
Execution Time for Trace ID 6bc91556bca2afef7ae52507c51b4afa: 1360 ms
Input: 5000000,
Cold Start: false
Unique ID: 890798a86c2202e002e3737e210a03b4,
Execution Time for Trace ID 890798a86c2202e002e3737e210a03b4: 1685 ms
Input: 5000000,
Cold Start: false
Unique ID: e57680e9d4e56a93a3540114fe5dd946,
Execution Time for Trace ID e57680e9d4e56a93a3540114fe5dd946: 1418 ms
Input: 5000000,
Cold Start: false
Unique ID: 5bd1bcd9d9419e09207024484dd11f12,
Execution Time for Trace ID 5bd1bcd9d9419e09207024484dd11f12: 1557 ms
Input: 5000000,
Cold Start: false
Unique ID: 9d9033e2efdacb7916e067f092ec55ca,
Execution Time for Trace ID 9d9033e2efdacb7916e067f092ec55ca: 1872 ms
Input: 5000000,
Cold Start: false
Unique ID: 2facde9854fe8f1e0119924eecda4917,
Execution Time for Trace ID 2facde9854fe8f1e0119924eecda4917: 1754 ms
Input: 5000000,
Cold Start: false
Unique ID: f731658793a17a00ffc41dcbba418829,
Execution Time for Trace ID f731658793a17a00ffc41dcbba418829: 2252 ms
Input: 5000000,
Cold Start: true
Unique ID: 4063aef3b1f5d0efe44d0302e2cc2f0c,
Execution Time for Trace ID 4063aef3b1f5d0efe44d0302e2cc2f0c: 1941 ms
Input: 5000000,
Cold Start: false
Unique ID: 0b4ea4a3a5ca6babb0e94eef4b073fbf,
Execution Time for Trace ID 0b4ea4a3a5ca6babb0e94eef4b073fbf: 1442 ms
Input: 5000000,
Cold Start: false
Unique ID: 0543a55e79e0cd0ed42cb2f0413727ad,
Execution Time for Trace ID 0543a55e79e0cd0ed42cb2f0413727ad: 1358 ms
Input: 5000000,
Cold Start: false
Unique ID: 9ef4eded52ed32bfe36b8e35446b7f84,
Execution Time for Trace ID 9ef4eded52ed32bfe36b8e35446b7f84: 1465 ms
Input: 5000000,
Cold Start: false
Unique ID: c20542c37bccead1f3a47dcaec06278d,
Execution Time for Trace ID c20542c37bccead1f3a47dcaec06278d: 1665 ms
Input: 5000000,
Cold Start: false
Unique ID: 1112c5d0c0bf97e340ea9a64a515118b,
Execution Time for Trace ID 1112c5d0c0bf97e340ea9a64a515118b: 1857 ms
Input: 5000000,
Cold Start: false
Unique ID: f8743aad2669ef3a4f1575ccd02b4023,
Execution Time for Trace ID f8743aad2669ef3a4f1575ccd02b4023: 1531 ms
Input: 5000000,
Cold Start: false
Unique ID: a54502922a2903560b34e979833c9d12,
Execution Time for Trace ID a54502922a2903560b34e979833c9d12: 1518 ms
Input: 5000000,
Cold Start: false
Unique ID: 8b093c7252e716221a8c57e3e2a2350a,
Execution Time for Trace ID 8b093c7252e716221a8c57e3e2a2350a: 1780 ms
Input: 5000000,
Cold Start: false
Unique ID: f4556a73f547f32caf93e766c8194a4d,
Execution Time for Trace ID f4556a73f547f32caf93e766c8194a4d: 1951 ms
Input: 5000000,
Cold Start: false
Unique ID: 8a0593e9cc109d46a7d5b3109655539a,
Execution Time for Trace ID 8a0593e9cc109d46a7d5b3109655539a: 2173 ms
Input: 5000000,
Cold Start: false
Unique ID: b17a0b70815062f6041caf380101287f,
Execution Time for Trace ID b17a0b70815062f6041caf380101287f: 1498 ms
Input: 5000000,
Cold Start: false
Unique ID: 75f2383d54a3f19675529b5ce5e79945,
Execution Time for Trace ID 75f2383d54a3f19675529b5ce5e79945: 1525 ms
Input: 5000000,
Cold Start: false
Unique ID: 0b49f3e7822c83fcbd4498c22bda8fa0,
Execution Time for Trace ID 0b49f3e7822c83fcbd4498c22bda8fa0: 1585 ms
Input: 5000000,
Cold Start: false
Unique ID: d1afa23b44ec29727fca67f6cb621a14,
Execution Time for Trace ID d1afa23b44ec29727fca67f6cb621a14: 1714 ms
Input: 5000000,
Cold Start: false
Unique ID: 2d8d4fe392218c3bb4d06f5734710226,
Execution Time for Trace ID 2d8d4fe392218c3bb4d06f5734710226: 1812 ms
Input: 5000000,
Cold Start: false
Unique ID: 4edd6dbae218d1b968ba34af4ce5cbec,
Execution Time for Trace ID 4edd6dbae218d1b968ba34af4ce5cbec: 1487 ms
Input: 5000000,
Cold Start: false
Unique ID: 7ace1f881669f461799232b752dcd40f,
Execution Time for Trace ID 7ace1f881669f461799232b752dcd40f: 1366 ms
Input: 5000000,
Cold Start: false
Unique ID: a065b309e6d85e0ad2d104815a36afe5,
Execution Time for Trace ID a065b309e6d85e0ad2d104815a36afe5: 1527 ms
Input: 5000000,
Cold Start: false
Unique ID: fef4a06567eb003d6894a010d310ab19,
Execution Time for Trace ID fef4a06567eb003d6894a010d310ab19: 749 ms
Input: 5000000,
Cold Start: false
Unique ID: 4800b9a4c057c99adba94adf49478d62,
Execution Time for Trace ID 4800b9a4c057c99adba94adf49478d62: 1660 ms
Input: 5000000,
Cold Start: false
Unique ID: b6f0f2da60fd16ae103b6e5916fb66e6,
Execution Time for Trace ID b6f0f2da60fd16ae103b6e5916fb66e6: 1608 ms
Input: 5000000,
Cold Start: false
Unique ID: 7d7a3a8f753ea6510d4f7fdb51cc3c63,
Execution Time for Trace ID 7d7a3a8f753ea6510d4f7fdb51cc3c63: 1482 ms
Input: 5000000,
Cold Start: false
Unique ID: 120e200fdbe22f89f6d4a4d933f180ac,
Execution Time for Trace ID 120e200fdbe22f89f6d4a4d933f180ac: 1516 ms
Input: 5000000,
Cold Start: false
Unique ID: f5938af65ed2d37dbba8e24fdc2448fb,
Execution Time for Trace ID f5938af65ed2d37dbba8e24fdc2448fb: 1463 ms
Input: 5000000,
Cold Start: false
Unique ID: ce87259a855f3b63a2426e3a64573cc6,
Execution Time for Trace ID ce87259a855f3b63a2426e3a64573cc6: 1866 ms
Input: 5000000,
Cold Start: false
Unique ID: ee5e4b1ebb6bf96909aaad878be83f11,
Execution Time for Trace ID ee5e4b1ebb6bf96909aaad878be83f11: 1451 ms
Input: 5000000,
Cold Start: false
Unique ID: c6f5f1d5cd60dc2414b80802ddb9601c,
Execution Time for Trace ID c6f5f1d5cd60dc2414b80802ddb9601c: 1585 ms
Input: 5000000,
Cold Start: false
Unique ID: b5793da6509a3a4142fdd8f84f195ccf,
Execution Time for Trace ID b5793da6509a3a4142fdd8f84f195ccf: 1624 ms
Input: 5000000,
Cold Start: true
Unique ID: 3cfa47610dbfacac0ff94960fe9c77be,
Execution Time for Trace ID 3cfa47610dbfacac0ff94960fe9c77be: 1609 ms
Input: 5000000,
Cold Start: false
Unique ID: e94b6760707c80fd3c0c010505b7ee4c,
Execution Time for Trace ID e94b6760707c80fd3c0c010505b7ee4c: 2016 ms
Input: 5000000,
Cold Start: false
Unique ID: 51ded6d283aa9fa3f989fe2dbb85368c,
Execution Time for Trace ID 51ded6d283aa9fa3f989fe2dbb85368c: 792 ms
Input: 5000000,
Cold Start: false
Unique ID: f32f32645fad7801aa1957a5395c3cb0,
Execution Time for Trace ID f32f32645fad7801aa1957a5395c3cb0: 1422 ms
Input: 5000000,
Cold Start: false
Unique ID: 7a5c06b433e8efcb08c8060d39c64af8,
Execution Time for Trace ID 7a5c06b433e8efcb08c8060d39c64af8: 1812 ms
Input: 5000000,
Cold Start: true
Unique ID: 3749d5b358c2e9bb031f24d9485b2b51,
Execution Time for Trace ID 3749d5b358c2e9bb031f24d9485b2b51: 1930 ms
Input: 5000000,
Cold Start: false
Unique ID: 80c1119b68562153c912ce2fe71ba750,
Execution Time for Trace ID 80c1119b68562153c912ce2fe71ba750: 1691 ms
Input: 5000000,
Cold Start: false
Unique ID: 10701dc7eeb59fe73fad53bdd1ab038f,
Execution Time for Trace ID 10701dc7eeb59fe73fad53bdd1ab038f: 1378 ms
Input: 5000000,
Cold Start: false
Unique ID: 9e2a60d5741cc0df0d9b8fe3e5bf18e3,
Execution Time for Trace ID 9e2a60d5741cc0df0d9b8fe3e5bf18e3: 1488 ms
Input: 5000000,
Cold Start: false
Unique ID: dc971deab563a4f150ad0c710aa0f042,
Execution Time for Trace ID dc971deab563a4f150ad0c710aa0f042: 1963 ms
Input: 5000000,
Cold Start: false
Unique ID: 29bdc1ba579a8296f16c65f0223704bb,
Execution Time for Trace ID 29bdc1ba579a8296f16c65f0223704bb: 1968 ms
Input: 5000000,
Cold Start: false
Unique ID: 2572e5edb74d6b583406ab4f8efabdfd,
Execution Time for Trace ID 2572e5edb74d6b583406ab4f8efabdfd: 1987 ms
Input: 5000000,
Cold Start: false
Unique ID: db5f7b3c584d53579125c3c34e30e218,
Execution Time for Trace ID db5f7b3c584d53579125c3c34e30e218: 1427 ms
Input: 5000000,
Cold Start: false
Unique ID: 4f864bb764297e3b769d9e0e61ebed45,
Execution Time for Trace ID 4f864bb764297e3b769d9e0e61ebed45: 1477 ms
Input: 5000000,
Cold Start: false
Unique ID: 392d545b381bf46e81aa51c4808155d0,
Execution Time for Trace ID 392d545b381bf46e81aa51c4808155d0: 1469 ms
Input: 5000000,
Cold Start: false
Unique ID: 5cdb38f915260e3c13a044de05e937cb,
Execution Time for Trace ID 5cdb38f915260e3c13a044de05e937cb: 1878 ms
Input: 5000000,
Cold Start: false
Unique ID: 93bb12cba0d7eed129eabd0cce7a7109,
Execution Time for Trace ID 93bb12cba0d7eed129eabd0cce7a7109: 1998 ms
Input: 5000000,
Cold Start: false
Unique ID: bad7e6e10ed52961f737ecb228a7bfe0,
Execution Time for Trace ID bad7e6e10ed52961f737ecb228a7bfe0: 1543 ms
Input: 5000000,
Cold Start: false
Unique ID: 6d7d2fc48e2f609858deaaedaaf21411,
Execution Time for Trace ID 6d7d2fc48e2f609858deaaedaaf21411: 1425 ms
Input: 5000000,
Cold Start: false
Unique ID: e2b48b33ca6c7829d0f797f2979dc64a,
Execution Time for Trace ID e2b48b33ca6c7829d0f797f2979dc64a: 1545 ms
Input: 5000000,
Cold Start: false
Unique ID: 3cded8d9e2d37f610da0bb11f6ec9f56,
Execution Time for Trace ID 3cded8d9e2d37f610da0bb11f6ec9f56: 1568 ms
Input: 5000000,
Cold Start: false
Unique ID: 29c7360b1e2c9f1a040a31c998a529b0,
Execution Time for Trace ID 29c7360b1e2c9f1a040a31c998a529b0: 1771 ms
Input: 5000000,
Cold Start: false
Unique ID: 8a21b406fe0e912516960a3c76a1c131,
Execution Time for Trace ID 8a21b406fe0e912516960a3c76a1c131: 1040 ms
Input: 5000000,
Cold Start: false
Unique ID: 0074293f7f0fac0e37231123e363a211,
Execution Time for Trace ID 0074293f7f0fac0e37231123e363a211: 1459 ms
Input: 5000000,
Cold Start: false
Unique ID: d309d8ebcc1c20d1b077c526c3a399cc,
Execution Time for Trace ID d309d8ebcc1c20d1b077c526c3a399cc: 1463 ms
Input: 5000000,
Cold Start: false
Unique ID: 61997ac86de48ae6af660b13a87f8b89,
Execution Time for Trace ID 61997ac86de48ae6af660b13a87f8b89: 1437 ms
Input: 5000000,
Cold Start: false
Unique ID: c7a316c9c42c1499598b8d474526ab8a,
Execution Time for Trace ID c7a316c9c42c1499598b8d474526ab8a: 1464 ms
Input: 5000000,
Cold Start: false
Unique ID: f1c96382003e892b4d8e93a9b343773e,
Execution Time for Trace ID f1c96382003e892b4d8e93a9b343773e: 1511 ms
Input: 5000000,
Cold Start: false
Unique ID: 7e8fa22ca66cb00e4b57290db2ec01b7,
Execution Time for Trace ID 7e8fa22ca66cb00e4b57290db2ec01b7: 1695 ms
Input: 5000000,
Cold Start: false
Unique ID: 0a7501c2f8e0341c4feaf851f16505d1,
Execution Time for Trace ID 0a7501c2f8e0341c4feaf851f16505d1: 1628 ms
Input: 5000000,
Cold Start: false
Unique ID: c6a7214ceea75895ba960f347ee6c948,
Execution Time for Trace ID c6a7214ceea75895ba960f347ee6c948: 1751 ms
Input: 5000000,
Cold Start: false
Unique ID: 6e04843d1c35b537813242d8e80adea5,
Execution Time for Trace ID 6e04843d1c35b537813242d8e80adea5: 1807 ms
Input: 5000000,
Cold Start: false
Unique ID: 85e614347e0a9de1864a7c65bdffdf1f,
Execution Time for Trace ID 85e614347e0a9de1864a7c65bdffdf1f: 1432 ms
Input: 5000000,
Cold Start: false
Unique ID: a63003b83d02f70c98e15f7e0961af2d,
Execution Time for Trace ID a63003b83d02f70c98e15f7e0961af2d: 1400 ms
Input: 5000000,
Cold Start: false
Unique ID: 28d6c0c9b1f9df697b2f3d0578bbc7f5,
Execution Time for Trace ID 28d6c0c9b1f9df697b2f3d0578bbc7f5: 1478 ms
Input: 5000000,
Cold Start: false
Unique ID: becb915ceaf9a2738bc3250b1e5408cd,
Execution Time for Trace ID becb915ceaf9a2738bc3250b1e5408cd: 1419 ms
Input: 5000000,
Cold Start: false
Unique ID: 74c369fdf15c8a628636b93aca3dd6d3,
Execution Time for Trace ID 74c369fdf15c8a628636b93aca3dd6d3: 1899 ms
Input: 5000000,
Cold Start: false
Unique ID: 006c245ee8d623328fa151ea0a0b764d,
Execution Time for Trace ID 006c245ee8d623328fa151ea0a0b764d: 1411 ms
Input: 5000000,
Cold Start: false
Unique ID: 5472d315ccdd72ad5a12d94f4cba836a,
Execution Time for Trace ID 5472d315ccdd72ad5a12d94f4cba836a: 1553 ms
Input: 5000000,
Cold Start: false
Unique ID: e67427ebe334e3ff801963fd2274a551,
Execution Time for Trace ID e67427ebe334e3ff801963fd2274a551: 1540 ms
Input: 5000000,
Cold Start: false
Unique ID: c4b71c0c2793e27c22ee622e552b709d,
Execution Time for Trace ID c4b71c0c2793e27c22ee622e552b709d: 1532 ms
Input: 5000000,
Cold Start: false
Unique ID: 262478b91680a1b97527555a2888254f,
Execution Time for Trace ID 262478b91680a1b97527555a2888254f: 1751 ms
Input: 5000000,
Cold Start: false
Unique ID: 6bff5f0fc0c6dd1b3ca8cc5988b7df51,
Execution Time for Trace ID 6bff5f0fc0c6dd1b3ca8cc5988b7df51: 1373 ms
Input: 5000000,
Cold Start: false
Unique ID: 36333bbe7a0809e028a1ed754acd5218,
Execution Time for Trace ID 36333bbe7a0809e028a1ed754acd5218: 1453 ms
Input: 5000000,
Cold Start: false
Unique ID: 5daf397ab6f4bf3a3531244386a32054,
Execution Time for Trace ID 5daf397ab6f4bf3a3531244386a32054: 1423 ms
Input: 5000000,
Cold Start: false
Unique ID: 9a440c013a777bfc1defcf98566b0c6a,
Execution Time for Trace ID 9a440c013a777bfc1defcf98566b0c6a: 1469 ms
Input: 5000000,
Cold Start: false
Unique ID: d90dd53f8a5444cf395a8dde1a3469ce,
Execution Time for Trace ID d90dd53f8a5444cf395a8dde1a3469ce: 1445 ms
Input: 5000000,
Cold Start: false
Unique ID: 340d6e96836fca4802c9fe3278b29697,
Execution Time for Trace ID 340d6e96836fca4802c9fe3278b29697: 475 ms
Input: 5000000,
Cold Start: false
Unique ID: 20ed18fd7dce5ec1a261dd473fb7c287,
Execution Time for Trace ID 20ed18fd7dce5ec1a261dd473fb7c287: 1470 ms
Input: 5000000,
Cold Start: false
Unique ID: b6f8be91a33a2dfd978362bb875797d7,
Execution Time for Trace ID b6f8be91a33a2dfd978362bb875797d7: 1442 ms
Input: 5000000,
Cold Start: false
Unique ID: 1e7cf6827807ac88788e12cb6ad67eeb,
Execution Time for Trace ID 1e7cf6827807ac88788e12cb6ad67eeb: 1467 ms
Input: 5000000,
Cold Start: false
Unique ID: d5b039164cba107ec1e04ef099b0d13b,
Execution Time for Trace ID d5b039164cba107ec1e04ef099b0d13b: 1611 ms
Input: 5000000,
Cold Start: false
Unique ID: b13a9a1e60d9c8bb54b762c63ec9aadf,
Execution Time for Trace ID b13a9a1e60d9c8bb54b762c63ec9aadf: 1363 ms
Input: 5000000,
Cold Start: false
Unique ID: 7b962d58118f52ab551e832d45039a02,
Execution Time for Trace ID 7b962d58118f52ab551e832d45039a02: 1471 ms
Input: 5000000,
Cold Start: false
Unique ID: 68aed9ca3b827c500a5656d014c45986,
Execution Time for Trace ID 68aed9ca3b827c500a5656d014c45986: 1410 ms
Input: 5000000,
Cold Start: false
Unique ID: 37a8853e6fdf76280d5c26941e9815a8,
Execution Time for Trace ID 37a8853e6fdf76280d5c26941e9815a8: 1531 ms
Input: 5000000,
Cold Start: false
Unique ID: 75e95e2f8fcca35c94a081f5df98d6b4,
Execution Time for Trace ID 75e95e2f8fcca35c94a081f5df98d6b4: 1473 ms
Input: 5000000,
Cold Start: false
Unique ID: 34c3de983cc4391e13365e9329283cb7,
Execution Time for Trace ID 34c3de983cc4391e13365e9329283cb7: 1365 ms
Input: 5000000,
Cold Start: false
Unique ID: e0617db6117403ed804f14f8c715cd25,
Execution Time for Trace ID e0617db6117403ed804f14f8c715cd25: 1426 ms
Input: 5000000,
Cold Start: false
Unique ID: 068459cd60e630f64d740b44b090092f,
Execution Time for Trace ID 068459cd60e630f64d740b44b090092f: 1652 ms
Input: 5000000,
Cold Start: false
Unique ID: 397805d03fe4d3a92e7e96a8829266a3,
Execution Time for Trace ID 397805d03fe4d3a92e7e96a8829266a3: 1800 ms
Input: 5000000,
Cold Start: false
Unique ID: b429c1d3ea14a5c9272a4bc20b279aab,
Execution Time for Trace ID b429c1d3ea14a5c9272a4bc20b279aab: 1963 ms
Input: 5000000,
Cold Start: false
Unique ID: 37c0f36caf390bcb19fe597ab9888b92,
Execution Time for Trace ID 37c0f36caf390bcb19fe597ab9888b92: 1415 ms
Input: 5000000,
Cold Start: false
Unique ID: bc76037ede61eeaecee025094e1a6451,
Execution Time for Trace ID bc76037ede61eeaecee025094e1a6451: 1359 ms
Input: 5000000,
Cold Start: false
Unique ID: 8205951cc5cbcdd59817187641e0b239,
Execution Time for Trace ID 8205951cc5cbcdd59817187641e0b239: 1516 ms
Input: 5000000,
Cold Start: false
Unique ID: 85c00b8020f89e459a3e1420c3f991af,
Execution Time for Trace ID 85c00b8020f89e459a3e1420c3f991af: 1523 ms
Input: 5000000,
Cold Start: false
Unique ID: ffbf7757031d212a296b64b0cf0b41ac,
Execution Time for Trace ID ffbf7757031d212a296b64b0cf0b41ac: 1519 ms
Input: 5000000,
Cold Start: false
Unique ID: 9be92c2c3e239e1768992ed0472af871,
Execution Time for Trace ID 9be92c2c3e239e1768992ed0472af871: 1558 ms
Input: 5000000,
Cold Start: false
Unique ID: d065f733ceb98e47b21e5f143d8aded0,
Execution Time for Trace ID d065f733ceb98e47b21e5f143d8aded0: 1422 ms
Input: 5000000,
Cold Start: false
Unique ID: cc9b8fc1fda88637de0a131d7728cc75,
Execution Time for Trace ID cc9b8fc1fda88637de0a131d7728cc75: 1816 ms
Input: 5000000,
Cold Start: false
Unique ID: 27d816874ccfe4a341639900cc0e9d9f,
Execution Time for Trace ID 27d816874ccfe4a341639900cc0e9d9f: 2117 ms
Input: 5000000,
Cold Start: false
Unique ID: 5bf3f089d0c00fee2a25785bad199e8c,
Execution Time for Trace ID 5bf3f089d0c00fee2a25785bad199e8c: 1971 ms
Input: 5000000,
Cold Start: false
Unique ID: 64efd8dcbca4a8d6f312a8f6e7ecb8a5,
Execution Time for Trace ID 64efd8dcbca4a8d6f312a8f6e7ecb8a5: 1442 ms
Input: 5000000,
Cold Start: false
Unique ID: 55746d483782524d688f3b04c136219f,
Execution Time for Trace ID 55746d483782524d688f3b04c136219f: 1394 ms
Input: 5000000,
Cold Start: false
Unique ID: b53a77016e7585783a7dd620f1cc14cd,
Execution Time for Trace ID b53a77016e7585783a7dd620f1cc14cd: 1485 ms
Input: 5000000,
Cold Start: false
Unique ID: a1ed38294815515e62648f7d87a72d6e,
Execution Time for Trace ID a1ed38294815515e62648f7d87a72d6e: 1359 ms
Input: 5000000,
Cold Start: false
Unique ID: ce67650a01450cb2f9600e999e8ea0b1,
Execution Time for Trace ID ce67650a01450cb2f9600e999e8ea0b1: 1466 ms
Input: 5000000,
Cold Start: false
Unique ID: 364115e62f775e1491d5368415998cc0,
Execution Time for Trace ID 364115e62f775e1491d5368415998cc0: 1429 ms
Input: 5000000,
Cold Start: false
Unique ID: 64b00e803b59b0292a30f20c69723ba2,
Execution Time for Trace ID 64b00e803b59b0292a30f20c69723ba2: 1492 ms
Input: 5000000,
Cold Start: false
Unique ID: 0d7390e2b12a40bd2d3613152b4a2a30,
Execution Time for Trace ID 0d7390e2b12a40bd2d3613152b4a2a30: 1356 ms
Input: 5000000,
Cold Start: false
Unique ID: 22121d63738d9138fe6d97f925e26766,
Execution Time for Trace ID 22121d63738d9138fe6d97f925e26766: 1574 ms
Input: 5000000,
Cold Start: false
Unique ID: fe0fafe230ebf28d1f3e1be612777842,
Execution Time for Trace ID fe0fafe230ebf28d1f3e1be612777842: 1525 ms
Input: 5000000,
Cold Start: false
Unique ID: 79c4315ebaaa1c07a9c09ef30a1d1b5c,
Execution Time for Trace ID 79c4315ebaaa1c07a9c09ef30a1d1b5c: 1368 ms
Input: 5000000,
Cold Start: false
Unique ID: 4e542b8f3a1e3ada3ddc7e2ba745eab0,
Execution Time for Trace ID 4e542b8f3a1e3ada3ddc7e2ba745eab0: 1401 ms
Input: 5000000,
Cold Start: false
Unique ID: 9015dac2dc6646e88935c131b1ecdb1f,
Execution Time for Trace ID 9015dac2dc6646e88935c131b1ecdb1f: 1484 ms
Input: 5000000,
Cold Start: false
Unique ID: c18f8b7c6be3da2cf26a749330d06206,
Execution Time for Trace ID c18f8b7c6be3da2cf26a749330d06206: 1567 ms
Input: 5000000,
Cold Start: false
Unique ID: 9ffc21addb77b04cb90d7432528dc90f,
Execution Time for Trace ID 9ffc21addb77b04cb90d7432528dc90f: 1726 ms
Input: 5000000,
Cold Start: false
Unique ID: d284e16d5ad9ca8363c8f9ea58e6beef,
Execution Time for Trace ID d284e16d5ad9ca8363c8f9ea58e6beef: 1362 ms
Input: 5000000,
Cold Start: false
Unique ID: 52c6a8f62f2cb9d73906bcfe1696687d,
Execution Time for Trace ID 52c6a8f62f2cb9d73906bcfe1696687d: 1112 ms
Input: 5000000,
Cold Start: false
Unique ID: 00a3f3b002be97d46d260f4710d31993,
Execution Time for Trace ID 00a3f3b002be97d46d260f4710d31993: 2196 ms
Input: 5000000,
Cold Start: false
Unique ID: d9a635a9c54ba91d7da03c4e83354337,
Execution Time for Trace ID d9a635a9c54ba91d7da03c4e83354337: 2127 ms
Input: 5000000,
Cold Start: false
Unique ID: 3edd03bb375f834a6ad5a7c044654191,
Execution Time for Trace ID 3edd03bb375f834a6ad5a7c044654191: 2171 ms
Input: 5000000,
Cold Start: false
Unique ID: dc7d261ecbaa5c236d6a0409191f0850,
Execution Time for Trace ID dc7d261ecbaa5c236d6a0409191f0850: 1383 ms
Input: 5000000,
Cold Start: false
Unique ID: 72caf754364780ccd580491f147626fd,
Execution Time for Trace ID 72caf754364780ccd580491f147626fd: 1516 ms
Input: 5000000,
Cold Start: false
Unique ID: 2855e1b8acb4af17a94b3f529132de81,
Execution Time for Trace ID 2855e1b8acb4af17a94b3f529132de81: 2417 ms
Input: 5000000,
Cold Start: false
Unique ID: bfa7284fd51c7ed97f84140bbfbfb28a,
Execution Time for Trace ID bfa7284fd51c7ed97f84140bbfbfb28a: 1677 ms
Input: 5000000,
Cold Start: false
Unique ID: 758991b8d9aaa7ab2288a7d3424327b8,
Execution Time for Trace ID 758991b8d9aaa7ab2288a7d3424327b8: 1449 ms
Input: 5000000,
Cold Start: false
Unique ID: da84a24320468f5b15d8d6c939e7d7fb,
Execution Time for Trace ID da84a24320468f5b15d8d6c939e7d7fb: 2298 ms
Input: 5000000,
Cold Start: true
Unique ID: 004545f46af5e3e2627b341a8627c42c,
Execution Time for Trace ID 004545f46af5e3e2627b341a8627c42c: 1563 ms
Input: 5000000,
Cold Start: false
Unique ID: 2f5fa067d9bc434e73a4fcb5e510a812,
Execution Time for Trace ID 2f5fa067d9bc434e73a4fcb5e510a812: 1425 ms
Input: 5000000,
Cold Start: false
Unique ID: 2692e6939f0da3eaa5a334dd73e5d888,
Execution Time for Trace ID 2692e6939f0da3eaa5a334dd73e5d888: 1479 ms
Input: 5000000,
Cold Start: false
Unique ID: 3b3c2b5e7c2563cc14ea17f7dee756c0,
Execution Time for Trace ID 3b3c2b5e7c2563cc14ea17f7dee756c0: 1569 ms
Input: 5000000,
Cold Start: false
Unique ID: d68369b762315c875c6765a6b2381511,
Execution Time for Trace ID d68369b762315c875c6765a6b2381511: 1434 ms
Input: 5000000,
Cold Start: false
Unique ID: f961919d8894389d0d9b3bfbd906aad5,
Execution Time for Trace ID f961919d8894389d0d9b3bfbd906aad5: 1514 ms
Input: 5000000,
Cold Start: false
Unique ID: 1215aae6e35f8f7a113c33c0bebb34ad,
Execution Time for Trace ID 1215aae6e35f8f7a113c33c0bebb34ad: 1532 ms
Input: 5000000,
Cold Start: false
Unique ID: 15b85c5b547f622900abb2c560f2cddd,
Execution Time for Trace ID 15b85c5b547f622900abb2c560f2cddd: 1474 ms
Input: 5000000,
Cold Start: false
Unique ID: a19848fc13f208ffc611876c0b0c0401,
Execution Time for Trace ID a19848fc13f208ffc611876c0b0c0401: 1504 ms
Input: 5000000,
Cold Start: false
Unique ID: 5d786c717b8c6d4083c2322d8e150c14,
Execution Time for Trace ID 5d786c717b8c6d4083c2322d8e150c14: 1366 ms
Input: 5000000,
Cold Start: false
Unique ID: e290ff5daeefb178ffe9762d6d4f0ea5,
Execution Time for Trace ID e290ff5daeefb178ffe9762d6d4f0ea5: 1415 ms
Input: 5000000,
Cold Start: false
Unique ID: 33a1a2e7dd775bb1863c0c04134867ac,
Execution Time for Trace ID 33a1a2e7dd775bb1863c0c04134867ac: 1489 ms
Input: 5000000,
Cold Start: false
Unique ID: b17b884f4e769849767f83f69575a528,
Execution Time for Trace ID b17b884f4e769849767f83f69575a528: 1462 ms
Input: 5000000,
Cold Start: false
Unique ID: af1457696bde8a55013f50e35cb1db5b,
Execution Time for Trace ID af1457696bde8a55013f50e35cb1db5b: 1420 ms
Input: 5000000,
Cold Start: false
Unique ID: 8713f1838a579c54036ae5bc75bb8d0a,
Execution Time for Trace ID 8713f1838a579c54036ae5bc75bb8d0a: 1456 ms
Input: 5000000,
Cold Start: false
Unique ID: 621201dd0fc3256e15054a4346dc65fb,
Execution Time for Trace ID 621201dd0fc3256e15054a4346dc65fb: 1471 ms
Input: 5000000,
Cold Start: false
Unique ID: 3c33a4efa4e11e2a40a0a419bce6bdab,
Execution Time for Trace ID 3c33a4efa4e11e2a40a0a419bce6bdab: 1420 ms
Input: 5000000,
Cold Start: false
Unique ID: f197d2bf1b3e59cbc0d84175a21842cc,
Execution Time for Trace ID f197d2bf1b3e59cbc0d84175a21842cc: 1557 ms
Input: 5000000,
Cold Start: false
Unique ID: 935b8d011d5d6f7f48200f1d03ffe876,
Execution Time for Trace ID 935b8d011d5d6f7f48200f1d03ffe876: 1527 ms
Input: 5000000,
Cold Start: false
Unique ID: 03766b49a66f7d0ed1a8251f05ee7b1d,
Execution Time for Trace ID 03766b49a66f7d0ed1a8251f05ee7b1d: 1370 ms
Input: 5000000,
Cold Start: false
Unique ID: 155e5948dd0ebfd2b9b65ce930616bf4,
Execution Time for Trace ID 155e5948dd0ebfd2b9b65ce930616bf4: 1522 ms
Input: 5000000,
Cold Start: false
Unique ID: 8605cae315e9133cde2be374b3213e55,
Execution Time for Trace ID 8605cae315e9133cde2be374b3213e55: 1415 ms
Input: 5000000,
Cold Start: false
Unique ID: c625d5838295b42ee4d723447b67c142,
Execution Time for Trace ID c625d5838295b42ee4d723447b67c142: 1662 ms
Input: 5000000,
Cold Start: false
Unique ID: cc84928f04ebac38f59cc9016626b141,
Execution Time for Trace ID cc84928f04ebac38f59cc9016626b141: 1888 ms
Input: 5000000,
Cold Start: false
