Unique ID: 7675ca1c-99a8-4049-bf6f-3c859d1cf5ba,
Billed Duration for Request 7675ca1c-99a8-4049-bf6f-3c859d1cf5ba: 116 ms
Input: 1000000,
Cold Start: false
Unique ID: 97f347fa-0053-4127-a679-ecc25f52d1af,
Billed Duration for Request 97f347fa-0053-4127-a679-ecc25f52d1af: 102 ms
Input: 1000000,
Cold Start: false
Unique ID: bad40959-8ead-4502-b30e-af3e3f27205f,
Billed Duration for Request bad40959-8ead-4502-b30e-af3e3f27205f: 106 ms
Input: 1000000,
Cold Start: false
Unique ID: f0708750-80e9-4b85-806b-1a0c826d4913,
Billed Duration for Request f0708750-80e9-4b85-806b-1a0c826d4913: 106 ms
Input: 1000000,
Cold Start: false
Unique ID: 39ba6a25-d2ce-4b33-8693-44180dab6e10,
Billed Duration for Request 39ba6a25-d2ce-4b33-8693-44180dab6e10: 105 ms
Input: 1000000,
Cold Start: false
Unique ID: 45d17814-b10e-45ee-ba9b-89131e3bd5b9,
Billed Duration for Request 45d17814-b10e-45ee-ba9b-89131e3bd5b9: 94 ms
Input: 1000000,
Cold Start: false
Unique ID: 6be889c9-bf6f-4459-a72f-0b5ba7124e88,
Billed Duration for Request 6be889c9-bf6f-4459-a72f-0b5ba7124e88: 101 ms
Input: 1000000,
Cold Start: false
Unique ID: d389d72b-c7fb-4900-be57-485cb3260287,
Billed Duration for Request d389d72b-c7fb-4900-be57-485cb3260287: 102 ms
Input: 1000000,
Cold Start: false
Unique ID: 9b38ead2-21b2-4be9-8520-73ec9bc5d2c3,
Billed Duration for Request 9b38ead2-21b2-4be9-8520-73ec9bc5d2c3: 98 ms
Input: 1000000,
Cold Start: false
Unique ID: 6f0d4f1f-e6d4-4138-a601-fc77e66761f4,
Billed Duration for Request 6f0d4f1f-e6d4-4138-a601-fc77e66761f4: 103 ms
Input: 1000000,
Cold Start: false
Unique ID: b9006cfd-828b-4953-bc31-2f64a6ee9079,
Billed Duration for Request b9006cfd-828b-4953-bc31-2f64a6ee9079: 98 ms
Input: 1000000,
Cold Start: false
Unique ID: 12f12e4d-6793-4bbb-aaa7-3546b4f555f8,
Billed Duration for Request 12f12e4d-6793-4bbb-aaa7-3546b4f555f8: 105 ms
Input: 1000000,
Cold Start: false
Unique ID: ec272cd6-a30f-48d1-bc42-4a8e6be7f9d0,
Billed Duration for Request ec272cd6-a30f-48d1-bc42-4a8e6be7f9d0: 93 ms
Input: 1000000,
Cold Start: false
Unique ID: ccd8b632-8e5f-468a-9fda-a8ba2515bd0c,
Billed Duration for Request ccd8b632-8e5f-468a-9fda-a8ba2515bd0c: 102 ms
Input: 1000000,
Cold Start: false
Unique ID: b7a97025-ce7e-437f-8668-8f3689aac07a,
Billed Duration for Request b7a97025-ce7e-437f-8668-8f3689aac07a: 98 ms
Input: 1000000,
Cold Start: false
Unique ID: 1e507600-5f04-4d9b-9e52-594cd07ae70e,
Billed Duration for Request 1e507600-5f04-4d9b-9e52-594cd07ae70e: 106 ms
Input: 1000000,
Cold Start: false
Unique ID: b8e6cc50-59d8-46b8-8265-26ecc9b28239,
Billed Duration for Request b8e6cc50-59d8-46b8-8265-26ecc9b28239: 106 ms
Input: 1000000,
Cold Start: false
Unique ID: 07931176-a6e9-4027-b6a9-137283d8808b,
Billed Duration for Request 07931176-a6e9-4027-b6a9-137283d8808b: 106 ms
Input: 1000000,
Cold Start: false
Unique ID: 19f09a2e-61ea-4166-a76a-fe67d7558b86,
Billed Duration for Request 19f09a2e-61ea-4166-a76a-fe67d7558b86: 106 ms
Input: 1000000,
Cold Start: false
Unique ID: 7637cf32-42c5-4306-9f7f-7d8cbb87eced,
Billed Duration for Request 7637cf32-42c5-4306-9f7f-7d8cbb87eced: 98 ms
Input: 1000000,
Cold Start: false
Unique ID: 73a9437f-6747-4330-8c29-50385b9c4608,
Billed Duration for Request 73a9437f-6747-4330-8c29-50385b9c4608: 106 ms
Input: 1000000,
Cold Start: false
Unique ID: 8345cc7f-c091-4d20-a2d4-70ba47eb2c9d,
Billed Duration for Request 8345cc7f-c091-4d20-a2d4-70ba47eb2c9d: 103 ms
Input: 1000000,
Cold Start: false
Unique ID: 2e5af1c6-4308-40f5-95d9-6853eef87a1f,
Billed Duration for Request 2e5af1c6-4308-40f5-95d9-6853eef87a1f: 102 ms
Input: 1000000,
Cold Start: false
Unique ID: 2d86b042-1a1c-46e8-b293-ed1d7eb31791,
Billed Duration for Request 2d86b042-1a1c-46e8-b293-ed1d7eb31791: 101 ms
Input: 1000000,
Cold Start: false
Unique ID: f2d56c47-c315-4e89-b842-d5d1bac8a14f,
Billed Duration for Request f2d56c47-c315-4e89-b842-d5d1bac8a14f: 102 ms
Input: 1000000,
Cold Start: false
Unique ID: 2cbead46-f2c7-4f0e-9977-76f6dca2a792,
Billed Duration for Request 2cbead46-f2c7-4f0e-9977-76f6dca2a792: 98 ms
Input: 1000000,
Cold Start: false
Unique ID: b7ebf28b-a142-4b82-a20f-8c09dfdddfe6,
Billed Duration for Request b7ebf28b-a142-4b82-a20f-8c09dfdddfe6: 101 ms
Input: 1000000,
Cold Start: false
Unique ID: ff5a601d-ddfb-4919-87bf-75014cfca8ca,
Billed Duration for Request ff5a601d-ddfb-4919-87bf-75014cfca8ca: 103 ms
Input: 1000000,
Cold Start: false
Unique ID: b6f336d8-91a4-4300-8515-1ac4889e89b6,
Billed Duration for Request b6f336d8-91a4-4300-8515-1ac4889e89b6: 93 ms
Input: 1000000,
Cold Start: false
Unique ID: 6237abbe-175a-460f-afb7-3fd08b9513a7,
Billed Duration for Request 6237abbe-175a-460f-afb7-3fd08b9513a7: 102 ms
Input: 1000000,
Cold Start: false
Unique ID: 332ca816-5da4-49c2-b598-8c15944c75e2,
Billed Duration for Request 332ca816-5da4-49c2-b598-8c15944c75e2: 103 ms
Input: 1000000,
Cold Start: false
Unique ID: 9e48fdec-862e-4b00-b2d0-79863bc2a0c2,
Billed Duration for Request 9e48fdec-862e-4b00-b2d0-79863bc2a0c2: 98 ms
Input: 1000000,
Cold Start: false
Unique ID: 1e33cc20-95ef-458a-b1de-b14e1c6c934f,
Billed Duration for Request 1e33cc20-95ef-458a-b1de-b14e1c6c934f: 101 ms
Input: 1000000,
Cold Start: false
Unique ID: 00449ceb-8139-4397-852a-c9983c39d27d,
Billed Duration for Request 00449ceb-8139-4397-852a-c9983c39d27d: 106 ms
Input: 1000000,
Cold Start: false
Unique ID: 87249200-0444-47d0-ba21-b811af306ee2,
Billed Duration for Request 87249200-0444-47d0-ba21-b811af306ee2: 103 ms
Input: 1000000,
Cold Start: false
Unique ID: 3f317db1-a973-4967-8ad3-b6362c1b25f4,
Billed Duration for Request 3f317db1-a973-4967-8ad3-b6362c1b25f4: 97 ms
Input: 1000000,
Cold Start: false
Unique ID: dddcc32f-48bb-481c-9eb9-4e35a0ec11e2,
Billed Duration for Request dddcc32f-48bb-481c-9eb9-4e35a0ec11e2: 102 ms
Input: 1000000,
Cold Start: false
Unique ID: 7c93d27f-8932-4e6e-95dc-931a313f534b,
Billed Duration for Request 7c93d27f-8932-4e6e-95dc-931a313f534b: 101 ms
Input: 1000000,
Cold Start: false
Unique ID: 59ac7b43-aec4-40bc-844a-ebf4d97a90fe,
Billed Duration for Request 59ac7b43-aec4-40bc-844a-ebf4d97a90fe: 106 ms
Input: 1000000,
Cold Start: false
Unique ID: 75b85258-758f-410b-9d12-d1d6e227546d,
Billed Duration for Request 75b85258-758f-410b-9d12-d1d6e227546d: 102 ms
Input: 1000000,
Cold Start: false
Unique ID: cca2fbaa-7245-475c-956d-ae5ccc4af601,
Billed Duration for Request cca2fbaa-7245-475c-956d-ae5ccc4af601: 103 ms
Input: 1000000,
Cold Start: false
Unique ID: e00930f4-0cd1-46c8-81d9-4fb4d5ca19f0,
Billed Duration for Request e00930f4-0cd1-46c8-81d9-4fb4d5ca19f0: 101 ms
Input: 1000000,
Cold Start: false
Unique ID: 5c9d0344-b44b-4069-8b35-1922e0491f0a,
Billed Duration for Request 5c9d0344-b44b-4069-8b35-1922e0491f0a: 98 ms
Input: 1000000,
Cold Start: false
Unique ID: 8653303d-8a9c-4bb8-9d09-ca7305d55aeb,
Billed Duration for Request 8653303d-8a9c-4bb8-9d09-ca7305d55aeb: 101 ms
Input: 1000000,
Cold Start: false
Unique ID: bebd1622-86f9-4ccb-a3d7-2f4d0e824a08,
Billed Duration for Request bebd1622-86f9-4ccb-a3d7-2f4d0e824a08: 102 ms
Input: 1000000,
Cold Start: false
Unique ID: 3becdaea-8369-4b33-87c6-67fa5cb78e11,
Billed Duration for Request 3becdaea-8369-4b33-87c6-67fa5cb78e11: 89 ms
Input: 1000000,
Cold Start: false
Unique ID: d5f0c407-7166-42cc-9f9e-4f17d8b5efa1,
Billed Duration for Request d5f0c407-7166-42cc-9f9e-4f17d8b5efa1: 101 ms
Input: 1000000,
Cold Start: false
Unique ID: 344458f3-6efe-4f23-9858-5d9582128b78,
Billed Duration for Request 344458f3-6efe-4f23-9858-5d9582128b78: 106 ms
Input: 1000000,
Cold Start: false
Unique ID: f15abfdb-a360-470c-8b70-61db6cf6b150,
Billed Duration for Request f15abfdb-a360-470c-8b70-61db6cf6b150: 102 ms
Input: 1000000,
Cold Start: false
Unique ID: a1af4c83-f108-4c79-9c3a-2963cf2a51aa,
Billed Duration for Request a1af4c83-f108-4c79-9c3a-2963cf2a51aa: 103 ms
Input: 1000000,
Cold Start: false
Unique ID: 582f8a98-0b9b-444f-969b-12b08b743ab0,
Billed Duration for Request 582f8a98-0b9b-444f-969b-12b08b743ab0: 127 ms
Input: 1000000,
Cold Start: false
Unique ID: 5873cb3b-696d-4f6b-b6e4-0e187e7db57e,
Billed Duration for Request 5873cb3b-696d-4f6b-b6e4-0e187e7db57e: 98 ms
Input: 1000000,
Cold Start: false
Unique ID: 721a7648-12aa-44c8-b7a3-afbf76781577,
Billed Duration for Request 721a7648-12aa-44c8-b7a3-afbf76781577: 101 ms
Input: 1000000,
Cold Start: false
Unique ID: c22b1de3-d6b7-446e-9fae-68f372d7199f,
Billed Duration for Request c22b1de3-d6b7-446e-9fae-68f372d7199f: 101 ms
Input: 1000000,
Cold Start: false
Unique ID: 2042b0b8-d14c-4d21-8bfc-0935e7f6150e,
Billed Duration for Request 2042b0b8-d14c-4d21-8bfc-0935e7f6150e: 96 ms
Input: 1000000,
Cold Start: false
Unique ID: 1554ac4c-6753-416c-aed2-f835f7c0bd3c,
Billed Duration for Request 1554ac4c-6753-416c-aed2-f835f7c0bd3c: 96 ms
Input: 1000000,
Cold Start: false
Unique ID: 36d963c5-2347-4577-8187-d09e67552c12,
Billed Duration for Request 36d963c5-2347-4577-8187-d09e67552c12: 94 ms
Input: 1000000,
Cold Start: false
Unique ID: af34240f-80af-4860-9fc5-c42c30907063,
Billed Duration for Request af34240f-80af-4860-9fc5-c42c30907063: 93 ms
Input: 1000000,
Cold Start: false
Unique ID: 7fbfe408-c87e-4bc2-b932-6f3c0493f120,
Billed Duration for Request 7fbfe408-c87e-4bc2-b932-6f3c0493f120: 88 ms
Input: 1000000,
Cold Start: false
Unique ID: 006770be-ac90-4ae0-9e2c-a080a8e7ae7c,
Billed Duration for Request 006770be-ac90-4ae0-9e2c-a080a8e7ae7c: 92 ms
Input: 1000000,
Cold Start: false
Unique ID: 6329d430-e130-4452-ac0e-7b0d26debd5b,
Billed Duration for Request 6329d430-e130-4452-ac0e-7b0d26debd5b: 89 ms
Input: 1000000,
Cold Start: false
Unique ID: edaa6bee-ce2a-490e-986b-3d0caa9a1190,
Billed Duration for Request edaa6bee-ce2a-490e-986b-3d0caa9a1190: 93 ms
Input: 1000000,
Cold Start: false
Unique ID: 06a61381-6abf-424c-a480-4f802a236a8f,
Billed Duration for Request 06a61381-6abf-424c-a480-4f802a236a8f: 89 ms
Input: 1000000,
Cold Start: false
Unique ID: 83c705de-a32d-4424-85d5-d6d66c987a00,
Billed Duration for Request 83c705de-a32d-4424-85d5-d6d66c987a00: 89 ms
Input: 1000000,
Cold Start: false
Unique ID: 58d90c95-3b6d-482b-a24e-ca0e646908ea,
Billed Duration for Request 58d90c95-3b6d-482b-a24e-ca0e646908ea: 98 ms
Input: 1000000,
Cold Start: false
Unique ID: 1ee8b533-6db1-45ab-8caf-8e04d0cd6781,
Billed Duration for Request 1ee8b533-6db1-45ab-8caf-8e04d0cd6781: 93 ms
Input: 1000000,
Cold Start: false
Unique ID: 893dccda-3363-4969-8dd8-6da861a87ab7,
Billed Duration for Request 893dccda-3363-4969-8dd8-6da861a87ab7: 101 ms
Input: 1000000,
Cold Start: false
Unique ID: 77c53c54-3fbc-4d72-88ca-0e32115fad0a,
Billed Duration for Request 77c53c54-3fbc-4d72-88ca-0e32115fad0a: 92 ms
Input: 1000000,
Cold Start: false
Unique ID: 36edb056-d767-42e3-8d7d-85c99913318a,
Billed Duration for Request 36edb056-d767-42e3-8d7d-85c99913318a: 106 ms
Input: 1000000,
Cold Start: false
Unique ID: c2186718-dc6c-4b34-a84c-3e84586a9a32,
Billed Duration for Request c2186718-dc6c-4b34-a84c-3e84586a9a32: 89 ms
Input: 1000000,
Cold Start: false
Unique ID: 27b684dd-75b2-4f2a-bf0d-5ba7f86f4771,
Billed Duration for Request 27b684dd-75b2-4f2a-bf0d-5ba7f86f4771: 98 ms
Input: 1000000,
Cold Start: false
Unique ID: a8e37953-7842-4627-bb2a-8e332e42fa8b,
Billed Duration for Request a8e37953-7842-4627-bb2a-8e332e42fa8b: 88 ms
Input: 1000000,
Cold Start: false
Unique ID: d4616e42-3bc5-4293-b793-5c4a65354372,
Billed Duration for Request d4616e42-3bc5-4293-b793-5c4a65354372: 101 ms
Input: 1000000,
Cold Start: false
Unique ID: 7976002c-457b-4195-953f-0f158e65f8ca,
Billed Duration for Request 7976002c-457b-4195-953f-0f158e65f8ca: 101 ms
Input: 1000000,
Cold Start: false
Unique ID: 18a1a7fd-3af0-411e-9e9e-e0aae353f841,
Billed Duration for Request 18a1a7fd-3af0-411e-9e9e-e0aae353f841: 105 ms
Input: 1000000,
Cold Start: false
Unique ID: fedc6466-cab7-4854-8ed4-db9b8ee93c28,
Billed Duration for Request fedc6466-cab7-4854-8ed4-db9b8ee93c28: 103 ms
Input: 1000000,
Cold Start: false
Unique ID: e888762d-7db1-4013-8d8a-c95f95b34b10,
Billed Duration for Request e888762d-7db1-4013-8d8a-c95f95b34b10: 99 ms
Input: 1000000,
Cold Start: false
Unique ID: 92481cd7-1748-426e-a59b-75850dd0a4b2,
Billed Duration for Request 92481cd7-1748-426e-a59b-75850dd0a4b2: 89 ms
Input: 1000000,
Cold Start: false
Unique ID: 53d27a8d-6ef2-4dad-95d7-ed7ac1d024b4,
Billed Duration for Request 53d27a8d-6ef2-4dad-95d7-ed7ac1d024b4: 89 ms
Input: 1000000,
Cold Start: false
Unique ID: c78a31cb-b6b6-4aae-a54d-3202138bdbd4,
Billed Duration for Request c78a31cb-b6b6-4aae-a54d-3202138bdbd4: 102 ms
Input: 1000000,
Cold Start: false
Unique ID: 64bbf8a5-35fa-426c-8dc4-14a2239190a9,
Billed Duration for Request 64bbf8a5-35fa-426c-8dc4-14a2239190a9: 89 ms
Input: 1000000,
Cold Start: false
Unique ID: 6360a46e-1687-4287-8ddd-1e23f0d02ca1,
Billed Duration for Request 6360a46e-1687-4287-8ddd-1e23f0d02ca1: 97 ms
Input: 1000000,
Cold Start: false
Unique ID: b6b6707a-52a1-4eb9-b3fa-5f8853826db1,
Billed Duration for Request b6b6707a-52a1-4eb9-b3fa-5f8853826db1: 106 ms
Input: 1000000,
Cold Start: false
Unique ID: d45e0c0b-888c-4833-88c8-0b3d8cfd335e,
Billed Duration for Request d45e0c0b-888c-4833-88c8-0b3d8cfd335e: 101 ms
Input: 1000000,
Cold Start: false
Unique ID: 726df253-c116-4b31-a96d-9ddca1a1a400,
Billed Duration for Request 726df253-c116-4b31-a96d-9ddca1a1a400: 89 ms
Input: 1000000,
Cold Start: false
Unique ID: 3f0d470c-1992-4c82-8836-e2118798469f,
Billed Duration for Request 3f0d470c-1992-4c82-8836-e2118798469f: 105 ms
Input: 1000000,
Cold Start: false
Unique ID: 666da89a-b7c3-453d-ae1c-e2d99771bda5,
Billed Duration for Request 666da89a-b7c3-453d-ae1c-e2d99771bda5: 89 ms
Input: 1000000,
Cold Start: false
Unique ID: f00d0dfb-517a-4de1-bcee-5fc17a29b708,
Billed Duration for Request f00d0dfb-517a-4de1-bcee-5fc17a29b708: 88 ms
Input: 1000000,
Cold Start: false
Unique ID: f1edf5a7-3336-4b71-9387-b45d54440bd4,
Billed Duration for Request f1edf5a7-3336-4b71-9387-b45d54440bd4: 101 ms
Input: 1000000,
Cold Start: false
Unique ID: da7499bf-0815-4370-ae40-2395f4aa0290,
Billed Duration for Request da7499bf-0815-4370-ae40-2395f4aa0290: 92 ms
Input: 1000000,
Cold Start: false
Unique ID: d23564df-adf0-4a50-b0b5-7d1060f5ecfa,
Billed Duration for Request d23564df-adf0-4a50-b0b5-7d1060f5ecfa: 89 ms
Input: 1000000,
Cold Start: false
Unique ID: e03bc735-8fc5-47db-b37b-b00db759b59e,
Billed Duration for Request e03bc735-8fc5-47db-b37b-b00db759b59e: 89 ms
Input: 1000000,
Cold Start: false
Unique ID: 7c6ba151-9c32-4572-ac6d-33268ce6b71f,
Billed Duration for Request 7c6ba151-9c32-4572-ac6d-33268ce6b71f: 103 ms
Input: 1000000,
Cold Start: false
Unique ID: ee1e746e-cd05-41c3-873e-8506e5866897,
Billed Duration for Request ee1e746e-cd05-41c3-873e-8506e5866897: 103 ms
Input: 1000000,
Cold Start: false
Unique ID: 16504a6f-ddd2-4028-97f9-d9fe86a4d81a,
Billed Duration for Request 16504a6f-ddd2-4028-97f9-d9fe86a4d81a: 89 ms
Input: 1000000,
Cold Start: false
Unique ID: bcc3d300-bb4e-45f2-a362-46bd0a534239,
Billed Duration for Request bcc3d300-bb4e-45f2-a362-46bd0a534239: 102 ms
Input: 1000000,
Cold Start: false
Unique ID: 5a1684e5-1baa-4c5f-a8ca-1c638dfe67cd,
Billed Duration for Request 5a1684e5-1baa-4c5f-a8ca-1c638dfe67cd: 97 ms
Input: 1000000,
Cold Start: false
Unique ID: 601280ae-d464-44ce-9d1f-bdff79b18bd7,
Billed Duration for Request 601280ae-d464-44ce-9d1f-bdff79b18bd7: 102 ms
Input: 1000000,
Cold Start: false
Unique ID: ed05fedf-8f5e-447b-a404-f11d2ce8bc0d,
Billed Duration for Request ed05fedf-8f5e-447b-a404-f11d2ce8bc0d: 102 ms
Input: 1000000,
Cold Start: false
Unique ID: d62ba1ba-c04d-46a8-b5a6-de2a09ca44cc,
Billed Duration for Request d62ba1ba-c04d-46a8-b5a6-de2a09ca44cc: 101 ms
Input: 1000000,
Cold Start: false
Unique ID: 3dcebbfa-0132-4f23-989a-584ad9123d46,
Billed Duration for Request 3dcebbfa-0132-4f23-989a-584ad9123d46: 123 ms
Input: 1000000,
Cold Start: false
Unique ID: dd0bd638-9de2-4d20-9427-9af19022ca30,
Billed Duration for Request dd0bd638-9de2-4d20-9427-9af19022ca30: 102 ms
Input: 1000000,
Cold Start: false
Unique ID: 4dbf8e7f-142c-4e6b-a0e8-3aca09008d20,
Billed Duration for Request 4dbf8e7f-142c-4e6b-a0e8-3aca09008d20: 105 ms
Input: 1000000,
Cold Start: false
Unique ID: 4bd68e65-5a90-4a3c-bdde-8e57ffe97b58,
Billed Duration for Request 4bd68e65-5a90-4a3c-bdde-8e57ffe97b58: 102 ms
Input: 1000000,
Cold Start: false
Unique ID: 433576b1-1ad5-45be-9ff6-2e8046a05613,
Billed Duration for Request 433576b1-1ad5-45be-9ff6-2e8046a05613: 97 ms
Input: 1000000,
Cold Start: false
Unique ID: 4544f349-6d55-4a2c-b644-f4bd40b69bef,
Billed Duration for Request 4544f349-6d55-4a2c-b644-f4bd40b69bef: 115 ms
Input: 1000000,
Cold Start: false
Unique ID: 73a9532f-15cc-4261-947b-39672aa4d58c,
Billed Duration for Request 73a9532f-15cc-4261-947b-39672aa4d58c: 101 ms
Input: 1000000,
Cold Start: false
Unique ID: a72dded6-4de0-44d3-81a1-545a824f4d84,
Billed Duration for Request a72dded6-4de0-44d3-81a1-545a824f4d84: 101 ms
Input: 1000000,
Cold Start: false
Unique ID: baee378b-c47b-4835-a63d-28d09621bd9e,
Billed Duration for Request baee378b-c47b-4835-a63d-28d09621bd9e: 94 ms
Input: 1000000,
Cold Start: false
Unique ID: 2334cc8d-d74f-42f9-b9e7-9a15ebb562bd,
Billed Duration for Request 2334cc8d-d74f-42f9-b9e7-9a15ebb562bd: 97 ms
Input: 1000000,
Cold Start: false
Unique ID: 173e6476-f700-4a90-ab2a-eb516ef4b200,
Billed Duration for Request 173e6476-f700-4a90-ab2a-eb516ef4b200: 101 ms
Input: 1000000,
Cold Start: false
Unique ID: 1e112d29-3251-430f-ad78-ea600867a8a7,
Billed Duration for Request 1e112d29-3251-430f-ad78-ea600867a8a7: 101 ms
Input: 1000000,
Cold Start: false
Unique ID: d84b8466-c7dd-4d4c-a768-c79d6272b6ef,
Billed Duration for Request d84b8466-c7dd-4d4c-a768-c79d6272b6ef: 96 ms
Input: 1000000,
Cold Start: false
Unique ID: 079248a8-cc9f-4136-a823-98e87cc4617d,
Billed Duration for Request 079248a8-cc9f-4136-a823-98e87cc4617d: 93 ms
Input: 1000000,
Cold Start: false
Unique ID: 860cbcf2-6835-4302-aadc-1405896528ac,
Billed Duration for Request 860cbcf2-6835-4302-aadc-1405896528ac: 98 ms
Input: 1000000,
Cold Start: false
Unique ID: 4e4dcffa-2c62-447c-99ba-b16fc47998a6,
Billed Duration for Request 4e4dcffa-2c62-447c-99ba-b16fc47998a6: 92 ms
Input: 1000000,
Cold Start: false
Unique ID: 70d6d2dd-2735-4be7-a359-871f718a3f09,
Billed Duration for Request 70d6d2dd-2735-4be7-a359-871f718a3f09: 96 ms
Input: 1000000,
Cold Start: false
Unique ID: d7a1b26f-beb7-4764-9f2b-fc082063dfe8,
Billed Duration for Request d7a1b26f-beb7-4764-9f2b-fc082063dfe8: 98 ms
Input: 1000000,
Cold Start: false
Unique ID: 1dc556ee-ec97-4ca8-9d6b-36b8c4ab0155,
Billed Duration for Request 1dc556ee-ec97-4ca8-9d6b-36b8c4ab0155: 93 ms
Input: 1000000,
Cold Start: false
Unique ID: bc698a7b-5cc1-4e95-be1e-76e9e50bd0c5,
Billed Duration for Request bc698a7b-5cc1-4e95-be1e-76e9e50bd0c5: 100 ms
Input: 1000000,
Cold Start: false
Unique ID: 7d24912d-c361-45de-ad10-33cfb9740d5a,
Billed Duration for Request 7d24912d-c361-45de-ad10-33cfb9740d5a: 98 ms
Input: 1000000,
Cold Start: false
Unique ID: bf22c81d-4fd2-4b65-9254-b195056551b0,
Billed Duration for Request bf22c81d-4fd2-4b65-9254-b195056551b0: 100 ms
Input: 1000000,
Cold Start: false
Unique ID: daeecb0b-c3d4-4d80-851f-625cb28748b3,
Billed Duration for Request daeecb0b-c3d4-4d80-851f-625cb28748b3: 103 ms
Input: 1000000,
Cold Start: false
Unique ID: 449c9d32-fbf0-46f5-bdea-deee9f8c4974,
Billed Duration for Request 449c9d32-fbf0-46f5-bdea-deee9f8c4974: 102 ms
Input: 1000000,
Cold Start: false
Unique ID: ab1fbec7-e1d7-4e04-9edd-fe09c2ab4cb6,
Billed Duration for Request ab1fbec7-e1d7-4e04-9edd-fe09c2ab4cb6: 88 ms
Input: 1000000,
Cold Start: false
Unique ID: f864ac29-f030-48bf-88b0-4da6c55675e1,
Billed Duration for Request f864ac29-f030-48bf-88b0-4da6c55675e1: 101 ms
Input: 1000000,
Cold Start: false
Unique ID: 24992f3f-aa0c-425e-ac46-25b3b51412ce,
Billed Duration for Request 24992f3f-aa0c-425e-ac46-25b3b51412ce: 93 ms
Input: 1000000,
Cold Start: false
Unique ID: e60b979b-3346-40d7-a889-29558a2633c0,
Billed Duration for Request e60b979b-3346-40d7-a889-29558a2633c0: 100 ms
Input: 1000000,
Cold Start: false
Unique ID: 3af34f7a-c488-403a-9c22-e11a7fd48113,
Billed Duration for Request 3af34f7a-c488-403a-9c22-e11a7fd48113: 102 ms
Input: 1000000,
Cold Start: false
Unique ID: e0a5dd41-fbde-4d69-9c37-1f917b531e80,
Billed Duration for Request e0a5dd41-fbde-4d69-9c37-1f917b531e80: 97 ms
Input: 1000000,
Cold Start: false
Unique ID: bf378338-fffb-4062-9ed5-7051a9ef9c7f,
Billed Duration for Request bf378338-fffb-4062-9ed5-7051a9ef9c7f: 100 ms
Input: 1000000,
Cold Start: false
Unique ID: 7683771f-6dd0-40bb-be85-f6a4f21baf74,
Billed Duration for Request 7683771f-6dd0-40bb-be85-f6a4f21baf74: 97 ms
Input: 1000000,
Cold Start: false
Unique ID: eebbe822-c35c-4e9d-91d6-624de7e943b2,
Billed Duration for Request eebbe822-c35c-4e9d-91d6-624de7e943b2: 100 ms
Input: 1000000,
Cold Start: false
Unique ID: 1080b0eb-47d9-4701-bb15-c83f27d9cf50,
Billed Duration for Request 1080b0eb-47d9-4701-bb15-c83f27d9cf50: 102 ms
Input: 1000000,
Cold Start: false
Unique ID: 2f597650-c803-4259-a730-bcf6f0c78829,
Billed Duration for Request 2f597650-c803-4259-a730-bcf6f0c78829: 88 ms
Input: 1000000,
Cold Start: false
Unique ID: 74d7c27d-422f-4c94-a473-cb1f2e0812ee,
Billed Duration for Request 74d7c27d-422f-4c94-a473-cb1f2e0812ee: 100 ms
Input: 1000000,
Cold Start: false
Unique ID: c288e556-4524-4ad8-b2f9-fce85315c28f,
Billed Duration for Request c288e556-4524-4ad8-b2f9-fce85315c28f: 87 ms
Input: 1000000,
Cold Start: false
Unique ID: fce7fb8f-93f1-467e-8442-9cbaf38edce5,
Billed Duration for Request fce7fb8f-93f1-467e-8442-9cbaf38edce5: 94 ms
Input: 1000000,
Cold Start: false
Unique ID: 4ef1a7f3-f6ee-40da-93a2-6057161d7d1c,
Billed Duration for Request 4ef1a7f3-f6ee-40da-93a2-6057161d7d1c: 96 ms
Input: 1000000,
Cold Start: false
Unique ID: 9caeecf3-993b-49c4-84d7-9e3b641f6f8a,
Billed Duration for Request 9caeecf3-993b-49c4-84d7-9e3b641f6f8a: 92 ms
Input: 1000000,
Cold Start: false
Unique ID: 279cff1c-aaba-4f56-b6a1-b038788ca76a,
Billed Duration for Request 279cff1c-aaba-4f56-b6a1-b038788ca76a: 97 ms
Input: 1000000,
Cold Start: false
Unique ID: 4421ad4d-fc3f-47d3-8347-93bf00dd3d78,
Billed Duration for Request 4421ad4d-fc3f-47d3-8347-93bf00dd3d78: 92 ms
Input: 1000000,
Cold Start: false
Unique ID: 556e2189-1d5b-410c-91ce-3cd5bb94d380,
Billed Duration for Request 556e2189-1d5b-410c-91ce-3cd5bb94d380: 88 ms
Input: 1000000,
Cold Start: false
Unique ID: 8e187c50-9671-42d2-8f62-e7f17c8ec0b5,
Billed Duration for Request 8e187c50-9671-42d2-8f62-e7f17c8ec0b5: 102 ms
Input: 1000000,
Cold Start: false
Unique ID: 4218d86f-69da-4edf-b578-54330d57acf0,
Billed Duration for Request 4218d86f-69da-4edf-b578-54330d57acf0: 98 ms
Input: 1000000,
Cold Start: false
Unique ID: f889c738-8ae4-4118-87ba-1134ebedcce2,
Billed Duration for Request f889c738-8ae4-4118-87ba-1134ebedcce2: 101 ms
Input: 1000000,
Cold Start: false
Unique ID: d72b2ee4-cc57-45c0-9885-5e5fe5218347,
Billed Duration for Request d72b2ee4-cc57-45c0-9885-5e5fe5218347: 102 ms
Input: 1000000,
Cold Start: false
Unique ID: f62a7aa0-9470-4daf-a2b3-7f6c6bbb6140,
Billed Duration for Request f62a7aa0-9470-4daf-a2b3-7f6c6bbb6140: 94 ms
Input: 1000000,
Cold Start: false
Unique ID: 45fbf169-b541-4807-b3b2-305ec2d2fad2,
Billed Duration for Request 45fbf169-b541-4807-b3b2-305ec2d2fad2: 101 ms
Input: 1000000,
Cold Start: false
Unique ID: 6fe490c3-78d4-46f7-9fab-be0433f6eee4,
Billed Duration for Request 6fe490c3-78d4-46f7-9fab-be0433f6eee4: 97 ms
Input: 1000000,
Cold Start: false
Unique ID: f29480ad-1b78-44f8-96ca-72d33bad84a8,
Billed Duration for Request f29480ad-1b78-44f8-96ca-72d33bad84a8: 119 ms
Input: 1000000,
Cold Start: false
Unique ID: ca653b9f-db92-40f9-a538-94ccbe36a5a5,
Billed Duration for Request ca653b9f-db92-40f9-a538-94ccbe36a5a5: 93 ms
Input: 1000000,
Cold Start: false
Unique ID: f5815819-d686-42c7-a660-daad71b2e0d3,
Billed Duration for Request f5815819-d686-42c7-a660-daad71b2e0d3: 101 ms
Input: 1000000,
Cold Start: false
Unique ID: 930b915b-2968-4e4f-a2fe-4f565d639298,
Billed Duration for Request 930b915b-2968-4e4f-a2fe-4f565d639298: 107 ms
Input: 1000000,
Cold Start: false
Unique ID: bb4c785d-b607-407c-9c12-02edda0ee7cb,
Billed Duration for Request bb4c785d-b607-407c-9c12-02edda0ee7cb: 106 ms
Input: 1000000,
Cold Start: false
Unique ID: b43943ef-3220-42ad-9815-008642221458,
Billed Duration for Request b43943ef-3220-42ad-9815-008642221458: 93 ms
Input: 1000000,
Cold Start: false
Unique ID: db36b615-995d-46da-869c-7eae13e68104,
Billed Duration for Request db36b615-995d-46da-869c-7eae13e68104: 97 ms
Input: 1000000,
Cold Start: false
Unique ID: c3e33971-274d-469c-8074-da3264680ddb,
Billed Duration for Request c3e33971-274d-469c-8074-da3264680ddb: 93 ms
Input: 1000000,
Cold Start: false
Unique ID: 8208e9a8-365d-4f14-8734-0ee5f6f62427,
Billed Duration for Request 8208e9a8-365d-4f14-8734-0ee5f6f62427: 94 ms
Input: 1000000,
Cold Start: false
Unique ID: 5a35f0f1-c0ed-409b-8c29-6bdebcdb32b8,
Billed Duration for Request 5a35f0f1-c0ed-409b-8c29-6bdebcdb32b8: 93 ms
Input: 1000000,
Cold Start: false
Unique ID: 0f756655-bc85-4715-bc13-260455c05578,
Billed Duration for Request 0f756655-bc85-4715-bc13-260455c05578: 93 ms
Input: 1000000,
Cold Start: false
Unique ID: 7dcd3e43-09ab-4014-b1ab-5d6f8bd2b670,
Billed Duration for Request 7dcd3e43-09ab-4014-b1ab-5d6f8bd2b670: 97 ms
Input: 1000000,
Cold Start: false
Unique ID: c3a4b0e3-6101-40b0-a6cc-de0e780b2f73,
Billed Duration for Request c3a4b0e3-6101-40b0-a6cc-de0e780b2f73: 97 ms
Input: 1000000,
Cold Start: false
Unique ID: 63e171ef-1d34-4688-99a9-84159687af5b,
Billed Duration for Request 63e171ef-1d34-4688-99a9-84159687af5b: 94 ms
Input: 1000000,
Cold Start: false
Unique ID: 2d9aaeb3-477e-43c5-9f0d-32b98d8b6c2e,
Billed Duration for Request 2d9aaeb3-477e-43c5-9f0d-32b98d8b6c2e: 92 ms
Input: 1000000,
Cold Start: false
Unique ID: 1420e39e-502a-4b95-b185-248833f9ae69,
Billed Duration for Request 1420e39e-502a-4b95-b185-248833f9ae69: 97 ms
Input: 1000000,
Cold Start: false
Unique ID: 8c66075d-f3ef-478d-86e3-6200801d888f,
Billed Duration for Request 8c66075d-f3ef-478d-86e3-6200801d888f: 115 ms
Input: 1000000,
Cold Start: false
Unique ID: e965ae43-f05d-4228-8679-e3b882b1fbf3,
Billed Duration for Request e965ae43-f05d-4228-8679-e3b882b1fbf3: 98 ms
Input: 1000000,
Cold Start: false
Unique ID: 0c56dbb7-1bb6-42c0-bfd2-abfd9e5581ec,
Billed Duration for Request 0c56dbb7-1bb6-42c0-bfd2-abfd9e5581ec: 89 ms
Input: 1000000,
Cold Start: false
Unique ID: 2ff1a0b8-6e09-48cd-8e30-0950cecd3689,
Billed Duration for Request 2ff1a0b8-6e09-48cd-8e30-0950cecd3689: 93 ms
Input: 1000000,
Cold Start: false
Unique ID: ab7f65ea-6726-4f2e-89e7-c3b71a8a9cec,
Billed Duration for Request ab7f65ea-6726-4f2e-89e7-c3b71a8a9cec: 93 ms
Input: 1000000,
Cold Start: false
Unique ID: 191d61f8-45e2-40b8-a00a-cae8f06bd3d1,
Billed Duration for Request 191d61f8-45e2-40b8-a00a-cae8f06bd3d1: 89 ms
Input: 1000000,
Cold Start: false
Unique ID: 33884a81-e22a-4f6e-89be-a2f9de8219f4,
Billed Duration for Request 33884a81-e22a-4f6e-89be-a2f9de8219f4: 93 ms
Input: 1000000,
Cold Start: false
Unique ID: 257c80dd-9068-4a34-9bf2-9d703b3ac6e6,
Billed Duration for Request 257c80dd-9068-4a34-9bf2-9d703b3ac6e6: 102 ms
Input: 1000000,
Cold Start: false
Unique ID: 716e8d5c-a59b-4d28-8101-4f1aa99714e3,
Billed Duration for Request 716e8d5c-a59b-4d28-8101-4f1aa99714e3: 98 ms
Input: 1000000,
Cold Start: false
Unique ID: fe5cdc10-c4b6-438e-bbf1-3a5828b608a5,
Billed Duration for Request fe5cdc10-c4b6-438e-bbf1-3a5828b608a5: 89 ms
Input: 1000000,
Cold Start: false
Unique ID: 40c32a43-6861-4a7a-868d-524f7cd983ca,
Billed Duration for Request 40c32a43-6861-4a7a-868d-524f7cd983ca: 101 ms
Input: 1000000,
Cold Start: false
Unique ID: 677336a7-d996-40b4-a6a2-2283d19e2f8b,
Billed Duration for Request 677336a7-d996-40b4-a6a2-2283d19e2f8b: 94 ms
Input: 1000000,
Cold Start: false
Unique ID: e8cd4b0f-43e7-4682-9ab8-51f93f7af540,
Billed Duration for Request e8cd4b0f-43e7-4682-9ab8-51f93f7af540: 93 ms
Input: 1000000,
Cold Start: false
Unique ID: 5d113e66-75a6-4b2a-a2ff-a019748417d3,
Billed Duration for Request 5d113e66-75a6-4b2a-a2ff-a019748417d3: 94 ms
Input: 1000000,
Cold Start: false
Unique ID: 5acc6940-0089-4206-a73e-83c1338da278,
Billed Duration for Request 5acc6940-0089-4206-a73e-83c1338da278: 94 ms
Input: 1000000,
Cold Start: false
Unique ID: a7b94d05-4a34-422f-a25a-4421552cbc85,
Billed Duration for Request a7b94d05-4a34-422f-a25a-4421552cbc85: 93 ms
Input: 1000000,
Cold Start: false
Unique ID: e081397d-0bea-4b12-88bd-ff939e22264f,
Billed Duration for Request e081397d-0bea-4b12-88bd-ff939e22264f: 93 ms
Input: 1000000,
Cold Start: false
Unique ID: 0481d62b-0327-4592-8eb2-ac88afeb5d72,
Billed Duration for Request 0481d62b-0327-4592-8eb2-ac88afeb5d72: 93 ms
Input: 1000000,
Cold Start: false
Unique ID: 5e3ced16-5c57-4ccf-a6d3-13a9464df2b1,
Billed Duration for Request 5e3ced16-5c57-4ccf-a6d3-13a9464df2b1: 93 ms
Input: 1000000,
Cold Start: false
Unique ID: a8e458d2-4a43-40eb-b75e-d4adefff0046,
Billed Duration for Request a8e458d2-4a43-40eb-b75e-d4adefff0046: 93 ms
Input: 1000000,
Cold Start: false
Unique ID: 9921a8d7-c8d1-4208-86e1-ed85dc674c54,
Billed Duration for Request 9921a8d7-c8d1-4208-86e1-ed85dc674c54: 96 ms
Input: 1000000,
Cold Start: false
Unique ID: 037d9b11-43af-45b3-95ef-cc97fda2ca9c,
Billed Duration for Request 037d9b11-43af-45b3-95ef-cc97fda2ca9c: 89 ms
Input: 1000000,
Cold Start: false
Unique ID: 03f77b98-7d03-4dc4-bc61-a022575195ef,
Billed Duration for Request 03f77b98-7d03-4dc4-bc61-a022575195ef: 96 ms
Input: 1000000,
Cold Start: false
Unique ID: 096c9e42-7e07-4e3c-a22b-53e43cf225e5,
Billed Duration for Request 096c9e42-7e07-4e3c-a22b-53e43cf225e5: 96 ms
Input: 1000000,
Cold Start: false
Unique ID: b5a826a9-64d0-41cf-9304-6dfdb2bf882f,
Billed Duration for Request b5a826a9-64d0-41cf-9304-6dfdb2bf882f: 95 ms
Input: 1000000,
Cold Start: false
Unique ID: 6394cc33-2655-4e22-b54d-997fc4986780,
Billed Duration for Request 6394cc33-2655-4e22-b54d-997fc4986780: 88 ms
Input: 1000000,
Cold Start: false
Unique ID: 6b224489-66ef-4a65-8783-ed285479a386,
Billed Duration for Request 6b224489-66ef-4a65-8783-ed285479a386: 92 ms
Input: 1000000,
Cold Start: false
Unique ID: f9a1939c-7f09-4e21-85d3-dd431a654189,
Billed Duration for Request f9a1939c-7f09-4e21-85d3-dd431a654189: 92 ms
Input: 1000000,
Cold Start: false
Unique ID: 718b7958-ca7d-4244-9525-4e8cbdfccfd5,
Billed Duration for Request 718b7958-ca7d-4244-9525-4e8cbdfccfd5: 94 ms
Input: 1000000,
Cold Start: false
Unique ID: 9754886b-7e8e-4748-8dd3-4239d67e2ad5,
Billed Duration for Request 9754886b-7e8e-4748-8dd3-4239d67e2ad5: 92 ms
Input: 1000000,
Cold Start: false
Unique ID: 5ab33cf1-4a0e-4e63-8fc2-600d13d388a4,
Billed Duration for Request 5ab33cf1-4a0e-4e63-8fc2-600d13d388a4: 92 ms
Input: 1000000,
Cold Start: false
Unique ID: 9c8f2360-a3cd-4789-88c4-a805172f1ba7,
Billed Duration for Request 9c8f2360-a3cd-4789-88c4-a805172f1ba7: 94 ms
Input: 1000000,
Cold Start: false
Unique ID: 07041e87-5b1b-4a9b-8510-7af3d747d71e,
Billed Duration for Request 07041e87-5b1b-4a9b-8510-7af3d747d71e: 97 ms
Input: 1000000,
Cold Start: false
Unique ID: 4c3900dd-c7d9-4d09-9c1c-98946409970b,
Billed Duration for Request 4c3900dd-c7d9-4d09-9c1c-98946409970b: 96 ms
Input: 1000000,
Cold Start: false
Unique ID: a79405af-c84f-4d6d-83a4-e2b525897fa1,
Billed Duration for Request a79405af-c84f-4d6d-83a4-e2b525897fa1: 129 ms
Input: 1000000,
Cold Start: false
Unique ID: 416e86ba-786b-49b3-955e-e51de302f0c8,
Billed Duration for Request 416e86ba-786b-49b3-955e-e51de302f0c8: 94 ms
Input: 1000000,
Cold Start: false
Unique ID: 5065ccb4-7bb2-49a6-a9ec-17e741197167,
Billed Duration for Request 5065ccb4-7bb2-49a6-a9ec-17e741197167: 93 ms
Input: 1000000,
Cold Start: false
Unique ID: 64704a9a-271e-4635-9592-1dd72abd8d69,
Billed Duration for Request 64704a9a-271e-4635-9592-1dd72abd8d69: 97 ms
Input: 1000000,
Cold Start: false
Unique ID: afa6135a-cc51-4fbb-bae5-a105300cfa95,
Billed Duration for Request afa6135a-cc51-4fbb-bae5-a105300cfa95: 98 ms
Input: 1000000,
Cold Start: false
Unique ID: dfc88e76-51f0-4601-8847-33b0739333ee,
Billed Duration for Request dfc88e76-51f0-4601-8847-33b0739333ee: 97 ms
Input: 1000000,
Cold Start: false
Unique ID: e0f6da50-f9ee-49d8-8d31-b20085ed4049,
Billed Duration for Request e0f6da50-f9ee-49d8-8d31-b20085ed4049: 106 ms
Input: 1000000,
Cold Start: false
Unique ID: 5311041a-6feb-48dc-9567-edef6b572802,
Billed Duration for Request 5311041a-6feb-48dc-9567-edef6b572802: 97 ms
Input: 1000000,
Cold Start: false
Unique ID: f0882bf9-c8b1-4230-be7e-c1c586742309,
Billed Duration for Request f0882bf9-c8b1-4230-be7e-c1c586742309: 94 ms
Input: 1000000,
Cold Start: false
Unique ID: 30eddc88-db17-465b-bb25-a5e86cc8634e,
Billed Duration for Request 30eddc88-db17-465b-bb25-a5e86cc8634e: 97 ms
Input: 1000000,
Cold Start: false
Unique ID: 363303a5-2a3e-460d-bb3e-323926257538,
Billed Duration for Request 363303a5-2a3e-460d-bb3e-323926257538: 101 ms
Input: 1000000,
Cold Start: false
Unique ID: ed2243aa-72e8-4443-b391-1a8dd8adf4b1,
Billed Duration for Request ed2243aa-72e8-4443-b391-1a8dd8adf4b1: 101 ms
Input: 1000000,
Cold Start: false
Unique ID: d0e9aa10-aa42-47d1-a220-f7464d661e4b,
Billed Duration for Request d0e9aa10-aa42-47d1-a220-f7464d661e4b: 101 ms
Input: 1000000,
Cold Start: false
Unique ID: 3abc972b-8248-4f41-aa0e-7052ed4244b4,
Billed Duration for Request 3abc972b-8248-4f41-aa0e-7052ed4244b4: 94 ms
Input: 1000000,
Cold Start: false
Unique ID: db8bc974-1202-410f-9adb-fa875bdd1098,
Billed Duration for Request db8bc974-1202-410f-9adb-fa875bdd1098: 93 ms
Input: 1000000,
Cold Start: false
Unique ID: 31fafc3c-d397-4678-a89f-96fb14d945b7,
Billed Duration for Request 31fafc3c-d397-4678-a89f-96fb14d945b7: 93 ms
Input: 1000000,
Cold Start: false
Unique ID: d5323fca-7553-496d-83d9-81788c763bf3,
Billed Duration for Request d5323fca-7553-496d-83d9-81788c763bf3: 94 ms
Input: 1000000,
Cold Start: false
Unique ID: 42167f30-8400-4c52-9236-73114e408f5a,
Billed Duration for Request 42167f30-8400-4c52-9236-73114e408f5a: 101 ms
Input: 1000000,
Cold Start: false
Unique ID: 8e2c03c5-d0cc-4806-9852-a1d14f626394,
Billed Duration for Request 8e2c03c5-d0cc-4806-9852-a1d14f626394: 102 ms
Input: 1000000,
Cold Start: false
Unique ID: f77d4cc9-ae45-4b59-b372-78106b67aa8f,
Billed Duration for Request f77d4cc9-ae45-4b59-b372-78106b67aa8f: 101 ms
Input: 1000000,
Cold Start: false
Unique ID: bf78eaf7-0c72-4592-a377-437b960cf440,
Billed Duration for Request bf78eaf7-0c72-4592-a377-437b960cf440: 94 ms
Input: 1000000,
Cold Start: false
Unique ID: 0df00315-d9c9-404a-a403-fbf5c0a83bcc,
Billed Duration for Request 0df00315-d9c9-404a-a403-fbf5c0a83bcc: 100 ms
Input: 1000000,
Cold Start: false
Unique ID: eee8871e-502e-4a65-962a-7a9161984d3e,
Billed Duration for Request eee8871e-502e-4a65-962a-7a9161984d3e: 99 ms
Input: 1000000,
Cold Start: false
Unique ID: cd3e588c-d5c4-46e8-aac7-6d1599f7d303,
Billed Duration for Request cd3e588c-d5c4-46e8-aac7-6d1599f7d303: 182 ms
Input: 1000000,
Cold Start: false
Unique ID: 7bf20c99-71e2-425f-b031-ed5c3e85202a,
Billed Duration for Request 7bf20c99-71e2-425f-b031-ed5c3e85202a: 92 ms
Input: 1000000,
Cold Start: false
Unique ID: d4a3b9a5-b322-4f69-94e0-5f7f746775cc,
Billed Duration for Request d4a3b9a5-b322-4f69-94e0-5f7f746775cc: 100 ms
Input: 1000000,
Cold Start: false
Unique ID: 965deed5-b79a-4a03-b6a0-019479bf6ef4,
Billed Duration for Request 965deed5-b79a-4a03-b6a0-019479bf6ef4: 97 ms
Input: 1000000,
Cold Start: false
Unique ID: 29c89c30-e21a-4bd4-a32a-5bab7e28a572,
Billed Duration for Request 29c89c30-e21a-4bd4-a32a-5bab7e28a572: 93 ms
Input: 1000000,
Cold Start: false
Unique ID: ce64c5f4-c95d-41aa-8c81-a6bc3af1958e,
Billed Duration for Request ce64c5f4-c95d-41aa-8c81-a6bc3af1958e: 96 ms
Input: 1000000,
Cold Start: false
Unique ID: c886135a-c3db-4a34-a16d-2451361677a9,
Billed Duration for Request c886135a-c3db-4a34-a16d-2451361677a9: 92 ms
Input: 1000000,
Cold Start: false
Unique ID: f4f48891-d162-42c2-a23e-b3d67d7a0909,
Billed Duration for Request f4f48891-d162-42c2-a23e-b3d67d7a0909: 93 ms
Input: 1000000,
Cold Start: false
Unique ID: 18ecb64e-74ef-4de8-afdb-3431f6de3d87,
Billed Duration for Request 18ecb64e-74ef-4de8-afdb-3431f6de3d87: 97 ms
Input: 1000000,
Cold Start: false
Unique ID: 1d8a35e6-0cfa-49bf-8df7-aaab218b4db4,
Billed Duration for Request 1d8a35e6-0cfa-49bf-8df7-aaab218b4db4: 97 ms
Input: 1000000,
Cold Start: false
Unique ID: f7ab93de-6429-4f84-9583-b91fb78edae1,
Billed Duration for Request f7ab93de-6429-4f84-9583-b91fb78edae1: 93 ms
Input: 1000000,
Cold Start: false
Unique ID: ee638bb6-a147-46db-abb7-03bdf8aa5deb,
Billed Duration for Request ee638bb6-a147-46db-abb7-03bdf8aa5deb: 100 ms
Input: 1000000,
Cold Start: false
Unique ID: 256a550c-f0a2-4ffa-9952-246bb1ff47b5,
Billed Duration for Request 256a550c-f0a2-4ffa-9952-246bb1ff47b5: 101 ms
Input: 1000000,
Cold Start: false
Unique ID: 46805f21-b204-4db4-8b49-ebfb759c7414,
Billed Duration for Request 46805f21-b204-4db4-8b49-ebfb759c7414: 101 ms
Input: 1000000,
Cold Start: false
Unique ID: 8820f143-5d21-48cd-98e1-e7396c8bbf5b,
Billed Duration for Request 8820f143-5d21-48cd-98e1-e7396c8bbf5b: 96 ms
Input: 1000000,
Cold Start: false
Unique ID: 7ff5f8a3-754d-46e2-ad30-5b4879a9ed22,
Billed Duration for Request 7ff5f8a3-754d-46e2-ad30-5b4879a9ed22: 98 ms
Input: 1000000,
Cold Start: false
Unique ID: 44876591-1854-4b95-babd-599d77c0dd5e,
Billed Duration for Request 44876591-1854-4b95-babd-599d77c0dd5e: 97 ms
Input: 1000000,
Cold Start: false
Unique ID: 157f5859-d6f8-40c3-a9f1-70cfacb7d889,
Billed Duration for Request 157f5859-d6f8-40c3-a9f1-70cfacb7d889: 93 ms
Input: 1000000,
Cold Start: false
Unique ID: 04745f19-85af-4eea-8498-db33c6b84d14,
Billed Duration for Request 04745f19-85af-4eea-8498-db33c6b84d14: 100 ms
Input: 1000000,
Cold Start: false
Unique ID: 3ff50559-f581-4d06-91da-cd591499e24c,
Billed Duration for Request 3ff50559-f581-4d06-91da-cd591499e24c: 101 ms
Input: 1000000,
Cold Start: false
Unique ID: c108c155-d086-4a63-9999-9255cd1d5d35,
Billed Duration for Request c108c155-d086-4a63-9999-9255cd1d5d35: 102 ms
Input: 1000000,
Cold Start: false
Unique ID: 100dc959-3679-4012-83de-19ae5f88d011,
Billed Duration for Request 100dc959-3679-4012-83de-19ae5f88d011: 101 ms
Input: 1000000,
Cold Start: false
Unique ID: 0b73ba0c-0945-4afd-9d2c-a770925773cb,
Billed Duration for Request 0b73ba0c-0945-4afd-9d2c-a770925773cb: 100 ms
Input: 1000000,
Cold Start: false
Unique ID: 0cdb6fb0-edfe-4c84-84d2-8228d2beb107,
Billed Duration for Request 0cdb6fb0-edfe-4c84-84d2-8228d2beb107: 98 ms
Input: 1000000,
Cold Start: false
Unique ID: 19adb4f7-331c-4c27-a5ce-6b0b4d94d17d,
Billed Duration for Request 19adb4f7-331c-4c27-a5ce-6b0b4d94d17d: 100 ms
Input: 1000000,
Cold Start: false
Unique ID: 9c06be2c-d93a-4156-968d-0968e2420b9b,
Billed Duration for Request 9c06be2c-d93a-4156-968d-0968e2420b9b: 101 ms
Input: 1000000,
Cold Start: false
Unique ID: ce32fce5-3d11-48ba-8d3d-20bc275f0ee3,
Billed Duration for Request ce32fce5-3d11-48ba-8d3d-20bc275f0ee3: 89 ms
Input: 1000000,
Cold Start: false
Unique ID: 5060c17f-3f44-4171-b2b9-5fed282f7a2e,
Billed Duration for Request 5060c17f-3f44-4171-b2b9-5fed282f7a2e: 115 ms
Input: 1000000,
Cold Start: false
Unique ID: a74c43e7-604d-447a-958b-8bd5ffc04752,
Billed Duration for Request a74c43e7-604d-447a-958b-8bd5ffc04752: 105 ms
Input: 1000000,
Cold Start: false
Unique ID: a616782d-9cfb-4189-a117-8cb61f7f910a,
Billed Duration for Request a616782d-9cfb-4189-a117-8cb61f7f910a: 108 ms
Input: 1000000,
Cold Start: false
Unique ID: 8f2415b2-ab23-4cd5-adbd-0d511445a49a,
Billed Duration for Request 8f2415b2-ab23-4cd5-adbd-0d511445a49a: 102 ms
Input: 1000000,
Cold Start: false
Unique ID: 5f7536e0-2b83-4e76-a70d-1988bc5834c1,
Billed Duration for Request 5f7536e0-2b83-4e76-a70d-1988bc5834c1: 91 ms
Input: 1000000,
Cold Start: false
Unique ID: e8b6f67f-d44d-4fde-a4ff-0bfb8bbd2e20,
Billed Duration for Request e8b6f67f-d44d-4fde-a4ff-0bfb8bbd2e20: 107 ms
Input: 1000000,
Cold Start: false
Unique ID: ae40d106-17a4-4ac3-b925-ad19b4c8b0fd,
Billed Duration for Request ae40d106-17a4-4ac3-b925-ad19b4c8b0fd: 101 ms
Input: 1000000,
Cold Start: false
Unique ID: 94f73ba2-676d-4756-8aa9-4a8c8f7c43d0,
Billed Duration for Request 94f73ba2-676d-4756-8aa9-4a8c8f7c43d0: 105 ms
Input: 1000000,
Cold Start: false
Unique ID: 75381fd9-9377-45a4-9a8b-c117f688a5ba,
Billed Duration for Request 75381fd9-9377-45a4-9a8b-c117f688a5ba: 89 ms
Input: 1000000,
Cold Start: false
Unique ID: 78815671-0e73-42a7-aa5e-c5a0236259a6,
Billed Duration for Request 78815671-0e73-42a7-aa5e-c5a0236259a6: 106 ms
Input: 1000000,
Cold Start: false
Unique ID: 769bc8aa-c0c6-4649-aff6-26977fba5af6,
Billed Duration for Request 769bc8aa-c0c6-4649-aff6-26977fba5af6: 105 ms
Input: 1000000,
Cold Start: false
Unique ID: 7b2ad902-3916-4cc7-8564-5bf4b51ab1b1,
Billed Duration for Request 7b2ad902-3916-4cc7-8564-5bf4b51ab1b1: 93 ms
Input: 1000000,
Cold Start: false
Unique ID: 642544f8-9b36-453b-932c-fed9c28dc081,
Billed Duration for Request 642544f8-9b36-453b-932c-fed9c28dc081: 106 ms
Input: 1000000,
Cold Start: false
Unique ID: d6a7b946-28ee-48a1-b1f3-b5be19993df2,
Billed Duration for Request d6a7b946-28ee-48a1-b1f3-b5be19993df2: 93 ms
Input: 1000000,
Cold Start: false
Unique ID: e3a430dd-759b-4a80-9fb6-b64ba5248cf3,
Billed Duration for Request e3a430dd-759b-4a80-9fb6-b64ba5248cf3: 93 ms
Input: 1000000,
Cold Start: false
Unique ID: c7873e07-f3b9-4284-92af-800c7062d940,
Billed Duration for Request c7873e07-f3b9-4284-92af-800c7062d940: 106 ms
Input: 1000000,
Cold Start: false
Unique ID: 6201929c-e79f-4e26-a3d4-780611ff8f61,
Billed Duration for Request 6201929c-e79f-4e26-a3d4-780611ff8f61: 107 ms
Input: 1000000,
Cold Start: false
Unique ID: 63c27f57-1310-40ee-91e2-0ad426afa86b,
Billed Duration for Request 63c27f57-1310-40ee-91e2-0ad426afa86b: 93 ms
Input: 1000000,
Cold Start: false
Unique ID: 0165f2cb-f04e-4c3e-9498-bace368a5624,
Billed Duration for Request 0165f2cb-f04e-4c3e-9498-bace368a5624: 106 ms
Input: 1000000,
Cold Start: false
Unique ID: 35b7e0b8-f21e-4c82-96d1-abd598436dcc,
Billed Duration for Request 35b7e0b8-f21e-4c82-96d1-abd598436dcc: 105 ms
Input: 1000000,
Cold Start: false
Unique ID: 3d2a7ce7-92e7-4229-ae8f-3c324f267c8b,
Billed Duration for Request 3d2a7ce7-92e7-4229-ae8f-3c324f267c8b: 89 ms
Input: 1000000,
Cold Start: false
Unique ID: a81215e7-7829-41e3-a880-afe2e2d8c674,
Billed Duration for Request a81215e7-7829-41e3-a880-afe2e2d8c674: 94 ms
Input: 1000000,
Cold Start: false
Unique ID: 098b94d9-718d-49c8-b178-a00063b600d3,
Billed Duration for Request 098b94d9-718d-49c8-b178-a00063b600d3: 106 ms
Input: 1000000,
Cold Start: false
Unique ID: 624627c3-1524-469f-b827-21c3c1982157,
Billed Duration for Request 624627c3-1524-469f-b827-21c3c1982157: 92 ms
Input: 1000000,
Cold Start: false
Unique ID: b49ba3d9-e7e0-45f6-8aa0-b84270698f1b,
Billed Duration for Request b49ba3d9-e7e0-45f6-8aa0-b84270698f1b: 89 ms
Input: 1000000,
Cold Start: false
Unique ID: ab7efb67-a036-48e9-98e2-c34a777e4e6b,
Billed Duration for Request ab7efb67-a036-48e9-98e2-c34a777e4e6b: 93 ms
Input: 1000000,
Cold Start: false
Unique ID: d4015b2b-ca15-4c17-83b1-adfe257cf52c,
Billed Duration for Request d4015b2b-ca15-4c17-83b1-adfe257cf52c: 89 ms
Input: 1000000,
Cold Start: false
Unique ID: 59587a8b-891d-48ba-a2e5-2fb128235d91,
Billed Duration for Request 59587a8b-891d-48ba-a2e5-2fb128235d91: 89 ms
Input: 1000000,
Cold Start: false
Unique ID: 22b96de1-067d-4c9c-8a9e-36d7661ea2df,
Billed Duration for Request 22b96de1-067d-4c9c-8a9e-36d7661ea2df: 85 ms
Input: 1000000,
Cold Start: false
Unique ID: 62062a81-d79f-4892-b36d-b56b13b69b09,
Billed Duration for Request 62062a81-d79f-4892-b36d-b56b13b69b09: 88 ms
Input: 1000000,
Cold Start: false
Unique ID: 376a1173-eca9-434f-8281-ca4bc6f3e9d2,
Billed Duration for Request 376a1173-eca9-434f-8281-ca4bc6f3e9d2: 90 ms
Input: 1000000,
Cold Start: false
Unique ID: bc09ab7e-52fe-4de7-a1eb-1fc2dd914516,
Billed Duration for Request bc09ab7e-52fe-4de7-a1eb-1fc2dd914516: 98 ms
Input: 1000000,
Cold Start: false
Unique ID: fa079ce3-c838-49a6-bd30-147fb2f78bfc,
Billed Duration for Request fa079ce3-c838-49a6-bd30-147fb2f78bfc: 96 ms
Input: 1000000,
Cold Start: false
Unique ID: 40851ab8-f7e2-4461-afaf-87aaaa86ea10,
Billed Duration for Request 40851ab8-f7e2-4461-afaf-87aaaa86ea10: 97 ms
Input: 1000000,
Cold Start: false
Unique ID: 39ed0420-93e9-4b67-a350-8a4ccb6ae29b,
Billed Duration for Request 39ed0420-93e9-4b67-a350-8a4ccb6ae29b: 102 ms
Input: 1000000,
Cold Start: false
Unique ID: 523b43b3-5259-4d04-b13f-cf21de9bee5c,
Billed Duration for Request 523b43b3-5259-4d04-b13f-cf21de9bee5c: 97 ms
Input: 1000000,
Cold Start: false
Unique ID: 7478d6a6-c12a-4a5e-a71f-6db7ebae1fdf,
Billed Duration for Request 7478d6a6-c12a-4a5e-a71f-6db7ebae1fdf: 101 ms
Input: 1000000,
Cold Start: false
Unique ID: 72857b72-8727-4f42-b6b4-0bc46bd0358d,
Billed Duration for Request 72857b72-8727-4f42-b6b4-0bc46bd0358d: 97 ms
Input: 1000000,
Cold Start: false
Unique ID: f2e6f747-f444-4527-ac26-de6b3f651076,
Billed Duration for Request f2e6f747-f444-4527-ac26-de6b3f651076: 88 ms
Input: 1000000,
Cold Start: false
Unique ID: 6e5d24df-4c7c-4447-8a99-b5b845acd2aa,
Billed Duration for Request 6e5d24df-4c7c-4447-8a99-b5b845acd2aa: 103 ms
Input: 1000000,
Cold Start: false
Unique ID: 3097842e-2cc4-4344-8419-d48e884e0a9b,
Billed Duration for Request 3097842e-2cc4-4344-8419-d48e884e0a9b: 93 ms
Input: 1000000,
Cold Start: false
Unique ID: 648f1d22-7768-4fe8-bf56-c15b21123ef7,
Billed Duration for Request 648f1d22-7768-4fe8-bf56-c15b21123ef7: 89 ms
Input: 1000000,
Cold Start: false
Unique ID: 00e4534f-5ac2-40c8-a78a-392d15a58267,
Billed Duration for Request 00e4534f-5ac2-40c8-a78a-392d15a58267: 92 ms
Input: 1000000,
Cold Start: false
Unique ID: b4dae829-0d22-42f6-9dc3-2be2127f96c0,
Billed Duration for Request b4dae829-0d22-42f6-9dc3-2be2127f96c0: 107 ms
Input: 1000000,
Cold Start: false
Unique ID: 442a833e-cb82-4a4e-9687-f4a072c8180a,
Billed Duration for Request 442a833e-cb82-4a4e-9687-f4a072c8180a: 96 ms
Input: 1000000,
Cold Start: false
Unique ID: 7a1f4fda-c3c2-4444-a97c-f8dbe8801b97,
Billed Duration for Request 7a1f4fda-c3c2-4444-a97c-f8dbe8801b97: 88 ms
Input: 1000000,
Cold Start: false
Unique ID: 7912a190-5f45-448b-91b7-dfa3199d0d25,
Billed Duration for Request 7912a190-5f45-448b-91b7-dfa3199d0d25: 101 ms
Input: 1000000,
Cold Start: false
Unique ID: 41fc3974-c181-465c-9a74-4c007a887671,
Billed Duration for Request 41fc3974-c181-465c-9a74-4c007a887671: 88 ms
Input: 1000000,
Cold Start: false
Unique ID: d87fe424-c7da-4c5c-b14f-05decd976a23,
Billed Duration for Request d87fe424-c7da-4c5c-b14f-05decd976a23: 89 ms
Input: 1000000,
Cold Start: false
Unique ID: ee7c0b97-1f82-429c-ba39-6475f04f8d44,
Billed Duration for Request ee7c0b97-1f82-429c-ba39-6475f04f8d44: 89 ms
Input: 1000000,
Cold Start: false
Unique ID: c50f9f6b-34a3-4eef-8084-63e50dfa9363,
Billed Duration for Request c50f9f6b-34a3-4eef-8084-63e50dfa9363: 129 ms
Input: 1000000,
Cold Start: false
Unique ID: f8a304ac-3e23-43e9-8fd1-07cfc54ee6c5,
Billed Duration for Request f8a304ac-3e23-43e9-8fd1-07cfc54ee6c5: 94 ms
Input: 1000000,
Cold Start: false
Unique ID: 4682a79f-5dc6-4d48-a05b-f570a60dc136,
Billed Duration for Request 4682a79f-5dc6-4d48-a05b-f570a60dc136: 102 ms
Input: 1000000,
Cold Start: false
Unique ID: bbf7ba38-7ed1-44ca-b46e-2281756cbcdd,
Billed Duration for Request bbf7ba38-7ed1-44ca-b46e-2281756cbcdd: 102 ms
Input: 1000000,
Cold Start: false
Unique ID: d8dbc4ab-5f5a-40f2-862c-54073cc4cda9,
Billed Duration for Request d8dbc4ab-5f5a-40f2-862c-54073cc4cda9: 98 ms
Input: 1000000,
Cold Start: false
Unique ID: a440fcd0-621f-4a2f-973a-9cf1d564c768,
Billed Duration for Request a440fcd0-621f-4a2f-973a-9cf1d564c768: 106 ms
Input: 1000000,
Cold Start: false
Unique ID: 9592c71d-09c9-4854-aecd-fd8bffd2c1a1,
Billed Duration for Request 9592c71d-09c9-4854-aecd-fd8bffd2c1a1: 98 ms
Input: 1000000,
Cold Start: false
Unique ID: 49f6664a-47f8-48a4-bdf5-960f015c442a,
Billed Duration for Request 49f6664a-47f8-48a4-bdf5-960f015c442a: 93 ms
Input: 1000000,
Cold Start: false
Unique ID: f961c052-3225-4fd5-933b-f476317671d9,
Billed Duration for Request f961c052-3225-4fd5-933b-f476317671d9: 107 ms
Input: 1000000,
Cold Start: false
Unique ID: 9b99aff2-9f49-4f4d-95d5-fd56a101255a,
Billed Duration for Request 9b99aff2-9f49-4f4d-95d5-fd56a101255a: 94 ms
Input: 1000000,
Cold Start: false
Unique ID: 95a1c25e-5f11-439d-87cf-dea379d27b4a,
Billed Duration for Request 95a1c25e-5f11-439d-87cf-dea379d27b4a: 107 ms
Input: 1000000,
Cold Start: false
Unique ID: c9bfe883-b4d1-466d-ae26-6231ab0ca61f,
Billed Duration for Request c9bfe883-b4d1-466d-ae26-6231ab0ca61f: 102 ms
Input: 1000000,
Cold Start: false
Unique ID: 8138e241-19fc-4040-949d-01980c6da96a,
Billed Duration for Request 8138e241-19fc-4040-949d-01980c6da96a: 102 ms
Input: 1000000,
Cold Start: false
Unique ID: 16f450ae-351c-4e58-9d85-a5966ace8557,
Billed Duration for Request 16f450ae-351c-4e58-9d85-a5966ace8557: 102 ms
Input: 1000000,
Cold Start: false
Unique ID: 7788d02f-ca4f-4d35-b6b2-3e3c7360ba1a,
Billed Duration for Request 7788d02f-ca4f-4d35-b6b2-3e3c7360ba1a: 94 ms
Input: 1000000,
Cold Start: false
Unique ID: cf06f81f-ce0f-46b2-8c46-60c2dde11105,
Billed Duration for Request cf06f81f-ce0f-46b2-8c46-60c2dde11105: 93 ms
Input: 1000000,
Cold Start: false
Unique ID: 931bb2f4-9141-46f1-99c9-043c16a78c62,
Billed Duration for Request 931bb2f4-9141-46f1-99c9-043c16a78c62: 102 ms
Input: 1000000,
Cold Start: false
Unique ID: f7fbad68-946a-42ec-a7c8-9fa8b666c729,
Billed Duration for Request f7fbad68-946a-42ec-a7c8-9fa8b666c729: 105 ms
Input: 1000000,
Cold Start: false
Unique ID: 6414d6aa-aa58-41d7-a8c2-dad32476447d,
Billed Duration for Request 6414d6aa-aa58-41d7-a8c2-dad32476447d: 101 ms
Input: 1000000,
Cold Start: false
Unique ID: ec10752e-aef9-4f7d-876e-245275f34676,
Billed Duration for Request ec10752e-aef9-4f7d-876e-245275f34676: 103 ms
Input: 1000000,
Cold Start: false
Unique ID: 10703f4b-2189-45a5-8d94-9fdc3978a8c0,
Billed Duration for Request 10703f4b-2189-45a5-8d94-9fdc3978a8c0: 101 ms
Input: 1000000,
Cold Start: false
Unique ID: 844123b6-7b45-4572-ac7d-f1e4c7ed475b,
Billed Duration for Request 844123b6-7b45-4572-ac7d-f1e4c7ed475b: 101 ms
Input: 1000000,
Cold Start: false
Unique ID: ba2c418c-dea0-46f0-9c3e-e55f5b1d0eb8,
Billed Duration for Request ba2c418c-dea0-46f0-9c3e-e55f5b1d0eb8: 102 ms
Input: 1000000,
Cold Start: false
Unique ID: f60b12a2-eeed-4953-bd79-dc0766b7896b,
Billed Duration for Request f60b12a2-eeed-4953-bd79-dc0766b7896b: 97 ms
Input: 1000000,
Cold Start: false
Unique ID: ddf7cc80-59b7-43f7-a685-8061560d8537,
Billed Duration for Request ddf7cc80-59b7-43f7-a685-8061560d8537: 106 ms
Input: 1000000,
Cold Start: false
Unique ID: ce585bae-0fc2-47b4-9522-01fd8412f737,
Billed Duration for Request ce585bae-0fc2-47b4-9522-01fd8412f737: 93 ms
Input: 1000000,
Cold Start: false
Unique ID: 74c100ae-f3cb-40c9-b7ac-90bdb8d1c6a6,
Billed Duration for Request 74c100ae-f3cb-40c9-b7ac-90bdb8d1c6a6: 102 ms
Input: 1000000,
Cold Start: false
Unique ID: 3db402f8-1906-4fa5-bce4-5e4606bc0718,
Billed Duration for Request 3db402f8-1906-4fa5-bce4-5e4606bc0718: 100 ms
Input: 1000000,
Cold Start: false
Unique ID: e728ec81-5601-4bc3-969e-ed8bb833ee68,
Billed Duration for Request e728ec81-5601-4bc3-969e-ed8bb833ee68: 102 ms
Input: 1000000,
Cold Start: false
Unique ID: 0b9e9e8f-e284-4851-af1a-ca1480c92e2a,
Billed Duration for Request 0b9e9e8f-e284-4851-af1a-ca1480c92e2a: 89 ms
Input: 1000000,
Cold Start: false
Unique ID: 678d0291-bf69-4d56-971f-b5105500b1bb,
Billed Duration for Request 678d0291-bf69-4d56-971f-b5105500b1bb: 102 ms
Input: 1000000,
Cold Start: false
Unique ID: 567ab7a4-061e-49c3-8ee6-fdbdfb7099dc,
Billed Duration for Request 567ab7a4-061e-49c3-8ee6-fdbdfb7099dc: 89 ms
Input: 1000000,
Cold Start: false
Unique ID: 59b832a3-3f85-4901-911a-914bae24bd72,
Billed Duration for Request 59b832a3-3f85-4901-911a-914bae24bd72: 89 ms
Input: 1000000,
Cold Start: false
Unique ID: 1e10e767-41d9-4d2c-a4a2-df2b3dfd427a,
Billed Duration for Request 1e10e767-41d9-4d2c-a4a2-df2b3dfd427a: 89 ms
Input: 1000000,
Cold Start: false
Unique ID: 263ab132-5926-413e-a546-a92bbeddbe64,
Billed Duration for Request 263ab132-5926-413e-a546-a92bbeddbe64: 93 ms
Input: 1000000,
Cold Start: false
Unique ID: 44fc5ff8-c7ac-4133-9208-cfc45daf3c4a,
Billed Duration for Request 44fc5ff8-c7ac-4133-9208-cfc45daf3c4a: 93 ms
Input: 1000000,
Cold Start: false
Unique ID: 49d7f699-d069-4a45-95a4-5448b67be774,
Billed Duration for Request 49d7f699-d069-4a45-95a4-5448b67be774: 101 ms
Input: 1000000,
Cold Start: false
Unique ID: 82ed4a4d-1144-452b-94fd-b2e653e65ade,
Billed Duration for Request 82ed4a4d-1144-452b-94fd-b2e653e65ade: 93 ms
Input: 1000000,
Cold Start: false
Unique ID: 07ac97fd-2879-43f7-8d74-e4730cd66a4a,
Billed Duration for Request 07ac97fd-2879-43f7-8d74-e4730cd66a4a: 98 ms
Input: 1000000,
Cold Start: false
Unique ID: 7f68644b-c8fe-4a64-8d82-b55de921a669,
Billed Duration for Request 7f68644b-c8fe-4a64-8d82-b55de921a669: 101 ms
Input: 1000000,
Cold Start: false
Unique ID: f0cf4823-20cc-4380-aea8-3c0d8f263c73,
Billed Duration for Request f0cf4823-20cc-4380-aea8-3c0d8f263c73: 89 ms
Input: 1000000,
Cold Start: false
Unique ID: 0753b1f3-a8fe-43f6-9fc2-9cb4717df217,
Billed Duration for Request 0753b1f3-a8fe-43f6-9fc2-9cb4717df217: 97 ms
Input: 1000000,
Cold Start: false
Unique ID: 124930ae-9cfe-47a6-89c7-cca45f6f821d,
Billed Duration for Request 124930ae-9cfe-47a6-89c7-cca45f6f821d: 94 ms
Input: 1000000,
Cold Start: false
Unique ID: 6488121c-ad62-45b9-81e6-d38273b16d7e,
Billed Duration for Request 6488121c-ad62-45b9-81e6-d38273b16d7e: 101 ms
Input: 1000000,
Cold Start: false
Unique ID: b893edb4-2611-451c-9377-4f04f36226f1,
Billed Duration for Request b893edb4-2611-451c-9377-4f04f36226f1: 103 ms
Input: 1000000,
Cold Start: false
Unique ID: c50fd842-1f98-4bca-a199-320d6e70385b,
Billed Duration for Request c50fd842-1f98-4bca-a199-320d6e70385b: 102 ms
Input: 1000000,
Cold Start: false
Unique ID: 179c3e3f-1d67-452b-bbc2-7997fc0f538f,
Billed Duration for Request 179c3e3f-1d67-452b-bbc2-7997fc0f538f: 102 ms
Input: 1000000,
Cold Start: false
Unique ID: 0bf08a25-c6a0-44d2-97cb-d02f19d80d39,
Billed Duration for Request 0bf08a25-c6a0-44d2-97cb-d02f19d80d39: 102 ms
Input: 1000000,
Cold Start: false
Unique ID: 3c6e99ce-5037-45f7-bc48-908c0e10f1c5,
Billed Duration for Request 3c6e99ce-5037-45f7-bc48-908c0e10f1c5: 89 ms
Input: 1000000,
Cold Start: false
Unique ID: e76a3edd-53d1-4ee0-8f5f-fde98cc1d564,
Billed Duration for Request e76a3edd-53d1-4ee0-8f5f-fde98cc1d564: 97 ms
Input: 1000000,
Cold Start: false
Unique ID: a7e54054-2900-447a-8992-6305671f94c3,
Billed Duration for Request a7e54054-2900-447a-8992-6305671f94c3: 119 ms
Input: 1000000,
Cold Start: false
Unique ID: ed4aa969-7e75-4201-a75e-7648bbbf25cf,
Billed Duration for Request ed4aa969-7e75-4201-a75e-7648bbbf25cf: 94 ms
Input: 1000000,
Cold Start: false
Unique ID: ed42df07-987c-4425-8577-307ad30b0203,
Billed Duration for Request ed42df07-987c-4425-8577-307ad30b0203: 93 ms
Input: 1000000,
Cold Start: false
Unique ID: 1b32023c-43cc-417f-b74b-3fe2d1b9a3eb,
Billed Duration for Request 1b32023c-43cc-417f-b74b-3fe2d1b9a3eb: 97 ms
Input: 1000000,
Cold Start: false
Unique ID: 54abae46-9932-4646-a7f5-e8a1a8ba9e00,
Billed Duration for Request 54abae46-9932-4646-a7f5-e8a1a8ba9e00: 93 ms
Input: 1000000,
Cold Start: false
Unique ID: 06c70997-ddf8-4a2b-9c77-58413e5785ff,
Billed Duration for Request 06c70997-ddf8-4a2b-9c77-58413e5785ff: 102 ms
Input: 1000000,
Cold Start: false
Unique ID: 50d679ec-ae44-423d-b7ca-820af453e7d5,
Billed Duration for Request 50d679ec-ae44-423d-b7ca-820af453e7d5: 97 ms
Input: 1000000,
Cold Start: false
Unique ID: c5497e63-1a64-451d-a823-ab35e5fdd20f,
Billed Duration for Request c5497e63-1a64-451d-a823-ab35e5fdd20f: 94 ms
Input: 1000000,
Cold Start: false
Unique ID: bc41d942-4733-48f2-b53d-394006dd1686,
Billed Duration for Request bc41d942-4733-48f2-b53d-394006dd1686: 98 ms
Input: 1000000,
Cold Start: false
Unique ID: a116350f-18cd-4eb9-8e64-dca46b8882c0,
Billed Duration for Request a116350f-18cd-4eb9-8e64-dca46b8882c0: 93 ms
Input: 1000000,
Cold Start: false
Unique ID: 297cf890-0e71-401a-8401-c5dac9c0b143,
Billed Duration for Request 297cf890-0e71-401a-8401-c5dac9c0b143: 99 ms
Input: 1000000,
Cold Start: false
Unique ID: 964166a9-3f51-4904-9760-1445e5b54da6,
Billed Duration for Request 964166a9-3f51-4904-9760-1445e5b54da6: 98 ms
Input: 1000000,
Cold Start: false
Unique ID: a91a52d8-89c6-416c-ad87-e6353c515f01,
Billed Duration for Request a91a52d8-89c6-416c-ad87-e6353c515f01: 90 ms
Input: 1000000,
Cold Start: false
Unique ID: d2cbf44f-c46d-404e-b4ed-985ce5bba4b6,
Billed Duration for Request d2cbf44f-c46d-404e-b4ed-985ce5bba4b6: 101 ms
Input: 1000000,
Cold Start: false
Unique ID: 0df6ecc4-fa6d-4f3d-9fb9-03b3fee6188d,
Billed Duration for Request 0df6ecc4-fa6d-4f3d-9fb9-03b3fee6188d: 97 ms
Input: 1000000,
Cold Start: false
Unique ID: 9c7be45c-1e67-4eb6-8c83-ba1e9ad88124,
Billed Duration for Request 9c7be45c-1e67-4eb6-8c83-ba1e9ad88124: 97 ms
Input: 1000000,
Cold Start: false
Unique ID: e041c7f2-08df-44df-83f7-cc033da6f0ab,
Billed Duration for Request e041c7f2-08df-44df-83f7-cc033da6f0ab: 97 ms
Input: 1000000,
Cold Start: false
Unique ID: df3eebf3-803b-4da4-94f8-c10fed74a0ed,
Billed Duration for Request df3eebf3-803b-4da4-94f8-c10fed74a0ed: 94 ms
Input: 1000000,
Cold Start: false
Unique ID: 6a2e9fe1-8352-4782-bba6-675ed0c022b0,
Billed Duration for Request 6a2e9fe1-8352-4782-bba6-675ed0c022b0: 98 ms
Input: 1000000,
Cold Start: false
Unique ID: fa1b1581-0677-485f-8959-15d9bebf5330,
Billed Duration for Request fa1b1581-0677-485f-8959-15d9bebf5330: 98 ms
Input: 1000000,
Cold Start: false
Unique ID: 7ad3332c-e196-4462-a2ef-0dddb0d19da1,
Billed Duration for Request 7ad3332c-e196-4462-a2ef-0dddb0d19da1: 106 ms
Input: 1000000,
Cold Start: false
Unique ID: 49b50d39-5577-4367-8eb9-b8c8312b7530,
Billed Duration for Request 49b50d39-5577-4367-8eb9-b8c8312b7530: 102 ms
Input: 1000000,
Cold Start: false
Unique ID: 7cc816a8-502e-455b-bd7c-ec675116c22c,
Billed Duration for Request 7cc816a8-502e-455b-bd7c-ec675116c22c: 97 ms
Input: 1000000,
Cold Start: false
Unique ID: eecf8ce7-425a-4ff3-9296-0f7ec2278edd,
Billed Duration for Request eecf8ce7-425a-4ff3-9296-0f7ec2278edd: 97 ms
Input: 1000000,
Cold Start: false
Unique ID: ae1efbac-ecd6-4e4e-bb44-e1ad4109ee98,
Billed Duration for Request ae1efbac-ecd6-4e4e-bb44-e1ad4109ee98: 102 ms
Input: 1000000,
Cold Start: false
Unique ID: 015d35a4-ef5a-483e-9bdd-df70f7940363,
Billed Duration for Request 015d35a4-ef5a-483e-9bdd-df70f7940363: 94 ms
Input: 1000000,
Cold Start: false
Unique ID: 89a91414-2ae8-4007-9bce-e0302377c017,
Billed Duration for Request 89a91414-2ae8-4007-9bce-e0302377c017: 107 ms
Input: 1000000,
Cold Start: false
Unique ID: aa53f8c9-2135-40ae-9c2a-0ef0b6735f33,
Billed Duration for Request aa53f8c9-2135-40ae-9c2a-0ef0b6735f33: 93 ms
Input: 1000000,
Cold Start: false
Unique ID: bfda9aae-9ff3-4e5b-889e-08a95953a446,
Billed Duration for Request bfda9aae-9ff3-4e5b-889e-08a95953a446: 108 ms
Input: 1000000,
Cold Start: false
Unique ID: 5b726df8-1e45-4483-9e16-d3b30dbaa37b,
Billed Duration for Request 5b726df8-1e45-4483-9e16-d3b30dbaa37b: 93 ms
Input: 1000000,
Cold Start: false
Unique ID: e239a906-0ea4-4880-82b2-36a9746068ad,
Billed Duration for Request e239a906-0ea4-4880-82b2-36a9746068ad: 101 ms
Input: 1000000,
Cold Start: false
Unique ID: 0efc8d6d-7f5c-45d6-b7c9-b9ca96d4be55,
Billed Duration for Request 0efc8d6d-7f5c-45d6-b7c9-b9ca96d4be55: 89 ms
Input: 1000000,
Cold Start: false
Unique ID: 8b904a1e-f09a-4933-98c4-8f6931bc84c3,
Billed Duration for Request 8b904a1e-f09a-4933-98c4-8f6931bc84c3: 98 ms
Input: 1000000,
Cold Start: false
Unique ID: bf36af81-bda7-4e58-a0e9-463e240f40a8,
Billed Duration for Request bf36af81-bda7-4e58-a0e9-463e240f40a8: 92 ms
Input: 1000000,
Cold Start: false
Unique ID: 52a26d67-cd8f-4688-ab75-0056e9ae7397,
Billed Duration for Request 52a26d67-cd8f-4688-ab75-0056e9ae7397: 100 ms
Input: 1000000,
Cold Start: false
Unique ID: 840ae501-977e-47cb-9a57-4ada49899336,
Billed Duration for Request 840ae501-977e-47cb-9a57-4ada49899336: 98 ms
Input: 1000000,
Cold Start: false
Unique ID: b3e5f36b-adb6-47bb-866b-f556e7fe2464,
Billed Duration for Request b3e5f36b-adb6-47bb-866b-f556e7fe2464: 93 ms
Input: 1000000,
Cold Start: false
Unique ID: d03bd0e5-e8c0-4887-9c5d-a36a62d46474,
Billed Duration for Request d03bd0e5-e8c0-4887-9c5d-a36a62d46474: 100 ms
Input: 1000000,
Cold Start: false
Unique ID: 03b26cf1-0576-4bbd-9cd7-4415e69b861b,
Billed Duration for Request 03b26cf1-0576-4bbd-9cd7-4415e69b861b: 89 ms
Input: 1000000,
Cold Start: false
Unique ID: 13f499e9-88cc-478f-b318-4983507a8d1b,
Billed Duration for Request 13f499e9-88cc-478f-b318-4983507a8d1b: 106 ms
Input: 1000000,
Cold Start: false
Unique ID: 63b9f756-99a2-48d3-9eda-ebfa5a188feb,
Billed Duration for Request 63b9f756-99a2-48d3-9eda-ebfa5a188feb: 95 ms
Input: 1000000,
Cold Start: false
Unique ID: e66f67d7-9e82-4046-a1fe-96270466acd1,
Billed Duration for Request e66f67d7-9e82-4046-a1fe-96270466acd1: 92 ms
Input: 1000000,
Cold Start: false
Unique ID: d13efde7-6f20-4e33-8925-862a8e37ac2f,
Billed Duration for Request d13efde7-6f20-4e33-8925-862a8e37ac2f: 96 ms
Input: 1000000,
Cold Start: false
Unique ID: f66a84d6-bdee-4c89-9dda-fb9549e210be,
Billed Duration for Request f66a84d6-bdee-4c89-9dda-fb9549e210be: 107 ms
Input: 1000000,
Cold Start: false
Unique ID: a311b936-4ed9-42d4-9358-b71cea8d7b08,
Billed Duration for Request a311b936-4ed9-42d4-9358-b71cea8d7b08: 97 ms
Input: 1000000,
Cold Start: false
Unique ID: 25388c37-4c72-4fce-93b0-efeec167605f,
Billed Duration for Request 25388c37-4c72-4fce-93b0-efeec167605f: 100 ms
Input: 1000000,
Cold Start: false
Unique ID: 6377558e-d102-4808-a54c-284e024d94fa,
Billed Duration for Request 6377558e-d102-4808-a54c-284e024d94fa: 100 ms
Input: 1000000,
Cold Start: false
Unique ID: e87095bd-dad4-41d1-a6e4-bcddc8deb8be,
Billed Duration for Request e87095bd-dad4-41d1-a6e4-bcddc8deb8be: 94 ms
Input: 1000000,
Cold Start: false
Unique ID: 818892cd-bbdf-4410-93a3-2a3b6cd772ad,
Billed Duration for Request 818892cd-bbdf-4410-93a3-2a3b6cd772ad: 101 ms
Input: 1000000,
Cold Start: false
Unique ID: 5f305b89-bf5f-4b52-a638-2db78cca7d4b,
Billed Duration for Request 5f305b89-bf5f-4b52-a638-2db78cca7d4b: 100 ms
Input: 1000000,
Cold Start: false
Unique ID: ad22efe3-4300-4249-a9f9-d0fdab611f4e,
Billed Duration for Request ad22efe3-4300-4249-a9f9-d0fdab611f4e: 111 ms
Input: 1000000,
Cold Start: false
Unique ID: 25c67ff2-90df-463f-bdd1-e6d7636966b8,
Billed Duration for Request 25c67ff2-90df-463f-bdd1-e6d7636966b8: 90 ms
Input: 1000000,
Cold Start: false
Unique ID: 8bd9b7f9-efce-4bbd-b388-c3da8d36d3aa,
Billed Duration for Request 8bd9b7f9-efce-4bbd-b388-c3da8d36d3aa: 107 ms
Input: 1000000,
Cold Start: false
Unique ID: 1cdfc72d-85a6-4386-bedc-d6afc3cf51a0,
Billed Duration for Request 1cdfc72d-85a6-4386-bedc-d6afc3cf51a0: 93 ms
Input: 1000000,
Cold Start: false
Unique ID: 297bb203-220c-4855-9daf-851601f4d9d5,
Billed Duration for Request 297bb203-220c-4855-9daf-851601f4d9d5: 93 ms
Input: 1000000,
Cold Start: false
Unique ID: 67e9eb66-4e3d-49b1-8780-76da559ac64e,
Billed Duration for Request 67e9eb66-4e3d-49b1-8780-76da559ac64e: 93 ms
Input: 1000000,
Cold Start: false
Unique ID: fd8308a4-0c4d-494e-ac00-0d269c5d8344,
Billed Duration for Request fd8308a4-0c4d-494e-ac00-0d269c5d8344: 101 ms
Input: 1000000,
Cold Start: false
Unique ID: 4cfd84d8-2791-41e8-af15-a7f50252dafc,
Billed Duration for Request 4cfd84d8-2791-41e8-af15-a7f50252dafc: 94 ms
Input: 1000000,
Cold Start: false
Unique ID: 21e9480d-5a7f-4749-a366-ef0f40d76409,
Billed Duration for Request 21e9480d-5a7f-4749-a366-ef0f40d76409: 105 ms
Input: 1000000,
Cold Start: false
Unique ID: 90bf69f3-aaa3-4ca0-981b-0191b1651eef,
Billed Duration for Request 90bf69f3-aaa3-4ca0-981b-0191b1651eef: 90 ms
Input: 1000000,
Cold Start: false
Unique ID: 77a34dc3-3f45-42e0-9770-74562b47be34,
Billed Duration for Request 77a34dc3-3f45-42e0-9770-74562b47be34: 91 ms
Input: 1000000,
Cold Start: false
Unique ID: 8fef34cd-7e78-4094-acc2-2613d05bcd90,
Billed Duration for Request 8fef34cd-7e78-4094-acc2-2613d05bcd90: 107 ms
Input: 1000000,
Cold Start: false
Unique ID: bf186577-1978-4404-bab7-9117ce43ea7b,
Billed Duration for Request bf186577-1978-4404-bab7-9117ce43ea7b: 93 ms
Input: 1000000,
Cold Start: false
Unique ID: e879c968-d7c6-48c7-bfdf-f1b68bff8b7b,
Billed Duration for Request e879c968-d7c6-48c7-bfdf-f1b68bff8b7b: 97 ms
Input: 1000000,
Cold Start: false
Unique ID: 1ab50341-9e32-44b2-b5bc-d08867107a11,
Billed Duration for Request 1ab50341-9e32-44b2-b5bc-d08867107a11: 93 ms
Input: 1000000,
Cold Start: false
Unique ID: 020e02f0-a22a-4ed4-9d00-32ca6106b7ea,
Billed Duration for Request 020e02f0-a22a-4ed4-9d00-32ca6106b7ea: 93 ms
Input: 1000000,
Cold Start: false
Unique ID: 5c2313c5-d17e-449e-ad0e-a00de1bba883,
Billed Duration for Request 5c2313c5-d17e-449e-ad0e-a00de1bba883: 93 ms
Input: 1000000,
Cold Start: false
Unique ID: 6a2bb2bd-eec0-4613-b50d-3474e639c65a,
Billed Duration for Request 6a2bb2bd-eec0-4613-b50d-3474e639c65a: 94 ms
Input: 1000000,
Cold Start: false
Unique ID: 21a731eb-08b2-4b78-bc73-f5bff1f21b88,
Billed Duration for Request 21a731eb-08b2-4b78-bc73-f5bff1f21b88: 105 ms
Input: 1000000,
Cold Start: false
Unique ID: a847d6ad-b58b-40dc-a3b6-b371248c6aba,
Billed Duration for Request a847d6ad-b58b-40dc-a3b6-b371248c6aba: 93 ms
Input: 1000000,
Cold Start: false
Unique ID: f9722ea2-d797-4638-a511-3280ebb81433,
Billed Duration for Request f9722ea2-d797-4638-a511-3280ebb81433: 93 ms
Input: 1000000,
Cold Start: false
Unique ID: ef389e0f-827d-4543-803e-a739cb4f1424,
Billed Duration for Request ef389e0f-827d-4543-803e-a739cb4f1424: 93 ms
Input: 1000000,
Cold Start: false
Unique ID: 3894a024-88d2-4326-81a9-02cfe6424089,
Billed Duration for Request 3894a024-88d2-4326-81a9-02cfe6424089: 93 ms
Input: 1000000,
Cold Start: false
Unique ID: 2c93e00b-92b7-4885-be26-00db28ec42c9,
Billed Duration for Request 2c93e00b-92b7-4885-be26-00db28ec42c9: 90 ms
Input: 1000000,
Cold Start: false
Unique ID: d5d4d486-db99-4410-ba41-9a223e8b0fa9,
Billed Duration for Request d5d4d486-db99-4410-ba41-9a223e8b0fa9: 93 ms
Input: 1000000,
Cold Start: false
Unique ID: 88c48d2c-90dc-4a56-8c22-4800c53198a0,
Billed Duration for Request 88c48d2c-90dc-4a56-8c22-4800c53198a0: 106 ms
Input: 1000000,
Cold Start: false
Unique ID: 31f28ee6-a8df-4151-a67c-eef29fbf5bee,
Billed Duration for Request 31f28ee6-a8df-4151-a67c-eef29fbf5bee: 93 ms
Input: 1000000,
Cold Start: false
Unique ID: a114e8ae-8b92-49b1-8f01-65ffb6eb2582,
Billed Duration for Request a114e8ae-8b92-49b1-8f01-65ffb6eb2582: 93 ms
Input: 1000000,
Cold Start: false
Unique ID: d3d7d81a-9009-47f3-b2b2-92fcc75f4d07,
Billed Duration for Request d3d7d81a-9009-47f3-b2b2-92fcc75f4d07: 93 ms
Input: 1000000,
Cold Start: false
Unique ID: 8ffc9bdc-95c0-4449-99d8-8b67800a303e,
Billed Duration for Request 8ffc9bdc-95c0-4449-99d8-8b67800a303e: 93 ms
Input: 1000000,
Cold Start: false
Unique ID: 7b0b66ae-b655-40eb-ab3d-a3c986b6f482,
Billed Duration for Request 7b0b66ae-b655-40eb-ab3d-a3c986b6f482: 93 ms
Input: 1000000,
Cold Start: false
Unique ID: d430df90-e1d0-4c1f-b888-99e8eed04f7e,
Billed Duration for Request d430df90-e1d0-4c1f-b888-99e8eed04f7e: 93 ms
Input: 1000000,
Cold Start: false
Unique ID: 69f5a422-51fa-42d4-8051-9834d8400d58,
Billed Duration for Request 69f5a422-51fa-42d4-8051-9834d8400d58: 93 ms
Input: 1000000,
Cold Start: false
Unique ID: 3b5b3ef9-ab58-49e0-818f-aaca611e12e3,
Billed Duration for Request 3b5b3ef9-ab58-49e0-818f-aaca611e12e3: 94 ms
Input: 1000000,
Cold Start: false
Unique ID: 1f188d48-b204-49bf-8a22-d44329d5eaf7,
Billed Duration for Request 1f188d48-b204-49bf-8a22-d44329d5eaf7: 106 ms
Input: 1000000,
Cold Start: false
Unique ID: 223b2631-e4f3-4693-98b2-e6e5b5cb1199,
Billed Duration for Request 223b2631-e4f3-4693-98b2-e6e5b5cb1199: 93 ms
Input: 1000000,
Cold Start: false
Unique ID: eca15a46-b64e-4397-b8f5-a2d267d74ae2,
Billed Duration for Request eca15a46-b64e-4397-b8f5-a2d267d74ae2: 93 ms
Input: 1000000,
Cold Start: false
Unique ID: 61c6b842-52b8-42a4-8079-504629574dc7,
Billed Duration for Request 61c6b842-52b8-42a4-8079-504629574dc7: 94 ms
Input: 1000000,
Cold Start: false
Unique ID: e5ba2912-5024-473c-918e-c4f11b4739a5,
Billed Duration for Request e5ba2912-5024-473c-918e-c4f11b4739a5: 92 ms
Input: 1000000,
Cold Start: false
Unique ID: 58d6b3d8-d99e-4fef-8ae6-81c5d90cbe1c,
Billed Duration for Request 58d6b3d8-d99e-4fef-8ae6-81c5d90cbe1c: 97 ms
Input: 1000000,
Cold Start: false
Unique ID: c6574f11-05d1-4f99-8f20-80def7d6b95a,
Billed Duration for Request c6574f11-05d1-4f99-8f20-80def7d6b95a: 93 ms
Input: 1000000,
Cold Start: false
Unique ID: 7ad50c17-6621-4f73-b180-cb9a6702e4ce,
Billed Duration for Request 7ad50c17-6621-4f73-b180-cb9a6702e4ce: 89 ms
Input: 1000000,
Cold Start: false
Unique ID: e724322e-dd6c-4126-bb0e-979182bd6d62,
Billed Duration for Request e724322e-dd6c-4126-bb0e-979182bd6d62: 99 ms
Input: 1000000,
Cold Start: false
Unique ID: e719725a-1db2-4c3c-8702-f800b0a5d1a7,
Billed Duration for Request e719725a-1db2-4c3c-8702-f800b0a5d1a7: 92 ms
Input: 1000000,
Cold Start: false
Unique ID: 21aaf1ca-9248-4c12-b863-65181cdbc43f,
Billed Duration for Request 21aaf1ca-9248-4c12-b863-65181cdbc43f: 92 ms
Input: 1000000,
Cold Start: false
Unique ID: 8c2452d8-0548-4885-9fad-aa0394cef168,
Billed Duration for Request 8c2452d8-0548-4885-9fad-aa0394cef168: 92 ms
Input: 1000000,
Cold Start: false
Unique ID: d224f398-33ce-4f8a-99f4-06f05dd9824c,
Billed Duration for Request d224f398-33ce-4f8a-99f4-06f05dd9824c: 102 ms
Input: 1000000,
Cold Start: false
Unique ID: 1c48777d-6a91-467d-a60c-d088230da148,
Billed Duration for Request 1c48777d-6a91-467d-a60c-d088230da148: 93 ms
Input: 1000000,
Cold Start: false
Unique ID: c457e8ac-4d2d-44c8-8676-a340733b8518,
Billed Duration for Request c457e8ac-4d2d-44c8-8676-a340733b8518: 97 ms
Input: 1000000,
Cold Start: false
Unique ID: 58dc253a-1b1c-4816-87d5-b55524ca6ffb,
Billed Duration for Request 58dc253a-1b1c-4816-87d5-b55524ca6ffb: 106 ms
Input: 1000000,
Cold Start: false
Unique ID: fb8d72d3-302c-404b-a900-49665d854914,
Billed Duration for Request fb8d72d3-302c-404b-a900-49665d854914: 111 ms
Input: 1000000,
Cold Start: false
Unique ID: a9e91a30-631c-402c-83ef-b150225afe52,
Billed Duration for Request a9e91a30-631c-402c-83ef-b150225afe52: 102 ms
Input: 1000000,
Cold Start: false
Unique ID: 5470d2d3-b8e3-4fb5-98cf-7a55fcb9be22,
Billed Duration for Request 5470d2d3-b8e3-4fb5-98cf-7a55fcb9be22: 94 ms
Input: 1000000,
Cold Start: false
Unique ID: 55301228-c8c1-4138-b868-8e50bc648485,
Billed Duration for Request 55301228-c8c1-4138-b868-8e50bc648485: 97 ms
Input: 1000000,
Cold Start: false
Unique ID: d523bca5-950d-41ca-8be9-207e06675bd0,
Billed Duration for Request d523bca5-950d-41ca-8be9-207e06675bd0: 97 ms
Input: 1000000,
Cold Start: false
Unique ID: 2b6b27aa-5343-4994-a041-7dc53a99e426,
Billed Duration for Request 2b6b27aa-5343-4994-a041-7dc53a99e426: 93 ms
Input: 1000000,
Cold Start: false
Unique ID: eb8589b9-c744-4696-a638-5d6dc0295ae4,
Billed Duration for Request eb8589b9-c744-4696-a638-5d6dc0295ae4: 97 ms
Input: 1000000,
Cold Start: false
Unique ID: a11407f6-2477-45bd-983d-94460ded6cc0,
Billed Duration for Request a11407f6-2477-45bd-983d-94460ded6cc0: 101 ms
Input: 1000000,
Cold Start: false
Unique ID: 623f3394-fb1a-485f-a29f-d07ed2c5212a,
Billed Duration for Request 623f3394-fb1a-485f-a29f-d07ed2c5212a: 97 ms
Input: 1000000,
Cold Start: false
Unique ID: 63c26d5f-8b9a-4fcd-8b3a-740abb62e8be,
Billed Duration for Request 63c26d5f-8b9a-4fcd-8b3a-740abb62e8be: 98 ms
Input: 1000000,
Cold Start: false
Unique ID: 899086cf-3bb7-479a-8ba3-1bba393dd509,
Billed Duration for Request 899086cf-3bb7-479a-8ba3-1bba393dd509: 97 ms
Input: 1000000,
Cold Start: false
Unique ID: 7fc3affb-9509-47ba-abb7-e27c4d865af9,
Billed Duration for Request 7fc3affb-9509-47ba-abb7-e27c4d865af9: 98 ms
Input: 1000000,
Cold Start: false
Unique ID: 2fbc2404-f1eb-4129-bcb5-90fe37887a9c,
Billed Duration for Request 2fbc2404-f1eb-4129-bcb5-90fe37887a9c: 95 ms
Input: 1000000,
Cold Start: false
Unique ID: b2949413-decb-45d7-947e-4d0c541dba6f,
Billed Duration for Request b2949413-decb-45d7-947e-4d0c541dba6f: 94 ms
Input: 1000000,
Cold Start: false
Unique ID: 0013a702-2f2d-45a2-aeb4-76421a1273a3,
Billed Duration for Request 0013a702-2f2d-45a2-aeb4-76421a1273a3: 97 ms
Input: 1000000,
Cold Start: false
Unique ID: 272abcce-bbd9-4d16-8b68-78522445396b,
Billed Duration for Request 272abcce-bbd9-4d16-8b68-78522445396b: 98 ms
Input: 1000000,
Cold Start: false
Unique ID: 7915b528-c6da-4032-8b4f-83c95ee1585e,
Billed Duration for Request 7915b528-c6da-4032-8b4f-83c95ee1585e: 103 ms
Input: 1000000,
Cold Start: false
Unique ID: 82d779db-ccc5-4055-89ff-49f39eb13a4e,
Billed Duration for Request 82d779db-ccc5-4055-89ff-49f39eb13a4e: 94 ms
Input: 1000000,
Cold Start: false
Unique ID: 021f7b56-ae37-4fd8-bb86-b4e4b9df93ad,
Billed Duration for Request 021f7b56-ae37-4fd8-bb86-b4e4b9df93ad: 97 ms
Input: 1000000,
Cold Start: false
Unique ID: f6a99731-dcb2-4490-826c-6b187a89b602,
Billed Duration for Request f6a99731-dcb2-4490-826c-6b187a89b602: 101 ms
Input: 1000000,
Cold Start: false
Unique ID: fd9826d4-3bd8-4c1a-b4ea-48521e18d7e2,
Billed Duration for Request fd9826d4-3bd8-4c1a-b4ea-48521e18d7e2: 102 ms
Input: 1000000,
Cold Start: false
Unique ID: 55b7ff68-7828-455c-bb59-ef197344d8fb,
Billed Duration for Request 55b7ff68-7828-455c-bb59-ef197344d8fb: 97 ms
Input: 1000000,
Cold Start: false
Unique ID: 57b7a7fe-667b-4cb6-9728-ed844fa206e6,
Billed Duration for Request 57b7a7fe-667b-4cb6-9728-ed844fa206e6: 94 ms
Input: 1000000,
Cold Start: false
Unique ID: 12d3df5b-1831-4e1b-8180-abd209aa20dc,
Billed Duration for Request 12d3df5b-1831-4e1b-8180-abd209aa20dc: 94 ms
Input: 1000000,
Cold Start: false
Unique ID: cb946d98-2b22-4595-8190-bd4e054be991,
Billed Duration for Request cb946d98-2b22-4595-8190-bd4e054be991: 98 ms
Input: 1000000,
Cold Start: false
Unique ID: ec84888c-a3a3-43c1-8116-5a08631daf66,
Billed Duration for Request ec84888c-a3a3-43c1-8116-5a08631daf66: 97 ms
Input: 1000000,
Cold Start: false
Unique ID: 542be91d-f481-4e5b-b4e3-8f668e7c2624,
Billed Duration for Request 542be91d-f481-4e5b-b4e3-8f668e7c2624: 98 ms
Input: 1000000,
Cold Start: false
Unique ID: b458b025-930d-4b7b-b5c0-3bba321e6fde,
Billed Duration for Request b458b025-930d-4b7b-b5c0-3bba321e6fde: 94 ms
Input: 1000000,
Cold Start: false
Unique ID: 0572a027-40a3-4aae-b8af-a6b4a8ab8a5a,
Billed Duration for Request 0572a027-40a3-4aae-b8af-a6b4a8ab8a5a: 93 ms
Input: 1000000,
Cold Start: false
Unique ID: 18673e25-e5d7-4457-a264-cbc23061879d,
Billed Duration for Request 18673e25-e5d7-4457-a264-cbc23061879d: 93 ms
Input: 1000000,
Cold Start: false
Unique ID: bfad253a-aacc-484f-820c-a22c6d17da01,
Billed Duration for Request bfad253a-aacc-484f-820c-a22c6d17da01: 95 ms
Input: 1000000,
Cold Start: false
Unique ID: 7ac19890-b7d4-42b7-8cde-b0c0293cae50,
Billed Duration for Request 7ac19890-b7d4-42b7-8cde-b0c0293cae50: 94 ms
Input: 1000000,
Cold Start: false
Unique ID: a0a699a1-2183-4dff-94ae-1aa5e9ecf24e,
Billed Duration for Request a0a699a1-2183-4dff-94ae-1aa5e9ecf24e: 102 ms
Input: 1000000,
Cold Start: false
Unique ID: 4f02b1e7-e622-460b-bd3d-df3cbbac3623,
Billed Duration for Request 4f02b1e7-e622-460b-bd3d-df3cbbac3623: 98 ms
Input: 1000000,
Cold Start: false
Unique ID: 54f4ef8d-a4c5-4ca3-9972-89dc0a7431f9,
Billed Duration for Request 54f4ef8d-a4c5-4ca3-9972-89dc0a7431f9: 97 ms
Input: 1000000,
Cold Start: false
Unique ID: becb334b-78e4-4d90-9e17-4517fe467019,
Billed Duration for Request becb334b-78e4-4d90-9e17-4517fe467019: 101 ms
Input: 1000000,
Cold Start: false
Unique ID: 4b61a816-c6de-43ef-9272-3f2d0a536a42,
Billed Duration for Request 4b61a816-c6de-43ef-9272-3f2d0a536a42: 98 ms
Input: 1000000,
Cold Start: false
Unique ID: ed80c4e9-0584-49aa-9fc0-c3fdbed05e55,
Billed Duration for Request ed80c4e9-0584-49aa-9fc0-c3fdbed05e55: 97 ms
Input: 1000000,
Cold Start: false
Unique ID: 150a519f-dbba-45ff-b5d7-ff80346ea407,
Billed Duration for Request 150a519f-dbba-45ff-b5d7-ff80346ea407: 102 ms
Input: 1000000,
Cold Start: false
Unique ID: 08d085c7-c828-4e87-92cc-d06e434994f3,
Billed Duration for Request 08d085c7-c828-4e87-92cc-d06e434994f3: 97 ms
Input: 1000000,
Cold Start: false
Unique ID: b9045712-1e8d-4daa-9652-4809129ba401,
Billed Duration for Request b9045712-1e8d-4daa-9652-4809129ba401: 94 ms
Input: 1000000,
Cold Start: false
Unique ID: 262345a6-5259-4322-a61b-3001fc7a2f15,
Billed Duration for Request 262345a6-5259-4322-a61b-3001fc7a2f15: 101 ms
Input: 1000000,
Cold Start: false
Unique ID: 87f3d7b8-b752-47ec-8041-f75ed9b7f71f,
Billed Duration for Request 87f3d7b8-b752-47ec-8041-f75ed9b7f71f: 98 ms
Input: 1000000,
Cold Start: false
Unique ID: 0e757376-745e-43f6-ae43-086b921bb097,
Billed Duration for Request 0e757376-745e-43f6-ae43-086b921bb097: 92 ms
Input: 1000000,
Cold Start: false
Unique ID: f767e79f-5051-44d7-acb8-0196b7d584e9,
Billed Duration for Request f767e79f-5051-44d7-acb8-0196b7d584e9: 89 ms
Input: 1000000,
Cold Start: false
Unique ID: e9b64dc0-ef23-4672-9b2a-80c43963aa2b,
Billed Duration for Request e9b64dc0-ef23-4672-9b2a-80c43963aa2b: 93 ms
Input: 1000000,
Cold Start: false
Unique ID: c89dd5b6-da53-423e-b0f6-3b31fc12b286,
Billed Duration for Request c89dd5b6-da53-423e-b0f6-3b31fc12b286: 93 ms
Input: 1000000,
Cold Start: false
Unique ID: 84069bd9-0064-46bb-b3a6-79963f12789b,
Billed Duration for Request 84069bd9-0064-46bb-b3a6-79963f12789b: 93 ms
Input: 1000000,
Cold Start: false
Unique ID: 17d7e229-c65d-4e69-8316-3d8735201da8,
Billed Duration for Request 17d7e229-c65d-4e69-8316-3d8735201da8: 97 ms
Input: 1000000,
Cold Start: false
Unique ID: 9f035a5e-264a-4be5-87ca-8c318bd7fe50,
Billed Duration for Request 9f035a5e-264a-4be5-87ca-8c318bd7fe50: 97 ms
Input: 1000000,
Cold Start: false
Unique ID: 25270bfd-355a-4c60-961e-c550e78e5dcf,
Billed Duration for Request 25270bfd-355a-4c60-961e-c550e78e5dcf: 107 ms
Input: 1000000,
Cold Start: false
Unique ID: a34ef30b-565e-4a61-9cb1-a394ad83ad00,
Billed Duration for Request a34ef30b-565e-4a61-9cb1-a394ad83ad00: 89 ms
Input: 1000000,
Cold Start: false
Unique ID: 2497574d-3024-4bb2-a05e-5507be0d4613,
Billed Duration for Request 2497574d-3024-4bb2-a05e-5507be0d4613: 94 ms
Input: 1000000,
Cold Start: false
Unique ID: f8a11592-f615-450d-8134-9bf3f38d5d8a,
Billed Duration for Request f8a11592-f615-450d-8134-9bf3f38d5d8a: 93 ms
Input: 1000000,
Cold Start: false
Unique ID: 17df323b-9037-4dfb-b43a-e29db9c6a272,
Billed Duration for Request 17df323b-9037-4dfb-b43a-e29db9c6a272: 94 ms
Input: 1000000,
Cold Start: false
Unique ID: 68cd306e-410d-475e-aafd-1b4def725da9,
Billed Duration for Request 68cd306e-410d-475e-aafd-1b4def725da9: 94 ms
Input: 1000000,
Cold Start: false
Unique ID: a221ba51-e681-47a4-9710-4d4fc05f5c2d,
Billed Duration for Request a221ba51-e681-47a4-9710-4d4fc05f5c2d: 93 ms
Input: 1000000,
Cold Start: false
Unique ID: 16f78498-feee-4430-804b-4eb29a442572,
Billed Duration for Request 16f78498-feee-4430-804b-4eb29a442572: 93 ms
Input: 1000000,
Cold Start: false
Unique ID: dd7ba5e0-f7b9-4d72-8cab-b39b5f7d440b,
Billed Duration for Request dd7ba5e0-f7b9-4d72-8cab-b39b5f7d440b: 93 ms
Input: 1000000,
Cold Start: false
Unique ID: d23e2606-fb72-43be-a963-2bd9b28511eb,
Billed Duration for Request d23e2606-fb72-43be-a963-2bd9b28511eb: 89 ms
Input: 1000000,
Cold Start: false
Unique ID: c0d7b731-93dc-4269-af97-6179945bdd89,
Billed Duration for Request c0d7b731-93dc-4269-af97-6179945bdd89: 93 ms
Input: 1000000,
Cold Start: false
Unique ID: 204f0fb4-ddfd-48aa-ac48-7918b428f497,
Billed Duration for Request 204f0fb4-ddfd-48aa-ac48-7918b428f497: 95 ms
Input: 1000000,
Cold Start: false
Unique ID: 9f47a9cf-8fa1-4146-b321-b4cc80361434,
Billed Duration for Request 9f47a9cf-8fa1-4146-b321-b4cc80361434: 93 ms
Input: 1000000,
Cold Start: false
Unique ID: c16bddc0-9cc4-4e91-85b2-f9ec1f0b442f,
Billed Duration for Request c16bddc0-9cc4-4e91-85b2-f9ec1f0b442f: 93 ms
Input: 1000000,
Cold Start: false
Unique ID: 8fc86807-b9d9-4a87-84c0-f8e6163cb0a5,
Billed Duration for Request 8fc86807-b9d9-4a87-84c0-f8e6163cb0a5: 94 ms
Input: 1000000,
Cold Start: false
Unique ID: ac3f0bfa-4e9a-4c17-8e09-e60955e33d6b,
Billed Duration for Request ac3f0bfa-4e9a-4c17-8e09-e60955e33d6b: 93 ms
Input: 1000000,
Cold Start: false
Unique ID: ab076e4b-ae40-42ba-a8a5-6555d4990793,
Billed Duration for Request ab076e4b-ae40-42ba-a8a5-6555d4990793: 94 ms
Input: 1000000,
Cold Start: false
Unique ID: 2421db7e-869e-43d7-acec-28b103a6c906,
Billed Duration for Request 2421db7e-869e-43d7-acec-28b103a6c906: 98 ms
Input: 1000000,
Cold Start: false
Unique ID: c5806ced-8d75-440c-9d17-e875faab1fe6,
Billed Duration for Request c5806ced-8d75-440c-9d17-e875faab1fe6: 98 ms
Input: 1000000,
Cold Start: false
Unique ID: cb06f624-fc3c-4a2e-829f-b0e9a21bb712,
Billed Duration for Request cb06f624-fc3c-4a2e-829f-b0e9a21bb712: 93 ms
Input: 1000000,
Cold Start: false
Unique ID: 0e6198b1-8e88-4775-9aa8-8451f29ef8af,
Billed Duration for Request 0e6198b1-8e88-4775-9aa8-8451f29ef8af: 89 ms
Input: 1000000,
Cold Start: false
Unique ID: e7217aae-d779-43a2-94b0-4a5b52a7538b,
Billed Duration for Request e7217aae-d779-43a2-94b0-4a5b52a7538b: 97 ms
Input: 1000000,
Cold Start: false
Unique ID: f851335c-8c40-45e1-b868-939843a03365,
Billed Duration for Request f851335c-8c40-45e1-b868-939843a03365: 93 ms
Input: 1000000,
Cold Start: false
Unique ID: b20d2945-3a33-4d02-96fa-2bb8e1957bfa,
Billed Duration for Request b20d2945-3a33-4d02-96fa-2bb8e1957bfa: 98 ms
Input: 1000000,
Cold Start: false
Unique ID: e1bb10ef-1526-4789-bc52-f69edac38eea,
Billed Duration for Request e1bb10ef-1526-4789-bc52-f69edac38eea: 94 ms
Input: 1000000,
Cold Start: false
Unique ID: 1046ba69-fdc2-4dc3-9931-5d1a5ddbbe83,
Billed Duration for Request 1046ba69-fdc2-4dc3-9931-5d1a5ddbbe83: 97 ms
Input: 1000000,
Cold Start: false
Unique ID: c47b57d0-0bc3-417b-8cef-361c691158b2,
Billed Duration for Request c47b57d0-0bc3-417b-8cef-361c691158b2: 97 ms
Input: 1000000,
Cold Start: false
Unique ID: 5004b1ba-7af4-4d66-865c-edc03d3b3c29,
Billed Duration for Request 5004b1ba-7af4-4d66-865c-edc03d3b3c29: 97 ms
Input: 1000000,
Cold Start: false
Unique ID: b0a17bb9-4003-4210-9555-5ef40fa634db,
Billed Duration for Request b0a17bb9-4003-4210-9555-5ef40fa634db: 93 ms
Input: 1000000,
Cold Start: false
Unique ID: 8a746f4f-5c1e-4bc6-be26-2c34e670f437,
Billed Duration for Request 8a746f4f-5c1e-4bc6-be26-2c34e670f437: 95 ms
Input: 1000000,
Cold Start: false
Unique ID: 588bbc60-944c-4f18-a7dc-c6484eb15c9e,
Billed Duration for Request 588bbc60-944c-4f18-a7dc-c6484eb15c9e: 93 ms
Input: 1000000,
Cold Start: false
Unique ID: 538c3808-bc32-4bf4-ad00-e23931c553ac,
Billed Duration for Request 538c3808-bc32-4bf4-ad00-e23931c553ac: 98 ms
Input: 1000000,
Cold Start: false
Unique ID: 6700deb4-80a6-4276-b9eb-545ab9260441,
Billed Duration for Request 6700deb4-80a6-4276-b9eb-545ab9260441: 98 ms
Input: 1000000,
Cold Start: false
Unique ID: 5dc1498b-d7d4-4b02-ae80-eeac974a134f,
Billed Duration for Request 5dc1498b-d7d4-4b02-ae80-eeac974a134f: 97 ms
Input: 1000000,
Cold Start: false
Unique ID: e32b9f08-1082-42dc-bc72-ad619f3c229a,
Billed Duration for Request e32b9f08-1082-42dc-bc72-ad619f3c229a: 101 ms
Input: 1000000,
Cold Start: false
Unique ID: 6ff30a0f-210f-475a-a263-ab54ffaefc21,
Billed Duration for Request 6ff30a0f-210f-475a-a263-ab54ffaefc21: 93 ms
Input: 1000000,
Cold Start: false
Unique ID: 7eae0d89-b621-46b9-a79c-70da381b2b0d,
Billed Duration for Request 7eae0d89-b621-46b9-a79c-70da381b2b0d: 106 ms
Input: 1000000,
Cold Start: false
Unique ID: 37f2d459-55fe-45e9-b455-a77af41dc112,
Billed Duration for Request 37f2d459-55fe-45e9-b455-a77af41dc112: 97 ms
Input: 1000000,
Cold Start: false
Unique ID: 480cd1f7-e6a6-478c-899d-660afbe821ea,
Billed Duration for Request 480cd1f7-e6a6-478c-899d-660afbe821ea: 98 ms
Input: 1000000,
Cold Start: false
Unique ID: 694b4484-da34-4938-a56d-baf26af8fb0d,
Billed Duration for Request 694b4484-da34-4938-a56d-baf26af8fb0d: 98 ms
Input: 1000000,
Cold Start: false
Unique ID: 3d07cd99-4896-4c73-b1bc-1c9b30ec8bc6,
Billed Duration for Request 3d07cd99-4896-4c73-b1bc-1c9b30ec8bc6: 94 ms
Input: 1000000,
Cold Start: false
Unique ID: 786edf45-a388-4aa5-b039-5fb2d27afcec,
Billed Duration for Request 786edf45-a388-4aa5-b039-5fb2d27afcec: 94 ms
Input: 1000000,
Cold Start: false
Unique ID: c22356cc-ca83-4673-88d0-36400cf7f493,
Billed Duration for Request c22356cc-ca83-4673-88d0-36400cf7f493: 98 ms
Input: 1000000,
Cold Start: false
Unique ID: 375f02c3-5294-45c9-b88a-d77044055a89,
Billed Duration for Request 375f02c3-5294-45c9-b88a-d77044055a89: 97 ms
Input: 1000000,
Cold Start: false
Unique ID: d67dac51-af1d-4521-b3d9-8b8648abf900,
Billed Duration for Request d67dac51-af1d-4521-b3d9-8b8648abf900: 94 ms
Input: 1000000,
Cold Start: false
Unique ID: 839df4dc-e951-49bb-bce9-e16ef5cfa94c,
Billed Duration for Request 839df4dc-e951-49bb-bce9-e16ef5cfa94c: 96 ms
Input: 1000000,
Cold Start: false
Unique ID: 93cd6ae3-8f85-47d5-a8ab-ddc8c0b79182,
Billed Duration for Request 93cd6ae3-8f85-47d5-a8ab-ddc8c0b79182: 93 ms
Input: 1000000,
Cold Start: false
Unique ID: 05e24df9-80ba-4acb-8c91-a0b54a0d0de7,
Billed Duration for Request 05e24df9-80ba-4acb-8c91-a0b54a0d0de7: 88 ms
Input: 1000000,
Cold Start: false
Unique ID: 8d5980f4-a142-40b9-bb83-10dbe08f6abd,
Billed Duration for Request 8d5980f4-a142-40b9-bb83-10dbe08f6abd: 97 ms
Input: 1000000,
Cold Start: false
Unique ID: 51d2422d-79a9-4d61-a243-d1f87fa03596,
Billed Duration for Request 51d2422d-79a9-4d61-a243-d1f87fa03596: 89 ms
Input: 1000000,
Cold Start: false
