Unique ID: a8501806-d156-4bf3-aa6e-069afe8c1e48,
Billed Duration for Request a8501806-d156-4bf3-aa6e-069afe8c1e48: 116 ms
Input: 1050000,
Cold Start: false
Unique ID: fb2ff87d-241a-4306-b6a2-8df25894afa3,
Billed Duration for Request fb2ff87d-241a-4306-b6a2-8df25894afa3: 99 ms
Input: 1050000,
Cold Start: false
Unique ID: 83b8f34c-b30e-46c4-925d-c1e835c3b3cd,
Billed Duration for Request 83b8f34c-b30e-46c4-925d-c1e835c3b3cd: 108 ms
Input: 1050000,
Cold Start: false
Unique ID: 604fab0a-47dc-483a-83c8-78f6332a9bfc,
Billed Duration for Request 604fab0a-47dc-483a-83c8-78f6332a9bfc: 99 ms
Input: 1050000,
Cold Start: false
Unique ID: 23b4e0d1-8e44-45c5-8380-7effc5d8af62,
Billed Duration for Request 23b4e0d1-8e44-45c5-8380-7effc5d8af62: 95 ms
Input: 1050000,
Cold Start: false
Unique ID: daa0a5ba-e777-4745-900f-3379f84817c2,
Billed Duration for Request daa0a5ba-e777-4745-900f-3379f84817c2: 94 ms
Input: 1050000,
Cold Start: false
Unique ID: b5ff20dd-2e17-4bed-8e60-cd81df1899f9,
Billed Duration for Request b5ff20dd-2e17-4bed-8e60-cd81df1899f9: 103 ms
Input: 1050000,
Cold Start: false
Unique ID: d6a822a9-80a0-4b0f-be81-af68f2b8ab7f,
Billed Duration for Request d6a822a9-80a0-4b0f-be81-af68f2b8ab7f: 99 ms
Input: 1050000,
Cold Start: false
Unique ID: 1e631044-8ee9-4ee6-9d3a-708a357c0241,
Billed Duration for Request 1e631044-8ee9-4ee6-9d3a-708a357c0241: 99 ms
Input: 1050000,
Cold Start: false
Unique ID: a4a1d253-e41c-41a0-abdf-198e33577f8d,
Billed Duration for Request a4a1d253-e41c-41a0-abdf-198e33577f8d: 99 ms
Input: 1050000,
Cold Start: false
Unique ID: 8ffb028b-b21c-4de8-b408-2761386f9183,
Billed Duration for Request 8ffb028b-b21c-4de8-b408-2761386f9183: 95 ms
Input: 1050000,
Cold Start: false
Unique ID: 8533b25c-6d31-4b50-888b-b1ddf819123c,
Billed Duration for Request 8533b25c-6d31-4b50-888b-b1ddf819123c: 99 ms
Input: 1050000,
Cold Start: false
Unique ID: 8289f942-c82b-4388-a6fa-fa53d7101e86,
Billed Duration for Request 8289f942-c82b-4388-a6fa-fa53d7101e86: 100 ms
Input: 1050000,
Cold Start: false
Unique ID: d0b32017-f60f-43c5-9248-6fabb41b367c,
Billed Duration for Request d0b32017-f60f-43c5-9248-6fabb41b367c: 94 ms
Input: 1050000,
Cold Start: false
Unique ID: 29b90cbe-63e5-4375-b566-d0fb4346b372,
Billed Duration for Request 29b90cbe-63e5-4375-b566-d0fb4346b372: 95 ms
Input: 1050000,
Cold Start: false
Unique ID: 3d274293-e048-4c05-9ea5-2d7f5515f809,
Billed Duration for Request 3d274293-e048-4c05-9ea5-2d7f5515f809: 95 ms
Input: 1050000,
Cold Start: false
Unique ID: 377ae6a4-3e60-4345-b19c-efd70c804811,
Billed Duration for Request 377ae6a4-3e60-4345-b19c-efd70c804811: 103 ms
Input: 1050000,
Cold Start: false
Unique ID: eeaad347-30f1-4754-985a-f39dc24b40e2,
Billed Duration for Request eeaad347-30f1-4754-985a-f39dc24b40e2: 94 ms
Input: 1050000,
Cold Start: false
Unique ID: e2648638-6c02-4756-8623-1d3aee683da8,
Billed Duration for Request e2648638-6c02-4756-8623-1d3aee683da8: 95 ms
Input: 1050000,
Cold Start: false
Unique ID: a5045e5f-c022-44ed-a102-b992440e934e,
Billed Duration for Request a5045e5f-c022-44ed-a102-b992440e934e: 117 ms
Input: 1050000,
Cold Start: false
Unique ID: 2b43dad7-2104-4e23-a96e-199e486221b7,
Billed Duration for Request 2b43dad7-2104-4e23-a96e-199e486221b7: 99 ms
Input: 1050000,
Cold Start: false
Unique ID: 55bbf340-f648-46ac-a920-432b9aa29db1,
Billed Duration for Request 55bbf340-f648-46ac-a920-432b9aa29db1: 94 ms
Input: 1050000,
Cold Start: false
Unique ID: 0fa4ec38-3871-4e3e-b3db-b2f96973247d,
Billed Duration for Request 0fa4ec38-3871-4e3e-b3db-b2f96973247d: 99 ms
Input: 1050000,
Cold Start: false
Unique ID: 7134f975-359f-42ba-9a97-74305f656b27,
Billed Duration for Request 7134f975-359f-42ba-9a97-74305f656b27: 99 ms
Input: 1050000,
Cold Start: false
Unique ID: ae869878-18e9-4ae1-8c8f-ee11983a2c55,
Billed Duration for Request ae869878-18e9-4ae1-8c8f-ee11983a2c55: 99 ms
Input: 1050000,
Cold Start: false
Unique ID: beff7971-5160-4349-96a7-499dd79ac72f,
Billed Duration for Request beff7971-5160-4349-96a7-499dd79ac72f: 91 ms
Input: 1050000,
Cold Start: false
Unique ID: 49860010-7ca0-4f13-82b5-bb6fbe3d69d2,
Billed Duration for Request 49860010-7ca0-4f13-82b5-bb6fbe3d69d2: 95 ms
Input: 1050000,
Cold Start: false
Unique ID: f5baaca3-b369-4c0e-9b7c-19a63b093bb8,
Billed Duration for Request f5baaca3-b369-4c0e-9b7c-19a63b093bb8: 99 ms
Input: 1050000,
Cold Start: false
Unique ID: bb02f07d-e862-4fba-9cf6-7980c9ed252e,
Billed Duration for Request bb02f07d-e862-4fba-9cf6-7980c9ed252e: 95 ms
Input: 1050000,
Cold Start: false
Unique ID: cb20d01a-4b6d-4402-938d-42a77b1d6c23,
Billed Duration for Request cb20d01a-4b6d-4402-938d-42a77b1d6c23: 99 ms
Input: 1050000,
Cold Start: false
Unique ID: 2070e7a6-3fc3-4c74-bef0-b7ac2cd5a1c5,
Billed Duration for Request 2070e7a6-3fc3-4c74-bef0-b7ac2cd5a1c5: 99 ms
Input: 1050000,
Cold Start: false
Unique ID: e4a67b46-6c1f-4d4b-b494-aaba758ce0fd,
Billed Duration for Request e4a67b46-6c1f-4d4b-b494-aaba758ce0fd: 98 ms
Input: 1050000,
Cold Start: false
Unique ID: 01301dca-4905-43b6-9199-abbd723af920,
Billed Duration for Request 01301dca-4905-43b6-9199-abbd723af920: 95 ms
Input: 1050000,
Cold Start: false
Unique ID: 818061c5-91b3-4212-99ca-0354c2328ef6,
Billed Duration for Request 818061c5-91b3-4212-99ca-0354c2328ef6: 95 ms
Input: 1050000,
Cold Start: false
Unique ID: 9ee4da89-be8a-435d-8291-4e3d66c21136,
Billed Duration for Request 9ee4da89-be8a-435d-8291-4e3d66c21136: 99 ms
Input: 1050000,
Cold Start: false
Unique ID: 5b6ebfd0-866d-42aa-89db-7f6ebc455354,
Billed Duration for Request 5b6ebfd0-866d-42aa-89db-7f6ebc455354: 99 ms
Input: 1050000,
Cold Start: false
Unique ID: 3f494e33-708d-4d05-9718-8328ac92bf47,
Billed Duration for Request 3f494e33-708d-4d05-9718-8328ac92bf47: 99 ms
Input: 1050000,
Cold Start: false
Unique ID: 7358772b-08c3-4164-b6d5-cb1445874877,
Billed Duration for Request 7358772b-08c3-4164-b6d5-cb1445874877: 99 ms
Input: 1050000,
Cold Start: false
Unique ID: 1808bb85-0f60-4efe-b20b-46dd43023f79,
Billed Duration for Request 1808bb85-0f60-4efe-b20b-46dd43023f79: 99 ms
Input: 1050000,
Cold Start: false
Unique ID: 952d41ba-5e22-48b2-9839-5422b15615f1,
Billed Duration for Request 952d41ba-5e22-48b2-9839-5422b15615f1: 95 ms
Input: 1050000,
Cold Start: false
Unique ID: d3eabf4a-2d68-4ba3-b1ca-0692611516a6,
Billed Duration for Request d3eabf4a-2d68-4ba3-b1ca-0692611516a6: 109 ms
Input: 1050000,
Cold Start: false
Unique ID: 399a5f77-b2b6-450a-af01-768899b00f4c,
Billed Duration for Request 399a5f77-b2b6-450a-af01-768899b00f4c: 91 ms
Input: 1050000,
Cold Start: false
Unique ID: c2ac3593-ea27-4e15-8abf-bf36b736279b,
Billed Duration for Request c2ac3593-ea27-4e15-8abf-bf36b736279b: 99 ms
Input: 1050000,
Cold Start: false
Unique ID: 29333e53-6e7c-4011-a595-70b580f39a27,
Billed Duration for Request 29333e53-6e7c-4011-a595-70b580f39a27: 99 ms
Input: 1050000,
Cold Start: false
Unique ID: 4aa668e2-005d-423d-a30e-6f4a3d5baadb,
Billed Duration for Request 4aa668e2-005d-423d-a30e-6f4a3d5baadb: 99 ms
Input: 1050000,
Cold Start: false
Unique ID: 26c406d5-cd47-42bc-83dd-b9beef68c12d,
Billed Duration for Request 26c406d5-cd47-42bc-83dd-b9beef68c12d: 95 ms
Input: 1050000,
Cold Start: false
Unique ID: d64e7d5a-7610-477d-8d90-844a1f89cc77,
Billed Duration for Request d64e7d5a-7610-477d-8d90-844a1f89cc77: 90 ms
Input: 1050000,
Cold Start: false
Unique ID: de095226-d6df-4c69-b466-1da1fd50bea7,
Billed Duration for Request de095226-d6df-4c69-b466-1da1fd50bea7: 108 ms
Input: 1050000,
Cold Start: false
Unique ID: 35df7719-2545-43e6-aafe-a7bd771d75d6,
Billed Duration for Request 35df7719-2545-43e6-aafe-a7bd771d75d6: 107 ms
Input: 1050000,
Cold Start: false
Unique ID: f56a2fe8-8988-4de6-9e2c-462ed82fcf63,
Billed Duration for Request f56a2fe8-8988-4de6-9e2c-462ed82fcf63: 96 ms
Input: 1050000,
Cold Start: false
Unique ID: 82014ddd-d7e0-4200-a424-bac2a911c89b,
Billed Duration for Request 82014ddd-d7e0-4200-a424-bac2a911c89b: 141 ms
Input: 1050000,
Cold Start: false
Unique ID: 62c8eedc-daee-41fc-8f37-635d9aa9a48c,
Billed Duration for Request 62c8eedc-daee-41fc-8f37-635d9aa9a48c: 103 ms
Input: 1050000,
Cold Start: false
Unique ID: f2d3b69b-d75a-4241-9d84-990636d2e60e,
Billed Duration for Request f2d3b69b-d75a-4241-9d84-990636d2e60e: 99 ms
Input: 1050000,
Cold Start: false
Unique ID: 6f161cd7-0cd1-422f-ac2d-80e360c8fa8c,
Billed Duration for Request 6f161cd7-0cd1-422f-ac2d-80e360c8fa8c: 107 ms
Input: 1050000,
Cold Start: false
Unique ID: cb42c088-354c-45dc-badb-b7bc4e201a29,
Billed Duration for Request cb42c088-354c-45dc-badb-b7bc4e201a29: 95 ms
Input: 1050000,
Cold Start: false
Unique ID: 8bcf56f0-c287-4171-a8d7-b90b2063abe2,
Billed Duration for Request 8bcf56f0-c287-4171-a8d7-b90b2063abe2: 107 ms
Input: 1050000,
Cold Start: false
Unique ID: 27b775b9-36b5-4a56-a6a6-dc352e87f103,
Billed Duration for Request 27b775b9-36b5-4a56-a6a6-dc352e87f103: 108 ms
Input: 1050000,
Cold Start: false
Unique ID: 47a383a7-cb72-40a5-9a47-f4c9c9b800b9,
Billed Duration for Request 47a383a7-cb72-40a5-9a47-f4c9c9b800b9: 95 ms
Input: 1050000,
Cold Start: false
Unique ID: c18ddbf8-9d4c-40ed-bc51-51c12d1a4309,
Billed Duration for Request c18ddbf8-9d4c-40ed-bc51-51c12d1a4309: 107 ms
Input: 1050000,
Cold Start: false
Unique ID: 8bb4cd17-5baa-4d9c-abda-e68a1275ebd6,
Billed Duration for Request 8bb4cd17-5baa-4d9c-abda-e68a1275ebd6: 109 ms
Input: 1050000,
Cold Start: false
Unique ID: a7fcbcd8-eb00-440a-9ecc-6b428b684bdc,
Billed Duration for Request a7fcbcd8-eb00-440a-9ecc-6b428b684bdc: 109 ms
Input: 1050000,
Cold Start: false
Unique ID: 129a4c92-bfc7-4b84-bf1c-92a9a0dcd6bd,
Billed Duration for Request 129a4c92-bfc7-4b84-bf1c-92a9a0dcd6bd: 94 ms
Input: 1050000,
Cold Start: false
Unique ID: d4955ed8-93f4-42a6-9459-4f5b98b1ac2c,
Billed Duration for Request d4955ed8-93f4-42a6-9459-4f5b98b1ac2c: 94 ms
Input: 1050000,
Cold Start: false
Unique ID: b0010c72-1686-413f-a53d-a9c62fc5d22e,
Billed Duration for Request b0010c72-1686-413f-a53d-a9c62fc5d22e: 103 ms
Input: 1050000,
Cold Start: false
Unique ID: ce2e5322-b8a4-4cc5-985a-f21b03df7ab0,
Billed Duration for Request ce2e5322-b8a4-4cc5-985a-f21b03df7ab0: 108 ms
Input: 1050000,
Cold Start: false
Unique ID: 376cefca-1ff4-4b99-b90e-cbed156cf39d,
Billed Duration for Request 376cefca-1ff4-4b99-b90e-cbed156cf39d: 108 ms
Input: 1050000,
Cold Start: false
Unique ID: 6b19a97f-673d-4e16-85b2-efc4d6a4820d,
Billed Duration for Request 6b19a97f-673d-4e16-85b2-efc4d6a4820d: 95 ms
Input: 1050000,
Cold Start: false
Unique ID: f7e1c47e-cd3f-4c11-8d2e-1389b5c1161c,
Billed Duration for Request f7e1c47e-cd3f-4c11-8d2e-1389b5c1161c: 108 ms
Input: 1050000,
Cold Start: false
Unique ID: ad904c7b-542f-4402-ad1e-5e6b1a1cf99e,
Billed Duration for Request ad904c7b-542f-4402-ad1e-5e6b1a1cf99e: 95 ms
Input: 1050000,
Cold Start: false
Unique ID: a8c44a62-4ba2-4c82-a16a-32fb5d82559a,
Billed Duration for Request a8c44a62-4ba2-4c82-a16a-32fb5d82559a: 104 ms
Input: 1050000,
Cold Start: false
Unique ID: 00a204d4-a338-4b13-8253-a55a83b921d9,
Billed Duration for Request 00a204d4-a338-4b13-8253-a55a83b921d9: 95 ms
Input: 1050000,
Cold Start: false
Unique ID: c7d1afe1-abff-4efe-acc9-f52c8ab64f8b,
Billed Duration for Request c7d1afe1-abff-4efe-acc9-f52c8ab64f8b: 107 ms
Input: 1050000,
Cold Start: false
Unique ID: 4aa292e9-ab89-4727-91ef-c8d4b19659d4,
Billed Duration for Request 4aa292e9-ab89-4727-91ef-c8d4b19659d4: 107 ms
Input: 1050000,
Cold Start: false
Unique ID: 817b056e-9994-4063-b38a-b895d316b069,
Billed Duration for Request 817b056e-9994-4063-b38a-b895d316b069: 95 ms
Input: 1050000,
Cold Start: false
Unique ID: 40583cf3-4022-47bc-bfc3-f21f43631150,
Billed Duration for Request 40583cf3-4022-47bc-bfc3-f21f43631150: 108 ms
Input: 1050000,
Cold Start: false
Unique ID: e4c33eb2-8141-44f1-ad48-3c64c2d9ebc1,
Billed Duration for Request e4c33eb2-8141-44f1-ad48-3c64c2d9ebc1: 100 ms
Input: 1050000,
Cold Start: false
Unique ID: 12ba95ca-f723-4cad-9203-572382d099aa,
Billed Duration for Request 12ba95ca-f723-4cad-9203-572382d099aa: 108 ms
Input: 1050000,
Cold Start: false
Unique ID: 5782c0d0-0e14-4b0a-a317-096592ccc032,
Billed Duration for Request 5782c0d0-0e14-4b0a-a317-096592ccc032: 105 ms
Input: 1050000,
Cold Start: false
Unique ID: 829b7de7-9d3d-4290-9419-26d12168fdfc,
Billed Duration for Request 829b7de7-9d3d-4290-9419-26d12168fdfc: 95 ms
Input: 1050000,
Cold Start: false
Unique ID: 51b63c4e-b1f9-4315-8515-e1132a43b990,
Billed Duration for Request 51b63c4e-b1f9-4315-8515-e1132a43b990: 107 ms
Input: 1050000,
Cold Start: false
Unique ID: 039c0633-b7de-447f-8e27-a9f1e5c5d8e4,
Billed Duration for Request 039c0633-b7de-447f-8e27-a9f1e5c5d8e4: 107 ms
Input: 1050000,
Cold Start: false
Unique ID: e588d8eb-5fca-4d8c-88eb-b0918ce3d4a6,
Billed Duration for Request e588d8eb-5fca-4d8c-88eb-b0918ce3d4a6: 107 ms
Input: 1050000,
Cold Start: false
Unique ID: 61de9a75-6138-4756-a2a1-ae1d21619854,
Billed Duration for Request 61de9a75-6138-4756-a2a1-ae1d21619854: 91 ms
Input: 1050000,
Cold Start: false
Unique ID: 819da3e2-9db9-4ebf-8863-aa122ca0f740,
Billed Duration for Request 819da3e2-9db9-4ebf-8863-aa122ca0f740: 107 ms
Input: 1050000,
Cold Start: false
Unique ID: fc686fc2-46d8-4301-b425-75819a4a084b,
Billed Duration for Request fc686fc2-46d8-4301-b425-75819a4a084b: 108 ms
Input: 1050000,
Cold Start: false
Unique ID: 353230c3-8847-4226-9a45-6affb69745ff,
Billed Duration for Request 353230c3-8847-4226-9a45-6affb69745ff: 108 ms
Input: 1050000,
Cold Start: false
Unique ID: 26a111e9-d655-4f53-9791-e7150cb6335b,
Billed Duration for Request 26a111e9-d655-4f53-9791-e7150cb6335b: 107 ms
Input: 1050000,
Cold Start: false
Unique ID: cfe96d64-9915-43ed-bb69-fb889bad215d,
Billed Duration for Request cfe96d64-9915-43ed-bb69-fb889bad215d: 103 ms
Input: 1050000,
Cold Start: false
Unique ID: d5deadda-d3e3-460e-9b80-ea195744f73c,
Billed Duration for Request d5deadda-d3e3-460e-9b80-ea195744f73c: 102 ms
Input: 1050000,
Cold Start: false
Unique ID: dced5de3-5c3f-4e8e-9c95-df4bd9021eac,
Billed Duration for Request dced5de3-5c3f-4e8e-9c95-df4bd9021eac: 94 ms
Input: 1050000,
Cold Start: false
Unique ID: 25868427-abb9-488f-a589-246b1924f268,
Billed Duration for Request 25868427-abb9-488f-a589-246b1924f268: 91 ms
Input: 1050000,
Cold Start: false
Unique ID: 2b57b450-d741-42e9-80e2-787c66b0e45d,
Billed Duration for Request 2b57b450-d741-42e9-80e2-787c66b0e45d: 94 ms
Input: 1050000,
Cold Start: false
Unique ID: 49db9516-fe37-40ee-a745-f784d8d32da6,
Billed Duration for Request 49db9516-fe37-40ee-a745-f784d8d32da6: 95 ms
Input: 1050000,
Cold Start: false
Unique ID: f1e25d01-26d7-4cc3-bf3c-b66950bc691c,
Billed Duration for Request f1e25d01-26d7-4cc3-bf3c-b66950bc691c: 107 ms
Input: 1050000,
Cold Start: false
Unique ID: b7d7d10a-744e-486f-b5e5-dcbcd966c9e4,
Billed Duration for Request b7d7d10a-744e-486f-b5e5-dcbcd966c9e4: 107 ms
Input: 1050000,
Cold Start: false
Unique ID: b222e5a9-2958-4cc9-aeaf-f8b409f583ea,
Billed Duration for Request b222e5a9-2958-4cc9-aeaf-f8b409f583ea: 109 ms
Input: 1050000,
Cold Start: false
Unique ID: 5bebd999-2dd9-48e3-b7b4-58c951eda213,
Billed Duration for Request 5bebd999-2dd9-48e3-b7b4-58c951eda213: 109 ms
Input: 1050000,
Cold Start: false
Unique ID: 26736ae5-1205-40d9-950e-7b6a2bd1540b,
Billed Duration for Request 26736ae5-1205-40d9-950e-7b6a2bd1540b: 95 ms
Input: 1050000,
Cold Start: false
Unique ID: 95d0b839-828d-4268-8d70-e829909190cd,
Billed Duration for Request 95d0b839-828d-4268-8d70-e829909190cd: 95 ms
Input: 1050000,
Cold Start: false
Unique ID: f3fc8def-c394-4848-aa78-d60933e70578,
Billed Duration for Request f3fc8def-c394-4848-aa78-d60933e70578: 103 ms
Input: 1050000,
Cold Start: false
Unique ID: 2b6c415c-4598-4fdd-8579-f950c0614818,
Billed Duration for Request 2b6c415c-4598-4fdd-8579-f950c0614818: 125 ms
Input: 1050000,
Cold Start: false
Unique ID: 2f1522f9-f966-41d2-ad94-8c0fd51c27da,
Billed Duration for Request 2f1522f9-f966-41d2-ad94-8c0fd51c27da: 107 ms
Input: 1050000,
Cold Start: false
Unique ID: 410617c9-3c90-4d13-aac0-e23910868868,
Billed Duration for Request 410617c9-3c90-4d13-aac0-e23910868868: 103 ms
Input: 1050000,
Cold Start: false
Unique ID: 20938f36-66b6-45a4-bbc6-541a0d14c0da,
Billed Duration for Request 20938f36-66b6-45a4-bbc6-541a0d14c0da: 107 ms
Input: 1050000,
Cold Start: false
Unique ID: fb5f955f-5e8d-4521-b909-8463b6d86b20,
Billed Duration for Request fb5f955f-5e8d-4521-b909-8463b6d86b20: 94 ms
Input: 1050000,
Cold Start: false
Unique ID: bbc7f8a9-1d08-4e74-97a1-a44b086de5d3,
Billed Duration for Request bbc7f8a9-1d08-4e74-97a1-a44b086de5d3: 105 ms
Input: 1050000,
Cold Start: false
Unique ID: 6dc5218f-bc31-41f7-935f-5d0065a84a3e,
Billed Duration for Request 6dc5218f-bc31-41f7-935f-5d0065a84a3e: 90 ms
Input: 1050000,
Cold Start: false
Unique ID: 1db61300-7c57-4057-a221-30b8f770662a,
Billed Duration for Request 1db61300-7c57-4057-a221-30b8f770662a: 90 ms
Input: 1050000,
Cold Start: false
Unique ID: 4c1e290b-f2e4-492e-aa3f-c16b35a33a08,
Billed Duration for Request 4c1e290b-f2e4-492e-aa3f-c16b35a33a08: 106 ms
Input: 1050000,
Cold Start: false
Unique ID: e084ed68-b75c-457d-8e3e-0a8e9b1f4fe0,
Billed Duration for Request e084ed68-b75c-457d-8e3e-0a8e9b1f4fe0: 90 ms
Input: 1050000,
Cold Start: false
Unique ID: c83ffc43-8b1f-4c25-8219-a5968e46eae9,
Billed Duration for Request c83ffc43-8b1f-4c25-8219-a5968e46eae9: 94 ms
Input: 1050000,
Cold Start: false
Unique ID: 084a8a89-2e26-4806-8949-9163a4e79085,
Billed Duration for Request 084a8a89-2e26-4806-8949-9163a4e79085: 90 ms
Input: 1050000,
Cold Start: false
Unique ID: 0b0f05c5-a12a-4bbc-ab71-f6564d2eb721,
Billed Duration for Request 0b0f05c5-a12a-4bbc-ab71-f6564d2eb721: 99 ms
Input: 1050000,
Cold Start: false
Unique ID: ea3ce994-cd89-4143-bf70-00422f7cb036,
Billed Duration for Request ea3ce994-cd89-4143-bf70-00422f7cb036: 89 ms
Input: 1050000,
Cold Start: false
Unique ID: 6fc9b01c-830f-4488-a79b-819513564ed2,
Billed Duration for Request 6fc9b01c-830f-4488-a79b-819513564ed2: 90 ms
Input: 1050000,
Cold Start: false
Unique ID: 8751b3c3-5be9-4163-9291-0cb1066451ee,
Billed Duration for Request 8751b3c3-5be9-4163-9291-0cb1066451ee: 106 ms
Input: 1050000,
Cold Start: false
Unique ID: 05e1d1fa-86b4-403c-b7f9-219754c06d8b,
Billed Duration for Request 05e1d1fa-86b4-403c-b7f9-219754c06d8b: 89 ms
Input: 1050000,
Cold Start: false
Unique ID: 6bc14bf9-00bb-4538-93ba-d782f294a790,
Billed Duration for Request 6bc14bf9-00bb-4538-93ba-d782f294a790: 90 ms
Input: 1050000,
Cold Start: false
Unique ID: 9de57c7e-a708-4444-be24-84dbcf1f9de2,
Billed Duration for Request 9de57c7e-a708-4444-be24-84dbcf1f9de2: 103 ms
Input: 1050000,
Cold Start: false
Unique ID: f2074074-c138-4753-8b2c-9dcc1a9b7c48,
Billed Duration for Request f2074074-c138-4753-8b2c-9dcc1a9b7c48: 90 ms
Input: 1050000,
Cold Start: false
Unique ID: 5fa81c27-c78b-4424-8466-de8e8797660c,
Billed Duration for Request 5fa81c27-c78b-4424-8466-de8e8797660c: 90 ms
Input: 1050000,
Cold Start: false
Unique ID: 1b518edb-d1a9-4f4d-9cc5-e5ca0f4bb660,
Billed Duration for Request 1b518edb-d1a9-4f4d-9cc5-e5ca0f4bb660: 90 ms
Input: 1050000,
Cold Start: false
Unique ID: 04b3aaf4-8da0-4e80-bbe3-5abf62ff3b8c,
Billed Duration for Request 04b3aaf4-8da0-4e80-bbe3-5abf62ff3b8c: 94 ms
Input: 1050000,
Cold Start: false
Unique ID: 283c16d9-8212-41eb-89e6-45835a6f3668,
Billed Duration for Request 283c16d9-8212-41eb-89e6-45835a6f3668: 90 ms
Input: 1050000,
Cold Start: false
Unique ID: bdd9f3ae-ce3f-4b25-a47c-16a0bc8b61d3,
Billed Duration for Request bdd9f3ae-ce3f-4b25-a47c-16a0bc8b61d3: 94 ms
Input: 1050000,
Cold Start: false
Unique ID: c77e36f4-78da-447f-aa81-5a23ae2fae32,
Billed Duration for Request c77e36f4-78da-447f-aa81-5a23ae2fae32: 95 ms
Input: 1050000,
Cold Start: false
Unique ID: 5b8d3667-b802-48c9-b338-21c48377c1b2,
Billed Duration for Request 5b8d3667-b802-48c9-b338-21c48377c1b2: 104 ms
Input: 1050000,
Cold Start: false
Unique ID: e91e99c6-18b8-4179-a4ae-cd384fc18a37,
Billed Duration for Request e91e99c6-18b8-4179-a4ae-cd384fc18a37: 108 ms
Input: 1050000,
Cold Start: false
Unique ID: e953acac-01d7-4a78-b71c-6b8940629b05,
Billed Duration for Request e953acac-01d7-4a78-b71c-6b8940629b05: 104 ms
Input: 1050000,
Cold Start: false
Unique ID: 0ebc26b1-84d0-4550-bd1e-9f7cbe722c20,
Billed Duration for Request 0ebc26b1-84d0-4550-bd1e-9f7cbe722c20: 90 ms
Input: 1050000,
Cold Start: false
Unique ID: 3e1753e9-661a-4b35-a4b0-dd5b44be3e18,
Billed Duration for Request 3e1753e9-661a-4b35-a4b0-dd5b44be3e18: 104 ms
Input: 1050000,
Cold Start: false
Unique ID: c7507564-2b9f-4371-b6f4-84fdd50182af,
Billed Duration for Request c7507564-2b9f-4371-b6f4-84fdd50182af: 94 ms
Input: 1050000,
Cold Start: false
Unique ID: b5ccb44d-29c6-4082-9fdc-649022bec8b2,
Billed Duration for Request b5ccb44d-29c6-4082-9fdc-649022bec8b2: 90 ms
Input: 1050000,
Cold Start: false
Unique ID: b427ba33-0700-4f29-ad04-bdf625d3fe64,
Billed Duration for Request b427ba33-0700-4f29-ad04-bdf625d3fe64: 90 ms
Input: 1050000,
Cold Start: false
Unique ID: fbe56d79-0e29-4c0a-800e-b275ec8053d0,
Billed Duration for Request fbe56d79-0e29-4c0a-800e-b275ec8053d0: 94 ms
Input: 1050000,
Cold Start: false
Unique ID: 0c888052-7d3f-44b1-a9dc-17985c5bed3c,
Billed Duration for Request 0c888052-7d3f-44b1-a9dc-17985c5bed3c: 94 ms
Input: 1050000,
Cold Start: false
Unique ID: b29e5d0d-e1fd-410d-93f4-1dd64cb0e068,
Billed Duration for Request b29e5d0d-e1fd-410d-93f4-1dd64cb0e068: 102 ms
Input: 1050000,
Cold Start: false
Unique ID: 0a230fc6-19ab-40bc-b786-94a25fd38db1,
Billed Duration for Request 0a230fc6-19ab-40bc-b786-94a25fd38db1: 90 ms
Input: 1050000,
Cold Start: false
Unique ID: bb6acf4e-f040-40f2-882b-40791e5b9cf7,
Billed Duration for Request bb6acf4e-f040-40f2-882b-40791e5b9cf7: 94 ms
Input: 1050000,
Cold Start: false
Unique ID: 318be99e-785b-483a-8a0d-822f96f93e61,
Billed Duration for Request 318be99e-785b-483a-8a0d-822f96f93e61: 90 ms
Input: 1050000,
Cold Start: false
Unique ID: 03325a90-17aa-4d40-badd-cd0155f4b44d,
Billed Duration for Request 03325a90-17aa-4d40-badd-cd0155f4b44d: 91 ms
Input: 1050000,
Cold Start: false
Unique ID: 03a4fcf5-9f40-4293-8a6c-2fdfa04f8a07,
Billed Duration for Request 03a4fcf5-9f40-4293-8a6c-2fdfa04f8a07: 90 ms
Input: 1050000,
Cold Start: false
Unique ID: 608f11b8-3689-4d59-9cd5-5542c42ff334,
Billed Duration for Request 608f11b8-3689-4d59-9cd5-5542c42ff334: 93 ms
Input: 1050000,
Cold Start: false
Unique ID: a60f9be8-618c-4092-9bac-1d0cddf330e9,
Billed Duration for Request a60f9be8-618c-4092-9bac-1d0cddf330e9: 107 ms
Input: 1050000,
Cold Start: false
Unique ID: af624be9-2190-4047-9add-8404bf784953,
Billed Duration for Request af624be9-2190-4047-9add-8404bf784953: 94 ms
Input: 1050000,
Cold Start: false
Unique ID: 1ef49c37-4e9b-40f0-afe1-56485e10735a,
Billed Duration for Request 1ef49c37-4e9b-40f0-afe1-56485e10735a: 91 ms
Input: 1050000,
Cold Start: false
Unique ID: 94ac2956-b397-41c2-bbaf-29fe46afb800,
Billed Duration for Request 94ac2956-b397-41c2-bbaf-29fe46afb800: 94 ms
Input: 1050000,
Cold Start: false
Unique ID: 243161ef-c9cc-42ce-9068-1c2681eb300a,
Billed Duration for Request 243161ef-c9cc-42ce-9068-1c2681eb300a: 98 ms
Input: 1050000,
Cold Start: false
Unique ID: 7882062e-3076-4b19-9991-d56813c4ad2e,
Billed Duration for Request 7882062e-3076-4b19-9991-d56813c4ad2e: 147 ms
Input: 1050000,
Cold Start: false
Unique ID: 6d4a6fe5-e6dd-4a0f-8089-e8ead0843ca9,
Billed Duration for Request 6d4a6fe5-e6dd-4a0f-8089-e8ead0843ca9: 90 ms
Input: 1050000,
Cold Start: false
Unique ID: fa37daa5-9e79-4340-8d23-ea45c78f7a5e,
Billed Duration for Request fa37daa5-9e79-4340-8d23-ea45c78f7a5e: 141 ms
Input: 1050000,
Cold Start: false
Unique ID: 35596b4f-bf4f-4a7b-aabf-f342553dde7a,
Billed Duration for Request 35596b4f-bf4f-4a7b-aabf-f342553dde7a: 100 ms
Input: 1050000,
Cold Start: false
Unique ID: bca39ca0-5bef-4aa9-91e4-7ca050e698a2,
Billed Duration for Request bca39ca0-5bef-4aa9-91e4-7ca050e698a2: 109 ms
Input: 1050000,
Cold Start: false
Unique ID: 5d49ca0b-0618-4074-9e6a-0ac765555ccf,
Billed Duration for Request 5d49ca0b-0618-4074-9e6a-0ac765555ccf: 95 ms
Input: 1050000,
Cold Start: false
Unique ID: 580a8c7b-da1f-4d7a-adf5-cf441bb2b692,
Billed Duration for Request 580a8c7b-da1f-4d7a-adf5-cf441bb2b692: 103 ms
Input: 1050000,
Cold Start: false
Unique ID: 49b18171-974d-4876-a3ab-dc1ebcbe49ac,
Billed Duration for Request 49b18171-974d-4876-a3ab-dc1ebcbe49ac: 99 ms
Input: 1050000,
Cold Start: false
Unique ID: 2d811b96-d195-4941-949c-d133b9df7138,
Billed Duration for Request 2d811b96-d195-4941-949c-d133b9df7138: 99 ms
Input: 1050000,
Cold Start: false
Unique ID: c243ab8a-6dca-4c04-b858-36011434a115,
Billed Duration for Request c243ab8a-6dca-4c04-b858-36011434a115: 99 ms
Input: 1050000,
Cold Start: false
Unique ID: ce1e934b-d6db-4d3e-8f8b-a4c3b1638dbd,
Billed Duration for Request ce1e934b-d6db-4d3e-8f8b-a4c3b1638dbd: 99 ms
Input: 1050000,
Cold Start: false
Unique ID: a0a6baae-511c-481b-8854-4008654358a2,
Billed Duration for Request a0a6baae-511c-481b-8854-4008654358a2: 94 ms
Input: 1050000,
Cold Start: false
Unique ID: 614e96f3-5080-4424-9027-e1329eb5b60b,
Billed Duration for Request 614e96f3-5080-4424-9027-e1329eb5b60b: 98 ms
Input: 1050000,
Cold Start: false
Unique ID: 65fef74c-e9c6-43e8-86a1-71cfaa11c289,
Billed Duration for Request 65fef74c-e9c6-43e8-86a1-71cfaa11c289: 94 ms
Input: 1050000,
Cold Start: false
Unique ID: 202279a9-6be2-40ef-bb71-dcbfc75c3ac0,
Billed Duration for Request 202279a9-6be2-40ef-bb71-dcbfc75c3ac0: 94 ms
Input: 1050000,
Cold Start: false
Unique ID: 3eaaf1c7-eaac-4f29-8d45-12093b211b31,
Billed Duration for Request 3eaaf1c7-eaac-4f29-8d45-12093b211b31: 102 ms
Input: 1050000,
Cold Start: false
Unique ID: 3d7f7865-60bb-4911-9e50-4c49b738336e,
Billed Duration for Request 3d7f7865-60bb-4911-9e50-4c49b738336e: 90 ms
Input: 1050000,
Cold Start: false
Unique ID: 35323451-67f5-4d5a-bb60-52da11e017fe,
Billed Duration for Request 35323451-67f5-4d5a-bb60-52da11e017fe: 102 ms
Input: 1050000,
Cold Start: false
Unique ID: 235f5223-7806-4231-b8ea-1a75451b35d8,
Billed Duration for Request 235f5223-7806-4231-b8ea-1a75451b35d8: 100 ms
Input: 1050000,
Cold Start: false
Unique ID: 5a7a338a-65fa-4f66-abd5-59e15bf4ecf3,
Billed Duration for Request 5a7a338a-65fa-4f66-abd5-59e15bf4ecf3: 103 ms
Input: 1050000,
Cold Start: false
Unique ID: de02ee24-3908-4510-8065-c4f301a364cf,
Billed Duration for Request de02ee24-3908-4510-8065-c4f301a364cf: 98 ms
Input: 1050000,
Cold Start: false
Unique ID: 46ca74da-f05e-40bc-b5b3-1c6be165708d,
Billed Duration for Request 46ca74da-f05e-40bc-b5b3-1c6be165708d: 103 ms
Input: 1050000,
Cold Start: false
Unique ID: 8b0f6510-3fef-4e15-8399-4ab890c374fa,
Billed Duration for Request 8b0f6510-3fef-4e15-8399-4ab890c374fa: 103 ms
Input: 1050000,
Cold Start: false
Unique ID: 73281fa5-2d3c-4b94-a4c6-f8537780b1b5,
Billed Duration for Request 73281fa5-2d3c-4b94-a4c6-f8537780b1b5: 102 ms
Input: 1050000,
Cold Start: false
Unique ID: 1d4e1093-8849-4dc2-9c1b-55396e24b354,
Billed Duration for Request 1d4e1093-8849-4dc2-9c1b-55396e24b354: 99 ms
Input: 1050000,
Cold Start: false
Unique ID: 4f56fe9e-9057-41c7-8cd2-267a6ab6cfd7,
Billed Duration for Request 4f56fe9e-9057-41c7-8cd2-267a6ab6cfd7: 98 ms
Input: 1050000,
Cold Start: false
Unique ID: d071e542-f519-4867-94c3-2e41d096804b,
Billed Duration for Request d071e542-f519-4867-94c3-2e41d096804b: 102 ms
Input: 1050000,
Cold Start: false
Unique ID: 9a5c1fb9-f13a-4a15-a5bb-70d273ae354e,
Billed Duration for Request 9a5c1fb9-f13a-4a15-a5bb-70d273ae354e: 94 ms
Input: 1050000,
Cold Start: false
Unique ID: 92e8bac6-1782-4337-999b-7e42db2749f6,
Billed Duration for Request 92e8bac6-1782-4337-999b-7e42db2749f6: 98 ms
Input: 1050000,
Cold Start: false
Unique ID: 3aa0e96a-3dcb-4da4-b20d-d6097a1b80dc,
Billed Duration for Request 3aa0e96a-3dcb-4da4-b20d-d6097a1b80dc: 95 ms
Input: 1050000,
Cold Start: false
Unique ID: ac10ba55-1c62-4861-b736-d7ab5389e9e6,
Billed Duration for Request ac10ba55-1c62-4861-b736-d7ab5389e9e6: 98 ms
Input: 1050000,
Cold Start: false
Unique ID: 2950a7d0-cc48-4f3b-82fa-04c11592548e,
Billed Duration for Request 2950a7d0-cc48-4f3b-82fa-04c11592548e: 102 ms
Input: 1050000,
Cold Start: false
Unique ID: 2ab95bda-e400-49d4-b181-158d6501851f,
Billed Duration for Request 2ab95bda-e400-49d4-b181-158d6501851f: 102 ms
Input: 1050000,
Cold Start: false
Unique ID: 41079bd6-7278-4c39-b77d-cea41ac1a636,
Billed Duration for Request 41079bd6-7278-4c39-b77d-cea41ac1a636: 98 ms
Input: 1050000,
Cold Start: false
Unique ID: aeca07f0-fa1e-4194-a4f5-5cac58dff831,
Billed Duration for Request aeca07f0-fa1e-4194-a4f5-5cac58dff831: 98 ms
Input: 1050000,
Cold Start: false
Unique ID: 2ff3fd8e-7706-4377-a128-822eebf57486,
Billed Duration for Request 2ff3fd8e-7706-4377-a128-822eebf57486: 98 ms
Input: 1050000,
Cold Start: false
Unique ID: 141a5b8b-de70-4d63-8605-99175d92ab74,
Billed Duration for Request 141a5b8b-de70-4d63-8605-99175d92ab74: 98 ms
Input: 1050000,
Cold Start: false
Unique ID: 1fdab2bf-2f90-4aaf-b436-3b59b89a9bd2,
Billed Duration for Request 1fdab2bf-2f90-4aaf-b436-3b59b89a9bd2: 98 ms
Input: 1050000,
Cold Start: false
Unique ID: 160c786f-8786-4103-b472-ba43ed7ab7ca,
Billed Duration for Request 160c786f-8786-4103-b472-ba43ed7ab7ca: 102 ms
Input: 1050000,
Cold Start: false
Unique ID: 62c42412-613f-444e-9639-1c4dd0a46792,
Billed Duration for Request 62c42412-613f-444e-9639-1c4dd0a46792: 102 ms
Input: 1050000,
Cold Start: false
Unique ID: ba9c7004-beec-4818-9270-9851cddc1d11,
Billed Duration for Request ba9c7004-beec-4818-9270-9851cddc1d11: 97 ms
Input: 1050000,
Cold Start: false
Unique ID: bf02cb58-f0e5-4730-a48d-e538808fe454,
Billed Duration for Request bf02cb58-f0e5-4730-a48d-e538808fe454: 94 ms
Input: 1050000,
Cold Start: false
Unique ID: e96da12d-b0a1-440e-a18c-7f2ab3ccb6d0,
Billed Duration for Request e96da12d-b0a1-440e-a18c-7f2ab3ccb6d0: 102 ms
Input: 1050000,
Cold Start: false
Unique ID: dfab1d32-eddc-4a9a-81ae-3b18b2f2764d,
Billed Duration for Request dfab1d32-eddc-4a9a-81ae-3b18b2f2764d: 104 ms
Input: 1050000,
Cold Start: false
Unique ID: acf72fc4-7402-44c2-af4c-c1ab65d0159a,
Billed Duration for Request acf72fc4-7402-44c2-af4c-c1ab65d0159a: 94 ms
Input: 1050000,
Cold Start: false
Unique ID: 3a28d115-fd21-44bb-ba7a-ae5267e4c1e7,
Billed Duration for Request 3a28d115-fd21-44bb-ba7a-ae5267e4c1e7: 94 ms
Input: 1050000,
Cold Start: false
Unique ID: 6fee6bee-b781-4366-842d-df033f87da19,
Billed Duration for Request 6fee6bee-b781-4366-842d-df033f87da19: 102 ms
Input: 1050000,
Cold Start: false
Unique ID: 3e31f010-999a-430f-b3c2-f3f3c6a889cf,
Billed Duration for Request 3e31f010-999a-430f-b3c2-f3f3c6a889cf: 102 ms
Input: 1050000,
Cold Start: false
Unique ID: 941312c9-009c-4311-bdf1-99007e2678a2,
Billed Duration for Request 941312c9-009c-4311-bdf1-99007e2678a2: 98 ms
Input: 1050000,
Cold Start: false
Unique ID: ef5d3f12-8e4e-4279-9966-a1a44d064f41,
Billed Duration for Request ef5d3f12-8e4e-4279-9966-a1a44d064f41: 102 ms
Input: 1050000,
Cold Start: false
Unique ID: 367a52a0-0092-4854-af7b-c2738c637650,
Billed Duration for Request 367a52a0-0092-4854-af7b-c2738c637650: 103 ms
Input: 1050000,
Cold Start: false
Unique ID: 01fde77c-605c-4af8-90fe-a7a9af517d33,
Billed Duration for Request 01fde77c-605c-4af8-90fe-a7a9af517d33: 104 ms
Input: 1050000,
Cold Start: false
Unique ID: 8fcfe187-6b24-4ecf-b42e-2351f4be7d92,
Billed Duration for Request 8fcfe187-6b24-4ecf-b42e-2351f4be7d92: 127 ms
Input: 1050000,
Cold Start: false
Unique ID: 1fa6d1e9-7ed6-4624-82ad-d316b45b9504,
Billed Duration for Request 1fa6d1e9-7ed6-4624-82ad-d316b45b9504: 103 ms
Input: 1050000,
Cold Start: false
Unique ID: d8108eb8-b25c-49f1-b089-f6f95d6bd391,
Billed Duration for Request d8108eb8-b25c-49f1-b089-f6f95d6bd391: 95 ms
Input: 1050000,
Cold Start: false
Unique ID: a3e030db-b143-41cb-a7b9-86179d3135d9,
Billed Duration for Request a3e030db-b143-41cb-a7b9-86179d3135d9: 106 ms
Input: 1050000,
Cold Start: false
Unique ID: 5d7b0ce2-d932-470a-8b1b-21fab69f59ff,
Billed Duration for Request 5d7b0ce2-d932-470a-8b1b-21fab69f59ff: 107 ms
Input: 1050000,
Cold Start: false
Unique ID: 57857c16-b514-469d-bbdf-6026a7544990,
Billed Duration for Request 57857c16-b514-469d-bbdf-6026a7544990: 108 ms
Input: 1050000,
Cold Start: false
Unique ID: 098bdcaf-df97-4b4b-9ab1-44d5073b666a,
Billed Duration for Request 098bdcaf-df97-4b4b-9ab1-44d5073b666a: 107 ms
Input: 1050000,
Cold Start: false
Unique ID: e90fec69-5901-47f6-96a9-86dc6081fe02,
Billed Duration for Request e90fec69-5901-47f6-96a9-86dc6081fe02: 103 ms
Input: 1050000,
Cold Start: false
Unique ID: 417e22c2-9e7a-475b-a686-d4925c2f6d36,
Billed Duration for Request 417e22c2-9e7a-475b-a686-d4925c2f6d36: 104 ms
Input: 1050000,
Cold Start: false
Unique ID: d40311e6-d2af-48ea-96bd-12571b9934cc,
Billed Duration for Request d40311e6-d2af-48ea-96bd-12571b9934cc: 90 ms
Input: 1050000,
Cold Start: false
Unique ID: 215edd5d-4adf-4ccf-9fd9-e21acc907365,
Billed Duration for Request 215edd5d-4adf-4ccf-9fd9-e21acc907365: 107 ms
Input: 1050000,
Cold Start: false
Unique ID: bc787fe7-3162-4ca8-b058-14721d90aed8,
Billed Duration for Request bc787fe7-3162-4ca8-b058-14721d90aed8: 107 ms
Input: 1050000,
Cold Start: false
Unique ID: 4bf477ac-f2bb-423d-80ed-1453bbe8e8f1,
Billed Duration for Request 4bf477ac-f2bb-423d-80ed-1453bbe8e8f1: 103 ms
Input: 1050000,
Cold Start: false
Unique ID: 6404ebfc-34fb-4700-8a77-631d3c0a0915,
Billed Duration for Request 6404ebfc-34fb-4700-8a77-631d3c0a0915: 90 ms
Input: 1050000,
Cold Start: false
Unique ID: bd24e274-a521-4824-82ed-ded10d7dc654,
Billed Duration for Request bd24e274-a521-4824-82ed-ded10d7dc654: 104 ms
Input: 1050000,
Cold Start: false
Unique ID: d14bf0c1-1ec2-46a2-be68-cd4e9a84c2a4,
Billed Duration for Request d14bf0c1-1ec2-46a2-be68-cd4e9a84c2a4: 102 ms
Input: 1050000,
Cold Start: false
Unique ID: 4d8f3814-57de-4e8e-b74d-32424bfe356f,
Billed Duration for Request 4d8f3814-57de-4e8e-b74d-32424bfe356f: 104 ms
Input: 1050000,
Cold Start: false
Unique ID: 70612293-7b97-45d7-ac32-48d6f0d52163,
Billed Duration for Request 70612293-7b97-45d7-ac32-48d6f0d52163: 94 ms
Input: 1050000,
Cold Start: false
Unique ID: 626f39b2-6bb4-440c-8b87-4fee5f90a7bd,
Billed Duration for Request 626f39b2-6bb4-440c-8b87-4fee5f90a7bd: 98 ms
Input: 1050000,
Cold Start: false
Unique ID: 16255456-7bf5-43c3-8afe-f6edafbdb12d,
Billed Duration for Request 16255456-7bf5-43c3-8afe-f6edafbdb12d: 107 ms
Input: 1050000,
Cold Start: false
Unique ID: 7c3863f5-b75a-4727-bb04-1feb266b7dd7,
Billed Duration for Request 7c3863f5-b75a-4727-bb04-1feb266b7dd7: 94 ms
Input: 1050000,
Cold Start: false
Unique ID: 330215a0-99fd-47e7-83b3-2cd3da1b0455,
Billed Duration for Request 330215a0-99fd-47e7-83b3-2cd3da1b0455: 102 ms
Input: 1050000,
Cold Start: false
Unique ID: d9ff164e-8b45-4aa5-9de5-c79f1a91b125,
Billed Duration for Request d9ff164e-8b45-4aa5-9de5-c79f1a91b125: 94 ms
Input: 1050000,
Cold Start: false
Unique ID: 0d9ab6e5-2332-40f8-9ed8-f82c9e311f7d,
Billed Duration for Request 0d9ab6e5-2332-40f8-9ed8-f82c9e311f7d: 98 ms
Input: 1050000,
Cold Start: false
Unique ID: dfa39fe6-f0e0-41e8-83c3-285ba4ee0f9c,
Billed Duration for Request dfa39fe6-f0e0-41e8-83c3-285ba4ee0f9c: 98 ms
Input: 1050000,
Cold Start: false
Unique ID: c039d338-13db-474c-bd2f-1f6de58d7d52,
Billed Duration for Request c039d338-13db-474c-bd2f-1f6de58d7d52: 90 ms
Input: 1050000,
Cold Start: false
Unique ID: 0a815456-f86a-49b9-8c37-8e352eed0cc4,
Billed Duration for Request 0a815456-f86a-49b9-8c37-8e352eed0cc4: 109 ms
Input: 1050000,
Cold Start: false
Unique ID: e532e9b7-2704-4070-8b04-b1916f2c9590,
Billed Duration for Request e532e9b7-2704-4070-8b04-b1916f2c9590: 102 ms
Input: 1050000,
Cold Start: false
Unique ID: 3ffaa365-d22d-4909-b58e-b7fbd45e530e,
Billed Duration for Request 3ffaa365-d22d-4909-b58e-b7fbd45e530e: 94 ms
Input: 1050000,
Cold Start: false
Unique ID: 0450e004-b0e8-4825-8261-8eb61e7adcfb,
Billed Duration for Request 0450e004-b0e8-4825-8261-8eb61e7adcfb: 94 ms
Input: 1050000,
Cold Start: false
Unique ID: ca1ac02a-544c-46f6-b759-99fd732e933e,
Billed Duration for Request ca1ac02a-544c-46f6-b759-99fd732e933e: 108 ms
Input: 1050000,
Cold Start: false
Unique ID: 9b7fbeab-0192-46e1-8b80-af5127f56725,
Billed Duration for Request 9b7fbeab-0192-46e1-8b80-af5127f56725: 90 ms
Input: 1050000,
Cold Start: false
Unique ID: 966f0ce2-d0cf-404c-afd9-155fac11b0db,
Billed Duration for Request 966f0ce2-d0cf-404c-afd9-155fac11b0db: 102 ms
Input: 1050000,
Cold Start: false
Unique ID: 9231414e-216f-4d24-8458-d46809f7c45d,
Billed Duration for Request 9231414e-216f-4d24-8458-d46809f7c45d: 91 ms
Input: 1050000,
Cold Start: false
Unique ID: 3e42e7fe-922f-4862-8860-0b3ae32468de,
Billed Duration for Request 3e42e7fe-922f-4862-8860-0b3ae32468de: 94 ms
Input: 1050000,
Cold Start: false
Unique ID: 1890c727-3848-45b7-b65c-02c340e6ca7e,
Billed Duration for Request 1890c727-3848-45b7-b65c-02c340e6ca7e: 98 ms
Input: 1050000,
Cold Start: false
Unique ID: 61e6d6df-5505-4aef-a559-868f2d750076,
Billed Duration for Request 61e6d6df-5505-4aef-a559-868f2d750076: 107 ms
Input: 1050000,
Cold Start: false
Unique ID: eee1578c-23e3-4257-a628-a8ba20086381,
Billed Duration for Request eee1578c-23e3-4257-a628-a8ba20086381: 106 ms
Input: 1050000,
Cold Start: false
Unique ID: 37e1bf74-3722-4f24-b66a-f2150c3a8a8c,
Billed Duration for Request 37e1bf74-3722-4f24-b66a-f2150c3a8a8c: 107 ms
Input: 1050000,
Cold Start: false
Unique ID: 3f039dcb-735d-4245-b2b2-7e8dfeee06f4,
Billed Duration for Request 3f039dcb-735d-4245-b2b2-7e8dfeee06f4: 98 ms
Input: 1050000,
Cold Start: false
Unique ID: 7d3dcb04-3b75-4a90-ad22-c59b11f2c342,
Billed Duration for Request 7d3dcb04-3b75-4a90-ad22-c59b11f2c342: 107 ms
Input: 1050000,
Cold Start: false
Unique ID: f71b9d05-d3bd-4fc4-b2e7-2e3ddbaf0a17,
Billed Duration for Request f71b9d05-d3bd-4fc4-b2e7-2e3ddbaf0a17: 107 ms
Input: 1050000,
Cold Start: false
Unique ID: 05ee83be-2210-431e-93c9-2e12ec2f9de8,
Billed Duration for Request 05ee83be-2210-431e-93c9-2e12ec2f9de8: 94 ms
Input: 1050000,
Cold Start: false
Unique ID: fb207588-575d-447e-9a48-6bf0c47d4ba0,
Billed Duration for Request fb207588-575d-447e-9a48-6bf0c47d4ba0: 103 ms
Input: 1050000,
Cold Start: false
Unique ID: fa8fbea6-6e84-4dc8-a82d-73c764c49d40,
Billed Duration for Request fa8fbea6-6e84-4dc8-a82d-73c764c49d40: 94 ms
Input: 1050000,
Cold Start: false
Unique ID: 66a04acf-bbc9-4d1e-b1a1-b41e18b9980c,
Billed Duration for Request 66a04acf-bbc9-4d1e-b1a1-b41e18b9980c: 90 ms
Input: 1050000,
Cold Start: false
Unique ID: dc35ed4c-5464-43a4-9e01-6878f30eb594,
Billed Duration for Request dc35ed4c-5464-43a4-9e01-6878f30eb594: 90 ms
Input: 1050000,
Cold Start: false
Unique ID: 8752c8e9-ad95-4587-a68f-9c7feda724a7,
Billed Duration for Request 8752c8e9-ad95-4587-a68f-9c7feda724a7: 90 ms
Input: 1050000,
Cold Start: false
Unique ID: 339aa003-8237-4fe9-bb31-3831bf83c8c4,
Billed Duration for Request 339aa003-8237-4fe9-bb31-3831bf83c8c4: 110 ms
Input: 1050000,
Cold Start: false
Unique ID: ffd81a43-cad6-42af-abac-914dadf0be20,
Billed Duration for Request ffd81a43-cad6-42af-abac-914dadf0be20: 90 ms
Input: 1050000,
Cold Start: false
Unique ID: ea30d2b0-820f-4402-baef-c5111f94a6e9,
Billed Duration for Request ea30d2b0-820f-4402-baef-c5111f94a6e9: 139 ms
Input: 1050000,
Cold Start: false
Unique ID: 5b747595-0fae-4a4a-8053-88f6f27b0dbd,
Billed Duration for Request 5b747595-0fae-4a4a-8053-88f6f27b0dbd: 107 ms
Input: 1050000,
Cold Start: false
Unique ID: ffb7c8e9-f105-40f2-9eb2-966301ca47cb,
Billed Duration for Request ffb7c8e9-f105-40f2-9eb2-966301ca47cb: 103 ms
Input: 1050000,
Cold Start: false
Unique ID: 25d78a5d-3f21-4186-bac1-2dcf164553c0,
Billed Duration for Request 25d78a5d-3f21-4186-bac1-2dcf164553c0: 95 ms
Input: 1050000,
Cold Start: false
Unique ID: c18705a7-c49f-4ef3-9b25-6b545eaedb91,
Billed Duration for Request c18705a7-c49f-4ef3-9b25-6b545eaedb91: 95 ms
Input: 1050000,
Cold Start: false
Unique ID: 47635f64-fb16-42d5-aeeb-cde9cf1f7865,
Billed Duration for Request 47635f64-fb16-42d5-aeeb-cde9cf1f7865: 95 ms
Input: 1050000,
Cold Start: false
Unique ID: 87253884-3613-4da4-9ae7-441e4ee438fd,
Billed Duration for Request 87253884-3613-4da4-9ae7-441e4ee438fd: 95 ms
Input: 1050000,
Cold Start: false
Unique ID: 0f92e8aa-3d3c-447c-b2ca-bf433ef0fd82,
Billed Duration for Request 0f92e8aa-3d3c-447c-b2ca-bf433ef0fd82: 99 ms
Input: 1050000,
Cold Start: false
Unique ID: b8470d9e-aa57-4787-a43b-3166683e01e4,
Billed Duration for Request b8470d9e-aa57-4787-a43b-3166683e01e4: 99 ms
Input: 1050000,
Cold Start: false
Unique ID: dd9a71f7-bd03-4dfa-ae9e-b3f7c75323dd,
Billed Duration for Request dd9a71f7-bd03-4dfa-ae9e-b3f7c75323dd: 99 ms
Input: 1050000,
Cold Start: false
Unique ID: ae575d14-da8e-4769-8d19-57065cb9afb0,
Billed Duration for Request ae575d14-da8e-4769-8d19-57065cb9afb0: 99 ms
Input: 1050000,
Cold Start: false
Unique ID: 0a550e0f-6e28-4407-826e-db93ada7f04d,
Billed Duration for Request 0a550e0f-6e28-4407-826e-db93ada7f04d: 103 ms
Input: 1050000,
Cold Start: false
Unique ID: 11644b55-1867-4ed0-9440-72dfa0b27382,
Billed Duration for Request 11644b55-1867-4ed0-9440-72dfa0b27382: 99 ms
Input: 1050000,
Cold Start: false
Unique ID: 80475d77-4870-4881-8a84-f1b454945f28,
Billed Duration for Request 80475d77-4870-4881-8a84-f1b454945f28: 99 ms
Input: 1050000,
Cold Start: false
Unique ID: f65f56bf-fe2a-447a-9075-9893d18bd4b3,
Billed Duration for Request f65f56bf-fe2a-447a-9075-9893d18bd4b3: 95 ms
Input: 1050000,
Cold Start: false
Unique ID: 20800d46-b61a-4780-b62c-0525e069d597,
Billed Duration for Request 20800d46-b61a-4780-b62c-0525e069d597: 99 ms
Input: 1050000,
Cold Start: false
Unique ID: c6f327f0-c3aa-4e1e-8f91-5d770db4e01b,
Billed Duration for Request c6f327f0-c3aa-4e1e-8f91-5d770db4e01b: 99 ms
Input: 1050000,
Cold Start: false
Unique ID: e1e5fe5b-ba74-46e4-a7e3-71ee0265dddf,
Billed Duration for Request e1e5fe5b-ba74-46e4-a7e3-71ee0265dddf: 102 ms
Input: 1050000,
Cold Start: false
Unique ID: d040e824-ead7-4ffb-b819-d5061debf167,
Billed Duration for Request d040e824-ead7-4ffb-b819-d5061debf167: 102 ms
Input: 1050000,
Cold Start: false
Unique ID: 42b3f8c6-bd83-4d57-bd3e-1775c648a37b,
Billed Duration for Request 42b3f8c6-bd83-4d57-bd3e-1775c648a37b: 98 ms
Input: 1050000,
Cold Start: false
Unique ID: 0055d4c7-8f50-486b-a6f3-9c735a52767e,
Billed Duration for Request 0055d4c7-8f50-486b-a6f3-9c735a52767e: 98 ms
Input: 1050000,
Cold Start: false
Unique ID: 08eb0202-bc71-4848-b2f6-b6840534bfa4,
Billed Duration for Request 08eb0202-bc71-4848-b2f6-b6840534bfa4: 102 ms
Input: 1050000,
Cold Start: false
Unique ID: d5629801-844e-4ce1-850c-1838a4ca1798,
Billed Duration for Request d5629801-844e-4ce1-850c-1838a4ca1798: 102 ms
Input: 1050000,
Cold Start: false
Unique ID: 69b17f03-e30c-466a-8541-e1331d482d0e,
Billed Duration for Request 69b17f03-e30c-466a-8541-e1331d482d0e: 102 ms
Input: 1050000,
Cold Start: false
Unique ID: 4e415055-ccda-4355-ad8a-43dffd909a08,
Billed Duration for Request 4e415055-ccda-4355-ad8a-43dffd909a08: 103 ms
Input: 1050000,
Cold Start: false
Unique ID: 91fc92c8-2e99-4a46-a6c6-67ec0585b939,
Billed Duration for Request 91fc92c8-2e99-4a46-a6c6-67ec0585b939: 98 ms
Input: 1050000,
Cold Start: false
Unique ID: e1c7f6d1-18f3-4214-9204-7de7c5082579,
Billed Duration for Request e1c7f6d1-18f3-4214-9204-7de7c5082579: 102 ms
Input: 1050000,
Cold Start: false
Unique ID: 9934723d-7e13-418c-bb08-2bf9a7b45a9b,
Billed Duration for Request 9934723d-7e13-418c-bb08-2bf9a7b45a9b: 101 ms
Input: 1050000,
Cold Start: false
Unique ID: 45cee64e-5d2d-49ec-bd41-0d76585d47f9,
Billed Duration for Request 45cee64e-5d2d-49ec-bd41-0d76585d47f9: 98 ms
Input: 1050000,
Cold Start: false
Unique ID: 05ad3c00-3ae2-4bae-8a6f-08984f6c8dc7,
Billed Duration for Request 05ad3c00-3ae2-4bae-8a6f-08984f6c8dc7: 94 ms
Input: 1050000,
Cold Start: false
Unique ID: b680d6d3-7253-4b83-9b24-d19ddfda3842,
Billed Duration for Request b680d6d3-7253-4b83-9b24-d19ddfda3842: 98 ms
Input: 1050000,
Cold Start: false
Unique ID: e0b2d793-9e3a-42b3-a5e2-da01322ca7e5,
Billed Duration for Request e0b2d793-9e3a-42b3-a5e2-da01322ca7e5: 98 ms
Input: 1050000,
Cold Start: false
Unique ID: 6400b3fc-24ca-4327-bdcb-21bd6f023ff8,
Billed Duration for Request 6400b3fc-24ca-4327-bdcb-21bd6f023ff8: 103 ms
Input: 1050000,
Cold Start: false
Unique ID: 170b5d36-6a9b-474d-b6a7-3846fa050c5f,
Billed Duration for Request 170b5d36-6a9b-474d-b6a7-3846fa050c5f: 102 ms
Input: 1050000,
Cold Start: false
Unique ID: 769ffb0a-e426-4a05-9db5-f9008f5ec0d4,
Billed Duration for Request 769ffb0a-e426-4a05-9db5-f9008f5ec0d4: 98 ms
Input: 1050000,
Cold Start: false
Unique ID: 396c9cd3-6511-4d62-b86e-1e4f07a30e24,
Billed Duration for Request 396c9cd3-6511-4d62-b86e-1e4f07a30e24: 104 ms
Input: 1050000,
Cold Start: false
Unique ID: 40b79127-b6aa-4841-93b9-2978b48459ad,
Billed Duration for Request 40b79127-b6aa-4841-93b9-2978b48459ad: 102 ms
Input: 1050000,
Cold Start: false
Unique ID: f7ce9f86-4fdb-4d67-83f4-e94dbc931164,
Billed Duration for Request f7ce9f86-4fdb-4d67-83f4-e94dbc931164: 99 ms
Input: 1050000,
Cold Start: false
Unique ID: 006f2fa1-2980-4e05-ad80-a9758f919fe1,
Billed Duration for Request 006f2fa1-2980-4e05-ad80-a9758f919fe1: 98 ms
Input: 1050000,
Cold Start: false
Unique ID: cbea38c9-e95d-4d55-b912-c552c8501890,
Billed Duration for Request cbea38c9-e95d-4d55-b912-c552c8501890: 102 ms
Input: 1050000,
Cold Start: false
Unique ID: d22f7b14-4bd5-4183-92fd-7db9f9bb3f6d,
Billed Duration for Request d22f7b14-4bd5-4183-92fd-7db9f9bb3f6d: 98 ms
Input: 1050000,
Cold Start: false
Unique ID: 5af2fbf4-2993-4c30-bcf0-96132943984a,
Billed Duration for Request 5af2fbf4-2993-4c30-bcf0-96132943984a: 94 ms
Input: 1050000,
Cold Start: false
Unique ID: ea831fe8-6011-4eea-aa69-4e76bd4857e3,
Billed Duration for Request ea831fe8-6011-4eea-aa69-4e76bd4857e3: 103 ms
Input: 1050000,
Cold Start: false
Unique ID: db1318ca-772b-46c7-b93d-642577f421ef,
Billed Duration for Request db1318ca-772b-46c7-b93d-642577f421ef: 102 ms
Input: 1050000,
Cold Start: false
Unique ID: 9f56071a-a32f-4dc9-af4e-b48847556774,
Billed Duration for Request 9f56071a-a32f-4dc9-af4e-b48847556774: 102 ms
Input: 1050000,
Cold Start: false
Unique ID: 833549bb-b870-4c02-b2ce-a327ebff7168,
Billed Duration for Request 833549bb-b870-4c02-b2ce-a327ebff7168: 102 ms
Input: 1050000,
Cold Start: false
Unique ID: 19845082-978f-4d17-95a7-6457559622a1,
Billed Duration for Request 19845082-978f-4d17-95a7-6457559622a1: 98 ms
Input: 1050000,
Cold Start: false
Unique ID: 8616f54b-d454-480e-b970-90237fb4d78c,
Billed Duration for Request 8616f54b-d454-480e-b970-90237fb4d78c: 98 ms
Input: 1050000,
Cold Start: false
Unique ID: c7cf7c5a-58df-46d3-8e29-64e7dfdafb11,
Billed Duration for Request c7cf7c5a-58df-46d3-8e29-64e7dfdafb11: 102 ms
Input: 1050000,
Cold Start: false
Unique ID: 9d316ec9-bcf1-4f26-b247-a360991fadc3,
Billed Duration for Request 9d316ec9-bcf1-4f26-b247-a360991fadc3: 103 ms
Input: 1050000,
Cold Start: false
Unique ID: e7b4dd12-6a75-44b8-ac58-2d896492e01c,
Billed Duration for Request e7b4dd12-6a75-44b8-ac58-2d896492e01c: 128 ms
Input: 1050000,
Cold Start: false
Unique ID: e463f86a-c873-4682-99c5-e0a0dfa4e512,
Billed Duration for Request e463f86a-c873-4682-99c5-e0a0dfa4e512: 107 ms
Input: 1050000,
Cold Start: false
Unique ID: ea5cc745-1283-4f29-b17b-43637626e3d8,
Billed Duration for Request ea5cc745-1283-4f29-b17b-43637626e3d8: 103 ms
Input: 1050000,
Cold Start: false
Unique ID: 007a52ad-c107-4940-8a45-9b86916015e4,
Billed Duration for Request 007a52ad-c107-4940-8a45-9b86916015e4: 107 ms
Input: 1050000,
Cold Start: false
Unique ID: 871ed744-5cf5-4bce-b627-e00eede74d29,
Billed Duration for Request 871ed744-5cf5-4bce-b627-e00eede74d29: 99 ms
Input: 1050000,
Cold Start: false
Unique ID: a99cc57d-ec7d-4031-9f46-03950a21560e,
Billed Duration for Request a99cc57d-ec7d-4031-9f46-03950a21560e: 103 ms
Input: 1050000,
Cold Start: false
Unique ID: 8da5f8f4-87cb-449e-8e33-b751d1295bf0,
Billed Duration for Request 8da5f8f4-87cb-449e-8e33-b751d1295bf0: 103 ms
Input: 1050000,
Cold Start: false
Unique ID: d51f4014-9b57-46c3-b395-8f5fb802f5f1,
Billed Duration for Request d51f4014-9b57-46c3-b395-8f5fb802f5f1: 107 ms
Input: 1050000,
Cold Start: false
Unique ID: e9eef266-db16-4700-8c0d-730c4df4bdb8,
Billed Duration for Request e9eef266-db16-4700-8c0d-730c4df4bdb8: 103 ms
Input: 1050000,
Cold Start: false
Unique ID: 25733cd1-392e-4ddb-baa6-0203ae141572,
Billed Duration for Request 25733cd1-392e-4ddb-baa6-0203ae141572: 103 ms
Input: 1050000,
Cold Start: false
Unique ID: ca44ba45-cbfb-403f-9776-e87dd135017d,
Billed Duration for Request ca44ba45-cbfb-403f-9776-e87dd135017d: 103 ms
Input: 1050000,
Cold Start: false
Unique ID: 8ee75067-b966-4dd1-90ad-29771ee69f9d,
Billed Duration for Request 8ee75067-b966-4dd1-90ad-29771ee69f9d: 103 ms
Input: 1050000,
Cold Start: false
Unique ID: 9f188a62-51ee-44d7-b37c-569563fdcbcd,
Billed Duration for Request 9f188a62-51ee-44d7-b37c-569563fdcbcd: 108 ms
Input: 1050000,
Cold Start: false
Unique ID: 8a56dbca-1869-44f6-b0bc-90fe4635ae95,
Billed Duration for Request 8a56dbca-1869-44f6-b0bc-90fe4635ae95: 103 ms
Input: 1050000,
Cold Start: false
Unique ID: f4ed3e74-37b7-405e-921f-31b6640bc8e7,
Billed Duration for Request f4ed3e74-37b7-405e-921f-31b6640bc8e7: 103 ms
Input: 1050000,
Cold Start: false
Unique ID: a7171117-b472-45d3-a9dc-e2dde421f25a,
Billed Duration for Request a7171117-b472-45d3-a9dc-e2dde421f25a: 103 ms
Input: 1050000,
Cold Start: false
Unique ID: 03322d19-e006-4ccd-bf49-78869ef735c4,
Billed Duration for Request 03322d19-e006-4ccd-bf49-78869ef735c4: 94 ms
Input: 1050000,
Cold Start: false
Unique ID: f1d76e00-a4ae-4f9e-9ff4-8b90b5b2a700,
Billed Duration for Request f1d76e00-a4ae-4f9e-9ff4-8b90b5b2a700: 99 ms
Input: 1050000,
Cold Start: false
Unique ID: c0fc9879-0ad8-4e00-b823-1fe93f3bbaf3,
Billed Duration for Request c0fc9879-0ad8-4e00-b823-1fe93f3bbaf3: 107 ms
Input: 1050000,
Cold Start: false
Unique ID: a951e6cd-49da-421f-a87f-93307d65d8ab,
Billed Duration for Request a951e6cd-49da-421f-a87f-93307d65d8ab: 95 ms
Input: 1050000,
Cold Start: false
Unique ID: c28c9d1a-2038-401e-8914-d0f80b470bf6,
Billed Duration for Request c28c9d1a-2038-401e-8914-d0f80b470bf6: 107 ms
Input: 1050000,
Cold Start: false
Unique ID: a1ccbf4c-6d19-4d84-ae6c-2b705230dcf4,
Billed Duration for Request a1ccbf4c-6d19-4d84-ae6c-2b705230dcf4: 99 ms
Input: 1050000,
Cold Start: false
Unique ID: 3adbda2f-3483-478d-bfe1-ff7ae00cdb78,
Billed Duration for Request 3adbda2f-3483-478d-bfe1-ff7ae00cdb78: 98 ms
Input: 1050000,
Cold Start: false
Unique ID: 39b5484b-0c31-48f0-a1a8-c66ff86b3165,
Billed Duration for Request 39b5484b-0c31-48f0-a1a8-c66ff86b3165: 103 ms
Input: 1050000,
Cold Start: false
Unique ID: 534c7106-5769-4463-8d85-57ecd2f3edc7,
Billed Duration for Request 534c7106-5769-4463-8d85-57ecd2f3edc7: 90 ms
Input: 1050000,
Cold Start: false
Unique ID: c76ed509-ca72-4518-894c-01be6ad7cfe4,
Billed Duration for Request c76ed509-ca72-4518-894c-01be6ad7cfe4: 90 ms
Input: 1050000,
Cold Start: false
Unique ID: a04452a8-1fe9-4a0e-ab40-9caac6709ae6,
Billed Duration for Request a04452a8-1fe9-4a0e-ab40-9caac6709ae6: 102 ms
Input: 1050000,
Cold Start: false
Unique ID: 61588175-7d1b-461d-919d-4f9a38a955dd,
Billed Duration for Request 61588175-7d1b-461d-919d-4f9a38a955dd: 102 ms
Input: 1050000,
Cold Start: false
Unique ID: 289fc3bc-614a-4f1b-ba0d-987b2adb117e,
Billed Duration for Request 289fc3bc-614a-4f1b-ba0d-987b2adb117e: 98 ms
Input: 1050000,
Cold Start: false
Unique ID: e87a8ffc-1844-43cf-bd06-1c1caa6e6714,
Billed Duration for Request e87a8ffc-1844-43cf-bd06-1c1caa6e6714: 90 ms
Input: 1050000,
Cold Start: false
Unique ID: 04a09367-2a8e-47fc-ac11-17c79aae9a9e,
Billed Duration for Request 04a09367-2a8e-47fc-ac11-17c79aae9a9e: 102 ms
Input: 1050000,
Cold Start: false
Unique ID: 7c74f42b-113b-411a-ae6d-90cbdc332d6d,
Billed Duration for Request 7c74f42b-113b-411a-ae6d-90cbdc332d6d: 102 ms
Input: 1050000,
Cold Start: false
Unique ID: ac99cd0f-dc89-4d22-8a48-ccb2d29bf6bc,
Billed Duration for Request ac99cd0f-dc89-4d22-8a48-ccb2d29bf6bc: 104 ms
Input: 1050000,
Cold Start: false
Unique ID: f7e6db63-be63-4280-b1b1-6be6d5079152,
Billed Duration for Request f7e6db63-be63-4280-b1b1-6be6d5079152: 102 ms
Input: 1050000,
Cold Start: false
Unique ID: 7a6a6cd1-e49c-4b5c-b4e7-c31d30e2e70b,
Billed Duration for Request 7a6a6cd1-e49c-4b5c-b4e7-c31d30e2e70b: 98 ms
Input: 1050000,
Cold Start: false
Unique ID: eb7125f5-0ac2-40a1-8689-bd5d49a34bba,
Billed Duration for Request eb7125f5-0ac2-40a1-8689-bd5d49a34bba: 94 ms
Input: 1050000,
Cold Start: false
Unique ID: 1db6a124-93f4-44c9-a60e-1e18cc7802e0,
Billed Duration for Request 1db6a124-93f4-44c9-a60e-1e18cc7802e0: 104 ms
Input: 1050000,
Cold Start: false
Unique ID: 09c8c4f7-3371-4c7c-b14a-8ea27b409e6f,
Billed Duration for Request 09c8c4f7-3371-4c7c-b14a-8ea27b409e6f: 102 ms
Input: 1050000,
Cold Start: false
Unique ID: cd6d5f25-b7d0-41fb-953a-d9b9cd00854e,
Billed Duration for Request cd6d5f25-b7d0-41fb-953a-d9b9cd00854e: 98 ms
Input: 1050000,
Cold Start: false
Unique ID: e7d00115-9453-407d-8c34-0c700e39b1f1,
Billed Duration for Request e7d00115-9453-407d-8c34-0c700e39b1f1: 103 ms
Input: 1050000,
Cold Start: false
Unique ID: d097f592-fb8e-4471-be12-8625c8425161,
Billed Duration for Request d097f592-fb8e-4471-be12-8625c8425161: 90 ms
Input: 1050000,
Cold Start: false
Unique ID: 086c5c49-d2f3-405a-8809-40e1bdb0d598,
Billed Duration for Request 086c5c49-d2f3-405a-8809-40e1bdb0d598: 104 ms
Input: 1050000,
Cold Start: false
Unique ID: 66ca995f-1b8f-43f5-a7ed-a34380aae1c5,
Billed Duration for Request 66ca995f-1b8f-43f5-a7ed-a34380aae1c5: 90 ms
Input: 1050000,
Cold Start: false
Unique ID: a9539584-1eb7-4e4a-878b-c33c6c3a0ab5,
Billed Duration for Request a9539584-1eb7-4e4a-878b-c33c6c3a0ab5: 94 ms
Input: 1050000,
Cold Start: false
Unique ID: 6c5b8541-d570-41a2-808b-b465db7de970,
Billed Duration for Request 6c5b8541-d570-41a2-808b-b465db7de970: 91 ms
Input: 1050000,
Cold Start: false
Unique ID: 899d2a1e-6d14-4438-848d-f1c1f7a8caa3,
Billed Duration for Request 899d2a1e-6d14-4438-848d-f1c1f7a8caa3: 99 ms
Input: 1050000,
Cold Start: false
Unique ID: 2ca881db-3c64-41e8-83f7-f3aa48b6a03f,
Billed Duration for Request 2ca881db-3c64-41e8-83f7-f3aa48b6a03f: 90 ms
Input: 1050000,
Cold Start: false
Unique ID: 247fb750-4005-4f97-8d82-5609edc27e00,
Billed Duration for Request 247fb750-4005-4f97-8d82-5609edc27e00: 104 ms
Input: 1050000,
Cold Start: false
Unique ID: 92d3c28a-0638-408e-890e-c45ee8aeb118,
Billed Duration for Request 92d3c28a-0638-408e-890e-c45ee8aeb118: 90 ms
Input: 1050000,
Cold Start: false
Unique ID: b1fa937d-4ecb-4e28-919f-2bb401c50828,
Billed Duration for Request b1fa937d-4ecb-4e28-919f-2bb401c50828: 108 ms
Input: 1050000,
Cold Start: false
Unique ID: fdb9eaf0-1b21-4a18-80c8-82ce6769b28a,
Billed Duration for Request fdb9eaf0-1b21-4a18-80c8-82ce6769b28a: 125 ms
Input: 1050000,
Cold Start: false
Unique ID: 0de9554b-646c-4b93-bcda-b182bdea5edc,
Billed Duration for Request 0de9554b-646c-4b93-bcda-b182bdea5edc: 95 ms
Input: 1050000,
Cold Start: false
Unique ID: 4f08b17e-67ed-4a3e-9735-827ac1749ea6,
Billed Duration for Request 4f08b17e-67ed-4a3e-9735-827ac1749ea6: 107 ms
Input: 1050000,
Cold Start: false
Unique ID: 8f52c29f-a699-4a7a-b03e-aea29a00dddf,
Billed Duration for Request 8f52c29f-a699-4a7a-b03e-aea29a00dddf: 95 ms
Input: 1050000,
Cold Start: false
Unique ID: 12182532-e8f8-4d8a-be23-71a5818b178d,
Billed Duration for Request 12182532-e8f8-4d8a-be23-71a5818b178d: 104 ms
Input: 1050000,
Cold Start: false
Unique ID: 66e56736-9d5b-4704-911e-9df650c01a54,
Billed Duration for Request 66e56736-9d5b-4704-911e-9df650c01a54: 95 ms
Input: 1050000,
Cold Start: false
Unique ID: 7bd89846-9463-40b5-a50e-7d9189948d4b,
Billed Duration for Request 7bd89846-9463-40b5-a50e-7d9189948d4b: 95 ms
Input: 1050000,
Cold Start: false
Unique ID: 52ce2026-bb70-4371-915e-d994884dec73,
Billed Duration for Request 52ce2026-bb70-4371-915e-d994884dec73: 99 ms
Input: 1050000,
Cold Start: false
Unique ID: f23d8585-efe3-4753-90b1-a4d2b4091057,
Billed Duration for Request f23d8585-efe3-4753-90b1-a4d2b4091057: 108 ms
Input: 1050000,
Cold Start: false
Unique ID: 50d5291e-849f-4105-ba72-c6903bef605e,
Billed Duration for Request 50d5291e-849f-4105-ba72-c6903bef605e: 112 ms
Input: 1050000,
Cold Start: false
Unique ID: 90a53164-576e-4030-a02f-7c52f8acc3a2,
Billed Duration for Request 90a53164-576e-4030-a02f-7c52f8acc3a2: 95 ms
Input: 1050000,
Cold Start: false
Unique ID: b6f18783-8362-4411-a77f-802526e263f5,
Billed Duration for Request b6f18783-8362-4411-a77f-802526e263f5: 108 ms
Input: 1050000,
Cold Start: false
Unique ID: 2ee3b730-64ea-4794-8131-0259b8937e08,
Billed Duration for Request 2ee3b730-64ea-4794-8131-0259b8937e08: 95 ms
Input: 1050000,
Cold Start: false
Unique ID: 515d35c4-87d9-4a91-a82d-f1c88bc12cd5,
Billed Duration for Request 515d35c4-87d9-4a91-a82d-f1c88bc12cd5: 107 ms
Input: 1050000,
Cold Start: false
Unique ID: 8a894604-79be-41e7-81e3-c06e65db7a34,
Billed Duration for Request 8a894604-79be-41e7-81e3-c06e65db7a34: 95 ms
Input: 1050000,
Cold Start: false
Unique ID: a9b4784c-0cec-4a9b-b101-f4e5cda5d2f6,
Billed Duration for Request a9b4784c-0cec-4a9b-b101-f4e5cda5d2f6: 95 ms
Input: 1050000,
Cold Start: false
Unique ID: 6e185f74-2798-4ddd-bf3d-c474fd714f9e,
Billed Duration for Request 6e185f74-2798-4ddd-bf3d-c474fd714f9e: 107 ms
Input: 1050000,
Cold Start: false
Unique ID: 2e8fcb0b-cb9c-43fb-96c8-9377e60d70d6,
Billed Duration for Request 2e8fcb0b-cb9c-43fb-96c8-9377e60d70d6: 103 ms
Input: 1050000,
Cold Start: false
Unique ID: 59df222a-3a79-408d-a4a3-6e6970026769,
Billed Duration for Request 59df222a-3a79-408d-a4a3-6e6970026769: 102 ms
Input: 1050000,
Cold Start: false
Unique ID: d8a80a6a-8e66-4798-ba2f-60aab0833756,
Billed Duration for Request d8a80a6a-8e66-4798-ba2f-60aab0833756: 95 ms
Input: 1050000,
Cold Start: false
Unique ID: 7493dbb2-2f99-4c5d-bc4c-5ca4624e5e7c,
Billed Duration for Request 7493dbb2-2f99-4c5d-bc4c-5ca4624e5e7c: 99 ms
Input: 1050000,
Cold Start: false
Unique ID: 263ffcb0-842d-4d42-80b4-0deccf31b3ce,
Billed Duration for Request 263ffcb0-842d-4d42-80b4-0deccf31b3ce: 104 ms
Input: 1050000,
Cold Start: false
Unique ID: 052ba77f-fc16-48bd-8a06-de0bd4de9314,
Billed Duration for Request 052ba77f-fc16-48bd-8a06-de0bd4de9314: 99 ms
Input: 1050000,
Cold Start: false
Unique ID: 415da4f0-0340-47af-bdc5-519f57a7ef56,
Billed Duration for Request 415da4f0-0340-47af-bdc5-519f57a7ef56: 95 ms
Input: 1050000,
Cold Start: false
Unique ID: d395f174-a935-44c7-b4be-b8114c630eaf,
Billed Duration for Request d395f174-a935-44c7-b4be-b8114c630eaf: 107 ms
Input: 1050000,
Cold Start: false
Unique ID: 98f52bde-d27b-4e03-9e25-0d375fb79c32,
Billed Duration for Request 98f52bde-d27b-4e03-9e25-0d375fb79c32: 107 ms
Input: 1050000,
Cold Start: false
Unique ID: 08caf6c8-37aa-42fd-98f4-9ae92965111e,
Billed Duration for Request 08caf6c8-37aa-42fd-98f4-9ae92965111e: 94 ms
Input: 1050000,
Cold Start: false
Unique ID: a26b5209-3e7c-4155-8682-7266353cc71d,
Billed Duration for Request a26b5209-3e7c-4155-8682-7266353cc71d: 90 ms
Input: 1050000,
Cold Start: false
Unique ID: b33bcc24-fa0e-45a1-88fb-ee955fd8bbbd,
Billed Duration for Request b33bcc24-fa0e-45a1-88fb-ee955fd8bbbd: 94 ms
Input: 1050000,
Cold Start: false
Unique ID: bd273787-747d-4622-9588-76c3f2794efa,
Billed Duration for Request bd273787-747d-4622-9588-76c3f2794efa: 94 ms
Input: 1050000,
Cold Start: false
Unique ID: 906a5e0e-e9f5-43a6-8024-2bb30804d505,
Billed Duration for Request 906a5e0e-e9f5-43a6-8024-2bb30804d505: 94 ms
Input: 1050000,
Cold Start: false
Unique ID: 88cb5b27-0397-432f-b74f-f4dec90b660c,
Billed Duration for Request 88cb5b27-0397-432f-b74f-f4dec90b660c: 107 ms
Input: 1050000,
Cold Start: false
Unique ID: 6192e218-df64-4a33-b410-fd9b4c42e05e,
Billed Duration for Request 6192e218-df64-4a33-b410-fd9b4c42e05e: 94 ms
Input: 1050000,
Cold Start: false
Unique ID: 44b63762-47b7-49a9-a1b1-715d79f3e062,
Billed Duration for Request 44b63762-47b7-49a9-a1b1-715d79f3e062: 94 ms
Input: 1050000,
Cold Start: false
Unique ID: d695c65c-4b7d-4191-bea9-e93135f37eea,
Billed Duration for Request d695c65c-4b7d-4191-bea9-e93135f37eea: 94 ms
Input: 1050000,
Cold Start: false
Unique ID: 68310927-a946-4c10-8269-130c0f11fca8,
Billed Duration for Request 68310927-a946-4c10-8269-130c0f11fca8: 94 ms
Input: 1050000,
Cold Start: false
Unique ID: 64cacf73-6f79-488c-b607-320fbaa83616,
Billed Duration for Request 64cacf73-6f79-488c-b607-320fbaa83616: 94 ms
Input: 1050000,
Cold Start: false
Unique ID: d1e10f4a-969a-4bfa-8127-b54e8065c969,
Billed Duration for Request d1e10f4a-969a-4bfa-8127-b54e8065c969: 94 ms
Input: 1050000,
Cold Start: false
Unique ID: 0927cfae-fe6b-48f0-8cb0-5fcae5795a12,
Billed Duration for Request 0927cfae-fe6b-48f0-8cb0-5fcae5795a12: 94 ms
Input: 1050000,
Cold Start: false
Unique ID: 9ac79c60-56ed-4810-a7d2-dd0cbbe71380,
Billed Duration for Request 9ac79c60-56ed-4810-a7d2-dd0cbbe71380: 94 ms
Input: 1050000,
Cold Start: false
Unique ID: 2c37ee19-7e44-4791-9eca-69baaabde8c1,
Billed Duration for Request 2c37ee19-7e44-4791-9eca-69baaabde8c1: 94 ms
Input: 1050000,
Cold Start: false
Unique ID: 82ef65cc-f510-400b-b490-b872a191caf5,
Billed Duration for Request 82ef65cc-f510-400b-b490-b872a191caf5: 94 ms
Input: 1050000,
Cold Start: false
Unique ID: fc8d5d57-7302-44b4-b010-b0f363909893,
Billed Duration for Request fc8d5d57-7302-44b4-b010-b0f363909893: 103 ms
Input: 1050000,
Cold Start: false
Unique ID: a3739d1c-6328-4a19-b38c-ac78aa966429,
Billed Duration for Request a3739d1c-6328-4a19-b38c-ac78aa966429: 90 ms
Input: 1050000,
Cold Start: false
Unique ID: 8b321e7b-5524-445e-aa6d-0ba6f808a77e,
Billed Duration for Request 8b321e7b-5524-445e-aa6d-0ba6f808a77e: 94 ms
Input: 1050000,
Cold Start: false
Unique ID: c7898197-8b69-4953-b28e-956f00bcd725,
Billed Duration for Request c7898197-8b69-4953-b28e-956f00bcd725: 90 ms
Input: 1050000,
Cold Start: false
Unique ID: 03664909-c5e4-4f07-b93e-8be090ce6e01,
Billed Duration for Request 03664909-c5e4-4f07-b93e-8be090ce6e01: 94 ms
Input: 1050000,
Cold Start: false
Unique ID: 044d515f-9b84-4ff7-a613-ccd605d22b50,
Billed Duration for Request 044d515f-9b84-4ff7-a613-ccd605d22b50: 94 ms
Input: 1050000,
Cold Start: false
Unique ID: fe95d476-3d24-4a3d-868c-ddca734a6a25,
Billed Duration for Request fe95d476-3d24-4a3d-868c-ddca734a6a25: 94 ms
Input: 1050000,
Cold Start: false
Unique ID: 1c92e7df-a893-4d76-ae26-384ec2c3554c,
Billed Duration for Request 1c92e7df-a893-4d76-ae26-384ec2c3554c: 98 ms
Input: 1050000,
Cold Start: false
Unique ID: 8dd839fb-f7bb-49ba-b598-516eea1b0268,
Billed Duration for Request 8dd839fb-f7bb-49ba-b598-516eea1b0268: 129 ms
Input: 1050000,
Cold Start: false
Unique ID: 59cbcd02-28d5-470c-bf89-9220cf4d3b6e,
Billed Duration for Request 59cbcd02-28d5-470c-bf89-9220cf4d3b6e: 95 ms
Input: 1050000,
Cold Start: false
Unique ID: 72218df7-f75b-46a9-8ad5-03d2602bc762,
Billed Duration for Request 72218df7-f75b-46a9-8ad5-03d2602bc762: 106 ms
Input: 1050000,
Cold Start: false
Unique ID: e81c45ff-a105-4b72-aa82-882e2823be26,
Billed Duration for Request e81c45ff-a105-4b72-aa82-882e2823be26: 108 ms
Input: 1050000,
Cold Start: false
Unique ID: 9aa3caf6-3081-4547-8cd0-f6241a7bf7b8,
Billed Duration for Request 9aa3caf6-3081-4547-8cd0-f6241a7bf7b8: 107 ms
Input: 1050000,
Cold Start: false
Unique ID: 8dbfe9a7-4657-4a8e-a7f8-571503fbe87f,
Billed Duration for Request 8dbfe9a7-4657-4a8e-a7f8-571503fbe87f: 94 ms
Input: 1050000,
Cold Start: false
Unique ID: decd7b08-5e28-4cbd-8129-888c932602cd,
Billed Duration for Request decd7b08-5e28-4cbd-8129-888c932602cd: 95 ms
Input: 1050000,
Cold Start: false
Unique ID: 7cae0f87-545c-4159-9e99-665f68ab0355,
Billed Duration for Request 7cae0f87-545c-4159-9e99-665f68ab0355: 91 ms
Input: 1050000,
Cold Start: false
Unique ID: ff41c5ae-5e70-4127-8474-2e940df0941b,
Billed Duration for Request ff41c5ae-5e70-4127-8474-2e940df0941b: 107 ms
Input: 1050000,
Cold Start: false
Unique ID: f360bcad-8450-490a-b8ae-5192be5589aa,
Billed Duration for Request f360bcad-8450-490a-b8ae-5192be5589aa: 99 ms
Input: 1050000,
Cold Start: false
Unique ID: 9d41ea0b-e823-4a06-bb10-30468d75da45,
Billed Duration for Request 9d41ea0b-e823-4a06-bb10-30468d75da45: 107 ms
Input: 1050000,
Cold Start: false
Unique ID: 09154f06-eaff-484f-98e4-978522f392f2,
Billed Duration for Request 09154f06-eaff-484f-98e4-978522f392f2: 99 ms
Input: 1050000,
Cold Start: false
Unique ID: bc8b7c29-3938-4a6d-8895-30aeea3b3f40,
Billed Duration for Request bc8b7c29-3938-4a6d-8895-30aeea3b3f40: 95 ms
Input: 1050000,
Cold Start: false
Unique ID: 18392a0e-4119-43d6-b6b1-e3eb0ca518c6,
Billed Duration for Request 18392a0e-4119-43d6-b6b1-e3eb0ca518c6: 91 ms
Input: 1050000,
Cold Start: false
Unique ID: f92249c4-536b-45a1-b685-fd185f3a0c16,
Billed Duration for Request f92249c4-536b-45a1-b685-fd185f3a0c16: 107 ms
Input: 1050000,
Cold Start: false
Unique ID: 0730dbbf-b4df-44a9-a83e-fc492fe4fcc1,
Billed Duration for Request 0730dbbf-b4df-44a9-a83e-fc492fe4fcc1: 107 ms
Input: 1050000,
Cold Start: false
Unique ID: 36e38095-a2d4-4fd9-9662-7594ac4ff5e1,
Billed Duration for Request 36e38095-a2d4-4fd9-9662-7594ac4ff5e1: 95 ms
Input: 1050000,
Cold Start: false
Unique ID: 528b7812-d769-4001-a052-232ee7aa0256,
Billed Duration for Request 528b7812-d769-4001-a052-232ee7aa0256: 107 ms
Input: 1050000,
Cold Start: false
Unique ID: 186a2742-b8e0-4068-92b0-5d342d45a1fb,
Billed Duration for Request 186a2742-b8e0-4068-92b0-5d342d45a1fb: 94 ms
Input: 1050000,
Cold Start: false
Unique ID: 2470ef31-4c9b-4c88-a3a5-77090382ec73,
Billed Duration for Request 2470ef31-4c9b-4c88-a3a5-77090382ec73: 103 ms
Input: 1050000,
Cold Start: false
Unique ID: 7023679e-4dba-4290-abe4-0666149c15b5,
Billed Duration for Request 7023679e-4dba-4290-abe4-0666149c15b5: 107 ms
Input: 1050000,
Cold Start: false
Unique ID: 175f6b83-31bf-4f93-a730-7a919b0896f4,
Billed Duration for Request 175f6b83-31bf-4f93-a730-7a919b0896f4: 108 ms
Input: 1050000,
Cold Start: false
Unique ID: 95caa26d-0d2e-4e40-bbf4-32c6e67d7b4b,
Billed Duration for Request 95caa26d-0d2e-4e40-bbf4-32c6e67d7b4b: 104 ms
Input: 1050000,
Cold Start: false
Unique ID: a52a1717-37c5-4d04-9403-db7bfd31b5a9,
Billed Duration for Request a52a1717-37c5-4d04-9403-db7bfd31b5a9: 103 ms
Input: 1050000,
Cold Start: false
Unique ID: 5952af61-27ea-417a-b95a-f508000d850d,
Billed Duration for Request 5952af61-27ea-417a-b95a-f508000d850d: 108 ms
Input: 1050000,
Cold Start: false
Unique ID: 38bcbe9f-4ba1-4dac-82c4-2ed4165238d3,
Billed Duration for Request 38bcbe9f-4ba1-4dac-82c4-2ed4165238d3: 94 ms
Input: 1050000,
Cold Start: false
Unique ID: 0d947dda-31c2-4e4b-b675-fa5b99411caa,
Billed Duration for Request 0d947dda-31c2-4e4b-b675-fa5b99411caa: 91 ms
Input: 1050000,
Cold Start: false
Unique ID: d1b9648b-c00d-4574-84ff-c17abb3e6a8f,
Billed Duration for Request d1b9648b-c00d-4574-84ff-c17abb3e6a8f: 95 ms
Input: 1050000,
Cold Start: false
Unique ID: bc8e9324-10b9-4a0c-8fa0-2ab9f665ed22,
Billed Duration for Request bc8e9324-10b9-4a0c-8fa0-2ab9f665ed22: 95 ms
Input: 1050000,
Cold Start: false
Unique ID: e43bff01-c199-4da0-a3ac-3a6e1e3e1ead,
Billed Duration for Request e43bff01-c199-4da0-a3ac-3a6e1e3e1ead: 95 ms
Input: 1050000,
Cold Start: false
Unique ID: fb2e6815-88e0-457a-8f66-945022d9027f,
Billed Duration for Request fb2e6815-88e0-457a-8f66-945022d9027f: 95 ms
Input: 1050000,
Cold Start: false
Unique ID: 6d76f019-5587-4101-8662-ab78e2557462,
Billed Duration for Request 6d76f019-5587-4101-8662-ab78e2557462: 103 ms
Input: 1050000,
Cold Start: false
Unique ID: 4f202e22-ae80-4706-b059-1ee003411690,
Billed Duration for Request 4f202e22-ae80-4706-b059-1ee003411690: 107 ms
Input: 1050000,
Cold Start: false
Unique ID: 6b34f9af-a77e-425b-bbbc-d9fc4c244222,
Billed Duration for Request 6b34f9af-a77e-425b-bbbc-d9fc4c244222: 94 ms
Input: 1050000,
Cold Start: false
Unique ID: 5a6ac006-ba9f-4a57-849f-9f38b824d185,
Billed Duration for Request 5a6ac006-ba9f-4a57-849f-9f38b824d185: 108 ms
Input: 1050000,
Cold Start: false
Unique ID: cdb18986-3a2a-4640-b03b-c629ba4668f0,
Billed Duration for Request cdb18986-3a2a-4640-b03b-c629ba4668f0: 104 ms
Input: 1050000,
Cold Start: false
Unique ID: 2b45e950-12bb-439c-9898-84edb437db9e,
Billed Duration for Request 2b45e950-12bb-439c-9898-84edb437db9e: 94 ms
Input: 1050000,
Cold Start: false
Unique ID: 83376200-9c34-431b-98b7-e3561c527cac,
Billed Duration for Request 83376200-9c34-431b-98b7-e3561c527cac: 94 ms
Input: 1050000,
Cold Start: false
Unique ID: b7eca621-ea1a-43e2-a65e-fe57fe78b4de,
Billed Duration for Request b7eca621-ea1a-43e2-a65e-fe57fe78b4de: 108 ms
Input: 1050000,
Cold Start: false
Unique ID: 2f8fecc8-344b-4ebe-9d9a-0d9be569fbb5,
Billed Duration for Request 2f8fecc8-344b-4ebe-9d9a-0d9be569fbb5: 90 ms
Input: 1050000,
Cold Start: false
Unique ID: bcdc210e-0cb8-4737-a0d4-a0566a5e5be2,
Billed Duration for Request bcdc210e-0cb8-4737-a0d4-a0566a5e5be2: 90 ms
Input: 1050000,
Cold Start: false
Unique ID: 3e2dc530-9b22-4550-8bf9-f2a1f4e42a11,
Billed Duration for Request 3e2dc530-9b22-4550-8bf9-f2a1f4e42a11: 98 ms
Input: 1050000,
Cold Start: false
Unique ID: 115f2aae-139e-4862-a3af-2d8bcd80866f,
Billed Duration for Request 115f2aae-139e-4862-a3af-2d8bcd80866f: 95 ms
Input: 1050000,
Cold Start: false
Unique ID: 874dece7-0d03-4fce-94bb-dffaa096f182,
Billed Duration for Request 874dece7-0d03-4fce-94bb-dffaa096f182: 94 ms
Input: 1050000,
Cold Start: false
Unique ID: 650884ce-9855-4644-aaa9-66b043240201,
Billed Duration for Request 650884ce-9855-4644-aaa9-66b043240201: 98 ms
Input: 1050000,
Cold Start: false
Unique ID: 5151913b-e0e0-408a-a99a-e2ae998bdae2,
Billed Duration for Request 5151913b-e0e0-408a-a99a-e2ae998bdae2: 94 ms
Input: 1050000,
Cold Start: false
Unique ID: 209882ca-3ab5-4c06-81e5-3894d5beff01,
Billed Duration for Request 209882ca-3ab5-4c06-81e5-3894d5beff01: 94 ms
Input: 1050000,
Cold Start: false
Unique ID: 0f609bb5-9a00-4613-9521-ed1e0d367094,
Billed Duration for Request 0f609bb5-9a00-4613-9521-ed1e0d367094: 94 ms
Input: 1050000,
Cold Start: false
Unique ID: de251972-6598-4a70-8df5-0d95bdd776ba,
Billed Duration for Request de251972-6598-4a70-8df5-0d95bdd776ba: 90 ms
Input: 1050000,
Cold Start: false
Unique ID: 33eab788-fc79-4e5e-a0df-cf37976c09ad,
Billed Duration for Request 33eab788-fc79-4e5e-a0df-cf37976c09ad: 102 ms
Input: 1050000,
Cold Start: false
Unique ID: c3e48bf6-3934-4bdd-ae94-47b66e132dd2,
Billed Duration for Request c3e48bf6-3934-4bdd-ae94-47b66e132dd2: 128 ms
Input: 1050000,
Cold Start: false
Unique ID: c423d8a0-e41b-4c05-b238-e5906c339ee1,
Billed Duration for Request c423d8a0-e41b-4c05-b238-e5906c339ee1: 107 ms
Input: 1050000,
Cold Start: false
Unique ID: a74e3dbc-3d11-4ad5-896b-6a74d5e723a7,
Billed Duration for Request a74e3dbc-3d11-4ad5-896b-6a74d5e723a7: 107 ms
Input: 1050000,
Cold Start: false
Unique ID: 31bd0d14-8819-46b2-ad94-8140a568eff9,
Billed Duration for Request 31bd0d14-8819-46b2-ad94-8140a568eff9: 106 ms
Input: 1050000,
Cold Start: false
Unique ID: bb62873b-a7bc-49a8-8dcc-7e677d22ac28,
Billed Duration for Request bb62873b-a7bc-49a8-8dcc-7e677d22ac28: 107 ms
Input: 1050000,
Cold Start: false
Unique ID: 9a59c57c-4926-4ac0-af04-46afa79e799c,
Billed Duration for Request 9a59c57c-4926-4ac0-af04-46afa79e799c: 95 ms
Input: 1050000,
Cold Start: false
Unique ID: 8e628d5c-8a8d-4c08-aebe-35a8abceb717,
Billed Duration for Request 8e628d5c-8a8d-4c08-aebe-35a8abceb717: 94 ms
Input: 1050000,
Cold Start: false
Unique ID: b17053ce-d498-49ac-be90-88c334b269ab,
Billed Duration for Request b17053ce-d498-49ac-be90-88c334b269ab: 108 ms
Input: 1050000,
Cold Start: false
Unique ID: 1d255f87-9698-4ea0-8a0f-c1dc167e28ca,
Billed Duration for Request 1d255f87-9698-4ea0-8a0f-c1dc167e28ca: 94 ms
Input: 1050000,
Cold Start: false
Unique ID: 115c52a2-0213-499c-9030-0a47ff53d18f,
Billed Duration for Request 115c52a2-0213-499c-9030-0a47ff53d18f: 95 ms
Input: 1050000,
Cold Start: false
Unique ID: fa80310a-3954-44b3-8a8a-efacd7203833,
Billed Duration for Request fa80310a-3954-44b3-8a8a-efacd7203833: 91 ms
Input: 1050000,
Cold Start: false
Unique ID: 2c73e0e1-9c21-469b-87b9-d233ad5b1151,
Billed Duration for Request 2c73e0e1-9c21-469b-87b9-d233ad5b1151: 95 ms
Input: 1050000,
Cold Start: false
Unique ID: e4a2f2b4-88fa-43d7-b718-4a1cedea1129,
Billed Duration for Request e4a2f2b4-88fa-43d7-b718-4a1cedea1129: 94 ms
Input: 1050000,
Cold Start: false
Unique ID: 141622dd-92a8-44eb-94bf-20d254f89544,
Billed Duration for Request 141622dd-92a8-44eb-94bf-20d254f89544: 108 ms
Input: 1050000,
Cold Start: false
Unique ID: a51e49cb-ea5b-45e0-9959-ae2f461829c4,
Billed Duration for Request a51e49cb-ea5b-45e0-9959-ae2f461829c4: 90 ms
Input: 1050000,
Cold Start: false
Unique ID: f7d4a887-8778-43cd-8651-c51840cb1c04,
Billed Duration for Request f7d4a887-8778-43cd-8651-c51840cb1c04: 95 ms
Input: 1050000,
Cold Start: false
Unique ID: fdbb952b-e16a-4652-861d-93cac20bdf40,
Billed Duration for Request fdbb952b-e16a-4652-861d-93cac20bdf40: 94 ms
Input: 1050000,
Cold Start: false
Unique ID: 3574b87b-6227-45bc-a59a-5aaf8e1be78d,
Billed Duration for Request 3574b87b-6227-45bc-a59a-5aaf8e1be78d: 95 ms
Input: 1050000,
Cold Start: false
Unique ID: ed40a3c4-20b0-4644-9a15-efa2828efc46,
Billed Duration for Request ed40a3c4-20b0-4644-9a15-efa2828efc46: 107 ms
Input: 1050000,
Cold Start: false
Unique ID: 6383dfad-eeac-4041-87bd-5a3b7975bd6c,
Billed Duration for Request 6383dfad-eeac-4041-87bd-5a3b7975bd6c: 106 ms
Input: 1050000,
Cold Start: false
Unique ID: 56b690c5-94bb-4ab4-a07c-1a1a4c7b714a,
Billed Duration for Request 56b690c5-94bb-4ab4-a07c-1a1a4c7b714a: 94 ms
Input: 1050000,
Cold Start: false
Unique ID: a4d09ac9-ac06-4642-af2e-cacb93519872,
Billed Duration for Request a4d09ac9-ac06-4642-af2e-cacb93519872: 99 ms
Input: 1050000,
Cold Start: false
Unique ID: 3fbd1061-3313-4e5f-bdf3-86e3d0447d1d,
Billed Duration for Request 3fbd1061-3313-4e5f-bdf3-86e3d0447d1d: 94 ms
Input: 1050000,
Cold Start: false
Unique ID: 66f86041-963f-460d-80c7-aed38366aef0,
Billed Duration for Request 66f86041-963f-460d-80c7-aed38366aef0: 94 ms
Input: 1050000,
Cold Start: false
Unique ID: 66918684-7aa5-46a2-b2e4-70b246cf84e1,
Billed Duration for Request 66918684-7aa5-46a2-b2e4-70b246cf84e1: 94 ms
Input: 1050000,
Cold Start: false
Unique ID: 3c2ec677-f5b9-44d4-ae17-020babeebbb6,
Billed Duration for Request 3c2ec677-f5b9-44d4-ae17-020babeebbb6: 94 ms
Input: 1050000,
Cold Start: false
Unique ID: d39b36e4-4fa6-426a-b972-cbd7295afdcb,
Billed Duration for Request d39b36e4-4fa6-426a-b972-cbd7295afdcb: 105 ms
Input: 1050000,
Cold Start: false
Unique ID: e05fbdf2-eaa3-479b-bd79-8de1ebc8e0e9,
Billed Duration for Request e05fbdf2-eaa3-479b-bd79-8de1ebc8e0e9: 95 ms
Input: 1050000,
Cold Start: false
Unique ID: e461dc3c-fb91-4018-bb7b-114469e6be3c,
Billed Duration for Request e461dc3c-fb91-4018-bb7b-114469e6be3c: 99 ms
Input: 1050000,
Cold Start: false
Unique ID: dabb6d62-d28f-4ebd-8030-4cbdb2a9be59,
Billed Duration for Request dabb6d62-d28f-4ebd-8030-4cbdb2a9be59: 99 ms
Input: 1050000,
Cold Start: false
Unique ID: b6966ef9-4fed-45b2-babd-4581dfb7e87c,
Billed Duration for Request b6966ef9-4fed-45b2-babd-4581dfb7e87c: 95 ms
Input: 1050000,
Cold Start: false
Unique ID: ac630d01-ae76-48f5-87c9-2c54c8593917,
Billed Duration for Request ac630d01-ae76-48f5-87c9-2c54c8593917: 108 ms
Input: 1050000,
Cold Start: false
Unique ID: 342821ba-4cdc-4c23-bea3-d62fc80efda2,
Billed Duration for Request 342821ba-4cdc-4c23-bea3-d62fc80efda2: 95 ms
Input: 1050000,
Cold Start: false
Unique ID: 3e54b911-f6ca-442c-92c1-27565eb5ee33,
Billed Duration for Request 3e54b911-f6ca-442c-92c1-27565eb5ee33: 95 ms
Input: 1050000,
Cold Start: false
Unique ID: f5f36d85-f4f5-4e07-afed-a61471e77a1b,
Billed Duration for Request f5f36d85-f4f5-4e07-afed-a61471e77a1b: 95 ms
Input: 1050000,
Cold Start: false
Unique ID: 83e07803-ac1e-4ed3-8248-c3bcc7bb3baf,
Billed Duration for Request 83e07803-ac1e-4ed3-8248-c3bcc7bb3baf: 90 ms
Input: 1050000,
Cold Start: false
Unique ID: 9a08a9cc-d701-420d-9b20-2b8cc81f6a58,
Billed Duration for Request 9a08a9cc-d701-420d-9b20-2b8cc81f6a58: 94 ms
Input: 1050000,
Cold Start: false
Unique ID: 55cc5d08-a071-4ac3-95eb-33e8fe84c2f4,
Billed Duration for Request 55cc5d08-a071-4ac3-95eb-33e8fe84c2f4: 93 ms
Input: 1050000,
Cold Start: false
Unique ID: b918a965-7a31-4fbc-ba6b-8b718fef90d9,
Billed Duration for Request b918a965-7a31-4fbc-ba6b-8b718fef90d9: 98 ms
Input: 1050000,
Cold Start: false
Unique ID: 05d629c3-118b-4a3a-8e60-73c725e689e4,
Billed Duration for Request 05d629c3-118b-4a3a-8e60-73c725e689e4: 94 ms
Input: 1050000,
Cold Start: false
Unique ID: cd25cfa4-e6d0-468c-8ffb-e6b8844353e8,
Billed Duration for Request cd25cfa4-e6d0-468c-8ffb-e6b8844353e8: 93 ms
Input: 1050000,
Cold Start: false
Unique ID: 0c3ca050-de45-4f84-8610-da06923baae9,
Billed Duration for Request 0c3ca050-de45-4f84-8610-da06923baae9: 93 ms
Input: 1050000,
Cold Start: false
Unique ID: 7d4be971-8e2c-41db-abb2-21d5c85b5e28,
Billed Duration for Request 7d4be971-8e2c-41db-abb2-21d5c85b5e28: 93 ms
Input: 1050000,
Cold Start: false
Unique ID: e781edf1-5691-4567-b7a3-727d67e573e6,
Billed Duration for Request e781edf1-5691-4567-b7a3-727d67e573e6: 93 ms
Input: 1050000,
Cold Start: false
Unique ID: 9907f7af-0c1c-481a-94be-ef0ec1b9a5a5,
Billed Duration for Request 9907f7af-0c1c-481a-94be-ef0ec1b9a5a5: 93 ms
Input: 1050000,
Cold Start: false
Unique ID: 86dc55f6-a4ea-4d9b-9d3f-ad0a39c3530e,
Billed Duration for Request 86dc55f6-a4ea-4d9b-9d3f-ad0a39c3530e: 106 ms
Input: 1050000,
Cold Start: false
Unique ID: 57309ee1-0c77-444d-ad21-f666ed599e8f,
Billed Duration for Request 57309ee1-0c77-444d-ad21-f666ed599e8f: 94 ms
Input: 1050000,
Cold Start: false
Unique ID: 3b1297cd-5b6c-499c-87f9-41fecec2979d,
Billed Duration for Request 3b1297cd-5b6c-499c-87f9-41fecec2979d: 94 ms
Input: 1050000,
Cold Start: false
Unique ID: ab91b120-d1cc-4422-974f-9ac785a470d7,
Billed Duration for Request ab91b120-d1cc-4422-974f-9ac785a470d7: 97 ms
Input: 1050000,
Cold Start: false
Unique ID: fa2a26c7-bcd2-4adf-9790-4ef15492c75b,
Billed Duration for Request fa2a26c7-bcd2-4adf-9790-4ef15492c75b: 94 ms
Input: 1050000,
Cold Start: false
Unique ID: a257d68a-3531-4840-8902-26301f93d2b1,
Billed Duration for Request a257d68a-3531-4840-8902-26301f93d2b1: 124 ms
Input: 1050000,
Cold Start: false
Unique ID: 6056f554-6a47-4c8d-ae4b-9e1913a43bf7,
Billed Duration for Request 6056f554-6a47-4c8d-ae4b-9e1913a43bf7: 98 ms
Input: 1050000,
Cold Start: false
Unique ID: 6ef9cb25-86fa-4492-958d-40059bc1ba98,
Billed Duration for Request 6ef9cb25-86fa-4492-958d-40059bc1ba98: 107 ms
Input: 1050000,
Cold Start: false
Unique ID: 8b915191-fd96-46d4-ac54-f2782c499994,
Billed Duration for Request 8b915191-fd96-46d4-ac54-f2782c499994: 108 ms
Input: 1050000,
Cold Start: false
Unique ID: 42a34715-9df9-49eb-a6e0-ca96f7161582,
Billed Duration for Request 42a34715-9df9-49eb-a6e0-ca96f7161582: 95 ms
Input: 1050000,
Cold Start: false
Unique ID: 627bc01f-2a02-47bc-aa3b-7344fe9709df,
Billed Duration for Request 627bc01f-2a02-47bc-aa3b-7344fe9709df: 94 ms
Input: 1050000,
Cold Start: false
Unique ID: aae4590f-6178-4b67-ae67-c8941f56a6d0,
Billed Duration for Request aae4590f-6178-4b67-ae67-c8941f56a6d0: 102 ms
Input: 1050000,
Cold Start: false
Unique ID: 6a307898-8150-4fe6-9164-31d1a30bae23,
Billed Duration for Request 6a307898-8150-4fe6-9164-31d1a30bae23: 90 ms
Input: 1050000,
Cold Start: false
Unique ID: 504c8257-564b-49a7-8031-084407948c2a,
Billed Duration for Request 504c8257-564b-49a7-8031-084407948c2a: 94 ms
Input: 1050000,
Cold Start: false
Unique ID: f28183b9-5de8-4c1d-a34f-c287f70bfb82,
Billed Duration for Request f28183b9-5de8-4c1d-a34f-c287f70bfb82: 95 ms
Input: 1050000,
Cold Start: false
Unique ID: 22edd001-1029-4bc0-bcb1-fa9905c69ecb,
Billed Duration for Request 22edd001-1029-4bc0-bcb1-fa9905c69ecb: 99 ms
Input: 1050000,
Cold Start: false
Unique ID: 35357262-73c1-4d5a-9dd2-8309f8b3d261,
Billed Duration for Request 35357262-73c1-4d5a-9dd2-8309f8b3d261: 103 ms
Input: 1050000,
Cold Start: false
Unique ID: 68cc313e-46d7-4c49-bc43-4272628639c9,
Billed Duration for Request 68cc313e-46d7-4c49-bc43-4272628639c9: 123 ms
Input: 1050000,
Cold Start: false
Unique ID: 682f2bf2-7f63-4346-bc0a-d7c08de8610b,
Billed Duration for Request 682f2bf2-7f63-4346-bc0a-d7c08de8610b: 107 ms
Input: 1050000,
Cold Start: false
Unique ID: 251bf4b7-76f9-4710-a5b5-f5df21be5649,
Billed Duration for Request 251bf4b7-76f9-4710-a5b5-f5df21be5649: 107 ms
Input: 1050000,
Cold Start: false
Unique ID: b4e96537-b2d2-40b5-b6c8-0337ce12e92f,
Billed Duration for Request b4e96537-b2d2-40b5-b6c8-0337ce12e92f: 96 ms
Input: 1050000,
Cold Start: false
Unique ID: f3e18876-1439-4bb8-a4ad-a8791d102bb8,
Billed Duration for Request f3e18876-1439-4bb8-a4ad-a8791d102bb8: 99 ms
Input: 1050000,
Cold Start: false
Unique ID: 6dda139d-fca4-46a0-b674-9a051d5f0134,
Billed Duration for Request 6dda139d-fca4-46a0-b674-9a051d5f0134: 94 ms
Input: 1050000,
Cold Start: false
Unique ID: 48b3099e-7858-4c18-8441-3a08799e31a0,
Billed Duration for Request 48b3099e-7858-4c18-8441-3a08799e31a0: 95 ms
Input: 1050000,
Cold Start: false
Unique ID: a464b1ea-1fc6-4eb3-89d1-dea9cdb8ea46,
Billed Duration for Request a464b1ea-1fc6-4eb3-89d1-dea9cdb8ea46: 95 ms
Input: 1050000,
Cold Start: false
Unique ID: 1c14f46e-b9ce-40dd-915f-42ba0b057def,
Billed Duration for Request 1c14f46e-b9ce-40dd-915f-42ba0b057def: 95 ms
Input: 1050000,
Cold Start: false
Unique ID: efe2637e-81b8-4fb7-af53-18baa3853eed,
Billed Duration for Request efe2637e-81b8-4fb7-af53-18baa3853eed: 95 ms
Input: 1050000,
Cold Start: false
Unique ID: bdddf6df-87bf-4d68-b5a1-54ade1905e9e,
Billed Duration for Request bdddf6df-87bf-4d68-b5a1-54ade1905e9e: 95 ms
Input: 1050000,
Cold Start: false
Unique ID: 0056627f-1a35-48ac-853b-2e52cae16436,
Billed Duration for Request 0056627f-1a35-48ac-853b-2e52cae16436: 99 ms
Input: 1050000,
Cold Start: false
Unique ID: 568ec473-a147-4c97-9011-5b54475ac859,
Billed Duration for Request 568ec473-a147-4c97-9011-5b54475ac859: 95 ms
Input: 1050000,
Cold Start: false
Unique ID: 87596def-7740-44a5-a636-dfbe21ea3e40,
Billed Duration for Request 87596def-7740-44a5-a636-dfbe21ea3e40: 94 ms
Input: 1050000,
Cold Start: false
Unique ID: 7f27b43f-8806-4b1a-a37c-87e933bf98ed,
Billed Duration for Request 7f27b43f-8806-4b1a-a37c-87e933bf98ed: 98 ms
Input: 1050000,
Cold Start: false
Unique ID: f0294d14-4232-42af-bc6e-eddcbd2745df,
Billed Duration for Request f0294d14-4232-42af-bc6e-eddcbd2745df: 96 ms
Input: 1050000,
Cold Start: false
Unique ID: 2998f954-8f78-404b-8f2d-202916d2afcd,
Billed Duration for Request 2998f954-8f78-404b-8f2d-202916d2afcd: 94 ms
Input: 1050000,
Cold Start: false
Unique ID: 25988837-1890-4856-a9ca-d559bef90acb,
Billed Duration for Request 25988837-1890-4856-a9ca-d559bef90acb: 95 ms
Input: 1050000,
Cold Start: false
Unique ID: 5de98e6d-c68c-4ae8-9fe8-cbdb7420e4b9,
Billed Duration for Request 5de98e6d-c68c-4ae8-9fe8-cbdb7420e4b9: 94 ms
Input: 1050000,
Cold Start: false
Unique ID: 82517fc7-8c46-43c5-b464-71693e95a30b,
Billed Duration for Request 82517fc7-8c46-43c5-b464-71693e95a30b: 94 ms
Input: 1050000,
Cold Start: false
Unique ID: 7f2971e7-2db3-4487-a8a2-40c94ba11242,
Billed Duration for Request 7f2971e7-2db3-4487-a8a2-40c94ba11242: 98 ms
Input: 1050000,
Cold Start: false
Unique ID: df130e22-11a1-4b50-afaf-a19129c7e397,
Billed Duration for Request df130e22-11a1-4b50-afaf-a19129c7e397: 98 ms
Input: 1050000,
Cold Start: false
Unique ID: 47565f05-5b70-4a3a-9255-3d332ec250ef,
Billed Duration for Request 47565f05-5b70-4a3a-9255-3d332ec250ef: 94 ms
Input: 1050000,
Cold Start: false
Unique ID: 9be37b39-5004-4387-83cd-b50ace5070b4,
Billed Duration for Request 9be37b39-5004-4387-83cd-b50ace5070b4: 94 ms
Input: 1050000,
Cold Start: false
Unique ID: 18d774e0-ad14-4411-b9bf-53136d5a983e,
Billed Duration for Request 18d774e0-ad14-4411-b9bf-53136d5a983e: 109 ms
Input: 1050000,
Cold Start: false
Unique ID: a8b05e76-da5e-4d7b-bda1-3572ece649f0,
Billed Duration for Request a8b05e76-da5e-4d7b-bda1-3572ece649f0: 107 ms
Input: 1050000,
Cold Start: false
Unique ID: 997933b4-fa4c-4173-92b7-adba74b0c8f3,
Billed Duration for Request 997933b4-fa4c-4173-92b7-adba74b0c8f3: 94 ms
Input: 1050000,
Cold Start: false
Unique ID: 321f6870-4507-42c7-bb14-d672c059032a,
Billed Duration for Request 321f6870-4507-42c7-bb14-d672c059032a: 95 ms
Input: 1050000,
Cold Start: false
Unique ID: c1f1c7c8-e1df-4288-b17f-678a5e8ddc80,
Billed Duration for Request c1f1c7c8-e1df-4288-b17f-678a5e8ddc80: 93 ms
Input: 1050000,
Cold Start: false
Unique ID: 53b617dd-df55-4d31-b330-9487caedb68a,
Billed Duration for Request 53b617dd-df55-4d31-b330-9487caedb68a: 93 ms
Input: 1050000,
Cold Start: false
Unique ID: 028dedb9-ad76-40b3-96d4-923ec5e39b3b,
Billed Duration for Request 028dedb9-ad76-40b3-96d4-923ec5e39b3b: 98 ms
Input: 1050000,
Cold Start: false
Unique ID: 834823e8-aaff-4243-b03b-746251ecc007,
Billed Duration for Request 834823e8-aaff-4243-b03b-746251ecc007: 93 ms
Input: 1050000,
Cold Start: false
Unique ID: fdbdbeb5-3e3c-4106-a37c-0328bb6799af,
Billed Duration for Request fdbdbeb5-3e3c-4106-a37c-0328bb6799af: 94 ms
Input: 1050000,
Cold Start: false
Unique ID: 737b27c0-5f7b-4917-be83-2d48ab823df9,
Billed Duration for Request 737b27c0-5f7b-4917-be83-2d48ab823df9: 97 ms
Input: 1050000,
Cold Start: false
Unique ID: 19f2efd8-e717-41f8-a78a-9b97dcba2513,
Billed Duration for Request 19f2efd8-e717-41f8-a78a-9b97dcba2513: 97 ms
Input: 1050000,
Cold Start: false
Unique ID: 678e1ffc-af6c-47ef-8962-c19a53ef83fd,
Billed Duration for Request 678e1ffc-af6c-47ef-8962-c19a53ef83fd: 94 ms
Input: 1050000,
Cold Start: false
Unique ID: c814d9fc-f0da-4821-b0ab-52c2e9f77b00,
Billed Duration for Request c814d9fc-f0da-4821-b0ab-52c2e9f77b00: 94 ms
Input: 1050000,
Cold Start: false
Unique ID: 7c0caba7-250b-45cc-a0a3-f2c37f75d866,
Billed Duration for Request 7c0caba7-250b-45cc-a0a3-f2c37f75d866: 107 ms
Input: 1050000,
Cold Start: false
