Unique ID: fbd2b151-affc-4e88-b341-9dbc3f3b6d72,
Billed Duration for Request fbd2b151-affc-4e88-b341-9dbc3f3b6d72: 2022 ms
Input: 5250000,
Cold Start: false
Unique ID: 445ca35a-4adc-4aa2-939c-a8cab6c8afeb,
Billed Duration for Request 445ca35a-4adc-4aa2-939c-a8cab6c8afeb: 1938 ms
Input: 5250000,
Cold Start: false
Unique ID: 1dff6e28-5109-4816-b4c2-68193ba2acef,
Billed Duration for Request 1dff6e28-5109-4816-b4c2-68193ba2acef: 1923 ms
Input: 5250000,
Cold Start: false
Unique ID: ee678854-9ff9-4a53-8cb5-0bf61e2053c0,
Billed Duration for Request ee678854-9ff9-4a53-8cb5-0bf61e2053c0: 1934 ms
Input: 5250000,
Cold Start: false
Unique ID: bc8c8e0d-b531-4975-9d02-42b3032ff355,
Billed Duration for Request bc8c8e0d-b531-4975-9d02-42b3032ff355: 1911 ms
Input: 5250000,
Cold Start: false
Unique ID: 3978a7f6-43c5-4a39-8f4a-6542931b4860,
Billed Duration for Request 3978a7f6-43c5-4a39-8f4a-6542931b4860: 1872 ms
Input: 5250000,
Cold Start: false
Unique ID: 1b722d79-474c-4033-bfcb-6ebff056ba81,
Billed Duration for Request 1b722d79-474c-4033-bfcb-6ebff056ba81: 1845 ms
Input: 5250000,
Cold Start: false
Unique ID: 524488c0-ef7a-4042-aa6e-b40cf7f1bad8,
Billed Duration for Request 524488c0-ef7a-4042-aa6e-b40cf7f1bad8: 1835 ms
Input: 5250000,
Cold Start: false
Unique ID: 808cfea6-95d1-4bbe-8d25-62c46b0e3f8e,
Billed Duration for Request 808cfea6-95d1-4bbe-8d25-62c46b0e3f8e: 2025 ms
Input: 5250000,
Cold Start: false
Unique ID: ebecd38b-745f-47b7-acf0-09152239b35a,
Billed Duration for Request ebecd38b-745f-47b7-acf0-09152239b35a: 1927 ms
Input: 5250000,
Cold Start: false
Unique ID: 2ee47e18-73b9-4cb6-959a-0c0b3d5e73b0,
Billed Duration for Request 2ee47e18-73b9-4cb6-959a-0c0b3d5e73b0: 1920 ms
Input: 5250000,
Cold Start: false
Unique ID: 189d99c7-85ce-4d40-a339-2d6f7fd3c4b0,
Billed Duration for Request 189d99c7-85ce-4d40-a339-2d6f7fd3c4b0: 1911 ms
Input: 5250000,
Cold Start: false
Unique ID: 06f2f1b3-ff90-462c-9ba7-0b0a9d44c03c,
Billed Duration for Request 06f2f1b3-ff90-462c-9ba7-0b0a9d44c03c: 1913 ms
Input: 5250000,
Cold Start: false
Unique ID: 0012ffb4-f740-406b-aa84-caf602372e90,
Billed Duration for Request 0012ffb4-f740-406b-aa84-caf602372e90: 1893 ms
Input: 5250000,
Cold Start: false
Unique ID: 6bebf91a-610f-4318-b0c4-9ee9531a8f94,
Billed Duration for Request 6bebf91a-610f-4318-b0c4-9ee9531a8f94: 1853 ms
Input: 5250000,
Cold Start: false
Unique ID: 0a404113-576e-4719-8c02-cff0373648a2,
Billed Duration for Request 0a404113-576e-4719-8c02-cff0373648a2: 1832 ms
Input: 5250000,
Cold Start: false
Unique ID: 72335db9-9798-4b35-a47f-c788a709c812,
Billed Duration for Request 72335db9-9798-4b35-a47f-c788a709c812: 1816 ms
Input: 5250000,
Cold Start: false
Unique ID: 3d9bd95a-9dbf-411b-8426-919f0978ed0f,
Billed Duration for Request 3d9bd95a-9dbf-411b-8426-919f0978ed0f: 2001 ms
Input: 5250000,
Cold Start: false
Unique ID: 4e7c0ae1-e8c5-4c0f-8ce0-8b8e0f6b7efb,
Billed Duration for Request 4e7c0ae1-e8c5-4c0f-8ce0-8b8e0f6b7efb: 1929 ms
Input: 5250000,
Cold Start: false
Unique ID: aaadc56e-7cab-4a06-9992-4fee42861f3f,
Billed Duration for Request aaadc56e-7cab-4a06-9992-4fee42861f3f: 2039 ms
Input: 5250000,
Cold Start: false
Unique ID: 4469c790-9ea1-46be-84ad-de933ac09a2f,
Billed Duration for Request 4469c790-9ea1-46be-84ad-de933ac09a2f: 1924 ms
Input: 5250000,
Cold Start: false
Unique ID: 5b5ce0c2-0bc6-4a18-97ba-dc436d5f5d98,
Billed Duration for Request 5b5ce0c2-0bc6-4a18-97ba-dc436d5f5d98: 1895 ms
Input: 5250000,
Cold Start: false
Unique ID: 3058e02d-6192-4192-a05d-235c60e0ad33,
Billed Duration for Request 3058e02d-6192-4192-a05d-235c60e0ad33: 1917 ms
Input: 5250000,
Cold Start: false
Unique ID: 5fbb0afc-18e9-448d-9bac-96162ec8f3c1,
Billed Duration for Request 5fbb0afc-18e9-448d-9bac-96162ec8f3c1: 1907 ms
Input: 5250000,
Cold Start: false
Unique ID: 232eef8d-ea00-4afa-a89e-75c55eb8f36f,
Billed Duration for Request 232eef8d-ea00-4afa-a89e-75c55eb8f36f: 1856 ms
Input: 5250000,
Cold Start: false
Unique ID: 7e9703cc-1836-4c99-a65f-c5a5b9aea545,
Billed Duration for Request 7e9703cc-1836-4c99-a65f-c5a5b9aea545: 1828 ms
Input: 5250000,
Cold Start: false
Unique ID: 670a15ad-3cff-47cd-922b-fbd60b739698,
Billed Duration for Request 670a15ad-3cff-47cd-922b-fbd60b739698: 1817 ms
Input: 5250000,
Cold Start: false
Unique ID: 4285bdaf-1765-45dd-ae7d-4dcd9fabca8e,
Billed Duration for Request 4285bdaf-1765-45dd-ae7d-4dcd9fabca8e: 1915 ms
Input: 5250000,
Cold Start: false
Unique ID: b81a1877-7784-4662-8cf3-0a69d3cfab36,
Billed Duration for Request b81a1877-7784-4662-8cf3-0a69d3cfab36: 1976 ms
Input: 5250000,
Cold Start: false
Unique ID: c6f643b5-f16d-4d44-8566-f2fa5668f63d,
Billed Duration for Request c6f643b5-f16d-4d44-8566-f2fa5668f63d: 1921 ms
Input: 5250000,
Cold Start: false
Unique ID: 6a418f78-e3a0-4dff-b4f3-ebd617c1cf98,
Billed Duration for Request 6a418f78-e3a0-4dff-b4f3-ebd617c1cf98: 1892 ms
Input: 5250000,
Cold Start: false
Unique ID: 6c6f2096-438c-4ce9-adaf-df77e3e8f13a,
Billed Duration for Request 6c6f2096-438c-4ce9-adaf-df77e3e8f13a: 1945 ms
Input: 5250000,
Cold Start: false
Unique ID: 059bbcf7-b667-4fc4-98fb-24df2806ba27,
Billed Duration for Request 059bbcf7-b667-4fc4-98fb-24df2806ba27: 1854 ms
Input: 5250000,
Cold Start: false
Unique ID: 06486ec0-9269-4ec9-8892-777cb533b2d8,
Billed Duration for Request 06486ec0-9269-4ec9-8892-777cb533b2d8: 1827 ms
Input: 5250000,
Cold Start: false
Unique ID: 1eb34274-5a89-45bd-8fdb-fd84de71113f,
Billed Duration for Request 1eb34274-5a89-45bd-8fdb-fd84de71113f: 1814 ms
Input: 5250000,
Cold Start: false
Unique ID: 5b714a0f-175e-4a73-8d80-07e39114bfaa,
Billed Duration for Request 5b714a0f-175e-4a73-8d80-07e39114bfaa: 1909 ms
Input: 5250000,
Cold Start: false
Unique ID: 36bb81e0-d86f-4003-9ce7-cecc9ed9b5b5,
Billed Duration for Request 36bb81e0-d86f-4003-9ce7-cecc9ed9b5b5: 2037 ms
Input: 5250000,
Cold Start: false
Unique ID: d1ba0c4c-ec6f-40cd-b697-63d9d5d111d9,
Billed Duration for Request d1ba0c4c-ec6f-40cd-b697-63d9d5d111d9: 1920 ms
Input: 5250000,
Cold Start: false
Unique ID: 4bb5d02b-ef4c-41a8-a68c-1e40501d6ed0,
Billed Duration for Request 4bb5d02b-ef4c-41a8-a68c-1e40501d6ed0: 1999 ms
Input: 5250000,
Cold Start: false
Unique ID: 81c66305-df13-4250-9ab6-e8caaa7b675b,
Billed Duration for Request 81c66305-df13-4250-9ab6-e8caaa7b675b: 1896 ms
Input: 5250000,
Cold Start: false
Unique ID: 3e56a082-4bb3-4bfc-87da-95d7ce50043b,
Billed Duration for Request 3e56a082-4bb3-4bfc-87da-95d7ce50043b: 1902 ms
Input: 5250000,
Cold Start: false
Unique ID: d67418d9-fe80-4229-88f7-e9ec21e5b8a6,
Billed Duration for Request d67418d9-fe80-4229-88f7-e9ec21e5b8a6: 1926 ms
Input: 5250000,
Cold Start: false
Unique ID: 59a1a377-7c0e-47f5-8ffc-492524b3ebca,
Billed Duration for Request 59a1a377-7c0e-47f5-8ffc-492524b3ebca: 1863 ms
Input: 5250000,
Cold Start: false
Unique ID: d676f6ab-fafd-49f7-9b43-9ed98e4d8cd2,
Billed Duration for Request d676f6ab-fafd-49f7-9b43-9ed98e4d8cd2: 1833 ms
Input: 5250000,
Cold Start: false
Unique ID: 6ce3b7fe-dee7-4422-9afc-6073bcf35bbf,
Billed Duration for Request 6ce3b7fe-dee7-4422-9afc-6073bcf35bbf: 1836 ms
Input: 5250000,
Cold Start: false
Unique ID: 52a9d43f-8664-4d8f-833f-5b452f3848c8,
Billed Duration for Request 52a9d43f-8664-4d8f-833f-5b452f3848c8: 1909 ms
Input: 5250000,
Cold Start: false
Unique ID: 7f2dc155-5865-4fed-a602-d73fbf96957b,
Billed Duration for Request 7f2dc155-5865-4fed-a602-d73fbf96957b: 1953 ms
Input: 5250000,
Cold Start: false
Unique ID: 08b068da-2fdb-4d64-9609-608d497edba2,
Billed Duration for Request 08b068da-2fdb-4d64-9609-608d497edba2: 2039 ms
Input: 5250000,
Cold Start: false
Unique ID: e1fc8921-3983-4ba1-b46b-41f030a1b5b2,
Billed Duration for Request e1fc8921-3983-4ba1-b46b-41f030a1b5b2: 1927 ms
Input: 5250000,
Cold Start: false
Unique ID: d2949f95-0ebf-466e-b141-067bb675270f,
Billed Duration for Request d2949f95-0ebf-466e-b141-067bb675270f: 1914 ms
Input: 5250000,
Cold Start: false
Unique ID: e629e79b-78bc-47e0-9a21-9084a0c1cb7f,
Billed Duration for Request e629e79b-78bc-47e0-9a21-9084a0c1cb7f: 1894 ms
Input: 5250000,
Cold Start: false
Unique ID: f2d7ec67-bef7-41cd-be19-2f625758a9ac,
Billed Duration for Request f2d7ec67-bef7-41cd-be19-2f625758a9ac: 1864 ms
Input: 5250000,
Cold Start: false
Unique ID: 4b720642-9fad-49dd-9b14-f5eab9982993,
Billed Duration for Request 4b720642-9fad-49dd-9b14-f5eab9982993: 1833 ms
Input: 5250000,
Cold Start: false
Unique ID: f1232586-8f4d-4762-ada4-88be193b0a7d,
Billed Duration for Request f1232586-8f4d-4762-ada4-88be193b0a7d: 1836 ms
Input: 5250000,
Cold Start: false
Unique ID: ddd1559d-5620-46e0-b59c-b3629307f4af,
Billed Duration for Request ddd1559d-5620-46e0-b59c-b3629307f4af: 2000 ms
Input: 5250000,
Cold Start: false
Unique ID: 52caee5f-f73d-4417-b659-e86b551f5bce,
Billed Duration for Request 52caee5f-f73d-4417-b659-e86b551f5bce: 1912 ms
Input: 5250000,
Cold Start: false
Unique ID: f9def976-8738-421b-b43f-beabd1295c4d,
Billed Duration for Request f9def976-8738-421b-b43f-beabd1295c4d: 1930 ms
Input: 5250000,
Cold Start: false
Unique ID: 08901789-bc99-462d-b28a-a815c874629b,
Billed Duration for Request 08901789-bc99-462d-b28a-a815c874629b: 1941 ms
Input: 5250000,
Cold Start: false
Unique ID: 44174e1a-0ac2-4586-bd41-d7ac5ec37fc1,
Billed Duration for Request 44174e1a-0ac2-4586-bd41-d7ac5ec37fc1: 1896 ms
Input: 5250000,
Cold Start: false
Unique ID: ddf72779-a8dc-451f-99b4-ab5e629ed299,
Billed Duration for Request ddf72779-a8dc-451f-99b4-ab5e629ed299: 1948 ms
Input: 5250000,
Cold Start: false
Unique ID: 7ab010a4-9a42-4aad-b14f-16d0a78cb19f,
Billed Duration for Request 7ab010a4-9a42-4aad-b14f-16d0a78cb19f: 1864 ms
Input: 5250000,
Cold Start: false
Unique ID: e3e8d91f-b184-444f-aa90-147dac848ad4,
Billed Duration for Request e3e8d91f-b184-444f-aa90-147dac848ad4: 1813 ms
Input: 5250000,
Cold Start: false
Unique ID: c153db2e-49a8-431c-abae-0390dfb5cc0b,
Billed Duration for Request c153db2e-49a8-431c-abae-0390dfb5cc0b: 1839 ms
Input: 5250000,
Cold Start: false
Unique ID: 365bf3ad-a806-4d1e-83fb-180e39eec957,
Billed Duration for Request 365bf3ad-a806-4d1e-83fb-180e39eec957: 2024 ms
Input: 5250000,
Cold Start: false
Unique ID: 3391943b-59fd-4dda-a3b1-9437287743f3,
Billed Duration for Request 3391943b-59fd-4dda-a3b1-9437287743f3: 1922 ms
Input: 5250000,
Cold Start: false
Unique ID: 9d1561b8-d512-467f-a4b6-aa926757daef,
Billed Duration for Request 9d1561b8-d512-467f-a4b6-aa926757daef: 1930 ms
Input: 5250000,
Cold Start: false
Unique ID: e1a4b8dd-7387-4ab4-a36b-1bcfec279fdf,
Billed Duration for Request e1a4b8dd-7387-4ab4-a36b-1bcfec279fdf: 2003 ms
Input: 5250000,
Cold Start: false
Unique ID: 08abf4af-a27b-4b66-ad69-ae9c18345c47,
Billed Duration for Request 08abf4af-a27b-4b66-ad69-ae9c18345c47: 1926 ms
Input: 5250000,
Cold Start: false
Unique ID: 9eb0aeb8-10cf-4ca8-80eb-1197182f5a3e,
Billed Duration for Request 9eb0aeb8-10cf-4ca8-80eb-1197182f5a3e: 1895 ms
Input: 5250000,
Cold Start: false
Unique ID: 9b22e24d-d712-40cb-888d-e33cd4209d7a,
Billed Duration for Request 9b22e24d-d712-40cb-888d-e33cd4209d7a: 1952 ms
Input: 5250000,
Cold Start: false
Unique ID: c77d4519-74e8-4a7b-a715-ffd8acdd9d21,
Billed Duration for Request c77d4519-74e8-4a7b-a715-ffd8acdd9d21: 1855 ms
Input: 5250000,
Cold Start: false
Unique ID: ab08adfe-e9ff-4365-ac52-f888184914b0,
Billed Duration for Request ab08adfe-e9ff-4365-ac52-f888184914b0: 1829 ms
Input: 5250000,
Cold Start: false
Unique ID: 522e6396-cca4-487e-be72-b83afe8217e6,
Billed Duration for Request 522e6396-cca4-487e-be72-b83afe8217e6: 1831 ms
Input: 5250000,
Cold Start: false
Unique ID: f54d7e33-f507-448d-a968-9eca538afd8f,
Billed Duration for Request f54d7e33-f507-448d-a968-9eca538afd8f: 1909 ms
Input: 5250000,
Cold Start: false
Unique ID: 2a472127-e2b9-4c37-9f6f-d847162813f1,
Billed Duration for Request 2a472127-e2b9-4c37-9f6f-d847162813f1: 1915 ms
Input: 5250000,
Cold Start: false
Unique ID: e2ffe5c5-a699-4e86-9ad4-d1d9ec5b0b9e,
Billed Duration for Request e2ffe5c5-a699-4e86-9ad4-d1d9ec5b0b9e: 2023 ms
Input: 5250000,
Cold Start: false
Unique ID: e5977248-7ae3-4ac0-9c9b-64487b7cd264,
Billed Duration for Request e5977248-7ae3-4ac0-9c9b-64487b7cd264: 1907 ms
Input: 5250000,
Cold Start: false
Unique ID: b51d91b6-d7b2-4942-97a4-56a3d2941c35,
Billed Duration for Request b51d91b6-d7b2-4942-97a4-56a3d2941c35: 1914 ms
Input: 5250000,
Cold Start: false
Unique ID: 606fee30-5835-4d91-9042-bcf442c27783,
Billed Duration for Request 606fee30-5835-4d91-9042-bcf442c27783: 1953 ms
Input: 5250000,
Cold Start: false
Unique ID: 58c63c72-86dd-4ebc-8979-6ea77fd53f11,
Billed Duration for Request 58c63c72-86dd-4ebc-8979-6ea77fd53f11: 1878 ms
Input: 5250000,
Cold Start: false
Unique ID: 08ac266a-b18a-449d-bc0f-d7c1523e19c8,
Billed Duration for Request 08ac266a-b18a-449d-bc0f-d7c1523e19c8: 1843 ms
Input: 5250000,
Cold Start: false
Unique ID: ec9d38d4-8809-4268-b4de-8b637e7438df,
Billed Duration for Request ec9d38d4-8809-4268-b4de-8b637e7438df: 1840 ms
Input: 5250000,
Cold Start: false
Unique ID: dfb95aed-68f7-4ffd-b676-56870186e5c1,
Billed Duration for Request dfb95aed-68f7-4ffd-b676-56870186e5c1: 1985 ms
Input: 5250000,
Cold Start: false
Unique ID: 89606990-e237-488f-ac53-0c7a475988e0,
Billed Duration for Request 89606990-e237-488f-ac53-0c7a475988e0: 1925 ms
Input: 5250000,
Cold Start: false
Unique ID: ae205af0-5a02-45b0-8d43-dd438de5536e,
Billed Duration for Request ae205af0-5a02-45b0-8d43-dd438de5536e: 1914 ms
Input: 5250000,
Cold Start: false
Unique ID: 7fb1d964-9d1e-4d5d-b9d3-0f71d90752ed,
Billed Duration for Request 7fb1d964-9d1e-4d5d-b9d3-0f71d90752ed: 1925 ms
Input: 5250000,
Cold Start: false
Unique ID: 63ea7322-b478-452e-bd90-9e63ccac5b30,
Billed Duration for Request 63ea7322-b478-452e-bd90-9e63ccac5b30: 1907 ms
Input: 5250000,
Cold Start: false
Unique ID: 732f3039-be06-460c-bebb-b52e82331e10,
Billed Duration for Request 732f3039-be06-460c-bebb-b52e82331e10: 1908 ms
Input: 5250000,
Cold Start: false
Unique ID: 9612e43d-c25b-4718-81e5-bd3bd35057fe,
Billed Duration for Request 9612e43d-c25b-4718-81e5-bd3bd35057fe: 1858 ms
Input: 5250000,
Cold Start: false
Unique ID: c6f5d5c4-ca1c-4034-ae26-7bfdf884a3f0,
Billed Duration for Request c6f5d5c4-ca1c-4034-ae26-7bfdf884a3f0: 1826 ms
Input: 5250000,
Cold Start: false
Unique ID: d6e158ae-b0ba-4ad4-98c7-5f7a8edf2b00,
Billed Duration for Request d6e158ae-b0ba-4ad4-98c7-5f7a8edf2b00: 1817 ms
Input: 5250000,
Cold Start: false
Unique ID: 06734650-a41e-43e4-b976-04686bc3c209,
Billed Duration for Request 06734650-a41e-43e4-b976-04686bc3c209: 2023 ms
Input: 5250000,
Cold Start: false
Unique ID: f6b5bf74-a6e7-4265-905a-b2e828727cc5,
Billed Duration for Request f6b5bf74-a6e7-4265-905a-b2e828727cc5: 1909 ms
Input: 5250000,
Cold Start: false
Unique ID: 9ce3c2bf-52b4-472e-b1b4-9add9849c79a,
Billed Duration for Request 9ce3c2bf-52b4-472e-b1b4-9add9849c79a: 1913 ms
Input: 5250000,
Cold Start: false
Unique ID: 6386d171-569e-4198-98c8-96e62f262710,
Billed Duration for Request 6386d171-569e-4198-98c8-96e62f262710: 1998 ms
Input: 5250000,
Cold Start: false
Unique ID: 6285f87f-475a-4c85-b947-378af4796319,
Billed Duration for Request 6285f87f-475a-4c85-b947-378af4796319: 1923 ms
Input: 5250000,
Cold Start: false
Unique ID: 7522d5ac-9a05-403c-8f11-8204ecc36d1b,
Billed Duration for Request 7522d5ac-9a05-403c-8f11-8204ecc36d1b: 1893 ms
Input: 5250000,
Cold Start: false
Unique ID: 85934c12-44da-4638-995b-961ced8bc540,
Billed Duration for Request 85934c12-44da-4638-995b-961ced8bc540: 1932 ms
Input: 5250000,
Cold Start: false
Unique ID: 18ce5a44-4ae6-4c8b-b8d7-61525a90d123,
Billed Duration for Request 18ce5a44-4ae6-4c8b-b8d7-61525a90d123: 1865 ms
Input: 5250000,
Cold Start: false
Unique ID: e0e21454-cd27-4adb-8786-355133a48fa9,
Billed Duration for Request e0e21454-cd27-4adb-8786-355133a48fa9: 1824 ms
Input: 5250000,
Cold Start: false
Unique ID: abd532b5-0cb5-4250-a3b1-c65dc8f677a4,
Billed Duration for Request abd532b5-0cb5-4250-a3b1-c65dc8f677a4: 1836 ms
Input: 5250000,
Cold Start: false
Unique ID: a7445299-2e9b-44c8-8e2e-910a01031079,
Billed Duration for Request a7445299-2e9b-44c8-8e2e-910a01031079: 1913 ms
Input: 5250000,
Cold Start: false
Unique ID: fe3afd9b-7db0-479d-88a2-836d3e86f1f9,
Billed Duration for Request fe3afd9b-7db0-479d-88a2-836d3e86f1f9: 1929 ms
Input: 5250000,
Cold Start: false
Unique ID: d5719dbf-ee8a-4640-9245-100c51c638d7,
Billed Duration for Request d5719dbf-ee8a-4640-9245-100c51c638d7: 2029 ms
Input: 5250000,
Cold Start: false
Unique ID: 2e1a05d0-2253-4d05-bdc5-7044191a8111,
Billed Duration for Request 2e1a05d0-2253-4d05-bdc5-7044191a8111: 1944 ms
Input: 5250000,
Cold Start: false
Unique ID: dd2c080d-674f-4317-b451-373481891e7d,
Billed Duration for Request dd2c080d-674f-4317-b451-373481891e7d: 1895 ms
Input: 5250000,
Cold Start: false
Unique ID: e8d3b3c8-6cc8-46b9-824a-b7e865f9e067,
Billed Duration for Request e8d3b3c8-6cc8-46b9-824a-b7e865f9e067: 1913 ms
Input: 5250000,
Cold Start: false
Unique ID: 2fd2885b-0f0c-4b94-a7e9-66536398f531,
Billed Duration for Request 2fd2885b-0f0c-4b94-a7e9-66536398f531: 1879 ms
Input: 5250000,
Cold Start: false
Unique ID: 087052eb-b8db-488f-8d5e-4558e2ca261e,
Billed Duration for Request 087052eb-b8db-488f-8d5e-4558e2ca261e: 1829 ms
Input: 5250000,
Cold Start: false
Unique ID: 29dfcfca-a845-4399-bf58-693cb75d79eb,
Billed Duration for Request 29dfcfca-a845-4399-bf58-693cb75d79eb: 1847 ms
Input: 5250000,
Cold Start: false
Unique ID: f08a7869-0228-4d7f-a2fc-6f30e6b186d4,
Billed Duration for Request f08a7869-0228-4d7f-a2fc-6f30e6b186d4: 1984 ms
Input: 5250000,
Cold Start: false
Unique ID: bc5cbff3-c58e-4e85-b36d-f390bc5d7677,
Billed Duration for Request bc5cbff3-c58e-4e85-b36d-f390bc5d7677: 1910 ms
Input: 5250000,
Cold Start: false
Unique ID: 7e5d6be6-d560-495c-90a1-35cd7c4dc477,
Billed Duration for Request 7e5d6be6-d560-495c-90a1-35cd7c4dc477: 1920 ms
Input: 5250000,
Cold Start: false
Unique ID: 9d9832f2-a8c6-4bfd-83ee-9b1bcbfa05ce,
Billed Duration for Request 9d9832f2-a8c6-4bfd-83ee-9b1bcbfa05ce: 1951 ms
Input: 5250000,
Cold Start: false
Unique ID: b859f8c5-9706-4651-a992-83fc2508987b,
Billed Duration for Request b859f8c5-9706-4651-a992-83fc2508987b: 1898 ms
Input: 5250000,
Cold Start: false
Unique ID: fdbf3b01-39d7-49b2-bad7-2ce89c238c9d,
Billed Duration for Request fdbf3b01-39d7-49b2-bad7-2ce89c238c9d: 1935 ms
Input: 5250000,
Cold Start: false
Unique ID: 838bd1b4-3be2-4b99-b32d-aef3c49a7af9,
Billed Duration for Request 838bd1b4-3be2-4b99-b32d-aef3c49a7af9: 1853 ms
Input: 5250000,
Cold Start: false
Unique ID: 09cae1df-afa4-4742-8fa2-dd4ef4a1df03,
Billed Duration for Request 09cae1df-afa4-4742-8fa2-dd4ef4a1df03: 1826 ms
Input: 5250000,
Cold Start: false
Unique ID: c270f63c-14ad-4faa-bb30-97b7d9ce7664,
Billed Duration for Request c270f63c-14ad-4faa-bb30-97b7d9ce7664: 1839 ms
Input: 5250000,
Cold Start: false
Unique ID: 864105d5-5d66-4ffa-a027-468b73c90908,
Billed Duration for Request 864105d5-5d66-4ffa-a027-468b73c90908: 2003 ms
Input: 5250000,
Cold Start: false
Unique ID: 0cb03933-9062-4242-a7ff-0fc3f9af60ef,
Billed Duration for Request 0cb03933-9062-4242-a7ff-0fc3f9af60ef: 1894 ms
Input: 5250000,
Cold Start: false
Unique ID: c07b202a-0371-4835-bc18-2373f1625a37,
Billed Duration for Request c07b202a-0371-4835-bc18-2373f1625a37: 1942 ms
Input: 5250000,
Cold Start: false
Unique ID: f3a9ae91-50e8-4783-94e1-6775310d47c4,
Billed Duration for Request f3a9ae91-50e8-4783-94e1-6775310d47c4: 2027 ms
Input: 5250000,
Cold Start: false
Unique ID: e95460ce-bfde-46d2-9d54-fe70dddf1d54,
Billed Duration for Request e95460ce-bfde-46d2-9d54-fe70dddf1d54: 1947 ms
Input: 5250000,
Cold Start: false
Unique ID: 974a8099-a51b-4918-837d-aae51eb6da42,
Billed Duration for Request 974a8099-a51b-4918-837d-aae51eb6da42: 1896 ms
Input: 5250000,
Cold Start: false
Unique ID: 9c6eef05-43a7-4010-b402-6b7b4030140a,
Billed Duration for Request 9c6eef05-43a7-4010-b402-6b7b4030140a: 1929 ms
Input: 5250000,
Cold Start: false
Unique ID: 8353f5bb-3e42-4731-9e11-5dd4225b5634,
Billed Duration for Request 8353f5bb-3e42-4731-9e11-5dd4225b5634: 1855 ms
Input: 5250000,
Cold Start: false
Unique ID: a946db9b-8c44-4ebb-8fcd-80529debe0b5,
Billed Duration for Request a946db9b-8c44-4ebb-8fcd-80529debe0b5: 1825 ms
Input: 5250000,
Cold Start: false
Unique ID: c03bd3bb-f994-4b36-9e65-113af1f47510,
Billed Duration for Request c03bd3bb-f994-4b36-9e65-113af1f47510: 1815 ms
Input: 5250000,
Cold Start: false
Unique ID: b148ba14-f300-4455-9371-6c363a0ab9c6,
Billed Duration for Request b148ba14-f300-4455-9371-6c363a0ab9c6: 1912 ms
Input: 5250000,
Cold Start: false
Unique ID: d65525e8-febe-46cc-8640-7391817749a6,
Billed Duration for Request d65525e8-febe-46cc-8640-7391817749a6: 1930 ms
Input: 5250000,
Cold Start: false
Unique ID: 91c947d3-84be-4263-9f85-0866f68c4e4c,
Billed Duration for Request 91c947d3-84be-4263-9f85-0866f68c4e4c: 1985 ms
Input: 5250000,
Cold Start: false
Unique ID: 5fbfd502-ddb4-47b1-8645-fb2c773b50e9,
Billed Duration for Request 5fbfd502-ddb4-47b1-8645-fb2c773b50e9: 1925 ms
Input: 5250000,
Cold Start: false
Unique ID: 851e0d18-893c-4a5e-bc7f-9057c649d5d4,
Billed Duration for Request 851e0d18-893c-4a5e-bc7f-9057c649d5d4: 1891 ms
Input: 5250000,
Cold Start: false
Unique ID: 0dd6cd31-a528-40e2-8f61-987a58292c89,
Billed Duration for Request 0dd6cd31-a528-40e2-8f61-987a58292c89: 1949 ms
Input: 5250000,
Cold Start: false
Unique ID: a3c926e6-1ce7-46cb-801e-a21e285fcbda,
Billed Duration for Request a3c926e6-1ce7-46cb-801e-a21e285fcbda: 1875 ms
Input: 5250000,
Cold Start: false
Unique ID: 4b87c1a9-b02f-4441-97a1-197945ae4f99,
Billed Duration for Request 4b87c1a9-b02f-4441-97a1-197945ae4f99: 1828 ms
Input: 5250000,
Cold Start: false
Unique ID: dc211fc3-7113-428a-90d4-c25ebde414f4,
Billed Duration for Request dc211fc3-7113-428a-90d4-c25ebde414f4: 1813 ms
Input: 5250000,
Cold Start: false
Unique ID: 5ba98002-cce5-4be2-9ce2-95056e8335e9,
Billed Duration for Request 5ba98002-cce5-4be2-9ce2-95056e8335e9: 2026 ms
Input: 5250000,
Cold Start: false
Unique ID: f47bba36-baa0-4a99-a6a5-a00bf3e7c289,
Billed Duration for Request f47bba36-baa0-4a99-a6a5-a00bf3e7c289: 1926 ms
Input: 5250000,
Cold Start: false
Unique ID: 7ec6f846-b5c3-4832-b74b-f2bbb78f4a11,
Billed Duration for Request 7ec6f846-b5c3-4832-b74b-f2bbb78f4a11: 1912 ms
Input: 5250000,
Cold Start: false
Unique ID: 1570b00b-2f08-4364-9e0c-376bc35f2655,
Billed Duration for Request 1570b00b-2f08-4364-9e0c-376bc35f2655: 2000 ms
Input: 5250000,
Cold Start: false
Unique ID: 3e11dc7f-92f7-4954-a5d1-5ad852e4cdc8,
Billed Duration for Request 3e11dc7f-92f7-4954-a5d1-5ad852e4cdc8: 1903 ms
Input: 5250000,
Cold Start: false
Unique ID: c8cec8c4-5e48-4d9e-a6e4-5f52946c9299,
Billed Duration for Request c8cec8c4-5e48-4d9e-a6e4-5f52946c9299: 1892 ms
Input: 5250000,
Cold Start: false
Unique ID: 227f15bc-6634-49a2-8d10-0066a4010090,
Billed Duration for Request 227f15bc-6634-49a2-8d10-0066a4010090: 1935 ms
Input: 5250000,
Cold Start: false
Unique ID: 08a5163d-2889-431d-a808-89db03a930f5,
Billed Duration for Request 08a5163d-2889-431d-a808-89db03a930f5: 1851 ms
Input: 5250000,
Cold Start: false
Unique ID: de4e6f74-30d0-4c51-93d9-9a7520f0d700,
Billed Duration for Request de4e6f74-30d0-4c51-93d9-9a7520f0d700: 1854 ms
Input: 5250000,
Cold Start: false
Unique ID: 07c150f9-bc21-42b2-ba4a-449a14e39c97,
Billed Duration for Request 07c150f9-bc21-42b2-ba4a-449a14e39c97: 1843 ms
Input: 5250000,
Cold Start: false
Unique ID: 794f3a94-4ce8-4bdf-bbc1-34cb96738872,
Billed Duration for Request 794f3a94-4ce8-4bdf-bbc1-34cb96738872: 2032 ms
Input: 5250000,
Cold Start: false
Unique ID: 120d4bc0-80c1-4ca7-8f7d-cf13d220d6ed,
Billed Duration for Request 120d4bc0-80c1-4ca7-8f7d-cf13d220d6ed: 1912 ms
Input: 5250000,
Cold Start: false
Unique ID: 1b3e1eed-6eca-48bb-a2be-64173c3ec6eb,
Billed Duration for Request 1b3e1eed-6eca-48bb-a2be-64173c3ec6eb: 1915 ms
Input: 5250000,
Cold Start: false
Unique ID: 88877bdc-425f-450a-b226-634fba78c426,
Billed Duration for Request 88877bdc-425f-450a-b226-634fba78c426: 1988 ms
Input: 5250000,
Cold Start: false
Unique ID: 8fe1d8f8-67ab-4df1-a368-b516a34c4b59,
Billed Duration for Request 8fe1d8f8-67ab-4df1-a368-b516a34c4b59: 1911 ms
Input: 5250000,
Cold Start: false
Unique ID: 541e5527-e862-4e77-8994-55adf32e8b4c,
Billed Duration for Request 541e5527-e862-4e77-8994-55adf32e8b4c: 1903 ms
Input: 5250000,
Cold Start: false
Unique ID: cc81d24f-7e33-4abb-b00b-cd4e7ea01e3b,
Billed Duration for Request cc81d24f-7e33-4abb-b00b-cd4e7ea01e3b: 1962 ms
Input: 5250000,
Cold Start: false
Unique ID: c611ceb4-fb99-4eb5-b2fe-2c4b9ef9691d,
Billed Duration for Request c611ceb4-fb99-4eb5-b2fe-2c4b9ef9691d: 1830 ms
Input: 5250000,
Cold Start: false
Unique ID: 3f6b1879-9ec8-4bce-90f9-d5fe7d786a43,
Billed Duration for Request 3f6b1879-9ec8-4bce-90f9-d5fe7d786a43: 1850 ms
Input: 5250000,
Cold Start: false
Unique ID: 1c8642cb-2ec5-4e4a-b477-2cf023e33ca0,
Billed Duration for Request 1c8642cb-2ec5-4e4a-b477-2cf023e33ca0: 1862 ms
Input: 5250000,
Cold Start: false
Unique ID: 0a725796-9573-4c2d-8a13-60abd31c7542,
Billed Duration for Request 0a725796-9573-4c2d-8a13-60abd31c7542: 1930 ms
Input: 5250000,
Cold Start: false
Unique ID: 59b45b8a-5c6c-4f68-96c2-d9e8f6eb2e1e,
Billed Duration for Request 59b45b8a-5c6c-4f68-96c2-d9e8f6eb2e1e: 1925 ms
Input: 5250000,
Cold Start: false
Unique ID: e574de9c-a251-4579-ae5d-076cd8a72fd9,
Billed Duration for Request e574de9c-a251-4579-ae5d-076cd8a72fd9: 1994 ms
Input: 5250000,
Cold Start: false
Unique ID: 76b53c9f-e4e3-4bd7-b244-04218ab63da7,
Billed Duration for Request 76b53c9f-e4e3-4bd7-b244-04218ab63da7: 1909 ms
Input: 5250000,
Cold Start: false
Unique ID: e3a95a90-f49b-401e-832c-1793008dbbc1,
Billed Duration for Request e3a95a90-f49b-401e-832c-1793008dbbc1: 1892 ms
Input: 5250000,
Cold Start: false
Unique ID: 11f150b4-1861-4a4e-80cc-c3392df7ed5f,
Billed Duration for Request 11f150b4-1861-4a4e-80cc-c3392df7ed5f: 1953 ms
Input: 5250000,
Cold Start: false
Unique ID: ec7b6c55-a59e-409b-a1c0-337d4214df8e,
Billed Duration for Request ec7b6c55-a59e-409b-a1c0-337d4214df8e: 1828 ms
Input: 5250000,
Cold Start: false
Unique ID: 9af1c6aa-bb33-422b-bf00-8b0ca0fbde3a,
Billed Duration for Request 9af1c6aa-bb33-422b-bf00-8b0ca0fbde3a: 1836 ms
Input: 5250000,
Cold Start: false
Unique ID: f2cbe789-7993-4eda-9273-28ba1d06cfdf,
Billed Duration for Request f2cbe789-7993-4eda-9273-28ba1d06cfdf: 1857 ms
Input: 5250000,
Cold Start: false
Unique ID: 9b723279-592d-4e34-a199-313273097aa4,
Billed Duration for Request 9b723279-592d-4e34-a199-313273097aa4: 2025 ms
Input: 5250000,
Cold Start: false
Unique ID: 9007b0b1-f116-484a-9b6a-c59d580e908e,
Billed Duration for Request 9007b0b1-f116-484a-9b6a-c59d580e908e: 1917 ms
Input: 5250000,
Cold Start: false
Unique ID: 78175a81-d68a-40e9-904d-68978f03e339,
Billed Duration for Request 78175a81-d68a-40e9-904d-68978f03e339: 1923 ms
Input: 5250000,
Cold Start: false
Unique ID: 59b54eb2-1587-4fb7-9ae6-bcd7be6585fb,
Billed Duration for Request 59b54eb2-1587-4fb7-9ae6-bcd7be6585fb: 1923 ms
Input: 5250000,
Cold Start: false
Unique ID: c815f78a-1bec-4bfd-aefd-230f541251ce,
Billed Duration for Request c815f78a-1bec-4bfd-aefd-230f541251ce: 1884 ms
Input: 5250000,
Cold Start: false
Unique ID: 47aef975-3108-4c60-8c11-032ba2e3f306,
Billed Duration for Request 47aef975-3108-4c60-8c11-032ba2e3f306: 1835 ms
Input: 5250000,
Cold Start: false
Unique ID: b727b582-10e7-456a-90b1-f316ac6244f4,
Billed Duration for Request b727b582-10e7-456a-90b1-f316ac6244f4: 1890 ms
Input: 5250000,
Cold Start: false
Unique ID: d180ce34-d7d3-4b01-ac9d-aab58746158c,
Billed Duration for Request d180ce34-d7d3-4b01-ac9d-aab58746158c: 1833 ms
Input: 5250000,
Cold Start: false
Unique ID: 1a76404e-1a29-48cf-a70e-f6b9695bb46e,
Billed Duration for Request 1a76404e-1a29-48cf-a70e-f6b9695bb46e: 1878 ms
Input: 5250000,
Cold Start: false
Unique ID: d0a1f5d8-9b17-466c-beb5-44e15e4c9f9b,
Billed Duration for Request d0a1f5d8-9b17-466c-beb5-44e15e4c9f9b: 1980 ms
Input: 5250000,
Cold Start: false
Unique ID: de319332-4fcf-4956-9f0b-3ec8d41443cc,
Billed Duration for Request de319332-4fcf-4956-9f0b-3ec8d41443cc: 1914 ms
Input: 5250000,
Cold Start: false
Unique ID: 6487df38-0140-4330-a681-bbb90877c630,
Billed Duration for Request 6487df38-0140-4330-a681-bbb90877c630: 1946 ms
Input: 5250000,
Cold Start: false
Unique ID: 7aded68e-b503-43d8-938b-c236c7670123,
Billed Duration for Request 7aded68e-b503-43d8-938b-c236c7670123: 2047 ms
Input: 5250000,
Cold Start: false
Unique ID: ec0b7956-1aeb-4262-9d87-392d674ed1ce,
Billed Duration for Request ec0b7956-1aeb-4262-9d87-392d674ed1ce: 1924 ms
Input: 5250000,
Cold Start: false
Unique ID: 9e8b1997-fd0d-4406-ad24-bed9fc7c3b4f,
Billed Duration for Request 9e8b1997-fd0d-4406-ad24-bed9fc7c3b4f: 1912 ms
Input: 5250000,
Cold Start: false
Unique ID: 589bd258-d934-469c-a8bc-569a04b69e71,
Billed Duration for Request 589bd258-d934-469c-a8bc-569a04b69e71: 1833 ms
Input: 5250000,
Cold Start: false
Unique ID: 3727d71d-d25d-4503-8bf8-5bf11b957c11,
Billed Duration for Request 3727d71d-d25d-4503-8bf8-5bf11b957c11: 1896 ms
Input: 5250000,
Cold Start: false
Unique ID: 5cf5326a-e641-4a4d-a103-b2b710e3f7c1,
Billed Duration for Request 5cf5326a-e641-4a4d-a103-b2b710e3f7c1: 1898 ms
Input: 5250000,
Cold Start: false
Unique ID: 0b42082c-b158-476e-94f8-094800a4bb62,
Billed Duration for Request 0b42082c-b158-476e-94f8-094800a4bb62: 1879 ms
Input: 5250000,
Cold Start: false
Unique ID: 64725eab-eef7-42b4-8e95-ffffdbc2e6dd,
Billed Duration for Request 64725eab-eef7-42b4-8e95-ffffdbc2e6dd: 1988 ms
Input: 5250000,
Cold Start: false
Unique ID: b5fc089d-f646-4950-b824-78c1e38679d0,
Billed Duration for Request b5fc089d-f646-4950-b824-78c1e38679d0: 1909 ms
Input: 5250000,
Cold Start: false
Unique ID: 2695b096-00d6-4ddd-bbd9-23b6d10451c1,
Billed Duration for Request 2695b096-00d6-4ddd-bbd9-23b6d10451c1: 1929 ms
Input: 5250000,
Cold Start: false
