Unique ID: b6159a0743cfe4293108cee7c917dc7a,
Execution Time for Trace ID b6159a0743cfe4293108cee7c917dc7a: 1574 ms
Input: 5000000,
Cold Start: false
Unique ID: f90b6b253833e9a3e13c597c84769935,
Execution Time for Trace ID f90b6b253833e9a3e13c597c84769935: 1811 ms
Input: 5000000,
Cold Start: false
Unique ID: 9091d074d3803623708a8fd8cd087fa5,
Execution Time for Trace ID 9091d074d3803623708a8fd8cd087fa5: 1564 ms
Input: 5000000,
Cold Start: false
Unique ID: 78cf3d39d44ef9c8f21a90770c5ffd76,
Execution Time for Trace ID 78cf3d39d44ef9c8f21a90770c5ffd76: 1829 ms
Input: 5000000,
Cold Start: false
Unique ID: 2ccd8512fb4269dc2988dd62047d6457,
Execution Time for Trace ID 2ccd8512fb4269dc2988dd62047d6457: 1596 ms
Input: 5000000,
Cold Start: false
Unique ID: 4788107c3387fd2adb0049da3516ba57,
Execution Time for Trace ID 4788107c3387fd2adb0049da3516ba57: 1434 ms
Input: 5000000,
Cold Start: false
Unique ID: 6b305967f24bcf92981be9bddee1050f,
Execution Time for Trace ID 6b305967f24bcf92981be9bddee1050f: 1479 ms
Input: 5000000,
Cold Start: false
Unique ID: 9a4ea634cfe3f97679d24009ae47cd1e,
Execution Time for Trace ID 9a4ea634cfe3f97679d24009ae47cd1e: 1510 ms
Input: 5000000,
Cold Start: false
Unique ID: f5343ffd1d38efab33c8c461b6d51413,
Execution Time for Trace ID f5343ffd1d38efab33c8c461b6d51413: 1616 ms
Input: 5000000,
Cold Start: false
Unique ID: 0a4719e6f09e2be2954eae67bd804afc,
Execution Time for Trace ID 0a4719e6f09e2be2954eae67bd804afc: 1820 ms
Input: 5000000,
Cold Start: false
Unique ID: 7673dbff239da3930cba84cfee6590a1,
Execution Time for Trace ID 7673dbff239da3930cba84cfee6590a1: 1656 ms
Input: 5000000,
Cold Start: false
Unique ID: 8f47a532a7635b2aebaecf2ccb1ee226,
Execution Time for Trace ID 8f47a532a7635b2aebaecf2ccb1ee226: 1724 ms
Input: 5000000,
Cold Start: false
Unique ID: 6cc78d902b6a8cc17f465edbc8f34022,
Execution Time for Trace ID 6cc78d902b6a8cc17f465edbc8f34022: 1740 ms
Input: 5000000,
Cold Start: false
Unique ID: 5ac2fc1444e125a4ed6fca9e2c331dc2,
Execution Time for Trace ID 5ac2fc1444e125a4ed6fca9e2c331dc2: 1427 ms
Input: 5000000,
Cold Start: false
Unique ID: 36e258bd620d630a931dae0f3406288a,
Execution Time for Trace ID 36e258bd620d630a931dae0f3406288a: 1686 ms
Input: 5000000,
Cold Start: false
Unique ID: 50d6a08cdddd00a49b1c476f48cb5677,
Execution Time for Trace ID 50d6a08cdddd00a49b1c476f48cb5677: 1425 ms
Input: 5000000,
Cold Start: false
Unique ID: a48c3c6e023e096c3168c19a128d691a,
Execution Time for Trace ID a48c3c6e023e096c3168c19a128d691a: 1882 ms
Input: 5000000,
Cold Start: false
Unique ID: 6771faf67522ec936cd3261c507f9c6d,
Execution Time for Trace ID 6771faf67522ec936cd3261c507f9c6d: 1794 ms
Input: 5000000,
Cold Start: false
Unique ID: 3d5778c85260868d3a674c9a1222f4f0,
Execution Time for Trace ID 3d5778c85260868d3a674c9a1222f4f0: 1543 ms
Input: 5000000,
Cold Start: false
Unique ID: 28b8bf5e8c9084f78c7f936af683ff42,
Execution Time for Trace ID 28b8bf5e8c9084f78c7f936af683ff42: 1521 ms
Input: 5000000,
Cold Start: false
Unique ID: aa0199e1a0ead9cf391d2a9ed1bbcd96,
Execution Time for Trace ID aa0199e1a0ead9cf391d2a9ed1bbcd96: 1507 ms
Input: 5000000,
Cold Start: false
Unique ID: 3da9cdbaf2542ed5c0e3c5c5d660f0f6,
Execution Time for Trace ID 3da9cdbaf2542ed5c0e3c5c5d660f0f6: 1535 ms
Input: 5000000,
Cold Start: false
Unique ID: 178ce0c1c8429d8554744cb6b07ebf61,
Execution Time for Trace ID 178ce0c1c8429d8554744cb6b07ebf61: 1429 ms
Input: 5000000,
Cold Start: false
Unique ID: 353f40fb3a1d2c1512bba7a75b95b7ba,
Execution Time for Trace ID 353f40fb3a1d2c1512bba7a75b95b7ba: 1548 ms
Input: 5000000,
Cold Start: false
Unique ID: c9d5f904bd1eaad69d1fe1453174df6e,
Execution Time for Trace ID c9d5f904bd1eaad69d1fe1453174df6e: 1978 ms
Input: 5000000,
Cold Start: false
Unique ID: da3ba714686da8becfa50711242d09e3,
Execution Time for Trace ID da3ba714686da8becfa50711242d09e3: 1506 ms
Input: 5000000,
Cold Start: false
Unique ID: f6268e1f96c58c26af28c1b3b5a80a63,
Execution Time for Trace ID f6268e1f96c58c26af28c1b3b5a80a63: 1449 ms
Input: 5000000,
Cold Start: false
Unique ID: 1a3a49967584d0b5636665f1440d5d2b,
Execution Time for Trace ID 1a3a49967584d0b5636665f1440d5d2b: 1976 ms
Input: 5000000,
Cold Start: false
Unique ID: c76e80f6f87bb5a0407153d2f7bd589a,
Execution Time for Trace ID c76e80f6f87bb5a0407153d2f7bd589a: 1423 ms
Input: 5000000,
Cold Start: false
Unique ID: 0281225352b76f8020e79392262ce796,
Execution Time for Trace ID 0281225352b76f8020e79392262ce796: 1422 ms
Input: 5000000,
Cold Start: false
Unique ID: e5367c4933dc527e57d5198a743210a5,
Execution Time for Trace ID e5367c4933dc527e57d5198a743210a5: 1488 ms
Input: 5000000,
Cold Start: false
Unique ID: f5aa2c40329b11a12176726f199c8419,
Execution Time for Trace ID f5aa2c40329b11a12176726f199c8419: 2333 ms
Input: 5000000,
Cold Start: false
Unique ID: ba61a0ac2376c0dc0f417c73e83f6c57,
Execution Time for Trace ID ba61a0ac2376c0dc0f417c73e83f6c57: 1421 ms
Input: 5000000,
Cold Start: false
Unique ID: 58cf39fcf1484f34b121c67be06d2124,
Execution Time for Trace ID 58cf39fcf1484f34b121c67be06d2124: 1890 ms
Input: 5000000,
Cold Start: false
Unique ID: ae90f6a7a70dfacc747f203e85d2ae62,
Execution Time for Trace ID ae90f6a7a70dfacc747f203e85d2ae62: 2151 ms
Input: 5000000,
Cold Start: false
Unique ID: 378425fe4d036903c2372d03abb127f5,
Execution Time for Trace ID 378425fe4d036903c2372d03abb127f5: 1857 ms
Input: 5000000,
Cold Start: false
Unique ID: e71da1b62c3ad8efcd0fd062638fc049,
Execution Time for Trace ID e71da1b62c3ad8efcd0fd062638fc049: 1774 ms
Input: 5000000,
Cold Start: false
Unique ID: e90e647b56e6cc12097fb09168af3009,
Execution Time for Trace ID e90e647b56e6cc12097fb09168af3009: 1492 ms
Input: 5000000,
Cold Start: false
Unique ID: 62cf4cdb9666c512028b5ed3314c825c,
Execution Time for Trace ID 62cf4cdb9666c512028b5ed3314c825c: 1434 ms
Input: 5000000,
Cold Start: false
Unique ID: 9ce1b1847dab45e30aa55b329af86741,
Execution Time for Trace ID 9ce1b1847dab45e30aa55b329af86741: 1926 ms
Input: 5000000,
Cold Start: false
Unique ID: 63e9e9fadacd938fb8badf2ba9d04a6f,
Execution Time for Trace ID 63e9e9fadacd938fb8badf2ba9d04a6f: 1508 ms
Input: 5000000,
Cold Start: false
Unique ID: ae51f7400043f5b1c3512475bacf59b1,
Execution Time for Trace ID ae51f7400043f5b1c3512475bacf59b1: 1697 ms
Input: 5000000,
Cold Start: false
Unique ID: d12a839b77427991744b949bce587756,
Execution Time for Trace ID d12a839b77427991744b949bce587756: 1564 ms
Input: 5000000,
Cold Start: false
Unique ID: 9d71b6c6a7450a59aec07be1fd614a46,
Execution Time for Trace ID 9d71b6c6a7450a59aec07be1fd614a46: 1692 ms
Input: 5000000,
Cold Start: false
Unique ID: 7e9b53f037c788ece6adacac71273793,
Execution Time for Trace ID 7e9b53f037c788ece6adacac71273793: 1652 ms
Input: 5000000,
Cold Start: false
Unique ID: 89294fa54ee0aaefa23531d5494630cf,
Execution Time for Trace ID 89294fa54ee0aaefa23531d5494630cf: 1485 ms
Input: 5000000,
Cold Start: false
Unique ID: 805711618da4bbf3a75e6172939454a3,
Execution Time for Trace ID 805711618da4bbf3a75e6172939454a3: 1762 ms
Input: 5000000,
Cold Start: false
Unique ID: 10f5eb06bd98fc465879a21b4f6d9c35,
Execution Time for Trace ID 10f5eb06bd98fc465879a21b4f6d9c35: 1690 ms
Input: 5000000,
Cold Start: false
Unique ID: 1f022dd53a6b0f74ccd79021d5e2750f,
Execution Time for Trace ID 1f022dd53a6b0f74ccd79021d5e2750f: 1374 ms
Input: 5000000,
Cold Start: false
Unique ID: 0cdaea9e43c5b6c09f77ea773d1bb3a2,
Execution Time for Trace ID 0cdaea9e43c5b6c09f77ea773d1bb3a2: 1817 ms
Input: 5000000,
Cold Start: false
Unique ID: c7eeac175885ff6c2412ff6e3e977b9c,
Execution Time for Trace ID c7eeac175885ff6c2412ff6e3e977b9c: 1835 ms
Input: 5000000,
Cold Start: false
Unique ID: 597b4c998d027c5bec03a2100061c1c7,
Execution Time for Trace ID 597b4c998d027c5bec03a2100061c1c7: 1473 ms
Input: 5000000,
Cold Start: false
Unique ID: 494cd6e78825066b022775f63842402f,
Execution Time for Trace ID 494cd6e78825066b022775f63842402f: 1752 ms
Input: 5000000,
Cold Start: false
Unique ID: 3fdc2ee39374d4fa088c6648eafec016,
Execution Time for Trace ID 3fdc2ee39374d4fa088c6648eafec016: 1391 ms
Input: 5000000,
Cold Start: false
Unique ID: ce5c095e4c346ba138038c34fb9793de,
Execution Time for Trace ID ce5c095e4c346ba138038c34fb9793de: 1610 ms
Input: 5000000,
Cold Start: false
Unique ID: b4963f7d20f37661e062a3c1d816d90b,
Execution Time for Trace ID b4963f7d20f37661e062a3c1d816d90b: 2184 ms
Input: 5000000,
Cold Start: false
Unique ID: 693b02c5e9cb3ac4f3839bd84b301128,
Execution Time for Trace ID 693b02c5e9cb3ac4f3839bd84b301128: 1932 ms
Input: 5000000,
Cold Start: false
Unique ID: 1fafd72d876dbe67e1d74512c164664f,
Execution Time for Trace ID 1fafd72d876dbe67e1d74512c164664f: 1410 ms
Input: 5000000,
Cold Start: false
Unique ID: 1466e09ef97724f5fc01485dd20c3950,
Execution Time for Trace ID 1466e09ef97724f5fc01485dd20c3950: 1941 ms
Input: 5000000,
Cold Start: false
Unique ID: 91d186497bcc852f7b9caf7ad6862d37,
Execution Time for Trace ID 91d186497bcc852f7b9caf7ad6862d37: 1623 ms
Input: 5000000,
Cold Start: false
Unique ID: ad2170b6d5cf7b6a459475593fea96e8,
Execution Time for Trace ID ad2170b6d5cf7b6a459475593fea96e8: 1387 ms
Input: 5000000,
Cold Start: false
Unique ID: cb5b6b4c123e2d73f7e0032f172e8b33,
Execution Time for Trace ID cb5b6b4c123e2d73f7e0032f172e8b33: 639 ms
Input: 5000000,
Cold Start: false
Unique ID: 0fd24f4e54a74176b812ec1a7e5cfaf3,
Execution Time for Trace ID 0fd24f4e54a74176b812ec1a7e5cfaf3: 1810 ms
Input: 5000000,
Cold Start: false
Unique ID: 22d5abc09c76d8604a5ec87fc04b1224,
Execution Time for Trace ID 22d5abc09c76d8604a5ec87fc04b1224: 1612 ms
Input: 5000000,
Cold Start: false
Unique ID: 0fd7b678eb884052fa5c165f4e1122f8,
Execution Time for Trace ID 0fd7b678eb884052fa5c165f4e1122f8: 1421 ms
Input: 5000000,
Cold Start: false
Unique ID: a06d044f675ffb414c64a4701ebd70ce,
Execution Time for Trace ID a06d044f675ffb414c64a4701ebd70ce: 1932 ms
Input: 5000000,
Cold Start: false
Unique ID: 65464b84c3933b606dd623a8cb38c9a6,
Execution Time for Trace ID 65464b84c3933b606dd623a8cb38c9a6: 1417 ms
Input: 5000000,
Cold Start: false
Unique ID: 8d7040b22b2654653d833548655c3d6d,
Execution Time for Trace ID 8d7040b22b2654653d833548655c3d6d: 1473 ms
Input: 5000000,
Cold Start: false
Unique ID: d22df9f01bc25495421a6077c8946083,
Execution Time for Trace ID d22df9f01bc25495421a6077c8946083: 1419 ms
Input: 5000000,
Cold Start: false
Unique ID: 04f3ad96517b2297da4e6d984fd6a87b,
Execution Time for Trace ID 04f3ad96517b2297da4e6d984fd6a87b: 1752 ms
Input: 5000000,
Cold Start: false
Unique ID: 3a1ff599db7b31e7ce7d9dfe08a5c5be,
Execution Time for Trace ID 3a1ff599db7b31e7ce7d9dfe08a5c5be: 1537 ms
Input: 5000000,
Cold Start: false
Unique ID: db056643841dc598732645f5e499e8ff,
Execution Time for Trace ID db056643841dc598732645f5e499e8ff: 1591 ms
Input: 5000000,
Cold Start: false
Unique ID: 8c8d9a02a4b0952e03ad5a505cba5e2d,
Execution Time for Trace ID 8c8d9a02a4b0952e03ad5a505cba5e2d: 1417 ms
Input: 5000000,
Cold Start: false
Unique ID: fdf5e001b4799cff45d08aba5ba9796a,
Execution Time for Trace ID fdf5e001b4799cff45d08aba5ba9796a: 1412 ms
Input: 5000000,
Cold Start: false
Unique ID: 215d77e88d7a3696585a681e33ee913d,
Execution Time for Trace ID 215d77e88d7a3696585a681e33ee913d: 1835 ms
Input: 5000000,
Cold Start: false
Unique ID: 2c03bb8119ad8e119f6a6eba9b6e0fc1,
Execution Time for Trace ID 2c03bb8119ad8e119f6a6eba9b6e0fc1: 1417 ms
Input: 5000000,
Cold Start: false
Unique ID: 43118bce2a7c63dc50498fb94c047c1c,
Execution Time for Trace ID 43118bce2a7c63dc50498fb94c047c1c: 1669 ms
Input: 5000000,
Cold Start: false
Unique ID: c3ad3bb7dfe97ccbaa5a6beac4817563,
Execution Time for Trace ID c3ad3bb7dfe97ccbaa5a6beac4817563: 1896 ms
Input: 5000000,
Cold Start: false
Unique ID: d802566b93c75122c9e2540906f088b4,
Execution Time for Trace ID d802566b93c75122c9e2540906f088b4: 1422 ms
Input: 5000000,
Cold Start: false
Unique ID: 9c86c8205c97d179a1d5c34400b2b8eb,
Execution Time for Trace ID 9c86c8205c97d179a1d5c34400b2b8eb: 1978 ms
Input: 5000000,
Cold Start: false
Unique ID: 3fdd2d4b15286b99bb4c03146d346308,
Execution Time for Trace ID 3fdd2d4b15286b99bb4c03146d346308: 1518 ms
Input: 5000000,
Cold Start: false
Unique ID: 50957af1b8d03218c53c0238295de58b,
Execution Time for Trace ID 50957af1b8d03218c53c0238295de58b: 1424 ms
Input: 5000000,
Cold Start: false
Unique ID: ef903c2c076caaa4f3bcca12cc3ccafc,
Execution Time for Trace ID ef903c2c076caaa4f3bcca12cc3ccafc: 1844 ms
Input: 5000000,
Cold Start: false
Unique ID: 655bee2d1dcb1ea4fb5fedc60aedb6a6,
Execution Time for Trace ID 655bee2d1dcb1ea4fb5fedc60aedb6a6: 2041 ms
Input: 5000000,
Cold Start: false
Unique ID: 974601b155388918f875c8a4d8108361,
Execution Time for Trace ID 974601b155388918f875c8a4d8108361: 1542 ms
Input: 5000000,
Cold Start: false
Unique ID: 4bf3e999c7c80518a500c3275241de46,
Execution Time for Trace ID 4bf3e999c7c80518a500c3275241de46: 1515 ms
Input: 5000000,
Cold Start: false
Unique ID: 2315311d0b4940416b4639ddc3d13073,
Execution Time for Trace ID 2315311d0b4940416b4639ddc3d13073: 1779 ms
Input: 5000000,
Cold Start: false
Unique ID: 1b0c4a98a76d6cf2ba3a6c6ac04f0507,
Execution Time for Trace ID 1b0c4a98a76d6cf2ba3a6c6ac04f0507: 1437 ms
Input: 5000000,
Cold Start: false
Unique ID: 68cf3fdf50820b8ff920d24999809cfc,
Execution Time for Trace ID 68cf3fdf50820b8ff920d24999809cfc: 1608 ms
Input: 5000000,
Cold Start: false
Unique ID: 38344488c90c4f645c62c57869916f32,
Execution Time for Trace ID 38344488c90c4f645c62c57869916f32: 1539 ms
Input: 5000000,
Cold Start: false
Unique ID: 51149ed19302cad04c9a89698631f598,
Execution Time for Trace ID 51149ed19302cad04c9a89698631f598: 1506 ms
Input: 5000000,
Cold Start: false
Unique ID: 932c57c5b853d546913251517ac7431c,
Execution Time for Trace ID 932c57c5b853d546913251517ac7431c: 1481 ms
Input: 5000000,
Cold Start: false
Unique ID: 24d5ce51d7a594054fd5d88328e105c0,
Execution Time for Trace ID 24d5ce51d7a594054fd5d88328e105c0: 1840 ms
Input: 5000000,
Cold Start: false
Unique ID: 9f21b7c5cfff85b0c57b8c6568f8bd4a,
Execution Time for Trace ID 9f21b7c5cfff85b0c57b8c6568f8bd4a: 2044 ms
Input: 5000000,
Cold Start: false
Unique ID: f2e0363596a5c941aee8c930fee8ab86,
Execution Time for Trace ID f2e0363596a5c941aee8c930fee8ab86: 1653 ms
Input: 5000000,
Cold Start: false
Unique ID: fc69c5c5f5c995df59ad0a7befb4a529,
Execution Time for Trace ID fc69c5c5f5c995df59ad0a7befb4a529: 1422 ms
Input: 5000000,
Cold Start: false
Unique ID: 8f0f7aa60a7304b378c65d91c4ff5879,
Execution Time for Trace ID 8f0f7aa60a7304b378c65d91c4ff5879: 1666 ms
Input: 5000000,
Cold Start: false
Unique ID: eb1175fb00a5fc61d3fe717c42825bbe,
Execution Time for Trace ID eb1175fb00a5fc61d3fe717c42825bbe: 1415 ms
Input: 5000000,
Cold Start: false
Unique ID: fa94a86798a854179382f3adc8acd87c,
Execution Time for Trace ID fa94a86798a854179382f3adc8acd87c: 1419 ms
Input: 5000000,
Cold Start: false
Unique ID: 92ca9784503a8e1f3e5b0627b775b963,
Execution Time for Trace ID 92ca9784503a8e1f3e5b0627b775b963: 1666 ms
Input: 5000000,
Cold Start: false
Unique ID: 075f6c27f32b5903e0cd3c40c1497bfb,
Execution Time for Trace ID 075f6c27f32b5903e0cd3c40c1497bfb: 1421 ms
Input: 5000000,
Cold Start: false
Unique ID: 20ed5ecddda46a920ea9d683f70e7573,
Execution Time for Trace ID 20ed5ecddda46a920ea9d683f70e7573: 1354 ms
Input: 5000000,
Cold Start: false
Unique ID: e8e6e8dd2dd27da70797168534e3ac14,
Execution Time for Trace ID e8e6e8dd2dd27da70797168534e3ac14: 1780 ms
Input: 5000000,
Cold Start: false
Unique ID: 27622e0d4dd469136f522c2daf277788,
Execution Time for Trace ID 27622e0d4dd469136f522c2daf277788: 1560 ms
Input: 5000000,
Cold Start: false
Unique ID: 403f0686eb9992c969d9612164ce7cc3,
Execution Time for Trace ID 403f0686eb9992c969d9612164ce7cc3: 1656 ms
Input: 5000000,
Cold Start: false
Unique ID: 12f0ee9ba03496ef2aadc88fedf7f90e,
Execution Time for Trace ID 12f0ee9ba03496ef2aadc88fedf7f90e: 1494 ms
Input: 5000000,
Cold Start: false
Unique ID: c72eae1b5b548b7f248ea26be82a52e9,
Execution Time for Trace ID c72eae1b5b548b7f248ea26be82a52e9: 1414 ms
Input: 5000000,
Cold Start: false
Unique ID: ef16b11feff168225c6bbc433f58e44e,
Execution Time for Trace ID ef16b11feff168225c6bbc433f58e44e: 1416 ms
Input: 5000000,
Cold Start: false
Unique ID: 7465fce4389f05a25b55633654e276b9,
Execution Time for Trace ID 7465fce4389f05a25b55633654e276b9: 1421 ms
Input: 5000000,
Cold Start: false
Unique ID: 171701fcd6cf8525e276fa5ab9646ad7,
Execution Time for Trace ID 171701fcd6cf8525e276fa5ab9646ad7: 1648 ms
Input: 5000000,
Cold Start: false
Unique ID: c0118fc390a0774b694e9f40d0ac3f36,
Execution Time for Trace ID c0118fc390a0774b694e9f40d0ac3f36: 1680 ms
Input: 5000000,
Cold Start: false
Unique ID: d3626559603ad5f21b1ede8947b73251,
Execution Time for Trace ID d3626559603ad5f21b1ede8947b73251: 1344 ms
Input: 5000000,
Cold Start: false
Unique ID: f184008b1f3b7f1ce2e55ccaa096eed1,
Execution Time for Trace ID f184008b1f3b7f1ce2e55ccaa096eed1: 1959 ms
Input: 5000000,
Cold Start: false
Unique ID: dce9c536ecf9138166bcbc289861464b,
Execution Time for Trace ID dce9c536ecf9138166bcbc289861464b: 1668 ms
Input: 5000000,
Cold Start: false
Unique ID: b0e109358ab5a32572c7dfddccd4fff8,
Execution Time for Trace ID b0e109358ab5a32572c7dfddccd4fff8: 1425 ms
Input: 5000000,
Cold Start: false
Unique ID: f1153193a43ea11ad0bea55fab2ebaa0,
Execution Time for Trace ID f1153193a43ea11ad0bea55fab2ebaa0: 1633 ms
Input: 5000000,
Cold Start: false
Unique ID: 20764354d8ab43a39be87a284094fef4,
Execution Time for Trace ID 20764354d8ab43a39be87a284094fef4: 1427 ms
Input: 5000000,
Cold Start: false
Unique ID: 052ebfdc552a1613e8775569ea93947a,
Execution Time for Trace ID 052ebfdc552a1613e8775569ea93947a: 1511 ms
Input: 5000000,
Cold Start: false
Unique ID: 08d0ccd3852c5fefb29a59fe4e9c1448,
Execution Time for Trace ID 08d0ccd3852c5fefb29a59fe4e9c1448: 1507 ms
Input: 5000000,
Cold Start: false
Unique ID: ab706d2e453dd9030d99851265afbfcc,
Execution Time for Trace ID ab706d2e453dd9030d99851265afbfcc: 1387 ms
Input: 5000000,
Cold Start: false
Unique ID: 1a45083030a89197e35b8e9cb8f17859,
Execution Time for Trace ID 1a45083030a89197e35b8e9cb8f17859: 1635 ms
Input: 5000000,
Cold Start: false
Unique ID: f5fb885098cf5fa651e6602a0eb98e32,
Execution Time for Trace ID f5fb885098cf5fa651e6602a0eb98e32: 1345 ms
Input: 5000000,
Cold Start: false
Unique ID: bc99e32b82db6c298bb2148ebfdab434,
Execution Time for Trace ID bc99e32b82db6c298bb2148ebfdab434: 1731 ms
Input: 5000000,
Cold Start: false
Unique ID: 7f9f473ba8927f497828ad0e2e47d782,
Execution Time for Trace ID 7f9f473ba8927f497828ad0e2e47d782: 1425 ms
Input: 5000000,
Cold Start: false
Unique ID: f9a6ec7dfae6a2d80861020102c2dfe6,
Execution Time for Trace ID f9a6ec7dfae6a2d80861020102c2dfe6: 1647 ms
Input: 5000000,
Cold Start: false
Unique ID: 0b68fd8c29d0cbb10ec5ce6a546e7afb,
Execution Time for Trace ID 0b68fd8c29d0cbb10ec5ce6a546e7afb: 1421 ms
Input: 5000000,
Cold Start: false
Unique ID: e56dcb4cb046efc0d2be2d9a5c0d3316,
Execution Time for Trace ID e56dcb4cb046efc0d2be2d9a5c0d3316: 1411 ms
Input: 5000000,
Cold Start: false
Unique ID: 6362cf9365253700f2cc2bfc7543a204,
Execution Time for Trace ID 6362cf9365253700f2cc2bfc7543a204: 1575 ms
Input: 5000000,
Cold Start: false
Unique ID: eb2cf8fb3fc912399034ed01fbb1170c,
Execution Time for Trace ID eb2cf8fb3fc912399034ed01fbb1170c: 1418 ms
Input: 5000000,
Cold Start: false
Unique ID: 4f3f33ccf83cbe72d57c5c3856282635,
Execution Time for Trace ID 4f3f33ccf83cbe72d57c5c3856282635: 1646 ms
Input: 5000000,
Cold Start: false
Unique ID: f868d6dd06290c28c8b8c1c148630715,
Execution Time for Trace ID f868d6dd06290c28c8b8c1c148630715: 1344 ms
Input: 5000000,
Cold Start: false
Unique ID: 60a3ad8751b164163f4f1a5d986ea031,
Execution Time for Trace ID 60a3ad8751b164163f4f1a5d986ea031: 1795 ms
Input: 5000000,
Cold Start: false
Unique ID: 013f43619424a3de12fcf0c25c8ddbec,
Execution Time for Trace ID 013f43619424a3de12fcf0c25c8ddbec: 1628 ms
Input: 5000000,
Cold Start: false
Unique ID: 4cbfcb71d3521521036086aea0f25e39,
Execution Time for Trace ID 4cbfcb71d3521521036086aea0f25e39: 1548 ms
Input: 5000000,
Cold Start: false
Unique ID: ab938d10495c3e612e8c6a05b79fee73,
Execution Time for Trace ID ab938d10495c3e612e8c6a05b79fee73: 1626 ms
Input: 5000000,
Cold Start: false
Unique ID: 07af272185f8c6f252817277b92da66a,
Execution Time for Trace ID 07af272185f8c6f252817277b92da66a: 1417 ms
Input: 5000000,
Cold Start: false
Unique ID: 88fe67ce7f236ba935f1de00498ff256,
Execution Time for Trace ID 88fe67ce7f236ba935f1de00498ff256: 1977 ms
Input: 5000000,
Cold Start: false
Unique ID: 5218a309968834a44b56e6cc16605e1c,
Execution Time for Trace ID 5218a309968834a44b56e6cc16605e1c: 1906 ms
Input: 5000000,
Cold Start: false
Unique ID: da6525530ec0d9a7dbf65156e045adc2,
Execution Time for Trace ID da6525530ec0d9a7dbf65156e045adc2: 1604 ms
Input: 5000000,
Cold Start: false
Unique ID: 6afd36221ca29142d17b06e1a64b369c,
Execution Time for Trace ID 6afd36221ca29142d17b06e1a64b369c: 1515 ms
Input: 5000000,
Cold Start: false
Unique ID: 600ef4ab436927eada5c6fec2f36d949,
Execution Time for Trace ID 600ef4ab436927eada5c6fec2f36d949: 1349 ms
Input: 5000000,
Cold Start: false
Unique ID: 250a7aa6b94123289233fd1c36c87319,
Execution Time for Trace ID 250a7aa6b94123289233fd1c36c87319: 1871 ms
Input: 5000000,
Cold Start: false
Unique ID: 57c9a033dd55a0d89b19fab03d5097ca,
Execution Time for Trace ID 57c9a033dd55a0d89b19fab03d5097ca: 1512 ms
Input: 5000000,
Cold Start: false
Unique ID: 644950a9d18a6dc505673883115db991,
Execution Time for Trace ID 644950a9d18a6dc505673883115db991: 1743 ms
Input: 5000000,
Cold Start: false
Unique ID: 4938ba0a5a33b0476c041f224174900a,
Execution Time for Trace ID 4938ba0a5a33b0476c041f224174900a: 1386 ms
Input: 5000000,
Cold Start: false
Unique ID: 49237a837159682376910bbc59e6f9cc,
Execution Time for Trace ID 49237a837159682376910bbc59e6f9cc: 1637 ms
Input: 5000000,
Cold Start: false
Unique ID: 7ad13be83fac6907dfcd77f3952bd8e7,
Execution Time for Trace ID 7ad13be83fac6907dfcd77f3952bd8e7: 1948 ms
Input: 5000000,
Cold Start: false
Unique ID: 6f17d73d229ccfeffa0bd3b6825ebc55,
Execution Time for Trace ID 6f17d73d229ccfeffa0bd3b6825ebc55: 1438 ms
Input: 5000000,
Cold Start: false
Unique ID: aaa544b4b4448a38e0cca7ee0e50d481,
Execution Time for Trace ID aaa544b4b4448a38e0cca7ee0e50d481: 1504 ms
Input: 5000000,
Cold Start: false
Unique ID: 4eb24c5e205dcc542d0f77ca5f3b21b2,
Execution Time for Trace ID 4eb24c5e205dcc542d0f77ca5f3b21b2: 1419 ms
Input: 5000000,
Cold Start: false
Unique ID: 4a7c0a6de0580afd39cb4a336829cd0c,
Execution Time for Trace ID 4a7c0a6de0580afd39cb4a336829cd0c: 1415 ms
Input: 5000000,
Cold Start: false
Unique ID: d2753efab18fb4cb0aa95b93ffe44694,
Execution Time for Trace ID d2753efab18fb4cb0aa95b93ffe44694: 1470 ms
Input: 5000000,
Cold Start: false
Unique ID: 72f4d1ad06b87f47b8e267ad6f0d1f78,
Execution Time for Trace ID 72f4d1ad06b87f47b8e267ad6f0d1f78: 1740 ms
Input: 5000000,
Cold Start: false
Unique ID: 83e8d9a3a5fbec024fb856d92c3b8745,
Execution Time for Trace ID 83e8d9a3a5fbec024fb856d92c3b8745: 1418 ms
Input: 5000000,
Cold Start: false
Unique ID: e83f873f57653b5b130f47460bfcba19,
Execution Time for Trace ID e83f873f57653b5b130f47460bfcba19: 1673 ms
Input: 5000000,
Cold Start: false
Unique ID: 8b9178cfa17478925c04d3091d189138,
Execution Time for Trace ID 8b9178cfa17478925c04d3091d189138: 1494 ms
Input: 5000000,
Cold Start: false
Unique ID: 94bd9b2a4b4a3654832ddd0725b7f70d,
Execution Time for Trace ID 94bd9b2a4b4a3654832ddd0725b7f70d: 1943 ms
Input: 5000000,
Cold Start: false
Unique ID: 258ee25f9592ad0bdb221d7639e78616,
Execution Time for Trace ID 258ee25f9592ad0bdb221d7639e78616: 1428 ms
Input: 5000000,
Cold Start: false
Unique ID: a04d645ad759565c24ddbb75d8349c42,
Execution Time for Trace ID a04d645ad759565c24ddbb75d8349c42: 1940 ms
Input: 5000000,
Cold Start: false
Unique ID: 0c07e2be8d22d66cac04c71fab1fb6f6,
Execution Time for Trace ID 0c07e2be8d22d66cac04c71fab1fb6f6: 1416 ms
Input: 5000000,
Cold Start: false
Unique ID: 447dcb198f1903ad6cdd6bb2088c684b,
Execution Time for Trace ID 447dcb198f1903ad6cdd6bb2088c684b: 1854 ms
Input: 5000000,
Cold Start: false
Unique ID: ab086dd7d726b02782df7c6c71be5aad,
Execution Time for Trace ID ab086dd7d726b02782df7c6c71be5aad: 1448 ms
Input: 5000000,
Cold Start: false
Unique ID: 3be88eee1306a844ee5d73e3e1be1c05,
Execution Time for Trace ID 3be88eee1306a844ee5d73e3e1be1c05: 1603 ms
Input: 5000000,
Cold Start: false
Unique ID: d9f294ec213d446657eee398f68f8827,
Execution Time for Trace ID d9f294ec213d446657eee398f68f8827: 1412 ms
Input: 5000000,
Cold Start: false
Unique ID: 9794f1e1bbc02047b15ce28444e6576a,
Execution Time for Trace ID 9794f1e1bbc02047b15ce28444e6576a: 1834 ms
Input: 5000000,
Cold Start: false
Unique ID: f9d2014ab16f51d3e8c2de6606bfa54c,
Execution Time for Trace ID f9d2014ab16f51d3e8c2de6606bfa54c: 1381 ms
Input: 5000000,
Cold Start: false
Unique ID: fa3df95d03efb48bbb579b0cdd73f4be,
Execution Time for Trace ID fa3df95d03efb48bbb579b0cdd73f4be: 1362 ms
Input: 5000000,
Cold Start: false
Unique ID: d50ebf1863c97d375f1f6673f5f337d6,
Execution Time for Trace ID d50ebf1863c97d375f1f6673f5f337d6: 1455 ms
Input: 5000000,
Cold Start: false
Unique ID: e55bdcabd10bd6d281d374c3c53840f4,
Execution Time for Trace ID e55bdcabd10bd6d281d374c3c53840f4: 1344 ms
Input: 5000000,
Cold Start: false
Unique ID: 52d1753b42b063fb23c63761b9fb085f,
Execution Time for Trace ID 52d1753b42b063fb23c63761b9fb085f: 1882 ms
Input: 5000000,
Cold Start: false
Unique ID: b69887f0071410e203242a8f0afbace4,
Execution Time for Trace ID b69887f0071410e203242a8f0afbace4: 1525 ms
Input: 5000000,
Cold Start: false
Unique ID: 42624c76fecc3d6c0a3586a6111fc9cf,
Execution Time for Trace ID 42624c76fecc3d6c0a3586a6111fc9cf: 1793 ms
Input: 5000000,
Cold Start: false
Unique ID: 58947b1c374bf3ec6562fc774ae18985,
Execution Time for Trace ID 58947b1c374bf3ec6562fc774ae18985: 1629 ms
Input: 5000000,
Cold Start: false
Unique ID: 376d8d297c852f516030bc3312b44789,
Execution Time for Trace ID 376d8d297c852f516030bc3312b44789: 1425 ms
Input: 5000000,
Cold Start: false
Unique ID: a98289ce9b955daab3427b54553f34ae,
Execution Time for Trace ID a98289ce9b955daab3427b54553f34ae: 1789 ms
Input: 5000000,
Cold Start: false
Unique ID: 8d2f52d9a85b33166c7e5646c1d54660,
Execution Time for Trace ID 8d2f52d9a85b33166c7e5646c1d54660: 1517 ms
Input: 5000000,
Cold Start: false
Unique ID: ee62265ceaa7e59032c36724374b89ad,
Execution Time for Trace ID ee62265ceaa7e59032c36724374b89ad: 1421 ms
Input: 5000000,
Cold Start: false
Unique ID: 7bcf0fbabeb05de698c05cbaa5cba5ad,
Execution Time for Trace ID 7bcf0fbabeb05de698c05cbaa5cba5ad: 1390 ms
Input: 5000000,
Cold Start: false
Unique ID: 9c75232d462210987d738c839a2dae6d,
Execution Time for Trace ID 9c75232d462210987d738c839a2dae6d: 1588 ms
Input: 5000000,
Cold Start: false
Unique ID: ef8afb51e1c902035a18060d03b9fd71,
Execution Time for Trace ID ef8afb51e1c902035a18060d03b9fd71: 1550 ms
Input: 5000000,
Cold Start: false
Unique ID: 639825fdcfc6ad73ce8588256bfc755e,
Execution Time for Trace ID 639825fdcfc6ad73ce8588256bfc755e: 1423 ms
Input: 5000000,
Cold Start: false
Unique ID: 8564ac93b9a2346b981c6fdf9f29fd29,
Execution Time for Trace ID 8564ac93b9a2346b981c6fdf9f29fd29: 1645 ms
Input: 5000000,
Cold Start: false
Unique ID: 2633ab279f8e0cf9e596666d6788e5d7,
Execution Time for Trace ID 2633ab279f8e0cf9e596666d6788e5d7: 1490 ms
Input: 5000000,
Cold Start: false
Unique ID: a3e5a0ee8f6b61fa7edf84f604f36681,
Execution Time for Trace ID a3e5a0ee8f6b61fa7edf84f604f36681: 1403 ms
Input: 5000000,
Cold Start: false
Unique ID: 0cec421e0293bf87e2ea9fcfdc24ac7f,
Execution Time for Trace ID 0cec421e0293bf87e2ea9fcfdc24ac7f: 1389 ms
Input: 5000000,
Cold Start: false
Unique ID: 702664321c9fe2ace6ecf56590b5bb97,
Execution Time for Trace ID 702664321c9fe2ace6ecf56590b5bb97: 1359 ms
Input: 5000000,
Cold Start: false
Unique ID: 5ae92f295b9e77bb2d12435481fb3e7d,
Execution Time for Trace ID 5ae92f295b9e77bb2d12435481fb3e7d: 1833 ms
Input: 5000000,
Cold Start: false
Unique ID: ced1f09ad57d544c4e9ea72da983b7ba,
Execution Time for Trace ID ced1f09ad57d544c4e9ea72da983b7ba: 1669 ms
Input: 5000000,
Cold Start: false
Unique ID: 734c9e639b119d6ac6b626f7e04534ab,
Execution Time for Trace ID 734c9e639b119d6ac6b626f7e04534ab: 1507 ms
Input: 5000000,
Cold Start: false
Unique ID: 2a864fb9540abdb4b0eececa3ddc1674,
Execution Time for Trace ID 2a864fb9540abdb4b0eececa3ddc1674: 1571 ms
Input: 5000000,
Cold Start: false
Unique ID: f91e8df64f26f1080fd3a1907367bbc5,
Execution Time for Trace ID f91e8df64f26f1080fd3a1907367bbc5: 1486 ms
Input: 5000000,
Cold Start: false
Unique ID: 2f6e7be35d18608a170b386456451f65,
Execution Time for Trace ID 2f6e7be35d18608a170b386456451f65: 1420 ms
Input: 5000000,
Cold Start: false
Unique ID: ebaba79d7a5ac0532cc1ed8976c72686,
Execution Time for Trace ID ebaba79d7a5ac0532cc1ed8976c72686: 1403 ms
Input: 5000000,
Cold Start: false
Unique ID: 7d69df550816a72032ff1d9010b13430,
Execution Time for Trace ID 7d69df550816a72032ff1d9010b13430: 1676 ms
Input: 5000000,
Cold Start: false
Unique ID: ba61e5454e4b958bd03fbd8eedbf04cf,
Execution Time for Trace ID ba61e5454e4b958bd03fbd8eedbf04cf: 1426 ms
Input: 5000000,
Cold Start: false
Unique ID: 80adc941ea77a4832db66a4b102cb6b1,
Execution Time for Trace ID 80adc941ea77a4832db66a4b102cb6b1: 1571 ms
Input: 5000000,
Cold Start: false
Unique ID: cdc22494c826300036e4cb5c9705987b,
Execution Time for Trace ID cdc22494c826300036e4cb5c9705987b: 1346 ms
Input: 5000000,
Cold Start: false
Unique ID: 215fc5348f5e8ea9b1569c2448d6254d,
Execution Time for Trace ID 215fc5348f5e8ea9b1569c2448d6254d: 1407 ms
Input: 5000000,
Cold Start: false
Unique ID: 149130764a0aee26be62f256bfc9c86d,
Execution Time for Trace ID 149130764a0aee26be62f256bfc9c86d: 1893 ms
Input: 5000000,
Cold Start: false
Unique ID: bbb60f54a63a148166d42511765523e3,
Execution Time for Trace ID bbb60f54a63a148166d42511765523e3: 1327 ms
Input: 5000000,
Cold Start: false
Unique ID: bffc87ec5f20221d5461d2248e4375d5,
Execution Time for Trace ID bffc87ec5f20221d5461d2248e4375d5: 1754 ms
Input: 5000000,
Cold Start: false
Unique ID: 1ac195cce28328d9dc0631c561f7b2c0,
Execution Time for Trace ID 1ac195cce28328d9dc0631c561f7b2c0: 1510 ms
Input: 5000000,
Cold Start: false
Unique ID: 19603990444058bd8d449a89884a6e72,
Execution Time for Trace ID 19603990444058bd8d449a89884a6e72: 2083 ms
Input: 5000000,
Cold Start: false
Unique ID: 735ccba548c36f29e616481f856878a4,
Execution Time for Trace ID 735ccba548c36f29e616481f856878a4: 1506 ms
Input: 5000000,
Cold Start: false
Unique ID: 3a902b7368e17eff308a2ae0ecb50ecb,
Execution Time for Trace ID 3a902b7368e17eff308a2ae0ecb50ecb: 2061 ms
Input: 5000000,
Cold Start: false
Unique ID: 8a6971575943a144db6c180f0ac13a47,
Execution Time for Trace ID 8a6971575943a144db6c180f0ac13a47: 1613 ms
Input: 5000000,
Cold Start: false
Unique ID: 950168d034d7b208dbfd24c7fdcb5d84,
Execution Time for Trace ID 950168d034d7b208dbfd24c7fdcb5d84: 1893 ms
Input: 5000000,
Cold Start: false
Unique ID: f646e1ef27120bafb80fa568e9793700,
Execution Time for Trace ID f646e1ef27120bafb80fa568e9793700: 1624 ms
Input: 5000000,
Cold Start: false
Unique ID: 5afbcf4e138380f1abcdc4c316c3bc5e,
Execution Time for Trace ID 5afbcf4e138380f1abcdc4c316c3bc5e: 1442 ms
Input: 5000000,
Cold Start: false
Unique ID: a63d2a96107349753648b62e28f5b3ec,
Execution Time for Trace ID a63d2a96107349753648b62e28f5b3ec: 1977 ms
Input: 5000000,
Cold Start: false
Unique ID: abe536da8c1ccc766a575cb4d4de24e1,
Execution Time for Trace ID abe536da8c1ccc766a575cb4d4de24e1: 1521 ms
Input: 5000000,
Cold Start: false
Unique ID: 93cb8ea0184330a3f6c41df18a42c7c1,
Execution Time for Trace ID 93cb8ea0184330a3f6c41df18a42c7c1: 1800 ms
Input: 5000000,
Cold Start: false
Unique ID: ac36af35654339fc496de4c349895f10,
Execution Time for Trace ID ac36af35654339fc496de4c349895f10: 1573 ms
Input: 5000000,
Cold Start: false
Unique ID: 3e723f4d313ac563dadba232f34fa23f,
Execution Time for Trace ID 3e723f4d313ac563dadba232f34fa23f: 1565 ms
Input: 5000000,
Cold Start: false
Unique ID: 0385fedec3b32725dac26d8a8f4aacc3,
Execution Time for Trace ID 0385fedec3b32725dac26d8a8f4aacc3: 1407 ms
Input: 5000000,
Cold Start: false
Unique ID: 787fbc5b0f41a8cabd8dd423e00f9902,
Execution Time for Trace ID 787fbc5b0f41a8cabd8dd423e00f9902: 2165 ms
Input: 5000000,
Cold Start: false
Unique ID: a4ee2f5318526920249501c240a43110,
Execution Time for Trace ID a4ee2f5318526920249501c240a43110: 1542 ms
Input: 5000000,
Cold Start: false
Unique ID: 0079ac4ec2a842a5753258548fa17541,
Execution Time for Trace ID 0079ac4ec2a842a5753258548fa17541: 1637 ms
Input: 5000000,
Cold Start: false
Unique ID: 72b52676223bec7f92c5cf455af64ebf,
Execution Time for Trace ID 72b52676223bec7f92c5cf455af64ebf: 1594 ms
Input: 5000000,
Cold Start: false
Unique ID: 478c097e4fbd8b9ad1b7c6bb1621d5b6,
Execution Time for Trace ID 478c097e4fbd8b9ad1b7c6bb1621d5b6: 1377 ms
Input: 5000000,
Cold Start: false
Unique ID: 765d73d586e16700a016a842229ef374,
Execution Time for Trace ID 765d73d586e16700a016a842229ef374: 1631 ms
Input: 5000000,
Cold Start: false
Unique ID: cf2c618a3c7cd7312787b761946bf652,
Execution Time for Trace ID cf2c618a3c7cd7312787b761946bf652: 1441 ms
Input: 5000000,
Cold Start: false
Unique ID: a0bac0b1f6b5bbc58d90221e073acb00,
Execution Time for Trace ID a0bac0b1f6b5bbc58d90221e073acb00: 1602 ms
Input: 5000000,
Cold Start: false
Unique ID: 3eeb2cd94eff450bf040a2b130a91eb2,
Execution Time for Trace ID 3eeb2cd94eff450bf040a2b130a91eb2: 1857 ms
Input: 5000000,
Cold Start: false
Unique ID: 1cd46f490610d423e6ee3966ed862cf7,
Execution Time for Trace ID 1cd46f490610d423e6ee3966ed862cf7: 1553 ms
Input: 5000000,
Cold Start: false
Unique ID: b7877fe8493b1c68524b4637b03a8fe5,
Execution Time for Trace ID b7877fe8493b1c68524b4637b03a8fe5: 1451 ms
Input: 5000000,
Cold Start: false
Unique ID: 7817b464abb4708cf6bbfef0d53bb208,
Execution Time for Trace ID 7817b464abb4708cf6bbfef0d53bb208: 1433 ms
Input: 5000000,
Cold Start: false
Unique ID: 8a69f98d93c76f0e43693e4806eeca77,
Execution Time for Trace ID 8a69f98d93c76f0e43693e4806eeca77: 1553 ms
Input: 5000000,
Cold Start: false
Unique ID: db6a71092642f5baafc6ea04f4eb3369,
Execution Time for Trace ID db6a71092642f5baafc6ea04f4eb3369: 1482 ms
Input: 5000000,
Cold Start: false
Unique ID: a8f0a35bef85a8d831beb3d030419f56,
Execution Time for Trace ID a8f0a35bef85a8d831beb3d030419f56: 1699 ms
Input: 5000000,
Cold Start: false
Unique ID: 095928323ce2be258c8fdba68af9e17d,
Execution Time for Trace ID 095928323ce2be258c8fdba68af9e17d: 1882 ms
Input: 5000000,
Cold Start: false
Unique ID: dcaa90584746c18a2f1fda7329acf869,
Execution Time for Trace ID dcaa90584746c18a2f1fda7329acf869: 1924 ms
Input: 5000000,
Cold Start: false
Unique ID: 823a77100f9cf84d4a0e8c907b539920,
Execution Time for Trace ID 823a77100f9cf84d4a0e8c907b539920: 1722 ms
Input: 5000000,
Cold Start: false
Unique ID: 5a3df880c9aa435360a367b91c0b4fab,
Execution Time for Trace ID 5a3df880c9aa435360a367b91c0b4fab: 1618 ms
Input: 5000000,
Cold Start: false
Unique ID: c8211a1967eca41075a8c944f2b027d1,
Execution Time for Trace ID c8211a1967eca41075a8c944f2b027d1: 2300 ms
Input: 5000000,
Cold Start: false
Unique ID: 1a6365b8f302bd030c6c1f6a1fba53f1,
Execution Time for Trace ID 1a6365b8f302bd030c6c1f6a1fba53f1: 1715 ms
Input: 5000000,
Cold Start: false
Unique ID: 947447cbb47f33702b62415f18711b06,
Execution Time for Trace ID 947447cbb47f33702b62415f18711b06: 1555 ms
Input: 5000000,
Cold Start: false
Unique ID: 383e7e728132e9af79335f83a7d43db0,
Execution Time for Trace ID 383e7e728132e9af79335f83a7d43db0: 1389 ms
Input: 5000000,
Cold Start: false
Unique ID: db569d97b2c6f40bb56772216b4d3cec,
Execution Time for Trace ID db569d97b2c6f40bb56772216b4d3cec: 1498 ms
Input: 5000000,
Cold Start: false
Unique ID: 7c5473b59cb03f74fd4b962a1ab8cf6e,
Execution Time for Trace ID 7c5473b59cb03f74fd4b962a1ab8cf6e: 1397 ms
Input: 5000000,
Cold Start: false
Unique ID: ffb0a43e8e06191dd88be843173752c7,
Execution Time for Trace ID ffb0a43e8e06191dd88be843173752c7: 1517 ms
Input: 5000000,
Cold Start: false
Unique ID: 0d58c21f5ced12bb003dc8d9c6dac4a6,
Execution Time for Trace ID 0d58c21f5ced12bb003dc8d9c6dac4a6: 1609 ms
Input: 5000000,
Cold Start: false
Unique ID: 1d8f5b2c8d392b15f9917e2c6a9c28c9,
Execution Time for Trace ID 1d8f5b2c8d392b15f9917e2c6a9c28c9: 1515 ms
Input: 5000000,
Cold Start: false
Unique ID: f95ac666f82786a9666bbab21b7443c6,
Execution Time for Trace ID f95ac666f82786a9666bbab21b7443c6: 1465 ms
Input: 5000000,
Cold Start: false
Unique ID: 8699ddb50246c66d74e5d262504a0a16,
Execution Time for Trace ID 8699ddb50246c66d74e5d262504a0a16: 1504 ms
Input: 5000000,
Cold Start: false
Unique ID: 8c7b8d76279e7ebda73e0946f87ed834,
Execution Time for Trace ID 8c7b8d76279e7ebda73e0946f87ed834: 1345 ms
Input: 5000000,
Cold Start: false
Unique ID: e772d8d04fca17a1b235c76c9d779ea2,
Execution Time for Trace ID e772d8d04fca17a1b235c76c9d779ea2: 1352 ms
Input: 5000000,
Cold Start: false
Unique ID: e16a1a006624c250fdbc01cbb9224eea,
Execution Time for Trace ID e16a1a006624c250fdbc01cbb9224eea: 1580 ms
Input: 5000000,
Cold Start: false
Unique ID: d9fdadddd02e318e9ee874a41356d382,
Execution Time for Trace ID d9fdadddd02e318e9ee874a41356d382: 1393 ms
Input: 5000000,
Cold Start: false
Unique ID: b3c3a1066597494750cb17e116d73d4f,
Execution Time for Trace ID b3c3a1066597494750cb17e116d73d4f: 1618 ms
Input: 5000000,
Cold Start: false
Unique ID: e1138e0089f833d70c389794325e92b7,
Execution Time for Trace ID e1138e0089f833d70c389794325e92b7: 1617 ms
Input: 5000000,
Cold Start: false
Unique ID: 9cd03941541a9f855e335de206f4aaa6,
Execution Time for Trace ID 9cd03941541a9f855e335de206f4aaa6: 1353 ms
Input: 5000000,
Cold Start: false
Unique ID: 6c8c1dee9877d165d8c0046dafbc43da,
Execution Time for Trace ID 6c8c1dee9877d165d8c0046dafbc43da: 1995 ms
Input: 5000000,
Cold Start: false
Unique ID: 048af284ba88fa3f08d4d0f266962085,
Execution Time for Trace ID 048af284ba88fa3f08d4d0f266962085: 1352 ms
Input: 5000000,
Cold Start: false
Unique ID: c5571871ddb0251fd29bf6b6943741c6,
Execution Time for Trace ID c5571871ddb0251fd29bf6b6943741c6: 1696 ms
Input: 5000000,
Cold Start: false
Unique ID: 328bbdbd248209c772cf47deba2ea33f,
Execution Time for Trace ID 328bbdbd248209c772cf47deba2ea33f: 2181 ms
Input: 5000000,
Cold Start: false
Unique ID: ceb809758e6f43dbe53ec574040a0846,
Execution Time for Trace ID ceb809758e6f43dbe53ec574040a0846: 1394 ms
Input: 5000000,
Cold Start: false
Unique ID: fb05f2d7ee7df36471f7b705143694ac,
Execution Time for Trace ID fb05f2d7ee7df36471f7b705143694ac: 1479 ms
Input: 5000000,
Cold Start: false
Unique ID: 16c3f04228c2a5dab4c24e203a10ae70,
Execution Time for Trace ID 16c3f04228c2a5dab4c24e203a10ae70: 1567 ms
Input: 5000000,
Cold Start: false
Unique ID: 5f85aa1d703a56d45be4577d26000403,
Execution Time for Trace ID 5f85aa1d703a56d45be4577d26000403: 1993 ms
Input: 5000000,
Cold Start: false
Unique ID: ddeb669393c933e92841d3b1c464e4a2,
Execution Time for Trace ID ddeb669393c933e92841d3b1c464e4a2: 2214 ms
Input: 5000000,
Cold Start: false
Unique ID: f2a45d70cea751a96da9337ccd595af2,
Execution Time for Trace ID f2a45d70cea751a96da9337ccd595af2: 1561 ms
Input: 5000000,
Cold Start: false
Unique ID: 5a08c9ce8dddb91ef7e0f2d67dc773d3,
Execution Time for Trace ID 5a08c9ce8dddb91ef7e0f2d67dc773d3: 1617 ms
Input: 5000000,
Cold Start: false
Unique ID: 20669f5ea3ba22d5af180307cc03349c,
Execution Time for Trace ID 20669f5ea3ba22d5af180307cc03349c: 2282 ms
Input: 5000000,
Cold Start: false
Unique ID: 9ec7dbabc6573343126e202322fbfe0b,
Execution Time for Trace ID 9ec7dbabc6573343126e202322fbfe0b: 1389 ms
Input: 5000000,
Cold Start: false
Unique ID: 5c57a774526ae2df9070e103b0f7e0a6,
Execution Time for Trace ID 5c57a774526ae2df9070e103b0f7e0a6: 1995 ms
Input: 5000000,
Cold Start: false
Unique ID: 8614985e410f01dda06f34d73cbff320,
Execution Time for Trace ID 8614985e410f01dda06f34d73cbff320: 1684 ms
Input: 5000000,
Cold Start: false
Unique ID: 5b7d3e9ba70290749066f06ad168dd4c,
Execution Time for Trace ID 5b7d3e9ba70290749066f06ad168dd4c: 1390 ms
Input: 5000000,
Cold Start: false
Unique ID: 7afb707837a9b3c06432d146f6a01e5f,
Execution Time for Trace ID 7afb707837a9b3c06432d146f6a01e5f: 1551 ms
Input: 5000000,
Cold Start: false
Unique ID: 78aa070c755ee0c38da7ac21c0e124d1,
Execution Time for Trace ID 78aa070c755ee0c38da7ac21c0e124d1: 1512 ms
Input: 5000000,
Cold Start: false
Unique ID: 2988f4e34d524be61ee6fb92817a2e39,
Execution Time for Trace ID 2988f4e34d524be61ee6fb92817a2e39: 1347 ms
Input: 5000000,
Cold Start: false
Unique ID: 7f216eee4100f0a60ff7189e99bb829c,
Execution Time for Trace ID 7f216eee4100f0a60ff7189e99bb829c: 1596 ms
Input: 5000000,
Cold Start: false
Unique ID: 462bf415c225f50414c0a2790bedef6d,
Execution Time for Trace ID 462bf415c225f50414c0a2790bedef6d: 1427 ms
Input: 5000000,
Cold Start: false
Unique ID: 902d44c74f3dc4ac8289f8d41a8cd204,
Execution Time for Trace ID 902d44c74f3dc4ac8289f8d41a8cd204: 1479 ms
Input: 5000000,
Cold Start: false
Unique ID: 41b47fc478eaaff18ef2f697ac994754,
Execution Time for Trace ID 41b47fc478eaaff18ef2f697ac994754: 1779 ms
Input: 5000000,
Cold Start: false
Unique ID: c885e18744a44829ae1dab0193c0c132,
Execution Time for Trace ID c885e18744a44829ae1dab0193c0c132: 1450 ms
Input: 5000000,
Cold Start: false
Unique ID: fa8372e3ccab31c61fb63ab66d8dcd59,
Execution Time for Trace ID fa8372e3ccab31c61fb63ab66d8dcd59: 1689 ms
Input: 5000000,
Cold Start: false
Unique ID: cec177b83c8cc6aa24db7d41d912324a,
Execution Time for Trace ID cec177b83c8cc6aa24db7d41d912324a: 1455 ms
Input: 5000000,
Cold Start: false
Unique ID: b1a67dc4b13889f5315d7728e9683183,
Execution Time for Trace ID b1a67dc4b13889f5315d7728e9683183: 2136 ms
Input: 5000000,
Cold Start: false
Unique ID: 5bf49e85bf59fd6c5be12d87e8a7d8a0,
Execution Time for Trace ID 5bf49e85bf59fd6c5be12d87e8a7d8a0: 1386 ms
Input: 5000000,
Cold Start: false
Unique ID: 853c891dc8969fcf36b9faef9a49a1e2,
Execution Time for Trace ID 853c891dc8969fcf36b9faef9a49a1e2: 1918 ms
Input: 5000000,
Cold Start: false
Unique ID: f0289d66dc0c13f9b1dd0548d5947287,
Execution Time for Trace ID f0289d66dc0c13f9b1dd0548d5947287: 1365 ms
Input: 5000000,
Cold Start: false
Unique ID: d4bcd1d2f4f0f143008e17d29122cff1,
Execution Time for Trace ID d4bcd1d2f4f0f143008e17d29122cff1: 2032 ms
Input: 5000000,
Cold Start: false
Unique ID: bcaa822feb26ec464a62732228eddd51,
Execution Time for Trace ID bcaa822feb26ec464a62732228eddd51: 1430 ms
Input: 5000000,
Cold Start: false
Unique ID: cdb8a7bcae2c88bf2416a2a6c466d78e,
Execution Time for Trace ID cdb8a7bcae2c88bf2416a2a6c466d78e: 1864 ms
Input: 5000000,
Cold Start: false
Unique ID: 789194d6e1d08031eb0c4f9167009804,
Execution Time for Trace ID 789194d6e1d08031eb0c4f9167009804: 1349 ms
Input: 5000000,
Cold Start: false
Unique ID: 5ec736a7d88ccb60fab0879f4550bc28,
Execution Time for Trace ID 5ec736a7d88ccb60fab0879f4550bc28: 1578 ms
Input: 5000000,
Cold Start: false
Unique ID: 60bfad8f37f1e03e79098d20bedc8fa5,
Execution Time for Trace ID 60bfad8f37f1e03e79098d20bedc8fa5: 1987 ms
Input: 5000000,
Cold Start: false
Unique ID: 5d08709032f5426d5ca42ec82aed8682,
Execution Time for Trace ID 5d08709032f5426d5ca42ec82aed8682: 1532 ms
Input: 5000000,
Cold Start: false
Unique ID: 037991925a32bb4cb631a3907fb93311,
Execution Time for Trace ID 037991925a32bb4cb631a3907fb93311: 1414 ms
Input: 5000000,
Cold Start: false
Unique ID: cbd98a14d315ae8f83421c1d58d65df9,
Execution Time for Trace ID cbd98a14d315ae8f83421c1d58d65df9: 1899 ms
Input: 5000000,
Cold Start: false
Unique ID: 7fa43fec9f15f9f86b8dd8456a6eeb7a,
Execution Time for Trace ID 7fa43fec9f15f9f86b8dd8456a6eeb7a: 2116 ms
Input: 5000000,
Cold Start: false
Unique ID: b0bc4e0bd5ef8ccbfdcaee31c0dc9903,
Execution Time for Trace ID b0bc4e0bd5ef8ccbfdcaee31c0dc9903: 1488 ms
Input: 5000000,
Cold Start: false
Unique ID: 11b865f79260b940ee12265a1b28a02e,
Execution Time for Trace ID 11b865f79260b940ee12265a1b28a02e: 1490 ms
Input: 5000000,
Cold Start: false
Unique ID: fe69179cc06f1fe49010c04d6a7b89d2,
Execution Time for Trace ID fe69179cc06f1fe49010c04d6a7b89d2: 1919 ms
Input: 5000000,
Cold Start: false
Unique ID: 82fd368c70e79ea88a30a71ecd6edd4a,
Execution Time for Trace ID 82fd368c70e79ea88a30a71ecd6edd4a: 1534 ms
Input: 5000000,
Cold Start: false
Unique ID: 81c152ca401300df04c81d730a253375,
Execution Time for Trace ID 81c152ca401300df04c81d730a253375: 1453 ms
Input: 5000000,
Cold Start: false
Unique ID: b16a567a74b9fe4a838da0d406b9652c,
Execution Time for Trace ID b16a567a74b9fe4a838da0d406b9652c: 1881 ms
Input: 5000000,
Cold Start: false
Unique ID: 4b032dc8ceb46b5d5faef73756e579d9,
Execution Time for Trace ID 4b032dc8ceb46b5d5faef73756e579d9: 1504 ms
Input: 5000000,
Cold Start: false
Unique ID: 88dc60f62c9fe887c7523d2fe2caf554,
Execution Time for Trace ID 88dc60f62c9fe887c7523d2fe2caf554: 1398 ms
Input: 5000000,
Cold Start: false
Unique ID: d39281f0253d95c8ad3aafbf367fa255,
Execution Time for Trace ID d39281f0253d95c8ad3aafbf367fa255: 2003 ms
Input: 5000000,
Cold Start: false
Unique ID: c6550158773c38868aee28181c0da447,
Execution Time for Trace ID c6550158773c38868aee28181c0da447: 1615 ms
Input: 5000000,
Cold Start: false
Unique ID: 3b1e1b5cb60d6c5971d068e6cc19af83,
Execution Time for Trace ID 3b1e1b5cb60d6c5971d068e6cc19af83: 1498 ms
Input: 5000000,
Cold Start: false
Unique ID: 7f246c2d3be87ca3574e3874ad5b4778,
Execution Time for Trace ID 7f246c2d3be87ca3574e3874ad5b4778: 1354 ms
Input: 5000000,
Cold Start: false
Unique ID: 1498ebbcc3602d377c341726b4f72f5d,
Execution Time for Trace ID 1498ebbcc3602d377c341726b4f72f5d: 1336 ms
Input: 5000000,
Cold Start: false
Unique ID: 742d27762eebe2f5ed41518444c68913,
Execution Time for Trace ID 742d27762eebe2f5ed41518444c68913: 1467 ms
Input: 5000000,
Cold Start: false
Unique ID: 21330f21b39f3d94b03ddf3fb327837b,
Execution Time for Trace ID 21330f21b39f3d94b03ddf3fb327837b: 1745 ms
Input: 5000000,
Cold Start: true
Unique ID: cf15c8f4a04b7196d77c075851ea676c,
Execution Time for Trace ID cf15c8f4a04b7196d77c075851ea676c: 1704 ms
Input: 5000000,
Cold Start: false
Unique ID: bf498e2f7061677ecd44d5d2af68fb67,
Execution Time for Trace ID bf498e2f7061677ecd44d5d2af68fb67: 1585 ms
Input: 5000000,
Cold Start: false
Unique ID: fadbbb167cc0360d637892ef84485125,
Execution Time for Trace ID fadbbb167cc0360d637892ef84485125: 1546 ms
Input: 5000000,
Cold Start: false
Unique ID: acce8f7f603fd921954758a1663e1274,
Execution Time for Trace ID acce8f7f603fd921954758a1663e1274: 2196 ms
Input: 5000000,
Cold Start: false
Unique ID: 2b28975b1498d9c76f502c0dacaf1574,
Execution Time for Trace ID 2b28975b1498d9c76f502c0dacaf1574: 1707 ms
Input: 5000000,
Cold Start: false
Unique ID: 0c6006a31d2bb2c3161737ea10dd90d6,
Execution Time for Trace ID 0c6006a31d2bb2c3161737ea10dd90d6: 2196 ms
Input: 5000000,
Cold Start: false
Unique ID: a20aa297fbb8cc57be05b67c0fa0b176,
Execution Time for Trace ID a20aa297fbb8cc57be05b67c0fa0b176: 1722 ms
Input: 5000000,
Cold Start: false
Unique ID: cdfb5ffc7cc1939b42cf9125998a0e33,
Execution Time for Trace ID cdfb5ffc7cc1939b42cf9125998a0e33: 1393 ms
Input: 5000000,
Cold Start: false
Unique ID: e380572dc9498a48ffedbdf66f3b4018,
Execution Time for Trace ID e380572dc9498a48ffedbdf66f3b4018: 1822 ms
Input: 5000000,
Cold Start: false
Unique ID: 91220d59346446f4f34d2704787735f1,
Execution Time for Trace ID 91220d59346446f4f34d2704787735f1: 1534 ms
Input: 5000000,
Cold Start: false
Unique ID: a44c7ac81f0332f4f23dee414434535e,
Execution Time for Trace ID a44c7ac81f0332f4f23dee414434535e: 1424 ms
Input: 5000000,
Cold Start: false
Unique ID: 381189dbe26d102cce9f55eaa36e2cbf,
Execution Time for Trace ID 381189dbe26d102cce9f55eaa36e2cbf: 1386 ms
Input: 5000000,
Cold Start: false
Unique ID: b2a1dbf6dee5f099605dc9f44eb12bd6,
Execution Time for Trace ID b2a1dbf6dee5f099605dc9f44eb12bd6: 1510 ms
Input: 5000000,
Cold Start: false
Unique ID: 1353e7aa90f8bca6fe430d8eda8462e4,
Execution Time for Trace ID 1353e7aa90f8bca6fe430d8eda8462e4: 1449 ms
Input: 5000000,
Cold Start: false
Unique ID: 2d9a2bb26b6f05035c331f76ff011a8d,
Execution Time for Trace ID 2d9a2bb26b6f05035c331f76ff011a8d: 1486 ms
Input: 5000000,
Cold Start: false
Unique ID: a027c432b3d3d70c4b74f7b89e0c26e3,
Execution Time for Trace ID a027c432b3d3d70c4b74f7b89e0c26e3: 1597 ms
Input: 5000000,
Cold Start: false
Unique ID: fac63f863c656458567d061607172507,
Execution Time for Trace ID fac63f863c656458567d061607172507: 1497 ms
Input: 5000000,
Cold Start: false
Unique ID: e89e7369506e8536023775048723fed3,
Execution Time for Trace ID e89e7369506e8536023775048723fed3: 1435 ms
Input: 5000000,
Cold Start: false
Unique ID: 5e1914ff9554fa951a6f639d6de8ccd3,
Execution Time for Trace ID 5e1914ff9554fa951a6f639d6de8ccd3: 1717 ms
Input: 5000000,
Cold Start: false
Unique ID: cb7c477d0026223ac1fca578993ed407,
Execution Time for Trace ID cb7c477d0026223ac1fca578993ed407: 1479 ms
Input: 5000000,
Cold Start: false
Unique ID: 9263d5ade2020d374aecd073ddf51aa7,
Execution Time for Trace ID 9263d5ade2020d374aecd073ddf51aa7: 1413 ms
Input: 5000000,
Cold Start: false
Unique ID: 71f4bb785ea3a6fa4d22bef3c130554a,
Execution Time for Trace ID 71f4bb785ea3a6fa4d22bef3c130554a: 1917 ms
Input: 5000000,
Cold Start: false
Unique ID: a715915f776e10c2b10dba6a21a7ea43,
Execution Time for Trace ID a715915f776e10c2b10dba6a21a7ea43: 1473 ms
Input: 5000000,
Cold Start: false
Unique ID: 4330b8dc488cc93bfebc677889a72e5f,
Execution Time for Trace ID 4330b8dc488cc93bfebc677889a72e5f: 1421 ms
Input: 5000000,
Cold Start: false
Unique ID: c69a4889eedfa806fe5a0544c5b5a61b,
Execution Time for Trace ID c69a4889eedfa806fe5a0544c5b5a61b: 1394 ms
Input: 5000000,
Cold Start: false
Unique ID: a10b91cef1469d739f418108b5330b2b,
Execution Time for Trace ID a10b91cef1469d739f418108b5330b2b: 1783 ms
Input: 5000000,
Cold Start: false
Unique ID: 8cb58b1d52e21707bbfaa4a9c95caaec,
Execution Time for Trace ID 8cb58b1d52e21707bbfaa4a9c95caaec: 1594 ms
Input: 5000000,
Cold Start: false
Unique ID: c0611289fb7de4472a665fad4bbf8736,
Execution Time for Trace ID c0611289fb7de4472a665fad4bbf8736: 1332 ms
Input: 5000000,
Cold Start: false
Unique ID: e3c49b12b364e7cc8fbbfe40a163c43e,
Execution Time for Trace ID e3c49b12b364e7cc8fbbfe40a163c43e: 1562 ms
Input: 5000000,
Cold Start: false
Unique ID: 7e44e244788bba39fe9d6acdf5fc6f65,
Execution Time for Trace ID 7e44e244788bba39fe9d6acdf5fc6f65: 1736 ms
Input: 5000000,
Cold Start: false
Unique ID: 5d87f7ef76bb5f93e3ea3f3c307cc15d,
Execution Time for Trace ID 5d87f7ef76bb5f93e3ea3f3c307cc15d: 1346 ms
Input: 5000000,
Cold Start: false
Unique ID: d6a8053a63a284d4ae1782f3b3999c1a,
Execution Time for Trace ID d6a8053a63a284d4ae1782f3b3999c1a: 1587 ms
Input: 5000000,
Cold Start: false
Unique ID: c99eccdb122320c4572b11b257215278,
Execution Time for Trace ID c99eccdb122320c4572b11b257215278: 1420 ms
Input: 5000000,
Cold Start: false
Unique ID: 4c47639840fb193bc9d9a472e0439521,
Execution Time for Trace ID 4c47639840fb193bc9d9a472e0439521: 1630 ms
Input: 5000000,
Cold Start: false
Unique ID: 57dc2a77103e5b4ee43c531590e0c12a,
Execution Time for Trace ID 57dc2a77103e5b4ee43c531590e0c12a: 1723 ms
Input: 5000000,
Cold Start: false
Unique ID: d467c2b0da146416709e470a1387d7f6,
Execution Time for Trace ID d467c2b0da146416709e470a1387d7f6: 1952 ms
Input: 5000000,
Cold Start: false
Unique ID: fc28fe27b70d585371c8f733afa1b460,
Execution Time for Trace ID fc28fe27b70d585371c8f733afa1b460: 1377 ms
Input: 5000000,
Cold Start: false
Unique ID: 8579b277b6947a126cb974152a0baeee,
Execution Time for Trace ID 8579b277b6947a126cb974152a0baeee: 1405 ms
Input: 5000000,
Cold Start: false
Unique ID: 6a14b4f6aeb19721b172b3902c0074e7,
Execution Time for Trace ID 6a14b4f6aeb19721b172b3902c0074e7: 1817 ms
Input: 5000000,
Cold Start: false
Unique ID: 2cc19fa06facf038e0faa0fbc14fc6ce,
Execution Time for Trace ID 2cc19fa06facf038e0faa0fbc14fc6ce: 1494 ms
Input: 5000000,
Cold Start: false
Unique ID: a2c1858636ec49767dd0d91983fde4f8,
Execution Time for Trace ID a2c1858636ec49767dd0d91983fde4f8: 1641 ms
Input: 5000000,
Cold Start: false
Unique ID: 3876a177285ba164fa0554ab68d28ae5,
Execution Time for Trace ID 3876a177285ba164fa0554ab68d28ae5: 1592 ms
Input: 5000000,
Cold Start: false
Unique ID: 5d115ace4d06e143c2c7881e2c8142c9,
Execution Time for Trace ID 5d115ace4d06e143c2c7881e2c8142c9: 1594 ms
Input: 5000000,
Cold Start: false
Unique ID: 1ededf3a6bc06dd591181d8976605ab1,
Execution Time for Trace ID 1ededf3a6bc06dd591181d8976605ab1: 1400 ms
Input: 5000000,
Cold Start: false
Unique ID: 39576aa5bdaf0838dfbc66e86dcc8ac5,
Execution Time for Trace ID 39576aa5bdaf0838dfbc66e86dcc8ac5: 1701 ms
Input: 5000000,
Cold Start: false
Unique ID: 7a82af204969d903236aa2128f2f777a,
Execution Time for Trace ID 7a82af204969d903236aa2128f2f777a: 1935 ms
Input: 5000000,
Cold Start: false
Unique ID: 59744710ad78950a0060d4c834f5ff34,
Execution Time for Trace ID 59744710ad78950a0060d4c834f5ff34: 1418 ms
Input: 5000000,
Cold Start: false
Unique ID: 4c4a76c8d821084b96b50faea9f6dfbc,
Execution Time for Trace ID 4c4a76c8d821084b96b50faea9f6dfbc: 1946 ms
Input: 5000000,
Cold Start: false
Unique ID: 70de132253aaef6144d2808a6d0a6148,
Execution Time for Trace ID 70de132253aaef6144d2808a6d0a6148: 1696 ms
Input: 5000000,
Cold Start: false
Unique ID: 05391ce6f1e50a57927ae8a0686c6b35,
Execution Time for Trace ID 05391ce6f1e50a57927ae8a0686c6b35: 1696 ms
Input: 5000000,
Cold Start: false
Unique ID: 00eace205d2676708096b6ccbf110bea,
Execution Time for Trace ID 00eace205d2676708096b6ccbf110bea: 1515 ms
Input: 5000000,
Cold Start: false
Unique ID: 8a68e770ce698f026e8f5b0524644c41,
Execution Time for Trace ID 8a68e770ce698f026e8f5b0524644c41: 1914 ms
Input: 5000000,
Cold Start: false
Unique ID: a369003c8ddd3ef8e4fe4bf7252c3792,
Execution Time for Trace ID a369003c8ddd3ef8e4fe4bf7252c3792: 1585 ms
Input: 5000000,
Cold Start: false
Unique ID: fc347f98828b9e620982b99db2e2407e,
Execution Time for Trace ID fc347f98828b9e620982b99db2e2407e: 1415 ms
Input: 5000000,
Cold Start: false
Unique ID: 7c7feeabeb4bc6bad8ed3075159d7a8f,
Execution Time for Trace ID 7c7feeabeb4bc6bad8ed3075159d7a8f: 1838 ms
Input: 5000000,
Cold Start: false
Unique ID: e7088f801b16fe62c95566ad455f0d93,
Execution Time for Trace ID e7088f801b16fe62c95566ad455f0d93: 1682 ms
Input: 5000000,
Cold Start: false
Unique ID: ba0496aff21592fdc35a1c134c7a97cb,
Execution Time for Trace ID ba0496aff21592fdc35a1c134c7a97cb: 1439 ms
Input: 5000000,
Cold Start: false
Unique ID: d398f37d9cd0b5b79226917d8a7e81ba,
Execution Time for Trace ID d398f37d9cd0b5b79226917d8a7e81ba: 1353 ms
Input: 5000000,
Cold Start: false
Unique ID: 869a33e0114abaf020f41f2f853fd751,
Execution Time for Trace ID 869a33e0114abaf020f41f2f853fd751: 1704 ms
Input: 5000000,
Cold Start: false
Unique ID: 4ef5fc4a10a8c390b90b164108183691,
Execution Time for Trace ID 4ef5fc4a10a8c390b90b164108183691: 1482 ms
Input: 5000000,
Cold Start: false
Unique ID: f4db465e69a524b8032a1b425b697310,
Execution Time for Trace ID f4db465e69a524b8032a1b425b697310: 1492 ms
Input: 5000000,
Cold Start: false
Unique ID: bdea37fe6e7ff26058307f061a84796e,
Execution Time for Trace ID bdea37fe6e7ff26058307f061a84796e: 1777 ms
Input: 5000000,
Cold Start: false
Unique ID: bde47d65fc07b65b9a36ee31f79dc0b2,
Execution Time for Trace ID bde47d65fc07b65b9a36ee31f79dc0b2: 1591 ms
Input: 5000000,
Cold Start: false
Unique ID: 8c093c0adf7481a04b782ce279d56848,
Execution Time for Trace ID 8c093c0adf7481a04b782ce279d56848: 1787 ms
Input: 5000000,
Cold Start: false
Unique ID: 704afad0f2f81a0bde546e73ceba715c,
Execution Time for Trace ID 704afad0f2f81a0bde546e73ceba715c: 1597 ms
Input: 5000000,
Cold Start: false
Unique ID: 733b4d5dc5fe373b0f88397a073a6453,
Execution Time for Trace ID 733b4d5dc5fe373b0f88397a073a6453: 1415 ms
Input: 5000000,
Cold Start: false
Unique ID: 2c9c110ee498c7c1386682a125e6fb62,
Execution Time for Trace ID 2c9c110ee498c7c1386682a125e6fb62: 1348 ms
Input: 5000000,
Cold Start: false
Unique ID: d223e44b9ddcae72692fa674ce242236,
Execution Time for Trace ID d223e44b9ddcae72692fa674ce242236: 1355 ms
Input: 5000000,
Cold Start: false
Unique ID: f2f542658d643101571e3905cf5665af,
Execution Time for Trace ID f2f542658d643101571e3905cf5665af: 1606 ms
Input: 5000000,
Cold Start: false
Unique ID: 35dee3c4e7366e3b71899b905e106952,
Execution Time for Trace ID 35dee3c4e7366e3b71899b905e106952: 1394 ms
Input: 5000000,
Cold Start: false
Unique ID: bae1cdc998ebf606ea8e71c04e49b6a9,
Execution Time for Trace ID bae1cdc998ebf606ea8e71c04e49b6a9: 1395 ms
Input: 5000000,
Cold Start: false
Unique ID: c214df7b4cf2cc866834523124c2a1c1,
Execution Time for Trace ID c214df7b4cf2cc866834523124c2a1c1: 1874 ms
Input: 5000000,
Cold Start: false
Unique ID: 8197fedd708d13a2c1f17dea8fb4786f,
Execution Time for Trace ID 8197fedd708d13a2c1f17dea8fb4786f: 1803 ms
Input: 5000000,
Cold Start: false
Unique ID: 671939c3d67ca2cce1aababb5f755727,
Execution Time for Trace ID 671939c3d67ca2cce1aababb5f755727: 2004 ms
Input: 5000000,
Cold Start: false
Unique ID: dacff447686d1f17c33ca2436d3d919e,
Execution Time for Trace ID dacff447686d1f17c33ca2436d3d919e: 1708 ms
Input: 5000000,
Cold Start: false
Unique ID: a6658572017bca086264393b20e52fb4,
Execution Time for Trace ID a6658572017bca086264393b20e52fb4: 1551 ms
Input: 5000000,
Cold Start: false
Unique ID: ab0b07491827dc80b7d0d610f84210f4,
Execution Time for Trace ID ab0b07491827dc80b7d0d610f84210f4: 1599 ms
Input: 5000000,
Cold Start: false
Unique ID: 3830156cd33f2b556176ff389bc5557b,
Execution Time for Trace ID 3830156cd33f2b556176ff389bc5557b: 1500 ms
Input: 5000000,
Cold Start: false
Unique ID: 7ec9a76093c77187d0068ed3b313c2ab,
Execution Time for Trace ID 7ec9a76093c77187d0068ed3b313c2ab: 1905 ms
Input: 5000000,
Cold Start: false
Unique ID: b04a2e0e9f92f4f713761df92ebb7eb7,
Execution Time for Trace ID b04a2e0e9f92f4f713761df92ebb7eb7: 1558 ms
Input: 5000000,
Cold Start: false
Unique ID: d7941096870571a624901de34045a9fb,
Execution Time for Trace ID d7941096870571a624901de34045a9fb: 1515 ms
Input: 5000000,
Cold Start: false
Unique ID: d525b535562c206e2e6856f11306f9e6,
Execution Time for Trace ID d525b535562c206e2e6856f11306f9e6: 1404 ms
Input: 5000000,
Cold Start: false
Unique ID: d216defeeb9293aed62ea913fd5c2574,
Execution Time for Trace ID d216defeeb9293aed62ea913fd5c2574: 1620 ms
Input: 5000000,
Cold Start: false
Unique ID: 788bf9024f5c7f5c4c3b29863fdf4e49,
Execution Time for Trace ID 788bf9024f5c7f5c4c3b29863fdf4e49: 1920 ms
Input: 5000000,
Cold Start: false
Unique ID: 6d3dba4ba52228d08c7bf349d33562c8,
Execution Time for Trace ID 6d3dba4ba52228d08c7bf349d33562c8: 1547 ms
Input: 5000000,
Cold Start: false
Unique ID: afafdbdc7f656ec02e141c5e723ea160,
Execution Time for Trace ID afafdbdc7f656ec02e141c5e723ea160: 2118 ms
Input: 5000000,
Cold Start: false
Unique ID: ae13b735a4640548f5a3add895e43616,
Execution Time for Trace ID ae13b735a4640548f5a3add895e43616: 1552 ms
Input: 5000000,
Cold Start: false
Unique ID: 4ea72e14f837f046d8d3ccbb54c3cbf9,
Execution Time for Trace ID 4ea72e14f837f046d8d3ccbb54c3cbf9: 1817 ms
Input: 5000000,
Cold Start: false
Unique ID: aa2cfa3bc1c96d65c505e3799a1fac6f,
Execution Time for Trace ID aa2cfa3bc1c96d65c505e3799a1fac6f: 1511 ms
Input: 5000000,
Cold Start: false
Unique ID: 7d30d628c9badd66eef14ae19fe78eb4,
Execution Time for Trace ID 7d30d628c9badd66eef14ae19fe78eb4: 1574 ms
Input: 5000000,
Cold Start: false
Unique ID: 5f47e7df83b1e49d9f229138bf5f3cbf,
Execution Time for Trace ID 5f47e7df83b1e49d9f229138bf5f3cbf: 1571 ms
Input: 5000000,
Cold Start: false
Unique ID: b6946492f1215ca3d078cdced644223a,
Execution Time for Trace ID b6946492f1215ca3d078cdced644223a: 1585 ms
Input: 5000000,
Cold Start: false
Unique ID: bc00eb43b9997d69c6c13e88ca265410,
Execution Time for Trace ID bc00eb43b9997d69c6c13e88ca265410: 1576 ms
Input: 5000000,
Cold Start: false
