Unique ID: e4b889cc-c949-4386-b0d9-f5b55ea462b9,
Billed Duration for Request e4b889cc-c949-4386-b0d9-f5b55ea462b9: 1730 ms
Input: 5000000,
Cold Start: false
Unique ID: 71ad85d0-0d03-40ae-8478-46be6408d40b,
Billed Duration for Request 71ad85d0-0d03-40ae-8478-46be6408d40b: 1898 ms
Input: 5000000,
Cold Start: false
Unique ID: a1e6b1a7-c058-49cf-98f4-ac7de59376cb,
Billed Duration for Request a1e6b1a7-c058-49cf-98f4-ac7de59376cb: 1740 ms
Input: 5000000,
Cold Start: false
Unique ID: fedf05e6-4943-41f8-ae56-7e5ea3e77b00,
Billed Duration for Request fedf05e6-4943-41f8-ae56-7e5ea3e77b00: 1952 ms
Input: 5000000,
Cold Start: false
Unique ID: 9a25f817-9e0c-4fcb-93ec-29709db3c84f,
Billed Duration for Request 9a25f817-9e0c-4fcb-93ec-29709db3c84f: 2257 ms
Input: 5000000,
Cold Start: true
Unique ID: 9e07ca09-5584-4af7-9551-292ce238b0e6,
Billed Duration for Request 9e07ca09-5584-4af7-9551-292ce238b0e6: 2183 ms
Input: 5000000,
Cold Start: true
Unique ID: c1ba4942-f95a-4c73-8fd1-5662afcca655,
Billed Duration for Request c1ba4942-f95a-4c73-8fd1-5662afcca655: 2115 ms
Input: 5000000,
Cold Start: true
Unique ID: b41eb97b-c98f-4f60-b2be-5de0b5926937,
Billed Duration for Request b41eb97b-c98f-4f60-b2be-5de0b5926937: 2173 ms
Input: 5000000,
Cold Start: true
Unique ID: 1acdca0b-e82b-418b-96d8-73ee046cd159,
Billed Duration for Request 1acdca0b-e82b-418b-96d8-73ee046cd159: 2046 ms
Input: 5000000,
Cold Start: true
Unique ID: 4ee1e5ad-1ea6-4ffc-b07f-e5f0371b9666,
Billed Duration for Request 4ee1e5ad-1ea6-4ffc-b07f-e5f0371b9666: 2136 ms
Input: 5000000,
Cold Start: true
Unique ID: 9d96dbfc-abdd-4de9-8518-143e7c9b2a27,
Billed Duration for Request 9d96dbfc-abdd-4de9-8518-143e7c9b2a27: 1672 ms
Input: 5000000,
Cold Start: false
Unique ID: 2f6cea58-5ac0-40b9-8a4a-3098eea3070e,
Billed Duration for Request 2f6cea58-5ac0-40b9-8a4a-3098eea3070e: 1893 ms
Input: 5000000,
Cold Start: false
Unique ID: 8f917203-1950-4dc1-b8df-3c173ac4114e,
Billed Duration for Request 8f917203-1950-4dc1-b8df-3c173ac4114e: 1757 ms
Input: 5000000,
Cold Start: false
Unique ID: 4d482d6d-36c5-4208-a65c-90d296c211df,
Billed Duration for Request 4d482d6d-36c5-4208-a65c-90d296c211df: 1917 ms
Input: 5000000,
Cold Start: false
Unique ID: af0861b9-e45a-4502-99f5-eb8ed39740bd,
Billed Duration for Request af0861b9-e45a-4502-99f5-eb8ed39740bd: 2176 ms
Input: 5000000,
Cold Start: false
Unique ID: 9445fd4f-4061-40ad-97f4-820b939ef1e6,
Billed Duration for Request 9445fd4f-4061-40ad-97f4-820b939ef1e6: 2111 ms
Input: 5000000,
Cold Start: false
Unique ID: 00ae972e-710a-4405-b318-3d76016a2b93,
Billed Duration for Request 00ae972e-710a-4405-b318-3d76016a2b93: 2146 ms
Input: 5000000,
Cold Start: false
Unique ID: 41f3c808-343d-4919-ab7a-1bc5752abee7,
Billed Duration for Request 41f3c808-343d-4919-ab7a-1bc5752abee7: 1689 ms
Input: 5000000,
Cold Start: false
Unique ID: eb04eb95-4517-4583-b310-83ab20ceb9ac,
Billed Duration for Request eb04eb95-4517-4583-b310-83ab20ceb9ac: 1849 ms
Input: 5000000,
Cold Start: false
Unique ID: fbd1438a-ac7a-4e37-904c-6ff5909a08db,
Billed Duration for Request fbd1438a-ac7a-4e37-904c-6ff5909a08db: 1696 ms
Input: 5000000,
Cold Start: false
Unique ID: 07a1e848-55d0-43e9-a877-1ccbf281bf56,
Billed Duration for Request 07a1e848-55d0-43e9-a877-1ccbf281bf56: 1969 ms
Input: 5000000,
Cold Start: false
Unique ID: 62029ee9-218c-4614-8934-1d5c1fa0b6a1,
Billed Duration for Request 62029ee9-218c-4614-8934-1d5c1fa0b6a1: 2107 ms
Input: 5000000,
Cold Start: false
Unique ID: 9e6eb854-9e10-448c-a536-4ed0f63e3751,
Billed Duration for Request 9e6eb854-9e10-448c-a536-4ed0f63e3751: 1882 ms
Input: 5000000,
Cold Start: false
Unique ID: 85d8d677-5eea-4778-9968-b83d3627a6c8,
Billed Duration for Request 85d8d677-5eea-4778-9968-b83d3627a6c8: 2092 ms
Input: 5000000,
Cold Start: false
Unique ID: 43aa0d92-6271-4f3b-af2d-2f4a81b790aa,
Billed Duration for Request 43aa0d92-6271-4f3b-af2d-2f4a81b790aa: 1926 ms
Input: 5000000,
Cold Start: false
Unique ID: 4405e0b8-d008-4f43-819b-52b4a1108c23,
Billed Duration for Request 4405e0b8-d008-4f43-819b-52b4a1108c23: 2007 ms
Input: 5000000,
Cold Start: false
Unique ID: b24e3fbe-5300-4c8b-bf9f-480668334dc2,
Billed Duration for Request b24e3fbe-5300-4c8b-bf9f-480668334dc2: 1815 ms
Input: 5000000,
Cold Start: false
Unique ID: da0ee950-2c9d-42f2-9073-aef622cbbc38,
Billed Duration for Request da0ee950-2c9d-42f2-9073-aef622cbbc38: 1849 ms
Input: 5000000,
Cold Start: false
Unique ID: e14e8179-f30b-447d-a769-b747655dbba7,
Billed Duration for Request e14e8179-f30b-447d-a769-b747655dbba7: 2000 ms
Input: 5000000,
Cold Start: false
Unique ID: eec6b685-6fb3-44c3-b176-50747cb13ff0,
Billed Duration for Request eec6b685-6fb3-44c3-b176-50747cb13ff0: 1690 ms
Input: 5000000,
Cold Start: false
Unique ID: e99fa009-0b18-42d6-b592-07cfe48bef54,
Billed Duration for Request e99fa009-0b18-42d6-b592-07cfe48bef54: 1828 ms
Input: 5000000,
Cold Start: false
Unique ID: 4ca1d15a-0871-4211-a4b7-1b2dca4b7dd3,
Billed Duration for Request 4ca1d15a-0871-4211-a4b7-1b2dca4b7dd3: 1926 ms
Input: 5000000,
Cold Start: false
Unique ID: 2c983b4d-e0ba-4027-a36e-3e465e3811c0,
Billed Duration for Request 2c983b4d-e0ba-4027-a36e-3e465e3811c0: 1684 ms
Input: 5000000,
Cold Start: false
Unique ID: 220af2b8-0fff-4ce0-b3bb-f4b0544671f1,
Billed Duration for Request 220af2b8-0fff-4ce0-b3bb-f4b0544671f1: 1989 ms
Input: 5000000,
Cold Start: false
Unique ID: 76551198-3524-49a2-b81c-9163718052eb,
Billed Duration for Request 76551198-3524-49a2-b81c-9163718052eb: 1864 ms
Input: 5000000,
Cold Start: false
Unique ID: c37ec6f4-0c98-4e4a-b532-e3a3329d3a4c,
Billed Duration for Request c37ec6f4-0c98-4e4a-b532-e3a3329d3a4c: 1893 ms
Input: 5000000,
Cold Start: false
Unique ID: 05fcd76d-6447-433e-a32b-99df8f1ead1c,
Billed Duration for Request 05fcd76d-6447-433e-a32b-99df8f1ead1c: 1853 ms
Input: 5000000,
Cold Start: false
Unique ID: 0a5e7fe9-ffdc-4819-8116-9a7e257d978f,
Billed Duration for Request 0a5e7fe9-ffdc-4819-8116-9a7e257d978f: 1736 ms
Input: 5000000,
Cold Start: false
Unique ID: 3c31dac7-89ab-433c-8a1c-40afb6e97de0,
Billed Duration for Request 3c31dac7-89ab-433c-8a1c-40afb6e97de0: 1857 ms
Input: 5000000,
Cold Start: false
Unique ID: 122b8d20-0084-4753-8f58-e88655e4e405,
Billed Duration for Request 122b8d20-0084-4753-8f58-e88655e4e405: 1833 ms
Input: 5000000,
Cold Start: false
Unique ID: 64ab142f-da66-4385-af95-fa4451650ea4,
Billed Duration for Request 64ab142f-da66-4385-af95-fa4451650ea4: 1650 ms
Input: 5000000,
Cold Start: false
Unique ID: 84c11d45-2bb8-440d-a1aa-5ae4ef19f6a7,
Billed Duration for Request 84c11d45-2bb8-440d-a1aa-5ae4ef19f6a7: 1669 ms
Input: 5000000,
Cold Start: false
Unique ID: 39a4d4fd-93c9-49e2-99e0-90205eaf4642,
Billed Duration for Request 39a4d4fd-93c9-49e2-99e0-90205eaf4642: 1808 ms
Input: 5000000,
Cold Start: false
Unique ID: b63b0e1d-f98d-47cb-b824-6e3d7113f468,
Billed Duration for Request b63b0e1d-f98d-47cb-b824-6e3d7113f468: 1885 ms
Input: 5000000,
Cold Start: false
Unique ID: 297fa477-728c-4b8f-910e-7194024da545,
Billed Duration for Request 297fa477-728c-4b8f-910e-7194024da545: 1828 ms
Input: 5000000,
Cold Start: false
Unique ID: aa57afa6-4111-487d-966c-ef6268142954,
Billed Duration for Request aa57afa6-4111-487d-966c-ef6268142954: 1835 ms
Input: 5000000,
Cold Start: false
Unique ID: 7468947e-1b52-4027-b8d7-60fa57be572d,
Billed Duration for Request 7468947e-1b52-4027-b8d7-60fa57be572d: 1855 ms
Input: 5000000,
Cold Start: false
Unique ID: 0ee398c0-6a4e-4cab-93cb-8de92e212762,
Billed Duration for Request 0ee398c0-6a4e-4cab-93cb-8de92e212762: 1845 ms
Input: 5000000,
Cold Start: false
Unique ID: f7bfd5c0-85c9-40e7-94d8-3a44a3aed613,
Billed Duration for Request f7bfd5c0-85c9-40e7-94d8-3a44a3aed613: 1762 ms
Input: 5000000,
Cold Start: false
Unique ID: e22763b7-5bb0-485c-b01f-3916f0d64339,
Billed Duration for Request e22763b7-5bb0-485c-b01f-3916f0d64339: 1650 ms
Input: 5000000,
Cold Start: false
Unique ID: 116a04a8-9f19-479c-8a23-d34831e78b1c,
Billed Duration for Request 116a04a8-9f19-479c-8a23-d34831e78b1c: 1692 ms
Input: 5000000,
Cold Start: false
Unique ID: 0002b022-4cf5-44db-acb6-30632f3cb7eb,
Billed Duration for Request 0002b022-4cf5-44db-acb6-30632f3cb7eb: 1818 ms
Input: 5000000,
Cold Start: false
Unique ID: 16678d51-08e9-496b-ae20-b39d4d1b5f2b,
Billed Duration for Request 16678d51-08e9-496b-ae20-b39d4d1b5f2b: 1827 ms
Input: 5000000,
Cold Start: false
Unique ID: 703f0a01-0582-43b8-ae66-a7567646ada4,
Billed Duration for Request 703f0a01-0582-43b8-ae66-a7567646ada4: 1834 ms
Input: 5000000,
Cold Start: false
Unique ID: 9b311614-8f57-4bcc-839f-47e53f17b0f5,
Billed Duration for Request 9b311614-8f57-4bcc-839f-47e53f17b0f5: 1901 ms
Input: 5000000,
Cold Start: false
Unique ID: 83d50b41-b14a-40bf-9539-90188bd575ce,
Billed Duration for Request 83d50b41-b14a-40bf-9539-90188bd575ce: 1858 ms
Input: 5000000,
Cold Start: false
Unique ID: 507ca8da-ceff-4be9-9490-8edc5a9eed1f,
Billed Duration for Request 507ca8da-ceff-4be9-9490-8edc5a9eed1f: 1834 ms
Input: 5000000,
Cold Start: false
Unique ID: 4171c8c4-6987-491b-9857-e59410e55ffa,
Billed Duration for Request 4171c8c4-6987-491b-9857-e59410e55ffa: 1833 ms
Input: 5000000,
Cold Start: false
Unique ID: 16579422-e70f-4b98-9964-bda34d9d1369,
Billed Duration for Request 16579422-e70f-4b98-9964-bda34d9d1369: 1650 ms
Input: 5000000,
Cold Start: false
Unique ID: 6d1e4b81-3f1b-4c6a-ad91-92a3b1778a24,
Billed Duration for Request 6d1e4b81-3f1b-4c6a-ad91-92a3b1778a24: 1718 ms
Input: 5000000,
Cold Start: false
Unique ID: 9e309f08-b333-40a1-b0ee-8bdbd9f01fa2,
Billed Duration for Request 9e309f08-b333-40a1-b0ee-8bdbd9f01fa2: 1675 ms
Input: 5000000,
Cold Start: false
Unique ID: 498ab673-b6ba-4dba-8da5-4b2211759de0,
Billed Duration for Request 498ab673-b6ba-4dba-8da5-4b2211759de0: 1796 ms
Input: 5000000,
Cold Start: false
Unique ID: e18a36df-eca4-4cb6-b3d5-715722e3b2af,
Billed Duration for Request e18a36df-eca4-4cb6-b3d5-715722e3b2af: 1811 ms
Input: 5000000,
Cold Start: false
Unique ID: 600f50ca-e535-4763-ac1c-b0681eca844c,
Billed Duration for Request 600f50ca-e535-4763-ac1c-b0681eca844c: 1844 ms
Input: 5000000,
Cold Start: false
Unique ID: f90306e0-21a3-4165-a0de-5ce20ee71709,
Billed Duration for Request f90306e0-21a3-4165-a0de-5ce20ee71709: 1886 ms
Input: 5000000,
Cold Start: false
Unique ID: bd2b2c0b-7970-478a-bd54-2b39395031e6,
Billed Duration for Request bd2b2c0b-7970-478a-bd54-2b39395031e6: 1644 ms
Input: 5000000,
Cold Start: false
Unique ID: 87c527d5-588d-45b2-ad92-0d7619e531cf,
Billed Duration for Request 87c527d5-588d-45b2-ad92-0d7619e531cf: 1822 ms
Input: 5000000,
Cold Start: false
Unique ID: 8da0fa92-e4b1-4484-aec5-46850a4efcae,
Billed Duration for Request 8da0fa92-e4b1-4484-aec5-46850a4efcae: 1782 ms
Input: 5000000,
Cold Start: false
Unique ID: 762d3d35-6b6e-4234-a83a-e197f8502b42,
Billed Duration for Request 762d3d35-6b6e-4234-a83a-e197f8502b42: 1683 ms
Input: 5000000,
Cold Start: false
Unique ID: d044e9c3-4011-4455-874d-cb5898d8b974,
Billed Duration for Request d044e9c3-4011-4455-874d-cb5898d8b974: 1836 ms
Input: 5000000,
Cold Start: false
Unique ID: c3a163cd-14d4-4187-b96c-d5533beb8def,
Billed Duration for Request c3a163cd-14d4-4187-b96c-d5533beb8def: 1819 ms
Input: 5000000,
Cold Start: false
Unique ID: bbdef1d0-f807-4b2e-9d02-d89e4a835402,
Billed Duration for Request bbdef1d0-f807-4b2e-9d02-d89e4a835402: 1805 ms
Input: 5000000,
Cold Start: false
Unique ID: c9fb3bc7-ae7e-4b37-ba8b-93ac4e0fcee7,
Billed Duration for Request c9fb3bc7-ae7e-4b37-ba8b-93ac4e0fcee7: 1852 ms
Input: 5000000,
Cold Start: false
Unique ID: 4c31c14c-9a32-4eee-801f-6f72783bce3b,
Billed Duration for Request 4c31c14c-9a32-4eee-801f-6f72783bce3b: 1898 ms
Input: 5000000,
Cold Start: false
Unique ID: 7dcfd388-a5db-4e83-97bb-18f30dea886d,
Billed Duration for Request 7dcfd388-a5db-4e83-97bb-18f30dea886d: 1829 ms
Input: 5000000,
Cold Start: false
Unique ID: 2750ebc2-b929-475e-ab4a-15d68aa4583f,
Billed Duration for Request 2750ebc2-b929-475e-ab4a-15d68aa4583f: 1736 ms
Input: 5000000,
Cold Start: false
Unique ID: e94cbaac-ec3e-48d7-ac3b-e758de74ee4d,
Billed Duration for Request e94cbaac-ec3e-48d7-ac3b-e758de74ee4d: 1828 ms
Input: 5000000,
Cold Start: false
Unique ID: 9eeb2820-1d13-445a-9587-d529ed6872ea,
Billed Duration for Request 9eeb2820-1d13-445a-9587-d529ed6872ea: 1677 ms
Input: 5000000,
Cold Start: false
Unique ID: f13f4e84-996a-43d1-a9f1-0cc05140ffea,
Billed Duration for Request f13f4e84-996a-43d1-a9f1-0cc05140ffea: 1650 ms
Input: 5000000,
Cold Start: false
Unique ID: 59fe2224-d01b-4e55-bd44-04aa757bba17,
Billed Duration for Request 59fe2224-d01b-4e55-bd44-04aa757bba17: 1833 ms
Input: 5000000,
Cold Start: false
Unique ID: 6b9141ee-afd4-47ad-a066-ac06b9d69a19,
Billed Duration for Request 6b9141ee-afd4-47ad-a066-ac06b9d69a19: 1816 ms
Input: 5000000,
Cold Start: false
Unique ID: 2d464054-a8e1-41cb-a722-9d54ca00a921,
Billed Duration for Request 2d464054-a8e1-41cb-a722-9d54ca00a921: 1794 ms
Input: 5000000,
Cold Start: false
Unique ID: c246bfa3-8762-4ad5-93ea-7c0c0a1d755d,
Billed Duration for Request c246bfa3-8762-4ad5-93ea-7c0c0a1d755d: 1850 ms
Input: 5000000,
Cold Start: false
Unique ID: 886158d4-f7a5-4fa5-a78e-a3dde3a29d0c,
Billed Duration for Request 886158d4-f7a5-4fa5-a78e-a3dde3a29d0c: 1845 ms
Input: 5000000,
Cold Start: false
Unique ID: 595c7d86-1c12-45b1-840a-f9b2826c522f,
Billed Duration for Request 595c7d86-1c12-45b1-840a-f9b2826c522f: 1928 ms
Input: 5000000,
Cold Start: false
Unique ID: 94bbe95f-a267-43a6-90e8-1260f5c9c7a3,
Billed Duration for Request 94bbe95f-a267-43a6-90e8-1260f5c9c7a3: 1828 ms
Input: 5000000,
Cold Start: false
Unique ID: 25752e4c-75e5-48c2-9f12-1c5d96f97765,
Billed Duration for Request 25752e4c-75e5-48c2-9f12-1c5d96f97765: 1659 ms
Input: 5000000,
Cold Start: false
Unique ID: 34dc9361-b1e5-4b00-bd96-5b140b73a08b,
Billed Duration for Request 34dc9361-b1e5-4b00-bd96-5b140b73a08b: 1748 ms
Input: 5000000,
Cold Start: false
Unique ID: 776ca802-949d-42c5-a1c4-676a1a11fd86,
Billed Duration for Request 776ca802-949d-42c5-a1c4-676a1a11fd86: 1650 ms
Input: 5000000,
Cold Start: false
Unique ID: 701731c9-3576-4ceb-af47-a083010fc1ff,
Billed Duration for Request 701731c9-3576-4ceb-af47-a083010fc1ff: 1851 ms
Input: 5000000,
Cold Start: false
Unique ID: f38522e5-97b5-46e3-b4fa-4b256a84d75c,
Billed Duration for Request f38522e5-97b5-46e3-b4fa-4b256a84d75c: 1830 ms
Input: 5000000,
Cold Start: false
Unique ID: abb22d5e-7275-4c05-b0fd-463952a373c5,
Billed Duration for Request abb22d5e-7275-4c05-b0fd-463952a373c5: 1800 ms
Input: 5000000,
Cold Start: false
Unique ID: 0bc51003-6f94-4eb3-902d-9ab6dd656a30,
Billed Duration for Request 0bc51003-6f94-4eb3-902d-9ab6dd656a30: 1857 ms
Input: 5000000,
Cold Start: false
Unique ID: 1e0a9c29-eaf8-42a5-8757-dd939f3bb717,
Billed Duration for Request 1e0a9c29-eaf8-42a5-8757-dd939f3bb717: 1831 ms
Input: 5000000,
Cold Start: false
Unique ID: e66a12c2-6643-4479-86b6-109f5730b1d9,
Billed Duration for Request e66a12c2-6643-4479-86b6-109f5730b1d9: 1830 ms
Input: 5000000,
Cold Start: false
Unique ID: 19530cea-7dd0-4867-aa00-4f74f2e009c3,
Billed Duration for Request 19530cea-7dd0-4867-aa00-4f74f2e009c3: 1701 ms
Input: 5000000,
Cold Start: false
Unique ID: 9d7cd4f7-3450-4447-a757-3fec6ba6e31d,
Billed Duration for Request 9d7cd4f7-3450-4447-a757-3fec6ba6e31d: 1746 ms
Input: 5000000,
Cold Start: false
Unique ID: 0168acd3-5490-4f0d-ae81-e15de1769da1,
Billed Duration for Request 0168acd3-5490-4f0d-ae81-e15de1769da1: 1876 ms
Input: 5000000,
Cold Start: false
Unique ID: 5e9a4cc0-317a-47e7-a4b4-51b49a591dfb,
Billed Duration for Request 5e9a4cc0-317a-47e7-a4b4-51b49a591dfb: 1829 ms
Input: 5000000,
Cold Start: false
Unique ID: d6936ee2-fdea-4727-90be-34502e097856,
Billed Duration for Request d6936ee2-fdea-4727-90be-34502e097856: 1820 ms
Input: 5000000,
Cold Start: false
Unique ID: 05a5ca29-b45d-4148-a9d4-9a9e25755447,
Billed Duration for Request 05a5ca29-b45d-4148-a9d4-9a9e25755447: 1636 ms
Input: 5000000,
Cold Start: false
Unique ID: 98df9590-1fc7-48c7-8fc8-1c9d0f140af7,
Billed Duration for Request 98df9590-1fc7-48c7-8fc8-1c9d0f140af7: 1798 ms
Input: 5000000,
Cold Start: false
Unique ID: f93d3be9-3694-4619-b507-32c1a91e4a39,
Billed Duration for Request f93d3be9-3694-4619-b507-32c1a91e4a39: 1884 ms
Input: 5000000,
Cold Start: false
Unique ID: 85cbe84a-93b2-424d-8ae8-cdc1431f6065,
Billed Duration for Request 85cbe84a-93b2-424d-8ae8-cdc1431f6065: 1842 ms
Input: 5000000,
Cold Start: false
Unique ID: 454e1022-7bcf-414c-b8b3-c95c1d46cfde,
Billed Duration for Request 454e1022-7bcf-414c-b8b3-c95c1d46cfde: 1842 ms
Input: 5000000,
Cold Start: false
Unique ID: 3ebeed54-a262-4e24-bfba-33749f6a3fc6,
Billed Duration for Request 3ebeed54-a262-4e24-bfba-33749f6a3fc6: 1743 ms
Input: 5000000,
Cold Start: false
Unique ID: a75053b4-dd09-4778-97e3-5c4a4bbcfdf7,
Billed Duration for Request a75053b4-dd09-4778-97e3-5c4a4bbcfdf7: 1693 ms
Input: 5000000,
Cold Start: false
Unique ID: 8a671ab4-bda5-4ffd-baf2-f652d1b265ca,
Billed Duration for Request 8a671ab4-bda5-4ffd-baf2-f652d1b265ca: 1869 ms
Input: 5000000,
Cold Start: false
Unique ID: 4726054b-128e-43c2-ad03-8fe88f1d4696,
Billed Duration for Request 4726054b-128e-43c2-ad03-8fe88f1d4696: 1883 ms
Input: 5000000,
Cold Start: false
Unique ID: da0b7e8a-9a0c-487f-afdb-614fc8402997,
Billed Duration for Request da0b7e8a-9a0c-487f-afdb-614fc8402997: 1800 ms
Input: 5000000,
Cold Start: false
Unique ID: 4a316bcb-b300-45f9-8da8-2bee4ad77b86,
Billed Duration for Request 4a316bcb-b300-45f9-8da8-2bee4ad77b86: 1792 ms
Input: 5000000,
Cold Start: false
Unique ID: bf31e421-bf28-421a-86e4-090cc721569e,
Billed Duration for Request bf31e421-bf28-421a-86e4-090cc721569e: 1643 ms
Input: 5000000,
Cold Start: false
Unique ID: 2615cdc2-251a-4bd0-950d-43ef61797b15,
Billed Duration for Request 2615cdc2-251a-4bd0-950d-43ef61797b15: 1791 ms
Input: 5000000,
Cold Start: false
Unique ID: 22ab6f31-411b-4ebf-99a2-d6f11e659a63,
Billed Duration for Request 22ab6f31-411b-4ebf-99a2-d6f11e659a63: 1853 ms
Input: 5000000,
Cold Start: false
Unique ID: a84d2db6-821c-49e0-a660-69edae512831,
Billed Duration for Request a84d2db6-821c-49e0-a660-69edae512831: 1719 ms
Input: 5000000,
Cold Start: false
Unique ID: 3703e1fb-8a1c-48cc-95c5-89a26c4d972b,
Billed Duration for Request 3703e1fb-8a1c-48cc-95c5-89a26c4d972b: 1821 ms
Input: 5000000,
Cold Start: false
Unique ID: 710808a2-eb1e-4bfe-b6b5-d35adf2a1f4d,
Billed Duration for Request 710808a2-eb1e-4bfe-b6b5-d35adf2a1f4d: 1856 ms
Input: 5000000,
Cold Start: false
Unique ID: 50cb7a01-a71d-4bf8-af81-82162f3d32a8,
Billed Duration for Request 50cb7a01-a71d-4bf8-af81-82162f3d32a8: 1835 ms
Input: 5000000,
Cold Start: false
Unique ID: 8bdd21d1-e8b0-41d2-b961-025da74cec51,
Billed Duration for Request 8bdd21d1-e8b0-41d2-b961-025da74cec51: 1827 ms
Input: 5000000,
Cold Start: false
Unique ID: d853f41f-592e-4235-a778-35cf14c9950b,
Billed Duration for Request d853f41f-592e-4235-a778-35cf14c9950b: 1683 ms
Input: 5000000,
Cold Start: false
Unique ID: 15bdb5a8-9c20-46dd-b8f1-0503d8a72249,
Billed Duration for Request 15bdb5a8-9c20-46dd-b8f1-0503d8a72249: 1808 ms
Input: 5000000,
Cold Start: false
Unique ID: 19c0b3c7-cf19-4334-9168-38e80dc51369,
Billed Duration for Request 19c0b3c7-cf19-4334-9168-38e80dc51369: 1835 ms
Input: 5000000,
Cold Start: false
Unique ID: c9baea7e-3f12-4aa5-925d-7c0e49b68d03,
Billed Duration for Request c9baea7e-3f12-4aa5-925d-7c0e49b68d03: 1829 ms
Input: 5000000,
Cold Start: false
Unique ID: 86bbfc44-42be-477d-aae2-5d732305fc3e,
Billed Duration for Request 86bbfc44-42be-477d-aae2-5d732305fc3e: 1697 ms
Input: 5000000,
Cold Start: false
Unique ID: ac661aba-a6c2-4534-8eda-d4ec1f075bfd,
Billed Duration for Request ac661aba-a6c2-4534-8eda-d4ec1f075bfd: 1825 ms
Input: 5000000,
Cold Start: false
Unique ID: 0e1c7ca5-33bf-4493-8aba-dedadf64cf60,
Billed Duration for Request 0e1c7ca5-33bf-4493-8aba-dedadf64cf60: 1715 ms
Input: 5000000,
Cold Start: false
Unique ID: d8f53607-4d6c-4c96-a9d4-444b6742ef17,
Billed Duration for Request d8f53607-4d6c-4c96-a9d4-444b6742ef17: 1852 ms
Input: 5000000,
Cold Start: false
Unique ID: efdb3f0a-da5e-4705-9370-620a5165f31d,
Billed Duration for Request efdb3f0a-da5e-4705-9370-620a5165f31d: 1810 ms
Input: 5000000,
Cold Start: false
Unique ID: b527901a-a945-4493-9dd0-812df781b752,
Billed Duration for Request b527901a-a945-4493-9dd0-812df781b752: 1641 ms
Input: 5000000,
Cold Start: false
Unique ID: 4dd1b90e-2e1e-4b47-9bf5-90724fc8d5f0,
Billed Duration for Request 4dd1b90e-2e1e-4b47-9bf5-90724fc8d5f0: 1802 ms
Input: 5000000,
Cold Start: false
Unique ID: a1a88ac3-f2f0-49a3-b8ea-acf36e805ec3,
Billed Duration for Request a1a88ac3-f2f0-49a3-b8ea-acf36e805ec3: 1819 ms
Input: 5000000,
Cold Start: false
Unique ID: f50544b1-e795-4889-8c4b-7a4374d2d638,
Billed Duration for Request f50544b1-e795-4889-8c4b-7a4374d2d638: 1676 ms
Input: 5000000,
Cold Start: false
Unique ID: 8bab45e2-9fa0-4817-8bfc-8bf8dc00c597,
Billed Duration for Request 8bab45e2-9fa0-4817-8bfc-8bf8dc00c597: 1850 ms
Input: 5000000,
Cold Start: false
Unique ID: d7099252-a879-4c73-b1f7-ecd423e028b8,
Billed Duration for Request d7099252-a879-4c73-b1f7-ecd423e028b8: 1875 ms
Input: 5000000,
Cold Start: false
Unique ID: 827a3fce-1d8b-4ce1-a345-06e3dec19e76,
Billed Duration for Request 827a3fce-1d8b-4ce1-a345-06e3dec19e76: 1732 ms
Input: 5000000,
Cold Start: false
Unique ID: 9666b55c-adde-4ca2-ad46-3b978225bf41,
Billed Duration for Request 9666b55c-adde-4ca2-ad46-3b978225bf41: 1838 ms
Input: 5000000,
Cold Start: false
Unique ID: a4e2f2f5-b85a-4fa7-aa51-c5e0ad98e119,
Billed Duration for Request a4e2f2f5-b85a-4fa7-aa51-c5e0ad98e119: 1639 ms
Input: 5000000,
Cold Start: false
Unique ID: 49db36e2-ba8c-4849-906a-c3301e5eabc2,
Billed Duration for Request 49db36e2-ba8c-4849-906a-c3301e5eabc2: 1839 ms
Input: 5000000,
Cold Start: false
Unique ID: cb96e5c1-e7a5-4060-9028-65a38ac19ffc,
Billed Duration for Request cb96e5c1-e7a5-4060-9028-65a38ac19ffc: 1829 ms
Input: 5000000,
Cold Start: false
Unique ID: e3c1f09a-bc9e-4dde-a6ab-d49e345709c2,
Billed Duration for Request e3c1f09a-bc9e-4dde-a6ab-d49e345709c2: 1708 ms
Input: 5000000,
Cold Start: false
Unique ID: b9e7d31e-3551-4475-92ef-1f397ee3dcbe,
Billed Duration for Request b9e7d31e-3551-4475-92ef-1f397ee3dcbe: 1827 ms
Input: 5000000,
Cold Start: false
Unique ID: b46b1a23-e458-46f1-bc2b-a4ee1a1f8325,
Billed Duration for Request b46b1a23-e458-46f1-bc2b-a4ee1a1f8325: 1828 ms
Input: 5000000,
Cold Start: false
Unique ID: 0975020c-bca2-4641-90ad-2421935c3808,
Billed Duration for Request 0975020c-bca2-4641-90ad-2421935c3808: 1916 ms
Input: 5000000,
Cold Start: false
Unique ID: 0c9483e4-ff11-4e6f-a16e-69b1278cbd07,
Billed Duration for Request 0c9483e4-ff11-4e6f-a16e-69b1278cbd07: 1727 ms
Input: 5000000,
Cold Start: false
Unique ID: 285b21a6-21bd-43b4-9196-1165e0d5221d,
Billed Duration for Request 285b21a6-21bd-43b4-9196-1165e0d5221d: 1649 ms
Input: 5000000,
Cold Start: false
Unique ID: 2ad61e9d-d429-4eba-bcd1-c6c8876eedfd,
Billed Duration for Request 2ad61e9d-d429-4eba-bcd1-c6c8876eedfd: 1847 ms
Input: 5000000,
Cold Start: false
Unique ID: 988ec9e0-29f7-478e-aad1-e00ca054024b,
Billed Duration for Request 988ec9e0-29f7-478e-aad1-e00ca054024b: 1845 ms
Input: 5000000,
Cold Start: false
Unique ID: b1d4a45e-c9ed-4fa4-ae83-555424026f26,
Billed Duration for Request b1d4a45e-c9ed-4fa4-ae83-555424026f26: 1822 ms
Input: 5000000,
Cold Start: false
Unique ID: a9f183a2-712e-46fa-af7f-115dc07053e4,
Billed Duration for Request a9f183a2-712e-46fa-af7f-115dc07053e4: 1825 ms
Input: 5000000,
Cold Start: false
Unique ID: e6298892-ea25-4f7a-8a12-5b68e1292724,
Billed Duration for Request e6298892-ea25-4f7a-8a12-5b68e1292724: 1845 ms
Input: 5000000,
Cold Start: false
Unique ID: 1875646c-b03b-45b3-a0ce-b9f9aedfe8be,
Billed Duration for Request 1875646c-b03b-45b3-a0ce-b9f9aedfe8be: 1683 ms
Input: 5000000,
Cold Start: false
Unique ID: 6013f312-84a8-4620-b442-6b29986864a1,
Billed Duration for Request 6013f312-84a8-4620-b442-6b29986864a1: 1807 ms
Input: 5000000,
Cold Start: false
Unique ID: be357d85-6a24-488c-bbed-fbbaf4259785,
Billed Duration for Request be357d85-6a24-488c-bbed-fbbaf4259785: 1696 ms
Input: 5000000,
Cold Start: false
Unique ID: 6114ea62-8f5f-4546-8df4-352d561d96ab,
Billed Duration for Request 6114ea62-8f5f-4546-8df4-352d561d96ab: 1926 ms
Input: 5000000,
Cold Start: false
Unique ID: fbafcef2-b092-4e96-a06c-e657664b6ebe,
Billed Duration for Request fbafcef2-b092-4e96-a06c-e657664b6ebe: 1854 ms
Input: 5000000,
Cold Start: false
Unique ID: b55d9a1c-be68-42a9-ae67-46360edcd516,
Billed Duration for Request b55d9a1c-be68-42a9-ae67-46360edcd516: 1639 ms
Input: 5000000,
Cold Start: false
Unique ID: 61b4a232-3e86-414b-81eb-2a9bcb3b3754,
Billed Duration for Request 61b4a232-3e86-414b-81eb-2a9bcb3b3754: 1828 ms
Input: 5000000,
Cold Start: false
Unique ID: 54821683-f2e7-4761-a7c0-25b7b3dedf6d,
Billed Duration for Request 54821683-f2e7-4761-a7c0-25b7b3dedf6d: 1794 ms
Input: 5000000,
Cold Start: false
Unique ID: b2d828b1-8315-4973-89d0-c81395bf2230,
Billed Duration for Request b2d828b1-8315-4973-89d0-c81395bf2230: 1838 ms
Input: 5000000,
Cold Start: false
Unique ID: 56456f90-8c86-41a8-ab8d-e91d15f54856,
Billed Duration for Request 56456f90-8c86-41a8-ab8d-e91d15f54856: 1686 ms
Input: 5000000,
Cold Start: false
Unique ID: fee22d3e-be86-47fb-8173-a61487cc4231,
Billed Duration for Request fee22d3e-be86-47fb-8173-a61487cc4231: 1821 ms
Input: 5000000,
Cold Start: false
Unique ID: b98b971f-bc63-40a5-8bb1-d02f3c53907f,
Billed Duration for Request b98b971f-bc63-40a5-8bb1-d02f3c53907f: 1809 ms
Input: 5000000,
Cold Start: false
Unique ID: 9cd5f05b-09d4-4fab-a0d1-e2e13e633145,
Billed Duration for Request 9cd5f05b-09d4-4fab-a0d1-e2e13e633145: 1755 ms
Input: 5000000,
Cold Start: false
Unique ID: 1b18c735-3a8a-4141-8167-b095c2f22c0d,
Billed Duration for Request 1b18c735-3a8a-4141-8167-b095c2f22c0d: 1887 ms
Input: 5000000,
Cold Start: false
Unique ID: cc38ddb7-d95d-4759-ad8b-60d71c6a9e19,
Billed Duration for Request cc38ddb7-d95d-4759-ad8b-60d71c6a9e19: 1862 ms
Input: 5000000,
Cold Start: false
Unique ID: 932b4109-74af-4d30-8e5e-0ac710d5a01c,
Billed Duration for Request 932b4109-74af-4d30-8e5e-0ac710d5a01c: 1637 ms
Input: 5000000,
Cold Start: false
Unique ID: fdb70ec6-8617-417e-907c-07999051b40e,
Billed Duration for Request fdb70ec6-8617-417e-907c-07999051b40e: 1829 ms
Input: 5000000,
Cold Start: false
Unique ID: 57c2c867-1079-4d14-8caf-0d6e92f9b187,
Billed Duration for Request 57c2c867-1079-4d14-8caf-0d6e92f9b187: 1822 ms
Input: 5000000,
Cold Start: false
Unique ID: 84c822c8-23c1-426f-b9ee-d1f0086c2677,
Billed Duration for Request 84c822c8-23c1-426f-b9ee-d1f0086c2677: 1675 ms
Input: 5000000,
Cold Start: false
Unique ID: 2be63ce3-f7a7-4a52-879f-c61618d37355,
Billed Duration for Request 2be63ce3-f7a7-4a52-879f-c61618d37355: 1866 ms
Input: 5000000,
Cold Start: false
Unique ID: 44381c50-f19c-41d2-b666-ed1f0d925611,
Billed Duration for Request 44381c50-f19c-41d2-b666-ed1f0d925611: 1728 ms
Input: 5000000,
Cold Start: false
Unique ID: 93dbbeeb-bec4-4070-b693-f10bba78a2ca,
Billed Duration for Request 93dbbeeb-bec4-4070-b693-f10bba78a2ca: 1818 ms
Input: 5000000,
Cold Start: false
Unique ID: c1c90edc-05ff-4d1a-b36c-83f13ae183fe,
Billed Duration for Request c1c90edc-05ff-4d1a-b36c-83f13ae183fe: 1842 ms
Input: 5000000,
Cold Start: false
Unique ID: c2014b57-e28f-407d-8933-9170b81df485,
Billed Duration for Request c2014b57-e28f-407d-8933-9170b81df485: 1654 ms
Input: 5000000,
Cold Start: false
Unique ID: 761116e4-387a-4662-a0e7-9c25c2bb8139,
Billed Duration for Request 761116e4-387a-4662-a0e7-9c25c2bb8139: 1855 ms
Input: 5000000,
Cold Start: false
Unique ID: 26b857a5-f2e7-4f95-9aeb-64f428af80da,
Billed Duration for Request 26b857a5-f2e7-4f95-9aeb-64f428af80da: 1828 ms
Input: 5000000,
Cold Start: false
Unique ID: e88566e2-bf7e-4bda-83b6-2cf224be8a79,
Billed Duration for Request e88566e2-bf7e-4bda-83b6-2cf224be8a79: 1674 ms
Input: 5000000,
Cold Start: false
Unique ID: 2889033f-0d11-4fb3-8ea7-26908bb1274e,
Billed Duration for Request 2889033f-0d11-4fb3-8ea7-26908bb1274e: 1830 ms
Input: 5000000,
Cold Start: false
Unique ID: e04b1cb5-5441-4412-92f6-5c77b2f59583,
Billed Duration for Request e04b1cb5-5441-4412-92f6-5c77b2f59583: 1827 ms
Input: 5000000,
Cold Start: false
Unique ID: 9985d613-64b1-4230-b5f5-622725cc2045,
Billed Duration for Request 9985d613-64b1-4230-b5f5-622725cc2045: 1888 ms
Input: 5000000,
Cold Start: false
Unique ID: 0d75e3b2-e732-4553-8a4e-d69c33c614e8,
Billed Duration for Request 0d75e3b2-e732-4553-8a4e-d69c33c614e8: 1831 ms
Input: 5000000,
Cold Start: false
Unique ID: 29aba81d-1fd8-45b6-b784-973799d9b4ec,
Billed Duration for Request 29aba81d-1fd8-45b6-b784-973799d9b4ec: 1821 ms
Input: 5000000,
Cold Start: false
Unique ID: 6b9c5a1d-f6ed-40f2-9c98-4c1ec9b235d7,
Billed Duration for Request 6b9c5a1d-f6ed-40f2-9c98-4c1ec9b235d7: 1739 ms
Input: 5000000,
Cold Start: false
Unique ID: 66083673-17aa-4073-893e-e4725c770b97,
Billed Duration for Request 66083673-17aa-4073-893e-e4725c770b97: 1666 ms
Input: 5000000,
Cold Start: false
Unique ID: 76c5231a-5bcb-41d5-a438-cd748e513204,
Billed Duration for Request 76c5231a-5bcb-41d5-a438-cd748e513204: 1849 ms
Input: 5000000,
Cold Start: false
Unique ID: 62cdb2be-f34b-4b41-8627-755d25c38d8e,
Billed Duration for Request 62cdb2be-f34b-4b41-8627-755d25c38d8e: 1817 ms
Input: 5000000,
Cold Start: false
Unique ID: 1a7e7d3d-a809-436d-82b8-9ba39604fff7,
Billed Duration for Request 1a7e7d3d-a809-436d-82b8-9ba39604fff7: 1680 ms
Input: 5000000,
Cold Start: false
Unique ID: 3d8c0234-4067-442f-a1ca-952de90a2833,
Billed Duration for Request 3d8c0234-4067-442f-a1ca-952de90a2833: 1817 ms
Input: 5000000,
Cold Start: false
Unique ID: 8ad1094a-0587-4041-a2cb-c6fffc2bf57b,
Billed Duration for Request 8ad1094a-0587-4041-a2cb-c6fffc2bf57b: 1862 ms
Input: 5000000,
Cold Start: false
Unique ID: f96b7396-b9d3-4ba0-b084-78578296cd89,
Billed Duration for Request f96b7396-b9d3-4ba0-b084-78578296cd89: 1859 ms
Input: 5000000,
Cold Start: false
Unique ID: bf9d5cdf-be48-4cc1-942a-ed26e7dd0c0b,
Billed Duration for Request bf9d5cdf-be48-4cc1-942a-ed26e7dd0c0b: 1831 ms
Input: 5000000,
Cold Start: false
Unique ID: a066e468-4e75-450d-88ae-901d81efc8ad,
Billed Duration for Request a066e468-4e75-450d-88ae-901d81efc8ad: 1729 ms
Input: 5000000,
Cold Start: false
