Unique ID: ce2eb9f8-7b9d-4ed9-9955-505d39217f7a,
Billed Duration for Request ce2eb9f8-7b9d-4ed9-9955-505d39217f7a: 1918 ms
Input: 5500000,
Cold Start: false
Unique ID: dd00c885-7c85-473a-871a-6eb04b244435,
Billed Duration for Request dd00c885-7c85-473a-871a-6eb04b244435: 2035 ms
Input: 5500000,
Cold Start: false
Unique ID: 386b054b-df37-4423-bcd7-63a4ecc1e319,
Billed Duration for Request 386b054b-df37-4423-bcd7-63a4ecc1e319: 2099 ms
Input: 5500000,
Cold Start: false
Unique ID: b39f943d-4cc0-4ef5-b2e9-2f97925ce2bd,
Billed Duration for Request b39f943d-4cc0-4ef5-b2e9-2f97925ce2bd: 2043 ms
Input: 5500000,
Cold Start: false
Unique ID: 8819e09b-1adb-4409-9779-8fd523292b3f,
Billed Duration for Request 8819e09b-1adb-4409-9779-8fd523292b3f: 2023 ms
Input: 5500000,
Cold Start: false
Unique ID: 9c77ce0e-9843-4689-b282-f910175e33a2,
Billed Duration for Request 9c77ce0e-9843-4689-b282-f910175e33a2: 1848 ms
Input: 5500000,
Cold Start: false
Unique ID: 1c573cdd-d5bc-43bd-aa85-fdbf48716a0f,
Billed Duration for Request 1c573cdd-d5bc-43bd-aa85-fdbf48716a0f: 2041 ms
Input: 5500000,
Cold Start: false
Unique ID: 3689091a-7de7-4270-a686-0b277f8744a3,
Billed Duration for Request 3689091a-7de7-4270-a686-0b277f8744a3: 2041 ms
Input: 5500000,
Cold Start: false
Unique ID: 75ad4132-1525-4765-b17c-131802198469,
Billed Duration for Request 75ad4132-1525-4765-b17c-131802198469: 1826 ms
Input: 5500000,
Cold Start: false
Unique ID: 649ecbd3-7846-4cdf-b504-60d0739e96dd,
Billed Duration for Request 649ecbd3-7846-4cdf-b504-60d0739e96dd: 2006 ms
Input: 5500000,
Cold Start: false
Unique ID: 8033db61-768a-4152-b171-b690f62b83c0,
Billed Duration for Request 8033db61-768a-4152-b171-b690f62b83c0: 1922 ms
Input: 5500000,
Cold Start: false
Unique ID: 8ae8c1ce-90e0-41cf-a924-014ea2661711,
Billed Duration for Request 8ae8c1ce-90e0-41cf-a924-014ea2661711: 2026 ms
Input: 5500000,
Cold Start: false
Unique ID: 67ecf603-96d1-4d98-bf8e-fdf287c57a6a,
Billed Duration for Request 67ecf603-96d1-4d98-bf8e-fdf287c57a6a: 2064 ms
Input: 5500000,
Cold Start: false
Unique ID: dee2eb46-fc7b-4563-957f-2b47f9902d52,
Billed Duration for Request dee2eb46-fc7b-4563-957f-2b47f9902d52: 1814 ms
Input: 5500000,
Cold Start: false
Unique ID: 94a50304-0081-4937-9997-30108f74495e,
Billed Duration for Request 94a50304-0081-4937-9997-30108f74495e: 2039 ms
Input: 5500000,
Cold Start: false
Unique ID: b3b639e6-45cf-4800-abb6-ab8883869ea5,
Billed Duration for Request b3b639e6-45cf-4800-abb6-ab8883869ea5: 2002 ms
Input: 5500000,
Cold Start: false
Unique ID: 96312961-4d48-4761-a9b7-466ea0943e1d,
Billed Duration for Request 96312961-4d48-4761-a9b7-466ea0943e1d: 2045 ms
Input: 5500000,
Cold Start: false
Unique ID: 147e3d5f-2e86-4582-99a5-dbf4e2923b81,
Billed Duration for Request 147e3d5f-2e86-4582-99a5-dbf4e2923b81: 1866 ms
Input: 5500000,
Cold Start: false
Unique ID: 681124ab-569c-438a-9189-25745ae9cfc4,
Billed Duration for Request 681124ab-569c-438a-9189-25745ae9cfc4: 2001 ms
Input: 5500000,
Cold Start: false
Unique ID: ff04bec8-04ff-4304-86f9-ffd2cbf0057c,
Billed Duration for Request ff04bec8-04ff-4304-86f9-ffd2cbf0057c: 2082 ms
Input: 5500000,
Cold Start: false
Unique ID: 1ae86bdb-e546-4608-b1e0-336703fda239,
Billed Duration for Request 1ae86bdb-e546-4608-b1e0-336703fda239: 1948 ms
Input: 5500000,
Cold Start: false
Unique ID: 0be7e692-d008-47ac-8d8c-e8e180cfae9b,
Billed Duration for Request 0be7e692-d008-47ac-8d8c-e8e180cfae9b: 2018 ms
Input: 5500000,
Cold Start: false
Unique ID: 680e7e2e-f51c-4f02-8810-9b8cbb8d538c,
Billed Duration for Request 680e7e2e-f51c-4f02-8810-9b8cbb8d538c: 1858 ms
Input: 5500000,
Cold Start: false
Unique ID: c220879d-f85f-448f-8700-4c450b77ddb9,
Billed Duration for Request c220879d-f85f-448f-8700-4c450b77ddb9: 2001 ms
Input: 5500000,
Cold Start: false
Unique ID: de592c16-e90b-43a2-9df6-28ae8f8335f8,
Billed Duration for Request de592c16-e90b-43a2-9df6-28ae8f8335f8: 2045 ms
Input: 5500000,
Cold Start: false
Unique ID: 33f89552-1dae-4a2c-bf69-d20d76526a25,
Billed Duration for Request 33f89552-1dae-4a2c-bf69-d20d76526a25: 1991 ms
Input: 5500000,
Cold Start: false
Unique ID: db596e23-167c-4819-a3de-51e37feda243,
Billed Duration for Request db596e23-167c-4819-a3de-51e37feda243: 2019 ms
Input: 5500000,
Cold Start: false
Unique ID: 14a46f02-f4ee-4406-a876-3507aa9b54dd,
Billed Duration for Request 14a46f02-f4ee-4406-a876-3507aa9b54dd: 1814 ms
Input: 5500000,
Cold Start: false
Unique ID: afa9f485-4b15-4102-9399-9f313030ff7f,
Billed Duration for Request afa9f485-4b15-4102-9399-9f313030ff7f: 1992 ms
Input: 5500000,
Cold Start: false
Unique ID: e2ed2f9a-773a-4ae7-9baf-a85feeffb011,
Billed Duration for Request e2ed2f9a-773a-4ae7-9baf-a85feeffb011: 1995 ms
Input: 5500000,
Cold Start: false
Unique ID: f7de03b4-5051-4f68-8b78-3a07c8e901e9,
Billed Duration for Request f7de03b4-5051-4f68-8b78-3a07c8e901e9: 1896 ms
Input: 5500000,
Cold Start: false
Unique ID: 26135f29-eab7-4e6e-badd-f3f1009d5d3d,
Billed Duration for Request 26135f29-eab7-4e6e-badd-f3f1009d5d3d: 2049 ms
Input: 5500000,
Cold Start: false
Unique ID: 1929ef45-cab5-4a41-b956-4a5415d2705e,
Billed Duration for Request 1929ef45-cab5-4a41-b956-4a5415d2705e: 1832 ms
Input: 5500000,
Cold Start: false
Unique ID: 4620c516-360a-4caa-9b9a-95d941f4ccda,
Billed Duration for Request 4620c516-360a-4caa-9b9a-95d941f4ccda: 2011 ms
Input: 5500000,
Cold Start: false
Unique ID: b1903fd6-4dd3-4ccc-abde-42ea99ac65e3,
Billed Duration for Request b1903fd6-4dd3-4ccc-abde-42ea99ac65e3: 2001 ms
Input: 5500000,
Cold Start: false
Unique ID: 6417a657-b9bf-479a-81a2-b9fcdff77192,
Billed Duration for Request 6417a657-b9bf-479a-81a2-b9fcdff77192: 2037 ms
Input: 5500000,
Cold Start: false
Unique ID: be585e0c-76de-4749-bdac-82316d215c2c,
Billed Duration for Request be585e0c-76de-4749-bdac-82316d215c2c: 2071 ms
Input: 5500000,
Cold Start: false
Unique ID: ad33075e-7474-482b-bb7a-d9354bc6e2d4,
Billed Duration for Request ad33075e-7474-482b-bb7a-d9354bc6e2d4: 1826 ms
Input: 5500000,
Cold Start: false
Unique ID: d1b4bafa-da85-498d-9abf-834f5756c3f5,
Billed Duration for Request d1b4bafa-da85-498d-9abf-834f5756c3f5: 2002 ms
Input: 5500000,
Cold Start: false
Unique ID: df432f17-e793-42b8-b711-5011dd83721e,
Billed Duration for Request df432f17-e793-42b8-b711-5011dd83721e: 1900 ms
Input: 5500000,
Cold Start: false
Unique ID: 1e4937b7-1774-45c4-8787-5a152a774407,
Billed Duration for Request 1e4937b7-1774-45c4-8787-5a152a774407: 2028 ms
Input: 5500000,
Cold Start: false
Unique ID: 8dd6430f-2b2c-48fc-bdc5-0506d3140b26,
Billed Duration for Request 8dd6430f-2b2c-48fc-bdc5-0506d3140b26: 2040 ms
Input: 5500000,
Cold Start: false
Unique ID: 966ab3eb-87ab-4515-af24-ceba1750628d,
Billed Duration for Request 966ab3eb-87ab-4515-af24-ceba1750628d: 1830 ms
Input: 5500000,
Cold Start: false
Unique ID: b95fb568-dd1a-4dec-bb6c-b165a8405081,
Billed Duration for Request b95fb568-dd1a-4dec-bb6c-b165a8405081: 2005 ms
Input: 5500000,
Cold Start: false
Unique ID: bf3f8c91-fff7-4ced-a26b-09b584de8f10,
Billed Duration for Request bf3f8c91-fff7-4ced-a26b-09b584de8f10: 1996 ms
Input: 5500000,
Cold Start: false
Unique ID: 5d99de43-9864-437b-b9ac-391af0ec3677,
Billed Duration for Request 5d99de43-9864-437b-b9ac-391af0ec3677: 2024 ms
Input: 5500000,
Cold Start: false
Unique ID: f2114c48-dc39-4c2c-bbd7-34192a7903ba,
Billed Duration for Request f2114c48-dc39-4c2c-bbd7-34192a7903ba: 1843 ms
Input: 5500000,
Cold Start: false
Unique ID: b07a85da-d1ad-43ed-85d1-d57ff2a1f0c4,
Billed Duration for Request b07a85da-d1ad-43ed-85d1-d57ff2a1f0c4: 2018 ms
Input: 5500000,
Cold Start: false
Unique ID: 700ac31b-83ff-4c05-891c-16bbbcbfadb1,
Billed Duration for Request 700ac31b-83ff-4c05-891c-16bbbcbfadb1: 2085 ms
Input: 5500000,
Cold Start: false
Unique ID: c2e41766-6453-455b-b8c2-a41e753e1357,
Billed Duration for Request c2e41766-6453-455b-b8c2-a41e753e1357: 1907 ms
Input: 5500000,
Cold Start: false
Unique ID: 817ad325-b4ed-4a5c-a978-56021d9fa542,
Billed Duration for Request 817ad325-b4ed-4a5c-a978-56021d9fa542: 2043 ms
Input: 5500000,
Cold Start: false
Unique ID: 411df39e-2a63-4eb6-99f9-f5726b711341,
Billed Duration for Request 411df39e-2a63-4eb6-99f9-f5726b711341: 1831 ms
Input: 5500000,
Cold Start: false
Unique ID: bbf10bd8-a912-4ad7-a632-ad7c7f69952c,
Billed Duration for Request bbf10bd8-a912-4ad7-a632-ad7c7f69952c: 2009 ms
Input: 5500000,
Cold Start: false
Unique ID: a31c4b67-4451-4d08-a46e-79652fe62a5d,
Billed Duration for Request a31c4b67-4451-4d08-a46e-79652fe62a5d: 2008 ms
Input: 5500000,
Cold Start: false
Unique ID: e44e4e93-10fe-4f8a-b136-af6458d7ed56,
Billed Duration for Request e44e4e93-10fe-4f8a-b136-af6458d7ed56: 1994 ms
Input: 5500000,
Cold Start: false
Unique ID: 79ce0d1a-f45d-46ec-bc3c-e82871d96e3c,
Billed Duration for Request 79ce0d1a-f45d-46ec-bc3c-e82871d96e3c: 1827 ms
Input: 5500000,
Cold Start: false
Unique ID: 0f7e3763-9585-47bb-a269-3bac89a49a7f,
Billed Duration for Request 0f7e3763-9585-47bb-a269-3bac89a49a7f: 1994 ms
Input: 5500000,
Cold Start: false
Unique ID: 6362aab2-89c3-4f2a-9bdd-db81584d73c1,
Billed Duration for Request 6362aab2-89c3-4f2a-9bdd-db81584d73c1: 2026 ms
Input: 5500000,
Cold Start: false
Unique ID: f0bb5b9c-4579-4ae7-8846-61818f49f4f6,
Billed Duration for Request f0bb5b9c-4579-4ae7-8846-61818f49f4f6: 2037 ms
Input: 5500000,
Cold Start: false
Unique ID: 84941aa3-8acd-43ff-a57b-5d2cc05ff634,
Billed Duration for Request 84941aa3-8acd-43ff-a57b-5d2cc05ff634: 1882 ms
Input: 5500000,
Cold Start: false
Unique ID: e4a6a913-b620-42cb-94c1-c21571ab8931,
Billed Duration for Request e4a6a913-b620-42cb-94c1-c21571ab8931: 1826 ms
Input: 5500000,
Cold Start: false
Unique ID: ff920259-d033-4340-81ab-9ded8be77731,
Billed Duration for Request ff920259-d033-4340-81ab-9ded8be77731: 2053 ms
Input: 5500000,
Cold Start: false
Unique ID: b2b14b8b-212b-4a57-8b2a-ac1693186377,
Billed Duration for Request b2b14b8b-212b-4a57-8b2a-ac1693186377: 2008 ms
Input: 5500000,
Cold Start: false
Unique ID: 0033bac7-2c50-4b8f-97a9-9e69d4d36fc0,
Billed Duration for Request 0033bac7-2c50-4b8f-97a9-9e69d4d36fc0: 1985 ms
Input: 5500000,
Cold Start: false
Unique ID: 5b151748-5615-4c97-ba25-e859b3c314e1,
Billed Duration for Request 5b151748-5615-4c97-ba25-e859b3c314e1: 2038 ms
Input: 5500000,
Cold Start: false
Unique ID: 813a5964-ce70-4280-8da5-4aa943d67bba,
Billed Duration for Request 813a5964-ce70-4280-8da5-4aa943d67bba: 1817 ms
Input: 5500000,
Cold Start: false
Unique ID: b4747e2c-e75f-4d91-a13c-c6e7fce35031,
Billed Duration for Request b4747e2c-e75f-4d91-a13c-c6e7fce35031: 1979 ms
Input: 5500000,
Cold Start: false
Unique ID: a36bff6d-c2d2-42b6-9c95-ceb87d3d1a6a,
Billed Duration for Request a36bff6d-c2d2-42b6-9c95-ceb87d3d1a6a: 1913 ms
Input: 5500000,
Cold Start: false
Unique ID: ac3f23c5-7659-4ca6-9d9d-85d79a934568,
Billed Duration for Request ac3f23c5-7659-4ca6-9d9d-85d79a934568: 2021 ms
Input: 5500000,
Cold Start: false
Unique ID: 1dc13a23-e4ed-42cc-9f0d-8ddbac57c03c,
Billed Duration for Request 1dc13a23-e4ed-42cc-9f0d-8ddbac57c03c: 1813 ms
Input: 5500000,
Cold Start: false
Unique ID: c6ba39d2-f704-4d68-be07-6326655f321e,
Billed Duration for Request c6ba39d2-f704-4d68-be07-6326655f321e: 2126 ms
Input: 5500000,
Cold Start: false
Unique ID: 5e5493b6-3f49-468b-9d30-83234fb418f1,
Billed Duration for Request 5e5493b6-3f49-468b-9d30-83234fb418f1: 2020 ms
Input: 5500000,
Cold Start: false
Unique ID: 26a4fd5a-f16c-408b-ae70-2cede96ec9f4,
Billed Duration for Request 26a4fd5a-f16c-408b-ae70-2cede96ec9f4: 2064 ms
Input: 5500000,
Cold Start: false
Unique ID: 6ba2e856-259a-4bbc-86a3-0155ae769dea,
Billed Duration for Request 6ba2e856-259a-4bbc-86a3-0155ae769dea: 1986 ms
Input: 5500000,
Cold Start: false
Unique ID: b2022f31-d546-48e7-90c9-da15f02379fb,
Billed Duration for Request b2022f31-d546-48e7-90c9-da15f02379fb: 2021 ms
Input: 5500000,
Cold Start: false
Unique ID: fa62a3ae-5446-411f-9bfa-55371ed729b0,
Billed Duration for Request fa62a3ae-5446-411f-9bfa-55371ed729b0: 1807 ms
Input: 5500000,
Cold Start: false
Unique ID: 35576486-6a72-4dca-b8c3-c7b24ce1b37e,
Billed Duration for Request 35576486-6a72-4dca-b8c3-c7b24ce1b37e: 1982 ms
Input: 5500000,
Cold Start: false
Unique ID: 2e717ec5-bb84-49ba-b1e5-1b6582088e83,
Billed Duration for Request 2e717ec5-bb84-49ba-b1e5-1b6582088e83: 1915 ms
Input: 5500000,
Cold Start: false
Unique ID: 5fe8f262-78da-4f8f-8088-719a50a31ad5,
Billed Duration for Request 5fe8f262-78da-4f8f-8088-719a50a31ad5: 2013 ms
Input: 5500000,
Cold Start: false
Unique ID: 3ef4d7b5-4f8c-4e61-9428-26d3473c48b1,
Billed Duration for Request 3ef4d7b5-4f8c-4e61-9428-26d3473c48b1: 1854 ms
Input: 5500000,
Cold Start: false
Unique ID: fc51a619-59f9-48cb-92cf-f5e86a3adf87,
Billed Duration for Request fc51a619-59f9-48cb-92cf-f5e86a3adf87: 2022 ms
Input: 5500000,
Cold Start: false
Unique ID: 551c5439-23f9-4228-87d9-eb77f3ee2baa,
Billed Duration for Request 551c5439-23f9-4228-87d9-eb77f3ee2baa: 2045 ms
Input: 5500000,
Cold Start: false
Unique ID: 9cf83ff3-508a-421a-acfc-2097f2202416,
Billed Duration for Request 9cf83ff3-508a-421a-acfc-2097f2202416: 2078 ms
Input: 5500000,
Cold Start: false
Unique ID: 60a269d7-e3e3-488f-a609-351edb2ae8a7,
Billed Duration for Request 60a269d7-e3e3-488f-a609-351edb2ae8a7: 2056 ms
Input: 5500000,
Cold Start: false
Unique ID: efd57ee9-6ed6-4165-a5e3-cd0bc476c8ef,
Billed Duration for Request efd57ee9-6ed6-4165-a5e3-cd0bc476c8ef: 2021 ms
Input: 5500000,
Cold Start: false
Unique ID: 30894dcd-b560-45bb-9ac4-b6a038127751,
Billed Duration for Request 30894dcd-b560-45bb-9ac4-b6a038127751: 1830 ms
Input: 5500000,
Cold Start: false
Unique ID: f9eb2991-f22d-4b52-b1d7-dbd3ea2cbd41,
Billed Duration for Request f9eb2991-f22d-4b52-b1d7-dbd3ea2cbd41: 2007 ms
Input: 5500000,
Cold Start: false
Unique ID: 78f3b290-36d1-454c-a7cb-d731e2b25c57,
Billed Duration for Request 78f3b290-36d1-454c-a7cb-d731e2b25c57: 1857 ms
Input: 5500000,
Cold Start: false
Unique ID: 64ecabf3-b027-4242-a424-e9744c706820,
Billed Duration for Request 64ecabf3-b027-4242-a424-e9744c706820: 2023 ms
Input: 5500000,
Cold Start: false
Unique ID: f5ade9a9-708e-46be-991a-e086a0c27148,
Billed Duration for Request f5ade9a9-708e-46be-991a-e086a0c27148: 1914 ms
Input: 5500000,
Cold Start: false
Unique ID: 2e722872-7a6c-4260-acfd-79204ad9ab02,
Billed Duration for Request 2e722872-7a6c-4260-acfd-79204ad9ab02: 1993 ms
Input: 5500000,
Cold Start: false
Unique ID: 522c3107-a772-4500-ba5e-b7e28179303f,
Billed Duration for Request 522c3107-a772-4500-ba5e-b7e28179303f: 2018 ms
Input: 5500000,
Cold Start: false
Unique ID: f027dc15-d98f-43fa-995c-5721026786b8,
Billed Duration for Request f027dc15-d98f-43fa-995c-5721026786b8: 2045 ms
Input: 5500000,
Cold Start: false
Unique ID: 26449a2d-9ca1-4fa6-bcce-f1b2abd0f0c5,
Billed Duration for Request 26449a2d-9ca1-4fa6-bcce-f1b2abd0f0c5: 2075 ms
Input: 5500000,
Cold Start: false
Unique ID: 1c1ebf93-0e92-4447-93c1-30841af68ec8,
Billed Duration for Request 1c1ebf93-0e92-4447-93c1-30841af68ec8: 2012 ms
Input: 5500000,
Cold Start: false
Unique ID: 4c6b05d6-d12b-4316-bd2d-649a9f8eb183,
Billed Duration for Request 4c6b05d6-d12b-4316-bd2d-649a9f8eb183: 1835 ms
Input: 5500000,
Cold Start: false
Unique ID: dce7651d-f025-41dc-aed2-be5008b7035e,
Billed Duration for Request dce7651d-f025-41dc-aed2-be5008b7035e: 2004 ms
Input: 5500000,
Cold Start: false
Unique ID: 24ea2ef4-156a-41a9-bc37-458b4235184c,
Billed Duration for Request 24ea2ef4-156a-41a9-bc37-458b4235184c: 1824 ms
Input: 5500000,
Cold Start: false
Unique ID: 66788e56-aa8f-4999-8db8-9a4ad825f580,
Billed Duration for Request 66788e56-aa8f-4999-8db8-9a4ad825f580: 2025 ms
Input: 5500000,
Cold Start: false
Unique ID: 42d628d3-fe4f-4794-a8fa-d8e7d148bd37,
Billed Duration for Request 42d628d3-fe4f-4794-a8fa-d8e7d148bd37: 1952 ms
Input: 5500000,
Cold Start: false
Unique ID: f164e5f9-e421-4dfd-83bb-70113e7fa1d4,
Billed Duration for Request f164e5f9-e421-4dfd-83bb-70113e7fa1d4: 2033 ms
Input: 5500000,
Cold Start: false
Unique ID: 6ed84d0b-d8b8-4617-997a-07cf05c7fcde,
Billed Duration for Request 6ed84d0b-d8b8-4617-997a-07cf05c7fcde: 2046 ms
Input: 5500000,
Cold Start: false
Unique ID: 2c5dfa07-1cc3-4b78-8eeb-d444d6a2a31a,
Billed Duration for Request 2c5dfa07-1cc3-4b78-8eeb-d444d6a2a31a: 2024 ms
Input: 5500000,
Cold Start: false
Unique ID: c1ae68d8-fbb8-450c-9772-cf8d86b544db,
Billed Duration for Request c1ae68d8-fbb8-450c-9772-cf8d86b544db: 1986 ms
Input: 5500000,
Cold Start: false
Unique ID: 86778d06-5557-4053-93de-51eeebc16eeb,
Billed Duration for Request 86778d06-5557-4053-93de-51eeebc16eeb: 1829 ms
Input: 5500000,
Cold Start: false
Unique ID: 7670b13b-38e6-44f9-9134-526cf2de19dd,
Billed Duration for Request 7670b13b-38e6-44f9-9134-526cf2de19dd: 1993 ms
Input: 5500000,
Cold Start: false
Unique ID: c464c854-ff1b-4356-8ba4-17e3a8d4501f,
Billed Duration for Request c464c854-ff1b-4356-8ba4-17e3a8d4501f: 1844 ms
Input: 5500000,
Cold Start: false
Unique ID: aeaed278-8cd3-4e5f-b95f-c4d8fa06409a,
Billed Duration for Request aeaed278-8cd3-4e5f-b95f-c4d8fa06409a: 2081 ms
Input: 5500000,
Cold Start: false
Unique ID: 678372af-ca67-42cb-b3b4-c31ec420ce8d,
Billed Duration for Request 678372af-ca67-42cb-b3b4-c31ec420ce8d: 1944 ms
Input: 5500000,
Cold Start: false
Unique ID: c433da1b-4a21-46f4-ac3d-ea724089f09a,
Billed Duration for Request c433da1b-4a21-46f4-ac3d-ea724089f09a: 2023 ms
Input: 5500000,
Cold Start: false
Unique ID: f6a0935e-dac1-4588-b98d-190c16ad75bf,
Billed Duration for Request f6a0935e-dac1-4588-b98d-190c16ad75bf: 2024 ms
Input: 5500000,
Cold Start: false
Unique ID: bd209a5f-3df9-4c6a-a37e-c1cbbab6ecaa,
Billed Duration for Request bd209a5f-3df9-4c6a-a37e-c1cbbab6ecaa: 2063 ms
Input: 5500000,
Cold Start: false
Unique ID: 4cce57ac-3382-4bbc-8c58-f098e540e479,
Billed Duration for Request 4cce57ac-3382-4bbc-8c58-f098e540e479: 2038 ms
Input: 5500000,
Cold Start: false
Unique ID: a099df72-1aa0-40ec-afbd-f6dd67e107fc,
Billed Duration for Request a099df72-1aa0-40ec-afbd-f6dd67e107fc: 1981 ms
Input: 5500000,
Cold Start: false
Unique ID: 6a8fce2a-d923-4829-b094-24ad4b36a5df,
Billed Duration for Request 6a8fce2a-d923-4829-b094-24ad4b36a5df: 1831 ms
Input: 5500000,
Cold Start: false
Unique ID: c131ed84-ad26-4165-92f6-41c62110fae2,
Billed Duration for Request c131ed84-ad26-4165-92f6-41c62110fae2: 2006 ms
Input: 5500000,
Cold Start: false
Unique ID: 9bb7794d-24c5-4b65-b5f3-5c709d66f070,
Billed Duration for Request 9bb7794d-24c5-4b65-b5f3-5c709d66f070: 1817 ms
Input: 5500000,
Cold Start: false
Unique ID: 8320429e-46db-40d7-aa13-17fc76643f62,
Billed Duration for Request 8320429e-46db-40d7-aa13-17fc76643f62: 2030 ms
Input: 5500000,
Cold Start: false
Unique ID: daccb58f-ad5a-4e33-91a1-50f29080a6f7,
Billed Duration for Request daccb58f-ad5a-4e33-91a1-50f29080a6f7: 1997 ms
Input: 5500000,
Cold Start: false
Unique ID: 7d38a94a-1197-4ab0-bad3-b6be2ba20ce3,
Billed Duration for Request 7d38a94a-1197-4ab0-bad3-b6be2ba20ce3: 1935 ms
Input: 5500000,
Cold Start: false
Unique ID: b234ca62-2dea-4b6f-83d3-94b5beed4244,
Billed Duration for Request b234ca62-2dea-4b6f-83d3-94b5beed4244: 2015 ms
Input: 5500000,
Cold Start: false
Unique ID: e6bc189a-509d-4943-a4ff-59daa840ea17,
Billed Duration for Request e6bc189a-509d-4943-a4ff-59daa840ea17: 2020 ms
Input: 5500000,
Cold Start: false
Unique ID: 951a12a8-8faf-4261-97e2-9cb60272d82f,
Billed Duration for Request 951a12a8-8faf-4261-97e2-9cb60272d82f: 1986 ms
Input: 5500000,
Cold Start: false
Unique ID: 14b499a5-b42d-4849-a245-961faad09f0f,
Billed Duration for Request 14b499a5-b42d-4849-a245-961faad09f0f: 1842 ms
Input: 5500000,
Cold Start: false
Unique ID: a800af1d-5247-439f-9ea6-4d7f84a45dbf,
Billed Duration for Request a800af1d-5247-439f-9ea6-4d7f84a45dbf: 2003 ms
Input: 5500000,
Cold Start: false
Unique ID: f1efb328-4806-451e-babe-a94dd86f7ac3,
Billed Duration for Request f1efb328-4806-451e-babe-a94dd86f7ac3: 1830 ms
Input: 5500000,
Cold Start: false
Unique ID: 44e8977c-af12-42bf-9e5e-47bf6f740682,
Billed Duration for Request 44e8977c-af12-42bf-9e5e-47bf6f740682: 2076 ms
Input: 5500000,
Cold Start: false
Unique ID: 5343c1c6-e3e5-4ce7-8f3d-c9e1b4c43aa1,
Billed Duration for Request 5343c1c6-e3e5-4ce7-8f3d-c9e1b4c43aa1: 2016 ms
Input: 5500000,
Cold Start: false
Unique ID: c50474fe-0042-4333-bd71-82497afe3cff,
Billed Duration for Request c50474fe-0042-4333-bd71-82497afe3cff: 2004 ms
Input: 5500000,
Cold Start: false
Unique ID: c24c0c4c-2d3f-42d6-897a-33066ec756b2,
Billed Duration for Request c24c0c4c-2d3f-42d6-897a-33066ec756b2: 1934 ms
Input: 5500000,
Cold Start: false
Unique ID: 4a8a23e6-c2a2-480d-9474-dfe0974cb1a5,
Billed Duration for Request 4a8a23e6-c2a2-480d-9474-dfe0974cb1a5: 2038 ms
Input: 5500000,
Cold Start: false
Unique ID: 38673897-9121-47af-831b-6ea308af8605,
Billed Duration for Request 38673897-9121-47af-831b-6ea308af8605: 1981 ms
Input: 5500000,
Cold Start: false
Unique ID: fda3a5c7-62b6-498f-b8e4-eae0f8beb6a6,
Billed Duration for Request fda3a5c7-62b6-498f-b8e4-eae0f8beb6a6: 1838 ms
Input: 5500000,
Cold Start: false
Unique ID: d8fe40a8-f1e8-4cdf-bef5-abde6c3bde1c,
Billed Duration for Request d8fe40a8-f1e8-4cdf-bef5-abde6c3bde1c: 1831 ms
Input: 5500000,
Cold Start: false
Unique ID: eef9853e-29f0-40e5-b657-ee6bb4dc4c26,
Billed Duration for Request eef9853e-29f0-40e5-b657-ee6bb4dc4c26: 1998 ms
Input: 5500000,
Cold Start: false
Unique ID: 7d3815b1-37dd-4370-b6d2-09e3a4b8ab3d,
Billed Duration for Request 7d3815b1-37dd-4370-b6d2-09e3a4b8ab3d: 2087 ms
Input: 5500000,
Cold Start: false
Unique ID: 96cd7372-5119-4d74-b8a9-fe7416ab3c22,
Billed Duration for Request 96cd7372-5119-4d74-b8a9-fe7416ab3c22: 2047 ms
Input: 5500000,
Cold Start: false
Unique ID: 05a1b674-07ca-4d0b-90a2-28bb669cf453,
Billed Duration for Request 05a1b674-07ca-4d0b-90a2-28bb669cf453: 2028 ms
Input: 5500000,
Cold Start: false
Unique ID: 112e94c6-335d-472f-8e2e-efe967af965e,
Billed Duration for Request 112e94c6-335d-472f-8e2e-efe967af965e: 1919 ms
Input: 5500000,
Cold Start: false
Unique ID: 1eeef340-5b20-40e6-86dc-edd6348579dd,
Billed Duration for Request 1eeef340-5b20-40e6-86dc-edd6348579dd: 1976 ms
Input: 5500000,
Cold Start: false
Unique ID: d0343bfb-3dd1-475e-885f-722a68479afc,
Billed Duration for Request d0343bfb-3dd1-475e-885f-722a68479afc: 2046 ms
Input: 5500000,
Cold Start: false
Unique ID: c33cb150-9b9a-4126-a73b-fb2a6753a7a6,
Billed Duration for Request c33cb150-9b9a-4126-a73b-fb2a6753a7a6: 1840 ms
Input: 5500000,
Cold Start: false
Unique ID: 4086acbb-7192-40cb-a5fd-a499665b5485,
Billed Duration for Request 4086acbb-7192-40cb-a5fd-a499665b5485: 1828 ms
Input: 5500000,
Cold Start: false
Unique ID: f0a2133c-b349-4c81-92e3-d1eec1224fde,
Billed Duration for Request f0a2133c-b349-4c81-92e3-d1eec1224fde: 1988 ms
Input: 5500000,
Cold Start: false
Unique ID: 01dad567-2b76-4e52-9ad4-851f8c546d1c,
Billed Duration for Request 01dad567-2b76-4e52-9ad4-851f8c546d1c: 2009 ms
Input: 5500000,
Cold Start: false
Unique ID: c3085ae1-fc3b-4864-849b-52badb37fc47,
Billed Duration for Request c3085ae1-fc3b-4864-849b-52badb37fc47: 2042 ms
Input: 5500000,
Cold Start: false
Unique ID: 9b4983bb-a76e-43b3-9aff-06e8ecaeaf65,
Billed Duration for Request 9b4983bb-a76e-43b3-9aff-06e8ecaeaf65: 2056 ms
Input: 5500000,
Cold Start: false
Unique ID: 9a5f06f9-6ff8-47b1-8444-e261affe628d,
Billed Duration for Request 9a5f06f9-6ff8-47b1-8444-e261affe628d: 1942 ms
Input: 5500000,
Cold Start: false
Unique ID: 099b46f2-d601-461b-b4df-7bee51df9902,
Billed Duration for Request 099b46f2-d601-461b-b4df-7bee51df9902: 1996 ms
Input: 5500000,
Cold Start: false
Unique ID: 67b2a313-6704-448d-b970-96deb91d34c3,
Billed Duration for Request 67b2a313-6704-448d-b970-96deb91d34c3: 2043 ms
Input: 5500000,
Cold Start: false
Unique ID: e3247a1e-0fbd-4fdb-a430-2c6913d0f260,
Billed Duration for Request e3247a1e-0fbd-4fdb-a430-2c6913d0f260: 1833 ms
Input: 5500000,
Cold Start: false
Unique ID: 86a39f0f-5b6e-4d3e-9c05-fc29d77c5cec,
Billed Duration for Request 86a39f0f-5b6e-4d3e-9c05-fc29d77c5cec: 1986 ms
Input: 5500000,
Cold Start: false
Unique ID: 30d3ea50-b710-4cd4-bf99-ebe43a4576bc,
Billed Duration for Request 30d3ea50-b710-4cd4-bf99-ebe43a4576bc: 1830 ms
Input: 5500000,
Cold Start: false
Unique ID: bbf7048c-4ca4-41e5-8d90-b6567b551271,
Billed Duration for Request bbf7048c-4ca4-41e5-8d90-b6567b551271: 2013 ms
Input: 5500000,
Cold Start: false
Unique ID: fd2f57a7-3560-4196-aa94-b671b8c674fc,
Billed Duration for Request fd2f57a7-3560-4196-aa94-b671b8c674fc: 2102 ms
Input: 5500000,
Cold Start: false
Unique ID: 71ad6e6c-0c74-4dde-9e7f-4cb1fe8284b3,
Billed Duration for Request 71ad6e6c-0c74-4dde-9e7f-4cb1fe8284b3: 2052 ms
Input: 5500000,
Cold Start: false
Unique ID: ba986726-b251-416e-9c80-a6db170fc1ec,
Billed Duration for Request ba986726-b251-416e-9c80-a6db170fc1ec: 2075 ms
Input: 5500000,
Cold Start: false
Unique ID: 36031c49-d470-4e6b-84b9-2fcaf55c614c,
Billed Duration for Request 36031c49-d470-4e6b-84b9-2fcaf55c614c: 1994 ms
Input: 5500000,
Cold Start: false
Unique ID: eb7004e1-f136-436e-8743-8a6cc99628d4,
Billed Duration for Request eb7004e1-f136-436e-8743-8a6cc99628d4: 1905 ms
Input: 5500000,
Cold Start: false
Unique ID: 0822b96c-9990-400f-99a3-18b2dc847729,
Billed Duration for Request 0822b96c-9990-400f-99a3-18b2dc847729: 2014 ms
Input: 5500000,
Cold Start: false
Unique ID: 5515d800-bef7-43ba-83da-820f951a25d3,
Billed Duration for Request 5515d800-bef7-43ba-83da-820f951a25d3: 1972 ms
Input: 5500000,
Cold Start: false
Unique ID: de4034d1-5ad0-45c7-ac18-619c65bd2ee8,
Billed Duration for Request de4034d1-5ad0-45c7-ac18-619c65bd2ee8: 1833 ms
Input: 5500000,
Cold Start: false
Unique ID: 579a8efe-3add-49db-a3f5-8cd0a518394b,
Billed Duration for Request 579a8efe-3add-49db-a3f5-8cd0a518394b: 1812 ms
Input: 5500000,
Cold Start: false
Unique ID: 94219695-344d-4870-bcc1-b5ea7ddc9098,
Billed Duration for Request 94219695-344d-4870-bcc1-b5ea7ddc9098: 2008 ms
Input: 5500000,
Cold Start: false
Unique ID: 33f8c5fb-26f8-4120-92ca-ebe1122974ed,
Billed Duration for Request 33f8c5fb-26f8-4120-92ca-ebe1122974ed: 2010 ms
Input: 5500000,
Cold Start: false
Unique ID: c18b8d0b-e6db-4040-a18a-d52b1f38e284,
Billed Duration for Request c18b8d0b-e6db-4040-a18a-d52b1f38e284: 2048 ms
Input: 5500000,
Cold Start: false
Unique ID: 7fd2c44b-7891-4b0e-aeac-01501481ef95,
Billed Duration for Request 7fd2c44b-7891-4b0e-aeac-01501481ef95: 1920 ms
Input: 5500000,
Cold Start: false
Unique ID: 6812c3ff-6361-4866-88a2-b4e52012507a,
Billed Duration for Request 6812c3ff-6361-4866-88a2-b4e52012507a: 2016 ms
Input: 5500000,
Cold Start: false
Unique ID: 9de6e2d5-53eb-4ce5-9e95-4b4ac94cc4a3,
Billed Duration for Request 9de6e2d5-53eb-4ce5-9e95-4b4ac94cc4a3: 2065 ms
Input: 5500000,
Cold Start: false
Unique ID: 26cf7ee7-65bd-425a-a9bf-fcb8db33852a,
Billed Duration for Request 26cf7ee7-65bd-425a-a9bf-fcb8db33852a: 1842 ms
Input: 5500000,
Cold Start: false
Unique ID: 0096a2c8-4603-44cc-8c2f-8838bb95bfc3,
Billed Duration for Request 0096a2c8-4603-44cc-8c2f-8838bb95bfc3: 1969 ms
Input: 5500000,
Cold Start: false
Unique ID: 1018edaf-9e09-4149-9840-dbe9c506cf1f,
Billed Duration for Request 1018edaf-9e09-4149-9840-dbe9c506cf1f: 1814 ms
Input: 5500000,
Cold Start: false
Unique ID: 5f01654c-f1fa-4d3d-ad16-75941e96df80,
Billed Duration for Request 5f01654c-f1fa-4d3d-ad16-75941e96df80: 2009 ms
Input: 5500000,
Cold Start: false
Unique ID: e37f6b6d-180c-4716-b77f-a057fb273d1e,
Billed Duration for Request e37f6b6d-180c-4716-b77f-a057fb273d1e: 2036 ms
Input: 5500000,
Cold Start: false
Unique ID: 503c82d2-43fd-4092-ba2a-abbdd65a4333,
Billed Duration for Request 503c82d2-43fd-4092-ba2a-abbdd65a4333: 2033 ms
Input: 5500000,
Cold Start: false
Unique ID: 71ae9b69-2b5b-49ee-bab9-f063be3108a6,
Billed Duration for Request 71ae9b69-2b5b-49ee-bab9-f063be3108a6: 2034 ms
Input: 5500000,
Cold Start: false
Unique ID: 00f317fb-d66b-4acd-8a8d-25548a18fdd3,
Billed Duration for Request 00f317fb-d66b-4acd-8a8d-25548a18fdd3: 2006 ms
Input: 5500000,
Cold Start: false
Unique ID: ab5a9fa3-0bde-4d36-a1bc-0ab8afc7d839,
Billed Duration for Request ab5a9fa3-0bde-4d36-a1bc-0ab8afc7d839: 1911 ms
Input: 5500000,
Cold Start: false
Unique ID: b8989fe2-aa7a-485e-b61a-cca2e65704ef,
Billed Duration for Request b8989fe2-aa7a-485e-b61a-cca2e65704ef: 2064 ms
Input: 5500000,
Cold Start: false
Unique ID: a85f666c-d7d5-4acd-abe9-4a36d5aead50,
Billed Duration for Request a85f666c-d7d5-4acd-abe9-4a36d5aead50: 1990 ms
Input: 5500000,
Cold Start: false
Unique ID: 17c47e6e-2dcb-4923-8d2b-5592e71e1f46,
Billed Duration for Request 17c47e6e-2dcb-4923-8d2b-5592e71e1f46: 1835 ms
Input: 5500000,
Cold Start: false
Unique ID: 981334e6-9a13-4b1d-97b8-dfedd6669758,
Billed Duration for Request 981334e6-9a13-4b1d-97b8-dfedd6669758: 1832 ms
Input: 5500000,
Cold Start: false
Unique ID: 6ac6b731-65d9-40a2-8c84-eaa571791c14,
Billed Duration for Request 6ac6b731-65d9-40a2-8c84-eaa571791c14: 1997 ms
Input: 5500000,
Cold Start: false
Unique ID: c2891fde-f484-4618-8547-cccf87190f12,
Billed Duration for Request c2891fde-f484-4618-8547-cccf87190f12: 2009 ms
Input: 5500000,
Cold Start: false
