Unique ID: 2422e068d5b774b4f44cbf2991ad53e2,
Execution Time for Trace ID 2422e068d5b774b4f44cbf2991ad53e2: 1497 ms
Input: 5000000,
Cold Start: false
Unique ID: 45025058fedeba9742e00940e87aefa4,
Execution Time for Trace ID 45025058fedeba9742e00940e87aefa4: 1596 ms
Input: 5000000,
Cold Start: false
Unique ID: a811ba0b86c511c378eae8d34e1ee529,
Execution Time for Trace ID a811ba0b86c511c378eae8d34e1ee529: 1901 ms
Input: 5000000,
Cold Start: false
Unique ID: 21a3655f66eca10ffc43aa981220e9ae,
Execution Time for Trace ID 21a3655f66eca10ffc43aa981220e9ae: 1839 ms
Input: 5000000,
Cold Start: false
Unique ID: c3385e6e0e3b0e132bb8e60a6c0218e8,
Execution Time for Trace ID c3385e6e0e3b0e132bb8e60a6c0218e8: 1514 ms
Input: 5000000,
Cold Start: false
Unique ID: ddda820b1c3785aa0f4e3de364913430,
Execution Time for Trace ID ddda820b1c3785aa0f4e3de364913430: 1702 ms
Input: 5000000,
Cold Start: false
Unique ID: f2701fde773905bc353a3330d51f5202,
Execution Time for Trace ID f2701fde773905bc353a3330d51f5202: 2058 ms
Input: 5000000,
Cold Start: false
Unique ID: 12cc750d2adce74d4826f8f35819abb5,
Execution Time for Trace ID 12cc750d2adce74d4826f8f35819abb5: 1670 ms
Input: 5000000,
Cold Start: false
Unique ID: 7ee6e2c6f75e72d76b8b3c331416b8cb,
Execution Time for Trace ID 7ee6e2c6f75e72d76b8b3c331416b8cb: 1407 ms
Input: 5000000,
Cold Start: false
Unique ID: d8808660526614c9cad47c064aeb3b21,
Execution Time for Trace ID d8808660526614c9cad47c064aeb3b21: 1362 ms
Input: 5000000,
Cold Start: false
Unique ID: 3dfe32ff7a8ae12ec724da7d837c140c,
Execution Time for Trace ID 3dfe32ff7a8ae12ec724da7d837c140c: 1802 ms
Input: 5000000,
Cold Start: false
Unique ID: bb8af535490c6273a47baf7c42426104,
Execution Time for Trace ID bb8af535490c6273a47baf7c42426104: 1509 ms
Input: 5000000,
Cold Start: false
Unique ID: af514b5ec765f46de4fc6e2d50c766de,
Execution Time for Trace ID af514b5ec765f46de4fc6e2d50c766de: 1352 ms
Input: 5000000,
Cold Start: false
Unique ID: a011bfdf304c584e97300d3335b3519b,
Execution Time for Trace ID a011bfdf304c584e97300d3335b3519b: 1544 ms
Input: 5000000,
Cold Start: false
Unique ID: a082c419a12a0dfea723b5e7fc1a18b4,
Execution Time for Trace ID a082c419a12a0dfea723b5e7fc1a18b4: 1766 ms
Input: 5000000,
Cold Start: false
Unique ID: 5d26878620d41456974e08b0311e3f03,
Execution Time for Trace ID 5d26878620d41456974e08b0311e3f03: 1726 ms
Input: 5000000,
Cold Start: false
Unique ID: 8228e32ae507983f492ab55d681077ad,
Execution Time for Trace ID 8228e32ae507983f492ab55d681077ad: 1232 ms
Input: 5000000,
Cold Start: false
Unique ID: 25b1ed53b4f9c48a697d92c07aa75e63,
Execution Time for Trace ID 25b1ed53b4f9c48a697d92c07aa75e63: 1731 ms
Input: 5000000,
Cold Start: false
Unique ID: ba9d59f5608f37f789b223d286f2da4e,
Execution Time for Trace ID ba9d59f5608f37f789b223d286f2da4e: 1527 ms
Input: 5000000,
Cold Start: false
Unique ID: db460d0d255002cc13d926ab7386683b,
Execution Time for Trace ID db460d0d255002cc13d926ab7386683b: 1471 ms
Input: 5000000,
Cold Start: false
Unique ID: 3092422be73b7377cdbb04adaccb2853,
Execution Time for Trace ID 3092422be73b7377cdbb04adaccb2853: 1440 ms
Input: 5000000,
Cold Start: false
Unique ID: 2f17d5559368191474e954efd5cc8cf2,
Execution Time for Trace ID 2f17d5559368191474e954efd5cc8cf2: 1983 ms
Input: 5000000,
Cold Start: false
Unique ID: db3b7b58bfac1b8e4a65a25b18839be2,
Execution Time for Trace ID db3b7b58bfac1b8e4a65a25b18839be2: 1426 ms
Input: 5000000,
Cold Start: false
Unique ID: 6c107c5b311d68bb579cc41f8582ee3c,
Execution Time for Trace ID 6c107c5b311d68bb579cc41f8582ee3c: 1446 ms
Input: 5000000,
Cold Start: false
Unique ID: b39b3483acf689ce5e4987d4f72256bd,
Execution Time for Trace ID b39b3483acf689ce5e4987d4f72256bd: 1427 ms
Input: 5000000,
Cold Start: false
Unique ID: c700b1107e43b179662b7a6b8037ba9d,
Execution Time for Trace ID c700b1107e43b179662b7a6b8037ba9d: 1799 ms
Input: 5000000,
Cold Start: false
Unique ID: 76cdc0af6ecd6ab9083290d082f17c19,
Execution Time for Trace ID 76cdc0af6ecd6ab9083290d082f17c19: 1485 ms
Input: 5000000,
Cold Start: false
Unique ID: 588378e24ddc748ed038adac54ca92fa,
Execution Time for Trace ID 588378e24ddc748ed038adac54ca92fa: 1369 ms
Input: 5000000,
Cold Start: false
Unique ID: 9d05b5d39166b528d4a660b41b468c6b,
Execution Time for Trace ID 9d05b5d39166b528d4a660b41b468c6b: 1447 ms
Input: 5000000,
Cold Start: false
Unique ID: 937334a08f6d4cc9dfe11c8ba54b7953,
Execution Time for Trace ID 937334a08f6d4cc9dfe11c8ba54b7953: 1588 ms
Input: 5000000,
Cold Start: false
Unique ID: dfcfb43287be94480f7df7d6102d3619,
Execution Time for Trace ID dfcfb43287be94480f7df7d6102d3619: 1407 ms
Input: 5000000,
Cold Start: false
Unique ID: 48c26caf2cd9de0d309209980566204e,
Execution Time for Trace ID 48c26caf2cd9de0d309209980566204e: 1449 ms
Input: 5000000,
Cold Start: false
Unique ID: fe768c7c5be00cdb1ad4db31bf17c320,
Execution Time for Trace ID fe768c7c5be00cdb1ad4db31bf17c320: 1449 ms
Input: 5000000,
Cold Start: false
Unique ID: abf59721f48ef0577406e715fa9454c7,
Execution Time for Trace ID abf59721f48ef0577406e715fa9454c7: 1147 ms
Input: 5000000,
Cold Start: false
Unique ID: d184db679958c4c8d9a022ac51073951,
Execution Time for Trace ID d184db679958c4c8d9a022ac51073951: 1544 ms
Input: 5000000,
Cold Start: false
Unique ID: 3bafbf44d48202127680a02eb9e6c05b,
Execution Time for Trace ID 3bafbf44d48202127680a02eb9e6c05b: 1460 ms
Input: 5000000,
Cold Start: false
Unique ID: 6612e89af799f89711fa11849f5b6411,
Execution Time for Trace ID 6612e89af799f89711fa11849f5b6411: 1467 ms
Input: 5000000,
Cold Start: false
Unique ID: 19a297639435c22d8fd190677427623e,
Execution Time for Trace ID 19a297639435c22d8fd190677427623e: 1369 ms
Input: 5000000,
Cold Start: false
Unique ID: e87a28537d9b02af59614c1191232db5,
Execution Time for Trace ID e87a28537d9b02af59614c1191232db5: 1423 ms
Input: 5000000,
Cold Start: false
Unique ID: 2c90bda11a3f7b3f20bd1f8f58643b4b,
Execution Time for Trace ID 2c90bda11a3f7b3f20bd1f8f58643b4b: 1463 ms
Input: 5000000,
Cold Start: false
Unique ID: 9a87621d9a3f6a460781ebffbbbf7fc8,
Execution Time for Trace ID 9a87621d9a3f6a460781ebffbbbf7fc8: 1354 ms
Input: 5000000,
Cold Start: false
Unique ID: 18745aee24a72fc68727949421e864ff,
Execution Time for Trace ID 18745aee24a72fc68727949421e864ff: 1859 ms
Input: 5000000,
Cold Start: false
Unique ID: 7479f9aa6d5b2a1fb6c19aa3a1592523,
Execution Time for Trace ID 7479f9aa6d5b2a1fb6c19aa3a1592523: 1883 ms
Input: 5000000,
Cold Start: false
Unique ID: fcbeb0f236249c4491bb5c2fa121257f,
Execution Time for Trace ID fcbeb0f236249c4491bb5c2fa121257f: 1395 ms
Input: 5000000,
Cold Start: false
Unique ID: 5a064459005ee44a9ce9a4fee730b5e0,
Execution Time for Trace ID 5a064459005ee44a9ce9a4fee730b5e0: 1558 ms
Input: 5000000,
Cold Start: false
Unique ID: 21618610f89671f8dc3b808e82f4e175,
Execution Time for Trace ID 21618610f89671f8dc3b808e82f4e175: 1727 ms
Input: 5000000,
Cold Start: false
Unique ID: 7819d973e007c9616601d4e6fab7b691,
Execution Time for Trace ID 7819d973e007c9616601d4e6fab7b691: 1445 ms
Input: 5000000,
Cold Start: false
Unique ID: ac35e164d2d05f4f8153ea0e379c79ab,
Execution Time for Trace ID ac35e164d2d05f4f8153ea0e379c79ab: 1637 ms
Input: 5000000,
Cold Start: false
Unique ID: 497949d1b508a358034245e0bbd1d366,
Execution Time for Trace ID 497949d1b508a358034245e0bbd1d366: 1625 ms
Input: 5000000,
Cold Start: false
Unique ID: 03f820523c84fb86aeea70ceef367607,
Execution Time for Trace ID 03f820523c84fb86aeea70ceef367607: 1371 ms
Input: 5000000,
Cold Start: false
Unique ID: cbdc69d2d0079c682f761f177a19aebe,
Execution Time for Trace ID cbdc69d2d0079c682f761f177a19aebe: 1773 ms
Input: 5000000,
Cold Start: false
Unique ID: ef589f768b41caa380dcab5f82b9ea02,
Execution Time for Trace ID ef589f768b41caa380dcab5f82b9ea02: 1444 ms
Input: 5000000,
Cold Start: false
Unique ID: 7260e345d6abc05bf4e308ed4386370c,
Execution Time for Trace ID 7260e345d6abc05bf4e308ed4386370c: 1809 ms
Input: 5000000,
Cold Start: false
Unique ID: 7d9ef45d53244352a5b8a11b949381a9,
Execution Time for Trace ID 7d9ef45d53244352a5b8a11b949381a9: 1739 ms
Input: 5000000,
Cold Start: false
Unique ID: 693f6f8df6519ef73de7bdfdccf0b326,
Execution Time for Trace ID 693f6f8df6519ef73de7bdfdccf0b326: 1418 ms
Input: 5000000,
Cold Start: false
Unique ID: 0990316fbe910e26572ae3713f8fc525,
Execution Time for Trace ID 0990316fbe910e26572ae3713f8fc525: 1823 ms
Input: 5000000,
Cold Start: false
Unique ID: 59412ae27c5439c6558623423dfea810,
Execution Time for Trace ID 59412ae27c5439c6558623423dfea810: 1355 ms
Input: 5000000,
Cold Start: false
Unique ID: a22141cbc03986cb3ceaf1177f47ec51,
Execution Time for Trace ID a22141cbc03986cb3ceaf1177f47ec51: 2074 ms
Input: 5000000,
Cold Start: false
Unique ID: 98323ceb353c741782c8a16a6bbc5781,
Execution Time for Trace ID 98323ceb353c741782c8a16a6bbc5781: 1775 ms
Input: 5000000,
Cold Start: false
Unique ID: 4a707bff5957422a515e0df4322e6153,
Execution Time for Trace ID 4a707bff5957422a515e0df4322e6153: 1501 ms
Input: 5000000,
Cold Start: false
Unique ID: 3ede6bea310fd2b1538452cdaa873735,
Execution Time for Trace ID 3ede6bea310fd2b1538452cdaa873735: 1509 ms
Input: 5000000,
Cold Start: false
Unique ID: c28d8e6eaa8071db1e901414804c2d76,
Execution Time for Trace ID c28d8e6eaa8071db1e901414804c2d76: 1360 ms
Input: 5000000,
Cold Start: false
Unique ID: 4ef58808326e321f5210b95e08c5ec65,
Execution Time for Trace ID 4ef58808326e321f5210b95e08c5ec65: 1391 ms
Input: 5000000,
Cold Start: false
Unique ID: 15a20ec4fff178967fed5e958301e541,
Execution Time for Trace ID 15a20ec4fff178967fed5e958301e541: 1501 ms
Input: 5000000,
Cold Start: false
Unique ID: d654b46dc371389b2e9c425468e115de,
Execution Time for Trace ID d654b46dc371389b2e9c425468e115de: 1478 ms
Input: 5000000,
Cold Start: false
Unique ID: 9cd5167b9d362ed1fa02c70d47ef0d9a,
Execution Time for Trace ID 9cd5167b9d362ed1fa02c70d47ef0d9a: 1586 ms
Input: 5000000,
Cold Start: false
Unique ID: b203a24fff53473b6768bb5606357b34,
Execution Time for Trace ID b203a24fff53473b6768bb5606357b34: 1487 ms
Input: 5000000,
Cold Start: false
Unique ID: 6f7ca694ad1eb84c8b100a6fd8182d56,
Execution Time for Trace ID 6f7ca694ad1eb84c8b100a6fd8182d56: 1688 ms
Input: 5000000,
Cold Start: false
Unique ID: 9bec88555d3a8ce10e6bd9c5fce97a54,
Execution Time for Trace ID 9bec88555d3a8ce10e6bd9c5fce97a54: 1633 ms
Input: 5000000,
Cold Start: false
Unique ID: c66a955476c65294cf245a54dfa302ac,
Execution Time for Trace ID c66a955476c65294cf245a54dfa302ac: 1373 ms
Input: 5000000,
Cold Start: false
Unique ID: d90493e078998bd4ff6f7530975bedb6,
Execution Time for Trace ID d90493e078998bd4ff6f7530975bedb6: 1576 ms
Input: 5000000,
Cold Start: false
Unique ID: 73a146fb56f196cda14b58e76be1e844,
Execution Time for Trace ID 73a146fb56f196cda14b58e76be1e844: 1907 ms
Input: 5000000,
Cold Start: false
Unique ID: d4a5653369574365928b9b56c487f3ae,
Execution Time for Trace ID d4a5653369574365928b9b56c487f3ae: 1504 ms
Input: 5000000,
Cold Start: false
Unique ID: 67af0a79f23a5220c474766aa4e20970,
Execution Time for Trace ID 67af0a79f23a5220c474766aa4e20970: 1514 ms
Input: 5000000,
Cold Start: false
Unique ID: cb6979f32cea7b90a67bef1dcc988b59,
Execution Time for Trace ID cb6979f32cea7b90a67bef1dcc988b59: 1351 ms
Input: 5000000,
Cold Start: false
Unique ID: 88d947ff52953bd7d893487c2c882125,
Execution Time for Trace ID 88d947ff52953bd7d893487c2c882125: 1402 ms
Input: 5000000,
Cold Start: false
Unique ID: adb13284d8adc681be0091810009921d,
Execution Time for Trace ID adb13284d8adc681be0091810009921d: 1415 ms
Input: 5000000,
Cold Start: false
Unique ID: 84d7d2059193f6bd98f420245a867c2d,
Execution Time for Trace ID 84d7d2059193f6bd98f420245a867c2d: 1490 ms
Input: 5000000,
Cold Start: false
Unique ID: 4070cb5f69328bfcf3ff0f1c0be62f6a,
Execution Time for Trace ID 4070cb5f69328bfcf3ff0f1c0be62f6a: 1722 ms
Input: 5000000,
Cold Start: false
Unique ID: 951f6f43213ef54bf69c80e12dd80abc,
Execution Time for Trace ID 951f6f43213ef54bf69c80e12dd80abc: 1552 ms
Input: 5000000,
Cold Start: false
Unique ID: 7f4c61217a05c97986d1dcb5ecf2d2c6,
Execution Time for Trace ID 7f4c61217a05c97986d1dcb5ecf2d2c6: 1428 ms
Input: 5000000,
Cold Start: false
Unique ID: 5cf5e317d8ea7a6ea8360e5aa74babcc,
Execution Time for Trace ID 5cf5e317d8ea7a6ea8360e5aa74babcc: 1758 ms
Input: 5000000,
Cold Start: false
Unique ID: 58814bfa133e885b94835f5ac3928c1c,
Execution Time for Trace ID 58814bfa133e885b94835f5ac3928c1c: 1409 ms
Input: 5000000,
Cold Start: false
Unique ID: 1879dc55a02743bf48da02ca389ca785,
Execution Time for Trace ID 1879dc55a02743bf48da02ca389ca785: 1497 ms
Input: 5000000,
Cold Start: false
Unique ID: edfdd91ac317eaf26172d6db9acad396,
Execution Time for Trace ID edfdd91ac317eaf26172d6db9acad396: 1444 ms
Input: 5000000,
Cold Start: false
Unique ID: 5b0d8166e04b76bc85f1d728441b02b4,
Execution Time for Trace ID 5b0d8166e04b76bc85f1d728441b02b4: 1961 ms
Input: 5000000,
Cold Start: false
Unique ID: c0f445d8eb322ebcfb81b3c52a4cb93b,
Execution Time for Trace ID c0f445d8eb322ebcfb81b3c52a4cb93b: 1492 ms
Input: 5000000,
Cold Start: false
Unique ID: 2e4bdff651f3f1e36deed9a7f1e5ab74,
Execution Time for Trace ID 2e4bdff651f3f1e36deed9a7f1e5ab74: 1915 ms
Input: 5000000,
Cold Start: false
Unique ID: d66698043b8d3e978a32d6bf09163fdb,
Execution Time for Trace ID d66698043b8d3e978a32d6bf09163fdb: 1342 ms
Input: 5000000,
Cold Start: false
Unique ID: 49a7270234be98e56ec4ae024f30cb39,
Execution Time for Trace ID 49a7270234be98e56ec4ae024f30cb39: 1546 ms
Input: 5000000,
Cold Start: false
Unique ID: cce929b0fdace516552ae254f7ec0647,
Execution Time for Trace ID cce929b0fdace516552ae254f7ec0647: 1384 ms
Input: 5000000,
Cold Start: false
Unique ID: 11d56fc251b7fad2e0d442a826578985,
Execution Time for Trace ID 11d56fc251b7fad2e0d442a826578985: 1780 ms
Input: 5000000,
Cold Start: false
Unique ID: 338c45d5d27701a2fdad238a7d74b54a,
Execution Time for Trace ID 338c45d5d27701a2fdad238a7d74b54a: 1461 ms
Input: 5000000,
Cold Start: false
Unique ID: e6e11d5970f0719335048487e9346ac8,
Execution Time for Trace ID e6e11d5970f0719335048487e9346ac8: 1516 ms
Input: 5000000,
Cold Start: false
Unique ID: 0e314f386df9e7c259910838895a5084,
Execution Time for Trace ID 0e314f386df9e7c259910838895a5084: 1358 ms
Input: 5000000,
Cold Start: false
Unique ID: 0318595aea6d001d9ecdb28ee8706d5e,
Execution Time for Trace ID 0318595aea6d001d9ecdb28ee8706d5e: 1697 ms
Input: 5000000,
Cold Start: false
Unique ID: 41c6de478272f69b52384879216bb950,
Execution Time for Trace ID 41c6de478272f69b52384879216bb950: 1428 ms
Input: 5000000,
Cold Start: false
Unique ID: 2ca05f8e6ec9a17640104c7b86f8d5fc,
Execution Time for Trace ID 2ca05f8e6ec9a17640104c7b86f8d5fc: 1600 ms
Input: 5000000,
Cold Start: false
Unique ID: 0cc40ddd4b0cdfa7c009c850f74d8090,
Execution Time for Trace ID 0cc40ddd4b0cdfa7c009c850f74d8090: 1478 ms
Input: 5000000,
Cold Start: false
Unique ID: 2c8da98dd310a4aa95680d1ecbd21724,
Execution Time for Trace ID 2c8da98dd310a4aa95680d1ecbd21724: 1448 ms
Input: 5000000,
Cold Start: false
Unique ID: ac7aff3dfc2015ed8c07a7f29d044205,
Execution Time for Trace ID ac7aff3dfc2015ed8c07a7f29d044205: 1664 ms
Input: 5000000,
Cold Start: false
Unique ID: c907a8b2c50b6ea298530b6cb1185464,
Execution Time for Trace ID c907a8b2c50b6ea298530b6cb1185464: 1430 ms
Input: 5000000,
Cold Start: false
Unique ID: 61a729347129e2166bbb56418394ab8f,
Execution Time for Trace ID 61a729347129e2166bbb56418394ab8f: 1366 ms
Input: 5000000,
Cold Start: false
Unique ID: a5c4d9916e9396aab42df350adb8773e,
Execution Time for Trace ID a5c4d9916e9396aab42df350adb8773e: 1570 ms
Input: 5000000,
Cold Start: false
Unique ID: 2f4fed8f8d5a3e9e8f267405d904918d,
Execution Time for Trace ID 2f4fed8f8d5a3e9e8f267405d904918d: 1410 ms
Input: 5000000,
Cold Start: false
Unique ID: e4f0d0112313578a3b43deeac23ad385,
Execution Time for Trace ID e4f0d0112313578a3b43deeac23ad385: 1612 ms
Input: 5000000,
Cold Start: false
Unique ID: a4edcdb3ad994cfd1e28c8a0cbd7bc76,
Execution Time for Trace ID a4edcdb3ad994cfd1e28c8a0cbd7bc76: 1511 ms
Input: 5000000,
Cold Start: false
Unique ID: 9c077babe27c067cc3a04c4a089f7a49,
Execution Time for Trace ID 9c077babe27c067cc3a04c4a089f7a49: 1359 ms
Input: 5000000,
Cold Start: false
Unique ID: 9913a361fa9061d378e36d1853c5805b,
Execution Time for Trace ID 9913a361fa9061d378e36d1853c5805b: 1617 ms
Input: 5000000,
Cold Start: false
Unique ID: 96963a2b994337557342d685abe0aadd,
Execution Time for Trace ID 96963a2b994337557342d685abe0aadd: 1325 ms
Input: 5000000,
Cold Start: false
Unique ID: afdeae1cceb94ef45542f8267c277aae,
Execution Time for Trace ID afdeae1cceb94ef45542f8267c277aae: 1448 ms
Input: 5000000,
Cold Start: false
Unique ID: ae46306c7f07f957dd95096a10872da9,
Execution Time for Trace ID ae46306c7f07f957dd95096a10872da9: 1477 ms
Input: 5000000,
Cold Start: false
Unique ID: 5e3136132c135b4ff7df0d5752fdd071,
Execution Time for Trace ID 5e3136132c135b4ff7df0d5752fdd071: 1531 ms
Input: 5000000,
Cold Start: false
Unique ID: adca3e76247394b55fa3c858d2a48a7e,
Execution Time for Trace ID adca3e76247394b55fa3c858d2a48a7e: 1572 ms
Input: 5000000,
Cold Start: false
Unique ID: 58969967a4ede0f4452c75c2bcdd6b2c,
Execution Time for Trace ID 58969967a4ede0f4452c75c2bcdd6b2c: 1529 ms
Input: 5000000,
Cold Start: false
Unique ID: e5347451cb6b931b190e36a52c28d934,
Execution Time for Trace ID e5347451cb6b931b190e36a52c28d934: 1412 ms
Input: 5000000,
Cold Start: false
Unique ID: edbe6f49cf2fe813a4fecdfbd8e5a561,
Execution Time for Trace ID edbe6f49cf2fe813a4fecdfbd8e5a561: 1635 ms
Input: 5000000,
Cold Start: false
Unique ID: 64f15ea80fa0aa0070e3a6fad7e8118c,
Execution Time for Trace ID 64f15ea80fa0aa0070e3a6fad7e8118c: 1416 ms
Input: 5000000,
Cold Start: false
Unique ID: a7299a0bbedf2224a4f7e140f99cdbfb,
Execution Time for Trace ID a7299a0bbedf2224a4f7e140f99cdbfb: 1544 ms
Input: 5000000,
Cold Start: false
Unique ID: f2148a5a50bc519911d9500d45af308a,
Execution Time for Trace ID f2148a5a50bc519911d9500d45af308a: 1451 ms
Input: 5000000,
Cold Start: false
Unique ID: acfbac9adefb09c8af2817dd8ef82b27,
Execution Time for Trace ID acfbac9adefb09c8af2817dd8ef82b27: 1563 ms
Input: 5000000,
Cold Start: false
Unique ID: 593c78b7eace82c2301a0e6adc1cd075,
Execution Time for Trace ID 593c78b7eace82c2301a0e6adc1cd075: 1442 ms
Input: 5000000,
Cold Start: false
Unique ID: 2fe391302d1d14eb46128036a60d85ef,
Execution Time for Trace ID 2fe391302d1d14eb46128036a60d85ef: 1451 ms
Input: 5000000,
Cold Start: false
Unique ID: 33278f7e84c7f215bd8cab8114262a92,
Execution Time for Trace ID 33278f7e84c7f215bd8cab8114262a92: 1544 ms
Input: 5000000,
Cold Start: false
Unique ID: 07cc199dd99347b3defcf98a0032d8b1,
Execution Time for Trace ID 07cc199dd99347b3defcf98a0032d8b1: 1479 ms
Input: 5000000,
Cold Start: false
Unique ID: 069b9b9e2bc6d5f20213dfac7d8af38f,
Execution Time for Trace ID 069b9b9e2bc6d5f20213dfac7d8af38f: 1439 ms
Input: 5000000,
Cold Start: false
Unique ID: c8eab0639e6027ca4b1efc77246a3c7e,
Execution Time for Trace ID c8eab0639e6027ca4b1efc77246a3c7e: 1344 ms
Input: 5000000,
Cold Start: false
Unique ID: 1a193117d8395e960552a1915c93da53,
Execution Time for Trace ID 1a193117d8395e960552a1915c93da53: 1502 ms
Input: 5000000,
Cold Start: false
Unique ID: 065045c6f3bbc9ba090e176b6d574337,
Execution Time for Trace ID 065045c6f3bbc9ba090e176b6d574337: 1569 ms
Input: 5000000,
Cold Start: false
Unique ID: 5ad8510da25f15c0d3a202d02968cf06,
Execution Time for Trace ID 5ad8510da25f15c0d3a202d02968cf06: 1392 ms
Input: 5000000,
Cold Start: false
Unique ID: 0d13f59f9ec0236f4f10b67b564fc89b,
Execution Time for Trace ID 0d13f59f9ec0236f4f10b67b564fc89b: 1337 ms
Input: 5000000,
Cold Start: false
Unique ID: f95c8ef80c53e40276e62a61dd0aecc8,
Execution Time for Trace ID f95c8ef80c53e40276e62a61dd0aecc8: 1633 ms
Input: 5000000,
Cold Start: false
Unique ID: 248fc916ad0b5fbe1fdf5deb3720a0fb,
Execution Time for Trace ID 248fc916ad0b5fbe1fdf5deb3720a0fb: 1374 ms
Input: 5000000,
Cold Start: false
Unique ID: d8037626a903beff1fbf609f334fe304,
Execution Time for Trace ID d8037626a903beff1fbf609f334fe304: 1381 ms
Input: 5000000,
Cold Start: false
Unique ID: 4f6bdb9452fa0c0d5894cbb5f85530ae,
Execution Time for Trace ID 4f6bdb9452fa0c0d5894cbb5f85530ae: 1733 ms
Input: 5000000,
Cold Start: false
Unique ID: 4675edf801720e1514955809d28cbdce,
Execution Time for Trace ID 4675edf801720e1514955809d28cbdce: 1475 ms
Input: 5000000,
Cold Start: false
Unique ID: 964cb0ace4de1f1cfc81f3171d999e81,
Execution Time for Trace ID 964cb0ace4de1f1cfc81f3171d999e81: 1544 ms
Input: 5000000,
Cold Start: false
Unique ID: 11741947e4c803ba0a62d64822e3cead,
Execution Time for Trace ID 11741947e4c803ba0a62d64822e3cead: 1783 ms
Input: 5000000,
Cold Start: false
Unique ID: 71ae7962a48ab99aa75129ed4ce95a33,
Execution Time for Trace ID 71ae7962a48ab99aa75129ed4ce95a33: 1362 ms
Input: 5000000,
Cold Start: false
Unique ID: f083548675d620c1777377572611c6e2,
Execution Time for Trace ID f083548675d620c1777377572611c6e2: 1434 ms
Input: 5000000,
Cold Start: false
Unique ID: 609b788cef328a169f36dda3cdf32eaa,
Execution Time for Trace ID 609b788cef328a169f36dda3cdf32eaa: 1477 ms
Input: 5000000,
Cold Start: false
Unique ID: 0c390aa6a6bbe634e8aa6ec4dc3e4b69,
Execution Time for Trace ID 0c390aa6a6bbe634e8aa6ec4dc3e4b69: 1437 ms
Input: 5000000,
Cold Start: false
Unique ID: dc27cbaa22741c453f8ab09508b9e381,
Execution Time for Trace ID dc27cbaa22741c453f8ab09508b9e381: 1556 ms
Input: 5000000,
Cold Start: false
Unique ID: 4df8dccded46fdaef201cf6b93fd86ee,
Execution Time for Trace ID 4df8dccded46fdaef201cf6b93fd86ee: 1352 ms
Input: 5000000,
Cold Start: false
Unique ID: a0d128be804981a0a6e2b4cb1562fd75,
Execution Time for Trace ID a0d128be804981a0a6e2b4cb1562fd75: 1493 ms
Input: 5000000,
Cold Start: false
Unique ID: cd39655cc0a4567225f33e7a52e6befa,
Execution Time for Trace ID cd39655cc0a4567225f33e7a52e6befa: 1583 ms
Input: 5000000,
Cold Start: false
Unique ID: b9d04203127b15c79d509eb8c365f823,
Execution Time for Trace ID b9d04203127b15c79d509eb8c365f823: 1420 ms
Input: 5000000,
Cold Start: false
Unique ID: 10d7729ad4fe925904d9b0003b944d5b,
Execution Time for Trace ID 10d7729ad4fe925904d9b0003b944d5b: 1612 ms
Input: 5000000,
Cold Start: false
Unique ID: 59e3d569ae4f33d1e225a55aacdcb618,
Execution Time for Trace ID 59e3d569ae4f33d1e225a55aacdcb618: 1348 ms
Input: 5000000,
Cold Start: false
Unique ID: 8f2de8c84e7279f295b13b231aa90fc0,
Execution Time for Trace ID 8f2de8c84e7279f295b13b231aa90fc0: 1420 ms
Input: 5000000,
Cold Start: false
Unique ID: 7b8cfdbb95535db236096c2eb30f1cd8,
Execution Time for Trace ID 7b8cfdbb95535db236096c2eb30f1cd8: 1425 ms
Input: 5000000,
Cold Start: false
Unique ID: 19e3727dd0dab57b8778a91669e34633,
Execution Time for Trace ID 19e3727dd0dab57b8778a91669e34633: 1461 ms
Input: 5000000,
Cold Start: false
Unique ID: b0cafe70566a03eef9122624a80c6faa,
Execution Time for Trace ID b0cafe70566a03eef9122624a80c6faa: 1607 ms
Input: 5000000,
Cold Start: false
Unique ID: 84636b9cd7404091c93ba299b180028c,
Execution Time for Trace ID 84636b9cd7404091c93ba299b180028c: 1521 ms
Input: 5000000,
Cold Start: false
Unique ID: 94357fefd8e1c0d750d2f7625674093b,
Execution Time for Trace ID 94357fefd8e1c0d750d2f7625674093b: 1553 ms
Input: 5000000,
Cold Start: false
Unique ID: 09e196e4f6cdce2dd2125e449a34312f,
Execution Time for Trace ID 09e196e4f6cdce2dd2125e449a34312f: 1455 ms
Input: 5000000,
Cold Start: false
Unique ID: 2ea1020631db0fb261a6ebce542dd746,
Execution Time for Trace ID 2ea1020631db0fb261a6ebce542dd746: 1632 ms
Input: 5000000,
Cold Start: false
Unique ID: c7f7291ff43c8247c5b7f579ab72f410,
Execution Time for Trace ID c7f7291ff43c8247c5b7f579ab72f410: 1581 ms
Input: 5000000,
Cold Start: false
Unique ID: 907afe794c224add6459f64a8ffc0cf0,
Execution Time for Trace ID 907afe794c224add6459f64a8ffc0cf0: 1518 ms
Input: 5000000,
Cold Start: false
Unique ID: 23906ca5c8215dd03e59b913aee5aa77,
Execution Time for Trace ID 23906ca5c8215dd03e59b913aee5aa77: 1467 ms
Input: 5000000,
Cold Start: false
Unique ID: 4a3a7f83deea74d0cb07f58a89242d47,
Execution Time for Trace ID 4a3a7f83deea74d0cb07f58a89242d47: 1362 ms
Input: 5000000,
Cold Start: false
Unique ID: eae31a9342aaf68db8f9acb231395df6,
Execution Time for Trace ID eae31a9342aaf68db8f9acb231395df6: 1473 ms
Input: 5000000,
Cold Start: false
Unique ID: f1fb2a6e68f3a9ab732b788efe20181d,
Execution Time for Trace ID f1fb2a6e68f3a9ab732b788efe20181d: 1693 ms
Input: 5000000,
Cold Start: false
Unique ID: 862ffa17a6b28c2270f88fd23811d9b5,
Execution Time for Trace ID 862ffa17a6b28c2270f88fd23811d9b5: 1654 ms
Input: 5000000,
Cold Start: false
Unique ID: c49e2883c8afacf8f3f3f86cfa2c295c,
Execution Time for Trace ID c49e2883c8afacf8f3f3f86cfa2c295c: 894 ms
Input: 5000000,
Cold Start: false
Unique ID: 36ea1de1ddf9e4cb64af0ff05588d621,
Execution Time for Trace ID 36ea1de1ddf9e4cb64af0ff05588d621: 1364 ms
Input: 5000000,
Cold Start: false
Unique ID: ef323f4183ddeefa70cd40719cebf372,
Execution Time for Trace ID ef323f4183ddeefa70cd40719cebf372: 1508 ms
Input: 5000000,
Cold Start: false
Unique ID: 5ed5b24b353c165bc129d41484a4bb3c,
Execution Time for Trace ID 5ed5b24b353c165bc129d41484a4bb3c: 1491 ms
Input: 5000000,
Cold Start: false
Unique ID: feadf8075236d8b3074a056921f6ff4d,
Execution Time for Trace ID feadf8075236d8b3074a056921f6ff4d: 1397 ms
Input: 5000000,
Cold Start: false
Unique ID: 64f670454996acd9b00180a78b278939,
Execution Time for Trace ID 64f670454996acd9b00180a78b278939: 1336 ms
Input: 5000000,
Cold Start: false
Unique ID: e3b213057781756d537735b71e9ef248,
Execution Time for Trace ID e3b213057781756d537735b71e9ef248: 560 ms
Input: 5000000,
Cold Start: false
Unique ID: 532a0eb96f63734972f00ededfed5c52,
Execution Time for Trace ID 532a0eb96f63734972f00ededfed5c52: 1643 ms
Input: 5000000,
Cold Start: false
Unique ID: c717f079b37ad8c44eb544f9fc9f5fa4,
Execution Time for Trace ID c717f079b37ad8c44eb544f9fc9f5fa4: 1813 ms
Input: 5000000,
Cold Start: false
Unique ID: ff54c174bf75c849780e145887af1999,
Execution Time for Trace ID ff54c174bf75c849780e145887af1999: 1570 ms
Input: 5000000,
Cold Start: false
Unique ID: d7ff8a9687e27f599b64c29521d8667e,
Execution Time for Trace ID d7ff8a9687e27f599b64c29521d8667e: 835 ms
Input: 5000000,
Cold Start: false
Unique ID: b43d958fbf5bffb9bc009c8faaa20317,
Execution Time for Trace ID b43d958fbf5bffb9bc009c8faaa20317: 1481 ms
Input: 5000000,
Cold Start: false
Unique ID: 9d24315821edbe2b3c2de929e9bb5303,
Execution Time for Trace ID 9d24315821edbe2b3c2de929e9bb5303: 1939 ms
Input: 5000000,
Cold Start: false
Unique ID: 62ad93578edc37c8c692dd77ffc9359f,
Execution Time for Trace ID 62ad93578edc37c8c692dd77ffc9359f: 1476 ms
Input: 5000000,
Cold Start: false
Unique ID: b5bf61f111e863d8c80fa5880a2eaa6a,
Execution Time for Trace ID b5bf61f111e863d8c80fa5880a2eaa6a: 1337 ms
Input: 5000000,
Cold Start: false
Unique ID: d8690d777dca218a77841befa88c1901,
Execution Time for Trace ID d8690d777dca218a77841befa88c1901: 1662 ms
Input: 5000000,
Cold Start: false
Unique ID: c7c281705f1d9efe78a81a6b1d886154,
Execution Time for Trace ID c7c281705f1d9efe78a81a6b1d886154: 1374 ms
Input: 5000000,
Cold Start: false
Unique ID: 9b40b6aa6aeb9c1456679917297719c9,
Execution Time for Trace ID 9b40b6aa6aeb9c1456679917297719c9: 1541 ms
Input: 5000000,
Cold Start: false
Unique ID: 5343e1e4f59a5c6f207cf5700ea8c4c6,
Execution Time for Trace ID 5343e1e4f59a5c6f207cf5700ea8c4c6: 1357 ms
Input: 5000000,
Cold Start: false
Unique ID: 1b77ec31bafa6e271fcd7d3cb807d4fb,
Execution Time for Trace ID 1b77ec31bafa6e271fcd7d3cb807d4fb: 1440 ms
Input: 5000000,
Cold Start: false
Unique ID: 5c524d2c41618485bde89451139bfb9e,
Execution Time for Trace ID 5c524d2c41618485bde89451139bfb9e: 1821 ms
Input: 5000000,
Cold Start: false
Unique ID: 18427824b983f4dc48302b850f48c40d,
Execution Time for Trace ID 18427824b983f4dc48302b850f48c40d: 1438 ms
Input: 5000000,
Cold Start: false
Unique ID: 8692b447927edd0b0f3bb6ee889a21ba,
Execution Time for Trace ID 8692b447927edd0b0f3bb6ee889a21ba: 1354 ms
Input: 5000000,
Cold Start: false
Unique ID: e07bcd1c3fd7b91b9d18a82c879d909e,
Execution Time for Trace ID e07bcd1c3fd7b91b9d18a82c879d909e: 1935 ms
Input: 5000000,
Cold Start: false
Unique ID: e5355a5e8dab52abced918fa1b4706b8,
Execution Time for Trace ID e5355a5e8dab52abced918fa1b4706b8: 1524 ms
Input: 5000000,
Cold Start: false
Unique ID: 295775ab3e43dfa1b4a31df82b3eb363,
Execution Time for Trace ID 295775ab3e43dfa1b4a31df82b3eb363: 1539 ms
Input: 5000000,
Cold Start: false
Unique ID: 5a3d9d5a585c1854f405ab40e43ba18d,
Execution Time for Trace ID 5a3d9d5a585c1854f405ab40e43ba18d: 1387 ms
Input: 5000000,
Cold Start: false
Unique ID: d92d1f7ba190ee55eed1389795208935,
Execution Time for Trace ID d92d1f7ba190ee55eed1389795208935: 1518 ms
Input: 5000000,
Cold Start: false
Unique ID: a5624d27ca3fd131e338a8c52768f114,
Execution Time for Trace ID a5624d27ca3fd131e338a8c52768f114: 1355 ms
Input: 5000000,
Cold Start: false
Unique ID: 0ff7e9cbb3ab277cd5caea582b228e4f,
Execution Time for Trace ID 0ff7e9cbb3ab277cd5caea582b228e4f: 1518 ms
Input: 5000000,
Cold Start: false
Unique ID: cecad199fe0b3e44fe333b55e78cb7a1,
Execution Time for Trace ID cecad199fe0b3e44fe333b55e78cb7a1: 1647 ms
Input: 5000000,
Cold Start: false
Unique ID: 3eb97ef28f1deab0502dfe637279460d,
Execution Time for Trace ID 3eb97ef28f1deab0502dfe637279460d: 1413 ms
Input: 5000000,
Cold Start: false
Unique ID: 0512a7cd1f1b7d493ee974d490c9d161,
Execution Time for Trace ID 0512a7cd1f1b7d493ee974d490c9d161: 1561 ms
Input: 5000000,
Cold Start: false
Unique ID: 3d4163974235b3ab21298e1f25d1af3f,
Execution Time for Trace ID 3d4163974235b3ab21298e1f25d1af3f: 1395 ms
Input: 5000000,
Cold Start: false
Unique ID: 37642131118c60dabf5bab9e7bb006c6,
Execution Time for Trace ID 37642131118c60dabf5bab9e7bb006c6: 1415 ms
Input: 5000000,
Cold Start: false
Unique ID: 4d5f410dfb0db53cfc0e322d357df782,
Execution Time for Trace ID 4d5f410dfb0db53cfc0e322d357df782: 1581 ms
Input: 5000000,
Cold Start: false
Unique ID: fb9fdac44afb6d362c3b179a1fc004a3,
Execution Time for Trace ID fb9fdac44afb6d362c3b179a1fc004a3: 1816 ms
Input: 5000000,
Cold Start: false
Unique ID: dc33215ed75bac724d5a19d7506635fc,
Execution Time for Trace ID dc33215ed75bac724d5a19d7506635fc: 1447 ms
Input: 5000000,
Cold Start: false
Unique ID: 54dd2ebda1948fcfa0e9baed4939eb2f,
Execution Time for Trace ID 54dd2ebda1948fcfa0e9baed4939eb2f: 1990 ms
Input: 5000000,
Cold Start: false
Unique ID: bf1b114930138decde61001060924832,
Execution Time for Trace ID bf1b114930138decde61001060924832: 2260 ms
Input: 5000000,
Cold Start: false
Unique ID: e1fa40aee2da4001d389711db419e6fc,
Execution Time for Trace ID e1fa40aee2da4001d389711db419e6fc: 1540 ms
Input: 5000000,
Cold Start: false
Unique ID: 79c684bde6096e25868be1c8e797147e,
Execution Time for Trace ID 79c684bde6096e25868be1c8e797147e: 1716 ms
Input: 5000000,
Cold Start: false
Unique ID: 0c3329677369d20e3854eaed02aeb15a,
Execution Time for Trace ID 0c3329677369d20e3854eaed02aeb15a: 2121 ms
Input: 5000000,
Cold Start: false
Unique ID: 58f0d38e1730c76eda55065fd037033c,
Execution Time for Trace ID 58f0d38e1730c76eda55065fd037033c: 1517 ms
Input: 5000000,
Cold Start: false
Unique ID: a839c5c2ae3aa96a5c9732b904668a8c,
Execution Time for Trace ID a839c5c2ae3aa96a5c9732b904668a8c: 1794 ms
Input: 5000000,
Cold Start: false
Unique ID: b47660738e5fecb7b34a93aea67c3afd,
Execution Time for Trace ID b47660738e5fecb7b34a93aea67c3afd: 1337 ms
Input: 5000000,
Cold Start: false
Unique ID: aab84bf2815ae42af60531f440d3fa37,
Execution Time for Trace ID aab84bf2815ae42af60531f440d3fa37: 1787 ms
Input: 5000000,
Cold Start: false
Unique ID: c47797f1ebd971dfd1bed2b8d4e0b633,
Execution Time for Trace ID c47797f1ebd971dfd1bed2b8d4e0b633: 1350 ms
Input: 5000000,
Cold Start: false
Unique ID: e3bc4aaf7b17ff8fce0ae9baaa4258d7,
Execution Time for Trace ID e3bc4aaf7b17ff8fce0ae9baaa4258d7: 1331 ms
Input: 5000000,
Cold Start: false
Unique ID: e1dae4757730c27c0233d338502e836a,
Execution Time for Trace ID e1dae4757730c27c0233d338502e836a: 1585 ms
Input: 5000000,
Cold Start: false
Unique ID: 6f394148420ec39244cb108ac75ebf04,
Execution Time for Trace ID 6f394148420ec39244cb108ac75ebf04: 2432 ms
Input: 5000000,
Cold Start: false
Unique ID: c38f58bdf4776c105f2e77d0f709226c,
Execution Time for Trace ID c38f58bdf4776c105f2e77d0f709226c: 2076 ms
Input: 5000000,
Cold Start: false
Unique ID: 0fc0658856af0ab918322727a0f206dd,
Execution Time for Trace ID 0fc0658856af0ab918322727a0f206dd: 1421 ms
Input: 5000000,
Cold Start: false
Unique ID: 4f81aceb11943a2a1a85aac559d64364,
Execution Time for Trace ID 4f81aceb11943a2a1a85aac559d64364: 1889 ms
Input: 5000000,
Cold Start: false
Unique ID: 1867114d803824321385efbf4794f843,
Execution Time for Trace ID 1867114d803824321385efbf4794f843: 1465 ms
Input: 5000000,
Cold Start: false
Unique ID: bb60ba0802b855c91fffdb65121f2b5a,
Execution Time for Trace ID bb60ba0802b855c91fffdb65121f2b5a: 2034 ms
Input: 5000000,
Cold Start: false
Unique ID: d86c564c2c48f9c7367e0b8e60760c49,
Execution Time for Trace ID d86c564c2c48f9c7367e0b8e60760c49: 2057 ms
Input: 5000000,
Cold Start: false
Unique ID: 5b47f798ed8845d29a5640b27eba6671,
Execution Time for Trace ID 5b47f798ed8845d29a5640b27eba6671: 1344 ms
Input: 5000000,
Cold Start: false
Unique ID: d8a150dc790b6d536b0575bceb77dce7,
Execution Time for Trace ID d8a150dc790b6d536b0575bceb77dce7: 1935 ms
Input: 5000000,
Cold Start: false
Unique ID: cfb80a3caa46f4f153424c879407b816,
Execution Time for Trace ID cfb80a3caa46f4f153424c879407b816: 1833 ms
Input: 5000000,
Cold Start: false
Unique ID: 0e7828c08003fdd97f27ffabb3d8bbcc,
Execution Time for Trace ID 0e7828c08003fdd97f27ffabb3d8bbcc: 1336 ms
Input: 5000000,
Cold Start: false
Unique ID: 778dca2b5dd283cd91140cf45e87b89a,
Execution Time for Trace ID 778dca2b5dd283cd91140cf45e87b89a: 1348 ms
Input: 5000000,
Cold Start: false
Unique ID: c152527c8aa41a2b169196851a4ede59,
Execution Time for Trace ID c152527c8aa41a2b169196851a4ede59: 1992 ms
Input: 5000000,
Cold Start: false
Unique ID: c5bc5bc5e0dba879b062558b0278a103,
Execution Time for Trace ID c5bc5bc5e0dba879b062558b0278a103: 1869 ms
Input: 5000000,
Cold Start: false
Unique ID: 7e101c615288ca319db742bb2228a071,
Execution Time for Trace ID 7e101c615288ca319db742bb2228a071: 1441 ms
Input: 5000000,
Cold Start: false
Unique ID: b91631974edb6ec76b82b752bdc9e7ce,
Execution Time for Trace ID b91631974edb6ec76b82b752bdc9e7ce: 1343 ms
Input: 5000000,
Cold Start: false
Unique ID: fb954f6c891bc2fc479a02a01f5a25e8,
Execution Time for Trace ID fb954f6c891bc2fc479a02a01f5a25e8: 2196 ms
Input: 5000000,
Cold Start: false
Unique ID: 598e7e172a7bb76077e20f55a0363b50,
Execution Time for Trace ID 598e7e172a7bb76077e20f55a0363b50: 1883 ms
Input: 5000000,
Cold Start: false
Unique ID: 02a3158256ee03d317eded39a3da2fcc,
Execution Time for Trace ID 02a3158256ee03d317eded39a3da2fcc: 1353 ms
Input: 5000000,
Cold Start: false
Unique ID: 395ced1b323bb64ca48c75ed3eadeca9,
Execution Time for Trace ID 395ced1b323bb64ca48c75ed3eadeca9: 1819 ms
Input: 5000000,
Cold Start: false
Unique ID: c19c3961bfe8881eb090612b025f2b15,
Execution Time for Trace ID c19c3961bfe8881eb090612b025f2b15: 1501 ms
Input: 5000000,
Cold Start: false
Unique ID: cbf42b75136076ec018200a1f27e749d,
Execution Time for Trace ID cbf42b75136076ec018200a1f27e749d: 1451 ms
Input: 5000000,
Cold Start: false
Unique ID: 8f6fd0bf018ad2ee7b7e3e70548d4594,
Execution Time for Trace ID 8f6fd0bf018ad2ee7b7e3e70548d4594: 2041 ms
Input: 5000000,
Cold Start: false
Unique ID: 85775253a4b8985aedff97a7e29136c2,
Execution Time for Trace ID 85775253a4b8985aedff97a7e29136c2: 1855 ms
Input: 5000000,
Cold Start: false
Unique ID: 9a98055aa8653d42935f0679d12f3c5e,
Execution Time for Trace ID 9a98055aa8653d42935f0679d12f3c5e: 1507 ms
Input: 5000000,
Cold Start: false
Unique ID: 7920d7e134e5cd2b20c394831acafbd6,
Execution Time for Trace ID 7920d7e134e5cd2b20c394831acafbd6: 1405 ms
Input: 5000000,
Cold Start: false
Unique ID: 9be90d7a5e7038f98338a38d1d2a6e60,
Execution Time for Trace ID 9be90d7a5e7038f98338a38d1d2a6e60: 1457 ms
Input: 5000000,
Cold Start: false
Unique ID: 73cd8d7ee55c68abb86d69f06ac9d79e,
Execution Time for Trace ID 73cd8d7ee55c68abb86d69f06ac9d79e: 1403 ms
Input: 5000000,
Cold Start: false
Unique ID: 81029ffdf629e3a2ee024825266307dc,
Execution Time for Trace ID 81029ffdf629e3a2ee024825266307dc: 1450 ms
Input: 5000000,
Cold Start: false
Unique ID: 96dee225d5c23a04929131860e241ace,
Execution Time for Trace ID 96dee225d5c23a04929131860e241ace: 1612 ms
Input: 5000000,
Cold Start: false
Unique ID: 06c50e3657e8818e60b179146572e92d,
Execution Time for Trace ID 06c50e3657e8818e60b179146572e92d: 2173 ms
Input: 5000000,
Cold Start: false
Unique ID: 5de33c78739fec1fb0be3497153df2cc,
Execution Time for Trace ID 5de33c78739fec1fb0be3497153df2cc: 1370 ms
Input: 5000000,
Cold Start: false
Unique ID: 5690c1ba59832f79dc57c9b680c1d5cc,
Execution Time for Trace ID 5690c1ba59832f79dc57c9b680c1d5cc: 1650 ms
Input: 5000000,
Cold Start: false
Unique ID: 9cbad9aa15c87f04edc3ec4d5ea44424,
Execution Time for Trace ID 9cbad9aa15c87f04edc3ec4d5ea44424: 1963 ms
Input: 5000000,
Cold Start: false
Unique ID: 77db4d1ee8ffa486b30a8fb607b95af0,
Execution Time for Trace ID 77db4d1ee8ffa486b30a8fb607b95af0: 1574 ms
Input: 5000000,
Cold Start: false
Unique ID: c1249eaf0f5567bc2e5b660e9abd630c,
Execution Time for Trace ID c1249eaf0f5567bc2e5b660e9abd630c: 1477 ms
Input: 5000000,
Cold Start: false
Unique ID: 79bcf07366b677f75aef91fb4f6ed5c1,
Execution Time for Trace ID 79bcf07366b677f75aef91fb4f6ed5c1: 1479 ms
Input: 5000000,
Cold Start: false
Unique ID: 04beff16723293fb7e0b6cc150ec9847,
Execution Time for Trace ID 04beff16723293fb7e0b6cc150ec9847: 1340 ms
Input: 5000000,
Cold Start: false
Unique ID: 6da9865b671e467ca0f24c1b27417947,
Execution Time for Trace ID 6da9865b671e467ca0f24c1b27417947: 1578 ms
Input: 5000000,
Cold Start: false
Unique ID: da67c30a9807d6fa4cc1a0f97312dd0d,
Execution Time for Trace ID da67c30a9807d6fa4cc1a0f97312dd0d: 1368 ms
Input: 5000000,
Cold Start: false
Unique ID: e079b241b2283874e00754cc336972c8,
Execution Time for Trace ID e079b241b2283874e00754cc336972c8: 1458 ms
Input: 5000000,
Cold Start: false
Unique ID: 526285288fa519556a1e68c2d0fd96b2,
Execution Time for Trace ID 526285288fa519556a1e68c2d0fd96b2: 2084 ms
Input: 5000000,
Cold Start: false
Unique ID: 3795150ab18e476856735647290a0b81,
Execution Time for Trace ID 3795150ab18e476856735647290a0b81: 1339 ms
Input: 5000000,
Cold Start: false
Unique ID: 7edc9f929e6b54bc3b739e4f66111d71,
Execution Time for Trace ID 7edc9f929e6b54bc3b739e4f66111d71: 2072 ms
Input: 5000000,
Cold Start: false
Unique ID: 096a540b8f4f871e84aa4b7ce3bcb4f1,
Execution Time for Trace ID 096a540b8f4f871e84aa4b7ce3bcb4f1: 1864 ms
Input: 5000000,
Cold Start: false
Unique ID: 8cab48167e9400c376d1b720b2e79d0c,
Execution Time for Trace ID 8cab48167e9400c376d1b720b2e79d0c: 1446 ms
Input: 5000000,
Cold Start: false
Unique ID: 2b72fa7877c893c4ecf1ab6c6556ae66,
Execution Time for Trace ID 2b72fa7877c893c4ecf1ab6c6556ae66: 1366 ms
Input: 5000000,
Cold Start: false
Unique ID: db838a5c00ceaa095cd18326acf29155,
Execution Time for Trace ID db838a5c00ceaa095cd18326acf29155: 1403 ms
Input: 5000000,
Cold Start: false
Unique ID: d0c735daf961b3e8721e1f955e85b064,
Execution Time for Trace ID d0c735daf961b3e8721e1f955e85b064: 628 ms
Input: 5000000,
Cold Start: false
Unique ID: 71a1da16d48278135146b737f21951ca,
Execution Time for Trace ID 71a1da16d48278135146b737f21951ca: 1692 ms
Input: 5000000,
Cold Start: false
Unique ID: beb0071e29a6ed25633c2f3926581ca8,
Execution Time for Trace ID beb0071e29a6ed25633c2f3926581ca8: 1753 ms
Input: 5000000,
Cold Start: false
Unique ID: 78dc0d5668af53b3756aa49aced647df,
Execution Time for Trace ID 78dc0d5668af53b3756aa49aced647df: 1343 ms
Input: 5000000,
Cold Start: false
Unique ID: 31b92febbb3b3f68bd4254101d98250d,
Execution Time for Trace ID 31b92febbb3b3f68bd4254101d98250d: 2057 ms
Input: 5000000,
Cold Start: false
Unique ID: 1c82eda9f5efad65aad1ee750078bf64,
Execution Time for Trace ID 1c82eda9f5efad65aad1ee750078bf64: 1450 ms
Input: 5000000,
Cold Start: false
Unique ID: 7b962eb4adf07694b0644bd0f9b53178,
Execution Time for Trace ID 7b962eb4adf07694b0644bd0f9b53178: 2065 ms
Input: 5000000,
Cold Start: false
Unique ID: 548c51aa2a1c5bef6f49eafe02895eff,
Execution Time for Trace ID 548c51aa2a1c5bef6f49eafe02895eff: 1599 ms
Input: 5000000,
Cold Start: false
Unique ID: e7e927dd4c6b8c80ac4d20937df4990c,
Execution Time for Trace ID e7e927dd4c6b8c80ac4d20937df4990c: 1529 ms
Input: 5000000,
Cold Start: false
Unique ID: 99454f0395456cecdd2eab69cb541103,
Execution Time for Trace ID 99454f0395456cecdd2eab69cb541103: 1334 ms
Input: 5000000,
Cold Start: false
Unique ID: 9498ff2a0be0d8fb196732c6aade1502,
Execution Time for Trace ID 9498ff2a0be0d8fb196732c6aade1502: 1883 ms
Input: 5000000,
Cold Start: false
Unique ID: 16e26f52018e94e68769166d85125455,
Execution Time for Trace ID 16e26f52018e94e68769166d85125455: 1472 ms
Input: 5000000,
Cold Start: false
Unique ID: fd19fee916ffa45ade59e54c9f4d9f6c,
Execution Time for Trace ID fd19fee916ffa45ade59e54c9f4d9f6c: 1361 ms
Input: 5000000,
Cold Start: false
Unique ID: 08eb641c08fd61fafb53d2832aa4efb1,
Execution Time for Trace ID 08eb641c08fd61fafb53d2832aa4efb1: 1833 ms
Input: 5000000,
Cold Start: false
Unique ID: 8133e2a674e2bf6d329ce2b5705d6fee,
Execution Time for Trace ID 8133e2a674e2bf6d329ce2b5705d6fee: 1585 ms
Input: 5000000,
Cold Start: false
Unique ID: a51eec967818c65a3c2a3d6515d7b83a,
Execution Time for Trace ID a51eec967818c65a3c2a3d6515d7b83a: 1345 ms
Input: 5000000,
Cold Start: false
Unique ID: 12c7c9d06b4f2dc71728498d79f8a240,
Execution Time for Trace ID 12c7c9d06b4f2dc71728498d79f8a240: 1639 ms
Input: 5000000,
Cold Start: false
Unique ID: cb05ad33777f5a3dc8ed87c03bca0217,
Execution Time for Trace ID cb05ad33777f5a3dc8ed87c03bca0217: 1632 ms
Input: 5000000,
Cold Start: false
Unique ID: 64d1f59b18686d0a8da3a335521a5cae,
Execution Time for Trace ID 64d1f59b18686d0a8da3a335521a5cae: 1362 ms
Input: 5000000,
Cold Start: false
Unique ID: 6e8eee889d2f77ba6dd7189e58c46a8f,
Execution Time for Trace ID 6e8eee889d2f77ba6dd7189e58c46a8f: 1338 ms
Input: 5000000,
Cold Start: false
Unique ID: 74450aa767dd2e23782581332c89072b,
Execution Time for Trace ID 74450aa767dd2e23782581332c89072b: 1398 ms
Input: 5000000,
Cold Start: false
Unique ID: 459525b5aeb63dde151651bba7bc7117,
Execution Time for Trace ID 459525b5aeb63dde151651bba7bc7117: 2023 ms
Input: 5000000,
Cold Start: false
Unique ID: 0175a8663c20dc15daff7277900e677b,
Execution Time for Trace ID 0175a8663c20dc15daff7277900e677b: 1493 ms
Input: 5000000,
Cold Start: false
Unique ID: daf39727263c4dd5795cdd22fd1225fe,
Execution Time for Trace ID daf39727263c4dd5795cdd22fd1225fe: 1400 ms
Input: 5000000,
Cold Start: false
Unique ID: a157571d2301d44586e594d4930a5efe,
Execution Time for Trace ID a157571d2301d44586e594d4930a5efe: 1751 ms
Input: 5000000,
Cold Start: false
Unique ID: 90fd70398679c37448f96cb8d887bbe2,
Execution Time for Trace ID 90fd70398679c37448f96cb8d887bbe2: 1341 ms
Input: 5000000,
Cold Start: false
Unique ID: 97f94eeed34d2290061e1d0d1270e38a,
Execution Time for Trace ID 97f94eeed34d2290061e1d0d1270e38a: 1732 ms
Input: 5000000,
Cold Start: false
Unique ID: a67e8a2f2edad55837d1d03fde5949de,
Execution Time for Trace ID a67e8a2f2edad55837d1d03fde5949de: 1623 ms
Input: 5000000,
Cold Start: false
Unique ID: 68400ea655ee66df1371d8dc644ef4a7,
Execution Time for Trace ID 68400ea655ee66df1371d8dc644ef4a7: 1459 ms
Input: 5000000,
Cold Start: false
Unique ID: 3f9f8a93657dcb0d5914ec3a112d3fe6,
Execution Time for Trace ID 3f9f8a93657dcb0d5914ec3a112d3fe6: 1353 ms
Input: 5000000,
Cold Start: false
Unique ID: a1296e8a3d0515a387b352b56ca36233,
Execution Time for Trace ID a1296e8a3d0515a387b352b56ca36233: 1823 ms
Input: 5000000,
Cold Start: false
Unique ID: 5043fac10dc9cf6cb77d7c4b4d02a66f,
Execution Time for Trace ID 5043fac10dc9cf6cb77d7c4b4d02a66f: 1374 ms
Input: 5000000,
Cold Start: false
Unique ID: 603419b438ccc2469d2b1a18f1c84788,
Execution Time for Trace ID 603419b438ccc2469d2b1a18f1c84788: 1464 ms
Input: 5000000,
Cold Start: false
Unique ID: 28fab41e9ba434f7471c6dfea687a990,
Execution Time for Trace ID 28fab41e9ba434f7471c6dfea687a990: 1958 ms
Input: 5000000,
Cold Start: false
Unique ID: 419db86447f1ac787c4ece2b59616179,
Execution Time for Trace ID 419db86447f1ac787c4ece2b59616179: 1352 ms
Input: 5000000,
Cold Start: false
Unique ID: cda6f66612045e423231a710fcc620f8,
Execution Time for Trace ID cda6f66612045e423231a710fcc620f8: 1580 ms
Input: 5000000,
Cold Start: false
Unique ID: 7ed3b79d73a6a997fa35848c106bc71e,
Execution Time for Trace ID 7ed3b79d73a6a997fa35848c106bc71e: 1364 ms
Input: 5000000,
Cold Start: false
Unique ID: f69e78f2a10d80faae23e7f83fbc27d0,
Execution Time for Trace ID f69e78f2a10d80faae23e7f83fbc27d0: 1584 ms
Input: 5000000,
Cold Start: false
Unique ID: 4742b9e7d1fa549ed3563ea3a5a4228a,
Execution Time for Trace ID 4742b9e7d1fa549ed3563ea3a5a4228a: 1459 ms
Input: 5000000,
Cold Start: false
Unique ID: 77eed11cde6370cb65dc1ff70d34eac7,
Execution Time for Trace ID 77eed11cde6370cb65dc1ff70d34eac7: 1447 ms
Input: 5000000,
Cold Start: false
Unique ID: 15be3745b8873be0e49d31fe05bb61c8,
Execution Time for Trace ID 15be3745b8873be0e49d31fe05bb61c8: 1358 ms
Input: 5000000,
Cold Start: false
Unique ID: 0d4411304e1971c4781167fc0c316e2c,
Execution Time for Trace ID 0d4411304e1971c4781167fc0c316e2c: 1799 ms
Input: 5000000,
Cold Start: false
Unique ID: 7fc38324ca544f319a24839737078a9c,
Execution Time for Trace ID 7fc38324ca544f319a24839737078a9c: 1392 ms
Input: 5000000,
Cold Start: false
Unique ID: 0885d91a13f94e3329103c7b356cafcc,
Execution Time for Trace ID 0885d91a13f94e3329103c7b356cafcc: 1482 ms
Input: 5000000,
Cold Start: false
Unique ID: e9245e815ce4c070aabf579e64929c3d,
Execution Time for Trace ID e9245e815ce4c070aabf579e64929c3d: 1540 ms
Input: 5000000,
Cold Start: false
Unique ID: 304a3239e7a2cb3c562286ccb8db7677,
Execution Time for Trace ID 304a3239e7a2cb3c562286ccb8db7677: 1609 ms
Input: 5000000,
Cold Start: false
Unique ID: 8114669668dce36cbc4b564e62e87d44,
Execution Time for Trace ID 8114669668dce36cbc4b564e62e87d44: 1626 ms
Input: 5000000,
Cold Start: false
Unique ID: e31806bf6eb4bd0b9ccd016bd292752a,
Execution Time for Trace ID e31806bf6eb4bd0b9ccd016bd292752a: 1396 ms
Input: 5000000,
Cold Start: false
Unique ID: b72698dfe49936e78e93c9f8e80ef4df,
Execution Time for Trace ID b72698dfe49936e78e93c9f8e80ef4df: 487 ms
Input: 5000000,
Cold Start: false
Unique ID: cf82d3a16884a72622518226f735580a,
Execution Time for Trace ID cf82d3a16884a72622518226f735580a: 1438 ms
Input: 5000000,
Cold Start: false
Unique ID: 0ae4ba11f95d84b2d678ec198ede217b,
Execution Time for Trace ID 0ae4ba11f95d84b2d678ec198ede217b: 1400 ms
Input: 5000000,
Cold Start: false
Unique ID: b001f85f4568ec0364d3e06b7604485e,
Execution Time for Trace ID b001f85f4568ec0364d3e06b7604485e: 1539 ms
Input: 5000000,
Cold Start: false
Unique ID: 7376306aa5184057819f703cc5d9f601,
Execution Time for Trace ID 7376306aa5184057819f703cc5d9f601: 1659 ms
Input: 5000000,
Cold Start: false
Unique ID: 33d8f328b1e9d9cddc17f326323ef449,
Execution Time for Trace ID 33d8f328b1e9d9cddc17f326323ef449: 1415 ms
Input: 5000000,
Cold Start: false
Unique ID: ab5ce7fd7760eb17288e07e19ede8ac4,
Execution Time for Trace ID ab5ce7fd7760eb17288e07e19ede8ac4: 1518 ms
Input: 5000000,
Cold Start: false
Unique ID: 0d682449d4d073a8e5ba82a6b142c086,
Execution Time for Trace ID 0d682449d4d073a8e5ba82a6b142c086: 1588 ms
Input: 5000000,
Cold Start: false
Unique ID: 62e5acdce87a53f5f9f7083763f70d59,
Execution Time for Trace ID 62e5acdce87a53f5f9f7083763f70d59: 1573 ms
Input: 5000000,
Cold Start: false
Unique ID: 2f9a9da46a2bb68f4c49b47c36e43463,
Execution Time for Trace ID 2f9a9da46a2bb68f4c49b47c36e43463: 1427 ms
Input: 5000000,
Cold Start: false
Unique ID: 19a4ccd19b82ee8717874b2681354c26,
Execution Time for Trace ID 19a4ccd19b82ee8717874b2681354c26: 1645 ms
Input: 5000000,
Cold Start: false
Unique ID: 554fdc25706b5b3a13326f6d25cbe7d7,
Execution Time for Trace ID 554fdc25706b5b3a13326f6d25cbe7d7: 1429 ms
Input: 5000000,
Cold Start: false
Unique ID: f195c24d818300a78cd1c3880226225c,
Execution Time for Trace ID f195c24d818300a78cd1c3880226225c: 1499 ms
Input: 5000000,
Cold Start: false
Unique ID: 6ead5df12d8aacbc21e0902ba3fcad60,
Execution Time for Trace ID 6ead5df12d8aacbc21e0902ba3fcad60: 1505 ms
Input: 5000000,
Cold Start: false
Unique ID: 39b46fd299584985b40d54fd173b53f3,
Execution Time for Trace ID 39b46fd299584985b40d54fd173b53f3: 1430 ms
Input: 5000000,
Cold Start: false
Unique ID: 11c36c7e387a7196c1ad71cb4215b1d4,
Execution Time for Trace ID 11c36c7e387a7196c1ad71cb4215b1d4: 1743 ms
Input: 5000000,
Cold Start: false
Unique ID: 76c24b6cb75a1b43a186faf10b96fb63,
Execution Time for Trace ID 76c24b6cb75a1b43a186faf10b96fb63: 1808 ms
Input: 5000000,
Cold Start: false
Unique ID: a170ee99b03ad14d6f7006633f01aaab,
Execution Time for Trace ID a170ee99b03ad14d6f7006633f01aaab: 1516 ms
Input: 5000000,
Cold Start: false
Unique ID: 910b1571e15777567e61359be2d68058,
Execution Time for Trace ID 910b1571e15777567e61359be2d68058: 1489 ms
Input: 5000000,
Cold Start: false
Unique ID: 1a8d94639c3a15ad284d926258962d07,
Execution Time for Trace ID 1a8d94639c3a15ad284d926258962d07: 1591 ms
Input: 5000000,
Cold Start: false
Unique ID: fbd233c02dd9ab13674d5d5c4d34d61c,
Execution Time for Trace ID fbd233c02dd9ab13674d5d5c4d34d61c: 1460 ms
Input: 5000000,
Cold Start: false
Unique ID: d6015f3c42e2c91cfd0558512c92d8a3,
Execution Time for Trace ID d6015f3c42e2c91cfd0558512c92d8a3: 1440 ms
Input: 5000000,
Cold Start: false
Unique ID: f44fb336095f1f7e62b068f35f13e587,
Execution Time for Trace ID f44fb336095f1f7e62b068f35f13e587: 1576 ms
Input: 5000000,
Cold Start: false
Unique ID: 94fd5e0294bf676d5f7a0678f95e7eb5,
Execution Time for Trace ID 94fd5e0294bf676d5f7a0678f95e7eb5: 1489 ms
Input: 5000000,
Cold Start: false
Unique ID: e9d3b2fd3d62d3232096836cfa86b901,
Execution Time for Trace ID e9d3b2fd3d62d3232096836cfa86b901: 1359 ms
Input: 5000000,
Cold Start: false
Unique ID: 27cbf5f50ddee83615b6480cde6c8cb3,
Execution Time for Trace ID 27cbf5f50ddee83615b6480cde6c8cb3: 1436 ms
Input: 5000000,
Cold Start: false
Unique ID: caa7dd47110f12b45068af8bbc3c2577,
Execution Time for Trace ID caa7dd47110f12b45068af8bbc3c2577: 1564 ms
Input: 5000000,
Cold Start: false
Unique ID: dd2cf1a428b6db7474264fe143e68047,
Execution Time for Trace ID dd2cf1a428b6db7474264fe143e68047: 1418 ms
Input: 5000000,
Cold Start: false
Unique ID: 7f518cd5c3ed820b9aa626f3f3e0e2f0,
Execution Time for Trace ID 7f518cd5c3ed820b9aa626f3f3e0e2f0: 1428 ms
Input: 5000000,
Cold Start: false
Unique ID: 811ebfb1040e93a0388e80c3376b765d,
Execution Time for Trace ID 811ebfb1040e93a0388e80c3376b765d: 1478 ms
Input: 5000000,
Cold Start: false
Unique ID: c70c623c7b4826000ba56b1e2ace007e,
Execution Time for Trace ID c70c623c7b4826000ba56b1e2ace007e: 1495 ms
Input: 5000000,
Cold Start: false
Unique ID: 4f932c30d81f46365c6a8529cf2c14f8,
Execution Time for Trace ID 4f932c30d81f46365c6a8529cf2c14f8: 1537 ms
Input: 5000000,
Cold Start: false
Unique ID: eb2a231ca5042fcf17f45d379a75b7a1,
Execution Time for Trace ID eb2a231ca5042fcf17f45d379a75b7a1: 1506 ms
Input: 5000000,
Cold Start: false
Unique ID: 119a17cdbdcf254c2ecb7996f9185ad4,
Execution Time for Trace ID 119a17cdbdcf254c2ecb7996f9185ad4: 1463 ms
Input: 5000000,
Cold Start: false
Unique ID: 7c55933449ffcd7b8b861252421ced23,
Execution Time for Trace ID 7c55933449ffcd7b8b861252421ced23: 1492 ms
Input: 5000000,
Cold Start: false
Unique ID: 9e1ce6a840824ed2d838f02dc9869f4c,
Execution Time for Trace ID 9e1ce6a840824ed2d838f02dc9869f4c: 1418 ms
Input: 5000000,
Cold Start: false
Unique ID: 061f63dd74f4f78c3778ff7bc8dd0862,
Execution Time for Trace ID 061f63dd74f4f78c3778ff7bc8dd0862: 1909 ms
Input: 5000000,
Cold Start: false
Unique ID: 4249f34ac83f18786fb219aba06b249d,
Execution Time for Trace ID 4249f34ac83f18786fb219aba06b249d: 1472 ms
Input: 5000000,
Cold Start: false
Unique ID: a7b7892f3633ef0e02e03fadbb464433,
Execution Time for Trace ID a7b7892f3633ef0e02e03fadbb464433: 1946 ms
Input: 5000000,
Cold Start: false
Unique ID: b55ddf174ac84c017379310e0c2bb3ef,
Execution Time for Trace ID b55ddf174ac84c017379310e0c2bb3ef: 1920 ms
Input: 5000000,
Cold Start: false
Unique ID: abf63a02c4b535a8a2357161d14541c7,
Execution Time for Trace ID abf63a02c4b535a8a2357161d14541c7: 1497 ms
Input: 5000000,
Cold Start: false
Unique ID: fb445d8835300a0385604af310f32483,
Execution Time for Trace ID fb445d8835300a0385604af310f32483: 1861 ms
Input: 5000000,
Cold Start: false
Unique ID: d04a44c64393122ced68f91fe562bad9,
Execution Time for Trace ID d04a44c64393122ced68f91fe562bad9: 1560 ms
Input: 5000000,
Cold Start: false
Unique ID: 6b3dfcbd5c2c5cca21a9d66e2b30dc88,
Execution Time for Trace ID 6b3dfcbd5c2c5cca21a9d66e2b30dc88: 1495 ms
Input: 5000000,
Cold Start: false
Unique ID: 0a610517edac980b7dfada1547ac41ce,
Execution Time for Trace ID 0a610517edac980b7dfada1547ac41ce: 1557 ms
Input: 5000000,
Cold Start: false
Unique ID: 5f561938187fe6e3d469db904dfe444e,
Execution Time for Trace ID 5f561938187fe6e3d469db904dfe444e: 1419 ms
Input: 5000000,
Cold Start: false
Unique ID: 9a3bf65098bf3a85b7705f9255718a80,
Execution Time for Trace ID 9a3bf65098bf3a85b7705f9255718a80: 1440 ms
Input: 5000000,
Cold Start: false
Unique ID: da4072d882aed6709d7f420622fe8724,
Execution Time for Trace ID da4072d882aed6709d7f420622fe8724: 1404 ms
Input: 5000000,
Cold Start: false
Unique ID: 8651910368b5c047aeaed22e158b0b4d,
Execution Time for Trace ID 8651910368b5c047aeaed22e158b0b4d: 1474 ms
Input: 5000000,
Cold Start: false
Unique ID: 0dda321c87183143aaf9b9bba6b4dcec,
Execution Time for Trace ID 0dda321c87183143aaf9b9bba6b4dcec: 1592 ms
Input: 5000000,
Cold Start: false
Unique ID: e6dee8b2cd2f16feff4f7386c772daa1,
Execution Time for Trace ID e6dee8b2cd2f16feff4f7386c772daa1: 1539 ms
Input: 5000000,
Cold Start: false
Unique ID: 4373c791a5eaedbda2157d56a37e8c45,
Execution Time for Trace ID 4373c791a5eaedbda2157d56a37e8c45: 1491 ms
Input: 5000000,
Cold Start: false
Unique ID: 4ff38c4bd5aae168bc9c407f5e840371,
Execution Time for Trace ID 4ff38c4bd5aae168bc9c407f5e840371: 1469 ms
Input: 5000000,
Cold Start: false
Unique ID: 1482413ca2ce0321abe7f2fe511276a4,
Execution Time for Trace ID 1482413ca2ce0321abe7f2fe511276a4: 1417 ms
Input: 5000000,
Cold Start: false
Unique ID: 9d97b575b01f1f840998e49e87a53d81,
Execution Time for Trace ID 9d97b575b01f1f840998e49e87a53d81: 1474 ms
Input: 5000000,
Cold Start: false
Unique ID: c3ee98974a6dd8d5b3c68bd552c74823,
Execution Time for Trace ID c3ee98974a6dd8d5b3c68bd552c74823: 1375 ms
Input: 5000000,
Cold Start: false
Unique ID: eb710b654a692abd5fb32b8cbd470687,
Execution Time for Trace ID eb710b654a692abd5fb32b8cbd470687: 1391 ms
Input: 5000000,
Cold Start: false
Unique ID: 6ecf227aea417d5cc890c47ed87a138c,
Execution Time for Trace ID 6ecf227aea417d5cc890c47ed87a138c: 1418 ms
Input: 5000000,
Cold Start: false
Unique ID: d8721c69834478d038b8da92b6b271a4,
Execution Time for Trace ID d8721c69834478d038b8da92b6b271a4: 928 ms
Input: 5000000,
Cold Start: false
Unique ID: f395353003ac8088c8757b8eac7e6fa1,
Execution Time for Trace ID f395353003ac8088c8757b8eac7e6fa1: 1469 ms
Input: 5000000,
Cold Start: false
Unique ID: c96a0de7cbdf62ee880c2414e7cce011,
Execution Time for Trace ID c96a0de7cbdf62ee880c2414e7cce011: 1400 ms
Input: 5000000,
Cold Start: false
Unique ID: f07ea18ed6e9431d64afcfebed585e5a,
Execution Time for Trace ID f07ea18ed6e9431d64afcfebed585e5a: 544 ms
Input: 5000000,
Cold Start: false
Unique ID: c8131bd5e6e5ff23f000a97971ca3e76,
Execution Time for Trace ID c8131bd5e6e5ff23f000a97971ca3e76: 1376 ms
Input: 5000000,
Cold Start: false
Unique ID: b9752cdd006c9cd9a594bfbf2f213c3f,
Execution Time for Trace ID b9752cdd006c9cd9a594bfbf2f213c3f: 1334 ms
Input: 5000000,
Cold Start: false
Unique ID: 44fa01176e7e91a65b5da1856690a93e,
Execution Time for Trace ID 44fa01176e7e91a65b5da1856690a93e: 1385 ms
Input: 5000000,
Cold Start: false
Unique ID: 4ec118f65dff8b76a6d33b7e160561d6,
Execution Time for Trace ID 4ec118f65dff8b76a6d33b7e160561d6: 1389 ms
Input: 5000000,
Cold Start: false
Unique ID: 1e0952adbd105ecb2d1a22a1b9a98cd1,
Execution Time for Trace ID 1e0952adbd105ecb2d1a22a1b9a98cd1: 1378 ms
Input: 5000000,
Cold Start: false
Unique ID: 7d691c63449b1e783b8f7d039bd02899,
Execution Time for Trace ID 7d691c63449b1e783b8f7d039bd02899: 1346 ms
Input: 5000000,
Cold Start: false
Unique ID: 1796ccf2073270eea3acdece9216ba4d,
Execution Time for Trace ID 1796ccf2073270eea3acdece9216ba4d: 1460 ms
Input: 5000000,
Cold Start: false
Unique ID: deadecd7f7259f7ef00c2815c84e738b,
Execution Time for Trace ID deadecd7f7259f7ef00c2815c84e738b: 1351 ms
Input: 5000000,
Cold Start: false
Unique ID: ac8e3f6dba73f96b1ccfe3b45ed6b39c,
Execution Time for Trace ID ac8e3f6dba73f96b1ccfe3b45ed6b39c: 1355 ms
Input: 5000000,
Cold Start: false
Unique ID: a9e9860d5024712dea8d6249dcfe65c4,
Execution Time for Trace ID a9e9860d5024712dea8d6249dcfe65c4: 2369 ms
Input: 5000000,
Cold Start: false
Unique ID: 6f73065f49a93769d75c5ec70e756068,
Execution Time for Trace ID 6f73065f49a93769d75c5ec70e756068: 1661 ms
Input: 5000000,
Cold Start: false
Unique ID: 9df66c488fff3a033b711b4ecdf4c16c,
Execution Time for Trace ID 9df66c488fff3a033b711b4ecdf4c16c: 1461 ms
Input: 5000000,
Cold Start: false
Unique ID: ae36c32453688ab6c4e1d9cbcc9b23ee,
Execution Time for Trace ID ae36c32453688ab6c4e1d9cbcc9b23ee: 1687 ms
Input: 5000000,
Cold Start: false
Unique ID: e1469f152e3a23d64389dde15aa09aec,
Execution Time for Trace ID e1469f152e3a23d64389dde15aa09aec: 1365 ms
Input: 5000000,
Cold Start: false
Unique ID: 5838255946dbabbdf3bccfecbbb5f583,
Execution Time for Trace ID 5838255946dbabbdf3bccfecbbb5f583: 1484 ms
Input: 5000000,
Cold Start: false
Unique ID: e0ac16e655697c71bc9a14858c6a4926,
Execution Time for Trace ID e0ac16e655697c71bc9a14858c6a4926: 1365 ms
Input: 5000000,
Cold Start: false
Unique ID: acd907115ca00d33fb5626bb4125c760,
Execution Time for Trace ID acd907115ca00d33fb5626bb4125c760: 1527 ms
Input: 5000000,
Cold Start: false
Unique ID: 039bbd39f47f5fee5f01279db99711de,
Execution Time for Trace ID 039bbd39f47f5fee5f01279db99711de: 1709 ms
Input: 5000000,
Cold Start: false
Unique ID: 1724cf8b1f521bd3ece6066e0dd8a00a,
Execution Time for Trace ID 1724cf8b1f521bd3ece6066e0dd8a00a: 1508 ms
Input: 5000000,
Cold Start: false
Unique ID: b30c4427120f51a551cb0bee82d03870,
Execution Time for Trace ID b30c4427120f51a551cb0bee82d03870: 1555 ms
Input: 5000000,
Cold Start: false
Unique ID: 8ddb8b3d3175b1d6a92eedcf3aa5adb1,
Execution Time for Trace ID 8ddb8b3d3175b1d6a92eedcf3aa5adb1: 1654 ms
Input: 5000000,
Cold Start: false
Unique ID: 6aa803376fd6cd75b90a57c32b721e1d,
Execution Time for Trace ID 6aa803376fd6cd75b90a57c32b721e1d: 1470 ms
Input: 5000000,
Cold Start: false
Unique ID: 7ed83e7bba50489a1c5fc845fbc25460,
Execution Time for Trace ID 7ed83e7bba50489a1c5fc845fbc25460: 1518 ms
Input: 5000000,
Cold Start: false
Unique ID: 53c2953491be1a702581824ad59efb79,
Execution Time for Trace ID 53c2953491be1a702581824ad59efb79: 1334 ms
Input: 5000000,
Cold Start: false
Unique ID: 3b53e0ad60ea4115706254ce1173ae05,
Execution Time for Trace ID 3b53e0ad60ea4115706254ce1173ae05: 1529 ms
Input: 5000000,
Cold Start: false
Unique ID: 4de2926245e8e9e4711a1c520e8d0e25,
Execution Time for Trace ID 4de2926245e8e9e4711a1c520e8d0e25: 1485 ms
Input: 5000000,
Cold Start: false
Unique ID: 5ee963e45f67a7a6722f123f4a82faf2,
Execution Time for Trace ID 5ee963e45f67a7a6722f123f4a82faf2: 1415 ms
Input: 5000000,
Cold Start: false
Unique ID: 59825940837489737b2eb7e2bf555469,
Execution Time for Trace ID 59825940837489737b2eb7e2bf555469: 1595 ms
Input: 5000000,
Cold Start: false
