Unique ID: f936f40e9b8b8793876d8fdc3a3afd05,
Execution Time for Trace ID f936f40e9b8b8793876d8fdc3a3afd05: 1358 ms
Input: 5000000,
Cold Start: false
Unique ID: 89b37c5206c39b3589b4f26e03220596,
Execution Time for Trace ID 89b37c5206c39b3589b4f26e03220596: 1433 ms
Input: 5000000,
Cold Start: false
Unique ID: 87064b3766b1e06baaed5a3cc0b0d09b,
Execution Time for Trace ID 87064b3766b1e06baaed5a3cc0b0d09b: 1439 ms
Input: 5000000,
Cold Start: false
Unique ID: 9f76f51da6a89ecd50f6ab0d2ce167c3,
Execution Time for Trace ID 9f76f51da6a89ecd50f6ab0d2ce167c3: 1458 ms
Input: 5000000,
Cold Start: false
Unique ID: 9609d6944a6785a5e626085a56ec5b77,
Execution Time for Trace ID 9609d6944a6785a5e626085a56ec5b77: 1494 ms
Input: 5000000,
Cold Start: false
Unique ID: 516e729903d098218660ce49e9a6cd6c,
Execution Time for Trace ID 516e729903d098218660ce49e9a6cd6c: 1447 ms
Input: 5000000,
Cold Start: false
Unique ID: 2f143043c5b772ed49c81230dabf83c0,
Execution Time for Trace ID 2f143043c5b772ed49c81230dabf83c0: 1449 ms
Input: 5000000,
Cold Start: false
Unique ID: 16e5a27e59a677caf5ef52197d602813,
Execution Time for Trace ID 16e5a27e59a677caf5ef52197d602813: 1541 ms
Input: 5000000,
Cold Start: false
Unique ID: 70243688a0836885c5185b808dfad5fa,
Execution Time for Trace ID 70243688a0836885c5185b808dfad5fa: 868 ms
Input: 5000000,
Cold Start: false
Unique ID: e3b58dac35c1bf2f11855130e16f3370,
Execution Time for Trace ID e3b58dac35c1bf2f11855130e16f3370: 2067 ms
Input: 5000000,
Cold Start: false
Unique ID: 239618a186d6edd3b4c41e066bfc454d,
Execution Time for Trace ID 239618a186d6edd3b4c41e066bfc454d: 2067 ms
Input: 5000000,
Cold Start: false
Unique ID: 99cca806ec27c4b7754270d1125e98be,
Execution Time for Trace ID 99cca806ec27c4b7754270d1125e98be: 1392 ms
Input: 5000000,
Cold Start: false
Unique ID: bafc44bbc4b319cf58140c194e8a5541,
Execution Time for Trace ID bafc44bbc4b319cf58140c194e8a5541: 1372 ms
Input: 5000000,
Cold Start: false
Unique ID: 8abb7a6c67d5f7dbae461b04015a4240,
Execution Time for Trace ID 8abb7a6c67d5f7dbae461b04015a4240: 1479 ms
Input: 5000000,
Cold Start: false
Unique ID: 04619c6342a1cef671ae35c287f2aabd,
Execution Time for Trace ID 04619c6342a1cef671ae35c287f2aabd: 1667 ms
Input: 5000000,
Cold Start: false
Unique ID: d98bcaf884bb6ef981a246415943c40c,
Execution Time for Trace ID d98bcaf884bb6ef981a246415943c40c: 1406 ms
Input: 5000000,
Cold Start: false
Unique ID: 75dcf4de901fec5203467933a320b12a,
Execution Time for Trace ID 75dcf4de901fec5203467933a320b12a: 1424 ms
Input: 5000000,
Cold Start: false
Unique ID: cb54ac471ae33ea40873152217a717d0,
Execution Time for Trace ID cb54ac471ae33ea40873152217a717d0: 1562 ms
Input: 5000000,
Cold Start: false
Unique ID: b301f3f1e410405528ae22b8ef666b2e,
Execution Time for Trace ID b301f3f1e410405528ae22b8ef666b2e: 1517 ms
Input: 5000000,
Cold Start: false
Unique ID: 4e99766122c74afcab83d7c9d34964dc,
Execution Time for Trace ID 4e99766122c74afcab83d7c9d34964dc: 1577 ms
Input: 5000000,
Cold Start: false
Unique ID: 8f3e316341a48947d901257cc1040b8e,
Execution Time for Trace ID 8f3e316341a48947d901257cc1040b8e: 1341 ms
Input: 5000000,
Cold Start: false
Unique ID: 2e23a216afedd6b089787c2458f703bd,
Execution Time for Trace ID 2e23a216afedd6b089787c2458f703bd: 1461 ms
Input: 5000000,
Cold Start: false
Unique ID: 8b375d5b336611f8b24d57004e707868,
Execution Time for Trace ID 8b375d5b336611f8b24d57004e707868: 1442 ms
Input: 5000000,
Cold Start: false
Unique ID: 85ad089684c2899856ae95a26566a0ea,
Execution Time for Trace ID 85ad089684c2899856ae95a26566a0ea: 1491 ms
Input: 5000000,
Cold Start: false
Unique ID: 2c53aab878003e3164c1890be1e8b846,
Execution Time for Trace ID 2c53aab878003e3164c1890be1e8b846: 1598 ms
Input: 5000000,
Cold Start: false
Unique ID: 5af1b60d3eff4d55dc90d260b16cc2b8,
Execution Time for Trace ID 5af1b60d3eff4d55dc90d260b16cc2b8: 1011 ms
Input: 5000000,
Cold Start: false
Unique ID: dce1a847726af8df50b9399d496268a6,
Execution Time for Trace ID dce1a847726af8df50b9399d496268a6: 1352 ms
Input: 5000000,
Cold Start: false
Unique ID: bbbf5ba36f9d8722843db5cd6439e33e,
Execution Time for Trace ID bbbf5ba36f9d8722843db5cd6439e33e: 1483 ms
Input: 5000000,
Cold Start: false
Unique ID: 507cf8417edbabd5f7d17322a0a39635,
Execution Time for Trace ID 507cf8417edbabd5f7d17322a0a39635: 1421 ms
Input: 5000000,
Cold Start: false
Unique ID: dd9de65b5c5710a9dce831a351f83b53,
Execution Time for Trace ID dd9de65b5c5710a9dce831a351f83b53: 1483 ms
Input: 5000000,
Cold Start: false
Unique ID: d8d96b49eb654234f9281f13eaa0f739,
Execution Time for Trace ID d8d96b49eb654234f9281f13eaa0f739: 1433 ms
Input: 5000000,
Cold Start: false
Unique ID: 2fa145a6751c13e9b36295665d4f1488,
Execution Time for Trace ID 2fa145a6751c13e9b36295665d4f1488: 1354 ms
Input: 5000000,
Cold Start: false
Unique ID: c230dd1dc07e0d010eeb081465e2809a,
Execution Time for Trace ID c230dd1dc07e0d010eeb081465e2809a: 1383 ms
Input: 5000000,
Cold Start: false
Unique ID: af3c8df56f2c254ce29a41b1c21e4752,
Execution Time for Trace ID af3c8df56f2c254ce29a41b1c21e4752: 1488 ms
Input: 5000000,
Cold Start: false
Unique ID: 0150c85224e0eda708c3606ab1a564d4,
Execution Time for Trace ID 0150c85224e0eda708c3606ab1a564d4: 2471 ms
Input: 5000000,
Cold Start: false
Unique ID: 9e6b8bd89cf743a14fdd81c368e4a044,
Execution Time for Trace ID 9e6b8bd89cf743a14fdd81c368e4a044: 1624 ms
Input: 5000000,
Cold Start: false
Unique ID: 69064b28c81f6df4dda033cde3e00c9e,
Execution Time for Trace ID 69064b28c81f6df4dda033cde3e00c9e: 1587 ms
Input: 5000000,
Cold Start: false
Unique ID: c037722400b41d651bcb28a4895351f2,
Execution Time for Trace ID c037722400b41d651bcb28a4895351f2: 1925 ms
Input: 5000000,
Cold Start: false
Unique ID: ae2b792d4797d0c5bc892b4ddd859fb7,
Execution Time for Trace ID ae2b792d4797d0c5bc892b4ddd859fb7: 1771 ms
Input: 5000000,
Cold Start: false
Unique ID: 7394a989e6406ad2855131e54017e748,
Execution Time for Trace ID 7394a989e6406ad2855131e54017e748: 1379 ms
Input: 5000000,
Cold Start: false
Unique ID: 0c7e029db41a0de29f04020c5f30879e,
Execution Time for Trace ID 0c7e029db41a0de29f04020c5f30879e: 1551 ms
Input: 5000000,
Cold Start: false
Unique ID: ddf8c56875dd748b5092edce97b102ba,
Execution Time for Trace ID ddf8c56875dd748b5092edce97b102ba: 1651 ms
Input: 5000000,
Cold Start: false
Unique ID: 5e685432d8511202b671386484d30644,
Execution Time for Trace ID 5e685432d8511202b671386484d30644: 2194 ms
Input: 5000000,
Cold Start: false
Unique ID: bed1c208fd45b1cd54f76b741c71204b,
Execution Time for Trace ID bed1c208fd45b1cd54f76b741c71204b: 2026 ms
Input: 5000000,
Cold Start: true
Unique ID: b496367da4b779def84d2ee55c1efed7,
Execution Time for Trace ID b496367da4b779def84d2ee55c1efed7: 1683 ms
Input: 5000000,
Cold Start: false
Unique ID: 1ed59a0932d9f668ac009f408e8eea7d,
Execution Time for Trace ID 1ed59a0932d9f668ac009f408e8eea7d: 1412 ms
Input: 5000000,
Cold Start: false
Unique ID: 220e3d54963d8c8685a00680209f0fca,
Execution Time for Trace ID 220e3d54963d8c8685a00680209f0fca: 1467 ms
Input: 5000000,
Cold Start: false
Unique ID: 90e8c36d4e92be21e82f8f2df076db6e,
Execution Time for Trace ID 90e8c36d4e92be21e82f8f2df076db6e: 1405 ms
Input: 5000000,
Cold Start: false
Unique ID: b1cf7801f16932e1d9ccbf147f24a974,
Execution Time for Trace ID b1cf7801f16932e1d9ccbf147f24a974: 1698 ms
Input: 5000000,
Cold Start: false
Unique ID: 1d64e1c8f53033959773f0aa7429f4c8,
Execution Time for Trace ID 1d64e1c8f53033959773f0aa7429f4c8: 1811 ms
Input: 5000000,
Cold Start: true
Unique ID: 9e4be6b830f772c5bd86637aeaf6cc93,
Execution Time for Trace ID 9e4be6b830f772c5bd86637aeaf6cc93: 1393 ms
Input: 5000000,
Cold Start: false
Unique ID: 1f84ffb09dda8bf973de74a84d1d03c2,
Execution Time for Trace ID 1f84ffb09dda8bf973de74a84d1d03c2: 1421 ms
Input: 5000000,
Cold Start: false
Unique ID: c95c72f1e6db342d64a63953ba686390,
Execution Time for Trace ID c95c72f1e6db342d64a63953ba686390: 1480 ms
Input: 5000000,
Cold Start: false
Unique ID: 8134227ea49b18cd7d29c0c9cec5a452,
Execution Time for Trace ID 8134227ea49b18cd7d29c0c9cec5a452: 1558 ms
Input: 5000000,
Cold Start: false
Unique ID: db5aea673c1d8e155a3d2a01a6d2de34,
Execution Time for Trace ID db5aea673c1d8e155a3d2a01a6d2de34: 1664 ms
Input: 5000000,
Cold Start: false
Unique ID: f79c855d471730c39a69831b7a147864,
Execution Time for Trace ID f79c855d471730c39a69831b7a147864: 1400 ms
Input: 5000000,
Cold Start: false
Unique ID: 4832183e787347d9d322033d920d847e,
Execution Time for Trace ID 4832183e787347d9d322033d920d847e: 1400 ms
Input: 5000000,
Cold Start: false
Unique ID: 82e81dbc8c83dc98513e0d10f28587f0,
Execution Time for Trace ID 82e81dbc8c83dc98513e0d10f28587f0: 1420 ms
Input: 5000000,
Cold Start: false
Unique ID: 7123f2af5d94cef065499e7c4dfa1132,
Execution Time for Trace ID 7123f2af5d94cef065499e7c4dfa1132: 1830 ms
Input: 5000000,
Cold Start: false
Unique ID: 34e69d85ff2cd71499cb9594105bb6bc,
Execution Time for Trace ID 34e69d85ff2cd71499cb9594105bb6bc: 2025 ms
Input: 5000000,
Cold Start: false
Unique ID: bfb0b21c003bb3c5679e20d5393062f1,
Execution Time for Trace ID bfb0b21c003bb3c5679e20d5393062f1: 1396 ms
Input: 5000000,
Cold Start: false
Unique ID: 329150da4779eca57fd67c54241a320f,
Execution Time for Trace ID 329150da4779eca57fd67c54241a320f: 1386 ms
Input: 5000000,
Cold Start: false
Unique ID: cc77341e6735f336c2349c0b1a3427f5,
Execution Time for Trace ID cc77341e6735f336c2349c0b1a3427f5: 1339 ms
Input: 5000000,
Cold Start: false
Unique ID: 5d7ce9c3c31761b4dde6eb28fdd14295,
Execution Time for Trace ID 5d7ce9c3c31761b4dde6eb28fdd14295: 1498 ms
Input: 5000000,
Cold Start: false
Unique ID: b677bb32e56d511a58d1b002c8b731f3,
Execution Time for Trace ID b677bb32e56d511a58d1b002c8b731f3: 1749 ms
Input: 5000000,
Cold Start: false
Unique ID: 45d30f44e248318533a359e2ac495c99,
Execution Time for Trace ID 45d30f44e248318533a359e2ac495c99: 1426 ms
Input: 5000000,
Cold Start: false
Unique ID: edb7532037525e75fdd581e71550a782,
Execution Time for Trace ID edb7532037525e75fdd581e71550a782: 1469 ms
Input: 5000000,
Cold Start: false
Unique ID: 396afccedaac5a4a1211b6c3617813ba,
Execution Time for Trace ID 396afccedaac5a4a1211b6c3617813ba: 1442 ms
Input: 5000000,
Cold Start: false
Unique ID: 65491277c8c2beb11afee8adb956bde4,
Execution Time for Trace ID 65491277c8c2beb11afee8adb956bde4: 1986 ms
Input: 5000000,
Cold Start: false
Unique ID: ee0b8ee1adf48a20efc8266cdf8e1d5f,
Execution Time for Trace ID ee0b8ee1adf48a20efc8266cdf8e1d5f: 2021 ms
Input: 5000000,
Cold Start: false
Unique ID: c9c71ae0c6756ad13fc38138f391d967,
Execution Time for Trace ID c9c71ae0c6756ad13fc38138f391d967: 1350 ms
Input: 5000000,
Cold Start: false
Unique ID: 0ac1e41b3cbe8a7a7414b567f17da9cb,
Execution Time for Trace ID 0ac1e41b3cbe8a7a7414b567f17da9cb: 1421 ms
Input: 5000000,
Cold Start: false
Unique ID: bd2acce8367aa925cfbbde12a37bbc47,
Execution Time for Trace ID bd2acce8367aa925cfbbde12a37bbc47: 1418 ms
Input: 5000000,
Cold Start: false
Unique ID: 3deab33072cf903032c4a253d10f88ff,
Execution Time for Trace ID 3deab33072cf903032c4a253d10f88ff: 1407 ms
Input: 5000000,
Cold Start: false
Unique ID: 890f54986242a1f91d1e15d8c44509b1,
Execution Time for Trace ID 890f54986242a1f91d1e15d8c44509b1: 1552 ms
Input: 5000000,
Cold Start: false
Unique ID: 86df157ae1e2f9ea315bb6459a4442f1,
Execution Time for Trace ID 86df157ae1e2f9ea315bb6459a4442f1: 1504 ms
Input: 5000000,
Cold Start: false
Unique ID: 94d6c95ff20c2ee4ea449053f867987a,
Execution Time for Trace ID 94d6c95ff20c2ee4ea449053f867987a: 1413 ms
Input: 5000000,
Cold Start: false
Unique ID: 4e8faef6f1f45863d060bef2bc7b084a,
Execution Time for Trace ID 4e8faef6f1f45863d060bef2bc7b084a: 1469 ms
Input: 5000000,
Cold Start: false
Unique ID: de941587b69184edd8fe023d94c5348b,
Execution Time for Trace ID de941587b69184edd8fe023d94c5348b: 1396 ms
Input: 5000000,
Cold Start: false
Unique ID: 38a8328780a455969416c3c78469937c,
Execution Time for Trace ID 38a8328780a455969416c3c78469937c: 1453 ms
Input: 5000000,
Cold Start: false
Unique ID: b9fd62ac12c3b45d9fde82f5414c37d6,
Execution Time for Trace ID b9fd62ac12c3b45d9fde82f5414c37d6: 1367 ms
Input: 5000000,
Cold Start: false
Unique ID: c1b0de7b5e5c6912a856009dd006afec,
Execution Time for Trace ID c1b0de7b5e5c6912a856009dd006afec: 1571 ms
Input: 5000000,
Cold Start: false
Unique ID: e5f0c8940cdb36c4a6a23e7baef05241,
Execution Time for Trace ID e5f0c8940cdb36c4a6a23e7baef05241: 1462 ms
Input: 5000000,
Cold Start: false
Unique ID: 224d0ecd5510feaf8c33c6af84b8706f,
Execution Time for Trace ID 224d0ecd5510feaf8c33c6af84b8706f: 1563 ms
Input: 5000000,
Cold Start: false
Unique ID: 2ffe477bf352d6d908986bbc695f4e63,
Execution Time for Trace ID 2ffe477bf352d6d908986bbc695f4e63: 1546 ms
Input: 5000000,
Cold Start: false
Unique ID: bea40a5ead592b16d2f129aa78c7210b,
Execution Time for Trace ID bea40a5ead592b16d2f129aa78c7210b: 1390 ms
Input: 5000000,
Cold Start: false
Unique ID: 92d7dc79c94fc4b21541e0610f98ae93,
Execution Time for Trace ID 92d7dc79c94fc4b21541e0610f98ae93: 1454 ms
Input: 5000000,
Cold Start: false
Unique ID: af07b5f46f4e4b48779994d6ad918745,
Execution Time for Trace ID af07b5f46f4e4b48779994d6ad918745: 1596 ms
Input: 5000000,
Cold Start: false
Unique ID: c81483cad65900a9a8c62796967a5fd3,
Execution Time for Trace ID c81483cad65900a9a8c62796967a5fd3: 1454 ms
Input: 5000000,
Cold Start: false
Unique ID: 645d7200d41dc70bc63979866707b848,
Execution Time for Trace ID 645d7200d41dc70bc63979866707b848: 1533 ms
Input: 5000000,
Cold Start: false
Unique ID: 43b2bc671e1da4af4a7140718f538e3c,
Execution Time for Trace ID 43b2bc671e1da4af4a7140718f538e3c: 1350 ms
Input: 5000000,
Cold Start: false
Unique ID: 34d065bb80b0b74afac4d5ccc4e37416,
Execution Time for Trace ID 34d065bb80b0b74afac4d5ccc4e37416: 1433 ms
Input: 5000000,
Cold Start: false
Unique ID: c28195b546b5a51917f553d30f0a592d,
Execution Time for Trace ID c28195b546b5a51917f553d30f0a592d: 1502 ms
Input: 5000000,
Cold Start: false
Unique ID: 55ef5bb76ab8dc2d55e17672257faae9,
Execution Time for Trace ID 55ef5bb76ab8dc2d55e17672257faae9: 1480 ms
Input: 5000000,
Cold Start: false
Unique ID: 9404b12319aff0b7b41116537d32f264,
Execution Time for Trace ID 9404b12319aff0b7b41116537d32f264: 1502 ms
Input: 5000000,
Cold Start: false
Unique ID: 11048ddc026c0f19bca94d487a30e37b,
Execution Time for Trace ID 11048ddc026c0f19bca94d487a30e37b: 1356 ms
Input: 5000000,
Cold Start: false
Unique ID: 43607a14d02f15bbaf1a0c72f09a623c,
Execution Time for Trace ID 43607a14d02f15bbaf1a0c72f09a623c: 1406 ms
Input: 5000000,
Cold Start: false
Unique ID: 6ca7d16f58c1501f4f83340141af8465,
Execution Time for Trace ID 6ca7d16f58c1501f4f83340141af8465: 1405 ms
Input: 5000000,
Cold Start: false
Unique ID: c54c781bd690253ca1ad66d277004044,
Execution Time for Trace ID c54c781bd690253ca1ad66d277004044: 1357 ms
Input: 5000000,
Cold Start: false
Unique ID: 69d497f3b3298227690500d346718371,
Execution Time for Trace ID 69d497f3b3298227690500d346718371: 1459 ms
Input: 5000000,
Cold Start: false
Unique ID: 8e2c85d3844026ff3fb3a7c4ad1c04b1,
Execution Time for Trace ID 8e2c85d3844026ff3fb3a7c4ad1c04b1: 1460 ms
Input: 5000000,
Cold Start: false
Unique ID: 15a7c25605a516b8f5c90b988e335fcf,
Execution Time for Trace ID 15a7c25605a516b8f5c90b988e335fcf: 1495 ms
Input: 5000000,
Cold Start: false
Unique ID: 110815cb160661b9682b9bc97128a313,
Execution Time for Trace ID 110815cb160661b9682b9bc97128a313: 1504 ms
Input: 5000000,
Cold Start: false
Unique ID: 9c3d64223a9281b29ff030ad07db8cda,
Execution Time for Trace ID 9c3d64223a9281b29ff030ad07db8cda: 1433 ms
Input: 5000000,
Cold Start: false
Unique ID: 6a3ca29b426261ecd19913626bcf3b86,
Execution Time for Trace ID 6a3ca29b426261ecd19913626bcf3b86: 1496 ms
Input: 5000000,
Cold Start: false
Unique ID: 655329a131f8d1e493d6c3405f2d4aea,
Execution Time for Trace ID 655329a131f8d1e493d6c3405f2d4aea: 1589 ms
Input: 5000000,
Cold Start: false
Unique ID: c9bddafbb46b2710d42f639425241a7e,
Execution Time for Trace ID c9bddafbb46b2710d42f639425241a7e: 1561 ms
Input: 5000000,
Cold Start: false
Unique ID: dbeef890f38af505bd90ba959796f9ad,
Execution Time for Trace ID dbeef890f38af505bd90ba959796f9ad: 1602 ms
Input: 5000000,
Cold Start: false
Unique ID: 03f998e5aca777a9deb6ebfa33a0e324,
Execution Time for Trace ID 03f998e5aca777a9deb6ebfa33a0e324: 1857 ms
Input: 5000000,
Cold Start: false
Unique ID: a4c779144f3e404685a8d15ee3c2eacb,
Execution Time for Trace ID a4c779144f3e404685a8d15ee3c2eacb: 2138 ms
Input: 5000000,
Cold Start: false
Unique ID: bd48f768a9879870d723da13ab153851,
Execution Time for Trace ID bd48f768a9879870d723da13ab153851: 1363 ms
Input: 5000000,
Cold Start: false
Unique ID: 3fb359e7a65fb4f189bcf5c8a4eaa7cc,
Execution Time for Trace ID 3fb359e7a65fb4f189bcf5c8a4eaa7cc: 1500 ms
Input: 5000000,
Cold Start: false
Unique ID: 604b40131b025b4ff3a64c0fa3960ee0,
Execution Time for Trace ID 604b40131b025b4ff3a64c0fa3960ee0: 1493 ms
Input: 5000000,
Cold Start: false
Unique ID: afa3d52606d2800a517a8cd3c81b1b68,
Execution Time for Trace ID afa3d52606d2800a517a8cd3c81b1b68: 1504 ms
Input: 5000000,
Cold Start: false
Unique ID: 5f70e4fdb475e7d937b1173c632fd6e7,
Execution Time for Trace ID 5f70e4fdb475e7d937b1173c632fd6e7: 1960 ms
Input: 5000000,
Cold Start: false
Unique ID: 70149b6ad9dc36037b67263435f3acc6,
Execution Time for Trace ID 70149b6ad9dc36037b67263435f3acc6: 907 ms
Input: 5000000,
Cold Start: false
Unique ID: 24cd8f44ed8bb0d06334c09cd8d2d89f,
Execution Time for Trace ID 24cd8f44ed8bb0d06334c09cd8d2d89f: 1369 ms
Input: 5000000,
Cold Start: false
Unique ID: 683d60453c6056ff1d0ed8cbfa5e5e71,
Execution Time for Trace ID 683d60453c6056ff1d0ed8cbfa5e5e71: 1438 ms
Input: 5000000,
Cold Start: false
Unique ID: 5d733be86a8e49290745b5b4a5d2c83a,
Execution Time for Trace ID 5d733be86a8e49290745b5b4a5d2c83a: 1564 ms
Input: 5000000,
Cold Start: false
Unique ID: a54f10b5c4eff8709d13ec13f11eed6b,
Execution Time for Trace ID a54f10b5c4eff8709d13ec13f11eed6b: 1790 ms
Input: 5000000,
Cold Start: false
Unique ID: 295a7356e7fa27935d15afb767dd8bcb,
Execution Time for Trace ID 295a7356e7fa27935d15afb767dd8bcb: 1490 ms
Input: 5000000,
Cold Start: false
Unique ID: 4285eadd0215be9e01d6bcd6742b654f,
Execution Time for Trace ID 4285eadd0215be9e01d6bcd6742b654f: 1417 ms
Input: 5000000,
Cold Start: false
Unique ID: 6da37402f799faa9d6891c54382f748b,
Execution Time for Trace ID 6da37402f799faa9d6891c54382f748b: 1465 ms
Input: 5000000,
Cold Start: false
Unique ID: d056ae82101731d4f649b82c4d1c16f7,
Execution Time for Trace ID d056ae82101731d4f649b82c4d1c16f7: 1837 ms
Input: 5000000,
Cold Start: false
Unique ID: 679fc9011a876857148ec3e9edf2a3a1,
Execution Time for Trace ID 679fc9011a876857148ec3e9edf2a3a1: 1349 ms
Input: 5000000,
Cold Start: false
Unique ID: 23e4f18716439f7209f1391c8fc1764f,
Execution Time for Trace ID 23e4f18716439f7209f1391c8fc1764f: 2139 ms
Input: 5000000,
Cold Start: false
Unique ID: 7a68ed5e324e56c04506afed28db9ff8,
Execution Time for Trace ID 7a68ed5e324e56c04506afed28db9ff8: 1357 ms
Input: 5000000,
Cold Start: false
Unique ID: 643de7247d7a4c51b8cf9cbe1de0b609,
Execution Time for Trace ID 643de7247d7a4c51b8cf9cbe1de0b609: 1405 ms
Input: 5000000,
Cold Start: false
Unique ID: 1fece33103efcb8db26ca86265d63710,
Execution Time for Trace ID 1fece33103efcb8db26ca86265d63710: 1407 ms
Input: 5000000,
Cold Start: false
Unique ID: 3dc7b41f607528095f5197b6d6a10ea8,
Execution Time for Trace ID 3dc7b41f607528095f5197b6d6a10ea8: 1472 ms
Input: 5000000,
Cold Start: false
Unique ID: fbb75a52457241a4f86838b8ec00e773,
Execution Time for Trace ID fbb75a52457241a4f86838b8ec00e773: 1433 ms
Input: 5000000,
Cold Start: false
Unique ID: a635e3f6b118ceda7d44edb8111db22a,
Execution Time for Trace ID a635e3f6b118ceda7d44edb8111db22a: 1390 ms
Input: 5000000,
Cold Start: false
Unique ID: b423a2c4e7d6b7fb0a7465a6c0bd140b,
Execution Time for Trace ID b423a2c4e7d6b7fb0a7465a6c0bd140b: 1448 ms
Input: 5000000,
Cold Start: false
Unique ID: b9175bd25bb94a76043956088a3fa38d,
Execution Time for Trace ID b9175bd25bb94a76043956088a3fa38d: 1502 ms
Input: 5000000,
Cold Start: false
Unique ID: 82b1d7a1597412ced0643cd1f06d7396,
Execution Time for Trace ID 82b1d7a1597412ced0643cd1f06d7396: 1490 ms
Input: 5000000,
Cold Start: false
Unique ID: fc9201d569358b14b9d537612db2c215,
Execution Time for Trace ID fc9201d569358b14b9d537612db2c215: 1385 ms
Input: 5000000,
Cold Start: false
Unique ID: bba2594c228230174d57395494cc8d0d,
Execution Time for Trace ID bba2594c228230174d57395494cc8d0d: 1455 ms
Input: 5000000,
Cold Start: false
Unique ID: 497a432b14cddb7cf2691a1c7a4cf69b,
Execution Time for Trace ID 497a432b14cddb7cf2691a1c7a4cf69b: 1346 ms
Input: 5000000,
Cold Start: false
Unique ID: 91c53587388b8b01cd1a24ec8b5f8dec,
Execution Time for Trace ID 91c53587388b8b01cd1a24ec8b5f8dec: 1408 ms
Input: 5000000,
Cold Start: false
Unique ID: d41c63a19b3c17eac0a977799f384d6b,
Execution Time for Trace ID d41c63a19b3c17eac0a977799f384d6b: 1547 ms
Input: 5000000,
Cold Start: false
Unique ID: aaafaf6fbb062415bea55589ea021d92,
Execution Time for Trace ID aaafaf6fbb062415bea55589ea021d92: 1356 ms
Input: 5000000,
Cold Start: false
Unique ID: 95fd1cdfa46a0b247b28472e009708a0,
Execution Time for Trace ID 95fd1cdfa46a0b247b28472e009708a0: 1388 ms
Input: 5000000,
Cold Start: false
Unique ID: 7732e98b66fa5fcb4ef66b382132977d,
Execution Time for Trace ID 7732e98b66fa5fcb4ef66b382132977d: 1412 ms
Input: 5000000,
Cold Start: false
Unique ID: 4195be4fe27c876454ae20f4671d906e,
Execution Time for Trace ID 4195be4fe27c876454ae20f4671d906e: 1466 ms
Input: 5000000,
Cold Start: false
Unique ID: 90aa0408cb560ccd31098f6331f79c50,
Execution Time for Trace ID 90aa0408cb560ccd31098f6331f79c50: 1500 ms
Input: 5000000,
Cold Start: false
Unique ID: 26070d9ac816f4dbdefe7d13962fdc98,
Execution Time for Trace ID 26070d9ac816f4dbdefe7d13962fdc98: 1401 ms
Input: 5000000,
Cold Start: false
Unique ID: 566357a1aff3ba11a1eacd4b9f4ec95f,
Execution Time for Trace ID 566357a1aff3ba11a1eacd4b9f4ec95f: 1358 ms
Input: 5000000,
Cold Start: false
Unique ID: e65930190742d3d9f46b5cff2e6e0e23,
Execution Time for Trace ID e65930190742d3d9f46b5cff2e6e0e23: 1349 ms
Input: 5000000,
Cold Start: false
Unique ID: 221cbf04ff0aa34a089c21c990464f22,
Execution Time for Trace ID 221cbf04ff0aa34a089c21c990464f22: 1500 ms
Input: 5000000,
Cold Start: false
Unique ID: 3f668dc65d54c75a74e150b0490f741c,
Execution Time for Trace ID 3f668dc65d54c75a74e150b0490f741c: 1473 ms
Input: 5000000,
Cold Start: false
Unique ID: 20348f0745352a379f042d78c3b66f18,
Execution Time for Trace ID 20348f0745352a379f042d78c3b66f18: 1375 ms
Input: 5000000,
Cold Start: false
Unique ID: 9559494d5ca8e9359549fe7354c922ff,
Execution Time for Trace ID 9559494d5ca8e9359549fe7354c922ff: 1452 ms
Input: 5000000,
Cold Start: false
Unique ID: 34bc2a13d3b38c169d48d44989c0902c,
Execution Time for Trace ID 34bc2a13d3b38c169d48d44989c0902c: 1447 ms
Input: 5000000,
Cold Start: false
Unique ID: 45b174cb114e69b5e2a04a799e446b3e,
Execution Time for Trace ID 45b174cb114e69b5e2a04a799e446b3e: 1933 ms
Input: 5000000,
Cold Start: false
Unique ID: 52461fdf7ad2925c4d560e2ae4891f29,
Execution Time for Trace ID 52461fdf7ad2925c4d560e2ae4891f29: 2079 ms
Input: 5000000,
Cold Start: false
Unique ID: 48e833b01976505976d95c1ba48dc4ac,
Execution Time for Trace ID 48e833b01976505976d95c1ba48dc4ac: 1388 ms
Input: 5000000,
Cold Start: false
Unique ID: 7451380dd56fd8766688208808b1b48e,
Execution Time for Trace ID 7451380dd56fd8766688208808b1b48e: 1603 ms
Input: 5000000,
Cold Start: false
Unique ID: c6a4f2a9237e1b389bb22a55f15b868b,
Execution Time for Trace ID c6a4f2a9237e1b389bb22a55f15b868b: 1616 ms
Input: 5000000,
Cold Start: false
Unique ID: 7dc2737ce737cba9c494cfa6e5ef9452,
Execution Time for Trace ID 7dc2737ce737cba9c494cfa6e5ef9452: 1835 ms
Input: 5000000,
Cold Start: false
Unique ID: 454e288ac1d952b4388db07559d00ea6,
Execution Time for Trace ID 454e288ac1d952b4388db07559d00ea6: 1441 ms
Input: 5000000,
Cold Start: false
Unique ID: 04d1072b29fd95488e68eeff625fa148,
Execution Time for Trace ID 04d1072b29fd95488e68eeff625fa148: 1360 ms
Input: 5000000,
Cold Start: false
Unique ID: 58dc6c00929c52079d728d518f200e5f,
Execution Time for Trace ID 58dc6c00929c52079d728d518f200e5f: 1459 ms
Input: 5000000,
Cold Start: false
Unique ID: 9806192bd5ed9aa9dcbc0aa77d8321f7,
Execution Time for Trace ID 9806192bd5ed9aa9dcbc0aa77d8321f7: 1468 ms
Input: 5000000,
Cold Start: false
Unique ID: 31d697bbc24c3666cbbd5de39cbb4dd6,
Execution Time for Trace ID 31d697bbc24c3666cbbd5de39cbb4dd6: 1760 ms
Input: 5000000,
Cold Start: false
Unique ID: e303372065f0550959ff949d3b97ae74,
Execution Time for Trace ID e303372065f0550959ff949d3b97ae74: 2251 ms
Input: 5000000,
Cold Start: true
Unique ID: 5072516bd19cb8b57648f22d2a416aa5,
Execution Time for Trace ID 5072516bd19cb8b57648f22d2a416aa5: 1348 ms
Input: 5000000,
Cold Start: false
Unique ID: db6c23daecf13eaba99b5ca963c68258,
Execution Time for Trace ID db6c23daecf13eaba99b5ca963c68258: 1393 ms
Input: 5000000,
Cold Start: false
Unique ID: 4095799df3f2afadfe642006e5deb79d,
Execution Time for Trace ID 4095799df3f2afadfe642006e5deb79d: 1688 ms
Input: 5000000,
Cold Start: false
Unique ID: a2991996cac7d070bc2fba2bce0dd79b,
Execution Time for Trace ID a2991996cac7d070bc2fba2bce0dd79b: 1491 ms
Input: 5000000,
Cold Start: false
Unique ID: 63dfd8dbee1ec4ff114268f3c5454b15,
Execution Time for Trace ID 63dfd8dbee1ec4ff114268f3c5454b15: 1791 ms
Input: 5000000,
Cold Start: true
Unique ID: b1ea3cae7ab4c662a7bc8abe8be08100,
Execution Time for Trace ID b1ea3cae7ab4c662a7bc8abe8be08100: 1337 ms
Input: 5000000,
Cold Start: false
Unique ID: 91fed5b9345e70f41cb9c21013093bee,
Execution Time for Trace ID 91fed5b9345e70f41cb9c21013093bee: 1660 ms
Input: 5000000,
Cold Start: false
Unique ID: cb52c97d60115dc1881432482c482f23,
Execution Time for Trace ID cb52c97d60115dc1881432482c482f23: 1354 ms
Input: 5000000,
Cold Start: false
Unique ID: 2a8c6a7557f67b0a13f4024f4c1084fe,
Execution Time for Trace ID 2a8c6a7557f67b0a13f4024f4c1084fe: 1359 ms
Input: 5000000,
Cold Start: false
Unique ID: d1b1c86f694b0c74c6f7578e0ab65565,
Execution Time for Trace ID d1b1c86f694b0c74c6f7578e0ab65565: 1715 ms
Input: 5000000,
Cold Start: false
Unique ID: 8dbeddb9018575d9ed092b32695632c0,
Execution Time for Trace ID 8dbeddb9018575d9ed092b32695632c0: 1460 ms
Input: 5000000,
Cold Start: false
Unique ID: b94d24b9c95ef17cb98b1f39b69d7f56,
Execution Time for Trace ID b94d24b9c95ef17cb98b1f39b69d7f56: 1642 ms
Input: 5000000,
Cold Start: false
Unique ID: 4cbf5b2aa2560fd7e1ded3231587b266,
Execution Time for Trace ID 4cbf5b2aa2560fd7e1ded3231587b266: 1599 ms
Input: 5000000,
Cold Start: false
Unique ID: fe0256d1d345170cb18afa415ebf19bf,
Execution Time for Trace ID fe0256d1d345170cb18afa415ebf19bf: 1705 ms
Input: 5000000,
Cold Start: false
Unique ID: ebd67ab3c1b0240b8cf7e4f883982087,
Execution Time for Trace ID ebd67ab3c1b0240b8cf7e4f883982087: 1807 ms
Input: 5000000,
Cold Start: false
Unique ID: 2e33d6732896f793845f688027ee6a92,
Execution Time for Trace ID 2e33d6732896f793845f688027ee6a92: 1415 ms
Input: 5000000,
Cold Start: false
Unique ID: 1164a785cd5004cf6944bfac974af0bf,
Execution Time for Trace ID 1164a785cd5004cf6944bfac974af0bf: 1442 ms
Input: 5000000,
Cold Start: false
Unique ID: 6099cf9df4dde3839797754b2190f5f1,
Execution Time for Trace ID 6099cf9df4dde3839797754b2190f5f1: 1340 ms
Input: 5000000,
Cold Start: false
Unique ID: 3faf7870c1aada8c39f9afcdfe2ffefe,
Execution Time for Trace ID 3faf7870c1aada8c39f9afcdfe2ffefe: 1586 ms
Input: 5000000,
Cold Start: false
Unique ID: 7706973cc8ec122131db77c9744cc15c,
Execution Time for Trace ID 7706973cc8ec122131db77c9744cc15c: 1575 ms
Input: 5000000,
Cold Start: false
Unique ID: d71f949b42c06915037ad8ad0cfac80b,
Execution Time for Trace ID d71f949b42c06915037ad8ad0cfac80b: 1418 ms
Input: 5000000,
Cold Start: false
Unique ID: 172b1a24a2eeddd45b630499fa0d8b14,
Execution Time for Trace ID 172b1a24a2eeddd45b630499fa0d8b14: 1414 ms
Input: 5000000,
Cold Start: false
Unique ID: 4fec3e4cde5e0921d415a232b8ac84d2,
Execution Time for Trace ID 4fec3e4cde5e0921d415a232b8ac84d2: 1587 ms
Input: 5000000,
Cold Start: false
Unique ID: 48562b4bb2e628e5eb45e8e8d552346b,
Execution Time for Trace ID 48562b4bb2e628e5eb45e8e8d552346b: 1632 ms
Input: 5000000,
Cold Start: false
Unique ID: e99d8afce9915736031d8ca1b1248ed1,
Execution Time for Trace ID e99d8afce9915736031d8ca1b1248ed1: 1381 ms
Input: 5000000,
Cold Start: false
Unique ID: 08df60e64bfbbcd7fcc32c47f498377b,
Execution Time for Trace ID 08df60e64bfbbcd7fcc32c47f498377b: 1535 ms
Input: 5000000,
Cold Start: false
Unique ID: 94c4413c8882167e61e423320e25af06,
Execution Time for Trace ID 94c4413c8882167e61e423320e25af06: 1554 ms
Input: 5000000,
Cold Start: false
Unique ID: 3a3d1f2e15f29d69bab321f516cd1d6e,
Execution Time for Trace ID 3a3d1f2e15f29d69bab321f516cd1d6e: 1472 ms
Input: 5000000,
Cold Start: false
Unique ID: c0c454ef600f329d70f35ba3fe911fbc,
Execution Time for Trace ID c0c454ef600f329d70f35ba3fe911fbc: 1525 ms
Input: 5000000,
Cold Start: false
Unique ID: 96887711589e8a0bb87b9991677e979c,
Execution Time for Trace ID 96887711589e8a0bb87b9991677e979c: 1561 ms
Input: 5000000,
Cold Start: false
Unique ID: 4cba749d526dc8d92e239dcda4509623,
Execution Time for Trace ID 4cba749d526dc8d92e239dcda4509623: 1383 ms
Input: 5000000,
Cold Start: false
Unique ID: 1b24290eca7acad23fbc2fa26d909a7d,
Execution Time for Trace ID 1b24290eca7acad23fbc2fa26d909a7d: 1369 ms
Input: 5000000,
Cold Start: false
Unique ID: a8b9773e724d79b2ca999bfe6a5db94a,
Execution Time for Trace ID a8b9773e724d79b2ca999bfe6a5db94a: 1579 ms
Input: 5000000,
Cold Start: false
Unique ID: 48210cff27eb7c099315c6b758bc7164,
Execution Time for Trace ID 48210cff27eb7c099315c6b758bc7164: 1726 ms
Input: 5000000,
Cold Start: false
Unique ID: 049e11be371c3b40d079370be584739c,
Execution Time for Trace ID 049e11be371c3b40d079370be584739c: 1716 ms
Input: 5000000,
Cold Start: false
