Unique ID: 3b7b64fe-83b9-4e6f-a039-7731bf1130cd,
Billed Duration for Request 3b7b64fe-83b9-4e6f-a039-7731bf1130cd: 1855 ms
Input: 5500000,
Cold Start: false
Unique ID: 4326fb67-8870-4e87-99d1-a788117e3032,
Billed Duration for Request 4326fb67-8870-4e87-99d1-a788117e3032: 1871 ms
Input: 5500000,
Cold Start: false
Unique ID: 1a6cd911-6341-4518-970f-4ca8a95bd9c0,
Billed Duration for Request 1a6cd911-6341-4518-970f-4ca8a95bd9c0: 2028 ms
Input: 5500000,
Cold Start: false
Unique ID: 5379e45a-8ffb-4f0a-92c5-988c099426e7,
Billed Duration for Request 5379e45a-8ffb-4f0a-92c5-988c099426e7: 2001 ms
Input: 5500000,
Cold Start: false
Unique ID: 37df4c04-cd98-45a9-9d34-0584f1f81b97,
Billed Duration for Request 37df4c04-cd98-45a9-9d34-0584f1f81b97: 2075 ms
Input: 5500000,
Cold Start: false
Unique ID: b431ec80-8a2e-4883-bfc0-e2cbde576995,
Billed Duration for Request b431ec80-8a2e-4883-bfc0-e2cbde576995: 2030 ms
Input: 5500000,
Cold Start: false
Unique ID: 464d8f5a-bcc0-4d32-812b-8bb06969247e,
Billed Duration for Request 464d8f5a-bcc0-4d32-812b-8bb06969247e: 2031 ms
Input: 5500000,
Cold Start: false
Unique ID: 3499f100-287b-47eb-a9bb-ee0edc03539f,
Billed Duration for Request 3499f100-287b-47eb-a9bb-ee0edc03539f: 1937 ms
Input: 5500000,
Cold Start: false
Unique ID: ac8834ee-f95b-4df0-ae8e-6b7224270678,
Billed Duration for Request ac8834ee-f95b-4df0-ae8e-6b7224270678: 2023 ms
Input: 5500000,
Cold Start: false
Unique ID: a575b7e1-befc-4038-b33f-b84ad29f35fb,
Billed Duration for Request a575b7e1-befc-4038-b33f-b84ad29f35fb: 2077 ms
Input: 5500000,
Cold Start: false
Unique ID: 6bcc068f-d2f2-4c89-8b74-d3f23fb40b9c,
Billed Duration for Request 6bcc068f-d2f2-4c89-8b74-d3f23fb40b9c: 1847 ms
Input: 5500000,
Cold Start: false
Unique ID: 28c13d1d-a2a4-4380-8c79-1d8c97ef5e6d,
Billed Duration for Request 28c13d1d-a2a4-4380-8c79-1d8c97ef5e6d: 1987 ms
Input: 5500000,
Cold Start: false
Unique ID: 5e24bfe1-caa7-4525-9e0f-25e1ca6c6517,
Billed Duration for Request 5e24bfe1-caa7-4525-9e0f-25e1ca6c6517: 2010 ms
Input: 5500000,
Cold Start: false
Unique ID: 3bafac88-ad91-4e46-8eec-8baff4ddd77f,
Billed Duration for Request 3bafac88-ad91-4e46-8eec-8baff4ddd77f: 1837 ms
Input: 5500000,
Cold Start: false
Unique ID: 2d85e8a3-7d3b-4f9a-a1e6-5a09f8231315,
Billed Duration for Request 2d85e8a3-7d3b-4f9a-a1e6-5a09f8231315: 2071 ms
Input: 5500000,
Cold Start: false
Unique ID: dab82d6d-728a-44d1-a897-68597a395e54,
Billed Duration for Request dab82d6d-728a-44d1-a897-68597a395e54: 2045 ms
Input: 5500000,
Cold Start: false
Unique ID: 5451aee8-2f1e-48ec-a230-fdd50d4566df,
Billed Duration for Request 5451aee8-2f1e-48ec-a230-fdd50d4566df: 2024 ms
Input: 5500000,
Cold Start: false
Unique ID: a4b77843-abda-4754-92b2-f1fe93de1156,
Billed Duration for Request a4b77843-abda-4754-92b2-f1fe93de1156: 2004 ms
Input: 5500000,
Cold Start: false
Unique ID: 2d264c0b-5d58-49a9-8509-c1c54940ad65,
Billed Duration for Request 2d264c0b-5d58-49a9-8509-c1c54940ad65: 1928 ms
Input: 5500000,
Cold Start: false
Unique ID: b0ad5177-ddd4-4219-9f6f-0e27ec6af4a7,
Billed Duration for Request b0ad5177-ddd4-4219-9f6f-0e27ec6af4a7: 1833 ms
Input: 5500000,
Cold Start: false
Unique ID: efd47cb1-9672-4b75-810c-fb02ff4641cd,
Billed Duration for Request efd47cb1-9672-4b75-810c-fb02ff4641cd: 2032 ms
Input: 5500000,
Cold Start: false
Unique ID: 046ffcc6-5a44-43ee-b1eb-497ec0471e5d,
Billed Duration for Request 046ffcc6-5a44-43ee-b1eb-497ec0471e5d: 2024 ms
Input: 5500000,
Cold Start: false
Unique ID: 5aef7f75-e5a7-4a61-978f-ed4ba2015c9d,
Billed Duration for Request 5aef7f75-e5a7-4a61-978f-ed4ba2015c9d: 1822 ms
Input: 5500000,
Cold Start: false
Unique ID: dcaa844e-7b92-4152-ae35-8100d4ca4a90,
Billed Duration for Request dcaa844e-7b92-4152-ae35-8100d4ca4a90: 2002 ms
Input: 5500000,
Cold Start: false
Unique ID: 3ac7c1ae-74f3-4428-a78e-914dd149ac9a,
Billed Duration for Request 3ac7c1ae-74f3-4428-a78e-914dd149ac9a: 2016 ms
Input: 5500000,
Cold Start: false
Unique ID: 631d8c90-f70b-4767-9a52-fa4f152ba86a,
Billed Duration for Request 631d8c90-f70b-4767-9a52-fa4f152ba86a: 2093 ms
Input: 5500000,
Cold Start: false
Unique ID: ddc4670f-b981-42cc-b695-0627e0e22f99,
Billed Duration for Request ddc4670f-b981-42cc-b695-0627e0e22f99: 1839 ms
Input: 5500000,
Cold Start: false
Unique ID: 4a993966-7463-4c5b-beb0-bb90c9d66882,
Billed Duration for Request 4a993966-7463-4c5b-beb0-bb90c9d66882: 1961 ms
Input: 5500000,
Cold Start: false
Unique ID: a8c48be7-ef74-4dc5-8898-8ca3747f7fb8,
Billed Duration for Request a8c48be7-ef74-4dc5-8898-8ca3747f7fb8: 2039 ms
Input: 5500000,
Cold Start: false
Unique ID: 226f1f84-208b-46cd-ad3e-63b9ecfc6a39,
Billed Duration for Request 226f1f84-208b-46cd-ad3e-63b9ecfc6a39: 1999 ms
Input: 5500000,
Cold Start: false
Unique ID: 55ea9b04-4c27-42e3-b929-d0da87884a1d,
Billed Duration for Request 55ea9b04-4c27-42e3-b929-d0da87884a1d: 2010 ms
Input: 5500000,
Cold Start: false
Unique ID: 9c4e53c9-965c-41ae-aac8-12d315760388,
Billed Duration for Request 9c4e53c9-965c-41ae-aac8-12d315760388: 1828 ms
Input: 5500000,
Cold Start: false
Unique ID: 3a17a02a-917c-4eff-841a-f9597858dd6e,
Billed Duration for Request 3a17a02a-917c-4eff-841a-f9597858dd6e: 2027 ms
Input: 5500000,
Cold Start: false
Unique ID: 17cedce3-9422-498f-b15c-38b68b49bb8e,
Billed Duration for Request 17cedce3-9422-498f-b15c-38b68b49bb8e: 1974 ms
Input: 5500000,
Cold Start: false
Unique ID: cd9f6900-be82-48d0-b8df-b95b3394effc,
Billed Duration for Request cd9f6900-be82-48d0-b8df-b95b3394effc: 1814 ms
Input: 5500000,
Cold Start: false
Unique ID: 4197ea05-8593-438c-8b36-75b55f02f8f0,
Billed Duration for Request 4197ea05-8593-438c-8b36-75b55f02f8f0: 1920 ms
Input: 5500000,
Cold Start: false
Unique ID: 934f9b43-caf3-4f50-9137-08ec1fb2e8b8,
Billed Duration for Request 934f9b43-caf3-4f50-9137-08ec1fb2e8b8: 2064 ms
Input: 5500000,
Cold Start: false
Unique ID: f98fe6b5-dffd-4d39-a42a-0467f47833e3,
Billed Duration for Request f98fe6b5-dffd-4d39-a42a-0467f47833e3: 2016 ms
Input: 5500000,
Cold Start: false
Unique ID: 156901b5-91bc-4e6c-987b-94bc17a2b7da,
Billed Duration for Request 156901b5-91bc-4e6c-987b-94bc17a2b7da: 2037 ms
Input: 5500000,
Cold Start: false
Unique ID: d60ba9ec-ed97-47a2-9733-9e09612142ff,
Billed Duration for Request d60ba9ec-ed97-47a2-9733-9e09612142ff: 1818 ms
Input: 5500000,
Cold Start: false
Unique ID: ade58463-596d-46cc-bb60-0545bcf2726e,
Billed Duration for Request ade58463-596d-46cc-bb60-0545bcf2726e: 1991 ms
Input: 5500000,
Cold Start: false
Unique ID: 55758b10-2596-44d7-abca-bf16e8937df6,
Billed Duration for Request 55758b10-2596-44d7-abca-bf16e8937df6: 1990 ms
Input: 5500000,
Cold Start: false
Unique ID: bc0ca76e-0742-448b-99ce-7f634c3acd0d,
Billed Duration for Request bc0ca76e-0742-448b-99ce-7f634c3acd0d: 2009 ms
Input: 5500000,
Cold Start: false
Unique ID: 924996ed-1ae3-4ec3-be66-341f1dcf9e37,
Billed Duration for Request 924996ed-1ae3-4ec3-be66-341f1dcf9e37: 2006 ms
Input: 5500000,
Cold Start: false
Unique ID: 90f88200-9a0d-4d54-9368-ebbbf740adfb,
Billed Duration for Request 90f88200-9a0d-4d54-9368-ebbbf740adfb: 1848 ms
Input: 5500000,
Cold Start: false
Unique ID: 75ef3c45-a815-48b7-8d1a-70d8ecedcf41,
Billed Duration for Request 75ef3c45-a815-48b7-8d1a-70d8ecedcf41: 1955 ms
Input: 5500000,
Cold Start: false
Unique ID: 89cb6ff9-2ffb-4654-9014-98f33d891d28,
Billed Duration for Request 89cb6ff9-2ffb-4654-9014-98f33d891d28: 2026 ms
Input: 5500000,
Cold Start: false
Unique ID: 63b7e2ee-fac5-47d1-af64-4f9b20fc1b8c,
Billed Duration for Request 63b7e2ee-fac5-47d1-af64-4f9b20fc1b8c: 2140 ms
Input: 5500000,
Cold Start: false
Unique ID: 835ca945-8c47-4aa8-91e4-c9392fc1856a,
Billed Duration for Request 835ca945-8c47-4aa8-91e4-c9392fc1856a: 1823 ms
Input: 5500000,
Cold Start: false
Unique ID: 365755fa-8995-4572-84da-e4dbb1d7c890,
Billed Duration for Request 365755fa-8995-4572-84da-e4dbb1d7c890: 2033 ms
Input: 5500000,
Cold Start: false
Unique ID: b8ef347a-0d10-437d-953f-1cb4d3037010,
Billed Duration for Request b8ef347a-0d10-437d-953f-1cb4d3037010: 1973 ms
Input: 5500000,
Cold Start: false
Unique ID: 7b7ebaff-61b4-44c5-a63c-4b585f7dc94c,
Billed Duration for Request 7b7ebaff-61b4-44c5-a63c-4b585f7dc94c: 1978 ms
Input: 5500000,
Cold Start: false
Unique ID: 7028bb10-6cd3-4a67-aca3-a6bad50984a2,
Billed Duration for Request 7028bb10-6cd3-4a67-aca3-a6bad50984a2: 2055 ms
Input: 5500000,
Cold Start: false
Unique ID: 8441ba4f-980b-478e-bef3-a0ae59f74140,
Billed Duration for Request 8441ba4f-980b-478e-bef3-a0ae59f74140: 1997 ms
Input: 5500000,
Cold Start: false
Unique ID: 2ec26e11-14d5-4bf9-86ab-d8ac273bd27b,
Billed Duration for Request 2ec26e11-14d5-4bf9-86ab-d8ac273bd27b: 2038 ms
Input: 5500000,
Cold Start: false
Unique ID: e43c5894-2eb2-4794-8376-1f150508cba2,
Billed Duration for Request e43c5894-2eb2-4794-8376-1f150508cba2: 1891 ms
Input: 5500000,
Cold Start: false
Unique ID: 8e3aa70b-9f71-4c93-9942-b399a1653801,
Billed Duration for Request 8e3aa70b-9f71-4c93-9942-b399a1653801: 1887 ms
Input: 5500000,
Cold Start: false
Unique ID: cca6360f-96eb-4823-bab1-199509b37f24,
Billed Duration for Request cca6360f-96eb-4823-bab1-199509b37f24: 1852 ms
Input: 5500000,
Cold Start: false
Unique ID: 616b63da-4231-4c8e-8a0a-dfcc3a3e5db9,
Billed Duration for Request 616b63da-4231-4c8e-8a0a-dfcc3a3e5db9: 2061 ms
Input: 5500000,
Cold Start: false
Unique ID: 0610eb4a-0ea7-4c01-8690-d834b3312fa3,
Billed Duration for Request 0610eb4a-0ea7-4c01-8690-d834b3312fa3: 2037 ms
Input: 5500000,
Cold Start: false
Unique ID: 28d4105f-07d6-4197-bc60-998b5a0c8133,
Billed Duration for Request 28d4105f-07d6-4197-bc60-998b5a0c8133: 1990 ms
Input: 5500000,
Cold Start: false
Unique ID: 5f620878-b49d-4c59-93f2-01b17302d23d,
Billed Duration for Request 5f620878-b49d-4c59-93f2-01b17302d23d: 1991 ms
Input: 5500000,
Cold Start: false
Unique ID: bbc9ae7c-fe08-4da9-a536-694585343fc1,
Billed Duration for Request bbc9ae7c-fe08-4da9-a536-694585343fc1: 2059 ms
Input: 5500000,
Cold Start: false
Unique ID: 00f7aae5-318d-4825-83b6-3a7897d685a8,
Billed Duration for Request 00f7aae5-318d-4825-83b6-3a7897d685a8: 1991 ms
Input: 5500000,
Cold Start: false
Unique ID: 4643df2f-6956-42ff-bfd5-92b8cbf2a62c,
Billed Duration for Request 4643df2f-6956-42ff-bfd5-92b8cbf2a62c: 1908 ms
Input: 5500000,
Cold Start: false
Unique ID: 29cdcee6-0197-4ff4-9e9e-92b739c77896,
Billed Duration for Request 29cdcee6-0197-4ff4-9e9e-92b739c77896: 2008 ms
Input: 5500000,
Cold Start: false
Unique ID: 24a735a2-442c-4986-8363-48d677e02679,
Billed Duration for Request 24a735a2-442c-4986-8363-48d677e02679: 1829 ms
Input: 5500000,
Cold Start: false
Unique ID: 4156172a-a586-4db9-9dea-8b02f11492be,
Billed Duration for Request 4156172a-a586-4db9-9dea-8b02f11492be: 1909 ms
Input: 5500000,
Cold Start: false
Unique ID: 478f6dc7-8fe5-4097-a612-9cc1e47d73e7,
Billed Duration for Request 478f6dc7-8fe5-4097-a612-9cc1e47d73e7: 2077 ms
Input: 5500000,
Cold Start: false
Unique ID: 052d9cb2-24de-4866-b202-59a1a74edee6,
Billed Duration for Request 052d9cb2-24de-4866-b202-59a1a74edee6: 2057 ms
Input: 5500000,
Cold Start: false
Unique ID: c6ee7810-31b7-4bf9-b096-d0fce87c694d,
Billed Duration for Request c6ee7810-31b7-4bf9-b096-d0fce87c694d: 1975 ms
Input: 5500000,
Cold Start: false
Unique ID: f00d3fb8-0ea4-40d3-b0dd-b35c93e97a91,
Billed Duration for Request f00d3fb8-0ea4-40d3-b0dd-b35c93e97a91: 1908 ms
Input: 5500000,
Cold Start: false
Unique ID: 4d2947e6-2b6c-45a1-b6ab-d7d91b3d0106,
Billed Duration for Request 4d2947e6-2b6c-45a1-b6ab-d7d91b3d0106: 2013 ms
Input: 5500000,
Cold Start: false
Unique ID: 30dad55f-2211-40df-9b37-f44252b3ecc3,
Billed Duration for Request 30dad55f-2211-40df-9b37-f44252b3ecc3: 1995 ms
Input: 5500000,
Cold Start: false
Unique ID: 8d2fb51d-4437-4a6a-ac20-b44c49feb9a5,
Billed Duration for Request 8d2fb51d-4437-4a6a-ac20-b44c49feb9a5: 1990 ms
Input: 5500000,
Cold Start: false
Unique ID: bc90f119-4481-4e9d-aa7c-cadfe236cbea,
Billed Duration for Request bc90f119-4481-4e9d-aa7c-cadfe236cbea: 1838 ms
Input: 5500000,
Cold Start: false
Unique ID: 8dc3bb0d-3b1e-48a3-9960-5fab82b9c5ea,
Billed Duration for Request 8dc3bb0d-3b1e-48a3-9960-5fab82b9c5ea: 1828 ms
Input: 5500000,
Cold Start: false
Unique ID: c0be6801-7016-4d17-a425-eaa580181083,
Billed Duration for Request c0be6801-7016-4d17-a425-eaa580181083: 2027 ms
Input: 5500000,
Cold Start: false
Unique ID: 5c899341-5d21-4a1f-8f7a-490670d413eb,
Billed Duration for Request 5c899341-5d21-4a1f-8f7a-490670d413eb: 1906 ms
Input: 5500000,
Cold Start: false
Unique ID: 5aa36378-6a04-4963-b538-f5b986db7fe5,
Billed Duration for Request 5aa36378-6a04-4963-b538-f5b986db7fe5: 1974 ms
Input: 5500000,
Cold Start: false
Unique ID: 1df701e0-1be7-459b-976f-ec146eeb4663,
Billed Duration for Request 1df701e0-1be7-459b-976f-ec146eeb4663: 2028 ms
Input: 5500000,
Cold Start: false
Unique ID: 7d79d9a2-bee4-4257-93e5-518a1df12988,
Billed Duration for Request 7d79d9a2-bee4-4257-93e5-518a1df12988: 2027 ms
Input: 5500000,
Cold Start: false
Unique ID: 806da13e-c23c-483b-818c-9af5fc20133f,
Billed Duration for Request 806da13e-c23c-483b-818c-9af5fc20133f: 2025 ms
Input: 5500000,
Cold Start: false
Unique ID: cd173afe-7d50-4879-ba0f-8a3199c782a1,
Billed Duration for Request cd173afe-7d50-4879-ba0f-8a3199c782a1: 1810 ms
Input: 5500000,
Cold Start: false
Unique ID: bf07a55f-58ec-4b69-90c2-84d40df47cff,
Billed Duration for Request bf07a55f-58ec-4b69-90c2-84d40df47cff: 1818 ms
Input: 5500000,
Cold Start: false
Unique ID: ceacff55-71e6-46ed-9c5c-f83ad5b64223,
Billed Duration for Request ceacff55-71e6-46ed-9c5c-f83ad5b64223: 1989 ms
Input: 5500000,
Cold Start: false
Unique ID: 3d19630c-d395-40d3-b04c-3336e4519145,
Billed Duration for Request 3d19630c-d395-40d3-b04c-3336e4519145: 2004 ms
Input: 5500000,
Cold Start: false
Unique ID: 58a5fa57-ce1e-4819-961f-313e3ccad646,
Billed Duration for Request 58a5fa57-ce1e-4819-961f-313e3ccad646: 2073 ms
Input: 5500000,
Cold Start: false
Unique ID: 48c5a7d3-132c-486a-a2db-c38e23544a85,
Billed Duration for Request 48c5a7d3-132c-486a-a2db-c38e23544a85: 2085 ms
Input: 5500000,
Cold Start: false
Unique ID: 076e8ee2-c541-44bd-94e4-6e380893c8c8,
Billed Duration for Request 076e8ee2-c541-44bd-94e4-6e380893c8c8: 2020 ms
Input: 5500000,
Cold Start: false
Unique ID: c0a6aaf3-2ac3-431a-b426-8d7898ebc108,
Billed Duration for Request c0a6aaf3-2ac3-431a-b426-8d7898ebc108: 1831 ms
Input: 5500000,
Cold Start: false
Unique ID: 5924ae65-fb31-4779-9424-1f33df6299a4,
Billed Duration for Request 5924ae65-fb31-4779-9424-1f33df6299a4: 1870 ms
Input: 5500000,
Cold Start: false
Unique ID: 105ed442-e678-41c9-967d-aa48398c1106,
Billed Duration for Request 105ed442-e678-41c9-967d-aa48398c1106: 2008 ms
Input: 5500000,
Cold Start: false
Unique ID: f7da36d4-b4fa-42c7-9fd1-b480c00902cb,
Billed Duration for Request f7da36d4-b4fa-42c7-9fd1-b480c00902cb: 1995 ms
Input: 5500000,
Cold Start: false
Unique ID: 07d7ac86-b311-4e59-ba1e-0e8786ed67d5,
Billed Duration for Request 07d7ac86-b311-4e59-ba1e-0e8786ed67d5: 2046 ms
Input: 5500000,
Cold Start: false
Unique ID: 99391bde-f2ba-41bf-b8e4-8741285d06b1,
Billed Duration for Request 99391bde-f2ba-41bf-b8e4-8741285d06b1: 1978 ms
Input: 5500000,
Cold Start: false
Unique ID: bf893796-9d78-425e-bfa1-d65d397dc975,
Billed Duration for Request bf893796-9d78-425e-bfa1-d65d397dc975: 2029 ms
Input: 5500000,
Cold Start: false
Unique ID: 84116d39-9d51-4436-b75c-2c7a23ac2291,
Billed Duration for Request 84116d39-9d51-4436-b75c-2c7a23ac2291: 1911 ms
Input: 5500000,
Cold Start: false
Unique ID: 44de1db7-fe8b-46be-8f31-911d93594cb0,
Billed Duration for Request 44de1db7-fe8b-46be-8f31-911d93594cb0: 2004 ms
Input: 5500000,
Cold Start: false
Unique ID: e3066c9f-0604-44bc-9ca6-b233a45c949e,
Billed Duration for Request e3066c9f-0604-44bc-9ca6-b233a45c949e: 2020 ms
Input: 5500000,
Cold Start: false
Unique ID: ed394718-8eac-4399-b23d-1bcf7b9e74a3,
Billed Duration for Request ed394718-8eac-4399-b23d-1bcf7b9e74a3: 1856 ms
Input: 5500000,
Cold Start: false
Unique ID: a4f7206d-35cb-4f01-a620-26e4e19f0c1e,
Billed Duration for Request a4f7206d-35cb-4f01-a620-26e4e19f0c1e: 1866 ms
Input: 5500000,
Cold Start: false
Unique ID: 37e2de09-dced-4b00-be8d-0961235d3f42,
Billed Duration for Request 37e2de09-dced-4b00-be8d-0961235d3f42: 2002 ms
Input: 5500000,
Cold Start: false
Unique ID: 63f96068-5991-40be-a8d1-e2008fffe79f,
Billed Duration for Request 63f96068-5991-40be-a8d1-e2008fffe79f: 2077 ms
Input: 5500000,
Cold Start: false
Unique ID: 53efdfca-7f76-46e7-894f-c2f052b20c5e,
Billed Duration for Request 53efdfca-7f76-46e7-894f-c2f052b20c5e: 2036 ms
Input: 5500000,
Cold Start: false
Unique ID: b955abbd-3baf-4742-8ff5-4e641bcf97bf,
Billed Duration for Request b955abbd-3baf-4742-8ff5-4e641bcf97bf: 1877 ms
Input: 5500000,
Cold Start: false
Unique ID: c71b4fb9-c478-4863-94af-2a9347d1466d,
Billed Duration for Request c71b4fb9-c478-4863-94af-2a9347d1466d: 2008 ms
Input: 5500000,
Cold Start: false
Unique ID: 6feee4fd-5690-4ea8-8eac-c9451db0258d,
Billed Duration for Request 6feee4fd-5690-4ea8-8eac-c9451db0258d: 2011 ms
Input: 5500000,
Cold Start: false
Unique ID: 702d3e6e-804f-4833-b535-9e8246c09d78,
Billed Duration for Request 702d3e6e-804f-4833-b535-9e8246c09d78: 1826 ms
Input: 5500000,
Cold Start: false
Unique ID: a09c0ade-0bff-4a95-961f-7d114a8afe20,
Billed Duration for Request a09c0ade-0bff-4a95-961f-7d114a8afe20: 1816 ms
Input: 5500000,
Cold Start: false
Unique ID: 5ecf62e8-a0ab-41ff-af40-fed1eb5d1554,
Billed Duration for Request 5ecf62e8-a0ab-41ff-af40-fed1eb5d1554: 1991 ms
Input: 5500000,
Cold Start: false
Unique ID: ccdfb6aa-61ee-4170-aad0-8d6478df7d54,
Billed Duration for Request ccdfb6aa-61ee-4170-aad0-8d6478df7d54: 2113 ms
Input: 5500000,
Cold Start: false
Unique ID: 2459aa29-a2c9-42b8-93f9-51c7dcb365e5,
Billed Duration for Request 2459aa29-a2c9-42b8-93f9-51c7dcb365e5: 2014 ms
Input: 5500000,
Cold Start: false
Unique ID: 002dade5-953d-4133-9ad8-2d28be7e6052,
Billed Duration for Request 002dade5-953d-4133-9ad8-2d28be7e6052: 1922 ms
Input: 5500000,
Cold Start: false
Unique ID: 58fad7c3-3ab7-478f-bd57-1674fe2ca228,
Billed Duration for Request 58fad7c3-3ab7-478f-bd57-1674fe2ca228: 2005 ms
Input: 5500000,
Cold Start: false
Unique ID: d6656e3b-1726-480c-be41-9000d62d0a21,
Billed Duration for Request d6656e3b-1726-480c-be41-9000d62d0a21: 1988 ms
Input: 5500000,
Cold Start: false
Unique ID: c04373f2-9565-4724-bc70-5e60ce124e6a,
Billed Duration for Request c04373f2-9565-4724-bc70-5e60ce124e6a: 2034 ms
Input: 5500000,
Cold Start: false
Unique ID: f44cd1d1-6a66-4986-9bde-e3ab85fd0617,
Billed Duration for Request f44cd1d1-6a66-4986-9bde-e3ab85fd0617: 2006 ms
Input: 5500000,
Cold Start: false
Unique ID: 32c40055-fade-45a1-b524-176956ad44d8,
Billed Duration for Request 32c40055-fade-45a1-b524-176956ad44d8: 1828 ms
Input: 5500000,
Cold Start: false
Unique ID: c6a74b50-b1ba-4cf8-b7ca-3f7f5ba0d785,
Billed Duration for Request c6a74b50-b1ba-4cf8-b7ca-3f7f5ba0d785: 1818 ms
Input: 5500000,
Cold Start: false
Unique ID: ba1d1c67-dc3d-4b6b-b565-99e8d6810dd7,
Billed Duration for Request ba1d1c67-dc3d-4b6b-b565-99e8d6810dd7: 2007 ms
Input: 5500000,
Cold Start: false
Unique ID: d4c3500b-e6d5-4e07-b855-83adc1d83b8e,
Billed Duration for Request d4c3500b-e6d5-4e07-b855-83adc1d83b8e: 1900 ms
Input: 5500000,
Cold Start: false
Unique ID: 9aadf799-0041-4350-8c36-e600b876668f,
Billed Duration for Request 9aadf799-0041-4350-8c36-e600b876668f: 2017 ms
Input: 5500000,
Cold Start: false
Unique ID: bef43363-f962-4453-ab1e-cf81f80e2b8b,
Billed Duration for Request bef43363-f962-4453-ab1e-cf81f80e2b8b: 2005 ms
Input: 5500000,
Cold Start: false
Unique ID: f9a70d6f-64cd-44c8-8d6f-cbe10c7d6668,
Billed Duration for Request f9a70d6f-64cd-44c8-8d6f-cbe10c7d6668: 2057 ms
Input: 5500000,
Cold Start: false
Unique ID: dbc9f40e-4de2-408b-9f7f-9bd19b93a5e0,
Billed Duration for Request dbc9f40e-4de2-408b-9f7f-9bd19b93a5e0: 1822 ms
Input: 5500000,
Cold Start: false
Unique ID: c412bddf-3903-4c72-91b5-1427977d63bf,
Billed Duration for Request c412bddf-3903-4c72-91b5-1427977d63bf: 1854 ms
Input: 5500000,
Cold Start: false
Unique ID: 823963b5-6f33-47f7-a651-be2511873a3c,
Billed Duration for Request 823963b5-6f33-47f7-a651-be2511873a3c: 2027 ms
Input: 5500000,
Cold Start: false
Unique ID: cd142095-12c5-4728-8460-5fb7d06c9003,
Billed Duration for Request cd142095-12c5-4728-8460-5fb7d06c9003: 2021 ms
Input: 5500000,
Cold Start: false
Unique ID: ad5630b1-5339-4462-88d0-f89557a9dac5,
Billed Duration for Request ad5630b1-5339-4462-88d0-f89557a9dac5: 2050 ms
Input: 5500000,
Cold Start: false
Unique ID: 79023f3c-e80f-40d7-9f31-a2f211e7c558,
Billed Duration for Request 79023f3c-e80f-40d7-9f31-a2f211e7c558: 1887 ms
Input: 5500000,
Cold Start: false
Unique ID: a0fff30a-fa68-4e43-826b-96b44e8abc1e,
Billed Duration for Request a0fff30a-fa68-4e43-826b-96b44e8abc1e: 2009 ms
Input: 5500000,
Cold Start: false
Unique ID: f5945888-4753-4603-88fa-bcfe3e2a508b,
Billed Duration for Request f5945888-4753-4603-88fa-bcfe3e2a508b: 1985 ms
Input: 5500000,
Cold Start: false
Unique ID: 07207d28-3257-4f58-90cf-d764955985ba,
Billed Duration for Request 07207d28-3257-4f58-90cf-d764955985ba: 2022 ms
Input: 5500000,
Cold Start: false
Unique ID: 5ab25153-7907-481e-babd-d3102ecc9f89,
Billed Duration for Request 5ab25153-7907-481e-babd-d3102ecc9f89: 2064 ms
Input: 5500000,
Cold Start: false
Unique ID: e9dbf6aa-9c39-406d-b396-58c67cf93cf5,
Billed Duration for Request e9dbf6aa-9c39-406d-b396-58c67cf93cf5: 1859 ms
Input: 5500000,
Cold Start: false
Unique ID: 1da4607a-0693-4599-8c70-cb1330ab6ff6,
Billed Duration for Request 1da4607a-0693-4599-8c70-cb1330ab6ff6: 1813 ms
Input: 5500000,
Cold Start: false
Unique ID: 2573b40c-1526-48aa-a7bf-d54b685e6f9e,
Billed Duration for Request 2573b40c-1526-48aa-a7bf-d54b685e6f9e: 2011 ms
Input: 5500000,
Cold Start: false
Unique ID: f3380901-aae1-4fc4-a3bc-25aeffed4eab,
Billed Duration for Request f3380901-aae1-4fc4-a3bc-25aeffed4eab: 2032 ms
Input: 5500000,
Cold Start: false
Unique ID: fb6c17be-acae-46d2-a27e-03cf04f9f7fc,
Billed Duration for Request fb6c17be-acae-46d2-a27e-03cf04f9f7fc: 2008 ms
Input: 5500000,
Cold Start: false
Unique ID: faa6b2ad-0ead-4d38-bb2f-b3c446a0a72a,
Billed Duration for Request faa6b2ad-0ead-4d38-bb2f-b3c446a0a72a: 1895 ms
Input: 5500000,
Cold Start: false
Unique ID: 1a54826d-a066-4f88-b67c-fc6cff5db9f0,
Billed Duration for Request 1a54826d-a066-4f88-b67c-fc6cff5db9f0: 2023 ms
Input: 5500000,
Cold Start: false
Unique ID: ebbc3054-b8d1-40bb-b2ff-8336a71eb7b4,
Billed Duration for Request ebbc3054-b8d1-40bb-b2ff-8336a71eb7b4: 2025 ms
Input: 5500000,
Cold Start: false
Unique ID: f509ff44-1032-4a23-a9d2-458d5a56602d,
Billed Duration for Request f509ff44-1032-4a23-a9d2-458d5a56602d: 2007 ms
Input: 5500000,
Cold Start: false
Unique ID: 1d14dcff-b8c8-4b0d-a220-be89cca2e4dc,
Billed Duration for Request 1d14dcff-b8c8-4b0d-a220-be89cca2e4dc: 2081 ms
Input: 5500000,
Cold Start: false
Unique ID: 2da54e09-60bc-49c7-95b5-7f196ed4dd6f,
Billed Duration for Request 2da54e09-60bc-49c7-95b5-7f196ed4dd6f: 1812 ms
Input: 5500000,
Cold Start: false
Unique ID: ddaebcb7-ce82-4c5d-9186-0ccb4ef70f7e,
Billed Duration for Request ddaebcb7-ce82-4c5d-9186-0ccb4ef70f7e: 1844 ms
Input: 5500000,
Cold Start: false
Unique ID: 8f85194e-7699-4ac4-bb76-4ffeec385a5d,
Billed Duration for Request 8f85194e-7699-4ac4-bb76-4ffeec385a5d: 2035 ms
Input: 5500000,
Cold Start: false
Unique ID: c97ef60f-fb0b-4307-9862-aa2998e7c586,
Billed Duration for Request c97ef60f-fb0b-4307-9862-aa2998e7c586: 2006 ms
Input: 5500000,
Cold Start: false
Unique ID: 085c6fa8-ca27-4417-831a-e6777c15a96f,
Billed Duration for Request 085c6fa8-ca27-4417-831a-e6777c15a96f: 1987 ms
Input: 5500000,
Cold Start: false
Unique ID: 92ff0867-9c8f-402b-98f1-09426b93b55b,
Billed Duration for Request 92ff0867-9c8f-402b-98f1-09426b93b55b: 1886 ms
Input: 5500000,
Cold Start: false
Unique ID: 351a387b-7090-430f-a5f4-11c259b72470,
Billed Duration for Request 351a387b-7090-430f-a5f4-11c259b72470: 1997 ms
Input: 5500000,
Cold Start: false
Unique ID: 7c11971f-593b-4cef-8379-63868d88808d,
Billed Duration for Request 7c11971f-593b-4cef-8379-63868d88808d: 1851 ms
Input: 5500000,
Cold Start: false
Unique ID: dc18526d-a08f-4649-ae57-743f6f0bed2e,
Billed Duration for Request dc18526d-a08f-4649-ae57-743f6f0bed2e: 1840 ms
Input: 5500000,
Cold Start: false
Unique ID: 596a3e50-6226-4b15-aabd-c1b88fe7e987,
Billed Duration for Request 596a3e50-6226-4b15-aabd-c1b88fe7e987: 2069 ms
Input: 5500000,
Cold Start: false
Unique ID: 4caa5588-9a99-44e6-aa45-8081707df83e,
Billed Duration for Request 4caa5588-9a99-44e6-aa45-8081707df83e: 2015 ms
Input: 5500000,
Cold Start: false
Unique ID: c1eb1468-2b06-4363-873f-6513f0c11ba7,
Billed Duration for Request c1eb1468-2b06-4363-873f-6513f0c11ba7: 2012 ms
Input: 5500000,
Cold Start: false
Unique ID: 74b3ebd6-9b65-4d4f-8799-a4138fe676a5,
Billed Duration for Request 74b3ebd6-9b65-4d4f-8799-a4138fe676a5: 1903 ms
Input: 5500000,
Cold Start: false
Unique ID: 4cbf7c80-3c72-474c-9b5d-4b4df574ca8d,
Billed Duration for Request 4cbf7c80-3c72-474c-9b5d-4b4df574ca8d: 2003 ms
Input: 5500000,
Cold Start: false
Unique ID: 3f7cb86f-71a9-4b60-b2bf-db399e16f3ea,
Billed Duration for Request 3f7cb86f-71a9-4b60-b2bf-db399e16f3ea: 2025 ms
Input: 5500000,
Cold Start: false
Unique ID: 9d95ce71-09a8-42c4-8cf8-b8fb7bd69fca,
Billed Duration for Request 9d95ce71-09a8-42c4-8cf8-b8fb7bd69fca: 2031 ms
Input: 5500000,
Cold Start: false
Unique ID: 28710e59-ee01-4eff-bfc1-42b542ab11e2,
Billed Duration for Request 28710e59-ee01-4eff-bfc1-42b542ab11e2: 1823 ms
Input: 5500000,
Cold Start: false
Unique ID: d2dccdf4-d6fc-4766-aa0c-fa0978484972,
Billed Duration for Request d2dccdf4-d6fc-4766-aa0c-fa0978484972: 2079 ms
Input: 5500000,
Cold Start: false
Unique ID: ce80f292-a81c-44b5-bba0-0d008dc6550e,
Billed Duration for Request ce80f292-a81c-44b5-bba0-0d008dc6550e: 1851 ms
Input: 5500000,
Cold Start: false
Unique ID: 90a570b1-6263-4bf8-afc8-83b2aa99977f,
Billed Duration for Request 90a570b1-6263-4bf8-afc8-83b2aa99977f: 2008 ms
Input: 5500000,
Cold Start: false
Unique ID: 9fded876-546f-4757-b2be-a5f143d2e893,
Billed Duration for Request 9fded876-546f-4757-b2be-a5f143d2e893: 2036 ms
Input: 5500000,
Cold Start: false
Unique ID: a376dc6a-f29a-4b01-80c8-d144f0c53389,
Billed Duration for Request a376dc6a-f29a-4b01-80c8-d144f0c53389: 1906 ms
Input: 5500000,
Cold Start: false
Unique ID: b2267a61-cc4f-45e6-b68a-524cfbe6cf20,
Billed Duration for Request b2267a61-cc4f-45e6-b68a-524cfbe6cf20: 1969 ms
Input: 5500000,
Cold Start: false
Unique ID: cf94961c-5482-4f6f-adb0-ef3ebbdf8f01,
Billed Duration for Request cf94961c-5482-4f6f-adb0-ef3ebbdf8f01: 1993 ms
Input: 5500000,
Cold Start: false
Unique ID: 881a7eaa-c7a5-4df5-8023-c815a67509a1,
Billed Duration for Request 881a7eaa-c7a5-4df5-8023-c815a67509a1: 2014 ms
Input: 5500000,
Cold Start: false
Unique ID: d36d4704-f3f3-44e9-8d02-cbb280367b44,
Billed Duration for Request d36d4704-f3f3-44e9-8d02-cbb280367b44: 2044 ms
Input: 5500000,
Cold Start: false
Unique ID: 67cd820c-fc19-49a3-bc75-52e565b6f806,
Billed Duration for Request 67cd820c-fc19-49a3-bc75-52e565b6f806: 1809 ms
Input: 5500000,
Cold Start: false
Unique ID: fbd50637-c648-462d-9b19-a3b0c86c6af3,
Billed Duration for Request fbd50637-c648-462d-9b19-a3b0c86c6af3: 1997 ms
Input: 5500000,
Cold Start: false
