Unique ID: 95fc192a2128685d3d1862aa887a8f72,
Execution Time for Trace ID 95fc192a2128685d3d1862aa887a8f72: 190 ms
Input: 5250000,
Cold Start: false
Unique ID: ed3b12924ecf2d6a6c7a86931af319c9,
Execution Time for Trace ID ed3b12924ecf2d6a6c7a86931af319c9: 391 ms
Input: 5250000,
Cold Start: false
Unique ID: 67c831c03de1432ddd99406517bc16e2,
Execution Time for Trace ID 67c831c03de1432ddd99406517bc16e2: 436 ms
Input: 5250000,
Cold Start: false
Unique ID: 987c8084089af7168c57c0e87c5d1eae,
Execution Time for Trace ID 987c8084089af7168c57c0e87c5d1eae: 405 ms
Input: 5250000,
Cold Start: false
Unique ID: 1c294dcfc65eeb044760f62a164b7278,
Execution Time for Trace ID 1c294dcfc65eeb044760f62a164b7278: 353 ms
Input: 5250000,
Cold Start: false
Unique ID: d598218dd500046d64f844dd66db9414,
Execution Time for Trace ID d598218dd500046d64f844dd66db9414: 418 ms
Input: 5250000,
Cold Start: false
Unique ID: c5db9ed5e4ed402db8e407c0354a5810,
Execution Time for Trace ID c5db9ed5e4ed402db8e407c0354a5810: 351 ms
Input: 5250000,
Cold Start: false
Unique ID: 5c64fb92a21cf9c0d3f96688f0e9410e,
Execution Time for Trace ID 5c64fb92a21cf9c0d3f96688f0e9410e: 400 ms
Input: 5250000,
Cold Start: false
Unique ID: 4761a83a0a050125d77140ac50287d56,
Execution Time for Trace ID 4761a83a0a050125d77140ac50287d56: 410 ms
Input: 5250000,
Cold Start: false
Unique ID: 08e5ad4104c6168a65fa0f2b404428eb,
Execution Time for Trace ID 08e5ad4104c6168a65fa0f2b404428eb: 377 ms
Input: 5250000,
Cold Start: false
Unique ID: 72f7c3197736a7d3892d0d91707dea7d,
Execution Time for Trace ID 72f7c3197736a7d3892d0d91707dea7d: 341 ms
Input: 5250000,
Cold Start: false
Unique ID: 55cd6d562c7dac09dafff7272aeeb466,
Execution Time for Trace ID 55cd6d562c7dac09dafff7272aeeb466: 342 ms
Input: 5250000,
Cold Start: false
Unique ID: 723d66126ce06a3f7e6925b5d1cd29e2,
Execution Time for Trace ID 723d66126ce06a3f7e6925b5d1cd29e2: 339 ms
Input: 5250000,
Cold Start: false
Unique ID: 0e523a1fc4634b3559da97eb36339506,
Execution Time for Trace ID 0e523a1fc4634b3559da97eb36339506: 341 ms
Input: 5250000,
Cold Start: false
Unique ID: b4ba89c229316329fe401d97140cff5d,
Execution Time for Trace ID b4ba89c229316329fe401d97140cff5d: 340 ms
Input: 5250000,
Cold Start: false
Unique ID: 2590987840ceab29fe08dd647045479e,
Execution Time for Trace ID 2590987840ceab29fe08dd647045479e: 362 ms
Input: 5250000,
Cold Start: false
Unique ID: 4fb8565f746f1641d4c1e7c924a6e563,
Execution Time for Trace ID 4fb8565f746f1641d4c1e7c924a6e563: 178 ms
Input: 5250000,
Cold Start: false
Unique ID: abf683c9c530c80a10ec74014308e506,
Execution Time for Trace ID abf683c9c530c80a10ec74014308e506: 533 ms
Input: 5250000,
Cold Start: false
Unique ID: 34bd292c9212f77d425c92073f9a1fc7,
Execution Time for Trace ID 34bd292c9212f77d425c92073f9a1fc7: 348 ms
Input: 5250000,
Cold Start: false
Unique ID: 862e4c09813259bb6e93432785300f7b,
Execution Time for Trace ID 862e4c09813259bb6e93432785300f7b: 433 ms
Input: 5250000,
Cold Start: false
Unique ID: e748dd96c20b351ae75b2e109e84578f,
Execution Time for Trace ID e748dd96c20b351ae75b2e109e84578f: 421 ms
Input: 5250000,
Cold Start: false
Unique ID: cb19549a00ac14b0a1821756ceea740e,
Execution Time for Trace ID cb19549a00ac14b0a1821756ceea740e: 399 ms
Input: 5250000,
Cold Start: false
Unique ID: 973356659da847e29926830b9e0fb500,
Execution Time for Trace ID 973356659da847e29926830b9e0fb500: 434 ms
Input: 5250000,
Cold Start: false
Unique ID: 0932ad61e841171cf62439a3ec7c1c9d,
Execution Time for Trace ID 0932ad61e841171cf62439a3ec7c1c9d: 346 ms
Input: 5250000,
Cold Start: false
Unique ID: dacf789bd52b0162cd68840799d5b595,
Execution Time for Trace ID dacf789bd52b0162cd68840799d5b595: 337 ms
Input: 5250000,
Cold Start: false
Unique ID: 207965188d2965598f68885ceda7e5b6,
Execution Time for Trace ID 207965188d2965598f68885ceda7e5b6: 347 ms
Input: 5250000,
Cold Start: false
Unique ID: 37d5b98eefca9c799da3bef37398c3b1,
Execution Time for Trace ID 37d5b98eefca9c799da3bef37398c3b1: 179 ms
Input: 5250000,
Cold Start: false
Unique ID: ed7b201660eb74e1df3e191a595cc297,
Execution Time for Trace ID ed7b201660eb74e1df3e191a595cc297: 526 ms
Input: 5250000,
Cold Start: false
Unique ID: 2b8da26f32403c6c812a4f2c91e368ed,
Execution Time for Trace ID 2b8da26f32403c6c812a4f2c91e368ed: 349 ms
Input: 5250000,
Cold Start: false
Unique ID: 5ecf6f4859f580f4baaef8dc54753a2a,
Execution Time for Trace ID 5ecf6f4859f580f4baaef8dc54753a2a: 374 ms
Input: 5250000,
Cold Start: false
Unique ID: 943defd6aa2270cb73347b1af5ae609e,
Execution Time for Trace ID 943defd6aa2270cb73347b1af5ae609e: 181 ms
Input: 5250000,
Cold Start: false
Unique ID: 3538c1d31961c7104aa0357833b70191,
Execution Time for Trace ID 3538c1d31961c7104aa0357833b70191: 540 ms
Input: 5250000,
Cold Start: false
Unique ID: adc3e26fcbf0178c5d11f4384646483d,
Execution Time for Trace ID adc3e26fcbf0178c5d11f4384646483d: 346 ms
Input: 5250000,
Cold Start: false
Unique ID: df5f322ca45575a4decbba72df076093,
Execution Time for Trace ID df5f322ca45575a4decbba72df076093: 351 ms
Input: 5250000,
Cold Start: false
Unique ID: 59c5c94b8ff7d344841b2ced8286b4dc,
Execution Time for Trace ID 59c5c94b8ff7d344841b2ced8286b4dc: 339 ms
Input: 5250000,
Cold Start: false
Unique ID: 233098c5a3ac52e5b0c30dfba9e3bdc8,
Execution Time for Trace ID 233098c5a3ac52e5b0c30dfba9e3bdc8: 354 ms
Input: 5250000,
Cold Start: false
Unique ID: 8014226c595606288b0d14f9268af233,
Execution Time for Trace ID 8014226c595606288b0d14f9268af233: 335 ms
Input: 5250000,
Cold Start: false
Unique ID: af3c98a597d96b1bfc896bfbfe42a51f,
Execution Time for Trace ID af3c98a597d96b1bfc896bfbfe42a51f: 356 ms
Input: 5250000,
Cold Start: false
Unique ID: e696569ae9999aed5e88c390faf99b2a,
Execution Time for Trace ID e696569ae9999aed5e88c390faf99b2a: 342 ms
Input: 5250000,
Cold Start: false
Unique ID: c5eab96a73eeb4ae89443386ce0add7d,
Execution Time for Trace ID c5eab96a73eeb4ae89443386ce0add7d: 417 ms
Input: 5250000,
Cold Start: false
Unique ID: 18abdbcabc72aaedfb768282888cf685,
Execution Time for Trace ID 18abdbcabc72aaedfb768282888cf685: 340 ms
Input: 5250000,
Cold Start: false
Unique ID: 48476762a09fc376fd2e2d1c9641bf89,
Execution Time for Trace ID 48476762a09fc376fd2e2d1c9641bf89: 341 ms
Input: 5250000,
Cold Start: false
Unique ID: 711b2b336f6e48d47b5ad9fd0b8e0068,
Execution Time for Trace ID 711b2b336f6e48d47b5ad9fd0b8e0068: 346 ms
Input: 5250000,
Cold Start: false
Unique ID: e1cd91be28e43ab9425b201f904a1184,
Execution Time for Trace ID e1cd91be28e43ab9425b201f904a1184: 351 ms
Input: 5250000,
Cold Start: false
Unique ID: 2b9fbb665fda6e461614fa2af55d9699,
Execution Time for Trace ID 2b9fbb665fda6e461614fa2af55d9699: 351 ms
Input: 5250000,
Cold Start: false
Unique ID: 273dee92366594b32673d2869debfce0,
Execution Time for Trace ID 273dee92366594b32673d2869debfce0: 475 ms
Input: 5250000,
Cold Start: false
Unique ID: 735b0f0c07a51e5f330e9db38bb93515,
Execution Time for Trace ID 735b0f0c07a51e5f330e9db38bb93515: 355 ms
Input: 5250000,
Cold Start: false
Unique ID: 0218440aa245182094fa5d69280a14b6,
Execution Time for Trace ID 0218440aa245182094fa5d69280a14b6: 357 ms
Input: 5250000,
Cold Start: false
Unique ID: ce4b2386095bfdb00f6cd416d440786d,
Execution Time for Trace ID ce4b2386095bfdb00f6cd416d440786d: 229 ms
Input: 5250000,
Cold Start: false
Unique ID: bd8553dfb343486b04c8bd603f31bbd4,
Execution Time for Trace ID bd8553dfb343486b04c8bd603f31bbd4: 342 ms
Input: 5250000,
Cold Start: false
Unique ID: de1100b448f93e588a540fbef6ea349b,
Execution Time for Trace ID de1100b448f93e588a540fbef6ea349b: 397 ms
Input: 5250000,
Cold Start: false
Unique ID: ee2f062e53a344cb10fcd5ca0294fdff,
Execution Time for Trace ID ee2f062e53a344cb10fcd5ca0294fdff: 388 ms
Input: 5250000,
Cold Start: false
Unique ID: f2fd3ba6ea84ef19fe0aa8e4d6bf8bc5,
Execution Time for Trace ID f2fd3ba6ea84ef19fe0aa8e4d6bf8bc5: 344 ms
Input: 5250000,
Cold Start: false
Unique ID: fd3f3c5ffd679f3ff6ae6a0effc4ddcf,
Execution Time for Trace ID fd3f3c5ffd679f3ff6ae6a0effc4ddcf: 236 ms
Input: 5250000,
Cold Start: false
Unique ID: f1e201886e4c7403ee1eebc28de688a0,
Execution Time for Trace ID f1e201886e4c7403ee1eebc28de688a0: 345 ms
Input: 5250000,
Cold Start: false
Unique ID: 05a06fe85db8f1eb0848146e44e60af5,
Execution Time for Trace ID 05a06fe85db8f1eb0848146e44e60af5: 535 ms
Input: 5250000,
Cold Start: false
Unique ID: c4845e40f1c928145a5361734c026e5e,
Execution Time for Trace ID c4845e40f1c928145a5361734c026e5e: 426 ms
Input: 5250000,
Cold Start: false
Unique ID: 4fb738db34418d94655215fc430206f2,
Execution Time for Trace ID 4fb738db34418d94655215fc430206f2: 371 ms
Input: 5250000,
Cold Start: false
Unique ID: 4a3da2a023045289dc7aecf453e1af76,
Execution Time for Trace ID 4a3da2a023045289dc7aecf453e1af76: 471 ms
Input: 5250000,
Cold Start: false
Unique ID: a0ace668e4323e23d0d7227b6b6483af,
Execution Time for Trace ID a0ace668e4323e23d0d7227b6b6483af: 357 ms
Input: 5250000,
Cold Start: false
Unique ID: ddf4d27ebcc9dcbbd6ff5362a5e4a6b5,
Execution Time for Trace ID ddf4d27ebcc9dcbbd6ff5362a5e4a6b5: 375 ms
Input: 5250000,
Cold Start: false
Unique ID: af4e4d16fd828a2915da4d2f77b8cd2b,
Execution Time for Trace ID af4e4d16fd828a2915da4d2f77b8cd2b: 362 ms
Input: 5250000,
Cold Start: false
Unique ID: f2c5b6c20e0d9e036d6f8f8cb0c3c6a6,
Execution Time for Trace ID f2c5b6c20e0d9e036d6f8f8cb0c3c6a6: 620 ms
Input: 5250000,
Cold Start: false
Unique ID: 1d82dc52cb2dbb05ada6edbe41e1d235,
Execution Time for Trace ID 1d82dc52cb2dbb05ada6edbe41e1d235: 357 ms
Input: 5250000,
Cold Start: false
Unique ID: 2c155f0f5457544a51c3e43e25746e60,
Execution Time for Trace ID 2c155f0f5457544a51c3e43e25746e60: 418 ms
Input: 5250000,
Cold Start: false
Unique ID: f59ea7f5717e3dd4f76ce9f65f0ad77a,
Execution Time for Trace ID f59ea7f5717e3dd4f76ce9f65f0ad77a: 427 ms
Input: 5250000,
Cold Start: false
Unique ID: 2aebe6ebbef018a152b2380d667addb6,
Execution Time for Trace ID 2aebe6ebbef018a152b2380d667addb6: 366 ms
Input: 5250000,
Cold Start: false
Unique ID: d1f14ad6eb455d2048cd4a30bccb5361,
Execution Time for Trace ID d1f14ad6eb455d2048cd4a30bccb5361: 351 ms
Input: 5250000,
Cold Start: false
Unique ID: b3a1c71fd1bd4c3558d162b5e5e9bd3b,
Execution Time for Trace ID b3a1c71fd1bd4c3558d162b5e5e9bd3b: 482 ms
Input: 5250000,
Cold Start: false
Unique ID: dfbc40324010ab05e4a92460876064ce,
Execution Time for Trace ID dfbc40324010ab05e4a92460876064ce: 423 ms
Input: 5250000,
Cold Start: false
Unique ID: ff747727497f50e15d54d2ef311e58d8,
Execution Time for Trace ID ff747727497f50e15d54d2ef311e58d8: 371 ms
Input: 5250000,
Cold Start: false
Unique ID: e2c83982d8ebbdd80641de1948b247e9,
Execution Time for Trace ID e2c83982d8ebbdd80641de1948b247e9: 545 ms
Input: 5250000,
Cold Start: false
Unique ID: c87bc46e0ea922c0821dacb537a5a60c,
Execution Time for Trace ID c87bc46e0ea922c0821dacb537a5a60c: 458 ms
Input: 5250000,
Cold Start: false
Unique ID: 34e7d4777f952e78c1e42b85f3d61485,
Execution Time for Trace ID 34e7d4777f952e78c1e42b85f3d61485: 421 ms
Input: 5250000,
Cold Start: false
Unique ID: ff993b2ac4129cdc3d95fef1b9c2110f,
Execution Time for Trace ID ff993b2ac4129cdc3d95fef1b9c2110f: 568 ms
Input: 5250000,
Cold Start: false
Unique ID: cda2b6a7f785f488fdf09151457613b3,
Execution Time for Trace ID cda2b6a7f785f488fdf09151457613b3: 426 ms
Input: 5250000,
Cold Start: false
Unique ID: 7468a1c59e3873108d37990f4d4aab87,
Execution Time for Trace ID 7468a1c59e3873108d37990f4d4aab87: 343 ms
Input: 5250000,
Cold Start: false
Unique ID: daeae6870fa0ea2bcf2328f388f5433d,
Execution Time for Trace ID daeae6870fa0ea2bcf2328f388f5433d: 505 ms
Input: 5250000,
Cold Start: false
Unique ID: 01baa7924501f5270a0d660b7f401a8d,
Execution Time for Trace ID 01baa7924501f5270a0d660b7f401a8d: 355 ms
Input: 5250000,
Cold Start: false
Unique ID: ff2798aa3793bf8c53c7124dfe3ee4dc,
Execution Time for Trace ID ff2798aa3793bf8c53c7124dfe3ee4dc: 343 ms
Input: 5250000,
Cold Start: false
Unique ID: b142cfcb83c8e57bcbb4913bd6fb43d6,
Execution Time for Trace ID b142cfcb83c8e57bcbb4913bd6fb43d6: 425 ms
Input: 5250000,
Cold Start: false
Unique ID: a68a649e748723af9b671754cdefcfe4,
Execution Time for Trace ID a68a649e748723af9b671754cdefcfe4: 365 ms
Input: 5250000,
Cold Start: false
Unique ID: 390298a0cda3cc7f81e0022603e52f91,
Execution Time for Trace ID 390298a0cda3cc7f81e0022603e52f91: 379 ms
Input: 5250000,
Cold Start: false
Unique ID: 4ff5683adfcdbc7e820ffb44fce93d21,
Execution Time for Trace ID 4ff5683adfcdbc7e820ffb44fce93d21: 412 ms
Input: 5250000,
Cold Start: false
Unique ID: 8c00306b093afdab231d72e21e209193,
Execution Time for Trace ID 8c00306b093afdab231d72e21e209193: 359 ms
Input: 5250000,
Cold Start: false
Unique ID: 29dadf047a02e484afcaf5c270085076,
Execution Time for Trace ID 29dadf047a02e484afcaf5c270085076: 345 ms
Input: 5250000,
Cold Start: false
Unique ID: 05ea5424803e2e9156df871e41215be2,
Execution Time for Trace ID 05ea5424803e2e9156df871e41215be2: 421 ms
Input: 5250000,
Cold Start: false
Unique ID: db5c8cf5709699055d1c15e387a5ce47,
Execution Time for Trace ID db5c8cf5709699055d1c15e387a5ce47: 357 ms
Input: 5250000,
Cold Start: false
Unique ID: b03e26d1554c7b89b4f4420953943099,
Execution Time for Trace ID b03e26d1554c7b89b4f4420953943099: 368 ms
Input: 5250000,
Cold Start: false
Unique ID: dc8a548f36aae53a0aa10d8001c148da,
Execution Time for Trace ID dc8a548f36aae53a0aa10d8001c148da: 413 ms
Input: 5250000,
Cold Start: false
Unique ID: e2d30304b987c10fdff6255b431ded81,
Execution Time for Trace ID e2d30304b987c10fdff6255b431ded81: 345 ms
Input: 5250000,
Cold Start: false
Unique ID: 9c00384c4e33fe14059bf7e1dde0f68b,
Execution Time for Trace ID 9c00384c4e33fe14059bf7e1dde0f68b: 346 ms
Input: 5250000,
Cold Start: false
Unique ID: 9a0bb50bbcc5d69a88c1800ca47772f9,
Execution Time for Trace ID 9a0bb50bbcc5d69a88c1800ca47772f9: 411 ms
Input: 5250000,
Cold Start: false
Unique ID: 9e7d65fe37bd9741aeabfc1e2dc9bc51,
Execution Time for Trace ID 9e7d65fe37bd9741aeabfc1e2dc9bc51: 350 ms
Input: 5250000,
Cold Start: false
Unique ID: 4c5fd2c368888818b97f6e2338f8de64,
Execution Time for Trace ID 4c5fd2c368888818b97f6e2338f8de64: 370 ms
Input: 5250000,
Cold Start: false
Unique ID: 2d247356ab8a730e8827b81656b5d770,
Execution Time for Trace ID 2d247356ab8a730e8827b81656b5d770: 334 ms
Input: 5250000,
Cold Start: false
Unique ID: 0b9c75ecb99d05aec09d73e6ad7ed371,
Execution Time for Trace ID 0b9c75ecb99d05aec09d73e6ad7ed371: 355 ms
Input: 5250000,
Cold Start: false
Unique ID: 73309d818d526d41b577e0ca2aefe699,
Execution Time for Trace ID 73309d818d526d41b577e0ca2aefe699: 339 ms
Input: 5250000,
Cold Start: false
Unique ID: e964386765b92b9378aea57defbc27cd,
Execution Time for Trace ID e964386765b92b9378aea57defbc27cd: 355 ms
Input: 5250000,
Cold Start: false
Unique ID: 28cf55612499bfe2077541c018f2ae9b,
Execution Time for Trace ID 28cf55612499bfe2077541c018f2ae9b: 337 ms
Input: 5250000,
Cold Start: false
Unique ID: acd1acfc0dd31149ab4cfa156451a7f8,
Execution Time for Trace ID acd1acfc0dd31149ab4cfa156451a7f8: 416 ms
Input: 5250000,
Cold Start: false
Unique ID: f0d620eda9c3ce1663a9bf587ebfa1e2,
Execution Time for Trace ID f0d620eda9c3ce1663a9bf587ebfa1e2: 338 ms
Input: 5250000,
Cold Start: false
Unique ID: bf43620990722e4b227cac327d86416d,
Execution Time for Trace ID bf43620990722e4b227cac327d86416d: 419 ms
Input: 5250000,
Cold Start: false
Unique ID: 449c561d46f4f5e1e34d2f3df252a763,
Execution Time for Trace ID 449c561d46f4f5e1e34d2f3df252a763: 338 ms
Input: 5250000,
Cold Start: false
Unique ID: 81c62108c1f66641ebc18181b38ee58f,
Execution Time for Trace ID 81c62108c1f66641ebc18181b38ee58f: 353 ms
Input: 5250000,
Cold Start: false
Unique ID: e9e0f46cacf30aa5bc3f3f6daf446f96,
Execution Time for Trace ID e9e0f46cacf30aa5bc3f3f6daf446f96: 338 ms
Input: 5250000,
Cold Start: false
Unique ID: b54570aa561b7dcab799297ae0484484,
Execution Time for Trace ID b54570aa561b7dcab799297ae0484484: 358 ms
Input: 5250000,
Cold Start: false
Unique ID: 083411a3e22cdefc6c89c321ed3e06bb,
Execution Time for Trace ID 083411a3e22cdefc6c89c321ed3e06bb: 337 ms
Input: 5250000,
Cold Start: false
Unique ID: 1fa7563682dc5acbe063ebce69cb89af,
Execution Time for Trace ID 1fa7563682dc5acbe063ebce69cb89af: 424 ms
Input: 5250000,
Cold Start: false
Unique ID: dd2e3fa91b920a14f93ab0d6259b0cbf,
Execution Time for Trace ID dd2e3fa91b920a14f93ab0d6259b0cbf: 338 ms
Input: 5250000,
Cold Start: false
Unique ID: 7de5d9e6b82350746d7cb27be842cbe4,
Execution Time for Trace ID 7de5d9e6b82350746d7cb27be842cbe4: 348 ms
Input: 5250000,
Cold Start: false
Unique ID: 2f00f501204481ce1225cbf20a3f4294,
Execution Time for Trace ID 2f00f501204481ce1225cbf20a3f4294: 347 ms
Input: 5250000,
Cold Start: false
Unique ID: 6f0ed1fdc6cbaf3617664263fb3484f3,
Execution Time for Trace ID 6f0ed1fdc6cbaf3617664263fb3484f3: 179 ms
Input: 5250000,
Cold Start: false
Unique ID: 57c89980ea98fbd74ed9f9987b2b8392,
Execution Time for Trace ID 57c89980ea98fbd74ed9f9987b2b8392: 356 ms
Input: 5250000,
Cold Start: false
Unique ID: 1f3e41350abab86480c3dad41f6ff398,
Execution Time for Trace ID 1f3e41350abab86480c3dad41f6ff398: 417 ms
Input: 5250000,
Cold Start: false
Unique ID: 08828cfc74ffef53dc3e9c40c8a7b746,
Execution Time for Trace ID 08828cfc74ffef53dc3e9c40c8a7b746: 420 ms
Input: 5250000,
Cold Start: false
Unique ID: 9af5c50e7c41d6a595358f9a39205758,
Execution Time for Trace ID 9af5c50e7c41d6a595358f9a39205758: 345 ms
Input: 5250000,
Cold Start: false
Unique ID: ac9fd5212f8167492dfe2635a23a4e18,
Execution Time for Trace ID ac9fd5212f8167492dfe2635a23a4e18: 174 ms
Input: 5250000,
Cold Start: false
Unique ID: fba98883b2af4846c628f856b1ae4653,
Execution Time for Trace ID fba98883b2af4846c628f856b1ae4653: 542 ms
Input: 5250000,
Cold Start: false
Unique ID: 777088b7f9c2d09a0b44ae3683f8b0eb,
Execution Time for Trace ID 777088b7f9c2d09a0b44ae3683f8b0eb: 418 ms
Input: 5250000,
Cold Start: false
Unique ID: 663205227bb7ac7791ad9bec17b86a8c,
Execution Time for Trace ID 663205227bb7ac7791ad9bec17b86a8c: 364 ms
Input: 5250000,
Cold Start: false
Unique ID: 3d37553a41ffc348ec094f402a90a74a,
Execution Time for Trace ID 3d37553a41ffc348ec094f402a90a74a: 338 ms
Input: 5250000,
Cold Start: false
Unique ID: 7a6ab4f37e2fbfe0ccdbbd08f6d49a6a,
Execution Time for Trace ID 7a6ab4f37e2fbfe0ccdbbd08f6d49a6a: 341 ms
Input: 5250000,
Cold Start: false
Unique ID: 268dabf69f09297e83fec4acf22ef350,
Execution Time for Trace ID 268dabf69f09297e83fec4acf22ef350: 334 ms
Input: 5250000,
Cold Start: false
Unique ID: 6461e51eb80d3f60f507236038f5023d,
Execution Time for Trace ID 6461e51eb80d3f60f507236038f5023d: 174 ms
Input: 5250000,
Cold Start: false
Unique ID: 7dacc2fce025754532e16ce8354b60ab,
Execution Time for Trace ID 7dacc2fce025754532e16ce8354b60ab: 415 ms
Input: 5250000,
Cold Start: false
Unique ID: 10c296fe80563a6459dec2046e000d80,
Execution Time for Trace ID 10c296fe80563a6459dec2046e000d80: 517 ms
Input: 5250000,
Cold Start: false
Unique ID: 863df7cb2ad5eb43c15fe4feec85cf53,
Execution Time for Trace ID 863df7cb2ad5eb43c15fe4feec85cf53: 344 ms
Input: 5250000,
Cold Start: false
Unique ID: 50605ac9cdfb1ba014ba62f19285493a,
Execution Time for Trace ID 50605ac9cdfb1ba014ba62f19285493a: 350 ms
Input: 5250000,
Cold Start: false
Unique ID: 152c701807f7ab2fb343307755545bd9,
Execution Time for Trace ID 152c701807f7ab2fb343307755545bd9: 353 ms
Input: 5250000,
Cold Start: false
Unique ID: 97aa3533ca2ef1cb150316fa0f52f376,
Execution Time for Trace ID 97aa3533ca2ef1cb150316fa0f52f376: 175 ms
Input: 5250000,
Cold Start: false
Unique ID: 84b288a1a8858dc61a551a7b1b2030ca,
Execution Time for Trace ID 84b288a1a8858dc61a551a7b1b2030ca: 370 ms
Input: 5250000,
Cold Start: false
Unique ID: 9ed82fec90fb15ec3955e9008380764a,
Execution Time for Trace ID 9ed82fec90fb15ec3955e9008380764a: 359 ms
Input: 5250000,
Cold Start: false
Unique ID: 46478515eb34ea6227b39982ddf41f23,
Execution Time for Trace ID 46478515eb34ea6227b39982ddf41f23: 174 ms
Input: 5250000,
Cold Start: false
Unique ID: f85e7ef8a0abf974de58ef532a78fa4d,
Execution Time for Trace ID f85e7ef8a0abf974de58ef532a78fa4d: 358 ms
Input: 5250000,
Cold Start: false
Unique ID: 5167d7a7d6a6e9e05ecb4b5079bf9d69,
Execution Time for Trace ID 5167d7a7d6a6e9e05ecb4b5079bf9d69: 401 ms
Input: 5250000,
Cold Start: false
Unique ID: 458df49b59b12d70ec7da5afb82625e0,
Execution Time for Trace ID 458df49b59b12d70ec7da5afb82625e0: 356 ms
Input: 5250000,
Cold Start: false
Unique ID: 775c472264789f1d6357c72a4841f97e,
Execution Time for Trace ID 775c472264789f1d6357c72a4841f97e: 346 ms
Input: 5250000,
Cold Start: false
Unique ID: 21561b3e1ae5c9000e4f67fae94b4efe,
Execution Time for Trace ID 21561b3e1ae5c9000e4f67fae94b4efe: 179 ms
Input: 5250000,
Cold Start: false
Unique ID: 5a1b08317a156498e0ee42ac8f66ab23,
Execution Time for Trace ID 5a1b08317a156498e0ee42ac8f66ab23: 418 ms
Input: 5250000,
Cold Start: false
Unique ID: fd309f1fe04da04713bc7448dd72db4b,
Execution Time for Trace ID fd309f1fe04da04713bc7448dd72db4b: 519 ms
Input: 5250000,
Cold Start: false
Unique ID: 2d32321b86fe47e5ff6ff2293e221690,
Execution Time for Trace ID 2d32321b86fe47e5ff6ff2293e221690: 347 ms
Input: 5250000,
Cold Start: false
Unique ID: 600bd85272a95d5a8484119c769938cc,
Execution Time for Trace ID 600bd85272a95d5a8484119c769938cc: 352 ms
Input: 5250000,
Cold Start: false
Unique ID: d4dd8c5a3cc9bb00e4e39c34560ae4f5,
Execution Time for Trace ID d4dd8c5a3cc9bb00e4e39c34560ae4f5: 348 ms
Input: 5250000,
Cold Start: false
Unique ID: 469552ecab9f18e58bd3e8540aec15bf,
Execution Time for Trace ID 469552ecab9f18e58bd3e8540aec15bf: 355 ms
Input: 5250000,
Cold Start: false
Unique ID: e7753835592ba50f8dbcb1d53de7df9f,
Execution Time for Trace ID e7753835592ba50f8dbcb1d53de7df9f: 335 ms
Input: 5250000,
Cold Start: false
Unique ID: 1a23b3560a55b74bfb0cd959ae9f35ba,
Execution Time for Trace ID 1a23b3560a55b74bfb0cd959ae9f35ba: 360 ms
Input: 5250000,
Cold Start: false
Unique ID: 1a26a4dafb0d9618d9bd80f0fbb37687,
Execution Time for Trace ID 1a26a4dafb0d9618d9bd80f0fbb37687: 338 ms
Input: 5250000,
Cold Start: false
Unique ID: 6ada72003f54360d589a361063dea606,
Execution Time for Trace ID 6ada72003f54360d589a361063dea606: 425 ms
Input: 5250000,
Cold Start: false
Unique ID: a1ed59bb9031f004b8384e2a98716d89,
Execution Time for Trace ID a1ed59bb9031f004b8384e2a98716d89: 340 ms
Input: 5250000,
Cold Start: false
Unique ID: 7b1cfa45e6bcd86c5217990869f65623,
Execution Time for Trace ID 7b1cfa45e6bcd86c5217990869f65623: 198 ms
Input: 5250000,
Cold Start: false
Unique ID: 30e6cf2321e82991080d80781452735b,
Execution Time for Trace ID 30e6cf2321e82991080d80781452735b: 407 ms
Input: 5250000,
Cold Start: false
Unique ID: 80ad247078c010f102ae6e4f99e4ed0f,
Execution Time for Trace ID 80ad247078c010f102ae6e4f99e4ed0f: 482 ms
Input: 5250000,
Cold Start: false
Unique ID: 830f0b60cc275b85cedad763b01e40f1,
Execution Time for Trace ID 830f0b60cc275b85cedad763b01e40f1: 433 ms
Input: 5250000,
Cold Start: false
Unique ID: dc2c3a3c65c42cd4c57c5d9fef9adc21,
Execution Time for Trace ID dc2c3a3c65c42cd4c57c5d9fef9adc21: 393 ms
Input: 5250000,
Cold Start: false
Unique ID: bc9d7e49b6ef4e740e55947497e71146,
Execution Time for Trace ID bc9d7e49b6ef4e740e55947497e71146: 315 ms
Input: 5250000,
Cold Start: false
Unique ID: cd0535887f1ea934fb053956f8a0959b,
Execution Time for Trace ID cd0535887f1ea934fb053956f8a0959b: 359 ms
Input: 5250000,
Cold Start: false
Unique ID: 3b55c66ee9f2a0a0c90af321b7f12b89,
Execution Time for Trace ID 3b55c66ee9f2a0a0c90af321b7f12b89: 317 ms
Input: 5250000,
Cold Start: false
Unique ID: 588a3520ee10d3796964c2e8eae7a040,
Execution Time for Trace ID 588a3520ee10d3796964c2e8eae7a040: 398 ms
Input: 5250000,
Cold Start: false
Unique ID: 1fb3a248ebc9658d4b09ca0e68952db9,
Execution Time for Trace ID 1fb3a248ebc9658d4b09ca0e68952db9: 311 ms
Input: 5250000,
Cold Start: false
Unique ID: 074a2076ca78a2e663fbd18bcd8abf7e,
Execution Time for Trace ID 074a2076ca78a2e663fbd18bcd8abf7e: 175 ms
Input: 5250000,
Cold Start: false
Unique ID: 033690e4a357a7873c417b9c18dd8f62,
Execution Time for Trace ID 033690e4a357a7873c417b9c18dd8f62: 423 ms
Input: 5250000,
Cold Start: false
Unique ID: b4d24fa4e25252d9c3d23bab40f9181e,
Execution Time for Trace ID b4d24fa4e25252d9c3d23bab40f9181e: 510 ms
Input: 5250000,
Cold Start: false
Unique ID: 53db9020b8159dbceb9cfc5ba9340add,
Execution Time for Trace ID 53db9020b8159dbceb9cfc5ba9340add: 325 ms
Input: 5250000,
Cold Start: false
Unique ID: 34bb4e81de816c54c7b9543de4b5eacd,
Execution Time for Trace ID 34bb4e81de816c54c7b9543de4b5eacd: 408 ms
Input: 5250000,
Cold Start: false
Unique ID: 38a052ea21471e79179ab03e8fb1dcc3,
Execution Time for Trace ID 38a052ea21471e79179ab03e8fb1dcc3: 334 ms
Input: 5250000,
Cold Start: false
Unique ID: c6949d84d6501ca2c30e8df57e7976e2,
Execution Time for Trace ID c6949d84d6501ca2c30e8df57e7976e2: 315 ms
Input: 5250000,
Cold Start: false
Unique ID: eba77c5ef10f772d6ea2456e006a1f5c,
Execution Time for Trace ID eba77c5ef10f772d6ea2456e006a1f5c: 390 ms
Input: 5250000,
Cold Start: false
Unique ID: efd54c6db40f10ae02376a97d06ceb8f,
Execution Time for Trace ID efd54c6db40f10ae02376a97d06ceb8f: 311 ms
Input: 5250000,
Cold Start: false
Unique ID: 05fde3329ac89e97f1a6d795cefb06a9,
Execution Time for Trace ID 05fde3329ac89e97f1a6d795cefb06a9: 393 ms
Input: 5250000,
Cold Start: false
Unique ID: cca7c5b0df948fe088fda27b46340074,
Execution Time for Trace ID cca7c5b0df948fe088fda27b46340074: 315 ms
Input: 5250000,
Cold Start: false
Unique ID: 679e85dd10da6ecfab3367712275db32,
Execution Time for Trace ID 679e85dd10da6ecfab3367712275db32: 390 ms
Input: 5250000,
Cold Start: false
Unique ID: 9e70ffd32ba5c5ce3b2ac13c93a4e5ff,
Execution Time for Trace ID 9e70ffd32ba5c5ce3b2ac13c93a4e5ff: 175 ms
Input: 5250000,
Cold Start: false
Unique ID: 154750efac0c3fbd722d6a74cc1aae06,
Execution Time for Trace ID 154750efac0c3fbd722d6a74cc1aae06: 531 ms
Input: 5250000,
Cold Start: false
Unique ID: 07c962a98aad53e4e417552a0e63b3d3,
Execution Time for Trace ID 07c962a98aad53e4e417552a0e63b3d3: 374 ms
Input: 5250000,
Cold Start: false
Unique ID: 078d4fdba731ad57dc8788cbbbdba223,
Execution Time for Trace ID 078d4fdba731ad57dc8788cbbbdba223: 417 ms
Input: 5250000,
Cold Start: false
Unique ID: 703456ef6cd01d6c3a7b6fcce6f379e5,
Execution Time for Trace ID 703456ef6cd01d6c3a7b6fcce6f379e5: 382 ms
Input: 5250000,
Cold Start: false
Unique ID: e1d5bfef9017a196d5887e253e523cf3,
Execution Time for Trace ID e1d5bfef9017a196d5887e253e523cf3: 390 ms
Input: 5250000,
Cold Start: false
Unique ID: ef7937b5d9130f15f5a55e25e41899ba,
Execution Time for Trace ID ef7937b5d9130f15f5a55e25e41899ba: 372 ms
Input: 5250000,
Cold Start: false
Unique ID: 5b6275a0d6878154824e0915d61b8215,
Execution Time for Trace ID 5b6275a0d6878154824e0915d61b8215: 399 ms
Input: 5250000,
Cold Start: false
Unique ID: 3f92ca6ed81605197b9194f46ba5d356,
Execution Time for Trace ID 3f92ca6ed81605197b9194f46ba5d356: 378 ms
Input: 5250000,
Cold Start: false
Unique ID: 4c2de071f666572bbe699f66d7f5e917,
Execution Time for Trace ID 4c2de071f666572bbe699f66d7f5e917: 347 ms
Input: 5250000,
Cold Start: false
Unique ID: f02082aa5d8fa13b185ccb9bfa066a31,
Execution Time for Trace ID f02082aa5d8fa13b185ccb9bfa066a31: 319 ms
Input: 5250000,
Cold Start: false
Unique ID: 5aab4f57f1a60ce5d21baf94e4309839,
Execution Time for Trace ID 5aab4f57f1a60ce5d21baf94e4309839: 177 ms
Input: 5250000,
Cold Start: false
Unique ID: a961a479f95bc4e3e7963a6e7844690d,
Execution Time for Trace ID a961a479f95bc4e3e7963a6e7844690d: 397 ms
Input: 5250000,
Cold Start: false
Unique ID: e7b29a4055f2d73c89c542ffcdde64fd,
Execution Time for Trace ID e7b29a4055f2d73c89c542ffcdde64fd: 510 ms
Input: 5250000,
Cold Start: false
Unique ID: 7a55f544ed077d7a0c930ce1aa66fbc0,
Execution Time for Trace ID 7a55f544ed077d7a0c930ce1aa66fbc0: 331 ms
Input: 5250000,
Cold Start: false
Unique ID: e4f39153e8610bcea0d1e8ac4da0e488,
Execution Time for Trace ID e4f39153e8610bcea0d1e8ac4da0e488: 418 ms
Input: 5250000,
Cold Start: false
Unique ID: 45ad0493af471cff2351d569235ada07,
Execution Time for Trace ID 45ad0493af471cff2351d569235ada07: 380 ms
Input: 5250000,
Cold Start: false
Unique ID: 67881c40f2867df38ca8aba3eb985eb1,
Execution Time for Trace ID 67881c40f2867df38ca8aba3eb985eb1: 397 ms
Input: 5250000,
Cold Start: false
Unique ID: c6d6882631f990264c69120e8abdedc9,
Execution Time for Trace ID c6d6882631f990264c69120e8abdedc9: 316 ms
Input: 5250000,
Cold Start: false
Unique ID: 2207cbbbb1b887a47fd7b27fe75ba699,
Execution Time for Trace ID 2207cbbbb1b887a47fd7b27fe75ba699: 416 ms
Input: 5250000,
Cold Start: false
Unique ID: 7d0d6377d24559da37f53450d63ba81d,
Execution Time for Trace ID 7d0d6377d24559da37f53450d63ba81d: 393 ms
Input: 5250000,
Cold Start: false
Unique ID: 3eb6cbd133e6cdbac820bad394a8251f,
Execution Time for Trace ID 3eb6cbd133e6cdbac820bad394a8251f: 310 ms
Input: 5250000,
Cold Start: false
Unique ID: b8ebcdcdcea79dac466b13d97881f8ad,
Execution Time for Trace ID b8ebcdcdcea79dac466b13d97881f8ad: 394 ms
Input: 5250000,
Cold Start: false
Unique ID: 4e7b5cb90aff55567f41c342531922f6,
Execution Time for Trace ID 4e7b5cb90aff55567f41c342531922f6: 382 ms
Input: 5250000,
Cold Start: false
Unique ID: ea3076ebc64979b8280bb73f7fba9bd5,
Execution Time for Trace ID ea3076ebc64979b8280bb73f7fba9bd5: 409 ms
Input: 5250000,
Cold Start: false
Unique ID: 6a745b7a00533db18c99c0a82835a2ee,
Execution Time for Trace ID 6a745b7a00533db18c99c0a82835a2ee: 314 ms
Input: 5250000,
Cold Start: false
Unique ID: bbbccbf17b6a432851a376e4d56b75ba,
Execution Time for Trace ID bbbccbf17b6a432851a376e4d56b75ba: 347 ms
Input: 5250000,
Cold Start: false
Unique ID: 03e8390af7c344548f811abde4718ea9,
Execution Time for Trace ID 03e8390af7c344548f811abde4718ea9: 319 ms
Input: 5250000,
Cold Start: false
Unique ID: ac7977ac9609e3fee7a17b66fa27b4e7,
Execution Time for Trace ID ac7977ac9609e3fee7a17b66fa27b4e7: 405 ms
Input: 5250000,
Cold Start: false
Unique ID: 4232894252f04e97e0f47c2f567846b6,
Execution Time for Trace ID 4232894252f04e97e0f47c2f567846b6: 316 ms
Input: 5250000,
Cold Start: false
Unique ID: 15ee4bab6d70885bc9d31a3e30adbf15,
Execution Time for Trace ID 15ee4bab6d70885bc9d31a3e30adbf15: 411 ms
Input: 5250000,
Cold Start: false
Unique ID: 7bbf3699d12c5a46692a2e6ec02a6edf,
Execution Time for Trace ID 7bbf3699d12c5a46692a2e6ec02a6edf: 391 ms
Input: 5250000,
Cold Start: false
Unique ID: e8809a0e11d7ab4f5e69dba18f4dd313,
Execution Time for Trace ID e8809a0e11d7ab4f5e69dba18f4dd313: 312 ms
Input: 5250000,
Cold Start: false
Unique ID: b4dc85a76d1da089f9d39f43e02f62c4,
Execution Time for Trace ID b4dc85a76d1da089f9d39f43e02f62c4: 394 ms
Input: 5250000,
Cold Start: false
Unique ID: db60c5f83609ca87a9aa081f2a713a27,
Execution Time for Trace ID db60c5f83609ca87a9aa081f2a713a27: 313 ms
Input: 5250000,
Cold Start: false
Unique ID: cbf43f7bd458d6962fd49522dad25cd4,
Execution Time for Trace ID cbf43f7bd458d6962fd49522dad25cd4: 395 ms
Input: 5250000,
Cold Start: false
Unique ID: 7cce25ef90c648ccb23a696d503bb3ff,
Execution Time for Trace ID 7cce25ef90c648ccb23a696d503bb3ff: 318 ms
Input: 5250000,
Cold Start: false
Unique ID: dc93a2f3d69b7718976a80d2a511fe7d,
Execution Time for Trace ID dc93a2f3d69b7718976a80d2a511fe7d: 398 ms
Input: 5250000,
Cold Start: false
Unique ID: 47fe3b3c7c1489a3e0dd66c89d33d8c0,
Execution Time for Trace ID 47fe3b3c7c1489a3e0dd66c89d33d8c0: 318 ms
Input: 5250000,
Cold Start: false
Unique ID: 536ca17cb5665d2e7e52a6bf5388ed29,
Execution Time for Trace ID 536ca17cb5665d2e7e52a6bf5388ed29: 398 ms
Input: 5250000,
Cold Start: false
Unique ID: 85490c51bfcd0da6f15d6522cacfbcc7,
Execution Time for Trace ID 85490c51bfcd0da6f15d6522cacfbcc7: 315 ms
Input: 5250000,
Cold Start: false
Unique ID: fb0df4e12e7de767ac9f86c65409d8b2,
Execution Time for Trace ID fb0df4e12e7de767ac9f86c65409d8b2: 405 ms
Input: 5250000,
Cold Start: false
Unique ID: cc7fa01b72235a7e678b2beae4c89f8a,
Execution Time for Trace ID cc7fa01b72235a7e678b2beae4c89f8a: 320 ms
Input: 5250000,
Cold Start: false
Unique ID: 34b8e19b3a2fe56120e3f8bc6654798e,
Execution Time for Trace ID 34b8e19b3a2fe56120e3f8bc6654798e: 403 ms
Input: 5250000,
Cold Start: false
Unique ID: 73ef620100fe69419ce69b82cef67228,
Execution Time for Trace ID 73ef620100fe69419ce69b82cef67228: 312 ms
Input: 5250000,
Cold Start: false
Unique ID: 6e7fa792d34867ae064174657bf09fe1,
Execution Time for Trace ID 6e7fa792d34867ae064174657bf09fe1: 401 ms
Input: 5250000,
Cold Start: false
Unique ID: 9be9ad1b38ea25b69e93a6bbd3d8db8c,
Execution Time for Trace ID 9be9ad1b38ea25b69e93a6bbd3d8db8c: 314 ms
Input: 5250000,
Cold Start: false
Unique ID: e2c6d8d524e452c94cc3ecd75c363d29,
Execution Time for Trace ID e2c6d8d524e452c94cc3ecd75c363d29: 410 ms
Input: 5250000,
Cold Start: false
Unique ID: 433c4403a7254b82ae6eba05aed804f9,
Execution Time for Trace ID 433c4403a7254b82ae6eba05aed804f9: 315 ms
Input: 5250000,
Cold Start: false
Unique ID: 084ed8888d86330bdf6968ffeab8ae69,
Execution Time for Trace ID 084ed8888d86330bdf6968ffeab8ae69: 398 ms
Input: 5250000,
Cold Start: false
Unique ID: 2fc3268c625ad33dfd9830d788f5212d,
Execution Time for Trace ID 2fc3268c625ad33dfd9830d788f5212d: 316 ms
Input: 5250000,
Cold Start: false
Unique ID: 0dd10fdceb55ba8a6c2052c1ac3a50eb,
Execution Time for Trace ID 0dd10fdceb55ba8a6c2052c1ac3a50eb: 407 ms
Input: 5250000,
Cold Start: false
Unique ID: 7371f370f83295b7c9017329677e9ecb,
Execution Time for Trace ID 7371f370f83295b7c9017329677e9ecb: 312 ms
Input: 5250000,
Cold Start: false
Unique ID: 9b1be47be0e5049f1de238d7f8fecbd7,
Execution Time for Trace ID 9b1be47be0e5049f1de238d7f8fecbd7: 351 ms
Input: 5250000,
Cold Start: false
Unique ID: c9909339af4057bb8de535ae04aabce6,
Execution Time for Trace ID c9909339af4057bb8de535ae04aabce6: 319 ms
Input: 5250000,
Cold Start: false
Unique ID: e26ecda795c3fbb509ef9d6e56307baa,
Execution Time for Trace ID e26ecda795c3fbb509ef9d6e56307baa: 399 ms
Input: 5250000,
Cold Start: false
Unique ID: 7b3f704b7588037a06dd5001271f0c1a,
Execution Time for Trace ID 7b3f704b7588037a06dd5001271f0c1a: 314 ms
Input: 5250000,
Cold Start: false
Unique ID: 4effc49466be320632f46c1794c63c2b,
Execution Time for Trace ID 4effc49466be320632f46c1794c63c2b: 175 ms
Input: 5250000,
Cold Start: false
Unique ID: 5814f13c16f421da885160451fcc162b,
Execution Time for Trace ID 5814f13c16f421da885160451fcc162b: 401 ms
Input: 5250000,
Cold Start: false
Unique ID: 3349fd0f37cc1239e91779744462a4a6,
Execution Time for Trace ID 3349fd0f37cc1239e91779744462a4a6: 244 ms
Input: 5250000,
Cold Start: false
Unique ID: 8863a909e34e168e30318833fcfb4a60,
Execution Time for Trace ID 8863a909e34e168e30318833fcfb4a60: 393 ms
Input: 5250000,
Cold Start: false
Unique ID: 3cc901439e92675e81c7239c225c6b60,
Execution Time for Trace ID 3cc901439e92675e81c7239c225c6b60: 501 ms
Input: 5250000,
Cold Start: false
Unique ID: c23675ad183282cc1ccbc418ab08566c,
Execution Time for Trace ID c23675ad183282cc1ccbc418ab08566c: 399 ms
Input: 5250000,
Cold Start: false
Unique ID: 3977fce5ab1cdd4202aa4303318fb7e3,
Execution Time for Trace ID 3977fce5ab1cdd4202aa4303318fb7e3: 432 ms
Input: 5250000,
Cold Start: false
Unique ID: 2852a7fc087c92a452291b2bd5cbb323,
Execution Time for Trace ID 2852a7fc087c92a452291b2bd5cbb323: 401 ms
Input: 5250000,
Cold Start: false
Unique ID: 58295d6bc8fbce6b108378078d3de5af,
Execution Time for Trace ID 58295d6bc8fbce6b108378078d3de5af: 379 ms
Input: 5250000,
Cold Start: false
Unique ID: cc9e60566e1496dd339fae053c2544c7,
Execution Time for Trace ID cc9e60566e1496dd339fae053c2544c7: 398 ms
Input: 5250000,
Cold Start: false
Unique ID: 6a1fb78f9d5b85a150912e25effaf1d5,
Execution Time for Trace ID 6a1fb78f9d5b85a150912e25effaf1d5: 318 ms
Input: 5250000,
Cold Start: false
Unique ID: c22bfadedbd5fa806a3068937f99261e,
Execution Time for Trace ID c22bfadedbd5fa806a3068937f99261e: 400 ms
Input: 5250000,
Cold Start: false
Unique ID: 77e4904a7c9b228098b037b051a27229,
Execution Time for Trace ID 77e4904a7c9b228098b037b051a27229: 375 ms
Input: 5250000,
Cold Start: false
Unique ID: 941373fb849a0fc56f5a6a52a74498e8,
Execution Time for Trace ID 941373fb849a0fc56f5a6a52a74498e8: 402 ms
Input: 5250000,
Cold Start: false
Unique ID: f5a03ddcd15347c9495fd19a365e13f5,
Execution Time for Trace ID f5a03ddcd15347c9495fd19a365e13f5: 394 ms
Input: 5250000,
Cold Start: false
Unique ID: f65d0e5f5aae50394ad87abfbfd0c1c3,
Execution Time for Trace ID f65d0e5f5aae50394ad87abfbfd0c1c3: 319 ms
Input: 5250000,
Cold Start: false
Unique ID: 69029091fdd4506564e96bd64ade4fb1,
Execution Time for Trace ID 69029091fdd4506564e96bd64ade4fb1: 335 ms
Input: 5250000,
Cold Start: false
Unique ID: 8a9aa0f813edf844e4f49d668f93a77d,
Execution Time for Trace ID 8a9aa0f813edf844e4f49d668f93a77d: 317 ms
Input: 5250000,
Cold Start: false
Unique ID: fb2b592d5fe940a0ae8d40eb6647fd79,
Execution Time for Trace ID fb2b592d5fe940a0ae8d40eb6647fd79: 392 ms
Input: 5250000,
Cold Start: false
Unique ID: 0601731fb30f879f2e0ba17acbdff0a3,
Execution Time for Trace ID 0601731fb30f879f2e0ba17acbdff0a3: 314 ms
Input: 5250000,
Cold Start: false
Unique ID: 10b13d7844e3feb05931ffb7b997e51a,
Execution Time for Trace ID 10b13d7844e3feb05931ffb7b997e51a: 390 ms
Input: 5250000,
Cold Start: false
Unique ID: de73290326551b7e60e77ed775c0cb4e,
Execution Time for Trace ID de73290326551b7e60e77ed775c0cb4e: 313 ms
Input: 5250000,
Cold Start: false
Unique ID: 36ee7d3ca7780fdd739e70cd05dea2a6,
Execution Time for Trace ID 36ee7d3ca7780fdd739e70cd05dea2a6: 176 ms
Input: 5250000,
Cold Start: false
Unique ID: 2008781c0fdceb3aab654a6ca20a83fb,
Execution Time for Trace ID 2008781c0fdceb3aab654a6ca20a83fb: 389 ms
Input: 5250000,
Cold Start: false
Unique ID: b23cc497aa43532ef41161b1a36fdb40,
Execution Time for Trace ID b23cc497aa43532ef41161b1a36fdb40: 514 ms
Input: 5250000,
Cold Start: false
Unique ID: c0d1c015a0a4a586bc834409e80ecf6f,
Execution Time for Trace ID c0d1c015a0a4a586bc834409e80ecf6f: 403 ms
Input: 5250000,
Cold Start: false
Unique ID: 619b5d48d4377c8f94d4b0965e28d0d8,
Execution Time for Trace ID 619b5d48d4377c8f94d4b0965e28d0d8: 352 ms
Input: 5250000,
Cold Start: false
Unique ID: 099cc69d88c085dc65295168372be77e,
Execution Time for Trace ID 099cc69d88c085dc65295168372be77e: 400 ms
Input: 5250000,
Cold Start: false
Unique ID: 78945cad1f263597cc8a3ab31377f228,
Execution Time for Trace ID 78945cad1f263597cc8a3ab31377f228: 373 ms
Input: 5250000,
Cold Start: false
Unique ID: ddfa0e83bbe1d0f5773a47e17c871ac5,
Execution Time for Trace ID ddfa0e83bbe1d0f5773a47e17c871ac5: 400 ms
Input: 5250000,
Cold Start: false
Unique ID: 570d07aa8919c7446334ec7d2702c2a1,
Execution Time for Trace ID 570d07aa8919c7446334ec7d2702c2a1: 375 ms
Input: 5250000,
Cold Start: false
Unique ID: cab1d7b5fa208e56a58235e30f9d65c9,
Execution Time for Trace ID cab1d7b5fa208e56a58235e30f9d65c9: 177 ms
Input: 5250000,
Cold Start: false
Unique ID: 4c5b77781f22f9235f4a9dd82532078a,
Execution Time for Trace ID 4c5b77781f22f9235f4a9dd82532078a: 405 ms
Input: 5250000,
Cold Start: false
Unique ID: 946736613fbb2b3a1e365b94e1a2fa84,
Execution Time for Trace ID 946736613fbb2b3a1e365b94e1a2fa84: 251 ms
Input: 5250000,
Cold Start: false
Unique ID: 35953912461e9d2e8e15e29afb24867e,
Execution Time for Trace ID 35953912461e9d2e8e15e29afb24867e: 389 ms
Input: 5250000,
Cold Start: false
Unique ID: a42e927f2ecd12cba26ea9ce93cd6ceb,
Execution Time for Trace ID a42e927f2ecd12cba26ea9ce93cd6ceb: 493 ms
Input: 5250000,
Cold Start: false
Unique ID: 64321d4d8c7f252d4e088b9c37dd50c7,
Execution Time for Trace ID 64321d4d8c7f252d4e088b9c37dd50c7: 337 ms
Input: 5250000,
Cold Start: false
Unique ID: 46c23fb977deb6d846157d5ae916b996,
Execution Time for Trace ID 46c23fb977deb6d846157d5ae916b996: 348 ms
Input: 5250000,
Cold Start: false
Unique ID: 0126b0235ed28b53ca44ca8ac8b34556,
Execution Time for Trace ID 0126b0235ed28b53ca44ca8ac8b34556: 400 ms
Input: 5250000,
Cold Start: false
Unique ID: 81817bcbd730798ea4ba657c00989040,
Execution Time for Trace ID 81817bcbd730798ea4ba657c00989040: 315 ms
Input: 5250000,
Cold Start: false
Unique ID: d0a60ba17abbb00b7bc9309b9d99255b,
Execution Time for Trace ID d0a60ba17abbb00b7bc9309b9d99255b: 397 ms
Input: 5250000,
Cold Start: false
Unique ID: 5845323eccb96e959c8bd4f54885bdfa,
Execution Time for Trace ID 5845323eccb96e959c8bd4f54885bdfa: 283 ms
Input: 5250000,
Cold Start: false
Unique ID: 9edd53384319ca53a4da147d1225d192,
Execution Time for Trace ID 9edd53384319ca53a4da147d1225d192: 485 ms
Input: 5250000,
Cold Start: false
Unique ID: 3a3e2c23f5cd12546647accefb7bbb26,
Execution Time for Trace ID 3a3e2c23f5cd12546647accefb7bbb26: 312 ms
Input: 5250000,
Cold Start: false
Unique ID: d9a078136d77536f5fbdcf402361b709,
Execution Time for Trace ID d9a078136d77536f5fbdcf402361b709: 175 ms
Input: 5250000,
Cold Start: false
Unique ID: 4f48107c5a67626e78ffe4dfa2c3f00a,
Execution Time for Trace ID 4f48107c5a67626e78ffe4dfa2c3f00a: 428 ms
Input: 5250000,
Cold Start: false
Unique ID: 4bf92bc4c5b56c7b511f944296f8226e,
Execution Time for Trace ID 4bf92bc4c5b56c7b511f944296f8226e: 511 ms
Input: 5250000,
Cold Start: false
Unique ID: 24c5971242d7f8be91bfb344e0e260a8,
Execution Time for Trace ID 24c5971242d7f8be91bfb344e0e260a8: 396 ms
Input: 5250000,
Cold Start: false
Unique ID: fd82941e5d1fb6e1323118eaea420dea,
Execution Time for Trace ID fd82941e5d1fb6e1323118eaea420dea: 349 ms
Input: 5250000,
Cold Start: false
Unique ID: 495fe083b7f5247aba713132c888dc1d,
Execution Time for Trace ID 495fe083b7f5247aba713132c888dc1d: 315 ms
Input: 5250000,
Cold Start: false
Unique ID: f6a514e1a1a78a45ccb5a43e6af1cb42,
Execution Time for Trace ID f6a514e1a1a78a45ccb5a43e6af1cb42: 406 ms
Input: 5250000,
Cold Start: false
Unique ID: 9e828068b8979a66d2aecceee6827fdb,
Execution Time for Trace ID 9e828068b8979a66d2aecceee6827fdb: 316 ms
Input: 5250000,
Cold Start: false
Unique ID: d1276f10f567cc11ee3c962c55a128e1,
Execution Time for Trace ID d1276f10f567cc11ee3c962c55a128e1: 362 ms
Input: 5250000,
Cold Start: false
Unique ID: 6097464e392f1fe6cf42602b54db12ba,
Execution Time for Trace ID 6097464e392f1fe6cf42602b54db12ba: 318 ms
Input: 5250000,
Cold Start: false
Unique ID: 222d8ca846accbc353d57a706fca2c9b,
Execution Time for Trace ID 222d8ca846accbc353d57a706fca2c9b: 416 ms
Input: 5250000,
Cold Start: false
Unique ID: f163187f8ca363353a934bcee3b1c3c1,
Execution Time for Trace ID f163187f8ca363353a934bcee3b1c3c1: 390 ms
Input: 5250000,
Cold Start: false
Unique ID: a3a1d2fdea592e4e54fc5b79dcc6c1c1,
Execution Time for Trace ID a3a1d2fdea592e4e54fc5b79dcc6c1c1: 421 ms
Input: 5250000,
Cold Start: false
Unique ID: 9b9c2eed186fe10d7c026d7512b9a02a,
Execution Time for Trace ID 9b9c2eed186fe10d7c026d7512b9a02a: 433 ms
Input: 5250000,
Cold Start: false
Unique ID: ee7222c3055597a2a68dd0ab789fa892,
Execution Time for Trace ID ee7222c3055597a2a68dd0ab789fa892: 413 ms
Input: 5250000,
Cold Start: false
Unique ID: 682769c24650c9c4e12e8e4c55f12422,
Execution Time for Trace ID 682769c24650c9c4e12e8e4c55f12422: 451 ms
Input: 5250000,
Cold Start: false
Unique ID: f837ce9861f1e8444b8849fda17fbb5d,
Execution Time for Trace ID f837ce9861f1e8444b8849fda17fbb5d: 415 ms
Input: 5250000,
Cold Start: false
Unique ID: 22e47e257fa1606864693fc8ef5e6130,
Execution Time for Trace ID 22e47e257fa1606864693fc8ef5e6130: 386 ms
Input: 5250000,
Cold Start: false
Unique ID: 8e76c9464e136fdb1a6caec0b94c3eb0,
Execution Time for Trace ID 8e76c9464e136fdb1a6caec0b94c3eb0: 398 ms
Input: 5250000,
Cold Start: false
Unique ID: 15492ff7c0d6c544f3909a04cc6fa7fd,
Execution Time for Trace ID 15492ff7c0d6c544f3909a04cc6fa7fd: 355 ms
Input: 5250000,
Cold Start: false
Unique ID: 1290efaa22fae12c1bde39b25a31d277,
Execution Time for Trace ID 1290efaa22fae12c1bde39b25a31d277: 346 ms
Input: 5250000,
Cold Start: false
Unique ID: d30dada38a3a96a673df2d7dced8275b,
Execution Time for Trace ID d30dada38a3a96a673df2d7dced8275b: 411 ms
Input: 5250000,
Cold Start: false
Unique ID: 273b4912c1b9d4004f48ddb4db06c95f,
Execution Time for Trace ID 273b4912c1b9d4004f48ddb4db06c95f: 410 ms
Input: 5250000,
Cold Start: false
Unique ID: 840121cc9da7118e6fc72015b7538bea,
Execution Time for Trace ID 840121cc9da7118e6fc72015b7538bea: 391 ms
Input: 5250000,
Cold Start: false
Unique ID: d730b73654e056eeb7e23f6cbb1a05f9,
Execution Time for Trace ID d730b73654e056eeb7e23f6cbb1a05f9: 410 ms
Input: 5250000,
Cold Start: false
Unique ID: 5c507da0d67f15de26090316ba8f700b,
Execution Time for Trace ID 5c507da0d67f15de26090316ba8f700b: 423 ms
Input: 5250000,
Cold Start: false
Unique ID: 2216a4a3c6d5fd6f0ad2fd6524b87976,
Execution Time for Trace ID 2216a4a3c6d5fd6f0ad2fd6524b87976: 406 ms
Input: 5250000,
Cold Start: false
