Unique ID: b16924a5-f98d-4fab-bf31-8eea299514db,
Billed Duration for Request b16924a5-f98d-4fab-bf31-8eea299514db: 1921 ms
Input: 5250000,
Cold Start: false
Unique ID: 05bc17cd-f334-4bcb-a855-079f668d127d,
Billed Duration for Request 05bc17cd-f334-4bcb-a855-079f668d127d: 1903 ms
Input: 5250000,
Cold Start: false
Unique ID: 5bae1e3b-f290-4576-b4ab-49eb4339ccc6,
Billed Duration for Request 5bae1e3b-f290-4576-b4ab-49eb4339ccc6: 1836 ms
Input: 5250000,
Cold Start: false
Unique ID: f002fe9c-bd3c-44ba-a3cb-8616e6a6ccd2,
Billed Duration for Request f002fe9c-bd3c-44ba-a3cb-8616e6a6ccd2: 1705 ms
Input: 5250000,
Cold Start: false
Unique ID: f04cd643-2549-4340-abea-239d02ea6da4,
Billed Duration for Request f04cd643-2549-4340-abea-239d02ea6da4: 1961 ms
Input: 5250000,
Cold Start: false
Unique ID: 733c7d68-cc3a-43e8-8387-f514a921f5e8,
Billed Duration for Request 733c7d68-cc3a-43e8-8387-f514a921f5e8: 1857 ms
Input: 5250000,
Cold Start: false
Unique ID: 553b16ee-901c-4b96-a36f-21ab5964e3e9,
Billed Duration for Request 553b16ee-901c-4b96-a36f-21ab5964e3e9: 1770 ms
Input: 5250000,
Cold Start: false
Unique ID: 67bd169e-ddcb-4197-8fd1-f6865f29fdf5,
Billed Duration for Request 67bd169e-ddcb-4197-8fd1-f6865f29fdf5: 1845 ms
Input: 5250000,
Cold Start: false
Unique ID: fcada4ff-042f-4f49-887e-0a28c17b257f,
Billed Duration for Request fcada4ff-042f-4f49-887e-0a28c17b257f: 1922 ms
Input: 5250000,
Cold Start: false
Unique ID: 33738230-732b-4209-9163-48c2a75d97be,
Billed Duration for Request 33738230-732b-4209-9163-48c2a75d97be: 1957 ms
Input: 5250000,
Cold Start: false
Unique ID: 96f30132-d717-428c-b691-aff1cee4560a,
Billed Duration for Request 96f30132-d717-428c-b691-aff1cee4560a: 1880 ms
Input: 5250000,
Cold Start: false
Unique ID: eb11be80-47fb-44ec-af2a-4fcfe3f38f2f,
Billed Duration for Request eb11be80-47fb-44ec-af2a-4fcfe3f38f2f: 1915 ms
Input: 5250000,
Cold Start: false
Unique ID: f544ff89-e9cf-4cf0-b917-2826767bffb7,
Billed Duration for Request f544ff89-e9cf-4cf0-b917-2826767bffb7: 1727 ms
Input: 5250000,
Cold Start: false
Unique ID: c1fd021e-37ad-4289-badd-645c04e44fca,
Billed Duration for Request c1fd021e-37ad-4289-badd-645c04e44fca: 1824 ms
Input: 5250000,
Cold Start: false
Unique ID: 50c13fa2-06ea-42b8-aa29-a6a8cdf00223,
Billed Duration for Request 50c13fa2-06ea-42b8-aa29-a6a8cdf00223: 1920 ms
Input: 5250000,
Cold Start: false
Unique ID: f4fc2dd2-5b00-477b-bc59-1e2a955bc7be,
Billed Duration for Request f4fc2dd2-5b00-477b-bc59-1e2a955bc7be: 1843 ms
Input: 5250000,
Cold Start: false
Unique ID: b558527d-95f5-4f8a-874f-760239a67ecf,
Billed Duration for Request b558527d-95f5-4f8a-874f-760239a67ecf: 1756 ms
Input: 5250000,
Cold Start: false
Unique ID: 35e9f4c8-4e49-408e-a2b5-0eb1638fac49,
Billed Duration for Request 35e9f4c8-4e49-408e-a2b5-0eb1638fac49: 1845 ms
Input: 5250000,
Cold Start: false
Unique ID: 7ccf9ef3-4269-48af-bf94-7af9cc449373,
Billed Duration for Request 7ccf9ef3-4269-48af-bf94-7af9cc449373: 1924 ms
Input: 5250000,
Cold Start: false
Unique ID: efd0fcad-226b-48f2-997e-4338383053eb,
Billed Duration for Request efd0fcad-226b-48f2-997e-4338383053eb: 1944 ms
Input: 5250000,
Cold Start: false
Unique ID: 2e7728ee-3c08-4e28-9711-b73455fa9eaa,
Billed Duration for Request 2e7728ee-3c08-4e28-9711-b73455fa9eaa: 1854 ms
Input: 5250000,
Cold Start: false
Unique ID: 549935fe-52ed-4ce0-8a97-aeed8bc71404,
Billed Duration for Request 549935fe-52ed-4ce0-8a97-aeed8bc71404: 1724 ms
Input: 5250000,
Cold Start: false
Unique ID: 020f12d6-5cc9-44cd-9cc5-96438d64a7ae,
Billed Duration for Request 020f12d6-5cc9-44cd-9cc5-96438d64a7ae: 1907 ms
Input: 5250000,
Cold Start: false
Unique ID: 89b24df4-bfb3-49d1-935d-9026f989eb57,
Billed Duration for Request 89b24df4-bfb3-49d1-935d-9026f989eb57: 1823 ms
Input: 5250000,
Cold Start: false
Unique ID: a617e2c6-40d0-400b-b4d6-1324125ff298,
Billed Duration for Request a617e2c6-40d0-400b-b4d6-1324125ff298: 1926 ms
Input: 5250000,
Cold Start: false
Unique ID: cc6c2c1b-424a-4a2d-be84-0b3177b997e9,
Billed Duration for Request cc6c2c1b-424a-4a2d-be84-0b3177b997e9: 1776 ms
Input: 5250000,
Cold Start: false
Unique ID: 062247a3-27f4-4546-9f32-9fd77b6eae11,
Billed Duration for Request 062247a3-27f4-4546-9f32-9fd77b6eae11: 1820 ms
Input: 5250000,
Cold Start: false
Unique ID: 0921dd42-0d28-4e1a-9a7b-0250d23e6a59,
Billed Duration for Request 0921dd42-0d28-4e1a-9a7b-0250d23e6a59: 1844 ms
Input: 5250000,
Cold Start: false
Unique ID: 09069beb-9f01-41be-bce4-5d0fe1b80b7f,
Billed Duration for Request 09069beb-9f01-41be-bce4-5d0fe1b80b7f: 1907 ms
Input: 5250000,
Cold Start: false
Unique ID: 2ca5846b-9074-4414-9d92-c336075eca12,
Billed Duration for Request 2ca5846b-9074-4414-9d92-c336075eca12: 1725 ms
Input: 5250000,
Cold Start: false
Unique ID: 31e4f354-18e9-4621-8cd6-5f9d382a9cba,
Billed Duration for Request 31e4f354-18e9-4621-8cd6-5f9d382a9cba: 1928 ms
Input: 5250000,
Cold Start: false
Unique ID: a8a0c939-b7e8-4ace-847a-e8247ddd3712,
Billed Duration for Request a8a0c939-b7e8-4ace-847a-e8247ddd3712: 1918 ms
Input: 5250000,
Cold Start: false
Unique ID: b63a6ba7-b8d5-477c-bdc9-4b438f6f2798,
Billed Duration for Request b63a6ba7-b8d5-477c-bdc9-4b438f6f2798: 1817 ms
Input: 5250000,
Cold Start: false
Unique ID: 1da88f7e-8b9c-4bb9-8c6d-adbced85ca84,
Billed Duration for Request 1da88f7e-8b9c-4bb9-8c6d-adbced85ca84: 1893 ms
Input: 5250000,
Cold Start: false
Unique ID: b16b2293-f040-4549-90ef-6af40e2baea8,
Billed Duration for Request b16b2293-f040-4549-90ef-6af40e2baea8: 1943 ms
Input: 5250000,
Cold Start: false
Unique ID: 48d1e111-31a2-4eb9-aeb2-31730b3687ac,
Billed Duration for Request 48d1e111-31a2-4eb9-aeb2-31730b3687ac: 1736 ms
Input: 5250000,
Cold Start: false
Unique ID: a75089e6-9ae2-4e19-9021-2ac7cace4474,
Billed Duration for Request a75089e6-9ae2-4e19-9021-2ac7cace4474: 1839 ms
Input: 5250000,
Cold Start: false
Unique ID: 625fd558-f9df-424c-a39c-13e5e9ab1291,
Billed Duration for Request 625fd558-f9df-424c-a39c-13e5e9ab1291: 1827 ms
Input: 5250000,
Cold Start: false
Unique ID: 1df4dc92-5bda-490a-8155-56ce2124fa8d,
Billed Duration for Request 1df4dc92-5bda-490a-8155-56ce2124fa8d: 1899 ms
Input: 5250000,
Cold Start: false
Unique ID: f08d849a-6d9c-49f5-b7b4-fdb061ada0e2,
Billed Duration for Request f08d849a-6d9c-49f5-b7b4-fdb061ada0e2: 1893 ms
Input: 5250000,
Cold Start: false
Unique ID: ac33d389-7856-44a4-a692-8cb1ce34a5d6,
Billed Duration for Request ac33d389-7856-44a4-a692-8cb1ce34a5d6: 1707 ms
Input: 5250000,
Cold Start: false
Unique ID: eefb0abd-60ba-4ad1-a5af-86aaaeed6301,
Billed Duration for Request eefb0abd-60ba-4ad1-a5af-86aaaeed6301: 1925 ms
Input: 5250000,
Cold Start: false
Unique ID: ac2e7a7d-1922-4027-aa91-da1a0e80feff,
Billed Duration for Request ac2e7a7d-1922-4027-aa91-da1a0e80feff: 1904 ms
Input: 5250000,
Cold Start: false
Unique ID: 7055c901-4a61-4b98-b7e8-a3ce40187fa5,
Billed Duration for Request 7055c901-4a61-4b98-b7e8-a3ce40187fa5: 1894 ms
Input: 5250000,
Cold Start: false
Unique ID: 4e915261-de78-4ee5-8955-b36462ddcd90,
Billed Duration for Request 4e915261-de78-4ee5-8955-b36462ddcd90: 1756 ms
Input: 5250000,
Cold Start: false
Unique ID: cbf2a20a-1ab6-432a-b6ea-e2e8654332e1,
Billed Duration for Request cbf2a20a-1ab6-432a-b6ea-e2e8654332e1: 1956 ms
Input: 5250000,
Cold Start: false
Unique ID: 94827c2f-5361-47f7-b32a-21613f4bdd8c,
Billed Duration for Request 94827c2f-5361-47f7-b32a-21613f4bdd8c: 1843 ms
Input: 5250000,
Cold Start: false
Unique ID: 2a23bb3b-12ed-4852-9214-bf4b3561917b,
Billed Duration for Request 2a23bb3b-12ed-4852-9214-bf4b3561917b: 1845 ms
Input: 5250000,
Cold Start: false
Unique ID: bcbbb27f-1177-476d-b163-a5305985efea,
Billed Duration for Request bcbbb27f-1177-476d-b163-a5305985efea: 1888 ms
Input: 5250000,
Cold Start: false
Unique ID: e67ab9d8-17df-4f0b-aedf-3f91c54bb98d,
Billed Duration for Request e67ab9d8-17df-4f0b-aedf-3f91c54bb98d: 1735 ms
Input: 5250000,
Cold Start: false
Unique ID: 6c2de025-f228-4261-9693-ba57dfb11894,
Billed Duration for Request 6c2de025-f228-4261-9693-ba57dfb11894: 1927 ms
Input: 5250000,
Cold Start: false
Unique ID: 14ff7fd5-449f-43df-9286-5ea8804d2aec,
Billed Duration for Request 14ff7fd5-449f-43df-9286-5ea8804d2aec: 1925 ms
Input: 5250000,
Cold Start: false
Unique ID: a233f1c4-d072-442e-a039-59ed9b378ec2,
Billed Duration for Request a233f1c4-d072-442e-a039-59ed9b378ec2: 1823 ms
Input: 5250000,
Cold Start: false
Unique ID: 37fe4413-a124-4f6a-88c2-a9e202dc9b35,
Billed Duration for Request 37fe4413-a124-4f6a-88c2-a9e202dc9b35: 1736 ms
Input: 5250000,
Cold Start: false
Unique ID: df094468-f050-4dfe-a267-b81bf610836c,
Billed Duration for Request df094468-f050-4dfe-a267-b81bf610836c: 1896 ms
Input: 5250000,
Cold Start: false
Unique ID: 0a2b4445-7a2b-4ca4-b736-c5f4b9a4b2ed,
Billed Duration for Request 0a2b4445-7a2b-4ca4-b736-c5f4b9a4b2ed: 1983 ms
Input: 5250000,
Cold Start: false
Unique ID: 830040ad-859f-4443-b656-8e6f5806172d,
Billed Duration for Request 830040ad-859f-4443-b656-8e6f5806172d: 1841 ms
Input: 5250000,
Cold Start: false
Unique ID: 709fdfad-b3c5-4b9a-a02f-d5f16c2bf49c,
Billed Duration for Request 709fdfad-b3c5-4b9a-a02f-d5f16c2bf49c: 1847 ms
Input: 5250000,
Cold Start: false
Unique ID: 3d99a898-6728-49bd-9f4c-f04f7c2f41ce,
Billed Duration for Request 3d99a898-6728-49bd-9f4c-f04f7c2f41ce: 1709 ms
Input: 5250000,
Cold Start: false
Unique ID: 8240eab2-5f7f-4aa1-800d-115361d58380,
Billed Duration for Request 8240eab2-5f7f-4aa1-800d-115361d58380: 1914 ms
Input: 5250000,
Cold Start: false
Unique ID: bd1d5efc-a8e5-44e7-b18e-bcedb69a44a7,
Billed Duration for Request bd1d5efc-a8e5-44e7-b18e-bcedb69a44a7: 1869 ms
Input: 5250000,
Cold Start: false
Unique ID: aeab03f6-d64a-415e-ab58-c6483c3e8621,
Billed Duration for Request aeab03f6-d64a-415e-ab58-c6483c3e8621: 1922 ms
Input: 5250000,
Cold Start: false
Unique ID: 87a1ebe4-810c-4398-9e64-7799352e7fc9,
Billed Duration for Request 87a1ebe4-810c-4398-9e64-7799352e7fc9: 1759 ms
Input: 5250000,
Cold Start: false
Unique ID: be3fdc22-4210-4595-b987-8997032333af,
Billed Duration for Request be3fdc22-4210-4595-b987-8997032333af: 1819 ms
Input: 5250000,
Cold Start: false
Unique ID: 95d801a7-abff-4243-b845-54837387d0db,
Billed Duration for Request 95d801a7-abff-4243-b845-54837387d0db: 1893 ms
Input: 5250000,
Cold Start: false
Unique ID: e78b1d33-8680-4732-8e35-ddfe6e9315e7,
Billed Duration for Request e78b1d33-8680-4732-8e35-ddfe6e9315e7: 1923 ms
Input: 5250000,
Cold Start: false
Unique ID: 3c1ef25c-f0b7-4672-81cc-10fd41ef10bb,
Billed Duration for Request 3c1ef25c-f0b7-4672-81cc-10fd41ef10bb: 1842 ms
Input: 5250000,
Cold Start: false
Unique ID: fcb4fcc7-ff7a-47a0-a747-e7f4d2a2e834,
Billed Duration for Request fcb4fcc7-ff7a-47a0-a747-e7f4d2a2e834: 1729 ms
Input: 5250000,
Cold Start: false
Unique ID: 5ed1b744-eeea-43f3-8e60-34ef717aa887,
Billed Duration for Request 5ed1b744-eeea-43f3-8e60-34ef717aa887: 1845 ms
Input: 5250000,
Cold Start: false
Unique ID: d24c6652-7235-4b79-8198-c2de0b5c7462,
Billed Duration for Request d24c6652-7235-4b79-8198-c2de0b5c7462: 1889 ms
Input: 5250000,
Cold Start: false
Unique ID: 0ca31463-ea29-4fe9-aacc-f0942ad143ba,
Billed Duration for Request 0ca31463-ea29-4fe9-aacc-f0942ad143ba: 1907 ms
Input: 5250000,
Cold Start: false
Unique ID: 88eb99c3-aa5f-44e1-899e-2cfb57c4ea8f,
Billed Duration for Request 88eb99c3-aa5f-44e1-899e-2cfb57c4ea8f: 1731 ms
Input: 5250000,
Cold Start: false
Unique ID: 29077b63-9dc2-411c-9d95-e30fac52496f,
Billed Duration for Request 29077b63-9dc2-411c-9d95-e30fac52496f: 1920 ms
Input: 5250000,
Cold Start: false
Unique ID: 375f0dab-19ab-4018-ab23-05c5bf09b959,
Billed Duration for Request 375f0dab-19ab-4018-ab23-05c5bf09b959: 1837 ms
Input: 5250000,
Cold Start: false
Unique ID: a71e8301-2cfa-45a6-a07b-88ac08666b7d,
Billed Duration for Request a71e8301-2cfa-45a6-a07b-88ac08666b7d: 1875 ms
Input: 5250000,
Cold Start: false
Unique ID: 5dfb09b7-d06d-49d0-85b0-569016e6f155,
Billed Duration for Request 5dfb09b7-d06d-49d0-85b0-569016e6f155: 1711 ms
Input: 5250000,
Cold Start: false
Unique ID: 13c617f5-9d6f-4826-ba05-0a8d56fbdfc5,
Billed Duration for Request 13c617f5-9d6f-4826-ba05-0a8d56fbdfc5: 1921 ms
Input: 5250000,
Cold Start: false
Unique ID: 9bdd8fa2-8bfa-4fdb-b139-c5d43bb36a5b,
Billed Duration for Request 9bdd8fa2-8bfa-4fdb-b139-c5d43bb36a5b: 1822 ms
Input: 5250000,
Cold Start: false
Unique ID: 0a51a2f2-918b-4ebc-b1ae-7d00dee02745,
Billed Duration for Request 0a51a2f2-918b-4ebc-b1ae-7d00dee02745: 1847 ms
Input: 5250000,
Cold Start: false
Unique ID: 6203eb35-6fb3-41c6-8794-7a931cb591d3,
Billed Duration for Request 6203eb35-6fb3-41c6-8794-7a931cb591d3: 1910 ms
Input: 5250000,
Cold Start: false
Unique ID: 3e11a3ae-30db-4d77-8e0f-038bd45a2c07,
Billed Duration for Request 3e11a3ae-30db-4d77-8e0f-038bd45a2c07: 1737 ms
Input: 5250000,
Cold Start: false
Unique ID: 7c42424c-8310-4c6c-a231-629e7d5c49a9,
Billed Duration for Request 7c42424c-8310-4c6c-a231-629e7d5c49a9: 1876 ms
Input: 5250000,
Cold Start: false
Unique ID: 9b6ad9a4-d234-4d31-a72d-ea329bd17e74,
Billed Duration for Request 9b6ad9a4-d234-4d31-a72d-ea329bd17e74: 1920 ms
Input: 5250000,
Cold Start: false
Unique ID: e6711276-04a7-4048-9fc9-13d909968d4c,
Billed Duration for Request e6711276-04a7-4048-9fc9-13d909968d4c: 1808 ms
Input: 5250000,
Cold Start: false
Unique ID: 40b54047-c01c-48de-810a-58a881a4a01c,
Billed Duration for Request 40b54047-c01c-48de-810a-58a881a4a01c: 1876 ms
Input: 5250000,
Cold Start: false
Unique ID: d9ae9a13-3655-467f-a390-840aa83fcfcf,
Billed Duration for Request d9ae9a13-3655-467f-a390-840aa83fcfcf: 1715 ms
Input: 5250000,
Cold Start: false
Unique ID: 86455a5d-0bb5-4ba8-97ee-10aca790be71,
Billed Duration for Request 86455a5d-0bb5-4ba8-97ee-10aca790be71: 1948 ms
Input: 5250000,
Cold Start: false
Unique ID: ebf575f5-50b7-45c8-a859-acd652224afb,
Billed Duration for Request ebf575f5-50b7-45c8-a859-acd652224afb: 1838 ms
Input: 5250000,
Cold Start: false
Unique ID: 15830858-9f84-43ed-8125-b51dbc159bea,
Billed Duration for Request 15830858-9f84-43ed-8125-b51dbc159bea: 1843 ms
Input: 5250000,
Cold Start: false
Unique ID: 313b4ccf-6778-48aa-a2fc-11eea54724ca,
Billed Duration for Request 313b4ccf-6778-48aa-a2fc-11eea54724ca: 1760 ms
Input: 5250000,
Cold Start: false
Unique ID: 339a0642-b223-4ba4-a61f-c8f35d176525,
Billed Duration for Request 339a0642-b223-4ba4-a61f-c8f35d176525: 1904 ms
Input: 5250000,
Cold Start: false
Unique ID: a555bb86-c750-4ac8-ab64-97ccfa34bbd1,
Billed Duration for Request a555bb86-c750-4ac8-ab64-97ccfa34bbd1: 1893 ms
Input: 5250000,
Cold Start: false
Unique ID: 8aea1fb2-93af-433b-b467-e437b68d1a0f,
Billed Duration for Request 8aea1fb2-93af-433b-b467-e437b68d1a0f: 1961 ms
Input: 5250000,
Cold Start: false
Unique ID: 0a55a7c4-861b-4f3a-8842-bcf3adced69f,
Billed Duration for Request 0a55a7c4-861b-4f3a-8842-bcf3adced69f: 1835 ms
Input: 5250000,
Cold Start: false
Unique ID: 200943d3-4a7c-4b00-aa6e-b24d78d3b4dc,
Billed Duration for Request 200943d3-4a7c-4b00-aa6e-b24d78d3b4dc: 1875 ms
Input: 5250000,
Cold Start: false
Unique ID: 16059e10-b782-4856-8788-9ded77d2884e,
Billed Duration for Request 16059e10-b782-4856-8788-9ded77d2884e: 1924 ms
Input: 5250000,
Cold Start: false
Unique ID: 0d8d0ff7-2799-4824-b0c1-12f1b96da17f,
Billed Duration for Request 0d8d0ff7-2799-4824-b0c1-12f1b96da17f: 1733 ms
Input: 5250000,
Cold Start: false
Unique ID: 657b1262-c825-4266-b023-f85a629dd20a,
Billed Duration for Request 657b1262-c825-4266-b023-f85a629dd20a: 1822 ms
Input: 5250000,
Cold Start: false
Unique ID: 64d41cfc-1a94-42b0-bceb-5055453c72d6,
Billed Duration for Request 64d41cfc-1a94-42b0-bceb-5055453c72d6: 1738 ms
Input: 5250000,
Cold Start: false
Unique ID: c5bfcd9e-6785-48f1-9003-cf5eece222e6,
Billed Duration for Request c5bfcd9e-6785-48f1-9003-cf5eece222e6: 1837 ms
Input: 5250000,
Cold Start: false
Unique ID: d14d75cb-50a7-4c91-8bf6-fe1fd765a50a,
Billed Duration for Request d14d75cb-50a7-4c91-8bf6-fe1fd765a50a: 1926 ms
Input: 5250000,
Cold Start: false
Unique ID: ed3ce906-2b78-4b7f-bd8b-6ce8db60f693,
Billed Duration for Request ed3ce906-2b78-4b7f-bd8b-6ce8db60f693: 1853 ms
Input: 5250000,
Cold Start: false
Unique ID: 0c9ae9eb-0ea2-41da-a178-ffc9a254624f,
Billed Duration for Request 0c9ae9eb-0ea2-41da-a178-ffc9a254624f: 1921 ms
Input: 5250000,
Cold Start: false
Unique ID: f830bf38-00b2-40f6-9247-e6552b059c64,
Billed Duration for Request f830bf38-00b2-40f6-9247-e6552b059c64: 1902 ms
Input: 5250000,
Cold Start: false
Unique ID: eeb93b47-4b89-454a-a7a5-0395c4a72b32,
Billed Duration for Request eeb93b47-4b89-454a-a7a5-0395c4a72b32: 1870 ms
Input: 5250000,
Cold Start: false
Unique ID: e83554a3-c954-4c23-b5a7-a4af8097751c,
Billed Duration for Request e83554a3-c954-4c23-b5a7-a4af8097751c: 1714 ms
Input: 5250000,
Cold Start: false
Unique ID: 7632b599-f964-487e-9dc0-f670c9693776,
Billed Duration for Request 7632b599-f964-487e-9dc0-f670c9693776: 1943 ms
Input: 5250000,
Cold Start: false
Unique ID: c9213b9f-71f9-45d4-acdf-ec6270f11706,
Billed Duration for Request c9213b9f-71f9-45d4-acdf-ec6270f11706: 1759 ms
Input: 5250000,
Cold Start: false
Unique ID: 198b06b1-c054-4c0f-858c-ef5535a74ecc,
Billed Duration for Request 198b06b1-c054-4c0f-858c-ef5535a74ecc: 1817 ms
Input: 5250000,
Cold Start: false
Unique ID: 66b13002-802e-41de-b513-3c5e8d038afe,
Billed Duration for Request 66b13002-802e-41de-b513-3c5e8d038afe: 1849 ms
Input: 5250000,
Cold Start: false
Unique ID: 568824a3-8394-4c93-9b02-aab201f1ddce,
Billed Duration for Request 568824a3-8394-4c93-9b02-aab201f1ddce: 1922 ms
Input: 5250000,
Cold Start: false
Unique ID: 35af43c7-d40a-4d2f-920c-6cef89623d84,
Billed Duration for Request 35af43c7-d40a-4d2f-920c-6cef89623d84: 1895 ms
Input: 5250000,
Cold Start: false
Unique ID: dfec2a80-ff07-42bf-8838-4f515c318cd3,
Billed Duration for Request dfec2a80-ff07-42bf-8838-4f515c318cd3: 1908 ms
Input: 5250000,
Cold Start: false
Unique ID: 6a9464ed-25f9-41be-b8a7-992d79a640c6,
Billed Duration for Request 6a9464ed-25f9-41be-b8a7-992d79a640c6: 1821 ms
Input: 5250000,
Cold Start: false
Unique ID: 931b2434-c680-46a9-b60c-379753c1642e,
Billed Duration for Request 931b2434-c680-46a9-b60c-379753c1642e: 1873 ms
Input: 5250000,
Cold Start: false
Unique ID: 3f3eb2a9-44f9-4e4b-a8f9-94771eaee88e,
Billed Duration for Request 3f3eb2a9-44f9-4e4b-a8f9-94771eaee88e: 1709 ms
Input: 5250000,
Cold Start: false
Unique ID: 27c77a73-e94f-49ea-9e20-dede7bf77257,
Billed Duration for Request 27c77a73-e94f-49ea-9e20-dede7bf77257: 1761 ms
Input: 5250000,
Cold Start: false
Unique ID: 41ba4d45-8a06-460f-b61c-3f4908124f67,
Billed Duration for Request 41ba4d45-8a06-460f-b61c-3f4908124f67: 1938 ms
Input: 5250000,
Cold Start: false
Unique ID: 7000df5c-a0e4-426a-b75c-e8293acb7d63,
Billed Duration for Request 7000df5c-a0e4-426a-b75c-e8293acb7d63: 1816 ms
Input: 5250000,
Cold Start: false
Unique ID: 695d26f9-7679-43f9-ad5f-edefa8257062,
Billed Duration for Request 695d26f9-7679-43f9-ad5f-edefa8257062: 1828 ms
Input: 5250000,
Cold Start: false
Unique ID: a2380fe6-28af-4192-8585-7040de2eb3e8,
Billed Duration for Request a2380fe6-28af-4192-8585-7040de2eb3e8: 1966 ms
Input: 5250000,
Cold Start: false
Unique ID: 25d87668-dfdf-4e51-93d2-80e5640aa828,
Billed Duration for Request 25d87668-dfdf-4e51-93d2-80e5640aa828: 1861 ms
Input: 5250000,
Cold Start: false
Unique ID: 721da903-a9e2-49bc-9f1b-deebd150a749,
Billed Duration for Request 721da903-a9e2-49bc-9f1b-deebd150a749: 1907 ms
Input: 5250000,
Cold Start: false
Unique ID: 1303fe57-13db-4a3a-b55b-033b5a723838,
Billed Duration for Request 1303fe57-13db-4a3a-b55b-033b5a723838: 1845 ms
Input: 5250000,
Cold Start: false
Unique ID: a0030e93-2b1e-42f3-aa47-28439d145ba0,
Billed Duration for Request a0030e93-2b1e-42f3-aa47-28439d145ba0: 1730 ms
Input: 5250000,
Cold Start: false
Unique ID: 8e6e05b7-7b5a-4fb6-8ae1-29f35c7ac44f,
Billed Duration for Request 8e6e05b7-7b5a-4fb6-8ae1-29f35c7ac44f: 1749 ms
Input: 5250000,
Cold Start: false
Unique ID: b29dda64-2306-464d-b581-82b64876f4cd,
Billed Duration for Request b29dda64-2306-464d-b581-82b64876f4cd: 1874 ms
Input: 5250000,
Cold Start: false
Unique ID: 7f8d6fcf-f70f-44e3-8398-8b7e721284aa,
Billed Duration for Request 7f8d6fcf-f70f-44e3-8398-8b7e721284aa: 1941 ms
Input: 5250000,
Cold Start: false
Unique ID: c89ca3b8-bf63-4062-9e8b-0467d40769ef,
Billed Duration for Request c89ca3b8-bf63-4062-9e8b-0467d40769ef: 1822 ms
Input: 5250000,
Cold Start: false
Unique ID: 20c2d639-5fee-4da2-ac93-0c42c928339c,
Billed Duration for Request 20c2d639-5fee-4da2-ac93-0c42c928339c: 1844 ms
Input: 5250000,
Cold Start: false
Unique ID: ad026f86-4238-4d81-aaa5-605a9b149a9e,
Billed Duration for Request ad026f86-4238-4d81-aaa5-605a9b149a9e: 1922 ms
Input: 5250000,
Cold Start: false
Unique ID: eb30d8e7-0e91-4731-9cc6-d9b65e909c57,
Billed Duration for Request eb30d8e7-0e91-4731-9cc6-d9b65e909c57: 1907 ms
Input: 5250000,
Cold Start: false
Unique ID: bf236dd1-6151-4b44-9d61-2eb96c97e5fb,
Billed Duration for Request bf236dd1-6151-4b44-9d61-2eb96c97e5fb: 1909 ms
Input: 5250000,
Cold Start: false
Unique ID: 8dd9e43b-2bf9-43b5-b984-fb59f331d8c4,
Billed Duration for Request 8dd9e43b-2bf9-43b5-b984-fb59f331d8c4: 1752 ms
Input: 5250000,
Cold Start: false
Unique ID: d336b0e4-b578-4fe5-a8ad-9e23d025f3ca,
Billed Duration for Request d336b0e4-b578-4fe5-a8ad-9e23d025f3ca: 1824 ms
Input: 5250000,
Cold Start: false
Unique ID: 7f14ac27-5ff7-466b-9823-90f4eab05cbd,
Billed Duration for Request 7f14ac27-5ff7-466b-9823-90f4eab05cbd: 1714 ms
Input: 5250000,
Cold Start: false
Unique ID: fb666d01-19d1-4f4d-bd9a-a04a06a724c6,
Billed Duration for Request fb666d01-19d1-4f4d-bd9a-a04a06a724c6: 1897 ms
Input: 5250000,
Cold Start: false
Unique ID: b5e4e7be-e1db-4e9c-8fab-d1289fa00b29,
Billed Duration for Request b5e4e7be-e1db-4e9c-8fab-d1289fa00b29: 1938 ms
Input: 5250000,
Cold Start: false
Unique ID: ea8d0e32-aa6b-4c93-80e1-1b297ca3a81c,
Billed Duration for Request ea8d0e32-aa6b-4c93-80e1-1b297ca3a81c: 1818 ms
Input: 5250000,
Cold Start: false
Unique ID: c6ac7a30-b424-445c-b3e7-78668b655df1,
Billed Duration for Request c6ac7a30-b424-445c-b3e7-78668b655df1: 1847 ms
Input: 5250000,
Cold Start: false
Unique ID: 6adb664a-1e9b-4ccf-86b4-10f656761286,
Billed Duration for Request 6adb664a-1e9b-4ccf-86b4-10f656761286: 1907 ms
Input: 5250000,
Cold Start: false
Unique ID: 2474fb0a-573b-4130-8eb1-274590499a0c,
Billed Duration for Request 2474fb0a-573b-4130-8eb1-274590499a0c: 1873 ms
Input: 5250000,
Cold Start: false
Unique ID: 3b94d194-b240-41fe-89aa-8163ae05ac68,
Billed Duration for Request 3b94d194-b240-41fe-89aa-8163ae05ac68: 1731 ms
Input: 5250000,
Cold Start: false
Unique ID: d4d39a71-0406-41c9-af77-113d417c29bd,
Billed Duration for Request d4d39a71-0406-41c9-af77-113d417c29bd: 1921 ms
Input: 5250000,
Cold Start: false
Unique ID: c8debd0e-8066-47d1-98ac-af92cba09a0d,
Billed Duration for Request c8debd0e-8066-47d1-98ac-af92cba09a0d: 1776 ms
Input: 5250000,
Cold Start: false
Unique ID: b9188ebf-e3bc-4454-aa4a-65977274bf48,
Billed Duration for Request b9188ebf-e3bc-4454-aa4a-65977274bf48: 1829 ms
Input: 5250000,
Cold Start: false
Unique ID: 519f1b92-d6af-4ec7-b9ab-f806d4646576,
Billed Duration for Request 519f1b92-d6af-4ec7-b9ab-f806d4646576: 1875 ms
Input: 5250000,
Cold Start: false
Unique ID: 78296ea8-cc59-4ec8-bf6e-6770af3cd421,
Billed Duration for Request 78296ea8-cc59-4ec8-bf6e-6770af3cd421: 1847 ms
Input: 5250000,
Cold Start: false
Unique ID: 18c6224c-6344-4aa0-8712-d92290dc486f,
Billed Duration for Request 18c6224c-6344-4aa0-8712-d92290dc486f: 1913 ms
Input: 5250000,
Cold Start: false
Unique ID: e8de8d71-7548-43f3-928e-f0d7f9be5a89,
Billed Duration for Request e8de8d71-7548-43f3-928e-f0d7f9be5a89: 1841 ms
Input: 5250000,
Cold Start: false
