Unique ID: 2fa69c19959245033cf33cfc750b7cce,
Execution Time for Trace ID 2fa69c19959245033cf33cfc750b7cce: 1450 ms
Input: 5000000,
Cold Start: false
Unique ID: 18fae9a345c1335d3bddd7a0a0f25f29,
Execution Time for Trace ID 18fae9a345c1335d3bddd7a0a0f25f29: 760 ms
Input: 5000000,
Cold Start: false
Unique ID: 083e382cf9dfefe7acb4396c9c0b6870,
Execution Time for Trace ID 083e382cf9dfefe7acb4396c9c0b6870: 1574 ms
Input: 5000000,
Cold Start: false
Unique ID: 4018221f3539c0c1ed98779c0ca2c789,
Execution Time for Trace ID 4018221f3539c0c1ed98779c0ca2c789: 1382 ms
Input: 5000000,
Cold Start: false
Unique ID: cc46fe82bfc6ff0107e9df10c8adfb20,
Execution Time for Trace ID cc46fe82bfc6ff0107e9df10c8adfb20: 2110 ms
Input: 5000000,
Cold Start: false
Unique ID: 4c23f049f639fd200940a6aaf9d5af06,
Execution Time for Trace ID 4c23f049f639fd200940a6aaf9d5af06: 1364 ms
Input: 5000000,
Cold Start: false
Unique ID: c3451b80967ded842ecb37dcdeef822e,
Execution Time for Trace ID c3451b80967ded842ecb37dcdeef822e: 2040 ms
Input: 5000000,
Cold Start: false
Unique ID: b1414d481b0cf4334bc07928797275fe,
Execution Time for Trace ID b1414d481b0cf4334bc07928797275fe: 1901 ms
Input: 5000000,
Cold Start: false
Unique ID: f81a689a6e1fd12018c72f551010d85c,
Execution Time for Trace ID f81a689a6e1fd12018c72f551010d85c: 1778 ms
Input: 5000000,
Cold Start: false
Unique ID: e0018602c073ee5e40653612e887894b,
Execution Time for Trace ID e0018602c073ee5e40653612e887894b: 1874 ms
Input: 5000000,
Cold Start: false
Unique ID: 0fdf298b1fa427f81a6e75d98ae161d5,
Execution Time for Trace ID 0fdf298b1fa427f81a6e75d98ae161d5: 1571 ms
Input: 5000000,
Cold Start: false
Unique ID: aab05f2b2a9c6b83bf32e5260c32ac27,
Execution Time for Trace ID aab05f2b2a9c6b83bf32e5260c32ac27: 1489 ms
Input: 5000000,
Cold Start: false
Unique ID: 1870aac6462b3512b2ef43d4e7a5f1b2,
Execution Time for Trace ID 1870aac6462b3512b2ef43d4e7a5f1b2: 1455 ms
Input: 5000000,
Cold Start: false
Unique ID: f6b77fc9a0306830a348c6afba7c7e92,
Execution Time for Trace ID f6b77fc9a0306830a348c6afba7c7e92: 1464 ms
Input: 5000000,
Cold Start: false
Unique ID: f86e392a66355f9e8aa1bcd41878f56f,
Execution Time for Trace ID f86e392a66355f9e8aa1bcd41878f56f: 1491 ms
Input: 5000000,
Cold Start: false
Unique ID: efdf882054d4a7d62f13075b57dbb0f7,
Execution Time for Trace ID efdf882054d4a7d62f13075b57dbb0f7: 1383 ms
Input: 5000000,
Cold Start: false
Unique ID: 6398d7a1f42fa34400610d74d6d5b2d2,
Execution Time for Trace ID 6398d7a1f42fa34400610d74d6d5b2d2: 2029 ms
Input: 5000000,
Cold Start: false
Unique ID: 9d9122fa363407edc1eed0e33f9aebea,
Execution Time for Trace ID 9d9122fa363407edc1eed0e33f9aebea: 1918 ms
Input: 5000000,
Cold Start: false
Unique ID: b34e0592be98949f6d7f101f9591c5ff,
Execution Time for Trace ID b34e0592be98949f6d7f101f9591c5ff: 3481 ms
Input: 5000000,
Cold Start: false
Unique ID: add65c59abd6cf2b609868072dd3a6b9,
Execution Time for Trace ID add65c59abd6cf2b609868072dd3a6b9: 1780 ms
Input: 5000000,
Cold Start: false
Unique ID: 9781efc52f7535ed6cfaecf0e5685e93,
Execution Time for Trace ID 9781efc52f7535ed6cfaecf0e5685e93: 1764 ms
Input: 5000000,
Cold Start: false
Unique ID: 45097b16c035df44949037a4dd735061,
Execution Time for Trace ID 45097b16c035df44949037a4dd735061: 1697 ms
Input: 5000000,
Cold Start: false
Unique ID: 8eef8b4b8e371ac285efa903db0c1e2a,
Execution Time for Trace ID 8eef8b4b8e371ac285efa903db0c1e2a: 1680 ms
Input: 5000000,
Cold Start: false
Unique ID: 347f5ed869a83249feca7205e91ede44,
Execution Time for Trace ID 347f5ed869a83249feca7205e91ede44: 1669 ms
Input: 5000000,
Cold Start: false
Unique ID: 1732481e3ee33e876c64df7d5cd61fd1,
Execution Time for Trace ID 1732481e3ee33e876c64df7d5cd61fd1: 1800 ms
Input: 5000000,
Cold Start: false
Unique ID: 18ffebcff52c465660aab2dbd274faaf,
Execution Time for Trace ID 18ffebcff52c465660aab2dbd274faaf: 1783 ms
Input: 5000000,
Cold Start: false
Unique ID: fb00fc1f3095114974f56266929bfd9e,
Execution Time for Trace ID fb00fc1f3095114974f56266929bfd9e: 1418 ms
Input: 5000000,
Cold Start: false
Unique ID: cb53fe0c7b94bb99f1bb89b81268e107,
Execution Time for Trace ID cb53fe0c7b94bb99f1bb89b81268e107: 1900 ms
Input: 5000000,
Cold Start: false
Unique ID: 30198ea53207f81bf7132b19a659bd2a,
Execution Time for Trace ID 30198ea53207f81bf7132b19a659bd2a: 1984 ms
Input: 5000000,
Cold Start: false
Unique ID: 8db3aa2193f392a5cc56c800f1517128,
Execution Time for Trace ID 8db3aa2193f392a5cc56c800f1517128: 1694 ms
Input: 5000000,
Cold Start: false
Unique ID: 2b7985593824b5ac939627f9588fda60,
Execution Time for Trace ID 2b7985593824b5ac939627f9588fda60: 1572 ms
Input: 5000000,
Cold Start: false
Unique ID: 4b4cece52d85ec9660abb2d787c94519,
Execution Time for Trace ID 4b4cece52d85ec9660abb2d787c94519: 1474 ms
Input: 5000000,
Cold Start: false
Unique ID: b696478613780261da8bcf3b540030c7,
Execution Time for Trace ID b696478613780261da8bcf3b540030c7: 1886 ms
Input: 5000000,
Cold Start: false
Unique ID: 132c07c5d07e41d37e76c2dbb464c7ff,
Execution Time for Trace ID 132c07c5d07e41d37e76c2dbb464c7ff: 1523 ms
Input: 5000000,
Cold Start: false
Unique ID: 38f09ac0b99c7abc04f421f7aadcd698,
Execution Time for Trace ID 38f09ac0b99c7abc04f421f7aadcd698: 1597 ms
Input: 5000000,
Cold Start: false
Unique ID: 901a6ca06600a58931a2746cb834613b,
Execution Time for Trace ID 901a6ca06600a58931a2746cb834613b: 1866 ms
Input: 5000000,
Cold Start: false
Unique ID: 3f499e5c7e903ef64989df8a9b9062f6,
Execution Time for Trace ID 3f499e5c7e903ef64989df8a9b9062f6: 1535 ms
Input: 5000000,
Cold Start: false
Unique ID: 65dad16bbd9cac898b3efa1826770fe4,
Execution Time for Trace ID 65dad16bbd9cac898b3efa1826770fe4: 1461 ms
Input: 5000000,
Cold Start: false
Unique ID: 0b7a561f8eee39fc19149d1caea2196c,
Execution Time for Trace ID 0b7a561f8eee39fc19149d1caea2196c: 1966 ms
Input: 5000000,
Cold Start: false
Unique ID: f055a9f654cb2f55fdddf8bbaabfef69,
Execution Time for Trace ID f055a9f654cb2f55fdddf8bbaabfef69: 1603 ms
Input: 5000000,
Cold Start: false
Unique ID: 96aaa566862043d4dd0bb66fc974ca92,
Execution Time for Trace ID 96aaa566862043d4dd0bb66fc974ca92: 1858 ms
Input: 5000000,
Cold Start: false
Unique ID: 276b5fe09b74ec20b2f5cb1d28501db6,
Execution Time for Trace ID 276b5fe09b74ec20b2f5cb1d28501db6: 1686 ms
Input: 5000000,
Cold Start: false
Unique ID: 300c6a6d02e4fdde00fe537626bcea7c,
Execution Time for Trace ID 300c6a6d02e4fdde00fe537626bcea7c: 1496 ms
Input: 5000000,
Cold Start: false
Unique ID: 77b1bb22d17b554ab8d6104bd42ba264,
Execution Time for Trace ID 77b1bb22d17b554ab8d6104bd42ba264: 1332 ms
Input: 5000000,
Cold Start: false
Unique ID: e97e94b50e84f147abce53e219731ca8,
Execution Time for Trace ID e97e94b50e84f147abce53e219731ca8: 1797 ms
Input: 5000000,
Cold Start: false
Unique ID: a7f32a3bd5b3827fb54a6fe18e5a4843,
Execution Time for Trace ID a7f32a3bd5b3827fb54a6fe18e5a4843: 1534 ms
Input: 5000000,
Cold Start: false
Unique ID: 0053648677d233f2715a09692586c463,
Execution Time for Trace ID 0053648677d233f2715a09692586c463: 1427 ms
Input: 5000000,
Cold Start: false
Unique ID: 9d161b493b0d5e72dcf31e639a72b91b,
Execution Time for Trace ID 9d161b493b0d5e72dcf31e639a72b91b: 1371 ms
Input: 5000000,
Cold Start: false
Unique ID: 32006608cc9ce063ea13b510b4373d21,
Execution Time for Trace ID 32006608cc9ce063ea13b510b4373d21: 1571 ms
Input: 5000000,
Cold Start: false
Unique ID: b4344d8b31fbbf0d8bc2cc05a86a6f4e,
Execution Time for Trace ID b4344d8b31fbbf0d8bc2cc05a86a6f4e: 1360 ms
Input: 5000000,
Cold Start: false
Unique ID: 10ae9c47462b18910aaf622cef4638a4,
Execution Time for Trace ID 10ae9c47462b18910aaf622cef4638a4: 1483 ms
Input: 5000000,
Cold Start: false
Unique ID: 5b9223e986c0ad5a8dc10f3aab5f1566,
Execution Time for Trace ID 5b9223e986c0ad5a8dc10f3aab5f1566: 1339 ms
Input: 5000000,
Cold Start: false
Unique ID: a6f0455d59abd1035a5205996ba20e56,
Execution Time for Trace ID a6f0455d59abd1035a5205996ba20e56: 1763 ms
Input: 5000000,
Cold Start: false
Unique ID: 78f883cf45f5894444696daa6ea92a25,
Execution Time for Trace ID 78f883cf45f5894444696daa6ea92a25: 1502 ms
Input: 5000000,
Cold Start: false
Unique ID: 5b528f3503d252e67e7b2daf2860a31f,
Execution Time for Trace ID 5b528f3503d252e67e7b2daf2860a31f: 1774 ms
Input: 5000000,
Cold Start: false
Unique ID: 392a5e2d141d83571f4701a2425c0df9,
Execution Time for Trace ID 392a5e2d141d83571f4701a2425c0df9: 1431 ms
Input: 5000000,
Cold Start: false
Unique ID: f2bcb744734be590296a3f8a9371f00b,
Execution Time for Trace ID f2bcb744734be590296a3f8a9371f00b: 1693 ms
Input: 5000000,
Cold Start: false
Unique ID: 46567c8b59f719ff816192ffbed19fcb,
Execution Time for Trace ID 46567c8b59f719ff816192ffbed19fcb: 1468 ms
Input: 5000000,
Cold Start: false
Unique ID: 88be33897a6be573747357c1f3990472,
Execution Time for Trace ID 88be33897a6be573747357c1f3990472: 1678 ms
Input: 5000000,
Cold Start: false
Unique ID: b4f085ec5bcfa1caf61902627a8e04fc,
Execution Time for Trace ID b4f085ec5bcfa1caf61902627a8e04fc: 1529 ms
Input: 5000000,
Cold Start: false
Unique ID: 8d6d6083bb8cfa20d543ff681efbda46,
Execution Time for Trace ID 8d6d6083bb8cfa20d543ff681efbda46: 1364 ms
Input: 5000000,
Cold Start: false
Unique ID: 16d293b74be9589ab22005531d74665e,
Execution Time for Trace ID 16d293b74be9589ab22005531d74665e: 2162 ms
Input: 5000000,
Cold Start: false
Unique ID: ae02d352200502094dac5c14317ee5b5,
Execution Time for Trace ID ae02d352200502094dac5c14317ee5b5: 1488 ms
Input: 5000000,
Cold Start: false
Unique ID: 8569e7bfbe8fd433f2a9a4bf4b123a49,
Execution Time for Trace ID 8569e7bfbe8fd433f2a9a4bf4b123a49: 1453 ms
Input: 5000000,
Cold Start: false
Unique ID: f4f53083037a106f6e9996ba4253ad83,
Execution Time for Trace ID f4f53083037a106f6e9996ba4253ad83: 2266 ms
Input: 5000000,
Cold Start: false
Unique ID: 182d67b8f41205e13790066225fa344c,
Execution Time for Trace ID 182d67b8f41205e13790066225fa344c: 1723 ms
Input: 5000000,
Cold Start: false
Unique ID: 8c41c99abd894bbb7a6480032e6162f5,
Execution Time for Trace ID 8c41c99abd894bbb7a6480032e6162f5: 560 ms
Input: 5000000,
Cold Start: false
Unique ID: 54104d139beed1319ec8b09856df1730,
Execution Time for Trace ID 54104d139beed1319ec8b09856df1730: 2266 ms
Input: 5000000,
Cold Start: true
Unique ID: f5b0cee2b0648c7f2f099c49f1648e59,
Execution Time for Trace ID f5b0cee2b0648c7f2f099c49f1648e59: 1799 ms
Input: 5000000,
Cold Start: false
Unique ID: 749200dd9344e3be48d41353e82654a7,
Execution Time for Trace ID 749200dd9344e3be48d41353e82654a7: 1620 ms
Input: 5000000,
Cold Start: false
Unique ID: cddddce091ad00f85bed70e38d1e0e44,
Execution Time for Trace ID cddddce091ad00f85bed70e38d1e0e44: 1540 ms
Input: 5000000,
Cold Start: false
Unique ID: 7c3f7c1598887b7d2e6c03a42ed00004,
Execution Time for Trace ID 7c3f7c1598887b7d2e6c03a42ed00004: 1881 ms
Input: 5000000,
Cold Start: false
Unique ID: 3a6e23bcab617c22a51041b9c30cfc5b,
Execution Time for Trace ID 3a6e23bcab617c22a51041b9c30cfc5b: 1368 ms
Input: 5000000,
Cold Start: false
Unique ID: a02127ebe3b2f9b6bb68a1928377f4b2,
Execution Time for Trace ID a02127ebe3b2f9b6bb68a1928377f4b2: 1901 ms
Input: 5000000,
Cold Start: false
Unique ID: 1bce367a790c2d7f5ad57f48338a9bb7,
Execution Time for Trace ID 1bce367a790c2d7f5ad57f48338a9bb7: 1567 ms
Input: 5000000,
Cold Start: false
Unique ID: a419266a81ae987fa92560bae23a005f,
Execution Time for Trace ID a419266a81ae987fa92560bae23a005f: 1376 ms
Input: 5000000,
Cold Start: false
Unique ID: 15130c5b198ac5fd7a54aac73b185855,
Execution Time for Trace ID 15130c5b198ac5fd7a54aac73b185855: 1569 ms
Input: 5000000,
Cold Start: false
Unique ID: 45c441177d0ed31c8c29f31ed50012d7,
Execution Time for Trace ID 45c441177d0ed31c8c29f31ed50012d7: 1482 ms
Input: 5000000,
Cold Start: false
Unique ID: 4b31906c93558cc4e38c21145ed62505,
Execution Time for Trace ID 4b31906c93558cc4e38c21145ed62505: 1523 ms
Input: 5000000,
Cold Start: false
Unique ID: 76b0abcd965451b281ad751146c1f983,
Execution Time for Trace ID 76b0abcd965451b281ad751146c1f983: 1433 ms
Input: 5000000,
Cold Start: false
Unique ID: a448e513adbf9ccf1874a782aa1de16a,
Execution Time for Trace ID a448e513adbf9ccf1874a782aa1de16a: 1464 ms
Input: 5000000,
Cold Start: false
Unique ID: 4ff391ed2c2bb944b87bd9e9d1eda213,
Execution Time for Trace ID 4ff391ed2c2bb944b87bd9e9d1eda213: 1696 ms
Input: 5000000,
Cold Start: false
Unique ID: 4d1de113bb5bf2645b2a1b5a374748dd,
Execution Time for Trace ID 4d1de113bb5bf2645b2a1b5a374748dd: 1492 ms
Input: 5000000,
Cold Start: false
Unique ID: fc62891f0d67ea3621356e5a2d820cbb,
Execution Time for Trace ID fc62891f0d67ea3621356e5a2d820cbb: 1762 ms
Input: 5000000,
Cold Start: false
Unique ID: b29fb299b0749ebb9a3a00a5054fd4e6,
Execution Time for Trace ID b29fb299b0749ebb9a3a00a5054fd4e6: 1667 ms
Input: 5000000,
Cold Start: false
Unique ID: 074a2948833de8424f2b82c044f8fbbd,
Execution Time for Trace ID 074a2948833de8424f2b82c044f8fbbd: 1355 ms
Input: 5000000,
Cold Start: false
Unique ID: 2ef67eb98320f574bc36f642e8bcf0fa,
Execution Time for Trace ID 2ef67eb98320f574bc36f642e8bcf0fa: 1696 ms
Input: 5000000,
Cold Start: false
Unique ID: c62d5ccecb91cc3b1066f777f1d93fdc,
Execution Time for Trace ID c62d5ccecb91cc3b1066f777f1d93fdc: 1420 ms
Input: 5000000,
Cold Start: false
Unique ID: f36c9d1ab27d2f50c892c3774616171b,
Execution Time for Trace ID f36c9d1ab27d2f50c892c3774616171b: 1372 ms
Input: 5000000,
Cold Start: false
Unique ID: 3cd54222246e61c24dd66dcd36fc9202,
Execution Time for Trace ID 3cd54222246e61c24dd66dcd36fc9202: 1429 ms
Input: 5000000,
Cold Start: false
Unique ID: b4f42c645ef10ef574bfca82f22d27ca,
Execution Time for Trace ID b4f42c645ef10ef574bfca82f22d27ca: 1667 ms
Input: 5000000,
Cold Start: false
Unique ID: 211e808a041e6c15f89e96a01b8df2ad,
Execution Time for Trace ID 211e808a041e6c15f89e96a01b8df2ad: 1779 ms
Input: 5000000,
Cold Start: false
Unique ID: 33c272ab1765e3023d007b07a77857b9,
Execution Time for Trace ID 33c272ab1765e3023d007b07a77857b9: 2062 ms
Input: 5000000,
Cold Start: false
Unique ID: a1b9d0055579f87771402bec96177c25,
Execution Time for Trace ID a1b9d0055579f87771402bec96177c25: 1574 ms
Input: 5000000,
Cold Start: false
Unique ID: be4c820edb670ff084d04b2095c05041,
Execution Time for Trace ID be4c820edb670ff084d04b2095c05041: 1773 ms
Input: 5000000,
Cold Start: false
Unique ID: 85f848e242fd2343124f967f26cef593,
Execution Time for Trace ID 85f848e242fd2343124f967f26cef593: 859 ms
Input: 5000000,
Cold Start: false
Unique ID: 13c5da6d31623465566a4e6d836ce170,
Execution Time for Trace ID 13c5da6d31623465566a4e6d836ce170: 1676 ms
Input: 5000000,
Cold Start: false
Unique ID: b6652b89485282c092510201969c1a79,
Execution Time for Trace ID b6652b89485282c092510201969c1a79: 1476 ms
Input: 5000000,
Cold Start: false
Unique ID: 824354ea03a0e577adb976edff57a4a8,
Execution Time for Trace ID 824354ea03a0e577adb976edff57a4a8: 1429 ms
Input: 5000000,
Cold Start: false
Unique ID: 871ce093be2e9678614e00a5b5529f50,
Execution Time for Trace ID 871ce093be2e9678614e00a5b5529f50: 1534 ms
Input: 5000000,
Cold Start: false
Unique ID: 4ae00031a1fcbe6d0c47ed69c609c4ab,
Execution Time for Trace ID 4ae00031a1fcbe6d0c47ed69c609c4ab: 1392 ms
Input: 5000000,
Cold Start: false
Unique ID: 3a687439e1c12e2290acb3b15f01bd55,
Execution Time for Trace ID 3a687439e1c12e2290acb3b15f01bd55: 1558 ms
Input: 5000000,
Cold Start: false
Unique ID: 51573d0802e45e0ab2644f04d8c5edbe,
Execution Time for Trace ID 51573d0802e45e0ab2644f04d8c5edbe: 1882 ms
Input: 5000000,
Cold Start: false
Unique ID: 1da77a56e092a7605f5d39a9453255a3,
Execution Time for Trace ID 1da77a56e092a7605f5d39a9453255a3: 1457 ms
Input: 5000000,
Cold Start: false
Unique ID: 88ceb13e31d809e142f0e98514d9d4e9,
Execution Time for Trace ID 88ceb13e31d809e142f0e98514d9d4e9: 1429 ms
Input: 5000000,
Cold Start: false
Unique ID: b4c302ff7560e02cd4e3f82bd80bc280,
Execution Time for Trace ID b4c302ff7560e02cd4e3f82bd80bc280: 1372 ms
Input: 5000000,
Cold Start: false
Unique ID: b89277814ddc0c1c6c5730af633b179e,
Execution Time for Trace ID b89277814ddc0c1c6c5730af633b179e: 1981 ms
Input: 5000000,
Cold Start: false
Unique ID: c73734c015ed671c12bbc9c8a856161a,
Execution Time for Trace ID c73734c015ed671c12bbc9c8a856161a: 2193 ms
Input: 5000000,
Cold Start: false
Unique ID: bdcfa9a929ef0f546c086127876a0a87,
Execution Time for Trace ID bdcfa9a929ef0f546c086127876a0a87: 1429 ms
Input: 5000000,
Cold Start: false
Unique ID: 53e835e7e92da0c014f21a2dd360d245,
Execution Time for Trace ID 53e835e7e92da0c014f21a2dd360d245: 1970 ms
Input: 5000000,
Cold Start: false
Unique ID: ab9e35df2da4abfb6fed54b83dd2b58d,
Execution Time for Trace ID ab9e35df2da4abfb6fed54b83dd2b58d: 1575 ms
Input: 5000000,
Cold Start: false
Unique ID: 12167d6bee065148ff334b528527419c,
Execution Time for Trace ID 12167d6bee065148ff334b528527419c: 1632 ms
Input: 5000000,
Cold Start: false
Unique ID: 7e424547a2448170eaa94e749270016e,
Execution Time for Trace ID 7e424547a2448170eaa94e749270016e: 2182 ms
Input: 5000000,
Cold Start: false
Unique ID: dcff6043a02a5d18c3e8b6a12f415442,
Execution Time for Trace ID dcff6043a02a5d18c3e8b6a12f415442: 1425 ms
Input: 5000000,
Cold Start: false
Unique ID: 71ad10cbf5775a7c87bd198016bc848e,
Execution Time for Trace ID 71ad10cbf5775a7c87bd198016bc848e: 1768 ms
Input: 5000000,
Cold Start: false
Unique ID: f4b24c91e6a7a13464d7abff153e89ef,
Execution Time for Trace ID f4b24c91e6a7a13464d7abff153e89ef: 1375 ms
Input: 5000000,
Cold Start: false
Unique ID: ec2ae9c6e947741e1a4b12eb700122c1,
Execution Time for Trace ID ec2ae9c6e947741e1a4b12eb700122c1: 1375 ms
Input: 5000000,
Cold Start: false
Unique ID: 5db7323ef8ba47c56b859eb47fb67691,
Execution Time for Trace ID 5db7323ef8ba47c56b859eb47fb67691: 1154 ms
Input: 5000000,
Cold Start: false
Unique ID: f4ec7e353d36814a421f214a75e934c0,
Execution Time for Trace ID f4ec7e353d36814a421f214a75e934c0: 1973 ms
Input: 5000000,
Cold Start: false
Unique ID: a4fa76760771a330e214479c64350759,
Execution Time for Trace ID a4fa76760771a330e214479c64350759: 1600 ms
Input: 5000000,
Cold Start: false
Unique ID: 88bc89d6d34dc6724f08a41438cf4266,
Execution Time for Trace ID 88bc89d6d34dc6724f08a41438cf4266: 1360 ms
Input: 5000000,
Cold Start: false
Unique ID: 0c5834c03345bf1ea29ebc96d9903f70,
Execution Time for Trace ID 0c5834c03345bf1ea29ebc96d9903f70: 1568 ms
Input: 5000000,
Cold Start: false
Unique ID: dfa8948c7e62709269a98780aefd1513,
Execution Time for Trace ID dfa8948c7e62709269a98780aefd1513: 1896 ms
Input: 5000000,
Cold Start: false
Unique ID: e525bc8a02f4be77088565212473574b,
Execution Time for Trace ID e525bc8a02f4be77088565212473574b: 1361 ms
Input: 5000000,
Cold Start: false
Unique ID: ff31669d6dc09a12aea7d0b1e909d34a,
Execution Time for Trace ID ff31669d6dc09a12aea7d0b1e909d34a: 1377 ms
Input: 5000000,
Cold Start: false
Unique ID: c6412409a983a9c9cf13bf43ec079740,
Execution Time for Trace ID c6412409a983a9c9cf13bf43ec079740: 1331 ms
Input: 5000000,
Cold Start: false
Unique ID: c9ba3b9b5beaa5536c4c2ffd399664ec,
Execution Time for Trace ID c9ba3b9b5beaa5536c4c2ffd399664ec: 1668 ms
Input: 5000000,
Cold Start: false
Unique ID: 35f66034323a2a9bb2ed4e4a30e3b4a9,
Execution Time for Trace ID 35f66034323a2a9bb2ed4e4a30e3b4a9: 1265 ms
Input: 5000000,
Cold Start: false
Unique ID: 523b720f07a96d18be8d394d11d97487,
Execution Time for Trace ID 523b720f07a96d18be8d394d11d97487: 1580 ms
Input: 5000000,
Cold Start: false
Unique ID: 9d2295870e2af7a823ac8888c0fedb4a,
Execution Time for Trace ID 9d2295870e2af7a823ac8888c0fedb4a: 1882 ms
Input: 5000000,
Cold Start: false
Unique ID: fd059bfe04f580809b33471790343672,
Execution Time for Trace ID fd059bfe04f580809b33471790343672: 1472 ms
Input: 5000000,
Cold Start: false
Unique ID: c39297616342db99a2c86d00445e6a15,
Execution Time for Trace ID c39297616342db99a2c86d00445e6a15: 1344 ms
Input: 5000000,
Cold Start: false
Unique ID: a771b4d343e58a982671f918accf3eb0,
Execution Time for Trace ID a771b4d343e58a982671f918accf3eb0: 1883 ms
Input: 5000000,
Cold Start: false
Unique ID: ea31224f025548145e31eb1e26eba0f6,
Execution Time for Trace ID ea31224f025548145e31eb1e26eba0f6: 1372 ms
Input: 5000000,
Cold Start: false
Unique ID: fdd1ea615f30c93e74961e8524fbd839,
Execution Time for Trace ID fdd1ea615f30c93e74961e8524fbd839: 1342 ms
Input: 5000000,
Cold Start: false
Unique ID: a23b33d9d8be2ed99dbcba1757d4f765,
Execution Time for Trace ID a23b33d9d8be2ed99dbcba1757d4f765: 1469 ms
Input: 5000000,
Cold Start: false
Unique ID: e47342a0a5178876a188c91b18292464,
Execution Time for Trace ID e47342a0a5178876a188c91b18292464: 1883 ms
Input: 5000000,
Cold Start: true
Unique ID: b96c267de56aedf7ec2cf3007f305641,
Execution Time for Trace ID b96c267de56aedf7ec2cf3007f305641: 1490 ms
Input: 5000000,
Cold Start: false
Unique ID: ee10b3f42a9c7b20ea0f500b7818ee07,
Execution Time for Trace ID ee10b3f42a9c7b20ea0f500b7818ee07: 1376 ms
Input: 5000000,
Cold Start: false
Unique ID: 016eca283263032e644fdf119a933820,
Execution Time for Trace ID 016eca283263032e644fdf119a933820: 1667 ms
Input: 5000000,
Cold Start: false
Unique ID: 7dd789b7a66b85d079a450add3b0052a,
Execution Time for Trace ID 7dd789b7a66b85d079a450add3b0052a: 1476 ms
Input: 5000000,
Cold Start: false
Unique ID: 8ba3625b6ff3f09a1f231c3ece2d421b,
Execution Time for Trace ID 8ba3625b6ff3f09a1f231c3ece2d421b: 1432 ms
Input: 5000000,
Cold Start: false
Unique ID: 6398bf55c482173df473c9ee8296092c,
Execution Time for Trace ID 6398bf55c482173df473c9ee8296092c: 1777 ms
Input: 5000000,
Cold Start: false
Unique ID: 896265a12ccf35b825efd5788c1ef61f,
Execution Time for Trace ID 896265a12ccf35b825efd5788c1ef61f: 1578 ms
Input: 5000000,
Cold Start: false
Unique ID: 24aae077f7d176623254c2087997a0a1,
Execution Time for Trace ID 24aae077f7d176623254c2087997a0a1: 1529 ms
Input: 5000000,
Cold Start: false
Unique ID: 676e6eff8ae776e2cd0358c29b473582,
Execution Time for Trace ID 676e6eff8ae776e2cd0358c29b473582: 1369 ms
Input: 5000000,
Cold Start: false
Unique ID: 751c852600e033d4cfe2c4f0d0deceaf,
Execution Time for Trace ID 751c852600e033d4cfe2c4f0d0deceaf: 1996 ms
Input: 5000000,
Cold Start: false
Unique ID: dae86f30dc7cff92c81fe8dd65ee5fc9,
Execution Time for Trace ID dae86f30dc7cff92c81fe8dd65ee5fc9: 1463 ms
Input: 5000000,
Cold Start: false
Unique ID: a0b0728bae7233b520172604b2e49e0c,
Execution Time for Trace ID a0b0728bae7233b520172604b2e49e0c: 1786 ms
Input: 5000000,
Cold Start: false
Unique ID: 1bacc9d7e1f76356e2e0859ac67c7441,
Execution Time for Trace ID 1bacc9d7e1f76356e2e0859ac67c7441: 1434 ms
Input: 5000000,
Cold Start: false
Unique ID: 96bba853ffeafb8f484075f21b8e3cac,
Execution Time for Trace ID 96bba853ffeafb8f484075f21b8e3cac: 1217 ms
Input: 5000000,
Cold Start: false
Unique ID: 52172ed49281630439de19a3b7434318,
Execution Time for Trace ID 52172ed49281630439de19a3b7434318: 1592 ms
Input: 5000000,
Cold Start: false
Unique ID: a0d2fb117c2a9e221568894bd43e77f3,
Execution Time for Trace ID a0d2fb117c2a9e221568894bd43e77f3: 1457 ms
Input: 5000000,
Cold Start: false
Unique ID: 40f9b154befafe55d39269585c320d53,
Execution Time for Trace ID 40f9b154befafe55d39269585c320d53: 1627 ms
Input: 5000000,
Cold Start: false
Unique ID: 8bb6c4fa71b23fd2f581049d587a3df8,
Execution Time for Trace ID 8bb6c4fa71b23fd2f581049d587a3df8: 1537 ms
Input: 5000000,
Cold Start: false
Unique ID: 421c69f49e0f944b65dea8be833459db,
Execution Time for Trace ID 421c69f49e0f944b65dea8be833459db: 1431 ms
Input: 5000000,
Cold Start: false
Unique ID: d968ae0fafd7ebe909ce6e3d4340fdd8,
Execution Time for Trace ID d968ae0fafd7ebe909ce6e3d4340fdd8: 1444 ms
Input: 5000000,
Cold Start: false
Unique ID: 1a3ff89748430b1bc376da6c3883a2b7,
Execution Time for Trace ID 1a3ff89748430b1bc376da6c3883a2b7: 1507 ms
Input: 5000000,
Cold Start: false
Unique ID: cb4a667a065e8a05973bfd317b4642bf,
Execution Time for Trace ID cb4a667a065e8a05973bfd317b4642bf: 1375 ms
Input: 5000000,
Cold Start: false
Unique ID: c12fb0265a8f12a5ee62e06cc6049e55,
Execution Time for Trace ID c12fb0265a8f12a5ee62e06cc6049e55: 1800 ms
Input: 5000000,
Cold Start: false
Unique ID: a8158e8f1b9e838104ff35858c8586b6,
Execution Time for Trace ID a8158e8f1b9e838104ff35858c8586b6: 1806 ms
Input: 5000000,
Cold Start: false
Unique ID: fca3ba0542c89f7a0246d257f456c5b8,
Execution Time for Trace ID fca3ba0542c89f7a0246d257f456c5b8: 1632 ms
Input: 5000000,
Cold Start: false
Unique ID: 7b0acbb9632e5912c29ae3721418bc52,
Execution Time for Trace ID 7b0acbb9632e5912c29ae3721418bc52: 1484 ms
Input: 5000000,
Cold Start: false
Unique ID: 3e93180e63a4ffe74cd7356df17af2fd,
Execution Time for Trace ID 3e93180e63a4ffe74cd7356df17af2fd: 1913 ms
Input: 5000000,
Cold Start: false
Unique ID: c9a16dade1db95a88b2ff7fedfb371fd,
Execution Time for Trace ID c9a16dade1db95a88b2ff7fedfb371fd: 503 ms
Input: 5000000,
Cold Start: false
Unique ID: dc8336cf7d3e64c577aeace981a91c71,
Execution Time for Trace ID dc8336cf7d3e64c577aeace981a91c71: 1515 ms
Input: 5000000,
Cold Start: false
Unique ID: 9325c4031a9942c15cb72d4ca58fdf88,
Execution Time for Trace ID 9325c4031a9942c15cb72d4ca58fdf88: 1674 ms
Input: 5000000,
Cold Start: false
Unique ID: 2e402602e8111b7f5e18a81916249523,
Execution Time for Trace ID 2e402602e8111b7f5e18a81916249523: 1617 ms
Input: 5000000,
Cold Start: false
Unique ID: b91a860f70144b08e31404d8016ea33a,
Execution Time for Trace ID b91a860f70144b08e31404d8016ea33a: 1490 ms
Input: 5000000,
Cold Start: false
Unique ID: 35e3b7ce22326d2267b08c22dc928971,
Execution Time for Trace ID 35e3b7ce22326d2267b08c22dc928971: 2006 ms
Input: 5000000,
Cold Start: false
Unique ID: f6b681a0760104641a043ed188f5d896,
Execution Time for Trace ID f6b681a0760104641a043ed188f5d896: 1417 ms
Input: 5000000,
Cold Start: false
Unique ID: 3fe85a0c6995940e0c0fd3eda941525f,
Execution Time for Trace ID 3fe85a0c6995940e0c0fd3eda941525f: 521 ms
Input: 5000000,
Cold Start: false
Unique ID: cec17e65611731b58e8d4473c6aeebf4,
Execution Time for Trace ID cec17e65611731b58e8d4473c6aeebf4: 1477 ms
Input: 5000000,
Cold Start: false
Unique ID: fe0bd3b82829b85ba4a6172c27a3eb61,
Execution Time for Trace ID fe0bd3b82829b85ba4a6172c27a3eb61: 1095 ms
Input: 5000000,
Cold Start: false
Unique ID: d2551c80b134bb381e5304ae53eabc07,
Execution Time for Trace ID d2551c80b134bb381e5304ae53eabc07: 2019 ms
Input: 5000000,
Cold Start: false
Unique ID: ff735f02f571a6f7cd0017736deedf2c,
Execution Time for Trace ID ff735f02f571a6f7cd0017736deedf2c: 1441 ms
Input: 5000000,
Cold Start: false
Unique ID: 2a726a2a5fc6e9b363aa3d2adc5c389a,
Execution Time for Trace ID 2a726a2a5fc6e9b363aa3d2adc5c389a: 1878 ms
Input: 5000000,
Cold Start: false
Unique ID: 02b958341f9d2bf151288dae12d63e32,
Execution Time for Trace ID 02b958341f9d2bf151288dae12d63e32: 1599 ms
Input: 5000000,
Cold Start: false
Unique ID: 44aed37f1064189987703f233bf4a075,
Execution Time for Trace ID 44aed37f1064189987703f233bf4a075: 1502 ms
Input: 5000000,
Cold Start: false
Unique ID: 224a8ae67879bc520baf61534b6bb729,
Execution Time for Trace ID 224a8ae67879bc520baf61534b6bb729: 1674 ms
Input: 5000000,
Cold Start: false
Unique ID: de39026b52394c43c0b52474cc4e4bdc,
Execution Time for Trace ID de39026b52394c43c0b52474cc4e4bdc: 895 ms
Input: 5000000,
Cold Start: false
Unique ID: d2060673e9b09ea1877b785d1c7e53d7,
Execution Time for Trace ID d2060673e9b09ea1877b785d1c7e53d7: 1352 ms
Input: 5000000,
Cold Start: false
Unique ID: 56407034e2deca4c1d346e1177840061,
Execution Time for Trace ID 56407034e2deca4c1d346e1177840061: 1765 ms
Input: 5000000,
Cold Start: false
Unique ID: 4940d629cba4eee29f82eaa8af0af69d,
Execution Time for Trace ID 4940d629cba4eee29f82eaa8af0af69d: 1806 ms
Input: 5000000,
Cold Start: false
Unique ID: 5315c09d252d0df1954102b2e9c8c97c,
Execution Time for Trace ID 5315c09d252d0df1954102b2e9c8c97c: 1409 ms
Input: 5000000,
Cold Start: false
Unique ID: ed0409a6b5997b19004025ef01961bb5,
Execution Time for Trace ID ed0409a6b5997b19004025ef01961bb5: 1527 ms
Input: 5000000,
Cold Start: false
Unique ID: a60fc94667e994b2c120eb3561420f10,
Execution Time for Trace ID a60fc94667e994b2c120eb3561420f10: 1412 ms
Input: 5000000,
Cold Start: false
Unique ID: 771e28b17ba17189752a30364a92c2f7,
Execution Time for Trace ID 771e28b17ba17189752a30364a92c2f7: 1567 ms
Input: 5000000,
Cold Start: false
Unique ID: 101e14242a641aa4e7baf14e4e6dd236,
Execution Time for Trace ID 101e14242a641aa4e7baf14e4e6dd236: 1412 ms
Input: 5000000,
Cold Start: false
Unique ID: 4110ce5d6d26d7b4a26170849b6a17ec,
Execution Time for Trace ID 4110ce5d6d26d7b4a26170849b6a17ec: 1761 ms
Input: 5000000,
Cold Start: false
Unique ID: fe17d4b4b75ec59d5a083a492b8953f0,
Execution Time for Trace ID fe17d4b4b75ec59d5a083a492b8953f0: 1423 ms
Input: 5000000,
Cold Start: false
Unique ID: e91f7b76e6863456cfd11515fcb76c38,
Execution Time for Trace ID e91f7b76e6863456cfd11515fcb76c38: 2610 ms
Input: 5000000,
Cold Start: false
Unique ID: 85fe439be6d360240a16f0feb48f438f,
Execution Time for Trace ID 85fe439be6d360240a16f0feb48f438f: 1414 ms
Input: 5000000,
Cold Start: false
Unique ID: 5a2edbd2bae24271ce4c9ddac1709788,
Execution Time for Trace ID 5a2edbd2bae24271ce4c9ddac1709788: 1875 ms
Input: 5000000,
Cold Start: false
Unique ID: 97d5912b440b247cc012a63a124915ac,
Execution Time for Trace ID 97d5912b440b247cc012a63a124915ac: 1833 ms
Input: 5000000,
Cold Start: false
Unique ID: 55030b40fc1c45291cd1cdfb49fc12c3,
Execution Time for Trace ID 55030b40fc1c45291cd1cdfb49fc12c3: 1894 ms
Input: 5000000,
Cold Start: false
Unique ID: 7409561a8f140f7812ec70aad6d513c1,
Execution Time for Trace ID 7409561a8f140f7812ec70aad6d513c1: 1522 ms
Input: 5000000,
Cold Start: false
Unique ID: 2935490bb1c9cada89486924a9b6c0a7,
Execution Time for Trace ID 2935490bb1c9cada89486924a9b6c0a7: 1413 ms
Input: 5000000,
Cold Start: false
Unique ID: 882c0cdd8ac2c99fd97367cadf94b86b,
Execution Time for Trace ID 882c0cdd8ac2c99fd97367cadf94b86b: 2046 ms
Input: 5000000,
Cold Start: false
Unique ID: 1450c7e964ae4f826eb72f43125e3986,
Execution Time for Trace ID 1450c7e964ae4f826eb72f43125e3986: 1508 ms
Input: 5000000,
Cold Start: false
Unique ID: 6116d58992d0119087e1611cf28ac2b0,
Execution Time for Trace ID 6116d58992d0119087e1611cf28ac2b0: 1411 ms
Input: 5000000,
Cold Start: false
Unique ID: 5e18c3b2b394cf6b2f9367576f014a90,
Execution Time for Trace ID 5e18c3b2b394cf6b2f9367576f014a90: 1630 ms
Input: 5000000,
Cold Start: false
Unique ID: 62e8a85d6894d72e9cca18e605d67b14,
Execution Time for Trace ID 62e8a85d6894d72e9cca18e605d67b14: 1765 ms
Input: 5000000,
Cold Start: false
Unique ID: ff4f3d8580bfdff58b5bdd88e86526e0,
Execution Time for Trace ID ff4f3d8580bfdff58b5bdd88e86526e0: 1479 ms
Input: 5000000,
Cold Start: false
Unique ID: db9bda6361783fed7237a5905f08e810,
Execution Time for Trace ID db9bda6361783fed7237a5905f08e810: 1809 ms
Input: 5000000,
Cold Start: false
Unique ID: c49f2be7e7630b45ba242c17a3383b66,
Execution Time for Trace ID c49f2be7e7630b45ba242c17a3383b66: 494 ms
Input: 5000000,
Cold Start: false
Unique ID: e3a83f3033c616fb1eff8a28d9883577,
Execution Time for Trace ID e3a83f3033c616fb1eff8a28d9883577: 1380 ms
Input: 5000000,
Cold Start: false
Unique ID: e18b55164a079673254e8aac6e1d81d7,
Execution Time for Trace ID e18b55164a079673254e8aac6e1d81d7: 1721 ms
Input: 5000000,
Cold Start: false
Unique ID: d064a55d17ee19695bec0d5185d27444,
Execution Time for Trace ID d064a55d17ee19695bec0d5185d27444: 1496 ms
Input: 5000000,
Cold Start: false
Unique ID: 33940253b95f30fb87613aa5f29f6c98,
Execution Time for Trace ID 33940253b95f30fb87613aa5f29f6c98: 1349 ms
Input: 5000000,
Cold Start: false
Unique ID: fd8a18eb60bf3962b395d29bf623417f,
Execution Time for Trace ID fd8a18eb60bf3962b395d29bf623417f: 1578 ms
Input: 5000000,
Cold Start: false
Unique ID: 710ad627fe1885229aec1c571ce0f41d,
Execution Time for Trace ID 710ad627fe1885229aec1c571ce0f41d: 2025 ms
Input: 5000000,
Cold Start: false
Unique ID: 35cde23eb8aa02319e117a735507a9f8,
Execution Time for Trace ID 35cde23eb8aa02319e117a735507a9f8: 2349 ms
Input: 5000000,
Cold Start: false
Unique ID: 1b199a822ffec2dde6c2003eea486c9e,
Execution Time for Trace ID 1b199a822ffec2dde6c2003eea486c9e: 1543 ms
Input: 5000000,
Cold Start: false
Unique ID: 74fa6473dea0353260b06934083de116,
Execution Time for Trace ID 74fa6473dea0353260b06934083de116: 1368 ms
Input: 5000000,
Cold Start: false
Unique ID: 28a476967e400fc30ed725d39518b275,
Execution Time for Trace ID 28a476967e400fc30ed725d39518b275: 1329 ms
Input: 5000000,
Cold Start: false
Unique ID: 59c4cc44da0e37191728f2ea2e26f773,
Execution Time for Trace ID 59c4cc44da0e37191728f2ea2e26f773: 1416 ms
Input: 5000000,
Cold Start: false
Unique ID: f4e8dfd8695896ee76ba647e71b6396b,
Execution Time for Trace ID f4e8dfd8695896ee76ba647e71b6396b: 1416 ms
Input: 5000000,
Cold Start: false
Unique ID: 8a71149d0e304b53118c1692545cfc54,
Execution Time for Trace ID 8a71149d0e304b53118c1692545cfc54: 1711 ms
Input: 5000000,
Cold Start: false
Unique ID: e9429c52abb20acf997442340b1698ab,
Execution Time for Trace ID e9429c52abb20acf997442340b1698ab: 525 ms
Input: 5000000,
Cold Start: false
Unique ID: 8c11704fa460cb6e2b247833c836d632,
Execution Time for Trace ID 8c11704fa460cb6e2b247833c836d632: 1465 ms
Input: 5000000,
Cold Start: false
Unique ID: 32bba1537d0750d4c6b919c02686616a,
Execution Time for Trace ID 32bba1537d0750d4c6b919c02686616a: 1827 ms
Input: 5000000,
Cold Start: false
Unique ID: cb166e134632abc66259100d90baa100,
Execution Time for Trace ID cb166e134632abc66259100d90baa100: 1491 ms
Input: 5000000,
Cold Start: false
Unique ID: c5ca3200e5267a83f26edfe265f3bdaf,
Execution Time for Trace ID c5ca3200e5267a83f26edfe265f3bdaf: 1631 ms
Input: 5000000,
Cold Start: false
Unique ID: 0de2906313be7efbdbbdd9b54f868e84,
Execution Time for Trace ID 0de2906313be7efbdbbdd9b54f868e84: 1418 ms
Input: 5000000,
Cold Start: false
Unique ID: d9def090f5c07d92bad5960ee1af5f4f,
Execution Time for Trace ID d9def090f5c07d92bad5960ee1af5f4f: 912 ms
Input: 5000000,
Cold Start: false
Unique ID: 5f820c9f7c8a5acb9375b1dec2939f51,
Execution Time for Trace ID 5f820c9f7c8a5acb9375b1dec2939f51: 1727 ms
Input: 5000000,
Cold Start: false
Unique ID: b9e30ee66bc8193ecabfb1db29cc1baa,
Execution Time for Trace ID b9e30ee66bc8193ecabfb1db29cc1baa: 1155 ms
Input: 5000000,
Cold Start: false
Unique ID: 0dee8095f1a010c56482ca28f1b725c8,
Execution Time for Trace ID 0dee8095f1a010c56482ca28f1b725c8: 1521 ms
Input: 5000000,
Cold Start: false
Unique ID: c8cc975c1667fc67e8f529a1dde79f79,
Execution Time for Trace ID c8cc975c1667fc67e8f529a1dde79f79: 1476 ms
Input: 5000000,
Cold Start: false
Unique ID: 5ecfa86d7d187fe7ea71f34a93736e70,
Execution Time for Trace ID 5ecfa86d7d187fe7ea71f34a93736e70: 1484 ms
Input: 5000000,
Cold Start: false
Unique ID: 30cffc1f7555f9916354c4cbfd912261,
Execution Time for Trace ID 30cffc1f7555f9916354c4cbfd912261: 1524 ms
Input: 5000000,
Cold Start: false
Unique ID: b3f8e42a9e00447a56af5d19b6b6c3c2,
Execution Time for Trace ID b3f8e42a9e00447a56af5d19b6b6c3c2: 1147 ms
Input: 5000000,
Cold Start: false
Unique ID: 99d0472af194a61eb38d20407749787a,
Execution Time for Trace ID 99d0472af194a61eb38d20407749787a: 1813 ms
Input: 5000000,
Cold Start: false
Unique ID: 4df3147cd1d73a7fd835267ecfbf9836,
Execution Time for Trace ID 4df3147cd1d73a7fd835267ecfbf9836: 1411 ms
Input: 5000000,
Cold Start: false
Unique ID: db81f215091033341fe35e307c0fed0e,
Execution Time for Trace ID db81f215091033341fe35e307c0fed0e: 1419 ms
Input: 5000000,
Cold Start: false
Unique ID: 3d57770aa828843ff5d025acceaabb87,
Execution Time for Trace ID 3d57770aa828843ff5d025acceaabb87: 2004 ms
Input: 5000000,
Cold Start: false
Unique ID: 2d07f56808a3b7c08e2bfb793970d6ce,
Execution Time for Trace ID 2d07f56808a3b7c08e2bfb793970d6ce: 1325 ms
Input: 5000000,
Cold Start: false
Unique ID: 6595150d300fc8996b502d438417f17f,
Execution Time for Trace ID 6595150d300fc8996b502d438417f17f: 1734 ms
Input: 5000000,
Cold Start: false
Unique ID: bd161511b9744105a02fcd5587218e1a,
Execution Time for Trace ID bd161511b9744105a02fcd5587218e1a: 1384 ms
Input: 5000000,
Cold Start: false
Unique ID: 91985d2024715768675b11628d41f63a,
Execution Time for Trace ID 91985d2024715768675b11628d41f63a: 567 ms
Input: 5000000,
Cold Start: false
Unique ID: d05504afc0d60dbc0d1da2a9eb41313a,
Execution Time for Trace ID d05504afc0d60dbc0d1da2a9eb41313a: 1733 ms
Input: 5000000,
Cold Start: false
Unique ID: d35107139c11f7de5e48ed66ce21bfad,
Execution Time for Trace ID d35107139c11f7de5e48ed66ce21bfad: 1646 ms
Input: 5000000,
Cold Start: false
Unique ID: b65ea73471b8cd9cefa5b1ed9272d841,
Execution Time for Trace ID b65ea73471b8cd9cefa5b1ed9272d841: 1481 ms
Input: 5000000,
Cold Start: false
Unique ID: 06bc45dcf084f87563fc1184ee0ee16f,
Execution Time for Trace ID 06bc45dcf084f87563fc1184ee0ee16f: 1411 ms
Input: 5000000,
Cold Start: false
Unique ID: 1cce49a1c51705f3f3647e2bf8bf9c7d,
Execution Time for Trace ID 1cce49a1c51705f3f3647e2bf8bf9c7d: 1413 ms
Input: 5000000,
Cold Start: false
Unique ID: 78bc90ca953c660f3f6a2cd4fa6058b2,
Execution Time for Trace ID 78bc90ca953c660f3f6a2cd4fa6058b2: 1499 ms
Input: 5000000,
Cold Start: false
Unique ID: bfd204c1a3b44be0db5675088d693e78,
Execution Time for Trace ID bfd204c1a3b44be0db5675088d693e78: 1469 ms
Input: 5000000,
Cold Start: false
Unique ID: 08217271df788eee443960fb9bf66bb5,
Execution Time for Trace ID 08217271df788eee443960fb9bf66bb5: 1725 ms
Input: 5000000,
Cold Start: false
Unique ID: 70ef124d451307e2d5f59bccd28e7b81,
Execution Time for Trace ID 70ef124d451307e2d5f59bccd28e7b81: 1778 ms
Input: 5000000,
Cold Start: false
Unique ID: cdb39aee1a07284de01492db81503dbe,
Execution Time for Trace ID cdb39aee1a07284de01492db81503dbe: 1401 ms
Input: 5000000,
Cold Start: false
Unique ID: d67d99aae0913165fd86a52d465898d1,
Execution Time for Trace ID d67d99aae0913165fd86a52d465898d1: 1379 ms
Input: 5000000,
Cold Start: false
Unique ID: 754a7687af8cf520596d03ea7838118d,
Execution Time for Trace ID 754a7687af8cf520596d03ea7838118d: 1840 ms
Input: 5000000,
Cold Start: false
Unique ID: 78525eb95de3919cf13135f4cd2e0f63,
Execution Time for Trace ID 78525eb95de3919cf13135f4cd2e0f63: 1415 ms
Input: 5000000,
Cold Start: false
Unique ID: 09962832b74ad7b3b389e398855aa59b,
Execution Time for Trace ID 09962832b74ad7b3b389e398855aa59b: 1566 ms
Input: 5000000,
Cold Start: false
Unique ID: 76294d461aa65038acd6a54924a73443,
Execution Time for Trace ID 76294d461aa65038acd6a54924a73443: 1412 ms
Input: 5000000,
Cold Start: false
Unique ID: 3f32c4a196e15f782392a2d8c0c42e34,
Execution Time for Trace ID 3f32c4a196e15f782392a2d8c0c42e34: 1511 ms
Input: 5000000,
Cold Start: false
Unique ID: 54c8b060f7be465cf33543f8c0fa3c39,
Execution Time for Trace ID 54c8b060f7be465cf33543f8c0fa3c39: 1938 ms
Input: 5000000,
Cold Start: false
Unique ID: 3e1db5355943a74bfacf9e0a9d2e80d1,
Execution Time for Trace ID 3e1db5355943a74bfacf9e0a9d2e80d1: 1510 ms
Input: 5000000,
Cold Start: false
Unique ID: b7ea62373ba8a68eb937a5ab3d58fbf3,
Execution Time for Trace ID b7ea62373ba8a68eb937a5ab3d58fbf3: 1409 ms
Input: 5000000,
Cold Start: false
Unique ID: 343abe67cf4c044e6d752fdf75229f04,
Execution Time for Trace ID 343abe67cf4c044e6d752fdf75229f04: 1383 ms
Input: 5000000,
Cold Start: false
Unique ID: 8c948f1546eaefed4f4ab1a5d3d10f13,
Execution Time for Trace ID 8c948f1546eaefed4f4ab1a5d3d10f13: 2129 ms
Input: 5000000,
Cold Start: false
Unique ID: 34f969aff12ddc5abc0c3aa7ece2bb04,
Execution Time for Trace ID 34f969aff12ddc5abc0c3aa7ece2bb04: 1417 ms
Input: 5000000,
Cold Start: false
Unique ID: 6f9192b63a0eab629d2604f1b3ad2e3b,
Execution Time for Trace ID 6f9192b63a0eab629d2604f1b3ad2e3b: 1474 ms
Input: 5000000,
Cold Start: false
Unique ID: 6067f76c9690c838fd0478576821e7a7,
Execution Time for Trace ID 6067f76c9690c838fd0478576821e7a7: 1813 ms
Input: 5000000,
Cold Start: false
Unique ID: 31508422a964acfbdef53abfa49d5bb6,
Execution Time for Trace ID 31508422a964acfbdef53abfa49d5bb6: 1960 ms
Input: 5000000,
Cold Start: false
Unique ID: a647396b0e01406f24dc1b681daaaea6,
Execution Time for Trace ID a647396b0e01406f24dc1b681daaaea6: 1471 ms
Input: 5000000,
Cold Start: false
Unique ID: 8ed7de4c3712939bae1a622d5a419419,
Execution Time for Trace ID 8ed7de4c3712939bae1a622d5a419419: 1704 ms
Input: 5000000,
Cold Start: false
Unique ID: a339876ce8038cdaf1397c759cea997f,
Execution Time for Trace ID a339876ce8038cdaf1397c759cea997f: 2033 ms
Input: 5000000,
Cold Start: false
Unique ID: 1f31fd79963627b47eca8e95f90af78a,
Execution Time for Trace ID 1f31fd79963627b47eca8e95f90af78a: 1406 ms
Input: 5000000,
Cold Start: false
Unique ID: 8ef26079f523879ba0a62c4f2b87563e,
Execution Time for Trace ID 8ef26079f523879ba0a62c4f2b87563e: 1620 ms
Input: 5000000,
Cold Start: false
Unique ID: b198e99006c4fc13c683c1358b8c409a,
Execution Time for Trace ID b198e99006c4fc13c683c1358b8c409a: 1379 ms
Input: 5000000,
Cold Start: false
Unique ID: 3c555b8203db8da0d7848659c474b94c,
Execution Time for Trace ID 3c555b8203db8da0d7848659c474b94c: 1632 ms
Input: 5000000,
Cold Start: false
Unique ID: bac6e9bc9241775da84b76a665a20cb4,
Execution Time for Trace ID bac6e9bc9241775da84b76a665a20cb4: 1409 ms
Input: 5000000,
Cold Start: false
Unique ID: 462d8f12042bbc5342ccaf68ab1b7a7f,
Execution Time for Trace ID 462d8f12042bbc5342ccaf68ab1b7a7f: 1468 ms
Input: 5000000,
Cold Start: false
Unique ID: 2e13ce7aa7f838f7c222b06ba3e4b732,
Execution Time for Trace ID 2e13ce7aa7f838f7c222b06ba3e4b732: 1414 ms
Input: 5000000,
Cold Start: false
Unique ID: 55f4a45401b88fb60dfb185aa79eb652,
Execution Time for Trace ID 55f4a45401b88fb60dfb185aa79eb652: 524 ms
Input: 5000000,
Cold Start: false
Unique ID: dbd5d8b398438760f63a5e940199f534,
Execution Time for Trace ID dbd5d8b398438760f63a5e940199f534: 1603 ms
Input: 5000000,
Cold Start: false
Unique ID: 8983156075fa9becf0ad31b92a69e28d,
Execution Time for Trace ID 8983156075fa9becf0ad31b92a69e28d: 1525 ms
Input: 5000000,
Cold Start: false
Unique ID: 31839a88509046aef3c9c9543cca6b95,
Execution Time for Trace ID 31839a88509046aef3c9c9543cca6b95: 1604 ms
Input: 5000000,
Cold Start: false
Unique ID: d29d857df5ed799cc3256581bf7227cc,
Execution Time for Trace ID d29d857df5ed799cc3256581bf7227cc: 1540 ms
Input: 5000000,
Cold Start: false
Unique ID: 07ddba79c283fbf68fd03ff71e4ee500,
Execution Time for Trace ID 07ddba79c283fbf68fd03ff71e4ee500: 472 ms
Input: 5000000,
Cold Start: false
Unique ID: e08b1f1756a206eccf0f6a1a588e4726,
Execution Time for Trace ID e08b1f1756a206eccf0f6a1a588e4726: 1351 ms
Input: 5000000,
Cold Start: false
Unique ID: 2e8a5ee0e7eaf84c565a59134f26f77e,
Execution Time for Trace ID 2e8a5ee0e7eaf84c565a59134f26f77e: 1377 ms
Input: 5000000,
Cold Start: false
Unique ID: 51cec063004c3b9060a0e3f0e91222d7,
Execution Time for Trace ID 51cec063004c3b9060a0e3f0e91222d7: 1507 ms
Input: 5000000,
Cold Start: false
Unique ID: a012eea3e77de06b157a3c52c9d85353,
Execution Time for Trace ID a012eea3e77de06b157a3c52c9d85353: 1510 ms
Input: 5000000,
Cold Start: false
Unique ID: 7af426e01631254a3b0d7de4924188a5,
Execution Time for Trace ID 7af426e01631254a3b0d7de4924188a5: 2232 ms
Input: 5000000,
Cold Start: false
Unique ID: cee33d9588327146279ca975abe36485,
Execution Time for Trace ID cee33d9588327146279ca975abe36485: 1552 ms
Input: 5000000,
Cold Start: false
Unique ID: 7cf4910d415ce20aa11b5d56008cf2ee,
Execution Time for Trace ID 7cf4910d415ce20aa11b5d56008cf2ee: 2047 ms
Input: 5000000,
Cold Start: false
Unique ID: 32579fea105f1f03c6afd103a10e1fb3,
Execution Time for Trace ID 32579fea105f1f03c6afd103a10e1fb3: 1523 ms
Input: 5000000,
Cold Start: false
Unique ID: a0a6a7e6ce8dd5ced43e9dae792d97cd,
Execution Time for Trace ID a0a6a7e6ce8dd5ced43e9dae792d97cd: 1417 ms
Input: 5000000,
Cold Start: false
Unique ID: 14853d64d4a79d8218a08085ed12ef4e,
Execution Time for Trace ID 14853d64d4a79d8218a08085ed12ef4e: 1414 ms
Input: 5000000,
Cold Start: false
Unique ID: 6845c3a35d52e6f9ff0be916a7f953eb,
Execution Time for Trace ID 6845c3a35d52e6f9ff0be916a7f953eb: 1464 ms
Input: 5000000,
Cold Start: false
Unique ID: 39856339e0369387fb50376491440932,
Execution Time for Trace ID 39856339e0369387fb50376491440932: 1382 ms
Input: 5000000,
Cold Start: false
Unique ID: 6df9119a6106dd9e0d23634203465fdb,
Execution Time for Trace ID 6df9119a6106dd9e0d23634203465fdb: 1418 ms
Input: 5000000,
Cold Start: false
Unique ID: 774790663ee13dab8383b1c7c1b3ff53,
Execution Time for Trace ID 774790663ee13dab8383b1c7c1b3ff53: 1516 ms
Input: 5000000,
Cold Start: false
Unique ID: 6c549df559967174b9658da6113f0fd1,
Execution Time for Trace ID 6c549df559967174b9658da6113f0fd1: 1939 ms
Input: 5000000,
Cold Start: false
Unique ID: b0c0a497338e5b5bc434212f7850b6e7,
Execution Time for Trace ID b0c0a497338e5b5bc434212f7850b6e7: 1600 ms
Input: 5000000,
Cold Start: false
Unique ID: 7f806d9f75b2dca7ebe578f9aa36c499,
Execution Time for Trace ID 7f806d9f75b2dca7ebe578f9aa36c499: 1409 ms
Input: 5000000,
Cold Start: false
Unique ID: 88fddddaad7b9e71e9d0facea2020844,
Execution Time for Trace ID 88fddddaad7b9e71e9d0facea2020844: 1920 ms
Input: 5000000,
Cold Start: false
Unique ID: c32a257bfe8418f7299af0e4d7dd617a,
Execution Time for Trace ID c32a257bfe8418f7299af0e4d7dd617a: 1425 ms
Input: 5000000,
Cold Start: false
Unique ID: c5ae1ae19f954b2bb871806bd186fe37,
Execution Time for Trace ID c5ae1ae19f954b2bb871806bd186fe37: 1604 ms
Input: 5000000,
Cold Start: false
Unique ID: 4890dadc91f81995f1eb7375b5c2ff0b,
Execution Time for Trace ID 4890dadc91f81995f1eb7375b5c2ff0b: 1582 ms
Input: 5000000,
Cold Start: false
Unique ID: d8e4919ef27898144f45bc3fcedecda2,
Execution Time for Trace ID d8e4919ef27898144f45bc3fcedecda2: 1595 ms
Input: 5000000,
Cold Start: false
Unique ID: f8d19473ed71dec1898ebdc0b2f76665,
Execution Time for Trace ID f8d19473ed71dec1898ebdc0b2f76665: 1460 ms
Input: 5000000,
Cold Start: false
Unique ID: a33e79cbc0cbd9eac29a635a875f1319,
Execution Time for Trace ID a33e79cbc0cbd9eac29a635a875f1319: 1706 ms
Input: 5000000,
Cold Start: false
Unique ID: 888839cad0c0b1eb39fc110505d6cf22,
Execution Time for Trace ID 888839cad0c0b1eb39fc110505d6cf22: 1486 ms
Input: 5000000,
Cold Start: false
Unique ID: 5d20e0cb51418eaaecae3f492947d736,
Execution Time for Trace ID 5d20e0cb51418eaaecae3f492947d736: 1370 ms
Input: 5000000,
Cold Start: false
Unique ID: 52b3e77535113254fae27fdf25a0d231,
Execution Time for Trace ID 52b3e77535113254fae27fdf25a0d231: 1587 ms
Input: 5000000,
Cold Start: false
Unique ID: 69707a46f27cef0f968b2e471f2ed199,
Execution Time for Trace ID 69707a46f27cef0f968b2e471f2ed199: 1601 ms
Input: 5000000,
Cold Start: false
Unique ID: 1195e9b80fa0f75f657adea8267b4706,
Execution Time for Trace ID 1195e9b80fa0f75f657adea8267b4706: 1718 ms
Input: 5000000,
Cold Start: false
Unique ID: df3cc23d77ed90f43bd8a7166127f8a2,
Execution Time for Trace ID df3cc23d77ed90f43bd8a7166127f8a2: 1701 ms
Input: 5000000,
Cold Start: false
Unique ID: 03b59252d485e30dda0e3105df089098,
Execution Time for Trace ID 03b59252d485e30dda0e3105df089098: 1700 ms
Input: 5000000,
Cold Start: false
Unique ID: eb3dd521764215afb883538ce880ebbb,
Execution Time for Trace ID eb3dd521764215afb883538ce880ebbb: 1411 ms
Input: 5000000,
Cold Start: false
Unique ID: 51424d9ea73de0cd0367246a966daade,
Execution Time for Trace ID 51424d9ea73de0cd0367246a966daade: 1710 ms
Input: 5000000,
Cold Start: false
Unique ID: 80db704e6be1ffe0695cadb249597ece,
Execution Time for Trace ID 80db704e6be1ffe0695cadb249597ece: 541 ms
Input: 5000000,
Cold Start: false
Unique ID: 9536029bc534366998b3e5308f5b8e93,
Execution Time for Trace ID 9536029bc534366998b3e5308f5b8e93: 1361 ms
Input: 5000000,
Cold Start: false
Unique ID: 8ccdc45f9e70b6c39013841584b3fc35,
Execution Time for Trace ID 8ccdc45f9e70b6c39013841584b3fc35: 1696 ms
Input: 5000000,
Cold Start: false
Unique ID: 85c5ad916beb5f64ea7bf4def40dcbdd,
Execution Time for Trace ID 85c5ad916beb5f64ea7bf4def40dcbdd: 1362 ms
Input: 5000000,
Cold Start: false
Unique ID: 469e73d56a2c793c85faaf7d5ce71109,
Execution Time for Trace ID 469e73d56a2c793c85faaf7d5ce71109: 1498 ms
Input: 5000000,
Cold Start: false
Unique ID: ba2cd2bf961b12b1cac63167954b4075,
Execution Time for Trace ID ba2cd2bf961b12b1cac63167954b4075: 1795 ms
Input: 5000000,
Cold Start: false
Unique ID: 4aaa797e9dc2242aa7e214342265d845,
Execution Time for Trace ID 4aaa797e9dc2242aa7e214342265d845: 1489 ms
Input: 5000000,
Cold Start: false
Unique ID: aab90d2a4790cea7c4f653b34772fe31,
Execution Time for Trace ID aab90d2a4790cea7c4f653b34772fe31: 1404 ms
Input: 5000000,
Cold Start: false
Unique ID: 595d012cb71559463543aaae82ba69c6,
Execution Time for Trace ID 595d012cb71559463543aaae82ba69c6: 1447 ms
Input: 5000000,
Cold Start: false
Unique ID: 0cbf0e488e44997f7514ea38e9fad598,
Execution Time for Trace ID 0cbf0e488e44997f7514ea38e9fad598: 1509 ms
Input: 5000000,
Cold Start: false
Unique ID: 4061ddedd12a500b844e298f51a2974c,
Execution Time for Trace ID 4061ddedd12a500b844e298f51a2974c: 1355 ms
Input: 5000000,
Cold Start: false
Unique ID: a1e5d0f92aad3020a2c22446693a73b0,
Execution Time for Trace ID a1e5d0f92aad3020a2c22446693a73b0: 1404 ms
Input: 5000000,
Cold Start: false
Unique ID: 556859c598cdf772c1b0dfbdc7de8ab4,
Execution Time for Trace ID 556859c598cdf772c1b0dfbdc7de8ab4: 1497 ms
Input: 5000000,
Cold Start: false
Unique ID: 99ce778ec14a617a6cd2fd04f547cb02,
Execution Time for Trace ID 99ce778ec14a617a6cd2fd04f547cb02: 1514 ms
Input: 5000000,
Cold Start: false
Unique ID: 6fb9dd3bac6b239dfeb640701a215948,
Execution Time for Trace ID 6fb9dd3bac6b239dfeb640701a215948: 1401 ms
Input: 5000000,
Cold Start: false
Unique ID: 069643aa69c5f5b25d81c279066b045f,
Execution Time for Trace ID 069643aa69c5f5b25d81c279066b045f: 1391 ms
Input: 5000000,
Cold Start: false
Unique ID: 05040913a12784a305244330ffdf9efb,
Execution Time for Trace ID 05040913a12784a305244330ffdf9efb: 1347 ms
Input: 5000000,
Cold Start: false
Unique ID: 52e04c68def3082ba989d6fd76cc183d,
Execution Time for Trace ID 52e04c68def3082ba989d6fd76cc183d: 1524 ms
Input: 5000000,
Cold Start: false
Unique ID: 53812929630ebcb92ff8c81d6fa81a69,
Execution Time for Trace ID 53812929630ebcb92ff8c81d6fa81a69: 1508 ms
Input: 5000000,
Cold Start: false
Unique ID: 5d3785fb80465da493e97d71f2936ce6,
Execution Time for Trace ID 5d3785fb80465da493e97d71f2936ce6: 1350 ms
Input: 5000000,
Cold Start: false
Unique ID: bf60990e0646a1de7a5b8de3e6a36457,
Execution Time for Trace ID bf60990e0646a1de7a5b8de3e6a36457: 1402 ms
Input: 5000000,
Cold Start: false
Unique ID: 33ce609172a6302d97333bf6c65a09d0,
Execution Time for Trace ID 33ce609172a6302d97333bf6c65a09d0: 1496 ms
Input: 5000000,
Cold Start: false
Unique ID: fbc6c572be1ae1f4cf1e00d4e9aff99b,
Execution Time for Trace ID fbc6c572be1ae1f4cf1e00d4e9aff99b: 1487 ms
Input: 5000000,
Cold Start: false
Unique ID: 058d3ef1d22b070c9ce299ea30b09f64,
Execution Time for Trace ID 058d3ef1d22b070c9ce299ea30b09f64: 1447 ms
Input: 5000000,
Cold Start: false
Unique ID: e595c41b7cc719b234d898e10b55066b,
Execution Time for Trace ID e595c41b7cc719b234d898e10b55066b: 1404 ms
Input: 5000000,
Cold Start: false
Unique ID: 670a4a338240549ec3ee3fd776c865f1,
Execution Time for Trace ID 670a4a338240549ec3ee3fd776c865f1: 1395 ms
Input: 5000000,
Cold Start: false
Unique ID: 1c6a66e48868288c0ca0f38a6db8d708,
Execution Time for Trace ID 1c6a66e48868288c0ca0f38a6db8d708: 1459 ms
Input: 5000000,
Cold Start: false
Unique ID: b71b02ee91f5d1e0659d9058aaaf4224,
Execution Time for Trace ID b71b02ee91f5d1e0659d9058aaaf4224: 1496 ms
Input: 5000000,
Cold Start: false
Unique ID: f00be85484b7f588edc9553d441617ae,
Execution Time for Trace ID f00be85484b7f588edc9553d441617ae: 1400 ms
Input: 5000000,
Cold Start: false
Unique ID: e3a3f53e0b0a65907795e63a06bd2684,
Execution Time for Trace ID e3a3f53e0b0a65907795e63a06bd2684: 1605 ms
Input: 5000000,
Cold Start: false
Unique ID: d0e93bbfa66d7cdc1baf032a76159990,
Execution Time for Trace ID d0e93bbfa66d7cdc1baf032a76159990: 1404 ms
Input: 5000000,
Cold Start: false
Unique ID: 60bdbf02af246e58042aae90a8fca7be,
Execution Time for Trace ID 60bdbf02af246e58042aae90a8fca7be: 1404 ms
Input: 5000000,
Cold Start: false
Unique ID: 848c03acbba4a5cbff2bcf8774f32644,
Execution Time for Trace ID 848c03acbba4a5cbff2bcf8774f32644: 1923 ms
Input: 5000000,
Cold Start: false
Unique ID: cf82c2856e18ccf55ba5dc7f60e6d034,
Execution Time for Trace ID cf82c2856e18ccf55ba5dc7f60e6d034: 1361 ms
Input: 5000000,
Cold Start: false
Unique ID: 41f0f9d726f5d708db45c63199ea4f27,
Execution Time for Trace ID 41f0f9d726f5d708db45c63199ea4f27: 1341 ms
Input: 5000000,
Cold Start: false
Unique ID: 405a9015eec8fa5b1cfc5e062f1b64e7,
Execution Time for Trace ID 405a9015eec8fa5b1cfc5e062f1b64e7: 1828 ms
Input: 5000000,
Cold Start: false
Unique ID: d68aaadb263f8297016e928572d2a3cb,
Execution Time for Trace ID d68aaadb263f8297016e928572d2a3cb: 1402 ms
Input: 5000000,
Cold Start: false
Unique ID: 8396d8dabcc6049f382d3c62feb6a5f3,
Execution Time for Trace ID 8396d8dabcc6049f382d3c62feb6a5f3: 1409 ms
Input: 5000000,
Cold Start: false
Unique ID: e12589a2823e2bc9b306391963fdc25b,
Execution Time for Trace ID e12589a2823e2bc9b306391963fdc25b: 1484 ms
Input: 5000000,
Cold Start: false
Unique ID: 90b446caf7a7188e082b8db59d52a274,
Execution Time for Trace ID 90b446caf7a7188e082b8db59d52a274: 1524 ms
Input: 5000000,
Cold Start: false
Unique ID: b8299f3246f563131bb14619252abef2,
Execution Time for Trace ID b8299f3246f563131bb14619252abef2: 1409 ms
Input: 5000000,
Cold Start: false
Unique ID: 2020714cbb88f44ad2faae61fc5e6c24,
Execution Time for Trace ID 2020714cbb88f44ad2faae61fc5e6c24: 1228 ms
Input: 5000000,
Cold Start: false
Unique ID: e9471e51b778732005c1ec741e3f4b41,
Execution Time for Trace ID e9471e51b778732005c1ec741e3f4b41: 1450 ms
Input: 5000000,
Cold Start: false
Unique ID: 6c6df59182999af17a690152a9f85d00,
Execution Time for Trace ID 6c6df59182999af17a690152a9f85d00: 1501 ms
Input: 5000000,
Cold Start: false
Unique ID: 7bb94c8c7c3dadf7dc6032b8792b8dba,
Execution Time for Trace ID 7bb94c8c7c3dadf7dc6032b8792b8dba: 1361 ms
Input: 5000000,
Cold Start: false
Unique ID: f55b5bc85979663ea10101733636fa3c,
Execution Time for Trace ID f55b5bc85979663ea10101733636fa3c: 1395 ms
Input: 5000000,
Cold Start: false
Unique ID: eb95480d037c2b8b44e34a8e39d6f9d2,
Execution Time for Trace ID eb95480d037c2b8b44e34a8e39d6f9d2: 1504 ms
Input: 5000000,
Cold Start: false
Unique ID: 6a8f2005fff6ced04994cd3f69ddfcd8,
Execution Time for Trace ID 6a8f2005fff6ced04994cd3f69ddfcd8: 1612 ms
Input: 5000000,
Cold Start: false
Unique ID: a5a167dd9f238a636ae96faa92dd457e,
Execution Time for Trace ID a5a167dd9f238a636ae96faa92dd457e: 1506 ms
Input: 5000000,
Cold Start: false
Unique ID: 16f367be59a4e92dee1154eb764c8eaf,
Execution Time for Trace ID 16f367be59a4e92dee1154eb764c8eaf: 1490 ms
Input: 5000000,
Cold Start: false
Unique ID: 972bc2d0fdc61a8991833917b0e9dded,
Execution Time for Trace ID 972bc2d0fdc61a8991833917b0e9dded: 1704 ms
Input: 5000000,
Cold Start: false
Unique ID: 92872021b8d5e9dcb11ae50668ca6f88,
Execution Time for Trace ID 92872021b8d5e9dcb11ae50668ca6f88: 1404 ms
Input: 5000000,
Cold Start: false
Unique ID: 56daffbf05263cc34ab1044b572dbe18,
Execution Time for Trace ID 56daffbf05263cc34ab1044b572dbe18: 508 ms
Input: 5000000,
Cold Start: false
Unique ID: 3feff0c94173da0589e8f060741587e7,
Execution Time for Trace ID 3feff0c94173da0589e8f060741587e7: 1362 ms
Input: 5000000,
Cold Start: false
Unique ID: a933b522cc43f16cf02094737c38b15f,
Execution Time for Trace ID a933b522cc43f16cf02094737c38b15f: 1443 ms
Input: 5000000,
Cold Start: false
Unique ID: 06a9c05cb80ce3456358e6f9c3e79094,
Execution Time for Trace ID 06a9c05cb80ce3456358e6f9c3e79094: 1685 ms
Input: 5000000,
Cold Start: false
Unique ID: 24b0509ffa4aed70688b59638d5f9eae,
Execution Time for Trace ID 24b0509ffa4aed70688b59638d5f9eae: 1492 ms
Input: 5000000,
Cold Start: false
Unique ID: 1e50deaa9bc6f70913cd3e9c1a902211,
Execution Time for Trace ID 1e50deaa9bc6f70913cd3e9c1a902211: 1490 ms
Input: 5000000,
Cold Start: false
Unique ID: 41d7b482b100e13bebde164e14d3aabe,
Execution Time for Trace ID 41d7b482b100e13bebde164e14d3aabe: 1495 ms
Input: 5000000,
Cold Start: false
Unique ID: 6c0f1e754891cebc49ce5f8ad5f8bb48,
Execution Time for Trace ID 6c0f1e754891cebc49ce5f8ad5f8bb48: 1404 ms
Input: 5000000,
Cold Start: false
Unique ID: 4fa483bd41c5f619b5340d3173c6d203,
Execution Time for Trace ID 4fa483bd41c5f619b5340d3173c6d203: 1358 ms
Input: 5000000,
Cold Start: false
Unique ID: 8874bbfabb630c9e7b46616a7ab30380,
Execution Time for Trace ID 8874bbfabb630c9e7b46616a7ab30380: 1486 ms
Input: 5000000,
Cold Start: false
Unique ID: ee948a91daf63a4cd67e63f930fd378d,
Execution Time for Trace ID ee948a91daf63a4cd67e63f930fd378d: 1363 ms
Input: 5000000,
Cold Start: false
Unique ID: c682a62b70c8d05cc95d154f82ddd404,
Execution Time for Trace ID c682a62b70c8d05cc95d154f82ddd404: 1739 ms
Input: 5000000,
Cold Start: false
Unique ID: 19e436be2cfd1dde603ec4c2d7b3cdb6,
Execution Time for Trace ID 19e436be2cfd1dde603ec4c2d7b3cdb6: 1719 ms
Input: 5000000,
Cold Start: false
Unique ID: 11ad8d761b8a40893230ebf663391bbc,
Execution Time for Trace ID 11ad8d761b8a40893230ebf663391bbc: 1451 ms
Input: 5000000,
Cold Start: false
Unique ID: 77a72d6869937e2ae7bfcb530febd660,
Execution Time for Trace ID 77a72d6869937e2ae7bfcb530febd660: 1991 ms
Input: 5000000,
Cold Start: false
Unique ID: 6d204619fff2dddaa1fb1b772fc0ed02,
Execution Time for Trace ID 6d204619fff2dddaa1fb1b772fc0ed02: 1485 ms
Input: 5000000,
Cold Start: false
Unique ID: aaa70376ff36d1d6157b0264c5c903d4,
Execution Time for Trace ID aaa70376ff36d1d6157b0264c5c903d4: 1899 ms
Input: 5000000,
Cold Start: false
Unique ID: c91f527d609fe479349674b2884cfa2a,
Execution Time for Trace ID c91f527d609fe479349674b2884cfa2a: 1407 ms
Input: 5000000,
Cold Start: false
Unique ID: 9eeb769594cc1f374e609a663599bc97,
Execution Time for Trace ID 9eeb769594cc1f374e609a663599bc97: 1409 ms
Input: 5000000,
Cold Start: false
Unique ID: 639e0df9b4e50e1b582297ebfdae77bb,
Execution Time for Trace ID 639e0df9b4e50e1b582297ebfdae77bb: 1402 ms
Input: 5000000,
Cold Start: false
Unique ID: d7b7dc4ab5e7c8ad36d9c8380f6227bf,
Execution Time for Trace ID d7b7dc4ab5e7c8ad36d9c8380f6227bf: 1361 ms
Input: 5000000,
Cold Start: false
Unique ID: a6998e8a06d2666e6740fd2a39b87681,
Execution Time for Trace ID a6998e8a06d2666e6740fd2a39b87681: 1422 ms
Input: 5000000,
Cold Start: false
Unique ID: 3c950f92ddcab3e9b59eb639e49cfe07,
Execution Time for Trace ID 3c950f92ddcab3e9b59eb639e49cfe07: 1706 ms
Input: 5000000,
Cold Start: true
Unique ID: b3bc4eed75a6997ca320b8b5369a7d80,
Execution Time for Trace ID b3bc4eed75a6997ca320b8b5369a7d80: 1373 ms
Input: 5000000,
Cold Start: false
Unique ID: b463c30cb137597b2a72cb4428a4285a,
Execution Time for Trace ID b463c30cb137597b2a72cb4428a4285a: 1917 ms
Input: 5000000,
Cold Start: false
Unique ID: 467221721e84354b4c18ded466b799a0,
Execution Time for Trace ID 467221721e84354b4c18ded466b799a0: 1405 ms
Input: 5000000,
Cold Start: false
Unique ID: 32230b91f940c33ac7b9b9d9b290c76f,
Execution Time for Trace ID 32230b91f940c33ac7b9b9d9b290c76f: 1705 ms
Input: 5000000,
Cold Start: false
Unique ID: 7f50093e0c3be2c6ed5e4af9b0c611b6,
Execution Time for Trace ID 7f50093e0c3be2c6ed5e4af9b0c611b6: 1462 ms
Input: 5000000,
Cold Start: false
Unique ID: 619f732dd3965d48906e2cd005a1494c,
Execution Time for Trace ID 619f732dd3965d48906e2cd005a1494c: 1399 ms
Input: 5000000,
Cold Start: false
Unique ID: 990861079c800ced129e9e71572803fd,
Execution Time for Trace ID 990861079c800ced129e9e71572803fd: 1401 ms
Input: 5000000,
Cold Start: false
Unique ID: e65744d641471112e5d5431770f596ca,
Execution Time for Trace ID e65744d641471112e5d5431770f596ca: 1820 ms
Input: 5000000,
Cold Start: false
Unique ID: db9b3e884a28871cadbeb7a0ea4f88e4,
Execution Time for Trace ID db9b3e884a28871cadbeb7a0ea4f88e4: 1364 ms
Input: 5000000,
Cold Start: false
Unique ID: bc906002080231da50121547e45ecdfd,
Execution Time for Trace ID bc906002080231da50121547e45ecdfd: 1811 ms
Input: 5000000,
Cold Start: false
Unique ID: 77f98867fed0353357fa0ba8d63b580d,
Execution Time for Trace ID 77f98867fed0353357fa0ba8d63b580d: 1495 ms
Input: 5000000,
Cold Start: false
Unique ID: 359f34b037eb4a45328505d02d4cb700,
Execution Time for Trace ID 359f34b037eb4a45328505d02d4cb700: 1409 ms
Input: 5000000,
Cold Start: false
Unique ID: b27534f8add569bc2ac2db547e542bf7,
Execution Time for Trace ID b27534f8add569bc2ac2db547e542bf7: 1364 ms
Input: 5000000,
Cold Start: false
Unique ID: 9d4d85719f1e8aad1371ad5edd95197b,
Execution Time for Trace ID 9d4d85719f1e8aad1371ad5edd95197b: 1388 ms
Input: 5000000,
Cold Start: false
Unique ID: 5c8d93203c8c5fe4822706ada47a45e5,
Execution Time for Trace ID 5c8d93203c8c5fe4822706ada47a45e5: 1377 ms
Input: 5000000,
Cold Start: false
Unique ID: 66d705b96255f5a6297e6b169dcfff41,
Execution Time for Trace ID 66d705b96255f5a6297e6b169dcfff41: 1813 ms
Input: 5000000,
Cold Start: false
Unique ID: 2b3ff168e35503fbaff22177d8865f3f,
Execution Time for Trace ID 2b3ff168e35503fbaff22177d8865f3f: 1791 ms
Input: 5000000,
Cold Start: false
Unique ID: 1e39f06eadfdecd06b97491efd9dcd82,
Execution Time for Trace ID 1e39f06eadfdecd06b97491efd9dcd82: 1428 ms
Input: 5000000,
Cold Start: false
Unique ID: d36222fde8ce6fc4f42c1c372af16490,
Execution Time for Trace ID d36222fde8ce6fc4f42c1c372af16490: 1379 ms
Input: 5000000,
Cold Start: false
Unique ID: 8c7677dbe210be5ddf3962eebc4c2ac6,
Execution Time for Trace ID 8c7677dbe210be5ddf3962eebc4c2ac6: 1411 ms
Input: 5000000,
Cold Start: false
Unique ID: 35db4db9c7055271318c539f366447b5,
Execution Time for Trace ID 35db4db9c7055271318c539f366447b5: 1527 ms
Input: 5000000,
Cold Start: false
Unique ID: 6878a64e336dfaa28f02cd312fdc53a1,
Execution Time for Trace ID 6878a64e336dfaa28f02cd312fdc53a1: 1605 ms
Input: 5000000,
Cold Start: false
Unique ID: cb6b0002659c5d5cefcdbccf6785b208,
Execution Time for Trace ID cb6b0002659c5d5cefcdbccf6785b208: 1395 ms
Input: 5000000,
Cold Start: false
Unique ID: c9585ecec587bd256a09deaf3262982a,
Execution Time for Trace ID c9585ecec587bd256a09deaf3262982a: 1816 ms
Input: 5000000,
Cold Start: false
Unique ID: 472c8b2d443c9cff48d4ccf9d1a2fb4c,
Execution Time for Trace ID 472c8b2d443c9cff48d4ccf9d1a2fb4c: 1799 ms
Input: 5000000,
Cold Start: false
Unique ID: a8c7d47f6c44ae29b513c888ef8c82f4,
Execution Time for Trace ID a8c7d47f6c44ae29b513c888ef8c82f4: 1363 ms
Input: 5000000,
Cold Start: false
Unique ID: 91703e864dc271484735a78235ccda45,
Execution Time for Trace ID 91703e864dc271484735a78235ccda45: 1801 ms
Input: 5000000,
Cold Start: false
Unique ID: 1ee6828e678c77a94b2e08f93bf28177,
Execution Time for Trace ID 1ee6828e678c77a94b2e08f93bf28177: 1525 ms
Input: 5000000,
Cold Start: false
Unique ID: 300996338028e20f0ac68eb520e7ed37,
Execution Time for Trace ID 300996338028e20f0ac68eb520e7ed37: 1529 ms
Input: 5000000,
Cold Start: false
Unique ID: 704feb512635f6dc846df4836616d015,
Execution Time for Trace ID 704feb512635f6dc846df4836616d015: 1359 ms
Input: 5000000,
Cold Start: false
Unique ID: 54799d5c2b111b9f6ff625e9f0f06d41,
Execution Time for Trace ID 54799d5c2b111b9f6ff625e9f0f06d41: 1403 ms
Input: 5000000,
Cold Start: false
Unique ID: 327eee4b88c008d558b89a44190e437e,
Execution Time for Trace ID 327eee4b88c008d558b89a44190e437e: 1494 ms
Input: 5000000,
Cold Start: false
Unique ID: c5dedfdea50f6ff90baa4e4d8d3985be,
Execution Time for Trace ID c5dedfdea50f6ff90baa4e4d8d3985be: 1490 ms
Input: 5000000,
Cold Start: false
Unique ID: afcd68cc8d2f122f2ee6c045a6dec62f,
Execution Time for Trace ID afcd68cc8d2f122f2ee6c045a6dec62f: 1450 ms
Input: 5000000,
Cold Start: false
Unique ID: 1a7b16c1e11753807708a9cf1858e9c2,
Execution Time for Trace ID 1a7b16c1e11753807708a9cf1858e9c2: 1391 ms
Input: 5000000,
Cold Start: false
Unique ID: 0cfc3de602eeda398b03e90fbb70a3b3,
Execution Time for Trace ID 0cfc3de602eeda398b03e90fbb70a3b3: 1515 ms
Input: 5000000,
Cold Start: false
Unique ID: 31c972acc637b22894cb6ecb19d6aa91,
Execution Time for Trace ID 31c972acc637b22894cb6ecb19d6aa91: 1521 ms
Input: 5000000,
Cold Start: false
Unique ID: b00c4c7c26898c58859137862c2cc099,
Execution Time for Trace ID b00c4c7c26898c58859137862c2cc099: 1352 ms
Input: 5000000,
Cold Start: false
Unique ID: 771d6ede33334963046c5e49b668b98f,
Execution Time for Trace ID 771d6ede33334963046c5e49b668b98f: 1401 ms
Input: 5000000,
Cold Start: false
Unique ID: bda4f38e2aa40fe157f83c7075c54747,
Execution Time for Trace ID bda4f38e2aa40fe157f83c7075c54747: 1478 ms
Input: 5000000,
Cold Start: false
Unique ID: b85f598beb1b2b05044a6aa50d9ae78e,
Execution Time for Trace ID b85f598beb1b2b05044a6aa50d9ae78e: 1499 ms
Input: 5000000,
Cold Start: false
Unique ID: a0f4090d1eb7f96cd9aafab53e6dcd2d,
Execution Time for Trace ID a0f4090d1eb7f96cd9aafab53e6dcd2d: 1356 ms
Input: 5000000,
Cold Start: false
Unique ID: 027cbf39dbbcf17ac76580d758856ec1,
Execution Time for Trace ID 027cbf39dbbcf17ac76580d758856ec1: 1590 ms
Input: 5000000,
Cold Start: false
Unique ID: 57a809dff46be081c6653f8723136821,
Execution Time for Trace ID 57a809dff46be081c6653f8723136821: 1405 ms
Input: 5000000,
Cold Start: false
Unique ID: 04b1b86d9d11e2303b27dc4ec72b9bd8,
Execution Time for Trace ID 04b1b86d9d11e2303b27dc4ec72b9bd8: 1413 ms
Input: 5000000,
Cold Start: false
Unique ID: 1cee2239845fcd51e7d994cf404a55e3,
Execution Time for Trace ID 1cee2239845fcd51e7d994cf404a55e3: 1452 ms
Input: 5000000,
Cold Start: false
Unique ID: b8ef4754daa1e85e13a1175965f7379f,
Execution Time for Trace ID b8ef4754daa1e85e13a1175965f7379f: 1421 ms
Input: 5000000,
Cold Start: false
Unique ID: 4dbeaea4a883b5e912b91d7fee1bb3f0,
Execution Time for Trace ID 4dbeaea4a883b5e912b91d7fee1bb3f0: 1406 ms
Input: 5000000,
Cold Start: false
Unique ID: a505dc8fcacc2095cd08dcc7dbb33766,
Execution Time for Trace ID a505dc8fcacc2095cd08dcc7dbb33766: 1398 ms
Input: 5000000,
Cold Start: false
Unique ID: 675b2cc73fca6e8926c5608b4235df13,
Execution Time for Trace ID 675b2cc73fca6e8926c5608b4235df13: 1358 ms
Input: 5000000,
Cold Start: false
Unique ID: e2fbc68e9c9599e5030e2ec74fe9f169,
Execution Time for Trace ID e2fbc68e9c9599e5030e2ec74fe9f169: 1504 ms
Input: 5000000,
Cold Start: false
Unique ID: 065248bbc8d4a78cbbbefb8d72e7fcc7,
Execution Time for Trace ID 065248bbc8d4a78cbbbefb8d72e7fcc7: 1502 ms
Input: 5000000,
Cold Start: false
Unique ID: 66c089ef9c61edbbab1165a9a9ae4b19,
Execution Time for Trace ID 66c089ef9c61edbbab1165a9a9ae4b19: 1406 ms
Input: 5000000,
Cold Start: false
Unique ID: fa72de781e862c1e9d99e81bd9d91e90,
Execution Time for Trace ID fa72de781e862c1e9d99e81bd9d91e90: 1349 ms
Input: 5000000,
Cold Start: false
Unique ID: 4dde17e4f5c22bfa5cf3e713036bd441,
Execution Time for Trace ID 4dde17e4f5c22bfa5cf3e713036bd441: 1513 ms
Input: 5000000,
Cold Start: false
Unique ID: 025c90cfce084a82ea91a81afbf5bfbe,
Execution Time for Trace ID 025c90cfce084a82ea91a81afbf5bfbe: 1406 ms
Input: 5000000,
Cold Start: false
Unique ID: 67bae471a7f11fa5ecbf48adebe9475a,
Execution Time for Trace ID 67bae471a7f11fa5ecbf48adebe9475a: 1447 ms
Input: 5000000,
Cold Start: false
Unique ID: 9e36458f9de862bb337d46ca2a33bdec,
Execution Time for Trace ID 9e36458f9de862bb337d46ca2a33bdec: 1401 ms
Input: 5000000,
Cold Start: false
Unique ID: 70e6ceb452b1aa765e242856e1de2a3a,
Execution Time for Trace ID 70e6ceb452b1aa765e242856e1de2a3a: 1481 ms
Input: 5000000,
Cold Start: false
Unique ID: 531d539a0233d686a787a2eb12ad856d,
Execution Time for Trace ID 531d539a0233d686a787a2eb12ad856d: 1423 ms
Input: 5000000,
Cold Start: false
