Unique ID: 1a37d3694023821bbdb39772710737b0,
Execution Time for Trace ID 1a37d3694023821bbdb39772710737b0: 1638 ms
Input: 5750000,
Cold Start: false
Unique ID: db5a26aebf767100439caad9b27273ed,
Execution Time for Trace ID db5a26aebf767100439caad9b27273ed: 1737 ms
Input: 5750000,
Cold Start: false
Unique ID: 38399170fe0f08ac3a3da54ffd357084,
Execution Time for Trace ID 38399170fe0f08ac3a3da54ffd357084: 1734 ms
Input: 5750000,
Cold Start: false
Unique ID: 1d2509b3a8fc57482d350ae6321932e5,
Execution Time for Trace ID 1d2509b3a8fc57482d350ae6321932e5: 1822 ms
Input: 5750000,
Cold Start: false
Unique ID: 474a2cdbd99a4460ca399b0bb8167bbd,
Execution Time for Trace ID 474a2cdbd99a4460ca399b0bb8167bbd: 1714 ms
Input: 5750000,
Cold Start: false
Unique ID: f0916e1e995c6157097a7a3a5ef566f8,
Execution Time for Trace ID f0916e1e995c6157097a7a3a5ef566f8: 1832 ms
Input: 5750000,
Cold Start: false
Unique ID: dd23c39d498da5e00a4d6b8d059d3535,
Execution Time for Trace ID dd23c39d498da5e00a4d6b8d059d3535: 1776 ms
Input: 5750000,
Cold Start: false
Unique ID: b1d1887c263c8fed36f4d64d92763605,
Execution Time for Trace ID b1d1887c263c8fed36f4d64d92763605: 1725 ms
Input: 5750000,
Cold Start: false
Unique ID: 10d7d2077a269abb69c46e4a2d9c9212,
Execution Time for Trace ID 10d7d2077a269abb69c46e4a2d9c9212: 1963 ms
Input: 5750000,
Cold Start: false
Unique ID: 79e4d04763251635cef7d6f9b087ba91,
Execution Time for Trace ID 79e4d04763251635cef7d6f9b087ba91: 1750 ms
Input: 5750000,
Cold Start: false
Unique ID: 0d37a5815c653b893e3e9ea64748eb85,
Execution Time for Trace ID 0d37a5815c653b893e3e9ea64748eb85: 1733 ms
Input: 5750000,
Cold Start: false
Unique ID: f3e4c256b38c21393baef9e0cc8b6d10,
Execution Time for Trace ID f3e4c256b38c21393baef9e0cc8b6d10: 2136 ms
Input: 5750000,
Cold Start: false
Unique ID: a8334a96ab992b3c60dc1b20114c1934,
Execution Time for Trace ID a8334a96ab992b3c60dc1b20114c1934: 1657 ms
Input: 5750000,
Cold Start: false
Unique ID: da2ff2fd9abeb47baf07ea87fcfce982,
Execution Time for Trace ID da2ff2fd9abeb47baf07ea87fcfce982: 1066 ms
Input: 5750000,
Cold Start: false
Unique ID: 74ca96133f04cdb843a79ed0b48d150d,
Execution Time for Trace ID 74ca96133f04cdb843a79ed0b48d150d: 1649 ms
Input: 5750000,
Cold Start: false
Unique ID: 6fc35bddd7eb4fae5b50a39b5fe7486d,
Execution Time for Trace ID 6fc35bddd7eb4fae5b50a39b5fe7486d: 2168 ms
Input: 5750000,
Cold Start: false
Unique ID: 736c3fc83d812a40498b6b3b901ff016,
Execution Time for Trace ID 736c3fc83d812a40498b6b3b901ff016: 2019 ms
Input: 5750000,
Cold Start: false
Unique ID: a5144b4359905215fd27f5fdb9fd888b,
Execution Time for Trace ID a5144b4359905215fd27f5fdb9fd888b: 1907 ms
Input: 5750000,
Cold Start: false
Unique ID: 659e658d6e9e42d3347e9b703e0047ba,
Execution Time for Trace ID 659e658d6e9e42d3347e9b703e0047ba: 1810 ms
Input: 5750000,
Cold Start: false
Unique ID: 81adf68a8bd6e69354f4a9dbb9e22d31,
Execution Time for Trace ID 81adf68a8bd6e69354f4a9dbb9e22d31: 2034 ms
Input: 5750000,
Cold Start: false
Unique ID: f8eb8aa4c55aed0283993b941367e158,
Execution Time for Trace ID f8eb8aa4c55aed0283993b941367e158: 1930 ms
Input: 5750000,
Cold Start: false
Unique ID: 6cfc61bc8d4387206e2fa036980cb7be,
Execution Time for Trace ID 6cfc61bc8d4387206e2fa036980cb7be: 1735 ms
Input: 5750000,
Cold Start: false
Unique ID: 45ef05dd319b4896619263c24002c463,
Execution Time for Trace ID 45ef05dd319b4896619263c24002c463: 1750 ms
Input: 5750000,
Cold Start: false
Unique ID: 4fdc0999039275451f8bb8a0c995058d,
Execution Time for Trace ID 4fdc0999039275451f8bb8a0c995058d: 1693 ms
Input: 5750000,
Cold Start: false
Unique ID: 01ead3de3dacc25a41ac1d9cf5b00968,
Execution Time for Trace ID 01ead3de3dacc25a41ac1d9cf5b00968: 1685 ms
Input: 5750000,
Cold Start: false
Unique ID: 827b907d8ac6f078eddcc2ece926bc76,
Execution Time for Trace ID 827b907d8ac6f078eddcc2ece926bc76: 2309 ms
Input: 5750000,
Cold Start: false
Unique ID: 19803debf93b17f5ce53e98fdd006934,
Execution Time for Trace ID 19803debf93b17f5ce53e98fdd006934: 1802 ms
Input: 5750000,
Cold Start: false
Unique ID: 47636e79321199322085fbf02f32f39a,
Execution Time for Trace ID 47636e79321199322085fbf02f32f39a: 1804 ms
Input: 5750000,
Cold Start: false
Unique ID: d4d71cdab6b36ac2bbe0df97c2b03e39,
Execution Time for Trace ID d4d71cdab6b36ac2bbe0df97c2b03e39: 1649 ms
Input: 5750000,
Cold Start: false
Unique ID: 08b93a1d864d609158e454705a201d31,
Execution Time for Trace ID 08b93a1d864d609158e454705a201d31: 2346 ms
Input: 5750000,
Cold Start: false
Unique ID: 414c02c24d0d3f041ee8a4d2c617ff01,
Execution Time for Trace ID 414c02c24d0d3f041ee8a4d2c617ff01: 1654 ms
Input: 5750000,
Cold Start: false
Unique ID: b1460bb4be323c27a11890f50b195838,
Execution Time for Trace ID b1460bb4be323c27a11890f50b195838: 1638 ms
Input: 5750000,
Cold Start: false
Unique ID: ee5b2a677fbb809d12da3aef582ae554,
Execution Time for Trace ID ee5b2a677fbb809d12da3aef582ae554: 1872 ms
Input: 5750000,
Cold Start: false
Unique ID: dc66efc73616bee1c55a47d2682478e4,
Execution Time for Trace ID dc66efc73616bee1c55a47d2682478e4: 1756 ms
Input: 5750000,
Cold Start: false
Unique ID: 7fda25086ba562f2ee3cbfe0b9ecd7bf,
Execution Time for Trace ID 7fda25086ba562f2ee3cbfe0b9ecd7bf: 1558 ms
Input: 5750000,
Cold Start: false
Unique ID: 705889f041fec6c741ac1d9cf5b00ad9,
Execution Time for Trace ID 705889f041fec6c741ac1d9cf5b00ad9: 1980 ms
Input: 5750000,
Cold Start: false
Unique ID: 6c1666e3ccd140d377418a674f98e33f,
Execution Time for Trace ID 6c1666e3ccd140d377418a674f98e33f: 1625 ms
Input: 5750000,
Cold Start: false
Unique ID: 6b765a81c65e4fe1b41ed400a9a5968c,
Execution Time for Trace ID 6b765a81c65e4fe1b41ed400a9a5968c: 2134 ms
Input: 5750000,
Cold Start: true
Unique ID: 368e1afd9cf39be7a848b592cd96f1b7,
Execution Time for Trace ID 368e1afd9cf39be7a848b592cd96f1b7: 1727 ms
Input: 5750000,
Cold Start: false
Unique ID: a64581031cd6b24729193792639d04fe,
Execution Time for Trace ID a64581031cd6b24729193792639d04fe: 1728 ms
Input: 5750000,
Cold Start: false
Unique ID: f154723b8d89082bc8b4916180fac179,
Execution Time for Trace ID f154723b8d89082bc8b4916180fac179: 1741 ms
Input: 5750000,
Cold Start: false
Unique ID: 028fcf1be484ad0d652195bc4b6c84cb,
Execution Time for Trace ID 028fcf1be484ad0d652195bc4b6c84cb: 1615 ms
Input: 5750000,
Cold Start: false
Unique ID: 61360a9ea05ecd5705f9f36e2af511b7,
Execution Time for Trace ID 61360a9ea05ecd5705f9f36e2af511b7: 1807 ms
Input: 5750000,
Cold Start: false
Unique ID: f4ca6f682fb132e5c7f2223c9a10c5d3,
Execution Time for Trace ID f4ca6f682fb132e5c7f2223c9a10c5d3: 1784 ms
Input: 5750000,
Cold Start: false
Unique ID: 03f0dcfff6a13489935a4d3a73239a6b,
Execution Time for Trace ID 03f0dcfff6a13489935a4d3a73239a6b: 1637 ms
Input: 5750000,
Cold Start: false
Unique ID: 185a496f664b8d14fbc69a06d2c081f2,
Execution Time for Trace ID 185a496f664b8d14fbc69a06d2c081f2: 1794 ms
Input: 5750000,
Cold Start: false
Unique ID: 072b8f4d584b37677ad96699c0b9fd2e,
Execution Time for Trace ID 072b8f4d584b37677ad96699c0b9fd2e: 1607 ms
Input: 5750000,
Cold Start: false
Unique ID: b0a85b66e2750e7b67d7a101f11ed23a,
Execution Time for Trace ID b0a85b66e2750e7b67d7a101f11ed23a: 2131 ms
Input: 5750000,
Cold Start: false
Unique ID: 2801a4a3387a643f42827bd600870f90,
Execution Time for Trace ID 2801a4a3387a643f42827bd600870f90: 2127 ms
Input: 5750000,
Cold Start: false
Unique ID: 012bfefb99c173a1b5ac20ed304633b9,
Execution Time for Trace ID 012bfefb99c173a1b5ac20ed304633b9: 2006 ms
Input: 5750000,
Cold Start: false
Unique ID: 9d3c672767bb53beefcf1adafc42bf35,
Execution Time for Trace ID 9d3c672767bb53beefcf1adafc42bf35: 1937 ms
Input: 5750000,
Cold Start: false
Unique ID: f98aaf610abe4b92eb8bc3dd6b29a367,
Execution Time for Trace ID f98aaf610abe4b92eb8bc3dd6b29a367: 1714 ms
Input: 5750000,
Cold Start: false
Unique ID: 5d30021a89dce277050127fb8d65b86c,
Execution Time for Trace ID 5d30021a89dce277050127fb8d65b86c: 2132 ms
Input: 5750000,
Cold Start: false
Unique ID: 9208ae46d7f44aa1c3796c9aff48d892,
Execution Time for Trace ID 9208ae46d7f44aa1c3796c9aff48d892: 1882 ms
Input: 5750000,
Cold Start: false
Unique ID: 1260943e720b9b453236b44161e44d4f,
Execution Time for Trace ID 1260943e720b9b453236b44161e44d4f: 1810 ms
Input: 5750000,
Cold Start: false
Unique ID: 6c5314113fe343e64a5722dba189081d,
Execution Time for Trace ID 6c5314113fe343e64a5722dba189081d: 2404 ms
Input: 5750000,
Cold Start: false
Unique ID: cd6455593f8673371a3259c02f8f9927,
Execution Time for Trace ID cd6455593f8673371a3259c02f8f9927: 1862 ms
Input: 5750000,
Cold Start: false
Unique ID: 57172c59c42ace07d831f51fcccc4fb1,
Execution Time for Trace ID 57172c59c42ace07d831f51fcccc4fb1: 1792 ms
Input: 5750000,
Cold Start: false
Unique ID: 96f350cfbc3340b3073501dc8c5cbc56,
Execution Time for Trace ID 96f350cfbc3340b3073501dc8c5cbc56: 1690 ms
Input: 5750000,
Cold Start: false
Unique ID: 5d3b14e504c76b39fde93a19a059d6eb,
Execution Time for Trace ID 5d3b14e504c76b39fde93a19a059d6eb: 2319 ms
Input: 5750000,
Cold Start: false
Unique ID: 4ce7d1ac7bd41db236d6e1ed32ccedcb,
Execution Time for Trace ID 4ce7d1ac7bd41db236d6e1ed32ccedcb: 1581 ms
Input: 5750000,
Cold Start: false
Unique ID: c1beb8799e27ea0433196eb1801877ef,
Execution Time for Trace ID c1beb8799e27ea0433196eb1801877ef: 2181 ms
Input: 5750000,
Cold Start: false
Unique ID: 05aec6751016d9636d5d5354585283c5,
Execution Time for Trace ID 05aec6751016d9636d5d5354585283c5: 1797 ms
Input: 5750000,
Cold Start: false
Unique ID: 22892f29a52f45edb52f3bcd6c8c9a26,
Execution Time for Trace ID 22892f29a52f45edb52f3bcd6c8c9a26: 1741 ms
Input: 5750000,
Cold Start: false
Unique ID: ff009e5cc995e41e5d8dcbc2605aefea,
Execution Time for Trace ID ff009e5cc995e41e5d8dcbc2605aefea: 2270 ms
Input: 5750000,
Cold Start: false
Unique ID: 29d547d855592b93e29f9d762875d379,
Execution Time for Trace ID 29d547d855592b93e29f9d762875d379: 1945 ms
Input: 5750000,
Cold Start: false
Unique ID: d9aa513e7c64c4698968940ddbf2ae70,
Execution Time for Trace ID d9aa513e7c64c4698968940ddbf2ae70: 1795 ms
Input: 5750000,
Cold Start: false
Unique ID: 34ad958d606236e674f477526e48b3f6,
Execution Time for Trace ID 34ad958d606236e674f477526e48b3f6: 1626 ms
Input: 5750000,
Cold Start: false
Unique ID: 375b7eb69ecb951126153da7a1222292,
Execution Time for Trace ID 375b7eb69ecb951126153da7a1222292: 1628 ms
Input: 5750000,
Cold Start: false
Unique ID: 399533d55f466c5a6fc15bc7e9eb94ff,
Execution Time for Trace ID 399533d55f466c5a6fc15bc7e9eb94ff: 2139 ms
Input: 5750000,
Cold Start: false
Unique ID: c997783179e7e62ad34f7ceaee20c003,
Execution Time for Trace ID c997783179e7e62ad34f7ceaee20c003: 1621 ms
Input: 5750000,
Cold Start: false
Unique ID: 2aa4e9a5196f0d563339d587ae303158,
Execution Time for Trace ID 2aa4e9a5196f0d563339d587ae303158: 1828 ms
Input: 5750000,
Cold Start: false
Unique ID: 1b76b03f33b7f962fc2220d6b471df99,
Execution Time for Trace ID 1b76b03f33b7f962fc2220d6b471df99: 1789 ms
Input: 5750000,
Cold Start: false
Unique ID: 7edaae6424a2b9dc3448a68476f6241f,
Execution Time for Trace ID 7edaae6424a2b9dc3448a68476f6241f: 1637 ms
Input: 5750000,
Cold Start: false
Unique ID: 015cf3e03e8cd9eed2e87fa089703286,
Execution Time for Trace ID 015cf3e03e8cd9eed2e87fa089703286: 2040 ms
Input: 5750000,
Cold Start: false
Unique ID: fce84f6b248376ba0c1634fa9ab7ed4e,
Execution Time for Trace ID fce84f6b248376ba0c1634fa9ab7ed4e: 1595 ms
Input: 5750000,
Cold Start: false
Unique ID: 01b6032cb803d4b5f65b6eff68543086,
Execution Time for Trace ID 01b6032cb803d4b5f65b6eff68543086: 1567 ms
Input: 5750000,
Cold Start: false
Unique ID: 26f956007c73d9637cb60d4e26abf825,
Execution Time for Trace ID 26f956007c73d9637cb60d4e26abf825: 2147 ms
Input: 5750000,
Cold Start: false
Unique ID: f2a1cabb6742a9e075de6bf9135464ee,
Execution Time for Trace ID f2a1cabb6742a9e075de6bf9135464ee: 1708 ms
Input: 5750000,
Cold Start: false
Unique ID: 4d9002746e9deeed7fa6988e3502b0af,
Execution Time for Trace ID 4d9002746e9deeed7fa6988e3502b0af: 1702 ms
Input: 5750000,
Cold Start: false
Unique ID: 11d8d434b1aaa90ee644e4de6e686eef,
Execution Time for Trace ID 11d8d434b1aaa90ee644e4de6e686eef: Not Found
Input: 5750000,
Cold Start: false
Unique ID: ad842a19870c95f7ecd72b00816bcfcb,
Execution Time for Trace ID ad842a19870c95f7ecd72b00816bcfcb: 2151 ms
Input: 5750000,
Cold Start: false
Unique ID: 5070fef4e8927f90f2af77d260ffc61b,
Execution Time for Trace ID 5070fef4e8927f90f2af77d260ffc61b: 1748 ms
Input: 5750000,
Cold Start: false
Unique ID: 89776c4eb165b25583409cb1e708a809,
Execution Time for Trace ID 89776c4eb165b25583409cb1e708a809: 1727 ms
Input: 5750000,
Cold Start: false
Unique ID: 77b3d60b42f4aa21de21005e36ee6fbe,
Execution Time for Trace ID 77b3d60b42f4aa21de21005e36ee6fbe: 1867 ms
Input: 5750000,
Cold Start: false
Unique ID: 2a6658b2e66422588aa2cfaff9c76496,
Execution Time for Trace ID 2a6658b2e66422588aa2cfaff9c76496: 1734 ms
Input: 5750000,
Cold Start: false
Unique ID: b51b43f84494c772911652f99d716c38,
Execution Time for Trace ID b51b43f84494c772911652f99d716c38: 2138 ms
Input: 5750000,
Cold Start: false
Unique ID: 84c56122e53e785acb5667a5e204bf21,
Execution Time for Trace ID 84c56122e53e785acb5667a5e204bf21: 1624 ms
Input: 5750000,
Cold Start: false
Unique ID: 8a86b6071ddfd427c4653cd5d7866449,
Execution Time for Trace ID 8a86b6071ddfd427c4653cd5d7866449: 2231 ms
Input: 5750000,
Cold Start: false
Unique ID: ffe1970af948f2e07246904588d6775f,
Execution Time for Trace ID ffe1970af948f2e07246904588d6775f: Not Found
Input: 5750000,
Cold Start: false
Unique ID: 50d976e06225e40ccc1b02d50d42bc43,
Execution Time for Trace ID 50d976e06225e40ccc1b02d50d42bc43: 2356 ms
Input: 5750000,
Cold Start: false
Unique ID: 1177d149da1644aa9bbe54dcf63ea3c3,
Execution Time for Trace ID 1177d149da1644aa9bbe54dcf63ea3c3: Not Found
Input: 5750000,
Cold Start: false
Unique ID: 34fb0206034f216ec07ee39a7aeaba6f,
Execution Time for Trace ID 34fb0206034f216ec07ee39a7aeaba6f: 1712 ms
Input: 5750000,
Cold Start: false
Unique ID: 59d71b25a2263ff6ed9808614e92d113,
Execution Time for Trace ID 59d71b25a2263ff6ed9808614e92d113: 2328 ms
Input: 5750000,
Cold Start: false
Unique ID: 452d04621cd9b972f1da6e4b7883ec67,
Execution Time for Trace ID 452d04621cd9b972f1da6e4b7883ec67: 1648 ms
Input: 5750000,
Cold Start: false
Unique ID: 1a3efb606495098ffb228007ee975d8c,
Execution Time for Trace ID 1a3efb606495098ffb228007ee975d8c: 1594 ms
Input: 5750000,
Cold Start: false
Unique ID: 146fb9e7586a92ab9ec3c56b8c57601d,
Execution Time for Trace ID 146fb9e7586a92ab9ec3c56b8c57601d: 1705 ms
Input: 5750000,
Cold Start: false
Unique ID: 4d4185b981bc05c3ffeacb14edf051c4,
Execution Time for Trace ID 4d4185b981bc05c3ffeacb14edf051c4: Not Found
Input: 5750000,
Cold Start: false
Unique ID: b36d8f0e5aec148337b3ec2470e4b71a,
Execution Time for Trace ID b36d8f0e5aec148337b3ec2470e4b71a: 1706 ms
Input: 5750000,
Cold Start: false
Unique ID: 63a61cb2803dfb39778e517a8d45128b,
Execution Time for Trace ID 63a61cb2803dfb39778e517a8d45128b: 1949 ms
Input: 5750000,
Cold Start: false
Unique ID: 961810cfff8ec097f053592c773dc558,
Execution Time for Trace ID 961810cfff8ec097f053592c773dc558: Not Found
Input: 5750000,
Cold Start: false
Unique ID: 17c63eb26c574c641e5bdb8bd277f686,
Execution Time for Trace ID 17c63eb26c574c641e5bdb8bd277f686: 1695 ms
Input: 5750000,
Cold Start: false
Unique ID: 9d9cbbaa98ff1f012707bbe7fe7dd2c2,
Execution Time for Trace ID 9d9cbbaa98ff1f012707bbe7fe7dd2c2: 1809 ms
Input: 5750000,
Cold Start: false
Unique ID: fce8a332703f55b5fe2d0318a85b0a30,
Execution Time for Trace ID fce8a332703f55b5fe2d0318a85b0a30: 1828 ms
Input: 5750000,
Cold Start: false
Unique ID: ad961eba2a98ad0a560379c4ba9d32c2,
Execution Time for Trace ID ad961eba2a98ad0a560379c4ba9d32c2: 1975 ms
Input: 5750000,
Cold Start: false
Unique ID: ebc8ba43ca1644d80216891a930b1117,
Execution Time for Trace ID ebc8ba43ca1644d80216891a930b1117: 1890 ms
Input: 5750000,
Cold Start: false
Unique ID: b8a17951db8a59a6786cc245d3ea92ea,
Execution Time for Trace ID b8a17951db8a59a6786cc245d3ea92ea: 1723 ms
Input: 5750000,
Cold Start: false
Unique ID: 8a562835c281b7e67d741253e99178a2,
Execution Time for Trace ID 8a562835c281b7e67d741253e99178a2: 1815 ms
Input: 5750000,
Cold Start: false
Unique ID: d35ba3eab7864c4de79c80166734b818,
Execution Time for Trace ID d35ba3eab7864c4de79c80166734b818: 1749 ms
Input: 5750000,
Cold Start: false
Unique ID: 16e4b894b3eb3d09fcbf45bb2e214553,
Execution Time for Trace ID 16e4b894b3eb3d09fcbf45bb2e214553: 1719 ms
Input: 5750000,
Cold Start: false
Unique ID: 97832dc37c56fe915fc0fd7e970d8506,
Execution Time for Trace ID 97832dc37c56fe915fc0fd7e970d8506: 2135 ms
Input: 5750000,
Cold Start: false
Unique ID: 12b2b47c0d23ce84c5e6632c1a5fe4e0,
Execution Time for Trace ID 12b2b47c0d23ce84c5e6632c1a5fe4e0: 1634 ms
Input: 5750000,
Cold Start: false
Unique ID: a66ed2b17dff97f8907443ed48a0a972,
Execution Time for Trace ID a66ed2b17dff97f8907443ed48a0a972: 1665 ms
Input: 5750000,
Cold Start: false
Unique ID: 0edb1053f17dde27246a584feafb0045,
Execution Time for Trace ID 0edb1053f17dde27246a584feafb0045: 1732 ms
Input: 5750000,
Cold Start: false
Unique ID: 6f3d3483e960728a73342ce15ec61eaf,
Execution Time for Trace ID 6f3d3483e960728a73342ce15ec61eaf: 1712 ms
Input: 5750000,
Cold Start: false
Unique ID: 4a056add5a75515d47c412043fa6cd58,
Execution Time for Trace ID 4a056add5a75515d47c412043fa6cd58: 2229 ms
Input: 5750000,
Cold Start: false
Unique ID: b25b162c561f0eba0d1d479fd184517a,
Execution Time for Trace ID b25b162c561f0eba0d1d479fd184517a: 1670 ms
Input: 5750000,
Cold Start: false
Unique ID: bf0c03bebdc3a60dc37e5da04238cd49,
Execution Time for Trace ID bf0c03bebdc3a60dc37e5da04238cd49: 1812 ms
Input: 5750000,
Cold Start: false
Unique ID: a1e0c6089c695d3226f438e099e3b140,
Execution Time for Trace ID a1e0c6089c695d3226f438e099e3b140: 1724 ms
Input: 5750000,
Cold Start: false
Unique ID: 370965e0278a963b1f15679676827e47,
Execution Time for Trace ID 370965e0278a963b1f15679676827e47: Not Found
Input: 5750000,
Cold Start: false
Unique ID: 4131883547f7476b84ae53ae71a86519,
Execution Time for Trace ID 4131883547f7476b84ae53ae71a86519: Not Found
Input: 5750000,
Cold Start: false
Unique ID: 9390a0aa8becb8df553b96a267bdf7dd,
Execution Time for Trace ID 9390a0aa8becb8df553b96a267bdf7dd: Not Found
Input: 5750000,
Cold Start: false
Unique ID: da4d39bb6c31952e3cafcf6a54f0ccf6,
Execution Time for Trace ID da4d39bb6c31952e3cafcf6a54f0ccf6: Not Found
Input: 5750000,
Cold Start: false
Unique ID: 3c90926cc416f8ed1c3652084b69ce50,
Execution Time for Trace ID 3c90926cc416f8ed1c3652084b69ce50: Not Found
Input: 5750000,
Cold Start: false
Unique ID: 4fcb414f502a44f7a684ddd301cb147a,
Execution Time for Trace ID 4fcb414f502a44f7a684ddd301cb147a: 1819 ms
Input: 5750000,
Cold Start: false
Unique ID: 45a62fb7252fa6db8c538f6698d8647e,
Execution Time for Trace ID 45a62fb7252fa6db8c538f6698d8647e: 1729 ms
Input: 5750000,
Cold Start: false
Unique ID: 21e4ae59c78429866367746311b5349c,
Execution Time for Trace ID 21e4ae59c78429866367746311b5349c: 1792 ms
Input: 5750000,
Cold Start: false
Unique ID: 1b5280123aaa9c1914faedaa77c674c9,
Execution Time for Trace ID 1b5280123aaa9c1914faedaa77c674c9: 1726 ms
Input: 5750000,
Cold Start: false
Unique ID: b4da04a90e66c11eb9a36ee9de6baed6,
Execution Time for Trace ID b4da04a90e66c11eb9a36ee9de6baed6: 2021 ms
Input: 5750000,
Cold Start: false
Unique ID: e206d443b2b771011aaae7ceabcf6415,
Execution Time for Trace ID e206d443b2b771011aaae7ceabcf6415: 2037 ms
Input: 5750000,
Cold Start: false
Unique ID: 11203d6fd59ac764933605c852eea27e,
Execution Time for Trace ID 11203d6fd59ac764933605c852eea27e: 1588 ms
Input: 5750000,
Cold Start: false
Unique ID: d8353ee620d39a41b1c21f863c153a8f,
Execution Time for Trace ID d8353ee620d39a41b1c21f863c153a8f: 1840 ms
Input: 5750000,
Cold Start: false
Unique ID: 6b096076371e4417e68649b098a4c924,
Execution Time for Trace ID 6b096076371e4417e68649b098a4c924: 2228 ms
Input: 5750000,
Cold Start: false
Unique ID: ab8d58ab57e17ccd13595eb101c748bb,
Execution Time for Trace ID ab8d58ab57e17ccd13595eb101c748bb: 1811 ms
Input: 5750000,
Cold Start: false
Unique ID: 505c1c4d8ce3c8dbfc2ba0047bc3b102,
Execution Time for Trace ID 505c1c4d8ce3c8dbfc2ba0047bc3b102: 1533 ms
Input: 5750000,
Cold Start: false
Unique ID: a4122c8c116f6f1d8c0efe6f7873d617,
Execution Time for Trace ID a4122c8c116f6f1d8c0efe6f7873d617: 2309 ms
Input: 5750000,
Cold Start: false
Unique ID: 4cc3eb9d7aeb49e4bd0eedbdf18f14f7,
Execution Time for Trace ID 4cc3eb9d7aeb49e4bd0eedbdf18f14f7: 2035 ms
Input: 5750000,
Cold Start: false
Unique ID: c423fd42de04d730875e987c3476a9b2,
Execution Time for Trace ID c423fd42de04d730875e987c3476a9b2: 1801 ms
Input: 5750000,
Cold Start: false
Unique ID: 98f53d498ea4f67b216a2377c91641e0,
Execution Time for Trace ID 98f53d498ea4f67b216a2377c91641e0: 1635 ms
Input: 5750000,
Cold Start: false
Unique ID: ed7d86a57923e8f4a18333aee1ae8566,
Execution Time for Trace ID ed7d86a57923e8f4a18333aee1ae8566: 1791 ms
Input: 5750000,
Cold Start: false
Unique ID: 5164508d4fa7a2464a4f43dbf2ea5c84,
Execution Time for Trace ID 5164508d4fa7a2464a4f43dbf2ea5c84: 1988 ms
Input: 5750000,
Cold Start: false
Unique ID: 8f9a13e0b5f28764f09c87854ebdee22,
Execution Time for Trace ID 8f9a13e0b5f28764f09c87854ebdee22: 1932 ms
Input: 5750000,
Cold Start: false
Unique ID: fcb6f3cf50dca07173f37dfec0af1072,
Execution Time for Trace ID fcb6f3cf50dca07173f37dfec0af1072: 1748 ms
Input: 5750000,
Cold Start: false
Unique ID: 8b70afd3cc04d7e018eb702c63a34b23,
Execution Time for Trace ID 8b70afd3cc04d7e018eb702c63a34b23: 1721 ms
Input: 5750000,
Cold Start: false
Unique ID: d16717abd508834680e2532f31cfd5cf,
Execution Time for Trace ID d16717abd508834680e2532f31cfd5cf: 1682 ms
Input: 5750000,
Cold Start: false
Unique ID: 58656f8a708a31d9a4add329792bd4c2,
Execution Time for Trace ID 58656f8a708a31d9a4add329792bd4c2: 1566 ms
Input: 5750000,
Cold Start: false
Unique ID: cda925cc466a171346f27d27b96b9586,
Execution Time for Trace ID cda925cc466a171346f27d27b96b9586: 2046 ms
Input: 5750000,
Cold Start: false
Unique ID: ce3121f31ab20de4db3f9b1b78989cc7,
Execution Time for Trace ID ce3121f31ab20de4db3f9b1b78989cc7: 1802 ms
Input: 5750000,
Cold Start: false
Unique ID: 249d4108a1b56470be6af64f29e52435,
Execution Time for Trace ID 249d4108a1b56470be6af64f29e52435: 1720 ms
Input: 5750000,
Cold Start: false
Unique ID: 6602512cfc0cbfad21f012ba69a81869,
Execution Time for Trace ID 6602512cfc0cbfad21f012ba69a81869: 1859 ms
Input: 5750000,
Cold Start: false
Unique ID: 8426707d7faae62c05513a9b1afd2e0c,
Execution Time for Trace ID 8426707d7faae62c05513a9b1afd2e0c: 1918 ms
Input: 5750000,
Cold Start: false
Unique ID: 91bac10d874aafe17a9e2b7aeffeaa24,
Execution Time for Trace ID 91bac10d874aafe17a9e2b7aeffeaa24: 1900 ms
Input: 5750000,
Cold Start: false
Unique ID: 2c931d4f8cb30da3db28de99e1a8111f,
Execution Time for Trace ID 2c931d4f8cb30da3db28de99e1a8111f: 1900 ms
Input: 5750000,
Cold Start: false
Unique ID: 7a95c2702610d3de725e9592a06de5c8,
Execution Time for Trace ID 7a95c2702610d3de725e9592a06de5c8: 1914 ms
Input: 5750000,
Cold Start: false
Unique ID: 473f198e262aa25cd33ff6c2f7a21a1a,
Execution Time for Trace ID 473f198e262aa25cd33ff6c2f7a21a1a: 1930 ms
Input: 5750000,
Cold Start: false
Unique ID: c7c6779dacd8e959325dc100e0fd189c,
Execution Time for Trace ID c7c6779dacd8e959325dc100e0fd189c: 2072 ms
Input: 5750000,
Cold Start: false
Unique ID: 858f6bca8714e2f686759c47febedb9e,
Execution Time for Trace ID 858f6bca8714e2f686759c47febedb9e: 1709 ms
Input: 5750000,
Cold Start: false
Unique ID: 350463055edf4547cd86bbe984d023a2,
Execution Time for Trace ID 350463055edf4547cd86bbe984d023a2: 2168 ms
Input: 5750000,
Cold Start: false
Unique ID: a351b5be34bb23bcf504cabd1e505e8f,
Execution Time for Trace ID a351b5be34bb23bcf504cabd1e505e8f: 1674 ms
Input: 5750000,
Cold Start: false
Unique ID: f15e1dd1f767639e4c5deaef2b6e6f22,
Execution Time for Trace ID f15e1dd1f767639e4c5deaef2b6e6f22: 2169 ms
Input: 5750000,
Cold Start: false
Unique ID: 83e90921f0b4ef5ef56b603a2e524543,
Execution Time for Trace ID 83e90921f0b4ef5ef56b603a2e524543: 2596 ms
Input: 5750000,
Cold Start: false
Unique ID: c2257098b86179134a3477d02d5501e5,
Execution Time for Trace ID c2257098b86179134a3477d02d5501e5: 1668 ms
Input: 5750000,
Cold Start: false
Unique ID: cd5959395436e9e787873c88238db3f8,
Execution Time for Trace ID cd5959395436e9e787873c88238db3f8: 842 ms
Input: 5750000,
Cold Start: false
Unique ID: 900fb001586ae56943fb6329c8543ee8,
Execution Time for Trace ID 900fb001586ae56943fb6329c8543ee8: 1944 ms
Input: 5750000,
Cold Start: false
Unique ID: 9565ad3d07a9327db2ed8a560b7a1769,
Execution Time for Trace ID 9565ad3d07a9327db2ed8a560b7a1769: 1805 ms
Input: 5750000,
Cold Start: false
Unique ID: d716dca5a9e7838c86185f9a3667228c,
Execution Time for Trace ID d716dca5a9e7838c86185f9a3667228c: 1864 ms
Input: 5750000,
Cold Start: false
Unique ID: 5d76b1cae57b6ae432ccae52239e810c,
Execution Time for Trace ID 5d76b1cae57b6ae432ccae52239e810c: 1735 ms
Input: 5750000,
Cold Start: false
Unique ID: b3b3e78df6140f0e3b2831cb1f3bf298,
Execution Time for Trace ID b3b3e78df6140f0e3b2831cb1f3bf298: 1947 ms
Input: 5750000,
Cold Start: false
Unique ID: 7735601cc9a67b0b00794b7dc4c59c5b,
Execution Time for Trace ID 7735601cc9a67b0b00794b7dc4c59c5b: 1293 ms
Input: 5750000,
Cold Start: false
Unique ID: 1098014d8391e32937b19fa111a1ec68,
Execution Time for Trace ID 1098014d8391e32937b19fa111a1ec68: 1798 ms
Input: 5750000,
Cold Start: false
Unique ID: 880c9e0cf588db29b7b4fafc5d17d4fe,
Execution Time for Trace ID 880c9e0cf588db29b7b4fafc5d17d4fe: 1696 ms
Input: 5750000,
Cold Start: false
Unique ID: 5fe1bc6824fdd799c763957f566f1383,
Execution Time for Trace ID 5fe1bc6824fdd799c763957f566f1383: 1775 ms
Input: 5750000,
Cold Start: false
Unique ID: 6dff01c4d163cf7ef3769dfdb4d5cdef,
Execution Time for Trace ID 6dff01c4d163cf7ef3769dfdb4d5cdef: 1612 ms
Input: 5750000,
Cold Start: false
Unique ID: d82aa322ebb2d96df91947be2577c34b,
Execution Time for Trace ID d82aa322ebb2d96df91947be2577c34b: 2048 ms
Input: 5750000,
Cold Start: true
Unique ID: c5881093c15ff50112c9e9b8f6370ab4,
Execution Time for Trace ID c5881093c15ff50112c9e9b8f6370ab4: 2001 ms
Input: 5750000,
Cold Start: false
Unique ID: 47d2c346290703ad3a1ead64a83eb0b1,
Execution Time for Trace ID 47d2c346290703ad3a1ead64a83eb0b1: 2141 ms
Input: 5750000,
Cold Start: false
Unique ID: 82c5234318856a594fb504acef5dd9df,
Execution Time for Trace ID 82c5234318856a594fb504acef5dd9df: 1884 ms
Input: 5750000,
Cold Start: false
Unique ID: ea386f07f8a583705ea658e79454a563,
Execution Time for Trace ID ea386f07f8a583705ea658e79454a563: 1807 ms
Input: 5750000,
Cold Start: false
Unique ID: f5c5706f59d04a81ff0e7636a96c23b3,
Execution Time for Trace ID f5c5706f59d04a81ff0e7636a96c23b3: 2233 ms
Input: 5750000,
Cold Start: false
Unique ID: 8d3a948f35b510ff4ddb3d94dad7c9d2,
Execution Time for Trace ID 8d3a948f35b510ff4ddb3d94dad7c9d2: 1875 ms
Input: 5750000,
Cold Start: false
Unique ID: 7ed5d2be6b17d0e325d284f58a5e4dda,
Execution Time for Trace ID 7ed5d2be6b17d0e325d284f58a5e4dda: 1713 ms
Input: 5750000,
Cold Start: false
Unique ID: 820bf0534776b6322c8597f67501b727,
Execution Time for Trace ID 820bf0534776b6322c8597f67501b727: 2333 ms
Input: 5750000,
Cold Start: false
Unique ID: d3d65ed2f405104fd57d7f22bea723df,
Execution Time for Trace ID d3d65ed2f405104fd57d7f22bea723df: 1796 ms
Input: 5750000,
Cold Start: false
Unique ID: 028ffb88f1e6e1bc9274caa1fe22edbc,
Execution Time for Trace ID 028ffb88f1e6e1bc9274caa1fe22edbc: 2242 ms
Input: 5750000,
Cold Start: false
Unique ID: 2a5531cad256589f1714e21723d0f11c,
Execution Time for Trace ID 2a5531cad256589f1714e21723d0f11c: 1620 ms
Input: 5750000,
Cold Start: false
Unique ID: 3f9853ad811b80dba1792ac554f84972,
Execution Time for Trace ID 3f9853ad811b80dba1792ac554f84972: 1901 ms
Input: 5750000,
Cold Start: false
Unique ID: ef8b56879bf7365e0dbaac3dc82b567f,
Execution Time for Trace ID ef8b56879bf7365e0dbaac3dc82b567f: 1716 ms
Input: 5750000,
Cold Start: false
Unique ID: f230288da3a23ba197475695cf93d286,
Execution Time for Trace ID f230288da3a23ba197475695cf93d286: 1593 ms
Input: 5750000,
Cold Start: false
Unique ID: bdcd8f993a891cd4b75346feac30baff,
Execution Time for Trace ID bdcd8f993a891cd4b75346feac30baff: 1952 ms
Input: 5750000,
Cold Start: false
Unique ID: dc61bba78d01217154a17a724e26802d,
Execution Time for Trace ID dc61bba78d01217154a17a724e26802d: 1785 ms
Input: 5750000,
Cold Start: false
Unique ID: 4d7d26350a1e02f08052740aed1640bb,
Execution Time for Trace ID 4d7d26350a1e02f08052740aed1640bb: 1810 ms
Input: 5750000,
Cold Start: false
Unique ID: dde2c7a5b4de79452135465dd86def25,
Execution Time for Trace ID dde2c7a5b4de79452135465dd86def25: 1805 ms
Input: 5750000,
Cold Start: false
Unique ID: d7548f08379c1d03d3f769bd9d7cbd69,
Execution Time for Trace ID d7548f08379c1d03d3f769bd9d7cbd69: 1897 ms
Input: 5750000,
Cold Start: false
Unique ID: 6c44f05d90d2ac0e6e1850e5c30ffdc3,
Execution Time for Trace ID 6c44f05d90d2ac0e6e1850e5c30ffdc3: 1956 ms
Input: 5750000,
Cold Start: false
Unique ID: 17018e9eae7b999512d041ea95679efc,
Execution Time for Trace ID 17018e9eae7b999512d041ea95679efc: 1889 ms
Input: 5750000,
Cold Start: false
Unique ID: 26534f15d021a34e44a66b62c6a30252,
Execution Time for Trace ID 26534f15d021a34e44a66b62c6a30252: 1787 ms
Input: 5750000,
Cold Start: false
Unique ID: f7fc441dd629aff87f97efb7fadd6cd4,
Execution Time for Trace ID f7fc441dd629aff87f97efb7fadd6cd4: 1694 ms
Input: 5750000,
Cold Start: false
Unique ID: c26f1ecd46a1e2157bb85fd268ca768f,
Execution Time for Trace ID c26f1ecd46a1e2157bb85fd268ca768f: 2039 ms
Input: 5750000,
Cold Start: false
Unique ID: cc9ab3b3e341f99206a1a22b186d1d0e,
Execution Time for Trace ID cc9ab3b3e341f99206a1a22b186d1d0e: 1775 ms
Input: 5750000,
Cold Start: false
Unique ID: 0dbe5d04ca10a32b1fb60908869d4352,
Execution Time for Trace ID 0dbe5d04ca10a32b1fb60908869d4352: 1691 ms
Input: 5750000,
Cold Start: false
Unique ID: 9898ef4d3036e7d3bbf549c9f2b524a7,
Execution Time for Trace ID 9898ef4d3036e7d3bbf549c9f2b524a7: 2245 ms
Input: 5750000,
Cold Start: false
Unique ID: 06e5580055f50712d759cab6c5ac157a,
Execution Time for Trace ID 06e5580055f50712d759cab6c5ac157a: 1697 ms
Input: 5750000,
Cold Start: false
Unique ID: 8c48b64115fcdd713658df72a919bf29,
Execution Time for Trace ID 8c48b64115fcdd713658df72a919bf29: 2024 ms
Input: 5750000,
Cold Start: false
Unique ID: e25f65f2ea779b968ac61f174b00f63d,
Execution Time for Trace ID e25f65f2ea779b968ac61f174b00f63d: 2249 ms
Input: 5750000,
Cold Start: false
Unique ID: c5251b14ecc937c88ad3ce50522d4843,
Execution Time for Trace ID c5251b14ecc937c88ad3ce50522d4843: 2196 ms
Input: 5750000,
Cold Start: false
Unique ID: 90e6874a4a88f86c8aa03ebdc4304607,
Execution Time for Trace ID 90e6874a4a88f86c8aa03ebdc4304607: 1873 ms
Input: 5750000,
Cold Start: false
Unique ID: 4cd653de5e5fead56dcbeb77e2a1d122,
Execution Time for Trace ID 4cd653de5e5fead56dcbeb77e2a1d122: 2428 ms
Input: 5750000,
Cold Start: false
Unique ID: f5f6d34477cdea906c166894f8e4c58a,
Execution Time for Trace ID f5f6d34477cdea906c166894f8e4c58a: 1887 ms
Input: 5750000,
Cold Start: false
Unique ID: cd1a6793a1dcba78d7860e6ad4de23af,
Execution Time for Trace ID cd1a6793a1dcba78d7860e6ad4de23af: 1694 ms
Input: 5750000,
Cold Start: false
Unique ID: 142f4659ff037fe520d795aff1c0d58d,
Execution Time for Trace ID 142f4659ff037fe520d795aff1c0d58d: 1726 ms
Input: 5750000,
Cold Start: false
Unique ID: 08dc38e01f1a72ee5a582abba3eb0968,
Execution Time for Trace ID 08dc38e01f1a72ee5a582abba3eb0968: 2329 ms
Input: 5750000,
Cold Start: false
Unique ID: 2e791df1491d88a6b2de07d78691c010,
Execution Time for Trace ID 2e791df1491d88a6b2de07d78691c010: 1614 ms
Input: 5750000,
Cold Start: false
Unique ID: 0f3ecb594a721ee818754e9fa337d6cd,
Execution Time for Trace ID 0f3ecb594a721ee818754e9fa337d6cd: 1846 ms
Input: 5750000,
Cold Start: false
Unique ID: 91fce78f8727787513a6a033950b06bb,
Execution Time for Trace ID 91fce78f8727787513a6a033950b06bb: 1721 ms
Input: 5750000,
Cold Start: false
Unique ID: e34fe1c9b77fa0e50319b8a6be17d3dd,
Execution Time for Trace ID e34fe1c9b77fa0e50319b8a6be17d3dd: 1920 ms
Input: 5750000,
Cold Start: false
Unique ID: a4222a77a8f08b9de94d0a8d9eb72727,
Execution Time for Trace ID a4222a77a8f08b9de94d0a8d9eb72727: 1807 ms
Input: 5750000,
Cold Start: false
Unique ID: fba9c32313fda7b7b32f08cd83e69644,
Execution Time for Trace ID fba9c32313fda7b7b32f08cd83e69644: 1678 ms
Input: 5750000,
Cold Start: false
Unique ID: c74dad3df1f19e688369b8278797b349,
Execution Time for Trace ID c74dad3df1f19e688369b8278797b349: 2169 ms
Input: 5750000,
Cold Start: false
Unique ID: c16561e60c4fa72f4e75ba659ae6e494,
Execution Time for Trace ID c16561e60c4fa72f4e75ba659ae6e494: 1795 ms
Input: 5750000,
Cold Start: false
Unique ID: 0bb669d2ef7f297c04cd163f174f1bc7,
Execution Time for Trace ID 0bb669d2ef7f297c04cd163f174f1bc7: 1684 ms
Input: 5750000,
Cold Start: false
Unique ID: c7c79308ef0506c7cec76412325d1257,
Execution Time for Trace ID c7c79308ef0506c7cec76412325d1257: 768 ms
Input: 5750000,
Cold Start: false
Unique ID: a71188ef2c6cf7ccd13123526a40c290,
Execution Time for Trace ID a71188ef2c6cf7ccd13123526a40c290: 2037 ms
Input: 5750000,
Cold Start: false
Unique ID: 03323c03ae2830f1d3084b26a304aa29,
Execution Time for Trace ID 03323c03ae2830f1d3084b26a304aa29: 1911 ms
Input: 5750000,
Cold Start: false
Unique ID: 8ce574f6cce95ea332c1accc452d8293,
Execution Time for Trace ID 8ce574f6cce95ea332c1accc452d8293: 2147 ms
Input: 5750000,
Cold Start: false
Unique ID: 90c4d513ec35c4e30748f3e3081d535b,
Execution Time for Trace ID 90c4d513ec35c4e30748f3e3081d535b: 2013 ms
Input: 5750000,
Cold Start: false
Unique ID: d753edff3ddd3103ea8ed93d40018cf0,
Execution Time for Trace ID d753edff3ddd3103ea8ed93d40018cf0: 1684 ms
Input: 5750000,
Cold Start: false
Unique ID: 738e0c11e5d89121974cc44fe2d4c5df,
Execution Time for Trace ID 738e0c11e5d89121974cc44fe2d4c5df: 2090 ms
Input: 5750000,
Cold Start: false
Unique ID: f63183356a3de20803b39f1c01b855fa,
Execution Time for Trace ID f63183356a3de20803b39f1c01b855fa: 1773 ms
Input: 5750000,
Cold Start: false
Unique ID: 58d46a0f0e2fc23f5616b26d3aec94ae,
Execution Time for Trace ID 58d46a0f0e2fc23f5616b26d3aec94ae: 1693 ms
Input: 5750000,
Cold Start: false
Unique ID: e930d2e1573fb7a7fdf6a5daa45bd2c8,
Execution Time for Trace ID e930d2e1573fb7a7fdf6a5daa45bd2c8: 2276 ms
Input: 5750000,
Cold Start: false
Unique ID: edf3e63e2d0566a0dc1b79d983d1a594,
Execution Time for Trace ID edf3e63e2d0566a0dc1b79d983d1a594: 1750 ms
Input: 5750000,
Cold Start: false
Unique ID: 56ee08757c0b82f43560502d14fccd9d,
Execution Time for Trace ID 56ee08757c0b82f43560502d14fccd9d: 1795 ms
Input: 5750000,
Cold Start: false
Unique ID: 82f527e48b227fcf10735e0b5c5d987a,
Execution Time for Trace ID 82f527e48b227fcf10735e0b5c5d987a: 2491 ms
Input: 5750000,
Cold Start: false
Unique ID: f9e67a8a65038bf460b0000d4be10362,
Execution Time for Trace ID f9e67a8a65038bf460b0000d4be10362: 1710 ms
Input: 5750000,
Cold Start: false
Unique ID: 34f7994633dfcb1e4f171bcf89654925,
Execution Time for Trace ID 34f7994633dfcb1e4f171bcf89654925: 1697 ms
Input: 5750000,
Cold Start: false
Unique ID: b6031dc8ecc3e2c62105af03acd6d1ae,
Execution Time for Trace ID b6031dc8ecc3e2c62105af03acd6d1ae: 1832 ms
Input: 5750000,
Cold Start: false
Unique ID: c809546073eb75830457781951c9c8d6,
Execution Time for Trace ID c809546073eb75830457781951c9c8d6: 1713 ms
Input: 5750000,
Cold Start: false
Unique ID: fc60a221c800984c22ceaf1447406905,
Execution Time for Trace ID fc60a221c800984c22ceaf1447406905: 2096 ms
Input: 5750000,
Cold Start: false
Unique ID: 1dd61ab26e1aea8ebdee572300762796,
Execution Time for Trace ID 1dd61ab26e1aea8ebdee572300762796: 1695 ms
Input: 5750000,
Cold Start: false
Unique ID: 2c1175ec2efb1430c7eddb8f02b2d16e,
Execution Time for Trace ID 2c1175ec2efb1430c7eddb8f02b2d16e: 1740 ms
Input: 5750000,
Cold Start: false
Unique ID: 6a6d44dbbfc3c8fe9f603b35a701ecef,
Execution Time for Trace ID 6a6d44dbbfc3c8fe9f603b35a701ecef: 2277 ms
Input: 5750000,
Cold Start: false
Unique ID: 933caaae37fb51b298e8de0df116a890,
Execution Time for Trace ID 933caaae37fb51b298e8de0df116a890: 1522 ms
Input: 5750000,
Cold Start: false
Unique ID: 623ce596da6929ef79dd4b91d043b521,
Execution Time for Trace ID 623ce596da6929ef79dd4b91d043b521: 1812 ms
Input: 5750000,
Cold Start: false
Unique ID: 97e274b343b0e090b20d947d2a15f7a9,
Execution Time for Trace ID 97e274b343b0e090b20d947d2a15f7a9: 1719 ms
Input: 5750000,
Cold Start: false
Unique ID: 0bc6737495561357cdad4a0cf5032230,
Execution Time for Trace ID 0bc6737495561357cdad4a0cf5032230: 1548 ms
Input: 5750000,
Cold Start: false
Unique ID: 187200146c1439aff37dfb16902cae8c,
Execution Time for Trace ID 187200146c1439aff37dfb16902cae8c: 2098 ms
Input: 5750000,
Cold Start: false
Unique ID: d12de8a9561705e72839d631d015a636,
Execution Time for Trace ID d12de8a9561705e72839d631d015a636: 1703 ms
Input: 5750000,
Cold Start: false
Unique ID: 5506fb52d104d45fd0de3b941d7f12e9,
Execution Time for Trace ID 5506fb52d104d45fd0de3b941d7f12e9: 1795 ms
Input: 5750000,
Cold Start: false
Unique ID: f9f6b338498b33d7ffafd68cefec602d,
Execution Time for Trace ID f9f6b338498b33d7ffafd68cefec602d: 1677 ms
Input: 5750000,
Cold Start: false
Unique ID: 56cbdc83fe4f3408be32f9570223b270,
Execution Time for Trace ID 56cbdc83fe4f3408be32f9570223b270: 1541 ms
Input: 5750000,
Cold Start: false
Unique ID: 24c2a7c97851a2f3a9588677f1bd9bae,
Execution Time for Trace ID 24c2a7c97851a2f3a9588677f1bd9bae: 2084 ms
Input: 5750000,
Cold Start: false
Unique ID: 22de80d5843539fad37da11950355880,
Execution Time for Trace ID 22de80d5843539fad37da11950355880: 1648 ms
Input: 5750000,
Cold Start: false
Unique ID: 980d070da8e23ee60e2a01c2f3a390a6,
Execution Time for Trace ID 980d070da8e23ee60e2a01c2f3a390a6: 2097 ms
Input: 5750000,
Cold Start: false
Unique ID: dff4767cce8dc54438f3c97b5b6da121,
Execution Time for Trace ID dff4767cce8dc54438f3c97b5b6da121: 2018 ms
Input: 5750000,
Cold Start: false
Unique ID: 234ca618b3178ad5493f84969a6bd212,
Execution Time for Trace ID 234ca618b3178ad5493f84969a6bd212: 1872 ms
Input: 5750000,
Cold Start: false
Unique ID: bb3d9e2cab68e734631f9c516151e60d,
Execution Time for Trace ID bb3d9e2cab68e734631f9c516151e60d: 2007 ms
Input: 5750000,
Cold Start: false
Unique ID: 20b6226d97fabb9f8863f67d6bd4407f,
Execution Time for Trace ID 20b6226d97fabb9f8863f67d6bd4407f: 1983 ms
Input: 5750000,
Cold Start: false
Unique ID: 5b6597d20426a0ae9beb2444b6b43d75,
Execution Time for Trace ID 5b6597d20426a0ae9beb2444b6b43d75: 1876 ms
Input: 5750000,
Cold Start: false
Unique ID: 12f3ec9fe702b615b3abb9623bcc24aa,
Execution Time for Trace ID 12f3ec9fe702b615b3abb9623bcc24aa: 1711 ms
Input: 5750000,
Cold Start: false
Unique ID: 22a6c442009d29ac15b5bc22b6094ff3,
Execution Time for Trace ID 22a6c442009d29ac15b5bc22b6094ff3: 1798 ms
Input: 5750000,
Cold Start: false
Unique ID: b66e5c152f373b92880f59b739488cc0,
Execution Time for Trace ID b66e5c152f373b92880f59b739488cc0: 1628 ms
Input: 5750000,
Cold Start: false
Unique ID: fa5dee1e83f01df8fc09584c5ed4de3e,
Execution Time for Trace ID fa5dee1e83f01df8fc09584c5ed4de3e: 1790 ms
Input: 5750000,
Cold Start: false
Unique ID: 0cfcc4a88552f80533f19c1d33c7eb95,
Execution Time for Trace ID 0cfcc4a88552f80533f19c1d33c7eb95: 1816 ms
Input: 5750000,
Cold Start: false
Unique ID: ed53eea3a66f0fb6e01f200d0756d16f,
Execution Time for Trace ID ed53eea3a66f0fb6e01f200d0756d16f: 1710 ms
Input: 5750000,
Cold Start: false
Unique ID: e2417f577caeac4aa76b3ebeb5b5a8ee,
Execution Time for Trace ID e2417f577caeac4aa76b3ebeb5b5a8ee: 538 ms
Input: 5750000,
Cold Start: false
Unique ID: 008811ce8f45f94589444298ee66d12c,
Execution Time for Trace ID 008811ce8f45f94589444298ee66d12c: 1708 ms
Input: 5750000,
Cold Start: false
Unique ID: cb3dbf6f93c22e8a17bb660c2120287d,
Execution Time for Trace ID cb3dbf6f93c22e8a17bb660c2120287d: 1783 ms
Input: 5750000,
Cold Start: false
Unique ID: 7c0a2bfd523c5ca9a46372abd0d32eec,
Execution Time for Trace ID 7c0a2bfd523c5ca9a46372abd0d32eec: 791 ms
Input: 5750000,
Cold Start: false
Unique ID: 9abf5c80552d5b7cc69384ac11a1f28f,
Execution Time for Trace ID 9abf5c80552d5b7cc69384ac11a1f28f: 1635 ms
Input: 5750000,
Cold Start: false
Unique ID: fa4c755e487ec50cc2e2228c90acae23,
Execution Time for Trace ID fa4c755e487ec50cc2e2228c90acae23: 1792 ms
Input: 5750000,
Cold Start: false
Unique ID: dd6f36b97e92d2d45682af6752277d7f,
Execution Time for Trace ID dd6f36b97e92d2d45682af6752277d7f: 1873 ms
Input: 5750000,
Cold Start: false
Unique ID: 3ac6ed4c92d6109d91d1298b587bf33c,
Execution Time for Trace ID 3ac6ed4c92d6109d91d1298b587bf33c: 1990 ms
Input: 5750000,
Cold Start: false
Unique ID: 7b79e6beda23e3bac47fbcfe4e05a31b,
Execution Time for Trace ID 7b79e6beda23e3bac47fbcfe4e05a31b: 1898 ms
Input: 5750000,
Cold Start: false
Unique ID: 1ed97c78a2164a5783998e9319415d77,
Execution Time for Trace ID 1ed97c78a2164a5783998e9319415d77: 2138 ms
Input: 5750000,
Cold Start: false
Unique ID: d925b4279e5eebfcc59dd5710af4648f,
Execution Time for Trace ID d925b4279e5eebfcc59dd5710af4648f: 1896 ms
Input: 5750000,
Cold Start: false
Unique ID: 3d12cd8b1afe02d43e3136ba51cb12f8,
Execution Time for Trace ID 3d12cd8b1afe02d43e3136ba51cb12f8: 1783 ms
Input: 5750000,
Cold Start: false
Unique ID: 226753736345a1f30bd9bad6e36cb8a3,
Execution Time for Trace ID 226753736345a1f30bd9bad6e36cb8a3: 1609 ms
Input: 5750000,
Cold Start: false
Unique ID: 72873887c393fd1445fd78dcb5b22e59,
Execution Time for Trace ID 72873887c393fd1445fd78dcb5b22e59: 546 ms
Input: 5750000,
Cold Start: false
Unique ID: d866b2ed11868b320a5428cfe66246f0,
Execution Time for Trace ID d866b2ed11868b320a5428cfe66246f0: 1662 ms
Input: 5750000,
Cold Start: false
Unique ID: 6957bca77c6fda223963f9f029bfa6ad,
Execution Time for Trace ID 6957bca77c6fda223963f9f029bfa6ad: 2137 ms
Input: 5750000,
Cold Start: false
Unique ID: 768dd0652ebd43778c8b2569d945a201,
Execution Time for Trace ID 768dd0652ebd43778c8b2569d945a201: 2033 ms
Input: 5750000,
Cold Start: false
Unique ID: 5a12658bc79e9a183375a44ea4f6c547,
Execution Time for Trace ID 5a12658bc79e9a183375a44ea4f6c547: 1850 ms
Input: 5750000,
Cold Start: false
Unique ID: 62f78355d17dbbbb4ec0967fdf3f3614,
Execution Time for Trace ID 62f78355d17dbbbb4ec0967fdf3f3614: 1712 ms
Input: 5750000,
Cold Start: false
Unique ID: 881683a7ebcabe14ccb8de4908734bf6,
Execution Time for Trace ID 881683a7ebcabe14ccb8de4908734bf6: 1945 ms
Input: 5750000,
Cold Start: false
Unique ID: 14f23e0078f8eca3efdcec1cd3b168db,
Execution Time for Trace ID 14f23e0078f8eca3efdcec1cd3b168db: 1817 ms
Input: 5750000,
Cold Start: false
Unique ID: 629a5598b55e40ec17e8d0c38b6cdc93,
Execution Time for Trace ID 629a5598b55e40ec17e8d0c38b6cdc93: 1559 ms
Input: 5750000,
Cold Start: false
Unique ID: 9b5aeb9d6db1e11f82cfb92c0596771c,
Execution Time for Trace ID 9b5aeb9d6db1e11f82cfb92c0596771c: 1910 ms
Input: 5750000,
Cold Start: false
Unique ID: 09f6f973d925d19fc44f0618a98bc89e,
Execution Time for Trace ID 09f6f973d925d19fc44f0618a98bc89e: 1652 ms
Input: 5750000,
Cold Start: false
Unique ID: 7afe082822d0dbc1c0d19f2c7eb7de51,
Execution Time for Trace ID 7afe082822d0dbc1c0d19f2c7eb7de51: 2008 ms
Input: 5750000,
Cold Start: false
Unique ID: 0b324438cec1b654d007129f7cba0a1d,
Execution Time for Trace ID 0b324438cec1b654d007129f7cba0a1d: 1617 ms
Input: 5750000,
Cold Start: false
Unique ID: bef628b824da77254505353f44beadf4,
Execution Time for Trace ID bef628b824da77254505353f44beadf4: 1800 ms
Input: 5750000,
Cold Start: false
Unique ID: 80651b53cbb5e8a1c97ad17ccd8036a1,
Execution Time for Trace ID 80651b53cbb5e8a1c97ad17ccd8036a1: 1986 ms
Input: 5750000,
Cold Start: false
Unique ID: b415aca61ab4b7ee4a1ea9c3a5eb7351,
Execution Time for Trace ID b415aca61ab4b7ee4a1ea9c3a5eb7351: 1892 ms
Input: 5750000,
Cold Start: false
Unique ID: 89c5a5251a7b83d284800b56ca6ec23c,
Execution Time for Trace ID 89c5a5251a7b83d284800b56ca6ec23c: 1555 ms
Input: 5750000,
Cold Start: false
Unique ID: 14ecf33027d6de9bee07fb5ec6965b98,
Execution Time for Trace ID 14ecf33027d6de9bee07fb5ec6965b98: 1791 ms
Input: 5750000,
Cold Start: false
Unique ID: bfaca2077cad982d39887a672c1267de,
Execution Time for Trace ID bfaca2077cad982d39887a672c1267de: 1999 ms
Input: 5750000,
Cold Start: false
Unique ID: d30a7ddb2a8fb392dad9ba7560ab7580,
Execution Time for Trace ID d30a7ddb2a8fb392dad9ba7560ab7580: 1403 ms
Input: 5750000,
Cold Start: false
Unique ID: 7d10d7030af1de4a5dca34df3e6eeff1,
Execution Time for Trace ID 7d10d7030af1de4a5dca34df3e6eeff1: 1551 ms
Input: 5750000,
Cold Start: false
Unique ID: 7a97abc3769b99b2cd791ae093fa2a5e,
Execution Time for Trace ID 7a97abc3769b99b2cd791ae093fa2a5e: 1711 ms
Input: 5750000,
Cold Start: false
Unique ID: 07d80c34b108de1cb347d2333218f6ff,
Execution Time for Trace ID 07d80c34b108de1cb347d2333218f6ff: 1593 ms
Input: 5750000,
Cold Start: false
