Unique ID: f71690ab-ecd0-4e87-a43f-c6d3e1a2ac3f,
Billed Duration for Request f71690ab-ecd0-4e87-a43f-c6d3e1a2ac3f: 1860 ms
Input: 5000000,
Cold Start: false
Unique ID: 4c295cf6-1e18-4c61-91ca-0495f0036e9a,
Billed Duration for Request 4c295cf6-1e18-4c61-91ca-0495f0036e9a: 1826 ms
Input: 5000000,
Cold Start: false
Unique ID: f033b8b7-a3d0-48d7-877b-acdd1ba520d6,
Billed Duration for Request f033b8b7-a3d0-48d7-877b-acdd1ba520d6: 1932 ms
Input: 5000000,
Cold Start: false
Unique ID: f8a94c08-a50b-4785-8a38-e95032b3f10d,
Billed Duration for Request f8a94c08-a50b-4785-8a38-e95032b3f10d: 1845 ms
Input: 5000000,
Cold Start: false
Unique ID: e064ff03-b794-4beb-9d68-3410316f4ea2,
Billed Duration for Request e064ff03-b794-4beb-9d68-3410316f4ea2: 1948 ms
Input: 5000000,
Cold Start: true
Unique ID: 8d571a95-48d2-420e-9fbe-a5a4a3341500,
Billed Duration for Request 8d571a95-48d2-420e-9fbe-a5a4a3341500: 2169 ms
Input: 5000000,
Cold Start: true
Unique ID: 884a8ebc-f95b-463f-a779-f12ee05a7569,
Billed Duration for Request 884a8ebc-f95b-463f-a779-f12ee05a7569: 2145 ms
Input: 5000000,
Cold Start: true
Unique ID: fe39099a-02a1-47f0-8e2d-d6b67e1ff1bc,
Billed Duration for Request fe39099a-02a1-47f0-8e2d-d6b67e1ff1bc: 2117 ms
Input: 5000000,
Cold Start: true
Unique ID: fe78dd2e-05b1-4ded-af3b-d07666059d82,
Billed Duration for Request fe78dd2e-05b1-4ded-af3b-d07666059d82: 1853 ms
Input: 5000000,
Cold Start: false
Unique ID: 0086cacc-fc73-44c9-8131-6c43a37d40a5,
Billed Duration for Request 0086cacc-fc73-44c9-8131-6c43a37d40a5: 2152 ms
Input: 5000000,
Cold Start: true
Unique ID: c43a463d-2bd7-46aa-a431-ca0fe6bec246,
Billed Duration for Request c43a463d-2bd7-46aa-a431-ca0fe6bec246: 1806 ms
Input: 5000000,
Cold Start: false
Unique ID: 8e452ac3-130f-48a7-a6bd-cae643379bc0,
Billed Duration for Request 8e452ac3-130f-48a7-a6bd-cae643379bc0: 2113 ms
Input: 5000000,
Cold Start: true
Unique ID: 12ea8ee2-1891-4f1b-b523-d6cf9717e0b6,
Billed Duration for Request 12ea8ee2-1891-4f1b-b523-d6cf9717e0b6: 1864 ms
Input: 5000000,
Cold Start: false
Unique ID: 7882a449-a1d6-4b30-b794-9481b6933ded,
Billed Duration for Request 7882a449-a1d6-4b30-b794-9481b6933ded: 1822 ms
Input: 5000000,
Cold Start: false
Unique ID: 50d70763-8b60-4ad6-a3f3-b0b217bbad54,
Billed Duration for Request 50d70763-8b60-4ad6-a3f3-b0b217bbad54: 1935 ms
Input: 5000000,
Cold Start: false
Unique ID: 89a51e8d-ac1e-43f8-ae3e-6ca3e2c22d1a,
Billed Duration for Request 89a51e8d-ac1e-43f8-ae3e-6ca3e2c22d1a: 2121 ms
Input: 5000000,
Cold Start: false
Unique ID: bc448764-f133-4ee2-afec-c4cdf01c988f,
Billed Duration for Request bc448764-f133-4ee2-afec-c4cdf01c988f: 1810 ms
Input: 5000000,
Cold Start: false
Unique ID: f0d02c9f-3aa7-4fe9-8ce5-06d4cffcff52,
Billed Duration for Request f0d02c9f-3aa7-4fe9-8ce5-06d4cffcff52: 2128 ms
Input: 5000000,
Cold Start: false
Unique ID: 1b305d92-3196-462f-83dc-aed3598cbec1,
Billed Duration for Request 1b305d92-3196-462f-83dc-aed3598cbec1: 1828 ms
Input: 5000000,
Cold Start: false
Unique ID: 1cc79d57-ea3f-4a65-b28f-8f0fea939c45,
Billed Duration for Request 1cc79d57-ea3f-4a65-b28f-8f0fea939c45: 1821 ms
Input: 5000000,
Cold Start: false
Unique ID: 5e92cbb8-22e2-40c9-8dd9-02793af2c400,
Billed Duration for Request 5e92cbb8-22e2-40c9-8dd9-02793af2c400: 2124 ms
Input: 5000000,
Cold Start: false
Unique ID: c54ccf94-af5b-4049-a9cd-7bc70f0b0063,
Billed Duration for Request c54ccf94-af5b-4049-a9cd-7bc70f0b0063: 1823 ms
Input: 5000000,
Cold Start: false
Unique ID: 790c3a1f-812c-4551-bea8-e489e8bee4af,
Billed Duration for Request 790c3a1f-812c-4551-bea8-e489e8bee4af: 2105 ms
Input: 5000000,
Cold Start: false
Unique ID: 81c72478-6070-4ec7-adf4-4519048fdcf9,
Billed Duration for Request 81c72478-6070-4ec7-adf4-4519048fdcf9: 1776 ms
Input: 5000000,
Cold Start: false
Unique ID: 09d00756-f592-4d30-85dc-67d725c17300,
Billed Duration for Request 09d00756-f592-4d30-85dc-67d725c17300: 2064 ms
Input: 5000000,
Cold Start: false
Unique ID: 3c3787c5-1f84-4b26-beb1-2e42f6536522,
Billed Duration for Request 3c3787c5-1f84-4b26-beb1-2e42f6536522: 1822 ms
Input: 5000000,
Cold Start: false
Unique ID: 63d4ce67-2e4d-46bd-ac9c-e641b7a8e9ae,
Billed Duration for Request 63d4ce67-2e4d-46bd-ac9c-e641b7a8e9ae: 1940 ms
Input: 5000000,
Cold Start: false
Unique ID: 1a9e0aba-4657-4db3-b911-8b6828fcccf8,
Billed Duration for Request 1a9e0aba-4657-4db3-b911-8b6828fcccf8: 1829 ms
Input: 5000000,
Cold Start: false
Unique ID: d1ac04d6-0ddb-47bc-9a80-7169734c5250,
Billed Duration for Request d1ac04d6-0ddb-47bc-9a80-7169734c5250: 1814 ms
Input: 5000000,
Cold Start: false
Unique ID: 51999121-1a2e-4967-8c80-79e79cf9c4e5,
Billed Duration for Request 51999121-1a2e-4967-8c80-79e79cf9c4e5: 1968 ms
Input: 5000000,
Cold Start: false
Unique ID: 0fd2228e-36e2-452e-b98e-bf9e22879e75,
Billed Duration for Request 0fd2228e-36e2-452e-b98e-bf9e22879e75: 1826 ms
Input: 5000000,
Cold Start: false
Unique ID: 637c5711-ff7e-458d-8cc6-ad8adf98759d,
Billed Duration for Request 637c5711-ff7e-458d-8cc6-ad8adf98759d: 1982 ms
Input: 5000000,
Cold Start: false
Unique ID: 1b9451f2-f9fa-43d1-9529-cd171b20ba2c,
Billed Duration for Request 1b9451f2-f9fa-43d1-9529-cd171b20ba2c: 1936 ms
Input: 5000000,
Cold Start: false
Unique ID: ce7dcfc5-d89b-45a6-95be-eed5b430fabc,
Billed Duration for Request ce7dcfc5-d89b-45a6-95be-eed5b430fabc: 1718 ms
Input: 5000000,
Cold Start: false
Unique ID: cb7cf684-f0e8-4bbb-abdd-e7f8c66bc7c5,
Billed Duration for Request cb7cf684-f0e8-4bbb-abdd-e7f8c66bc7c5: 1912 ms
Input: 5000000,
Cold Start: false
Unique ID: e1390b00-983f-4a79-8d92-c327aa49bf29,
Billed Duration for Request e1390b00-983f-4a79-8d92-c327aa49bf29: 1829 ms
Input: 5000000,
Cold Start: false
Unique ID: 822c84b5-6af0-4989-a6c2-1fd32ea89a81,
Billed Duration for Request 822c84b5-6af0-4989-a6c2-1fd32ea89a81: 1883 ms
Input: 5000000,
Cold Start: false
Unique ID: 45514ff5-d539-4219-a8c1-a504ae5c3de3,
Billed Duration for Request 45514ff5-d539-4219-a8c1-a504ae5c3de3: 1826 ms
Input: 5000000,
Cold Start: false
Unique ID: 4f59bc8f-e158-424d-94e7-ab7618a97504,
Billed Duration for Request 4f59bc8f-e158-424d-94e7-ab7618a97504: 1805 ms
Input: 5000000,
Cold Start: false
Unique ID: cae48d8c-d10e-414d-b446-86112db88390,
Billed Duration for Request cae48d8c-d10e-414d-b446-86112db88390: 1852 ms
Input: 5000000,
Cold Start: false
Unique ID: e1e5c5ac-9102-4fe1-93b0-112d25aff3af,
Billed Duration for Request e1e5c5ac-9102-4fe1-93b0-112d25aff3af: 1804 ms
Input: 5000000,
Cold Start: false
Unique ID: f7fbec3d-b1a9-4c2a-ba96-debd98e0161b,
Billed Duration for Request f7fbec3d-b1a9-4c2a-ba96-debd98e0161b: 1840 ms
Input: 5000000,
Cold Start: false
Unique ID: f0b48501-76db-40b8-9d48-8c5709776d6d,
Billed Duration for Request f0b48501-76db-40b8-9d48-8c5709776d6d: 1828 ms
Input: 5000000,
Cold Start: false
Unique ID: 1ff018af-261c-4206-aa3c-23d7f3c46b19,
Billed Duration for Request 1ff018af-261c-4206-aa3c-23d7f3c46b19: 1683 ms
Input: 5000000,
Cold Start: false
Unique ID: f234f94b-e0c5-4486-99b3-ecf1afdc67f5,
Billed Duration for Request f234f94b-e0c5-4486-99b3-ecf1afdc67f5: 1808 ms
Input: 5000000,
Cold Start: false
Unique ID: c1e9e6ec-c1c0-4b29-84ef-7477c5e47473,
Billed Duration for Request c1e9e6ec-c1c0-4b29-84ef-7477c5e47473: 1846 ms
Input: 5000000,
Cold Start: false
Unique ID: 57710fd7-4e85-42a1-b28d-3a8554e50256,
Billed Duration for Request 57710fd7-4e85-42a1-b28d-3a8554e50256: 1810 ms
Input: 5000000,
Cold Start: false
Unique ID: 1c21d3fb-3337-4944-9647-efa79d35c608,
Billed Duration for Request 1c21d3fb-3337-4944-9647-efa79d35c608: 1824 ms
Input: 5000000,
Cold Start: false
Unique ID: ed275829-e239-44ee-86a2-6ff82a6e6209,
Billed Duration for Request ed275829-e239-44ee-86a2-6ff82a6e6209: 1805 ms
Input: 5000000,
Cold Start: false
Unique ID: 96c016a3-0f3f-4bca-a112-14d21c91ed63,
Billed Duration for Request 96c016a3-0f3f-4bca-a112-14d21c91ed63: 1814 ms
Input: 5000000,
Cold Start: false
Unique ID: d0cb9707-80ff-4f2a-b6c5-662004080233,
Billed Duration for Request d0cb9707-80ff-4f2a-b6c5-662004080233: 1808 ms
Input: 5000000,
Cold Start: false
Unique ID: f4128fab-8e3f-4df0-b2a1-0f929848a904,
Billed Duration for Request f4128fab-8e3f-4df0-b2a1-0f929848a904: 1841 ms
Input: 5000000,
Cold Start: false
Unique ID: b065a722-7d68-45ca-8d48-85e52a28ed0f,
Billed Duration for Request b065a722-7d68-45ca-8d48-85e52a28ed0f: 1657 ms
Input: 5000000,
Cold Start: false
Unique ID: 78a7249d-d828-499f-9225-40647d78073d,
Billed Duration for Request 78a7249d-d828-499f-9225-40647d78073d: 1793 ms
Input: 5000000,
Cold Start: false
Unique ID: adfe70f6-c22e-464e-885b-64fe8d2644e9,
Billed Duration for Request adfe70f6-c22e-464e-885b-64fe8d2644e9: 1806 ms
Input: 5000000,
Cold Start: false
Unique ID: f866dd2b-a08c-4665-8dc3-5533c3024fab,
Billed Duration for Request f866dd2b-a08c-4665-8dc3-5533c3024fab: 1801 ms
Input: 5000000,
Cold Start: false
Unique ID: 8f52da13-34d7-460a-b334-9fa2008152fb,
Billed Duration for Request 8f52da13-34d7-460a-b334-9fa2008152fb: 1806 ms
Input: 5000000,
Cold Start: false
Unique ID: 43738ca3-f401-4777-93e7-89b508532888,
Billed Duration for Request 43738ca3-f401-4777-93e7-89b508532888: 1810 ms
Input: 5000000,
Cold Start: false
Unique ID: 42d4f864-8c31-429f-a672-5a8e1b171bb6,
Billed Duration for Request 42d4f864-8c31-429f-a672-5a8e1b171bb6: 1822 ms
Input: 5000000,
Cold Start: false
Unique ID: 0e957f00-1d95-4528-a95f-7b58c9ea341f,
Billed Duration for Request 0e957f00-1d95-4528-a95f-7b58c9ea341f: 1849 ms
Input: 5000000,
Cold Start: false
Unique ID: 7248dd7e-3f19-4f34-a0e3-940ef6f94b82,
Billed Duration for Request 7248dd7e-3f19-4f34-a0e3-940ef6f94b82: 1807 ms
Input: 5000000,
Cold Start: false
Unique ID: 2900ac66-0aff-46bc-b959-8a002cf50be9,
Billed Duration for Request 2900ac66-0aff-46bc-b959-8a002cf50be9: 1652 ms
Input: 5000000,
Cold Start: false
Unique ID: 2b6bec36-4419-4491-8b19-0e6e05e0894a,
Billed Duration for Request 2b6bec36-4419-4491-8b19-0e6e05e0894a: 1823 ms
Input: 5000000,
Cold Start: false
Unique ID: 58b78f1b-ab50-4599-a553-31453a7e6b80,
Billed Duration for Request 58b78f1b-ab50-4599-a553-31453a7e6b80: 1790 ms
Input: 5000000,
Cold Start: false
Unique ID: 8e30a811-9a5a-4f77-8e59-bad879e15094,
Billed Duration for Request 8e30a811-9a5a-4f77-8e59-bad879e15094: 1809 ms
Input: 5000000,
Cold Start: false
Unique ID: df327bf3-3c42-4ae9-a8ad-0e6281a8f523,
Billed Duration for Request df327bf3-3c42-4ae9-a8ad-0e6281a8f523: 1814 ms
Input: 5000000,
Cold Start: false
Unique ID: 41245ebb-b11e-4138-ac20-dac42102d962,
Billed Duration for Request 41245ebb-b11e-4138-ac20-dac42102d962: 1827 ms
Input: 5000000,
Cold Start: false
Unique ID: 1b2e5997-9fc2-4ee0-89bf-32c5746b9ca2,
Billed Duration for Request 1b2e5997-9fc2-4ee0-89bf-32c5746b9ca2: 1811 ms
Input: 5000000,
Cold Start: false
Unique ID: 51eb0386-2487-4dae-b27b-abbb22d75d16,
Billed Duration for Request 51eb0386-2487-4dae-b27b-abbb22d75d16: 1804 ms
Input: 5000000,
Cold Start: false
Unique ID: 9e1c6e4e-fcac-41ab-8c0a-025a4fd69d05,
Billed Duration for Request 9e1c6e4e-fcac-41ab-8c0a-025a4fd69d05: 1847 ms
Input: 5000000,
Cold Start: false
Unique ID: e82650da-2c20-464d-8294-aa84b63d33b3,
Billed Duration for Request e82650da-2c20-464d-8294-aa84b63d33b3: 1658 ms
Input: 5000000,
Cold Start: false
Unique ID: 5d4c642a-dcd1-4088-8606-187172e8a44b,
Billed Duration for Request 5d4c642a-dcd1-4088-8606-187172e8a44b: 1823 ms
Input: 5000000,
Cold Start: false
Unique ID: 05edec8f-c878-4474-bd0e-2bc7569daef7,
Billed Duration for Request 05edec8f-c878-4474-bd0e-2bc7569daef7: 1808 ms
Input: 5000000,
Cold Start: false
Unique ID: e104ceb9-c4c0-4b42-a4a9-bb80e6c0691f,
Billed Duration for Request e104ceb9-c4c0-4b42-a4a9-bb80e6c0691f: 1857 ms
Input: 5000000,
Cold Start: false
Unique ID: 2e0547b2-ca8f-4482-80e4-c002cda709ef,
Billed Duration for Request 2e0547b2-ca8f-4482-80e4-c002cda709ef: 1827 ms
Input: 5000000,
Cold Start: false
Unique ID: ecd45250-a50c-469c-a8bc-fd4ccf3ca72b,
Billed Duration for Request ecd45250-a50c-469c-a8bc-fd4ccf3ca72b: 1831 ms
Input: 5000000,
Cold Start: false
Unique ID: 4d799e5f-519a-42ce-89a8-bff609299d79,
Billed Duration for Request 4d799e5f-519a-42ce-89a8-bff609299d79: 1806 ms
Input: 5000000,
Cold Start: false
Unique ID: 0a0e0350-7cfc-44ed-bab5-916cf05f3178,
Billed Duration for Request 0a0e0350-7cfc-44ed-bab5-916cf05f3178: 1792 ms
Input: 5000000,
Cold Start: false
Unique ID: 77b8d98b-8e75-4299-bd8a-9b02f21ec5f2,
Billed Duration for Request 77b8d98b-8e75-4299-bd8a-9b02f21ec5f2: 1800 ms
Input: 5000000,
Cold Start: false
Unique ID: 45bfee68-daa4-48df-8942-8bc17e21f204,
Billed Duration for Request 45bfee68-daa4-48df-8942-8bc17e21f204: 1653 ms
Input: 5000000,
Cold Start: false
Unique ID: dda73637-bd3d-4ce7-9a8a-7f55803ff9ae,
Billed Duration for Request dda73637-bd3d-4ce7-9a8a-7f55803ff9ae: 1852 ms
Input: 5000000,
Cold Start: false
Unique ID: 200b5018-f761-47af-a286-ad5f03d4b3b1,
Billed Duration for Request 200b5018-f761-47af-a286-ad5f03d4b3b1: 1824 ms
Input: 5000000,
Cold Start: false
Unique ID: 588a44d0-5082-46cf-9e0e-119e16af7179,
Billed Duration for Request 588a44d0-5082-46cf-9e0e-119e16af7179: 1807 ms
Input: 5000000,
Cold Start: false
Unique ID: 8819100f-1119-4ce2-9108-0f78694a9c07,
Billed Duration for Request 8819100f-1119-4ce2-9108-0f78694a9c07: 1822 ms
Input: 5000000,
Cold Start: false
Unique ID: 4d951564-53fd-4a71-832e-4bf95d4e6102,
Billed Duration for Request 4d951564-53fd-4a71-832e-4bf95d4e6102: 1808 ms
Input: 5000000,
Cold Start: false
Unique ID: b4438ce5-f538-4c3a-8ce7-9e66da60b5a4,
Billed Duration for Request b4438ce5-f538-4c3a-8ce7-9e66da60b5a4: 1810 ms
Input: 5000000,
Cold Start: false
Unique ID: 9ba8de47-3a17-48a9-afd7-bd3fef8bde70,
Billed Duration for Request 9ba8de47-3a17-48a9-afd7-bd3fef8bde70: 1828 ms
Input: 5000000,
Cold Start: false
Unique ID: 5088560e-1a0a-4094-a0f8-a4503e10c968,
Billed Duration for Request 5088560e-1a0a-4094-a0f8-a4503e10c968: 1826 ms
Input: 5000000,
Cold Start: false
Unique ID: 447f37f0-e99a-45f7-8d20-a532eb8e95c6,
Billed Duration for Request 447f37f0-e99a-45f7-8d20-a532eb8e95c6: 1662 ms
Input: 5000000,
Cold Start: false
Unique ID: ededb57c-a7cd-4b84-9137-bde0becec58e,
Billed Duration for Request ededb57c-a7cd-4b84-9137-bde0becec58e: 1803 ms
Input: 5000000,
Cold Start: false
Unique ID: 671cd593-0637-4852-89ac-382eccbbfd6b,
Billed Duration for Request 671cd593-0637-4852-89ac-382eccbbfd6b: 1834 ms
Input: 5000000,
Cold Start: false
Unique ID: 84115dbb-1e7a-4687-99e8-37c93ba4fcb3,
Billed Duration for Request 84115dbb-1e7a-4687-99e8-37c93ba4fcb3: 1825 ms
Input: 5000000,
Cold Start: false
Unique ID: 494518f5-0d39-4dd4-8232-0dcb8e246dfa,
Billed Duration for Request 494518f5-0d39-4dd4-8232-0dcb8e246dfa: 1791 ms
Input: 5000000,
Cold Start: false
Unique ID: 6b87e014-b487-410c-a1b6-57e43d98d855,
Billed Duration for Request 6b87e014-b487-410c-a1b6-57e43d98d855: 1861 ms
Input: 5000000,
Cold Start: false
Unique ID: b014f6ef-792b-4fbe-9580-c4134cbd767c,
Billed Duration for Request b014f6ef-792b-4fbe-9580-c4134cbd767c: 1820 ms
Input: 5000000,
Cold Start: false
Unique ID: 2c9e545b-cd9e-4936-ba05-64e7515d020d,
Billed Duration for Request 2c9e545b-cd9e-4936-ba05-64e7515d020d: 1811 ms
Input: 5000000,
Cold Start: false
Unique ID: a847ce7d-7fc9-4b9f-9915-8b0cb4f6d4f9,
Billed Duration for Request a847ce7d-7fc9-4b9f-9915-8b0cb4f6d4f9: 1793 ms
Input: 5000000,
Cold Start: false
Unique ID: e2bcd418-619d-43b2-a0b4-9abd450f13f5,
Billed Duration for Request e2bcd418-619d-43b2-a0b4-9abd450f13f5: 1663 ms
Input: 5000000,
Cold Start: false
Unique ID: 6a263e55-4716-493a-b3a3-d1dbdd378504,
Billed Duration for Request 6a263e55-4716-493a-b3a3-d1dbdd378504: 1797 ms
Input: 5000000,
Cold Start: false
Unique ID: 64ff759b-438a-4dad-b3f4-149d29875c68,
Billed Duration for Request 64ff759b-438a-4dad-b3f4-149d29875c68: 1805 ms
Input: 5000000,
Cold Start: false
Unique ID: aa7b6c6d-8946-4f37-8a58-5ffd0693f503,
Billed Duration for Request aa7b6c6d-8946-4f37-8a58-5ffd0693f503: 1831 ms
Input: 5000000,
Cold Start: false
Unique ID: e305cdd9-2ccb-4a2f-aaca-bf954b3ee574,
Billed Duration for Request e305cdd9-2ccb-4a2f-aaca-bf954b3ee574: 1801 ms
Input: 5000000,
Cold Start: false
Unique ID: 77d212b5-6ace-4c4b-9c00-940dcffaf0ef,
Billed Duration for Request 77d212b5-6ace-4c4b-9c00-940dcffaf0ef: 1822 ms
Input: 5000000,
Cold Start: false
Unique ID: 0f96aaaf-3b04-492e-ac56-40a830445120,
Billed Duration for Request 0f96aaaf-3b04-492e-ac56-40a830445120: 1839 ms
Input: 5000000,
Cold Start: false
Unique ID: 6379a05d-7412-4ad1-ad79-a367e376dfcb,
Billed Duration for Request 6379a05d-7412-4ad1-ad79-a367e376dfcb: 1838 ms
Input: 5000000,
Cold Start: false
Unique ID: e39e8015-5aa4-4788-a0cb-cb0692f4937e,
Billed Duration for Request e39e8015-5aa4-4788-a0cb-cb0692f4937e: 1830 ms
Input: 5000000,
Cold Start: false
Unique ID: ccc95256-8342-4350-8379-a3595af5e3e5,
Billed Duration for Request ccc95256-8342-4350-8379-a3595af5e3e5: 1679 ms
Input: 5000000,
Cold Start: false
Unique ID: 7378ad1f-5fac-402b-8b42-6068eb003793,
Billed Duration for Request 7378ad1f-5fac-402b-8b42-6068eb003793: 1823 ms
Input: 5000000,
Cold Start: false
Unique ID: 67c2a3ba-c4b9-4f8d-9b55-0f4d310884ab,
Billed Duration for Request 67c2a3ba-c4b9-4f8d-9b55-0f4d310884ab: 1796 ms
Input: 5000000,
Cold Start: false
Unique ID: 9740537c-7e97-426b-ae5b-1309eb203a37,
Billed Duration for Request 9740537c-7e97-426b-ae5b-1309eb203a37: 1807 ms
Input: 5000000,
Cold Start: false
Unique ID: f2b27a37-4a70-4c91-8a69-1149db12b4c9,
Billed Duration for Request f2b27a37-4a70-4c91-8a69-1149db12b4c9: 1830 ms
Input: 5000000,
Cold Start: false
Unique ID: 1b625e61-fbfe-42e2-b3cf-5997cf636b8c,
Billed Duration for Request 1b625e61-fbfe-42e2-b3cf-5997cf636b8c: 1836 ms
Input: 5000000,
Cold Start: false
Unique ID: 3a094791-6655-4a23-8c5b-9e4c306f8b33,
Billed Duration for Request 3a094791-6655-4a23-8c5b-9e4c306f8b33: 1798 ms
Input: 5000000,
Cold Start: false
Unique ID: 220b1568-b3be-4bd4-8c5a-80068194f850,
Billed Duration for Request 220b1568-b3be-4bd4-8c5a-80068194f850: 1845 ms
Input: 5000000,
Cold Start: false
Unique ID: 2f51b849-e379-4d55-adec-cf99031c8df3,
Billed Duration for Request 2f51b849-e379-4d55-adec-cf99031c8df3: 1815 ms
Input: 5000000,
Cold Start: false
Unique ID: 5ac7ffff-9d24-48d5-8fa6-0269291c0c3c,
Billed Duration for Request 5ac7ffff-9d24-48d5-8fa6-0269291c0c3c: 1716 ms
Input: 5000000,
Cold Start: false
Unique ID: f1124ebf-ad96-45cf-93fc-5383d22a81d5,
Billed Duration for Request f1124ebf-ad96-45cf-93fc-5383d22a81d5: 1805 ms
Input: 5000000,
Cold Start: false
Unique ID: 98783c87-59e5-4337-8acf-28a07fba0d43,
Billed Duration for Request 98783c87-59e5-4337-8acf-28a07fba0d43: 1831 ms
Input: 5000000,
Cold Start: false
Unique ID: 7b550728-9547-48d9-8f4b-4527cd4adad1,
Billed Duration for Request 7b550728-9547-48d9-8f4b-4527cd4adad1: 1806 ms
Input: 5000000,
Cold Start: false
Unique ID: 60a19fb1-3bcb-4275-b358-82172f758fa4,
Billed Duration for Request 60a19fb1-3bcb-4275-b358-82172f758fa4: 1819 ms
Input: 5000000,
Cold Start: false
Unique ID: 574fac9d-ef51-4729-9525-ec8bee8d4a0f,
Billed Duration for Request 574fac9d-ef51-4729-9525-ec8bee8d4a0f: 1863 ms
Input: 5000000,
Cold Start: false
Unique ID: dc9c4dd1-4e4d-4a5a-b9a2-e850f4b49d40,
Billed Duration for Request dc9c4dd1-4e4d-4a5a-b9a2-e850f4b49d40: 1808 ms
Input: 5000000,
Cold Start: false
Unique ID: 109f9ff7-a545-4eb4-aa57-716fc1e3c021,
Billed Duration for Request 109f9ff7-a545-4eb4-aa57-716fc1e3c021: 1806 ms
Input: 5000000,
Cold Start: false
Unique ID: fc3f557b-63af-4d9d-949a-a85f2f625451,
Billed Duration for Request fc3f557b-63af-4d9d-949a-a85f2f625451: 1822 ms
Input: 5000000,
Cold Start: false
Unique ID: 0f3ed76b-cec9-4146-a3f4-1475616095fd,
Billed Duration for Request 0f3ed76b-cec9-4146-a3f4-1475616095fd: 1695 ms
Input: 5000000,
Cold Start: false
Unique ID: d37cdb81-68fe-4e96-be91-266d6273188a,
Billed Duration for Request d37cdb81-68fe-4e96-be91-266d6273188a: 1817 ms
Input: 5000000,
Cold Start: false
Unique ID: ec5d56f1-18c4-4f64-bca5-f018ce4cf99f,
Billed Duration for Request ec5d56f1-18c4-4f64-bca5-f018ce4cf99f: 1812 ms
Input: 5000000,
Cold Start: false
Unique ID: ef0cf8d7-0ebc-465e-935c-c9af6757faca,
Billed Duration for Request ef0cf8d7-0ebc-465e-935c-c9af6757faca: 1792 ms
Input: 5000000,
Cold Start: false
Unique ID: 5504eb47-aaa7-4ece-a602-6e72c33db375,
Billed Duration for Request 5504eb47-aaa7-4ece-a602-6e72c33db375: 1795 ms
Input: 5000000,
Cold Start: false
Unique ID: 57c4063f-5f08-43ba-a5de-e4b3ee32bd07,
Billed Duration for Request 57c4063f-5f08-43ba-a5de-e4b3ee32bd07: 1824 ms
Input: 5000000,
Cold Start: false
Unique ID: 0bcc38e5-6422-4330-8b0a-62ddf12e4cb6,
Billed Duration for Request 0bcc38e5-6422-4330-8b0a-62ddf12e4cb6: 1834 ms
Input: 5000000,
Cold Start: false
Unique ID: 812d73a0-f9bd-463f-8806-2aa9aa67b922,
Billed Duration for Request 812d73a0-f9bd-463f-8806-2aa9aa67b922: 1792 ms
Input: 5000000,
Cold Start: false
Unique ID: 4beb9830-5086-4217-ba4b-8ca3329640e7,
Billed Duration for Request 4beb9830-5086-4217-ba4b-8ca3329640e7: 1810 ms
Input: 5000000,
Cold Start: false
Unique ID: 99a55086-6397-4950-9e08-f029b0911eda,
Billed Duration for Request 99a55086-6397-4950-9e08-f029b0911eda: 1738 ms
Input: 5000000,
Cold Start: false
Unique ID: 2f882fa9-9c18-4a6e-b0da-574fd3ab449b,
Billed Duration for Request 2f882fa9-9c18-4a6e-b0da-574fd3ab449b: 1854 ms
Input: 5000000,
Cold Start: false
Unique ID: 9a8a35dc-3ade-40cb-85c5-7f82d52ee90d,
Billed Duration for Request 9a8a35dc-3ade-40cb-85c5-7f82d52ee90d: 1844 ms
Input: 5000000,
Cold Start: false
Unique ID: 5e879b93-0ba3-40cc-b288-85860d0fd7af,
Billed Duration for Request 5e879b93-0ba3-40cc-b288-85860d0fd7af: 1820 ms
Input: 5000000,
Cold Start: false
Unique ID: 82ffd4da-6d96-42b8-ad44-2a0c004a9886,
Billed Duration for Request 82ffd4da-6d96-42b8-ad44-2a0c004a9886: 1811 ms
Input: 5000000,
Cold Start: false
Unique ID: c42252ad-6784-4a8b-b388-7d09abfb3f54,
Billed Duration for Request c42252ad-6784-4a8b-b388-7d09abfb3f54: 1810 ms
Input: 5000000,
Cold Start: false
Unique ID: 880fa987-6a21-440d-9bdb-3c24bbb6f45a,
Billed Duration for Request 880fa987-6a21-440d-9bdb-3c24bbb6f45a: 1804 ms
Input: 5000000,
Cold Start: false
Unique ID: 900f1436-8e27-446d-b820-78adaca052ee,
Billed Duration for Request 900f1436-8e27-446d-b820-78adaca052ee: 1834 ms
Input: 5000000,
Cold Start: false
Unique ID: f779aa8a-2923-4c0e-ab2a-4de6df1a4d61,
Billed Duration for Request f779aa8a-2923-4c0e-ab2a-4de6df1a4d61: 1796 ms
Input: 5000000,
Cold Start: false
Unique ID: 56f22940-e500-48d9-8941-084816c71a4d,
Billed Duration for Request 56f22940-e500-48d9-8941-084816c71a4d: 1678 ms
Input: 5000000,
Cold Start: false
Unique ID: 294009fc-75b2-44f7-9717-1f1f676a996f,
Billed Duration for Request 294009fc-75b2-44f7-9717-1f1f676a996f: 1796 ms
Input: 5000000,
Cold Start: false
Unique ID: 77941fc2-259b-4bce-b9a4-05057c664d41,
Billed Duration for Request 77941fc2-259b-4bce-b9a4-05057c664d41: 1814 ms
Input: 5000000,
Cold Start: false
Unique ID: 234a9f98-eb7f-4c9f-b7b7-19b6d8251b88,
Billed Duration for Request 234a9f98-eb7f-4c9f-b7b7-19b6d8251b88: 1824 ms
Input: 5000000,
Cold Start: false
Unique ID: aca07498-4445-48f3-9f45-744fe4b20d5a,
Billed Duration for Request aca07498-4445-48f3-9f45-744fe4b20d5a: 1817 ms
Input: 5000000,
Cold Start: false
