Unique ID: fdd5fa2e-83b7-42a0-ba8e-19660aa23222,
Billed Duration for Request fdd5fa2e-83b7-42a0-ba8e-19660aa23222: 2172 ms
Input: 5750000,
Cold Start: false
Unique ID: 9bca9436-cdee-4dc3-b942-e455dd028b2c,
Billed Duration for Request 9bca9436-cdee-4dc3-b942-e455dd028b2c: 2227 ms
Input: 5750000,
Cold Start: false
Unique ID: c600551e-8214-49c2-9f4f-05f9b7f9dd0f,
Billed Duration for Request c600551e-8214-49c2-9f4f-05f9b7f9dd0f: 2187 ms
Input: 5750000,
Cold Start: false
Unique ID: 71ab3a1f-c9ff-4a67-bf0a-84cd3b09feef,
Billed Duration for Request 71ab3a1f-c9ff-4a67-bf0a-84cd3b09feef: 2198 ms
Input: 5750000,
Cold Start: false
Unique ID: fd2e563f-89d2-478b-aeff-29662a05bb93,
Billed Duration for Request fd2e563f-89d2-478b-aeff-29662a05bb93: 2086 ms
Input: 5750000,
Cold Start: false
Unique ID: cbdc5927-33e0-4ddd-8659-496dbb109f7d,
Billed Duration for Request cbdc5927-33e0-4ddd-8659-496dbb109f7d: 2164 ms
Input: 5750000,
Cold Start: false
Unique ID: a609ded5-9503-47d4-8feb-dc2c00a1fd2f,
Billed Duration for Request a609ded5-9503-47d4-8feb-dc2c00a1fd2f: 2240 ms
Input: 5750000,
Cold Start: false
Unique ID: 8d2b2762-a037-4558-b86f-06be8a79679f,
Billed Duration for Request 8d2b2762-a037-4558-b86f-06be8a79679f: 2174 ms
Input: 5750000,
Cold Start: false
Unique ID: 1dfc3805-2851-4f8f-a035-e2765719bc73,
Billed Duration for Request 1dfc3805-2851-4f8f-a035-e2765719bc73: 2222 ms
Input: 5750000,
Cold Start: false
Unique ID: 8f5e540a-ad0f-4a31-bcae-7d31e7c3db34,
Billed Duration for Request 8f5e540a-ad0f-4a31-bcae-7d31e7c3db34: 2204 ms
Input: 5750000,
Cold Start: false
Unique ID: c08ebbfb-114f-4773-940a-f15c908d1779,
Billed Duration for Request c08ebbfb-114f-4773-940a-f15c908d1779: 2077 ms
Input: 5750000,
Cold Start: false
Unique ID: eff5d5d8-6003-4717-b8fe-d86cd2ea8aca,
Billed Duration for Request eff5d5d8-6003-4717-b8fe-d86cd2ea8aca: 2106 ms
Input: 5750000,
Cold Start: false
Unique ID: dd07b9a5-2c1a-4b34-becd-f4334b411dd5,
Billed Duration for Request dd07b9a5-2c1a-4b34-becd-f4334b411dd5: 2121 ms
Input: 5750000,
Cold Start: false
Unique ID: 5f2b91c2-e6da-4daf-99d8-9fef173a2ab2,
Billed Duration for Request 5f2b91c2-e6da-4daf-99d8-9fef173a2ab2: 1968 ms
Input: 5750000,
Cold Start: false
Unique ID: 1640d12a-7c39-428e-8d0d-e00a44e6df2d,
Billed Duration for Request 1640d12a-7c39-428e-8d0d-e00a44e6df2d: 2070 ms
Input: 5750000,
Cold Start: false
Unique ID: de84a244-da1c-4582-b795-64540aed54a6,
Billed Duration for Request de84a244-da1c-4582-b795-64540aed54a6: 2156 ms
Input: 5750000,
Cold Start: false
Unique ID: 31ecf52c-a005-4672-8a60-962148b36240,
Billed Duration for Request 31ecf52c-a005-4672-8a60-962148b36240: 2089 ms
Input: 5750000,
Cold Start: false
Unique ID: 36d2b9e0-5ccb-42be-8563-91517340e361,
Billed Duration for Request 36d2b9e0-5ccb-42be-8563-91517340e361: 2167 ms
Input: 5750000,
Cold Start: false
Unique ID: afe435b1-b6e9-4e69-8cb2-8133eac63c94,
Billed Duration for Request afe435b1-b6e9-4e69-8cb2-8133eac63c94: 2124 ms
Input: 5750000,
Cold Start: false
Unique ID: a2f6a611-75d7-42c6-8ac6-50aba841ced2,
Billed Duration for Request a2f6a611-75d7-42c6-8ac6-50aba841ced2: 2137 ms
Input: 5750000,
Cold Start: false
Unique ID: a101a6c9-74a8-41f6-ae8a-05b4ffb6354a,
Billed Duration for Request a101a6c9-74a8-41f6-ae8a-05b4ffb6354a: 2068 ms
Input: 5750000,
Cold Start: false
Unique ID: 30c475b5-f744-4530-8c6a-c4f59cb09f1a,
Billed Duration for Request 30c475b5-f744-4530-8c6a-c4f59cb09f1a: 2107 ms
Input: 5750000,
Cold Start: false
Unique ID: fde2be8f-d5fc-4cb3-9c77-80d62591c3ff,
Billed Duration for Request fde2be8f-d5fc-4cb3-9c77-80d62591c3ff: 2119 ms
Input: 5750000,
Cold Start: false
Unique ID: 84018f7b-116b-4571-8193-158c56052537,
Billed Duration for Request 84018f7b-116b-4571-8193-158c56052537: 1932 ms
Input: 5750000,
Cold Start: false
Unique ID: beeff5f3-964c-46c6-b223-8ad6d5c01db5,
Billed Duration for Request beeff5f3-964c-46c6-b223-8ad6d5c01db5: 2084 ms
Input: 5750000,
Cold Start: false
Unique ID: e96dc381-03e9-4cc5-8cee-5f2f38ae1a2b,
Billed Duration for Request e96dc381-03e9-4cc5-8cee-5f2f38ae1a2b: 2079 ms
Input: 5750000,
Cold Start: false
Unique ID: 9bd523b8-042a-43ba-a2f7-1fe05d074eac,
Billed Duration for Request 9bd523b8-042a-43ba-a2f7-1fe05d074eac: 2140 ms
Input: 5750000,
Cold Start: false
Unique ID: 88cac085-3eb8-4102-9761-1ba218f7c3e5,
Billed Duration for Request 88cac085-3eb8-4102-9761-1ba218f7c3e5: 2121 ms
Input: 5750000,
Cold Start: false
Unique ID: ead86248-caf4-487a-b9af-f609ae1f0a89,
Billed Duration for Request ead86248-caf4-487a-b9af-f609ae1f0a89: 2100 ms
Input: 5750000,
Cold Start: false
Unique ID: b868c812-9597-45f7-84cc-f96fcecbb83e,
Billed Duration for Request b868c812-9597-45f7-84cc-f96fcecbb83e: 2082 ms
Input: 5750000,
Cold Start: false
Unique ID: 4bc65638-d024-4cde-9c06-d4acbcec7087,
Billed Duration for Request 4bc65638-d024-4cde-9c06-d4acbcec7087: 2141 ms
Input: 5750000,
Cold Start: false
Unique ID: 10e87a0d-c616-4c09-b235-4cb1c18b96a5,
Billed Duration for Request 10e87a0d-c616-4c09-b235-4cb1c18b96a5: 2108 ms
Input: 5750000,
Cold Start: false
Unique ID: 2001fea5-880c-40f8-8c6c-99cb0e9b4ec5,
Billed Duration for Request 2001fea5-880c-40f8-8c6c-99cb0e9b4ec5: 1930 ms
Input: 5750000,
Cold Start: false
Unique ID: 51afdb0c-8c5c-46e2-9b8a-0824a1d150f4,
Billed Duration for Request 51afdb0c-8c5c-46e2-9b8a-0824a1d150f4: 2096 ms
Input: 5750000,
Cold Start: false
Unique ID: 37b10428-3a9c-43df-84dc-132fab7fc8ce,
Billed Duration for Request 37b10428-3a9c-43df-84dc-132fab7fc8ce: 2106 ms
Input: 5750000,
Cold Start: false
Unique ID: 50c547b3-80e6-4c24-b559-7f8bb3f5ceaa,
Billed Duration for Request 50c547b3-80e6-4c24-b559-7f8bb3f5ceaa: 2084 ms
Input: 5750000,
Cold Start: false
Unique ID: 0c49d41f-5150-429e-a95b-2b500a898c06,
Billed Duration for Request 0c49d41f-5150-429e-a95b-2b500a898c06: 2125 ms
Input: 5750000,
Cold Start: false
Unique ID: c802de1b-067f-4bc6-9ca4-7d34b4c03b95,
Billed Duration for Request c802de1b-067f-4bc6-9ca4-7d34b4c03b95: 2082 ms
Input: 5750000,
Cold Start: false
Unique ID: 9c1c1379-93dc-434d-bb53-bc87e941348e,
Billed Duration for Request 9c1c1379-93dc-434d-bb53-bc87e941348e: 2099 ms
Input: 5750000,
Cold Start: false
Unique ID: b131d322-d29e-4a28-ad27-e48990d0e1a6,
Billed Duration for Request b131d322-d29e-4a28-ad27-e48990d0e1a6: 2087 ms
Input: 5750000,
Cold Start: false
Unique ID: 1502acea-94d2-4056-acd8-2c28aae74782,
Billed Duration for Request 1502acea-94d2-4056-acd8-2c28aae74782: 2138 ms
Input: 5750000,
Cold Start: false
Unique ID: afc7dc3e-a6a9-4e4d-97b1-13548958a6cd,
Billed Duration for Request afc7dc3e-a6a9-4e4d-97b1-13548958a6cd: 1932 ms
Input: 5750000,
Cold Start: false
Unique ID: 6ebb7d10-526c-408e-9369-de02fa0e720d,
Billed Duration for Request 6ebb7d10-526c-408e-9369-de02fa0e720d: 2093 ms
Input: 5750000,
Cold Start: false
Unique ID: d251a0eb-83a4-434d-87a9-fe45c42b7f62,
Billed Duration for Request d251a0eb-83a4-434d-87a9-fe45c42b7f62: 2123 ms
Input: 5750000,
Cold Start: false
Unique ID: 305c7438-2092-4a82-b278-44b2187f840b,
Billed Duration for Request 305c7438-2092-4a82-b278-44b2187f840b: 2123 ms
Input: 5750000,
Cold Start: false
Unique ID: 7708a7cb-1152-472c-a7fd-11329e5b5743,
Billed Duration for Request 7708a7cb-1152-472c-a7fd-11329e5b5743: 2075 ms
Input: 5750000,
Cold Start: false
Unique ID: 788c18bd-a56f-40bc-a2a6-7441cc24ea46,
Billed Duration for Request 788c18bd-a56f-40bc-a2a6-7441cc24ea46: 2117 ms
Input: 5750000,
Cold Start: false
Unique ID: 892efc0b-04e0-4244-bd6e-f3132411f16f,
Billed Duration for Request 892efc0b-04e0-4244-bd6e-f3132411f16f: 2118 ms
Input: 5750000,
Cold Start: false
Unique ID: 5416a940-c06b-4868-80d2-a269dfa86ce1,
Billed Duration for Request 5416a940-c06b-4868-80d2-a269dfa86ce1: 2118 ms
Input: 5750000,
Cold Start: false
Unique ID: 463399cf-2559-4f80-8f02-65678b62526d,
Billed Duration for Request 463399cf-2559-4f80-8f02-65678b62526d: 2080 ms
Input: 5750000,
Cold Start: false
Unique ID: 16810237-f4ec-4b02-bdd1-757a2c4f0e04,
Billed Duration for Request 16810237-f4ec-4b02-bdd1-757a2c4f0e04: 1945 ms
Input: 5750000,
Cold Start: false
Unique ID: f1bc6ede-f127-4c83-b1f2-9663d4b635c7,
Billed Duration for Request f1bc6ede-f127-4c83-b1f2-9663d4b635c7: 2137 ms
Input: 5750000,
Cold Start: false
Unique ID: 82e1601c-5c2f-42a2-bacb-985741333a4d,
Billed Duration for Request 82e1601c-5c2f-42a2-bacb-985741333a4d: 2128 ms
Input: 5750000,
Cold Start: false
Unique ID: 04e5af3a-bdf4-455d-805d-9fe73324bee6,
Billed Duration for Request 04e5af3a-bdf4-455d-805d-9fe73324bee6: 2101 ms
Input: 5750000,
Cold Start: false
Unique ID: 3d0aa7f7-1ac6-4c53-ac40-89d7b5f4b0a6,
Billed Duration for Request 3d0aa7f7-1ac6-4c53-ac40-89d7b5f4b0a6: 2081 ms
Input: 5750000,
Cold Start: false
Unique ID: 1600a517-3e1a-44ac-a654-37b95ffc34d8,
Billed Duration for Request 1600a517-3e1a-44ac-a654-37b95ffc34d8: 2076 ms
Input: 5750000,
Cold Start: false
Unique ID: aef9b3dc-b7e6-481d-b88e-d316432e23dd,
Billed Duration for Request aef9b3dc-b7e6-481d-b88e-d316432e23dd: 2129 ms
Input: 5750000,
Cold Start: false
Unique ID: d15e0365-23e0-44ee-8fb8-b43fe536b2d2,
Billed Duration for Request d15e0365-23e0-44ee-8fb8-b43fe536b2d2: 2102 ms
Input: 5750000,
Cold Start: false
Unique ID: 546ba2cc-67d8-41b5-9e27-aad23565fda4,
Billed Duration for Request 546ba2cc-67d8-41b5-9e27-aad23565fda4: 2098 ms
Input: 5750000,
Cold Start: false
Unique ID: 99526744-357d-443a-874c-76a345b92778,
Billed Duration for Request 99526744-357d-443a-874c-76a345b92778: 1933 ms
Input: 5750000,
Cold Start: false
Unique ID: 5bf82630-ea95-4008-b293-b48b6b274278,
Billed Duration for Request 5bf82630-ea95-4008-b293-b48b6b274278: 2097 ms
Input: 5750000,
Cold Start: false
Unique ID: 83dc1cb4-0cd3-4bf7-a04b-b1cf3f0e6004,
Billed Duration for Request 83dc1cb4-0cd3-4bf7-a04b-b1cf3f0e6004: 2111 ms
Input: 5750000,
Cold Start: false
Unique ID: acee7759-2003-4bcc-8675-2f18fa290eb3,
Billed Duration for Request acee7759-2003-4bcc-8675-2f18fa290eb3: 2103 ms
Input: 5750000,
Cold Start: false
Unique ID: ecbdabcf-fda2-4f92-a95b-bae9e9c1577d,
Billed Duration for Request ecbdabcf-fda2-4f92-a95b-bae9e9c1577d: 2104 ms
Input: 5750000,
Cold Start: false
Unique ID: b6b98702-12fe-4ee3-b3fe-a21f7e72d6f5,
Billed Duration for Request b6b98702-12fe-4ee3-b3fe-a21f7e72d6f5: 2064 ms
Input: 5750000,
Cold Start: false
Unique ID: 29eed5b5-bd99-4344-a95e-c7cea1179ac5,
Billed Duration for Request 29eed5b5-bd99-4344-a95e-c7cea1179ac5: 2073 ms
Input: 5750000,
Cold Start: false
Unique ID: 95b90c96-9857-466d-8a55-488ed08987b5,
Billed Duration for Request 95b90c96-9857-466d-8a55-488ed08987b5: 2124 ms
Input: 5750000,
Cold Start: false
Unique ID: 85a0ee11-b26f-4e0d-a363-534373ba246e,
Billed Duration for Request 85a0ee11-b26f-4e0d-a363-534373ba246e: 2123 ms
Input: 5750000,
Cold Start: false
Unique ID: 584a56f6-8600-49fe-bd80-b28035434f78,
Billed Duration for Request 584a56f6-8600-49fe-bd80-b28035434f78: 1948 ms
Input: 5750000,
Cold Start: false
Unique ID: 750a0b50-a40f-4fd4-bf64-a8079dffa7ea,
Billed Duration for Request 750a0b50-a40f-4fd4-bf64-a8079dffa7ea: 2122 ms
Input: 5750000,
Cold Start: false
Unique ID: df11cf38-f9c1-4a48-9c77-0679ebc4019b,
Billed Duration for Request df11cf38-f9c1-4a48-9c77-0679ebc4019b: 2083 ms
Input: 5750000,
Cold Start: false
Unique ID: 07265751-ddcc-4fbd-8615-aad9b526262e,
Billed Duration for Request 07265751-ddcc-4fbd-8615-aad9b526262e: 2128 ms
Input: 5750000,
Cold Start: false
Unique ID: fef540b3-1163-4851-b13c-136da42669ef,
Billed Duration for Request fef540b3-1163-4851-b13c-136da42669ef: 2108 ms
Input: 5750000,
Cold Start: false
Unique ID: acacd01c-2ba8-4421-931f-6eb9f715b8f5,
Billed Duration for Request acacd01c-2ba8-4421-931f-6eb9f715b8f5: 2100 ms
Input: 5750000,
Cold Start: false
Unique ID: 13ce2401-2e00-4e69-b384-3c694575be04,
Billed Duration for Request 13ce2401-2e00-4e69-b384-3c694575be04: 2047 ms
Input: 5750000,
Cold Start: false
Unique ID: 60e2f0ac-ebf5-4460-b443-96d5383704c3,
Billed Duration for Request 60e2f0ac-ebf5-4460-b443-96d5383704c3: 2096 ms
Input: 5750000,
Cold Start: false
Unique ID: 385610d4-01a2-457e-96af-d2e76a3a829b,
Billed Duration for Request 385610d4-01a2-457e-96af-d2e76a3a829b: 2126 ms
Input: 5750000,
Cold Start: false
Unique ID: 2aa31d9c-d318-4736-a351-326f2a3606fb,
Billed Duration for Request 2aa31d9c-d318-4736-a351-326f2a3606fb: 1952 ms
Input: 5750000,
Cold Start: false
Unique ID: 7ceeeaeb-f59f-4593-8772-3797e94caa14,
Billed Duration for Request 7ceeeaeb-f59f-4593-8772-3797e94caa14: 2120 ms
Input: 5750000,
Cold Start: false
Unique ID: 81229804-217a-475d-b6d2-49c348ab7a4e,
Billed Duration for Request 81229804-217a-475d-b6d2-49c348ab7a4e: 2106 ms
Input: 5750000,
Cold Start: false
Unique ID: ab699f13-68d2-4324-aca5-1bebce306fd7,
Billed Duration for Request ab699f13-68d2-4324-aca5-1bebce306fd7: 2084 ms
Input: 5750000,
Cold Start: false
Unique ID: 35e1b945-405c-489c-b25f-796faa5d3864,
Billed Duration for Request 35e1b945-405c-489c-b25f-796faa5d3864: 2151 ms
Input: 5750000,
Cold Start: false
Unique ID: 19e71dae-2857-4e36-b83f-360b6c6af118,
Billed Duration for Request 19e71dae-2857-4e36-b83f-360b6c6af118: 2108 ms
Input: 5750000,
Cold Start: false
Unique ID: fc807557-10d9-459e-983f-7f54a61a911b,
Billed Duration for Request fc807557-10d9-459e-983f-7f54a61a911b: 2118 ms
Input: 5750000,
Cold Start: false
Unique ID: 56c4fda9-b06b-4a50-9414-1e76e5393c25,
Billed Duration for Request 56c4fda9-b06b-4a50-9414-1e76e5393c25: 2071 ms
Input: 5750000,
Cold Start: false
Unique ID: 11ee7e7b-f497-4937-8150-1a3691d12866,
Billed Duration for Request 11ee7e7b-f497-4937-8150-1a3691d12866: 2074 ms
Input: 5750000,
Cold Start: false
Unique ID: 98f3ed9a-f2d8-49a8-89c1-1320f135ad96,
Billed Duration for Request 98f3ed9a-f2d8-49a8-89c1-1320f135ad96: 1948 ms
Input: 5750000,
Cold Start: false
Unique ID: ce26b97f-1c3e-430f-87f6-567619397301,
Billed Duration for Request ce26b97f-1c3e-430f-87f6-567619397301: 2125 ms
Input: 5750000,
Cold Start: false
Unique ID: 51dcc2f5-7d01-4732-9a37-8ce1cca4969b,
Billed Duration for Request 51dcc2f5-7d01-4732-9a37-8ce1cca4969b: 2103 ms
Input: 5750000,
Cold Start: false
Unique ID: beca95fc-939a-4dfe-930e-361b2fba5772,
Billed Duration for Request beca95fc-939a-4dfe-930e-361b2fba5772: 2124 ms
Input: 5750000,
Cold Start: false
Unique ID: 7b265504-e469-4abe-9e99-eb1e0757a404,
Billed Duration for Request 7b265504-e469-4abe-9e99-eb1e0757a404: 2122 ms
Input: 5750000,
Cold Start: false
Unique ID: 2dcabde1-0dbf-4b56-8f31-572af4118368,
Billed Duration for Request 2dcabde1-0dbf-4b56-8f31-572af4118368: 2137 ms
Input: 5750000,
Cold Start: false
Unique ID: 32c5b173-0944-493c-b2a1-f514f313e4e4,
Billed Duration for Request 32c5b173-0944-493c-b2a1-f514f313e4e4: 2106 ms
Input: 5750000,
Cold Start: false
Unique ID: 11fef8d6-c4e7-4d30-92b5-e65e9e7e20e2,
Billed Duration for Request 11fef8d6-c4e7-4d30-92b5-e65e9e7e20e2: 2101 ms
Input: 5750000,
Cold Start: false
Unique ID: 8aae66d7-8b41-4367-85ad-cc5b7e9b4f02,
Billed Duration for Request 8aae66d7-8b41-4367-85ad-cc5b7e9b4f02: 2083 ms
Input: 5750000,
Cold Start: false
Unique ID: edb831b3-e87b-46e2-933e-f082968c736f,
Billed Duration for Request edb831b3-e87b-46e2-933e-f082968c736f: 1926 ms
Input: 5750000,
Cold Start: false
Unique ID: 1b3e04bc-a7cb-41d1-896a-e0e6156f5c18,
Billed Duration for Request 1b3e04bc-a7cb-41d1-896a-e0e6156f5c18: 2097 ms
Input: 5750000,
Cold Start: false
Unique ID: 5678e170-0f59-4f3a-bd7b-6580bacaed2f,
Billed Duration for Request 5678e170-0f59-4f3a-bd7b-6580bacaed2f: 2110 ms
Input: 5750000,
Cold Start: false
Unique ID: 37a78217-0a89-4eb4-a884-532f2eac99b3,
Billed Duration for Request 37a78217-0a89-4eb4-a884-532f2eac99b3: 2118 ms
Input: 5750000,
Cold Start: false
Unique ID: 2b995886-4194-4394-aa3c-8bd10f8d48e1,
Billed Duration for Request 2b995886-4194-4394-aa3c-8bd10f8d48e1: 2123 ms
Input: 5750000,
Cold Start: false
Unique ID: f8d74248-40f2-4064-8af0-205b394ba093,
Billed Duration for Request f8d74248-40f2-4064-8af0-205b394ba093: 2069 ms
Input: 5750000,
Cold Start: false
Unique ID: e1ef1d55-3bde-4eef-9deb-5abc4956507e,
Billed Duration for Request e1ef1d55-3bde-4eef-9deb-5abc4956507e: 2111 ms
Input: 5750000,
Cold Start: false
Unique ID: 97ff1a3d-4b3b-4f6a-a253-9eb109c4d83c,
Billed Duration for Request 97ff1a3d-4b3b-4f6a-a253-9eb109c4d83c: 2091 ms
Input: 5750000,
Cold Start: false
Unique ID: 69d4217c-0f92-44a5-8c76-c18cdfa24a42,
Billed Duration for Request 69d4217c-0f92-44a5-8c76-c18cdfa24a42: 2119 ms
Input: 5750000,
Cold Start: false
Unique ID: bcb4b6b2-c61f-4924-9803-4856146743e0,
Billed Duration for Request bcb4b6b2-c61f-4924-9803-4856146743e0: 2069 ms
Input: 5750000,
Cold Start: false
Unique ID: 341cd971-af23-41d5-8e2b-84f5cfa2b6d6,
Billed Duration for Request 341cd971-af23-41d5-8e2b-84f5cfa2b6d6: 1928 ms
Input: 5750000,
Cold Start: false
Unique ID: a81a1741-0e18-4d88-aa64-aebd55e2abea,
Billed Duration for Request a81a1741-0e18-4d88-aa64-aebd55e2abea: 2093 ms
Input: 5750000,
Cold Start: false
Unique ID: 99bb7696-4638-4322-b4ad-25e412ba615f,
Billed Duration for Request 99bb7696-4638-4322-b4ad-25e412ba615f: 2126 ms
Input: 5750000,
Cold Start: false
Unique ID: ebb9c58d-c927-4a90-948e-e711f5891e0f,
Billed Duration for Request ebb9c58d-c927-4a90-948e-e711f5891e0f: 2100 ms
Input: 5750000,
Cold Start: false
Unique ID: 5e999061-ce67-47ac-8a64-f1b54e5dd248,
Billed Duration for Request 5e999061-ce67-47ac-8a64-f1b54e5dd248: 2085 ms
Input: 5750000,
Cold Start: false
Unique ID: f586f661-65cd-488e-ace6-295d7719dabd,
Billed Duration for Request f586f661-65cd-488e-ace6-295d7719dabd: 2067 ms
Input: 5750000,
Cold Start: false
Unique ID: eafd8216-0c2b-4ff5-b00f-9ccd4b5d995a,
Billed Duration for Request eafd8216-0c2b-4ff5-b00f-9ccd4b5d995a: 2137 ms
Input: 5750000,
Cold Start: false
Unique ID: 440f4457-5c04-4e57-a632-b7911e6319ff,
Billed Duration for Request 440f4457-5c04-4e57-a632-b7911e6319ff: 2090 ms
Input: 5750000,
Cold Start: false
Unique ID: 37304133-83c0-40fa-ab70-cc8156bf46d2,
Billed Duration for Request 37304133-83c0-40fa-ab70-cc8156bf46d2: 2081 ms
Input: 5750000,
Cold Start: false
Unique ID: 46b73c93-4fee-4f7d-86fb-a6185754418a,
Billed Duration for Request 46b73c93-4fee-4f7d-86fb-a6185754418a: 1928 ms
Input: 5750000,
Cold Start: false
Unique ID: 677e52cb-89d8-4a89-beaf-716d94c08e8c,
Billed Duration for Request 677e52cb-89d8-4a89-beaf-716d94c08e8c: 2083 ms
Input: 5750000,
Cold Start: false
Unique ID: 786690f1-9fb1-4e5b-b88e-be59e48ceced,
Billed Duration for Request 786690f1-9fb1-4e5b-b88e-be59e48ceced: 2078 ms
Input: 5750000,
Cold Start: false
Unique ID: eb8e6bd2-9e91-4ab7-a523-b6b8c43d5240,
Billed Duration for Request eb8e6bd2-9e91-4ab7-a523-b6b8c43d5240: 2131 ms
Input: 5750000,
Cold Start: false
Unique ID: b3e71668-fe6c-4992-80b3-660d29b224e8,
Billed Duration for Request b3e71668-fe6c-4992-80b3-660d29b224e8: 2138 ms
Input: 5750000,
Cold Start: false
Unique ID: 4e9ff5cc-d330-4aa2-a44d-cf4c58b99a9b,
Billed Duration for Request 4e9ff5cc-d330-4aa2-a44d-cf4c58b99a9b: 2106 ms
Input: 5750000,
Cold Start: false
Unique ID: e2a31883-f296-4727-bdf3-02f4f429921b,
Billed Duration for Request e2a31883-f296-4727-bdf3-02f4f429921b: 2094 ms
Input: 5750000,
Cold Start: false
Unique ID: 55b85bcc-70e2-48b9-9e0f-2c5e46cc6284,
Billed Duration for Request 55b85bcc-70e2-48b9-9e0f-2c5e46cc6284: 2129 ms
Input: 5750000,
Cold Start: false
Unique ID: 5d8e2e98-8e28-4bfe-bdf2-4ec57fee85fc,
Billed Duration for Request 5d8e2e98-8e28-4bfe-bdf2-4ec57fee85fc: 1873 ms
Input: 5750000,
Cold Start: false
Unique ID: 3cadbcea-1c15-483a-9cfe-aaf0ff45b941,
Billed Duration for Request 3cadbcea-1c15-483a-9cfe-aaf0ff45b941: 2112 ms
Input: 5750000,
Cold Start: false
Unique ID: f8d6a0e2-f172-4b52-899d-77d84f2232d7,
Billed Duration for Request f8d6a0e2-f172-4b52-899d-77d84f2232d7: 2108 ms
Input: 5750000,
Cold Start: false
Unique ID: 39f47b5b-dc16-4154-aab2-72c78fa37a84,
Billed Duration for Request 39f47b5b-dc16-4154-aab2-72c78fa37a84: 2085 ms
Input: 5750000,
Cold Start: false
Unique ID: 5b795b1d-f2d6-492e-a61b-7a61d3ced668,
Billed Duration for Request 5b795b1d-f2d6-492e-a61b-7a61d3ced668: 2061 ms
Input: 5750000,
Cold Start: false
Unique ID: 5c6091eb-1969-4527-8107-23b1532e0f80,
Billed Duration for Request 5c6091eb-1969-4527-8107-23b1532e0f80: 2124 ms
Input: 5750000,
Cold Start: false
Unique ID: 70d51049-7cc9-4531-9820-e70631ade4ee,
Billed Duration for Request 70d51049-7cc9-4531-9820-e70631ade4ee: 2084 ms
Input: 5750000,
Cold Start: false
Unique ID: faf11136-f248-4ea3-9e77-0acd8334f105,
Billed Duration for Request faf11136-f248-4ea3-9e77-0acd8334f105: 2102 ms
Input: 5750000,
Cold Start: false
Unique ID: 9a76e82f-a06f-45ac-bf58-cf86a40efa50,
Billed Duration for Request 9a76e82f-a06f-45ac-bf58-cf86a40efa50: 2086 ms
Input: 5750000,
Cold Start: false
Unique ID: 5eb0ab34-dd4c-4290-ba9e-c2decf5921dc,
Billed Duration for Request 5eb0ab34-dd4c-4290-ba9e-c2decf5921dc: 2137 ms
Input: 5750000,
Cold Start: false
Unique ID: f85244e7-64f8-4688-a545-a8c7819b172a,
Billed Duration for Request f85244e7-64f8-4688-a545-a8c7819b172a: 2111 ms
Input: 5750000,
Cold Start: false
Unique ID: 927290fe-b804-4bbe-8b08-3158e5eb74eb,
Billed Duration for Request 927290fe-b804-4bbe-8b08-3158e5eb74eb: 1929 ms
Input: 5750000,
Cold Start: false
Unique ID: 2d98c03b-4d36-4eae-84a3-276f93bf4083,
Billed Duration for Request 2d98c03b-4d36-4eae-84a3-276f93bf4083: 2096 ms
Input: 5750000,
Cold Start: false
Unique ID: 9d54e1ad-aa5b-4d78-be57-cd6d8e581407,
Billed Duration for Request 9d54e1ad-aa5b-4d78-be57-cd6d8e581407: 2065 ms
Input: 5750000,
Cold Start: false
