Unique ID: c25d0257830f81b501caf599321d127e,
Execution Time for Trace ID c25d0257830f81b501caf599321d127e: 403 ms
Input: 5500000,
Cold Start: false
Unique ID: d8cce15d205d238b2731a034fbbeab2c,
Execution Time for Trace ID d8cce15d205d238b2731a034fbbeab2c: 408 ms
Input: 5500000,
Cold Start: false
Unique ID: 095aad9a277cabf54effc7416bd42334,
Execution Time for Trace ID 095aad9a277cabf54effc7416bd42334: 488 ms
Input: 5500000,
Cold Start: false
Unique ID: 9ec7ce8ffae94e201cfb26ca02ad2bec,
Execution Time for Trace ID 9ec7ce8ffae94e201cfb26ca02ad2bec: 415 ms
Input: 5500000,
Cold Start: false
Unique ID: b2764c0746f6710bbe6b31b27fd3a3e2,
Execution Time for Trace ID b2764c0746f6710bbe6b31b27fd3a3e2: 416 ms
Input: 5500000,
Cold Start: false
Unique ID: 15d590ff623c6ed8253bd71d29dbf7e3,
Execution Time for Trace ID 15d590ff623c6ed8253bd71d29dbf7e3: 398 ms
Input: 5500000,
Cold Start: false
Unique ID: 3f6a80472d8e9fa7dd5b0a1f32c246ba,
Execution Time for Trace ID 3f6a80472d8e9fa7dd5b0a1f32c246ba: 359 ms
Input: 5500000,
Cold Start: false
Unique ID: e32d990a33d979f1627cd5e2cdcb2eed,
Execution Time for Trace ID e32d990a33d979f1627cd5e2cdcb2eed: 461 ms
Input: 5500000,
Cold Start: false
Unique ID: 431d629ffb0036e7c406a9528766c942,
Execution Time for Trace ID 431d629ffb0036e7c406a9528766c942: 356 ms
Input: 5500000,
Cold Start: false
Unique ID: e962ebf4b94b18c7a18394f2113be1c2,
Execution Time for Trace ID e962ebf4b94b18c7a18394f2113be1c2: 402 ms
Input: 5500000,
Cold Start: false
Unique ID: 429b0e3de63361b4755f0d5e47816821,
Execution Time for Trace ID 429b0e3de63361b4755f0d5e47816821: 380 ms
Input: 5500000,
Cold Start: false
Unique ID: c9f15f27d3b62c4af722b54fc81a2ccf,
Execution Time for Trace ID c9f15f27d3b62c4af722b54fc81a2ccf: 509 ms
Input: 5500000,
Cold Start: false
Unique ID: c8165919d4048f5c9031ef46e1895557,
Execution Time for Trace ID c8165919d4048f5c9031ef46e1895557: 385 ms
Input: 5500000,
Cold Start: false
Unique ID: ade0b1adf7a778f221a3aeab68f2b461,
Execution Time for Trace ID ade0b1adf7a778f221a3aeab68f2b461: 398 ms
Input: 5500000,
Cold Start: false
Unique ID: 9f4f286fd58b6025a2713f0b409c5225,
Execution Time for Trace ID 9f4f286fd58b6025a2713f0b409c5225: 362 ms
Input: 5500000,
Cold Start: false
Unique ID: 9223917303d777ead7b83cd7cedd28dd,
Execution Time for Trace ID 9223917303d777ead7b83cd7cedd28dd: 355 ms
Input: 5500000,
Cold Start: false
Unique ID: 1f1360c5c33076a0487a80beed08e3bf,
Execution Time for Trace ID 1f1360c5c33076a0487a80beed08e3bf: 352 ms
Input: 5500000,
Cold Start: false
Unique ID: 78bfbda05a82b2cf320afcb940869703,
Execution Time for Trace ID 78bfbda05a82b2cf320afcb940869703: 402 ms
Input: 5500000,
Cold Start: false
Unique ID: dd001d901c0a9c75487a80beed08ea7f,
Execution Time for Trace ID dd001d901c0a9c75487a80beed08ea7f: 371 ms
Input: 5500000,
Cold Start: false
Unique ID: 4ca231822fb1c1122e4bb9fb3cb47ab2,
Execution Time for Trace ID 4ca231822fb1c1122e4bb9fb3cb47ab2: 352 ms
Input: 5500000,
Cold Start: false
Unique ID: 1f80c54dc408864bd3c6aedfbadb62b1,
Execution Time for Trace ID 1f80c54dc408864bd3c6aedfbadb62b1: 357 ms
Input: 5500000,
Cold Start: false
Unique ID: c42cef53ff687f327e6024692b5bbf83,
Execution Time for Trace ID c42cef53ff687f327e6024692b5bbf83: 398 ms
Input: 5500000,
Cold Start: false
Unique ID: b972795da4aa73811c98d04f5cead1e6,
Execution Time for Trace ID b972795da4aa73811c98d04f5cead1e6: 615 ms
Input: 5500000,
Cold Start: false
Unique ID: 591483ed3286cf3eb18ac15874556f96,
Execution Time for Trace ID 591483ed3286cf3eb18ac15874556f96: 598 ms
Input: 5500000,
Cold Start: false
Unique ID: 31fdc875077d9c8d73101eecaa50de3b,
Execution Time for Trace ID 31fdc875077d9c8d73101eecaa50de3b: 355 ms
Input: 5500000,
Cold Start: false
Unique ID: fef4124b676c51f888a0065310926ca0,
Execution Time for Trace ID fef4124b676c51f888a0065310926ca0: 400 ms
Input: 5500000,
Cold Start: false
Unique ID: 978ab6dd9281d3d2e68330d135b0ac16,
Execution Time for Trace ID 978ab6dd9281d3d2e68330d135b0ac16: 487 ms
Input: 5500000,
Cold Start: false
Unique ID: ffd600ea9b0716e5c3bea79b405318a2,
Execution Time for Trace ID ffd600ea9b0716e5c3bea79b405318a2: 455 ms
Input: 5500000,
Cold Start: false
Unique ID: 07373be2f932cf389ba4762490abe236,
Execution Time for Trace ID 07373be2f932cf389ba4762490abe236: 349 ms
Input: 5500000,
Cold Start: false
Unique ID: 265edece619ea51fa7d7887c20cf4b2a,
Execution Time for Trace ID 265edece619ea51fa7d7887c20cf4b2a: 400 ms
Input: 5500000,
Cold Start: false
Unique ID: 4a17239516e99851fa9cac1d92a5487e,
Execution Time for Trace ID 4a17239516e99851fa9cac1d92a5487e: 500 ms
Input: 5500000,
Cold Start: false
Unique ID: edadc24486a7426a43b48a1c8c3e7837,
Execution Time for Trace ID edadc24486a7426a43b48a1c8c3e7837: 455 ms
Input: 5500000,
Cold Start: false
Unique ID: 821c6ddf7e0bc96bd5c2a0ebb9b4dcdf,
Execution Time for Trace ID 821c6ddf7e0bc96bd5c2a0ebb9b4dcdf: 355 ms
Input: 5500000,
Cold Start: false
Unique ID: bcbb9d6677907cb0455de4faa5a32db7,
Execution Time for Trace ID bcbb9d6677907cb0455de4faa5a32db7: 398 ms
Input: 5500000,
Cold Start: false
Unique ID: e732903fb924459a6fe92b3cd6df8378,
Execution Time for Trace ID e732903fb924459a6fe92b3cd6df8378: 456 ms
Input: 5500000,
Cold Start: false
Unique ID: f5fa4541a89976c3525e0fcd477325fe,
Execution Time for Trace ID f5fa4541a89976c3525e0fcd477325fe: 516 ms
Input: 5500000,
Cold Start: false
Unique ID: 35457b11e4fd582b4201d0bfa96e9a19,
Execution Time for Trace ID 35457b11e4fd582b4201d0bfa96e9a19: 354 ms
Input: 5500000,
Cold Start: false
Unique ID: 2f2f472355648d1f6cc4ca976246ee91,
Execution Time for Trace ID 2f2f472355648d1f6cc4ca976246ee91: 400 ms
Input: 5500000,
Cold Start: false
Unique ID: cb63895f1bb6d3e736b0ca493eb06a8d,
Execution Time for Trace ID cb63895f1bb6d3e736b0ca493eb06a8d: 491 ms
Input: 5500000,
Cold Start: false
Unique ID: 2576a6650bc121f512050a22f49b23d3,
Execution Time for Trace ID 2576a6650bc121f512050a22f49b23d3: 449 ms
Input: 5500000,
Cold Start: false
Unique ID: 18b35feec70b49c3ca2d12ec961eba10,
Execution Time for Trace ID 18b35feec70b49c3ca2d12ec961eba10: 357 ms
Input: 5500000,
Cold Start: false
Unique ID: ae15d4b69f2c931ece5567e28894185b,
Execution Time for Trace ID ae15d4b69f2c931ece5567e28894185b: 395 ms
Input: 5500000,
Cold Start: false
Unique ID: 9557110beb5df0a866849cefefe07748,
Execution Time for Trace ID 9557110beb5df0a866849cefefe07748: 351 ms
Input: 5500000,
Cold Start: false
Unique ID: c177dc3cba75e2e09195fb894ac51268,
Execution Time for Trace ID c177dc3cba75e2e09195fb894ac51268: 423 ms
Input: 5500000,
Cold Start: false
Unique ID: c11281fc0f181ddd278c306d0b3600d1,
Execution Time for Trace ID c11281fc0f181ddd278c306d0b3600d1: 349 ms
Input: 5500000,
Cold Start: false
Unique ID: 071dacb3a256c4e91f24eafc3bc721d2,
Execution Time for Trace ID 071dacb3a256c4e91f24eafc3bc721d2: 399 ms
Input: 5500000,
Cold Start: false
Unique ID: be1cbb13a44bd839aa7782000b826c38,
Execution Time for Trace ID be1cbb13a44bd839aa7782000b826c38: 359 ms
Input: 5500000,
Cold Start: false
Unique ID: cc575be3a6c9abba910352b155668891,
Execution Time for Trace ID cc575be3a6c9abba910352b155668891: 425 ms
Input: 5500000,
Cold Start: false
Unique ID: e109f570a551a278b9cae2a8d06f8fe9,
Execution Time for Trace ID e109f570a551a278b9cae2a8d06f8fe9: 190 ms
Input: 5500000,
Cold Start: false
Unique ID: 9b4076533a4f5a21faf5a2a8843bccfd,
Execution Time for Trace ID 9b4076533a4f5a21faf5a2a8843bccfd: 355 ms
Input: 5500000,
Cold Start: false
Unique ID: c80275de397434fa7abc6906b1f30402,
Execution Time for Trace ID c80275de397434fa7abc6906b1f30402: 388 ms
Input: 5500000,
Cold Start: false
Unique ID: b5964aec41f685bbcc0fbf453246ecb6,
Execution Time for Trace ID b5964aec41f685bbcc0fbf453246ecb6: 365 ms
Input: 5500000,
Cold Start: false
Unique ID: 7da0241c768fba698871a6600f992d4e,
Execution Time for Trace ID 7da0241c768fba698871a6600f992d4e: 360 ms
Input: 5500000,
Cold Start: false
Unique ID: fbd53d1aa3721dbd4f1157e0963a598c,
Execution Time for Trace ID fbd53d1aa3721dbd4f1157e0963a598c: 396 ms
Input: 5500000,
Cold Start: false
Unique ID: 5f4620535467562c11a36056c6820673,
Execution Time for Trace ID 5f4620535467562c11a36056c6820673: 358 ms
Input: 5500000,
Cold Start: false
Unique ID: 4a29e757d8745bfc32385e4f50ce7d4a,
Execution Time for Trace ID 4a29e757d8745bfc32385e4f50ce7d4a: 352 ms
Input: 5500000,
Cold Start: false
Unique ID: 9c2a7abe7587d1b5b60bb23cba4f682b,
Execution Time for Trace ID 9c2a7abe7587d1b5b60bb23cba4f682b: 354 ms
Input: 5500000,
Cold Start: false
Unique ID: 04a682b9df22fc7f208eda8206c573be,
Execution Time for Trace ID 04a682b9df22fc7f208eda8206c573be: 406 ms
Input: 5500000,
Cold Start: false
Unique ID: 3765179dcd81b78b9113d9c170ec5796,
Execution Time for Trace ID 3765179dcd81b78b9113d9c170ec5796: 405 ms
Input: 5500000,
Cold Start: false
Unique ID: 3faa419faf5ef0bc3f92382452f330b3,
Execution Time for Trace ID 3faa419faf5ef0bc3f92382452f330b3: 379 ms
Input: 5500000,
Cold Start: false
Unique ID: 49c3ae0676dc22c14f34a90aa6f88f01,
Execution Time for Trace ID 49c3ae0676dc22c14f34a90aa6f88f01: 355 ms
Input: 5500000,
Cold Start: false
Unique ID: 759089258365271120535b58e855698f,
Execution Time for Trace ID 759089258365271120535b58e855698f: 394 ms
Input: 5500000,
Cold Start: false
Unique ID: 22d833fe303425c6de97fd2af0990622,
Execution Time for Trace ID 22d833fe303425c6de97fd2af0990622: 358 ms
Input: 5500000,
Cold Start: false
Unique ID: 0da0eb753e5b82fcebbd50633e1f2d27,
Execution Time for Trace ID 0da0eb753e5b82fcebbd50633e1f2d27: 468 ms
Input: 5500000,
Cold Start: false
Unique ID: 285f85ea25bd9ae67b82b83a4cb82dc3,
Execution Time for Trace ID 285f85ea25bd9ae67b82b83a4cb82dc3: 344 ms
Input: 5500000,
Cold Start: false
Unique ID: 0a926b3a0828f12b59cff75cbb0c4388,
Execution Time for Trace ID 0a926b3a0828f12b59cff75cbb0c4388: 394 ms
Input: 5500000,
Cold Start: false
Unique ID: 9973699003c1c084d72d51c9adaf9f0a,
Execution Time for Trace ID 9973699003c1c084d72d51c9adaf9f0a: 354 ms
Input: 5500000,
Cold Start: false
Unique ID: 27181696388fd88ec6ee9f56440f2c96,
Execution Time for Trace ID 27181696388fd88ec6ee9f56440f2c96: 429 ms
Input: 5500000,
Cold Start: false
Unique ID: d4c0f010ff47efb0de516c9e721229dc,
Execution Time for Trace ID d4c0f010ff47efb0de516c9e721229dc: 358 ms
Input: 5500000,
Cold Start: false
Unique ID: c490929e1a37f24eccdd5352d7b287d3,
Execution Time for Trace ID c490929e1a37f24eccdd5352d7b287d3: 395 ms
Input: 5500000,
Cold Start: false
Unique ID: 13509105d8e3aeabd139035a3532ff43,
Execution Time for Trace ID 13509105d8e3aeabd139035a3532ff43: 356 ms
Input: 5500000,
Cold Start: false
Unique ID: de58fd3067ff8dab460ab15bac63fab3,
Execution Time for Trace ID de58fd3067ff8dab460ab15bac63fab3: 354 ms
Input: 5500000,
Cold Start: false
Unique ID: 9c92d53eab32ffb94790389df94e9f60,
Execution Time for Trace ID 9c92d53eab32ffb94790389df94e9f60: 352 ms
Input: 5500000,
Cold Start: false
Unique ID: a5306665a3e9f295ea4c56ca367f35b2,
Execution Time for Trace ID a5306665a3e9f295ea4c56ca367f35b2: 400 ms
Input: 5500000,
Cold Start: false
Unique ID: f681e74f415920113438c07d73c99b48,
Execution Time for Trace ID f681e74f415920113438c07d73c99b48: 405 ms
Input: 5500000,
Cold Start: false
Unique ID: ee5217e9b46c63d7da48622de7da2602,
Execution Time for Trace ID ee5217e9b46c63d7da48622de7da2602: 508 ms
Input: 5500000,
Cold Start: false
Unique ID: 16dd845f90a122f8230850ac93325a95,
Execution Time for Trace ID 16dd845f90a122f8230850ac93325a95: 412 ms
Input: 5500000,
Cold Start: false
Unique ID: 6d739abc969946251ecf0d8432bba6ff,
Execution Time for Trace ID 6d739abc969946251ecf0d8432bba6ff: 359 ms
Input: 5500000,
Cold Start: false
Unique ID: ab402ff705b15b7ced6638d921408c54,
Execution Time for Trace ID ab402ff705b15b7ced6638d921408c54: 352 ms
Input: 5500000,
Cold Start: false
Unique ID: a22628df73ac7c3e67c6f9aa1b479cee,
Execution Time for Trace ID a22628df73ac7c3e67c6f9aa1b479cee: 495 ms
Input: 5500000,
Cold Start: false
Unique ID: 10e49a2ec15bf942e3e5a1968722e6de,
Execution Time for Trace ID 10e49a2ec15bf942e3e5a1968722e6de: 405 ms
Input: 5500000,
Cold Start: false
Unique ID: bf3f382527201eef0e5d40996a62c6f0,
Execution Time for Trace ID bf3f382527201eef0e5d40996a62c6f0: 353 ms
Input: 5500000,
Cold Start: false
Unique ID: 3d4f96c23ad95c3f3b84a5a5af21da13,
Execution Time for Trace ID 3d4f96c23ad95c3f3b84a5a5af21da13: 404 ms
Input: 5500000,
Cold Start: false
Unique ID: 0101bf822a0c0e3a36f6cb7fbb5ab562,
Execution Time for Trace ID 0101bf822a0c0e3a36f6cb7fbb5ab562: 401 ms
Input: 5500000,
Cold Start: false
Unique ID: bcf737ea129a0a1ed685fa812884322d,
Execution Time for Trace ID bcf737ea129a0a1ed685fa812884322d: 344 ms
Input: 5500000,
Cold Start: false
Unique ID: df29738d83026e50e6d259c470e610e7,
Execution Time for Trace ID df29738d83026e50e6d259c470e610e7: 406 ms
Input: 5500000,
Cold Start: false
Unique ID: 2b0f1faae38aaaae9cf1484a82e60ce1,
Execution Time for Trace ID 2b0f1faae38aaaae9cf1484a82e60ce1: 365 ms
Input: 5500000,
Cold Start: false
Unique ID: 34bea6548234deb80f720f25a3126a75,
Execution Time for Trace ID 34bea6548234deb80f720f25a3126a75: 554 ms
Input: 5500000,
Cold Start: false
Unique ID: 71d6d0d40064ce368d342507ad6c94e3,
Execution Time for Trace ID 71d6d0d40064ce368d342507ad6c94e3: 348 ms
Input: 5500000,
Cold Start: false
Unique ID: 7cc3e1a36a0c95ac1a4ad090512b8d3e,
Execution Time for Trace ID 7cc3e1a36a0c95ac1a4ad090512b8d3e: 400 ms
Input: 5500000,
Cold Start: false
Unique ID: 17a1ceb1146c46c4df6b8bef664d58d8,
Execution Time for Trace ID 17a1ceb1146c46c4df6b8bef664d58d8: 404 ms
Input: 5500000,
Cold Start: false
Unique ID: c2bcc2484bc281c559a898050cb33b8b,
Execution Time for Trace ID c2bcc2484bc281c559a898050cb33b8b: 440 ms
Input: 5500000,
Cold Start: false
Unique ID: 74d6e6e1d3bd32fb7bcd4ddaf91fbc82,
Execution Time for Trace ID 74d6e6e1d3bd32fb7bcd4ddaf91fbc82: 358 ms
Input: 5500000,
Cold Start: false
Unique ID: 19705422455968e928fd0700b4deb8fa,
Execution Time for Trace ID 19705422455968e928fd0700b4deb8fa: 396 ms
Input: 5500000,
Cold Start: false
Unique ID: 2bbd499d84a870ba6e941f1b09bc5c7d,
Execution Time for Trace ID 2bbd499d84a870ba6e941f1b09bc5c7d: 363 ms
Input: 5500000,
Cold Start: false
Unique ID: c80de6ffb5bf80d3459aff210bff157e,
Execution Time for Trace ID c80de6ffb5bf80d3459aff210bff157e: 414 ms
Input: 5500000,
Cold Start: false
Unique ID: 4ccf99ced0954c4376a96921f7d5510d,
Execution Time for Trace ID 4ccf99ced0954c4376a96921f7d5510d: 347 ms
Input: 5500000,
Cold Start: false
Unique ID: 95bf2a21ff70e94b04d87c715c50f58c,
Execution Time for Trace ID 95bf2a21ff70e94b04d87c715c50f58c: 394 ms
Input: 5500000,
Cold Start: false
Unique ID: 31d7dbe0a917a164edbc8eb9825ef9a4,
Execution Time for Trace ID 31d7dbe0a917a164edbc8eb9825ef9a4: 354 ms
Input: 5500000,
Cold Start: false
Unique ID: 3d54a74b090359330d41fa1f530f0da4,
Execution Time for Trace ID 3d54a74b090359330d41fa1f530f0da4: 407 ms
Input: 5500000,
Cold Start: false
Unique ID: c15106f5bb915ba2d7bc9d59ae19059f,
Execution Time for Trace ID c15106f5bb915ba2d7bc9d59ae19059f: 385 ms
Input: 5500000,
Cold Start: false
Unique ID: fa5aeee097634cfe839e3fe1ac08698b,
Execution Time for Trace ID fa5aeee097634cfe839e3fe1ac08698b: 443 ms
Input: 5500000,
Cold Start: false
Unique ID: ecf42b900dd2e695d65a25b3db609b68,
Execution Time for Trace ID ecf42b900dd2e695d65a25b3db609b68: 399 ms
Input: 5500000,
Cold Start: false
Unique ID: 703c59de78490c3c936c32ffc1f05e85,
Execution Time for Trace ID 703c59de78490c3c936c32ffc1f05e85: 419 ms
Input: 5500000,
Cold Start: false
Unique ID: 1a8ba4d8b1aa7b3a36b7f53ba27f3170,
Execution Time for Trace ID 1a8ba4d8b1aa7b3a36b7f53ba27f3170: 373 ms
Input: 5500000,
Cold Start: false
Unique ID: 8d56c53d4080b306e1ce84e5d3f0ad16,
Execution Time for Trace ID 8d56c53d4080b306e1ce84e5d3f0ad16: 371 ms
Input: 5500000,
Cold Start: false
Unique ID: 1e06b8d3575cc918bbc21282097e2ad3,
Execution Time for Trace ID 1e06b8d3575cc918bbc21282097e2ad3: 349 ms
Input: 5500000,
Cold Start: false
Unique ID: 9bd204d493fcdac0ac4b2508259e2be1,
Execution Time for Trace ID 9bd204d493fcdac0ac4b2508259e2be1: 454 ms
Input: 5500000,
Cold Start: false
Unique ID: a4be2ce1dfd314c0cee6feb715d4f236,
Execution Time for Trace ID a4be2ce1dfd314c0cee6feb715d4f236: 351 ms
Input: 5500000,
Cold Start: false
Unique ID: 86a1e1993c0eb54bea6a18c43b0e2b66,
Execution Time for Trace ID 86a1e1993c0eb54bea6a18c43b0e2b66: 411 ms
Input: 5500000,
Cold Start: false
Unique ID: c23ba8a0cc65de7e5214ab14a6da0e4b,
Execution Time for Trace ID c23ba8a0cc65de7e5214ab14a6da0e4b: 354 ms
Input: 5500000,
Cold Start: false
Unique ID: d9c9512540c2c2e62af535170b8a524e,
Execution Time for Trace ID d9c9512540c2c2e62af535170b8a524e: 417 ms
Input: 5500000,
Cold Start: false
Unique ID: 191f3ec56fc211532130a465876a0ae0,
Execution Time for Trace ID 191f3ec56fc211532130a465876a0ae0: 406 ms
Input: 5500000,
Cold Start: false
Unique ID: cbd8871e8d3f0998264d609f60026fac,
Execution Time for Trace ID cbd8871e8d3f0998264d609f60026fac: 374 ms
Input: 5500000,
Cold Start: false
Unique ID: 3f7e15e7c0415014a73774a962a7341e,
Execution Time for Trace ID 3f7e15e7c0415014a73774a962a7341e: 424 ms
Input: 5500000,
Cold Start: false
Unique ID: b619b7454cd14059e21872b3b7183680,
Execution Time for Trace ID b619b7454cd14059e21872b3b7183680: 508 ms
Input: 5500000,
Cold Start: false
Unique ID: 460a7e0f2ade77956cc6084a0440189a,
Execution Time for Trace ID 460a7e0f2ade77956cc6084a0440189a: 348 ms
Input: 5500000,
Cold Start: false
Unique ID: 07f8d3bdaedbb21ef5fffa9f6d4dd16b,
Execution Time for Trace ID 07f8d3bdaedbb21ef5fffa9f6d4dd16b: 429 ms
Input: 5500000,
Cold Start: false
Unique ID: 4d2789d8253187c712224da7f356d936,
Execution Time for Trace ID 4d2789d8253187c712224da7f356d936: 538 ms
Input: 5500000,
Cold Start: false
Unique ID: 6e03a0ca9cf1c2fc84e93946a5466dfe,
Execution Time for Trace ID 6e03a0ca9cf1c2fc84e93946a5466dfe: 580 ms
Input: 5500000,
Cold Start: false
Unique ID: 77f419ce445d4d51fe61816d53563691,
Execution Time for Trace ID 77f419ce445d4d51fe61816d53563691: 404 ms
Input: 5500000,
Cold Start: false
Unique ID: 256cf945a4dbbf593352d75a7af056d2,
Execution Time for Trace ID 256cf945a4dbbf593352d75a7af056d2: 371 ms
Input: 5500000,
Cold Start: false
Unique ID: d674d46e3278d3a0a3b996c3a90c63e9,
Execution Time for Trace ID d674d46e3278d3a0a3b996c3a90c63e9: 389 ms
Input: 5500000,
Cold Start: false
Unique ID: 3724172f3dd5f585bb6b2c768b8df50d,
Execution Time for Trace ID 3724172f3dd5f585bb6b2c768b8df50d: 416 ms
Input: 5500000,
Cold Start: false
Unique ID: fcfe8a95fc271699cbf4e347175c0622,
Execution Time for Trace ID fcfe8a95fc271699cbf4e347175c0622: 354 ms
Input: 5500000,
Cold Start: false
Unique ID: d344d6e3b633b547346c31ea2e7f51a5,
Execution Time for Trace ID d344d6e3b633b547346c31ea2e7f51a5: 424 ms
Input: 5500000,
Cold Start: false
Unique ID: a015a6e4174eb4b98b06ffe2de879a03,
Execution Time for Trace ID a015a6e4174eb4b98b06ffe2de879a03: 412 ms
Input: 5500000,
Cold Start: false
Unique ID: 9c9a0d3e7ea8cbebe0aff7261b8fe988,
Execution Time for Trace ID 9c9a0d3e7ea8cbebe0aff7261b8fe988: 408 ms
Input: 5500000,
Cold Start: false
Unique ID: 6c0aa428df63d651a7077bc83f26ea94,
Execution Time for Trace ID 6c0aa428df63d651a7077bc83f26ea94: 368 ms
Input: 5500000,
Cold Start: false
Unique ID: 08928c523ae2fa0cdeedaef07e459ae0,
Execution Time for Trace ID 08928c523ae2fa0cdeedaef07e459ae0: 409 ms
Input: 5500000,
Cold Start: false
Unique ID: 6035c4f6247b62acac427794dbfa761c,
Execution Time for Trace ID 6035c4f6247b62acac427794dbfa761c: 386 ms
Input: 5500000,
Cold Start: false
Unique ID: de536715d78806bab5275a632c281bfe,
Execution Time for Trace ID de536715d78806bab5275a632c281bfe: 353 ms
Input: 5500000,
Cold Start: false
Unique ID: fa2c04de07233c8a01b5f0f6104475a4,
Execution Time for Trace ID fa2c04de07233c8a01b5f0f6104475a4: 355 ms
Input: 5500000,
Cold Start: false
Unique ID: 1b62ac7028c5fcb5579a25344d953bbc,
Execution Time for Trace ID 1b62ac7028c5fcb5579a25344d953bbc: 413 ms
Input: 5500000,
Cold Start: false
Unique ID: 30e0b7770b4aeab5292ed45f78eca1f5,
Execution Time for Trace ID 30e0b7770b4aeab5292ed45f78eca1f5: 353 ms
Input: 5500000,
Cold Start: false
Unique ID: 47bf39cdaf79292788eb905d59db38d9,
Execution Time for Trace ID 47bf39cdaf79292788eb905d59db38d9: 408 ms
Input: 5500000,
Cold Start: false
Unique ID: 227f6df6c2d468dd249ecd69c3e3c629,
Execution Time for Trace ID 227f6df6c2d468dd249ecd69c3e3c629: 418 ms
Input: 5500000,
Cold Start: false
Unique ID: 40676be993e560c65ca0e8ed1465c488,
Execution Time for Trace ID 40676be993e560c65ca0e8ed1465c488: 359 ms
Input: 5500000,
Cold Start: false
Unique ID: 09f12aa831cd0e81037fa4c2be4f5e41,
Execution Time for Trace ID 09f12aa831cd0e81037fa4c2be4f5e41: 399 ms
Input: 5500000,
Cold Start: false
Unique ID: aec8b62a830d82548ef7a0b1914b9744,
Execution Time for Trace ID aec8b62a830d82548ef7a0b1914b9744: 366 ms
Input: 5500000,
Cold Start: false
Unique ID: f3e494d8607c2ab1031326e263898a89,
Execution Time for Trace ID f3e494d8607c2ab1031326e263898a89: 406 ms
Input: 5500000,
Cold Start: false
Unique ID: 23c3e59de2535ee421d2f8f94791d9c4,
Execution Time for Trace ID 23c3e59de2535ee421d2f8f94791d9c4: 374 ms
Input: 5500000,
Cold Start: false
Unique ID: e728e6e9e0564d896ea897f4c851b36d,
Execution Time for Trace ID e728e6e9e0564d896ea897f4c851b36d: 348 ms
Input: 5500000,
Cold Start: false
Unique ID: 5b1b407e2d8e38b22ebbce9cd8e2424a,
Execution Time for Trace ID 5b1b407e2d8e38b22ebbce9cd8e2424a: 355 ms
Input: 5500000,
Cold Start: false
Unique ID: fcb01e6dfdc6d03683448d92b5315d03,
Execution Time for Trace ID fcb01e6dfdc6d03683448d92b5315d03: 355 ms
Input: 5500000,
Cold Start: false
Unique ID: ff4b304c25ef262c211ee54890df542e,
Execution Time for Trace ID ff4b304c25ef262c211ee54890df542e: 408 ms
Input: 5500000,
Cold Start: false
Unique ID: d5d5594a4d7226dbbd41e22731053ab6,
Execution Time for Trace ID d5d5594a4d7226dbbd41e22731053ab6: 349 ms
Input: 5500000,
Cold Start: false
Unique ID: ef1d6bf90cca6054df9323f6d2bcc144,
Execution Time for Trace ID ef1d6bf90cca6054df9323f6d2bcc144: 416 ms
Input: 5500000,
Cold Start: false
Unique ID: 5b84794e24c2b5ea9bf5ec9ab977d9ca,
Execution Time for Trace ID 5b84794e24c2b5ea9bf5ec9ab977d9ca: 406 ms
Input: 5500000,
Cold Start: false
Unique ID: 395eb7d0fdabf647944b38d16ee569f9,
Execution Time for Trace ID 395eb7d0fdabf647944b38d16ee569f9: 359 ms
Input: 5500000,
Cold Start: false
Unique ID: d335996239fc109944c279ba3e12e839,
Execution Time for Trace ID d335996239fc109944c279ba3e12e839: 359 ms
Input: 5500000,
Cold Start: false
Unique ID: 17cae301d5f094c9463e37a6d8829ea9,
Execution Time for Trace ID 17cae301d5f094c9463e37a6d8829ea9: 369 ms
Input: 5500000,
Cold Start: false
Unique ID: b8374823f835af6071be0602cbb7c43b,
Execution Time for Trace ID b8374823f835af6071be0602cbb7c43b: 405 ms
Input: 5500000,
Cold Start: false
Unique ID: b313093c2bfc8b4d553c29301dfe7e3e,
Execution Time for Trace ID b313093c2bfc8b4d553c29301dfe7e3e: 362 ms
Input: 5500000,
Cold Start: false
Unique ID: 1eebca2ec402403010fed94b58a638a8,
Execution Time for Trace ID 1eebca2ec402403010fed94b58a638a8: 362 ms
Input: 5500000,
Cold Start: false
Unique ID: 5cebddcc15d909056634f346695cfd6d,
Execution Time for Trace ID 5cebddcc15d909056634f346695cfd6d: 370 ms
Input: 5500000,
Cold Start: false
Unique ID: c9f685087abf7d755c4fcb7ee9d77255,
Execution Time for Trace ID c9f685087abf7d755c4fcb7ee9d77255: 409 ms
Input: 5500000,
Cold Start: false
Unique ID: d1122e33eab54e321bb9758d1c4811d2,
Execution Time for Trace ID d1122e33eab54e321bb9758d1c4811d2: 367 ms
Input: 5500000,
Cold Start: false
Unique ID: 3949c9e15748a92a1e983f0aa6017d80,
Execution Time for Trace ID 3949c9e15748a92a1e983f0aa6017d80: 415 ms
Input: 5500000,
Cold Start: false
Unique ID: 27548afc861046e53bb5fe7990819e7f,
Execution Time for Trace ID 27548afc861046e53bb5fe7990819e7f: 408 ms
Input: 5500000,
Cold Start: false
Unique ID: 0edf7c26f8d64988106e2ba8fd4f52d5,
Execution Time for Trace ID 0edf7c26f8d64988106e2ba8fd4f52d5: 409 ms
Input: 5500000,
Cold Start: false
Unique ID: 55476d4aff22e4e0dfe840b468234b9b,
Execution Time for Trace ID 55476d4aff22e4e0dfe840b468234b9b: 361 ms
Input: 5500000,
Cold Start: false
Unique ID: 5a5d21ec19a0e37316fa718843e54adb,
Execution Time for Trace ID 5a5d21ec19a0e37316fa718843e54adb: 364 ms
Input: 5500000,
Cold Start: false
Unique ID: c2e1429db9641ae3bae055af0e2c5f55,
Execution Time for Trace ID c2e1429db9641ae3bae055af0e2c5f55: 377 ms
Input: 5500000,
Cold Start: false
Unique ID: df6299f3d0fd5c71c0dced7b2a94acb6,
Execution Time for Trace ID df6299f3d0fd5c71c0dced7b2a94acb6: 417 ms
Input: 5500000,
Cold Start: false
Unique ID: ce1fc2e572d97be51d712502dc279d32,
Execution Time for Trace ID ce1fc2e572d97be51d712502dc279d32: 354 ms
Input: 5500000,
Cold Start: false
Unique ID: 1bb166609fec48b2f88d8137ab009a4c,
Execution Time for Trace ID 1bb166609fec48b2f88d8137ab009a4c: 412 ms
Input: 5500000,
Cold Start: false
Unique ID: e8e9f381435a94e89395a3f1b253e2fe,
Execution Time for Trace ID e8e9f381435a94e89395a3f1b253e2fe: 361 ms
Input: 5500000,
Cold Start: false
Unique ID: 8bab9571f2953c247f7ea4c2011ce226,
Execution Time for Trace ID 8bab9571f2953c247f7ea4c2011ce226: 409 ms
Input: 5500000,
Cold Start: false
Unique ID: 7717dc6836b9d92fa6e003dc63e940bf,
Execution Time for Trace ID 7717dc6836b9d92fa6e003dc63e940bf: 365 ms
Input: 5500000,
Cold Start: false
Unique ID: 26e0b901dca212d97ef30db0f0c2c7e0,
Execution Time for Trace ID 26e0b901dca212d97ef30db0f0c2c7e0: 377 ms
Input: 5500000,
Cold Start: false
Unique ID: 72e4ddf9087207da2c3de90b3f6775c5,
Execution Time for Trace ID 72e4ddf9087207da2c3de90b3f6775c5: 495 ms
Input: 5500000,
Cold Start: false
Unique ID: 22c133da75f159b9710a791906508aec,
Execution Time for Trace ID 22c133da75f159b9710a791906508aec: 413 ms
Input: 5500000,
Cold Start: false
Unique ID: 2287770b786aa92cc6078a0263aea708,
Execution Time for Trace ID 2287770b786aa92cc6078a0263aea708: 353 ms
Input: 5500000,
Cold Start: false
Unique ID: 9773674baa8109b6f1589488c067a143,
Execution Time for Trace ID 9773674baa8109b6f1589488c067a143: 365 ms
Input: 5500000,
Cold Start: false
Unique ID: 00dc32db9bb8e5580c68970779a98164,
Execution Time for Trace ID 00dc32db9bb8e5580c68970779a98164: 374 ms
Input: 5500000,
Cold Start: false
Unique ID: 73a7f4c75fd4520dee6814487a64585c,
Execution Time for Trace ID 73a7f4c75fd4520dee6814487a64585c: 366 ms
Input: 5500000,
Cold Start: false
Unique ID: 6bb895c9f90cc5b41cf3abbf534094a6,
Execution Time for Trace ID 6bb895c9f90cc5b41cf3abbf534094a6: 358 ms
Input: 5500000,
Cold Start: false
Unique ID: 2198235de4ecaac72da6feffbe39c65a,
Execution Time for Trace ID 2198235de4ecaac72da6feffbe39c65a: 419 ms
Input: 5500000,
Cold Start: false
Unique ID: face95122b68fb5fe8efe59041d125ca,
Execution Time for Trace ID face95122b68fb5fe8efe59041d125ca: 363 ms
Input: 5500000,
Cold Start: false
Unique ID: 9b513721d62a526f980e5aebd2aa3777,
Execution Time for Trace ID 9b513721d62a526f980e5aebd2aa3777: 352 ms
Input: 5500000,
Cold Start: false
Unique ID: 38a09b4a066f40e8773d5686f2df61cc,
Execution Time for Trace ID 38a09b4a066f40e8773d5686f2df61cc: 401 ms
Input: 5500000,
Cold Start: false
Unique ID: d427eb60a8619019263e9267abdea550,
Execution Time for Trace ID d427eb60a8619019263e9267abdea550: 379 ms
Input: 5500000,
Cold Start: false
Unique ID: 01e2a69b655b6017ba3bc89b1d46068f,
Execution Time for Trace ID 01e2a69b655b6017ba3bc89b1d46068f: 388 ms
Input: 5500000,
Cold Start: false
Unique ID: 410f5ede611d4e60ecd7fd89bc3709b0,
Execution Time for Trace ID 410f5ede611d4e60ecd7fd89bc3709b0: 350 ms
Input: 5500000,
Cold Start: false
Unique ID: dff5038ffe89bc3a64e2bb2b549795be,
Execution Time for Trace ID dff5038ffe89bc3a64e2bb2b549795be: 393 ms
Input: 5500000,
Cold Start: false
Unique ID: bd202019b23abb1ffdecc808847c859e,
Execution Time for Trace ID bd202019b23abb1ffdecc808847c859e: 383 ms
Input: 5500000,
Cold Start: false
Unique ID: 888db2b437626f061eb65c3120f4d31d,
Execution Time for Trace ID 888db2b437626f061eb65c3120f4d31d: 358 ms
Input: 5500000,
Cold Start: false
Unique ID: f2867975650942b4e8efe59041d12be3,
Execution Time for Trace ID f2867975650942b4e8efe59041d12be3: 412 ms
Input: 5500000,
Cold Start: false
Unique ID: 9588482f7c5f6cca324b062dbba28d37,
Execution Time for Trace ID 9588482f7c5f6cca324b062dbba28d37: 360 ms
Input: 5500000,
Cold Start: false
Unique ID: 43a9e1af500cca4c4c7f4fa885ff2298,
Execution Time for Trace ID 43a9e1af500cca4c4c7f4fa885ff2298: 427 ms
Input: 5500000,
Cold Start: false
Unique ID: 2de7343c17c7cd70cc22a5fa3deba3f3,
Execution Time for Trace ID 2de7343c17c7cd70cc22a5fa3deba3f3: 413 ms
Input: 5500000,
Cold Start: false
Unique ID: feafbf007ea5d38cfca76d1542eb12c2,
Execution Time for Trace ID feafbf007ea5d38cfca76d1542eb12c2: 346 ms
Input: 5500000,
Cold Start: false
Unique ID: f6ec0a0caba3ea7a43ca19d034e08db3,
Execution Time for Trace ID f6ec0a0caba3ea7a43ca19d034e08db3: 363 ms
Input: 5500000,
Cold Start: false
Unique ID: 8e7f22fb076f41a2045bf685a0a801ae,
Execution Time for Trace ID 8e7f22fb076f41a2045bf685a0a801ae: 413 ms
Input: 5500000,
Cold Start: false
Unique ID: 62631c7886ea76a5913908edd5a0fb1d,
Execution Time for Trace ID 62631c7886ea76a5913908edd5a0fb1d: 365 ms
Input: 5500000,
Cold Start: false
Unique ID: 591d005a8122faa217019afe2027313a,
Execution Time for Trace ID 591d005a8122faa217019afe2027313a: 352 ms
Input: 5500000,
Cold Start: false
Unique ID: 0f98d13899868c96a9750e249a1f4a39,
Execution Time for Trace ID 0f98d13899868c96a9750e249a1f4a39: 427 ms
Input: 5500000,
Cold Start: false
Unique ID: f1a74e5fabdf987f81eaae40de48fbb6,
Execution Time for Trace ID f1a74e5fabdf987f81eaae40de48fbb6: 359 ms
Input: 5500000,
Cold Start: false
Unique ID: 09daa64baa07edaa5707153f3bba4863,
Execution Time for Trace ID 09daa64baa07edaa5707153f3bba4863: 413 ms
Input: 5500000,
Cold Start: false
Unique ID: 24a223784c91fc1162110b95f7480228,
Execution Time for Trace ID 24a223784c91fc1162110b95f7480228: 431 ms
Input: 5500000,
Cold Start: false
Unique ID: 7759ad7f7a3745264cdde21963198bfc,
Execution Time for Trace ID 7759ad7f7a3745264cdde21963198bfc: 433 ms
Input: 5500000,
Cold Start: false
Unique ID: 8eb40968aed0b95415df13269c458df3,
Execution Time for Trace ID 8eb40968aed0b95415df13269c458df3: 514 ms
Input: 5500000,
Cold Start: false
Unique ID: 4eaa624499f779a93b296105a08760a7,
Execution Time for Trace ID 4eaa624499f779a93b296105a08760a7: 465 ms
Input: 5500000,
Cold Start: false
Unique ID: 62cfecf072324a7e4fc96187bcb97775,
Execution Time for Trace ID 62cfecf072324a7e4fc96187bcb97775: 352 ms
Input: 5500000,
Cold Start: false
Unique ID: db662ce7dded55c90b2d3c4385ca0842,
Execution Time for Trace ID db662ce7dded55c90b2d3c4385ca0842: 491 ms
Input: 5500000,
Cold Start: false
Unique ID: e998c0123a48124250c016ed3d7d1f11,
Execution Time for Trace ID e998c0123a48124250c016ed3d7d1f11: 427 ms
Input: 5500000,
Cold Start: false
Unique ID: 087815a391288c75e0358b761723ab5f,
Execution Time for Trace ID 087815a391288c75e0358b761723ab5f: 708 ms
Input: 5500000,
Cold Start: false
Unique ID: 01703b1294d27679ff9c10c31e36b1bc,
Execution Time for Trace ID 01703b1294d27679ff9c10c31e36b1bc: 446 ms
Input: 5500000,
Cold Start: false
Unique ID: be9c6857689fffda7420873f20b3b32a,
Execution Time for Trace ID be9c6857689fffda7420873f20b3b32a: 407 ms
Input: 5500000,
Cold Start: false
Unique ID: 4ba3b235d1d79b40723cdfd0a4f94f45,
Execution Time for Trace ID 4ba3b235d1d79b40723cdfd0a4f94f45: 755 ms
Input: 5500000,
Cold Start: false
Unique ID: 6f9f38774a5667af05dac5a526affe4b,
Execution Time for Trace ID 6f9f38774a5667af05dac5a526affe4b: 790 ms
Input: 5500000,
Cold Start: false
Unique ID: 45abb2c76355a3dc39676b27f60fa36b,
Execution Time for Trace ID 45abb2c76355a3dc39676b27f60fa36b: 345 ms
Input: 5500000,
Cold Start: false
Unique ID: 6a85f6daaef15d6ac22d8ced7cd1cfe7,
Execution Time for Trace ID 6a85f6daaef15d6ac22d8ced7cd1cfe7: 450 ms
Input: 5500000,
Cold Start: false
Unique ID: e4c686969cd4ecd85190ee7196993a5c,
Execution Time for Trace ID e4c686969cd4ecd85190ee7196993a5c: 391 ms
Input: 5500000,
Cold Start: false
Unique ID: d7268930dd40569dcd795bb42181a154,
Execution Time for Trace ID d7268930dd40569dcd795bb42181a154: 457 ms
Input: 5500000,
Cold Start: false
Unique ID: 688b3d8573ef7b1a25cf5c7ce2056562,
Execution Time for Trace ID 688b3d8573ef7b1a25cf5c7ce2056562: 358 ms
Input: 5500000,
Cold Start: false
Unique ID: 287bc299961b772a5ca12c915169c877,
Execution Time for Trace ID 287bc299961b772a5ca12c915169c877: 434 ms
Input: 5500000,
Cold Start: false
Unique ID: 65231bb089766604328a0cad2d98ac65,
Execution Time for Trace ID 65231bb089766604328a0cad2d98ac65: 424 ms
Input: 5500000,
Cold Start: false
Unique ID: 9e70db41cd9d02e72e077067ad69cd36,
Execution Time for Trace ID 9e70db41cd9d02e72e077067ad69cd36: 456 ms
Input: 5500000,
Cold Start: false
Unique ID: 583074a1b5cbdb839a0bf2b35fd5f88f,
Execution Time for Trace ID 583074a1b5cbdb839a0bf2b35fd5f88f: 376 ms
Input: 5500000,
Cold Start: false
Unique ID: b436dfc59644f51e61a059f7539d0c88,
Execution Time for Trace ID b436dfc59644f51e61a059f7539d0c88: 344 ms
Input: 5500000,
Cold Start: false
Unique ID: 1172cb026cf5a334668f25d8d10ffb0f,
Execution Time for Trace ID 1172cb026cf5a334668f25d8d10ffb0f: 420 ms
Input: 5500000,
Cold Start: false
Unique ID: 5369969c0fd6bc479c587116172490a4,
Execution Time for Trace ID 5369969c0fd6bc479c587116172490a4: 381 ms
Input: 5500000,
Cold Start: false
Unique ID: a7ffc3aee65f193ca1515200b921d220,
Execution Time for Trace ID a7ffc3aee65f193ca1515200b921d220: 380 ms
Input: 5500000,
Cold Start: false
Unique ID: bfd0901f9670812fe2602ac806b86461,
Execution Time for Trace ID bfd0901f9670812fe2602ac806b86461: 347 ms
Input: 5500000,
Cold Start: false
Unique ID: c29a5070eb0784de44bc41e77f185221,
Execution Time for Trace ID c29a5070eb0784de44bc41e77f185221: 373 ms
Input: 5500000,
Cold Start: false
Unique ID: a34a40888ed3b109ff7b6543cbfa20f5,
Execution Time for Trace ID a34a40888ed3b109ff7b6543cbfa20f5: 429 ms
Input: 5500000,
Cold Start: false
Unique ID: 42250e5774496ce2d31f69a8d1a4fdbe,
Execution Time for Trace ID 42250e5774496ce2d31f69a8d1a4fdbe: 223 ms
Input: 5500000,
Cold Start: false
Unique ID: 054cfd1b3f0f83f19f306dcd5e2ba33b,
Execution Time for Trace ID 054cfd1b3f0f83f19f306dcd5e2ba33b: 382 ms
Input: 5500000,
Cold Start: false
Unique ID: a85bc44068e0ede7867b34358feed418,
Execution Time for Trace ID a85bc44068e0ede7867b34358feed418: 461 ms
Input: 5500000,
Cold Start: false
Unique ID: 6865a0550c4c0be8d402a36b2b561681,
Execution Time for Trace ID 6865a0550c4c0be8d402a36b2b561681: 477 ms
Input: 5500000,
Cold Start: false
Unique ID: d8928bec77295029e7222655ebded34d,
Execution Time for Trace ID d8928bec77295029e7222655ebded34d: 211 ms
Input: 5500000,
Cold Start: false
Unique ID: bb84ffb4025a8fd5b0470ca394cb2c5d,
Execution Time for Trace ID bb84ffb4025a8fd5b0470ca394cb2c5d: 388 ms
Input: 5500000,
Cold Start: false
Unique ID: fccf01a7c193a43c9a34b841ac51584e,
Execution Time for Trace ID fccf01a7c193a43c9a34b841ac51584e: 526 ms
Input: 5500000,
Cold Start: false
Unique ID: 71f07bd50e397bbafad48ddb8b31916c,
Execution Time for Trace ID 71f07bd50e397bbafad48ddb8b31916c: 476 ms
Input: 5500000,
Cold Start: false
Unique ID: efe1507e0d3fd95ae8a5314407ccbcac,
Execution Time for Trace ID efe1507e0d3fd95ae8a5314407ccbcac: 370 ms
Input: 5500000,
Cold Start: false
Unique ID: 6ebc477f3288576f0ca800b2998dd2f1,
Execution Time for Trace ID 6ebc477f3288576f0ca800b2998dd2f1: 389 ms
Input: 5500000,
Cold Start: false
Unique ID: 929c72d770d751a4dae6d77c6f89c164,
Execution Time for Trace ID 929c72d770d751a4dae6d77c6f89c164: 396 ms
Input: 5500000,
Cold Start: false
Unique ID: 72ed2e8a11ec5541e45d355b8a6fdb83,
Execution Time for Trace ID 72ed2e8a11ec5541e45d355b8a6fdb83: 522 ms
Input: 5500000,
Cold Start: false
Unique ID: 815bd01ee079bfd789cd97724fa6026f,
Execution Time for Trace ID 815bd01ee079bfd789cd97724fa6026f: 455 ms
Input: 5500000,
Cold Start: false
Unique ID: 90be8982c22293d0959ad99ba3dc1c14,
Execution Time for Trace ID 90be8982c22293d0959ad99ba3dc1c14: 379 ms
Input: 5500000,
Cold Start: false
Unique ID: ac3ba1433eebfcf86d8aec6c4c4fb2a3,
Execution Time for Trace ID ac3ba1433eebfcf86d8aec6c4c4fb2a3: 470 ms
Input: 5500000,
Cold Start: false
Unique ID: 56901ebb86f9088019be57cb153ca290,
Execution Time for Trace ID 56901ebb86f9088019be57cb153ca290: 392 ms
Input: 5500000,
Cold Start: false
Unique ID: 220abb09d708518916bf0db465bf491f,
Execution Time for Trace ID 220abb09d708518916bf0db465bf491f: 438 ms
Input: 5500000,
Cold Start: false
Unique ID: 4cdcad6a5765d245c485cb231fe0d057,
Execution Time for Trace ID 4cdcad6a5765d245c485cb231fe0d057: 416 ms
Input: 5500000,
Cold Start: false
Unique ID: b84775ec8e85e1c2ea9b5e1d5bdb91e7,
Execution Time for Trace ID b84775ec8e85e1c2ea9b5e1d5bdb91e7: 430 ms
Input: 5500000,
Cold Start: false
Unique ID: 43144c3dfa09216ccf6cc1fc8eca05b6,
Execution Time for Trace ID 43144c3dfa09216ccf6cc1fc8eca05b6: 405 ms
Input: 5500000,
Cold Start: false
Unique ID: 0b2a1111277f3490e11c1e17fa7e8676,
Execution Time for Trace ID 0b2a1111277f3490e11c1e17fa7e8676: 454 ms
Input: 5500000,
Cold Start: false
Unique ID: 7b085c5a391490c9d597978b4f546eb9,
Execution Time for Trace ID 7b085c5a391490c9d597978b4f546eb9: 413 ms
Input: 5500000,
Cold Start: false
Unique ID: 32c8ff15766214a3e0e7d5441febbff7,
Execution Time for Trace ID 32c8ff15766214a3e0e7d5441febbff7: 363 ms
Input: 5500000,
Cold Start: false
Unique ID: ee795ef0341aefb8bbd7ba20f7fc1800,
Execution Time for Trace ID ee795ef0341aefb8bbd7ba20f7fc1800: 384 ms
Input: 5500000,
Cold Start: false
Unique ID: 8c75ba5f65005dcfac9732d6efb8cb65,
Execution Time for Trace ID 8c75ba5f65005dcfac9732d6efb8cb65: 389 ms
Input: 5500000,
Cold Start: false
Unique ID: 40cf134e06e64881a2b9dbdcb1a6a963,
Execution Time for Trace ID 40cf134e06e64881a2b9dbdcb1a6a963: 415 ms
Input: 5500000,
Cold Start: false
Unique ID: f4e4d122d7e72d0eabb21392598b3ab0,
Execution Time for Trace ID f4e4d122d7e72d0eabb21392598b3ab0: 572 ms
Input: 5500000,
Cold Start: false
Unique ID: bd38eaaa5ed3749ed49cc91020e7a7ce,
Execution Time for Trace ID bd38eaaa5ed3749ed49cc91020e7a7ce: 618 ms
Input: 5500000,
Cold Start: false
Unique ID: 8fdba33e07ce81f25c2621bbff11fbd4,
Execution Time for Trace ID 8fdba33e07ce81f25c2621bbff11fbd4: 391 ms
Input: 5500000,
Cold Start: false
Unique ID: 127791dfbf2600a0bce56dc14fe99668,
Execution Time for Trace ID 127791dfbf2600a0bce56dc14fe99668: 419 ms
Input: 5500000,
Cold Start: false
Unique ID: cbe9087ce0034910dfe2635a16899ba8,
Execution Time for Trace ID cbe9087ce0034910dfe2635a16899ba8: 410 ms
Input: 5500000,
Cold Start: false
Unique ID: 4c417b188076697a262a36046beafa85,
Execution Time for Trace ID 4c417b188076697a262a36046beafa85: 433 ms
Input: 5500000,
Cold Start: false
Unique ID: 29e241808c0b7bd0e11c1e17fa7e84e1,
Execution Time for Trace ID 29e241808c0b7bd0e11c1e17fa7e84e1: 369 ms
Input: 5500000,
Cold Start: false
Unique ID: b5e4da02234742a1de53009286ff9bcf,
Execution Time for Trace ID b5e4da02234742a1de53009286ff9bcf: 347 ms
Input: 5500000,
Cold Start: false
Unique ID: 0435feafd0bfc271feff9d1be3fc1cb8,
Execution Time for Trace ID 0435feafd0bfc271feff9d1be3fc1cb8: 358 ms
Input: 5500000,
Cold Start: false
Unique ID: ee51a11afba8de8b1e91ca578f044149,
Execution Time for Trace ID ee51a11afba8de8b1e91ca578f044149: 349 ms
Input: 5500000,
Cold Start: false
Unique ID: e3b77880eab845cc6a09231cb99d798a,
Execution Time for Trace ID e3b77880eab845cc6a09231cb99d798a: 369 ms
Input: 5500000,
Cold Start: false
Unique ID: 52717b4165a35abef07caaa3447b8f5c,
Execution Time for Trace ID 52717b4165a35abef07caaa3447b8f5c: 424 ms
Input: 5500000,
Cold Start: false
Unique ID: e450766df779f6b1fe49b6a2e96b0c88,
Execution Time for Trace ID e450766df779f6b1fe49b6a2e96b0c88: 406 ms
Input: 5500000,
Cold Start: false
Unique ID: 1bcd1c474054e0fcc2777edfc3ea40ae,
Execution Time for Trace ID 1bcd1c474054e0fcc2777edfc3ea40ae: 430 ms
Input: 5500000,
Cold Start: false
Unique ID: a56308f0bbc5f9d4019d08a00aa5d08f,
Execution Time for Trace ID a56308f0bbc5f9d4019d08a00aa5d08f: 380 ms
Input: 5500000,
Cold Start: false
Unique ID: b2eddfd9b785aec67c4ab3c2da1f9f7a,
Execution Time for Trace ID b2eddfd9b785aec67c4ab3c2da1f9f7a: 407 ms
Input: 5500000,
Cold Start: false
Unique ID: 387b5edf8422df14154f784318e09a98,
Execution Time for Trace ID 387b5edf8422df14154f784318e09a98: 385 ms
Input: 5500000,
Cold Start: false
Unique ID: 13ff0d1f5772cc1556ea5328156c9d82,
Execution Time for Trace ID 13ff0d1f5772cc1556ea5328156c9d82: 399 ms
Input: 5500000,
Cold Start: false
Unique ID: 5b4a17907f8e0dcc1bc6216eef3eaf61,
Execution Time for Trace ID 5b4a17907f8e0dcc1bc6216eef3eaf61: 404 ms
Input: 5500000,
Cold Start: false
Unique ID: 97f2dcf8a3b7ec31eb854c57846c48a4,
Execution Time for Trace ID 97f2dcf8a3b7ec31eb854c57846c48a4: 366 ms
Input: 5500000,
Cold Start: false
Unique ID: 2171c28b0fe72a18dc4e2871b76b89d6,
Execution Time for Trace ID 2171c28b0fe72a18dc4e2871b76b89d6: 351 ms
Input: 5500000,
Cold Start: false
Unique ID: 1a14d7259b17e01550ecca5b8c2f973d,
Execution Time for Trace ID 1a14d7259b17e01550ecca5b8c2f973d: 497 ms
Input: 5500000,
Cold Start: false
Unique ID: 5e7a904112ac71004e5feece02909be7,
Execution Time for Trace ID 5e7a904112ac71004e5feece02909be7: 345 ms
Input: 5500000,
Cold Start: false
Unique ID: f509cde6c842a7545902979a3a0e34c7,
Execution Time for Trace ID f509cde6c842a7545902979a3a0e34c7: 394 ms
Input: 5500000,
Cold Start: false
Unique ID: 9aea3e93bd049adf88b2f87b1fca363b,
Execution Time for Trace ID 9aea3e93bd049adf88b2f87b1fca363b: 419 ms
Input: 5500000,
Cold Start: false
Unique ID: 5e7626a42de252214b6de821edb3d22d,
Execution Time for Trace ID 5e7626a42de252214b6de821edb3d22d: 381 ms
Input: 5500000,
Cold Start: false
Unique ID: df5222d81e5a1d443f23026792449412,
Execution Time for Trace ID df5222d81e5a1d443f23026792449412: 423 ms
Input: 5500000,
Cold Start: false
Unique ID: 6ddfaa5337e3e412e00b7dcdc94453df,
Execution Time for Trace ID 6ddfaa5337e3e412e00b7dcdc94453df: 382 ms
Input: 5500000,
Cold Start: false
Unique ID: 7d264b0161573b96800c3fb3b7d5fe3b,
Execution Time for Trace ID 7d264b0161573b96800c3fb3b7d5fe3b: 348 ms
Input: 5500000,
Cold Start: false
Unique ID: 111c110fc248a38af9a599f5532082bd,
Execution Time for Trace ID 111c110fc248a38af9a599f5532082bd: 425 ms
Input: 5500000,
Cold Start: false
Unique ID: 2a541a00e3f8440fb7cbaa878fdd333b,
Execution Time for Trace ID 2a541a00e3f8440fb7cbaa878fdd333b: 372 ms
Input: 5500000,
Cold Start: false
Unique ID: 7ced4c5d114e02a03fc03bf24c7c51bd,
Execution Time for Trace ID 7ced4c5d114e02a03fc03bf24c7c51bd: 407 ms
Input: 5500000,
Cold Start: false
Unique ID: 6d553ec17ac22fbc788d31a64583945f,
Execution Time for Trace ID 6d553ec17ac22fbc788d31a64583945f: 355 ms
Input: 5500000,
Cold Start: false
Unique ID: 54a580c083be616bff3d41f6394336cd,
Execution Time for Trace ID 54a580c083be616bff3d41f6394336cd: 419 ms
Input: 5500000,
Cold Start: false
Unique ID: 2783739a5aba3176d590817cde22ac9f,
Execution Time for Trace ID 2783739a5aba3176d590817cde22ac9f: 370 ms
Input: 5500000,
Cold Start: false
Unique ID: d9325ada631d8bc3452744f279b07b24,
Execution Time for Trace ID d9325ada631d8bc3452744f279b07b24: 424 ms
Input: 5500000,
Cold Start: false
Unique ID: 28a2398ed75e51191c01a99704568952,
Execution Time for Trace ID 28a2398ed75e51191c01a99704568952: 385 ms
Input: 5500000,
Cold Start: false
Unique ID: 22a9b2908b423107e07d85088f8758a7,
Execution Time for Trace ID 22a9b2908b423107e07d85088f8758a7: 376 ms
Input: 5500000,
Cold Start: false
Unique ID: 96a400a2de1f4336e6bb32f77813b650,
Execution Time for Trace ID 96a400a2de1f4336e6bb32f77813b650: 368 ms
Input: 5500000,
Cold Start: false
Unique ID: d60de2769863df2df05164ac6517e69e,
Execution Time for Trace ID d60de2769863df2df05164ac6517e69e: 431 ms
Input: 5500000,
Cold Start: false
Unique ID: fd549f761fcfd6bc36102da30d520c86,
Execution Time for Trace ID fd549f761fcfd6bc36102da30d520c86: 390 ms
Input: 5500000,
Cold Start: false
Unique ID: db96a65c5ee4d37a541095bc70593213,
Execution Time for Trace ID db96a65c5ee4d37a541095bc70593213: 382 ms
Input: 5500000,
Cold Start: false
Unique ID: 4a6444f49996cb79be15e11142a6843d,
Execution Time for Trace ID 4a6444f49996cb79be15e11142a6843d: 196 ms
Input: 5500000,
Cold Start: false
Unique ID: 6b8e06dbf0d1d52ae2e1ff3c905a2805,
Execution Time for Trace ID 6b8e06dbf0d1d52ae2e1ff3c905a2805: 359 ms
Input: 5500000,
Cold Start: false
Unique ID: 738ac03d0ccee5971e59eb622c9418ea,
Execution Time for Trace ID 738ac03d0ccee5971e59eb622c9418ea: 434 ms
Input: 5500000,
Cold Start: false
Unique ID: 036f08f55ab7bcc3333eca86600fcc9f,
Execution Time for Trace ID 036f08f55ab7bcc3333eca86600fcc9f: 393 ms
Input: 5500000,
Cold Start: false
Unique ID: dbecff6f39f49a3423a4d43ce4466010,
Execution Time for Trace ID dbecff6f39f49a3423a4d43ce4466010: 202 ms
Input: 5500000,
Cold Start: false
Unique ID: 10c6161024d559fba1b0611214135e8a,
Execution Time for Trace ID 10c6161024d559fba1b0611214135e8a: 421 ms
Input: 5500000,
Cold Start: false
Unique ID: 1c0a024e8e3d30da1a069e62dd322029,
Execution Time for Trace ID 1c0a024e8e3d30da1a069e62dd322029: 464 ms
Input: 5500000,
Cold Start: false
Unique ID: bd7f4a984b730513b80bb13bbc76cbfd,
Execution Time for Trace ID bd7f4a984b730513b80bb13bbc76cbfd: 431 ms
Input: 5500000,
Cold Start: false
Unique ID: 0efca4ec505dc718468395c9c99125ee,
Execution Time for Trace ID 0efca4ec505dc718468395c9c99125ee: 419 ms
Input: 5500000,
Cold Start: false
Unique ID: 5b8732520e2fc0ef6398f4e6ceb0cbbe,
Execution Time for Trace ID 5b8732520e2fc0ef6398f4e6ceb0cbbe: 392 ms
Input: 5500000,
Cold Start: false
Unique ID: b3f87dffa5cc1af9f7e29579c015c3c3,
Execution Time for Trace ID b3f87dffa5cc1af9f7e29579c015c3c3: 369 ms
Input: 5500000,
Cold Start: false
Unique ID: b39cd99d7dc0bce9e54c78f1135b8fde,
Execution Time for Trace ID b39cd99d7dc0bce9e54c78f1135b8fde: 490 ms
Input: 5500000,
Cold Start: false
Unique ID: 8af959538b7d021abd315ea1c0cd2030,
Execution Time for Trace ID 8af959538b7d021abd315ea1c0cd2030: 389 ms
Input: 5500000,
Cold Start: false
Unique ID: cdf19ecd7ea723b50780fd3b0d00c553,
Execution Time for Trace ID cdf19ecd7ea723b50780fd3b0d00c553: 423 ms
Input: 5500000,
Cold Start: false
Unique ID: acf8d1b8675f40809cfe3f51e8065c34,
Execution Time for Trace ID acf8d1b8675f40809cfe3f51e8065c34: 419 ms
Input: 5500000,
Cold Start: false
Unique ID: 7f1466115f42e76c3ac6a4f2a069e432,
Execution Time for Trace ID 7f1466115f42e76c3ac6a4f2a069e432: 375 ms
Input: 5500000,
Cold Start: false
Unique ID: 992c8b80d787330de657a8fb299a821f,
Execution Time for Trace ID 992c8b80d787330de657a8fb299a821f: 354 ms
Input: 5500000,
Cold Start: false
Unique ID: 8e0c7cc30c74d07128e0e7c7da23a6e0,
Execution Time for Trace ID 8e0c7cc30c74d07128e0e7c7da23a6e0: 349 ms
Input: 5500000,
Cold Start: false
Unique ID: d02627e3598305b79e4980067d06522b,
Execution Time for Trace ID d02627e3598305b79e4980067d06522b: 401 ms
Input: 5500000,
Cold Start: false
Unique ID: 967376b6a8856d1f2ccfc87842202173,
Execution Time for Trace ID 967376b6a8856d1f2ccfc87842202173: 410 ms
Input: 5500000,
Cold Start: false
Unique ID: bb17737d12139fc6ddda42912a7a0591,
Execution Time for Trace ID bb17737d12139fc6ddda42912a7a0591: 348 ms
Input: 5500000,
Cold Start: false
Unique ID: fea68896b6a03fc1220072af0b8c005e,
Execution Time for Trace ID fea68896b6a03fc1220072af0b8c005e: 409 ms
Input: 5500000,
Cold Start: false
Unique ID: 1324f4b97f92022a908bd227056a9cc2,
Execution Time for Trace ID 1324f4b97f92022a908bd227056a9cc2: 400 ms
Input: 5500000,
Cold Start: false
Unique ID: e7f2b24b1c61bab66c3aaa5b6c1ad13e,
Execution Time for Trace ID e7f2b24b1c61bab66c3aaa5b6c1ad13e: 434 ms
Input: 5500000,
Cold Start: false
Unique ID: 2f4a147e088a1c8c10616c56b5f25ae5,
Execution Time for Trace ID 2f4a147e088a1c8c10616c56b5f25ae5: 353 ms
Input: 5500000,
Cold Start: false
Unique ID: 34752128c237e2b6ae31915dda17d02a,
Execution Time for Trace ID 34752128c237e2b6ae31915dda17d02a: 402 ms
Input: 5500000,
Cold Start: false
Unique ID: a029a030740a89f081fd811836383d38,
Execution Time for Trace ID a029a030740a89f081fd811836383d38: 353 ms
Input: 5500000,
Cold Start: false
Unique ID: 16c87d3fb5688358ed66d60d6e2f5f73,
Execution Time for Trace ID 16c87d3fb5688358ed66d60d6e2f5f73: 412 ms
Input: 5500000,
Cold Start: false
Unique ID: d2fa2ad7bfcceff41568740c12744ead,
Execution Time for Trace ID d2fa2ad7bfcceff41568740c12744ead: 364 ms
Input: 5500000,
Cold Start: false
Unique ID: 1d385e0889ff524933e4b64f8fe8a323,
Execution Time for Trace ID 1d385e0889ff524933e4b64f8fe8a323: 397 ms
Input: 5500000,
Cold Start: false
Unique ID: a50e0ae8e62b49fa796b2d9431419b07,
Execution Time for Trace ID a50e0ae8e62b49fa796b2d9431419b07: 413 ms
Input: 5500000,
Cold Start: false
Unique ID: 44736e63f71ec2e921426c6f874848ca,
Execution Time for Trace ID 44736e63f71ec2e921426c6f874848ca: 417 ms
Input: 5500000,
Cold Start: false
Unique ID: ac622abb5247c71a3b453180950ef729,
Execution Time for Trace ID ac622abb5247c71a3b453180950ef729: 364 ms
Input: 5500000,
Cold Start: false
Unique ID: 257d39f1ff6f426fb79bb9cb0b7f093c,
Execution Time for Trace ID 257d39f1ff6f426fb79bb9cb0b7f093c: 392 ms
Input: 5500000,
Cold Start: false
Unique ID: 54767fd0a238328b34b9475725c981f3,
Execution Time for Trace ID 54767fd0a238328b34b9475725c981f3: 400 ms
Input: 5500000,
Cold Start: false
Unique ID: 5e2c3f2736cb5f7f88a4759fe80a09a8,
Execution Time for Trace ID 5e2c3f2736cb5f7f88a4759fe80a09a8: 385 ms
Input: 5500000,
Cold Start: false
Unique ID: 6c56054f2a7dd1d7c4ab7a6ad182d305,
Execution Time for Trace ID 6c56054f2a7dd1d7c4ab7a6ad182d305: 426 ms
Input: 5500000,
Cold Start: false
Unique ID: 445a91e375f3d51b52a25ec545350a05,
Execution Time for Trace ID 445a91e375f3d51b52a25ec545350a05: 395 ms
Input: 5500000,
Cold Start: false
Unique ID: 9551cb132dddf00d50b60ec5a6431101,
Execution Time for Trace ID 9551cb132dddf00d50b60ec5a6431101: 398 ms
Input: 5500000,
Cold Start: false
Unique ID: 9f6eb6836c3e1835a6d5acafaac701a9,
Execution Time for Trace ID 9f6eb6836c3e1835a6d5acafaac701a9: 390 ms
Input: 5500000,
Cold Start: false
Unique ID: db2d313572cd4762143df385df36e5ce,
Execution Time for Trace ID db2d313572cd4762143df385df36e5ce: 350 ms
Input: 5500000,
Cold Start: false
Unique ID: b0a57b0730ffb9c5d479ac9a6a05dd15,
Execution Time for Trace ID b0a57b0730ffb9c5d479ac9a6a05dd15: 402 ms
Input: 5500000,
Cold Start: false
Unique ID: 4f28d253d9bd6194dc5ff8e9b9cc54cf,
Execution Time for Trace ID 4f28d253d9bd6194dc5ff8e9b9cc54cf: 352 ms
Input: 5500000,
Cold Start: false
Unique ID: 1705160570fda24a30d833fccc679930,
Execution Time for Trace ID 1705160570fda24a30d833fccc679930: 413 ms
Input: 5500000,
Cold Start: false
Unique ID: 16dfbcfd8b34182f25ec62b8acf16130,
Execution Time for Trace ID 16dfbcfd8b34182f25ec62b8acf16130: 350 ms
Input: 5500000,
Cold Start: false
Unique ID: afdbcdc6c0c51ca815e7d198003fc07b,
Execution Time for Trace ID afdbcdc6c0c51ca815e7d198003fc07b: 402 ms
Input: 5500000,
Cold Start: false
Unique ID: eecaa992c34a2d70dceaa69f20cc1c97,
Execution Time for Trace ID eecaa992c34a2d70dceaa69f20cc1c97: 403 ms
Input: 5500000,
Cold Start: false
Unique ID: 0b1612beb801e349c326c5fe3f77fb5f,
Execution Time for Trace ID 0b1612beb801e349c326c5fe3f77fb5f: 368 ms
Input: 5500000,
Cold Start: false
Unique ID: 10c22b1355c647ab75c25874915d0f7f,
Execution Time for Trace ID 10c22b1355c647ab75c25874915d0f7f: 359 ms
Input: 5500000,
Cold Start: false
Unique ID: 9aba208e15db56dd427668e3f07ba5a9,
Execution Time for Trace ID 9aba208e15db56dd427668e3f07ba5a9: 400 ms
Input: 5500000,
Cold Start: false
Unique ID: e51ec97596da3623bb89aa828f775700,
Execution Time for Trace ID e51ec97596da3623bb89aa828f775700: 413 ms
Input: 5500000,
Cold Start: false
Unique ID: 6458f958f622d43adcf490e052ecb061,
Execution Time for Trace ID 6458f958f622d43adcf490e052ecb061: 410 ms
Input: 5500000,
Cold Start: false
Unique ID: d4e2093e8d6efc5f1a2c434604c36d03,
Execution Time for Trace ID d4e2093e8d6efc5f1a2c434604c36d03: 359 ms
Input: 5500000,
Cold Start: false
Unique ID: 9e62ccb338d3711252e90540a7c967d4,
Execution Time for Trace ID 9e62ccb338d3711252e90540a7c967d4: 394 ms
Input: 5500000,
Cold Start: false
Unique ID: 2a7c0285d327c68013c657af60bc8934,
Execution Time for Trace ID 2a7c0285d327c68013c657af60bc8934: 448 ms
Input: 5500000,
Cold Start: false
Unique ID: 97f1cef0a7d797d8e59f2fa09b165469,
Execution Time for Trace ID 97f1cef0a7d797d8e59f2fa09b165469: 486 ms
Input: 5500000,
Cold Start: false
Unique ID: 9a006a2576713e814ee8e9d670ccd07b,
Execution Time for Trace ID 9a006a2576713e814ee8e9d670ccd07b: 365 ms
Input: 5500000,
Cold Start: false
Unique ID: 7779d8d977e0b2b4bec62151ff8bdb28,
Execution Time for Trace ID 7779d8d977e0b2b4bec62151ff8bdb28: 394 ms
Input: 5500000,
Cold Start: false
Unique ID: e4dc60f1ae1c16e64ddf998b69ab44d8,
Execution Time for Trace ID e4dc60f1ae1c16e64ddf998b69ab44d8: 358 ms
Input: 5500000,
Cold Start: false
Unique ID: 170f6b2c11cb795c99a6f380bdc3264b,
Execution Time for Trace ID 170f6b2c11cb795c99a6f380bdc3264b: 378 ms
Input: 5500000,
Cold Start: false
Unique ID: 1fca1b7922de20d227915ec533e5d42a,
Execution Time for Trace ID 1fca1b7922de20d227915ec533e5d42a: 363 ms
Input: 5500000,
Cold Start: false
Unique ID: 937a4ded6dd58f25b1f23d2dd93d9c8b,
Execution Time for Trace ID 937a4ded6dd58f25b1f23d2dd93d9c8b: 393 ms
Input: 5500000,
Cold Start: false
Unique ID: 97f5577e27b0312da68acb8ee1d286d9,
Execution Time for Trace ID 97f5577e27b0312da68acb8ee1d286d9: 409 ms
Input: 5500000,
Cold Start: false
Unique ID: a13bd88b40b5c1879a452bdb77f7d161,
Execution Time for Trace ID a13bd88b40b5c1879a452bdb77f7d161: 488 ms
Input: 5500000,
Cold Start: false
Unique ID: 1c262d59adde650e2ac9ec3864cd17c2,
Execution Time for Trace ID 1c262d59adde650e2ac9ec3864cd17c2: 426 ms
Input: 5500000,
Cold Start: false
Unique ID: ff60f7948c83ab356a3b58ace5644734,
Execution Time for Trace ID ff60f7948c83ab356a3b58ace5644734: 395 ms
Input: 5500000,
Cold Start: false
Unique ID: dd3c12ceb2be41eef8137e60f1b4d004,
Execution Time for Trace ID dd3c12ceb2be41eef8137e60f1b4d004: 427 ms
Input: 5500000,
Cold Start: false
Unique ID: 1b1dc81e2aa004751a4b2c15fe5c99ea,
Execution Time for Trace ID 1b1dc81e2aa004751a4b2c15fe5c99ea: 396 ms
Input: 5500000,
Cold Start: false
Unique ID: 80e0b4724fac1118d6c06ef860be0511,
Execution Time for Trace ID 80e0b4724fac1118d6c06ef860be0511: 349 ms
Input: 5500000,
Cold Start: false
Unique ID: 39a96eb48800ed804f7e6927e0a8f811,
Execution Time for Trace ID 39a96eb48800ed804f7e6927e0a8f811: 406 ms
Input: 5500000,
Cold Start: false
Unique ID: 8094f5eeb61b3a655a465776eef184e7,
Execution Time for Trace ID 8094f5eeb61b3a655a465776eef184e7: 362 ms
Input: 5500000,
Cold Start: false
Unique ID: 11f32b2bee4a8945da16a2c1f6cf357a,
Execution Time for Trace ID 11f32b2bee4a8945da16a2c1f6cf357a: 416 ms
Input: 5500000,
Cold Start: false
Unique ID: 2b58e19beca0771970c51a485c6d52b2,
Execution Time for Trace ID 2b58e19beca0771970c51a485c6d52b2: 347 ms
Input: 5500000,
Cold Start: false
Unique ID: 48ba60d58f6905e4a2274406e4f05574,
Execution Time for Trace ID 48ba60d58f6905e4a2274406e4f05574: 413 ms
Input: 5500000,
Cold Start: false
Unique ID: 3e257a2faa25c8b39da13af1070e5767,
Execution Time for Trace ID 3e257a2faa25c8b39da13af1070e5767: 442 ms
Input: 5500000,
Cold Start: false
Unique ID: caa76157a62442267b1bb331cd4ac656,
Execution Time for Trace ID caa76157a62442267b1bb331cd4ac656: 463 ms
Input: 5500000,
Cold Start: false
Unique ID: 8cfff90fddf610fa9c8b0739736c06f3,
Execution Time for Trace ID 8cfff90fddf610fa9c8b0739736c06f3: 356 ms
Input: 5500000,
Cold Start: false
Unique ID: 0a689b255755eef9c3be70791e36fd58,
Execution Time for Trace ID 0a689b255755eef9c3be70791e36fd58: 422 ms
Input: 5500000,
Cold Start: false
Unique ID: af6f8c40582900024fb52f8cf4e98c57,
Execution Time for Trace ID af6f8c40582900024fb52f8cf4e98c57: 398 ms
Input: 5500000,
Cold Start: false
Unique ID: 7e4d0d6ad5818fba346f2f7fe6317d88,
Execution Time for Trace ID 7e4d0d6ad5818fba346f2f7fe6317d88: 365 ms
Input: 5500000,
Cold Start: false
Unique ID: 57251724c7f6d38c18e9eb34b8d10e65,
Execution Time for Trace ID 57251724c7f6d38c18e9eb34b8d10e65: 408 ms
Input: 5500000,
Cold Start: false
Unique ID: 99202bc648fedf4cd677ad62ec52f26e,
Execution Time for Trace ID 99202bc648fedf4cd677ad62ec52f26e: 368 ms
Input: 5500000,
Cold Start: false
Unique ID: 15f0eea88affa806dd725d6b420dfda9,
Execution Time for Trace ID 15f0eea88affa806dd725d6b420dfda9: 423 ms
Input: 5500000,
Cold Start: false
Unique ID: 4cd57e7149b4b9f12cc7ac75933f0b00,
Execution Time for Trace ID 4cd57e7149b4b9f12cc7ac75933f0b00: 416 ms
Input: 5500000,
Cold Start: false
Unique ID: da8cd8fd038e7786104f3e2a461a5cbf,
Execution Time for Trace ID da8cd8fd038e7786104f3e2a461a5cbf: 363 ms
Input: 5500000,
Cold Start: false
Unique ID: bede44660aae6a2607c12d09b524c0c0,
Execution Time for Trace ID bede44660aae6a2607c12d09b524c0c0: 395 ms
Input: 5500000,
Cold Start: false
Unique ID: 882bc87dac2bb2301acf530e6f686d31,
Execution Time for Trace ID 882bc87dac2bb2301acf530e6f686d31: 398 ms
Input: 5500000,
Cold Start: false
Unique ID: f3cacba520b56538ab955ac52dc7bf57,
Execution Time for Trace ID f3cacba520b56538ab955ac52dc7bf57: 421 ms
Input: 5500000,
Cold Start: false
Unique ID: a46521bdd95f71c1c3db7a561ab8ecc5,
Execution Time for Trace ID a46521bdd95f71c1c3db7a561ab8ecc5: 362 ms
Input: 5500000,
Cold Start: false
Unique ID: df79a0799ec12e98bb452a6e908d9c1f,
Execution Time for Trace ID df79a0799ec12e98bb452a6e908d9c1f: 400 ms
Input: 5500000,
Cold Start: false
Unique ID: 7fa112f13aaeaa3d14392f44d3da3efb,
Execution Time for Trace ID 7fa112f13aaeaa3d14392f44d3da3efb: 556 ms
Input: 5500000,
Cold Start: false
Unique ID: e70c8a57664ac4fe12def13f15f8e0fb,
Execution Time for Trace ID e70c8a57664ac4fe12def13f15f8e0fb: 563 ms
Input: 5500000,
Cold Start: false
Unique ID: d8b5013a91dc7e81875bc5adb75ac0e7,
Execution Time for Trace ID d8b5013a91dc7e81875bc5adb75ac0e7: 354 ms
Input: 5500000,
Cold Start: false
Unique ID: 6e8b85a941c44001f06a23947188643a,
Execution Time for Trace ID 6e8b85a941c44001f06a23947188643a: 404 ms
Input: 5500000,
Cold Start: false
Unique ID: 50fe509840b5ef66e43779325c55a540,
Execution Time for Trace ID 50fe509840b5ef66e43779325c55a540: 387 ms
Input: 5500000,
Cold Start: false
Unique ID: 3b22e785ea5163170febaebe3edb3da7,
Execution Time for Trace ID 3b22e785ea5163170febaebe3edb3da7: 353 ms
Input: 5500000,
Cold Start: false
Unique ID: 59d34e1ea9ff25617b2de50838fc5ff3,
Execution Time for Trace ID 59d34e1ea9ff25617b2de50838fc5ff3: 423 ms
Input: 5500000,
Cold Start: false
Unique ID: c7eeac89160472a9c9a56f953523554b,
Execution Time for Trace ID c7eeac89160472a9c9a56f953523554b: 388 ms
Input: 5500000,
Cold Start: false
Unique ID: 0cbc982a5cdb15a87119217f97668efd,
Execution Time for Trace ID 0cbc982a5cdb15a87119217f97668efd: 423 ms
Input: 5500000,
Cold Start: false
Unique ID: 71088be6b55681e8aca3e4e0812d66ea,
Execution Time for Trace ID 71088be6b55681e8aca3e4e0812d66ea: 404 ms
Input: 5500000,
Cold Start: false
Unique ID: a8b887a304c6e8c259fcfdab8f015c5f,
Execution Time for Trace ID a8b887a304c6e8c259fcfdab8f015c5f: 345 ms
Input: 5500000,
Cold Start: false
Unique ID: 187b45a96449ceef860203725e73ddb1,
Execution Time for Trace ID 187b45a96449ceef860203725e73ddb1: 408 ms
Input: 5500000,
Cold Start: false
Unique ID: 21c82886b5b8bd6518a6bbb0d6294c4e,
Execution Time for Trace ID 21c82886b5b8bd6518a6bbb0d6294c4e: 421 ms
Input: 5500000,
Cold Start: false
Unique ID: d499c5a3dc39a9b0f8e048636f35567e,
Execution Time for Trace ID d499c5a3dc39a9b0f8e048636f35567e: 414 ms
Input: 5500000,
Cold Start: false
