Unique ID: 1fb5e507-44fb-42b7-b2a1-e091bf2ec04b,
Billed Duration for Request 1fb5e507-44fb-42b7-b2a1-e091bf2ec04b: 554 ms
Input: 5250000,
Cold Start: false
Unique ID: 641b3623-6faa-4ef7-8aaf-42c129ae25df,
Billed Duration for Request 641b3623-6faa-4ef7-8aaf-42c129ae25df: 578 ms
Input: 5250000,
Cold Start: false
Unique ID: 8c2e874f-7791-4e8e-996c-462ffb03ef96,
Billed Duration for Request 8c2e874f-7791-4e8e-996c-462ffb03ef96: 571 ms
Input: 5250000,
Cold Start: false
Unique ID: f149a1bd-39ce-42c3-b9b8-b163b070d4f8,
Billed Duration for Request f149a1bd-39ce-42c3-b9b8-b163b070d4f8: 549 ms
Input: 5250000,
Cold Start: false
Unique ID: 730bb2fd-5898-4bc2-9f8f-68ebf5a539b5,
Billed Duration for Request 730bb2fd-5898-4bc2-9f8f-68ebf5a539b5: 528 ms
Input: 5250000,
Cold Start: false
Unique ID: f01c40ba-9900-4344-ac4d-71900e92d5c4,
Billed Duration for Request f01c40ba-9900-4344-ac4d-71900e92d5c4: 566 ms
Input: 5250000,
Cold Start: false
Unique ID: 0b7ea31e-b703-42fc-9ce9-e98ab4088a5c,
Billed Duration for Request 0b7ea31e-b703-42fc-9ce9-e98ab4088a5c: 561 ms
Input: 5250000,
Cold Start: false
Unique ID: 191f25dc-9902-4937-8171-cb71ef94baf6,
Billed Duration for Request 191f25dc-9902-4937-8171-cb71ef94baf6: 529 ms
Input: 5250000,
Cold Start: false
Unique ID: 43e80f03-c076-43da-bf57-5ddd2ea80c27,
Billed Duration for Request 43e80f03-c076-43da-bf57-5ddd2ea80c27: 533 ms
Input: 5250000,
Cold Start: false
Unique ID: 9703d780-480d-4183-8bd5-fe3ea9573a88,
Billed Duration for Request 9703d780-480d-4183-8bd5-fe3ea9573a88: 571 ms
Input: 5250000,
Cold Start: false
Unique ID: 39e27465-eafd-45d9-995f-73d8f48ee87a,
Billed Duration for Request 39e27465-eafd-45d9-995f-73d8f48ee87a: 557 ms
Input: 5250000,
Cold Start: false
Unique ID: 78ee1afe-4fb8-4fcc-9d66-7f64f930eb9f,
Billed Duration for Request 78ee1afe-4fb8-4fcc-9d66-7f64f930eb9f: 534 ms
Input: 5250000,
Cold Start: false
Unique ID: 6c977def-112e-4f88-ac41-52711dcefa02,
Billed Duration for Request 6c977def-112e-4f88-ac41-52711dcefa02: 524 ms
Input: 5250000,
Cold Start: false
Unique ID: 8400d718-3523-40e6-8748-ddc1ec363e86,
Billed Duration for Request 8400d718-3523-40e6-8748-ddc1ec363e86: 561 ms
Input: 5250000,
Cold Start: false
Unique ID: c9ac523b-a273-45d2-acfd-3e868dfc938f,
Billed Duration for Request c9ac523b-a273-45d2-acfd-3e868dfc938f: 559 ms
Input: 5250000,
Cold Start: false
Unique ID: 95c1c07c-ec3c-440c-9035-24d0a164d144,
Billed Duration for Request 95c1c07c-ec3c-440c-9035-24d0a164d144: 519 ms
Input: 5250000,
Cold Start: false
Unique ID: e83648c3-5721-4733-9bc2-6c517901b770,
Billed Duration for Request e83648c3-5721-4733-9bc2-6c517901b770: 504 ms
Input: 5250000,
Cold Start: false
Unique ID: c8cc15b9-3012-4112-b188-1ac361b0787e,
Billed Duration for Request c8cc15b9-3012-4112-b188-1ac361b0787e: 571 ms
Input: 5250000,
Cold Start: false
Unique ID: 3f2e28ec-4eff-4d8e-b051-c7dbaf959f02,
Billed Duration for Request 3f2e28ec-4eff-4d8e-b051-c7dbaf959f02: 517 ms
Input: 5250000,
Cold Start: false
Unique ID: da833449-5d51-4e8e-88f4-2cfba030cc16,
Billed Duration for Request da833449-5d51-4e8e-88f4-2cfba030cc16: 563 ms
Input: 5250000,
Cold Start: false
Unique ID: fde6cdc9-d95a-4a4f-b979-4e8a2a125398,
Billed Duration for Request fde6cdc9-d95a-4a4f-b979-4e8a2a125398: 513 ms
Input: 5250000,
Cold Start: false
Unique ID: 9c8e0126-3a89-4731-b7b9-09980ae7e4f2,
Billed Duration for Request 9c8e0126-3a89-4731-b7b9-09980ae7e4f2: 552 ms
Input: 5250000,
Cold Start: false
Unique ID: 460c97c1-0dc9-4964-b818-e0d2bdb342cb,
Billed Duration for Request 460c97c1-0dc9-4964-b818-e0d2bdb342cb: 562 ms
Input: 5250000,
Cold Start: false
Unique ID: c0bb5dff-10aa-4d4a-acc3-182f3ab9514b,
Billed Duration for Request c0bb5dff-10aa-4d4a-acc3-182f3ab9514b: 525 ms
Input: 5250000,
Cold Start: false
Unique ID: dca1cb5b-f61e-4333-a01d-cb3691ec1d3a,
Billed Duration for Request dca1cb5b-f61e-4333-a01d-cb3691ec1d3a: 509 ms
Input: 5250000,
Cold Start: false
Unique ID: d1c193d1-5002-4bfa-8c5b-eaa71bbc28fb,
Billed Duration for Request d1c193d1-5002-4bfa-8c5b-eaa71bbc28fb: 580 ms
Input: 5250000,
Cold Start: false
Unique ID: 96c91e39-717e-4193-a482-6c81d170bb58,
Billed Duration for Request 96c91e39-717e-4193-a482-6c81d170bb58: 569 ms
Input: 5250000,
Cold Start: false
Unique ID: 7c2dc358-0a93-4637-8a9c-411ee6903ed3,
Billed Duration for Request 7c2dc358-0a93-4637-8a9c-411ee6903ed3: 511 ms
Input: 5250000,
Cold Start: false
Unique ID: 1b371c7c-cdb8-48f8-88d8-7ad683199af1,
Billed Duration for Request 1b371c7c-cdb8-48f8-88d8-7ad683199af1: 509 ms
Input: 5250000,
Cold Start: false
Unique ID: 3f4b253b-85a9-4836-a631-e51abb61e837,
Billed Duration for Request 3f4b253b-85a9-4836-a631-e51abb61e837: 550 ms
Input: 5250000,
Cold Start: false
Unique ID: d63a8121-ea35-41b9-a044-06b4d2b30813,
Billed Duration for Request d63a8121-ea35-41b9-a044-06b4d2b30813: 564 ms
Input: 5250000,
Cold Start: false
Unique ID: aa399ab9-a909-4bb5-bf02-1fc88639a16d,
Billed Duration for Request aa399ab9-a909-4bb5-bf02-1fc88639a16d: 522 ms
Input: 5250000,
Cold Start: false
Unique ID: c7a5b9a1-4901-4950-803f-adb649de9b94,
Billed Duration for Request c7a5b9a1-4901-4950-803f-adb649de9b94: 514 ms
Input: 5250000,
Cold Start: false
Unique ID: 152ed651-3f0d-474a-9835-effc0ae11d36,
Billed Duration for Request 152ed651-3f0d-474a-9835-effc0ae11d36: 569 ms
Input: 5250000,
Cold Start: false
Unique ID: b2103bec-ce97-4a4c-9572-155fb925c58a,
Billed Duration for Request b2103bec-ce97-4a4c-9572-155fb925c58a: 556 ms
Input: 5250000,
Cold Start: false
Unique ID: 0d636a4c-fcf6-4a9e-aa3f-0e1bafb975f6,
Billed Duration for Request 0d636a4c-fcf6-4a9e-aa3f-0e1bafb975f6: 516 ms
Input: 5250000,
Cold Start: false
Unique ID: 1f7e683c-b805-4f51-bcbc-18c2be106d1d,
Billed Duration for Request 1f7e683c-b805-4f51-bcbc-18c2be106d1d: 509 ms
Input: 5250000,
Cold Start: false
Unique ID: a1b3a5cf-8e68-4140-8a85-fa408d5e7faf,
Billed Duration for Request a1b3a5cf-8e68-4140-8a85-fa408d5e7faf: 568 ms
Input: 5250000,
Cold Start: false
Unique ID: b7f15cda-293d-408b-807a-482569ca7873,
Billed Duration for Request b7f15cda-293d-408b-807a-482569ca7873: 527 ms
Input: 5250000,
Cold Start: false
Unique ID: 65bcd99c-577f-4bb6-a9dc-5cd7da57a6a8,
Billed Duration for Request 65bcd99c-577f-4bb6-a9dc-5cd7da57a6a8: 569 ms
Input: 5250000,
Cold Start: false
Unique ID: 34763bde-a2f5-4276-aa86-f9b042747b77,
Billed Duration for Request 34763bde-a2f5-4276-aa86-f9b042747b77: 515 ms
Input: 5250000,
Cold Start: false
Unique ID: 2a3d1c85-9e8d-4364-ac04-7a424cb54087,
Billed Duration for Request 2a3d1c85-9e8d-4364-ac04-7a424cb54087: 562 ms
Input: 5250000,
Cold Start: false
Unique ID: d4bf51d0-70d6-4826-9bd1-1496e3cd68cd,
Billed Duration for Request d4bf51d0-70d6-4826-9bd1-1496e3cd68cd: 516 ms
Input: 5250000,
Cold Start: false
Unique ID: b83592a4-12d6-4bf5-a727-24c8b3ca8bc6,
Billed Duration for Request b83592a4-12d6-4bf5-a727-24c8b3ca8bc6: 562 ms
Input: 5250000,
Cold Start: false
Unique ID: f04db2d0-4df5-4f48-8453-9a67d445ddaa,
Billed Duration for Request f04db2d0-4df5-4f48-8453-9a67d445ddaa: 508 ms
Input: 5250000,
Cold Start: false
Unique ID: 70f01091-4f98-4cce-bead-b7332dabcc18,
Billed Duration for Request 70f01091-4f98-4cce-bead-b7332dabcc18: 566 ms
Input: 5250000,
Cold Start: false
Unique ID: cc3afb42-fc34-4d75-8ed3-745862fe31d9,
Billed Duration for Request cc3afb42-fc34-4d75-8ed3-745862fe31d9: 577 ms
Input: 5250000,
Cold Start: false
Unique ID: 753d83a9-43d6-493e-b721-59e65dd9d145,
Billed Duration for Request 753d83a9-43d6-493e-b721-59e65dd9d145: 505 ms
Input: 5250000,
Cold Start: false
Unique ID: 77652a39-991a-49d2-b402-c3adb91cff8d,
Billed Duration for Request 77652a39-991a-49d2-b402-c3adb91cff8d: 509 ms
Input: 5250000,
Cold Start: false
Unique ID: c9b594f0-1025-49ac-8b94-a3066382c1bc,
Billed Duration for Request c9b594f0-1025-49ac-8b94-a3066382c1bc: 555 ms
Input: 5250000,
Cold Start: false
Unique ID: d88c314d-14eb-4f74-aa7d-4a7a244c493d,
Billed Duration for Request d88c314d-14eb-4f74-aa7d-4a7a244c493d: 561 ms
Input: 5250000,
Cold Start: false
Unique ID: 53eddf0f-874f-47c8-b794-8b5be0604b74,
Billed Duration for Request 53eddf0f-874f-47c8-b794-8b5be0604b74: 518 ms
Input: 5250000,
Cold Start: false
Unique ID: 482bc573-89bb-40f7-923c-ecd6d262ea34,
Billed Duration for Request 482bc573-89bb-40f7-923c-ecd6d262ea34: 508 ms
Input: 5250000,
Cold Start: false
Unique ID: f6aeda0e-5451-460c-9a0d-13889a3221cf,
Billed Duration for Request f6aeda0e-5451-460c-9a0d-13889a3221cf: 552 ms
Input: 5250000,
Cold Start: false
Unique ID: e6da1735-3274-4f62-9562-39633d1538ba,
Billed Duration for Request e6da1735-3274-4f62-9562-39633d1538ba: 565 ms
Input: 5250000,
Cold Start: false
Unique ID: ec982ea5-a40c-4ecd-85a6-ecd2072aa0b9,
Billed Duration for Request ec982ea5-a40c-4ecd-85a6-ecd2072aa0b9: 526 ms
Input: 5250000,
Cold Start: false
Unique ID: 16b8e1f5-b59d-40ca-8d1e-3ec65a12953c,
Billed Duration for Request 16b8e1f5-b59d-40ca-8d1e-3ec65a12953c: 518 ms
Input: 5250000,
Cold Start: false
Unique ID: 04c89d8a-a20f-44d9-bf33-ace3db99cc69,
Billed Duration for Request 04c89d8a-a20f-44d9-bf33-ace3db99cc69: 557 ms
Input: 5250000,
Cold Start: false
Unique ID: 28c71846-38df-42c7-9227-f3fa58adbd28,
Billed Duration for Request 28c71846-38df-42c7-9227-f3fa58adbd28: 556 ms
Input: 5250000,
Cold Start: false
Unique ID: 39f795c8-390a-4aa7-8dee-fe2e1c2e4905,
Billed Duration for Request 39f795c8-390a-4aa7-8dee-fe2e1c2e4905: 519 ms
Input: 5250000,
Cold Start: false
Unique ID: 710ea45a-70e4-4f12-96dc-ef82ee01ce77,
Billed Duration for Request 710ea45a-70e4-4f12-96dc-ef82ee01ce77: 509 ms
Input: 5250000,
Cold Start: false
Unique ID: 1b1ccfbf-8474-4f50-9a7b-2596247ce0e1,
Billed Duration for Request 1b1ccfbf-8474-4f50-9a7b-2596247ce0e1: 549 ms
Input: 5250000,
Cold Start: false
Unique ID: 54f5c4bc-4ff0-4bcb-8baa-7cbb74b0aa57,
Billed Duration for Request 54f5c4bc-4ff0-4bcb-8baa-7cbb74b0aa57: 562 ms
Input: 5250000,
Cold Start: false
Unique ID: 7f4f9d69-1fda-4043-9515-69185797d235,
Billed Duration for Request 7f4f9d69-1fda-4043-9515-69185797d235: 510 ms
Input: 5250000,
Cold Start: false
Unique ID: 4fab267c-c346-4c5e-8a56-8606551ad296,
Billed Duration for Request 4fab267c-c346-4c5e-8a56-8606551ad296: 521 ms
Input: 5250000,
Cold Start: false
Unique ID: 5a29fe08-665f-4971-928b-e1694ba9a04a,
Billed Duration for Request 5a29fe08-665f-4971-928b-e1694ba9a04a: 550 ms
Input: 5250000,
Cold Start: false
Unique ID: 1320bce0-4b63-4510-b0d5-737d62beabc3,
Billed Duration for Request 1320bce0-4b63-4510-b0d5-737d62beabc3: 561 ms
Input: 5250000,
Cold Start: false
Unique ID: 319ab1d1-8740-4f05-b806-8c27c77b657b,
Billed Duration for Request 319ab1d1-8740-4f05-b806-8c27c77b657b: 518 ms
Input: 5250000,
Cold Start: false
Unique ID: 48971110-4fee-40d0-ac75-7c08f02507a3,
Billed Duration for Request 48971110-4fee-40d0-ac75-7c08f02507a3: 508 ms
Input: 5250000,
Cold Start: false
Unique ID: dca4e29b-696d-4777-a89b-5048d2bf4f0e,
Billed Duration for Request dca4e29b-696d-4777-a89b-5048d2bf4f0e: 568 ms
Input: 5250000,
Cold Start: false
Unique ID: 5ea6c6f5-7e46-4b7e-93a9-a9d380d68551,
Billed Duration for Request 5ea6c6f5-7e46-4b7e-93a9-a9d380d68551: 519 ms
Input: 5250000,
Cold Start: false
Unique ID: 04e4843d-01b5-4d28-8a77-8c3f5e556301,
Billed Duration for Request 04e4843d-01b5-4d28-8a77-8c3f5e556301: 558 ms
Input: 5250000,
Cold Start: false
Unique ID: 7e9428b8-f3b1-4241-8b76-17b8a685e239,
Billed Duration for Request 7e9428b8-f3b1-4241-8b76-17b8a685e239: 513 ms
Input: 5250000,
Cold Start: false
Unique ID: 38f01907-5a37-49df-a77d-11baa561f732,
Billed Duration for Request 38f01907-5a37-49df-a77d-11baa561f732: 560 ms
Input: 5250000,
Cold Start: false
Unique ID: 78450ece-c3a3-408a-b88c-17796d08a877,
Billed Duration for Request 78450ece-c3a3-408a-b88c-17796d08a877: 557 ms
Input: 5250000,
Cold Start: false
Unique ID: 7fffca84-9592-40c4-bfbb-f3402e24caef,
Billed Duration for Request 7fffca84-9592-40c4-bfbb-f3402e24caef: 517 ms
Input: 5250000,
Cold Start: false
Unique ID: 467d4846-48c4-47dd-8545-14719e467435,
Billed Duration for Request 467d4846-48c4-47dd-8545-14719e467435: 507 ms
Input: 5250000,
Cold Start: false
Unique ID: 61cb0a80-2d7d-4a0e-b745-0bc98bcca04b,
Billed Duration for Request 61cb0a80-2d7d-4a0e-b745-0bc98bcca04b: 564 ms
Input: 5250000,
Cold Start: false
Unique ID: 82341c59-7355-4145-8662-c5fe7aed61a8,
Billed Duration for Request 82341c59-7355-4145-8662-c5fe7aed61a8: 559 ms
Input: 5250000,
Cold Start: false
Unique ID: 0964fd69-d2dd-47d6-84f7-e422c1f1a356,
Billed Duration for Request 0964fd69-d2dd-47d6-84f7-e422c1f1a356: 509 ms
Input: 5250000,
Cold Start: false
Unique ID: ceb353f8-fb7f-412c-a70d-30c6499091f5,
Billed Duration for Request ceb353f8-fb7f-412c-a70d-30c6499091f5: 559 ms
Input: 5250000,
Cold Start: false
Unique ID: b00e3c5d-9547-45d5-a058-88ee1f1d618a,
Billed Duration for Request b00e3c5d-9547-45d5-a058-88ee1f1d618a: 527 ms
Input: 5250000,
Cold Start: false
Unique ID: c0fce15b-e00f-4206-8741-49039d947fa2,
Billed Duration for Request c0fce15b-e00f-4206-8741-49039d947fa2: 516 ms
Input: 5250000,
Cold Start: false
Unique ID: 2c8beced-de5d-4c81-b1d4-b6d7453748b1,
Billed Duration for Request 2c8beced-de5d-4c81-b1d4-b6d7453748b1: 557 ms
Input: 5250000,
Cold Start: false
Unique ID: 7819dd01-d167-4980-a680-e4c2a486c481,
Billed Duration for Request 7819dd01-d167-4980-a680-e4c2a486c481: 517 ms
Input: 5250000,
Cold Start: false
Unique ID: f4076f88-a764-407c-afd2-8b1db7b106ee,
Billed Duration for Request f4076f88-a764-407c-afd2-8b1db7b106ee: 562 ms
Input: 5250000,
Cold Start: false
Unique ID: 5c814846-011f-4658-9ad5-56ddd6328972,
Billed Duration for Request 5c814846-011f-4658-9ad5-56ddd6328972: 515 ms
Input: 5250000,
Cold Start: false
Unique ID: 897eccbb-d1a7-43fa-a3ea-76f0b226dead,
Billed Duration for Request 897eccbb-d1a7-43fa-a3ea-76f0b226dead: 548 ms
Input: 5250000,
Cold Start: false
Unique ID: 13e2ba92-9635-410b-a73e-fef6f10ce832,
Billed Duration for Request 13e2ba92-9635-410b-a73e-fef6f10ce832: 510 ms
Input: 5250000,
Cold Start: false
Unique ID: 51c67d39-bfd0-4cd4-a539-a63946de5144,
Billed Duration for Request 51c67d39-bfd0-4cd4-a539-a63946de5144: 560 ms
Input: 5250000,
Cold Start: false
Unique ID: 61642b15-d351-4873-b43f-06e92034ec8f,
Billed Duration for Request 61642b15-d351-4873-b43f-06e92034ec8f: 510 ms
Input: 5250000,
Cold Start: false
Unique ID: 44a381cb-2e49-407d-9fc0-e91331718460,
Billed Duration for Request 44a381cb-2e49-407d-9fc0-e91331718460: 568 ms
Input: 5250000,
Cold Start: false
Unique ID: a9fe77c7-3ba4-442f-a5c1-f39c0795bf63,
Billed Duration for Request a9fe77c7-3ba4-442f-a5c1-f39c0795bf63: 520 ms
Input: 5250000,
Cold Start: false
Unique ID: f5220403-9279-4a11-98f6-35ded55ce167,
Billed Duration for Request f5220403-9279-4a11-98f6-35ded55ce167: 560 ms
Input: 5250000,
Cold Start: false
Unique ID: d175a692-ee81-44b6-bd05-91b864401f7c,
Billed Duration for Request d175a692-ee81-44b6-bd05-91b864401f7c: 509 ms
Input: 5250000,
Cold Start: false
Unique ID: 37e4cad5-bc80-42d9-bc69-8221d72cf1b8,
Billed Duration for Request 37e4cad5-bc80-42d9-bc69-8221d72cf1b8: 561 ms
Input: 5250000,
Cold Start: false
Unique ID: d0b9c7c1-3d36-4fa7-9480-79322db207db,
Billed Duration for Request d0b9c7c1-3d36-4fa7-9480-79322db207db: 559 ms
Input: 5250000,
Cold Start: false
Unique ID: eb2697ce-4123-4431-a4fc-c320b6f04bd4,
Billed Duration for Request eb2697ce-4123-4431-a4fc-c320b6f04bd4: 513 ms
Input: 5250000,
Cold Start: false
Unique ID: 415237c0-ea8d-4459-ab04-c79fdafb1398,
Billed Duration for Request 415237c0-ea8d-4459-ab04-c79fdafb1398: 527 ms
Input: 5250000,
Cold Start: false
Unique ID: eedd6c40-8976-471b-9ec1-732661cebeec,
Billed Duration for Request eedd6c40-8976-471b-9ec1-732661cebeec: 566 ms
Input: 5250000,
Cold Start: false
Unique ID: edd7077c-4d77-4059-b646-7611b08669ff,
Billed Duration for Request edd7077c-4d77-4059-b646-7611b08669ff: 545 ms
Input: 5250000,
Cold Start: false
Unique ID: 5d212cd6-12d0-4afb-9eeb-e519879a1552,
Billed Duration for Request 5d212cd6-12d0-4afb-9eeb-e519879a1552: 603 ms
Input: 5250000,
Cold Start: false
Unique ID: 830c0cb1-bce3-4f1e-8ca6-6c69ba708731,
Billed Duration for Request 830c0cb1-bce3-4f1e-8ca6-6c69ba708731: 583 ms
Input: 5250000,
Cold Start: false
Unique ID: 97292c27-4c94-4d85-8879-e5331f06f218,
Billed Duration for Request 97292c27-4c94-4d85-8879-e5331f06f218: 556 ms
Input: 5250000,
Cold Start: false
Unique ID: 1921343e-1b14-49c4-a3e3-afcbed47611b,
Billed Duration for Request 1921343e-1b14-49c4-a3e3-afcbed47611b: 526 ms
Input: 5250000,
Cold Start: false
Unique ID: 61afb9a6-c93b-487c-99a6-13477254d29a,
Billed Duration for Request 61afb9a6-c93b-487c-99a6-13477254d29a: 564 ms
Input: 5250000,
Cold Start: false
Unique ID: a4454fcb-bce4-48d2-b5fc-43efbf241d5e,
Billed Duration for Request a4454fcb-bce4-48d2-b5fc-43efbf241d5e: 552 ms
Input: 5250000,
Cold Start: false
Unique ID: 02905d35-73b3-446c-a021-51b27a7f687f,
Billed Duration for Request 02905d35-73b3-446c-a021-51b27a7f687f: 515 ms
Input: 5250000,
Cold Start: false
Unique ID: 4144a112-a5ae-47ad-ac45-a8eb9eac58e6,
Billed Duration for Request 4144a112-a5ae-47ad-ac45-a8eb9eac58e6: 528 ms
Input: 5250000,
Cold Start: false
Unique ID: 1fdc9495-e862-4aa4-9d02-b8fdf90d5e2a,
Billed Duration for Request 1fdc9495-e862-4aa4-9d02-b8fdf90d5e2a: 564 ms
Input: 5250000,
Cold Start: false
Unique ID: 45e94c3a-fbe9-4c52-8021-7137007d567d,
Billed Duration for Request 45e94c3a-fbe9-4c52-8021-7137007d567d: 552 ms
Input: 5250000,
Cold Start: false
Unique ID: 64002016-000c-4aab-a17a-d4305ea76f00,
Billed Duration for Request 64002016-000c-4aab-a17a-d4305ea76f00: 543 ms
Input: 5250000,
Cold Start: false
Unique ID: 96bb121b-e0fd-48de-bdce-f5591fd1b735,
Billed Duration for Request 96bb121b-e0fd-48de-bdce-f5591fd1b735: 534 ms
Input: 5250000,
Cold Start: false
Unique ID: 1297276d-8104-42f5-b7ac-b1067ef4fa1a,
Billed Duration for Request 1297276d-8104-42f5-b7ac-b1067ef4fa1a: 561 ms
Input: 5250000,
Cold Start: false
Unique ID: e0f79256-e4ea-4a7a-a9bf-4b20323a4a47,
Billed Duration for Request e0f79256-e4ea-4a7a-a9bf-4b20323a4a47: 552 ms
Input: 5250000,
Cold Start: false
Unique ID: 4016b0c6-870c-47bc-a458-3bdf3314e99c,
Billed Duration for Request 4016b0c6-870c-47bc-a458-3bdf3314e99c: 516 ms
Input: 5250000,
Cold Start: false
Unique ID: f327c624-1329-488d-b35f-6c3a5f25279c,
Billed Duration for Request f327c624-1329-488d-b35f-6c3a5f25279c: 523 ms
Input: 5250000,
Cold Start: false
Unique ID: 34f38db6-822b-4875-828c-9707f8f07465,
Billed Duration for Request 34f38db6-822b-4875-828c-9707f8f07465: 545 ms
Input: 5250000,
Cold Start: false
Unique ID: 58e7d675-bcc7-45b4-a98f-113dca4019a0,
Billed Duration for Request 58e7d675-bcc7-45b4-a98f-113dca4019a0: 576 ms
Input: 5250000,
Cold Start: false
Unique ID: b853b8af-8098-46c6-920d-6daacd49e2e6,
Billed Duration for Request b853b8af-8098-46c6-920d-6daacd49e2e6: 539 ms
Input: 5250000,
Cold Start: false
Unique ID: 75a3d55b-2a68-4a7a-9720-d8d645fa543f,
Billed Duration for Request 75a3d55b-2a68-4a7a-9720-d8d645fa543f: 557 ms
Input: 5250000,
Cold Start: false
Unique ID: d171d8d6-5a66-4b54-8052-5082734448dc,
Billed Duration for Request d171d8d6-5a66-4b54-8052-5082734448dc: 547 ms
Input: 5250000,
Cold Start: false
Unique ID: ded900bb-c83d-40d5-a956-63303a7871b3,
Billed Duration for Request ded900bb-c83d-40d5-a956-63303a7871b3: 534 ms
Input: 5250000,
Cold Start: false
Unique ID: 93d36639-3615-4832-a5ae-db89a18243f1,
Billed Duration for Request 93d36639-3615-4832-a5ae-db89a18243f1: 519 ms
Input: 5250000,
Cold Start: false
Unique ID: 91ec41e3-543f-4f34-9e57-75d1f10cedbe,
Billed Duration for Request 91ec41e3-543f-4f34-9e57-75d1f10cedbe: 538 ms
Input: 5250000,
Cold Start: false
Unique ID: b6a477f4-013a-4ae4-bbc8-a512a69898e6,
Billed Duration for Request b6a477f4-013a-4ae4-bbc8-a512a69898e6: 546 ms
Input: 5250000,
Cold Start: false
Unique ID: 54c2914f-883d-4933-8a01-b6afea2dd2b1,
Billed Duration for Request 54c2914f-883d-4933-8a01-b6afea2dd2b1: 558 ms
Input: 5250000,
Cold Start: false
Unique ID: c56c20ea-6ca0-4979-9b6c-43af1c3a7c04,
Billed Duration for Request c56c20ea-6ca0-4979-9b6c-43af1c3a7c04: 546 ms
Input: 5250000,
Cold Start: false
Unique ID: 9969a0af-2843-41fb-b54f-8ef33acb6ba9,
Billed Duration for Request 9969a0af-2843-41fb-b54f-8ef33acb6ba9: 536 ms
Input: 5250000,
Cold Start: false
Unique ID: c9064b5e-d53e-4258-acee-c7855b99fa2e,
Billed Duration for Request c9064b5e-d53e-4258-acee-c7855b99fa2e: 562 ms
Input: 5250000,
Cold Start: false
Unique ID: 9cf8894f-4403-4772-b0b8-8f82f631adab,
Billed Duration for Request 9cf8894f-4403-4772-b0b8-8f82f631adab: 558 ms
Input: 5250000,
Cold Start: false
Unique ID: 390bae64-d404-4bfe-be6e-fe9988c7d9a7,
Billed Duration for Request 390bae64-d404-4bfe-be6e-fe9988c7d9a7: 519 ms
Input: 5250000,
Cold Start: false
Unique ID: 4bcac7a9-b674-4ddd-a2d7-14740cf06b83,
Billed Duration for Request 4bcac7a9-b674-4ddd-a2d7-14740cf06b83: 515 ms
Input: 5250000,
Cold Start: false
Unique ID: 9bb96395-2875-4f96-984a-4ce11aa6e359,
Billed Duration for Request 9bb96395-2875-4f96-984a-4ce11aa6e359: 523 ms
Input: 5250000,
Cold Start: false
Unique ID: 522b6af1-f76f-4a9d-9e39-9f8f40d1feae,
Billed Duration for Request 522b6af1-f76f-4a9d-9e39-9f8f40d1feae: 565 ms
Input: 5250000,
Cold Start: false
Unique ID: 0844d74d-bbf9-4aa2-9fcb-9c9f547874a0,
Billed Duration for Request 0844d74d-bbf9-4aa2-9fcb-9c9f547874a0: 538 ms
Input: 5250000,
Cold Start: false
Unique ID: 1ee01b3a-8dde-4e68-99c8-2d040dcae09f,
Billed Duration for Request 1ee01b3a-8dde-4e68-99c8-2d040dcae09f: 541 ms
Input: 5250000,
Cold Start: false
Unique ID: e8d7dc6e-d208-437d-8bd2-518a03228877,
Billed Duration for Request e8d7dc6e-d208-437d-8bd2-518a03228877: 561 ms
Input: 5250000,
Cold Start: false
Unique ID: 68836a44-dd40-414d-a5fc-70a3b9bdf63d,
Billed Duration for Request 68836a44-dd40-414d-a5fc-70a3b9bdf63d: 536 ms
Input: 5250000,
Cold Start: false
Unique ID: 4c17b0b7-1f4e-4f2e-9e73-21d98a302c08,
Billed Duration for Request 4c17b0b7-1f4e-4f2e-9e73-21d98a302c08: 515 ms
Input: 5250000,
Cold Start: false
Unique ID: f8ad20ef-4cfb-474c-bca6-7d12d1e93149,
Billed Duration for Request f8ad20ef-4cfb-474c-bca6-7d12d1e93149: 543 ms
Input: 5250000,
Cold Start: false
Unique ID: 3b41aa3b-d264-420c-a317-c204931ec7d3,
Billed Duration for Request 3b41aa3b-d264-420c-a317-c204931ec7d3: 544 ms
Input: 5250000,
Cold Start: false
Unique ID: cc3b40ee-b41d-453c-9a3d-ac69462abaf1,
Billed Duration for Request cc3b40ee-b41d-453c-9a3d-ac69462abaf1: 557 ms
Input: 5250000,
Cold Start: false
Unique ID: bf4308c6-fbc7-4d64-ad35-990abf075fc8,
Billed Duration for Request bf4308c6-fbc7-4d64-ad35-990abf075fc8: 544 ms
Input: 5250000,
Cold Start: false
Unique ID: 4cacad04-9b02-41a1-ab60-80ca09b49dcc,
Billed Duration for Request 4cacad04-9b02-41a1-ab60-80ca09b49dcc: 537 ms
Input: 5250000,
Cold Start: false
Unique ID: d40e5599-d9ac-418a-a658-8ece144a9fa4,
Billed Duration for Request d40e5599-d9ac-418a-a658-8ece144a9fa4: 569 ms
Input: 5250000,
Cold Start: false
Unique ID: 1cf4953f-8d56-4e63-b81b-deb3afef68f8,
Billed Duration for Request 1cf4953f-8d56-4e63-b81b-deb3afef68f8: 548 ms
Input: 5250000,
Cold Start: false
Unique ID: bb3b2ec9-e84a-4fe4-9012-90c4be1a578e,
Billed Duration for Request bb3b2ec9-e84a-4fe4-9012-90c4be1a578e: 519 ms
Input: 5250000,
Cold Start: false
Unique ID: d2088505-1794-4d6e-bc8a-2523377bd61e,
Billed Duration for Request d2088505-1794-4d6e-bc8a-2523377bd61e: 515 ms
Input: 5250000,
Cold Start: false
Unique ID: d879fb6e-d9cc-4054-8fa3-b04a1f435897,
Billed Duration for Request d879fb6e-d9cc-4054-8fa3-b04a1f435897: 549 ms
Input: 5250000,
Cold Start: false
Unique ID: 6fc1abff-4068-4472-bb72-c6d2bb37d278,
Billed Duration for Request 6fc1abff-4068-4472-bb72-c6d2bb37d278: 561 ms
Input: 5250000,
Cold Start: false
Unique ID: e53f646d-462c-41b5-9965-13c2ce45dc73,
Billed Duration for Request e53f646d-462c-41b5-9965-13c2ce45dc73: 540 ms
Input: 5250000,
Cold Start: false
Unique ID: 82252770-73ca-421d-958c-42d1bd7cdeb0,
Billed Duration for Request 82252770-73ca-421d-958c-42d1bd7cdeb0: 533 ms
Input: 5250000,
Cold Start: false
Unique ID: fbc74be5-f26a-427b-8d15-942e17a83b30,
Billed Duration for Request fbc74be5-f26a-427b-8d15-942e17a83b30: 551 ms
Input: 5250000,
Cold Start: false
Unique ID: e0c79622-a785-4613-8cad-1fb1483c60bf,
Billed Duration for Request e0c79622-a785-4613-8cad-1fb1483c60bf: 553 ms
Input: 5250000,
Cold Start: false
Unique ID: c73ec2d8-384f-40e8-8a8f-631e0f4c25e0,
Billed Duration for Request c73ec2d8-384f-40e8-8a8f-631e0f4c25e0: 511 ms
Input: 5250000,
Cold Start: false
Unique ID: 43ac168d-82f8-404a-b25a-efc3e14450d5,
Billed Duration for Request 43ac168d-82f8-404a-b25a-efc3e14450d5: 540 ms
Input: 5250000,
Cold Start: false
Unique ID: 20d36910-f3ef-4a73-a2a9-a7d05981b024,
Billed Duration for Request 20d36910-f3ef-4a73-a2a9-a7d05981b024: 548 ms
Input: 5250000,
Cold Start: false
Unique ID: 5d9ed19a-b9ea-4d01-91eb-6eb696fc0f4a,
Billed Duration for Request 5d9ed19a-b9ea-4d01-91eb-6eb696fc0f4a: 556 ms
Input: 5250000,
Cold Start: false
Unique ID: eeb97c9f-73d7-4b43-811c-a9afe9ac1155,
Billed Duration for Request eeb97c9f-73d7-4b43-811c-a9afe9ac1155: 546 ms
Input: 5250000,
Cold Start: false
Unique ID: c2cb68e0-597e-4c6b-89c0-a5e6ab39edb2,
Billed Duration for Request c2cb68e0-597e-4c6b-89c0-a5e6ab39edb2: 534 ms
Input: 5250000,
Cold Start: false
Unique ID: 7727ba12-c156-4b5b-8d84-c4cf122ab276,
Billed Duration for Request 7727ba12-c156-4b5b-8d84-c4cf122ab276: 568 ms
Input: 5250000,
Cold Start: false
Unique ID: 0023da2e-6e8a-4cb1-8ba6-c15a593bd781,
Billed Duration for Request 0023da2e-6e8a-4cb1-8ba6-c15a593bd781: 554 ms
Input: 5250000,
Cold Start: false
Unique ID: cf5699d1-d04f-4b48-9ece-9eb414be4084,
Billed Duration for Request cf5699d1-d04f-4b48-9ece-9eb414be4084: 515 ms
Input: 5250000,
Cold Start: false
Unique ID: cca0bdcf-f2d1-4ec6-b42c-2c27b8f7132b,
Billed Duration for Request cca0bdcf-f2d1-4ec6-b42c-2c27b8f7132b: 520 ms
Input: 5250000,
Cold Start: false
Unique ID: b35dd661-2b71-47c0-84b4-59ddedc2b77b,
Billed Duration for Request b35dd661-2b71-47c0-84b4-59ddedc2b77b: 548 ms
Input: 5250000,
Cold Start: false
Unique ID: 545c1321-0b9c-4bbe-89d0-28dc8f9a09b6,
Billed Duration for Request 545c1321-0b9c-4bbe-89d0-28dc8f9a09b6: 562 ms
Input: 5250000,
Cold Start: false
Unique ID: 0fd96bbb-f671-479d-9ffe-bfe78c6ae20d,
Billed Duration for Request 0fd96bbb-f671-479d-9ffe-bfe78c6ae20d: 525 ms
Input: 5250000,
Cold Start: false
Unique ID: b452c488-a13a-4ea5-bd33-461bf48319cd,
Billed Duration for Request b452c488-a13a-4ea5-bd33-461bf48319cd: 551 ms
Input: 5250000,
Cold Start: false
Unique ID: d6fc4fe7-dccb-4654-a5db-e047f85d0bdb,
Billed Duration for Request d6fc4fe7-dccb-4654-a5db-e047f85d0bdb: 567 ms
Input: 5250000,
Cold Start: false
Unique ID: 43c81d38-d84e-487f-9d4e-fb2a706f15d7,
Billed Duration for Request 43c81d38-d84e-487f-9d4e-fb2a706f15d7: 535 ms
Input: 5250000,
Cold Start: false
Unique ID: 01b783d0-1736-46ab-b120-c077a66943d0,
Billed Duration for Request 01b783d0-1736-46ab-b120-c077a66943d0: 515 ms
Input: 5250000,
Cold Start: false
Unique ID: d6d9776c-1f16-4821-830a-54d175be8af8,
Billed Duration for Request d6d9776c-1f16-4821-830a-54d175be8af8: 524 ms
Input: 5250000,
Cold Start: false
Unique ID: 3d0b1db4-7a7f-4fed-82c7-c04ea218de55,
Billed Duration for Request 3d0b1db4-7a7f-4fed-82c7-c04ea218de55: 544 ms
Input: 5250000,
Cold Start: false
Unique ID: 3056e15f-6781-480a-afcc-fdae37cb2d37,
Billed Duration for Request 3056e15f-6781-480a-afcc-fdae37cb2d37: 560 ms
Input: 5250000,
Cold Start: false
Unique ID: 8da00874-ec55-4a1a-a169-747180c6ac89,
Billed Duration for Request 8da00874-ec55-4a1a-a169-747180c6ac89: 542 ms
Input: 5250000,
Cold Start: false
Unique ID: be53156f-d928-4ef4-b50c-55e80dbff81b,
Billed Duration for Request be53156f-d928-4ef4-b50c-55e80dbff81b: 530 ms
Input: 5250000,
Cold Start: false
Unique ID: 82192f52-caf4-4d6c-8b1e-ce776dcb9a40,
Billed Duration for Request 82192f52-caf4-4d6c-8b1e-ce776dcb9a40: 553 ms
Input: 5250000,
Cold Start: false
Unique ID: 318aeac8-c95a-4b7a-8932-ad1ec6580594,
Billed Duration for Request 318aeac8-c95a-4b7a-8932-ad1ec6580594: 548 ms
Input: 5250000,
Cold Start: false
Unique ID: 89ed61c2-db7e-4be9-a2e8-ff4336391154,
Billed Duration for Request 89ed61c2-db7e-4be9-a2e8-ff4336391154: 515 ms
Input: 5250000,
Cold Start: false
Unique ID: 74248bf9-94d0-4d0f-8e06-98b006be711d,
Billed Duration for Request 74248bf9-94d0-4d0f-8e06-98b006be711d: 519 ms
Input: 5250000,
Cold Start: false
Unique ID: 042ac47d-82a0-49a2-b1dc-71ad9ed3edce,
Billed Duration for Request 042ac47d-82a0-49a2-b1dc-71ad9ed3edce: 549 ms
Input: 5250000,
Cold Start: false
Unique ID: 3f834fe2-964f-496f-a3fb-6999b903cd47,
Billed Duration for Request 3f834fe2-964f-496f-a3fb-6999b903cd47: 540 ms
Input: 5250000,
Cold Start: false
Unique ID: 1b5ccb2c-fb5f-497f-9bfa-c708321dd97b,
Billed Duration for Request 1b5ccb2c-fb5f-497f-9bfa-c708321dd97b: 525 ms
Input: 5250000,
Cold Start: false
Unique ID: 423e4ba0-23c8-40c3-b0d6-86790e645239,
Billed Duration for Request 423e4ba0-23c8-40c3-b0d6-86790e645239: 548 ms
Input: 5250000,
Cold Start: false
Unique ID: acb6649d-234d-4ece-9453-261c1efa6b2b,
Billed Duration for Request acb6649d-234d-4ece-9453-261c1efa6b2b: 589 ms
Input: 5250000,
Cold Start: false
Unique ID: e2acbba8-d6a1-449f-879e-02072f6bf08e,
Billed Duration for Request e2acbba8-d6a1-449f-879e-02072f6bf08e: 535 ms
Input: 5250000,
Cold Start: false
Unique ID: a649f05f-6764-4328-9386-a0504527a633,
Billed Duration for Request a649f05f-6764-4328-9386-a0504527a633: 515 ms
Input: 5250000,
Cold Start: false
Unique ID: 166fc952-efb6-4bcc-95fe-6a99fb5e60f7,
Billed Duration for Request 166fc952-efb6-4bcc-95fe-6a99fb5e60f7: 520 ms
Input: 5250000,
Cold Start: false
Unique ID: c3191499-1741-4976-9996-f909b19b123c,
Billed Duration for Request c3191499-1741-4976-9996-f909b19b123c: 539 ms
Input: 5250000,
Cold Start: false
Unique ID: 97d614ec-b7c7-4321-8bc8-2c60a6794887,
Billed Duration for Request 97d614ec-b7c7-4321-8bc8-2c60a6794887: 536 ms
Input: 5250000,
Cold Start: false
Unique ID: 34ebb12e-fc19-4d9d-bf35-74450fab4818,
Billed Duration for Request 34ebb12e-fc19-4d9d-bf35-74450fab4818: 536 ms
Input: 5250000,
Cold Start: false
Unique ID: 6d063a7b-a200-45c1-ad71-fc7d96f25435,
Billed Duration for Request 6d063a7b-a200-45c1-ad71-fc7d96f25435: 529 ms
Input: 5250000,
Cold Start: false
Unique ID: 3dbdc432-7c92-4e61-8d08-7f7f35d1d91b,
Billed Duration for Request 3dbdc432-7c92-4e61-8d08-7f7f35d1d91b: 545 ms
Input: 5250000,
Cold Start: false
Unique ID: cdeb9b71-db15-4915-8797-dbfc73f217c7,
Billed Duration for Request cdeb9b71-db15-4915-8797-dbfc73f217c7: 534 ms
Input: 5250000,
Cold Start: false
Unique ID: 4ef096db-d610-41ee-bb92-e8740d1c5ac6,
Billed Duration for Request 4ef096db-d610-41ee-bb92-e8740d1c5ac6: 528 ms
Input: 5250000,
Cold Start: false
Unique ID: 13682965-29a1-49e5-a60f-0ab2ba809533,
Billed Duration for Request 13682965-29a1-49e5-a60f-0ab2ba809533: 522 ms
Input: 5250000,
Cold Start: false
Unique ID: e0681aed-6624-47ba-ae7d-d0a19d1103fe,
Billed Duration for Request e0681aed-6624-47ba-ae7d-d0a19d1103fe: 558 ms
Input: 5250000,
Cold Start: false
Unique ID: bf1547c9-757c-4722-9e90-2045629c566b,
Billed Duration for Request bf1547c9-757c-4722-9e90-2045629c566b: 539 ms
Input: 5250000,
Cold Start: false
Unique ID: b5dab92e-bb2a-4221-827f-4a06bcf32108,
Billed Duration for Request b5dab92e-bb2a-4221-827f-4a06bcf32108: 541 ms
Input: 5250000,
Cold Start: false
Unique ID: 8ab66629-8cd0-417d-ba59-49afa38a323e,
Billed Duration for Request 8ab66629-8cd0-417d-ba59-49afa38a323e: 549 ms
Input: 5250000,
Cold Start: false
Unique ID: b8ca0013-6035-4bf3-8ef4-c3f6d14ac84f,
Billed Duration for Request b8ca0013-6035-4bf3-8ef4-c3f6d14ac84f: 600 ms
Input: 5250000,
Cold Start: false
Unique ID: 4f45c660-bd4b-4809-b43c-030be58a92be,
Billed Duration for Request 4f45c660-bd4b-4809-b43c-030be58a92be: 579 ms
Input: 5250000,
Cold Start: false
Unique ID: 03f16204-d342-49c1-9c47-30636eb14490,
Billed Duration for Request 03f16204-d342-49c1-9c47-30636eb14490: 550 ms
Input: 5250000,
Cold Start: false
Unique ID: 0ac44c8b-b01c-4d2a-a128-d1eb88daf216,
Billed Duration for Request 0ac44c8b-b01c-4d2a-a128-d1eb88daf216: 540 ms
Input: 5250000,
Cold Start: false
Unique ID: 50da6dd3-21d0-4a94-877a-beced0e039d4,
Billed Duration for Request 50da6dd3-21d0-4a94-877a-beced0e039d4: 570 ms
Input: 5250000,
Cold Start: false
Unique ID: 0772c5fd-d3bc-451b-b639-7b2508a32dab,
Billed Duration for Request 0772c5fd-d3bc-451b-b639-7b2508a32dab: 530 ms
Input: 5250000,
Cold Start: false
Unique ID: bd15282e-7a1d-4a1e-8854-66aa8b6c5434,
Billed Duration for Request bd15282e-7a1d-4a1e-8854-66aa8b6c5434: 561 ms
Input: 5250000,
Cold Start: false
Unique ID: 2fb79838-3960-481e-904f-e58902a4e042,
Billed Duration for Request 2fb79838-3960-481e-904f-e58902a4e042: 564 ms
Input: 5250000,
Cold Start: false
Unique ID: 610bb5c3-8f6d-4e6d-a266-901891d7f039,
Billed Duration for Request 610bb5c3-8f6d-4e6d-a266-901891d7f039: 536 ms
Input: 5250000,
Cold Start: false
Unique ID: 115cc857-1462-4efb-93bb-b0bf454c95a7,
Billed Duration for Request 115cc857-1462-4efb-93bb-b0bf454c95a7: 572 ms
Input: 5250000,
Cold Start: false
Unique ID: 9dcd3d28-811c-4573-8593-f9393565fdc8,
Billed Duration for Request 9dcd3d28-811c-4573-8593-f9393565fdc8: 539 ms
Input: 5250000,
Cold Start: false
Unique ID: 93154545-c2a8-4465-93d3-967bc260c723,
Billed Duration for Request 93154545-c2a8-4465-93d3-967bc260c723: 516 ms
Input: 5250000,
Cold Start: false
Unique ID: 4a4b1a8a-e960-4ef2-9e96-6fc182222572,
Billed Duration for Request 4a4b1a8a-e960-4ef2-9e96-6fc182222572: 563 ms
Input: 5250000,
Cold Start: false
Unique ID: 16b97c88-7d98-4187-83e3-97ed5d85d7b2,
Billed Duration for Request 16b97c88-7d98-4187-83e3-97ed5d85d7b2: 569 ms
Input: 5250000,
Cold Start: false
Unique ID: 1c50db8e-b7b4-4664-9880-7976084d213c,
Billed Duration for Request 1c50db8e-b7b4-4664-9880-7976084d213c: 531 ms
Input: 5250000,
Cold Start: false
Unique ID: 220d6732-f0a0-473a-939f-3d855df88003,
Billed Duration for Request 220d6732-f0a0-473a-939f-3d855df88003: 547 ms
Input: 5250000,
Cold Start: false
Unique ID: 054f110c-75f9-491e-866b-2909941c6ccf,
Billed Duration for Request 054f110c-75f9-491e-866b-2909941c6ccf: 558 ms
Input: 5250000,
Cold Start: false
Unique ID: 25df2280-d8ba-460a-ab91-a9f7e59f476b,
Billed Duration for Request 25df2280-d8ba-460a-ab91-a9f7e59f476b: 566 ms
Input: 5250000,
Cold Start: false
Unique ID: 2aed7d4f-9436-4964-a658-24f7990546b3,
Billed Duration for Request 2aed7d4f-9436-4964-a658-24f7990546b3: 523 ms
Input: 5250000,
Cold Start: false
Unique ID: 84da6327-0d2d-4bc6-ac0c-9c1522e463e3,
Billed Duration for Request 84da6327-0d2d-4bc6-ac0c-9c1522e463e3: 532 ms
Input: 5250000,
Cold Start: false
Unique ID: bc45467a-f336-4737-938c-d64e61c79a52,
Billed Duration for Request bc45467a-f336-4737-938c-d64e61c79a52: 558 ms
Input: 5250000,
Cold Start: false
Unique ID: 5b72db65-1941-4829-a57a-e68077d69ca7,
Billed Duration for Request 5b72db65-1941-4829-a57a-e68077d69ca7: 530 ms
Input: 5250000,
Cold Start: false
Unique ID: 844371c4-9afa-4d31-b6b9-9213f9904c4f,
Billed Duration for Request 844371c4-9afa-4d31-b6b9-9213f9904c4f: 568 ms
Input: 5250000,
Cold Start: false
Unique ID: fc511915-cb8e-46d6-a964-896d3a5a8730,
Billed Duration for Request fc511915-cb8e-46d6-a964-896d3a5a8730: 569 ms
Input: 5250000,
Cold Start: false
Unique ID: f9c58b4e-ed89-44b8-8c5f-7d368075ea5d,
Billed Duration for Request f9c58b4e-ed89-44b8-8c5f-7d368075ea5d: 555 ms
Input: 5250000,
Cold Start: false
Unique ID: 4ef996fc-ea41-48fa-89c7-6244946a2f60,
Billed Duration for Request 4ef996fc-ea41-48fa-89c7-6244946a2f60: 523 ms
Input: 5250000,
Cold Start: false
Unique ID: e969d5ac-8817-4ceb-8c3b-7e77ebe31998,
Billed Duration for Request e969d5ac-8817-4ceb-8c3b-7e77ebe31998: 561 ms
Input: 5250000,
Cold Start: false
Unique ID: ccacec14-dd4a-41fe-810f-ac2c042b84a0,
Billed Duration for Request ccacec14-dd4a-41fe-810f-ac2c042b84a0: 568 ms
Input: 5250000,
Cold Start: false
Unique ID: be23ba15-e63f-4201-b568-b55fc2ec9c3a,
Billed Duration for Request be23ba15-e63f-4201-b568-b55fc2ec9c3a: 528 ms
Input: 5250000,
Cold Start: false
Unique ID: 8115d2b2-b4e5-4606-af0d-a4aa1b89f007,
Billed Duration for Request 8115d2b2-b4e5-4606-af0d-a4aa1b89f007: 529 ms
Input: 5250000,
Cold Start: false
Unique ID: 62ad25bc-373a-4273-b3e1-27726b35ceb7,
Billed Duration for Request 62ad25bc-373a-4273-b3e1-27726b35ceb7: 552 ms
Input: 5250000,
Cold Start: false
Unique ID: 00e6e001-8286-4a04-abf1-9b0c3e42de08,
Billed Duration for Request 00e6e001-8286-4a04-abf1-9b0c3e42de08: 565 ms
Input: 5250000,
Cold Start: false
Unique ID: db555a29-de1f-4a4d-82c4-78b2913eacb6,
Billed Duration for Request db555a29-de1f-4a4d-82c4-78b2913eacb6: 521 ms
Input: 5250000,
Cold Start: false
Unique ID: e7a4c264-6c8a-4f8d-bdac-f650d451209f,
Billed Duration for Request e7a4c264-6c8a-4f8d-bdac-f650d451209f: 513 ms
Input: 5250000,
Cold Start: false
Unique ID: 37214a7e-af0c-406e-9390-f0fbf0ccf2c3,
Billed Duration for Request 37214a7e-af0c-406e-9390-f0fbf0ccf2c3: 548 ms
Input: 5250000,
Cold Start: false
Unique ID: 3777ccaa-caff-4e6f-b75e-0b37c9efb1b8,
Billed Duration for Request 3777ccaa-caff-4e6f-b75e-0b37c9efb1b8: 564 ms
Input: 5250000,
Cold Start: false
Unique ID: 8b79b43d-929b-43f2-8469-05db94f7bb68,
Billed Duration for Request 8b79b43d-929b-43f2-8469-05db94f7bb68: 504 ms
Input: 5250000,
Cold Start: false
Unique ID: ffb8641c-521e-47e6-a829-be385e4d3e42,
Billed Duration for Request ffb8641c-521e-47e6-a829-be385e4d3e42: 511 ms
Input: 5250000,
Cold Start: false
Unique ID: e6cc82c2-4c65-40f0-a95d-a2dc385444c1,
Billed Duration for Request e6cc82c2-4c65-40f0-a95d-a2dc385444c1: 565 ms
Input: 5250000,
Cold Start: false
Unique ID: 6f844710-dab7-499e-9ea9-f79a6a8224e3,
Billed Duration for Request 6f844710-dab7-499e-9ea9-f79a6a8224e3: 566 ms
Input: 5250000,
Cold Start: false
Unique ID: 2cadafb2-25bd-46d6-bce4-955436977228,
Billed Duration for Request 2cadafb2-25bd-46d6-bce4-955436977228: 528 ms
Input: 5250000,
Cold Start: false
Unique ID: 2f85fe8b-c974-49ad-9fa4-cbafef363568,
Billed Duration for Request 2f85fe8b-c974-49ad-9fa4-cbafef363568: 515 ms
Input: 5250000,
Cold Start: false
Unique ID: ce780895-fd88-4e3c-826d-f922dd3ad6f4,
Billed Duration for Request ce780895-fd88-4e3c-826d-f922dd3ad6f4: 568 ms
Input: 5250000,
Cold Start: false
Unique ID: 650803f3-eef6-48da-a3a3-27e4ff2c4b0c,
Billed Duration for Request 650803f3-eef6-48da-a3a3-27e4ff2c4b0c: 518 ms
Input: 5250000,
Cold Start: false
Unique ID: ed0ba0d9-ad39-4277-81f8-1aff6d3970d6,
Billed Duration for Request ed0ba0d9-ad39-4277-81f8-1aff6d3970d6: 567 ms
Input: 5250000,
Cold Start: false
Unique ID: 42441837-1926-4e86-b792-5b360ae88032,
Billed Duration for Request 42441837-1926-4e86-b792-5b360ae88032: 534 ms
Input: 5250000,
Cold Start: false
Unique ID: 5fec7700-e1d9-4a81-8ac7-fd1f8196c069,
Billed Duration for Request 5fec7700-e1d9-4a81-8ac7-fd1f8196c069: 554 ms
Input: 5250000,
Cold Start: false
Unique ID: 3d59bbb3-6bdb-4d60-851a-c72d88bed4cb,
Billed Duration for Request 3d59bbb3-6bdb-4d60-851a-c72d88bed4cb: 567 ms
Input: 5250000,
Cold Start: false
Unique ID: 1c766c97-110e-4d93-a4e7-940eda785e9a,
Billed Duration for Request 1c766c97-110e-4d93-a4e7-940eda785e9a: 527 ms
Input: 5250000,
Cold Start: false
Unique ID: 21d89b26-92ce-48da-a2b5-89577ac625f0,
Billed Duration for Request 21d89b26-92ce-48da-a2b5-89577ac625f0: 512 ms
Input: 5250000,
Cold Start: false
Unique ID: 6df1e247-b726-484c-8d08-7d30091745e9,
Billed Duration for Request 6df1e247-b726-484c-8d08-7d30091745e9: 568 ms
Input: 5250000,
Cold Start: false
Unique ID: 93179e65-6479-45b0-9ade-0db81c3eda40,
Billed Duration for Request 93179e65-6479-45b0-9ade-0db81c3eda40: 564 ms
Input: 5250000,
Cold Start: false
Unique ID: b0597f68-6026-4702-af00-8a1fd70b8f11,
Billed Duration for Request b0597f68-6026-4702-af00-8a1fd70b8f11: 504 ms
Input: 5250000,
Cold Start: false
Unique ID: e027a9b3-11a9-439a-9cbe-0684c605dbd6,
Billed Duration for Request e027a9b3-11a9-439a-9cbe-0684c605dbd6: 523 ms
Input: 5250000,
Cold Start: false
Unique ID: 79caa666-df3a-4995-82ef-06a5457392b0,
Billed Duration for Request 79caa666-df3a-4995-82ef-06a5457392b0: 553 ms
Input: 5250000,
Cold Start: false
Unique ID: 9ea55aef-e628-40f4-872d-f475df7ddab0,
Billed Duration for Request 9ea55aef-e628-40f4-872d-f475df7ddab0: 567 ms
Input: 5250000,
Cold Start: false
Unique ID: 6c194388-a979-49f8-b167-31594f986f32,
Billed Duration for Request 6c194388-a979-49f8-b167-31594f986f32: 519 ms
Input: 5250000,
Cold Start: false
Unique ID: d42ef9a7-2145-4e39-8ebd-fbb62d63ef36,
Billed Duration for Request d42ef9a7-2145-4e39-8ebd-fbb62d63ef36: 507 ms
Input: 5250000,
Cold Start: false
Unique ID: 42253a97-d6db-4075-9178-b5a724e4c94a,
Billed Duration for Request 42253a97-d6db-4075-9178-b5a724e4c94a: 569 ms
Input: 5250000,
Cold Start: false
Unique ID: 628ca950-b34a-4dfb-a3ec-9b6f87ea38de,
Billed Duration for Request 628ca950-b34a-4dfb-a3ec-9b6f87ea38de: 569 ms
Input: 5250000,
Cold Start: false
Unique ID: 91ab141a-0114-49cc-81d0-5f122f3123ce,
Billed Duration for Request 91ab141a-0114-49cc-81d0-5f122f3123ce: 524 ms
Input: 5250000,
Cold Start: false
Unique ID: 665f67f4-3647-4f0f-9ce1-046817e79de7,
Billed Duration for Request 665f67f4-3647-4f0f-9ce1-046817e79de7: 519 ms
Input: 5250000,
Cold Start: false
Unique ID: a5fc608b-9761-4ed8-aca7-5a245696d3d2,
Billed Duration for Request a5fc608b-9761-4ed8-aca7-5a245696d3d2: 552 ms
Input: 5250000,
Cold Start: false
Unique ID: 5a1c06a1-0527-47f2-b605-f4f85133b60c,
Billed Duration for Request 5a1c06a1-0527-47f2-b605-f4f85133b60c: 515 ms
Input: 5250000,
Cold Start: false
Unique ID: e41ad748-2582-4fa9-bed3-a1b529ca01db,
Billed Duration for Request e41ad748-2582-4fa9-bed3-a1b529ca01db: 568 ms
Input: 5250000,
Cold Start: false
Unique ID: 3178b8c3-e08f-4317-88af-2c1646dfeda0,
Billed Duration for Request 3178b8c3-e08f-4317-88af-2c1646dfeda0: 513 ms
Input: 5250000,
Cold Start: false
Unique ID: 7de3ec6a-045a-4a95-8c33-7d9282b940c9,
Billed Duration for Request 7de3ec6a-045a-4a95-8c33-7d9282b940c9: 572 ms
Input: 5250000,
Cold Start: false
Unique ID: 06e0fe8a-3e18-41f9-9304-212e879f2050,
Billed Duration for Request 06e0fe8a-3e18-41f9-9304-212e879f2050: 503 ms
Input: 5250000,
Cold Start: false
Unique ID: aca0af17-0247-4573-afdd-dbf7ca37b03a,
Billed Duration for Request aca0af17-0247-4573-afdd-dbf7ca37b03a: 553 ms
Input: 5250000,
Cold Start: false
Unique ID: 0e03266f-c389-4171-ba4c-128844ae7ad5,
Billed Duration for Request 0e03266f-c389-4171-ba4c-128844ae7ad5: 567 ms
Input: 5250000,
Cold Start: false
Unique ID: dd0e22b8-b245-4cc6-a66f-ec5f8553920a,
Billed Duration for Request dd0e22b8-b245-4cc6-a66f-ec5f8553920a: 528 ms
Input: 5250000,
Cold Start: false
Unique ID: f482d17e-5d77-4dbc-9db2-8e0c9a319357,
Billed Duration for Request f482d17e-5d77-4dbc-9db2-8e0c9a319357: 525 ms
Input: 5250000,
Cold Start: false
Unique ID: bf47dadc-9f4f-4b03-a956-884c6d02667d,
Billed Duration for Request bf47dadc-9f4f-4b03-a956-884c6d02667d: 553 ms
Input: 5250000,
Cold Start: false
Unique ID: 1de77c5e-a66b-4d2a-8f00-eae32e39ccf7,
Billed Duration for Request 1de77c5e-a66b-4d2a-8f00-eae32e39ccf7: 560 ms
Input: 5250000,
Cold Start: false
Unique ID: de03690e-effd-4623-b28d-730b6262a1cb,
Billed Duration for Request de03690e-effd-4623-b28d-730b6262a1cb: 503 ms
Input: 5250000,
Cold Start: false
Unique ID: d37c0cc0-134a-4f3b-ad62-7d099ee42de2,
Billed Duration for Request d37c0cc0-134a-4f3b-ad62-7d099ee42de2: 515 ms
Input: 5250000,
Cold Start: false
Unique ID: bd15f5e8-cbaf-482c-8067-47fe8162ffc5,
Billed Duration for Request bd15f5e8-cbaf-482c-8067-47fe8162ffc5: 555 ms
Input: 5250000,
Cold Start: false
Unique ID: 3d6a3f5b-4d4b-4aba-9ef2-1e8550d955a5,
Billed Duration for Request 3d6a3f5b-4d4b-4aba-9ef2-1e8550d955a5: 552 ms
Input: 5250000,
Cold Start: false
Unique ID: c9601dcd-5efe-46ce-8910-100e4b84eaba,
Billed Duration for Request c9601dcd-5efe-46ce-8910-100e4b84eaba: 514 ms
Input: 5250000,
Cold Start: false
Unique ID: 50365790-6453-467d-abbd-4b4de2511327,
Billed Duration for Request 50365790-6453-467d-abbd-4b4de2511327: 545 ms
Input: 5250000,
Cold Start: false
Unique ID: 1a3e5372-c088-43ff-992e-06f01b88023f,
Billed Duration for Request 1a3e5372-c088-43ff-992e-06f01b88023f: 561 ms
Input: 5250000,
Cold Start: false
Unique ID: 8ee4e6c3-2658-4886-8f0a-95778f60b9e6,
Billed Duration for Request 8ee4e6c3-2658-4886-8f0a-95778f60b9e6: 517 ms
Input: 5250000,
Cold Start: false
Unique ID: c86b18cd-2aea-4196-8e5b-366b988bff5e,
Billed Duration for Request c86b18cd-2aea-4196-8e5b-366b988bff5e: 582 ms
Input: 5250000,
Cold Start: false
Unique ID: 231c9f60-210e-4c53-9ef8-685ada8cf530,
Billed Duration for Request 231c9f60-210e-4c53-9ef8-685ada8cf530: 505 ms
Input: 5250000,
Cold Start: false
Unique ID: 3d2ae9d1-4d3b-40dd-b30a-dda7e81182f5,
Billed Duration for Request 3d2ae9d1-4d3b-40dd-b30a-dda7e81182f5: 564 ms
Input: 5250000,
Cold Start: false
Unique ID: 5ebd3116-7550-472a-a56b-b73395f544a7,
Billed Duration for Request 5ebd3116-7550-472a-a56b-b73395f544a7: 559 ms
Input: 5250000,
Cold Start: false
Unique ID: 949e3b7b-4346-4cc1-b8dc-755ac5a7fa54,
Billed Duration for Request 949e3b7b-4346-4cc1-b8dc-755ac5a7fa54: 514 ms
Input: 5250000,
Cold Start: false
Unique ID: 32709c04-aab9-4f90-a3a2-d66e380572f5,
Billed Duration for Request 32709c04-aab9-4f90-a3a2-d66e380572f5: 527 ms
Input: 5250000,
Cold Start: false
Unique ID: c8d81cf9-2345-4287-9e2e-25b933b0309d,
Billed Duration for Request c8d81cf9-2345-4287-9e2e-25b933b0309d: 560 ms
Input: 5250000,
Cold Start: false
Unique ID: 8e533c5f-8964-4e48-84ab-a7e913aa04a7,
Billed Duration for Request 8e533c5f-8964-4e48-84ab-a7e913aa04a7: 502 ms
Input: 5250000,
Cold Start: false
Unique ID: be2b6054-731e-4ebe-ad30-aa6e32ade042,
Billed Duration for Request be2b6054-731e-4ebe-ad30-aa6e32ade042: 564 ms
Input: 5250000,
Cold Start: false
Unique ID: b3d76fd4-56a0-4dab-be3c-b3bb811227c8,
Billed Duration for Request b3d76fd4-56a0-4dab-be3c-b3bb811227c8: 505 ms
Input: 5250000,
Cold Start: false
Unique ID: 8bac0fa6-26c9-4e16-a932-5cd439ba4a0d,
Billed Duration for Request 8bac0fa6-26c9-4e16-a932-5cd439ba4a0d: 561 ms
Input: 5250000,
Cold Start: false
Unique ID: df45e321-fcdf-4a33-97f1-bd11e748729e,
Billed Duration for Request df45e321-fcdf-4a33-97f1-bd11e748729e: 510 ms
Input: 5250000,
Cold Start: false
Unique ID: 0a742b83-b7e8-4074-888b-36d5dca57484,
Billed Duration for Request 0a742b83-b7e8-4074-888b-36d5dca57484: 560 ms
Input: 5250000,
Cold Start: false
Unique ID: 1718fccc-6bac-45d5-8b1c-8363c03662d3,
Billed Duration for Request 1718fccc-6bac-45d5-8b1c-8363c03662d3: 550 ms
Input: 5250000,
Cold Start: false
Unique ID: a678a3b2-6db9-4445-8ea3-8d15fc1172f3,
Billed Duration for Request a678a3b2-6db9-4445-8ea3-8d15fc1172f3: 514 ms
Input: 5250000,
Cold Start: false
Unique ID: ce73fd68-28eb-435a-94e7-5bc1f14bb832,
Billed Duration for Request ce73fd68-28eb-435a-94e7-5bc1f14bb832: 576 ms
Input: 5250000,
Cold Start: false
Unique ID: b06e70c8-d3ca-489a-a958-710524b15965,
Billed Duration for Request b06e70c8-d3ca-489a-a958-710524b15965: 513 ms
Input: 5250000,
Cold Start: false
