Unique ID: 5ec789a2-d4a4-4f55-904f-1b46bc629fe2,
Billed Duration for Request 5ec789a2-d4a4-4f55-904f-1b46bc629fe2: 548 ms
Input: 5250000,
Cold Start: false
Unique ID: b5239295-6150-486e-98bd-e54ceeb3e698,
Billed Duration for Request b5239295-6150-486e-98bd-e54ceeb3e698: 583 ms
Input: 5250000,
Cold Start: false
Unique ID: 65b5800d-031b-4bc7-92a4-a8b9260e2831,
Billed Duration for Request 65b5800d-031b-4bc7-92a4-a8b9260e2831: 583 ms
Input: 5250000,
Cold Start: false
Unique ID: 112f478e-bacf-4618-9264-41488f8652bf,
Billed Duration for Request 112f478e-bacf-4618-9264-41488f8652bf: 593 ms
Input: 5250000,
Cold Start: false
Unique ID: 5442600d-9a2a-4c80-9e57-cb7855a2635c,
Billed Duration for Request 5442600d-9a2a-4c80-9e57-cb7855a2635c: 548 ms
Input: 5250000,
Cold Start: false
Unique ID: 6172d870-4fcb-457d-8ed5-a913da33e76e,
Billed Duration for Request 6172d870-4fcb-457d-8ed5-a913da33e76e: 577 ms
Input: 5250000,
Cold Start: false
Unique ID: fbe50c07-39bd-4b89-b355-09f79b239d05,
Billed Duration for Request fbe50c07-39bd-4b89-b355-09f79b239d05: 549 ms
Input: 5250000,
Cold Start: false
Unique ID: 67c60ec5-9167-4fde-810f-b7a3c0a1942c,
Billed Duration for Request 67c60ec5-9167-4fde-810f-b7a3c0a1942c: 527 ms
Input: 5250000,
Cold Start: false
Unique ID: 8eeb3eb8-1d66-4c6b-8ea3-9610769f14c9,
Billed Duration for Request 8eeb3eb8-1d66-4c6b-8ea3-9610769f14c9: 530 ms
Input: 5250000,
Cold Start: false
Unique ID: df027f13-d16e-41b1-881a-9486a2c817ef,
Billed Duration for Request df027f13-d16e-41b1-881a-9486a2c817ef: 558 ms
Input: 5250000,
Cold Start: false
Unique ID: 20ee45ba-d4a3-4271-b65e-8409b75d1cf3,
Billed Duration for Request 20ee45ba-d4a3-4271-b65e-8409b75d1cf3: 584 ms
Input: 5250000,
Cold Start: false
Unique ID: 7a601688-e06c-47e8-8edc-6c1e10e5b7ca,
Billed Duration for Request 7a601688-e06c-47e8-8edc-6c1e10e5b7ca: 533 ms
Input: 5250000,
Cold Start: false
Unique ID: ac410024-7c46-41d3-839a-59f095933d60,
Billed Duration for Request ac410024-7c46-41d3-839a-59f095933d60: 533 ms
Input: 5250000,
Cold Start: false
Unique ID: 30514fab-c6ae-4839-8a47-9776f1e63d5b,
Billed Duration for Request 30514fab-c6ae-4839-8a47-9776f1e63d5b: 562 ms
Input: 5250000,
Cold Start: false
Unique ID: 0acf54fc-e9cf-4054-b03b-5608b04e1dec,
Billed Duration for Request 0acf54fc-e9cf-4054-b03b-5608b04e1dec: 552 ms
Input: 5250000,
Cold Start: false
Unique ID: aa623284-0b5c-4057-a887-c3a7f0f750d7,
Billed Duration for Request aa623284-0b5c-4057-a887-c3a7f0f750d7: 534 ms
Input: 5250000,
Cold Start: false
Unique ID: 8e00f851-c18f-4d92-ad52-9d782b51c8ed,
Billed Duration for Request 8e00f851-c18f-4d92-ad52-9d782b51c8ed: 543 ms
Input: 5250000,
Cold Start: false
Unique ID: 72ef17e3-866e-4f4c-8b6d-634eab546ca7,
Billed Duration for Request 72ef17e3-866e-4f4c-8b6d-634eab546ca7: 563 ms
Input: 5250000,
Cold Start: false
Unique ID: cc0ea63c-3fde-4d85-b3c1-19e982f2dc05,
Billed Duration for Request cc0ea63c-3fde-4d85-b3c1-19e982f2dc05: 535 ms
Input: 5250000,
Cold Start: false
Unique ID: 9a6969e6-2896-4a93-b798-6b1dc7e0ba2e,
Billed Duration for Request 9a6969e6-2896-4a93-b798-6b1dc7e0ba2e: 578 ms
Input: 5250000,
Cold Start: false
Unique ID: 24608d05-0246-425b-8265-f1fca12a3a9d,
Billed Duration for Request 24608d05-0246-425b-8265-f1fca12a3a9d: 571 ms
Input: 5250000,
Cold Start: false
Unique ID: a7a2c320-e916-47c5-b034-d5e414038745,
Billed Duration for Request a7a2c320-e916-47c5-b034-d5e414038745: 537 ms
Input: 5250000,
Cold Start: false
Unique ID: 739b63c9-c838-4e68-b1de-d786201bd0af,
Billed Duration for Request 739b63c9-c838-4e68-b1de-d786201bd0af: 551 ms
Input: 5250000,
Cold Start: false
Unique ID: 354ad84d-e999-405d-accb-b1d9063d99c0,
Billed Duration for Request 354ad84d-e999-405d-accb-b1d9063d99c0: 548 ms
Input: 5250000,
Cold Start: false
Unique ID: 13da0a21-5ba6-4942-a22d-3015fad15413,
Billed Duration for Request 13da0a21-5ba6-4942-a22d-3015fad15413: 539 ms
Input: 5250000,
Cold Start: false
Unique ID: 55345a8c-9976-49b6-abe3-fe3285e49bf7,
Billed Duration for Request 55345a8c-9976-49b6-abe3-fe3285e49bf7: 561 ms
Input: 5250000,
Cold Start: false
Unique ID: 62b20acc-b631-419f-bf75-58e7814ff257,
Billed Duration for Request 62b20acc-b631-419f-bf75-58e7814ff257: 542 ms
Input: 5250000,
Cold Start: false
Unique ID: c33771c8-3159-41ed-bc82-c9d7769a22c4,
Billed Duration for Request c33771c8-3159-41ed-bc82-c9d7769a22c4: 580 ms
Input: 5250000,
Cold Start: false
Unique ID: 431bd4fa-5913-4d63-a90e-0fc32c57bc48,
Billed Duration for Request 431bd4fa-5913-4d63-a90e-0fc32c57bc48: 581 ms
Input: 5250000,
Cold Start: false
Unique ID: e327f998-b087-4ddf-b642-88b4c4b44dd8,
Billed Duration for Request e327f998-b087-4ddf-b642-88b4c4b44dd8: 537 ms
Input: 5250000,
Cold Start: false
Unique ID: c97e1def-d890-4112-b197-6361f0d7f783,
Billed Duration for Request c97e1def-d890-4112-b197-6361f0d7f783: 551 ms
Input: 5250000,
Cold Start: false
Unique ID: b07a2032-cad1-4029-8946-e8d2add77b6e,
Billed Duration for Request b07a2032-cad1-4029-8946-e8d2add77b6e: 544 ms
Input: 5250000,
Cold Start: false
Unique ID: 9e5ec86e-78c3-44c9-a97e-5e589efab03b,
Billed Duration for Request 9e5ec86e-78c3-44c9-a97e-5e589efab03b: 535 ms
Input: 5250000,
Cold Start: false
Unique ID: f9c330e6-6ac3-4de4-865b-c3934851860e,
Billed Duration for Request f9c330e6-6ac3-4de4-865b-c3934851860e: 556 ms
Input: 5250000,
Cold Start: false
Unique ID: 047d127c-f817-400f-a3a2-7a1db496c8a4,
Billed Duration for Request 047d127c-f817-400f-a3a2-7a1db496c8a4: 573 ms
Input: 5250000,
Cold Start: false
Unique ID: 2fa0cf6a-2bdd-4b9d-aecd-27e99e9691ea,
Billed Duration for Request 2fa0cf6a-2bdd-4b9d-aecd-27e99e9691ea: 537 ms
Input: 5250000,
Cold Start: false
Unique ID: 961566af-2097-4c96-b848-03d001361efb,
Billed Duration for Request 961566af-2097-4c96-b848-03d001361efb: 536 ms
Input: 5250000,
Cold Start: false
Unique ID: 82c58fb4-636c-4500-97f7-368d3c55bd01,
Billed Duration for Request 82c58fb4-636c-4500-97f7-368d3c55bd01: 580 ms
Input: 5250000,
Cold Start: false
Unique ID: c2e75679-6dd9-4aa6-81d2-49615e44a144,
Billed Duration for Request c2e75679-6dd9-4aa6-81d2-49615e44a144: 550 ms
Input: 5250000,
Cold Start: false
Unique ID: db344276-f21d-44d0-8ea9-82fb30b0e1c6,
Billed Duration for Request db344276-f21d-44d0-8ea9-82fb30b0e1c6: 544 ms
Input: 5250000,
Cold Start: false
Unique ID: 39170c81-3863-482e-9e91-0d8568358211,
Billed Duration for Request 39170c81-3863-482e-9e91-0d8568358211: 546 ms
Input: 5250000,
Cold Start: false
Unique ID: 4f679b89-2d9d-4283-aae9-18b32d66f697,
Billed Duration for Request 4f679b89-2d9d-4283-aae9-18b32d66f697: 563 ms
Input: 5250000,
Cold Start: false
Unique ID: e1c73ebd-67b5-4fec-ac68-efac7ba9420d,
Billed Duration for Request e1c73ebd-67b5-4fec-ac68-efac7ba9420d: 525 ms
Input: 5250000,
Cold Start: false
Unique ID: 2f2d4801-b55a-4922-9b07-c85180847cba,
Billed Duration for Request 2f2d4801-b55a-4922-9b07-c85180847cba: 572 ms
Input: 5250000,
Cold Start: false
Unique ID: d4aa4ac5-2e08-4434-ac48-99bee8ae0217,
Billed Duration for Request d4aa4ac5-2e08-4434-ac48-99bee8ae0217: 571 ms
Input: 5250000,
Cold Start: false
Unique ID: 2d903e30-1995-45b4-b191-dd163c9edf2b,
Billed Duration for Request 2d903e30-1995-45b4-b191-dd163c9edf2b: 525 ms
Input: 5250000,
Cold Start: false
Unique ID: 511e2b4c-76be-4e78-a0c9-20769e9fa27d,
Billed Duration for Request 511e2b4c-76be-4e78-a0c9-20769e9fa27d: 531 ms
Input: 5250000,
Cold Start: false
Unique ID: 846fe775-9456-40d9-a288-4843aebdaee5,
Billed Duration for Request 846fe775-9456-40d9-a288-4843aebdaee5: 563 ms
Input: 5250000,
Cold Start: false
Unique ID: b23d2df4-bb8e-40aa-9bfe-102b9ca9aa97,
Billed Duration for Request b23d2df4-bb8e-40aa-9bfe-102b9ca9aa97: 545 ms
Input: 5250000,
Cold Start: false
Unique ID: 4428a625-4970-47e0-98b6-bb1cb4d7b98f,
Billed Duration for Request 4428a625-4970-47e0-98b6-bb1cb4d7b98f: 535 ms
Input: 5250000,
Cold Start: false
Unique ID: 43203bdb-0fd4-4f5c-85b0-3144dba80386,
Billed Duration for Request 43203bdb-0fd4-4f5c-85b0-3144dba80386: 537 ms
Input: 5250000,
Cold Start: false
Unique ID: 445d907e-436e-413b-8a3b-fc174c7a4396,
Billed Duration for Request 445d907e-436e-413b-8a3b-fc174c7a4396: 571 ms
Input: 5250000,
Cold Start: false
Unique ID: 53c96bc2-541b-4f4a-a866-8909f9e909c1,
Billed Duration for Request 53c96bc2-541b-4f4a-a866-8909f9e909c1: 540 ms
Input: 5250000,
Cold Start: false
Unique ID: 11cd3696-c95b-4942-9af8-8bdb6d378757,
Billed Duration for Request 11cd3696-c95b-4942-9af8-8bdb6d378757: 571 ms
Input: 5250000,
Cold Start: false
Unique ID: b95e2874-c7ea-4f74-8d30-834f21166b00,
Billed Duration for Request b95e2874-c7ea-4f74-8d30-834f21166b00: 539 ms
Input: 5250000,
Cold Start: false
Unique ID: 9a353007-a43e-4ed1-81ed-c44efb645f4d,
Billed Duration for Request 9a353007-a43e-4ed1-81ed-c44efb645f4d: 557 ms
Input: 5250000,
Cold Start: false
Unique ID: 57f4766e-c71d-4bc9-97af-395e994370ef,
Billed Duration for Request 57f4766e-c71d-4bc9-97af-395e994370ef: 565 ms
Input: 5250000,
Cold Start: false
Unique ID: f274ec59-3b5b-4a5f-9251-9e9d248fb815,
Billed Duration for Request f274ec59-3b5b-4a5f-9251-9e9d248fb815: 536 ms
Input: 5250000,
Cold Start: false
Unique ID: 5e0f64e4-1cf0-4139-90ed-92bba5ca260a,
Billed Duration for Request 5e0f64e4-1cf0-4139-90ed-92bba5ca260a: 570 ms
Input: 5250000,
Cold Start: false
Unique ID: 1a3dce8e-dfb1-49c4-9b54-15ded33fcc57,
Billed Duration for Request 1a3dce8e-dfb1-49c4-9b54-15ded33fcc57: 539 ms
Input: 5250000,
Cold Start: false
Unique ID: 50648cde-a8f3-45c0-985b-db630a115f48,
Billed Duration for Request 50648cde-a8f3-45c0-985b-db630a115f48: 542 ms
Input: 5250000,
Cold Start: false
Unique ID: d846cfae-c53c-40db-be86-b7066bb50ade,
Billed Duration for Request d846cfae-c53c-40db-be86-b7066bb50ade: 577 ms
Input: 5250000,
Cold Start: false
Unique ID: 032d8aa5-d22d-46ac-8c6d-68da5ad28841,
Billed Duration for Request 032d8aa5-d22d-46ac-8c6d-68da5ad28841: 560 ms
Input: 5250000,
Cold Start: false
Unique ID: 51542618-2992-4ede-bcfa-8db5a330027b,
Billed Duration for Request 51542618-2992-4ede-bcfa-8db5a330027b: 547 ms
Input: 5250000,
Cold Start: false
Unique ID: f8f56efd-6944-4251-9eba-e5c83d0076a2,
Billed Duration for Request f8f56efd-6944-4251-9eba-e5c83d0076a2: 542 ms
Input: 5250000,
Cold Start: false
Unique ID: 56f77e8a-7f07-426f-8643-64be6d65816f,
Billed Duration for Request 56f77e8a-7f07-426f-8643-64be6d65816f: 563 ms
Input: 5250000,
Cold Start: false
Unique ID: 2fa39a64-4cbf-4545-a003-c530fea6c8e5,
Billed Duration for Request 2fa39a64-4cbf-4545-a003-c530fea6c8e5: 567 ms
Input: 5250000,
Cold Start: false
Unique ID: 043f4cdc-5df9-4c5c-8c7a-67eeaac9b15f,
Billed Duration for Request 043f4cdc-5df9-4c5c-8c7a-67eeaac9b15f: 540 ms
Input: 5250000,
Cold Start: false
Unique ID: 0e5db6b0-4aea-4bd3-8b3a-d8a1b7ae3c38,
Billed Duration for Request 0e5db6b0-4aea-4bd3-8b3a-d8a1b7ae3c38: 532 ms
Input: 5250000,
Cold Start: false
Unique ID: a5e39dc6-7a05-4949-b7da-4927cf1e627a,
Billed Duration for Request a5e39dc6-7a05-4949-b7da-4927cf1e627a: 571 ms
Input: 5250000,
Cold Start: false
Unique ID: 23776971-9c58-4c7e-980d-a6942d32e9b2,
Billed Duration for Request 23776971-9c58-4c7e-980d-a6942d32e9b2: 547 ms
Input: 5250000,
Cold Start: false
Unique ID: 2fddf4d7-81e3-42c6-ab03-17a6c5253112,
Billed Duration for Request 2fddf4d7-81e3-42c6-ab03-17a6c5253112: 535 ms
Input: 5250000,
Cold Start: false
Unique ID: 9ec61d58-921a-456c-8f83-b931dcff8603,
Billed Duration for Request 9ec61d58-921a-456c-8f83-b931dcff8603: 559 ms
Input: 5250000,
Cold Start: false
Unique ID: b7c4a7b3-5b2a-4d94-8335-e39b1d4588f5,
Billed Duration for Request b7c4a7b3-5b2a-4d94-8335-e39b1d4588f5: 563 ms
Input: 5250000,
Cold Start: false
Unique ID: 0172b6f8-1128-440f-b4a3-3e46111bf879,
Billed Duration for Request 0172b6f8-1128-440f-b4a3-3e46111bf879: 562 ms
Input: 5250000,
Cold Start: false
Unique ID: 3bdebf0f-5a69-4981-8281-f69422ba313d,
Billed Duration for Request 3bdebf0f-5a69-4981-8281-f69422ba313d: 541 ms
Input: 5250000,
Cold Start: false
Unique ID: eae6408a-966e-41a7-a17e-84573f0b1585,
Billed Duration for Request eae6408a-966e-41a7-a17e-84573f0b1585: 530 ms
Input: 5250000,
Cold Start: false
Unique ID: 3ee6431b-18a6-430c-aa0b-7202eab794e1,
Billed Duration for Request 3ee6431b-18a6-430c-aa0b-7202eab794e1: 570 ms
Input: 5250000,
Cold Start: false
Unique ID: e9674f71-2958-42a5-bdd9-f22b4d9ba120,
Billed Duration for Request e9674f71-2958-42a5-bdd9-f22b4d9ba120: 547 ms
Input: 5250000,
Cold Start: false
Unique ID: cadff113-281a-429c-8df9-ecbab032b567,
Billed Duration for Request cadff113-281a-429c-8df9-ecbab032b567: 547 ms
Input: 5250000,
Cold Start: false
Unique ID: e59b4370-5b2a-4a96-b833-665f543aaf03,
Billed Duration for Request e59b4370-5b2a-4a96-b833-665f543aaf03: 540 ms
Input: 5250000,
Cold Start: false
Unique ID: 6b51caf1-482c-4cae-b1cf-b93411900612,
Billed Duration for Request 6b51caf1-482c-4cae-b1cf-b93411900612: 563 ms
Input: 5250000,
Cold Start: false
Unique ID: e93b47ab-a4ff-4e7e-b33e-4d0b28246e25,
Billed Duration for Request e93b47ab-a4ff-4e7e-b33e-4d0b28246e25: 572 ms
Input: 5250000,
Cold Start: false
Unique ID: 96edfb9a-398a-421c-98e7-793ec7b0a5e6,
Billed Duration for Request 96edfb9a-398a-421c-98e7-793ec7b0a5e6: 527 ms
Input: 5250000,
Cold Start: false
Unique ID: f5f843ba-47e9-4dc8-ad4e-d6aef5fbe57f,
Billed Duration for Request f5f843ba-47e9-4dc8-ad4e-d6aef5fbe57f: 532 ms
Input: 5250000,
Cold Start: false
Unique ID: 6fe5cda1-abcd-4805-84c2-4873b0d7bea8,
Billed Duration for Request 6fe5cda1-abcd-4805-84c2-4873b0d7bea8: 574 ms
Input: 5250000,
Cold Start: false
Unique ID: 83f5b3a7-14a3-478e-ae4b-73b967226efc,
Billed Duration for Request 83f5b3a7-14a3-478e-ae4b-73b967226efc: 555 ms
Input: 5250000,
Cold Start: false
Unique ID: 92d1d265-8dcd-4530-b1fb-c03df4e225a8,
Billed Duration for Request 92d1d265-8dcd-4530-b1fb-c03df4e225a8: 535 ms
Input: 5250000,
Cold Start: false
Unique ID: 28547d83-6ee7-4be2-b434-d331a66d3e72,
Billed Duration for Request 28547d83-6ee7-4be2-b434-d331a66d3e72: 539 ms
Input: 5250000,
Cold Start: false
Unique ID: d2583f7b-19a1-4071-b478-d3baf03e8bb5,
Billed Duration for Request d2583f7b-19a1-4071-b478-d3baf03e8bb5: 563 ms
Input: 5250000,
Cold Start: false
Unique ID: a3861a66-1b5b-489d-8b88-66b7867ba4c3,
Billed Duration for Request a3861a66-1b5b-489d-8b88-66b7867ba4c3: 573 ms
Input: 5250000,
Cold Start: false
Unique ID: 635015a1-13d9-4ff6-b053-1ddaa4815871,
Billed Duration for Request 635015a1-13d9-4ff6-b053-1ddaa4815871: 532 ms
Input: 5250000,
Cold Start: false
Unique ID: 4a1c0150-65c1-4d8a-8dbe-63f8bcc4efad,
Billed Duration for Request 4a1c0150-65c1-4d8a-8dbe-63f8bcc4efad: 546 ms
Input: 5250000,
Cold Start: false
Unique ID: c0fed82f-a5c5-441b-ac59-c91c2c91dcc4,
Billed Duration for Request c0fed82f-a5c5-441b-ac59-c91c2c91dcc4: 581 ms
Input: 5250000,
Cold Start: false
Unique ID: ed6428c2-5793-4145-9cf6-d310cab408c9,
Billed Duration for Request ed6428c2-5793-4145-9cf6-d310cab408c9: 546 ms
Input: 5250000,
Cold Start: false
Unique ID: de54d4b8-02c7-45a2-bec4-688a9a2c4ece,
Billed Duration for Request de54d4b8-02c7-45a2-bec4-688a9a2c4ece: 539 ms
Input: 5250000,
Cold Start: false
Unique ID: 6830c18b-bcb3-42e6-a811-5379ad0379c7,
Billed Duration for Request 6830c18b-bcb3-42e6-a811-5379ad0379c7: 541 ms
Input: 5250000,
Cold Start: false
Unique ID: 374abdb7-9f30-42d2-836d-6de7197e7544,
Billed Duration for Request 374abdb7-9f30-42d2-836d-6de7197e7544: 558 ms
Input: 5250000,
Cold Start: false
Unique ID: 906fbe2b-ed19-4706-b90f-17eea55cecb8,
Billed Duration for Request 906fbe2b-ed19-4706-b90f-17eea55cecb8: 576 ms
Input: 5250000,
Cold Start: false
Unique ID: af22384e-d1f4-4357-a632-d589f7e1b609,
Billed Duration for Request af22384e-d1f4-4357-a632-d589f7e1b609: 538 ms
Input: 5250000,
Cold Start: false
Unique ID: d0646fdf-7c3a-4c7a-9545-65f50f80bd0c,
Billed Duration for Request d0646fdf-7c3a-4c7a-9545-65f50f80bd0c: 577 ms
Input: 5250000,
Cold Start: false
Unique ID: 325f48ab-f7f3-426f-8add-a8cd6f0d3bda,
Billed Duration for Request 325f48ab-f7f3-426f-8add-a8cd6f0d3bda: 588 ms
Input: 5250000,
Cold Start: false
Unique ID: 8c348e7f-af0f-4399-a120-65bc9db4df15,
Billed Duration for Request 8c348e7f-af0f-4399-a120-65bc9db4df15: 584 ms
Input: 5250000,
Cold Start: false
Unique ID: 81826700-12cd-4b3c-821b-1c826f6df40d,
Billed Duration for Request 81826700-12cd-4b3c-821b-1c826f6df40d: 563 ms
Input: 5250000,
Cold Start: false
Unique ID: 4a25b9fc-cefb-4ed7-8604-8249340b3f25,
Billed Duration for Request 4a25b9fc-cefb-4ed7-8604-8249340b3f25: 530 ms
Input: 5250000,
Cold Start: false
Unique ID: 4d30119e-9e4c-453e-be51-cfdaf5b70dd0,
Billed Duration for Request 4d30119e-9e4c-453e-be51-cfdaf5b70dd0: 551 ms
Input: 5250000,
Cold Start: false
Unique ID: 8b14f440-3a3c-4911-8b68-30f58bbddba0,
Billed Duration for Request 8b14f440-3a3c-4911-8b68-30f58bbddba0: 572 ms
Input: 5250000,
Cold Start: false
Unique ID: 32e11522-ac4c-40ab-9809-6db0b78456d3,
Billed Duration for Request 32e11522-ac4c-40ab-9809-6db0b78456d3: 559 ms
Input: 5250000,
Cold Start: false
Unique ID: a24f6c30-886e-4d69-8da8-e6099bd1edda,
Billed Duration for Request a24f6c30-886e-4d69-8da8-e6099bd1edda: 564 ms
Input: 5250000,
Cold Start: false
Unique ID: 7ee24331-5e1f-4dfe-990d-1a2e93b5f942,
Billed Duration for Request 7ee24331-5e1f-4dfe-990d-1a2e93b5f942: 578 ms
Input: 5250000,
Cold Start: false
Unique ID: b2092b80-15f2-42e7-87ce-0f5e861a3550,
Billed Duration for Request b2092b80-15f2-42e7-87ce-0f5e861a3550: 568 ms
Input: 5250000,
Cold Start: false
Unique ID: 9136925b-218a-4d65-b771-02af4ec06c4c,
Billed Duration for Request 9136925b-218a-4d65-b771-02af4ec06c4c: 543 ms
Input: 5250000,
Cold Start: false
Unique ID: d8f56d7a-2935-473a-b261-9dc7609141a0,
Billed Duration for Request d8f56d7a-2935-473a-b261-9dc7609141a0: 530 ms
Input: 5250000,
Cold Start: false
Unique ID: e0cd36d8-00b9-4cdb-9b54-882a79c0fe9e,
Billed Duration for Request e0cd36d8-00b9-4cdb-9b54-882a79c0fe9e: 564 ms
Input: 5250000,
Cold Start: false
Unique ID: 261a355e-26a3-44d7-a77a-ca32c3b83981,
Billed Duration for Request 261a355e-26a3-44d7-a77a-ca32c3b83981: 556 ms
Input: 5250000,
Cold Start: false
Unique ID: b139862a-5947-4bc6-a814-378fb2c3b356,
Billed Duration for Request b139862a-5947-4bc6-a814-378fb2c3b356: 551 ms
Input: 5250000,
Cold Start: false
Unique ID: f9d33cfd-fe3d-4dd6-bfd8-83e39404381d,
Billed Duration for Request f9d33cfd-fe3d-4dd6-bfd8-83e39404381d: 560 ms
Input: 5250000,
Cold Start: false
Unique ID: d0d402fa-b0ad-42ae-853b-922567f6cd75,
Billed Duration for Request d0d402fa-b0ad-42ae-853b-922567f6cd75: 577 ms
Input: 5250000,
Cold Start: false
Unique ID: 150dfc9d-4dba-42f1-9f0e-abad1b0e44a9,
Billed Duration for Request 150dfc9d-4dba-42f1-9f0e-abad1b0e44a9: 563 ms
Input: 5250000,
Cold Start: false
Unique ID: 487a916e-5a1f-490a-b640-852494e89f8f,
Billed Duration for Request 487a916e-5a1f-490a-b640-852494e89f8f: 536 ms
Input: 5250000,
Cold Start: false
Unique ID: b3c03cd1-7474-466f-8615-cff53635102a,
Billed Duration for Request b3c03cd1-7474-466f-8615-cff53635102a: 539 ms
Input: 5250000,
Cold Start: false
Unique ID: a16867b5-f031-4be1-ab00-9626bab5b3d4,
Billed Duration for Request a16867b5-f031-4be1-ab00-9626bab5b3d4: 547 ms
Input: 5250000,
Cold Start: false
Unique ID: f8959200-e4af-42cb-ac24-1ab7a518dfe3,
Billed Duration for Request f8959200-e4af-42cb-ac24-1ab7a518dfe3: 576 ms
Input: 5250000,
Cold Start: false
Unique ID: 7952ac7f-aa26-447b-be85-6beb600168c8,
Billed Duration for Request 7952ac7f-aa26-447b-be85-6beb600168c8: 566 ms
Input: 5250000,
Cold Start: false
Unique ID: ee68d713-6004-41cd-8a5d-c72dba45b8b8,
Billed Duration for Request ee68d713-6004-41cd-8a5d-c72dba45b8b8: 532 ms
Input: 5250000,
Cold Start: false
Unique ID: 2425f41b-1b40-498a-b1ef-6002ac51bd4f,
Billed Duration for Request 2425f41b-1b40-498a-b1ef-6002ac51bd4f: 571 ms
Input: 5250000,
Cold Start: false
Unique ID: 505d9281-e02d-4d21-b856-69bf8fd71277,
Billed Duration for Request 505d9281-e02d-4d21-b856-69bf8fd71277: 556 ms
Input: 5250000,
Cold Start: false
Unique ID: 2f1a619d-1e45-4c25-b0a7-da014dff328a,
Billed Duration for Request 2f1a619d-1e45-4c25-b0a7-da014dff328a: 532 ms
Input: 5250000,
Cold Start: false
Unique ID: ebb08b27-4c28-4b5c-8038-968d9f05e2e0,
Billed Duration for Request ebb08b27-4c28-4b5c-8038-968d9f05e2e0: 542 ms
Input: 5250000,
Cold Start: false
Unique ID: b1d49f59-0eb0-481d-ac61-bf8a85d6fafc,
Billed Duration for Request b1d49f59-0eb0-481d-ac61-bf8a85d6fafc: 548 ms
Input: 5250000,
Cold Start: false
Unique ID: 5bd94852-0277-4959-b96f-249f7c512e7c,
Billed Duration for Request 5bd94852-0277-4959-b96f-249f7c512e7c: 577 ms
Input: 5250000,
Cold Start: false
Unique ID: db430994-f0ca-465c-b837-9a2758e1802a,
Billed Duration for Request db430994-f0ca-465c-b837-9a2758e1802a: 550 ms
Input: 5250000,
Cold Start: false
Unique ID: d2c620d2-4b09-4485-80e7-f3fabf53a5b1,
Billed Duration for Request d2c620d2-4b09-4485-80e7-f3fabf53a5b1: 508 ms
Input: 5250000,
Cold Start: false
Unique ID: 7e514259-0065-4204-9730-b8257bc651b6,
Billed Duration for Request 7e514259-0065-4204-9730-b8257bc651b6: 552 ms
Input: 5250000,
Cold Start: false
Unique ID: 08cbab13-6f72-46fd-adbc-7f61ce4c2f15,
Billed Duration for Request 08cbab13-6f72-46fd-adbc-7f61ce4c2f15: 567 ms
Input: 5250000,
Cold Start: false
Unique ID: 051f55f7-85b6-4750-86f5-9d3f4a49c941,
Billed Duration for Request 051f55f7-85b6-4750-86f5-9d3f4a49c941: 541 ms
Input: 5250000,
Cold Start: false
Unique ID: a8cf3846-a944-406c-bb33-9a3ede67654a,
Billed Duration for Request a8cf3846-a944-406c-bb33-9a3ede67654a: 525 ms
Input: 5250000,
Cold Start: false
Unique ID: 93345278-235b-4c64-92ce-74cff2e6445e,
Billed Duration for Request 93345278-235b-4c64-92ce-74cff2e6445e: 558 ms
Input: 5250000,
Cold Start: false
Unique ID: 183cd0cf-cd89-4fcd-8b85-f83a39c73fe0,
Billed Duration for Request 183cd0cf-cd89-4fcd-8b85-f83a39c73fe0: 552 ms
Input: 5250000,
Cold Start: false
Unique ID: 1985a7e4-501d-4444-bc09-07dee2a8b618,
Billed Duration for Request 1985a7e4-501d-4444-bc09-07dee2a8b618: 571 ms
Input: 5250000,
Cold Start: false
Unique ID: 8d780311-dbb7-44ea-a4a8-de9e5e428566,
Billed Duration for Request 8d780311-dbb7-44ea-a4a8-de9e5e428566: 575 ms
Input: 5250000,
Cold Start: false
Unique ID: fbed338c-c9fd-4ed8-88ce-6898040d1395,
Billed Duration for Request fbed338c-c9fd-4ed8-88ce-6898040d1395: 554 ms
Input: 5250000,
Cold Start: false
Unique ID: 1ae355ff-ca15-4425-b6b4-218f445c6216,
Billed Duration for Request 1ae355ff-ca15-4425-b6b4-218f445c6216: 531 ms
Input: 5250000,
Cold Start: false
Unique ID: 0b14b440-895b-4927-946a-3401cbe0af6c,
Billed Duration for Request 0b14b440-895b-4927-946a-3401cbe0af6c: 564 ms
Input: 5250000,
Cold Start: false
Unique ID: d868e8ff-9ddb-4e32-ab80-ad449f1038c3,
Billed Duration for Request d868e8ff-9ddb-4e32-ab80-ad449f1038c3: 552 ms
Input: 5250000,
Cold Start: false
Unique ID: 61d8223f-b16c-49bf-9639-79734d91363d,
Billed Duration for Request 61d8223f-b16c-49bf-9639-79734d91363d: 533 ms
Input: 5250000,
Cold Start: false
Unique ID: d3ed4de7-f28a-4309-a1b2-956f699f70c3,
Billed Duration for Request d3ed4de7-f28a-4309-a1b2-956f699f70c3: 539 ms
Input: 5250000,
Cold Start: false
Unique ID: 1d912474-71d4-48bf-9592-f89d48d77429,
Billed Duration for Request 1d912474-71d4-48bf-9592-f89d48d77429: 581 ms
Input: 5250000,
Cold Start: false
Unique ID: b2e73207-8371-405b-bc92-e54acb7b3b7e,
Billed Duration for Request b2e73207-8371-405b-bc92-e54acb7b3b7e: 574 ms
Input: 5250000,
Cold Start: false
Unique ID: 865b5ed4-8842-48a9-b67f-c542ff0d7499,
Billed Duration for Request 865b5ed4-8842-48a9-b67f-c542ff0d7499: 564 ms
Input: 5250000,
Cold Start: false
Unique ID: bda6daa8-679f-484d-8c31-8bb889f3301c,
Billed Duration for Request bda6daa8-679f-484d-8c31-8bb889f3301c: 542 ms
Input: 5250000,
Cold Start: false
Unique ID: 4bfde85a-df07-41ae-bfe5-ced7adb6e93c,
Billed Duration for Request 4bfde85a-df07-41ae-bfe5-ced7adb6e93c: 564 ms
Input: 5250000,
Cold Start: false
Unique ID: 9ecd148a-4b7e-4140-be4d-99406700a828,
Billed Duration for Request 9ecd148a-4b7e-4140-be4d-99406700a828: 558 ms
Input: 5250000,
Cold Start: false
Unique ID: 0396f4be-c6ef-4859-81bf-92c56d3b7a99,
Billed Duration for Request 0396f4be-c6ef-4859-81bf-92c56d3b7a99: 542 ms
Input: 5250000,
Cold Start: false
Unique ID: 5699cc45-959a-45e6-b6b7-35738e9bc732,
Billed Duration for Request 5699cc45-959a-45e6-b6b7-35738e9bc732: 561 ms
Input: 5250000,
Cold Start: false
Unique ID: bafca391-e7a8-4643-8390-a9f813174da2,
Billed Duration for Request bafca391-e7a8-4643-8390-a9f813174da2: 566 ms
Input: 5250000,
Cold Start: false
Unique ID: e009d9ad-c3c0-4ac8-bad4-dbae50d5d189,
Billed Duration for Request e009d9ad-c3c0-4ac8-bad4-dbae50d5d189: 569 ms
Input: 5250000,
Cold Start: false
Unique ID: 335c9442-6d9e-4db9-855e-1395cf6e249c,
Billed Duration for Request 335c9442-6d9e-4db9-855e-1395cf6e249c: 563 ms
Input: 5250000,
Cold Start: false
Unique ID: d8ca1f5e-1073-45c9-9713-bb2b2bfc0a8d,
Billed Duration for Request d8ca1f5e-1073-45c9-9713-bb2b2bfc0a8d: 531 ms
Input: 5250000,
Cold Start: false
Unique ID: 18c28da9-a7a7-4f03-915f-b9eb5c4f1d0d,
Billed Duration for Request 18c28da9-a7a7-4f03-915f-b9eb5c4f1d0d: 561 ms
Input: 5250000,
Cold Start: false
Unique ID: 1518125a-4f11-4188-b1e1-2b4e2074380e,
Billed Duration for Request 1518125a-4f11-4188-b1e1-2b4e2074380e: 553 ms
Input: 5250000,
Cold Start: false
Unique ID: 7d09d18c-197a-4978-9f6f-a7846bb2657e,
Billed Duration for Request 7d09d18c-197a-4978-9f6f-a7846bb2657e: 543 ms
Input: 5250000,
Cold Start: false
Unique ID: af9cb555-1927-4f77-bc91-cac7a846413f,
Billed Duration for Request af9cb555-1927-4f77-bc91-cac7a846413f: 550 ms
Input: 5250000,
Cold Start: false
Unique ID: 7159be20-ca80-44ed-8878-4cfd003d2b91,
Billed Duration for Request 7159be20-ca80-44ed-8878-4cfd003d2b91: 581 ms
Input: 5250000,
Cold Start: false
Unique ID: de17663c-6dad-4812-88fe-6415c167013e,
Billed Duration for Request de17663c-6dad-4812-88fe-6415c167013e: 575 ms
Input: 5250000,
Cold Start: false
Unique ID: 04dae6bc-1cb4-4615-a6b8-96e29157a75c,
Billed Duration for Request 04dae6bc-1cb4-4615-a6b8-96e29157a75c: 545 ms
Input: 5250000,
Cold Start: false
Unique ID: 3277d5e3-845f-494b-9031-84dc01542426,
Billed Duration for Request 3277d5e3-845f-494b-9031-84dc01542426: 535 ms
Input: 5250000,
Cold Start: false
Unique ID: 7ff20ef2-02c3-4a5d-b7b3-e81414f6b630,
Billed Duration for Request 7ff20ef2-02c3-4a5d-b7b3-e81414f6b630: 560 ms
Input: 5250000,
Cold Start: false
Unique ID: b88010c8-10bc-4f76-a75f-d8be65d059d3,
Billed Duration for Request b88010c8-10bc-4f76-a75f-d8be65d059d3: 558 ms
Input: 5250000,
Cold Start: false
Unique ID: 0f30482e-a085-4dda-bb37-ca2088c08f46,
Billed Duration for Request 0f30482e-a085-4dda-bb37-ca2088c08f46: 535 ms
Input: 5250000,
Cold Start: false
Unique ID: ecf9863e-523c-4ec9-8dae-d155477e7c62,
Billed Duration for Request ecf9863e-523c-4ec9-8dae-d155477e7c62: 541 ms
Input: 5250000,
Cold Start: false
Unique ID: c6e50799-6799-4ab5-b645-03b111cedcf9,
Billed Duration for Request c6e50799-6799-4ab5-b645-03b111cedcf9: 568 ms
Input: 5250000,
Cold Start: false
Unique ID: 4df393ea-6f75-42da-ab1c-8feb6919d695,
Billed Duration for Request 4df393ea-6f75-42da-ab1c-8feb6919d695: 554 ms
Input: 5250000,
Cold Start: false
Unique ID: 9ef728cc-0d72-46c4-904e-02d875995595,
Billed Duration for Request 9ef728cc-0d72-46c4-904e-02d875995595: 543 ms
Input: 5250000,
Cold Start: false
Unique ID: b1cfb2f4-027f-4a94-88d1-72e65fb67433,
Billed Duration for Request b1cfb2f4-027f-4a94-88d1-72e65fb67433: 520 ms
Input: 5250000,
Cold Start: false
Unique ID: 6b422f53-abbf-471d-a864-847c5e02765a,
Billed Duration for Request 6b422f53-abbf-471d-a864-847c5e02765a: 563 ms
Input: 5250000,
Cold Start: false
Unique ID: 41a0204e-1c35-43eb-b479-1cc1898f19d2,
Billed Duration for Request 41a0204e-1c35-43eb-b479-1cc1898f19d2: 557 ms
Input: 5250000,
Cold Start: false
Unique ID: 66f56bcb-8d53-4694-a91d-3e4eb04c2df9,
Billed Duration for Request 66f56bcb-8d53-4694-a91d-3e4eb04c2df9: 515 ms
Input: 5250000,
Cold Start: false
Unique ID: 36afadfc-62b5-481f-91ee-c92bc02c0af3,
Billed Duration for Request 36afadfc-62b5-481f-91ee-c92bc02c0af3: 552 ms
Input: 5250000,
Cold Start: false
Unique ID: 816459be-9c77-4611-91e0-a91844b41657,
Billed Duration for Request 816459be-9c77-4611-91e0-a91844b41657: 583 ms
Input: 5250000,
Cold Start: false
Unique ID: 5ed40c1d-d3b2-4c15-9325-3c36672f2eba,
Billed Duration for Request 5ed40c1d-d3b2-4c15-9325-3c36672f2eba: 580 ms
Input: 5250000,
Cold Start: false
Unique ID: d1214f96-7446-469f-a453-6ea5135b9f6a,
Billed Duration for Request d1214f96-7446-469f-a453-6ea5135b9f6a: 548 ms
Input: 5250000,
Cold Start: false
Unique ID: 28e05b90-69af-45d1-8489-243ae44b55d4,
Billed Duration for Request 28e05b90-69af-45d1-8489-243ae44b55d4: 524 ms
Input: 5250000,
Cold Start: false
Unique ID: b9d3ed81-bbef-468b-af5f-afc76184afe7,
Billed Duration for Request b9d3ed81-bbef-468b-af5f-afc76184afe7: 559 ms
Input: 5250000,
Cold Start: false
Unique ID: d6d54dfa-237b-4dbb-b762-2d2c069e62f1,
Billed Duration for Request d6d54dfa-237b-4dbb-b762-2d2c069e62f1: 557 ms
Input: 5250000,
Cold Start: false
Unique ID: ad326a2c-3051-48d7-8145-7b00e3b48945,
Billed Duration for Request ad326a2c-3051-48d7-8145-7b00e3b48945: 515 ms
Input: 5250000,
Cold Start: false
Unique ID: f261ba5d-7176-43d1-b5e7-753795989ced,
Billed Duration for Request f261ba5d-7176-43d1-b5e7-753795989ced: 548 ms
Input: 5250000,
Cold Start: false
Unique ID: 36a7ee68-dfc0-4697-ae7c-c6219aad05a5,
Billed Duration for Request 36a7ee68-dfc0-4697-ae7c-c6219aad05a5: 566 ms
Input: 5250000,
Cold Start: false
Unique ID: c2d26779-a7ed-4b6a-95e1-6642163bebc6,
Billed Duration for Request c2d26779-a7ed-4b6a-95e1-6642163bebc6: 555 ms
Input: 5250000,
Cold Start: false
Unique ID: 5041fa3b-b2c4-411e-82a2-f5e961120321,
Billed Duration for Request 5041fa3b-b2c4-411e-82a2-f5e961120321: 544 ms
Input: 5250000,
Cold Start: false
Unique ID: f97f0e8a-5f3d-497c-b8a9-1adf3397deb9,
Billed Duration for Request f97f0e8a-5f3d-497c-b8a9-1adf3397deb9: 548 ms
Input: 5250000,
Cold Start: false
Unique ID: 980185ee-c126-4139-88ca-bfece20fddca,
Billed Duration for Request 980185ee-c126-4139-88ca-bfece20fddca: 528 ms
Input: 5250000,
Cold Start: false
Unique ID: 4c55f1d6-50fa-40ad-be49-72f570177e9c,
Billed Duration for Request 4c55f1d6-50fa-40ad-be49-72f570177e9c: 523 ms
Input: 5250000,
Cold Start: false
Unique ID: d0408f95-7f30-4d6b-acbc-cf5136bb49a9,
Billed Duration for Request d0408f95-7f30-4d6b-acbc-cf5136bb49a9: 541 ms
Input: 5250000,
Cold Start: false
Unique ID: 75dbe74d-7faa-4771-9c9b-61c5ed5481ad,
Billed Duration for Request 75dbe74d-7faa-4771-9c9b-61c5ed5481ad: 533 ms
Input: 5250000,
Cold Start: false
Unique ID: f0bed25a-fc3f-43ed-bd48-57b029ce90bf,
Billed Duration for Request f0bed25a-fc3f-43ed-bd48-57b029ce90bf: 562 ms
Input: 5250000,
Cold Start: false
Unique ID: 45a89d85-e4a4-495e-be25-250bb95f8c4b,
Billed Duration for Request 45a89d85-e4a4-495e-be25-250bb95f8c4b: 552 ms
Input: 5250000,
Cold Start: false
Unique ID: 7a2148ce-8394-4700-b288-edbd6d96af44,
Billed Duration for Request 7a2148ce-8394-4700-b288-edbd6d96af44: 563 ms
Input: 5250000,
Cold Start: false
Unique ID: 59479fcd-e5c5-4d0c-9233-4755bb9f8cfd,
Billed Duration for Request 59479fcd-e5c5-4d0c-9233-4755bb9f8cfd: 549 ms
Input: 5250000,
Cold Start: false
Unique ID: 3018abea-247a-451b-bba6-02a8a18e2c17,
Billed Duration for Request 3018abea-247a-451b-bba6-02a8a18e2c17: 515 ms
Input: 5250000,
Cold Start: false
Unique ID: 3fd0c3f5-f6bc-4e15-88a8-f11a48eac887,
Billed Duration for Request 3fd0c3f5-f6bc-4e15-88a8-f11a48eac887: 573 ms
Input: 5250000,
Cold Start: false
Unique ID: 26fe0952-df84-44ab-9f3b-89ccc294ce36,
Billed Duration for Request 26fe0952-df84-44ab-9f3b-89ccc294ce36: 578 ms
Input: 5250000,
Cold Start: false
Unique ID: fb7935a3-c24a-4c27-932d-254c6241cb5b,
Billed Duration for Request fb7935a3-c24a-4c27-932d-254c6241cb5b: 565 ms
Input: 5250000,
Cold Start: false
Unique ID: 0277a879-94b3-4d40-b8cf-19d36a603013,
Billed Duration for Request 0277a879-94b3-4d40-b8cf-19d36a603013: 592 ms
Input: 5250000,
Cold Start: false
Unique ID: 5b573ae4-81ca-4bb2-b282-5d8003b8d8cf,
Billed Duration for Request 5b573ae4-81ca-4bb2-b282-5d8003b8d8cf: 553 ms
Input: 5250000,
Cold Start: false
Unique ID: f655f7de-e639-4241-91fc-ce0ef8034197,
Billed Duration for Request f655f7de-e639-4241-91fc-ce0ef8034197: 585 ms
Input: 5250000,
Cold Start: false
Unique ID: a5186ec9-f91c-48e8-9621-a8344e1ee9bc,
Billed Duration for Request a5186ec9-f91c-48e8-9621-a8344e1ee9bc: 562 ms
Input: 5250000,
Cold Start: false
Unique ID: 4842ddcb-a325-40ec-878e-993348a2623f,
Billed Duration for Request 4842ddcb-a325-40ec-878e-993348a2623f: 539 ms
Input: 5250000,
Cold Start: false
Unique ID: f75fc206-2a26-44a6-970c-498aac97ad8a,
Billed Duration for Request f75fc206-2a26-44a6-970c-498aac97ad8a: 544 ms
Input: 5250000,
Cold Start: false
Unique ID: 243a92c0-2787-4acb-93f1-09f40a8aaaa9,
Billed Duration for Request 243a92c0-2787-4acb-93f1-09f40a8aaaa9: 536 ms
Input: 5250000,
Cold Start: false
Unique ID: de92c40a-0e5d-478d-b625-343550095280,
Billed Duration for Request de92c40a-0e5d-478d-b625-343550095280: 539 ms
Input: 5250000,
Cold Start: false
Unique ID: d3af618c-3f33-4cfd-8adf-d4e9a5b78b8b,
Billed Duration for Request d3af618c-3f33-4cfd-8adf-d4e9a5b78b8b: 586 ms
Input: 5250000,
Cold Start: false
Unique ID: f3503f7c-9347-4091-a359-402dc39d484a,
Billed Duration for Request f3503f7c-9347-4091-a359-402dc39d484a: 562 ms
Input: 5250000,
Cold Start: false
Unique ID: 71bb29b8-7b34-4221-a24d-d1dabee9e5a8,
Billed Duration for Request 71bb29b8-7b34-4221-a24d-d1dabee9e5a8: 552 ms
Input: 5250000,
Cold Start: false
Unique ID: 4a8d1927-dd83-4780-a099-b438b359b4ef,
Billed Duration for Request 4a8d1927-dd83-4780-a099-b438b359b4ef: 549 ms
Input: 5250000,
Cold Start: false
Unique ID: d664aebe-9efc-4c6d-ba7f-d98218379918,
Billed Duration for Request d664aebe-9efc-4c6d-ba7f-d98218379918: 544 ms
Input: 5250000,
Cold Start: false
Unique ID: 92abf09d-1f73-4f76-b2a5-818645576c7a,
Billed Duration for Request 92abf09d-1f73-4f76-b2a5-818645576c7a: 541 ms
Input: 5250000,
Cold Start: false
Unique ID: 5e19e7fd-f1ab-41be-b9b0-b935c1a57c82,
Billed Duration for Request 5e19e7fd-f1ab-41be-b9b0-b935c1a57c82: 565 ms
Input: 5250000,
Cold Start: false
Unique ID: bc7c6fbd-8204-4a20-abb4-55bc3eb829e0,
Billed Duration for Request bc7c6fbd-8204-4a20-abb4-55bc3eb829e0: 566 ms
Input: 5250000,
Cold Start: false
Unique ID: 1d4eb263-facd-42e9-b45d-c917991eca73,
Billed Duration for Request 1d4eb263-facd-42e9-b45d-c917991eca73: 579 ms
Input: 5250000,
Cold Start: false
Unique ID: c38692e1-88fd-40bc-80cc-24ae532d742e,
Billed Duration for Request c38692e1-88fd-40bc-80cc-24ae532d742e: 555 ms
Input: 5250000,
Cold Start: false
Unique ID: 49d1f87b-46a8-4d3a-a04a-5466b750f270,
Billed Duration for Request 49d1f87b-46a8-4d3a-a04a-5466b750f270: 583 ms
Input: 5250000,
Cold Start: false
Unique ID: b11a8b01-13d8-4596-8ab4-de520c4426b2,
Billed Duration for Request b11a8b01-13d8-4596-8ab4-de520c4426b2: 564 ms
Input: 5250000,
Cold Start: false
Unique ID: 8dea538f-7215-40a0-b195-7d234d2565a4,
Billed Duration for Request 8dea538f-7215-40a0-b195-7d234d2565a4: 544 ms
Input: 5250000,
Cold Start: false
Unique ID: 3176ee35-3c27-4a9b-b83c-65926a180535,
Billed Duration for Request 3176ee35-3c27-4a9b-b83c-65926a180535: 535 ms
Input: 5250000,
Cold Start: false
Unique ID: acca016d-ddbf-4b90-9d0c-23e102cb22d1,
Billed Duration for Request acca016d-ddbf-4b90-9d0c-23e102cb22d1: 555 ms
Input: 5250000,
Cold Start: false
Unique ID: 9568e588-778a-459a-ae36-d0842fe95533,
Billed Duration for Request 9568e588-778a-459a-ae36-d0842fe95533: 570 ms
Input: 5250000,
Cold Start: false
Unique ID: a617de34-5b7f-47aa-ae63-db3857371b64,
Billed Duration for Request a617de34-5b7f-47aa-ae63-db3857371b64: 535 ms
Input: 5250000,
Cold Start: false
Unique ID: b7a59c5d-7198-4d86-95d3-b2de19776b27,
Billed Duration for Request b7a59c5d-7198-4d86-95d3-b2de19776b27: 529 ms
Input: 5250000,
Cold Start: false
Unique ID: 2cc73d7b-5fad-4965-a3f3-1ccdaf8c4ac0,
Billed Duration for Request 2cc73d7b-5fad-4965-a3f3-1ccdaf8c4ac0: 575 ms
Input: 5250000,
Cold Start: false
Unique ID: 97049fb4-e74a-4f14-87cf-4373d383ef68,
Billed Duration for Request 97049fb4-e74a-4f14-87cf-4373d383ef68: 547 ms
Input: 5250000,
Cold Start: false
Unique ID: 7c8fd22c-57d9-4785-8848-09cd55b9d806,
Billed Duration for Request 7c8fd22c-57d9-4785-8848-09cd55b9d806: 531 ms
Input: 5250000,
Cold Start: false
Unique ID: 09a345ad-5830-4f92-9464-bbcbde4fb784,
Billed Duration for Request 09a345ad-5830-4f92-9464-bbcbde4fb784: 530 ms
Input: 5250000,
Cold Start: false
Unique ID: 8631b98b-68f3-422b-b4e8-b2ff9bc2028b,
Billed Duration for Request 8631b98b-68f3-422b-b4e8-b2ff9bc2028b: 548 ms
Input: 5250000,
Cold Start: false
Unique ID: 8229b68b-f0c5-4fc9-afda-a7cf0338745f,
Billed Duration for Request 8229b68b-f0c5-4fc9-afda-a7cf0338745f: 585 ms
Input: 5250000,
Cold Start: false
Unique ID: 80ea4cf1-8403-4498-a4c1-f9ab54bab22a,
Billed Duration for Request 80ea4cf1-8403-4498-a4c1-f9ab54bab22a: 540 ms
Input: 5250000,
Cold Start: false
Unique ID: ad567b57-7066-4a5a-8fb0-bdf53a47eb48,
Billed Duration for Request ad567b57-7066-4a5a-8fb0-bdf53a47eb48: 542 ms
Input: 5250000,
Cold Start: false
Unique ID: a9de25b3-0e0b-4189-963a-f61b642e0322,
Billed Duration for Request a9de25b3-0e0b-4189-963a-f61b642e0322: 573 ms
Input: 5250000,
Cold Start: false
Unique ID: 496b882b-040a-4ed5-902d-03f675d5a2a9,
Billed Duration for Request 496b882b-040a-4ed5-902d-03f675d5a2a9: 548 ms
Input: 5250000,
Cold Start: false
Unique ID: 4fbc9095-ccb3-4d59-b3cd-168815c6b499,
Billed Duration for Request 4fbc9095-ccb3-4d59-b3cd-168815c6b499: 545 ms
Input: 5250000,
Cold Start: false
Unique ID: 1b508eb8-318c-488d-88aa-a40cc9aa2aae,
Billed Duration for Request 1b508eb8-318c-488d-88aa-a40cc9aa2aae: 539 ms
Input: 5250000,
Cold Start: false
Unique ID: f8f7699d-4065-4d17-a823-af04214f70e0,
Billed Duration for Request f8f7699d-4065-4d17-a823-af04214f70e0: 557 ms
Input: 5250000,
Cold Start: false
Unique ID: 9d7665ec-a194-4a9f-ad86-955627cd3f5a,
Billed Duration for Request 9d7665ec-a194-4a9f-ad86-955627cd3f5a: 569 ms
Input: 5250000,
Cold Start: false
Unique ID: b3507216-ef6d-44a6-9e7c-c5b271029298,
Billed Duration for Request b3507216-ef6d-44a6-9e7c-c5b271029298: 538 ms
Input: 5250000,
Cold Start: false
Unique ID: be46a54b-1c18-40ce-8f38-beace2b3ae4f,
Billed Duration for Request be46a54b-1c18-40ce-8f38-beace2b3ae4f: 531 ms
Input: 5250000,
Cold Start: false
Unique ID: e1d43aab-9f47-4fe1-862a-5e3a38e2ed7d,
Billed Duration for Request e1d43aab-9f47-4fe1-862a-5e3a38e2ed7d: 578 ms
Input: 5250000,
Cold Start: false
Unique ID: 6b9123cf-b2ba-4dae-9de2-9def11b4635c,
Billed Duration for Request 6b9123cf-b2ba-4dae-9de2-9def11b4635c: 546 ms
Input: 5250000,
Cold Start: false
Unique ID: 8cf8f1c1-3b77-4a9a-a3f6-c66d471d48e7,
Billed Duration for Request 8cf8f1c1-3b77-4a9a-a3f6-c66d471d48e7: 544 ms
Input: 5250000,
Cold Start: false
Unique ID: 3b611849-3a21-41c1-b145-046300006a0c,
Billed Duration for Request 3b611849-3a21-41c1-b145-046300006a0c: 531 ms
Input: 5250000,
Cold Start: false
Unique ID: 09bc4f99-0430-43d9-8ab5-35db0a4986df,
Billed Duration for Request 09bc4f99-0430-43d9-8ab5-35db0a4986df: 559 ms
Input: 5250000,
Cold Start: false
Unique ID: b6bf9d41-3e07-4e16-be8d-7cf7af9b7890,
Billed Duration for Request b6bf9d41-3e07-4e16-be8d-7cf7af9b7890: 572 ms
Input: 5250000,
Cold Start: false
Unique ID: 254106f8-df83-43ea-9c5f-f0ed243cb132,
Billed Duration for Request 254106f8-df83-43ea-9c5f-f0ed243cb132: 539 ms
Input: 5250000,
Cold Start: false
Unique ID: 2ca632e2-5590-42bf-8fa5-2d9dfc5022fa,
Billed Duration for Request 2ca632e2-5590-42bf-8fa5-2d9dfc5022fa: 541 ms
Input: 5250000,
Cold Start: false
Unique ID: f88a7a2a-ceb6-4aee-b13c-fafe5188553c,
Billed Duration for Request f88a7a2a-ceb6-4aee-b13c-fafe5188553c: 573 ms
Input: 5250000,
Cold Start: false
Unique ID: 913d4815-5b66-4ad8-837b-eafe123e2871,
Billed Duration for Request 913d4815-5b66-4ad8-837b-eafe123e2871: 548 ms
Input: 5250000,
Cold Start: false
Unique ID: 0c421abb-dd94-40f5-9235-c5aab317d7ef,
Billed Duration for Request 0c421abb-dd94-40f5-9235-c5aab317d7ef: 531 ms
Input: 5250000,
Cold Start: false
Unique ID: 0c0b4a62-e199-4f87-9979-2e5524fad122,
Billed Duration for Request 0c0b4a62-e199-4f87-9979-2e5524fad122: 532 ms
Input: 5250000,
Cold Start: false
Unique ID: 300f833e-2e1f-4738-8d85-f1c1dbd73642,
Billed Duration for Request 300f833e-2e1f-4738-8d85-f1c1dbd73642: 555 ms
Input: 5250000,
Cold Start: false
Unique ID: d9284743-76d7-41e6-beb6-5c2282f689c1,
Billed Duration for Request d9284743-76d7-41e6-beb6-5c2282f689c1: 586 ms
Input: 5250000,
Cold Start: false
Unique ID: d583cd4b-0f66-4504-a1f5-c72624612517,
Billed Duration for Request d583cd4b-0f66-4504-a1f5-c72624612517: 531 ms
Input: 5250000,
Cold Start: false
Unique ID: e7e01fce-63d9-4001-a691-dcccef096b2b,
Billed Duration for Request e7e01fce-63d9-4001-a691-dcccef096b2b: 529 ms
Input: 5250000,
Cold Start: false
Unique ID: 8e0ec7fe-9c25-4127-ab67-933b971ffa6d,
Billed Duration for Request 8e0ec7fe-9c25-4127-ab67-933b971ffa6d: 576 ms
Input: 5250000,
Cold Start: false
Unique ID: 554244a3-5cb7-44ee-aac2-02090806cd3d,
Billed Duration for Request 554244a3-5cb7-44ee-aac2-02090806cd3d: 565 ms
Input: 5250000,
Cold Start: false
Unique ID: 6b06c188-de55-4a88-a073-ec02d23bcc9d,
Billed Duration for Request 6b06c188-de55-4a88-a073-ec02d23bcc9d: 531 ms
Input: 5250000,
Cold Start: false
Unique ID: 870a6900-ac00-443c-9635-140c24452e23,
Billed Duration for Request 870a6900-ac00-443c-9635-140c24452e23: 567 ms
Input: 5250000,
Cold Start: false
Unique ID: e41780f5-4628-4e74-9fb0-90ba1928d4db,
Billed Duration for Request e41780f5-4628-4e74-9fb0-90ba1928d4db: 531 ms
Input: 5250000,
Cold Start: false
Unique ID: 2fb3785a-c9d5-4be4-84b8-ce6c802546a7,
Billed Duration for Request 2fb3785a-c9d5-4be4-84b8-ce6c802546a7: 571 ms
Input: 5250000,
Cold Start: false
Unique ID: c6ea88d8-ec46-410b-b6b2-eadf607f1def,
Billed Duration for Request c6ea88d8-ec46-410b-b6b2-eadf607f1def: 533 ms
Input: 5250000,
Cold Start: false
Unique ID: 5363f2e3-1d15-45cd-8b60-1833a9ef28b2,
Billed Duration for Request 5363f2e3-1d15-45cd-8b60-1833a9ef28b2: 527 ms
Input: 5250000,
Cold Start: false
Unique ID: cafe6906-4f7c-43f9-88a5-42882ae36bd2,
Billed Duration for Request cafe6906-4f7c-43f9-88a5-42882ae36bd2: 580 ms
Input: 5250000,
Cold Start: false
Unique ID: e4d26d74-86fa-4b00-b280-32e2da483b6d,
Billed Duration for Request e4d26d74-86fa-4b00-b280-32e2da483b6d: 535 ms
Input: 5250000,
Cold Start: false
Unique ID: 1e78f493-88ab-47a8-aab1-e6d44b2cce80,
Billed Duration for Request 1e78f493-88ab-47a8-aab1-e6d44b2cce80: 556 ms
Input: 5250000,
Cold Start: false
Unique ID: 1f4af867-3735-4351-8fae-3ae56e84a2b4,
Billed Duration for Request 1f4af867-3735-4351-8fae-3ae56e84a2b4: 566 ms
Input: 5250000,
Cold Start: false
Unique ID: 7c322afa-15a3-4ed2-81a0-34080e40abb5,
Billed Duration for Request 7c322afa-15a3-4ed2-81a0-34080e40abb5: 548 ms
Input: 5250000,
Cold Start: false
Unique ID: 27ffe134-62b9-4203-abcb-c979c2d424cd,
Billed Duration for Request 27ffe134-62b9-4203-abcb-c979c2d424cd: 533 ms
Input: 5250000,
Cold Start: false
Unique ID: d7305141-190c-41e8-a7ab-7c27448bdb97,
Billed Duration for Request d7305141-190c-41e8-a7ab-7c27448bdb97: 585 ms
Input: 5250000,
Cold Start: false
Unique ID: 6cee22e3-2d01-4a3e-9f41-a9cca2d3596f,
Billed Duration for Request 6cee22e3-2d01-4a3e-9f41-a9cca2d3596f: 586 ms
Input: 5250000,
Cold Start: false
Unique ID: af4c94a6-d215-4b56-90c3-c03e8686449c,
Billed Duration for Request af4c94a6-d215-4b56-90c3-c03e8686449c: 530 ms
Input: 5250000,
Cold Start: false
Unique ID: 42deb7a2-5ff3-4725-bab0-ca7adfccb0df,
Billed Duration for Request 42deb7a2-5ff3-4725-bab0-ca7adfccb0df: 553 ms
Input: 5250000,
Cold Start: false
Unique ID: 4754439e-5b5b-417b-85a4-551d3ecfeaf1,
Billed Duration for Request 4754439e-5b5b-417b-85a4-551d3ecfeaf1: 551 ms
Input: 5250000,
Cold Start: false
Unique ID: af088178-0f78-4bca-b8d0-8050713d35e3,
Billed Duration for Request af088178-0f78-4bca-b8d0-8050713d35e3: 546 ms
Input: 5250000,
Cold Start: false
Unique ID: 5197f474-8669-4ffe-bc9f-c7333b81dc8c,
Billed Duration for Request 5197f474-8669-4ffe-bc9f-c7333b81dc8c: 548 ms
Input: 5250000,
Cold Start: false
Unique ID: 607b1e73-d0a6-4f2c-9f8f-10845d256691,
Billed Duration for Request 607b1e73-d0a6-4f2c-9f8f-10845d256691: 568 ms
Input: 5250000,
Cold Start: false
Unique ID: 60ee434f-6491-4809-85af-1e344a187349,
Billed Duration for Request 60ee434f-6491-4809-85af-1e344a187349: 537 ms
Input: 5250000,
Cold Start: false
Unique ID: 4ae816a9-5c67-4e3f-ae9e-01d856254960,
Billed Duration for Request 4ae816a9-5c67-4e3f-ae9e-01d856254960: 530 ms
Input: 5250000,
Cold Start: false
Unique ID: a9194dce-c9b2-45c0-86c7-ea7272f11985,
Billed Duration for Request a9194dce-c9b2-45c0-86c7-ea7272f11985: 577 ms
Input: 5250000,
Cold Start: false
Unique ID: d61164e3-c3de-4441-ae21-ee78cf5e3cf4,
Billed Duration for Request d61164e3-c3de-4441-ae21-ee78cf5e3cf4: 539 ms
Input: 5250000,
Cold Start: false
Unique ID: 79413b0d-d836-4cb6-905c-1768d61686a6,
Billed Duration for Request 79413b0d-d836-4cb6-905c-1768d61686a6: 556 ms
Input: 5250000,
Cold Start: false
Unique ID: f38b7fb2-c364-41cf-bb4b-43c85d4e390d,
Billed Duration for Request f38b7fb2-c364-41cf-bb4b-43c85d4e390d: 562 ms
Input: 5250000,
Cold Start: false
Unique ID: 926f8a47-7462-4b74-8bfe-7cae42a64b4b,
Billed Duration for Request 926f8a47-7462-4b74-8bfe-7cae42a64b4b: 543 ms
Input: 5250000,
Cold Start: false
Unique ID: e51305ff-59b2-4ab6-b2d6-74be14264c4a,
Billed Duration for Request e51305ff-59b2-4ab6-b2d6-74be14264c4a: 569 ms
Input: 5250000,
Cold Start: false
Unique ID: f09ec925-3a85-4567-9b71-43d2b7b8f047,
Billed Duration for Request f09ec925-3a85-4567-9b71-43d2b7b8f047: 533 ms
Input: 5250000,
Cold Start: false
Unique ID: 431f0c87-acbf-4731-830b-f3c43c355f92,
Billed Duration for Request 431f0c87-acbf-4731-830b-f3c43c355f92: 585 ms
Input: 5250000,
Cold Start: false
Unique ID: a15aa223-0134-4226-8dd3-cbc51e6a4ff0,
Billed Duration for Request a15aa223-0134-4226-8dd3-cbc51e6a4ff0: 534 ms
Input: 5250000,
Cold Start: false
Unique ID: 9cd36387-a53f-4afd-8c6a-cfd42592e46c,
Billed Duration for Request 9cd36387-a53f-4afd-8c6a-cfd42592e46c: 536 ms
Input: 5250000,
Cold Start: false
Unique ID: ec528976-d669-4e45-9610-72cd720fa7bc,
Billed Duration for Request ec528976-d669-4e45-9610-72cd720fa7bc: 552 ms
Input: 5250000,
Cold Start: false
Unique ID: addcc19a-eebe-4909-af4a-e07cd0a54072,
Billed Duration for Request addcc19a-eebe-4909-af4a-e07cd0a54072: 565 ms
Input: 5250000,
Cold Start: false
Unique ID: 939b8034-2842-44a3-9d17-9b2483661a06,
Billed Duration for Request 939b8034-2842-44a3-9d17-9b2483661a06: 540 ms
Input: 5250000,
Cold Start: false
Unique ID: 4bc6c2e3-aa46-47b2-a151-0c9dec1d69ba,
Billed Duration for Request 4bc6c2e3-aa46-47b2-a151-0c9dec1d69ba: 585 ms
Input: 5250000,
Cold Start: false
Unique ID: 428c9a36-f70b-425a-93fb-4ec32e6ae831,
Billed Duration for Request 428c9a36-f70b-425a-93fb-4ec32e6ae831: 548 ms
Input: 5250000,
Cold Start: false
