Unique ID: 4d735d8d471f99faabc172509cb3d4d2,
Execution Time for Trace ID 4d735d8d471f99faabc172509cb3d4d2: 350 ms
Input: 5000000,
Cold Start: false
Unique ID: 2dadb63ebbc2316401acd9649a21a3b1,
Execution Time for Trace ID 2dadb63ebbc2316401acd9649a21a3b1: 408 ms
Input: 5000000,
Cold Start: false
Unique ID: 7c38526e0e1406ba7a492a19ae575b92,
Execution Time for Trace ID 7c38526e0e1406ba7a492a19ae575b92: 420 ms
Input: 5000000,
Cold Start: false
Unique ID: 181f281565f378c82336abb94ada3996,
Execution Time for Trace ID 181f281565f378c82336abb94ada3996: 421 ms
Input: 5000000,
Cold Start: false
Unique ID: 54724a07ed5254f5d397449b0701880c,
Execution Time for Trace ID 54724a07ed5254f5d397449b0701880c: 298 ms
Input: 5000000,
Cold Start: false
Unique ID: 83981620f920aa79b4f4800c411a253f,
Execution Time for Trace ID 83981620f920aa79b4f4800c411a253f: 339 ms
Input: 5000000,
Cold Start: false
Unique ID: 32733b504664cacfb8ce19ec95c3bf68,
Execution Time for Trace ID 32733b504664cacfb8ce19ec95c3bf68: 339 ms
Input: 5000000,
Cold Start: false
Unique ID: a950c7d96159d33a2bcfb79c3788fdbb,
Execution Time for Trace ID a950c7d96159d33a2bcfb79c3788fdbb: 337 ms
Input: 5000000,
Cold Start: false
Unique ID: 93daf25144c6b6624a1831fed4853d1e,
Execution Time for Trace ID 93daf25144c6b6624a1831fed4853d1e: 321 ms
Input: 5000000,
Cold Start: false
Unique ID: ec132f53ab3798f0d9cbfc700d51c26e,
Execution Time for Trace ID ec132f53ab3798f0d9cbfc700d51c26e: 351 ms
Input: 5000000,
Cold Start: false
Unique ID: 0ef687e2e05a9dc215af0b281624b53c,
Execution Time for Trace ID 0ef687e2e05a9dc215af0b281624b53c: 439 ms
Input: 5000000,
Cold Start: false
Unique ID: ae1372d661d1ad226501c52fca59d084,
Execution Time for Trace ID ae1372d661d1ad226501c52fca59d084: 461 ms
Input: 5000000,
Cold Start: false
Unique ID: e2d630c480afed74cefee3122c2027fb,
Execution Time for Trace ID e2d630c480afed74cefee3122c2027fb: 294 ms
Input: 5000000,
Cold Start: false
Unique ID: ffd8d25767404bbb38e2364849828a92,
Execution Time for Trace ID ffd8d25767404bbb38e2364849828a92: 353 ms
Input: 5000000,
Cold Start: false
Unique ID: c432ab0cf095a341e8f7c4592ed6d30b,
Execution Time for Trace ID c432ab0cf095a341e8f7c4592ed6d30b: 422 ms
Input: 5000000,
Cold Start: false
Unique ID: 197bc4f29c2babd38b8a018553ea47e7,
Execution Time for Trace ID 197bc4f29c2babd38b8a018553ea47e7: 374 ms
Input: 5000000,
Cold Start: false
Unique ID: 1f0be5f44ecb8e0c1bc52c781b5e1a8a,
Execution Time for Trace ID 1f0be5f44ecb8e0c1bc52c781b5e1a8a: 376 ms
Input: 5000000,
Cold Start: false
Unique ID: d272a29dd27bcf83bd2e414105c5bc07,
Execution Time for Trace ID d272a29dd27bcf83bd2e414105c5bc07: 403 ms
Input: 5000000,
Cold Start: false
Unique ID: a4e3ea646346bc7629975e2969af21ff,
Execution Time for Trace ID a4e3ea646346bc7629975e2969af21ff: 343 ms
Input: 5000000,
Cold Start: false
Unique ID: a15047483ddfa57a306426d8f0b610a6,
Execution Time for Trace ID a15047483ddfa57a306426d8f0b610a6: 500 ms
Input: 5000000,
Cold Start: false
Unique ID: 05cd9001310a3e13fd0e50fcb56f52f4,
Execution Time for Trace ID 05cd9001310a3e13fd0e50fcb56f52f4: 322 ms
Input: 5000000,
Cold Start: false
Unique ID: 6d394915652c9aaf1c0bae0741e4aca0,
Execution Time for Trace ID 6d394915652c9aaf1c0bae0741e4aca0: 352 ms
Input: 5000000,
Cold Start: false
Unique ID: 808d19ef6a7c7e5694f7e66d58d5b69d,
Execution Time for Trace ID 808d19ef6a7c7e5694f7e66d58d5b69d: 367 ms
Input: 5000000,
Cold Start: false
Unique ID: 47f1f9a590214728bf14e9ea466db6ec,
Execution Time for Trace ID 47f1f9a590214728bf14e9ea466db6ec: 366 ms
Input: 5000000,
Cold Start: false
Unique ID: f8de7d0292ce504251b6607c3e72d184,
Execution Time for Trace ID f8de7d0292ce504251b6607c3e72d184: 326 ms
Input: 5000000,
Cold Start: false
Unique ID: d2de8defe9bd3350a847083a3b36b39b,
Execution Time for Trace ID d2de8defe9bd3350a847083a3b36b39b: 340 ms
Input: 5000000,
Cold Start: false
Unique ID: 544545379403d50f6ce7b69e46e14c78,
Execution Time for Trace ID 544545379403d50f6ce7b69e46e14c78: 343 ms
Input: 5000000,
Cold Start: false
Unique ID: 626978afec0b9222514a653f1acf171b,
Execution Time for Trace ID 626978afec0b9222514a653f1acf171b: 343 ms
Input: 5000000,
Cold Start: false
Unique ID: 0342b4424716f8f5c89a3f884d3984ee,
Execution Time for Trace ID 0342b4424716f8f5c89a3f884d3984ee: 326 ms
Input: 5000000,
Cold Start: false
Unique ID: 55e44d3b29582a6361ad2e6600280523,
Execution Time for Trace ID 55e44d3b29582a6361ad2e6600280523: 352 ms
Input: 5000000,
Cold Start: false
Unique ID: 5d7833527af65024cd6af133f89c7122,
Execution Time for Trace ID 5d7833527af65024cd6af133f89c7122: 368 ms
Input: 5000000,
Cold Start: false
Unique ID: 6db9edf22a02c83a7950ee1ac5630d36,
Execution Time for Trace ID 6db9edf22a02c83a7950ee1ac5630d36: 342 ms
Input: 5000000,
Cold Start: false
Unique ID: e442e6ab109557f2838f17cdc4aa8b4b,
Execution Time for Trace ID e442e6ab109557f2838f17cdc4aa8b4b: 375 ms
Input: 5000000,
Cold Start: false
Unique ID: f69592d151dd1edf43902def211b6ce0,
Execution Time for Trace ID f69592d151dd1edf43902def211b6ce0: 348 ms
Input: 5000000,
Cold Start: false
Unique ID: 224173f348e2acf58052649d5c78bc65,
Execution Time for Trace ID 224173f348e2acf58052649d5c78bc65: 369 ms
Input: 5000000,
Cold Start: false
Unique ID: 9e8e4035d32abea61139e0a8e173a141,
Execution Time for Trace ID 9e8e4035d32abea61139e0a8e173a141: 357 ms
Input: 5000000,
Cold Start: false
Unique ID: 1370cbff482d1e3a075b3797f52a3cda,
Execution Time for Trace ID 1370cbff482d1e3a075b3797f52a3cda: 379 ms
Input: 5000000,
Cold Start: false
Unique ID: c832e015535f5c124ad4b1d9850a0735,
Execution Time for Trace ID c832e015535f5c124ad4b1d9850a0735: 415 ms
Input: 5000000,
Cold Start: false
Unique ID: f38578d7feceef3e1d5e638efcf43b31,
Execution Time for Trace ID f38578d7feceef3e1d5e638efcf43b31: 367 ms
Input: 5000000,
Cold Start: false
Unique ID: 614dacda0fb5236dca1a729fc6767fcc,
Execution Time for Trace ID 614dacda0fb5236dca1a729fc6767fcc: 341 ms
Input: 5000000,
Cold Start: false
Unique ID: ed685dc30fa52467000f0353fb576998,
Execution Time for Trace ID ed685dc30fa52467000f0353fb576998: 314 ms
Input: 5000000,
Cold Start: false
Unique ID: 0231801b77678d6b9dde730a4f6ee8b8,
Execution Time for Trace ID 0231801b77678d6b9dde730a4f6ee8b8: 336 ms
Input: 5000000,
Cold Start: false
Unique ID: 7a2c19c1be6a85eadae70b71abd2b730,
Execution Time for Trace ID 7a2c19c1be6a85eadae70b71abd2b730: 390 ms
Input: 5000000,
Cold Start: false
Unique ID: bfa6cbb3769dc96383e10a80f58532c8,
Execution Time for Trace ID bfa6cbb3769dc96383e10a80f58532c8: 365 ms
Input: 5000000,
Cold Start: false
Unique ID: f6c801f9cceb89b1ef52a38c61a5d4fb,
Execution Time for Trace ID f6c801f9cceb89b1ef52a38c61a5d4fb: 324 ms
Input: 5000000,
Cold Start: false
Unique ID: b98a061f784fff5fd53993c43de8a2ee,
Execution Time for Trace ID b98a061f784fff5fd53993c43de8a2ee: 285 ms
Input: 5000000,
Cold Start: false
Unique ID: c4c8bfe31b3b4d9ae773073505b5b6fd,
Execution Time for Trace ID c4c8bfe31b3b4d9ae773073505b5b6fd: 527 ms
Input: 5000000,
Cold Start: false
Unique ID: 7bc845c0bd41fd7df2e8e72257463b59,
Execution Time for Trace ID 7bc845c0bd41fd7df2e8e72257463b59: 548 ms
Input: 5000000,
Cold Start: false
Unique ID: 345ed70d5dc7de54eb9d9157fae6f05b,
Execution Time for Trace ID 345ed70d5dc7de54eb9d9157fae6f05b: 318 ms
Input: 5000000,
Cold Start: false
Unique ID: 19f040dc9a30398a44aa58edd1596fd8,
Execution Time for Trace ID 19f040dc9a30398a44aa58edd1596fd8: 334 ms
Input: 5000000,
Cold Start: false
Unique ID: fdcea129171f144fb3edb5f5abad977b,
Execution Time for Trace ID fdcea129171f144fb3edb5f5abad977b: 392 ms
Input: 5000000,
Cold Start: false
Unique ID: 2ce64f16104edc42bdf15b46f03907bb,
Execution Time for Trace ID 2ce64f16104edc42bdf15b46f03907bb: 367 ms
Input: 5000000,
Cold Start: false
Unique ID: e2246b442dc1a1aaa00a936d439cc096,
Execution Time for Trace ID e2246b442dc1a1aaa00a936d439cc096: 378 ms
Input: 5000000,
Cold Start: false
Unique ID: 52ce7a738ec1ff280bf4aa0e54197a04,
Execution Time for Trace ID 52ce7a738ec1ff280bf4aa0e54197a04: 348 ms
Input: 5000000,
Cold Start: false
Unique ID: f4c02be1712f9b46ced2f3467d8640c8,
Execution Time for Trace ID f4c02be1712f9b46ced2f3467d8640c8: 283 ms
Input: 5000000,
Cold Start: false
Unique ID: d5bcf9650e0eb66d68e4a3e8c4746534,
Execution Time for Trace ID d5bcf9650e0eb66d68e4a3e8c4746534: 421 ms
Input: 5000000,
Cold Start: false
Unique ID: eb621c333ae1036ec253255afdb346fb,
Execution Time for Trace ID eb621c333ae1036ec253255afdb346fb: 380 ms
Input: 5000000,
Cold Start: false
Unique ID: a3515d94052a87f25c16bee238906cb5,
Execution Time for Trace ID a3515d94052a87f25c16bee238906cb5: 367 ms
Input: 5000000,
Cold Start: false
Unique ID: 9006b2893cf265270e0fc75f433066c4,
Execution Time for Trace ID 9006b2893cf265270e0fc75f433066c4: 347 ms
Input: 5000000,
Cold Start: false
Unique ID: 50bdd9996a387d38b168a3105197adba,
Execution Time for Trace ID 50bdd9996a387d38b168a3105197adba: 385 ms
Input: 5000000,
Cold Start: false
Unique ID: 34c81080a45cac85e2072575133c0320,
Execution Time for Trace ID 34c81080a45cac85e2072575133c0320: 378 ms
Input: 5000000,
Cold Start: false
Unique ID: 8828d31f67901fb959aaf7a106c8205e,
Execution Time for Trace ID 8828d31f67901fb959aaf7a106c8205e: 333 ms
Input: 5000000,
Cold Start: false
Unique ID: d2fe41957c9ad6e41ceaee023bb44503,
Execution Time for Trace ID d2fe41957c9ad6e41ceaee023bb44503: 342 ms
Input: 5000000,
Cold Start: false
Unique ID: 69ea60088b6d6baa3fffb6006de5741d,
Execution Time for Trace ID 69ea60088b6d6baa3fffb6006de5741d: 369 ms
Input: 5000000,
Cold Start: false
Unique ID: 361dbb783d3ebad26b432ef66a2b781d,
Execution Time for Trace ID 361dbb783d3ebad26b432ef66a2b781d: 318 ms
Input: 5000000,
Cold Start: false
Unique ID: f31f5fb8e231e4805293985fe5c7df6e,
Execution Time for Trace ID f31f5fb8e231e4805293985fe5c7df6e: 374 ms
Input: 5000000,
Cold Start: false
Unique ID: b7d4b4c4e2a0b6f3bf0a6ea9e34478ec,
Execution Time for Trace ID b7d4b4c4e2a0b6f3bf0a6ea9e34478ec: 339 ms
Input: 5000000,
Cold Start: false
Unique ID: f523d8c578eec679c88b7478740414d2,
Execution Time for Trace ID f523d8c578eec679c88b7478740414d2: 411 ms
Input: 5000000,
Cold Start: false
Unique ID: 84f21c6cd6ca1409d9371dad65c2f814,
Execution Time for Trace ID 84f21c6cd6ca1409d9371dad65c2f814: 317 ms
Input: 5000000,
Cold Start: false
Unique ID: 74c66e32272ae759859a6c654d56a942,
Execution Time for Trace ID 74c66e32272ae759859a6c654d56a942: 371 ms
Input: 5000000,
Cold Start: false
Unique ID: ea7d7cf8818a573c6f0756b292a87e5e,
Execution Time for Trace ID ea7d7cf8818a573c6f0756b292a87e5e: 381 ms
Input: 5000000,
Cold Start: false
Unique ID: e3dada30cb315afc0cee2a7ca1ae66fa,
Execution Time for Trace ID e3dada30cb315afc0cee2a7ca1ae66fa: 415 ms
Input: 5000000,
Cold Start: false
Unique ID: 04585f8c0ed13129a69f625323394c45,
Execution Time for Trace ID 04585f8c0ed13129a69f625323394c45: 314 ms
Input: 5000000,
Cold Start: false
Unique ID: 1b5248f7fe20b2307c414a9e05c380cf,
Execution Time for Trace ID 1b5248f7fe20b2307c414a9e05c380cf: 373 ms
Input: 5000000,
Cold Start: false
Unique ID: 6e4bd5cc42e23420742c664385d43d14,
Execution Time for Trace ID 6e4bd5cc42e23420742c664385d43d14: 357 ms
Input: 5000000,
Cold Start: false
Unique ID: adfcd315f27527f5bd992c1c2493f42a,
Execution Time for Trace ID adfcd315f27527f5bd992c1c2493f42a: 434 ms
Input: 5000000,
Cold Start: false
Unique ID: 78aac973d2a77dc85c71bc980ee3f246,
Execution Time for Trace ID 78aac973d2a77dc85c71bc980ee3f246: 380 ms
Input: 5000000,
Cold Start: false
Unique ID: ae3840dd352e7f5f711f4331f262f076,
Execution Time for Trace ID ae3840dd352e7f5f711f4331f262f076: 347 ms
Input: 5000000,
Cold Start: false
Unique ID: 2974c51ae0f2f1903e44cc4a6d31418b,
Execution Time for Trace ID 2974c51ae0f2f1903e44cc4a6d31418b: 368 ms
Input: 5000000,
Cold Start: false
Unique ID: df26678ebdf1b14035d61500247f45fd,
Execution Time for Trace ID df26678ebdf1b14035d61500247f45fd: 375 ms
Input: 5000000,
Cold Start: false
Unique ID: 8b70fc5576513ce4c95528a17bb893d9,
Execution Time for Trace ID 8b70fc5576513ce4c95528a17bb893d9: 323 ms
Input: 5000000,
Cold Start: false
Unique ID: d9739e8c193da10a77e592c4d15ba541,
Execution Time for Trace ID d9739e8c193da10a77e592c4d15ba541: 342 ms
Input: 5000000,
Cold Start: false
Unique ID: 7a9043248ad3183b9d1106d62f03c6c0,
Execution Time for Trace ID 7a9043248ad3183b9d1106d62f03c6c0: 392 ms
Input: 5000000,
Cold Start: false
Unique ID: e073df0ae27925f4659d0ea1383ca892,
Execution Time for Trace ID e073df0ae27925f4659d0ea1383ca892: 379 ms
Input: 5000000,
Cold Start: false
Unique ID: 2d638479b338ba5e13a78213e8071339,
Execution Time for Trace ID 2d638479b338ba5e13a78213e8071339: 319 ms
Input: 5000000,
Cold Start: false
Unique ID: c4d26f96e94c47e38a12c77dfdbfb02e,
Execution Time for Trace ID c4d26f96e94c47e38a12c77dfdbfb02e: 358 ms
Input: 5000000,
Cold Start: false
Unique ID: 7017fcd94493084460a6c9bc75fae949,
Execution Time for Trace ID 7017fcd94493084460a6c9bc75fae949: 367 ms
Input: 5000000,
Cold Start: false
Unique ID: 11b841ecc908584f997e05b46220d9c9,
Execution Time for Trace ID 11b841ecc908584f997e05b46220d9c9: 383 ms
Input: 5000000,
Cold Start: false
Unique ID: bebf9adea49f107885a371e64c2401fb,
Execution Time for Trace ID bebf9adea49f107885a371e64c2401fb: 375 ms
Input: 5000000,
Cold Start: false
Unique ID: 65feae73186a2cd2c5deddaddb3c2ccb,
Execution Time for Trace ID 65feae73186a2cd2c5deddaddb3c2ccb: 348 ms
Input: 5000000,
Cold Start: false
Unique ID: b842905ff24e44ccb9fea14c8174648a,
Execution Time for Trace ID b842905ff24e44ccb9fea14c8174648a: 373 ms
Input: 5000000,
Cold Start: false
Unique ID: fff1bf2f7ef4dfe93552d114bd0aaade,
Execution Time for Trace ID fff1bf2f7ef4dfe93552d114bd0aaade: 360 ms
Input: 5000000,
Cold Start: false
Unique ID: 0c53e5f87ee7d522d273f31f5f4258f6,
Execution Time for Trace ID 0c53e5f87ee7d522d273f31f5f4258f6: 380 ms
Input: 5000000,
Cold Start: false
Unique ID: acf16b2cb4cb20c081dfde3b7ec30d4e,
Execution Time for Trace ID acf16b2cb4cb20c081dfde3b7ec30d4e: 350 ms
Input: 5000000,
Cold Start: false
Unique ID: 8b500179172c794b4398c574099142c4,
Execution Time for Trace ID 8b500179172c794b4398c574099142c4: 399 ms
Input: 5000000,
Cold Start: false
Unique ID: dca31f0f6ef9c9eb8f7d611a5b8d8441,
Execution Time for Trace ID dca31f0f6ef9c9eb8f7d611a5b8d8441: 370 ms
Input: 5000000,
Cold Start: false
Unique ID: 8a2b22e35063b1ac3724886b7be39ebd,
Execution Time for Trace ID 8a2b22e35063b1ac3724886b7be39ebd: 341 ms
Input: 5000000,
Cold Start: false
Unique ID: a73be06b3d5009dad26e5ba33dbc8996,
Execution Time for Trace ID a73be06b3d5009dad26e5ba33dbc8996: 353 ms
Input: 5000000,
Cold Start: false
Unique ID: 8c783f25b773d256d67eb2b8045fe4f0,
Execution Time for Trace ID 8c783f25b773d256d67eb2b8045fe4f0: 343 ms
Input: 5000000,
Cold Start: false
Unique ID: 72faca2b654b78ae21f1169109102899,
Execution Time for Trace ID 72faca2b654b78ae21f1169109102899: 383 ms
Input: 5000000,
Cold Start: false
Unique ID: f3ef9629949bb779855f361640a0ec7f,
Execution Time for Trace ID f3ef9629949bb779855f361640a0ec7f: 354 ms
Input: 5000000,
Cold Start: false
Unique ID: 6ff6958a755a30eda7aa29fe5a92d912,
Execution Time for Trace ID 6ff6958a755a30eda7aa29fe5a92d912: 459 ms
Input: 5000000,
Cold Start: false
Unique ID: f17ec7547713000a38358fa408c45760,
Execution Time for Trace ID f17ec7547713000a38358fa408c45760: 356 ms
Input: 5000000,
Cold Start: false
Unique ID: c1f3944420dde485d91c7f2946d39930,
Execution Time for Trace ID c1f3944420dde485d91c7f2946d39930: 500 ms
Input: 5000000,
Cold Start: false
Unique ID: ba8c7f95000b8726ed8f94ec4454beee,
Execution Time for Trace ID ba8c7f95000b8726ed8f94ec4454beee: 338 ms
Input: 5000000,
Cold Start: false
Unique ID: e57212bbf2e53b28c1c68ff5b492270a,
Execution Time for Trace ID e57212bbf2e53b28c1c68ff5b492270a: 380 ms
Input: 5000000,
Cold Start: false
Unique ID: 95b2d0b244cfc60ab1af0e0f8f895146,
Execution Time for Trace ID 95b2d0b244cfc60ab1af0e0f8f895146: 374 ms
Input: 5000000,
Cold Start: false
Unique ID: 26e4f17889ea42369d439d8425570310,
Execution Time for Trace ID 26e4f17889ea42369d439d8425570310: 334 ms
Input: 5000000,
Cold Start: false
Unique ID: 442c8aa3df0e50fc1002c2492b807e6a,
Execution Time for Trace ID 442c8aa3df0e50fc1002c2492b807e6a: 341 ms
Input: 5000000,
Cold Start: false
Unique ID: c08c9da4c326a64cfc53672bac2b6e7f,
Execution Time for Trace ID c08c9da4c326a64cfc53672bac2b6e7f: 206 ms
Input: 5000000,
Cold Start: false
Unique ID: 956ee2342d2d31d6af8941f642e357b0,
Execution Time for Trace ID 956ee2342d2d31d6af8941f642e357b0: 365 ms
Input: 5000000,
Cold Start: false
Unique ID: 43c36d0f47141753ea9bf24edd282619,
Execution Time for Trace ID 43c36d0f47141753ea9bf24edd282619: 432 ms
Input: 5000000,
Cold Start: false
Unique ID: 5e9af74fd6ed3eedf0993a7244b8c4eb,
Execution Time for Trace ID 5e9af74fd6ed3eedf0993a7244b8c4eb: 374 ms
Input: 5000000,
Cold Start: false
Unique ID: 9d73f96ea5f7b087890877f9a1e22ff4,
Execution Time for Trace ID 9d73f96ea5f7b087890877f9a1e22ff4: 351 ms
Input: 5000000,
Cold Start: false
Unique ID: 101b7cb84d51746d92a2ba093c26a2fc,
Execution Time for Trace ID 101b7cb84d51746d92a2ba093c26a2fc: 371 ms
Input: 5000000,
Cold Start: false
Unique ID: c29739b186c82d2ba833e957d771696e,
Execution Time for Trace ID c29739b186c82d2ba833e957d771696e: 365 ms
Input: 5000000,
Cold Start: false
Unique ID: 2572efef00110fc7b85f96ceeb84232b,
Execution Time for Trace ID 2572efef00110fc7b85f96ceeb84232b: 295 ms
Input: 5000000,
Cold Start: false
Unique ID: 97ceb0656bb174e01aff1b29729b1901,
Execution Time for Trace ID 97ceb0656bb174e01aff1b29729b1901: 337 ms
Input: 5000000,
Cold Start: false
Unique ID: 41f8bba59588433380c8be014811343f,
Execution Time for Trace ID 41f8bba59588433380c8be014811343f: 407 ms
Input: 5000000,
Cold Start: false
Unique ID: a78b834c7d8d47cf911d7c785e62be51,
Execution Time for Trace ID a78b834c7d8d47cf911d7c785e62be51: 368 ms
Input: 5000000,
Cold Start: false
Unique ID: ea85ecf4abd8a7096457107153b1b6f4,
Execution Time for Trace ID ea85ecf4abd8a7096457107153b1b6f4: 305 ms
Input: 5000000,
Cold Start: false
Unique ID: 0403a5f5cd70b51e05e4633ba13b8074,
Execution Time for Trace ID 0403a5f5cd70b51e05e4633ba13b8074: 340 ms
Input: 5000000,
Cold Start: false
Unique ID: 0b9203ec0ea0f0cc37fbb7e8c235aeb7,
Execution Time for Trace ID 0b9203ec0ea0f0cc37fbb7e8c235aeb7: 396 ms
Input: 5000000,
Cold Start: false
Unique ID: f47e286330bb5ed36902924845341acd,
Execution Time for Trace ID f47e286330bb5ed36902924845341acd: 366 ms
Input: 5000000,
Cold Start: false
Unique ID: b70227b75a717fbbd4a494b01912e91b,
Execution Time for Trace ID b70227b75a717fbbd4a494b01912e91b: 304 ms
Input: 5000000,
Cold Start: false
Unique ID: d6aa49b4195539a915d1da71e98f99ab,
Execution Time for Trace ID d6aa49b4195539a915d1da71e98f99ab: 353 ms
Input: 5000000,
Cold Start: false
Unique ID: 341936cc2dbf26ccce716fe167d92481,
Execution Time for Trace ID 341936cc2dbf26ccce716fe167d92481: 409 ms
Input: 5000000,
Cold Start: false
Unique ID: 507a7ea19e715b9ec139dc137bfad949,
Execution Time for Trace ID 507a7ea19e715b9ec139dc137bfad949: 364 ms
Input: 5000000,
Cold Start: false
Unique ID: c9a2f2553572fc9678f85bd18ff2ccb4,
Execution Time for Trace ID c9a2f2553572fc9678f85bd18ff2ccb4: 348 ms
Input: 5000000,
Cold Start: false
Unique ID: 9c135ab5ce595354a074feb8c78a84a6,
Execution Time for Trace ID 9c135ab5ce595354a074feb8c78a84a6: 344 ms
Input: 5000000,
Cold Start: false
Unique ID: bebf19bda4937ce302283e2d033bc281,
Execution Time for Trace ID bebf19bda4937ce302283e2d033bc281: 358 ms
Input: 5000000,
Cold Start: false
Unique ID: 5bb87b57eb2c6f7dd3013bc1438a356f,
Execution Time for Trace ID 5bb87b57eb2c6f7dd3013bc1438a356f: 350 ms
Input: 5000000,
Cold Start: false
Unique ID: b16494a05357c1db93cc84fee94837db,
Execution Time for Trace ID b16494a05357c1db93cc84fee94837db: 372 ms
Input: 5000000,
Cold Start: false
Unique ID: 454c4b4447274f8c71f00fe6045cd7f6,
Execution Time for Trace ID 454c4b4447274f8c71f00fe6045cd7f6: 335 ms
Input: 5000000,
Cold Start: false
Unique ID: a4d4fbd3448869f3ba5ccbaac6cab025,
Execution Time for Trace ID a4d4fbd3448869f3ba5ccbaac6cab025: 371 ms
Input: 5000000,
Cold Start: false
Unique ID: 624f38abebf56ba5ffa0f232d5c87b18,
Execution Time for Trace ID 624f38abebf56ba5ffa0f232d5c87b18: 354 ms
Input: 5000000,
Cold Start: false
Unique ID: 391f2b7bdccd73a505cef7b4b05feb8e,
Execution Time for Trace ID 391f2b7bdccd73a505cef7b4b05feb8e: 366 ms
Input: 5000000,
Cold Start: false
Unique ID: 87b329071a93af0cc537d1eb0479bea3,
Execution Time for Trace ID 87b329071a93af0cc537d1eb0479bea3: 295 ms
Input: 5000000,
Cold Start: false
Unique ID: e6de0ae751d637a4f66838319ff1e24f,
Execution Time for Trace ID e6de0ae751d637a4f66838319ff1e24f: 370 ms
Input: 5000000,
Cold Start: false
Unique ID: e047edcb7d6060726ecb3f70ef835fcf,
Execution Time for Trace ID e047edcb7d6060726ecb3f70ef835fcf: 283 ms
Input: 5000000,
Cold Start: false
Unique ID: 7fb436544d13d3aa33fcfa0506389989,
Execution Time for Trace ID 7fb436544d13d3aa33fcfa0506389989: 313 ms
Input: 5000000,
Cold Start: false
Unique ID: 8d157940b1c6f4b254a583e30e1fb32d,
Execution Time for Trace ID 8d157940b1c6f4b254a583e30e1fb32d: 333 ms
Input: 5000000,
Cold Start: false
Unique ID: 6381005710dcef312915f5290749064b,
Execution Time for Trace ID 6381005710dcef312915f5290749064b: 298 ms
Input: 5000000,
Cold Start: false
Unique ID: e8e777468f6f7d79cdff100187e1b836,
Execution Time for Trace ID e8e777468f6f7d79cdff100187e1b836: 282 ms
Input: 5000000,
Cold Start: false
Unique ID: 7744063ec91f407bf6ed8821125457ee,
Execution Time for Trace ID 7744063ec91f407bf6ed8821125457ee: 370 ms
Input: 5000000,
Cold Start: false
Unique ID: 0e4705bfe93ac3bcbdb8a7693ffaff5e,
Execution Time for Trace ID 0e4705bfe93ac3bcbdb8a7693ffaff5e: 420 ms
Input: 5000000,
Cold Start: false
Unique ID: 328de97d3300cbf34790c42eec328b1b,
Execution Time for Trace ID 328de97d3300cbf34790c42eec328b1b: 380 ms
Input: 5000000,
Cold Start: false
Unique ID: 7c1182b4b7f75a64be1cb9e94e3ca653,
Execution Time for Trace ID 7c1182b4b7f75a64be1cb9e94e3ca653: 342 ms
Input: 5000000,
Cold Start: false
Unique ID: 2cb3c0014dd2c4f738201fd4595318c8,
Execution Time for Trace ID 2cb3c0014dd2c4f738201fd4595318c8: 314 ms
Input: 5000000,
Cold Start: false
Unique ID: 186ce8198e163265687ddd693c228d1e,
Execution Time for Trace ID 186ce8198e163265687ddd693c228d1e: 320 ms
Input: 5000000,
Cold Start: false
Unique ID: 034782b53e524ce4afc2932a85b4c5cd,
Execution Time for Trace ID 034782b53e524ce4afc2932a85b4c5cd: 318 ms
Input: 5000000,
Cold Start: false
Unique ID: 391e17e53de56c9b0f0ebb290896253c,
Execution Time for Trace ID 391e17e53de56c9b0f0ebb290896253c: 350 ms
Input: 5000000,
Cold Start: false
Unique ID: e3ddf980089fff095c00e3f9071ecc5b,
Execution Time for Trace ID e3ddf980089fff095c00e3f9071ecc5b: 314 ms
Input: 5000000,
Cold Start: false
Unique ID: 416a08c442d3226fff7c3e3626d18953,
Execution Time for Trace ID 416a08c442d3226fff7c3e3626d18953: 334 ms
Input: 5000000,
Cold Start: false
Unique ID: e092bf32ff20bfb5ed0ba415b8ef4e56,
Execution Time for Trace ID e092bf32ff20bfb5ed0ba415b8ef4e56: 296 ms
Input: 5000000,
Cold Start: false
Unique ID: e077ba34cfd5c2ea7279469f528ea50e,
Execution Time for Trace ID e077ba34cfd5c2ea7279469f528ea50e: 344 ms
Input: 5000000,
Cold Start: false
Unique ID: 6d77ec385a311cef19268c086b2c9b5d,
Execution Time for Trace ID 6d77ec385a311cef19268c086b2c9b5d: 379 ms
Input: 5000000,
Cold Start: false
Unique ID: d1347a64bf51b4d3453039a46f02752f,
Execution Time for Trace ID d1347a64bf51b4d3453039a46f02752f: 357 ms
Input: 5000000,
Cold Start: false
Unique ID: 91cecfd7bdfe9eb756f2b849c96be7e5,
Execution Time for Trace ID 91cecfd7bdfe9eb756f2b849c96be7e5: 359 ms
Input: 5000000,
Cold Start: false
Unique ID: c9fea9c4a672e9d2ed6355d2ddce8e98,
Execution Time for Trace ID c9fea9c4a672e9d2ed6355d2ddce8e98: 341 ms
Input: 5000000,
Cold Start: false
Unique ID: 58bf450f9da5ddd0e5729dd8b0c6e49a,
Execution Time for Trace ID 58bf450f9da5ddd0e5729dd8b0c6e49a: 309 ms
Input: 5000000,
Cold Start: false
Unique ID: 4ea8f6768de5fb5721a0c3784abb13b9,
Execution Time for Trace ID 4ea8f6768de5fb5721a0c3784abb13b9: 294 ms
Input: 5000000,
Cold Start: false
Unique ID: 10e207fe1bd9a9f5b65672c5112dc9a4,
Execution Time for Trace ID 10e207fe1bd9a9f5b65672c5112dc9a4: 372 ms
Input: 5000000,
Cold Start: false
Unique ID: b0fa37861ea6b833583001770bedbfd7,
Execution Time for Trace ID b0fa37861ea6b833583001770bedbfd7: 340 ms
Input: 5000000,
Cold Start: false
Unique ID: 702aeea16506199239a2ef8704a25bfa,
Execution Time for Trace ID 702aeea16506199239a2ef8704a25bfa: 307 ms
Input: 5000000,
Cold Start: false
Unique ID: 8f0cb7307e1eda104ff3d346e0675d6c,
Execution Time for Trace ID 8f0cb7307e1eda104ff3d346e0675d6c: 329 ms
Input: 5000000,
Cold Start: false
Unique ID: 1b608e5e86ee9b6ae147fef47edd583e,
Execution Time for Trace ID 1b608e5e86ee9b6ae147fef47edd583e: 329 ms
Input: 5000000,
Cold Start: false
Unique ID: b6d39f77f06843cca7aa3b68b97bdd8e,
Execution Time for Trace ID b6d39f77f06843cca7aa3b68b97bdd8e: 368 ms
Input: 5000000,
Cold Start: false
Unique ID: 7ac9665dd966c1840cfad391d545f0b1,
Execution Time for Trace ID 7ac9665dd966c1840cfad391d545f0b1: 366 ms
Input: 5000000,
Cold Start: false
Unique ID: a6452602b39f6153f8e9c2c9eb6abd32,
Execution Time for Trace ID a6452602b39f6153f8e9c2c9eb6abd32: 345 ms
Input: 5000000,
Cold Start: false
Unique ID: 9ca6954644f959ada8c037d2c059ed9a,
Execution Time for Trace ID 9ca6954644f959ada8c037d2c059ed9a: 361 ms
Input: 5000000,
Cold Start: false
Unique ID: 7a6a428abb4ec3dc046c1fe2ccf951d7,
Execution Time for Trace ID 7a6a428abb4ec3dc046c1fe2ccf951d7: 414 ms
Input: 5000000,
Cold Start: false
Unique ID: f43228e4aa56436c6bcccc8c4f1ce73d,
Execution Time for Trace ID f43228e4aa56436c6bcccc8c4f1ce73d: 310 ms
Input: 5000000,
Cold Start: false
Unique ID: 9bd52524abf37c912c8cd28889c99c46,
Execution Time for Trace ID 9bd52524abf37c912c8cd28889c99c46: 338 ms
Input: 5000000,
Cold Start: false
Unique ID: dbc1d3e9b77a6e67163d69654fd3f4e7,
Execution Time for Trace ID dbc1d3e9b77a6e67163d69654fd3f4e7: 343 ms
Input: 5000000,
Cold Start: false
Unique ID: af5aebaa0dcc2200bb9af7fc70560547,
Execution Time for Trace ID af5aebaa0dcc2200bb9af7fc70560547: 400 ms
Input: 5000000,
Cold Start: false
Unique ID: 01e533179cec747e8f559517ac46426e,
Execution Time for Trace ID 01e533179cec747e8f559517ac46426e: 281 ms
Input: 5000000,
Cold Start: false
Unique ID: b0aaf5b4a9cbcee3117e49c6c691e334,
Execution Time for Trace ID b0aaf5b4a9cbcee3117e49c6c691e334: 372 ms
Input: 5000000,
Cold Start: false
Unique ID: 78438676e78ce73af33fe59474125d6c,
Execution Time for Trace ID 78438676e78ce73af33fe59474125d6c: 293 ms
Input: 5000000,
Cold Start: false
Unique ID: 03a925086971e774b9c4010d49230710,
Execution Time for Trace ID 03a925086971e774b9c4010d49230710: 368 ms
Input: 5000000,
Cold Start: false
Unique ID: c42f96371c45e98c935489706d0ef100,
Execution Time for Trace ID c42f96371c45e98c935489706d0ef100: 330 ms
Input: 5000000,
Cold Start: false
Unique ID: f25ec7bb87fea369837143a9b91eb374,
Execution Time for Trace ID f25ec7bb87fea369837143a9b91eb374: 337 ms
Input: 5000000,
Cold Start: false
Unique ID: cc3329ed8fcb7926d1c3895a1e276cc6,
Execution Time for Trace ID cc3329ed8fcb7926d1c3895a1e276cc6: 409 ms
Input: 5000000,
Cold Start: false
Unique ID: 7a480622e35673acec60083ba8918683,
Execution Time for Trace ID 7a480622e35673acec60083ba8918683: 394 ms
Input: 5000000,
Cold Start: false
Unique ID: 61355197527eaf9875ce25886858878b,
Execution Time for Trace ID 61355197527eaf9875ce25886858878b: 390 ms
Input: 5000000,
Cold Start: false
Unique ID: 8b4bfee958a1f063ebbdade0461ef55c,
Execution Time for Trace ID 8b4bfee958a1f063ebbdade0461ef55c: 343 ms
Input: 5000000,
Cold Start: false
Unique ID: f34cfcc37b66fa4d7b527cc0121f7be3,
Execution Time for Trace ID f34cfcc37b66fa4d7b527cc0121f7be3: 295 ms
Input: 5000000,
Cold Start: false
Unique ID: d2233bf228c440e52296fbb221e1a12d,
Execution Time for Trace ID d2233bf228c440e52296fbb221e1a12d: 366 ms
Input: 5000000,
Cold Start: false
Unique ID: df1469667ee9962b8ee137949337cdc6,
Execution Time for Trace ID df1469667ee9962b8ee137949337cdc6: 391 ms
Input: 5000000,
Cold Start: false
Unique ID: 10f3b1f6b814feb6e9bc4ce229bf8967,
Execution Time for Trace ID 10f3b1f6b814feb6e9bc4ce229bf8967: 335 ms
Input: 5000000,
Cold Start: false
Unique ID: 6c040f85451962e0ef7cfededb070013,
Execution Time for Trace ID 6c040f85451962e0ef7cfededb070013: 350 ms
Input: 5000000,
Cold Start: false
Unique ID: c568a195d74e9e648d062b2d5ef02e5f,
Execution Time for Trace ID c568a195d74e9e648d062b2d5ef02e5f: 392 ms
Input: 5000000,
Cold Start: false
Unique ID: 3e9f2148f49510c2652b44b2a4ff4085,
Execution Time for Trace ID 3e9f2148f49510c2652b44b2a4ff4085: 310 ms
Input: 5000000,
Cold Start: false
Unique ID: 7bb22ac87c808a9d2580f795d0bd0097,
Execution Time for Trace ID 7bb22ac87c808a9d2580f795d0bd0097: 345 ms
Input: 5000000,
Cold Start: false
Unique ID: f4f6ed1580c6106d35e0d0bed65588b3,
Execution Time for Trace ID f4f6ed1580c6106d35e0d0bed65588b3: 344 ms
Input: 5000000,
Cold Start: false
Unique ID: 38d7795f89f99253d53913be078d0388,
Execution Time for Trace ID 38d7795f89f99253d53913be078d0388: 407 ms
Input: 5000000,
Cold Start: false
Unique ID: 4dfaa15c32a6a56221a823fc0bc849e7,
Execution Time for Trace ID 4dfaa15c32a6a56221a823fc0bc849e7: 305 ms
Input: 5000000,
Cold Start: false
Unique ID: 8132dc024d9e8ae598a25e33b70aab53,
Execution Time for Trace ID 8132dc024d9e8ae598a25e33b70aab53: 338 ms
Input: 5000000,
Cold Start: false
Unique ID: 944bd460f01d8b39aa9b9a28bb2746ae,
Execution Time for Trace ID 944bd460f01d8b39aa9b9a28bb2746ae: 295 ms
Input: 5000000,
Cold Start: false
Unique ID: 7929b605907369bd6e39af3eca4f7761,
Execution Time for Trace ID 7929b605907369bd6e39af3eca4f7761: 351 ms
Input: 5000000,
Cold Start: false
Unique ID: 2a9a7cfcfb36b6f95addcf63aa82d8ce,
Execution Time for Trace ID 2a9a7cfcfb36b6f95addcf63aa82d8ce: 405 ms
Input: 5000000,
Cold Start: false
Unique ID: 19b8f13bf87e8f5f3e7fe1404075057f,
Execution Time for Trace ID 19b8f13bf87e8f5f3e7fe1404075057f: 373 ms
Input: 5000000,
Cold Start: false
Unique ID: aafe810c58b7682a01b3959c33fb32b7,
Execution Time for Trace ID aafe810c58b7682a01b3959c33fb32b7: 367 ms
Input: 5000000,
Cold Start: false
Unique ID: e02fcf8831317be7b836ec7468181a9a,
Execution Time for Trace ID e02fcf8831317be7b836ec7468181a9a: 401 ms
Input: 5000000,
Cold Start: false
Unique ID: af9dcf8ec2fe8003e8a7b4168e5905bf,
Execution Time for Trace ID af9dcf8ec2fe8003e8a7b4168e5905bf: 335 ms
Input: 5000000,
Cold Start: false
Unique ID: 19ee32e03ad692c88ba7c3cd89832168,
Execution Time for Trace ID 19ee32e03ad692c88ba7c3cd89832168: 362 ms
Input: 5000000,
Cold Start: false
Unique ID: 3fded79c27cc924fbea66fc0a5616c30,
Execution Time for Trace ID 3fded79c27cc924fbea66fc0a5616c30: 256 ms
Input: 5000000,
Cold Start: false
Unique ID: 6172a8a15e7a04834c1ce1da6785df52,
Execution Time for Trace ID 6172a8a15e7a04834c1ce1da6785df52: 376 ms
Input: 5000000,
Cold Start: false
Unique ID: 20c5418d1e6d5098fc66e45e12b8c2f5,
Execution Time for Trace ID 20c5418d1e6d5098fc66e45e12b8c2f5: 338 ms
Input: 5000000,
Cold Start: false
Unique ID: d817509e6253b47a60e368da4ac0afdc,
Execution Time for Trace ID d817509e6253b47a60e368da4ac0afdc: 365 ms
Input: 5000000,
Cold Start: false
Unique ID: 37095e9b0238e21cbe0f5f2c273ca7cf,
Execution Time for Trace ID 37095e9b0238e21cbe0f5f2c273ca7cf: 416 ms
Input: 5000000,
Cold Start: false
Unique ID: 69e93675f6ec950786901f2dbd8fc69e,
Execution Time for Trace ID 69e93675f6ec950786901f2dbd8fc69e: 409 ms
Input: 5000000,
Cold Start: false
Unique ID: bcc1b5ae29465942a088552108b8e481,
Execution Time for Trace ID bcc1b5ae29465942a088552108b8e481: 346 ms
Input: 5000000,
Cold Start: false
Unique ID: 227407ad5db002e680d0e4c4f5d6deae,
Execution Time for Trace ID 227407ad5db002e680d0e4c4f5d6deae: 319 ms
Input: 5000000,
Cold Start: false
Unique ID: 1d767d99e989ef93be27389053ca6453,
Execution Time for Trace ID 1d767d99e989ef93be27389053ca6453: 346 ms
Input: 5000000,
Cold Start: false
Unique ID: 1d7ad78c5d358bc5b0808968a8504a8d,
Execution Time for Trace ID 1d7ad78c5d358bc5b0808968a8504a8d: 393 ms
Input: 5000000,
Cold Start: false
Unique ID: 3226a056446734ac676f24a8deb4aa6d,
Execution Time for Trace ID 3226a056446734ac676f24a8deb4aa6d: 339 ms
Input: 5000000,
Cold Start: false
Unique ID: 619df1a4d6df9ef6c42dff838934c7d3,
Execution Time for Trace ID 619df1a4d6df9ef6c42dff838934c7d3: 357 ms
Input: 5000000,
Cold Start: false
Unique ID: 17634b6b5f2d708954646768bb0e168c,
Execution Time for Trace ID 17634b6b5f2d708954646768bb0e168c: 348 ms
Input: 5000000,
Cold Start: false
Unique ID: e88b57c0cf5ded48b8d2233ad7dc0bf3,
Execution Time for Trace ID e88b57c0cf5ded48b8d2233ad7dc0bf3: 329 ms
Input: 5000000,
Cold Start: false
Unique ID: 187c54e929a402911f849834ab79990c,
Execution Time for Trace ID 187c54e929a402911f849834ab79990c: 345 ms
Input: 5000000,
Cold Start: false
Unique ID: a266eb11188e5785884d7f632dad087d,
Execution Time for Trace ID a266eb11188e5785884d7f632dad087d: 386 ms
Input: 5000000,
Cold Start: false
Unique ID: 2c1b8e6141bb7017be69f0bbcf632949,
Execution Time for Trace ID 2c1b8e6141bb7017be69f0bbcf632949: 403 ms
Input: 5000000,
Cold Start: false
Unique ID: df7f58b50209062fa2a6437c0846b7f9,
Execution Time for Trace ID df7f58b50209062fa2a6437c0846b7f9: 360 ms
Input: 5000000,
Cold Start: false
Unique ID: bc022cf130bb5d1518c5942cd90de728,
Execution Time for Trace ID bc022cf130bb5d1518c5942cd90de728: 337 ms
Input: 5000000,
Cold Start: false
Unique ID: 4b4fe37f4ebc26a92564273fb431607b,
Execution Time for Trace ID 4b4fe37f4ebc26a92564273fb431607b: 386 ms
Input: 5000000,
Cold Start: false
Unique ID: dbf4156ec40ce179cc417e5dd0cee823,
Execution Time for Trace ID dbf4156ec40ce179cc417e5dd0cee823: 403 ms
Input: 5000000,
Cold Start: false
Unique ID: 9eeaef825e88747b7d9deb75f516604a,
Execution Time for Trace ID 9eeaef825e88747b7d9deb75f516604a: 361 ms
Input: 5000000,
Cold Start: false
Unique ID: 06ab3e4181ebab9f36c57ac6c60026bd,
Execution Time for Trace ID 06ab3e4181ebab9f36c57ac6c60026bd: 341 ms
Input: 5000000,
Cold Start: false
Unique ID: 5969df9beef295ec364ab521828f6534,
Execution Time for Trace ID 5969df9beef295ec364ab521828f6534: 381 ms
Input: 5000000,
Cold Start: false
Unique ID: f380d6449a2373f9b147e22b8ba39c58,
Execution Time for Trace ID f380d6449a2373f9b147e22b8ba39c58: 337 ms
Input: 5000000,
Cold Start: false
Unique ID: 51af454e9ec9e2446af0a28ab1dda64d,
Execution Time for Trace ID 51af454e9ec9e2446af0a28ab1dda64d: 358 ms
Input: 5000000,
Cold Start: false
Unique ID: 65141ed0a7087d27c2e4de138967019f,
Execution Time for Trace ID 65141ed0a7087d27c2e4de138967019f: 341 ms
Input: 5000000,
Cold Start: false
Unique ID: f9b88236e45840f1e55e87283e86ee7c,
Execution Time for Trace ID f9b88236e45840f1e55e87283e86ee7c: 355 ms
Input: 5000000,
Cold Start: false
Unique ID: 7b161064714cab29e7674884407966b1,
Execution Time for Trace ID 7b161064714cab29e7674884407966b1: 344 ms
Input: 5000000,
Cold Start: false
Unique ID: 0fe4cca168de443c234214f88f56138f,
Execution Time for Trace ID 0fe4cca168de443c234214f88f56138f: 291 ms
Input: 5000000,
Cold Start: false
Unique ID: 0719fe9416e24f2d014f641448ff54ac,
Execution Time for Trace ID 0719fe9416e24f2d014f641448ff54ac: 341 ms
Input: 5000000,
Cold Start: false
Unique ID: a72fe86c1d7b557ad2f2ee8a16167d52,
Execution Time for Trace ID a72fe86c1d7b557ad2f2ee8a16167d52: 362 ms
Input: 5000000,
Cold Start: false
Unique ID: 1d7e645793d8c0fb2ea6f5482e29141f,
Execution Time for Trace ID 1d7e645793d8c0fb2ea6f5482e29141f: 337 ms
Input: 5000000,
Cold Start: false
Unique ID: 18ebead5ad3ea52f806eac180b3dff2b,
Execution Time for Trace ID 18ebead5ad3ea52f806eac180b3dff2b: 352 ms
Input: 5000000,
Cold Start: false
Unique ID: 2facd0a4cf9df1e5591c963c33af9191,
Execution Time for Trace ID 2facd0a4cf9df1e5591c963c33af9191: 338 ms
Input: 5000000,
Cold Start: false
Unique ID: bda56ada55994ef8d837b55b6c2ef0ac,
Execution Time for Trace ID bda56ada55994ef8d837b55b6c2ef0ac: 304 ms
Input: 5000000,
Cold Start: false
Unique ID: ae6886537d69895f247034f1fdb8d736,
Execution Time for Trace ID ae6886537d69895f247034f1fdb8d736: 350 ms
Input: 5000000,
Cold Start: false
Unique ID: 748715ffe8681d83f745fc7c4d2d5d15,
Execution Time for Trace ID 748715ffe8681d83f745fc7c4d2d5d15: 417 ms
Input: 5000000,
Cold Start: false
Unique ID: 394b6fb1909914368ec19990c748c30c,
Execution Time for Trace ID 394b6fb1909914368ec19990c748c30c: 344 ms
Input: 5000000,
Cold Start: false
Unique ID: 72819338f541dc4ccca6c842062f9fca,
Execution Time for Trace ID 72819338f541dc4ccca6c842062f9fca: 214 ms
Input: 5000000,
Cold Start: false
Unique ID: e934a48210741f13605738152ae24d88,
Execution Time for Trace ID e934a48210741f13605738152ae24d88: 372 ms
Input: 5000000,
Cold Start: false
Unique ID: 35fd8c93ed92d2c8b66d4e95ac4a5a6c,
Execution Time for Trace ID 35fd8c93ed92d2c8b66d4e95ac4a5a6c: 383 ms
Input: 5000000,
Cold Start: false
Unique ID: ad1f2221e274c6ec9797ac260da72903,
Execution Time for Trace ID ad1f2221e274c6ec9797ac260da72903: 338 ms
Input: 5000000,
Cold Start: false
Unique ID: 9ffd17d64794188559b50412388e2fcf,
Execution Time for Trace ID 9ffd17d64794188559b50412388e2fcf: 320 ms
Input: 5000000,
Cold Start: false
Unique ID: 00453e7ca17f7ef9c016d5194ac070b3,
Execution Time for Trace ID 00453e7ca17f7ef9c016d5194ac070b3: 398 ms
Input: 5000000,
Cold Start: false
Unique ID: 29640b84a16b0d083c9f59acbeab7bd4,
Execution Time for Trace ID 29640b84a16b0d083c9f59acbeab7bd4: 407 ms
Input: 5000000,
Cold Start: false
Unique ID: ecb15051e9c47ab0fb487dc1f1909149,
Execution Time for Trace ID ecb15051e9c47ab0fb487dc1f1909149: 339 ms
Input: 5000000,
Cold Start: false
Unique ID: 130e7ba71118e91f5e9674362c734672,
Execution Time for Trace ID 130e7ba71118e91f5e9674362c734672: 323 ms
Input: 5000000,
Cold Start: false
Unique ID: 0458d155133b96362bbf5d7466657219,
Execution Time for Trace ID 0458d155133b96362bbf5d7466657219: 369 ms
Input: 5000000,
Cold Start: false
Unique ID: 769cf0a094324dde3bb4ab185443711c,
Execution Time for Trace ID 769cf0a094324dde3bb4ab185443711c: 478 ms
Input: 5000000,
Cold Start: false
Unique ID: 3a44f8b9338dd1086ec6da7da1fb89eb,
Execution Time for Trace ID 3a44f8b9338dd1086ec6da7da1fb89eb: 347 ms
Input: 5000000,
Cold Start: false
Unique ID: 1b280b049f89253315943c77b5c258ae,
Execution Time for Trace ID 1b280b049f89253315943c77b5c258ae: 321 ms
Input: 5000000,
Cold Start: false
Unique ID: 913a71ae862dd6b5be6f3f3969b9c9b0,
Execution Time for Trace ID 913a71ae862dd6b5be6f3f3969b9c9b0: 417 ms
Input: 5000000,
Cold Start: false
Unique ID: cf72344ca6d983013335763e8d526214,
Execution Time for Trace ID cf72344ca6d983013335763e8d526214: 419 ms
Input: 5000000,
Cold Start: false
Unique ID: 12799722ea3bb825e05475b9e2078aeb,
Execution Time for Trace ID 12799722ea3bb825e05475b9e2078aeb: 349 ms
Input: 5000000,
Cold Start: false
Unique ID: 45d39d766c7bc2cd19b3b06675fd2a25,
Execution Time for Trace ID 45d39d766c7bc2cd19b3b06675fd2a25: 321 ms
Input: 5000000,
Cold Start: false
Unique ID: 458035ac16ace2b4b52212e911367ea0,
Execution Time for Trace ID 458035ac16ace2b4b52212e911367ea0: 340 ms
Input: 5000000,
Cold Start: false
Unique ID: 538f865379f90b6a927ef2041eade728,
Execution Time for Trace ID 538f865379f90b6a927ef2041eade728: 405 ms
Input: 5000000,
Cold Start: false
Unique ID: 688c510b11251ca65bb70d9ff6466de4,
Execution Time for Trace ID 688c510b11251ca65bb70d9ff6466de4: 340 ms
Input: 5000000,
Cold Start: false
Unique ID: 1a494f2d6332fdbde56b3998a57914dc,
Execution Time for Trace ID 1a494f2d6332fdbde56b3998a57914dc: 361 ms
Input: 5000000,
Cold Start: false
Unique ID: 33a9d8e87290ae7c16de632b1fc8a4e5,
Execution Time for Trace ID 33a9d8e87290ae7c16de632b1fc8a4e5: 285 ms
Input: 5000000,
Cold Start: false
Unique ID: c09807ccbb4aea95b2e420631753385a,
Execution Time for Trace ID c09807ccbb4aea95b2e420631753385a: 360 ms
Input: 5000000,
Cold Start: false
Unique ID: 80b6a426ddebe77590a6ff34378ac6ed,
Execution Time for Trace ID 80b6a426ddebe77590a6ff34378ac6ed: 343 ms
Input: 5000000,
Cold Start: false
Unique ID: a04b879281400910466ffbab5b31acac,
Execution Time for Trace ID a04b879281400910466ffbab5b31acac: 379 ms
Input: 5000000,
Cold Start: false
Unique ID: 929be831df8222e2090566c9b3babc80,
Execution Time for Trace ID 929be831df8222e2090566c9b3babc80: 354 ms
Input: 5000000,
Cold Start: false
Unique ID: 9b852a4dbbaa9fe5b5f81c6da4ae81a8,
Execution Time for Trace ID 9b852a4dbbaa9fe5b5f81c6da4ae81a8: 413 ms
Input: 5000000,
Cold Start: false
Unique ID: da90a26d5f37fa25482c330f6a138f1d,
Execution Time for Trace ID da90a26d5f37fa25482c330f6a138f1d: 337 ms
Input: 5000000,
Cold Start: false
Unique ID: 60fd3cf7bcf8b7089a8e8ee282ccc831,
Execution Time for Trace ID 60fd3cf7bcf8b7089a8e8ee282ccc831: 379 ms
Input: 5000000,
Cold Start: false
Unique ID: 60510103af19be59e242877c992cc7aa,
Execution Time for Trace ID 60510103af19be59e242877c992cc7aa: 343 ms
Input: 5000000,
Cold Start: false
Unique ID: 55bb33a83669c308998621f4cafe8bac,
Execution Time for Trace ID 55bb33a83669c308998621f4cafe8bac: 352 ms
Input: 5000000,
Cold Start: false
Unique ID: acb605d71c4d0765f84e5ee3b25878e6,
Execution Time for Trace ID acb605d71c4d0765f84e5ee3b25878e6: 335 ms
Input: 5000000,
Cold Start: false
Unique ID: 6597c46a9e7224a3edd861a80632c1a7,
Execution Time for Trace ID 6597c46a9e7224a3edd861a80632c1a7: 305 ms
Input: 5000000,
Cold Start: false
Unique ID: 92897a98b1c668a37d850ede2973a1fc,
Execution Time for Trace ID 92897a98b1c668a37d850ede2973a1fc: 350 ms
Input: 5000000,
Cold Start: false
Unique ID: e250cf459d53c9686f90e3f34816c985,
Execution Time for Trace ID e250cf459d53c9686f90e3f34816c985: 352 ms
Input: 5000000,
Cold Start: false
Unique ID: 84f28a9c7b1764d8f20260b5e45c03de,
Execution Time for Trace ID 84f28a9c7b1764d8f20260b5e45c03de: 342 ms
Input: 5000000,
Cold Start: false
Unique ID: ea6a65aa395ed59b685b852aa06e6497,
Execution Time for Trace ID ea6a65aa395ed59b685b852aa06e6497: 368 ms
Input: 5000000,
Cold Start: false
Unique ID: a8213c0a998cac8617290108bf791e19,
Execution Time for Trace ID a8213c0a998cac8617290108bf791e19: 285 ms
Input: 5000000,
Cold Start: false
Unique ID: 3f1cf9cbd8aca096ecb4b4dc077bfad5,
Execution Time for Trace ID 3f1cf9cbd8aca096ecb4b4dc077bfad5: 360 ms
Input: 5000000,
Cold Start: false
Unique ID: f4805bffcf3c5b14a6edae7ef95ce1be,
Execution Time for Trace ID f4805bffcf3c5b14a6edae7ef95ce1be: 348 ms
Input: 5000000,
Cold Start: false
Unique ID: 277cb213f2533638a6022461a5c7e1b4,
Execution Time for Trace ID 277cb213f2533638a6022461a5c7e1b4: 319 ms
Input: 5000000,
Cold Start: false
Unique ID: 320cda7e606d5c83fd7fb02ae121c8cf,
Execution Time for Trace ID 320cda7e606d5c83fd7fb02ae121c8cf: 280 ms
Input: 5000000,
Cold Start: false
Unique ID: d7a8214519a6e0369cf138e14f4460b4,
Execution Time for Trace ID d7a8214519a6e0369cf138e14f4460b4: 404 ms
Input: 5000000,
Cold Start: false
Unique ID: c426969dbac9c584ff9324cd2e3ddbe9,
Execution Time for Trace ID c426969dbac9c584ff9324cd2e3ddbe9: 354 ms
Input: 5000000,
Cold Start: false
Unique ID: 241585148f972daf253699917d49a93b,
Execution Time for Trace ID 241585148f972daf253699917d49a93b: 382 ms
Input: 5000000,
Cold Start: false
Unique ID: e4de5c5478e3ca24c3fa769dd6d82cea,
Execution Time for Trace ID e4de5c5478e3ca24c3fa769dd6d82cea: 370 ms
Input: 5000000,
Cold Start: false
Unique ID: 4a283a81eeb36c82063d7379646f4b6a,
Execution Time for Trace ID 4a283a81eeb36c82063d7379646f4b6a: 421 ms
Input: 5000000,
Cold Start: false
Unique ID: 3ed08fba26933b3c8eb64fe9581ed4c9,
Execution Time for Trace ID 3ed08fba26933b3c8eb64fe9581ed4c9: 352 ms
Input: 5000000,
Cold Start: false
Unique ID: 86481d110408b62607007cb56a641e6e,
Execution Time for Trace ID 86481d110408b62607007cb56a641e6e: 380 ms
Input: 5000000,
Cold Start: false
Unique ID: 9c6e27b923d6c38b96281750426f5708,
Execution Time for Trace ID 9c6e27b923d6c38b96281750426f5708: 400 ms
Input: 5000000,
Cold Start: false
Unique ID: 4559a214c5c6e8cda1a82cd3aa3189f1,
Execution Time for Trace ID 4559a214c5c6e8cda1a82cd3aa3189f1: 390 ms
Input: 5000000,
Cold Start: false
Unique ID: 3705c5315945569cb5ecd413dae4328b,
Execution Time for Trace ID 3705c5315945569cb5ecd413dae4328b: 342 ms
Input: 5000000,
Cold Start: false
Unique ID: 9373db4550766deb7c41cefc85fe9bca,
Execution Time for Trace ID 9373db4550766deb7c41cefc85fe9bca: 385 ms
Input: 5000000,
Cold Start: false
Unique ID: 364796ddf2dbfc12060a3f10bf4f963c,
Execution Time for Trace ID 364796ddf2dbfc12060a3f10bf4f963c: 353 ms
Input: 5000000,
Cold Start: false
Unique ID: 301ef25197de202bb4868ba9761ce0c1,
Execution Time for Trace ID 301ef25197de202bb4868ba9761ce0c1: 386 ms
Input: 5000000,
Cold Start: false
Unique ID: 29859a97328e393e3abe7221ea3697d8,
Execution Time for Trace ID 29859a97328e393e3abe7221ea3697d8: 350 ms
Input: 5000000,
Cold Start: false
Unique ID: ade2008ba51b2c714a961f049b889105,
Execution Time for Trace ID ade2008ba51b2c714a961f049b889105: 389 ms
Input: 5000000,
Cold Start: false
Unique ID: 36560f0a9b5b52b576b895d5034ffdb5,
Execution Time for Trace ID 36560f0a9b5b52b576b895d5034ffdb5: 425 ms
Input: 5000000,
Cold Start: false
Unique ID: c146973d3b60512965eda4f55dc537d7,
Execution Time for Trace ID c146973d3b60512965eda4f55dc537d7: 387 ms
Input: 5000000,
Cold Start: false
Unique ID: d32d62883e4099b81e4a1ecadde2d952,
Execution Time for Trace ID d32d62883e4099b81e4a1ecadde2d952: 371 ms
Input: 5000000,
Cold Start: false
Unique ID: cca7ba75f637dbe66d48023fc5b217b1,
Execution Time for Trace ID cca7ba75f637dbe66d48023fc5b217b1: 345 ms
Input: 5000000,
Cold Start: false
Unique ID: f99b645505b1a21b21a405780ea6784a,
Execution Time for Trace ID f99b645505b1a21b21a405780ea6784a: 316 ms
Input: 5000000,
Cold Start: false
Unique ID: d57cbc97ed797fead69a8e43db318978,
Execution Time for Trace ID d57cbc97ed797fead69a8e43db318978: 362 ms
Input: 5000000,
Cold Start: false
Unique ID: 04a3314d2949b5ed27d80de2a98f369a,
Execution Time for Trace ID 04a3314d2949b5ed27d80de2a98f369a: 394 ms
Input: 5000000,
Cold Start: false
Unique ID: 3dbde6cec28dd48ec23ac7f20da6967b,
Execution Time for Trace ID 3dbde6cec28dd48ec23ac7f20da6967b: 403 ms
Input: 5000000,
Cold Start: false
Unique ID: fb9db4dfd938923adf366c2eadb34805,
Execution Time for Trace ID fb9db4dfd938923adf366c2eadb34805: 395 ms
Input: 5000000,
Cold Start: false
Unique ID: 39c6dadcb33647ed4c60742411bfb650,
Execution Time for Trace ID 39c6dadcb33647ed4c60742411bfb650: 438 ms
Input: 5000000,
Cold Start: false
Unique ID: 71f46d4f5ea17b406aa788690911e9ff,
Execution Time for Trace ID 71f46d4f5ea17b406aa788690911e9ff: 356 ms
Input: 5000000,
Cold Start: false
Unique ID: a64f75746f6ff4501088ce809652dd30,
Execution Time for Trace ID a64f75746f6ff4501088ce809652dd30: 384 ms
Input: 5000000,
Cold Start: false
Unique ID: f5c4fe4fec576faf76cab65a66ba1e2d,
Execution Time for Trace ID f5c4fe4fec576faf76cab65a66ba1e2d: 386 ms
Input: 5000000,
Cold Start: false
Unique ID: a4238b4b5c8c859f2cc61a4a3bdb00c4,
Execution Time for Trace ID a4238b4b5c8c859f2cc61a4a3bdb00c4: 424 ms
Input: 5000000,
Cold Start: false
Unique ID: 745b317bc7a8ba5ad41fee4e9d8ff7b3,
Execution Time for Trace ID 745b317bc7a8ba5ad41fee4e9d8ff7b3: 401 ms
Input: 5000000,
Cold Start: false
Unique ID: 0aab3ccce54ea61b48701f513e3febfc,
Execution Time for Trace ID 0aab3ccce54ea61b48701f513e3febfc: 360 ms
Input: 5000000,
Cold Start: false
Unique ID: 8ced3306b45379bdd0caaacf72e58b0e,
Execution Time for Trace ID 8ced3306b45379bdd0caaacf72e58b0e: 351 ms
Input: 5000000,
Cold Start: false
Unique ID: e10c4eee8e03da3ec30aa022dc198ec3,
Execution Time for Trace ID e10c4eee8e03da3ec30aa022dc198ec3: 481 ms
Input: 5000000,
Cold Start: false
Unique ID: 5473049a9cc5c1156d63477f6dda34c9,
Execution Time for Trace ID 5473049a9cc5c1156d63477f6dda34c9: 338 ms
Input: 5000000,
Cold Start: false
Unique ID: 3640eaa67e0fa02a015955c1f38aadf9,
Execution Time for Trace ID 3640eaa67e0fa02a015955c1f38aadf9: 421 ms
Input: 5000000,
Cold Start: false
Unique ID: 9f9ddbf486116747fe812a1f0739cab2,
Execution Time for Trace ID 9f9ddbf486116747fe812a1f0739cab2: 393 ms
Input: 5000000,
Cold Start: false
Unique ID: 5c0370288b976df864a1abdb333bd89d,
Execution Time for Trace ID 5c0370288b976df864a1abdb333bd89d: 381 ms
Input: 5000000,
Cold Start: false
Unique ID: 1a2760f1c690b43a852b2f953cd4e98c,
Execution Time for Trace ID 1a2760f1c690b43a852b2f953cd4e98c: 338 ms
Input: 5000000,
Cold Start: false
Unique ID: f8b889950ff58887edc8cb38c8cbdc16,
Execution Time for Trace ID f8b889950ff58887edc8cb38c8cbdc16: 354 ms
Input: 5000000,
Cold Start: false
Unique ID: 36ce94698a1090d486fa2d5c345c435e,
Execution Time for Trace ID 36ce94698a1090d486fa2d5c345c435e: 342 ms
Input: 5000000,
Cold Start: false
Unique ID: 2a5a3cf36bd9a03f734411e3c0256a0e,
Execution Time for Trace ID 2a5a3cf36bd9a03f734411e3c0256a0e: 384 ms
Input: 5000000,
Cold Start: false
Unique ID: bc1f1fc8765c634071b2a725eb101677,
Execution Time for Trace ID bc1f1fc8765c634071b2a725eb101677: 398 ms
Input: 5000000,
Cold Start: false
Unique ID: 203aa2650df9ebfeb06e43ac8665e351,
Execution Time for Trace ID 203aa2650df9ebfeb06e43ac8665e351: 341 ms
Input: 5000000,
Cold Start: false
Unique ID: f9cab897a939075b36b5f057c6bd7ae6,
Execution Time for Trace ID f9cab897a939075b36b5f057c6bd7ae6: 344 ms
Input: 5000000,
Cold Start: false
Unique ID: dc1495eb3c275b7527ba7c28958f3316,
Execution Time for Trace ID dc1495eb3c275b7527ba7c28958f3316: 365 ms
Input: 5000000,
Cold Start: false
Unique ID: 64ebd7f09840c548d988ac9c3847127d,
Execution Time for Trace ID 64ebd7f09840c548d988ac9c3847127d: 333 ms
Input: 5000000,
Cold Start: false
Unique ID: d8697a40fba4a1603b8c00b083495bc6,
Execution Time for Trace ID d8697a40fba4a1603b8c00b083495bc6: 345 ms
Input: 5000000,
Cold Start: false
Unique ID: 73cf42cb24ba3f87372bc8617c5836e8,
Execution Time for Trace ID 73cf42cb24ba3f87372bc8617c5836e8: 375 ms
Input: 5000000,
Cold Start: false
Unique ID: d47e48f29c028947a3c672971a36a62f,
Execution Time for Trace ID d47e48f29c028947a3c672971a36a62f: 349 ms
Input: 5000000,
Cold Start: false
Unique ID: 800fcf971444192960b3ae461dae4966,
Execution Time for Trace ID 800fcf971444192960b3ae461dae4966: 387 ms
Input: 5000000,
Cold Start: false
Unique ID: 78af0bb67de548e97a2a99d351408217,
Execution Time for Trace ID 78af0bb67de548e97a2a99d351408217: 351 ms
Input: 5000000,
Cold Start: false
Unique ID: 5613ddf79a668b7ec0c39ab22a49cc6c,
Execution Time for Trace ID 5613ddf79a668b7ec0c39ab22a49cc6c: 358 ms
Input: 5000000,
Cold Start: false
Unique ID: 32ce7cc57bee3e8c1d1009113935ce26,
Execution Time for Trace ID 32ce7cc57bee3e8c1d1009113935ce26: 378 ms
Input: 5000000,
Cold Start: false
Unique ID: 9db6f2a096ae810b77dedf6f468fc9c3,
Execution Time for Trace ID 9db6f2a096ae810b77dedf6f468fc9c3: 377 ms
Input: 5000000,
Cold Start: false
Unique ID: 61f2b0c2af996bcb5e5c0e1e2eaa6ec2,
Execution Time for Trace ID 61f2b0c2af996bcb5e5c0e1e2eaa6ec2: 351 ms
Input: 5000000,
Cold Start: false
Unique ID: 6cf3100da8c278de9ffa4298aed9c6fd,
Execution Time for Trace ID 6cf3100da8c278de9ffa4298aed9c6fd: 279 ms
Input: 5000000,
Cold Start: false
Unique ID: fe681a47576eb8112d5011dd083c16ca,
Execution Time for Trace ID fe681a47576eb8112d5011dd083c16ca: 371 ms
Input: 5000000,
Cold Start: false
Unique ID: aa0d84c40eed5745c30cc3f9ee0b6557,
Execution Time for Trace ID aa0d84c40eed5745c30cc3f9ee0b6557: 291 ms
Input: 5000000,
Cold Start: false
Unique ID: b0ecd03a53388009fba443c1b062fb57,
Execution Time for Trace ID b0ecd03a53388009fba443c1b062fb57: 381 ms
Input: 5000000,
Cold Start: false
Unique ID: 060efaa837d8661bf4d5db54a38ea76f,
Execution Time for Trace ID 060efaa837d8661bf4d5db54a38ea76f: 336 ms
Input: 5000000,
Cold Start: false
Unique ID: 7d22f2973a39bf3d7c0599af9f9588f6,
Execution Time for Trace ID 7d22f2973a39bf3d7c0599af9f9588f6: 383 ms
Input: 5000000,
Cold Start: false
Unique ID: 996987a42c2acd7f4efd77952dd51d61,
Execution Time for Trace ID 996987a42c2acd7f4efd77952dd51d61: 343 ms
Input: 5000000,
Cold Start: false
Unique ID: f500bf5ecd78c2e42ca10b6756c6b90f,
Execution Time for Trace ID f500bf5ecd78c2e42ca10b6756c6b90f: 311 ms
Input: 5000000,
Cold Start: false
Unique ID: f524044491437648ef76f0b8b132b843,
Execution Time for Trace ID f524044491437648ef76f0b8b132b843: 414 ms
Input: 5000000,
Cold Start: false
Unique ID: 1e92a9374c3a26203eeddebffe029f47,
Execution Time for Trace ID 1e92a9374c3a26203eeddebffe029f47: 382 ms
Input: 5000000,
Cold Start: false
Unique ID: 2f1faa2ae436099e20b3f148afeb76c1,
Execution Time for Trace ID 2f1faa2ae436099e20b3f148afeb76c1: 285 ms
Input: 5000000,
Cold Start: false
Unique ID: 2e7ce0a0dc3b943ea88908bfda7ebd8a,
Execution Time for Trace ID 2e7ce0a0dc3b943ea88908bfda7ebd8a: 379 ms
Input: 5000000,
Cold Start: false
Unique ID: 04caa9821d033284fa4f36112e3221b8,
Execution Time for Trace ID 04caa9821d033284fa4f36112e3221b8: 301 ms
Input: 5000000,
Cold Start: false
Unique ID: 72fc61c129afb36704077121299ea5bb,
Execution Time for Trace ID 72fc61c129afb36704077121299ea5bb: 373 ms
Input: 5000000,
Cold Start: false
Unique ID: 0fdf4ff7095358855b045cb1e7cbccc4,
Execution Time for Trace ID 0fdf4ff7095358855b045cb1e7cbccc4: 377 ms
Input: 5000000,
Cold Start: false
Unique ID: 6755d7e3aa2e712f846396551626be6e,
Execution Time for Trace ID 6755d7e3aa2e712f846396551626be6e: 352 ms
Input: 5000000,
Cold Start: false
Unique ID: 3d540c31683c44a47c9a5df6b05d9c5a,
Execution Time for Trace ID 3d540c31683c44a47c9a5df6b05d9c5a: 374 ms
Input: 5000000,
Cold Start: false
Unique ID: 751797770325f6ebca1dfa2acfcae806,
Execution Time for Trace ID 751797770325f6ebca1dfa2acfcae806: 368 ms
Input: 5000000,
Cold Start: false
Unique ID: 26655d3868d34c4c4b8a1b6609e44cf6,
Execution Time for Trace ID 26655d3868d34c4c4b8a1b6609e44cf6: 386 ms
Input: 5000000,
Cold Start: false
Unique ID: 5c0df6a41ba795ee3dd8efd398abefae,
Execution Time for Trace ID 5c0df6a41ba795ee3dd8efd398abefae: 352 ms
Input: 5000000,
Cold Start: false
Unique ID: 9049230ea745c232311ea3b81b2285f7,
Execution Time for Trace ID 9049230ea745c232311ea3b81b2285f7: 381 ms
Input: 5000000,
Cold Start: false
Unique ID: bf35b0d4d9f7931c79eb31400cf9679e,
Execution Time for Trace ID bf35b0d4d9f7931c79eb31400cf9679e: 417 ms
Input: 5000000,
Cold Start: false
Unique ID: 7ea7ae9109b53985ae4101287a399978,
Execution Time for Trace ID 7ea7ae9109b53985ae4101287a399978: 395 ms
Input: 5000000,
Cold Start: false
Unique ID: b0be87fc90e2092bf4fc9169a2d8f1a1,
Execution Time for Trace ID b0be87fc90e2092bf4fc9169a2d8f1a1: 342 ms
Input: 5000000,
Cold Start: false
Unique ID: 4ecbeacd25486a16775ae2e10f38d81b,
Execution Time for Trace ID 4ecbeacd25486a16775ae2e10f38d81b: 346 ms
Input: 5000000,
Cold Start: false
Unique ID: 8a0570240c0cc3b38d7c6f573dd55654,
Execution Time for Trace ID 8a0570240c0cc3b38d7c6f573dd55654: 430 ms
Input: 5000000,
Cold Start: false
Unique ID: 9613542a15918aec566ba069033e5699,
Execution Time for Trace ID 9613542a15918aec566ba069033e5699: 339 ms
Input: 5000000,
Cold Start: false
Unique ID: 3839b9ce814db7d909cfaca648e09582,
Execution Time for Trace ID 3839b9ce814db7d909cfaca648e09582: 400 ms
Input: 5000000,
Cold Start: false
Unique ID: 67c2599aef53b367688603c932955c56,
Execution Time for Trace ID 67c2599aef53b367688603c932955c56: 376 ms
Input: 5000000,
Cold Start: false
Unique ID: 902be2a1217dcf0d4d5c203b7d6f56b4,
Execution Time for Trace ID 902be2a1217dcf0d4d5c203b7d6f56b4: 339 ms
Input: 5000000,
Cold Start: false
Unique ID: a7c530a4da1ef4910a4ae9e89fc5c4f5,
Execution Time for Trace ID a7c530a4da1ef4910a4ae9e89fc5c4f5: 396 ms
Input: 5000000,
Cold Start: false
Unique ID: 4e7deb1c72f0ae7a050915ea83df7e64,
Execution Time for Trace ID 4e7deb1c72f0ae7a050915ea83df7e64: 343 ms
Input: 5000000,
Cold Start: false
Unique ID: b825a4550666e2489f0c7df423640682,
Execution Time for Trace ID b825a4550666e2489f0c7df423640682: 308 ms
Input: 5000000,
Cold Start: false
Unique ID: 592f055ddd81a8ba6c871d095f05647b,
Execution Time for Trace ID 592f055ddd81a8ba6c871d095f05647b: 362 ms
Input: 5000000,
Cold Start: false
Unique ID: d872f513f0a50067dd1622ccbcb0a9ad,
Execution Time for Trace ID d872f513f0a50067dd1622ccbcb0a9ad: 383 ms
Input: 5000000,
Cold Start: false
Unique ID: 324ba00eb6c878586d1e9d3f73920f18,
Execution Time for Trace ID 324ba00eb6c878586d1e9d3f73920f18: 350 ms
Input: 5000000,
Cold Start: false
Unique ID: f04fc5bd434535309c46b5b0c6276109,
Execution Time for Trace ID f04fc5bd434535309c46b5b0c6276109: 379 ms
Input: 5000000,
Cold Start: false
Unique ID: 80933a28fd280d199f5ff09d036562f6,
Execution Time for Trace ID 80933a28fd280d199f5ff09d036562f6: 376 ms
Input: 5000000,
Cold Start: false
Unique ID: d88d356704b673170fa4b3b8c8638788,
Execution Time for Trace ID d88d356704b673170fa4b3b8c8638788: 403 ms
Input: 5000000,
Cold Start: false
Unique ID: e07960eddade53711bfc19c7d748f1f1,
Execution Time for Trace ID e07960eddade53711bfc19c7d748f1f1: 345 ms
Input: 5000000,
Cold Start: false
Unique ID: 7791be316665d08bcc971fa8818557b6,
Execution Time for Trace ID 7791be316665d08bcc971fa8818557b6: 309 ms
Input: 5000000,
Cold Start: false
Unique ID: 4f4b4867762c7ffbef782a23ddafbe2a,
Execution Time for Trace ID 4f4b4867762c7ffbef782a23ddafbe2a: 334 ms
Input: 5000000,
Cold Start: false
Unique ID: e4a1624624b7ca321e25b66be86d73cd,
Execution Time for Trace ID e4a1624624b7ca321e25b66be86d73cd: 385 ms
Input: 5000000,
Cold Start: false
Unique ID: e8bed002ffa0b748736bf49d3b98b566,
Execution Time for Trace ID e8bed002ffa0b748736bf49d3b98b566: 296 ms
Input: 5000000,
Cold Start: false
Unique ID: c032091beed707f7a8d5292c53ba33c9,
Execution Time for Trace ID c032091beed707f7a8d5292c53ba33c9: 345 ms
Input: 5000000,
Cold Start: false
Unique ID: 716e7e57827c27d857292b82fc45e916,
Execution Time for Trace ID 716e7e57827c27d857292b82fc45e916: 400 ms
Input: 5000000,
Cold Start: false
Unique ID: 633a76721e7a57eeb608510a88350f81,
Execution Time for Trace ID 633a76721e7a57eeb608510a88350f81: 325 ms
Input: 5000000,
Cold Start: false
Unique ID: 1f1c9a17ce671bb1c79debd5dd6ace58,
Execution Time for Trace ID 1f1c9a17ce671bb1c79debd5dd6ace58: 362 ms
Input: 5000000,
Cold Start: false
Unique ID: badd4501baf10c5b0b109f3de1fba49c,
Execution Time for Trace ID badd4501baf10c5b0b109f3de1fba49c: 348 ms
Input: 5000000,
Cold Start: false
Unique ID: ab1cad39530252f30976e76d693e0458,
Execution Time for Trace ID ab1cad39530252f30976e76d693e0458: 387 ms
Input: 5000000,
Cold Start: false
Unique ID: 9b3fffb5e6609a31a3b5d4f0ef63de3c,
Execution Time for Trace ID 9b3fffb5e6609a31a3b5d4f0ef63de3c: 289 ms
Input: 5000000,
Cold Start: false
Unique ID: 06987d2ed486c4ef23d0a72d2cd057c8,
Execution Time for Trace ID 06987d2ed486c4ef23d0a72d2cd057c8: 387 ms
Input: 5000000,
Cold Start: false
Unique ID: f002f81e11c60e1978307e5d486f9559,
Execution Time for Trace ID f002f81e11c60e1978307e5d486f9559: 342 ms
Input: 5000000,
Cold Start: false
Unique ID: 0cacd18541dac9a47e4e83d3ed5641a2,
Execution Time for Trace ID 0cacd18541dac9a47e4e83d3ed5641a2: 387 ms
Input: 5000000,
Cold Start: false
Unique ID: e13e92c1ec5da13343c1b49886bed9f4,
Execution Time for Trace ID e13e92c1ec5da13343c1b49886bed9f4: 393 ms
Input: 5000000,
Cold Start: false
Unique ID: 39bb02ca8d8d2bd5d11bbd9ac61ebdeb,
Execution Time for Trace ID 39bb02ca8d8d2bd5d11bbd9ac61ebdeb: 346 ms
Input: 5000000,
Cold Start: false
Unique ID: ec4bc21e69f10b6c8d4fe51f2e8d4129,
Execution Time for Trace ID ec4bc21e69f10b6c8d4fe51f2e8d4129: 333 ms
Input: 5000000,
Cold Start: false
Unique ID: f95c2ad028a64972a0e66b59ab7b6936,
Execution Time for Trace ID f95c2ad028a64972a0e66b59ab7b6936: 373 ms
Input: 5000000,
Cold Start: false
