Unique ID: 036c5da4-3290-4e10-935e-51a97a60fa79,
Billed Duration for Request 036c5da4-3290-4e10-935e-51a97a60fa79: 638 ms
Input: 5750000,
Cold Start: false
Unique ID: 9bb94657-b231-4bc0-a004-1348b9edccb0,
Billed Duration for Request 9bb94657-b231-4bc0-a004-1348b9edccb0: 657 ms
Input: 5750000,
Cold Start: false
Unique ID: aba42bcc-192d-4dd0-9861-220b890ed585,
Billed Duration for Request aba42bcc-192d-4dd0-9861-220b890ed585: 639 ms
Input: 5750000,
Cold Start: false
Unique ID: 8c105cc9-d65d-4a21-9194-0d57cfbf3caa,
Billed Duration for Request 8c105cc9-d65d-4a21-9194-0d57cfbf3caa: 641 ms
Input: 5750000,
Cold Start: false
Unique ID: b0b744fd-641e-4204-b174-969502567776,
Billed Duration for Request b0b744fd-641e-4204-b174-969502567776: 625 ms
Input: 5750000,
Cold Start: false
Unique ID: c820fe6f-8239-4d5d-aac7-c446f2fc8c1b,
Billed Duration for Request c820fe6f-8239-4d5d-aac7-c446f2fc8c1b: 625 ms
Input: 5750000,
Cold Start: false
Unique ID: 1b325e32-e6c2-4a95-bf27-9f65845207c2,
Billed Duration for Request 1b325e32-e6c2-4a95-bf27-9f65845207c2: 629 ms
Input: 5750000,
Cold Start: false
Unique ID: 06409153-31e2-48a2-8456-95bc1e1ea7c4,
Billed Duration for Request 06409153-31e2-48a2-8456-95bc1e1ea7c4: 618 ms
Input: 5750000,
Cold Start: false
Unique ID: a02f9aa5-10c0-4303-b08f-3455cfffa5c3,
Billed Duration for Request a02f9aa5-10c0-4303-b08f-3455cfffa5c3: 620 ms
Input: 5750000,
Cold Start: false
Unique ID: 6192dd67-a745-43c7-a050-050fa647ca55,
Billed Duration for Request 6192dd67-a745-43c7-a050-050fa647ca55: 625 ms
Input: 5750000,
Cold Start: false
Unique ID: e85b4054-9f44-4c1f-8b82-005990ad4940,
Billed Duration for Request e85b4054-9f44-4c1f-8b82-005990ad4940: 627 ms
Input: 5750000,
Cold Start: false
Unique ID: 56a9c2b4-57d5-4f8a-ace3-cc46cd4505bd,
Billed Duration for Request 56a9c2b4-57d5-4f8a-ace3-cc46cd4505bd: 613 ms
Input: 5750000,
Cold Start: false
Unique ID: 7e97f7e7-b8ee-4be3-94b8-5c25c875548a,
Billed Duration for Request 7e97f7e7-b8ee-4be3-94b8-5c25c875548a: 622 ms
Input: 5750000,
Cold Start: false
Unique ID: f5279696-6fd6-4220-bfd2-f3eb3dd8a4be,
Billed Duration for Request f5279696-6fd6-4220-bfd2-f3eb3dd8a4be: 614 ms
Input: 5750000,
Cold Start: false
Unique ID: 7fa081d4-f103-4863-aa12-02cc26fceeba,
Billed Duration for Request 7fa081d4-f103-4863-aa12-02cc26fceeba: 613 ms
Input: 5750000,
Cold Start: false
Unique ID: 420ad419-9eb6-415d-874c-35f47405fc1d,
Billed Duration for Request 420ad419-9eb6-415d-874c-35f47405fc1d: 617 ms
Input: 5750000,
Cold Start: false
Unique ID: 5819a0b7-6c7f-4350-863c-3e004f4c4177,
Billed Duration for Request 5819a0b7-6c7f-4350-863c-3e004f4c4177: 614 ms
Input: 5750000,
Cold Start: false
Unique ID: d43087f9-f1aa-4382-b9e9-c2a32b6c5025,
Billed Duration for Request d43087f9-f1aa-4382-b9e9-c2a32b6c5025: 628 ms
Input: 5750000,
Cold Start: false
Unique ID: 9974787b-14a8-4f0e-835a-faea10e30b3d,
Billed Duration for Request 9974787b-14a8-4f0e-835a-faea10e30b3d: 623 ms
Input: 5750000,
Cold Start: false
Unique ID: 3963a086-b71a-4657-ba80-7855f600fa12,
Billed Duration for Request 3963a086-b71a-4657-ba80-7855f600fa12: 611 ms
Input: 5750000,
Cold Start: false
Unique ID: 1b03b1e8-fc63-40d0-8a7f-67bd400af3bd,
Billed Duration for Request 1b03b1e8-fc63-40d0-8a7f-67bd400af3bd: 621 ms
Input: 5750000,
Cold Start: false
Unique ID: 1d880fd7-405b-4ebf-82f8-fb5ea4f1a5b6,
Billed Duration for Request 1d880fd7-405b-4ebf-82f8-fb5ea4f1a5b6: 613 ms
Input: 5750000,
Cold Start: false
Unique ID: 2236dfb3-0a3e-47e8-81f0-6a1ff6b0f753,
Billed Duration for Request 2236dfb3-0a3e-47e8-81f0-6a1ff6b0f753: 629 ms
Input: 5750000,
Cold Start: false
Unique ID: 741ae270-8ed0-4266-a5d0-5cc9065fd221,
Billed Duration for Request 741ae270-8ed0-4266-a5d0-5cc9065fd221: 614 ms
Input: 5750000,
Cold Start: false
Unique ID: ca56386f-06b3-435d-9f53-045f2033cd88,
Billed Duration for Request ca56386f-06b3-435d-9f53-045f2033cd88: 611 ms
Input: 5750000,
Cold Start: false
Unique ID: b5be629d-e8a2-4d95-b8d8-0c4bd7714d4f,
Billed Duration for Request b5be629d-e8a2-4d95-b8d8-0c4bd7714d4f: 619 ms
Input: 5750000,
Cold Start: false
Unique ID: a22f5214-7519-4d08-bca2-0ebffb6bc4c7,
Billed Duration for Request a22f5214-7519-4d08-bca2-0ebffb6bc4c7: 621 ms
Input: 5750000,
Cold Start: false
Unique ID: 4f8c7819-77f5-4d5c-ad64-fbdce2313903,
Billed Duration for Request 4f8c7819-77f5-4d5c-ad64-fbdce2313903: 613 ms
Input: 5750000,
Cold Start: false
Unique ID: e937abf1-252f-4114-9bb3-d132c6b733f1,
Billed Duration for Request e937abf1-252f-4114-9bb3-d132c6b733f1: 616 ms
Input: 5750000,
Cold Start: false
Unique ID: 94ae2432-8ccc-40b6-8f66-62a22b54ff3c,
Billed Duration for Request 94ae2432-8ccc-40b6-8f66-62a22b54ff3c: 612 ms
Input: 5750000,
Cold Start: false
Unique ID: a51473ba-7bcd-4af3-9160-c60ad3619ca3,
Billed Duration for Request a51473ba-7bcd-4af3-9160-c60ad3619ca3: 613 ms
Input: 5750000,
Cold Start: false
Unique ID: 649fdea0-1db7-4bdf-a4c8-385fd259cdff,
Billed Duration for Request 649fdea0-1db7-4bdf-a4c8-385fd259cdff: 620 ms
Input: 5750000,
Cold Start: false
Unique ID: 89f2d454-d9cd-4236-ba9d-1f63f74a6139,
Billed Duration for Request 89f2d454-d9cd-4236-ba9d-1f63f74a6139: 612 ms
Input: 5750000,
Cold Start: false
Unique ID: 6d422c57-27b5-4d2d-a48a-18d7937cce10,
Billed Duration for Request 6d422c57-27b5-4d2d-a48a-18d7937cce10: 617 ms
Input: 5750000,
Cold Start: false
Unique ID: 5b64260f-2b42-4d3a-ab52-b042c9a7b243,
Billed Duration for Request 5b64260f-2b42-4d3a-ab52-b042c9a7b243: 620 ms
Input: 5750000,
Cold Start: false
Unique ID: 35735550-ed95-4489-8a36-af343a40c58f,
Billed Duration for Request 35735550-ed95-4489-8a36-af343a40c58f: 608 ms
Input: 5750000,
Cold Start: false
Unique ID: 8eb18539-d3f7-4fa9-835a-72080972df70,
Billed Duration for Request 8eb18539-d3f7-4fa9-835a-72080972df70: 623 ms
Input: 5750000,
Cold Start: false
Unique ID: 2055bac2-79a6-4758-ab9e-c7485803b57f,
Billed Duration for Request 2055bac2-79a6-4758-ab9e-c7485803b57f: 613 ms
Input: 5750000,
Cold Start: false
Unique ID: 39f9ff00-9466-4e43-96a6-d09a034178f8,
Billed Duration for Request 39f9ff00-9466-4e43-96a6-d09a034178f8: 613 ms
Input: 5750000,
Cold Start: false
Unique ID: 2cdef3d4-1b2a-4c50-a110-b34bfba819fa,
Billed Duration for Request 2cdef3d4-1b2a-4c50-a110-b34bfba819fa: 611 ms
Input: 5750000,
Cold Start: false
Unique ID: 8db6a4ce-8b5b-49a0-b774-bb06059760ce,
Billed Duration for Request 8db6a4ce-8b5b-49a0-b774-bb06059760ce: 613 ms
Input: 5750000,
Cold Start: false
Unique ID: 6b649714-c573-423d-9f2c-d2f6364a1d36,
Billed Duration for Request 6b649714-c573-423d-9f2c-d2f6364a1d36: 622 ms
Input: 5750000,
Cold Start: false
Unique ID: e8b5d244-bcc7-411b-87bc-ca18e24a4f78,
Billed Duration for Request e8b5d244-bcc7-411b-87bc-ca18e24a4f78: 617 ms
Input: 5750000,
Cold Start: false
Unique ID: ad96ef14-0e7f-4d4a-9b18-f6212e85b03a,
Billed Duration for Request ad96ef14-0e7f-4d4a-9b18-f6212e85b03a: 613 ms
Input: 5750000,
Cold Start: false
Unique ID: 96f93767-57a7-4410-870a-b430bcc59b41,
Billed Duration for Request 96f93767-57a7-4410-870a-b430bcc59b41: 620 ms
Input: 5750000,
Cold Start: false
Unique ID: 20e83ad2-e6a7-41df-8293-8a125bf4df47,
Billed Duration for Request 20e83ad2-e6a7-41df-8293-8a125bf4df47: 611 ms
Input: 5750000,
Cold Start: false
Unique ID: 53dfa2f7-04c5-459d-8705-2528f325e361,
Billed Duration for Request 53dfa2f7-04c5-459d-8705-2528f325e361: 611 ms
Input: 5750000,
Cold Start: false
Unique ID: 76279c98-ae77-412b-ba96-caaef0c2719a,
Billed Duration for Request 76279c98-ae77-412b-ba96-caaef0c2719a: 618 ms
Input: 5750000,
Cold Start: false
Unique ID: b05b8a56-c1bb-416a-a6f8-b709b94540ca,
Billed Duration for Request b05b8a56-c1bb-416a-a6f8-b709b94540ca: 615 ms
Input: 5750000,
Cold Start: false
Unique ID: 5be31f55-c738-46a0-8c84-ed86fae905c1,
Billed Duration for Request 5be31f55-c738-46a0-8c84-ed86fae905c1: 618 ms
Input: 5750000,
Cold Start: false
Unique ID: 47daf35d-f82d-40f7-a1ab-98b573c20b6c,
Billed Duration for Request 47daf35d-f82d-40f7-a1ab-98b573c20b6c: 620 ms
Input: 5750000,
Cold Start: false
Unique ID: 843133da-fd1a-4758-813d-0fc1239269fa,
Billed Duration for Request 843133da-fd1a-4758-813d-0fc1239269fa: 610 ms
Input: 5750000,
Cold Start: false
Unique ID: 36f0ef08-337b-4ff7-9c44-4e83d217fd47,
Billed Duration for Request 36f0ef08-337b-4ff7-9c44-4e83d217fd47: 603 ms
Input: 5750000,
Cold Start: false
Unique ID: 92d26d24-15ec-4af8-a0fb-b3280ebdc378,
Billed Duration for Request 92d26d24-15ec-4af8-a0fb-b3280ebdc378: 626 ms
Input: 5750000,
Cold Start: false
Unique ID: e0731648-10a5-4eb3-817e-1b54e219ef8b,
Billed Duration for Request e0731648-10a5-4eb3-817e-1b54e219ef8b: 612 ms
Input: 5750000,
Cold Start: false
Unique ID: 876b1bf5-c4b7-4eef-a7fd-ca1e9e239b93,
Billed Duration for Request 876b1bf5-c4b7-4eef-a7fd-ca1e9e239b93: 620 ms
Input: 5750000,
Cold Start: false
Unique ID: 4dd15915-5988-407a-8e3e-74a6a8ddec2e,
Billed Duration for Request 4dd15915-5988-407a-8e3e-74a6a8ddec2e: 626 ms
Input: 5750000,
Cold Start: false
Unique ID: cdec8836-a67d-4a21-8583-04595e798aeb,
Billed Duration for Request cdec8836-a67d-4a21-8583-04595e798aeb: 620 ms
Input: 5750000,
Cold Start: false
Unique ID: 17631704-e474-4e72-91ca-18224439e682,
Billed Duration for Request 17631704-e474-4e72-91ca-18224439e682: 620 ms
Input: 5750000,
Cold Start: false
Unique ID: aa366170-b62c-4ed5-a37e-31a2d46c97b7,
Billed Duration for Request aa366170-b62c-4ed5-a37e-31a2d46c97b7: 593 ms
Input: 5750000,
Cold Start: false
Unique ID: 7782abbe-743e-4984-be06-fee26a827978,
Billed Duration for Request 7782abbe-743e-4984-be06-fee26a827978: 600 ms
Input: 5750000,
Cold Start: false
Unique ID: f1d15073-a02c-4c33-8e60-ff9219567363,
Billed Duration for Request f1d15073-a02c-4c33-8e60-ff9219567363: 617 ms
Input: 5750000,
Cold Start: false
Unique ID: 6331ced8-2f87-4549-b99d-7051b15cbac2,
Billed Duration for Request 6331ced8-2f87-4549-b99d-7051b15cbac2: 622 ms
Input: 5750000,
Cold Start: false
Unique ID: db463ec5-708f-44a1-959e-d143695f0b60,
Billed Duration for Request db463ec5-708f-44a1-959e-d143695f0b60: 625 ms
Input: 5750000,
Cold Start: false
Unique ID: 289f8bba-6fa6-4e37-865d-6f6e6fde6bd5,
Billed Duration for Request 289f8bba-6fa6-4e37-865d-6f6e6fde6bd5: 614 ms
Input: 5750000,
Cold Start: false
Unique ID: a8917f21-bc45-4144-9dc6-3203ffe97f19,
Billed Duration for Request a8917f21-bc45-4144-9dc6-3203ffe97f19: 621 ms
Input: 5750000,
Cold Start: false
Unique ID: f7a7ef18-e7d9-4f4e-97fe-9b6d8d57203a,
Billed Duration for Request f7a7ef18-e7d9-4f4e-97fe-9b6d8d57203a: 623 ms
Input: 5750000,
Cold Start: false
Unique ID: 8c3c821a-2960-48b8-9c43-eac66f9b988d,
Billed Duration for Request 8c3c821a-2960-48b8-9c43-eac66f9b988d: 592 ms
Input: 5750000,
Cold Start: false
Unique ID: 7b9946f5-bd2c-404b-99c3-4da42b78ec8e,
Billed Duration for Request 7b9946f5-bd2c-404b-99c3-4da42b78ec8e: 601 ms
Input: 5750000,
Cold Start: false
Unique ID: e8d5c9a5-2ef6-403f-94d8-ca0b7593874b,
Billed Duration for Request e8d5c9a5-2ef6-403f-94d8-ca0b7593874b: 626 ms
Input: 5750000,
Cold Start: false
Unique ID: 688e101a-d515-46bb-8470-a358a9faf47b,
Billed Duration for Request 688e101a-d515-46bb-8470-a358a9faf47b: 612 ms
Input: 5750000,
Cold Start: false
Unique ID: e3fb185e-2065-4d7d-943b-f164a3224ba5,
Billed Duration for Request e3fb185e-2065-4d7d-943b-f164a3224ba5: 609 ms
Input: 5750000,
Cold Start: false
Unique ID: 5eff25cf-620d-4112-82db-b2881bdbebb4,
Billed Duration for Request 5eff25cf-620d-4112-82db-b2881bdbebb4: 613 ms
Input: 5750000,
Cold Start: false
Unique ID: 4658f652-9aee-4f60-bd81-f32c8417fbef,
Billed Duration for Request 4658f652-9aee-4f60-bd81-f32c8417fbef: 622 ms
Input: 5750000,
Cold Start: false
Unique ID: ca5211ab-34d8-4115-a8a4-1eeec3eec16b,
Billed Duration for Request ca5211ab-34d8-4115-a8a4-1eeec3eec16b: 617 ms
Input: 5750000,
Cold Start: false
Unique ID: 3f434e91-4900-4ad9-a938-e8f3eca0011b,
Billed Duration for Request 3f434e91-4900-4ad9-a938-e8f3eca0011b: 596 ms
Input: 5750000,
Cold Start: false
Unique ID: 44ae69ff-b9b3-496a-b4dc-6c5fbae31ef6,
Billed Duration for Request 44ae69ff-b9b3-496a-b4dc-6c5fbae31ef6: 603 ms
Input: 5750000,
Cold Start: false
Unique ID: ca729611-936f-4612-8c49-61f4cfdbd2c2,
Billed Duration for Request ca729611-936f-4612-8c49-61f4cfdbd2c2: 627 ms
Input: 5750000,
Cold Start: false
Unique ID: 7fdf2b09-0c33-45f3-89ae-89f5d6b2f8c9,
Billed Duration for Request 7fdf2b09-0c33-45f3-89ae-89f5d6b2f8c9: 628 ms
Input: 5750000,
Cold Start: false
Unique ID: a16bf947-b0c8-4282-a5f8-e72420457132,
Billed Duration for Request a16bf947-b0c8-4282-a5f8-e72420457132: 621 ms
Input: 5750000,
Cold Start: false
Unique ID: c35a4177-005c-4807-94bd-ddc3b5116a7e,
Billed Duration for Request c35a4177-005c-4807-94bd-ddc3b5116a7e: 617 ms
Input: 5750000,
Cold Start: false
Unique ID: cda07dcf-76ef-41b0-884a-cd582ad30fd0,
Billed Duration for Request cda07dcf-76ef-41b0-884a-cd582ad30fd0: 617 ms
Input: 5750000,
Cold Start: false
Unique ID: 309fcf8e-b450-46f5-b3b1-5195d1cd1dcb,
Billed Duration for Request 309fcf8e-b450-46f5-b3b1-5195d1cd1dcb: 616 ms
Input: 5750000,
Cold Start: false
Unique ID: 72bcde5f-9a3c-4df8-9547-502707599ae1,
Billed Duration for Request 72bcde5f-9a3c-4df8-9547-502707599ae1: 592 ms
Input: 5750000,
Cold Start: false
Unique ID: 03ffe1a1-4151-47e2-99c0-2353c656d1b7,
Billed Duration for Request 03ffe1a1-4151-47e2-99c0-2353c656d1b7: 600 ms
Input: 5750000,
Cold Start: false
Unique ID: 269ef3b5-8383-43fe-9507-0d7dd5451b6c,
Billed Duration for Request 269ef3b5-8383-43fe-9507-0d7dd5451b6c: 629 ms
Input: 5750000,
Cold Start: false
Unique ID: 1544e435-2afb-43db-95d7-a4e2eab208d8,
Billed Duration for Request 1544e435-2afb-43db-95d7-a4e2eab208d8: 610 ms
Input: 5750000,
Cold Start: false
Unique ID: 5eeddebb-3672-4fc8-9992-a3ff7ef38b5b,
Billed Duration for Request 5eeddebb-3672-4fc8-9992-a3ff7ef38b5b: 642 ms
Input: 5750000,
Cold Start: false
Unique ID: fc359f01-9f1b-441d-a94d-e359be554fcb,
Billed Duration for Request fc359f01-9f1b-441d-a94d-e359be554fcb: 627 ms
Input: 5750000,
Cold Start: false
Unique ID: 7fa20d4b-8881-42d9-95e2-6aae5dd2148c,
Billed Duration for Request 7fa20d4b-8881-42d9-95e2-6aae5dd2148c: 617 ms
Input: 5750000,
Cold Start: false
Unique ID: 80adf66f-ed80-4c24-a0d7-3da22be8617b,
Billed Duration for Request 80adf66f-ed80-4c24-a0d7-3da22be8617b: 618 ms
Input: 5750000,
Cold Start: false
Unique ID: 605ff0c1-dd6c-4467-be80-71760650737d,
Billed Duration for Request 605ff0c1-dd6c-4467-be80-71760650737d: 590 ms
Input: 5750000,
Cold Start: false
Unique ID: a745abb8-5463-48e0-be3e-328873b4eb3e,
Billed Duration for Request a745abb8-5463-48e0-be3e-328873b4eb3e: 605 ms
Input: 5750000,
Cold Start: false
Unique ID: ab47bbf2-a3ae-4c4b-9bd8-75ecc63c4beb,
Billed Duration for Request ab47bbf2-a3ae-4c4b-9bd8-75ecc63c4beb: 628 ms
Input: 5750000,
Cold Start: false
Unique ID: 073596a1-0ec0-4692-b2a3-b8a9bff6ac34,
Billed Duration for Request 073596a1-0ec0-4692-b2a3-b8a9bff6ac34: 608 ms
Input: 5750000,
Cold Start: false
Unique ID: ce5b0c28-4b9d-4913-a9b7-15ab6a9be62c,
Billed Duration for Request ce5b0c28-4b9d-4913-a9b7-15ab6a9be62c: 625 ms
Input: 5750000,
Cold Start: false
Unique ID: 7981976e-fdab-4f78-9a34-6e8c79d2db09,
Billed Duration for Request 7981976e-fdab-4f78-9a34-6e8c79d2db09: 613 ms
Input: 5750000,
Cold Start: false
Unique ID: 5756c366-7e40-43a9-a828-7f4644b9bf34,
Billed Duration for Request 5756c366-7e40-43a9-a828-7f4644b9bf34: 617 ms
Input: 5750000,
Cold Start: false
Unique ID: f48782a4-5450-4775-ac7b-22ecb09c2d3c,
Billed Duration for Request f48782a4-5450-4775-ac7b-22ecb09c2d3c: 617 ms
Input: 5750000,
Cold Start: false
Unique ID: 813d9694-38eb-4ed9-acec-91f63314e54c,
Billed Duration for Request 813d9694-38eb-4ed9-acec-91f63314e54c: 592 ms
Input: 5750000,
Cold Start: false
Unique ID: 882b21d2-3e8b-4ec0-9db2-2d7198f62305,
Billed Duration for Request 882b21d2-3e8b-4ec0-9db2-2d7198f62305: 644 ms
Input: 5750000,
Cold Start: false
Unique ID: 002b6dbc-6c24-44ff-81ca-30dab2b114da,
Billed Duration for Request 002b6dbc-6c24-44ff-81ca-30dab2b114da: 652 ms
Input: 5750000,
Cold Start: false
Unique ID: a5ae0d77-950a-44cc-84dc-b39d3876c600,
Billed Duration for Request a5ae0d77-950a-44cc-84dc-b39d3876c600: 651 ms
Input: 5750000,
Cold Start: false
Unique ID: 7ae9bdbe-7149-4308-96a7-19a65298f46f,
Billed Duration for Request 7ae9bdbe-7149-4308-96a7-19a65298f46f: 665 ms
Input: 5750000,
Cold Start: false
Unique ID: f5d02948-b184-489a-ad70-cdcf5c3399e9,
Billed Duration for Request f5d02948-b184-489a-ad70-cdcf5c3399e9: 628 ms
Input: 5750000,
Cold Start: false
Unique ID: 133c5fc3-4edf-4128-a3a5-1850e96e6f94,
Billed Duration for Request 133c5fc3-4edf-4128-a3a5-1850e96e6f94: 631 ms
Input: 5750000,
Cold Start: false
Unique ID: 53686ed0-17cc-4d24-b6cb-fd834d797a48,
Billed Duration for Request 53686ed0-17cc-4d24-b6cb-fd834d797a48: 634 ms
Input: 5750000,
Cold Start: false
Unique ID: 6dde97a4-b756-4b46-9348-c58988a83100,
Billed Duration for Request 6dde97a4-b756-4b46-9348-c58988a83100: 618 ms
Input: 5750000,
Cold Start: false
Unique ID: 04c4548b-303a-4a57-93d0-a93c41deabcd,
Billed Duration for Request 04c4548b-303a-4a57-93d0-a93c41deabcd: 621 ms
Input: 5750000,
Cold Start: false
Unique ID: f4d45295-ff39-4a06-aa49-49fd69d8b7cd,
Billed Duration for Request f4d45295-ff39-4a06-aa49-49fd69d8b7cd: 618 ms
Input: 5750000,
Cold Start: false
Unique ID: 2e72a3b5-8786-4885-8611-841405a22e6c,
Billed Duration for Request 2e72a3b5-8786-4885-8611-841405a22e6c: 621 ms
Input: 5750000,
Cold Start: false
Unique ID: f3c9717f-da79-4013-8583-83346e81a88b,
Billed Duration for Request f3c9717f-da79-4013-8583-83346e81a88b: 610 ms
Input: 5750000,
Cold Start: false
Unique ID: 2cd70cb7-d4f7-41bf-81ae-8c9772424f31,
Billed Duration for Request 2cd70cb7-d4f7-41bf-81ae-8c9772424f31: 635 ms
Input: 5750000,
Cold Start: false
Unique ID: 0b89f924-03d2-478d-ab9a-81e4b877b362,
Billed Duration for Request 0b89f924-03d2-478d-ab9a-81e4b877b362: 623 ms
Input: 5750000,
Cold Start: false
Unique ID: e56705bd-fc28-4db2-9ffa-a1e359471405,
Billed Duration for Request e56705bd-fc28-4db2-9ffa-a1e359471405: 612 ms
Input: 5750000,
Cold Start: false
Unique ID: 03872c01-1a45-4daa-96a0-6eab82b2c54c,
Billed Duration for Request 03872c01-1a45-4daa-96a0-6eab82b2c54c: 624 ms
Input: 5750000,
Cold Start: false
Unique ID: 938c07e3-d1f4-47b1-a146-ad3ca0023e91,
Billed Duration for Request 938c07e3-d1f4-47b1-a146-ad3ca0023e91: 613 ms
Input: 5750000,
Cold Start: false
Unique ID: 4e95060e-bb41-43d5-bfdf-5da489d0bcf8,
Billed Duration for Request 4e95060e-bb41-43d5-bfdf-5da489d0bcf8: 625 ms
Input: 5750000,
Cold Start: false
Unique ID: f92af4de-95d6-4bd6-9fa5-8c2ab020a3df,
Billed Duration for Request f92af4de-95d6-4bd6-9fa5-8c2ab020a3df: 625 ms
Input: 5750000,
Cold Start: false
Unique ID: 24ad13e6-23b6-4e0f-be24-b51bf3562b0c,
Billed Duration for Request 24ad13e6-23b6-4e0f-be24-b51bf3562b0c: 629 ms
Input: 5750000,
Cold Start: false
Unique ID: a9d34426-1b4f-45ae-9f9e-a531e0310354,
Billed Duration for Request a9d34426-1b4f-45ae-9f9e-a531e0310354: 623 ms
Input: 5750000,
Cold Start: false
Unique ID: 3ffcc486-8521-4844-b6e9-3cb67e96fb25,
Billed Duration for Request 3ffcc486-8521-4844-b6e9-3cb67e96fb25: 609 ms
Input: 5750000,
Cold Start: false
Unique ID: 10638f68-5cae-4dc9-921e-5525ffa3bc7e,
Billed Duration for Request 10638f68-5cae-4dc9-921e-5525ffa3bc7e: 614 ms
Input: 5750000,
Cold Start: false
Unique ID: 0a4f44d4-302d-4f94-9948-4196a9c94be6,
Billed Duration for Request 0a4f44d4-302d-4f94-9948-4196a9c94be6: 623 ms
Input: 5750000,
Cold Start: false
Unique ID: 38f1422c-9b24-4cf0-9b9b-a09ad18c8ab0,
Billed Duration for Request 38f1422c-9b24-4cf0-9b9b-a09ad18c8ab0: 627 ms
Input: 5750000,
Cold Start: false
Unique ID: e3ec4dae-29d0-41a3-9391-ccc8c56f8cd3,
Billed Duration for Request e3ec4dae-29d0-41a3-9391-ccc8c56f8cd3: 618 ms
Input: 5750000,
Cold Start: false
Unique ID: 6cfbd4cb-81bb-423d-aa9c-8908446d9790,
Billed Duration for Request 6cfbd4cb-81bb-423d-aa9c-8908446d9790: 640 ms
Input: 5750000,
Cold Start: false
Unique ID: c34bca4c-6a6e-4430-b66d-e28b7f4306ee,
Billed Duration for Request c34bca4c-6a6e-4430-b66d-e28b7f4306ee: 626 ms
Input: 5750000,
Cold Start: false
Unique ID: ce8fafff-bc12-40df-bfe5-95ef98fd1c4b,
Billed Duration for Request ce8fafff-bc12-40df-bfe5-95ef98fd1c4b: 621 ms
Input: 5750000,
Cold Start: false
Unique ID: 7533737e-3b14-4b1c-8e21-9eb1713d85a0,
Billed Duration for Request 7533737e-3b14-4b1c-8e21-9eb1713d85a0: 619 ms
Input: 5750000,
Cold Start: false
Unique ID: 81619566-1fbe-496e-94c3-845120e2b3f6,
Billed Duration for Request 81619566-1fbe-496e-94c3-845120e2b3f6: 611 ms
Input: 5750000,
Cold Start: false
Unique ID: 84cd9317-06d0-4039-a5a9-e3859ede454c,
Billed Duration for Request 84cd9317-06d0-4039-a5a9-e3859ede454c: 624 ms
Input: 5750000,
Cold Start: false
Unique ID: 7576289a-bcd7-461b-bb27-81c732ff1a33,
Billed Duration for Request 7576289a-bcd7-461b-bb27-81c732ff1a33: 613 ms
Input: 5750000,
Cold Start: false
Unique ID: 35609d65-e5b4-4d30-9bf3-50b69f6fe3eb,
Billed Duration for Request 35609d65-e5b4-4d30-9bf3-50b69f6fe3eb: 620 ms
Input: 5750000,
Cold Start: false
Unique ID: bcc9c013-836c-41fd-bc6d-cf086ee03f3a,
Billed Duration for Request bcc9c013-836c-41fd-bc6d-cf086ee03f3a: 625 ms
Input: 5750000,
Cold Start: false
Unique ID: 2b6a9912-89be-45ec-af1d-8934f9a18749,
Billed Duration for Request 2b6a9912-89be-45ec-af1d-8934f9a18749: 613 ms
Input: 5750000,
Cold Start: false
Unique ID: d74c1dae-04e6-4560-9f85-d03a91512923,
Billed Duration for Request d74c1dae-04e6-4560-9f85-d03a91512923: 614 ms
Input: 5750000,
Cold Start: false
Unique ID: 7cbc31b7-b6ee-4a26-9d25-5ae5cb22d745,
Billed Duration for Request 7cbc31b7-b6ee-4a26-9d25-5ae5cb22d745: 615 ms
Input: 5750000,
Cold Start: false
Unique ID: 06cca745-9c34-4115-9880-b9c565c62ec1,
Billed Duration for Request 06cca745-9c34-4115-9880-b9c565c62ec1: 613 ms
Input: 5750000,
Cold Start: false
Unique ID: 4b5e9923-6d9d-4b0a-aafe-04f232472294,
Billed Duration for Request 4b5e9923-6d9d-4b0a-aafe-04f232472294: 623 ms
Input: 5750000,
Cold Start: false
Unique ID: 2cefe4df-e274-4944-8bb1-8be0656ebd9c,
Billed Duration for Request 2cefe4df-e274-4944-8bb1-8be0656ebd9c: 616 ms
Input: 5750000,
Cold Start: false
Unique ID: 2a0001a3-395e-4f79-964b-a10e105258b3,
Billed Duration for Request 2a0001a3-395e-4f79-964b-a10e105258b3: 624 ms
Input: 5750000,
Cold Start: false
Unique ID: c39c42d2-0799-4116-812a-2b0d109e7c57,
Billed Duration for Request c39c42d2-0799-4116-812a-2b0d109e7c57: 643 ms
Input: 5750000,
Cold Start: false
Unique ID: 3fffd664-7489-4d26-b7a4-85293122f8ff,
Billed Duration for Request 3fffd664-7489-4d26-b7a4-85293122f8ff: 614 ms
Input: 5750000,
Cold Start: false
Unique ID: 3a75808f-2b20-4837-850c-58bda7091c30,
Billed Duration for Request 3a75808f-2b20-4837-850c-58bda7091c30: 625 ms
Input: 5750000,
Cold Start: false
Unique ID: aa73a9d4-5b68-4b02-8f8f-49784b7d1aa7,
Billed Duration for Request aa73a9d4-5b68-4b02-8f8f-49784b7d1aa7: 615 ms
Input: 5750000,
Cold Start: false
Unique ID: c5af6193-cade-44d6-88a4-848f2c7c0051,
Billed Duration for Request c5af6193-cade-44d6-88a4-848f2c7c0051: 608 ms
Input: 5750000,
Cold Start: false
Unique ID: ddb04f8b-b6cc-42ac-8565-1b6361232eb4,
Billed Duration for Request ddb04f8b-b6cc-42ac-8565-1b6361232eb4: 621 ms
Input: 5750000,
Cold Start: false
Unique ID: 95b7e03a-12ca-4184-848c-59880eacd696,
Billed Duration for Request 95b7e03a-12ca-4184-848c-59880eacd696: 613 ms
Input: 5750000,
Cold Start: false
Unique ID: 755309c5-5fdd-4a6b-894b-07a7172b5228,
Billed Duration for Request 755309c5-5fdd-4a6b-894b-07a7172b5228: 621 ms
Input: 5750000,
Cold Start: false
Unique ID: a1b52cad-404b-47bc-b01f-dbc9f6691215,
Billed Duration for Request a1b52cad-404b-47bc-b01f-dbc9f6691215: 618 ms
Input: 5750000,
Cold Start: false
Unique ID: 590bd42b-346f-4a64-952e-4e64f0998959,
Billed Duration for Request 590bd42b-346f-4a64-952e-4e64f0998959: 616 ms
Input: 5750000,
Cold Start: false
Unique ID: 9af105cf-b16d-4f3d-9798-ad2c7c433516,
Billed Duration for Request 9af105cf-b16d-4f3d-9798-ad2c7c433516: 643 ms
Input: 5750000,
Cold Start: false
Unique ID: 66feca08-8691-4f33-a020-06e1575fc264,
Billed Duration for Request 66feca08-8691-4f33-a020-06e1575fc264: 627 ms
Input: 5750000,
Cold Start: false
Unique ID: 7b1009b8-ee5f-4d18-ac87-fbfe79d007c9,
Billed Duration for Request 7b1009b8-ee5f-4d18-ac87-fbfe79d007c9: 612 ms
Input: 5750000,
Cold Start: false
Unique ID: 5b47da6b-d809-4c08-8674-e5f6d7fb864a,
Billed Duration for Request 5b47da6b-d809-4c08-8674-e5f6d7fb864a: 625 ms
Input: 5750000,
Cold Start: false
Unique ID: cc830cbb-0b5e-4959-a15a-acf7b8b3c20b,
Billed Duration for Request cc830cbb-0b5e-4959-a15a-acf7b8b3c20b: 611 ms
Input: 5750000,
Cold Start: false
Unique ID: a7cc40ee-6f7c-4bfa-98a2-bda161822fc8,
Billed Duration for Request a7cc40ee-6f7c-4bfa-98a2-bda161822fc8: 622 ms
Input: 5750000,
Cold Start: false
Unique ID: 9f0ea140-42fd-44f6-a4b8-e98d409015cc,
Billed Duration for Request 9f0ea140-42fd-44f6-a4b8-e98d409015cc: 621 ms
Input: 5750000,
Cold Start: false
Unique ID: 3d210f01-f865-4105-b09f-a810f90d1127,
Billed Duration for Request 3d210f01-f865-4105-b09f-a810f90d1127: 614 ms
Input: 5750000,
Cold Start: false
Unique ID: 9d25d523-81e4-4c0e-927a-092756f95885,
Billed Duration for Request 9d25d523-81e4-4c0e-927a-092756f95885: 624 ms
Input: 5750000,
Cold Start: false
Unique ID: d3a20ba3-1102-4c99-a7b8-886d67371937,
Billed Duration for Request d3a20ba3-1102-4c99-a7b8-886d67371937: 627 ms
Input: 5750000,
Cold Start: false
Unique ID: 25c1ca6e-066d-4d7e-b61e-550d03b1b73e,
Billed Duration for Request 25c1ca6e-066d-4d7e-b61e-550d03b1b73e: 626 ms
Input: 5750000,
Cold Start: false
Unique ID: 6bc9d996-887e-4383-946d-eb98cd373893,
Billed Duration for Request 6bc9d996-887e-4383-946d-eb98cd373893: 624 ms
Input: 5750000,
Cold Start: false
Unique ID: 186a2a24-c030-463b-8d36-15c17ffe0fcc,
Billed Duration for Request 186a2a24-c030-463b-8d36-15c17ffe0fcc: 613 ms
Input: 5750000,
Cold Start: false
Unique ID: 75a36d28-3885-4486-9903-430e2383f190,
Billed Duration for Request 75a36d28-3885-4486-9903-430e2383f190: 619 ms
Input: 5750000,
Cold Start: false
Unique ID: 74aa4256-4923-4393-b829-39aaf95e008e,
Billed Duration for Request 74aa4256-4923-4393-b829-39aaf95e008e: 616 ms
Input: 5750000,
Cold Start: false
Unique ID: 79735b96-a7da-498e-8c01-ea5bc844f576,
Billed Duration for Request 79735b96-a7da-498e-8c01-ea5bc844f576: 614 ms
Input: 5750000,
Cold Start: false
Unique ID: 126e6c70-b009-424b-94ca-5c8ea40ee16c,
Billed Duration for Request 126e6c70-b009-424b-94ca-5c8ea40ee16c: 621 ms
Input: 5750000,
Cold Start: false
Unique ID: b3c93059-2295-4446-aaa5-de9d2e2e963c,
Billed Duration for Request b3c93059-2295-4446-aaa5-de9d2e2e963c: 611 ms
Input: 5750000,
Cold Start: false
Unique ID: ff9bc922-fc07-4562-8d83-d6d2e142b387,
Billed Duration for Request ff9bc922-fc07-4562-8d83-d6d2e142b387: 629 ms
Input: 5750000,
Cold Start: false
Unique ID: ef14eda9-8a5c-48e9-b79c-9f9fd2159198,
Billed Duration for Request ef14eda9-8a5c-48e9-b79c-9f9fd2159198: 624 ms
Input: 5750000,
Cold Start: false
Unique ID: 27427e14-69d1-446d-bb5e-aa812614e389,
Billed Duration for Request 27427e14-69d1-446d-bb5e-aa812614e389: 613 ms
Input: 5750000,
Cold Start: false
Unique ID: 5934c7b2-e0a0-463d-b902-d7b20527e73a,
Billed Duration for Request 5934c7b2-e0a0-463d-b902-d7b20527e73a: 620 ms
Input: 5750000,
Cold Start: false
Unique ID: 5d818776-46e7-48b6-87bf-c30ac99983c3,
Billed Duration for Request 5d818776-46e7-48b6-87bf-c30ac99983c3: 622 ms
Input: 5750000,
Cold Start: false
Unique ID: 6f780904-a8ca-49ab-815e-c20025712dd8,
Billed Duration for Request 6f780904-a8ca-49ab-815e-c20025712dd8: 615 ms
Input: 5750000,
Cold Start: false
Unique ID: 2ce3dbd4-63a3-4adc-b80b-b5db91b52ced,
Billed Duration for Request 2ce3dbd4-63a3-4adc-b80b-b5db91b52ced: 617 ms
Input: 5750000,
Cold Start: false
Unique ID: 830e7578-e24d-488b-910c-7a91218d854e,
Billed Duration for Request 830e7578-e24d-488b-910c-7a91218d854e: 646 ms
Input: 5750000,
Cold Start: false
Unique ID: 9da39139-7c0f-4b66-bc82-8841a19665b3,
Billed Duration for Request 9da39139-7c0f-4b66-bc82-8841a19665b3: 612 ms
Input: 5750000,
Cold Start: false
Unique ID: 5bf37923-4b0f-4a27-aeb5-2dc09c14a98f,
Billed Duration for Request 5bf37923-4b0f-4a27-aeb5-2dc09c14a98f: 624 ms
Input: 5750000,
Cold Start: false
Unique ID: 807511ce-3884-4885-b5f2-f341d95683b9,
Billed Duration for Request 807511ce-3884-4885-b5f2-f341d95683b9: 626 ms
Input: 5750000,
Cold Start: false
Unique ID: 127fc3ba-2fce-4bc4-8041-ee277ee54161,
Billed Duration for Request 127fc3ba-2fce-4bc4-8041-ee277ee54161: 616 ms
Input: 5750000,
Cold Start: false
Unique ID: 06eb5ca7-9260-4b35-93a0-5697dc928b56,
Billed Duration for Request 06eb5ca7-9260-4b35-93a0-5697dc928b56: 622 ms
Input: 5750000,
Cold Start: false
Unique ID: f4e88d25-796c-4873-85e2-981ffb4d879d,
Billed Duration for Request f4e88d25-796c-4873-85e2-981ffb4d879d: 613 ms
Input: 5750000,
Cold Start: false
Unique ID: 7eba0f4e-9f89-431d-980b-972ffe6cc232,
Billed Duration for Request 7eba0f4e-9f89-431d-980b-972ffe6cc232: 623 ms
Input: 5750000,
Cold Start: false
Unique ID: 40d7ec1b-144a-419b-a39c-275781a3fe1b,
Billed Duration for Request 40d7ec1b-144a-419b-a39c-275781a3fe1b: 614 ms
Input: 5750000,
Cold Start: false
Unique ID: 04f4954a-eb0c-4d11-b620-167c7d29ea82,
Billed Duration for Request 04f4954a-eb0c-4d11-b620-167c7d29ea82: 627 ms
Input: 5750000,
Cold Start: false
Unique ID: f8c40970-456c-49f5-9f16-4e3d0a33147d,
Billed Duration for Request f8c40970-456c-49f5-9f16-4e3d0a33147d: 625 ms
Input: 5750000,
Cold Start: false
Unique ID: 6725254a-3601-48df-ba5a-32ed3ea3cc72,
Billed Duration for Request 6725254a-3601-48df-ba5a-32ed3ea3cc72: 613 ms
Input: 5750000,
Cold Start: false
Unique ID: 55f10ccf-aad3-42f7-8b56-0c59b6782c0f,
Billed Duration for Request 55f10ccf-aad3-42f7-8b56-0c59b6782c0f: 602 ms
Input: 5750000,
Cold Start: false
Unique ID: 86881215-aae6-41fe-b2a5-4e99fa8c6f1d,
Billed Duration for Request 86881215-aae6-41fe-b2a5-4e99fa8c6f1d: 620 ms
Input: 5750000,
Cold Start: false
Unique ID: 64351902-b068-411b-8c07-641548c246ee,
Billed Duration for Request 64351902-b068-411b-8c07-641548c246ee: 611 ms
Input: 5750000,
Cold Start: false
Unique ID: 0f524469-d7e2-4f6b-8b5c-04dcf91ee0f6,
Billed Duration for Request 0f524469-d7e2-4f6b-8b5c-04dcf91ee0f6: 614 ms
Input: 5750000,
Cold Start: false
Unique ID: 11630a7d-4b5f-42b6-8d77-badca934ed7b,
Billed Duration for Request 11630a7d-4b5f-42b6-8d77-badca934ed7b: 611 ms
Input: 5750000,
Cold Start: false
Unique ID: b82adff5-6ad2-4a5f-b927-786579b31839,
Billed Duration for Request b82adff5-6ad2-4a5f-b927-786579b31839: 606 ms
Input: 5750000,
Cold Start: false
Unique ID: 05f9e1cc-0200-4ffb-9c9f-9b200558c65e,
Billed Duration for Request 05f9e1cc-0200-4ffb-9c9f-9b200558c65e: 616 ms
Input: 5750000,
Cold Start: false
Unique ID: 7d538dcf-a098-4268-b76b-c2cf8586fe7c,
Billed Duration for Request 7d538dcf-a098-4268-b76b-c2cf8586fe7c: 613 ms
Input: 5750000,
Cold Start: false
Unique ID: bb8d55a7-3149-4656-93b3-3465cd3db81d,
Billed Duration for Request bb8d55a7-3149-4656-93b3-3465cd3db81d: 604 ms
Input: 5750000,
Cold Start: false
Unique ID: 2249459b-41d1-4484-a3d7-fe3037959e80,
Billed Duration for Request 2249459b-41d1-4484-a3d7-fe3037959e80: 625 ms
Input: 5750000,
Cold Start: false
Unique ID: c0370806-2953-4225-84a0-328798dec923,
Billed Duration for Request c0370806-2953-4225-84a0-328798dec923: 611 ms
Input: 5750000,
Cold Start: false
Unique ID: 8136bd5b-4b46-40b2-a349-717ed02a5d0d,
Billed Duration for Request 8136bd5b-4b46-40b2-a349-717ed02a5d0d: 651 ms
Input: 5750000,
Cold Start: false
Unique ID: fa60a666-f65f-4eb8-8cc7-669c2c4b9f87,
Billed Duration for Request fa60a666-f65f-4eb8-8cc7-669c2c4b9f87: 652 ms
Input: 5750000,
Cold Start: false
Unique ID: 7412a6b5-32f6-48ba-a5ee-c5c6ded1abf9,
Billed Duration for Request 7412a6b5-32f6-48ba-a5ee-c5c6ded1abf9: 648 ms
Input: 5750000,
Cold Start: false
Unique ID: ecb5675d-6c76-45d7-bd20-1ea066a39be0,
Billed Duration for Request ecb5675d-6c76-45d7-bd20-1ea066a39be0: 643 ms
Input: 5750000,
Cold Start: false
Unique ID: ef8a6c74-feea-4bbf-923a-d0cc140cfa71,
Billed Duration for Request ef8a6c74-feea-4bbf-923a-d0cc140cfa71: 623 ms
Input: 5750000,
Cold Start: false
Unique ID: 86bef02b-0d4c-48f7-a399-b410e6f68ec7,
Billed Duration for Request 86bef02b-0d4c-48f7-a399-b410e6f68ec7: 623 ms
Input: 5750000,
Cold Start: false
Unique ID: c7217712-0277-4028-b1e3-d326b1898fc3,
Billed Duration for Request c7217712-0277-4028-b1e3-d326b1898fc3: 621 ms
Input: 5750000,
Cold Start: false
Unique ID: e894a5fa-c9ff-46b6-818e-95e13e70998c,
Billed Duration for Request e894a5fa-c9ff-46b6-818e-95e13e70998c: 631 ms
Input: 5750000,
Cold Start: false
Unique ID: 4789afbd-aea3-49ca-8f9a-aa09df44aedb,
Billed Duration for Request 4789afbd-aea3-49ca-8f9a-aa09df44aedb: 615 ms
Input: 5750000,
Cold Start: false
Unique ID: 6f6af728-1e6f-45ed-845c-c1d27b2d2a20,
Billed Duration for Request 6f6af728-1e6f-45ed-845c-c1d27b2d2a20: 626 ms
Input: 5750000,
Cold Start: false
Unique ID: a98c8050-6bca-4436-a434-67d284f43f71,
Billed Duration for Request a98c8050-6bca-4436-a434-67d284f43f71: 617 ms
Input: 5750000,
Cold Start: false
Unique ID: 4e6771f5-3457-4db7-803a-16208bc0e9e0,
Billed Duration for Request 4e6771f5-3457-4db7-803a-16208bc0e9e0: 612 ms
Input: 5750000,
Cold Start: false
Unique ID: 2ab42834-f9a2-49ef-926d-f6b9740c6719,
Billed Duration for Request 2ab42834-f9a2-49ef-926d-f6b9740c6719: 617 ms
Input: 5750000,
Cold Start: false
Unique ID: 80733a2f-574f-49f4-8eab-5d755e7a44bf,
Billed Duration for Request 80733a2f-574f-49f4-8eab-5d755e7a44bf: 627 ms
Input: 5750000,
Cold Start: false
Unique ID: 7779a3c9-7497-4506-941b-5ebe744d601c,
Billed Duration for Request 7779a3c9-7497-4506-941b-5ebe744d601c: 626 ms
Input: 5750000,
Cold Start: false
Unique ID: 994bae23-6b80-4edc-b023-a033bd00463d,
Billed Duration for Request 994bae23-6b80-4edc-b023-a033bd00463d: 633 ms
Input: 5750000,
Cold Start: false
Unique ID: 48bc2ae1-2c5c-4dc4-87a6-728947db4da0,
Billed Duration for Request 48bc2ae1-2c5c-4dc4-87a6-728947db4da0: 628 ms
Input: 5750000,
Cold Start: false
Unique ID: 806040ce-3a4f-425b-baea-4af16ba045ec,
Billed Duration for Request 806040ce-3a4f-425b-baea-4af16ba045ec: 621 ms
Input: 5750000,
Cold Start: false
Unique ID: b125f560-727f-4456-b50f-65865c6df222,
Billed Duration for Request b125f560-727f-4456-b50f-65865c6df222: 613 ms
Input: 5750000,
Cold Start: false
Unique ID: 66186718-6588-4959-b73c-38a85806e85b,
Billed Duration for Request 66186718-6588-4959-b73c-38a85806e85b: 624 ms
Input: 5750000,
Cold Start: false
Unique ID: cc75251b-910f-4ad9-8d67-af82bf876823,
Billed Duration for Request cc75251b-910f-4ad9-8d67-af82bf876823: 612 ms
Input: 5750000,
Cold Start: false
Unique ID: db36cc53-8f89-43b4-a2b2-b8457f0d6769,
Billed Duration for Request db36cc53-8f89-43b4-a2b2-b8457f0d6769: 612 ms
Input: 5750000,
Cold Start: false
Unique ID: 167c469b-40b8-4be2-a11f-7413e4320c2d,
Billed Duration for Request 167c469b-40b8-4be2-a11f-7413e4320c2d: 631 ms
Input: 5750000,
Cold Start: false
Unique ID: fd9c8af3-a969-43eb-b24f-13cf5ddc3ff1,
Billed Duration for Request fd9c8af3-a969-43eb-b24f-13cf5ddc3ff1: 634 ms
Input: 5750000,
Cold Start: false
Unique ID: 10449281-c860-4cb0-b0a2-cd13ee6e450f,
Billed Duration for Request 10449281-c860-4cb0-b0a2-cd13ee6e450f: 627 ms
Input: 5750000,
Cold Start: false
Unique ID: e9b33915-182b-4496-b359-5d696242daa2,
Billed Duration for Request e9b33915-182b-4496-b359-5d696242daa2: 636 ms
Input: 5750000,
Cold Start: false
Unique ID: 96832859-de59-4a23-9f03-2af7a270b3a6,
Billed Duration for Request 96832859-de59-4a23-9f03-2af7a270b3a6: 622 ms
Input: 5750000,
Cold Start: false
Unique ID: 0f246eb7-b7c7-42dc-b7da-f0ee82b7b765,
Billed Duration for Request 0f246eb7-b7c7-42dc-b7da-f0ee82b7b765: 612 ms
Input: 5750000,
Cold Start: false
Unique ID: 8b5fd085-369d-406e-afd9-7157c62c489a,
Billed Duration for Request 8b5fd085-369d-406e-afd9-7157c62c489a: 626 ms
Input: 5750000,
Cold Start: false
Unique ID: a2711200-66cb-4dd2-a269-b2d759dc61c3,
Billed Duration for Request a2711200-66cb-4dd2-a269-b2d759dc61c3: 614 ms
Input: 5750000,
Cold Start: false
Unique ID: ad0f2c90-b07e-4059-ac3a-9b13c28ac113,
Billed Duration for Request ad0f2c90-b07e-4059-ac3a-9b13c28ac113: 631 ms
Input: 5750000,
Cold Start: false
Unique ID: 5bdd3a47-cdb8-4f26-9e2d-592f648df85d,
Billed Duration for Request 5bdd3a47-cdb8-4f26-9e2d-592f648df85d: 632 ms
Input: 5750000,
Cold Start: false
Unique ID: 8c7b7afc-9c97-4aa7-bf13-82add7229838,
Billed Duration for Request 8c7b7afc-9c97-4aa7-bf13-82add7229838: 630 ms
Input: 5750000,
Cold Start: false
Unique ID: 6e29b851-569d-4c14-9c67-2f0abe510f11,
Billed Duration for Request 6e29b851-569d-4c14-9c67-2f0abe510f11: 644 ms
Input: 5750000,
Cold Start: false
Unique ID: a2c0e8af-16b6-498e-b901-58f376619c27,
Billed Duration for Request a2c0e8af-16b6-498e-b901-58f376619c27: 618 ms
Input: 5750000,
Cold Start: false
Unique ID: 6323983f-ab59-40ad-9820-f12571618b18,
Billed Duration for Request 6323983f-ab59-40ad-9820-f12571618b18: 624 ms
Input: 5750000,
Cold Start: false
Unique ID: 5ac0e691-1615-406f-84a9-f0eda752a4ff,
Billed Duration for Request 5ac0e691-1615-406f-84a9-f0eda752a4ff: 626 ms
Input: 5750000,
Cold Start: false
Unique ID: 3e00b82e-9ce7-46fa-93c1-5f89355bdacb,
Billed Duration for Request 3e00b82e-9ce7-46fa-93c1-5f89355bdacb: 613 ms
Input: 5750000,
Cold Start: false
Unique ID: 30c4fa29-a0e2-434c-a92e-4925cc94c8ab,
Billed Duration for Request 30c4fa29-a0e2-434c-a92e-4925cc94c8ab: 631 ms
Input: 5750000,
Cold Start: false
Unique ID: 0242f068-4978-47ed-98f3-77734ae158b4,
Billed Duration for Request 0242f068-4978-47ed-98f3-77734ae158b4: 617 ms
Input: 5750000,
Cold Start: false
Unique ID: 82b9e2a4-e9c9-43e1-a91a-5925fec9b23c,
Billed Duration for Request 82b9e2a4-e9c9-43e1-a91a-5925fec9b23c: 633 ms
Input: 5750000,
Cold Start: false
Unique ID: 89309d96-13de-4e8f-be30-4b2921621f00,
Billed Duration for Request 89309d96-13de-4e8f-be30-4b2921621f00: 626 ms
Input: 5750000,
Cold Start: false
Unique ID: 6e5f47fd-1311-4557-a4d2-794e607c6c51,
Billed Duration for Request 6e5f47fd-1311-4557-a4d2-794e607c6c51: 614 ms
Input: 5750000,
Cold Start: false
Unique ID: 5071ed8f-fc15-4d49-8003-e6e4e6c7766c,
Billed Duration for Request 5071ed8f-fc15-4d49-8003-e6e4e6c7766c: 627 ms
Input: 5750000,
Cold Start: false
Unique ID: d638b28d-7a1a-4f0f-a7cf-cf772c8eb479,
Billed Duration for Request d638b28d-7a1a-4f0f-a7cf-cf772c8eb479: 618 ms
Input: 5750000,
Cold Start: false
Unique ID: 499c4fcd-e267-4e82-aa89-0429b344c2b5,
Billed Duration for Request 499c4fcd-e267-4e82-aa89-0429b344c2b5: 610 ms
Input: 5750000,
Cold Start: false
Unique ID: 6b7dcbde-2721-4799-9e06-0f4fce9918d5,
Billed Duration for Request 6b7dcbde-2721-4799-9e06-0f4fce9918d5: 624 ms
Input: 5750000,
Cold Start: false
Unique ID: 242e567e-047b-410b-81fe-448e4739fe97,
Billed Duration for Request 242e567e-047b-410b-81fe-448e4739fe97: 618 ms
Input: 5750000,
Cold Start: false
Unique ID: 44b6e8a2-21d6-4ea3-86c9-873d745ebdf8,
Billed Duration for Request 44b6e8a2-21d6-4ea3-86c9-873d745ebdf8: 616 ms
Input: 5750000,
Cold Start: false
Unique ID: 397b22bd-98ed-4bb2-ab96-f6d2b6235cb7,
Billed Duration for Request 397b22bd-98ed-4bb2-ab96-f6d2b6235cb7: 631 ms
Input: 5750000,
Cold Start: false
Unique ID: 7468c84f-7ef3-4e53-a451-a4044b6ce964,
Billed Duration for Request 7468c84f-7ef3-4e53-a451-a4044b6ce964: 617 ms
Input: 5750000,
Cold Start: false
Unique ID: be0ebdf6-daac-436c-b552-5731ce968aa7,
Billed Duration for Request be0ebdf6-daac-436c-b552-5731ce968aa7: 627 ms
Input: 5750000,
Cold Start: false
Unique ID: 47831f64-0561-43ad-a405-7997f034da95,
Billed Duration for Request 47831f64-0561-43ad-a405-7997f034da95: 622 ms
Input: 5750000,
Cold Start: false
Unique ID: 79fddb51-5ee6-49f3-a452-d04779610448,
Billed Duration for Request 79fddb51-5ee6-49f3-a452-d04779610448: 611 ms
Input: 5750000,
Cold Start: false
Unique ID: c20ee5fb-8664-4290-bb3b-eca177c4937c,
Billed Duration for Request c20ee5fb-8664-4290-bb3b-eca177c4937c: 644 ms
Input: 5750000,
Cold Start: false
Unique ID: 69fc7036-3cd2-49d7-9103-7bd4e089c25d,
Billed Duration for Request 69fc7036-3cd2-49d7-9103-7bd4e089c25d: 614 ms
Input: 5750000,
Cold Start: false
Unique ID: 0bbc0bdb-9778-4030-a138-aeac4ea08706,
Billed Duration for Request 0bbc0bdb-9778-4030-a138-aeac4ea08706: 626 ms
Input: 5750000,
Cold Start: false
Unique ID: a9496135-0c8e-42f0-a2f0-524682b66fb8,
Billed Duration for Request a9496135-0c8e-42f0-a2f0-524682b66fb8: 628 ms
Input: 5750000,
Cold Start: false
Unique ID: ac45293b-6a16-40bd-b83a-7bd679fe4c6f,
Billed Duration for Request ac45293b-6a16-40bd-b83a-7bd679fe4c6f: 613 ms
Input: 5750000,
Cold Start: false
Unique ID: 22bcc188-57f2-45c9-96a5-be5674f70d1d,
Billed Duration for Request 22bcc188-57f2-45c9-96a5-be5674f70d1d: 608 ms
Input: 5750000,
Cold Start: false
Unique ID: 770cba89-d875-4305-a833-842bd7804974,
Billed Duration for Request 770cba89-d875-4305-a833-842bd7804974: 625 ms
Input: 5750000,
Cold Start: false
Unique ID: 516b52ab-1487-487c-a10a-5d4633b9a971,
Billed Duration for Request 516b52ab-1487-487c-a10a-5d4633b9a971: 624 ms
Input: 5750000,
Cold Start: false
Unique ID: 9ea997f6-6799-4bee-8b8b-4ba7b68777c5,
Billed Duration for Request 9ea997f6-6799-4bee-8b8b-4ba7b68777c5: 629 ms
Input: 5750000,
Cold Start: false
Unique ID: f53f7c0a-069b-43c1-b387-f100ae4cdfe5,
Billed Duration for Request f53f7c0a-069b-43c1-b387-f100ae4cdfe5: 629 ms
Input: 5750000,
Cold Start: false
Unique ID: f9a68595-e18a-4d5b-a183-cb3c783c3ac1,
Billed Duration for Request f9a68595-e18a-4d5b-a183-cb3c783c3ac1: 628 ms
Input: 5750000,
Cold Start: false
Unique ID: 8afe95fb-7b58-4fc4-ad5c-1f0982beabad,
Billed Duration for Request 8afe95fb-7b58-4fc4-ad5c-1f0982beabad: 622 ms
Input: 5750000,
Cold Start: false
Unique ID: d6cfae45-e85d-4668-9837-a5ddc16df66f,
Billed Duration for Request d6cfae45-e85d-4668-9837-a5ddc16df66f: 612 ms
Input: 5750000,
Cold Start: false
Unique ID: c289f9b2-7431-44c9-8383-82e5aad4495a,
Billed Duration for Request c289f9b2-7431-44c9-8383-82e5aad4495a: 627 ms
Input: 5750000,
Cold Start: false
Unique ID: e783238c-8286-4c3e-b91a-1f0dc799638f,
Billed Duration for Request e783238c-8286-4c3e-b91a-1f0dc799638f: 605 ms
Input: 5750000,
Cold Start: false
Unique ID: 1781c620-2574-40bb-a949-3548abac0f58,
Billed Duration for Request 1781c620-2574-40bb-a949-3548abac0f58: 614 ms
Input: 5750000,
Cold Start: false
Unique ID: d9c46a47-43e0-418f-9e7e-0ac758952c1c,
Billed Duration for Request d9c46a47-43e0-418f-9e7e-0ac758952c1c: 627 ms
Input: 5750000,
Cold Start: false
Unique ID: f44443c4-1971-4a4d-86df-f50e8b189177,
Billed Duration for Request f44443c4-1971-4a4d-86df-f50e8b189177: 606 ms
Input: 5750000,
Cold Start: false
Unique ID: 18b582c0-0ae8-43a4-a6cb-3bc55a334947,
Billed Duration for Request 18b582c0-0ae8-43a4-a6cb-3bc55a334947: 627 ms
Input: 5750000,
Cold Start: false
Unique ID: 9f3fc5b8-4e9a-49b6-bb44-2d8d244d4470,
Billed Duration for Request 9f3fc5b8-4e9a-49b6-bb44-2d8d244d4470: 615 ms
Input: 5750000,
Cold Start: false
Unique ID: cca2ddd4-cec5-4851-b457-669516167d41,
Billed Duration for Request cca2ddd4-cec5-4851-b457-669516167d41: 614 ms
Input: 5750000,
Cold Start: false
Unique ID: 3136c3ce-a198-4b49-9bd1-16108b92eb66,
Billed Duration for Request 3136c3ce-a198-4b49-9bd1-16108b92eb66: 600 ms
Input: 5750000,
Cold Start: false
Unique ID: b6544ddc-401a-43bd-9cde-4b6ee4f83edb,
Billed Duration for Request b6544ddc-401a-43bd-9cde-4b6ee4f83edb: 607 ms
Input: 5750000,
Cold Start: false
Unique ID: 40783312-9172-40fb-9d7f-a664a882c836,
Billed Duration for Request 40783312-9172-40fb-9d7f-a664a882c836: 612 ms
Input: 5750000,
Cold Start: false
Unique ID: c37d6824-e454-4c51-9662-e5508fece07b,
Billed Duration for Request c37d6824-e454-4c51-9662-e5508fece07b: 617 ms
Input: 5750000,
Cold Start: false
Unique ID: ac1aacd7-8120-4655-8cfe-ed134c4972d6,
Billed Duration for Request ac1aacd7-8120-4655-8cfe-ed134c4972d6: 614 ms
Input: 5750000,
Cold Start: false
Unique ID: 0aee811b-462d-46d4-b7ea-107530541b8a,
Billed Duration for Request 0aee811b-462d-46d4-b7ea-107530541b8a: 627 ms
Input: 5750000,
Cold Start: false
Unique ID: b3c5e862-ecfc-42c7-a5d8-5d46dcfa1577,
Billed Duration for Request b3c5e862-ecfc-42c7-a5d8-5d46dcfa1577: 627 ms
Input: 5750000,
Cold Start: false
Unique ID: bf6ee51e-f6b6-467b-96ea-56002782a63f,
Billed Duration for Request bf6ee51e-f6b6-467b-96ea-56002782a63f: 625 ms
Input: 5750000,
Cold Start: false
Unique ID: 750bb384-b465-4297-ac36-5a66c08bf656,
Billed Duration for Request 750bb384-b465-4297-ac36-5a66c08bf656: 599 ms
Input: 5750000,
Cold Start: false
Unique ID: 324a60e9-3199-46af-98cb-a8a9b7b131e0,
Billed Duration for Request 324a60e9-3199-46af-98cb-a8a9b7b131e0: 595 ms
Input: 5750000,
Cold Start: false
Unique ID: 804ccde0-3557-41f8-9490-7196520c6256,
Billed Duration for Request 804ccde0-3557-41f8-9490-7196520c6256: 608 ms
Input: 5750000,
Cold Start: false
Unique ID: acb4cd78-677a-416e-86fc-d0ec204e3ad3,
Billed Duration for Request acb4cd78-677a-416e-86fc-d0ec204e3ad3: 627 ms
Input: 5750000,
Cold Start: false
Unique ID: 9831a156-71e7-415e-a800-b9fc3422b652,
Billed Duration for Request 9831a156-71e7-415e-a800-b9fc3422b652: 614 ms
Input: 5750000,
Cold Start: false
Unique ID: 81274fff-76b0-4999-93fa-897136b509d6,
Billed Duration for Request 81274fff-76b0-4999-93fa-897136b509d6: 610 ms
Input: 5750000,
Cold Start: false
Unique ID: 39f1fe56-9b88-4d29-9b34-20ef7045f6c3,
Billed Duration for Request 39f1fe56-9b88-4d29-9b34-20ef7045f6c3: 641 ms
Input: 5750000,
Cold Start: false
Unique ID: a0220eab-5538-4465-a2b9-91b2715c284f,
Billed Duration for Request a0220eab-5538-4465-a2b9-91b2715c284f: 619 ms
Input: 5750000,
Cold Start: false
Unique ID: 58eca14a-5900-4b7a-bfb0-92890afb2bed,
Billed Duration for Request 58eca14a-5900-4b7a-bfb0-92890afb2bed: 591 ms
Input: 5750000,
Cold Start: false
Unique ID: 7ea63855-701c-4adc-8b7c-2e0d2c008bf8,
Billed Duration for Request 7ea63855-701c-4adc-8b7c-2e0d2c008bf8: 601 ms
Input: 5750000,
Cold Start: false
Unique ID: 7df62621-8cf9-4f2a-8b3d-9f2a58e2ad53,
Billed Duration for Request 7df62621-8cf9-4f2a-8b3d-9f2a58e2ad53: 611 ms
Input: 5750000,
Cold Start: false
Unique ID: 5a5405a6-9c4a-42b8-9d06-ee585d00a53b,
Billed Duration for Request 5a5405a6-9c4a-42b8-9d06-ee585d00a53b: 628 ms
Input: 5750000,
Cold Start: false
Unique ID: f1dfe472-1593-46d0-a68d-7daf1793f34f,
Billed Duration for Request f1dfe472-1593-46d0-a68d-7daf1793f34f: 618 ms
Input: 5750000,
Cold Start: false
Unique ID: b1420ac2-9d33-4442-817c-16f3fad41310,
Billed Duration for Request b1420ac2-9d33-4442-817c-16f3fad41310: 628 ms
Input: 5750000,
Cold Start: false
Unique ID: d041323b-6f31-436f-b599-ea22bf973221,
Billed Duration for Request d041323b-6f31-436f-b599-ea22bf973221: 639 ms
Input: 5750000,
Cold Start: false
Unique ID: 039620c3-6feb-4945-86b8-7c1b37daeb3f,
Billed Duration for Request 039620c3-6feb-4945-86b8-7c1b37daeb3f: 616 ms
Input: 5750000,
Cold Start: false
Unique ID: 8804702e-cdc6-48fa-bd6c-05ae51b38d35,
Billed Duration for Request 8804702e-cdc6-48fa-bd6c-05ae51b38d35: 591 ms
Input: 5750000,
Cold Start: false
