Unique ID: b368649c979821702f1b3461e920a156,
Execution Time for Trace ID b368649c979821702f1b3461e920a156: 194 ms
Input: 5000000,
Cold Start: false
Unique ID: 3e0b513ebe9fc42f0851f4aa1d0d04cb,
Execution Time for Trace ID 3e0b513ebe9fc42f0851f4aa1d0d04cb: 382 ms
Input: 5000000,
Cold Start: false
Unique ID: d584881ae5f04f970c59df182f193548,
Execution Time for Trace ID d584881ae5f04f970c59df182f193548: 496 ms
Input: 5000000,
Cold Start: false
Unique ID: c0c97286d14a95bff7b5a92f56f33186,
Execution Time for Trace ID c0c97286d14a95bff7b5a92f56f33186: 521 ms
Input: 5000000,
Cold Start: false
Unique ID: 51031ccc6a8282e9d3ea8749d7a373ed,
Execution Time for Trace ID 51031ccc6a8282e9d3ea8749d7a373ed: 339 ms
Input: 5000000,
Cold Start: false
Unique ID: bbfe01449d432adaf66b9b5a418a3ad1,
Execution Time for Trace ID bbfe01449d432adaf66b9b5a418a3ad1: 404 ms
Input: 5000000,
Cold Start: false
Unique ID: 0bb3277cca10ce93a1361fea9bd482d7,
Execution Time for Trace ID 0bb3277cca10ce93a1361fea9bd482d7: 363 ms
Input: 5000000,
Cold Start: false
Unique ID: b3c94d3db9f171300ab9dbff03262d48,
Execution Time for Trace ID b3c94d3db9f171300ab9dbff03262d48: 430 ms
Input: 5000000,
Cold Start: false
Unique ID: 2c2331fa89e86446850ed2a85118b2a0,
Execution Time for Trace ID 2c2331fa89e86446850ed2a85118b2a0: 177 ms
Input: 5000000,
Cold Start: false
Unique ID: 8d3e3d6ce7d39fde361647aa28b64785,
Execution Time for Trace ID 8d3e3d6ce7d39fde361647aa28b64785: 337 ms
Input: 5000000,
Cold Start: false
Unique ID: a4275521dd424cb76f83c02a31d45708,
Execution Time for Trace ID a4275521dd424cb76f83c02a31d45708: 359 ms
Input: 5000000,
Cold Start: false
Unique ID: 06772b4cbdd7f9081ecf38261cbccaed,
Execution Time for Trace ID 06772b4cbdd7f9081ecf38261cbccaed: 381 ms
Input: 5000000,
Cold Start: false
Unique ID: b94a257d5f751217e41f54f9f6d77552,
Execution Time for Trace ID b94a257d5f751217e41f54f9f6d77552: 340 ms
Input: 5000000,
Cold Start: false
Unique ID: cd8f6ee9a96556f3c2caeb37c4be1288,
Execution Time for Trace ID cd8f6ee9a96556f3c2caeb37c4be1288: 346 ms
Input: 5000000,
Cold Start: false
Unique ID: 46f99df8dd981a3333ee0ad18c8aaa5c,
Execution Time for Trace ID 46f99df8dd981a3333ee0ad18c8aaa5c: 400 ms
Input: 5000000,
Cold Start: false
Unique ID: 2ba6238dfb40e4a002008c1605e5f0f1,
Execution Time for Trace ID 2ba6238dfb40e4a002008c1605e5f0f1: 342 ms
Input: 5000000,
Cold Start: false
Unique ID: 1adeb280df11bf7375dcb34464cae57d,
Execution Time for Trace ID 1adeb280df11bf7375dcb34464cae57d: 256 ms
Input: 5000000,
Cold Start: false
Unique ID: f23e23255195251ba064efa577abf0f2,
Execution Time for Trace ID f23e23255195251ba064efa577abf0f2: 339 ms
Input: 5000000,
Cold Start: false
Unique ID: c3d6a01c2a4a64625889523d67763950,
Execution Time for Trace ID c3d6a01c2a4a64625889523d67763950: 374 ms
Input: 5000000,
Cold Start: false
Unique ID: 2be6569ac84e1009fdbd8efb862ca897,
Execution Time for Trace ID 2be6569ac84e1009fdbd8efb862ca897: 426 ms
Input: 5000000,
Cold Start: false
Unique ID: e0d31229356f4e71399c9acbb00641ed,
Execution Time for Trace ID e0d31229356f4e71399c9acbb00641ed: 344 ms
Input: 5000000,
Cold Start: false
Unique ID: 97d8ff9c9d08dd1a138887303ce77316,
Execution Time for Trace ID 97d8ff9c9d08dd1a138887303ce77316: 345 ms
Input: 5000000,
Cold Start: false
Unique ID: 8e3fd3e5e4676f2f0e3d25693158c1bc,
Execution Time for Trace ID 8e3fd3e5e4676f2f0e3d25693158c1bc: 348 ms
Input: 5000000,
Cold Start: false
Unique ID: 64fcc0b0ed581bf92c030018aa85f313,
Execution Time for Trace ID 64fcc0b0ed581bf92c030018aa85f313: 313 ms
Input: 5000000,
Cold Start: false
Unique ID: 53adc0f39677ea1d2773f9551c7d9386,
Execution Time for Trace ID 53adc0f39677ea1d2773f9551c7d9386: 339 ms
Input: 5000000,
Cold Start: false
Unique ID: 9a85d1c06fd09ee74d8fcb4a37414595,
Execution Time for Trace ID 9a85d1c06fd09ee74d8fcb4a37414595: 319 ms
Input: 5000000,
Cold Start: false
Unique ID: ea1854024cfb8518b5b305a26a561d7c,
Execution Time for Trace ID ea1854024cfb8518b5b305a26a561d7c: 367 ms
Input: 5000000,
Cold Start: false
Unique ID: d55793dd4f938cb8bff2d866acdc3eb2,
Execution Time for Trace ID d55793dd4f938cb8bff2d866acdc3eb2: 343 ms
Input: 5000000,
Cold Start: false
Unique ID: 081692b7eee36c012c96611c07dc1e78,
Execution Time for Trace ID 081692b7eee36c012c96611c07dc1e78: 344 ms
Input: 5000000,
Cold Start: false
Unique ID: de6911c28d1ea1f3e9e8045e79cf4ebb,
Execution Time for Trace ID de6911c28d1ea1f3e9e8045e79cf4ebb: 387 ms
Input: 5000000,
Cold Start: false
Unique ID: fcae7d193235ebe558bb0667d1f61bc1,
Execution Time for Trace ID fcae7d193235ebe558bb0667d1f61bc1: 378 ms
Input: 5000000,
Cold Start: false
Unique ID: e3457c7098916fdb47e7c966c1d41099,
Execution Time for Trace ID e3457c7098916fdb47e7c966c1d41099: 342 ms
Input: 5000000,
Cold Start: false
Unique ID: 2c0f3b50d086ae31c1c86fccef79798e,
Execution Time for Trace ID 2c0f3b50d086ae31c1c86fccef79798e: 339 ms
Input: 5000000,
Cold Start: false
Unique ID: 1e84af1e73a2a9c8e23c3ee6400760bb,
Execution Time for Trace ID 1e84af1e73a2a9c8e23c3ee6400760bb: 383 ms
Input: 5000000,
Cold Start: false
Unique ID: 1c415f167aa64522ceee40def077d611,
Execution Time for Trace ID 1c415f167aa64522ceee40def077d611: 519 ms
Input: 5000000,
Cold Start: false
Unique ID: 9a263ab21d1faad0ceb1aff2ec1df94b,
Execution Time for Trace ID 9a263ab21d1faad0ceb1aff2ec1df94b: 516 ms
Input: 5000000,
Cold Start: false
Unique ID: 6a908bafa80d9e33a699bc6140fee25e,
Execution Time for Trace ID 6a908bafa80d9e33a699bc6140fee25e: 344 ms
Input: 5000000,
Cold Start: false
Unique ID: 0e3a4cf46b0476fecc085f1a1ec3691a,
Execution Time for Trace ID 0e3a4cf46b0476fecc085f1a1ec3691a: 500 ms
Input: 5000000,
Cold Start: false
Unique ID: b6b95a77d9bec0b919cebb334ff351d3,
Execution Time for Trace ID b6b95a77d9bec0b919cebb334ff351d3: 394 ms
Input: 5000000,
Cold Start: false
Unique ID: 21cdf819eb7ce97974c97a8cf51780a2,
Execution Time for Trace ID 21cdf819eb7ce97974c97a8cf51780a2: 518 ms
Input: 5000000,
Cold Start: false
Unique ID: db653ecc4342ab7943fecf1f14c8b6e1,
Execution Time for Trace ID db653ecc4342ab7943fecf1f14c8b6e1: 339 ms
Input: 5000000,
Cold Start: false
Unique ID: bd46345b35533250f329e26f7c4331bd,
Execution Time for Trace ID bd46345b35533250f329e26f7c4331bd: 340 ms
Input: 5000000,
Cold Start: false
Unique ID: f70662963b495a4d687891ae14d508c8,
Execution Time for Trace ID f70662963b495a4d687891ae14d508c8: 383 ms
Input: 5000000,
Cold Start: false
Unique ID: d02bff5c11bbdd0a747b9511a095196c,
Execution Time for Trace ID d02bff5c11bbdd0a747b9511a095196c: 395 ms
Input: 5000000,
Cold Start: false
Unique ID: dca254d39c0c1847e93bebaa27b0ce0a,
Execution Time for Trace ID dca254d39c0c1847e93bebaa27b0ce0a: 341 ms
Input: 5000000,
Cold Start: false
Unique ID: 1199fb3f02208380b7397a610647e1fa,
Execution Time for Trace ID 1199fb3f02208380b7397a610647e1fa: 383 ms
Input: 5000000,
Cold Start: false
Unique ID: 20a5cca77dd5d7b5202f3409e440c13b,
Execution Time for Trace ID 20a5cca77dd5d7b5202f3409e440c13b: 503 ms
Input: 5000000,
Cold Start: false
Unique ID: 6e1e9be8b60c86d721f4ae452f4b8163,
Execution Time for Trace ID 6e1e9be8b60c86d721f4ae452f4b8163: 500 ms
Input: 5000000,
Cold Start: false
Unique ID: 7d2ef64719c004322a06c99213e0b19e,
Execution Time for Trace ID 7d2ef64719c004322a06c99213e0b19e: 340 ms
Input: 5000000,
Cold Start: false
Unique ID: d4040aa96ad265bb333fab080846c611,
Execution Time for Trace ID d4040aa96ad265bb333fab080846c611: 346 ms
Input: 5000000,
Cold Start: false
Unique ID: 5c94c8ae90c4223b1c19db6e87d5abd8,
Execution Time for Trace ID 5c94c8ae90c4223b1c19db6e87d5abd8: 388 ms
Input: 5000000,
Cold Start: false
Unique ID: 659940f802b55f38d6e6d68b86de68cf,
Execution Time for Trace ID 659940f802b55f38d6e6d68b86de68cf: 398 ms
Input: 5000000,
Cold Start: false
Unique ID: 9f8c5d54f2d346bedd3e2f6de3749777,
Execution Time for Trace ID 9f8c5d54f2d346bedd3e2f6de3749777: 339 ms
Input: 5000000,
Cold Start: false
Unique ID: 42f1d0742f109495d5db1d6be3722ac2,
Execution Time for Trace ID 42f1d0742f109495d5db1d6be3722ac2: 341 ms
Input: 5000000,
Cold Start: false
Unique ID: a71f961099f2b4e41e1669747bc33f08,
Execution Time for Trace ID a71f961099f2b4e41e1669747bc33f08: 348 ms
Input: 5000000,
Cold Start: false
Unique ID: 932cf4a36d184d6b8d03ffb0def2ec12,
Execution Time for Trace ID 932cf4a36d184d6b8d03ffb0def2ec12: 347 ms
Input: 5000000,
Cold Start: false
Unique ID: 589abfa35dd0e827721c53d53c77e9ae,
Execution Time for Trace ID 589abfa35dd0e827721c53d53c77e9ae: 341 ms
Input: 5000000,
Cold Start: false
Unique ID: 68ec1a016f5dd014f5304e174e51aed0,
Execution Time for Trace ID 68ec1a016f5dd014f5304e174e51aed0: 342 ms
Input: 5000000,
Cold Start: false
Unique ID: a96a7846dabd9243402438cd929d6a61,
Execution Time for Trace ID a96a7846dabd9243402438cd929d6a61: 345 ms
Input: 5000000,
Cold Start: false
Unique ID: f14e8150e63c368fdcd007202f7b76f9,
Execution Time for Trace ID f14e8150e63c368fdcd007202f7b76f9: 383 ms
Input: 5000000,
Cold Start: false
Unique ID: c675ab9d790338b708c87df5568cc6da,
Execution Time for Trace ID c675ab9d790338b708c87df5568cc6da: 339 ms
Input: 5000000,
Cold Start: false
Unique ID: 0f539502b7e20ed36936ef77ea5c10b1,
Execution Time for Trace ID 0f539502b7e20ed36936ef77ea5c10b1: 371 ms
Input: 5000000,
Cold Start: false
Unique ID: 692692f8c53acec611d4c90a1cfb9ce2,
Execution Time for Trace ID 692692f8c53acec611d4c90a1cfb9ce2: 330 ms
Input: 5000000,
Cold Start: false
Unique ID: c79778ccc91fe556b72e4507a260e60f,
Execution Time for Trace ID c79778ccc91fe556b72e4507a260e60f: 428 ms
Input: 5000000,
Cold Start: false
Unique ID: 4479bbefad6fc3252303bc8169e603b6,
Execution Time for Trace ID 4479bbefad6fc3252303bc8169e603b6: 339 ms
Input: 5000000,
Cold Start: false
Unique ID: f7d53d761aee2b59c402a347c346b147,
Execution Time for Trace ID f7d53d761aee2b59c402a347c346b147: 342 ms
Input: 5000000,
Cold Start: false
Unique ID: c1a6ac496b1cdfb71c3a8de5580699fb,
Execution Time for Trace ID c1a6ac496b1cdfb71c3a8de5580699fb: 447 ms
Input: 5000000,
Cold Start: false
Unique ID: 20c2221820cf9cc44424715764620192,
Execution Time for Trace ID 20c2221820cf9cc44424715764620192: 496 ms
Input: 5000000,
Cold Start: false
Unique ID: b8659293ee9871fcaa18e56d35bb81f5,
Execution Time for Trace ID b8659293ee9871fcaa18e56d35bb81f5: 343 ms
Input: 5000000,
Cold Start: false
Unique ID: 142c03ae10d14c1e720560fd61f35e71,
Execution Time for Trace ID 142c03ae10d14c1e720560fd61f35e71: 366 ms
Input: 5000000,
Cold Start: false
Unique ID: cf82310cdc3b4080eafc7281035bf542,
Execution Time for Trace ID cf82310cdc3b4080eafc7281035bf542: 348 ms
Input: 5000000,
Cold Start: false
Unique ID: 18fc462c342f21a56711dfb931fa0691,
Execution Time for Trace ID 18fc462c342f21a56711dfb931fa0691: 445 ms
Input: 5000000,
Cold Start: false
Unique ID: 00cf81d0d7598309984a0109b70ba948,
Execution Time for Trace ID 00cf81d0d7598309984a0109b70ba948: 337 ms
Input: 5000000,
Cold Start: false
Unique ID: 97f2172cc7c7ec40f4c027ca9235d0e7,
Execution Time for Trace ID 97f2172cc7c7ec40f4c027ca9235d0e7: 407 ms
Input: 5000000,
Cold Start: false
Unique ID: 669c901a1cfd7a7f9e9e0ab63204712e,
Execution Time for Trace ID 669c901a1cfd7a7f9e9e0ab63204712e: 378 ms
Input: 5000000,
Cold Start: false
Unique ID: 03b267d8679af82e098f83f17ce3879c,
Execution Time for Trace ID 03b267d8679af82e098f83f17ce3879c: 400 ms
Input: 5000000,
Cold Start: false
Unique ID: be71382e8f3bf73d48e8b27c43c8bb90,
Execution Time for Trace ID be71382e8f3bf73d48e8b27c43c8bb90: 341 ms
Input: 5000000,
Cold Start: false
Unique ID: e243913ac2f3b539255a70f35b318633,
Execution Time for Trace ID e243913ac2f3b539255a70f35b318633: 326 ms
Input: 5000000,
Cold Start: false
Unique ID: 613231e0b71ee1a61ec818a8a306d70a,
Execution Time for Trace ID 613231e0b71ee1a61ec818a8a306d70a: 383 ms
Input: 5000000,
Cold Start: false
Unique ID: 37630f74138d75dcb6535b6fef768ce5,
Execution Time for Trace ID 37630f74138d75dcb6535b6fef768ce5: 404 ms
Input: 5000000,
Cold Start: false
Unique ID: 44fd8f1b1d57ec6308a13a48cff9ca6a,
Execution Time for Trace ID 44fd8f1b1d57ec6308a13a48cff9ca6a: 335 ms
Input: 5000000,
Cold Start: false
Unique ID: 7d5b6ff05f7a7ef69b34cbe0cb759afc,
Execution Time for Trace ID 7d5b6ff05f7a7ef69b34cbe0cb759afc: 285 ms
Input: 5000000,
Cold Start: false
Unique ID: fdd23b629b8cab4a60dc2d71e36257fb,
Execution Time for Trace ID fdd23b629b8cab4a60dc2d71e36257fb: 399 ms
Input: 5000000,
Cold Start: false
Unique ID: 103cd0f3ced9935de3a14bff27d379b5,
Execution Time for Trace ID 103cd0f3ced9935de3a14bff27d379b5: 344 ms
Input: 5000000,
Cold Start: false
Unique ID: ec12fb6f1dfba0e0f5366301508faea0,
Execution Time for Trace ID ec12fb6f1dfba0e0f5366301508faea0: 344 ms
Input: 5000000,
Cold Start: false
Unique ID: 83620cdcb4b2993d39377adde4341266,
Execution Time for Trace ID 83620cdcb4b2993d39377adde4341266: 340 ms
Input: 5000000,
Cold Start: false
Unique ID: 6c1ea71f772ce6997eb5a4e44ab45f0f,
Execution Time for Trace ID 6c1ea71f772ce6997eb5a4e44ab45f0f: 344 ms
Input: 5000000,
Cold Start: false
Unique ID: 30e8921880cb778a98c6eaddf089386e,
Execution Time for Trace ID 30e8921880cb778a98c6eaddf089386e: 348 ms
Input: 5000000,
Cold Start: false
Unique ID: 7c82761044cd48d063fa880961f0ad48,
Execution Time for Trace ID 7c82761044cd48d063fa880961f0ad48: 339 ms
Input: 5000000,
Cold Start: false
Unique ID: 8839957b7648f32c73c1256e6972c317,
Execution Time for Trace ID 8839957b7648f32c73c1256e6972c317: 333 ms
Input: 5000000,
Cold Start: false
Unique ID: 2620160bf505a48a8813b8b12f0c56b3,
Execution Time for Trace ID 2620160bf505a48a8813b8b12f0c56b3: 378 ms
Input: 5000000,
Cold Start: false
Unique ID: 094817a907da2c6c0b40f78b62fd1c94,
Execution Time for Trace ID 094817a907da2c6c0b40f78b62fd1c94: 337 ms
Input: 5000000,
Cold Start: false
Unique ID: e8482305284a230b674274bba78dab00,
Execution Time for Trace ID e8482305284a230b674274bba78dab00: 342 ms
Input: 5000000,
Cold Start: false
Unique ID: e2abc0c47d7c2f1edf1df3961b596e90,
Execution Time for Trace ID e2abc0c47d7c2f1edf1df3961b596e90: 350 ms
Input: 5000000,
Cold Start: false
Unique ID: d1e9bd7c4ae0e75e4b40a34f32d9a5d6,
Execution Time for Trace ID d1e9bd7c4ae0e75e4b40a34f32d9a5d6: 309 ms
Input: 5000000,
Cold Start: false
Unique ID: c94a88e671e29a78e37f97222e58e307,
Execution Time for Trace ID c94a88e671e29a78e37f97222e58e307: 406 ms
Input: 5000000,
Cold Start: false
Unique ID: 438fbb214312f1e0e4ba88128e6d73d7,
Execution Time for Trace ID 438fbb214312f1e0e4ba88128e6d73d7: 344 ms
Input: 5000000,
Cold Start: false
Unique ID: 3a2e04185cab5fc9bee58eb8fd6bcc26,
Execution Time for Trace ID 3a2e04185cab5fc9bee58eb8fd6bcc26: 397 ms
Input: 5000000,
Cold Start: false
Unique ID: b364cc02bf779e84ec165e6478411d53,
Execution Time for Trace ID b364cc02bf779e84ec165e6478411d53: 379 ms
Input: 5000000,
Cold Start: false
Unique ID: 00e0cc1676322166de86593507c0494b,
Execution Time for Trace ID 00e0cc1676322166de86593507c0494b: 343 ms
Input: 5000000,
Cold Start: false
Unique ID: cd905a37790ebd09ba874ad4c5539259,
Execution Time for Trace ID cd905a37790ebd09ba874ad4c5539259: 419 ms
Input: 5000000,
Cold Start: false
Unique ID: ebba3361c615f9627a047c3aa1734d14,
Execution Time for Trace ID ebba3361c615f9627a047c3aa1734d14: 355 ms
Input: 5000000,
Cold Start: false
Unique ID: 0219771c2fd92294dbdf48f0a8f67651,
Execution Time for Trace ID 0219771c2fd92294dbdf48f0a8f67651: 435 ms
Input: 5000000,
Cold Start: false
Unique ID: 3712083a527972088bc920775440a714,
Execution Time for Trace ID 3712083a527972088bc920775440a714: 440 ms
Input: 5000000,
Cold Start: false
Unique ID: 06b236e806f8a3c34db453d67b25dd5b,
Execution Time for Trace ID 06b236e806f8a3c34db453d67b25dd5b: 336 ms
Input: 5000000,
Cold Start: false
Unique ID: 618b61e3e688e3c175478f0025cbda4f,
Execution Time for Trace ID 618b61e3e688e3c175478f0025cbda4f: 397 ms
Input: 5000000,
Cold Start: false
Unique ID: 82e5019473df01770041e6c756c3fb35,
Execution Time for Trace ID 82e5019473df01770041e6c756c3fb35: 348 ms
Input: 5000000,
Cold Start: false
Unique ID: 3642d4ac267a1508a1ebebad8cde76a5,
Execution Time for Trace ID 3642d4ac267a1508a1ebebad8cde76a5: 418 ms
Input: 5000000,
Cold Start: false
Unique ID: 11d36be59ec0eef3286c8adc298e52ba,
Execution Time for Trace ID 11d36be59ec0eef3286c8adc298e52ba: 339 ms
Input: 5000000,
Cold Start: false
Unique ID: 35c5018acc07cf93120ea9e5349aa64e,
Execution Time for Trace ID 35c5018acc07cf93120ea9e5349aa64e: 345 ms
Input: 5000000,
Cold Start: false
Unique ID: 2bae91d90877d65e4dcbfbda458e0fb4,
Execution Time for Trace ID 2bae91d90877d65e4dcbfbda458e0fb4: 354 ms
Input: 5000000,
Cold Start: false
Unique ID: 0b9e55a672b77169763f537cbe183e3b,
Execution Time for Trace ID 0b9e55a672b77169763f537cbe183e3b: 421 ms
Input: 5000000,
Cold Start: false
Unique ID: aae6df23a07e88fb606232cbf82a19d6,
Execution Time for Trace ID aae6df23a07e88fb606232cbf82a19d6: 342 ms
Input: 5000000,
Cold Start: false
Unique ID: 0627a95ecce818937aa7d231ab7d93ae,
Execution Time for Trace ID 0627a95ecce818937aa7d231ab7d93ae: 412 ms
Input: 5000000,
Cold Start: false
Unique ID: acbc59bf493a11ab63f44c27d7584d2c,
Execution Time for Trace ID acbc59bf493a11ab63f44c27d7584d2c: 376 ms
Input: 5000000,
Cold Start: false
Unique ID: 5dca5268d207bbbfc69f105ee991c9c6,
Execution Time for Trace ID 5dca5268d207bbbfc69f105ee991c9c6: 325 ms
Input: 5000000,
Cold Start: false
Unique ID: 4fa1009e196cffbdd70ca39f8cceff3d,
Execution Time for Trace ID 4fa1009e196cffbdd70ca39f8cceff3d: 340 ms
Input: 5000000,
Cold Start: false
Unique ID: 53ba110bc24845514480c9f18f2886f4,
Execution Time for Trace ID 53ba110bc24845514480c9f18f2886f4: 331 ms
Input: 5000000,
Cold Start: false
Unique ID: 0e118e5a5c23af953851b08997cef0cf,
Execution Time for Trace ID 0e118e5a5c23af953851b08997cef0cf: 409 ms
Input: 5000000,
Cold Start: false
Unique ID: 712cde39f05b36201282337f8537cc4f,
Execution Time for Trace ID 712cde39f05b36201282337f8537cc4f: 399 ms
Input: 5000000,
Cold Start: false
Unique ID: 511b19e2881738b2cc44915eb3eb8a8a,
Execution Time for Trace ID 511b19e2881738b2cc44915eb3eb8a8a: 341 ms
Input: 5000000,
Cold Start: false
Unique ID: cee302449f1691f3bacec9f3006e06e0,
Execution Time for Trace ID cee302449f1691f3bacec9f3006e06e0: 354 ms
Input: 5000000,
Cold Start: false
Unique ID: 4dd1cb9a968c52d0c387cb73b6399bc4,
Execution Time for Trace ID 4dd1cb9a968c52d0c387cb73b6399bc4: 333 ms
Input: 5000000,
Cold Start: false
Unique ID: ea7da397a0afa7afa0fbc5b168912f33,
Execution Time for Trace ID ea7da397a0afa7afa0fbc5b168912f33: 389 ms
Input: 5000000,
Cold Start: false
Unique ID: ccfeff17fb79e6214e4a430f5bc63379,
Execution Time for Trace ID ccfeff17fb79e6214e4a430f5bc63379: 168 ms
Input: 5000000,
Cold Start: false
Unique ID: 340e7d14de84b3798e319d50eafc983e,
Execution Time for Trace ID 340e7d14de84b3798e319d50eafc983e: 340 ms
Input: 5000000,
Cold Start: false
Unique ID: 7ecc51948d4c6e4c13d377f48389afaa,
Execution Time for Trace ID 7ecc51948d4c6e4c13d377f48389afaa: 420 ms
Input: 5000000,
Cold Start: false
Unique ID: 7c9e7e9ecfb7d6947e54170fbf6a04b1,
Execution Time for Trace ID 7c9e7e9ecfb7d6947e54170fbf6a04b1: 445 ms
Input: 5000000,
Cold Start: false
Unique ID: 341074e974989f83826692496d14095a,
Execution Time for Trace ID 341074e974989f83826692496d14095a: 341 ms
Input: 5000000,
Cold Start: false
Unique ID: 587326919656b85fa0e6f985f09ae8ce,
Execution Time for Trace ID 587326919656b85fa0e6f985f09ae8ce: 349 ms
Input: 5000000,
Cold Start: false
Unique ID: ae0bdd6ab97cd754c6a3eb8f764827bb,
Execution Time for Trace ID ae0bdd6ab97cd754c6a3eb8f764827bb: 336 ms
Input: 5000000,
Cold Start: false
Unique ID: 321d6e2608e94a5802f9526125441457,
Execution Time for Trace ID 321d6e2608e94a5802f9526125441457: 396 ms
Input: 5000000,
Cold Start: false
Unique ID: b8a7889f912d8b1b989b402e40458d91,
Execution Time for Trace ID b8a7889f912d8b1b989b402e40458d91: 343 ms
Input: 5000000,
Cold Start: false
Unique ID: 600debd48ba71ccecdd764888ebdbda9,
Execution Time for Trace ID 600debd48ba71ccecdd764888ebdbda9: 360 ms
Input: 5000000,
Cold Start: false
Unique ID: 753e6b34a54a2e306788fee30e0e9005,
Execution Time for Trace ID 753e6b34a54a2e306788fee30e0e9005: 414 ms
Input: 5000000,
Cold Start: false
Unique ID: 9cb16265bcf1bc720f5ed7edf9d884a0,
Execution Time for Trace ID 9cb16265bcf1bc720f5ed7edf9d884a0: 340 ms
Input: 5000000,
Cold Start: false
Unique ID: dff13e65f9d2cee552e38f88787ab4c6,
Execution Time for Trace ID dff13e65f9d2cee552e38f88787ab4c6: 339 ms
Input: 5000000,
Cold Start: false
Unique ID: 1499da877cc1796993f22538c7e974b4,
Execution Time for Trace ID 1499da877cc1796993f22538c7e974b4: 401 ms
Input: 5000000,
Cold Start: false
Unique ID: 8ce4f26b45d266f95397048b30117a10,
Execution Time for Trace ID 8ce4f26b45d266f95397048b30117a10: 382 ms
Input: 5000000,
Cold Start: false
Unique ID: b0a3afd1fad68757b6f5a6603ae0652a,
Execution Time for Trace ID b0a3afd1fad68757b6f5a6603ae0652a: 351 ms
Input: 5000000,
Cold Start: false
Unique ID: e9c47492f5b16e9963c4d38a74585fdb,
Execution Time for Trace ID e9c47492f5b16e9963c4d38a74585fdb: 343 ms
Input: 5000000,
Cold Start: false
Unique ID: b4ad2ef8cfd8edc00be7cc7268b85015,
Execution Time for Trace ID b4ad2ef8cfd8edc00be7cc7268b85015: 350 ms
Input: 5000000,
Cold Start: false
Unique ID: 0fb4deff5bce604b41b2bdfc20284fc3,
Execution Time for Trace ID 0fb4deff5bce604b41b2bdfc20284fc3: 336 ms
Input: 5000000,
Cold Start: false
Unique ID: 55d8b9ed12ec054b5d79e80d3f4526bf,
Execution Time for Trace ID 55d8b9ed12ec054b5d79e80d3f4526bf: 413 ms
Input: 5000000,
Cold Start: false
Unique ID: 53d31c46808b13a831f9bebc1fce06eb,
Execution Time for Trace ID 53d31c46808b13a831f9bebc1fce06eb: 340 ms
Input: 5000000,
Cold Start: false
Unique ID: cdb6cc944babf8e14e1389409e594d25,
Execution Time for Trace ID cdb6cc944babf8e14e1389409e594d25: 402 ms
Input: 5000000,
Cold Start: false
Unique ID: e07bedda5ebfaa041a0716fc34beed1d,
Execution Time for Trace ID e07bedda5ebfaa041a0716fc34beed1d: 378 ms
Input: 5000000,
Cold Start: false
Unique ID: 667faf5c61d2d507e9afcbcc57bc751d,
Execution Time for Trace ID 667faf5c61d2d507e9afcbcc57bc751d: 408 ms
Input: 5000000,
Cold Start: false
Unique ID: b63821522a7d902c1754621aa8087339,
Execution Time for Trace ID b63821522a7d902c1754621aa8087339: 339 ms
Input: 5000000,
Cold Start: false
Unique ID: ac549ba26aad971c8ab06e0d3bcaffd7,
Execution Time for Trace ID ac549ba26aad971c8ab06e0d3bcaffd7: 343 ms
Input: 5000000,
Cold Start: false
Unique ID: 6ce09ff7bcc8778e225762435695ad6f,
Execution Time for Trace ID 6ce09ff7bcc8778e225762435695ad6f: 362 ms
Input: 5000000,
Cold Start: false
Unique ID: 35eddd98f1958a389228c81c434cbd37,
Execution Time for Trace ID 35eddd98f1958a389228c81c434cbd37: 339 ms
Input: 5000000,
Cold Start: false
Unique ID: 0a9e9b50f617c366ac06e5753625e1eb,
Execution Time for Trace ID 0a9e9b50f617c366ac06e5753625e1eb: 344 ms
Input: 5000000,
Cold Start: false
Unique ID: 96c507c57180a3ef89b49693453fa1c3,
Execution Time for Trace ID 96c507c57180a3ef89b49693453fa1c3: 290 ms
Input: 5000000,
Cold Start: false
Unique ID: ba5ab5211dfa8b9cec4ed6ed7cf45077,
Execution Time for Trace ID ba5ab5211dfa8b9cec4ed6ed7cf45077: 350 ms
Input: 5000000,
Cold Start: false
Unique ID: 84c739a529fff866cea35f2e61d927cb,
Execution Time for Trace ID 84c739a529fff866cea35f2e61d927cb: 342 ms
Input: 5000000,
Cold Start: false
Unique ID: 3ebe0c1bcd339994f1c540ea4ac3a510,
Execution Time for Trace ID 3ebe0c1bcd339994f1c540ea4ac3a510: 342 ms
Input: 5000000,
Cold Start: false
Unique ID: aca1619487c205d1ecdf1c665cab6006,
Execution Time for Trace ID aca1619487c205d1ecdf1c665cab6006: 367 ms
Input: 5000000,
Cold Start: false
Unique ID: b9c42a0ddd9da5dad42832034809509f,
Execution Time for Trace ID b9c42a0ddd9da5dad42832034809509f: 338 ms
Input: 5000000,
Cold Start: false
Unique ID: d65cb92ad7d25363b96749a92e212a00,
Execution Time for Trace ID d65cb92ad7d25363b96749a92e212a00: 494 ms
Input: 5000000,
Cold Start: false
Unique ID: 1e7c91551beaa260329abf22dbcfee04,
Execution Time for Trace ID 1e7c91551beaa260329abf22dbcfee04: 339 ms
Input: 5000000,
Cold Start: false
Unique ID: 221d57ce5231c3eb13961d37ca71cfad,
Execution Time for Trace ID 221d57ce5231c3eb13961d37ca71cfad: 291 ms
Input: 5000000,
Cold Start: false
Unique ID: 38f53252ed426e3cbaf58af2c82e82b8,
Execution Time for Trace ID 38f53252ed426e3cbaf58af2c82e82b8: 344 ms
Input: 5000000,
Cold Start: false
Unique ID: 25363d4f019bd1ef0494febf64504874,
Execution Time for Trace ID 25363d4f019bd1ef0494febf64504874: 328 ms
Input: 5000000,
Cold Start: false
Unique ID: abf6bdcfa24a00ab1ba54008b5ef0f3b,
Execution Time for Trace ID abf6bdcfa24a00ab1ba54008b5ef0f3b: 340 ms
Input: 5000000,
Cold Start: false
Unique ID: bde640e6158175f96390066e1213f217,
Execution Time for Trace ID bde640e6158175f96390066e1213f217: 325 ms
Input: 5000000,
Cold Start: false
Unique ID: 95bc0aec059fd5c520b2179a0c87f981,
Execution Time for Trace ID 95bc0aec059fd5c520b2179a0c87f981: 390 ms
Input: 5000000,
Cold Start: false
Unique ID: 7bc889d65be4869c67be3e97aaceecdf,
Execution Time for Trace ID 7bc889d65be4869c67be3e97aaceecdf: 347 ms
Input: 5000000,
Cold Start: false
Unique ID: 41085a6ccb6e16cab7a3af3c52dce482,
Execution Time for Trace ID 41085a6ccb6e16cab7a3af3c52dce482: 344 ms
Input: 5000000,
Cold Start: false
Unique ID: ebe31bcd62693bb8ab5bc95791b071b4,
Execution Time for Trace ID ebe31bcd62693bb8ab5bc95791b071b4: 326 ms
Input: 5000000,
Cold Start: false
Unique ID: c61899b290b8e1e72555accd0e1ab50f,
Execution Time for Trace ID c61899b290b8e1e72555accd0e1ab50f: 385 ms
Input: 5000000,
Cold Start: false
Unique ID: 17917157f8c923fb41509470b973e046,
Execution Time for Trace ID 17917157f8c923fb41509470b973e046: 341 ms
Input: 5000000,
Cold Start: false
Unique ID: 1a2c8c8494cf02aec05b02e2fb32b7c0,
Execution Time for Trace ID 1a2c8c8494cf02aec05b02e2fb32b7c0: 274 ms
Input: 5000000,
Cold Start: false
Unique ID: ba1b4e02a1e2b3a6ac1fd8f0e36a93f0,
Execution Time for Trace ID ba1b4e02a1e2b3a6ac1fd8f0e36a93f0: 388 ms
Input: 5000000,
Cold Start: false
Unique ID: bc7f4c358f54495822ec73e6eea2ff33,
Execution Time for Trace ID bc7f4c358f54495822ec73e6eea2ff33: 343 ms
Input: 5000000,
Cold Start: false
Unique ID: 8bba8c23596b92c702898b14a5d8d220,
Execution Time for Trace ID 8bba8c23596b92c702898b14a5d8d220: 397 ms
Input: 5000000,
Cold Start: false
Unique ID: a83adbd27f1a1082371084009ad10e2e,
Execution Time for Trace ID a83adbd27f1a1082371084009ad10e2e: 341 ms
Input: 5000000,
Cold Start: false
Unique ID: fefb92c8c82d49759c54407bf906b9f5,
Execution Time for Trace ID fefb92c8c82d49759c54407bf906b9f5: 392 ms
Input: 5000000,
Cold Start: false
Unique ID: 164d9bfcb599bfe23f1b87e67cc56b14,
Execution Time for Trace ID 164d9bfcb599bfe23f1b87e67cc56b14: 387 ms
Input: 5000000,
Cold Start: false
Unique ID: a91db01e5c332fec31764a8e125e8221,
Execution Time for Trace ID a91db01e5c332fec31764a8e125e8221: 351 ms
Input: 5000000,
Cold Start: false
Unique ID: a8380454b6f9528d6dbfb0dc4c1f2ec5,
Execution Time for Trace ID a8380454b6f9528d6dbfb0dc4c1f2ec5: 278 ms
Input: 5000000,
Cold Start: false
Unique ID: c639c17da1826a407f561b8db0606ef0,
Execution Time for Trace ID c639c17da1826a407f561b8db0606ef0: 281 ms
Input: 5000000,
Cold Start: false
Unique ID: dcca272a2a07b477bbd1f62047225a3f,
Execution Time for Trace ID dcca272a2a07b477bbd1f62047225a3f: 388 ms
Input: 5000000,
Cold Start: false
Unique ID: a8d5e798e996855435c271b65533c897,
Execution Time for Trace ID a8d5e798e996855435c271b65533c897: 342 ms
Input: 5000000,
Cold Start: false
Unique ID: d0ba883f8c52acda8bdf57222005cd25,
Execution Time for Trace ID d0ba883f8c52acda8bdf57222005cd25: 340 ms
Input: 5000000,
Cold Start: false
Unique ID: abe324bcb7ae471af637d59201466fc7,
Execution Time for Trace ID abe324bcb7ae471af637d59201466fc7: 324 ms
Input: 5000000,
Cold Start: false
Unique ID: c6a85503bf17bd98eb639acf6ce181d4,
Execution Time for Trace ID c6a85503bf17bd98eb639acf6ce181d4: 291 ms
Input: 5000000,
Cold Start: false
Unique ID: 6a4971a36b86be5a9b99d2e588d91818,
Execution Time for Trace ID 6a4971a36b86be5a9b99d2e588d91818: 340 ms
Input: 5000000,
Cold Start: false
Unique ID: 6017e06a9cec37239a016a89a05fb896,
Execution Time for Trace ID 6017e06a9cec37239a016a89a05fb896: 275 ms
Input: 5000000,
Cold Start: false
Unique ID: 0492f6eda5fdb780bdc29413d224415c,
Execution Time for Trace ID 0492f6eda5fdb780bdc29413d224415c: 386 ms
Input: 5000000,
Cold Start: false
Unique ID: ba06327b0526463905f79cf8e4b5fdac,
Execution Time for Trace ID ba06327b0526463905f79cf8e4b5fdac: 385 ms
Input: 5000000,
Cold Start: false
Unique ID: b7d1309081f08cb348cd701da13bf864,
Execution Time for Trace ID b7d1309081f08cb348cd701da13bf864: 339 ms
Input: 5000000,
Cold Start: false
Unique ID: 9d78e054f57a56993f02511bcadf1a6f,
Execution Time for Trace ID 9d78e054f57a56993f02511bcadf1a6f: 274 ms
Input: 5000000,
Cold Start: false
Unique ID: d472d241c937711168c2cb74a16bcba6,
Execution Time for Trace ID d472d241c937711168c2cb74a16bcba6: 387 ms
Input: 5000000,
Cold Start: false
Unique ID: 757f868f34e0d8f2fa6ff35154004152,
Execution Time for Trace ID 757f868f34e0d8f2fa6ff35154004152: 391 ms
Input: 5000000,
Cold Start: false
Unique ID: cfd77227a00b9654f4bd82180f0eb4cc,
Execution Time for Trace ID cfd77227a00b9654f4bd82180f0eb4cc: 342 ms
Input: 5000000,
Cold Start: false
Unique ID: 33eae535a685e770f3d060b759d5226f,
Execution Time for Trace ID 33eae535a685e770f3d060b759d5226f: 279 ms
Input: 5000000,
Cold Start: false
Unique ID: 941524716f9f0b663c97df315ca8b1da,
Execution Time for Trace ID 941524716f9f0b663c97df315ca8b1da: 385 ms
Input: 5000000,
Cold Start: false
Unique ID: 21ed4b6c2f1f7187e7a298d63cebb178,
Execution Time for Trace ID 21ed4b6c2f1f7187e7a298d63cebb178: 392 ms
Input: 5000000,
Cold Start: false
Unique ID: 9c9332353feae2698c94e1739982bab7,
Execution Time for Trace ID 9c9332353feae2698c94e1739982bab7: 362 ms
Input: 5000000,
Cold Start: false
Unique ID: 387491f1201c62489edec75e3104bcd9,
Execution Time for Trace ID 387491f1201c62489edec75e3104bcd9: 355 ms
Input: 5000000,
Cold Start: false
Unique ID: fc595f7ed5f638b87388d50aeff3ea79,
Execution Time for Trace ID fc595f7ed5f638b87388d50aeff3ea79: 350 ms
Input: 5000000,
Cold Start: false
Unique ID: c2fe9cd08d670297d4baee010ab51e93,
Execution Time for Trace ID c2fe9cd08d670297d4baee010ab51e93: 415 ms
Input: 5000000,
Cold Start: false
Unique ID: 9dba696c8e12317417ddced85a26b73c,
Execution Time for Trace ID 9dba696c8e12317417ddced85a26b73c: 488 ms
Input: 5000000,
Cold Start: false
Unique ID: 5650806c458ab611525dd86e75f2ac00,
Execution Time for Trace ID 5650806c458ab611525dd86e75f2ac00: 293 ms
Input: 5000000,
Cold Start: false
Unique ID: 264f71a803fd682226e10b29835ad576,
Execution Time for Trace ID 264f71a803fd682226e10b29835ad576: 341 ms
Input: 5000000,
Cold Start: false
Unique ID: e0c099f5ab7835d5025eab50332d25be,
Execution Time for Trace ID e0c099f5ab7835d5025eab50332d25be: 427 ms
Input: 5000000,
Cold Start: false
Unique ID: cbe9873124b18afa155922c70324f735,
Execution Time for Trace ID cbe9873124b18afa155922c70324f735: 391 ms
Input: 5000000,
Cold Start: false
Unique ID: 46030589decd008e2f66d6e901548551,
Execution Time for Trace ID 46030589decd008e2f66d6e901548551: 303 ms
Input: 5000000,
Cold Start: false
Unique ID: 023c4ebff45ebb80284b31d6f8ce6f53,
Execution Time for Trace ID 023c4ebff45ebb80284b31d6f8ce6f53: 341 ms
Input: 5000000,
Cold Start: false
Unique ID: 5d6f6e960b3e70ba6f0bc08b5b9f4090,
Execution Time for Trace ID 5d6f6e960b3e70ba6f0bc08b5b9f4090: 403 ms
Input: 5000000,
Cold Start: false
Unique ID: 1b616cde980c79ac3bea5527bdc82a49,
Execution Time for Trace ID 1b616cde980c79ac3bea5527bdc82a49: 374 ms
Input: 5000000,
Cold Start: false
Unique ID: 0aabcf99a3c066baf95d86f973b20832,
Execution Time for Trace ID 0aabcf99a3c066baf95d86f973b20832: 282 ms
Input: 5000000,
Cold Start: false
Unique ID: d51e71bd674cb47c7a823ba0db14304a,
Execution Time for Trace ID d51e71bd674cb47c7a823ba0db14304a: 346 ms
Input: 5000000,
Cold Start: false
Unique ID: b7c84005a04cc47467e4a624ce76aafa,
Execution Time for Trace ID b7c84005a04cc47467e4a624ce76aafa: 342 ms
Input: 5000000,
Cold Start: false
Unique ID: cf856bb69f6751b32b701da16c5d3d0c,
Execution Time for Trace ID cf856bb69f6751b32b701da16c5d3d0c: 334 ms
Input: 5000000,
Cold Start: false
Unique ID: 630db169cc1123c37c20af8fd786e560,
Execution Time for Trace ID 630db169cc1123c37c20af8fd786e560: 307 ms
Input: 5000000,
Cold Start: false
Unique ID: 80430ec71999fa9fbe7d0380ab7fb4c2,
Execution Time for Trace ID 80430ec71999fa9fbe7d0380ab7fb4c2: 340 ms
Input: 5000000,
Cold Start: false
Unique ID: 14a483c358e37a317e49d8015b641037,
Execution Time for Trace ID 14a483c358e37a317e49d8015b641037: 323 ms
Input: 5000000,
Cold Start: false
Unique ID: 1a8833bde90347f4ae482f93c3a37d5f,
Execution Time for Trace ID 1a8833bde90347f4ae482f93c3a37d5f: 375 ms
Input: 5000000,
Cold Start: false
Unique ID: 2a8d1fbb85b17d4fcfa71c721968e865,
Execution Time for Trace ID 2a8d1fbb85b17d4fcfa71c721968e865: 371 ms
Input: 5000000,
Cold Start: false
Unique ID: 7920d2af9f33094b205e1e1a1e3fb53a,
Execution Time for Trace ID 7920d2af9f33094b205e1e1a1e3fb53a: 330 ms
Input: 5000000,
Cold Start: false
Unique ID: 2794110462c8ae7ecc03b9dee11b0f4d,
Execution Time for Trace ID 2794110462c8ae7ecc03b9dee11b0f4d: 340 ms
Input: 5000000,
Cold Start: false
Unique ID: 125382515e467a2056355f3b349c05ec,
Execution Time for Trace ID 125382515e467a2056355f3b349c05ec: 337 ms
Input: 5000000,
Cold Start: false
Unique ID: 4609e347dc26c86bf880b69e575f99e0,
Execution Time for Trace ID 4609e347dc26c86bf880b69e575f99e0: 371 ms
Input: 5000000,
Cold Start: false
Unique ID: 750296b0f673f1d521e00e2fd74db8c8,
Execution Time for Trace ID 750296b0f673f1d521e00e2fd74db8c8: 327 ms
Input: 5000000,
Cold Start: false
Unique ID: 126cbe856f15d123e47e8bbf83f7aa1a,
Execution Time for Trace ID 126cbe856f15d123e47e8bbf83f7aa1a: 383 ms
Input: 5000000,
Cold Start: false
Unique ID: e277edf6cf482a077b27ca6b04890266,
Execution Time for Trace ID e277edf6cf482a077b27ca6b04890266: 368 ms
Input: 5000000,
Cold Start: false
Unique ID: 203ce5568c360b653213add14fbe6715,
Execution Time for Trace ID 203ce5568c360b653213add14fbe6715: 304 ms
Input: 5000000,
Cold Start: false
Unique ID: 096c3c14292d752f38198c281687e77e,
Execution Time for Trace ID 096c3c14292d752f38198c281687e77e: 341 ms
Input: 5000000,
Cold Start: false
Unique ID: ab35d7f6b43c1e370b4d95d990e53b00,
Execution Time for Trace ID ab35d7f6b43c1e370b4d95d990e53b00: 341 ms
Input: 5000000,
Cold Start: false
Unique ID: 1370ecd0481ac05df1aea7d7c5038e21,
Execution Time for Trace ID 1370ecd0481ac05df1aea7d7c5038e21: 341 ms
Input: 5000000,
Cold Start: false
Unique ID: 2ab14e819cb5ce5373e30d8fcd829dd1,
Execution Time for Trace ID 2ab14e819cb5ce5373e30d8fcd829dd1: 361 ms
Input: 5000000,
Cold Start: false
Unique ID: 52d483559cf5a4fd47f9a29dfb1e6fcf,
Execution Time for Trace ID 52d483559cf5a4fd47f9a29dfb1e6fcf: 328 ms
Input: 5000000,
Cold Start: false
Unique ID: 6975668e3a6085eb543a35598ce0dca9,
Execution Time for Trace ID 6975668e3a6085eb543a35598ce0dca9: 343 ms
Input: 5000000,
Cold Start: false
Unique ID: 8a7dea2b6953c786df143eb6c39b2497,
Execution Time for Trace ID 8a7dea2b6953c786df143eb6c39b2497: 362 ms
Input: 5000000,
Cold Start: false
Unique ID: ca5493562e400af82c17b7a804eda27d,
Execution Time for Trace ID ca5493562e400af82c17b7a804eda27d: 375 ms
Input: 5000000,
Cold Start: false
Unique ID: cef2e8ee85391a6dcea525c3fe055a6e,
Execution Time for Trace ID cef2e8ee85391a6dcea525c3fe055a6e: 337 ms
Input: 5000000,
Cold Start: false
Unique ID: ef4c8ef104c2f4d5ad2fd7806758f761,
Execution Time for Trace ID ef4c8ef104c2f4d5ad2fd7806758f761: 342 ms
Input: 5000000,
Cold Start: false
Unique ID: a5011de4f799c6b2d463615580128640,
Execution Time for Trace ID a5011de4f799c6b2d463615580128640: 372 ms
Input: 5000000,
Cold Start: false
Unique ID: b2c5da30302fb00138b4f681b86a3fdf,
Execution Time for Trace ID b2c5da30302fb00138b4f681b86a3fdf: 308 ms
Input: 5000000,
Cold Start: false
Unique ID: 58b4ddfe3c03cdacdfa48ba3bd24a30b,
Execution Time for Trace ID 58b4ddfe3c03cdacdfa48ba3bd24a30b: 342 ms
Input: 5000000,
Cold Start: false
Unique ID: 8f99bd2193ceac49d98f5c42f931cf57,
Execution Time for Trace ID 8f99bd2193ceac49d98f5c42f931cf57: 382 ms
Input: 5000000,
Cold Start: false
Unique ID: 40826e4664393cd033bbcc4eaca4d03c,
Execution Time for Trace ID 40826e4664393cd033bbcc4eaca4d03c: 355 ms
Input: 5000000,
Cold Start: false
Unique ID: 027c48d1a719de6570b50674f1a6257b,
Execution Time for Trace ID 027c48d1a719de6570b50674f1a6257b: 403 ms
Input: 5000000,
Cold Start: false
Unique ID: dd1d69960dc68411a2debdab8bc905f0,
Execution Time for Trace ID dd1d69960dc68411a2debdab8bc905f0: 283 ms
Input: 5000000,
Cold Start: false
Unique ID: a87fbec54f0b305355408626286590ff,
Execution Time for Trace ID a87fbec54f0b305355408626286590ff: 404 ms
Input: 5000000,
Cold Start: false
Unique ID: 66af1ae908675c2ed686c548f7e5b792,
Execution Time for Trace ID 66af1ae908675c2ed686c548f7e5b792: 336 ms
Input: 5000000,
Cold Start: false
Unique ID: 6caa84cb509ad326e59004ff63934db0,
Execution Time for Trace ID 6caa84cb509ad326e59004ff63934db0: 387 ms
Input: 5000000,
Cold Start: false
Unique ID: ba915982759746148fa943278354ef75,
Execution Time for Trace ID ba915982759746148fa943278354ef75: 340 ms
Input: 5000000,
Cold Start: false
Unique ID: fb5840038716e5e1818ba60cc2933f23,
Execution Time for Trace ID fb5840038716e5e1818ba60cc2933f23: 318 ms
Input: 5000000,
Cold Start: false
Unique ID: 81eb0afc582694b807303cb79170661e,
Execution Time for Trace ID 81eb0afc582694b807303cb79170661e: 360 ms
Input: 5000000,
Cold Start: false
Unique ID: 90240501ce333630a5f9a42200d8a7e1,
Execution Time for Trace ID 90240501ce333630a5f9a42200d8a7e1: 305 ms
Input: 5000000,
Cold Start: false
Unique ID: 0ca2fe3ec6fa1b9cb173c9206abad908,
Execution Time for Trace ID 0ca2fe3ec6fa1b9cb173c9206abad908: 338 ms
Input: 5000000,
Cold Start: false
Unique ID: 30d965d040d44cbf1e267b794ef24b19,
Execution Time for Trace ID 30d965d040d44cbf1e267b794ef24b19: 340 ms
Input: 5000000,
Cold Start: false
Unique ID: 9a1ca43fd389f5af5aa783a5b8586037,
Execution Time for Trace ID 9a1ca43fd389f5af5aa783a5b8586037: 368 ms
Input: 5000000,
Cold Start: false
Unique ID: 9f2e2ef2c932ea9dcca5463f1449f038,
Execution Time for Trace ID 9f2e2ef2c932ea9dcca5463f1449f038: 368 ms
Input: 5000000,
Cold Start: false
Unique ID: 77692c52d942d36fea68b8ba6e5e2bd5,
Execution Time for Trace ID 77692c52d942d36fea68b8ba6e5e2bd5: 328 ms
Input: 5000000,
Cold Start: false
Unique ID: b3e5f456bb8301403ab45653e1b21f54,
Execution Time for Trace ID b3e5f456bb8301403ab45653e1b21f54: 344 ms
Input: 5000000,
Cold Start: false
Unique ID: c233f563856426861c39b95820aaeb99,
Execution Time for Trace ID c233f563856426861c39b95820aaeb99: 373 ms
Input: 5000000,
Cold Start: false
Unique ID: 3d208e1e707f0358de9d3c4d4e9b5244,
Execution Time for Trace ID 3d208e1e707f0358de9d3c4d4e9b5244: 325 ms
Input: 5000000,
Cold Start: false
Unique ID: cb8ab7c43929acedd126809a28c38acb,
Execution Time for Trace ID cb8ab7c43929acedd126809a28c38acb: 367 ms
Input: 5000000,
Cold Start: false
Unique ID: 1549faa5f4dca41f06d3f197a49139fa,
Execution Time for Trace ID 1549faa5f4dca41f06d3f197a49139fa: 338 ms
Input: 5000000,
Cold Start: false
Unique ID: a5e59833a6847dc369844518cd172ab6,
Execution Time for Trace ID a5e59833a6847dc369844518cd172ab6: 386 ms
Input: 5000000,
Cold Start: false
Unique ID: 3c3b9e393f4287479764fcbed70fbf7b,
Execution Time for Trace ID 3c3b9e393f4287479764fcbed70fbf7b: 301 ms
Input: 5000000,
Cold Start: false
Unique ID: c55e8760b35ea58aa712bb72962a0735,
Execution Time for Trace ID c55e8760b35ea58aa712bb72962a0735: 343 ms
Input: 5000000,
Cold Start: false
Unique ID: cdf63b1a065622b2e410a349258688df,
Execution Time for Trace ID cdf63b1a065622b2e410a349258688df: 337 ms
Input: 5000000,
Cold Start: false
Unique ID: 0604cfbb29eab19e5d643682b18b1856,
Execution Time for Trace ID 0604cfbb29eab19e5d643682b18b1856: 378 ms
Input: 5000000,
Cold Start: false
Unique ID: dc7915622898613b381274bf439af326,
Execution Time for Trace ID dc7915622898613b381274bf439af326: 360 ms
Input: 5000000,
Cold Start: false
Unique ID: 533d07c2ea762210a793b9ff82eecec1,
Execution Time for Trace ID 533d07c2ea762210a793b9ff82eecec1: 326 ms
Input: 5000000,
Cold Start: false
Unique ID: ecf45054b07f1b55e2fcf5bc34ccbc53,
Execution Time for Trace ID ecf45054b07f1b55e2fcf5bc34ccbc53: 327 ms
Input: 5000000,
Cold Start: false
Unique ID: 4f0906159e0625fc1d94799b5fa691ef,
Execution Time for Trace ID 4f0906159e0625fc1d94799b5fa691ef: 372 ms
Input: 5000000,
Cold Start: false
Unique ID: db0a66a4e8a968aab474c05708b91db7,
Execution Time for Trace ID db0a66a4e8a968aab474c05708b91db7: 308 ms
Input: 5000000,
Cold Start: false
Unique ID: 633ed6a9b01d238cf4feb472a2220417,
Execution Time for Trace ID 633ed6a9b01d238cf4feb472a2220417: 340 ms
Input: 5000000,
Cold Start: false
Unique ID: 086083a2c17b821227cfc0de21b0c1d6,
Execution Time for Trace ID 086083a2c17b821227cfc0de21b0c1d6: 338 ms
Input: 5000000,
Cold Start: false
Unique ID: 46aabe78c920ad4c97486c8357a8e92a,
Execution Time for Trace ID 46aabe78c920ad4c97486c8357a8e92a: 359 ms
Input: 5000000,
Cold Start: false
Unique ID: 2077438d5cb5cc2518c63f32f61cc232,
Execution Time for Trace ID 2077438d5cb5cc2518c63f32f61cc232: 310 ms
Input: 5000000,
Cold Start: false
Unique ID: 4683f8ae9aac6821bd21b140ffff3238,
Execution Time for Trace ID 4683f8ae9aac6821bd21b140ffff3238: 345 ms
Input: 5000000,
Cold Start: false
Unique ID: 4a92bbce37d9e0cb65ce02c6349ad098,
Execution Time for Trace ID 4a92bbce37d9e0cb65ce02c6349ad098: 339 ms
Input: 5000000,
Cold Start: false
Unique ID: 7af201e4f3eba96ba483b15dff9628b2,
Execution Time for Trace ID 7af201e4f3eba96ba483b15dff9628b2: 334 ms
Input: 5000000,
Cold Start: false
Unique ID: 7c55a4f3012215216cea283045ea92a6,
Execution Time for Trace ID 7c55a4f3012215216cea283045ea92a6: 305 ms
Input: 5000000,
Cold Start: false
Unique ID: 86deb8596d28870137a0b9b7c5e2e9d5,
Execution Time for Trace ID 86deb8596d28870137a0b9b7c5e2e9d5: 413 ms
Input: 5000000,
Cold Start: false
Unique ID: 258b7479f826fece1b30d8eba81a18aa,
Execution Time for Trace ID 258b7479f826fece1b30d8eba81a18aa: 397 ms
Input: 5000000,
Cold Start: false
Unique ID: faa9acaaf2f29f32b5d29906bb89534b,
Execution Time for Trace ID faa9acaaf2f29f32b5d29906bb89534b: 363 ms
Input: 5000000,
Cold Start: false
Unique ID: 50c9b8672d90a66707b876cd94206849,
Execution Time for Trace ID 50c9b8672d90a66707b876cd94206849: 165 ms
Input: 5000000,
Cold Start: false
Unique ID: 5bd1a256f209ef5fa48923ff32558969,
Execution Time for Trace ID 5bd1a256f209ef5fa48923ff32558969: 371 ms
Input: 5000000,
Cold Start: false
Unique ID: 36115657e619c6aa22a1ad6436db1c2c,
Execution Time for Trace ID 36115657e619c6aa22a1ad6436db1c2c: 332 ms
Input: 5000000,
Cold Start: false
Unique ID: 31bbcc44b520454b67c18bfc627cb211,
Execution Time for Trace ID 31bbcc44b520454b67c18bfc627cb211: 350 ms
Input: 5000000,
Cold Start: false
Unique ID: e820bd89c213929a0439d0962609254b,
Execution Time for Trace ID e820bd89c213929a0439d0962609254b: 369 ms
Input: 5000000,
Cold Start: false
Unique ID: 0adb4faf93c2faa400b475feaeb38725,
Execution Time for Trace ID 0adb4faf93c2faa400b475feaeb38725: 329 ms
Input: 5000000,
Cold Start: false
Unique ID: f7f234ec8cc0ee546062e8a519306620,
Execution Time for Trace ID f7f234ec8cc0ee546062e8a519306620: 338 ms
Input: 5000000,
Cold Start: false
Unique ID: 5e2c9a2f6b488ea4278d977026a43aba,
Execution Time for Trace ID 5e2c9a2f6b488ea4278d977026a43aba: 340 ms
Input: 5000000,
Cold Start: false
Unique ID: 1809a7e37e5ae2d791cd74995274ba29,
Execution Time for Trace ID 1809a7e37e5ae2d791cd74995274ba29: 315 ms
Input: 5000000,
Cold Start: false
Unique ID: 150abf99bd590e4f50e882af5acda8f2,
Execution Time for Trace ID 150abf99bd590e4f50e882af5acda8f2: 344 ms
Input: 5000000,
Cold Start: false
Unique ID: 69caa6a5baf55da5a1d19abdd176d36a,
Execution Time for Trace ID 69caa6a5baf55da5a1d19abdd176d36a: 339 ms
Input: 5000000,
Cold Start: false
Unique ID: ab69f5b9314d4b320345331de5c15d1e,
Execution Time for Trace ID ab69f5b9314d4b320345331de5c15d1e: 345 ms
Input: 5000000,
Cold Start: false
Unique ID: 7ef030984be011d349f001189c2715b7,
Execution Time for Trace ID 7ef030984be011d349f001189c2715b7: 307 ms
Input: 5000000,
Cold Start: false
Unique ID: d2ac5fc95e90bfbb660949f122560dae,
Execution Time for Trace ID d2ac5fc95e90bfbb660949f122560dae: 344 ms
Input: 5000000,
Cold Start: false
Unique ID: d52dea0076975177b02558967ba741b4,
Execution Time for Trace ID d52dea0076975177b02558967ba741b4: 342 ms
Input: 5000000,
Cold Start: false
Unique ID: 5dff37146252cf19acb31f78cf46c4ba,
Execution Time for Trace ID 5dff37146252cf19acb31f78cf46c4ba: 340 ms
Input: 5000000,
Cold Start: false
Unique ID: c074b564457b758e6ac116c8d97d963c,
Execution Time for Trace ID c074b564457b758e6ac116c8d97d963c: 362 ms
Input: 5000000,
Cold Start: false
Unique ID: 8bcb26bd69a8160e96d21ba9fbf539d6,
Execution Time for Trace ID 8bcb26bd69a8160e96d21ba9fbf539d6: 391 ms
Input: 5000000,
Cold Start: false
Unique ID: eb48dbc362000a2ac0eff218cc6692f5,
Execution Time for Trace ID eb48dbc362000a2ac0eff218cc6692f5: 366 ms
Input: 5000000,
Cold Start: false
Unique ID: c729a767e047cb63c1b17af65fdaa9c5,
Execution Time for Trace ID c729a767e047cb63c1b17af65fdaa9c5: 366 ms
Input: 5000000,
Cold Start: false
Unique ID: 43f70c52b8ef3b8c7d52f520c8038a9a,
Execution Time for Trace ID 43f70c52b8ef3b8c7d52f520c8038a9a: 288 ms
Input: 5000000,
Cold Start: false
Unique ID: 29fbc159742f083d8a958cfd1098eaea,
Execution Time for Trace ID 29fbc159742f083d8a958cfd1098eaea: 388 ms
Input: 5000000,
Cold Start: false
Unique ID: 812653886659c93e5fa5e56400fd3441,
Execution Time for Trace ID 812653886659c93e5fa5e56400fd3441: 356 ms
Input: 5000000,
Cold Start: false
Unique ID: ee01bb1190b04bc7e4be1837c6a25b96,
Execution Time for Trace ID ee01bb1190b04bc7e4be1837c6a25b96: 366 ms
Input: 5000000,
Cold Start: false
Unique ID: 88a26781d080cb0a9ffbcc834e927286,
Execution Time for Trace ID 88a26781d080cb0a9ffbcc834e927286: 333 ms
Input: 5000000,
Cold Start: false
Unique ID: cf37c0dc02a2e65670829f7823ee942d,
Execution Time for Trace ID cf37c0dc02a2e65670829f7823ee942d: 351 ms
Input: 5000000,
Cold Start: false
Unique ID: cee1ca0786e40fa0ebded9367389aba5,
Execution Time for Trace ID cee1ca0786e40fa0ebded9367389aba5: 439 ms
Input: 5000000,
Cold Start: false
Unique ID: 35c82fa988004f49bb266e532cd4f5f0,
Execution Time for Trace ID 35c82fa988004f49bb266e532cd4f5f0: 478 ms
Input: 5000000,
Cold Start: false
Unique ID: f398f6bd9a0fd08bb1f15b58b430cb01,
Execution Time for Trace ID f398f6bd9a0fd08bb1f15b58b430cb01: 335 ms
Input: 5000000,
Cold Start: false
Unique ID: b6d6217696829043b452a6ca6f3e59ec,
Execution Time for Trace ID b6d6217696829043b452a6ca6f3e59ec: 353 ms
Input: 5000000,
Cold Start: false
Unique ID: f4c64098f10e2824a3e6de323bd4f410,
Execution Time for Trace ID f4c64098f10e2824a3e6de323bd4f410: 339 ms
Input: 5000000,
Cold Start: false
Unique ID: baa3e17bd95eeb2d05afbdf7e2ab1fc8,
Execution Time for Trace ID baa3e17bd95eeb2d05afbdf7e2ab1fc8: 405 ms
Input: 5000000,
Cold Start: false
Unique ID: 8fd6a8f7f88ec7ce750827d203b875ca,
Execution Time for Trace ID 8fd6a8f7f88ec7ce750827d203b875ca: 330 ms
Input: 5000000,
Cold Start: false
Unique ID: 922e1858cb6f49132cdc4d6fb3d1829b,
Execution Time for Trace ID 922e1858cb6f49132cdc4d6fb3d1829b: 351 ms
Input: 5000000,
Cold Start: false
Unique ID: 955fa97c64ca35032d730c29b6f292aa,
Execution Time for Trace ID 955fa97c64ca35032d730c29b6f292aa: 375 ms
Input: 5000000,
Cold Start: false
Unique ID: e880b2848ec5193856998d2b43a621ad,
Execution Time for Trace ID e880b2848ec5193856998d2b43a621ad: 430 ms
Input: 5000000,
Cold Start: false
Unique ID: c555439d24d55d331144d427be91d9d7,
Execution Time for Trace ID c555439d24d55d331144d427be91d9d7: 338 ms
Input: 5000000,
Cold Start: false
Unique ID: 3704c06d579d8f28b91bb70b038d3f16,
Execution Time for Trace ID 3704c06d579d8f28b91bb70b038d3f16: 353 ms
Input: 5000000,
Cold Start: false
Unique ID: 6525fdbcb93cb5f1e8eff272f2e5c1f0,
Execution Time for Trace ID 6525fdbcb93cb5f1e8eff272f2e5c1f0: 359 ms
Input: 5000000,
Cold Start: false
Unique ID: 1b48a5e1ad96cd5ca4c9b1e48514c85b,
Execution Time for Trace ID 1b48a5e1ad96cd5ca4c9b1e48514c85b: 408 ms
Input: 5000000,
Cold Start: false
Unique ID: bfa7c6ee45abc5ad6e4b23fdc609d376,
Execution Time for Trace ID bfa7c6ee45abc5ad6e4b23fdc609d376: 293 ms
Input: 5000000,
Cold Start: false
Unique ID: 055321f1771cb0f4de92596b3bb27da2,
Execution Time for Trace ID 055321f1771cb0f4de92596b3bb27da2: 406 ms
Input: 5000000,
Cold Start: false
Unique ID: d9980d09b1c9a5498c863c3849d20822,
Execution Time for Trace ID d9980d09b1c9a5498c863c3849d20822: 449 ms
Input: 5000000,
Cold Start: false
Unique ID: af0c2c1379120f54de92596b3bb279c4,
Execution Time for Trace ID af0c2c1379120f54de92596b3bb279c4: 478 ms
Input: 5000000,
Cold Start: false
Unique ID: ab33e09e2d92bb5c3311057238427ba3,
Execution Time for Trace ID ab33e09e2d92bb5c3311057238427ba3: 297 ms
Input: 5000000,
Cold Start: false
Unique ID: dff4958ead476f6dca7fd85b3284e30d,
Execution Time for Trace ID dff4958ead476f6dca7fd85b3284e30d: 397 ms
Input: 5000000,
Cold Start: false
Unique ID: fd6b1fdba9e2eea239e90781c995fc6a,
Execution Time for Trace ID fd6b1fdba9e2eea239e90781c995fc6a: 337 ms
Input: 5000000,
Cold Start: false
Unique ID: 86020ecb36dda8dadf63e614cfe39c4c,
Execution Time for Trace ID 86020ecb36dda8dadf63e614cfe39c4c: 399 ms
Input: 5000000,
Cold Start: false
Unique ID: 1bf4b3ff479d4d499e87935855c4305c,
Execution Time for Trace ID 1bf4b3ff479d4d499e87935855c4305c: 292 ms
Input: 5000000,
Cold Start: false
Unique ID: 1ef9a56d21eebc1acc17387413333353,
Execution Time for Trace ID 1ef9a56d21eebc1acc17387413333353: 401 ms
Input: 5000000,
Cold Start: false
Unique ID: eda4aafe583863cf97fe7e76475f923a,
Execution Time for Trace ID eda4aafe583863cf97fe7e76475f923a: 352 ms
Input: 5000000,
Cold Start: false
Unique ID: 8145700162c8a15947c8a812277ce372,
Execution Time for Trace ID 8145700162c8a15947c8a812277ce372: 397 ms
Input: 5000000,
Cold Start: false
Unique ID: 67355b1455acc0d87621a65fc729127c,
Execution Time for Trace ID 67355b1455acc0d87621a65fc729127c: 328 ms
Input: 5000000,
Cold Start: false
Unique ID: 30ff837de8c952783976775927ae3454,
Execution Time for Trace ID 30ff837de8c952783976775927ae3454: 355 ms
Input: 5000000,
Cold Start: false
Unique ID: b9bcc0362e41f7f25cd21efdb22f435b,
Execution Time for Trace ID b9bcc0362e41f7f25cd21efdb22f435b: 345 ms
Input: 5000000,
Cold Start: false
Unique ID: 45f9c61116e3d49a298eb72ad99d38c7,
Execution Time for Trace ID 45f9c61116e3d49a298eb72ad99d38c7: 409 ms
Input: 5000000,
Cold Start: false
Unique ID: 2d21bb462595545c6e40db609dfd6dd0,
Execution Time for Trace ID 2d21bb462595545c6e40db609dfd6dd0: 289 ms
Input: 5000000,
Cold Start: false
Unique ID: fd981727bd8b8de7dac31bfaa81b4a7a,
Execution Time for Trace ID fd981727bd8b8de7dac31bfaa81b4a7a: 403 ms
Input: 5000000,
Cold Start: false
Unique ID: 044d136187c498b8448d2b1bb25de0e3,
Execution Time for Trace ID 044d136187c498b8448d2b1bb25de0e3: 380 ms
Input: 5000000,
Cold Start: false
Unique ID: 08e4ac531bcd2f24ca0ed633127edc6e,
Execution Time for Trace ID 08e4ac531bcd2f24ca0ed633127edc6e: 430 ms
Input: 5000000,
Cold Start: false
Unique ID: 7211a3318d0ff553f446b1950b33e875,
Execution Time for Trace ID 7211a3318d0ff553f446b1950b33e875: 293 ms
Input: 5000000,
Cold Start: false
Unique ID: 2bbab6c452c79831fc2aac06608e8516,
Execution Time for Trace ID 2bbab6c452c79831fc2aac06608e8516: 402 ms
Input: 5000000,
Cold Start: false
Unique ID: 2a22e2fc8da323937a8b473cf0a124c0,
Execution Time for Trace ID 2a22e2fc8da323937a8b473cf0a124c0: 438 ms
Input: 5000000,
Cold Start: false
Unique ID: 9859560819cb99834d21e58604a9e36f,
Execution Time for Trace ID 9859560819cb99834d21e58604a9e36f: 466 ms
Input: 5000000,
Cold Start: false
Unique ID: 6aeb3a3b8378a368603243478fce3fb8,
Execution Time for Trace ID 6aeb3a3b8378a368603243478fce3fb8: 332 ms
Input: 5000000,
Cold Start: false
Unique ID: 6febdaf2db3e1237a6a64e0561574bfb,
Execution Time for Trace ID 6febdaf2db3e1237a6a64e0561574bfb: 358 ms
Input: 5000000,
Cold Start: false
Unique ID: b5e06c7ded517a4b53da20bbb7ba42de,
Execution Time for Trace ID b5e06c7ded517a4b53da20bbb7ba42de: 354 ms
Input: 5000000,
Cold Start: false
Unique ID: 064cefdd67ee2fc4509f1873f69c2e97,
Execution Time for Trace ID 064cefdd67ee2fc4509f1873f69c2e97: 405 ms
Input: 5000000,
Cold Start: false
Unique ID: 0bf416cd75277be4c4d4ce229b75ca09,
Execution Time for Trace ID 0bf416cd75277be4c4d4ce229b75ca09: 329 ms
Input: 5000000,
Cold Start: false
Unique ID: ec623d8e3fc54a58969493cfdce85b65,
Execution Time for Trace ID ec623d8e3fc54a58969493cfdce85b65: 342 ms
Input: 5000000,
Cold Start: false
Unique ID: 627ace276ed729b1d3fac327860b3c94,
Execution Time for Trace ID 627ace276ed729b1d3fac327860b3c94: 347 ms
Input: 5000000,
Cold Start: false
Unique ID: 7405c486826810fe08caf7fc773b52ac,
Execution Time for Trace ID 7405c486826810fe08caf7fc773b52ac: 370 ms
Input: 5000000,
Cold Start: false
Unique ID: 343bcbc2808a6243822fecb6966c3d55,
Execution Time for Trace ID 343bcbc2808a6243822fecb6966c3d55: 291 ms
Input: 5000000,
Cold Start: false
Unique ID: a90dd5e6d1fd5fbd58f965812a754efd,
Execution Time for Trace ID a90dd5e6d1fd5fbd58f965812a754efd: 400 ms
Input: 5000000,
Cold Start: false
Unique ID: 8b5e3d3e2f683656f60b4788811d76dc,
Execution Time for Trace ID 8b5e3d3e2f683656f60b4788811d76dc: 365 ms
Input: 5000000,
Cold Start: false
Unique ID: fe8b3017cfa987cb44c520a5e54ae693,
Execution Time for Trace ID fe8b3017cfa987cb44c520a5e54ae693: 389 ms
Input: 5000000,
Cold Start: false
Unique ID: c6d0b415f381f07178e8aa8fc988babe,
Execution Time for Trace ID c6d0b415f381f07178e8aa8fc988babe: 290 ms
Input: 5000000,
Cold Start: false
Unique ID: cf3847aeaf7583a9d5026363183f1a6e,
Execution Time for Trace ID cf3847aeaf7583a9d5026363183f1a6e: 398 ms
Input: 5000000,
Cold Start: false
Unique ID: ac65907429024dfef2aabca27538b820,
Execution Time for Trace ID ac65907429024dfef2aabca27538b820: 353 ms
Input: 5000000,
Cold Start: false
Unique ID: 527d28d658091f2a30ee267415cbcff1,
Execution Time for Trace ID 527d28d658091f2a30ee267415cbcff1: 401 ms
Input: 5000000,
Cold Start: false
Unique ID: 0cfaf07bdbd27a48d4e3c2f687ee80ae,
Execution Time for Trace ID 0cfaf07bdbd27a48d4e3c2f687ee80ae: 292 ms
Input: 5000000,
Cold Start: false
Unique ID: d2c76b1f2cc281a9bb5694750308c9cf,
Execution Time for Trace ID d2c76b1f2cc281a9bb5694750308c9cf: 399 ms
Input: 5000000,
Cold Start: false
Unique ID: f5020c73917d9554251c631b2aeb2373,
Execution Time for Trace ID f5020c73917d9554251c631b2aeb2373: 337 ms
Input: 5000000,
Cold Start: false
Unique ID: a41e05e437be2bc34a624b3f07a80237,
Execution Time for Trace ID a41e05e437be2bc34a624b3f07a80237: 400 ms
Input: 5000000,
Cold Start: false
Unique ID: f11e4418218eeddd1311e044913aec76,
Execution Time for Trace ID f11e4418218eeddd1311e044913aec76: 289 ms
Input: 5000000,
Cold Start: false
Unique ID: a76f5ca0da83a2b131a80271706eb5f3,
Execution Time for Trace ID a76f5ca0da83a2b131a80271706eb5f3: 400 ms
Input: 5000000,
Cold Start: false
Unique ID: 5971b35ad1b0771c0089df0d454b5630,
Execution Time for Trace ID 5971b35ad1b0771c0089df0d454b5630: 356 ms
Input: 5000000,
Cold Start: false
Unique ID: 86c65f39f66a5d3d66412e9cbd1312a4,
Execution Time for Trace ID 86c65f39f66a5d3d66412e9cbd1312a4: 412 ms
Input: 5000000,
Cold Start: false
Unique ID: f87d3a01194b103195d34ef6b95e24f7,
Execution Time for Trace ID f87d3a01194b103195d34ef6b95e24f7: 286 ms
Input: 5000000,
Cold Start: false
Unique ID: 1a63a31785822793e72c7e995e8e0c8e,
Execution Time for Trace ID 1a63a31785822793e72c7e995e8e0c8e: 402 ms
Input: 5000000,
Cold Start: false
Unique ID: 303765bf25c8ac61f50fcd9a92ee8c1f,
Execution Time for Trace ID 303765bf25c8ac61f50fcd9a92ee8c1f: 358 ms
Input: 5000000,
Cold Start: false
Unique ID: 215c45dc0484a5c813b75e6b93c9a2c6,
Execution Time for Trace ID 215c45dc0484a5c813b75e6b93c9a2c6: 310 ms
Input: 5000000,
Cold Start: false
Unique ID: 0271451ed53e8c19b34cee8b44e8c7c0,
Execution Time for Trace ID 0271451ed53e8c19b34cee8b44e8c7c0: 285 ms
Input: 5000000,
Cold Start: false
Unique ID: 6986bdbd3eacb8a244ccb88cbb3fe964,
Execution Time for Trace ID 6986bdbd3eacb8a244ccb88cbb3fe964: 393 ms
Input: 5000000,
Cold Start: false
Unique ID: 497ecd258c95700bf5ecce1bb78fa192,
Execution Time for Trace ID 497ecd258c95700bf5ecce1bb78fa192: 355 ms
Input: 5000000,
Cold Start: false
Unique ID: 0021703fce00325b53b7739cc066a087,
Execution Time for Trace ID 0021703fce00325b53b7739cc066a087: 396 ms
Input: 5000000,
Cold Start: false
Unique ID: c991243a9c16d4ac2c0b6a3896bbec54,
Execution Time for Trace ID c991243a9c16d4ac2c0b6a3896bbec54: 336 ms
Input: 5000000,
Cold Start: false
Unique ID: 0814fab91c2c8d12c19d6c1d1d45fc64,
Execution Time for Trace ID 0814fab91c2c8d12c19d6c1d1d45fc64: 349 ms
Input: 5000000,
Cold Start: false
Unique ID: 4c8da1f1adee5b9c99c373d74540a905,
Execution Time for Trace ID 4c8da1f1adee5b9c99c373d74540a905: 350 ms
Input: 5000000,
Cold Start: false
Unique ID: 2763f4bb85842882d5d6b9865b98b79b,
Execution Time for Trace ID 2763f4bb85842882d5d6b9865b98b79b: 339 ms
Input: 5000000,
Cold Start: false
Unique ID: 15ce70e1ccb7a82b92e9e8da079c081c,
Execution Time for Trace ID 15ce70e1ccb7a82b92e9e8da079c081c: 328 ms
Input: 5000000,
Cold Start: false
Unique ID: ad7310aab4cd4aefbe4c117bfcf7b486,
Execution Time for Trace ID ad7310aab4cd4aefbe4c117bfcf7b486: 354 ms
Input: 5000000,
Cold Start: false
Unique ID: 680af76782e617950a97f94f892e7291,
Execution Time for Trace ID 680af76782e617950a97f94f892e7291: 335 ms
Input: 5000000,
Cold Start: false
Unique ID: 2255f79e741d218b7bc8b4151058d14f,
Execution Time for Trace ID 2255f79e741d218b7bc8b4151058d14f: 402 ms
Input: 5000000,
Cold Start: false
Unique ID: aa3f861b15aad319d582de14991e7c8f,
Execution Time for Trace ID aa3f861b15aad319d582de14991e7c8f: 333 ms
Input: 5000000,
Cold Start: false
Unique ID: 0ef5b4a6396073265a9049e3fd006cea,
Execution Time for Trace ID 0ef5b4a6396073265a9049e3fd006cea: 351 ms
Input: 5000000,
Cold Start: false
Unique ID: 123fac238f1c616f2ed8b6b96c86aee2,
Execution Time for Trace ID 123fac238f1c616f2ed8b6b96c86aee2: 445 ms
Input: 5000000,
Cold Start: false
Unique ID: 375aaa83fc85f68d82c06c2cb96c6169,
Execution Time for Trace ID 375aaa83fc85f68d82c06c2cb96c6169: 486 ms
Input: 5000000,
Cold Start: false
Unique ID: 6c18bb2a68fb62bf99037f1ff3ba6ff5,
Execution Time for Trace ID 6c18bb2a68fb62bf99037f1ff3ba6ff5: 291 ms
Input: 5000000,
Cold Start: false
Unique ID: e16e79cb6322a13124d497e2921a915f,
Execution Time for Trace ID e16e79cb6322a13124d497e2921a915f: 394 ms
Input: 5000000,
Cold Start: false
Unique ID: 2fd08ce86b34703f7a51edb084f0af6f,
Execution Time for Trace ID 2fd08ce86b34703f7a51edb084f0af6f: 343 ms
Input: 5000000,
Cold Start: false
Unique ID: f45508a41fc2214597cce5ec408927f8,
Execution Time for Trace ID f45508a41fc2214597cce5ec408927f8: 368 ms
Input: 5000000,
Cold Start: false
Unique ID: 6e3acbc40061d29db93ddb044e6bf434,
Execution Time for Trace ID 6e3acbc40061d29db93ddb044e6bf434: 297 ms
Input: 5000000,
Cold Start: false
Unique ID: a3de3e3a823317f9f24ba7657209cee8,
Execution Time for Trace ID a3de3e3a823317f9f24ba7657209cee8: 402 ms
Input: 5000000,
Cold Start: false
Unique ID: 327ab15ba962d8f7ca15568db9917bb4,
Execution Time for Trace ID 327ab15ba962d8f7ca15568db9917bb4: 337 ms
Input: 5000000,
Cold Start: false
Unique ID: 48b249c0230eea1c395a27bdbebebc79,
Execution Time for Trace ID 48b249c0230eea1c395a27bdbebebc79: 340 ms
Input: 5000000,
Cold Start: false
