Unique ID: f358a8f9-35fc-4372-b9ac-e81169162c16,
Billed Duration for Request f358a8f9-35fc-4372-b9ac-e81169162c16: 606 ms
Input: 5750000,
Cold Start: false
Unique ID: 0cd64217-7b3c-4a8a-b4e4-90914b6ad2ae,
Billed Duration for Request 0cd64217-7b3c-4a8a-b4e4-90914b6ad2ae: 598 ms
Input: 5750000,
Cold Start: false
Unique ID: 6ffd2c67-fac3-4095-969b-c2117d5d06ab,
Billed Duration for Request 6ffd2c67-fac3-4095-969b-c2117d5d06ab: 660 ms
Input: 5750000,
Cold Start: false
Unique ID: 18829f6f-435f-4bd1-8f94-5c4a04c502e0,
Billed Duration for Request 18829f6f-435f-4bd1-8f94-5c4a04c502e0: 605 ms
Input: 5750000,
Cold Start: false
Unique ID: c652d5dc-ad05-4dbb-afcf-88d6c383b614,
Billed Duration for Request c652d5dc-ad05-4dbb-afcf-88d6c383b614: 571 ms
Input: 5750000,
Cold Start: false
Unique ID: 45d5ab34-e0ec-4512-a3e1-b7536b3de5aa,
Billed Duration for Request 45d5ab34-e0ec-4512-a3e1-b7536b3de5aa: 616 ms
Input: 5750000,
Cold Start: false
Unique ID: 412854a8-a92d-4be0-9309-f9abcb5eda29,
Billed Duration for Request 412854a8-a92d-4be0-9309-f9abcb5eda29: 581 ms
Input: 5750000,
Cold Start: false
Unique ID: c010bd8f-297a-4914-8ca5-b44c30a0b5ec,
Billed Duration for Request c010bd8f-297a-4914-8ca5-b44c30a0b5ec: 573 ms
Input: 5750000,
Cold Start: false
Unique ID: 9456bad0-0da9-41e4-964e-8b37aae58e9c,
Billed Duration for Request 9456bad0-0da9-41e4-964e-8b37aae58e9c: 578 ms
Input: 5750000,
Cold Start: false
Unique ID: c801ca16-9074-4684-8c38-5701130822b7,
Billed Duration for Request c801ca16-9074-4684-8c38-5701130822b7: 573 ms
Input: 5750000,
Cold Start: false
Unique ID: f004a3b8-f820-45ad-9ae7-1dd8f640c10a,
Billed Duration for Request f004a3b8-f820-45ad-9ae7-1dd8f640c10a: 618 ms
Input: 5750000,
Cold Start: false
Unique ID: eb4fa800-292d-47de-97a0-1371570eff10,
Billed Duration for Request eb4fa800-292d-47de-97a0-1371570eff10: 589 ms
Input: 5750000,
Cold Start: false
Unique ID: fc0624e2-c511-4bb2-8d85-943342583e8e,
Billed Duration for Request fc0624e2-c511-4bb2-8d85-943342583e8e: 587 ms
Input: 5750000,
Cold Start: false
Unique ID: 801deff5-c345-4157-83f0-66ed0e4d37ff,
Billed Duration for Request 801deff5-c345-4157-83f0-66ed0e4d37ff: 618 ms
Input: 5750000,
Cold Start: false
Unique ID: 44930fa6-9250-4cd1-b9b1-69e1e5be3917,
Billed Duration for Request 44930fa6-9250-4cd1-b9b1-69e1e5be3917: 586 ms
Input: 5750000,
Cold Start: false
Unique ID: e4ca215b-0e61-406c-b74a-e719de90df0f,
Billed Duration for Request e4ca215b-0e61-406c-b74a-e719de90df0f: 571 ms
Input: 5750000,
Cold Start: false
Unique ID: 4933120c-463c-4d3a-bed4-75911dca3181,
Billed Duration for Request 4933120c-463c-4d3a-bed4-75911dca3181: 587 ms
Input: 5750000,
Cold Start: false
Unique ID: cb54423c-a9aa-4c2d-a16b-571df3e87f3f,
Billed Duration for Request cb54423c-a9aa-4c2d-a16b-571df3e87f3f: 578 ms
Input: 5750000,
Cold Start: false
Unique ID: 9fe26103-1d87-4764-9c1b-ee61559064be,
Billed Duration for Request 9fe26103-1d87-4764-9c1b-ee61559064be: 579 ms
Input: 5750000,
Cold Start: false
Unique ID: b73977c3-95e5-4f51-ba8a-9cf2db8907d0,
Billed Duration for Request b73977c3-95e5-4f51-ba8a-9cf2db8907d0: 621 ms
Input: 5750000,
Cold Start: false
Unique ID: 0168cba5-c39f-4aaa-b782-4a6d64555335,
Billed Duration for Request 0168cba5-c39f-4aaa-b782-4a6d64555335: 577 ms
Input: 5750000,
Cold Start: false
Unique ID: 65efbb20-e8d4-4289-ad63-0a27a707a862,
Billed Duration for Request 65efbb20-e8d4-4289-ad63-0a27a707a862: 622 ms
Input: 5750000,
Cold Start: false
Unique ID: b5bd911a-3159-4389-9dc0-398d18f64947,
Billed Duration for Request b5bd911a-3159-4389-9dc0-398d18f64947: 570 ms
Input: 5750000,
Cold Start: false
Unique ID: 47ed550d-dbc8-4e2a-91e0-60510ddeef05,
Billed Duration for Request 47ed550d-dbc8-4e2a-91e0-60510ddeef05: 574 ms
Input: 5750000,
Cold Start: false
Unique ID: 68c5c0bc-7357-4c6e-a707-5fcd4fda83bd,
Billed Duration for Request 68c5c0bc-7357-4c6e-a707-5fcd4fda83bd: 570 ms
Input: 5750000,
Cold Start: false
Unique ID: 5c1a79c3-cdfc-4355-9b12-7884ab881df5,
Billed Duration for Request 5c1a79c3-cdfc-4355-9b12-7884ab881df5: 581 ms
Input: 5750000,
Cold Start: false
Unique ID: 22a1a2bd-6588-4135-a99b-712a270a6608,
Billed Duration for Request 22a1a2bd-6588-4135-a99b-712a270a6608: 625 ms
Input: 5750000,
Cold Start: false
Unique ID: 8321f5c3-1787-4775-9c21-6ca0995b813f,
Billed Duration for Request 8321f5c3-1787-4775-9c21-6ca0995b813f: 572 ms
Input: 5750000,
Cold Start: false
Unique ID: 0e1fcf68-f448-4427-a098-a6d6b6e2d0a9,
Billed Duration for Request 0e1fcf68-f448-4427-a098-a6d6b6e2d0a9: 568 ms
Input: 5750000,
Cold Start: false
Unique ID: a1789297-039e-4d90-863e-133172880726,
Billed Duration for Request a1789297-039e-4d90-863e-133172880726: 618 ms
Input: 5750000,
Cold Start: false
Unique ID: 4f22a216-bc3b-475f-b57f-9ee9143298f8,
Billed Duration for Request 4f22a216-bc3b-475f-b57f-9ee9143298f8: 586 ms
Input: 5750000,
Cold Start: false
Unique ID: 01c3cc98-ca85-4a61-9cfd-72934bad42b4,
Billed Duration for Request 01c3cc98-ca85-4a61-9cfd-72934bad42b4: 578 ms
Input: 5750000,
Cold Start: false
Unique ID: 0244c282-3a24-4dcc-ad0e-93b6a3181afa,
Billed Duration for Request 0244c282-3a24-4dcc-ad0e-93b6a3181afa: 587 ms
Input: 5750000,
Cold Start: false
Unique ID: 4afa4cfe-1969-4f8b-a337-0f534e096796,
Billed Duration for Request 4afa4cfe-1969-4f8b-a337-0f534e096796: 579 ms
Input: 5750000,
Cold Start: false
Unique ID: ae58c31c-fd53-49a4-8342-b8e47ae99c11,
Billed Duration for Request ae58c31c-fd53-49a4-8342-b8e47ae99c11: 575 ms
Input: 5750000,
Cold Start: false
Unique ID: dda8c5ad-c6ed-458b-9297-b435e87ae125,
Billed Duration for Request dda8c5ad-c6ed-458b-9297-b435e87ae125: 626 ms
Input: 5750000,
Cold Start: false
Unique ID: b36b08cc-4834-486f-a522-7432f6a2c1d2,
Billed Duration for Request b36b08cc-4834-486f-a522-7432f6a2c1d2: 565 ms
Input: 5750000,
Cold Start: false
Unique ID: 867b158c-27f4-4ad0-9217-553f1386a52e,
Billed Duration for Request 867b158c-27f4-4ad0-9217-553f1386a52e: 628 ms
Input: 5750000,
Cold Start: false
Unique ID: eb07146e-2333-41c4-a01c-5d553db64f57,
Billed Duration for Request eb07146e-2333-41c4-a01c-5d553db64f57: 566 ms
Input: 5750000,
Cold Start: false
Unique ID: 311086c4-59bf-47e8-931d-fdc55aaa12ed,
Billed Duration for Request 311086c4-59bf-47e8-931d-fdc55aaa12ed: 571 ms
Input: 5750000,
Cold Start: false
Unique ID: ab76ad1b-f174-4f4c-835d-f00e0d05a544,
Billed Duration for Request ab76ad1b-f174-4f4c-835d-f00e0d05a544: 569 ms
Input: 5750000,
Cold Start: false
Unique ID: 83684fda-60af-4c0d-9b56-89406ec2876c,
Billed Duration for Request 83684fda-60af-4c0d-9b56-89406ec2876c: 583 ms
Input: 5750000,
Cold Start: false
Unique ID: a62e2c30-f810-46e2-99d6-8bc3c1faf977,
Billed Duration for Request a62e2c30-f810-46e2-99d6-8bc3c1faf977: 623 ms
Input: 5750000,
Cold Start: false
Unique ID: 8790d12f-b5a1-47e0-bbb0-2c772ebb846c,
Billed Duration for Request 8790d12f-b5a1-47e0-bbb0-2c772ebb846c: 555 ms
Input: 5750000,
Cold Start: false
Unique ID: b482c72e-bf4e-441b-92a1-2b6228231070,
Billed Duration for Request b482c72e-bf4e-441b-92a1-2b6228231070: 568 ms
Input: 5750000,
Cold Start: false
Unique ID: 923ac3f1-8822-41ef-b6b2-6466bd4171b3,
Billed Duration for Request 923ac3f1-8822-41ef-b6b2-6466bd4171b3: 628 ms
Input: 5750000,
Cold Start: false
Unique ID: 6fbb2383-d507-49c3-98cf-46a2e9c088a6,
Billed Duration for Request 6fbb2383-d507-49c3-98cf-46a2e9c088a6: 588 ms
Input: 5750000,
Cold Start: false
Unique ID: 73857331-4c61-4e45-82f4-fb4847a81d38,
Billed Duration for Request 73857331-4c61-4e45-82f4-fb4847a81d38: 578 ms
Input: 5750000,
Cold Start: false
Unique ID: 2553b792-942a-4bba-859a-2c7c69072c9a,
Billed Duration for Request 2553b792-942a-4bba-859a-2c7c69072c9a: 575 ms
Input: 5750000,
Cold Start: false
Unique ID: 0bdd2aca-d530-4a21-bb85-726ba8ede570,
Billed Duration for Request 0bdd2aca-d530-4a21-bb85-726ba8ede570: 587 ms
Input: 5750000,
Cold Start: false
Unique ID: bd5febff-e365-4dec-bd1d-bfb7ae83123d,
Billed Duration for Request bd5febff-e365-4dec-bd1d-bfb7ae83123d: 616 ms
Input: 5750000,
Cold Start: false
Unique ID: a410ffeb-99e8-4af5-8af6-8a6f68d8d8b3,
Billed Duration for Request a410ffeb-99e8-4af5-8af6-8a6f68d8d8b3: 565 ms
Input: 5750000,
Cold Start: false
Unique ID: 60a3146e-3247-4f49-897f-11d78999e4d6,
Billed Duration for Request 60a3146e-3247-4f49-897f-11d78999e4d6: 567 ms
Input: 5750000,
Cold Start: false
Unique ID: 4b6b1d17-4968-4efb-ae74-1f5c36572b06,
Billed Duration for Request 4b6b1d17-4968-4efb-ae74-1f5c36572b06: 615 ms
Input: 5750000,
Cold Start: false
Unique ID: 51c1eef7-00bd-4c64-9e56-99957cccaa3a,
Billed Duration for Request 51c1eef7-00bd-4c64-9e56-99957cccaa3a: 585 ms
Input: 5750000,
Cold Start: false
Unique ID: f0a80ff4-83a9-4c19-a649-ccc7fc59f183,
Billed Duration for Request f0a80ff4-83a9-4c19-a649-ccc7fc59f183: 573 ms
Input: 5750000,
Cold Start: false
Unique ID: ee276b23-696b-403a-9c08-d36cdca2ae0d,
Billed Duration for Request ee276b23-696b-403a-9c08-d36cdca2ae0d: 575 ms
Input: 5750000,
Cold Start: false
Unique ID: bf18434f-9c36-4325-88ad-8f82202af1e5,
Billed Duration for Request bf18434f-9c36-4325-88ad-8f82202af1e5: 563 ms
Input: 5750000,
Cold Start: false
Unique ID: 79b9e270-8ccd-4ce7-9100-d5b13cf078d8,
Billed Duration for Request 79b9e270-8ccd-4ce7-9100-d5b13cf078d8: 620 ms
Input: 5750000,
Cold Start: false
Unique ID: 30870937-1a5b-4186-81e4-020f2b5ddf8f,
Billed Duration for Request 30870937-1a5b-4186-81e4-020f2b5ddf8f: 578 ms
Input: 5750000,
Cold Start: false
Unique ID: aa0e404f-2ec2-4c6a-adfa-cb6d88ce8350,
Billed Duration for Request aa0e404f-2ec2-4c6a-adfa-cb6d88ce8350: 568 ms
Input: 5750000,
Cold Start: false
Unique ID: 9185314e-5f1a-4a46-9c99-6258c07d6fad,
Billed Duration for Request 9185314e-5f1a-4a46-9c99-6258c07d6fad: 615 ms
Input: 5750000,
Cold Start: false
Unique ID: 91afdcc1-3dc2-4e1b-a40a-dcaa9df69c78,
Billed Duration for Request 91afdcc1-3dc2-4e1b-a40a-dcaa9df69c78: 558 ms
Input: 5750000,
Cold Start: false
Unique ID: 5651a82d-62f2-49a9-9a26-bd9149138a34,
Billed Duration for Request 5651a82d-62f2-49a9-9a26-bd9149138a34: 575 ms
Input: 5750000,
Cold Start: false
Unique ID: fbc711ec-1d8d-4216-aa56-e503e3d73665,
Billed Duration for Request fbc711ec-1d8d-4216-aa56-e503e3d73665: 588 ms
Input: 5750000,
Cold Start: false
Unique ID: f2d46b98-a1fa-44ab-a382-a0ba681b5fcd,
Billed Duration for Request f2d46b98-a1fa-44ab-a382-a0ba681b5fcd: 564 ms
Input: 5750000,
Cold Start: false
Unique ID: 9c5bf957-0c63-4251-81aa-bbfe98ac653f,
Billed Duration for Request 9c5bf957-0c63-4251-81aa-bbfe98ac653f: 622 ms
Input: 5750000,
Cold Start: false
Unique ID: 80cc3964-42cf-4272-8395-5933a3b07f26,
Billed Duration for Request 80cc3964-42cf-4272-8395-5933a3b07f26: 552 ms
Input: 5750000,
Cold Start: false
Unique ID: fbc72f58-14e3-4b70-83f8-c73f1f1aaad4,
Billed Duration for Request fbc72f58-14e3-4b70-83f8-c73f1f1aaad4: 564 ms
Input: 5750000,
Cold Start: false
Unique ID: 4c116d07-bc81-4192-86dd-0d53246b9b89,
Billed Duration for Request 4c116d07-bc81-4192-86dd-0d53246b9b89: 570 ms
Input: 5750000,
Cold Start: false
Unique ID: 0b8ba400-fd81-425e-a987-137e5bb922e5,
Billed Duration for Request 0b8ba400-fd81-425e-a987-137e5bb922e5: 614 ms
Input: 5750000,
Cold Start: false
Unique ID: f0144838-7b7f-443d-96dc-7075bd00ec4e,
Billed Duration for Request f0144838-7b7f-443d-96dc-7075bd00ec4e: 578 ms
Input: 5750000,
Cold Start: false
Unique ID: 737dfea4-8a2f-4806-be10-8c99f9042305,
Billed Duration for Request 737dfea4-8a2f-4806-be10-8c99f9042305: 549 ms
Input: 5750000,
Cold Start: false
Unique ID: b1103406-cd27-4c63-b027-e497e9ad29fc,
Billed Duration for Request b1103406-cd27-4c63-b027-e497e9ad29fc: 563 ms
Input: 5750000,
Cold Start: false
Unique ID: 61061f82-511a-4da5-afae-9c18c0216e63,
Billed Duration for Request 61061f82-511a-4da5-afae-9c18c0216e63: 568 ms
Input: 5750000,
Cold Start: false
Unique ID: a24d1772-1bf1-4a88-87e2-7235178c8b0b,
Billed Duration for Request a24d1772-1bf1-4a88-87e2-7235178c8b0b: 621 ms
Input: 5750000,
Cold Start: false
Unique ID: a931d8a1-944f-4258-ab61-e74cfcd41b67,
Billed Duration for Request a931d8a1-944f-4258-ab61-e74cfcd41b67: 565 ms
Input: 5750000,
Cold Start: false
Unique ID: 8ee27dde-60ed-4143-ac25-35f839ade88e,
Billed Duration for Request 8ee27dde-60ed-4143-ac25-35f839ade88e: 629 ms
Input: 5750000,
Cold Start: false
Unique ID: 9ca7b727-d681-4341-b03a-3f2c2ce444f1,
Billed Duration for Request 9ca7b727-d681-4341-b03a-3f2c2ce444f1: 568 ms
Input: 5750000,
Cold Start: false
Unique ID: 8f6e68e6-33dd-4824-8887-e98f4ae071c0,
Billed Duration for Request 8f6e68e6-33dd-4824-8887-e98f4ae071c0: 575 ms
Input: 5750000,
Cold Start: false
Unique ID: 9b7036af-9940-4487-9978-c0066a104f02,
Billed Duration for Request 9b7036af-9940-4487-9978-c0066a104f02: 587 ms
Input: 5750000,
Cold Start: false
Unique ID: c3db7a0c-2332-4ddd-af4d-2a1aa7736678,
Billed Duration for Request c3db7a0c-2332-4ddd-af4d-2a1aa7736678: 563 ms
Input: 5750000,
Cold Start: false
Unique ID: da06687f-d5cc-408d-a17d-41a1bf34bc99,
Billed Duration for Request da06687f-d5cc-408d-a17d-41a1bf34bc99: 623 ms
Input: 5750000,
Cold Start: false
Unique ID: 20c43707-5fd5-4fab-a983-4334c9440767,
Billed Duration for Request 20c43707-5fd5-4fab-a983-4334c9440767: 567 ms
Input: 5750000,
Cold Start: false
Unique ID: f01033b7-5c1e-485e-9031-2d62d48a77ee,
Billed Duration for Request f01033b7-5c1e-485e-9031-2d62d48a77ee: 567 ms
Input: 5750000,
Cold Start: false
Unique ID: d91ee608-c9fd-43d7-979f-871cf9f2f76e,
Billed Duration for Request d91ee608-c9fd-43d7-979f-871cf9f2f76e: 565 ms
Input: 5750000,
Cold Start: false
Unique ID: 7002d2f7-976c-47c2-8284-40711c559af4,
Billed Duration for Request 7002d2f7-976c-47c2-8284-40711c559af4: 625 ms
Input: 5750000,
Cold Start: false
Unique ID: 445fe600-3716-4c7b-973f-af009d459851,
Billed Duration for Request 445fe600-3716-4c7b-973f-af009d459851: 574 ms
Input: 5750000,
Cold Start: false
Unique ID: fc479ec6-6359-4ee3-b40d-406f18ad6c37,
Billed Duration for Request fc479ec6-6359-4ee3-b40d-406f18ad6c37: 571 ms
Input: 5750000,
Cold Start: false
Unique ID: 915d87c6-2f3c-4e2f-be51-fa974bd1a62b,
Billed Duration for Request 915d87c6-2f3c-4e2f-be51-fa974bd1a62b: 569 ms
Input: 5750000,
Cold Start: false
Unique ID: e400cf69-9884-46b7-aab4-8b8efe952e1a,
Billed Duration for Request e400cf69-9884-46b7-aab4-8b8efe952e1a: 631 ms
Input: 5750000,
Cold Start: false
Unique ID: 4d589e50-ad5e-470d-9c11-b4b6fdf7ce2c,
Billed Duration for Request 4d589e50-ad5e-470d-9c11-b4b6fdf7ce2c: 572 ms
Input: 5750000,
Cold Start: false
Unique ID: 344a3946-e077-4d4d-ada0-79fccb255459,
Billed Duration for Request 344a3946-e077-4d4d-ada0-79fccb255459: 568 ms
Input: 5750000,
Cold Start: false
Unique ID: acd4108e-e5c0-4965-bdad-79ce3b1a74ea,
Billed Duration for Request acd4108e-e5c0-4965-bdad-79ce3b1a74ea: 547 ms
Input: 5750000,
Cold Start: false
Unique ID: 3448cfa3-6068-4c51-a533-6453a17b2c1d,
Billed Duration for Request 3448cfa3-6068-4c51-a533-6453a17b2c1d: 609 ms
Input: 5750000,
Cold Start: false
Unique ID: f3f81209-a05f-4e9e-b339-c73641851e7d,
Billed Duration for Request f3f81209-a05f-4e9e-b339-c73641851e7d: 574 ms
Input: 5750000,
Cold Start: false
Unique ID: 588e1dc2-f6ed-4b49-871d-748b1503a37c,
Billed Duration for Request 588e1dc2-f6ed-4b49-871d-748b1503a37c: 565 ms
Input: 5750000,
Cold Start: false
Unique ID: 903b6ab9-4536-4623-bba0-ee5057a93570,
Billed Duration for Request 903b6ab9-4536-4623-bba0-ee5057a93570: 566 ms
Input: 5750000,
Cold Start: false
Unique ID: c35711f5-54f7-4045-a0e8-bec9938aee2c,
Billed Duration for Request c35711f5-54f7-4045-a0e8-bec9938aee2c: 631 ms
Input: 5750000,
Cold Start: false
Unique ID: 9b991a1c-fafd-496b-a1dd-2b65c79645a8,
Billed Duration for Request 9b991a1c-fafd-496b-a1dd-2b65c79645a8: 554 ms
Input: 5750000,
Cold Start: false
Unique ID: dbad7732-c951-40b9-9b7f-1b5e72ae997d,
Billed Duration for Request dbad7732-c951-40b9-9b7f-1b5e72ae997d: 616 ms
Input: 5750000,
Cold Start: false
Unique ID: b42b805f-2804-44b2-9699-354126084d5c,
Billed Duration for Request b42b805f-2804-44b2-9699-354126084d5c: 601 ms
Input: 5750000,
Cold Start: false
Unique ID: f5613440-2388-4e13-bc68-38b418929fb7,
Billed Duration for Request f5613440-2388-4e13-bc68-38b418929fb7: 649 ms
Input: 5750000,
Cold Start: false
Unique ID: daff811d-8de6-4515-abbf-1842e76d8c5c,
Billed Duration for Request daff811d-8de6-4515-abbf-1842e76d8c5c: 595 ms
Input: 5750000,
Cold Start: false
Unique ID: a38e2383-7cf3-440a-b13f-62eb94c71978,
Billed Duration for Request a38e2383-7cf3-440a-b13f-62eb94c71978: 588 ms
Input: 5750000,
Cold Start: false
Unique ID: 14d0c7df-1e62-4d62-867a-dbf425f39810,
Billed Duration for Request 14d0c7df-1e62-4d62-867a-dbf425f39810: 629 ms
Input: 5750000,
Cold Start: false
Unique ID: e21fb9cd-e8d1-4ae5-97c1-20e6f7ca7193,
Billed Duration for Request e21fb9cd-e8d1-4ae5-97c1-20e6f7ca7193: 580 ms
Input: 5750000,
Cold Start: false
Unique ID: 1e7b8128-601e-4d63-b9f2-445132a23567,
Billed Duration for Request 1e7b8128-601e-4d63-b9f2-445132a23567: 578 ms
Input: 5750000,
Cold Start: false
Unique ID: 472a4393-b88d-43cf-9ae4-b5c3763399ee,
Billed Duration for Request 472a4393-b88d-43cf-9ae4-b5c3763399ee: 571 ms
Input: 5750000,
Cold Start: false
Unique ID: cdb6db5d-6a8d-430a-bd28-0b4dc07a0147,
Billed Duration for Request cdb6db5d-6a8d-430a-bd28-0b4dc07a0147: 572 ms
Input: 5750000,
Cold Start: false
Unique ID: a5960480-395a-45f0-8892-1f74a054a774,
Billed Duration for Request a5960480-395a-45f0-8892-1f74a054a774: 641 ms
Input: 5750000,
Cold Start: false
Unique ID: d7e89476-1676-4406-9a06-f421a14b79d1,
Billed Duration for Request d7e89476-1676-4406-9a06-f421a14b79d1: 587 ms
Input: 5750000,
Cold Start: false
Unique ID: a0bdb671-edac-4e7c-8668-b62a52a061f1,
Billed Duration for Request a0bdb671-edac-4e7c-8668-b62a52a061f1: 629 ms
Input: 5750000,
Cold Start: false
Unique ID: 901c3f97-e3fe-4f8b-9cb8-1af92103251a,
Billed Duration for Request 901c3f97-e3fe-4f8b-9cb8-1af92103251a: 588 ms
Input: 5750000,
Cold Start: false
Unique ID: ebd44f7a-93dd-417d-be66-3933f36823fe,
Billed Duration for Request ebd44f7a-93dd-417d-be66-3933f36823fe: 582 ms
Input: 5750000,
Cold Start: false
Unique ID: 73d0c5da-c4bf-44b1-9845-bfeb0b5d439b,
Billed Duration for Request 73d0c5da-c4bf-44b1-9845-bfeb0b5d439b: 585 ms
Input: 5750000,
Cold Start: false
Unique ID: a2128206-e372-4642-9db0-7aaf25edce8e,
Billed Duration for Request a2128206-e372-4642-9db0-7aaf25edce8e: 579 ms
Input: 5750000,
Cold Start: false
Unique ID: c0dab6ee-10f5-42df-a2d0-b95f4564878e,
Billed Duration for Request c0dab6ee-10f5-42df-a2d0-b95f4564878e: 570 ms
Input: 5750000,
Cold Start: false
Unique ID: bb3fde4d-eade-40bb-bd31-27707ff79837,
Billed Duration for Request bb3fde4d-eade-40bb-bd31-27707ff79837: 578 ms
Input: 5750000,
Cold Start: false
Unique ID: 32a65a51-fb6b-43b0-a763-383ce21d5887,
Billed Duration for Request 32a65a51-fb6b-43b0-a763-383ce21d5887: 641 ms
Input: 5750000,
Cold Start: false
Unique ID: 5134893a-2e76-45ac-a607-4c98385420da,
Billed Duration for Request 5134893a-2e76-45ac-a607-4c98385420da: 630 ms
Input: 5750000,
Cold Start: false
Unique ID: a034dcbe-6fef-4258-8aef-a9e79f3e6696,
Billed Duration for Request a034dcbe-6fef-4258-8aef-a9e79f3e6696: 587 ms
Input: 5750000,
Cold Start: false
Unique ID: f4b3bd9c-8c83-4228-a47e-0394e54500d8,
Billed Duration for Request f4b3bd9c-8c83-4228-a47e-0394e54500d8: 582 ms
Input: 5750000,
Cold Start: false
Unique ID: c625a051-94a7-4285-8bb6-87702f1d42d5,
Billed Duration for Request c625a051-94a7-4285-8bb6-87702f1d42d5: 587 ms
Input: 5750000,
Cold Start: false
Unique ID: 69f993b1-9e5b-49cd-8520-e65109b46156,
Billed Duration for Request 69f993b1-9e5b-49cd-8520-e65109b46156: 570 ms
Input: 5750000,
Cold Start: false
Unique ID: de16e36f-4ad5-4a41-aef6-f744141c2627,
Billed Duration for Request de16e36f-4ad5-4a41-aef6-f744141c2627: 588 ms
Input: 5750000,
Cold Start: false
Unique ID: 92c47b1d-312d-4ea9-ac88-2d39b0ffac8b,
Billed Duration for Request 92c47b1d-312d-4ea9-ac88-2d39b0ffac8b: 571 ms
Input: 5750000,
Cold Start: false
Unique ID: ac11e235-fb5f-47f4-a4e5-06e1325ffa13,
Billed Duration for Request ac11e235-fb5f-47f4-a4e5-06e1325ffa13: 617 ms
Input: 5750000,
Cold Start: false
Unique ID: eb456c3a-2d98-4c00-b574-675da8e29336,
Billed Duration for Request eb456c3a-2d98-4c00-b574-675da8e29336: 613 ms
Input: 5750000,
Cold Start: false
Unique ID: 72d634a4-5ccb-4c90-bd0d-e118faa5175c,
Billed Duration for Request 72d634a4-5ccb-4c90-bd0d-e118faa5175c: 586 ms
Input: 5750000,
Cold Start: false
Unique ID: 0e7bf61a-0047-4c0e-a50b-86438258ef76,
Billed Duration for Request 0e7bf61a-0047-4c0e-a50b-86438258ef76: 596 ms
Input: 5750000,
Cold Start: false
Unique ID: 05bd2ab2-1c15-4f97-bf5a-3b980b61d336,
Billed Duration for Request 05bd2ab2-1c15-4f97-bf5a-3b980b61d336: 584 ms
Input: 5750000,
Cold Start: false
Unique ID: 8be64254-ce75-494a-b272-e92695de0b78,
Billed Duration for Request 8be64254-ce75-494a-b272-e92695de0b78: 576 ms
Input: 5750000,
Cold Start: false
Unique ID: c0a089e0-e077-47d2-aa3d-e315aac5c452,
Billed Duration for Request c0a089e0-e077-47d2-aa3d-e315aac5c452: 566 ms
Input: 5750000,
Cold Start: false
Unique ID: b874367b-e183-48ad-904d-6797fcd1aea1,
Billed Duration for Request b874367b-e183-48ad-904d-6797fcd1aea1: 578 ms
Input: 5750000,
Cold Start: false
Unique ID: d2067e1f-d79f-4bbc-b9bd-8f790431f2b3,
Billed Duration for Request d2067e1f-d79f-4bbc-b9bd-8f790431f2b3: 621 ms
Input: 5750000,
Cold Start: false
Unique ID: 0e07068c-b937-4b86-b595-8c0c1bbc7e65,
Billed Duration for Request 0e07068c-b937-4b86-b595-8c0c1bbc7e65: 613 ms
Input: 5750000,
Cold Start: false
Unique ID: 2a935f29-9f4c-439b-89c4-840c6832a3e5,
Billed Duration for Request 2a935f29-9f4c-439b-89c4-840c6832a3e5: 589 ms
Input: 5750000,
Cold Start: false
Unique ID: 4146591d-f98b-4380-bf31-84ed169414da,
Billed Duration for Request 4146591d-f98b-4380-bf31-84ed169414da: 577 ms
Input: 5750000,
Cold Start: false
Unique ID: ae44fc25-988d-465f-9779-9098e7e5cdeb,
Billed Duration for Request ae44fc25-988d-465f-9779-9098e7e5cdeb: 583 ms
Input: 5750000,
Cold Start: false
Unique ID: 81723a63-af26-43f5-a4c3-b7a1c5196cbe,
Billed Duration for Request 81723a63-af26-43f5-a4c3-b7a1c5196cbe: 576 ms
Input: 5750000,
Cold Start: false
Unique ID: e3b5268e-a318-4f01-aec9-a0fa6a34a2dd,
Billed Duration for Request e3b5268e-a318-4f01-aec9-a0fa6a34a2dd: 569 ms
Input: 5750000,
Cold Start: false
Unique ID: af5db00f-6b0c-44b3-9ae1-d441a7304d1e,
Billed Duration for Request af5db00f-6b0c-44b3-9ae1-d441a7304d1e: 578 ms
Input: 5750000,
Cold Start: false
Unique ID: 46a553cc-d032-4f73-8f44-d090321a3f8b,
Billed Duration for Request 46a553cc-d032-4f73-8f44-d090321a3f8b: 618 ms
Input: 5750000,
Cold Start: false
Unique ID: db407e23-c748-48b4-8a2f-fc600360e2ca,
Billed Duration for Request db407e23-c748-48b4-8a2f-fc600360e2ca: 628 ms
Input: 5750000,
Cold Start: false
Unique ID: b8eb58f3-9c69-4950-aa38-10ba08255ef1,
Billed Duration for Request b8eb58f3-9c69-4950-aa38-10ba08255ef1: 587 ms
Input: 5750000,
Cold Start: false
Unique ID: f40a099d-866e-431c-a782-c8549d785481,
Billed Duration for Request f40a099d-866e-431c-a782-c8549d785481: 578 ms
Input: 5750000,
Cold Start: false
Unique ID: 699210d4-880f-4f1e-bdcf-dc3fe17c3921,
Billed Duration for Request 699210d4-880f-4f1e-bdcf-dc3fe17c3921: 583 ms
Input: 5750000,
Cold Start: false
Unique ID: fd96e165-f009-404c-9ffc-c7f21189e11e,
Billed Duration for Request fd96e165-f009-404c-9ffc-c7f21189e11e: 574 ms
Input: 5750000,
Cold Start: false
Unique ID: 8531cad1-3b18-4e50-af41-ca2d27b75f53,
Billed Duration for Request 8531cad1-3b18-4e50-af41-ca2d27b75f53: 589 ms
Input: 5750000,
Cold Start: false
Unique ID: 13bd570f-e64b-444e-af8d-141264daccd2,
Billed Duration for Request 13bd570f-e64b-444e-af8d-141264daccd2: 574 ms
Input: 5750000,
Cold Start: false
Unique ID: 663361db-b794-4afe-85e0-8d84ede2a505,
Billed Duration for Request 663361db-b794-4afe-85e0-8d84ede2a505: 619 ms
Input: 5750000,
Cold Start: false
Unique ID: 175627a3-2180-4cad-8100-dd3a2cdbfb44,
Billed Duration for Request 175627a3-2180-4cad-8100-dd3a2cdbfb44: 626 ms
Input: 5750000,
Cold Start: false
Unique ID: 36e73ae1-272d-4480-865f-96d13d8a0852,
Billed Duration for Request 36e73ae1-272d-4480-865f-96d13d8a0852: 574 ms
Input: 5750000,
Cold Start: false
Unique ID: 6750f0b0-f8d4-4a7c-ab03-417a8e8ee66a,
Billed Duration for Request 6750f0b0-f8d4-4a7c-ab03-417a8e8ee66a: 589 ms
Input: 5750000,
Cold Start: false
Unique ID: 6782b9b1-981c-4600-a8f0-3261e9e3c697,
Billed Duration for Request 6782b9b1-981c-4600-a8f0-3261e9e3c697: 578 ms
Input: 5750000,
Cold Start: false
Unique ID: 31847e78-abef-4b7c-8bf5-be0dea2e656b,
Billed Duration for Request 31847e78-abef-4b7c-8bf5-be0dea2e656b: 573 ms
Input: 5750000,
Cold Start: false
Unique ID: ca6928aa-7533-4068-8415-60c711bcbba9,
Billed Duration for Request ca6928aa-7533-4068-8415-60c711bcbba9: 588 ms
Input: 5750000,
Cold Start: false
Unique ID: 53465a36-b5e2-4309-95f6-c9b42d7bae51,
Billed Duration for Request 53465a36-b5e2-4309-95f6-c9b42d7bae51: 626 ms
Input: 5750000,
Cold Start: false
Unique ID: 38b9ecdf-7723-4e7d-a7e3-034ac48c1631,
Billed Duration for Request 38b9ecdf-7723-4e7d-a7e3-034ac48c1631: 587 ms
Input: 5750000,
Cold Start: false
Unique ID: 2bee8d70-53bf-45cf-92f4-92a7b8afcbe2,
Billed Duration for Request 2bee8d70-53bf-45cf-92f4-92a7b8afcbe2: 575 ms
Input: 5750000,
Cold Start: false
Unique ID: 7679e7d1-be01-4ea8-a43b-e3a6a7657ef0,
Billed Duration for Request 7679e7d1-be01-4ea8-a43b-e3a6a7657ef0: 623 ms
Input: 5750000,
Cold Start: false
Unique ID: a762a6f2-386f-4de7-a016-0c0e671ffb4e,
Billed Duration for Request a762a6f2-386f-4de7-a016-0c0e671ffb4e: 576 ms
Input: 5750000,
Cold Start: false
Unique ID: a80d9366-f13a-44b6-a6f1-8d786abd0e2d,
Billed Duration for Request a80d9366-f13a-44b6-a6f1-8d786abd0e2d: 587 ms
Input: 5750000,
Cold Start: false
Unique ID: 051819b3-6adb-406c-b820-1aa9470df031,
Billed Duration for Request 051819b3-6adb-406c-b820-1aa9470df031: 588 ms
Input: 5750000,
Cold Start: false
Unique ID: 14b9bcab-3d43-4f71-bc33-8ce622704801,
Billed Duration for Request 14b9bcab-3d43-4f71-bc33-8ce622704801: 586 ms
Input: 5750000,
Cold Start: false
Unique ID: c22445f9-65ee-4688-a0c3-d0ee95d47e31,
Billed Duration for Request c22445f9-65ee-4688-a0c3-d0ee95d47e31: 627 ms
Input: 5750000,
Cold Start: false
Unique ID: b012771c-f1a2-4e90-a3d8-62fe450a5fe0,
Billed Duration for Request b012771c-f1a2-4e90-a3d8-62fe450a5fe0: 583 ms
Input: 5750000,
Cold Start: false
Unique ID: 364e18ec-8198-4749-8cca-77614bf1828b,
Billed Duration for Request 364e18ec-8198-4749-8cca-77614bf1828b: 574 ms
Input: 5750000,
Cold Start: false
Unique ID: 0432490c-bbb4-4e84-b98a-56ba04c1908c,
Billed Duration for Request 0432490c-bbb4-4e84-b98a-56ba04c1908c: 624 ms
Input: 5750000,
Cold Start: false
Unique ID: a3b25d06-db0a-45f5-ac16-337d1e394033,
Billed Duration for Request a3b25d06-db0a-45f5-ac16-337d1e394033: 580 ms
Input: 5750000,
Cold Start: false
Unique ID: 960c8496-c602-43a1-a12c-01db01dd4f32,
Billed Duration for Request 960c8496-c602-43a1-a12c-01db01dd4f32: 583 ms
Input: 5750000,
Cold Start: false
Unique ID: a96d095b-1660-40d8-8fb9-a95d6191b680,
Billed Duration for Request a96d095b-1660-40d8-8fb9-a95d6191b680: 571 ms
Input: 5750000,
Cold Start: false
Unique ID: 2144eb19-0638-43b8-8bcd-70324f1c8a7b,
Billed Duration for Request 2144eb19-0638-43b8-8bcd-70324f1c8a7b: 586 ms
Input: 5750000,
Cold Start: false
Unique ID: fcdcf259-9ee0-4f99-b599-3f1d2f58dec6,
Billed Duration for Request fcdcf259-9ee0-4f99-b599-3f1d2f58dec6: 633 ms
Input: 5750000,
Cold Start: false
Unique ID: 7a13ac3e-9c59-4077-bf3a-0df4f7723a7a,
Billed Duration for Request 7a13ac3e-9c59-4077-bf3a-0df4f7723a7a: 583 ms
Input: 5750000,
Cold Start: false
Unique ID: 0e1604de-a35a-4a4c-acb5-c75ca6f76a74,
Billed Duration for Request 0e1604de-a35a-4a4c-acb5-c75ca6f76a74: 579 ms
Input: 5750000,
Cold Start: false
Unique ID: 1ec08177-705f-4100-9d41-6eee721b3996,
Billed Duration for Request 1ec08177-705f-4100-9d41-6eee721b3996: 573 ms
Input: 5750000,
Cold Start: false
Unique ID: b7c42e79-7d09-4c42-b270-0a2f9f29663b,
Billed Duration for Request b7c42e79-7d09-4c42-b270-0a2f9f29663b: 620 ms
Input: 5750000,
Cold Start: false
Unique ID: d043f27c-ff7e-47d9-8a37-7c0a938b6b61,
Billed Duration for Request d043f27c-ff7e-47d9-8a37-7c0a938b6b61: 583 ms
Input: 5750000,
Cold Start: false
Unique ID: f56bba09-63c9-4f9d-b5d9-170b1b2a2933,
Billed Duration for Request f56bba09-63c9-4f9d-b5d9-170b1b2a2933: 575 ms
Input: 5750000,
Cold Start: false
Unique ID: ddc60f9b-f478-4c53-8a9b-ac24f8fc8945,
Billed Duration for Request ddc60f9b-f478-4c53-8a9b-ac24f8fc8945: 586 ms
Input: 5750000,
Cold Start: false
Unique ID: ae809055-3d90-46ce-a8ec-55a88a15dfea,
Billed Duration for Request ae809055-3d90-46ce-a8ec-55a88a15dfea: 624 ms
Input: 5750000,
Cold Start: false
Unique ID: d1f4aad9-2faa-49ae-b6bb-ae584f6cb78f,
Billed Duration for Request d1f4aad9-2faa-49ae-b6bb-ae584f6cb78f: 583 ms
Input: 5750000,
Cold Start: false
Unique ID: a12958a3-7511-4e90-afe0-e9184931e0c9,
Billed Duration for Request a12958a3-7511-4e90-afe0-e9184931e0c9: 574 ms
Input: 5750000,
Cold Start: false
Unique ID: 7df332e1-7a80-4f8d-b5e6-c4892ef46890,
Billed Duration for Request 7df332e1-7a80-4f8d-b5e6-c4892ef46890: 624 ms
Input: 5750000,
Cold Start: false
Unique ID: b00686b0-adeb-4738-b704-a0f8d5636aab,
Billed Duration for Request b00686b0-adeb-4738-b704-a0f8d5636aab: 577 ms
Input: 5750000,
Cold Start: false
Unique ID: 6c9fe8d8-2f17-4306-ae33-baee51b18151,
Billed Duration for Request 6c9fe8d8-2f17-4306-ae33-baee51b18151: 579 ms
Input: 5750000,
Cold Start: false
Unique ID: 7bbf9fa5-20dd-4033-bf99-999a60654abb,
Billed Duration for Request 7bbf9fa5-20dd-4033-bf99-999a60654abb: 579 ms
Input: 5750000,
Cold Start: false
Unique ID: 58fce3be-a3e4-46ec-8a11-40b92bad7f14,
Billed Duration for Request 58fce3be-a3e4-46ec-8a11-40b92bad7f14: 568 ms
Input: 5750000,
Cold Start: false
Unique ID: c1e3f8ca-d0db-442e-824d-f563525bc541,
Billed Duration for Request c1e3f8ca-d0db-442e-824d-f563525bc541: 612 ms
Input: 5750000,
Cold Start: false
Unique ID: ef8b0549-3368-4640-bebc-109f73123b9d,
Billed Duration for Request ef8b0549-3368-4640-bebc-109f73123b9d: 567 ms
Input: 5750000,
Cold Start: false
Unique ID: 970b270d-93e9-4e79-9fd2-be3bc59d5dbe,
Billed Duration for Request 970b270d-93e9-4e79-9fd2-be3bc59d5dbe: 562 ms
Input: 5750000,
Cold Start: false
Unique ID: 591d9a38-3698-4b43-806f-cfcc16106da7,
Billed Duration for Request 591d9a38-3698-4b43-806f-cfcc16106da7: 605 ms
Input: 5750000,
Cold Start: false
Unique ID: 36372237-5173-4cea-a5d4-7528ed7426a9,
Billed Duration for Request 36372237-5173-4cea-a5d4-7528ed7426a9: 575 ms
Input: 5750000,
Cold Start: false
Unique ID: 065249ec-50e1-4f49-9baf-454e2cff646c,
Billed Duration for Request 065249ec-50e1-4f49-9baf-454e2cff646c: 584 ms
Input: 5750000,
Cold Start: false
Unique ID: 55a9eb27-1fe4-457f-b0c7-96cef0d0d345,
Billed Duration for Request 55a9eb27-1fe4-457f-b0c7-96cef0d0d345: 576 ms
Input: 5750000,
Cold Start: false
Unique ID: 05411c61-42d5-4b94-9314-9ec03974d08b,
Billed Duration for Request 05411c61-42d5-4b94-9314-9ec03974d08b: 570 ms
Input: 5750000,
Cold Start: false
Unique ID: 9aedbdff-d4a8-492a-83d9-880d497f9164,
Billed Duration for Request 9aedbdff-d4a8-492a-83d9-880d497f9164: 593 ms
Input: 5750000,
Cold Start: false
Unique ID: c1747539-be64-4ade-a030-a9b795ba616e,
Billed Duration for Request c1747539-be64-4ade-a030-a9b795ba616e: 561 ms
Input: 5750000,
Cold Start: false
Unique ID: 3369bb90-b7c2-4934-9580-717e015dc61d,
Billed Duration for Request 3369bb90-b7c2-4934-9580-717e015dc61d: 603 ms
Input: 5750000,
Cold Start: false
Unique ID: 4c69d163-f4c6-4118-8861-b4f7d26eb71e,
Billed Duration for Request 4c69d163-f4c6-4118-8861-b4f7d26eb71e: 607 ms
Input: 5750000,
Cold Start: false
Unique ID: 9bcae40c-572e-4475-b84f-fddc46a6d671,
Billed Duration for Request 9bcae40c-572e-4475-b84f-fddc46a6d671: 648 ms
Input: 5750000,
Cold Start: false
Unique ID: 69595bd8-f642-4ce9-b42a-3e325a4f961c,
Billed Duration for Request 69595bd8-f642-4ce9-b42a-3e325a4f961c: 615 ms
Input: 5750000,
Cold Start: false
Unique ID: a881178b-d0b5-42ae-8094-8ca714369976,
Billed Duration for Request a881178b-d0b5-42ae-8094-8ca714369976: 596 ms
Input: 5750000,
Cold Start: false
Unique ID: 07928959-e350-4ce6-93e4-16c228b382e7,
Billed Duration for Request 07928959-e350-4ce6-93e4-16c228b382e7: 578 ms
Input: 5750000,
Cold Start: false
Unique ID: 8c5a3f52-50f3-48ad-b9ff-e945eff0f76b,
Billed Duration for Request 8c5a3f52-50f3-48ad-b9ff-e945eff0f76b: 642 ms
Input: 5750000,
Cold Start: false
Unique ID: 31bc438c-0e27-49f2-92e8-b95fa01ecd33,
Billed Duration for Request 31bc438c-0e27-49f2-92e8-b95fa01ecd33: 581 ms
Input: 5750000,
Cold Start: false
Unique ID: 2319c204-0291-4f67-9d30-f5054c967797,
Billed Duration for Request 2319c204-0291-4f67-9d30-f5054c967797: 586 ms
Input: 5750000,
Cold Start: false
Unique ID: 868937be-4f27-423b-b3c4-cbb4a9f2273c,
Billed Duration for Request 868937be-4f27-423b-b3c4-cbb4a9f2273c: 625 ms
Input: 5750000,
Cold Start: false
Unique ID: a6faf886-a65c-4c03-b83e-131b004da5f4,
Billed Duration for Request a6faf886-a65c-4c03-b83e-131b004da5f4: 576 ms
Input: 5750000,
Cold Start: false
Unique ID: 1bf3f1fc-39e9-48a6-a9b2-4a84bf95b818,
Billed Duration for Request 1bf3f1fc-39e9-48a6-a9b2-4a84bf95b818: 588 ms
Input: 5750000,
Cold Start: false
Unique ID: ae55aaeb-1f08-4f47-9696-ba136b0eb686,
Billed Duration for Request ae55aaeb-1f08-4f47-9696-ba136b0eb686: 579 ms
Input: 5750000,
Cold Start: false
Unique ID: 73621204-2c4c-48c9-bae3-89ab02cdcb93,
Billed Duration for Request 73621204-2c4c-48c9-bae3-89ab02cdcb93: 587 ms
Input: 5750000,
Cold Start: false
Unique ID: d3ab6222-5a26-45f3-81e6-fdd7f89a9bb5,
Billed Duration for Request d3ab6222-5a26-45f3-81e6-fdd7f89a9bb5: 628 ms
Input: 5750000,
Cold Start: false
Unique ID: 9a5be1a5-e882-4a28-bd80-4a5aa4229254,
Billed Duration for Request 9a5be1a5-e882-4a28-bd80-4a5aa4229254: 584 ms
Input: 5750000,
Cold Start: false
Unique ID: 7cc6db6b-84f5-4e3d-9850-56a9d9260fa9,
Billed Duration for Request 7cc6db6b-84f5-4e3d-9850-56a9d9260fa9: 582 ms
Input: 5750000,
Cold Start: false
Unique ID: 9edfd5d3-60d5-4498-87f6-d85e434f9c4f,
Billed Duration for Request 9edfd5d3-60d5-4498-87f6-d85e434f9c4f: 623 ms
Input: 5750000,
Cold Start: false
Unique ID: c5ec4741-f42a-415c-9a70-3796e71b50e3,
Billed Duration for Request c5ec4741-f42a-415c-9a70-3796e71b50e3: 579 ms
Input: 5750000,
Cold Start: false
Unique ID: 23802770-d3b2-4d2f-9271-ee89b85c87a0,
Billed Duration for Request 23802770-d3b2-4d2f-9271-ee89b85c87a0: 588 ms
Input: 5750000,
Cold Start: false
Unique ID: 261c1c5f-61b9-4c07-a791-a736e52ca828,
Billed Duration for Request 261c1c5f-61b9-4c07-a791-a736e52ca828: 575 ms
Input: 5750000,
Cold Start: false
Unique ID: cbabea9c-d093-4939-a708-523e3d87fa8d,
Billed Duration for Request cbabea9c-d093-4939-a708-523e3d87fa8d: 579 ms
Input: 5750000,
Cold Start: false
Unique ID: 9169a99e-4bc1-4639-9705-4ee6724f3b44,
Billed Duration for Request 9169a99e-4bc1-4639-9705-4ee6724f3b44: 623 ms
Input: 5750000,
Cold Start: false
Unique ID: ef18e8f1-ac5f-496e-b0de-b98d0f9163cf,
Billed Duration for Request ef18e8f1-ac5f-496e-b0de-b98d0f9163cf: 570 ms
Input: 5750000,
Cold Start: false
Unique ID: 4aafb264-3373-45f3-aa21-42f5c5d06f44,
Billed Duration for Request 4aafb264-3373-45f3-aa21-42f5c5d06f44: 578 ms
Input: 5750000,
Cold Start: false
Unique ID: 5fda7fd4-47de-402d-868b-4bda97b5447d,
Billed Duration for Request 5fda7fd4-47de-402d-868b-4bda97b5447d: 621 ms
Input: 5750000,
Cold Start: false
Unique ID: 0cef2b1a-d241-43e3-8cd9-f6d7849b1107,
Billed Duration for Request 0cef2b1a-d241-43e3-8cd9-f6d7849b1107: 578 ms
Input: 5750000,
Cold Start: false
Unique ID: 59c1fabf-4b31-493e-aff0-1fbaa60062b4,
Billed Duration for Request 59c1fabf-4b31-493e-aff0-1fbaa60062b4: 589 ms
Input: 5750000,
Cold Start: false
Unique ID: fee80a01-68b6-480c-ab8b-67ff703e6d32,
Billed Duration for Request fee80a01-68b6-480c-ab8b-67ff703e6d32: 579 ms
Input: 5750000,
Cold Start: false
Unique ID: f41d05db-3390-4e09-9624-b497208c7bfe,
Billed Duration for Request f41d05db-3390-4e09-9624-b497208c7bfe: 575 ms
Input: 5750000,
Cold Start: false
Unique ID: e593e700-bfb4-4112-8035-39a623aa2aa4,
Billed Duration for Request e593e700-bfb4-4112-8035-39a623aa2aa4: 615 ms
Input: 5750000,
Cold Start: false
Unique ID: 9b80805f-d0ce-4bea-907d-dd6621c68901,
Billed Duration for Request 9b80805f-d0ce-4bea-907d-dd6621c68901: 570 ms
Input: 5750000,
Cold Start: false
Unique ID: 238b6a78-8fc5-4543-866c-d774c362bf56,
Billed Duration for Request 238b6a78-8fc5-4543-866c-d774c362bf56: 574 ms
Input: 5750000,
Cold Start: false
Unique ID: 710949a2-45c5-41e2-b422-a5d878a8de9b,
Billed Duration for Request 710949a2-45c5-41e2-b422-a5d878a8de9b: 621 ms
Input: 5750000,
Cold Start: false
Unique ID: 6deda976-c0ee-4d9e-9272-15b6aa9daac2,
Billed Duration for Request 6deda976-c0ee-4d9e-9272-15b6aa9daac2: 576 ms
Input: 5750000,
Cold Start: false
Unique ID: a35ce910-eafb-417f-a41f-34ee3e32e93b,
Billed Duration for Request a35ce910-eafb-417f-a41f-34ee3e32e93b: 583 ms
Input: 5750000,
Cold Start: false
Unique ID: e7942a1d-bffe-4766-ad10-34c00531d101,
Billed Duration for Request e7942a1d-bffe-4766-ad10-34c00531d101: 579 ms
Input: 5750000,
Cold Start: false
Unique ID: 6282b4db-9b74-4cf6-ab3a-81e7ffa440d7,
Billed Duration for Request 6282b4db-9b74-4cf6-ab3a-81e7ffa440d7: 574 ms
Input: 5750000,
Cold Start: false
Unique ID: d2aeef94-5d42-45a6-8b2d-ca0f21113f8f,
Billed Duration for Request d2aeef94-5d42-45a6-8b2d-ca0f21113f8f: 570 ms
Input: 5750000,
Cold Start: false
Unique ID: 340be1d3-e177-42eb-9051-48251672a3f7,
Billed Duration for Request 340be1d3-e177-42eb-9051-48251672a3f7: 629 ms
Input: 5750000,
Cold Start: false
Unique ID: 1ac7086b-122f-4fff-bffa-cafa6ba6654a,
Billed Duration for Request 1ac7086b-122f-4fff-bffa-cafa6ba6654a: 587 ms
Input: 5750000,
Cold Start: false
Unique ID: ac2261b8-3782-47d9-8f3d-3d70440089ab,
Billed Duration for Request ac2261b8-3782-47d9-8f3d-3d70440089ab: 611 ms
Input: 5750000,
Cold Start: false
Unique ID: e6a00496-4348-48c4-b630-b2e036de264f,
Billed Duration for Request e6a00496-4348-48c4-b630-b2e036de264f: 598 ms
Input: 5750000,
Cold Start: false
Unique ID: 61e2c203-88d2-49ea-9430-b221d1e6c986,
Billed Duration for Request 61e2c203-88d2-49ea-9430-b221d1e6c986: 583 ms
Input: 5750000,
Cold Start: false
Unique ID: f076c64a-7cd7-4626-94a1-44c031bf158b,
Billed Duration for Request f076c64a-7cd7-4626-94a1-44c031bf158b: 577 ms
Input: 5750000,
Cold Start: false
Unique ID: 26bd8622-46c0-4fa8-9d70-e22fc07f00a2,
Billed Duration for Request 26bd8622-46c0-4fa8-9d70-e22fc07f00a2: 588 ms
Input: 5750000,
Cold Start: false
Unique ID: 7e0e16a1-331c-47cd-92c1-066d0c6d85d7,
Billed Duration for Request 7e0e16a1-331c-47cd-92c1-066d0c6d85d7: 574 ms
Input: 5750000,
Cold Start: false
Unique ID: db14eecc-df80-402c-9fb0-476c88fa0dbf,
Billed Duration for Request db14eecc-df80-402c-9fb0-476c88fa0dbf: 618 ms
Input: 5750000,
Cold Start: false
Unique ID: f4a75bf7-3a53-4ac9-b1c9-e8e97bba7b8d,
Billed Duration for Request f4a75bf7-3a53-4ac9-b1c9-e8e97bba7b8d: 611 ms
Input: 5750000,
Cold Start: false
Unique ID: 09479441-fe88-418c-8af8-4af01898492d,
Billed Duration for Request 09479441-fe88-418c-8af8-4af01898492d: 570 ms
Input: 5750000,
Cold Start: false
Unique ID: a2fcb9db-2192-43cf-9362-b247e88c6fdb,
Billed Duration for Request a2fcb9db-2192-43cf-9362-b247e88c6fdb: 575 ms
Input: 5750000,
Cold Start: false
Unique ID: ffb4e3b2-72e9-458b-a366-7174f8968f3f,
Billed Duration for Request ffb4e3b2-72e9-458b-a366-7174f8968f3f: 567 ms
Input: 5750000,
Cold Start: false
Unique ID: d62f7908-7599-4081-9be9-c24598569057,
Billed Duration for Request d62f7908-7599-4081-9be9-c24598569057: 576 ms
Input: 5750000,
Cold Start: false
Unique ID: 3dab36d6-e49e-43e1-b34e-419292421be1,
Billed Duration for Request 3dab36d6-e49e-43e1-b34e-419292421be1: 587 ms
Input: 5750000,
Cold Start: false
Unique ID: 74793920-6216-4d3d-9733-d7803f4263a0,
Billed Duration for Request 74793920-6216-4d3d-9733-d7803f4263a0: 574 ms
Input: 5750000,
Cold Start: false
Unique ID: 0a593934-cc08-4760-b973-0e51f9c75533,
Billed Duration for Request 0a593934-cc08-4760-b973-0e51f9c75533: 640 ms
Input: 5750000,
Cold Start: false
Unique ID: bc7856c1-2aef-498b-bd83-033164fbee83,
Billed Duration for Request bc7856c1-2aef-498b-bd83-033164fbee83: 570 ms
Input: 5750000,
Cold Start: false
Unique ID: 72643ab2-2dde-4eb0-a145-394f77cb41fe,
Billed Duration for Request 72643ab2-2dde-4eb0-a145-394f77cb41fe: 627 ms
Input: 5750000,
Cold Start: false
Unique ID: e72e4577-78bc-45f4-9bfd-5444a131111d,
Billed Duration for Request e72e4577-78bc-45f4-9bfd-5444a131111d: 574 ms
Input: 5750000,
Cold Start: false
Unique ID: 0f843ef7-9ccd-42a2-96db-4a5cb10f2ad7,
Billed Duration for Request 0f843ef7-9ccd-42a2-96db-4a5cb10f2ad7: 584 ms
Input: 5750000,
Cold Start: false
Unique ID: a34ed394-3e73-4546-b0a0-cb55dce5b37a,
Billed Duration for Request a34ed394-3e73-4546-b0a0-cb55dce5b37a: 571 ms
Input: 5750000,
Cold Start: false
Unique ID: 0e3331c3-ad73-45e9-bb50-ba09cc9c2032,
Billed Duration for Request 0e3331c3-ad73-45e9-bb50-ba09cc9c2032: 581 ms
Input: 5750000,
Cold Start: false
Unique ID: 15b695c2-23f2-4f28-835c-c5842a1947fb,
Billed Duration for Request 15b695c2-23f2-4f28-835c-c5842a1947fb: 585 ms
Input: 5750000,
Cold Start: false
Unique ID: 71541858-e189-4c26-9b5a-3d9c5b7b3bc5,
Billed Duration for Request 71541858-e189-4c26-9b5a-3d9c5b7b3bc5: 611 ms
Input: 5750000,
Cold Start: false
Unique ID: c67768b6-7466-4880-b1b5-a9a72bcd3ed5,
Billed Duration for Request c67768b6-7466-4880-b1b5-a9a72bcd3ed5: 571 ms
Input: 5750000,
Cold Start: false
Unique ID: afe139ed-ff0e-4dca-a2bd-60713154de2a,
Billed Duration for Request afe139ed-ff0e-4dca-a2bd-60713154de2a: 583 ms
Input: 5750000,
Cold Start: false
Unique ID: 0d8f83e0-99ee-447c-8376-fdbcc840d75d,
Billed Duration for Request 0d8f83e0-99ee-447c-8376-fdbcc840d75d: 636 ms
Input: 5750000,
Cold Start: false
Unique ID: 95ddb90c-dbbb-48ba-a629-0b82fc3b2e2f,
Billed Duration for Request 95ddb90c-dbbb-48ba-a629-0b82fc3b2e2f: 569 ms
Input: 5750000,
Cold Start: false
Unique ID: 6fdc99fa-e4ba-42cb-9fda-c6723bc2f438,
Billed Duration for Request 6fdc99fa-e4ba-42cb-9fda-c6723bc2f438: 578 ms
Input: 5750000,
Cold Start: false
Unique ID: 7b336eb6-4465-4e6f-92df-7cad26b56bbd,
Billed Duration for Request 7b336eb6-4465-4e6f-92df-7cad26b56bbd: 625 ms
Input: 5750000,
Cold Start: false
Unique ID: fdce9999-04ae-4dc7-b733-2403b5cca6f0,
Billed Duration for Request fdce9999-04ae-4dc7-b733-2403b5cca6f0: 579 ms
Input: 5750000,
Cold Start: false
Unique ID: 3cd1d8f5-2596-4b44-940e-6365b889710a,
Billed Duration for Request 3cd1d8f5-2596-4b44-940e-6365b889710a: 568 ms
Input: 5750000,
Cold Start: false
Unique ID: 3192af19-7148-430b-a555-fc4b594d25a1,
Billed Duration for Request 3192af19-7148-430b-a555-fc4b594d25a1: 579 ms
Input: 5750000,
Cold Start: false
Unique ID: 5a9b44fc-4b80-431e-a261-19c7e6cff44d,
Billed Duration for Request 5a9b44fc-4b80-431e-a261-19c7e6cff44d: 568 ms
Input: 5750000,
Cold Start: false
Unique ID: 2c422848-0d10-4bda-8325-95e512286cbd,
Billed Duration for Request 2c422848-0d10-4bda-8325-95e512286cbd: 613 ms
Input: 5750000,
Cold Start: false
Unique ID: b7869bb4-d844-4f6c-834d-f439a723d055,
Billed Duration for Request b7869bb4-d844-4f6c-834d-f439a723d055: 582 ms
Input: 5750000,
Cold Start: false
Unique ID: 3becb5bb-b782-430f-a380-bf44be0decd7,
Billed Duration for Request 3becb5bb-b782-430f-a380-bf44be0decd7: 577 ms
Input: 5750000,
Cold Start: false
Unique ID: 08ff8fe7-cc0c-44d6-abdd-77326140e6a1,
Billed Duration for Request 08ff8fe7-cc0c-44d6-abdd-77326140e6a1: 558 ms
Input: 5750000,
Cold Start: false
Unique ID: e279f389-e844-4aae-9301-05bb9a717cef,
Billed Duration for Request e279f389-e844-4aae-9301-05bb9a717cef: 639 ms
Input: 5750000,
Cold Start: false
Unique ID: 6eee4b87-107e-4fae-8f98-b92e7b27a73d,
Billed Duration for Request 6eee4b87-107e-4fae-8f98-b92e7b27a73d: 588 ms
Input: 5750000,
Cold Start: false
Unique ID: c4f4af36-73ed-4906-925a-e5983f5bac28,
Billed Duration for Request c4f4af36-73ed-4906-925a-e5983f5bac28: 575 ms
Input: 5750000,
Cold Start: false
Unique ID: 56e986a5-03ae-480d-90d5-bfe784a2ca30,
Billed Duration for Request 56e986a5-03ae-480d-90d5-bfe784a2ca30: 575 ms
Input: 5750000,
Cold Start: false
Unique ID: de4570bf-ba5c-47f4-a623-3e8cc0525b2d,
Billed Duration for Request de4570bf-ba5c-47f4-a623-3e8cc0525b2d: 640 ms
Input: 5750000,
Cold Start: false
Unique ID: 2dab5e76-f63f-4531-a874-4d0faed4516f,
Billed Duration for Request 2dab5e76-f63f-4531-a874-4d0faed4516f: 584 ms
Input: 5750000,
Cold Start: false
Unique ID: 94f2d9e9-3cd4-41ff-9dbf-0a1ce265a48a,
Billed Duration for Request 94f2d9e9-3cd4-41ff-9dbf-0a1ce265a48a: 582 ms
Input: 5750000,
Cold Start: false
Unique ID: f504aec9-219e-466a-9a0b-e5bd0bcee8e6,
Billed Duration for Request f504aec9-219e-466a-9a0b-e5bd0bcee8e6: 622 ms
Input: 5750000,
Cold Start: false
Unique ID: cfb9ce71-50dd-481c-ade1-22fdbd2f3c01,
Billed Duration for Request cfb9ce71-50dd-481c-ade1-22fdbd2f3c01: 580 ms
Input: 5750000,
Cold Start: false
Unique ID: c58bfc30-7819-47b3-855b-83f5d2c8d56a,
Billed Duration for Request c58bfc30-7819-47b3-855b-83f5d2c8d56a: 570 ms
Input: 5750000,
Cold Start: false
Unique ID: 51379575-e14f-4d76-83f2-df3b07b33fa3,
Billed Duration for Request 51379575-e14f-4d76-83f2-df3b07b33fa3: 554 ms
Input: 5750000,
Cold Start: false
Unique ID: e1b63195-2556-4483-8aea-870ad1fc70e9,
Billed Duration for Request e1b63195-2556-4483-8aea-870ad1fc70e9: 575 ms
Input: 5750000,
Cold Start: false
Unique ID: fbc85933-33f9-4864-8778-d5993ef9f06f,
Billed Duration for Request fbc85933-33f9-4864-8778-d5993ef9f06f: 627 ms
Input: 5750000,
Cold Start: false
Unique ID: 551dd071-ab5b-4971-83c7-a71d3ae3c0a4,
Billed Duration for Request 551dd071-ab5b-4971-83c7-a71d3ae3c0a4: 581 ms
Input: 5750000,
Cold Start: false
Unique ID: 5c590e8c-587a-4f3a-841a-33003f001c05,
Billed Duration for Request 5c590e8c-587a-4f3a-841a-33003f001c05: 577 ms
Input: 5750000,
Cold Start: false
Unique ID: db3cd734-58ab-4f82-94e1-b8c38dd0fe7b,
Billed Duration for Request db3cd734-58ab-4f82-94e1-b8c38dd0fe7b: 621 ms
Input: 5750000,
Cold Start: false
Unique ID: 6daef283-2a49-4c31-be15-0ad87d0a33d7,
Billed Duration for Request 6daef283-2a49-4c31-be15-0ad87d0a33d7: 573 ms
Input: 5750000,
Cold Start: false
Unique ID: 8b84386b-65c9-48db-beac-eb072571371d,
Billed Duration for Request 8b84386b-65c9-48db-beac-eb072571371d: 582 ms
Input: 5750000,
Cold Start: false
Unique ID: 0bdd4d2b-bf2d-434f-8f00-8325f7aa2e93,
Billed Duration for Request 0bdd4d2b-bf2d-434f-8f00-8325f7aa2e93: 562 ms
Input: 5750000,
Cold Start: false
Unique ID: 98396069-1f79-4a22-a1da-1dd2564fb6ab,
Billed Duration for Request 98396069-1f79-4a22-a1da-1dd2564fb6ab: 565 ms
Input: 5750000,
Cold Start: false
Unique ID: bf3c8b95-7d6e-4edf-b15c-1329ccfff52b,
Billed Duration for Request bf3c8b95-7d6e-4edf-b15c-1329ccfff52b: 569 ms
Input: 5750000,
Cold Start: false
Unique ID: 3f4b3af2-b655-4b54-b2cd-32c06d858105,
Billed Duration for Request 3f4b3af2-b655-4b54-b2cd-32c06d858105: 627 ms
Input: 5750000,
Cold Start: false
